npm warn Unknown project config "public-hoist-pattern". This will stop working in the next major version of npm. See `npm help npmrc` for supported config options.
npm warn Unknown project config "strict-peer-dependencies". This will stop working in the next major version of npm. See `npm help npmrc` for supported config options.
npm warn Unknown project config "auto-install-peers". This will stop working in the next major version of npm. See `npm help npmrc` for supported config options.
npm warn Unknown project config "node-linker". This will stop working in the next major version of npm. See `npm help npmrc` for supported config options.
[WebServer] $ next dev -p 4000 --hostname localhost
[WebServer] [Instrumentation] AUTH_DB bound for local D1 auth
[WebServer] [auth-db-local] Using local D1 sqlite
[e2e:preflight] Server is healthy — /api/health and /en both resolve.

Running 4644 tests using 2 workers

  ✓     2 [setup] › e2e/auth.setup.mts:76:1 › authenticate as admin (272ms)
  ✓     1 [setup] › e2e/auth.setup.mts:58:1 › authenticate as user (330ms)
  ✓     4 [chromium] › e2e/accessibility-admin-gaps.spec.ts:72:9 › Admin a11y: /en/admin/ai-generator › WCAG 2.1 AA — zero critical/serious violations (2.8s)
  ✓     5 [chromium] › e2e/accessibility-admin-gaps.spec.ts:72:9 › Admin a11y: /en/admin/analytics/seo › WCAG 2.1 AA — zero critical/serious violations (3.3s)
  ✓     3 [chromium] › e2e/a11y/comprehensive-a11y.spec.ts:12:7 › Homepage Accessibility › should pass axe accessibility tests (6.4s)
  ✓     6 [chromium] › e2e/accessibility-admin-gaps.spec.ts:72:9 › Admin a11y: /en/admin/campaigns/meta › WCAG 2.1 AA — zero critical/serious violations (3.3s)
  ✓     7 [chromium] › e2e/a11y/comprehensive-a11y.spec.ts:21:6 › Services Page Accessibility › should pass axe accessibility tests (3.9s)
  ✓     8 [chromium] › e2e/accessibility-admin-gaps.spec.ts:72:9 › Admin a11y: /en/admin/cms/case-studies › WCAG 2.1 AA — zero critical/serious violations (2.9s)
  ✓     9 [chromium] › e2e/a11y/comprehensive-a11y.spec.ts:29:6 › Store Page Accessibility › should pass axe accessibility tests (3.6s)
  ✓    10 [chromium] › e2e/accessibility-admin-gaps.spec.ts:72:9 › Admin a11y: /en/admin/cms/faqs › WCAG 2.1 AA — zero critical/serious violations (2.3s)
[WebServer] [auth-db-local] Using local D1 sqlite
  ✓    12 [chromium] › e2e/accessibility-admin-gaps.spec.ts:72:9 › Admin a11y: /en/admin/cms/services › WCAG 2.1 AA — zero critical/serious violations (2.2s)
  ✘    11 [chromium] › e2e/a11y/comprehensive-a11y.spec.ts:37:6 › Blog Page Accessibility › should pass axe accessibility tests (3.6s)
  -    14 [chromium] › e2e/a11y/comprehensive-a11y.spec.ts:45:6 › Contact Page Accessibility › should pass axe accessibility tests
  -    15 [chromium] › e2e/a11y/comprehensive-a11y.spec.ts:53:6 › Dashboard Page Accessibility › should pass axe accessibility tests for authenticated user
  -    16 [chromium] › e2e/a11y/comprehensive-a11y.spec.ts:61:6 › Admin Page Accessibility › should pass axe accessibility tests for admin user
  -    17 [chromium] › e2e/a11y/comprehensive-a11y.spec.ts:69:6 › Component Accessibility › header should pass axe accessibility tests
  -    18 [chromium] › e2e/a11y/comprehensive-a11y.spec.ts:75:6 › Component Accessibility › footer should pass axe accessibility tests
  -    19 [chromium] › e2e/a11y/comprehensive-a11y.spec.ts:81:6 › Component Accessibility › buttons should pass axe accessibility tests
  -    20 [chromium] › e2e/a11y/comprehensive-a11y.spec.ts:87:6 › Component Accessibility › cards should pass axe accessibility tests
  -    21 [chromium] › e2e/a11y/comprehensive-a11y.spec.ts:95:6 › Color Contrast Accessibility › should have sufficient color contrast on homepage
  -    22 [chromium] › e2e/a11y/comprehensive-a11y.spec.ts:103:6 › Keyboard Navigation Accessibility › should be navigable via keyboard on homepage
  -    23 [chromium] › e2e/a11y/comprehensive-a11y.spec.ts:121:6 › Keyboard Navigation Accessibility › should have visible focus indicators
  -    24 [chromium] › e2e/a11y/comprehensive-a11y.spec.ts:141:6 › ARIA Attributes Accessibility › should have appropriate ARIA landmarks
  -    25 [chromium] › e2e/a11y/comprehensive-a11y.spec.ts:161:6 › ARIA Attributes Accessibility › should have accessible form labels
  -    26 [chromium] › e2e/a11y/comprehensive-a11y.spec.ts:190:6 › Skip this test - just an example of how to skip tests › this test will be skipped
  ✓    13 [chromium] › e2e/accessibility-admin-gaps.spec.ts:72:9 › Admin a11y: /en/admin/cms/testimonials › WCAG 2.1 AA — zero critical/serious violations (2.6s)
  ✓    28 [chromium] › e2e/accessibility-admin-gaps.spec.ts:72:9 › Admin a11y: /en/admin/email/campaigns › WCAG 2.1 AA — zero critical/serious violations (2.6s)
  ✓    27 [chromium] › e2e/a11y/comprehensive-a11y.spec.ts:12:7 › Homepage Accessibility › should pass axe accessibility tests (retry #1) (4.1s)
  ✓    29 [chromium] › e2e/accessibility-admin-gaps.spec.ts:72:9 › Admin a11y: /en/admin/leads › WCAG 2.1 AA — zero critical/serious violations (2.4s)
  ✓    30 [chromium] › e2e/a11y/comprehensive-a11y.spec.ts:21:6 › Services Page Accessibility › should pass axe accessibility tests (retry #1) (4.0s)
  ✓    31 [chromium] › e2e/accessibility.spec.ts:47:9 › Accessibility: / › WCAG 2.1 AA — zero critical/serious violations (2.9s)
  ✓    33 [chromium] › e2e/accessibility.spec.ts:81:9 › Accessibility: / › page has a non-empty <title> (2.9s)
  ✓    32 [chromium] › e2e/a11y/comprehensive-a11y.spec.ts:29:6 › Store Page Accessibility › should pass axe accessibility tests (retry #1) (3.8s)
  ✓    34 [chromium] › e2e/accessibility.spec.ts:92:9 › Accessibility: / › page has exactly one <h1> (2.6s)
  ✓    36 [chromium] › e2e/accessibility.spec.ts:100:9 › Accessibility: / › all images have alt attribute (1.9s)
  ✘    35 [chromium] › e2e/a11y/comprehensive-a11y.spec.ts:37:6 › Blog Page Accessibility › should pass axe accessibility tests (retry #1) (3.4s)
  -    38 [chromium] › e2e/a11y/comprehensive-a11y.spec.ts:45:6 › Contact Page Accessibility › should pass axe accessibility tests (retry #1)
  -    39 [chromium] › e2e/a11y/comprehensive-a11y.spec.ts:53:6 › Dashboard Page Accessibility › should pass axe accessibility tests for authenticated user (retry #1)
  -    40 [chromium] › e2e/a11y/comprehensive-a11y.spec.ts:61:6 › Admin Page Accessibility › should pass axe accessibility tests for admin user (retry #1)
  -    41 [chromium] › e2e/a11y/comprehensive-a11y.spec.ts:69:6 › Component Accessibility › header should pass axe accessibility tests (retry #1)
  -    42 [chromium] › e2e/a11y/comprehensive-a11y.spec.ts:75:6 › Component Accessibility › footer should pass axe accessibility tests (retry #1)
  -    43 [chromium] › e2e/a11y/comprehensive-a11y.spec.ts:81:6 › Component Accessibility › buttons should pass axe accessibility tests (retry #1)
  -    44 [chromium] › e2e/a11y/comprehensive-a11y.spec.ts:87:6 › Component Accessibility › cards should pass axe accessibility tests (retry #1)
  -    45 [chromium] › e2e/a11y/comprehensive-a11y.spec.ts:95:6 › Color Contrast Accessibility › should have sufficient color contrast on homepage (retry #1)
  -    46 [chromium] › e2e/a11y/comprehensive-a11y.spec.ts:103:6 › Keyboard Navigation Accessibility › should be navigable via keyboard on homepage (retry #1)
  -    47 [chromium] › e2e/a11y/comprehensive-a11y.spec.ts:121:6 › Keyboard Navigation Accessibility › should have visible focus indicators (retry #1)
  -    48 [chromium] › e2e/a11y/comprehensive-a11y.spec.ts:141:6 › ARIA Attributes Accessibility › should have appropriate ARIA landmarks (retry #1)
  -    49 [chromium] › e2e/a11y/comprehensive-a11y.spec.ts:161:6 › ARIA Attributes Accessibility › should have accessible form labels (retry #1)
  -    50 [chromium] › e2e/a11y/comprehensive-a11y.spec.ts:190:6 › Skip this test - just an example of how to skip tests › this test will be skipped (retry #1)
  ✓    37 [chromium] › e2e/accessibility.spec.ts:118:9 › Accessibility: / › interactive elements are keyboard-focusable (2.0s)
  ✓    51 [chromium] › e2e/admin-api-deep.spec.mts:37:5 › Admin APIs unauthenticated › unauth GET /api/admin/ab-tests — returns 401/403/404 (783ms)
  ✓    53 [chromium] › e2e/admin-api-deep.spec.mts:37:5 › Admin APIs unauthenticated › unauth GET /api/admin/ai/analytics-orchestration — returns 401/403/404 (219ms)
  ✓    54 [chromium] › e2e/admin-api-deep.spec.mts:37:5 › Admin APIs unauthenticated › unauth GET /api/admin/ai/analytics-orchestration/pdf — returns 401/403/404 (282ms)
  ✓    55 [chromium] › e2e/admin-api-deep.spec.mts:37:5 › Admin APIs unauthenticated › unauth GET /api/admin/ai/audience — returns 401/403/404 (256ms)
  ✓    56 [chromium] › e2e/admin-api-deep.spec.mts:37:5 › Admin APIs unauthenticated › unauth GET /api/admin/ai/generate — returns 401/403/404 (217ms)
  ✓    57 [chromium] › e2e/admin-api-deep.spec.mts:37:5 › Admin APIs unauthenticated › unauth GET /api/admin/ai/campaign — returns 401/403/404 (224ms)
  ✓    52 [chromium] › e2e/accessibility.spec.ts:47:9 › Accessibility: /en › WCAG 2.1 AA — zero critical/serious violations (1.9s)
  ✓    58 [chromium] › e2e/admin-api-deep.spec.mts:37:5 › Admin APIs unauthenticated › unauth GET /api/admin/ai/copy — returns 401/403/404 (221ms)
  ✓    60 [chromium] › e2e/admin-api-deep.spec.mts:37:5 › Admin APIs unauthenticated › unauth GET /api/admin/ai/report-insights — returns 401/403/404 (371ms)
  ✓    61 [chromium] › e2e/admin-api-deep.spec.mts:37:5 › Admin APIs unauthenticated › unauth GET /api/admin/analytics/countries — returns 401/403/404 (236ms)
  ✓    62 [chromium] › e2e/admin-api-deep.spec.mts:37:5 › Admin APIs unauthenticated › unauth GET /api/admin/analytics/ctr-opportunities — returns 401/403/404 (214ms)
  ✓    63 [chromium] › e2e/admin-api-deep.spec.mts:37:5 › Admin APIs unauthenticated › unauth GET /api/admin/analytics/devices — returns 401/403/404 (226ms)
  ✓    64 [chromium] › e2e/admin-api-deep.spec.mts:37:5 › Admin APIs unauthenticated › unauth GET /api/admin/analytics/history — returns 401/403/404 (217ms)
  ✓    65 [chromium] › e2e/admin-api-deep.spec.mts:37:5 › Admin APIs unauthenticated › unauth GET /api/admin/analytics/keywords — returns 401/403/404 (227ms)
  ✓    59 [chromium] › e2e/accessibility.spec.ts:81:9 › Accessibility: /en › page has a non-empty <title> (1.8s)
  ✓    66 [chromium] › e2e/admin-api-deep.spec.mts:37:5 › Admin APIs unauthenticated › unauth GET /api/admin/analytics/pages — returns 401/403/404 (210ms)
  ✓    68 [chromium] › e2e/admin-api-deep.spec.mts:37:5 › Admin APIs unauthenticated › unauth GET /api/admin/analytics/products — returns 401/403/404 (395ms)
  ✓    69 [chromium] › e2e/admin-api-deep.spec.mts:37:5 › Admin APIs unauthenticated › unauth GET /api/admin/analytics/query-pages — returns 401/403/404 (230ms)
  ✓    70 [chromium] › e2e/admin-api-deep.spec.mts:37:5 › Admin APIs unauthenticated › unauth GET /api/admin/analytics/search-intent — returns 401/403/404 (249ms)
  ✓    71 [chromium] › e2e/admin-api-deep.spec.mts:37:5 › Admin APIs unauthenticated › unauth GET /api/admin/analytics/seo — returns 401/403/404 (203ms)
  ✓    72 [chromium] › e2e/admin-api-deep.spec.mts:37:5 › Admin APIs unauthenticated › unauth GET /api/admin/analytics/unified — returns 401/403/404 (186ms)
  ✓    73 [chromium] › e2e/admin-api-deep.spec.mts:37:5 › Admin APIs unauthenticated › unauth GET /api/admin/analytics/web — returns 401/403/404 (177ms)
  ✓    67 [chromium] › e2e/accessibility.spec.ts:92:9 › Accessibility: /en › page has exactly one <h1> (1.8s)
  ✓    74 [chromium] › e2e/admin-api-deep.spec.mts:37:5 › Admin APIs unauthenticated › unauth GET /api/admin/cache — returns 401/403/404 (225ms)
  ✓    76 [chromium] › e2e/admin-api-deep.spec.mts:37:5 › Admin APIs unauthenticated › unauth GET /api/admin/calendar — returns 401/403/404 (402ms)
  ✓    77 [chromium] › e2e/admin-api-deep.spec.mts:37:5 › Admin APIs unauthenticated › unauth GET /api/admin/calendar/create — returns 401/403/404 (263ms)
  ✓    78 [chromium] › e2e/admin-api-deep.spec.mts:37:5 › Admin APIs unauthenticated › unauth GET /api/admin/campaigns/google — returns 401/403/404 (247ms)
  ✓    75 [chromium] › e2e/accessibility.spec.ts:100:9 › Accessibility: /en › all images have alt attribute (1.2s)
  ✓    79 [chromium] › e2e/admin-api-deep.spec.mts:37:5 › Admin APIs unauthenticated › unauth GET /api/admin/campaigns/google/insights — returns 401/403/404 (236ms)
  ✓    81 [chromium] › e2e/admin-api-deep.spec.mts:37:5 › Admin APIs unauthenticated › unauth GET /api/admin/campaigns/linkedin — returns 401/403/404 (433ms)
  ✓    82 [chromium] › e2e/admin-api-deep.spec.mts:37:5 › Admin APIs unauthenticated › unauth GET /api/admin/campaigns/linkedin/insights — returns 401/403/404 (231ms)
  ✓    83 [chromium] › e2e/admin-api-deep.spec.mts:37:5 › Admin APIs unauthenticated › unauth GET /api/admin/campaigns/tiktok — returns 401/403/404 (210ms)
  ✓    84 [chromium] › e2e/admin-api-deep.spec.mts:37:5 › Admin APIs unauthenticated › unauth GET /api/admin/campaigns/tiktok/insights — returns 401/403/404 (228ms)
  ✓    85 [chromium] › e2e/admin-api-deep.spec.mts:37:5 › Admin APIs unauthenticated › unauth GET /api/admin/campaigns/x — returns 401/403/404 (189ms)
  ✓    80 [chromium] › e2e/accessibility.spec.ts:118:9 › Accessibility: /en › interactive elements are keyboard-focusable (1.7s)
  ✓    86 [chromium] › e2e/admin-api-deep.spec.mts:37:5 › Admin APIs unauthenticated › unauth GET /api/admin/campaigns/x/insights — returns 401/403/404 (223ms)
  ✓    88 [chromium] › e2e/admin-api-deep.spec.mts:37:5 › Admin APIs unauthenticated › unauth GET /api/admin/client-portals — returns 401/403/404 (483ms)
  ✓    89 [chromium] › e2e/admin-api-deep.spec.mts:37:5 › Admin APIs unauthenticated › unauth GET /api/admin/crm/companies — returns 401/403/404 (240ms)
  ✓    90 [chromium] › e2e/admin-api-deep.spec.mts:37:5 › Admin APIs unauthenticated › unauth GET /api/admin/crm/contacts — returns 401/403/404 (239ms)
  ✓    91 [chromium] › e2e/admin-api-deep.spec.mts:37:5 › Admin APIs unauthenticated › unauth GET /api/admin/crm/deals — returns 401/403/404 (248ms)
  ✓    92 [chromium] › e2e/admin-api-deep.spec.mts:37:5 › Admin APIs unauthenticated › unauth GET /api/admin/crm/owners — returns 401/403/404 (247ms)
  ✓    93 [chromium] › e2e/admin-api-deep.spec.mts:37:5 › Admin APIs unauthenticated › unauth GET /api/admin/crm/pipelines — returns 401/403/404 (267ms)
  ✓    94 [chromium] › e2e/admin-api-deep.spec.mts:37:5 › Admin APIs unauthenticated › unauth GET /api/admin/crm/tickets — returns 401/403/404 (242ms)
  ✓    87 [chromium] › e2e/accessibility.spec.ts:47:9 › Accessibility: /en/store › WCAG 2.1 AA — zero critical/serious violations (2.1s)
  ✓    95 [chromium] › e2e/admin-api-deep.spec.mts:37:5 › Admin APIs unauthenticated › unauth GET /api/admin/email/automations — returns 401/403/404 (199ms)
  ✓    97 [chromium] › e2e/admin-api-deep.spec.mts:37:5 › Admin APIs unauthenticated › unauth GET /api/admin/email/campaigns — returns 401/403/404 (285ms)
  ✓    98 [chromium] › e2e/admin-api-deep.spec.mts:37:5 › Admin APIs unauthenticated › unauth GET /api/admin/email/contacts — returns 401/403/404 (258ms)
  ✓    99 [chromium] › e2e/admin-api-deep.spec.mts:37:5 › Admin APIs unauthenticated › unauth GET /api/admin/email/lists — returns 401/403/404 (236ms)
  ✓   100 [chromium] › e2e/admin-api-deep.spec.mts:37:5 › Admin APIs unauthenticated › unauth GET /api/admin/email/stats — returns 401/403/404 (321ms)
  ✓   101 [chromium] › e2e/admin-api-deep.spec.mts:37:5 › Admin APIs unauthenticated › unauth GET /api/admin/esp32 — returns 401/403/404 (431ms)
  ✓    96 [chromium] › e2e/accessibility.spec.ts:81:9 › Accessibility: /en/store › page has a non-empty <title> (2.0s)
  ✓   102 [chromium] › e2e/admin-api-deep.spec.mts:37:5 › Admin APIs unauthenticated › unauth GET /api/admin/esp32/notion-sync — returns 401/403/404 (314ms)
  ✓   104 [chromium] › e2e/admin-api-deep.spec.mts:37:5 › Admin APIs unauthenticated › unauth GET /api/admin/integrations/status — returns 401/403/404 (447ms)
  ✓   105 [chromium] › e2e/admin-api-deep.spec.mts:37:5 › Admin APIs unauthenticated › unauth GET /api/admin/kpi — returns 401/403/404 (238ms)
  ✓   106 [chromium] › e2e/admin-api-deep.spec.mts:37:5 › Admin APIs unauthenticated › unauth GET /api/admin/notifications — returns 401/403/404 (241ms)
  ✓   107 [chromium] › e2e/admin-api-deep.spec.mts:37:5 › Admin APIs unauthenticated › unauth GET /api/admin/notifications/test — returns 401/403/404 (257ms)
  ✓   103 [chromium] › e2e/accessibility.spec.ts:92:9 › Accessibility: /en/store › page has exactly one <h1> (2.0s)
  ✘   108 [chromium] › e2e/admin-api-deep.spec.mts:37:5 › Admin APIs unauthenticated › unauth GET /api/admin/notion/analytics — returns 401/403/404 (892ms)
  ✓   109 [chromium] › e2e/accessibility.spec.ts:100:9 › Accessibility: /en/store › all images have alt attribute (1.3s)
  ✘   110 [chromium] › e2e/admin-api-deep.spec.mts:37:5 › Admin APIs unauthenticated › unauth GET /api/admin/notion/analytics — returns 401/403/404 (retry #1) (1.4s)
  ✓   111 [chromium] › e2e/accessibility.spec.ts:118:9 › Accessibility: /en/store › interactive elements are keyboard-focusable (2.2s)
  ✓   112 [chromium] › e2e/admin-api-deep.spec.mts:37:5 › Admin APIs unauthenticated › unauth GET /api/admin/notion/blog — returns 401/403/404 (1.2s)
  ✓   114 [chromium] › e2e/admin-api-deep.spec.mts:37:5 › Admin APIs unauthenticated › unauth GET /api/admin/notion/comments — returns 401/403/404 (353ms)
  ✓   115 [chromium] › e2e/admin-api-deep.spec.mts:37:5 › Admin APIs unauthenticated › unauth GET /api/admin/notion/docs — returns 401/403/404 (469ms)
  ✓   113 [chromium] › e2e/accessibility.spec.ts:47:9 › Accessibility: /en/services › WCAG 2.1 AA — zero critical/serious violations (2.6s)
  ✘   116 [chromium] › e2e/admin-api-deep.spec.mts:37:5 › Admin APIs unauthenticated › unauth GET /api/admin/notion/projects — returns 401/403/404 (1.7s)
  ✓   117 [chromium] › e2e/accessibility.spec.ts:81:9 › Accessibility: /en/services › page has a non-empty <title> (2.2s)
  ✘   118 [chromium] › e2e/admin-api-deep.spec.mts:37:5 › Admin APIs unauthenticated › unauth GET /api/admin/notion/projects — returns 401/403/404 (retry #1) (1.4s)
  ✓   119 [chromium] › e2e/accessibility.spec.ts:92:9 › Accessibility: /en/services › page has exactly one <h1> (2.2s)
  ✓   120 [chromium] › e2e/admin-api-deep.spec.mts:37:5 › Admin APIs unauthenticated › unauth GET /api/admin/notion/search — returns 401/403/404 (638ms)
  ✓   121 [chromium] › e2e/accessibility.spec.ts:100:9 › Accessibility: /en/services › all images have alt attribute (1.3s)
  ✘   122 [chromium] › e2e/admin-api-deep.spec.mts:37:5 › Admin APIs unauthenticated › unauth GET /api/admin/notion/status — returns 401/403/404 (1.1s)
  ✘   124 [chromium] › e2e/admin-api-deep.spec.mts:37:5 › Admin APIs unauthenticated › unauth GET /api/admin/notion/status — returns 401/403/404 (retry #1) (991ms)
  ✓   123 [chromium] › e2e/accessibility.spec.ts:118:9 › Accessibility: /en/services › interactive elements are keyboard-focusable (2.2s)
  ✓   125 [chromium] › e2e/accessibility.spec.ts:47:9 › Accessibility: /en/blog › WCAG 2.1 AA — zero critical/serious violations (2.1s)
  ✘   126 [chromium] › e2e/admin-api-deep.spec.mts:37:5 › Admin APIs unauthenticated › unauth GET /api/admin/notion/submissions — returns 401/403/404 (1.6s)
  ✘   128 [chromium] › e2e/admin-api-deep.spec.mts:37:5 › Admin APIs unauthenticated › unauth GET /api/admin/notion/submissions — returns 401/403/404 (retry #1) (1.4s)
  ✓   127 [chromium] › e2e/accessibility.spec.ts:81:9 › Accessibility: /en/blog › page has a non-empty <title> (2.8s)
  ✓   129 [chromium] › e2e/accessibility.spec.ts:92:9 › Accessibility: /en/blog › page has exactly one <h1> (2.2s)
  ✘   130 [chromium] › e2e/admin-api-deep.spec.mts:37:5 › Admin APIs unauthenticated › unauth GET /api/admin/notion/tasks — returns 401/403/404 (2.4s)
  ✓   131 [chromium] › e2e/accessibility.spec.ts:100:9 › Accessibility: /en/blog › all images have alt attribute (1.9s)
  ✘   132 [chromium] › e2e/admin-api-deep.spec.mts:37:5 › Admin APIs unauthenticated › unauth GET /api/admin/notion/tasks — returns 401/403/404 (retry #1) (1.4s)
  ✓   133 [chromium] › e2e/accessibility.spec.ts:118:9 › Accessibility: /en/blog › interactive elements are keyboard-focusable (2.5s)
  ✓   134 [chromium] › e2e/admin-api-deep.spec.mts:37:5 › Admin APIs unauthenticated › unauth GET /api/admin/oauth/tiktok — returns 401/403/404 (737ms)
  ✓   136 [chromium] › e2e/admin-api-deep.spec.mts:37:5 › Admin APIs unauthenticated › unauth GET /api/admin/oauth/tiktok/callback — returns 401/403/404 (256ms)
  ✓   137 [chromium] › e2e/admin-api-deep.spec.mts:37:5 › Admin APIs unauthenticated › unauth GET /api/admin/ops/errors — returns 401/403/404 (323ms)
  ✓   138 [chromium] › e2e/admin-api-deep.spec.mts:37:5 › Admin APIs unauthenticated › unauth GET /api/admin/ops/monitor — returns 401/403/404 (310ms)
  ✓   139 [chromium] › e2e/admin-api-deep.spec.mts:37:5 › Admin APIs unauthenticated › unauth GET /api/admin/orders — returns 401/403/404 (253ms)
  ✓   140 [chromium] › e2e/admin-api-deep.spec.mts:37:5 › Admin APIs unauthenticated › unauth GET /api/admin/pending-clients — returns 401/403/404 (322ms)
  ✓   141 [chromium] › e2e/admin-api-deep.spec.mts:37:5 › Admin APIs unauthenticated › unauth GET /api/admin/pipeline/board — returns 401/403/404 (251ms)
  ✓   135 [chromium] › e2e/accessibility.spec.ts:47:9 › Accessibility: /en/contact › WCAG 2.1 AA — zero critical/serious violations (2.8s)
  ✓   142 [chromium] › e2e/admin-api-deep.spec.mts:37:5 › Admin APIs unauthenticated › unauth GET /api/admin/pipeline/stats — returns 401/403/404 (322ms)
  ✓   144 [chromium] › e2e/admin-api-deep.spec.mts:37:5 › Admin APIs unauthenticated › unauth GET /api/admin/reports — returns 401/403/404 (494ms)
  ✓   145 [chromium] › e2e/admin-api-deep.spec.mts:37:5 › Admin APIs unauthenticated › unauth GET /api/admin/reports/generate — returns 401/403/404 (652ms)
  ✓   146 [chromium] › e2e/admin-api-deep.spec.mts:37:5 › Admin APIs unauthenticated › unauth GET /api/admin/subscriptions — returns 401/403/404 (236ms)
  ✓   147 [chromium] › e2e/admin-api-deep.spec.mts:37:5 › Admin APIs unauthenticated › unauth GET /api/admin/users — returns 401/403/404 (264ms)
  ✓   148 [chromium] › e2e/admin-api-deep.spec.mts:37:5 › Admin APIs unauthenticated › unauth GET /api/admin/voice-brief — returns 401/403/404 (322ms)
  ✓   143 [chromium] › e2e/accessibility.spec.ts:81:9 › Accessibility: /en/contact › page has a non-empty <title> (2.2s)
  ✓   149 [chromium] › e2e/admin-api-deep.spec.mts:37:5 › Admin APIs unauthenticated › unauth GET /api/admin/workspaces — returns 401/403/404 (241ms)
  ✓   151 [chromium] › e2e/admin-api-deep.spec.mts:37:5 › Admin APIs unauthenticated › unauth GET /api/admin/calendar/sample-id — returns 401/403/404 (1.2s)
  ✓   150 [chromium] › e2e/accessibility.spec.ts:92:9 › Accessibility: /en/contact › page has exactly one <h1> (1.9s)
  ✓   152 [chromium] › e2e/admin-api-deep.spec.mts:37:5 › Admin APIs unauthenticated › unauth GET /api/admin/email/campaigns/sample-id — returns 401/403/404 (1.3s)
[WebServer] ⨯ Error: The destination stream closed early.
[WebServer]     at ignore-listed frames {
[WebServer]   digest: '152199018'
[WebServer] }
  ✓   153 [chromium] › e2e/accessibility.spec.ts:100:9 › Accessibility: /en/contact › all images have alt attribute (2.3s)
  ✓   154 [chromium] › e2e/admin-api-deep.spec.mts:37:5 › Admin APIs unauthenticated › unauth GET /api/admin/ops/errors/sample-id — returns 401/403/404 (1.9s)
  ✓   156 [chromium] › e2e/admin-api-deep.spec.mts:37:5 › Admin APIs unauthenticated › unauth GET /api/admin/pipeline/deals/sample-id/move — returns 401/403/404 (1.0s)
  ✓   155 [chromium] › e2e/accessibility.spec.ts:118:9 › Accessibility: /en/contact › interactive elements are keyboard-focusable (1.6s)
  ✓   157 [chromium] › e2e/admin-api-deep.spec.mts:37:5 › Admin APIs unauthenticated › unauth GET /api/admin/pipeline/deals/sample-id/notes — returns 401/403/404 (988ms)
  ✓   159 [chromium] › e2e/admin-api-deep.spec.mts:37:5 › Admin APIs unauthenticated › unauth GET /api/admin/reports/sample-id — returns 401/403/404 (955ms)
  ✓   158 [chromium] › e2e/accessibility.spec.ts:47:9 › Accessibility: /en/privacy › WCAG 2.1 AA — zero critical/serious violations (2.2s)
  ✓   160 [chromium] › e2e/admin-api-deep.spec.mts:37:5 › Admin APIs unauthenticated › unauth GET /api/admin/reports/sample-id/pdf — returns 401/403/404 (1.0s)
  ✓   162 [chromium] › e2e/admin-api-deep.spec.mts:44:3 › Admin APIs unauthenticated › unauth GET with garbage Bearer token still rejected (213ms)
  ✓   163 [chromium] › e2e/admin-api-deep.spec.mts:66:5 › Admin APIs authenticated › auth GET /api/admin/ab-tests — non-5xx (175ms)
  ✓   164 [chromium] › e2e/admin-api-deep.spec.mts:66:5 › Admin APIs authenticated › auth GET /api/admin/ai/analytics-orchestration — non-5xx (209ms)
  ✓   165 [chromium] › e2e/admin-api-deep.spec.mts:66:5 › Admin APIs authenticated › auth GET /api/admin/ai/analytics-orchestration/pdf — non-5xx (172ms)
  ✓   161 [chromium] › e2e/accessibility.spec.ts:81:9 › Accessibility: /en/privacy › page has a non-empty <title> (1.5s)
  ✓   166 [chromium] › e2e/admin-api-deep.spec.mts:66:5 › Admin APIs authenticated › auth GET /api/admin/ai/audience — non-5xx (180ms)
  ✓   168 [chromium] › e2e/admin-api-deep.spec.mts:66:5 › Admin APIs authenticated › auth GET /api/admin/ai/generate — non-5xx (303ms)
  ✓   169 [chromium] › e2e/admin-api-deep.spec.mts:66:5 › Admin APIs authenticated › auth GET /api/admin/ai/campaign — non-5xx (214ms)
  ✓   170 [chromium] › e2e/admin-api-deep.spec.mts:66:5 › Admin APIs authenticated › auth GET /api/admin/ai/copy — non-5xx (204ms)
  ✓   171 [chromium] › e2e/admin-api-deep.spec.mts:66:5 › Admin APIs authenticated › auth GET /api/admin/ai/report-insights — non-5xx (184ms)
  ✓   172 [chromium] › e2e/admin-api-deep.spec.mts:66:5 › Admin APIs authenticated › auth GET /api/admin/analytics/countries — non-5xx (201ms)
  ✓   173 [chromium] › e2e/admin-api-deep.spec.mts:66:5 › Admin APIs authenticated › auth GET /api/admin/analytics/ctr-opportunities — non-5xx (173ms)
  ✓   167 [chromium] › e2e/accessibility.spec.ts:92:9 › Accessibility: /en/privacy › page has exactly one <h1> (1.5s)
  ✓   174 [chromium] › e2e/admin-api-deep.spec.mts:66:5 › Admin APIs authenticated › auth GET /api/admin/analytics/devices — non-5xx (212ms)
  ✓   176 [chromium] › e2e/admin-api-deep.spec.mts:66:5 › Admin APIs authenticated › auth GET /api/admin/analytics/history — non-5xx (293ms)
  ✓   177 [chromium] › e2e/admin-api-deep.spec.mts:66:5 › Admin APIs authenticated › auth GET /api/admin/analytics/keywords — non-5xx (226ms)
  ✓   175 [chromium] › e2e/accessibility.spec.ts:100:9 › Accessibility: /en/privacy › all images have alt attribute (888ms)
  ✓   178 [chromium] › e2e/admin-api-deep.spec.mts:66:5 › Admin APIs authenticated › auth GET /api/admin/analytics/pages — non-5xx (200ms)
  ✓   180 [chromium] › e2e/admin-api-deep.spec.mts:66:5 › Admin APIs authenticated › auth GET /api/admin/analytics/products — non-5xx (380ms)
  ✓   181 [chromium] › e2e/admin-api-deep.spec.mts:66:5 › Admin APIs authenticated › auth GET /api/admin/analytics/query-pages — non-5xx (196ms)
  ✓   182 [chromium] › e2e/admin-api-deep.spec.mts:66:5 › Admin APIs authenticated › auth GET /api/admin/analytics/search-intent — non-5xx (180ms)
  ✓   183 [chromium] › e2e/admin-api-deep.spec.mts:66:5 › Admin APIs authenticated › auth GET /api/admin/analytics/seo — non-5xx (193ms)
  ✓   184 [chromium] › e2e/admin-api-deep.spec.mts:66:5 › Admin APIs authenticated › auth GET /api/admin/analytics/unified — non-5xx (206ms)
  ✓   185 [chromium] › e2e/admin-api-deep.spec.mts:66:5 › Admin APIs authenticated › auth GET /api/admin/analytics/web — non-5xx (191ms)
  ✓   179 [chromium] › e2e/accessibility.spec.ts:118:9 › Accessibility: /en/privacy › interactive elements are keyboard-focusable (1.5s)
  ✓   186 [chromium] › e2e/admin-api-deep.spec.mts:66:5 › Admin APIs authenticated › auth GET /api/admin/cache — non-5xx (170ms)
  ✓   188 [chromium] › e2e/admin-api-deep.spec.mts:66:5 › Admin APIs authenticated › auth GET /api/admin/calendar — non-5xx (195ms)
  ✓   189 [chromium] › e2e/admin-api-deep.spec.mts:66:5 › Admin APIs authenticated › auth GET /api/admin/calendar/create — non-5xx (210ms)
  ✓   190 [chromium] › e2e/admin-api-deep.spec.mts:66:5 › Admin APIs authenticated › auth GET /api/admin/campaigns/google — non-5xx (214ms)
  ✓   191 [chromium] › e2e/admin-api-deep.spec.mts:66:5 › Admin APIs authenticated › auth GET /api/admin/campaigns/google/insights — non-5xx (214ms)
  ✓   192 [chromium] › e2e/admin-api-deep.spec.mts:66:5 › Admin APIs authenticated › auth GET /api/admin/campaigns/linkedin — non-5xx (477ms)
  ✓   193 [chromium] › e2e/admin-api-deep.spec.mts:66:5 › Admin APIs authenticated › auth GET /api/admin/campaigns/linkedin/insights — non-5xx (499ms)
  ✓   194 [chromium] › e2e/admin-api-deep.spec.mts:66:5 › Admin APIs authenticated › auth GET /api/admin/campaigns/tiktok — non-5xx (238ms)
  ✓   195 [chromium] › e2e/admin-api-deep.spec.mts:66:5 › Admin APIs authenticated › auth GET /api/admin/campaigns/tiktok/insights — non-5xx (219ms)
  ✓   196 [chromium] › e2e/admin-api-deep.spec.mts:66:5 › Admin APIs authenticated › auth GET /api/admin/campaigns/x — non-5xx (215ms)
  ✓   197 [chromium] › e2e/admin-api-deep.spec.mts:66:5 › Admin APIs authenticated › auth GET /api/admin/campaigns/x/insights — non-5xx (198ms)
  ✓   187 [chromium] › e2e/accessibility.spec.ts:47:9 › Accessibility: /en/terms › WCAG 2.1 AA — zero critical/serious violations (3.0s)
  ✓   198 [chromium] › e2e/admin-api-deep.spec.mts:66:5 › Admin APIs authenticated › auth GET /api/admin/client-portals — non-5xx (169ms)
  ✓   200 [chromium] › e2e/admin-api-deep.spec.mts:66:5 › Admin APIs authenticated › auth GET /api/admin/crm/companies — non-5xx (298ms)
  ✓   201 [chromium] › e2e/admin-api-deep.spec.mts:66:5 › Admin APIs authenticated › auth GET /api/admin/crm/contacts — non-5xx (201ms)
  ✓   202 [chromium] › e2e/admin-api-deep.spec.mts:66:5 › Admin APIs authenticated › auth GET /api/admin/crm/deals — non-5xx (217ms)
  ✓   203 [chromium] › e2e/admin-api-deep.spec.mts:66:5 › Admin APIs authenticated › auth GET /api/admin/crm/owners — non-5xx (189ms)
  ✓   204 [chromium] › e2e/admin-api-deep.spec.mts:66:5 › Admin APIs authenticated › auth GET /api/admin/crm/pipelines — non-5xx (198ms)
  ✓   205 [chromium] › e2e/admin-api-deep.spec.mts:66:5 › Admin APIs authenticated › auth GET /api/admin/crm/tickets — non-5xx (184ms)
  ✓   199 [chromium] › e2e/accessibility.spec.ts:81:9 › Accessibility: /en/terms › page has a non-empty <title> (1.6s)
  ✓   206 [chromium] › e2e/admin-api-deep.spec.mts:66:5 › Admin APIs authenticated › auth GET /api/admin/email/automations — non-5xx (197ms)
  ✓   208 [chromium] › e2e/admin-api-deep.spec.mts:66:5 › Admin APIs authenticated › auth GET /api/admin/email/campaigns — non-5xx (269ms)
  ✓   209 [chromium] › e2e/admin-api-deep.spec.mts:66:5 › Admin APIs authenticated › auth GET /api/admin/email/contacts — non-5xx (231ms)
  ✓   210 [chromium] › e2e/admin-api-deep.spec.mts:66:5 › Admin APIs authenticated › auth GET /api/admin/email/lists — non-5xx (232ms)
  ✓   211 [chromium] › e2e/admin-api-deep.spec.mts:66:5 › Admin APIs authenticated › auth GET /api/admin/email/stats — non-5xx (203ms)
  ✓   212 [chromium] › e2e/admin-api-deep.spec.mts:66:5 › Admin APIs authenticated › auth GET /api/admin/esp32 — non-5xx (187ms)
  ✓   207 [chromium] › e2e/accessibility.spec.ts:92:9 › Accessibility: /en/terms › page has exactly one <h1> (1.7s)
  ✓   213 [chromium] › e2e/admin-api-deep.spec.mts:66:5 › Admin APIs authenticated › auth GET /api/admin/esp32/notion-sync — non-5xx (307ms)
  ✓   215 [chromium] › e2e/admin-api-deep.spec.mts:66:5 › Admin APIs authenticated › auth GET /api/admin/integrations/status — non-5xx (416ms)
  ✓   216 [chromium] › e2e/admin-api-deep.spec.mts:66:5 › Admin APIs authenticated › auth GET /api/admin/kpi — non-5xx (228ms)
  ✓   217 [chromium] › e2e/admin-api-deep.spec.mts:66:5 › Admin APIs authenticated › auth GET /api/admin/notifications — non-5xx (228ms)
  ✓   214 [chromium] › e2e/accessibility.spec.ts:100:9 › Accessibility: /en/terms › all images have alt attribute (968ms)
  ✓   218 [chromium] › e2e/admin-api-deep.spec.mts:66:5 › Admin APIs authenticated › auth GET /api/admin/notifications/test — non-5xx (202ms)
  ✓   220 [chromium] › e2e/admin-api-deep.spec.mts:66:5 › Admin APIs authenticated › auth GET /api/admin/notion/analytics — non-5xx (543ms)
  ✓   221 [chromium] › e2e/admin-api-deep.spec.mts:66:5 › Admin APIs authenticated › auth GET /api/admin/notion/blog — non-5xx (244ms)
  ✓   222 [chromium] › e2e/admin-api-deep.spec.mts:66:5 › Admin APIs authenticated › auth GET /api/admin/notion/comments — non-5xx (229ms)
  ✓   223 [chromium] › e2e/admin-api-deep.spec.mts:66:5 › Admin APIs authenticated › auth GET /api/admin/notion/docs — non-5xx (244ms)
  ✓   219 [chromium] › e2e/accessibility.spec.ts:118:9 › Accessibility: /en/terms › interactive elements are keyboard-focusable (1.8s)
  ✓   224 [chromium] › e2e/admin-api-deep.spec.mts:66:5 › Admin APIs authenticated › auth GET /api/admin/notion/projects — non-5xx (423ms)
  ✓   226 [chromium] › e2e/admin-api-deep.spec.mts:66:5 › Admin APIs authenticated › auth GET /api/admin/notion/search — non-5xx (402ms)
  ✓   227 [chromium] › e2e/admin-api-deep.spec.mts:66:5 › Admin APIs authenticated › auth GET /api/admin/notion/status — non-5xx (1.5s)
  ✓   228 [chromium] › e2e/admin-api-deep.spec.mts:66:5 › Admin APIs authenticated › auth GET /api/admin/notion/submissions — non-5xx (592ms)
  ✓   229 [chromium] › e2e/admin-api-deep.spec.mts:66:5 › Admin APIs authenticated › auth GET /api/admin/notion/tasks — non-5xx (611ms)
  ✓   230 [chromium] › e2e/admin-api-deep.spec.mts:66:5 › Admin APIs authenticated › auth GET /api/admin/oauth/tiktok — non-5xx (262ms)
  ✓   231 [chromium] › e2e/admin-api-deep.spec.mts:66:5 › Admin APIs authenticated › auth GET /api/admin/oauth/tiktok/callback — non-5xx (239ms)
  ✓   225 [chromium] › e2e/accessibility.spec.ts:47:9 › Accessibility: /en/docs › WCAG 2.1 AA — zero critical/serious violations (4.0s)
  ✓   232 [chromium] › e2e/admin-api-deep.spec.mts:66:5 › Admin APIs authenticated › auth GET /api/admin/ops/errors — non-5xx (243ms)
  ✓   234 [chromium] › e2e/admin-api-deep.spec.mts:66:5 › Admin APIs authenticated › auth GET /api/admin/ops/monitor — non-5xx (431ms)
  ✓   235 [chromium] › e2e/admin-api-deep.spec.mts:66:5 › Admin APIs authenticated › auth GET /api/admin/orders — non-5xx (247ms)
  ✓   236 [chromium] › e2e/admin-api-deep.spec.mts:66:5 › Admin APIs authenticated › auth GET /api/admin/pending-clients — non-5xx (240ms)
  ✓   237 [chromium] › e2e/admin-api-deep.spec.mts:66:5 › Admin APIs authenticated › auth GET /api/admin/pipeline/board — non-5xx (294ms)
  ✓   238 [chromium] › e2e/admin-api-deep.spec.mts:66:5 › Admin APIs authenticated › auth GET /api/admin/pipeline/stats — non-5xx (465ms)
  ✓   233 [chromium] › e2e/accessibility.spec.ts:81:9 › Accessibility: /en/docs › page has a non-empty <title> (2.0s)
  ✓   239 [chromium] › e2e/admin-api-deep.spec.mts:66:5 › Admin APIs authenticated › auth GET /api/admin/reports — non-5xx (282ms)
  ✓   241 [chromium] › e2e/admin-api-deep.spec.mts:66:5 › Admin APIs authenticated › auth GET /api/admin/reports/generate — non-5xx (435ms)
  ✓   242 [chromium] › e2e/admin-api-deep.spec.mts:66:5 › Admin APIs authenticated › auth GET /api/admin/subscriptions — non-5xx (219ms)
  ✓   243 [chromium] › e2e/admin-api-deep.spec.mts:66:5 › Admin APIs authenticated › auth GET /api/admin/users — non-5xx (209ms)
  ✓   244 [chromium] › e2e/admin-api-deep.spec.mts:66:5 › Admin APIs authenticated › auth GET /api/admin/voice-brief — non-5xx (193ms)
  ✓   245 [chromium] › e2e/admin-api-deep.spec.mts:66:5 › Admin APIs authenticated › auth GET /api/admin/workspaces — non-5xx (186ms)
  ✓   246 [chromium] › e2e/admin-api-deep.spec.mts:66:5 › Admin APIs authenticated › auth GET /api/admin/calendar/sample-id — non-5xx (353ms)
  ✓   247 [chromium] › e2e/admin-api-deep.spec.mts:66:5 › Admin APIs authenticated › auth GET /api/admin/email/campaigns/sample-id — non-5xx (310ms)
  ✓   240 [chromium] › e2e/accessibility.spec.ts:92:9 › Accessibility: /en/docs › page has exactly one <h1> (2.3s)
  ✓   248 [chromium] › e2e/admin-api-deep.spec.mts:66:5 › Admin APIs authenticated › auth GET /api/admin/ops/errors/sample-id — non-5xx (341ms)
  ✓   250 [chromium] › e2e/admin-api-deep.spec.mts:66:5 › Admin APIs authenticated › auth GET /api/admin/pipeline/deals/sample-id/move — non-5xx (407ms)
  ✓   251 [chromium] › e2e/admin-api-deep.spec.mts:66:5 › Admin APIs authenticated › auth GET /api/admin/pipeline/deals/sample-id/notes — non-5xx (384ms)
  ✓   252 [chromium] › e2e/admin-api-deep.spec.mts:66:5 › Admin APIs authenticated › auth GET /api/admin/reports/sample-id — non-5xx (341ms)
  ✓   249 [chromium] › e2e/accessibility.spec.ts:100:9 › Accessibility: /en/docs › all images have alt attribute (1.7s)
  ✓   253 [chromium] › e2e/admin-api-deep.spec.mts:66:5 › Admin APIs authenticated › auth GET /api/admin/reports/sample-id/pdf — non-5xx (408ms)
  ✓   255 [chromium] › e2e/admin-api-sweep.spec.ts:13:7 › Admin API route sweep (authenticated) › GET /api/admin/ab-tests (249ms)
  ✓   256 [chromium] › e2e/admin-api-sweep.spec.ts:21:7 › Admin API route sweep (authenticated) › GET /api/admin/ai/analytics-orchestration (39ms)
  ✓   257 [chromium] › e2e/admin-api-sweep.spec.ts:29:7 › Admin API route sweep (authenticated) › GET /api/admin/ai/analytics-orchestration/pdf (34ms)
  ✓   258 [chromium] › e2e/admin-api-sweep.spec.ts:37:7 › Admin API route sweep (authenticated) › GET /api/admin/ai/audience (38ms)
  ✓   259 [chromium] › e2e/admin-api-sweep.spec.ts:45:7 › Admin API route sweep (authenticated) › GET /api/admin/ai/campaign (25ms)
  ✓   260 [chromium] › e2e/admin-api-sweep.spec.ts:53:7 › Admin API route sweep (authenticated) › GET /api/admin/ai/copy (26ms)
  ✓   261 [chromium] › e2e/admin-api-sweep.spec.ts:61:7 › Admin API route sweep (authenticated) › GET /api/admin/ai/report-insights (24ms)
  ✓   262 [chromium] › e2e/admin-api-sweep.spec.ts:69:7 › Admin API route sweep (authenticated) › GET /api/admin/analytics/countries (783ms)
  ✓   263 [chromium] › e2e/admin-api-sweep.spec.ts:77:7 › Admin API route sweep (authenticated) › GET /api/admin/analytics/ctr-opportunities (156ms)
  ✓   264 [chromium] › e2e/admin-api-sweep.spec.ts:85:7 › Admin API route sweep (authenticated) › GET /api/admin/analytics/devices (251ms)
  ✓   265 [chromium] › e2e/admin-api-sweep.spec.ts:93:7 › Admin API route sweep (authenticated) › GET /api/admin/analytics/history (186ms)
  ✓   266 [chromium] › e2e/admin-api-sweep.spec.ts:101:7 › Admin API route sweep (authenticated) › GET /api/admin/analytics/keywords (215ms)
  ✓   267 [chromium] › e2e/admin-api-sweep.spec.ts:109:7 › Admin API route sweep (authenticated) › GET /api/admin/analytics/pages (186ms)
  ✓   268 [chromium] › e2e/admin-api-sweep.spec.ts:117:7 › Admin API route sweep (authenticated) › GET /api/admin/analytics/products (160ms)
  ✓   254 [chromium] › e2e/accessibility.spec.ts:118:9 › Accessibility: /en/docs › interactive elements are keyboard-focusable (2.6s)
  ✓   269 [chromium] › e2e/admin-api-sweep.spec.ts:125:7 › Admin API route sweep (authenticated) › GET /api/admin/analytics/query-pages (218ms)
  ✓   271 [chromium] › e2e/admin-api-sweep.spec.ts:133:7 › Admin API route sweep (authenticated) › GET /api/admin/analytics/search-intent (322ms)
[WebServer] [GSC] Overview error: {
[WebServer]   "error": {
[WebServer]     "code": 403,
[WebServer]     "message": "User does not have sufficient permission for site 'https://cloudless.gr/'. See also: https://support.google.com/webmasters/answer/2451999.",
[WebServer]     "errors": [
[WebServer]       {
[WebServer]         "message": "User does not have sufficient permission for site 'https://cloudless.gr/'. See also: https://support.google.com/webmasters/answer/2451999.",
[WebServer]         "domain": "global",
[WebServer]         "reason": "forbidden"
[WebServer]       }
[WebServer]     ]
[WebServer]   }
[WebServer] }
[WebServer] 
  ✓   272 [chromium] › e2e/admin-api-sweep.spec.ts:141:7 › Admin API route sweep (authenticated) › GET /api/admin/analytics/seo (447ms)
[WebServer] [GSC] Overview error: {
[WebServer]   "error": {
[WebServer]     "code": 403,
[WebServer]     "message": "User does not have sufficient permission for site 'https://cloudless.gr/'. See also: https://support.google.com/webmasters/answer/2451999.",
[WebServer]     "errors": [
[WebServer]       {
[WebServer]         "message": "User does not have sufficient permission for site 'https://cloudless.gr/'. See also: https://support.google.com/webmasters/answer/2451999.",
[WebServer]         "domain": "global",
[WebServer]         "reason": "forbidden"
[WebServer]       }
[WebServer]     ]
[WebServer]   }
[WebServer] }
[WebServer] 
[WebServer] [EspoCRM] listNewsletterSubscribers error: SyntaxError: Unexpected token '<', "<!DOCTYPE "... is not valid JSON
[WebServer]     at JSON.parse (<anonymous>)
  ✓   270 [chromium] › e2e/accessibility.spec.ts:47:9 › Accessibility: /en/refund › WCAG 2.1 AA — zero critical/serious violations (2.1s)
  ✓   273 [chromium] › e2e/admin-api-sweep.spec.ts:149:7 › Admin API route sweep (authenticated) › GET /api/admin/analytics/unified (1.1s)
  ✓   275 [chromium] › e2e/admin-api-sweep.spec.ts:157:7 › Admin API route sweep (authenticated) › GET /api/admin/analytics/web (355ms)
  ✓   276 [chromium] › e2e/admin-api-sweep.spec.ts:165:7 › Admin API route sweep (authenticated) › GET /api/admin/cache (37ms)
  ✓   277 [chromium] › e2e/admin-api-sweep.spec.ts:173:7 › Admin API route sweep (authenticated) › GET /api/admin/calendar (380ms)
  ✓   278 [chromium] › e2e/admin-api-sweep.spec.ts:181:7 › Admin API route sweep (authenticated) › GET /api/admin/calendar/create (19ms)
  ✓   279 [chromium] › e2e/admin-api-sweep.spec.ts:189:7 › Admin API route sweep (authenticated) › GET /api/admin/campaigns/google (595ms)
  ✓   280 [chromium] › e2e/admin-api-sweep.spec.ts:197:7 › Admin API route sweep (authenticated) › GET /api/admin/campaigns/google/insights (121ms)
  ✓   274 [chromium] › e2e/accessibility.spec.ts:81:9 › Accessibility: /en/refund › page has a non-empty <title> (1.8s)
  ✓   281 [chromium] › e2e/admin-api-sweep.spec.ts:205:7 › Admin API route sweep (authenticated) › GET /api/admin/campaigns/linkedin (1.3s)
  ✓   283 [chromium] › e2e/admin-api-sweep.spec.ts:213:7 › Admin API route sweep (authenticated) › GET /api/admin/campaigns/linkedin/insights (359ms)
  ✓   284 [chromium] › e2e/admin-api-sweep.spec.ts:221:7 › Admin API route sweep (authenticated) › GET /api/admin/campaigns/tiktok (41ms)
  ✓   285 [chromium] › e2e/admin-api-sweep.spec.ts:229:7 › Admin API route sweep (authenticated) › GET /api/admin/campaigns/tiktok/insights (27ms)
  ✓   286 [chromium] › e2e/admin-api-sweep.spec.ts:237:7 › Admin API route sweep (authenticated) › GET /api/admin/campaigns/x (23ms)
  ✓   287 [chromium] › e2e/admin-api-sweep.spec.ts:245:7 › Admin API route sweep (authenticated) › GET /api/admin/campaigns/x/insights (25ms)
  ✓   288 [chromium] › e2e/admin-api-sweep.spec.ts:253:7 › Admin API route sweep (authenticated) › GET /api/admin/client-portals (26ms)
  ✓   282 [chromium] › e2e/accessibility.spec.ts:92:9 › Accessibility: /en/refund › page has exactly one <h1> (2.1s)
  ✓   289 [chromium] › e2e/admin-api-sweep.spec.ts:261:7 › Admin API route sweep (authenticated) › GET /api/admin/crm/companies (667ms)
  ✓   291 [chromium] › e2e/admin-api-sweep.spec.ts:269:7 › Admin API route sweep (authenticated) › GET /api/admin/crm/contacts (202ms)
  ✓   292 [chromium] › e2e/admin-api-sweep.spec.ts:277:7 › Admin API route sweep (authenticated) › GET /api/admin/crm/deals (181ms)
  ✓   293 [chromium] › e2e/admin-api-sweep.spec.ts:285:7 › Admin API route sweep (authenticated) › GET /api/admin/crm/owners (173ms)
  ✓   294 [chromium] › e2e/admin-api-sweep.spec.ts:293:7 › Admin API route sweep (authenticated) › GET /api/admin/crm/pipelines (37ms)
  ✓   290 [chromium] › e2e/accessibility.spec.ts:100:9 › Accessibility: /en/refund › all images have alt attribute (955ms)
  ✓   295 [chromium] › e2e/admin-api-sweep.spec.ts:301:7 › Admin API route sweep (authenticated) › GET /api/admin/crm/tickets (379ms)
  ✓   297 [chromium] › e2e/admin-api-sweep.spec.ts:309:7 › Admin API route sweep (authenticated) › GET /api/admin/email/automations (29ms)
  ✓   298 [chromium] › e2e/admin-api-sweep.spec.ts:317:7 › Admin API route sweep (authenticated) › GET /api/admin/email/campaigns (38ms)
[WebServer] [EspoCRM] Error fetching email contacts: SyntaxError: Unexpected token '<', "<!DOCTYPE "... is not valid JSON
[WebServer]     at JSON.parse (<anonymous>)
  ✓   299 [chromium] › e2e/admin-api-sweep.spec.ts:325:7 › Admin API route sweep (authenticated) › GET /api/admin/email/contacts (181ms)
  ✓   300 [chromium] › e2e/admin-api-sweep.spec.ts:333:7 › Admin API route sweep (authenticated) › GET /api/admin/email/lists (26ms)
[WebServer] [EspoCRM] listNewsletterSubscribers error: SyntaxError: Unexpected token '<', "<!DOCTYPE "... is not valid JSON
[WebServer]     at JSON.parse (<anonymous>)
  ✓   301 [chromium] › e2e/admin-api-sweep.spec.ts:341:7 › Admin API route sweep (authenticated) › GET /api/admin/email/stats (175ms)
  ✓   302 [chromium] › e2e/admin-api-sweep.spec.ts:349:7 › Admin API route sweep (authenticated) › GET /api/admin/esp32 (18ms)
  ✓   303 [chromium] › e2e/admin-api-sweep.spec.ts:357:7 › Admin API route sweep (authenticated) › GET /api/admin/esp32/notion-sync (68ms)
  ✓   296 [chromium] › e2e/accessibility.spec.ts:118:9 › Accessibility: /en/refund › interactive elements are keyboard-focusable (1.5s)
  ✓   304 [chromium] › e2e/admin-api-sweep.spec.ts:365:7 › Admin API route sweep (authenticated) › GET /api/admin/integrations/status (683ms)
[WebServer] ⨯ ReferenceError: getAnalyticsSummary is not defined
[WebServer]     at GET (src/app/api/admin/kpi/route.ts:27:7)
[WebServer]   25 |   const [analyticsResult, gscResult, projectsResult, taskSummaryResult, overdueResult] =
[WebServer]   26 |     await Promise.allSettled([
[WebServer] > 27 |       analyticsConf ? getAnalyticsSummary(7) : Promise.resolve(null),
[WebServer]      |       ^
[WebServer]   28 |       gscConf ? getSeoSnapshot() : Promise.resolve(null),
[WebServer]   29 |       projectsConf ? listProjects() : Promise.resolve([]),
[WebServer]   30 |       tasksConf ? getTaskSummary() : Promise.resolve({}),
  ✓   306 [chromium] › e2e/admin-api-sweep.spec.ts:373:7 › Admin API route sweep (authenticated) › GET /api/admin/kpi (183ms)
  ✓   307 [chromium] › e2e/admin-api-sweep.spec.ts:381:7 › Admin API route sweep (authenticated) › GET /api/admin/notifications (30ms)
  ✓   308 [chromium] › e2e/admin-api-sweep.spec.ts:389:7 › Admin API route sweep (authenticated) › GET /api/admin/notifications/test (24ms)
  ✓   309 [chromium] › e2e/admin-api-sweep.spec.ts:397:7 › Admin API route sweep (authenticated) › GET /api/admin/notion/analytics (303ms)
  ✓   310 [chromium] › e2e/admin-api-sweep.spec.ts:405:7 › Admin API route sweep (authenticated) › GET /api/admin/notion/blog (101ms)
  ✓   311 [chromium] › e2e/admin-api-sweep.spec.ts:413:7 › Admin API route sweep (authenticated) › GET /api/admin/notion/comments (116ms)
  ✓   312 [chromium] › e2e/admin-api-sweep.spec.ts:421:7 › Admin API route sweep (authenticated) › GET /api/admin/notion/docs (92ms)
  ✓   313 [chromium] › e2e/admin-api-sweep.spec.ts:429:7 › Admin API route sweep (authenticated) › GET /api/admin/notion/projects (197ms)
  ✓   314 [chromium] › e2e/admin-api-sweep.spec.ts:437:7 › Admin API route sweep (authenticated) › GET /api/admin/notion/search (86ms)
  ✓   315 [chromium] › e2e/admin-api-sweep.spec.ts:445:7 › Admin API route sweep (authenticated) › GET /api/admin/notion/status (253ms)
  ✓   316 [chromium] › e2e/admin-api-sweep.spec.ts:453:7 › Admin API route sweep (authenticated) › GET /api/admin/notion/submissions (244ms)
  ✓   317 [chromium] › e2e/admin-api-sweep.spec.ts:461:7 › Admin API route sweep (authenticated) › GET /api/admin/notion/tasks (228ms)
  ✓   318 [chromium] › e2e/admin-api-sweep.spec.ts:469:7 › Admin API route sweep (authenticated) › GET /api/admin/ops/errors (24ms)
  ✓   319 [chromium] › e2e/admin-api-sweep.spec.ts:477:7 › Admin API route sweep (authenticated) › GET /api/admin/ops/monitor (28ms)
  ✓   305 [chromium] › e2e/accessibility.spec.ts:47:9 › Accessibility: /en/cookies › WCAG 2.1 AA — zero critical/serious violations (2.3s)
  ✓   320 [chromium] › e2e/admin-api-sweep.spec.ts:485:7 › Admin API route sweep (authenticated) › GET /api/admin/orders (1.0s)
  ✓   322 [chromium] › e2e/admin-api-sweep.spec.ts:493:7 › Admin API route sweep (authenticated) › GET /api/admin/pending-clients (21ms)
  ✓   323 [chromium] › e2e/admin-api-sweep.spec.ts:501:7 › Admin API route sweep (authenticated) › GET /api/admin/pipeline/board (161ms)
  ✓   324 [chromium] › e2e/admin-api-sweep.spec.ts:509:7 › Admin API route sweep (authenticated) › GET /api/admin/pipeline/stats (150ms)
  ✓   325 [chromium] › e2e/admin-api-sweep.spec.ts:517:7 › Admin API route sweep (authenticated) › GET /api/admin/reports (20ms)
  ✓   326 [chromium] › e2e/admin-api-sweep.spec.ts:525:7 › Admin API route sweep (authenticated) › GET /api/admin/reports/generate (23ms)
  ✓   321 [chromium] › e2e/accessibility.spec.ts:81:9 › Accessibility: /en/cookies › page has a non-empty <title> (1.6s)
  ✓   327 [chromium] › e2e/admin-api-sweep.spec.ts:533:7 › Admin API route sweep (authenticated) › GET /api/admin/subscriptions (724ms)
  ✓   329 [chromium] › e2e/admin-api-sweep.spec.ts:541:7 › Admin API route sweep (authenticated) › GET /api/admin/users (85ms)
  ✓   330 [chromium] › e2e/admin-api-sweep.spec.ts:549:7 › Admin API route sweep (authenticated) › GET /api/admin/voice-brief (44ms)
  ✓   331 [chromium] › e2e/admin-api-sweep.spec.ts:557:7 › Admin API route sweep (authenticated) › GET /api/admin/workspaces (493ms)
  ✓   332 [chromium] › e2e/admin-appflowy-cms-api.spec.ts:69:9 › Admin AppFlowy CMS APIs — unauthenticated › GET /api/admin/appflowy/case-studies rejects anon (43ms)
  ✘   333 [chromium] › e2e/admin-appflowy-cms-api.spec.ts:74:9 › Admin AppFlowy CMS APIs — unauthenticated › POST /api/admin/appflowy/case-studies rejects anon (32ms)
  ✘   334 [chromium] › e2e/admin-appflowy-cms-api.spec.ts:74:9 › Admin AppFlowy CMS APIs — unauthenticated › POST /api/admin/appflowy/case-studies rejects anon (retry #1) (405ms)
  ✓   328 [chromium] › e2e/accessibility.spec.ts:92:9 › Accessibility: /en/cookies › page has exactly one <h1> (2.4s)
  ✓   335 [chromium] › e2e/accessibility.spec.ts:100:9 › Accessibility: /en/cookies › all images have alt attribute (1.0s)
  ✓   336 [chromium] › e2e/admin-appflowy-cms-api.spec.ts:84:9 › Admin AppFlowy CMS APIs — unauthenticated › PATCH /api/admin/appflowy/case-studies rejects anon (399ms)
  ✘   338 [chromium] › e2e/admin-appflowy-cms-api.spec.ts:97:9 › Admin AppFlowy CMS APIs — unauthenticated › DELETE /api/admin/appflowy/case-studies rejects anon (42ms)
  ✘   339 [chromium] › e2e/admin-appflowy-cms-api.spec.ts:97:9 › Admin AppFlowy CMS APIs — unauthenticated › DELETE /api/admin/appflowy/case-studies rejects anon (retry #1) (598ms)
  ✓   337 [chromium] › e2e/accessibility.spec.ts:118:9 › Accessibility: /en/cookies › interactive elements are keyboard-focusable (1.8s)
  ✓   341 [chromium] › e2e/admin-appflowy-cms-api.spec.ts:69:9 › Admin AppFlowy CMS APIs — unauthenticated › GET /api/admin/appflowy/faqs rejects anon (469ms)
  ✘   342 [chromium] › e2e/admin-appflowy-cms-api.spec.ts:74:9 › Admin AppFlowy CMS APIs — unauthenticated › POST /api/admin/appflowy/faqs rejects anon (55ms)
  ✘   343 [chromium] › e2e/admin-appflowy-cms-api.spec.ts:74:9 › Admin AppFlowy CMS APIs — unauthenticated › POST /api/admin/appflowy/faqs rejects anon (retry #1) (398ms)
  ✓   340 [chromium] › e2e/accessibility.spec.ts:47:9 › Accessibility: /en/work › WCAG 2.1 AA — zero critical/serious violations (2.6s)
  ✓   344 [chromium] › e2e/admin-appflowy-cms-api.spec.ts:84:9 › Admin AppFlowy CMS APIs — unauthenticated › PATCH /api/admin/appflowy/faqs rejects anon (393ms)
  ✘   346 [chromium] › e2e/admin-appflowy-cms-api.spec.ts:97:9 › Admin AppFlowy CMS APIs — unauthenticated › DELETE /api/admin/appflowy/faqs rejects anon (48ms)
  ✘   347 [chromium] › e2e/admin-appflowy-cms-api.spec.ts:97:9 › Admin AppFlowy CMS APIs — unauthenticated › DELETE /api/admin/appflowy/faqs rejects anon (retry #1) (374ms)
  ✓   345 [chromium] › e2e/accessibility.spec.ts:81:9 › Accessibility: /en/work › page has a non-empty <title> (1.6s)
  ✓   349 [chromium] › e2e/admin-appflowy-cms-api.spec.ts:69:9 › Admin AppFlowy CMS APIs — unauthenticated › GET /api/admin/appflowy/services rejects anon (354ms)
  ✘   350 [chromium] › e2e/admin-appflowy-cms-api.spec.ts:74:9 › Admin AppFlowy CMS APIs — unauthenticated › POST /api/admin/appflowy/services rejects anon (26ms)
  ✘   351 [chromium] › e2e/admin-appflowy-cms-api.spec.ts:74:9 › Admin AppFlowy CMS APIs — unauthenticated › POST /api/admin/appflowy/services rejects anon (retry #1) (387ms)
  ✓   348 [chromium] › e2e/accessibility.spec.ts:92:9 › Accessibility: /en/work › page has exactly one <h1> (1.7s)
  ✓   353 [chromium] › e2e/admin-appflowy-cms-api.spec.ts:84:9 › Admin AppFlowy CMS APIs — unauthenticated › PATCH /api/admin/appflowy/services rejects anon (352ms)
  ✘   354 [chromium] › e2e/admin-appflowy-cms-api.spec.ts:97:9 › Admin AppFlowy CMS APIs — unauthenticated › DELETE /api/admin/appflowy/services rejects anon (32ms)
  ✓   352 [chromium] › e2e/accessibility.spec.ts:100:9 › Accessibility: /en/work › all images have alt attribute (1.6s)
  ✘   355 [chromium] › e2e/admin-appflowy-cms-api.spec.ts:97:9 › Admin AppFlowy CMS APIs — unauthenticated › DELETE /api/admin/appflowy/services rejects anon (retry #1) (562ms)
  ✓   357 [chromium] › e2e/admin-appflowy-cms-api.spec.ts:69:9 › Admin AppFlowy CMS APIs — unauthenticated › GET /api/admin/appflowy/testimonials rejects anon (359ms)
  ✓   358 [chromium] › e2e/admin-appflowy-cms-api.spec.ts:74:9 › Admin AppFlowy CMS APIs — unauthenticated › POST /api/admin/appflowy/testimonials rejects anon (29ms)
  ✓   359 [chromium] › e2e/admin-appflowy-cms-api.spec.ts:84:9 › Admin AppFlowy CMS APIs — unauthenticated › PATCH /api/admin/appflowy/testimonials rejects anon (32ms)
  ✓   360 [chromium] › e2e/admin-appflowy-cms-api.spec.ts:97:9 › Admin AppFlowy CMS APIs — unauthenticated › DELETE /api/admin/appflowy/testimonials rejects anon (27ms)
  ✓   361 [chromium] › e2e/admin-appflowy-cms-api.spec.ts:105:7 › Admin AppFlowy CMS APIs — unauthenticated › Bearer with garbage token still rejected (25ms)
  ✓   356 [chromium] › e2e/accessibility.spec.ts:118:9 › Accessibility: /en/work › interactive elements are keyboard-focusable (1.6s)
  ✓   362 [chromium] › e2e/admin-appflowy-cms-api.spec.ts:116:9 › Admin AppFlowy CMS APIs — authenticated › GET /api/admin/appflowy/case-studies passes auth gate and matches shape when 200 (668ms)
  ✘   364 [chromium] › e2e/admin-appflowy-cms-api.spec.ts:138:9 › Admin AppFlowy CMS APIs — authenticated › POST /api/admin/appflowy/case-studies rejects invalid JSON (AppFlowy admin contract) (46ms)
  ✘   365 [chromium] › e2e/admin-appflowy-cms-api.spec.ts:138:9 › Admin AppFlowy CMS APIs — authenticated › POST /api/admin/appflowy/case-studies rejects invalid JSON (AppFlowy admin contract) (retry #1) (545ms)
  ✓   366 [chromium] › e2e/admin-appflowy-cms-api.spec.ts:156:9 › Admin AppFlowy CMS APIs — authenticated › POST /api/admin/appflowy/case-studies rejects body missing required field (AppFlowy contract) (359ms)
  ✓   367 [chromium] › e2e/admin-appflowy-cms-api.spec.ts:166:9 › Admin AppFlowy CMS APIs — authenticated › PATCH /api/admin/appflowy/case-studies handles missing pageId (AppFlowy contract) (52ms)
  ✓   368 [chromium] › e2e/admin-appflowy-cms-api.spec.ts:178:9 › Admin AppFlowy CMS APIs — authenticated › DELETE /api/admin/appflowy/case-studies is routed to AppFlowy UI (501 expected) (29ms)
  ✓   369 [chromium] › e2e/admin-appflowy-cms-api.spec.ts:116:9 › Admin AppFlowy CMS APIs — authenticated › GET /api/admin/appflowy/faqs passes auth gate and matches shape when 200 (343ms)
  ✓   363 [chromium] › e2e/accessibility.spec.ts:47:9 › Accessibility: /en/case-studies › WCAG 2.1 AA — zero critical/serious violations (3.1s)
  ✘   371 [chromium] › e2e/admin-appflowy-cms-api.spec.ts:138:9 › Admin AppFlowy CMS APIs — authenticated › POST /api/admin/appflowy/faqs rejects invalid JSON (AppFlowy admin contract) (33ms)
  ✘   372 [chromium] › e2e/admin-appflowy-cms-api.spec.ts:138:9 › Admin AppFlowy CMS APIs — authenticated › POST /api/admin/appflowy/faqs rejects invalid JSON (AppFlowy admin contract) (retry #1) (390ms)
  ✓   370 [chromium] › e2e/accessibility.spec.ts:81:9 › Accessibility: /en/case-studies › page has a non-empty <title> (1.7s)
  ✓   373 [chromium] › e2e/admin-appflowy-cms-api.spec.ts:156:9 › Admin AppFlowy CMS APIs — authenticated › POST /api/admin/appflowy/faqs rejects body missing required field (AppFlowy contract) (450ms)
  ✓   375 [chromium] › e2e/admin-appflowy-cms-api.spec.ts:166:9 › Admin AppFlowy CMS APIs — authenticated › PATCH /api/admin/appflowy/faqs handles missing pageId (AppFlowy contract) (50ms)
  ✓   376 [chromium] › e2e/admin-appflowy-cms-api.spec.ts:178:9 › Admin AppFlowy CMS APIs — authenticated › DELETE /api/admin/appflowy/faqs is routed to AppFlowy UI (501 expected) (42ms)
  ✓   377 [chromium] › e2e/admin-appflowy-cms-api.spec.ts:116:9 › Admin AppFlowy CMS APIs — authenticated › GET /api/admin/appflowy/services passes auth gate and matches shape when 200 (362ms)
  ✘   378 [chromium] › e2e/admin-appflowy-cms-api.spec.ts:138:9 › Admin AppFlowy CMS APIs — authenticated › POST /api/admin/appflowy/services rejects invalid JSON (AppFlowy admin contract) (31ms)
  ✓   374 [chromium] › e2e/accessibility.spec.ts:92:9 › Accessibility: /en/case-studies › page has exactly one <h1> (1.5s)
  ✘   379 [chromium] › e2e/admin-appflowy-cms-api.spec.ts:138:9 › Admin AppFlowy CMS APIs — authenticated › POST /api/admin/appflowy/services rejects invalid JSON (AppFlowy admin contract) (retry #1) (548ms)
  ✓   380 [chromium] › e2e/accessibility.spec.ts:100:9 › Accessibility: /en/case-studies › all images have alt attribute (900ms)
  ✓   382 [chromium] › e2e/admin-appflowy-cms-api.spec.ts:156:9 › Admin AppFlowy CMS APIs — authenticated › POST /api/admin/appflowy/services rejects body missing required field (AppFlowy contract) (369ms)
  ✓   383 [chromium] › e2e/admin-appflowy-cms-api.spec.ts:166:9 › Admin AppFlowy CMS APIs — authenticated › PATCH /api/admin/appflowy/services handles missing pageId (AppFlowy contract) (28ms)
  ✓   384 [chromium] › e2e/admin-appflowy-cms-api.spec.ts:178:9 › Admin AppFlowy CMS APIs — authenticated › DELETE /api/admin/appflowy/services is routed to AppFlowy UI (501 expected) (26ms)
  ✓   385 [chromium] › e2e/admin-appflowy-cms-api.spec.ts:116:9 › Admin AppFlowy CMS APIs — authenticated › GET /api/admin/appflowy/testimonials passes auth gate and matches shape when 200 (317ms)
  ✓   386 [chromium] › e2e/admin-appflowy-cms-api.spec.ts:138:9 › Admin AppFlowy CMS APIs — authenticated › POST /api/admin/appflowy/testimonials rejects invalid JSON (AppFlowy admin contract) (60ms)
  ✓   387 [chromium] › e2e/admin-appflowy-cms-api.spec.ts:156:9 › Admin AppFlowy CMS APIs — authenticated › POST /api/admin/appflowy/testimonials rejects body missing required field (AppFlowy contract) (29ms)
  ✓   388 [chromium] › e2e/admin-appflowy-cms-api.spec.ts:166:9 › Admin AppFlowy CMS APIs — authenticated › PATCH /api/admin/appflowy/testimonials handles missing pageId (AppFlowy contract) (30ms)
  ✓   389 [chromium] › e2e/admin-appflowy-cms-api.spec.ts:178:9 › Admin AppFlowy CMS APIs — authenticated › DELETE /api/admin/appflowy/testimonials is routed to AppFlowy UI (501 expected) (25ms)
  ✓   390 [chromium] › e2e/admin-client-portals.spec.ts:8:7 › Admin client-portals › unauth API GET → 401 (24ms)
  ✓   391 [chromium] › e2e/admin-client-portals.spec.ts:13:7 › Admin client-portals › authed API GET → 200 + portals[] with health (37ms)
  ✓   392 [chromium] › e2e/admin-client-portals.spec.ts:23:7 › Admin client-portals › authed API POST without clientEmail → 400 (29ms)
[WebServer] ⨯ SyntaxError: Unexpected end of JSON input
[WebServer]     at JSON.parse (<anonymous>)
  ✓   393 [chromium] › e2e/admin-client-portals.spec.ts:31:7 › Admin client-portals › authed POST creates portal with default 6 steps, GET lists it (117ms)
  ✓   381 [chromium] › e2e/accessibility.spec.ts:118:9 › Accessibility: /en/case-studies › interactive elements are keyboard-focusable (1.4s)
  ✓   395 [chromium] › e2e/admin-client-portals.spec.ts:75:7 › Admin client-portals › page renders with E2E admin cookie (1.3s)
  -   396 [chromium] › e2e/admin-cms.spec.ts:44:9 › Admin CMS pages › renders /admin/cms/case-studies
  -   397 [chromium] › e2e/admin-cms.spec.ts:44:9 › Admin CMS pages › renders /admin/cms/faqs
  -   398 [chromium] › e2e/admin-cms.spec.ts:44:9 › Admin CMS pages › renders /admin/cms/services
  -   399 [chromium] › e2e/admin-cms.spec.ts:44:9 › Admin CMS pages › renders /admin/cms/testimonials
  ✓   394 [chromium] › e2e/admin-client-portals.spec.ts:63:7 › Admin client-portals › page does not expose admin UI when unauth (2.5s)
  -   400 [chromium] › e2e/admin-cms.spec.ts:64:7 › Admin CMS pages › CMS pages are gated by admin
  ✓   401 [chromium] › e2e/admin-crm-api.spec.mts:58:5 › Admin CRM/Client-Portal APIs — unauthenticated › GET /api/admin/crm/contacts rejects anon (210ms)
  ✓   403 [chromium] › e2e/admin-crm-api.spec.mts:58:5 › Admin CRM/Client-Portal APIs — unauthenticated › GET /api/admin/crm/deals rejects anon (340ms)
  ✓   402 [chromium] › e2e/admin-crm-api.spec.mts:58:5 › Admin CRM/Client-Portal APIs — unauthenticated › GET /api/admin/crm/companies rejects anon (577ms)
  ✓   404 [chromium] › e2e/admin-crm-api.spec.mts:58:5 › Admin CRM/Client-Portal APIs — unauthenticated › GET /api/admin/client-portals rejects anon (48ms)
  ✓   405 [chromium] › e2e/admin-crm-api.spec.mts:69:5 › Admin CRM/Client-Portal APIs — unauthenticated POST › POST /api/admin/crm/contacts returns 405 (method not implemented) (47ms)
  ✓   406 [chromium] › e2e/admin-crm-api.spec.mts:69:5 › Admin CRM/Client-Portal APIs — unauthenticated POST › POST /api/admin/crm/companies returns 405 (method not implemented) (24ms)
  ✓   407 [chromium] › e2e/admin-crm-api.spec.mts:69:5 › Admin CRM/Client-Portal APIs — unauthenticated POST › POST /api/admin/crm/deals returns 405 (method not implemented) (22ms)
  ✓   408 [chromium] › e2e/admin-crm-api.spec.mts:69:5 › Admin CRM/Client-Portal APIs — unauthenticated POST › POST /api/admin/client-portals returns 405 (method not implemented) (22ms)
  ✓   409 [chromium] › e2e/admin-crm-api.spec.mts:83:5 › Admin CRM/Client-Portal APIs — authenticated › GET /api/admin/crm/contacts responds non-5xx or 401 (auth checked) (21ms)
  ✓   410 [chromium] › e2e/admin-crm-api.spec.mts:83:5 › Admin CRM/Client-Portal APIs — authenticated › GET /api/admin/crm/companies responds non-5xx or 401 (auth checked) (20ms)
  ✓   411 [chromium] › e2e/admin-crm-api.spec.mts:83:5 › Admin CRM/Client-Portal APIs — authenticated › GET /api/admin/crm/deals responds non-5xx or 401 (auth checked) (19ms)
  ✓   412 [chromium] › e2e/admin-crm-api.spec.mts:83:5 › Admin CRM/Client-Portal APIs — authenticated › GET /api/admin/client-portals responds non-5xx or 401 (auth checked) (24ms)
  ✓   413 [chromium] › e2e/admin-ops-baseline-deep.spec.ts:32:9 › ops-baseline: auth gate consistency (unauthenticated) › GET /api/admin/users returns 401 without admin token (24ms)
  ✓   414 [chromium] › e2e/admin-ops-baseline-deep.spec.ts:32:9 › ops-baseline: auth gate consistency (unauthenticated) › GET /api/admin/integrations/status returns 401 without admin token (19ms)
  ✓   415 [chromium] › e2e/admin-ops-baseline-deep.spec.ts:32:9 › ops-baseline: auth gate consistency (unauthenticated) › GET /api/admin/notifications returns 401 without admin token (20ms)
  ✓   416 [chromium] › e2e/admin-ops-baseline-deep.spec.ts:32:9 › ops-baseline: auth gate consistency (unauthenticated) › GET /api/admin/workspaces returns 401 without admin token (26ms)
  ✓   417 [chromium] › e2e/admin-ops-baseline-deep.spec.ts:38:7 › ops-baseline: auth gate consistency (unauthenticated) › POST /api/admin/cache returns 401 without admin token (23ms)
  ✓   418 [chromium] › e2e/admin-ops-baseline-deep.spec.ts:45:7 › ops-baseline: method gating › GET /api/admin/cache is rejected (POST-only by design) (22ms)
  ✓   419 [chromium] › e2e/admin-ops-baseline-deep.spec.ts:55:7 › ops-baseline: authenticated reads return documented shapes › GET /api/admin/users returns { users, provider, ... } (24ms)
  ✓   421 [chromium] › e2e/admin-ops-baseline-deep.spec.ts:81:7 › ops-baseline: authenticated reads return documented shapes › GET /api/admin/notifications returns { notifications: [] } (50ms)
  ✓   422 [chromium] › e2e/admin-ops-baseline-deep.spec.ts:92:7 › ops-baseline: authenticated reads return documented shapes › GET /api/admin/workspaces returns { workspaces: [] } (23ms)
[WebServer] ⨯ ReferenceError: invalidateCache is not defined
[WebServer]     at POST (src/app/api/admin/cache/route.ts:29:3)
[WebServer]   27 |   }
[WebServer]   28 |
[WebServer] > 29 |   invalidateCache(prefix);
[WebServer]      |   ^
[WebServer]   30 |
[WebServer]   31 |   return NextResponse.json({
[WebServer]   32 |     ok: true,
  ✓   423 [chromium] › e2e/admin-ops-baseline-deep.spec.ts:105:7 › ops-baseline: write-side methods accept admin-token › POST /api/admin/cache without body clears all (auth-only) (48ms)
  ✓   424 [chromium] › e2e/admin-ops-baseline-deep.spec.ts:114:7 › ops-baseline: write-side methods accept admin-token › PATCH /api/admin/notifications accepts admin-token (30ms)
  ✓   425 [chromium] › e2e/admin-ops-baseline-deep.spec.ts:120:7 › ops-baseline: write-side methods accept admin-token › POST /api/admin/workspaces with empty body returns 4xx (validation) (30ms)
  ✓   426 [chromium] › e2e/admin-ops-baseline-deep.spec.ts:127:7 › ops-baseline: write-side methods accept admin-token › POST /api/admin/users with empty body returns 4xx (validation) (32ms)
  ✓   420 [chromium] › e2e/admin-ops-baseline-deep.spec.ts:68:7 › ops-baseline: authenticated reads return documented shapes › GET /api/admin/integrations/status returns { integrations, summary, checkedAt } (943ms)
  ✓   427 [chromium] › e2e/admin-ops-baseline-deep.spec.ts:136:7 › ops-baseline: integration-status ping budget › GET /api/admin/integrations/status resolves in under 30s (720ms)
  ✓   428 [chromium] › e2e/admin-pages-gaps-sweep.spec.ts:50:9 › Admin page gap sweep (cookie-authenticated) › /en/admin/ai-generator loads with h1/h2 and no 5xx (1.4s)
  ✓   429 [chromium] › e2e/admin-pages-deep.spec.mts:38:5 › Admin unauthenticated › unauth /en/admin — does not expose admin content (1.8s)
  ✓   430 [chromium] › e2e/admin-pages-gaps-sweep.spec.ts:50:9 › Admin page gap sweep (cookie-authenticated) › /en/admin/analytics/seo loads with h1/h2 and no 5xx (925ms)
  ✓   432 [chromium] › e2e/admin-pages-gaps-sweep.spec.ts:50:9 › Admin page gap sweep (cookie-authenticated) › /en/admin/campaigns/meta loads with h1/h2 and no 5xx (1.0s)
  ✓   431 [chromium] › e2e/admin-pages-deep.spec.mts:38:5 › Admin unauthenticated › unauth /en/admin/ab-tests — does not expose admin content (1.9s)
  ✓   433 [chromium] › e2e/admin-pages-gaps-sweep.spec.ts:50:9 › Admin page gap sweep (cookie-authenticated) › /en/admin/cms/case-studies loads with h1/h2 and no 5xx (1.1s)
  ✓   435 [chromium] › e2e/admin-pages-gaps-sweep.spec.ts:50:9 › Admin page gap sweep (cookie-authenticated) › /en/admin/cms/faqs loads with h1/h2 and no 5xx (1.1s)
  ✓   434 [chromium] › e2e/admin-pages-deep.spec.mts:38:5 › Admin unauthenticated › unauth /en/admin/ai-assistant — does not expose admin content (2.0s)
  ✓   436 [chromium] › e2e/admin-pages-gaps-sweep.spec.ts:50:9 › Admin page gap sweep (cookie-authenticated) › /en/admin/cms/services loads with h1/h2 and no 5xx (1.1s)
  ✓   437 [chromium] › e2e/admin-pages-deep.spec.mts:38:5 › Admin unauthenticated › unauth /en/admin/ai-generator — does not expose admin content (2.1s)
  ✓   438 [chromium] › e2e/admin-pages-gaps-sweep.spec.ts:50:9 › Admin page gap sweep (cookie-authenticated) › /en/admin/cms/testimonials loads with h1/h2 and no 5xx (1.5s)
  ✓   440 [chromium] › e2e/admin-pages-gaps-sweep.spec.ts:50:9 › Admin page gap sweep (cookie-authenticated) › /en/admin/email/campaigns loads with h1/h2 and no 5xx (1.3s)
  ✓   439 [chromium] › e2e/admin-pages-deep.spec.mts:38:5 › Admin unauthenticated › unauth /en/admin/analytics — does not expose admin content (2.0s)
  ✓   441 [chromium] › e2e/admin-pages-gaps-sweep.spec.ts:50:9 › Admin page gap sweep (cookie-authenticated) › /en/admin/leads loads with h1/h2 and no 5xx (1.0s)
  ✓   443 [chromium] › e2e/admin-pages-gaps-sweep.spec.ts:50:9 › Admin page gap sweep (cookie-authenticated) › /en/admin/reports/sample-report-id loads with h1/h2 and no 5xx (1.5s)
  ✓   442 [chromium] › e2e/admin-pages-deep.spec.mts:38:5 › Admin unauthenticated › unauth /en/admin/analytics/seo — does not expose admin content (1.9s)
  ✓   444 [chromium] › e2e/admin-pages-sweep.spec.ts:10:7 › Admin page sweep (cookie-authenticated) › /en/admin loads with h1/h2 and no console errors (1.6s)
  ✓   445 [chromium] › e2e/admin-pages-deep.spec.mts:38:5 › Admin unauthenticated › unauth /en/admin/analytics/unified — does not expose admin content (1.7s)
  ✓   447 [chromium] › e2e/admin-pages-deep.spec.mts:38:5 › Admin unauthenticated › unauth /en/admin/blog — does not expose admin content (2.3s)
  ✓   446 [chromium] › e2e/admin-pages-sweep.spec.ts:20:7 › Admin page sweep (cookie-authenticated) › /en/admin/ab-tests loads with h1/h2 and no console errors (2.5s)
  ✓   449 [chromium] › e2e/admin-pages-sweep.spec.ts:30:7 › Admin page sweep (cookie-authenticated) › /en/admin/ai-assistant loads with h1/h2 and no console errors (1.7s)
  ✓   448 [chromium] › e2e/admin-pages-deep.spec.mts:38:5 › Admin unauthenticated › unauth /en/admin/calendar — does not expose admin content (2.3s)
  ✓   450 [chromium] › e2e/admin-pages-sweep.spec.ts:40:7 › Admin page sweep (cookie-authenticated) › /en/admin/analytics loads with h1/h2 and no console errors (1.5s)
  ✓   451 [chromium] › e2e/admin-pages-deep.spec.mts:38:5 › Admin unauthenticated › unauth /en/admin/campaigns — does not expose admin content (1.7s)
  ✓   452 [chromium] › e2e/admin-pages-sweep.spec.ts:50:7 › Admin page sweep (cookie-authenticated) › /en/admin/analytics/unified loads with h1/h2 and no console errors (1.7s)
  ✓   453 [chromium] › e2e/admin-pages-deep.spec.mts:38:5 › Admin unauthenticated › unauth /en/admin/campaigns/google — does not expose admin content (1.9s)
  ✓   454 [chromium] › e2e/admin-pages-sweep.spec.ts:60:7 › Admin page sweep (cookie-authenticated) › /en/admin/blog loads with h1/h2 and no console errors (2.8s)
  ✓   455 [chromium] › e2e/admin-pages-deep.spec.mts:38:5 › Admin unauthenticated › unauth /en/admin/campaigns/linkedin — does not expose admin content (2.9s)
  ✓   456 [chromium] › e2e/admin-pages-sweep.spec.ts:70:7 › Admin page sweep (cookie-authenticated) › /en/admin/calendar loads with h1/h2 and no console errors (2.1s)
  ✓   457 [chromium] › e2e/admin-pages-deep.spec.mts:38:5 › Admin unauthenticated › unauth /en/admin/campaigns/meta — does not expose admin content (2.2s)
  ✓   458 [chromium] › e2e/admin-pages-sweep.spec.ts:80:7 › Admin page sweep (cookie-authenticated) › /en/admin/campaigns loads with h1/h2 and no console errors (1.8s)
  ✓   459 [chromium] › e2e/admin-pages-deep.spec.mts:38:5 › Admin unauthenticated › unauth /en/admin/campaigns/tiktok — does not expose admin content (2.7s)
  ✓   460 [chromium] › e2e/admin-pages-sweep.spec.ts:90:7 › Admin page sweep (cookie-authenticated) › /en/admin/campaigns/google loads with h1/h2 and no console errors (2.2s)
  ✓   462 [chromium] › e2e/admin-pages-sweep.spec.ts:100:7 › Admin page sweep (cookie-authenticated) › /en/admin/campaigns/linkedin loads with h1/h2 and no console errors (2.4s)
  ✓   461 [chromium] › e2e/admin-pages-deep.spec.mts:38:5 › Admin unauthenticated › unauth /en/admin/campaigns/x — does not expose admin content (2.6s)
  ✓   463 [chromium] › e2e/admin-pages-sweep.spec.ts:110:7 › Admin page sweep (cookie-authenticated) › /en/admin/campaigns/tiktok loads with h1/h2 and no console errors (2.3s)
  ✓   464 [chromium] › e2e/admin-pages-deep.spec.mts:38:5 › Admin unauthenticated › unauth /en/admin/client-portals — does not expose admin content (2.4s)
  ✓   465 [chromium] › e2e/admin-pages-sweep.spec.ts:120:7 › Admin page sweep (cookie-authenticated) › /en/admin/campaigns/x loads with h1/h2 and no console errors (2.6s)
  ✓   466 [chromium] › e2e/admin-pages-deep.spec.mts:38:5 › Admin unauthenticated › unauth /en/admin/cms/case-studies — does not expose admin content (3.0s)
  ✓   467 [chromium] › e2e/admin-pages-sweep.spec.ts:130:7 › Admin page sweep (cookie-authenticated) › /en/admin/client-portals loads with h1/h2 and no console errors (1.3s)
  ✓   468 [chromium] › e2e/admin-pages-deep.spec.mts:38:5 › Admin unauthenticated › unauth /en/admin/cms/faqs — does not expose admin content (2.2s)
  ✓   469 [chromium] › e2e/admin-pages-sweep.spec.ts:140:7 › Admin page sweep (cookie-authenticated) › /en/admin/crm loads with h1/h2 and no console errors (2.0s)
[WebServer] ⨯ SyntaxError: Unexpected end of JSON input
[WebServer]     at JSON.parse (<anonymous>) {
[WebServer]   page: '/api/auth/session'
[WebServer] }
  ✓   471 [chromium] › e2e/admin-pages-sweep.spec.ts:150:7 › Admin page sweep (cookie-authenticated) › /en/admin/crm/companies loads with h1/h2 and no console errors (2.8s)
  ✓   470 [chromium] › e2e/admin-pages-deep.spec.mts:38:5 › Admin unauthenticated › unauth /en/admin/cms/services — does not expose admin content (4.6s)
[WebServer] ⨯ SyntaxError: Unexpected end of JSON input
[WebServer]     at JSON.parse (<anonymous>) {
[WebServer]   page: '/services'
[WebServer] }
[WebServer] [browser] Uncaught SyntaxError: Unexpected end of JSON input
[WebServer]     at JSON.parse (<anonymous>)
  ✓   472 [chromium] › e2e/admin-pages-sweep.spec.ts:160:7 › Admin page sweep (cookie-authenticated) › /en/admin/crm/tickets loads with h1/h2 and no console errors (2.9s)
  ✓   473 [chromium] › e2e/admin-pages-deep.spec.mts:38:5 › Admin unauthenticated › unauth /en/admin/cms/testimonials — does not expose admin content (2.4s)
  ✓   474 [chromium] › e2e/admin-pages-sweep.spec.ts:170:7 › Admin page sweep (cookie-authenticated) › /en/admin/docs loads with h1/h2 and no console errors (2.8s)
  ✓   475 [chromium] › e2e/admin-pages-deep.spec.mts:38:5 › Admin unauthenticated › unauth /en/admin/crm — does not expose admin content (3.9s)
  ✓   476 [chromium] › e2e/admin-pages-sweep.spec.ts:180:7 › Admin page sweep (cookie-authenticated) › /en/admin/email loads with h1/h2 and no console errors (2.2s)
  ✓   478 [chromium] › e2e/admin-pages-sweep.spec.ts:190:7 › Admin page sweep (cookie-authenticated) › /en/admin/errors loads with h1/h2 and no console errors (2.4s)
  ✓   477 [chromium] › e2e/admin-pages-deep.spec.mts:38:5 › Admin unauthenticated › unauth /en/admin/crm/companies — does not expose admin content (3.1s)
  ✓   479 [chromium] › e2e/admin-pages-sweep.spec.ts:200:7 › Admin page sweep (cookie-authenticated) › /en/admin/esp32 loads with h1/h2 and no console errors (1.9s)
  ✓   480 [chromium] › e2e/admin-pages-deep.spec.mts:38:5 › Admin unauthenticated › unauth /en/admin/crm/tickets — does not expose admin content (2.6s)
  ✓   481 [chromium] › e2e/admin-pages-sweep.spec.ts:210:7 › Admin page sweep (cookie-authenticated) › /en/admin/esp32-manager loads with h1/h2 and no console errors (2.3s)
  ✓   483 [chromium] › e2e/admin-pages-sweep.spec.ts:220:7 › Admin page sweep (cookie-authenticated) › /en/admin/hubspot loads with h1/h2 and no console errors (621ms)
  ✓   482 [chromium] › e2e/admin-pages-deep.spec.mts:38:5 › Admin unauthenticated › unauth /en/admin/docs — does not expose admin content (2.1s)
  ✓   484 [chromium] › e2e/admin-pages-sweep.spec.ts:230:7 › Admin page sweep (cookie-authenticated) › /en/admin/integrations loads with h1/h2 and no console errors (1.8s)
  ✓   485 [chromium] › e2e/admin-pages-deep.spec.mts:38:5 › Admin unauthenticated › unauth /en/admin/email — does not expose admin content (1.7s)
  ✓   486 [chromium] › e2e/admin-pages-sweep.spec.ts:240:7 › Admin page sweep (cookie-authenticated) › /en/admin/kpi loads with h1/h2 and no console errors (2.0s)
  ✓   487 [chromium] › e2e/admin-pages-deep.spec.mts:38:5 › Admin unauthenticated › unauth /en/admin/email/campaigns — does not expose admin content (2.6s)
  ✓   488 [chromium] › e2e/admin-pages-sweep.spec.ts:250:7 › Admin page sweep (cookie-authenticated) › /en/admin/monitor loads with h1/h2 and no console errors (2.0s)
  ✓   489 [chromium] › e2e/admin-pages-deep.spec.mts:38:5 › Admin unauthenticated › unauth /en/admin/errors — does not expose admin content (2.2s)
  ✓   490 [chromium] › e2e/admin-pages-sweep.spec.ts:260:7 › Admin page sweep (cookie-authenticated) › /en/admin/notifications loads with h1/h2 and no console errors (1.4s)
  ✓   491 [chromium] › e2e/admin-pages-deep.spec.mts:38:5 › Admin unauthenticated › unauth /en/admin/esp32 — does not expose admin content (2.6s)
  ✓   492 [chromium] › e2e/admin-pages-sweep.spec.ts:270:7 › Admin page sweep (cookie-authenticated) › /en/admin/notion loads with h1/h2 and no console errors (2.1s)
  ✓   494 [chromium] › e2e/admin-pages-sweep.spec.ts:280:7 › Admin page sweep (cookie-authenticated) › /en/admin/notion/analytics loads with h1/h2 and no console errors (1.8s)
  ✓   493 [chromium] › e2e/admin-pages-deep.spec.mts:38:5 › Admin unauthenticated › unauth /en/admin/esp32-manager — does not expose admin content (2.3s)
  ✓   495 [chromium] › e2e/admin-pages-sweep.spec.ts:290:7 › Admin page sweep (cookie-authenticated) › /en/admin/notion/projects loads with h1/h2 and no console errors (1.1s)
  ✓   497 [chromium] › e2e/admin-pages-sweep.spec.ts:300:7 › Admin page sweep (cookie-authenticated) › /en/admin/notion/status loads with h1/h2 and no console errors (1.9s)
  ✓   496 [chromium] › e2e/admin-pages-deep.spec.mts:38:5 › Admin unauthenticated › unauth /en/admin/hubspot — does not expose admin content (3.7s)
  ✓   498 [chromium] › e2e/admin-pages-sweep.spec.ts:310:7 › Admin page sweep (cookie-authenticated) › /en/admin/notion/submissions loads with h1/h2 and no console errors (1.9s)
  ✓   500 [chromium] › e2e/admin-pages-sweep.spec.ts:320:7 › Admin page sweep (cookie-authenticated) › /en/admin/notion/tasks loads with h1/h2 and no console errors (1.9s)
  ✓   499 [chromium] › e2e/admin-pages-deep.spec.mts:38:5 › Admin unauthenticated › unauth /en/admin/integrations — does not expose admin content (3.4s)
  ✓   501 [chromium] › e2e/admin-pages-sweep.spec.ts:330:7 › Admin page sweep (cookie-authenticated) › /en/admin/orders loads with h1/h2 and no console errors (3.2s)
  ✓   502 [chromium] › e2e/admin-pages-deep.spec.mts:38:5 › Admin unauthenticated › unauth /en/admin/kpi — does not expose admin content (3.1s)
  ✓   503 [chromium] › e2e/admin-pages-sweep.spec.ts:340:7 › Admin page sweep (cookie-authenticated) › /en/admin/pipeline loads with h1/h2 and no console errors (4.0s)
  ✓   504 [chromium] › e2e/admin-pages-deep.spec.mts:38:5 › Admin unauthenticated › unauth /en/admin/leads — does not expose admin content (3.9s)
  ✓   505 [chromium] › e2e/admin-pages-sweep.spec.ts:350:7 › Admin page sweep (cookie-authenticated) › /en/admin/projects loads with h1/h2 and no console errors (3.0s)
  ✓   506 [chromium] › e2e/admin-pages-deep.spec.mts:38:5 › Admin unauthenticated › unauth /en/admin/monitor — does not expose admin content (3.4s)
  ✓   507 [chromium] › e2e/admin-pages-sweep.spec.ts:360:7 › Admin page sweep (cookie-authenticated) › /en/admin/reports loads with h1/h2 and no console errors (2.5s)
  ✓   508 [chromium] › e2e/admin-pages-deep.spec.mts:38:5 › Admin unauthenticated › unauth /en/admin/notifications — does not expose admin content (2.3s)
  ✓   509 [chromium] › e2e/admin-pages-sweep.spec.ts:370:7 › Admin page sweep (cookie-authenticated) › /en/admin/settings loads with h1/h2 and no console errors (2.0s)
  ✓   510 [chromium] › e2e/admin-pages-deep.spec.mts:38:5 › Admin unauthenticated › unauth /en/admin/notion — does not expose admin content (2.0s)
  ✓   511 [chromium] › e2e/admin-pages-sweep.spec.ts:380:7 › Admin page sweep (cookie-authenticated) › /en/admin/subscriptions loads with h1/h2 and no console errors (3.2s)
  ✓   512 [chromium] › e2e/admin-pages-deep.spec.mts:38:5 › Admin unauthenticated › unauth /en/admin/notion/analytics — does not expose admin content (3.7s)
  ✓   513 [chromium] › e2e/admin-pages-sweep.spec.ts:390:7 › Admin page sweep (cookie-authenticated) › /en/admin/users loads with h1/h2 and no console errors (2.6s)
  ✓   514 [chromium] › e2e/admin-pages-deep.spec.mts:38:5 › Admin unauthenticated › unauth /en/admin/notion/projects — does not expose admin content (1.9s)
  ✓   515 [chromium] › e2e/admin-pages-sweep.spec.ts:400:7 › Admin page sweep (cookie-authenticated) › /en/admin/voice-brief loads with h1/h2 and no console errors (2.6s)
  ✓   516 [chromium] › e2e/admin-pages-deep.spec.mts:38:5 › Admin unauthenticated › unauth /en/admin/notion/status — does not expose admin content (2.7s)
[WebServer] ⨯ SyntaxError: Unexpected end of JSON input
[WebServer]     at JSON.parse (<anonymous>) {
[WebServer]   page: '/api/auth/session'
[WebServer] }
  ✓   517 [chromium] › e2e/admin-pages-sweep.spec.ts:410:7 › Admin page sweep (cookie-authenticated) › /en/admin/workspaces loads with h1/h2 and no console errors (2.3s)
  ✓   519 [chromium] › e2e/admin-workspaces.spec.ts:8:7 › Admin workspaces › unauth API GET → 401 (344ms)
  ✓   520 [chromium] › e2e/admin-workspaces.spec.ts:13:7 › Admin workspaces › authed API GET → 200 + workspaces array (22ms)
  ✓   521 [chromium] › e2e/admin-workspaces.spec.ts:20:7 › Admin workspaces › authed API POST without name → 400 (23ms)
[WebServer] ⨯ SyntaxError: Unexpected end of JSON input
[WebServer]     at JSON.parse (<anonymous>)
  ✓   522 [chromium] › e2e/admin-workspaces.spec.ts:28:7 › Admin workspaces › authed API POST creates workspace + GET lists it (85ms)
  ✓   518 [chromium] › e2e/admin-pages-deep.spec.mts:38:5 › Admin unauthenticated › unauth /en/admin/notion/submissions — does not expose admin content (2.3s)
  ✓   523 [chromium] › e2e/admin-workspaces.spec.ts:47:7 › Admin workspaces › page does not expose admin UI when unauth (2.1s)
  ✓   524 [chromium] › e2e/admin-pages-deep.spec.mts:38:5 › Admin unauthenticated › unauth /en/admin/notion/tasks — does not expose admin content (2.0s)
  ✓   525 [chromium] › e2e/admin-workspaces.spec.ts:55:7 › Admin workspaces › page renders with E2E admin cookie (2.2s)
  -   527 [chromium] › e2e/admin.spec.ts:44:7 › Admin Panel › can access the admin dashboard
  -   528 [chromium] › e2e/admin.spec.ts:55:7 › Admin Panel › admin navigation contains key sections
  ✓   526 [chromium] › e2e/admin-pages-deep.spec.mts:38:5 › Admin unauthenticated › unauth /en/admin/orders — does not expose admin content (2.7s)
  -   529 [chromium] › e2e/admin.spec.ts:68:7 › Admin Panel › can navigate to admin subpages
  ✓   531 [chromium] › e2e/api/admin-api-comprehensive.spec.ts:19:9 › Admin API - Comprehensive Testing › Authentication Requirements › should reject unauthenticated requests to admin endpoints (99ms)
  ✓   532 [chromium] › e2e/api/admin-api-comprehensive.spec.ts:32:9 › Admin API - Comprehensive Testing › AB Tests Endpoint › should return AB tests data when authenticated (40ms)
  ✓   533 [chromium] › e2e/api/admin-api-comprehensive.spec.ts:50:9 › Admin API - Comprehensive Testing › AB Tests Endpoint › should handle invalid AB test ID gracefully (206ms)
[WebServer] [analytics-orchestration] Analytics orchestration failed. Error: Anthropic API error 401: {"type":"error","error":{"type":"authentication_error","message":"API key is invalid."},"request_id":null}
[WebServer]     at callClaude (src/lib/anthropic.ts:139:11)
[WebServer]     at async runAnalyticsAgentOrchestration (src/lib/analytics-agent-orchestrator.ts:540:15)
[WebServer]     at async prepareOrchestration (src/app/api/admin/ai/analytics-orchestration/_shared.ts:62:27)
[WebServer]     at async POST (src/app/api/admin/ai/analytics-orchestration/route.ts:5:20)
[WebServer]   137 |   if (!res.ok) {
[WebServer]   138 |     const err = await res.text().catch(() => "");
[WebServer] > 139 |     throw new Error(`Anthropic API error ${res.status}: ${err}`);
[WebServer]       |           ^
[WebServer]   140 |   }
[WebServer]   141 |
[WebServer]   142 |   const data = (await res.json()) as { content?: Array<{ text?: string }> };
  ✘   534 [chromium] › e2e/api/admin-api-comprehensive.spec.ts:63:9 › Admin API - Comprehensive Testing › AI Analytics Orchestration Endpoint › should return analytics orchestration data (453ms)
  ✓   530 [chromium] › e2e/admin-pages-deep.spec.mts:38:5 › Admin unauthenticated › unauth /en/admin/pipeline — does not expose admin content (1.8s)
[WebServer] [analytics-orchestration] Analytics orchestration failed. Error: Anthropic API error 401: {"type":"error","error":{"type":"authentication_error","message":"API key is invalid."},"request_id":null}
[WebServer]     at callClaude (src/lib/anthropic.ts:139:11)
[WebServer]     at async runAnalyticsAgentOrchestration (src/lib/analytics-agent-orchestrator.ts:540:15)
[WebServer]     at async prepareOrchestration (src/app/api/admin/ai/analytics-orchestration/_shared.ts:62:27)
[WebServer]     at async POST (src/app/api/admin/ai/analytics-orchestration/route.ts:5:20)
[WebServer]   137 |   if (!res.ok) {
[WebServer]   138 |     const err = await res.text().catch(() => "");
[WebServer] > 139 |     throw new Error(`Anthropic API error ${res.status}: ${err}`);
[WebServer]       |           ^
[WebServer]   140 |   }
[WebServer]   141 |
[WebServer]   142 |   const data = (await res.json()) as { content?: Array<{ text?: string }> };
  ✘   536 [chromium] › e2e/api/admin-api-comprehensive.spec.ts:63:9 › Admin API - Comprehensive Testing › AI Analytics Orchestration Endpoint › should return analytics orchestration data (retry #1) (1.2s)
[WebServer] [analytics-orchestration] Analytics PDF export failed. Error: Anthropic API error 401: {"type":"error","error":{"type":"authentication_error","message":"API key is invalid."},"request_id":null}
[WebServer]     at callClaude (src/lib/anthropic.ts:139:11)
[WebServer]     at async runAnalyticsAgentOrchestration (src/lib/analytics-agent-orchestrator.ts:540:15)
[WebServer]     at async prepareOrchestration (src/app/api/admin/ai/analytics-orchestration/_shared.ts:62:27)
[WebServer]     at async POST (src/app/api/admin/ai/analytics-orchestration/pdf/route.ts:6:20)
[WebServer]   137 |   if (!res.ok) {
[WebServer]   138 |     const err = await res.text().catch(() => "");
[WebServer] > 139 |     throw new Error(`Anthropic API error ${res.status}: ${err}`);
[WebServer]       |           ^
[WebServer]   140 |   }
[WebServer]   141 |
[WebServer]   142 |   const data = (await res.json()) as { content?: Array<{ text?: string }> };
  ✘   537 [chromium] › e2e/api/admin-api-comprehensive.spec.ts:75:9 › Admin API - Comprehensive Testing › AI Analytics Orchestration Endpoint › should handle PDF generation request (650ms)
  ✓   535 [chromium] › e2e/admin-pages-deep.spec.mts:38:5 › Admin unauthenticated › unauth /en/admin/projects — does not expose admin content (3.2s)
[WebServer] [analytics-orchestration] Analytics PDF export failed. Error: Anthropic API error 401: {"type":"error","error":{"type":"authentication_error","message":"API key is invalid."},"request_id":null}
[WebServer]     at callClaude (src/lib/anthropic.ts:139:11)
[WebServer]     at async runAnalyticsAgentOrchestration (src/lib/analytics-agent-orchestrator.ts:540:15)
[WebServer]     at async prepareOrchestration (src/app/api/admin/ai/analytics-orchestration/_shared.ts:62:27)
[WebServer]     at async POST (src/app/api/admin/ai/analytics-orchestration/pdf/route.ts:6:20)
[WebServer]   137 |   if (!res.ok) {
[WebServer]   138 |     const err = await res.text().catch(() => "");
[WebServer] > 139 |     throw new Error(`Anthropic API error ${res.status}: ${err}`);
[WebServer]       |           ^
[WebServer]   140 |   }
[WebServer]   141 |
[WebServer]   142 |   const data = (await res.json()) as { content?: Array<{ text?: string }> };
  ✘   539 [chromium] › e2e/api/admin-api-comprehensive.spec.ts:75:9 › Admin API - Comprehensive Testing › AI Analytics Orchestration Endpoint › should handle PDF generation request (retry #1) (690ms)
  ✓   538 [chromium] › e2e/admin-pages-deep.spec.mts:38:5 › Admin unauthenticated › unauth /en/admin/reports — does not expose admin content (1.8s)
[WebServer] [ai/audience] Claude call failed: Error: Anthropic API error 401: {"type":"error","error":{"type":"authentication_error","message":"API key is invalid."},"request_id":null}
[WebServer]     at callClaude (src/lib/anthropic.ts:139:11)
[WebServer]     at async POST (src/app/api/admin/ai/audience/route.ts:93:18)
[WebServer]   137 |   if (!res.ok) {
[WebServer]   138 |     const err = await res.text().catch(() => "");
[WebServer] > 139 |     throw new Error(`Anthropic API error ${res.status}: ${err}`);
[WebServer]       |           ^
[WebServer]   140 |   }
[WebServer]   141 |
[WebServer]   142 |   const data = (await res.json()) as { content?: Array<{ text?: string }> };
  ✘   540 [chromium] › e2e/api/admin-api-comprehensive.spec.ts:90:9 › Admin API - Comprehensive Testing › AI Audience Endpoint › should return audience data (1.2s)
  ✓   541 [chromium] › e2e/admin-pages-deep.spec.mts:38:5 › Admin unauthenticated › unauth /en/admin/settings — does not expose admin content (2.3s)
[WebServer] [ai/audience] Claude call failed: Error: Anthropic API error 401: {"type":"error","error":{"type":"authentication_error","message":"API key is invalid."},"request_id":null}
[WebServer]     at callClaude (src/lib/anthropic.ts:139:11)
[WebServer]     at async POST (src/app/api/admin/ai/audience/route.ts:93:18)
[WebServer]   137 |   if (!res.ok) {
[WebServer]   138 |     const err = await res.text().catch(() => "");
[WebServer] > 139 |     throw new Error(`Anthropic API error ${res.status}: ${err}`);
[WebServer]       |           ^
[WebServer]   140 |   }
[WebServer]   141 |
[WebServer]   142 |   const data = (await res.json()) as { content?: Array<{ text?: string }> };
  ✘   542 [chromium] › e2e/api/admin-api-comprehensive.spec.ts:90:9 › Admin API - Comprehensive Testing › AI Audience Endpoint › should return audience data (retry #1) (1.3s)
[WebServer] [ai/campaign] Claude call failed: Error: Anthropic API error 401: {"type":"error","error":{"type":"authentication_error","message":"API key is invalid."},"request_id":null}
[WebServer]     at callClaude (src/lib/anthropic.ts:139:11)
[WebServer]     at async POST (src/app/api/admin/ai/campaign/route.ts:65:18)
[WebServer]   137 |   if (!res.ok) {
[WebServer]   138 |     const err = await res.text().catch(() => "");
[WebServer] > 139 |     throw new Error(`Anthropic API error ${res.status}: ${err}`);
[WebServer]       |           ^
[WebServer]   140 |   }
[WebServer]   141 |
[WebServer]   142 |   const data = (await res.json()) as { content?: Array<{ text?: string }> };
  ✘   544 [chromium] › e2e/api/admin-api-comprehensive.spec.ts:109:9 › Admin API - Comprehensive Testing › AI Campaign Endpoint › should accept campaign creation data (730ms)
[WebServer] [ai/campaign] Claude call failed: Error: Anthropic API error 401: {"type":"error","error":{"type":"authentication_error","message":"API key is invalid."},"request_id":null}
[WebServer]     at callClaude (src/lib/anthropic.ts:139:11)
[WebServer]     at async POST (src/app/api/admin/ai/campaign/route.ts:65:18)
[WebServer]   137 |   if (!res.ok) {
[WebServer]   138 |     const err = await res.text().catch(() => "");
[WebServer] > 139 |     throw new Error(`Anthropic API error ${res.status}: ${err}`);
[WebServer]       |           ^
[WebServer]   140 |   }
[WebServer]   141 |
[WebServer]   142 |   const data = (await res.json()) as { content?: Array<{ text?: string }> };
  ✘   545 [chromium] › e2e/api/admin-api-comprehensive.spec.ts:109:9 › Admin API - Comprehensive Testing › AI Campaign Endpoint › should accept campaign creation data (retry #1) (762ms)
  ✓   543 [chromium] › e2e/admin-pages-deep.spec.mts:38:5 › Admin unauthenticated › unauth /en/admin/subscriptions — does not expose admin content (4.1s)
  ✓   547 [chromium] › e2e/api/admin-api-comprehensive.spec.ts:130:9 › Admin API - Comprehensive Testing › AI Copy Endpoint › should return copy generation data (716ms)
  ✓   548 [chromium] › e2e/api/admin-api-comprehensive.spec.ts:149:9 › Admin API - Comprehensive Testing › AI Copy Endpoint › should accept copy generation request (48ms)
  ✓   549 [chromium] › e2e/api/admin-api-comprehensive.spec.ts:183:11 › Admin API - Comprehensive Testing › Analytics Endpoints › should return data for /api/admin/analytics/devices (370ms)
  ✓   550 [chromium] › e2e/api/admin-api-comprehensive.spec.ts:183:11 › Admin API - Comprehensive Testing › Analytics Endpoints › should return data for /api/admin/analytics/products (265ms)
  ✓   551 [chromium] › e2e/api/admin-api-comprehensive.spec.ts:183:11 › Admin API - Comprehensive Testing › Analytics Endpoints › should return data for /api/admin/analytics/pages (264ms)
  ✓   552 [chromium] › e2e/api/admin-api-comprehensive.spec.ts:183:11 › Admin API - Comprehensive Testing › Analytics Endpoints › should return data for /api/admin/analytics/query-pages (257ms)
  ✓   546 [chromium] › e2e/admin-pages-deep.spec.mts:38:5 › Admin unauthenticated › unauth /en/admin/users — does not expose admin content (2.7s)
  ✓   553 [chromium] › e2e/api/admin-api-comprehensive.spec.ts:183:11 › Admin API - Comprehensive Testing › Analytics Endpoints › should return data for /api/admin/analytics/search-intent (686ms)
[WebServer] [GSC] Overview error: {
[WebServer]   "error": {
[WebServer]     "code": 403,
[WebServer]     "message": "User does not have sufficient permission for site 'https://cloudless.gr/'. See also: https://support.google.com/webmasters/answer/2451999.",
[WebServer]     "errors": [
[WebServer]       {
[WebServer]         "message": "User does not have sufficient permission for site 'https://cloudless.gr/'. See also: https://support.google.com/webmasters/answer/2451999.",
[WebServer]         "domain": "global",
[WebServer]         "reason": "forbidden"
[WebServer]       }
[WebServer]     ]
[WebServer]   }
[WebServer] }
[WebServer] 
  ✓   555 [chromium] › e2e/api/admin-api-comprehensive.spec.ts:183:11 › Admin API - Comprehensive Testing › Analytics Endpoints › should return data for /api/admin/analytics/seo (860ms)
  ✓   556 [chromium] › e2e/api/admin-api-comprehensive.spec.ts:183:11 › Admin API - Comprehensive Testing › Analytics Endpoints › should return data for /api/admin/analytics/countries (190ms)
  ✓   557 [chromium] › e2e/api/admin-api-comprehensive.spec.ts:203:11 › Admin API - Comprehensive Testing › Analytics Endpoints › should return data for /api/admin/analytics/history (335ms)
  ✓   558 [chromium] › e2e/api/admin-api-comprehensive.spec.ts:203:11 › Admin API - Comprehensive Testing › Analytics Endpoints › should return data for /api/admin/analytics/keywords (231ms)
  ✓   554 [chromium] › e2e/admin-pages-deep.spec.mts:38:5 › Admin unauthenticated › unauth /en/admin/voice-brief — does not expose admin content (2.6s)
[WebServer] [GSC] Overview error: {
[WebServer]   "error": {
[WebServer]     "code": 403,
[WebServer]     "message": "User does not have sufficient permission for site 'https://cloudless.gr/'. See also: https://support.google.com/webmasters/answer/2451999.",
[WebServer]     "errors": [
[WebServer]       {
[WebServer]         "message": "User does not have sufficient permission for site 'https://cloudless.gr/'. See also: https://support.google.com/webmasters/answer/2451999.",
[WebServer]         "domain": "global",
[WebServer]         "reason": "forbidden"
[WebServer]       }
[WebServer]     ]
[WebServer]   }
[WebServer] }
[WebServer] 
[WebServer] [EspoCRM] listNewsletterSubscribers error: SyntaxError: Unexpected token '<', "<!DOCTYPE "... is not valid JSON
[WebServer]     at JSON.parse (<anonymous>)
  ✓   559 [chromium] › e2e/api/admin-api-comprehensive.spec.ts:203:11 › Admin API - Comprehensive Testing › Analytics Endpoints › should return data for /api/admin/analytics/unified (2.1s)
  ✓   561 [chromium] › e2e/api/admin-api-comprehensive.spec.ts:203:11 › Admin API - Comprehensive Testing › Analytics Endpoints › should return data for /api/admin/analytics/web (636ms)
[WebServer] ⨯ ReferenceError: invalidateCache is not defined
[WebServer]     at POST (src/app/api/admin/cache/route.ts:29:3)
[WebServer]   27 |   }
[WebServer]   28 |
[WebServer] > 29 |   invalidateCache(prefix);
[WebServer]      |   ^
[WebServer]   30 |
[WebServer]   31 |   return NextResponse.json({
[WebServer]   32 |     ok: true,
  ✘   562 [chromium] › e2e/api/admin-api-comprehensive.spec.ts:217:9 › Admin API - Comprehensive Testing › Cache Endpoint › should return cache statistics (59ms)
  ✓   560 [chromium] › e2e/admin-pages-deep.spec.mts:38:5 › Admin unauthenticated › unauth /en/admin/workspaces — does not expose admin content (3.0s)
[WebServer] ⨯ ReferenceError: invalidateCache is not defined
[WebServer]     at POST (src/app/api/admin/cache/route.ts:29:3)
[WebServer]   27 |   }
[WebServer]   28 |
[WebServer] > 29 |   invalidateCache(prefix);
[WebServer]      |   ^
[WebServer]   30 |
[WebServer]   31 |   return NextResponse.json({
[WebServer]   32 |     ok: true,
  ✘   564 [chromium] › e2e/api/admin-api-comprehensive.spec.ts:217:9 › Admin API - Comprehensive Testing › Cache Endpoint › should return cache statistics (retry #1) (1.1s)
  ✘   565 [chromium] › e2e/api/admin-api-comprehensive.spec.ts:227:9 › Admin API - Comprehensive Testing › Cache Endpoint › should accept cache clear request (723ms)
  ✓   563 [chromium] › e2e/admin-pages-deep.spec.mts:71:5 › Admin authenticated › auth /en/admin — renders without 5xx (3.0s)
  ✘   567 [chromium] › e2e/api/admin-api-comprehensive.spec.ts:227:9 › Admin API - Comprehensive Testing › Cache Endpoint › should accept cache clear request (retry #1) (1.1s)
  ✓   566 [chromium] › e2e/admin-pages-deep.spec.mts:71:5 › Admin authenticated › auth /en/admin/ab-tests — renders without 5xx (2.9s)
  ✓   568 [chromium] › e2e/api/admin-api-comprehensive.spec.ts:240:9 › Admin API - Comprehensive Testing › Calendar Endpoint › should return calendar data (2.1s)
  ✓   570 [chromium] › e2e/api/admin-api-comprehensive.spec.ts:249:9 › Admin API - Comprehensive Testing › Calendar Endpoint › should accept calendar event creation (60ms)
  ✓   571 [chromium] › e2e/api/admin-api-comprehensive.spec.ts:279:11 › Admin API - Comprehensive Testing › CRM Endpoints › should return data for /api/admin/crm/companies (505ms)
  ✓   572 [chromium] › e2e/api/admin-api-comprehensive.spec.ts:279:11 › Admin API - Comprehensive Testing › CRM Endpoints › should return data for /api/admin/crm/contacts (217ms)
  ✓   573 [chromium] › e2e/api/admin-api-comprehensive.spec.ts:279:11 › Admin API - Comprehensive Testing › CRM Endpoints › should return data for /api/admin/crm/deals (154ms)
  ✓   574 [chromium] › e2e/api/admin-api-comprehensive.spec.ts:279:11 › Admin API - Comprehensive Testing › CRM Endpoints › should return data for /api/admin/crm/owners (176ms)
  ✓   575 [chromium] › e2e/api/admin-api-comprehensive.spec.ts:279:11 › Admin API - Comprehensive Testing › CRM Endpoints › should return data for /api/admin/crm/pipelines (47ms)
  ✓   569 [chromium] › e2e/admin-pages-deep.spec.mts:71:5 › Admin authenticated › auth /en/admin/ai-assistant — renders without 5xx (3.4s)
  ✓   576 [chromium] › e2e/api/admin-api-comprehensive.spec.ts:279:11 › Admin API - Comprehensive Testing › CRM Endpoints › should return data for /api/admin/crm/tickets (248ms)
  ✘   578 [chromium] › e2e/api/admin-api-comprehensive.spec.ts:302:11 › Admin API - Comprehensive Testing › Email Endpoints › should return data for /api/admin/email/automations (54ms)
  ✘   579 [chromium] › e2e/api/admin-api-comprehensive.spec.ts:302:11 › Admin API - Comprehensive Testing › Email Endpoints › should return data for /api/admin/email/automations (retry #1) (883ms)
  ✓   577 [chromium] › e2e/admin-pages-deep.spec.mts:71:5 › Admin authenticated › auth /en/admin/ai-generator — renders without 5xx (2.8s)
  ✘   580 [chromium] › e2e/api/admin-api-comprehensive.spec.ts:302:11 › Admin API - Comprehensive Testing › Email Endpoints › should return data for /api/admin/email/campaigns (907ms)
  ✘   582 [chromium] › e2e/api/admin-api-comprehensive.spec.ts:302:11 › Admin API - Comprehensive Testing › Email Endpoints › should return data for /api/admin/email/campaigns (retry #1) (442ms)
  ✓   581 [chromium] › e2e/admin-pages-deep.spec.mts:71:5 › Admin authenticated › auth /en/admin/analytics — renders without 5xx (3.0s)
[WebServer] [EspoCRM] Error fetching email contacts: SyntaxError: Unexpected token '<', "<!DOCTYPE "... is not valid JSON
[WebServer]     at JSON.parse (<anonymous>)
  ✘   583 [chromium] › e2e/api/admin-api-comprehensive.spec.ts:302:11 › Admin API - Comprehensive Testing › Email Endpoints › should return data for /api/admin/email/contacts (1.7s)
[WebServer] [EspoCRM] Error fetching email contacts: SyntaxError: Unexpected token '<', "<!DOCTYPE "... is not valid JSON
[WebServer]     at JSON.parse (<anonymous>)
  ✘   585 [chromium] › e2e/api/admin-api-comprehensive.spec.ts:302:11 › Admin API - Comprehensive Testing › Email Endpoints › should return data for /api/admin/email/contacts (retry #1) (1.8s)
  ✓   584 [chromium] › e2e/admin-pages-deep.spec.mts:71:5 › Admin authenticated › auth /en/admin/analytics/seo — renders without 5xx (4.7s)
  ✘   586 [chromium] › e2e/api/admin-api-comprehensive.spec.ts:302:11 › Admin API - Comprehensive Testing › Email Endpoints › should return data for /api/admin/email/lists (441ms)
  ✓   587 [chromium] › e2e/admin-pages-deep.spec.mts:71:5 › Admin authenticated › auth /en/admin/analytics/unified — renders without 5xx (1.9s)
  ✘   588 [chromium] › e2e/api/admin-api-comprehensive.spec.ts:302:11 › Admin API - Comprehensive Testing › Email Endpoints › should return data for /api/admin/email/lists (retry #1) (677ms)
[WebServer] [EspoCRM] listNewsletterSubscribers error: SyntaxError: Unexpected token '<', "<!DOCTYPE "... is not valid JSON
[WebServer]     at JSON.parse (<anonymous>)
  ✓   590 [chromium] › e2e/api/admin-api-comprehensive.spec.ts:302:11 › Admin API - Comprehensive Testing › Email Endpoints › should return data for /api/admin/email/stats (1.9s)
  ✘   591 [chromium] › e2e/api/admin-api-comprehensive.spec.ts:313:9 › Admin API - Comprehensive Testing › Email Endpoints › should accept email campaign creation (61ms)
  ✓   589 [chromium] › e2e/admin-pages-deep.spec.mts:71:5 › Admin authenticated › auth /en/admin/blog — renders without 5xx (3.4s)
  ✘   593 [chromium] › e2e/api/admin-api-comprehensive.spec.ts:313:9 › Admin API - Comprehensive Testing › Email Endpoints › should accept email campaign creation (retry #1) (966ms)
  ✓   594 [chromium] › e2e/api/admin-api-comprehensive.spec.ts:334:9 › Admin API - Comprehensive Testing › Integrations Endpoint › should return integrations status (1.9s)
[WebServer] ⨯ ReferenceError: getAnalyticsSummary is not defined
[WebServer]     at GET (src/app/api/admin/kpi/route.ts:27:7)
[WebServer]   25 |   const [analyticsResult, gscResult, projectsResult, taskSummaryResult, overdueResult] =
[WebServer]   26 |     await Promise.allSettled([
[WebServer] > 27 |       analyticsConf ? getAnalyticsSummary(7) : Promise.resolve(null),
[WebServer]      |       ^
[WebServer]   28 |       gscConf ? getSeoSnapshot() : Promise.resolve(null),
[WebServer]   29 |       projectsConf ? listProjects() : Promise.resolve([]),
[WebServer]   30 |       tasksConf ? getTaskSummary() : Promise.resolve({}),
  ✘   595 [chromium] › e2e/api/admin-api-comprehensive.spec.ts:346:9 › Admin API - Comprehensive Testing › KPI Endpoint › should return KPI data (44ms)
  ✓   592 [chromium] › e2e/admin-pages-deep.spec.mts:71:5 › Admin authenticated › auth /en/admin/calendar — renders without 5xx (4.2s)
[WebServer] ⨯ ReferenceError: getAnalyticsSummary is not defined
[WebServer]     at GET (src/app/api/admin/kpi/route.ts:27:7)
[WebServer]   25 |   const [analyticsResult, gscResult, projectsResult, taskSummaryResult, overdueResult] =
[WebServer]   26 |     await Promise.allSettled([
[WebServer] > 27 |       analyticsConf ? getAnalyticsSummary(7) : Promise.resolve(null),
[WebServer]      |       ^
[WebServer]   28 |       gscConf ? getSeoSnapshot() : Promise.resolve(null),
[WebServer]   29 |       projectsConf ? listProjects() : Promise.resolve([]),
[WebServer]   30 |       tasksConf ? getTaskSummary() : Promise.resolve({}),
  ✘   597 [chromium] › e2e/api/admin-api-comprehensive.spec.ts:346:9 › Admin API - Comprehensive Testing › KPI Endpoint › should return KPI data (retry #1) (941ms)
  ✓   596 [chromium] › e2e/admin-pages-deep.spec.mts:71:5 › Admin authenticated › auth /en/admin/campaigns — renders without 5xx (2.6s)
  ✓   598 [chromium] › e2e/api/admin-api-comprehensive.spec.ts:371:11 › Admin API - Comprehensive Testing › Notion Endpoints › should return data for /api/admin/notion/analytics (549ms)
  ✘   600 [chromium] › e2e/api/admin-api-comprehensive.spec.ts:371:11 › Admin API - Comprehensive Testing › Notion Endpoints › should return data for /api/admin/notion/blog (293ms)
  ✘   601 [chromium] › e2e/api/admin-api-comprehensive.spec.ts:371:11 › Admin API - Comprehensive Testing › Notion Endpoints › should return data for /api/admin/notion/blog (retry #1) (470ms)
  ✓   599 [chromium] › e2e/admin-pages-deep.spec.mts:71:5 › Admin authenticated › auth /en/admin/campaigns/google — renders without 5xx (1.8s)
  ✘   603 [chromium] › e2e/api/admin-api-comprehensive.spec.ts:371:11 › Admin API - Comprehensive Testing › Notion Endpoints › should return data for /api/admin/notion/comments (421ms)
  ✓   602 [chromium] › e2e/admin-pages-deep.spec.mts:71:5 › Admin authenticated › auth /en/admin/campaigns/linkedin — renders without 5xx (1.7s)
  ✘   604 [chromium] › e2e/api/admin-api-comprehensive.spec.ts:371:11 › Admin API - Comprehensive Testing › Notion Endpoints › should return data for /api/admin/notion/comments (retry #1) (1.0s)
  ✘   606 [chromium] › e2e/api/admin-api-comprehensive.spec.ts:371:11 › Admin API - Comprehensive Testing › Notion Endpoints › should return data for /api/admin/notion/docs (424ms)
  ✓   605 [chromium] › e2e/admin-pages-deep.spec.mts:71:5 › Admin authenticated › auth /en/admin/campaigns/meta — renders without 5xx (2.5s)
  ✘   607 [chromium] › e2e/api/admin-api-comprehensive.spec.ts:371:11 › Admin API - Comprehensive Testing › Notion Endpoints › should return data for /api/admin/notion/docs (retry #1) (762ms)
  ✓   609 [chromium] › e2e/api/admin-api-comprehensive.spec.ts:371:11 › Admin API - Comprehensive Testing › Notion Endpoints › should return data for /api/admin/notion/projects (995ms)
  ✘   610 [chromium] › e2e/api/admin-api-comprehensive.spec.ts:371:11 › Admin API - Comprehensive Testing › Notion Endpoints › should return data for /api/admin/notion/search (83ms)
  ✓   608 [chromium] › e2e/admin-pages-deep.spec.mts:71:5 › Admin authenticated › auth /en/admin/campaigns/tiktok — renders without 5xx (2.8s)
  ✘   612 [chromium] › e2e/api/admin-api-comprehensive.spec.ts:371:11 › Admin API - Comprehensive Testing › Notion Endpoints › should return data for /api/admin/notion/search (retry #1) (700ms)
  ✓   613 [chromium] › e2e/api/admin-api-comprehensive.spec.ts:371:11 › Admin API - Comprehensive Testing › Notion Endpoints › should return data for /api/admin/notion/status (544ms)
  ✓   611 [chromium] › e2e/admin-pages-deep.spec.mts:71:5 › Admin authenticated › auth /en/admin/campaigns/x — renders without 5xx (2.4s)
  ✓   614 [chromium] › e2e/api/admin-api-comprehensive.spec.ts:371:11 › Admin API - Comprehensive Testing › Notion Endpoints › should return data for /api/admin/notion/submissions (260ms)
  ✓   616 [chromium] › e2e/api/admin-api-comprehensive.spec.ts:371:11 › Admin API - Comprehensive Testing › Notion Endpoints › should return data for /api/admin/notion/tasks (409ms)
  ✓   617 [chromium] › e2e/api/admin-api-comprehensive.spec.ts:391:11 › Admin API - Comprehensive Testing › Operations Endpoints › should return data for /api/admin/ops/errors (154ms)
  ✘   618 [chromium] › e2e/api/admin-api-comprehensive.spec.ts:391:11 › Admin API - Comprehensive Testing › Operations Endpoints › should return data for /api/admin/ops/monitor (105ms)
  ✘   619 [chromium] › e2e/api/admin-api-comprehensive.spec.ts:391:11 › Admin API - Comprehensive Testing › Operations Endpoints › should return data for /api/admin/ops/monitor (retry #1) (368ms)
  ✓   615 [chromium] › e2e/admin-pages-deep.spec.mts:71:5 › Admin authenticated › auth /en/admin/client-portals — renders without 5xx (2.5s)
  ✘   620 [chromium] › e2e/api/admin-api-comprehensive.spec.ts:402:9 › Admin API - Comprehensive Testing › Operations Endpoints › should accept error reporting (453ms)
  ✘   622 [chromium] › e2e/api/admin-api-comprehensive.spec.ts:402:9 › Admin API - Comprehensive Testing › Operations Endpoints › should accept error reporting (retry #1) (398ms)
  ✓   621 [chromium] › e2e/admin-pages-deep.spec.mts:71:5 › Admin authenticated › auth /en/admin/cms/case-studies — renders without 5xx (2.5s)
  ✓   623 [chromium] › e2e/api/admin-api-comprehensive.spec.ts:422:9 › Admin API - Comprehensive Testing › Orders Endpoint › should return orders data (923ms)
  ✓   625 [chromium] › e2e/api/admin-api-comprehensive.spec.ts:440:11 › Admin API - Comprehensive Testing › Pipeline Endpoints › should return data for /api/admin/pipeline/board (512ms)
  ✓   626 [chromium] › e2e/api/admin-api-comprehensive.spec.ts:440:11 › Admin API - Comprehensive Testing › Pipeline Endpoints › should return data for /api/admin/pipeline/stats (162ms)
  ✘   627 [chromium] › e2e/api/admin-api-comprehensive.spec.ts:450:9 › Admin API - Comprehensive Testing › Pipeline Endpoints › should accept pipeline card creation (93ms)
  ✓   624 [chromium] › e2e/admin-pages-deep.spec.mts:71:5 › Admin authenticated › auth /en/admin/cms/faqs — renders without 5xx (1.7s)
  ✘   628 [chromium] › e2e/api/admin-api-comprehensive.spec.ts:450:9 › Admin API - Comprehensive Testing › Pipeline Endpoints › should accept pipeline card creation (retry #1) (1.0s)
  ✓   630 [chromium] › e2e/api/admin-api-comprehensive.spec.ts:470:9 › Admin API - Comprehensive Testing › Pending Clients Endpoint › should return pending clients data (441ms)
  ✓   631 [chromium] › e2e/api/admin-api-comprehensive.spec.ts:488:11 › Admin API - Comprehensive Testing › Reports Endpoints › should return data for /api/admin/reports (48ms)
  ✘   632 [chromium] › e2e/api/admin-api-comprehensive.spec.ts:488:11 › Admin API - Comprehensive Testing › Reports Endpoints › should return data for /api/admin/reports/generate (38ms)
  ✓   629 [chromium] › e2e/admin-pages-deep.spec.mts:71:5 › Admin authenticated › auth /en/admin/cms/services — renders without 5xx (2.4s)
  ✘   634 [chromium] › e2e/api/admin-api-comprehensive.spec.ts:488:11 › Admin API - Comprehensive Testing › Reports Endpoints › should return data for /api/admin/reports/generate (retry #1) (396ms)
  ✓   635 [chromium] › e2e/api/admin-api-comprehensive.spec.ts:498:9 › Admin API - Comprehensive Testing › Reports Endpoints › should accept report generation request (376ms)
  ✓   633 [chromium] › e2e/admin-pages-deep.spec.mts:71:5 › Admin authenticated › auth /en/admin/cms/testimonials — renders without 5xx (2.0s)
  ✓   636 [chromium] › e2e/api/admin-api-comprehensive.spec.ts:520:9 › Admin API - Comprehensive Testing › Subscriptions Endpoint › should return subscriptions data (351ms)
  ✓   638 [chromium] › e2e/api/admin-api-comprehensive.spec.ts:532:9 › Admin API - Comprehensive Testing › Users Endpoint › should return users data (230ms)
  ✓   639 [chromium] › e2e/api/admin-api-comprehensive.spec.ts:541:9 › Admin API - Comprehensive Testing › Users Endpoint › should accept user creation (363ms)
  ✓   640 [chromium] › e2e/api/admin-api-comprehensive.spec.ts:561:9 › Admin API - Comprehensive Testing › Workspaces Endpoint › should return workspaces data (48ms)
  ✓   641 [chromium] › e2e/api/admin-api-comprehensive.spec.ts:573:9 › Admin API - Comprehensive Testing › Voice Brief Endpoint › should return voice brief data (62ms)
  ✓   642 [chromium] › e2e/api/admin-api-comprehensive.spec.ts:598:11 › Admin API - Comprehensive Testing › Analytics Submodules › should return data for /api/admin/analytics/ctr-opportunities (338ms)
  ✓   643 [chromium] › e2e/api/admin-api-comprehensive.spec.ts:598:11 › Admin API - Comprehensive Testing › Analytics Submodules › should return data for /api/admin/analytics/datalake (86ms)
[WebServer] [GSC archive] Error: ReferenceError: getGscReports is not defined
[WebServer]     at GET (src/app/api/admin/analytics/gsc-archive/route.ts:23:21)
[WebServer]   21 |
[WebServer]   22 |   try {
[WebServer] > 23 |     const reports = await getGscReports(limit);
[WebServer]      |                     ^
[WebServer]   24 |     if (reports === null) {
[WebServer]   25 |       return NextResponse.json(
[WebServer]   26 |         { error: "Failed to read the GSC archive from Notion." },
  ✘   644 [chromium] › e2e/api/admin-api-comprehensive.spec.ts:598:11 › Admin API - Comprehensive Testing › Analytics Submodules › should return data for /api/admin/analytics/gsc-archive (71ms)
[WebServer] [GSC archive] Error: ReferenceError: getGscReports is not defined
[WebServer]     at GET (src/app/api/admin/analytics/gsc-archive/route.ts:23:21)
[WebServer]   21 |
[WebServer]   22 |   try {
[WebServer] > 23 |     const reports = await getGscReports(limit);
[WebServer]      |                     ^
[WebServer]   24 |     if (reports === null) {
[WebServer]   25 |       return NextResponse.json(
[WebServer]   26 |         { error: "Failed to read the GSC archive from Notion." },
  ✓   637 [chromium] › e2e/admin-pages-deep.spec.mts:71:5 › Admin authenticated › auth /en/admin/crm — renders without 5xx (2.5s)
  ✘   645 [chromium] › e2e/api/admin-api-comprehensive.spec.ts:598:11 › Admin API - Comprehensive Testing › Analytics Submodules › should return data for /api/admin/analytics/gsc-archive (retry #1) (385ms)
  ✓   647 [chromium] › e2e/api/admin-api-comprehensive.spec.ts:598:11 › Admin API - Comprehensive Testing › Analytics Submodules › should return data for /api/admin/analytics/lake-catalog (434ms)
  ✘   648 [chromium] › e2e/api/admin-api-comprehensive.spec.ts:598:11 › Admin API - Comprehensive Testing › Analytics Submodules › should return data for /api/admin/analytics/lake-parquet (73ms)
  ✓   646 [chromium] › e2e/admin-pages-deep.spec.mts:71:5 › Admin authenticated › auth /en/admin/crm/companies — renders without 5xx (2.0s)
  ✘   649 [chromium] › e2e/api/admin-api-comprehensive.spec.ts:598:11 › Admin API - Comprehensive Testing › Analytics Submodules › should return data for /api/admin/analytics/lake-parquet (retry #1) (470ms)
  ✓   651 [chromium] › e2e/api/admin-api-comprehensive.spec.ts:598:11 › Admin API - Comprehensive Testing › Analytics Submodules › should return data for /api/admin/analytics/roi (1.4s)
  ✘   652 [chromium] › e2e/api/admin-api-comprehensive.spec.ts:598:11 › Admin API - Comprehensive Testing › Analytics Submodules › should return data for /api/admin/analytics/search-funnel (93ms)
  ✓   650 [chromium] › e2e/admin-pages-deep.spec.mts:71:5 › Admin authenticated › auth /en/admin/crm/tickets — renders without 5xx (2.3s)
  ✘   654 [chromium] › e2e/api/admin-api-comprehensive.spec.ts:598:11 › Admin API - Comprehensive Testing › Analytics Submodules › should return data for /api/admin/analytics/search-funnel (retry #1) (435ms)
  ✓   653 [chromium] › e2e/admin-pages-deep.spec.mts:71:5 › Admin authenticated › auth /en/admin/docs — renders without 5xx (1.7s)
  ✓   655 [chromium] › e2e/api/admin-api-comprehensive.spec.ts:598:11 › Admin API - Comprehensive Testing › Analytics Submodules › should return data for /api/admin/analytics/workspaces (1.9s)
  ✓   656 [chromium] › e2e/admin-pages-deep.spec.mts:71:5 › Admin authenticated › auth /en/admin/email — renders without 5xx (2.2s)
  ✓   657 [chromium] › e2e/api/admin-api-comprehensive.spec.ts:598:11 › Admin API - Comprehensive Testing › Analytics Submodules › should return data for /api/admin/analytics/workspaces/[id] (1.3s)
  ✘   659 [chromium] › e2e/api/admin-api-comprehensive.spec.ts:630:11 › Admin API - Comprehensive Testing › Appflowy Submodules › should return data for /api/admin/appflowy/analytics (668ms)
  ✓   658 [chromium] › e2e/admin-pages-deep.spec.mts:71:5 › Admin authenticated › auth /en/admin/email/campaigns — renders without 5xx (1.8s)
  ✘   661 [chromium] › e2e/api/admin-api-comprehensive.spec.ts:630:11 › Admin API - Comprehensive Testing › Appflowy Submodules › should return data for /api/admin/appflowy/analytics (retry #1) (1.2s)
  ✓   662 [chromium] › e2e/api/admin-api-comprehensive.spec.ts:630:11 › Admin API - Comprehensive Testing › Appflowy Submodules › should return data for /api/admin/appflowy/blog (709ms)
  ✓   660 [chromium] › e2e/admin-pages-deep.spec.mts:71:5 › Admin authenticated › auth /en/admin/errors — renders without 5xx (2.9s)
  ✓   663 [chromium] › e2e/api/admin-api-comprehensive.spec.ts:630:11 › Admin API - Comprehensive Testing › Appflowy Submodules › should return data for /api/admin/appflowy/case-studies (479ms)
  ✓   665 [chromium] › e2e/api/admin-api-comprehensive.spec.ts:630:11 › Admin API - Comprehensive Testing › Appflowy Submodules › should return data for /api/admin/appflowy/docs (666ms)
  ✓   666 [chromium] › e2e/api/admin-api-comprehensive.spec.ts:630:11 › Admin API - Comprehensive Testing › Appflowy Submodules › should return data for /api/admin/appflowy/faqs (459ms)
  ✓   664 [chromium] › e2e/admin-pages-deep.spec.mts:71:5 › Admin authenticated › auth /en/admin/esp32 — renders without 5xx (1.7s)
  ✓   667 [chromium] › e2e/api/admin-api-comprehensive.spec.ts:630:11 › Admin API - Comprehensive Testing › Appflowy Submodules › should return data for /api/admin/appflowy/projects (1.1s)
  ✘   669 [chromium] › e2e/api/admin-api-comprehensive.spec.ts:630:11 › Admin API - Comprehensive Testing › Appflowy Submodules › should return data for /api/admin/appflowy/search (429ms)
  ✓   668 [chromium] › e2e/admin-pages-deep.spec.mts:71:5 › Admin authenticated › auth /en/admin/esp32-manager — renders without 5xx (2.4s)
  ✘   670 [chromium] › e2e/api/admin-api-comprehensive.spec.ts:630:11 › Admin API - Comprehensive Testing › Appflowy Submodules › should return data for /api/admin/appflowy/search (retry #1) (745ms)
  ✓   671 [chromium] › e2e/admin-pages-deep.spec.mts:71:5 › Admin authenticated › auth /en/admin/hubspot — renders without 5xx (967ms)
  ✓   672 [chromium] › e2e/api/admin-api-comprehensive.spec.ts:630:11 › Admin API - Comprehensive Testing › Appflowy Submodules › should return data for /api/admin/appflowy/services (878ms)
  ✓   674 [chromium] › e2e/api/admin-api-comprehensive.spec.ts:630:11 › Admin API - Comprehensive Testing › Appflowy Submodules › should return data for /api/admin/appflowy/status (1.0s)
  ✓   675 [chromium] › e2e/api/admin-api-comprehensive.spec.ts:630:11 › Admin API - Comprehensive Testing › Appflowy Submodules › should return data for /api/admin/appflowy/submissions (446ms)
  ✓   673 [chromium] › e2e/admin-pages-deep.spec.mts:71:5 › Admin authenticated › auth /en/admin/integrations — renders without 5xx (2.6s)
  ✘   676 [chromium] › e2e/api/admin-api-comprehensive.spec.ts:630:11 › Admin API - Comprehensive Testing › Appflowy Submodules › should return data for /api/admin/appflowy/tasks (518ms)
  ✓   677 [chromium] › e2e/admin-pages-deep.spec.mts:71:5 › Admin authenticated › auth /en/admin/kpi — renders without 5xx (1.7s)
  ✘   678 [chromium] › e2e/api/admin-api-comprehensive.spec.ts:630:11 › Admin API - Comprehensive Testing › Appflowy Submodules › should return data for /api/admin/appflowy/tasks (retry #1) (785ms)
  ✘   680 [chromium] › e2e/api/admin-api-comprehensive.spec.ts:630:11 › Admin API - Comprehensive Testing › Appflowy Submodules › should return data for /api/admin/appflowy/testimonials (1.3s)
  ✓   679 [chromium] › e2e/admin-pages-deep.spec.mts:71:5 › Admin authenticated › auth /en/admin/leads — renders without 5xx (2.5s)
  ✘   681 [chromium] › e2e/api/admin-api-comprehensive.spec.ts:630:11 › Admin API - Comprehensive Testing › Appflowy Submodules › should return data for /api/admin/appflowy/testimonials (retry #1) (761ms)
  ✓   682 [chromium] › e2e/admin-pages-deep.spec.mts:71:5 › Admin authenticated › auth /en/admin/monitor — renders without 5xx (1.8s)
  ✓   683 [chromium] › e2e/api/admin-api-comprehensive.spec.ts:661:11 › Admin API - Comprehensive Testing › Campaigns Submodules › should return data for /api/admin/campaigns/crm-leads (1.1s)
  ✓   685 [chromium] › e2e/api/admin-api-comprehensive.spec.ts:661:11 › Admin API - Comprehensive Testing › Campaigns Submodules › should return data for /api/admin/campaigns/google (404ms)
  ✓   686 [chromium] › e2e/api/admin-api-comprehensive.spec.ts:661:11 › Admin API - Comprehensive Testing › Campaigns Submodules › should return data for /api/admin/campaigns/google/insights (208ms)
[WebServer] [browser] [Admin] Unhandled error: TypeError: Cannot convert undefined or null to object
[WebServer]     at Object.keys (<anonymous>)
[WebServer]     at NotificationsPage (src/app/[locale]/admin/notifications/page.tsx:135:35)
[WebServer]   133 |   };
[WebServer]   134 |
[WebServer] > 135 |   const days = analytics ? Object.keys(analytics.byDay).sort() : [];
[WebServer]       |                                   ^
[WebServer]   136 |   const maxDay = days.length ? Math.max(...days.map((d) => analytics!.byDay[d])) : 0;
[WebServer]   137 |
[WebServer]   138 |   return ( (src/app/[locale]/admin/error.tsx:14:13)
[WebServer] [browser] [Admin] Unhandled error: TypeError: Cannot convert undefined or null to object
[WebServer]     at Object.keys (<anonymous>)
[WebServer]     at NotificationsPage (src/app/[locale]/admin/notifications/page.tsx:135:35)
[WebServer]   133 |   };
[WebServer]   134 |
[WebServer] > 135 |   const days = analytics ? Object.keys(analytics.byDay).sort() : [];
[WebServer]       |                                   ^
[WebServer]   136 |   const maxDay = days.length ? Math.max(...days.map((d) => analytics!.byDay[d])) : 0;
[WebServer]   137 |
[WebServer]   138 |   return ( (src/app/[locale]/admin/error.tsx:14:13)
  ✓   687 [chromium] › e2e/api/admin-api-comprehensive.spec.ts:661:11 › Admin API - Comprehensive Testing › Campaigns Submodules › should return data for /api/admin/campaigns/linkedin (693ms)
  ✓   684 [chromium] › e2e/admin-pages-deep.spec.mts:71:5 › Admin authenticated › auth /en/admin/notifications — renders without 5xx (2.2s)
  ✓   688 [chromium] › e2e/api/admin-api-comprehensive.spec.ts:661:11 › Admin API - Comprehensive Testing › Campaigns Submodules › should return data for /api/admin/campaigns/linkedin/insights (537ms)
  ✓   690 [chromium] › e2e/api/admin-api-comprehensive.spec.ts:661:11 › Admin API - Comprehensive Testing › Campaigns Submodules › should return data for /api/admin/campaigns/meta (718ms)
  ✓   691 [chromium] › e2e/api/admin-api-comprehensive.spec.ts:661:11 › Admin API - Comprehensive Testing › Campaigns Submodules › should return data for /api/admin/campaigns/meta/insights (751ms)
  ✘   692 [chromium] › e2e/api/admin-api-comprehensive.spec.ts:661:11 › Admin API - Comprehensive Testing › Campaigns Submodules › should return data for /api/admin/campaigns/tiktok (25ms)
  ✓   689 [chromium] › e2e/admin-pages-deep.spec.mts:71:5 › Admin authenticated › auth /en/admin/notion — renders without 5xx (2.6s)
  ✘   693 [chromium] › e2e/api/admin-api-comprehensive.spec.ts:661:11 › Admin API - Comprehensive Testing › Campaigns Submodules › should return data for /api/admin/campaigns/tiktok (retry #1) (415ms)
  ✘   695 [chromium] › e2e/api/admin-api-comprehensive.spec.ts:661:11 › Admin API - Comprehensive Testing › Campaigns Submodules › should return data for /api/admin/campaigns/tiktok/insights (362ms)
  ✓   694 [chromium] › e2e/admin-pages-deep.spec.mts:71:5 › Admin authenticated › auth /en/admin/notion/analytics — renders without 5xx (1.7s)
  ✘   697 [chromium] › e2e/api/admin-api-comprehensive.spec.ts:661:11 › Admin API - Comprehensive Testing › Campaigns Submodules › should return data for /api/admin/campaigns/tiktok/insights (retry #1) (386ms)
  ✓   698 [chromium] › e2e/api/admin-api-comprehensive.spec.ts:661:11 › Admin API - Comprehensive Testing › Campaigns Submodules › should return data for /api/admin/campaigns/x (603ms)
  ✓   699 [chromium] › e2e/api/admin-api-comprehensive.spec.ts:661:11 › Admin API - Comprehensive Testing › Campaigns Submodules › should return data for /api/admin/campaigns/x/insights (115ms)
  ✘   700 [chromium] › e2e/api/admin-api-comprehensive.spec.ts:681:11 › Admin API - Comprehensive Testing › Calendar Submodules › should return data for /api/admin/calendar/[id] (133ms)
  ✓   696 [chromium] › e2e/admin-pages-deep.spec.mts:71:5 › Admin authenticated › auth /en/admin/notion/projects — renders without 5xx (2.6s)
  ✘   702 [chromium] › e2e/api/admin-api-comprehensive.spec.ts:681:11 › Admin API - Comprehensive Testing › Calendar Submodules › should return data for /api/admin/calendar/[id] (retry #1) (626ms)
  ✓   701 [chromium] › e2e/admin-pages-deep.spec.mts:71:5 › Admin authenticated › auth /en/admin/notion/status — renders without 5xx (2.6s)
  ✘   703 [chromium] › e2e/api/admin-api-comprehensive.spec.ts:681:11 › Admin API - Comprehensive Testing › Calendar Submodules › should return data for /api/admin/calendar/[id]/publish (1.3s)
  ✘   705 [chromium] › e2e/api/admin-api-comprehensive.spec.ts:681:11 › Admin API - Comprehensive Testing › Calendar Submodules › should return data for /api/admin/calendar/[id]/publish (retry #1) (1.2s)
  ✓   704 [chromium] › e2e/admin-pages-deep.spec.mts:71:5 › Admin authenticated › auth /en/admin/notion/submissions — renders without 5xx (2.9s)
  ✘   706 [chromium] › e2e/api/admin-api-comprehensive.spec.ts:681:11 › Admin API - Comprehensive Testing › Calendar Submodules › should return data for /api/admin/calendar/create (365ms)
  ✘   708 [chromium] › e2e/api/admin-api-comprehensive.spec.ts:681:11 › Admin API - Comprehensive Testing › Calendar Submodules › should return data for /api/admin/calendar/create (retry #1) (462ms)
  ✓   707 [chromium] › e2e/admin-pages-deep.spec.mts:71:5 › Admin authenticated › auth /en/admin/notion/tasks — renders without 5xx (2.3s)
  ✓   709 [chromium] › e2e/api/admin-api-comprehensive.spec.ts:704:11 › Admin API - Comprehensive Testing › Cluster Submodules › should return data for /api/admin/cluster/kuma-status (1.8s)
[WebServer] (node:920955) [DEP0169] DeprecationWarning: `url.parse()` behavior is not standardized and prone to errors that have security implications. Use the WHATWG URL API instead. CVEs are not issued for `url.parse()` vulnerabilities.
[WebServer] (Use `node --trace-deprecation ...` to show where the warning was created)
  ✓   711 [chromium] › e2e/api/admin-api-comprehensive.spec.ts:704:11 › Admin API - Comprehensive Testing › Cluster Submodules › should return data for /api/admin/cluster/mqtt-status (383ms)
  ✘   712 [chromium] › e2e/api/admin-api-comprehensive.spec.ts:704:11 › Admin API - Comprehensive Testing › Cluster Submodules › should return data for /api/admin/cluster/watchdogs (159ms)
  ✘   713 [chromium] › e2e/api/admin-api-comprehensive.spec.ts:704:11 › Admin API - Comprehensive Testing › Cluster Submodules › should return data for /api/admin/cluster/watchdogs (retry #1) (708ms)
[WebServer] ⨯ Error: The destination stream closed early.
[WebServer]     at ignore-listed frames {
[WebServer]   digest: '152199018'
[WebServer] }
  ✓   710 [chromium] › e2e/admin-pages-deep.spec.mts:71:5 › Admin authenticated › auth /en/admin/orders — renders without 5xx (4.4s)
  ✓   714 [chromium] › e2e/api/admin-api-comprehensive.spec.ts:717:9 › Admin API - Comprehensive Testing › Cost Endpoint › should return cost data (447ms)
  ✘   716 [chromium] › e2e/api/admin-api-comprehensive.spec.ts:734:11 › Admin API - Comprehensive Testing › ESP32 Submodules › should return data for /api/admin/esp32/notion-sync (117ms)
  ✘   717 [chromium] › e2e/api/admin-api-comprehensive.spec.ts:734:11 › Admin API - Comprehensive Testing › ESP32 Submodules › should return data for /api/admin/esp32/notion-sync (retry #1) (434ms)
  ✓   715 [chromium] › e2e/admin-pages-deep.spec.mts:71:5 › Admin authenticated › auth /en/admin/pipeline — renders without 5xx (1.7s)
  ✓   719 [chromium] › e2e/api/admin-api-comprehensive.spec.ts:755:11 › Admin API - Comprehensive Testing › Grafana Submodules › should return data for /api/admin/grafana/dashboards (421ms)
  ✘   720 [chromium] › e2e/api/admin-api-comprehensive.spec.ts:755:11 › Admin API - Comprehensive Testing › Grafana Submodules › should return data for /api/admin/grafana/datasources (75ms)
  ✘   721 [chromium] › e2e/api/admin-api-comprehensive.spec.ts:755:11 › Admin API - Comprehensive Testing › Grafana Submodules › should return data for /api/admin/grafana/datasources (retry #1) (389ms)
  ✓   718 [chromium] › e2e/admin-pages-deep.spec.mts:71:5 › Admin authenticated › auth /en/admin/projects — renders without 5xx (2.2s)
  ✓   723 [chromium] › e2e/api/admin-api-comprehensive.spec.ts:755:11 › Admin API - Comprehensive Testing › Grafana Submodules › should return data for /api/admin/grafana/health (421ms)
  ✘   724 [chromium] › e2e/api/admin-api-comprehensive.spec.ts:755:11 › Admin API - Comprehensive Testing › Grafana Submodules › should return data for /api/admin/grafana/prometheus (83ms)
  ✓   722 [chromium] › e2e/admin-pages-deep.spec.mts:71:5 › Admin authenticated › auth /en/admin/reports — renders without 5xx (1.6s)
  ✘   725 [chromium] › e2e/api/admin-api-comprehensive.spec.ts:755:11 › Admin API - Comprehensive Testing › Grafana Submodules › should return data for /api/admin/grafana/prometheus (retry #1) (386ms)
  ✘   727 [chromium] › e2e/api/admin-api-comprehensive.spec.ts:769:9 › Admin API - Comprehensive Testing › Integrations Submodules › should handle integrations webhook (403ms)
  ✓   726 [chromium] › e2e/admin-pages-deep.spec.mts:71:5 › Admin authenticated › auth /en/admin/settings — renders without 5xx (1.6s)
  ✘   729 [chromium] › e2e/api/admin-api-comprehensive.spec.ts:769:9 › Admin API - Comprehensive Testing › Integrations Submodules › should handle integrations webhook (retry #1) (465ms)
  ✓   728 [chromium] › e2e/admin-pages-deep.spec.mts:71:5 › Admin authenticated › auth /en/admin/subscriptions — renders without 5xx (2.1s)
  ✓   730 [chromium] › e2e/api/admin-api-comprehensive.spec.ts:781:9 › Admin API - Comprehensive Testing › Leads Endpoint › should return leads data (1.2s)
  ✘   732 [chromium] › e2e/api/admin-api-comprehensive.spec.ts:793:9 › Admin API - Comprehensive Testing › LinkedIn Cap Endpoint › should return linkedin cap data (86ms)
  ✘   733 [chromium] › e2e/api/admin-api-comprehensive.spec.ts:793:9 › Admin API - Comprehensive Testing › LinkedIn Cap Endpoint › should return linkedin cap data (retry #1) (390ms)
  ✓   731 [chromium] › e2e/admin-pages-deep.spec.mts:71:5 › Admin authenticated › auth /en/admin/users — renders without 5xx (1.9s)
[WebServer] ⨯ SyntaxError: Unexpected token '<', "<!DOCTYPE "... is not valid JSON
[WebServer]     at JSON.parse (<anonymous>)
  ✘   735 [chromium] › e2e/api/admin-api-comprehensive.spec.ts:813:11 › Admin API - Comprehensive Testing › N8N Submodules › should return data for /api/admin/n8n/executions (898ms)
  ✓   734 [chromium] › e2e/admin-pages-deep.spec.mts:71:5 › Admin authenticated › auth /en/admin/voice-brief — renders without 5xx (2.0s)
[WebServer] ⨯ SyntaxError: Unexpected token '<', "<!DOCTYPE "... is not valid JSON
[WebServer]     at JSON.parse (<anonymous>)
  ✘   736 [chromium] › e2e/api/admin-api-comprehensive.spec.ts:813:11 › Admin API - Comprehensive Testing › N8N Submodules › should return data for /api/admin/n8n/executions (retry #1) (695ms)
  ✓   737 [chromium] › e2e/admin-pages-deep.spec.mts:71:5 › Admin authenticated › auth /en/admin/workspaces — renders without 5xx (2.1s)
  ✓   738 [chromium] › e2e/api/admin-api-comprehensive.spec.ts:813:11 › Admin API - Comprehensive Testing › N8N Submodules › should return data for /api/admin/n8n/health (1.3s)
[WebServer] ⨯ SyntaxError: Unexpected token '<', "<!DOCTYPE "... is not valid JSON
[WebServer]     at JSON.parse (<anonymous>)
  ✘   739 [chromium] › e2e/api/admin-api-comprehensive.spec.ts:813:11 › Admin API - Comprehensive Testing › N8N Submodules › should return data for /api/admin/n8n/workflows (595ms)
  ✘   740 [chromium] › e2e/api/admin-api-comprehensive.spec.ts:813:11 › Admin API - Comprehensive Testing › N8N Submodules › should return data for /api/admin/n8n/workflows/[id]/trigger (690ms)
[WebServer] ⨯ SyntaxError: Unexpected token '<', "<!DOCTYPE "... is not valid JSON
[WebServer]     at JSON.parse (<anonymous>)
  ✘   741 [chromium] › e2e/api/admin-api-comprehensive.spec.ts:813:11 › Admin API - Comprehensive Testing › N8N Submodules › should return data for /api/admin/n8n/workflows (retry #1) (562ms)
  ✘   742 [chromium] › e2e/api/admin-api-comprehensive.spec.ts:813:11 › Admin API - Comprehensive Testing › N8N Submodules › should return data for /api/admin/n8n/workflows/[id]/trigger (retry #1) (424ms)
  ✓   743 [chromium] › e2e/api/admin-api-comprehensive.spec.ts:835:11 › Admin API - Comprehensive Testing › Notifications Submodules › should return data for /api/admin/notifications/analytics (374ms)
  ✘   745 [chromium] › e2e/api/admin-api-comprehensive.spec.ts:866:11 › Admin API - Comprehensive Testing › Notion Submodules (Additional) › should return data for /api/admin/notion/analytics (150ms)
  ✘   744 [chromium] › e2e/api/admin-api-comprehensive.spec.ts:835:11 › Admin API - Comprehensive Testing › Notifications Submodules › should return data for /api/admin/notifications/test (478ms)
  ✘   746 [chromium] › e2e/api/admin-api-comprehensive.spec.ts:866:11 › Admin API - Comprehensive Testing › Notion Submodules (Additional) › should return data for /api/admin/notion/analytics (retry #1) (520ms)
  ✘   747 [chromium] › e2e/api/admin-api-comprehensive.spec.ts:835:11 › Admin API - Comprehensive Testing › Notifications Submodules › should return data for /api/admin/notifications/test (retry #1) (488ms)
  ✓   748 [chromium] › e2e/api/admin-api-comprehensive.spec.ts:866:11 › Admin API - Comprehensive Testing › Notion Submodules (Additional) › should return data for /api/admin/notion/blog (416ms)
  ✓   749 [chromium] › e2e/api/admin-api-comprehensive.spec.ts:866:11 › Admin API - Comprehensive Testing › Notion Submodules (Additional) › should return data for /api/admin/notion/case-studies (453ms)
  ✓   750 [chromium] › e2e/api/admin-api-comprehensive.spec.ts:866:11 › Admin API - Comprehensive Testing › Notion Submodules (Additional) › should return data for /api/admin/notion/comments (124ms)
  ✓   751 [chromium] › e2e/api/admin-api-comprehensive.spec.ts:866:11 › Admin API - Comprehensive Testing › Notion Submodules (Additional) › should return data for /api/admin/notion/docs (125ms)
  ✓   752 [chromium] › e2e/api/admin-api-comprehensive.spec.ts:866:11 › Admin API - Comprehensive Testing › Notion Submodules (Additional) › should return data for /api/admin/notion/faqs (122ms)
  ✘   753 [chromium] › e2e/api/admin-api-comprehensive.spec.ts:866:11 › Admin API - Comprehensive Testing › Notion Submodules (Additional) › should return data for /api/admin/notion/projects (203ms)
  ✓   754 [chromium] › e2e/api/admin-api-comprehensive.spec.ts:866:11 › Admin API - Comprehensive Testing › Notion Submodules (Additional) › should return data for /api/admin/notion/search (195ms)
  ✓   755 [chromium] › e2e/api/admin-api-comprehensive.spec.ts:866:11 › Admin API - Comprehensive Testing › Notion Submodules (Additional) › should return data for /api/admin/notion/services (102ms)
  ✘   756 [chromium] › e2e/api/admin-api-comprehensive.spec.ts:866:11 › Admin API - Comprehensive Testing › Notion Submodules (Additional) › should return data for /api/admin/notion/status (191ms)
  ✘   757 [chromium] › e2e/api/admin-api-comprehensive.spec.ts:866:11 › Admin API - Comprehensive Testing › Notion Submodules (Additional) › should return data for /api/admin/notion/projects (retry #1) (655ms)
  ✘   758 [chromium] › e2e/api/admin-api-comprehensive.spec.ts:866:11 › Admin API - Comprehensive Testing › Notion Submodules (Additional) › should return data for /api/admin/notion/status (retry #1) (573ms)
  ✘   759 [chromium] › e2e/api/admin-api-comprehensive.spec.ts:866:11 › Admin API - Comprehensive Testing › Notion Submodules (Additional) › should return data for /api/admin/notion/submissions (483ms)
  ✘   760 [chromium] › e2e/api/admin-api-comprehensive.spec.ts:866:11 › Admin API - Comprehensive Testing › Notion Submodules (Additional) › should return data for /api/admin/notion/tasks (558ms)
  ✘   761 [chromium] › e2e/api/admin-api-comprehensive.spec.ts:866:11 › Admin API - Comprehensive Testing › Notion Submodules (Additional) › should return data for /api/admin/notion/submissions (retry #1) (484ms)
  ✘   762 [chromium] › e2e/api/admin-api-comprehensive.spec.ts:866:11 › Admin API - Comprehensive Testing › Notion Submodules (Additional) › should return data for /api/admin/notion/tasks (retry #1) (602ms)
  ✓   763 [chromium] › e2e/api/admin-api-comprehensive.spec.ts:866:11 › Admin API - Comprehensive Testing › Notion Submodules (Additional) › should return data for /api/admin/notion/testimonials (390ms)
  ✘   765 [chromium] › e2e/api/admin-api-comprehensive.spec.ts:893:11 › Admin API - Comprehensive Testing › Oauth Submodules › should return data for /api/admin/oauth/tiktok/callback (33ms)
  ✘   764 [chromium] › e2e/api/admin-api-comprehensive.spec.ts:893:11 › Admin API - Comprehensive Testing › Oauth Submodules › should return data for /api/admin/oauth/tiktok (829ms)
  ✘   766 [chromium] › e2e/api/admin-api-comprehensive.spec.ts:893:11 › Admin API - Comprehensive Testing › Oauth Submodules › should return data for /api/admin/oauth/tiktok/callback (retry #1) (367ms)
  ✘   768 [chromium] › e2e/api/admin-api-comprehensive.spec.ts:915:11 › Admin API - Comprehensive Testing › Ops Submodules (Additional) › should return data for /api/admin/ops/errors/[id] (401ms)
  ✘   767 [chromium] › e2e/api/admin-api-comprehensive.spec.ts:893:11 › Admin API - Comprehensive Testing › Oauth Submodules › should return data for /api/admin/oauth/tiktok (retry #1) (996ms)
  ✘   769 [chromium] › e2e/api/admin-api-comprehensive.spec.ts:915:11 › Admin API - Comprehensive Testing › Ops Submodules (Additional) › should return data for /api/admin/ops/errors/[id] (retry #1) (439ms)
  ✓   770 [chromium] › e2e/api/admin-api-comprehensive.spec.ts:954:11 › Admin API - Comprehensive Testing › Postiz Submodules › should return data for /api/admin/postiz/analytics/integration/[id] (1.6s)
  ✓   772 [chromium] › e2e/api/admin-api-comprehensive.spec.ts:954:11 › Admin API - Comprehensive Testing › Postiz Submodules › should return data for /api/admin/postiz/groups (171ms)
  ✓   771 [chromium] › e2e/api/admin-api-comprehensive.spec.ts:954:11 › Admin API - Comprehensive Testing › Postiz Submodules › should return data for /api/admin/postiz/analytics/post/[id] (1.4s)
[WebServer] ⨯ TypeError: Cannot read properties of undefined (reading 'integrations')
[WebServer]     at listIntegrations (src/lib/postiz.ts:321:45)
[WebServer]     at async GET (src/app/api/admin/postiz/health/route.ts:79:26)
[WebServer]   319 |     "/integrations"
[WebServer]   320 |   );
[WebServer] > 321 |   return Array.isArray(data) ? data : (data.integrations ?? []);
[WebServer]       |                                             ^
[WebServer]   322 | }
[WebServer]   323 |
[WebServer]   324 | /** List posts in a window (ISO 8601 dates).
  ✘   773 [chromium] › e2e/api/admin-api-comprehensive.spec.ts:954:11 › Admin API - Comprehensive Testing › Postiz Submodules › should return data for /api/admin/postiz/health (237ms)
[WebServer] ⨯ TypeError: Cannot read properties of undefined (reading 'integrations')
[WebServer]     at listIntegrations (src/lib/postiz.ts:321:45)
[WebServer]     at async GET (src/app/api/admin/postiz/integrations/route.ts:12:26)
[WebServer]   319 |     "/integrations"
[WebServer]   320 |   );
[WebServer] > 321 |   return Array.isArray(data) ? data : (data.integrations ?? []);
[WebServer]       |                                             ^
[WebServer]   322 | }
[WebServer]   323 |
[WebServer]   324 | /** List posts in a window (ISO 8601 dates).
  ✘   774 [chromium] › e2e/api/admin-api-comprehensive.spec.ts:954:11 › Admin API - Comprehensive Testing › Postiz Submodules › should return data for /api/admin/postiz/integrations (489ms)
[WebServer] ⨯ TypeError: Cannot read properties of undefined (reading 'integrations')
[WebServer]     at listIntegrations (src/lib/postiz.ts:321:45)
[WebServer]     at async GET (src/app/api/admin/postiz/health/route.ts:79:26)
[WebServer]   319 |     "/integrations"
[WebServer]   320 |   );
[WebServer] > 321 |   return Array.isArray(data) ? data : (data.integrations ?? []);
[WebServer]       |                                             ^
[WebServer]   322 | }
[WebServer]   323 |
[WebServer]   324 | /** List posts in a window (ISO 8601 dates).
  ✘   775 [chromium] › e2e/api/admin-api-comprehensive.spec.ts:954:11 › Admin API - Comprehensive Testing › Postiz Submodules › should return data for /api/admin/postiz/health (retry #1) (507ms)
[WebServer] ⨯ TypeError: Cannot read properties of undefined (reading 'integrations')
[WebServer]     at listIntegrations (src/lib/postiz.ts:321:45)
[WebServer]     at async GET (src/app/api/admin/postiz/integrations/route.ts:12:26)
[WebServer]   319 |     "/integrations"
[WebServer]   320 |   );
[WebServer] > 321 |   return Array.isArray(data) ? data : (data.integrations ?? []);
[WebServer]       |                                             ^
[WebServer]   322 | }
[WebServer]   323 |
[WebServer]   324 | /** List posts in a window (ISO 8601 dates).
  ✘   776 [chromium] › e2e/api/admin-api-comprehensive.spec.ts:954:11 › Admin API - Comprehensive Testing › Postiz Submodules › should return data for /api/admin/postiz/integrations (retry #1) (498ms)
[WebServer] ⨯ TypeError: Value is not JSON serializable
[WebServer]     at GET (src/app/api/admin/postiz/integrations/[id]/connect/route.ts:20:25)
[WebServer]   18 |   try {
[WebServer]   19 |     const result = await getIntegrationConnectUrl(id);
[WebServer] > 20 |     return NextResponse.json(result);
[WebServer]      |                         ^
[WebServer]   21 |   } catch (err) {
[WebServer]   22 |     if (err instanceof PostizNotConfiguredError) {
[WebServer]   23 |       return NextResponse.json({ error: "postiz_not_configured" }, { status: 503 });
  ✘   777 [chromium] › e2e/api/admin-api-comprehensive.spec.ts:954:11 › Admin API - Comprehensive Testing › Postiz Submodules › should return data for /api/admin/postiz/integrations/[id]/connect (1.1s)
[WebServer] ⨯ TypeError: Value is not JSON serializable
[WebServer]     at GET (src/app/api/admin/postiz/integrations/[id]/settings/route.ts:18:25)
[WebServer]   16 |   try {
[WebServer]   17 |     const settings = await getIntegrationSettings(id);
[WebServer] > 18 |     return NextResponse.json(settings);
[WebServer]      |                         ^
[WebServer]   19 |   } catch (err) {
[WebServer]   20 |     if (err instanceof PostizNotConfiguredError) {
[WebServer]   21 |       return NextResponse.json({ error: "postiz_not_configured" }, { status: 503 });
  ✘   778 [chromium] › e2e/api/admin-api-comprehensive.spec.ts:954:11 › Admin API - Comprehensive Testing › Postiz Submodules › should return data for /api/admin/postiz/integrations/[id]/settings (1.2s)
[WebServer] ⨯ TypeError: Value is not JSON serializable
[WebServer]     at GET (src/app/api/admin/postiz/integrations/[id]/connect/route.ts:20:25)
[WebServer]   18 |   try {
[WebServer]   19 |     const result = await getIntegrationConnectUrl(id);
[WebServer] > 20 |     return NextResponse.json(result);
[WebServer]      |                         ^
[WebServer]   21 |   } catch (err) {
[WebServer]   22 |     if (err instanceof PostizNotConfiguredError) {
[WebServer]   23 |       return NextResponse.json({ error: "postiz_not_configured" }, { status: 503 });
  ✘   779 [chromium] › e2e/api/admin-api-comprehensive.spec.ts:954:11 › Admin API - Comprehensive Testing › Postiz Submodules › should return data for /api/admin/postiz/integrations/[id]/connect (retry #1) (562ms)
[WebServer] ⨯ TypeError: Value is not JSON serializable
[WebServer]     at GET (src/app/api/admin/postiz/integrations/[id]/settings/route.ts:18:25)
[WebServer]   16 |   try {
[WebServer]   17 |     const settings = await getIntegrationSettings(id);
[WebServer] > 18 |     return NextResponse.json(settings);
[WebServer]      |                         ^
[WebServer]   19 |   } catch (err) {
[WebServer]   20 |     if (err instanceof PostizNotConfiguredError) {
[WebServer]   21 |       return NextResponse.json({ error: "postiz_not_configured" }, { status: 503 });
  ✘   780 [chromium] › e2e/api/admin-api-comprehensive.spec.ts:954:11 › Admin API - Comprehensive Testing › Postiz Submodules › should return data for /api/admin/postiz/integrations/[id]/settings (retry #1) (560ms)
  ✘   782 [chromium] › e2e/api/admin-api-comprehensive.spec.ts:954:11 › Admin API - Comprehensive Testing › Postiz Submodules › should return data for /api/admin/postiz/is-connected (556ms)
  ✘   781 [chromium] › e2e/api/admin-api-comprehensive.spec.ts:954:11 › Admin API - Comprehensive Testing › Postiz Submodules › should return data for /api/admin/postiz/integrations/[id]/trigger (1.1s)
  ✘   783 [chromium] › e2e/api/admin-api-comprehensive.spec.ts:954:11 › Admin API - Comprehensive Testing › Postiz Submodules › should return data for /api/admin/postiz/is-connected (retry #1) (500ms)
  ✘   784 [chromium] › e2e/api/admin-api-comprehensive.spec.ts:954:11 › Admin API - Comprehensive Testing › Postiz Submodules › should return data for /api/admin/postiz/integrations/[id]/trigger (retry #1) (408ms)
  ✓   785 [chromium] › e2e/api/admin-api-comprehensive.spec.ts:954:11 › Admin API - Comprehensive Testing › Postiz Submodules › should return data for /api/admin/postiz/notifications (575ms)
[WebServer] ⨯ TypeError: Cannot read properties of undefined (reading 'posts')
[WebServer]     at listPosts (src/lib/postiz.ts:331:18)
[WebServer]     at async GET (src/app/api/admin/postiz/posts/route.ts:26:19)
[WebServer]   329 |   const qs = new URLSearchParams({ startDate, endDate });
[WebServer]   330 |   const wrapped = await callThrowing<{ posts: PostizPost[] }>(`/posts?${qs.toString()}`);
[WebServer] > 331 |   return wrapped.posts ?? [];
[WebServer]       |                  ^
[WebServer]   332 | }
[WebServer]   333 |
[WebServer]   334 | /** Full create-post — exposes the entire Postiz schema. Throws on non-OK. */
  ✘   786 [chromium] › e2e/api/admin-api-comprehensive.spec.ts:954:11 › Admin API - Comprehensive Testing › Postiz Submodules › should return data for /api/admin/postiz/posts (867ms)
  ✘   787 [chromium] › e2e/api/admin-api-comprehensive.spec.ts:954:11 › Admin API - Comprehensive Testing › Postiz Submodules › should return data for /api/admin/postiz/posts/[id] (647ms)
[WebServer] ⨯ TypeError: Cannot read properties of undefined (reading 'posts')
[WebServer]     at listPosts (src/lib/postiz.ts:331:18)
[WebServer]     at async GET (src/app/api/admin/postiz/posts/route.ts:26:19)
[WebServer]   329 |   const qs = new URLSearchParams({ startDate, endDate });
[WebServer]   330 |   const wrapped = await callThrowing<{ posts: PostizPost[] }>(`/posts?${qs.toString()}`);
[WebServer] > 331 |   return wrapped.posts ?? [];
[WebServer]       |                  ^
[WebServer]   332 | }
[WebServer]   333 |
[WebServer]   334 | /** Full create-post — exposes the entire Postiz schema. Throws on non-OK. */
  ✘   788 [chromium] › e2e/api/admin-api-comprehensive.spec.ts:954:11 › Admin API - Comprehensive Testing › Postiz Submodules › should return data for /api/admin/postiz/posts (retry #1) (536ms)
  ✘   789 [chromium] › e2e/api/admin-api-comprehensive.spec.ts:954:11 › Admin API - Comprehensive Testing › Postiz Submodules › should return data for /api/admin/postiz/posts/[id] (retry #1) (493ms)
  ✓   790 [chromium] › e2e/api/admin-api-comprehensive.spec.ts:954:11 › Admin API - Comprehensive Testing › Postiz Submodules › should return data for /api/admin/postiz/posts/[id]/missing-content (1.1s)
  ✘   791 [chromium] › e2e/api/admin-api-comprehensive.spec.ts:954:11 › Admin API - Comprehensive Testing › Postiz Submodules › should return data for /api/admin/postiz/posts/[id]/release-id (1.1s)
  ✘   792 [chromium] › e2e/api/admin-api-comprehensive.spec.ts:954:11 › Admin API - Comprehensive Testing › Postiz Submodules › should return data for /api/admin/postiz/posts/[id]/status (721ms)
  ✘   793 [chromium] › e2e/api/admin-api-comprehensive.spec.ts:954:11 › Admin API - Comprehensive Testing › Postiz Submodules › should return data for /api/admin/postiz/posts/[id]/release-id (retry #1) (440ms)
  ✘   794 [chromium] › e2e/api/admin-api-comprehensive.spec.ts:954:11 › Admin API - Comprehensive Testing › Postiz Submodules › should return data for /api/admin/postiz/posts/[id]/status (retry #1) (425ms)
  ✘   795 [chromium] › e2e/api/admin-api-comprehensive.spec.ts:954:11 › Admin API - Comprehensive Testing › Postiz Submodules › should return data for /api/admin/postiz/posts/group/[id] (1.2s)
  ✘   796 [chromium] › e2e/api/admin-api-comprehensive.spec.ts:954:11 › Admin API - Comprehensive Testing › Postiz Submodules › should return data for /api/admin/postiz/slot (576ms)
  ✘   797 [chromium] › e2e/api/admin-api-comprehensive.spec.ts:954:11 › Admin API - Comprehensive Testing › Postiz Submodules › should return data for /api/admin/postiz/posts/group/[id] (retry #1) (429ms)
  ✘   798 [chromium] › e2e/api/admin-api-comprehensive.spec.ts:954:11 › Admin API - Comprehensive Testing › Postiz Submodules › should return data for /api/admin/postiz/slot (retry #1) (372ms)
  ✘   799 [chromium] › e2e/api/admin-api-comprehensive.spec.ts:954:11 › Admin API - Comprehensive Testing › Postiz Submodules › should return data for /api/admin/postiz/upload (415ms)
  ✘   800 [chromium] › e2e/api/admin-api-comprehensive.spec.ts:954:11 › Admin API - Comprehensive Testing › Postiz Submodules › should return data for /api/admin/postiz/upload-file (470ms)
  ✘   801 [chromium] › e2e/api/admin-api-comprehensive.spec.ts:954:11 › Admin API - Comprehensive Testing › Postiz Submodules › should return data for /api/admin/postiz/upload (retry #1) (395ms)
  ✘   802 [chromium] › e2e/api/admin-api-comprehensive.spec.ts:954:11 › Admin API - Comprehensive Testing › Postiz Submodules › should return data for /api/admin/postiz/upload-file (retry #1) (381ms)
  ✓   803 [chromium] › e2e/api/admin-api-comprehensive.spec.ts:985:11 › Admin API - Comprehensive Testing › Reports Submodules › should return data for /api/admin/reports (364ms)
  ✘   805 [chromium] › e2e/api/admin-api-comprehensive.spec.ts:985:11 › Admin API - Comprehensive Testing › Reports Submodules › should return data for /api/admin/reports/[id]/pdf (71ms)
  ✘   804 [chromium] › e2e/api/admin-api-comprehensive.spec.ts:985:11 › Admin API - Comprehensive Testing › Reports Submodules › should return data for /api/admin/reports/[id] (416ms)
  ✘   806 [chromium] › e2e/api/admin-api-comprehensive.spec.ts:985:11 › Admin API - Comprehensive Testing › Reports Submodules › should return data for /api/admin/reports/[id]/pdf (retry #1) (428ms)
  ✘   807 [chromium] › e2e/api/admin-api-comprehensive.spec.ts:985:11 › Admin API - Comprehensive Testing › Reports Submodules › should return data for /api/admin/reports/[id] (retry #1) (473ms)
  ✘   808 [chromium] › e2e/api/admin-api-comprehensive.spec.ts:985:11 › Admin API - Comprehensive Testing › Reports Submodules › should return data for /api/admin/reports/generate (350ms)
  ✘   809 [chromium] › e2e/api/admin-api-comprehensive.spec.ts:1013:11 › Admin API - Comprehensive Testing › Search Submodules › should return data for /api/admin/search/reindex (392ms)
  ✘   810 [chromium] › e2e/api/admin-api-comprehensive.spec.ts:985:11 › Admin API - Comprehensive Testing › Reports Submodules › should return data for /api/admin/reports/generate (retry #1) (473ms)
  ✘   811 [chromium] › e2e/api/admin-api-comprehensive.spec.ts:1013:11 › Admin API - Comprehensive Testing › Search Submodules › should return data for /api/admin/search/reindex (retry #1) (382ms)
  ✓   812 [chromium] › e2e/api/admin-api-comprehensive.spec.ts:1030:9 › Admin API - Comprehensive Testing › Subscriptions Endpoint (Additional) › should accept subscription creation/update (352ms)
  ✓   813 [chromium] › e2e/api/public-api-comprehensive.spec.ts:18:9 › Public API - Comprehensive Testing › Health Endpoint › should return healthy status (395ms)
  ✓   814 [chromium] › e2e/api/public-api-comprehensive.spec.ts:34:9 › Public API - Comprehensive Testing › Blog Endpoints › should return blog posts list (1.4s)
  ✘   815 [chromium] › e2e/api/public-api-comprehensive.spec.ts:46:9 › Public API - Comprehensive Testing › Blog Endpoints › should return single blog post (1.3s)
  ✘   817 [chromium] › e2e/api/public-api-comprehensive.spec.ts:46:9 › Public API - Comprehensive Testing › Blog Endpoints › should return single blog post (retry #1) (767ms)
  ✘   816 [chromium] › e2e/api/public-api-comprehensive.spec.ts:74:9 › Public API - Comprehensive Testing › Blog Endpoints › should return blog categories (2.8s)
  ✘   818 [chromium] › e2e/api/public-api-comprehensive.spec.ts:85:9 › Public API - Comprehensive Testing › Blog Endpoints › should return blog tags (1.2s)
  ✘   820 [chromium] › e2e/api/public-api-comprehensive.spec.ts:85:9 › Public API - Comprehensive Testing › Blog Endpoints › should return blog tags (retry #1) (1.5s)
  ✘   819 [chromium] › e2e/api/public-api-comprehensive.spec.ts:74:9 › Public API - Comprehensive Testing › Blog Endpoints › should return blog categories (retry #1) (1.8s)
  ✘   822 [chromium] › e2e/api/public-api-comprehensive.spec.ts:110:9 › Public API - Comprehensive Testing › Calendar Endpoints › should return calendar events (824ms)
  ✓   821 [chromium] › e2e/api/public-api-comprehensive.spec.ts:99:9 › Public API - Comprehensive Testing › Calendar Endpoints › should return calendar availability (1.3s)
  ✘   824 [chromium] › e2e/api/public-api-comprehensive.spec.ts:110:9 › Public API - Comprehensive Testing › Calendar Endpoints › should return calendar events (retry #1) (400ms)
  ✓   823 [chromium] › e2e/api/public-api-comprehensive.spec.ts:124:9 › Public API - Comprehensive Testing › Case Studies Endpoints › should return case studies list (816ms)
[WebServer] [admin-notifications] DATALAKE_BUCKET not bound — lake sink skipped
[WebServer] [contact] Auto-reply failed: Error: Email is not configured — set CLOUDFLARE_ACCOUNT_ID + CLOUDFLARE_API_TOKEN (Email Sending) or RESEND_API_KEY
[WebServer]     at sendEmail (src/lib/email.ts:82:9)
[WebServer]     at sendContactAcknowledgment (src/lib/email.ts:375:9)
[WebServer]   80 |   }
[WebServer]   81 |
[WebServer] > 82 |   throw new Error(
[WebServer]      |         ^
[WebServer]   83 |     "Email is not configured — set CLOUDFLARE_ACCOUNT_ID + CLOUDFLARE_API_TOKEN (Email Sending) or RESEND_API_KEY"
[WebServer]   84 |   );
[WebServer]   85 | }
  ✓   825 [chromium] › e2e/api/public-api-comprehensive.spec.ts:166:9 › Public API - Comprehensive Testing › Contact Endpoints › should accept contact form submission (103ms)
  ✓   826 [chromium] › e2e/api/public-api-comprehensive.spec.ts:186:9 › Public API - Comprehensive Testing › Contact Endpoints › should validate contact form data (28ms)
[WebServer] [Slack] chat.postMessage error: channel_not_found
[WebServer] [EspoCRM] upsertContact error: SyntaxError: Unexpected token '<', "<!DOCTYPE "... is not valid JSON
[WebServer]     at JSON.parse (<anonymous>)
[WebServer] [EspoCRM] createDeal error: SyntaxError: Unexpected token '<', "<!DOCTYPE "... is not valid JSON
[WebServer]     at JSON.parse (<anonymous>)
  ✓   828 [chromium] › e2e/api/public-api-comprehensive.spec.ts:210:9 › Public API - Comprehensive Testing › Documentation Endpoints › should return documentation list (1.2s)
[WebServer] [API /case-studies/36b7d82c-410a-8121-9f48-f8ff7c7861d3] Fetch error: ReferenceError: getNotionCaseStudyBySlug is not defined
[WebServer]     at GET (src/app/api/case-studies/[slug]/route.ts:47:23)
[WebServer]   45 |     }
[WebServer]   46 |
[WebServer] > 47 |     const caseStudy = await getNotionCaseStudyBySlug(slug);
[WebServer]      |                       ^
[WebServer]   48 |     if (!caseStudy) {
[WebServer]   49 |       return NextResponse.json({ error: "Not found" }, { status: 404 });
[WebServer]   50 |     }
  ✘   827 [chromium] › e2e/api/public-api-comprehensive.spec.ts:135:9 › Public API - Comprehensive Testing › Case Studies Endpoints › should return single case study (1.7s)
[WebServer] [API /case-studies/36b7d82c-410a-8121-9f48-f8ff7c7861d3] Fetch error: ReferenceError: getNotionCaseStudyBySlug is not defined
[WebServer]     at GET (src/app/api/case-studies/[slug]/route.ts:47:23)
[WebServer]   45 |     }
[WebServer]   46 |
[WebServer] > 47 |     const caseStudy = await getNotionCaseStudyBySlug(slug);
[WebServer]      |                       ^
[WebServer]   48 |     if (!caseStudy) {
[WebServer]   49 |       return NextResponse.json({ error: "Not found" }, { status: 404 });
[WebServer]   50 |     }
  ✘   830 [chromium] › e2e/api/public-api-comprehensive.spec.ts:135:9 › Public API - Comprehensive Testing › Case Studies Endpoints › should return single case study (retry #1) (1.1s)
  ✘   829 [chromium] › e2e/api/public-api-comprehensive.spec.ts:221:9 › Public API - Comprehensive Testing › Documentation Endpoints › should return single documentation page (2.5s)
  ✓   831 [chromium] › e2e/api/public-api-comprehensive.spec.ts:252:9 › Public API - Comprehensive Testing › FAQs Endpoints › should return FAQs list (1.6s)
  ✓   833 [chromium] › e2e/api/public-api-comprehensive.spec.ts:266:9 › Public API - Comprehensive Testing › FAQs Endpoints › should return single FAQ (614ms)
  ✘   834 [chromium] › e2e/api/public-api-comprehensive.spec.ts:306:9 › Public API - Comprehensive Testing › Health Endpoint (Detailed) › should return detailed health information (258ms)
  ✘   832 [chromium] › e2e/api/public-api-comprehensive.spec.ts:221:9 › Public API - Comprehensive Testing › Documentation Endpoints › should return single documentation page (retry #1) (2.2s)
  ✘   835 [chromium] › e2e/api/public-api-comprehensive.spec.ts:306:9 › Public API - Comprehensive Testing › Health Endpoint (Detailed) › should return detailed health information (retry #1) (456ms)
  ✓   836 [chromium] › e2e/api/public-api-comprehensive.spec.ts:321:9 › Public API - Comprehensive Testing › PWA Manifest Endpoint › should return PWA manifest (468ms)
  ✘   837 [chromium] › e2e/api/public-api-comprehensive.spec.ts:349:9 › Public API - Comprehensive Testing › Services Endpoints › should return single service (989ms)
  ✓   838 [chromium] › e2e/api/public-api-comprehensive.spec.ts:338:9 › Public API - Comprehensive Testing › Services Endpoints › should return services list (730ms)
  ✘   839 [chromium] › e2e/api/public-api-comprehensive.spec.ts:377:9 › Public API - Comprehensive Testing › Services Endpoints › should return service categories (96ms)
  ✘   841 [chromium] › e2e/api/public-api-comprehensive.spec.ts:377:9 › Public API - Comprehensive Testing › Services Endpoints › should return service categories (retry #1) (444ms)
  ✘   840 [chromium] › e2e/api/public-api-comprehensive.spec.ts:349:9 › Public API - Comprehensive Testing › Services Endpoints › should return single service (retry #1) (924ms)
  ✓   842 [chromium] › e2e/api/public-api-comprehensive.spec.ts:391:9 › Public API - Comprehensive Testing › Testimonials Endpoints › should return testimonials list (1.3s)
  ✘   843 [chromium] › e2e/api/public-api-comprehensive.spec.ts:402:9 › Public API - Comprehensive Testing › Testimonials Endpoints › should return single testimonial (1.2s)
  ✘   844 [chromium] › e2e/api/public-api-comprehensive.spec.ts:433:9 › Public API - Comprehensive Testing › Careers Endpoints › should return job listings (133ms)
  ✘   846 [chromium] › e2e/api/public-api-comprehensive.spec.ts:433:9 › Public API - Comprehensive Testing › Careers Endpoints › should return job listings (retry #1) (399ms)
  ✘   845 [chromium] › e2e/api/public-api-comprehensive.spec.ts:402:9 › Public API - Comprehensive Testing › Testimonials Endpoints › should return single testimonial (retry #1) (741ms)
  ✘   847 [chromium] › e2e/api/public-api-comprehensive.spec.ts:444:9 › Public API - Comprehensive Testing › Careers Endpoints › should return single job listing (387ms)
  ✘   848 [chromium] › e2e/api/public-api-comprehensive.spec.ts:472:9 › Public API - Comprehensive Testing › Careers Endpoints › should accept job application (386ms)
  ✘   849 [chromium] › e2e/api/public-api-comprehensive.spec.ts:444:9 › Public API - Comprehensive Testing › Careers Endpoints › should return single job listing (retry #1) (400ms)
  ✘   850 [chromium] › e2e/api/public-api-comprehensive.spec.ts:472:9 › Public API - Comprehensive Testing › Careers Endpoints › should accept job application (retry #1) (407ms)
  ✘   851 [chromium] › e2e/api/public-api-comprehensive.spec.ts:508:9 › Public API - Comprehensive Testing › Newsletter Endpoints › should accept newsletter subscription (396ms)
  ✘   852 [chromium] › e2e/api/public-api-comprehensive.spec.ts:522:9 › Public API - Comprehensive Testing › Newsletter Endpoints › should validate newsletter subscription data (391ms)
  ✘   853 [chromium] › e2e/api/public-api-comprehensive.spec.ts:508:9 › Public API - Comprehensive Testing › Newsletter Endpoints › should accept newsletter subscription (retry #1) (405ms)
  ✘   854 [chromium] › e2e/api/public-api-comprehensive.spec.ts:522:9 › Public API - Comprehensive Testing › Newsletter Endpoints › should validate newsletter subscription data (retry #1) (444ms)
  ✘   855 [chromium] › e2e/api/public-api-comprehensive.spec.ts:542:9 › Public API - Comprehensive Testing › Newsletter Endpoints › should allow newsletter unsubscription (386ms)
  ✓   856 [chromium] › e2e/api/public-api-comprehensive.spec.ts:566:9 › Public API - Comprehensive Testing › Search Endpoints › should return search results (938ms)
  ✘   857 [chromium] › e2e/api/public-api-comprehensive.spec.ts:542:9 › Public API - Comprehensive Testing › Newsletter Endpoints › should allow newsletter unsubscription (retry #1) (425ms)
  ✘   858 [chromium] › e2e/api/public-api-comprehensive.spec.ts:583:9 › Public API - Comprehensive Testing › Search Endpoints › should return search suggestions (87ms)
  ✘   860 [chromium] › e2e/api/public-api-comprehensive.spec.ts:602:9 › Public API - Comprehensive Testing › Sitemap Endpoint › should return XML sitemap (407ms)
  ✘   859 [chromium] › e2e/api/public-api-comprehensive.spec.ts:583:9 › Public API - Comprehensive Testing › Search Endpoints › should return search suggestions (retry #1) (473ms)
  ✘   861 [chromium] › e2e/api/public-api-comprehensive.spec.ts:602:9 › Public API - Comprehensive Testing › Sitemap Endpoint › should return XML sitemap (retry #1) (400ms)
  ✘   862 [chromium] › e2e/api/public-api-comprehensive.spec.ts:618:9 › Public API - Comprehensive Testing › Robots.txt Endpoint › should return robots.txt (392ms)
  ✘   863 [chromium] › e2e/api/public-api-comprehensive.spec.ts:634:9 › Public API - Comprehensive Testing › Error Handling › should return 404 for non-existent endpoints (386ms)
  ✘   864 [chromium] › e2e/api/public-api-comprehensive.spec.ts:618:9 › Public API - Comprehensive Testing › Robots.txt Endpoint › should return robots.txt (retry #1) (413ms)
  ✘   865 [chromium] › e2e/api/public-api-comprehensive.spec.ts:634:9 › Public API - Comprehensive Testing › Error Handling › should return 404 for non-existent endpoints (retry #1) (403ms)
  ✓   866 [chromium] › e2e/api/public-api-comprehensive.spec.ts:640:9 › Public API - Comprehensive Testing › Error Handling › should return 405 for wrong HTTP method (345ms)
[WebServer] [admin-notifications] DATALAKE_BUCKET not bound — lake sink skipped
[WebServer] [contact] Auto-reply failed: Error: Email is not configured — set CLOUDFLARE_ACCOUNT_ID + CLOUDFLARE_API_TOKEN (Email Sending) or RESEND_API_KEY
[WebServer]     at sendEmail (src/lib/email.ts:82:9)
[WebServer]     at sendContactAcknowledgment (src/lib/email.ts:375:9)
[WebServer]   80 |   }
[WebServer]   81 |
[WebServer] > 82 |   throw new Error(
[WebServer]      |         ^
[WebServer]   83 |     "Email is not configured — set CLOUDFLARE_ACCOUNT_ID + CLOUDFLARE_API_TOKEN (Email Sending) or RESEND_API_KEY"
[WebServer]   84 |   );
[WebServer]   85 | }
  ✘   867 [chromium] › e2e/api/public-api-comprehensive.spec.ts:653:9 › Public API - Comprehensive Testing › Error Handling › should handle large payloads appropriately (40ms)
[WebServer] [Slack] chat.postMessage error: channel_not_found
  ✓   868 [chromium] › e2e/api/public-api-comprehensive.spec.ts:648:9 › Public API - Comprehensive Testing › Error Handling › should handle malformed JSON gracefully (11ms)
[WebServer] [EspoCRM] upsertContact error: SyntaxError: Unexpected token '<', "<!DOCTYPE "... is not valid JSON
[WebServer]     at JSON.parse (<anonymous>)
[WebServer] [EspoCRM] createDeal error: SyntaxError: Unexpected token '<', "<!DOCTYPE "... is not valid JSON
[WebServer]     at JSON.parse (<anonymous>)
  ✓   869 [chromium] › e2e/api/public-api-comprehensive.spec.ts:671:9 › Public API - Comprehensive Testing › CORS Headers › should include CORS headers in responses (340ms)
[WebServer] [admin-notifications] DATALAKE_BUCKET not bound — lake sink skipped
[WebServer] [contact] Auto-reply failed: Error: Email is not configured — set CLOUDFLARE_ACCOUNT_ID + CLOUDFLARE_API_TOKEN (Email Sending) or RESEND_API_KEY
[WebServer]     at sendEmail (src/lib/email.ts:82:9)
[WebServer]     at sendContactAcknowledgment (src/lib/email.ts:375:9)
[WebServer]   80 |   }
[WebServer]   81 |
[WebServer] > 82 |   throw new Error(
[WebServer]      |         ^
[WebServer]   83 |     "Email is not configured — set CLOUDFLARE_ACCOUNT_ID + CLOUDFLARE_API_TOKEN (Email Sending) or RESEND_API_KEY"
[WebServer]   84 |   );
[WebServer]   85 | }
  ✘   870 [chromium] › e2e/api/public-api-comprehensive.spec.ts:653:9 › Public API - Comprehensive Testing › Error Handling › should handle large payloads appropriately (retry #1) (391ms)
[WebServer] [EspoCRM] upsertContact error: SyntaxError: Unexpected token '<', "<!DOCTYPE "... is not valid JSON
[WebServer]     at JSON.parse (<anonymous>)
[WebServer] [Slack] chat.postMessage error: channel_not_found
[WebServer] [EspoCRM] createDeal error: SyntaxError: Unexpected token '<', "<!DOCTYPE "... is not valid JSON
[WebServer]     at JSON.parse (<anonymous>)
  ✓   871 [chromium] › e2e/api/public-api-comprehensive.spec.ts:683:9 › Public API - Comprehensive Testing › Rate Limiting › should respect rate limits (421ms)
  ✓   872 [chromium] › e2e/api/public-api-comprehensive.spec.ts:717:9 › Public API - Comprehensive Testing › Checkout Endpoints › should handle POST to checkout endpoint (81ms)
  ✓   873 [chromium] › e2e/api/public-api-comprehensive.spec.ts:735:9 › Public API - Comprehensive Testing › Auth Endpoints › should handle auth login request (29ms)
  ✘   875 [chromium] › e2e/api/public-api-comprehensive.spec.ts:749:9 › Public API - Comprehensive Testing › Auth Endpoints › should handle auth register request (104ms)
  ✓   874 [chromium] › e2e/api/public-api-comprehensive.spec.ts:708:9 › Public API - Comprehensive Testing › Checkout Endpoints › should return checkout session or redirect (354ms)
  ✓   876 [chromium] › e2e/api/public-api-comprehensive.spec.ts:764:9 › Public API - Comprehensive Testing › Auth Endpoints › should handle auth session request (23ms)
  ✓   877 [chromium] › e2e/api/public-api-comprehensive.spec.ts:776:9 › Public API - Comprehensive Testing › User Endpoints › should handle user profile request (118ms)
  ✓   879 [chromium] › e2e/api/public-api-comprehensive.spec.ts:785:9 › Public API - Comprehensive Testing › User Endpoints › should handle user purchases request (61ms)
  ✓   880 [chromium] › e2e/api/public-api-comprehensive.spec.ts:797:9 › Public API - Comprehensive Testing › Portal Endpoints › should handle portal enrollment (61ms)
  ✘   878 [chromium] › e2e/api/public-api-comprehensive.spec.ts:749:9 › Public API - Comprehensive Testing › Auth Endpoints › should handle auth register request (retry #1) (391ms)
  ✓   881 [chromium] › e2e/api/public-api-comprehensive.spec.ts:806:9 › Public API - Comprehensive Testing › Portal Endpoints › should handle portal token routes (594ms)
  ✓   882 [chromium] › e2e/api/public-api-comprehensive.spec.ts:850:9 › Public API - Comprehensive Testing › Webhook Endpoints › should handle notion webhook (70ms)
  ✓   884 [chromium] › e2e/api/public-api-comprehensive.spec.ts:872:9 › Public API - Comprehensive Testing › Cron Endpoints › should handle cron analytics rollup (73ms)
  ✓   885 [chromium] › e2e/api/public-api-comprehensive.spec.ts:881:9 › Public API - Comprehensive Testing › Cron Endpoints › should handle cron voice brief (62ms)
  ✓   886 [chromium] › e2e/api-all-routes.spec.ts:43:9 › API Routes - Complete Coverage › API GET /api/health (12ms)
  ✓   883 [chromium] › e2e/api/public-api-comprehensive.spec.ts:821:9 › Public API - Comprehensive Testing › Webhook Endpoints › should handle stripe webhook (393ms)
  ✓   888 [chromium] › e2e/api-all-routes.spec.ts:43:9 › API Routes - Complete Coverage › API GET /api/case-studies (343ms)
  ✓   887 [chromium] › e2e/api-all-routes.spec.ts:43:9 › API Routes - Complete Coverage › API GET /api/blog (597ms)
  ✓   889 [chromium] › e2e/api-all-routes.spec.ts:43:9 › API Routes - Complete Coverage › API GET /api/testimonials (351ms)
  ✓   890 [chromium] › e2e/api-all-routes.spec.ts:43:9 › API Routes - Complete Coverage › API GET /api/services (354ms)
  ✓   892 [chromium] › e2e/api-all-routes.spec.ts:43:9 › API Routes - Complete Coverage › API GET /api/recommendations (32ms)
  ✓   893 [chromium] › e2e/api-all-routes.spec.ts:43:9 › API Routes - Complete Coverage › API GET /api/products (75ms)
  ✓   894 [chromium] › e2e/api-all-routes.spec.ts:43:9 › API Routes - Complete Coverage › API GET /api/search (15ms)
  ✓   895 [chromium] › e2e/api-all-routes.spec.ts:43:9 › API Routes - Complete Coverage › API GET /api/pwa-manifest (27ms)
  ✓   896 [chromium] › e2e/api-all-routes.spec.ts:43:9 › API Routes - Complete Coverage › API POST /api/contact (15ms)
  ✓   897 [chromium] › e2e/api-all-routes.spec.ts:43:9 › API Routes - Complete Coverage › API POST /api/subscribe (64ms)
  ✓   898 [chromium] › e2e/api-all-routes.spec.ts:43:9 › API Routes - Complete Coverage › API POST /api/calendar/book (65ms)
  ✓   891 [chromium] › e2e/api-all-routes.spec.ts:43:9 › API Routes - Complete Coverage › API GET /api/faqs (385ms)
  ✓   899 [chromium] › e2e/api-all-routes.spec.ts:43:9 › API Routes - Complete Coverage › API POST /api/chat (71ms)
  ✓   900 [chromium] › e2e/api-all-routes.spec.ts:43:9 › API Routes - Complete Coverage › API POST /api/chat-ai (107ms)
  ✓   901 [chromium] › e2e/api-all-routes.spec.ts:43:9 › API Routes - Complete Coverage › API GET /api/webhooks/stripe (62ms)
  ✓   902 [chromium] › e2e/api-all-routes.spec.ts:43:9 › API Routes - Complete Coverage › API GET /api/internal (79ms)
  ✓   903 [chromium] › e2e/api-all-routes.spec.ts:43:9 › API Routes - Complete Coverage › API GET /api/workflows (119ms)
  ✓   905 [chromium] › e2e/api-all-routes.spec.ts:69:9 › API Routes - Complete Coverage › User API › user profile endpoint requires auth (47ms)
  ✓   904 [chromium] › e2e/api-all-routes.spec.ts:62:9 › API Routes - Complete Coverage › Analytics API › analytics endpoint responds (107ms)
  ✓   906 [chromium] › e2e/api-all-routes.spec.ts:76:9 › API Routes - Complete Coverage › Newsletter API › newsletter endpoint validates (16ms)
  ✓   907 [chromium] › e2e/api-all-routes.spec.ts:83:9 › API Routes - Complete Coverage › Newsletter API › newsletter slack endpoint (70ms)
  ✓   908 [chromium] › e2e/api-all-routes.spec.ts:90:9 › API Routes - Complete Coverage › Admin API › admin endpoints are protected (232ms)
  ✓   910 [chromium] › e2e/api-all-routes.spec.ts:112:9 › API Routes - Complete Coverage › Notion Image API › notion-image endpoint (52ms)
  ✓   911 [chromium] › e2e/api-all-routes.spec.ts:119:9 › API Routes - Complete Coverage › Portal API › portal endpoints are protected (56ms)
[WebServer] [csp-violation] dir=? blocked=test source=? doc=? disp=?
  ✓   912 [chromium] › e2e/api-all-routes.spec.ts:126:9 › API Routes - Complete Coverage › CSP Report API › CSP report endpoint accepts POST (64ms)
  ✓   909 [chromium] › e2e/api-all-routes.spec.ts:105:9 › API Routes - Complete Coverage › Docs API › docs API responds (390ms)
  ✓   913 [chromium] › e2e/api-all-routes.spec.ts:136:9 › API Routes - Complete Coverage › Track API › track endpoint responds (57ms)
  ✓   914 [chromium] › e2e/api-all-routes.spec.ts:143:9 › API Routes - Complete Coverage › Unsubscribe API › unsubscribe endpoint (99ms)
  ✓   916 [chromium] › e2e/api-routes-extra-gaps.spec.ts:25:7 › Missing auth APIs (POST endpoints) › POST /api/auth/register with empty body returns 4xx (26ms)
  ✓   917 [chromium] › e2e/api-routes-extra-gaps.spec.ts:33:7 › Missing auth APIs (POST endpoints) › POST /api/auth/resend-verification with empty body returns 2xx (privacy: no email leak) (72ms)
  ✓   915 [chromium] › e2e/api-auth.spec.ts:4:7 › API Authentication › health endpoint returns 200 with status payload (191ms)
  ✓   919 [chromium] › e2e/api-routes-extra-gaps.spec.ts:52:7 › Missing portal API endpoints › POST /api/portal/enroll with empty body returns non-5xx (67ms)
[WebServer] [NewsletterSlack] Signature verification failed: Missing x-slack-request-timestamp or x-slack-signature header
  ✓   920 [chromium] › e2e/api-routes-extra-gaps.spec.ts:63:9 › Missing newsletter-slack APIs › POST /api/newsletter-slack/events without auth returns non-5xx (71ms)
[WebServer] [NewsletterSlack] Signature verification failed: Missing x-slack-request-timestamp or x-slack-signature header
  ✓   921 [chromium] › e2e/api-routes-extra-gaps.spec.ts:63:9 › Missing newsletter-slack APIs › POST /api/newsletter-slack/commands without auth returns non-5xx (72ms)
[WebServer] [NewsletterSlack] Signature verification failed: Missing x-slack-request-timestamp or x-slack-signature header
  ✓   922 [chromium] › e2e/api-routes-extra-gaps.spec.ts:63:9 › Missing newsletter-slack APIs › POST /api/newsletter-slack/interactions without auth returns non-5xx (63ms)
  ✓   923 [chromium] › e2e/api-routes-extra-gaps.spec.ts:74:7 › Missing webhook APIs › POST /api/webhooks/postiz without secret returns 401 (70ms)
  ✓   924 [chromium] › e2e/api-routes-extra-gaps.spec.ts:82:7 › Missing webhook APIs › POST /api/webhooks/admin-alert without auth returns non-5xx (64ms)
  ✓   925 [chromium] › e2e/api-routes-extra-gaps.spec.ts:99:9 › Missing cron APIs (unauthenticated) › GET /api/cron/ad-analytics-poll unauthenticated (67ms)
  ✓   926 [chromium] › e2e/api-routes-extra-gaps.spec.ts:99:9 › Missing cron APIs (unauthenticated) › GET /api/cron/client-reports unauthenticated (65ms)
  ✓   918 [chromium] › e2e/api-routes-extra-gaps.spec.ts:44:7 › Missing portal API endpoints › GET /api/portal/[token]/deliverables resolves cleanly (685ms)
  ✓   927 [chromium] › e2e/api-routes-extra-gaps.spec.ts:99:9 › Missing cron APIs (unauthenticated) › GET /api/cron/gsc-cache-refresh unauthenticated (75ms)
  ✓   928 [chromium] › e2e/api-routes-extra-gaps.spec.ts:99:9 › Missing cron APIs (unauthenticated) › GET /api/cron/owner-digest unauthenticated (118ms)
  ✓   929 [chromium] › e2e/api-routes-extra-gaps.spec.ts:99:9 › Missing cron APIs (unauthenticated) › GET /api/cron/postiz-sync unauthenticated (113ms)
  ✓   930 [chromium] › e2e/api-routes-extra-gaps.spec.ts:99:9 › Missing cron APIs (unauthenticated) › GET /api/cron/postiz-oauth-check unauthenticated (116ms)
  ✓   931 [chromium] › e2e/api-routes-extra-gaps.spec.ts:108:7 › Additional public API endpoints › GET /api/analytics/r2 resolves cleanly (99ms)
  ✓   932 [chromium] › e2e/api-routes-extra-gaps.spec.ts:113:7 › Additional public API endpoints › GET /api/analytics/track resolves cleanly (95ms)
  ✓   933 [chromium] › e2e/api-routes-extra-gaps.spec.ts:118:7 › Additional public API endpoints › POST /api/internal/ai/generate returns 401/403 without auth (114ms)
  ✓   934 [chromium] › e2e/api-routes-extra-gaps.spec.ts:125:7 › Additional public API endpoints › GET /api/workflows/hello resolves cleanly (103ms)
  ✓   935 [chromium] › e2e/api-routes-extra-gaps.spec.ts:132:7 › Dynamic POST routes with dynamic paths › POST /api/admin/postiz/upload with empty body returns non-5xx (50ms)
  ✓   937 [chromium] › e2e/api-routes-extra-gaps.spec.ts:139:7 › Dynamic POST routes with dynamic paths › POST /api/admin/postiz/upload-file with empty body returns non-5xx (18ms)
  ✓   938 [chromium] › e2e/api-routes-gaps-sweep.spec.ts:123:9 › Admin API gap sweep (authenticated GETs) › GET /api/admin/ai/assistant (97ms)
  ✓   939 [chromium] › e2e/api-routes-gaps-sweep.spec.ts:123:9 › Admin API gap sweep (authenticated GETs) › GET /api/admin/ai/generate (22ms)
[WebServer] [GSC archive] Error: ReferenceError: getGscReports is not defined
[WebServer]     at GET (src/app/api/admin/analytics/gsc-archive/route.ts:23:21)
[WebServer]   21 |
[WebServer]   22 |   try {
[WebServer] > 23 |     const reports = await getGscReports(limit);
[WebServer]      |                     ^
[WebServer]   24 |     if (reports === null) {
[WebServer]   25 |       return NextResponse.json(
[WebServer]   26 |         { error: "Failed to read the GSC archive from Notion." },
  ✓   940 [chromium] › e2e/api-routes-gaps-sweep.spec.ts:123:9 › Admin API gap sweep (authenticated GETs) › GET /api/admin/analytics/gsc-archive (28ms)
  ✓   936 [chromium] › e2e/api-routes-extra-gaps.spec.ts:159:9 › Extended admin API coverage (production-safe) › GET /api/admin/analytics/workspaces/sample-e2e-id authenticated (470ms)
  ✘   942 [chromium] › e2e/api-routes-extra-gaps.spec.ts:159:9 › Extended admin API coverage (production-safe) › GET /api/admin/postiz/is-connected authenticated (304ms)
  -   943 [chromium] › e2e/api-routes-extra-gaps.spec.ts:159:9 › Extended admin API coverage (production-safe) › GET /api/admin/postiz/groups authenticated
  ✓   941 [chromium] › e2e/api-routes-gaps-sweep.spec.ts:123:9 › Admin API gap sweep (authenticated GETs) › GET /api/admin/analytics/roi (977ms)
  ✓   945 [chromium] › e2e/api-routes-gaps-sweep.spec.ts:123:9 › Admin API gap sweep (authenticated GETs) › GET /api/admin/calendar/sample-e2e-id (66ms)
  ✓   946 [chromium] › e2e/api-routes-gaps-sweep.spec.ts:123:9 › Admin API gap sweep (authenticated GETs) › GET /api/admin/campaigns/meta (421ms)
  ✓   947 [chromium] › e2e/api-routes-gaps-sweep.spec.ts:123:9 › Admin API gap sweep (authenticated GETs) › GET /api/admin/campaigns/meta/insights (276ms)
  ✓   948 [chromium] › e2e/api-routes-gaps-sweep.spec.ts:123:9 › Admin API gap sweep (authenticated GETs) › GET /api/admin/email/campaigns/sample-e2e-id (77ms)
  ✓   949 [chromium] › e2e/api-routes-gaps-sweep.spec.ts:123:9 › Admin API gap sweep (authenticated GETs) › GET /api/admin/leads (146ms)
  ✓   950 [chromium] › e2e/api-routes-gaps-sweep.spec.ts:123:9 › Admin API gap sweep (authenticated GETs) › GET /api/admin/notion/case-studies (117ms)
  ✓   951 [chromium] › e2e/api-routes-gaps-sweep.spec.ts:123:9 › Admin API gap sweep (authenticated GETs) › GET /api/admin/notion/faqs (80ms)
  ✓   952 [chromium] › e2e/api-routes-gaps-sweep.spec.ts:123:9 › Admin API gap sweep (authenticated GETs) › GET /api/admin/notion/services (103ms)
  ✓   944 [chromium] › e2e/api-routes-extra-gaps.spec.ts:159:9 › Extended admin API coverage (production-safe) › GET /api/admin/analytics/workspaces/sample-e2e-id authenticated (retry #1) (1.4s)
  ✓   953 [chromium] › e2e/api-routes-gaps-sweep.spec.ts:123:9 › Admin API gap sweep (authenticated GETs) › GET /api/admin/notion/testimonials (303ms)
  ✘   954 [chromium] › e2e/api-routes-extra-gaps.spec.ts:159:9 › Extended admin API coverage (production-safe) › GET /api/admin/postiz/is-connected authenticated (retry #1) (362ms)
  -   956 [chromium] › e2e/api-routes-extra-gaps.spec.ts:159:9 › Extended admin API coverage (production-safe) › GET /api/admin/postiz/groups authenticated (retry #1)
  ✓   955 [chromium] › e2e/api-routes-gaps-sweep.spec.ts:123:9 › Admin API gap sweep (authenticated GETs) › GET /api/admin/ops/errors/sample-e2e-id (239ms)
[WebServer] ⨯ TypeError: Cannot read properties of undefined (reading 'integrations')
[WebServer]     at listIntegrations (src/lib/postiz.ts:321:45)
[WebServer]     at async GET (src/app/api/admin/postiz/integrations/route.ts:12:26)
[WebServer]   319 |     "/integrations"
[WebServer]   320 |   );
[WebServer] > 321 |   return Array.isArray(data) ? data : (data.integrations ?? []);
[WebServer]       |                                             ^
[WebServer]   322 | }
[WebServer]   323 |
[WebServer]   324 | /** List posts in a window (ISO 8601 dates).
  ✓   957 [chromium] › e2e/api-routes-gaps-sweep.spec.ts:123:9 › Admin API gap sweep (authenticated GETs) › GET /api/admin/postiz/integrations (188ms)
[WebServer] ⨯ TypeError: Cannot read properties of undefined (reading 'posts')
[WebServer]     at listPosts (src/lib/postiz.ts:331:18)
[WebServer]     at async GET (src/app/api/admin/postiz/posts/route.ts:26:19)
[WebServer]   329 |   const qs = new URLSearchParams({ startDate, endDate });
[WebServer]   330 |   const wrapped = await callThrowing<{ posts: PostizPost[] }>(`/posts?${qs.toString()}`);
[WebServer] > 331 |   return wrapped.posts ?? [];
[WebServer]       |                  ^
[WebServer]   332 | }
[WebServer]   333 |
[WebServer]   334 | /** Full create-post — exposes the entire Postiz schema. Throws on non-OK. */
  ✓   958 [chromium] › e2e/api-routes-gaps-sweep.spec.ts:123:9 › Admin API gap sweep (authenticated GETs) › GET /api/admin/postiz/posts (162ms)
[WebServer] ⨯ TypeError: Value is not JSON serializable
[WebServer]     at GET (src/app/api/admin/postiz/slot/route.ts:18:25)
[WebServer]   16 |   try {
[WebServer]   17 |     const slot = await findSlot(id);
[WebServer] > 18 |     return NextResponse.json(slot);
[WebServer]      |                         ^
[WebServer]   19 |   } catch (err) {
[WebServer]   20 |     if (err instanceof PostizNotConfiguredError) {
[WebServer]   21 |       return NextResponse.json({ error: "postiz_not_configured" }, { status: 503 });
  ✓   959 [chromium] › e2e/api-routes-gaps-sweep.spec.ts:123:9 › Admin API gap sweep (authenticated GETs) › GET /api/admin/postiz/slot?id=sample-e2e-id (169ms)
[WebServer] ⨯ TypeError: Cannot read properties of undefined (reading 'integrations')
[WebServer]     at listIntegrations (src/lib/postiz.ts:321:45)
[WebServer]     at async GET (src/app/api/admin/postiz/health/route.ts:79:26)
[WebServer]   319 |     "/integrations"
[WebServer]   320 |   );
[WebServer] > 321 |   return Array.isArray(data) ? data : (data.integrations ?? []);
[WebServer]       |                                             ^
[WebServer]   322 | }
[WebServer]   323 |
[WebServer]   324 | /** List posts in a window (ISO 8601 dates).
  ✓   961 [chromium] › e2e/api-routes-gaps-sweep.spec.ts:123:9 › Admin API gap sweep (authenticated GETs) › GET /api/admin/postiz/health (151ms)
[WebServer] ⨯ TypeError: Cannot read properties of undefined (reading 'integrations')
[WebServer]     at listIntegrations (src/lib/postiz.ts:321:45)
[WebServer]     at async GET (src/app/api/admin/postiz/health/route.ts:79:26)
[WebServer]   319 |     "/integrations"
[WebServer]   320 |   );
[WebServer] > 321 |   return Array.isArray(data) ? data : (data.integrations ?? []);
[WebServer]       |                                             ^
[WebServer]   322 | }
[WebServer]   323 |
[WebServer]   324 | /** List posts in a window (ISO 8601 dates).
  ✓   962 [chromium] › e2e/api-routes-gaps-sweep.spec.ts:123:9 › Admin API gap sweep (authenticated GETs) › GET /api/admin/postiz/health?format=prom (136ms)
  ✓   963 [chromium] › e2e/api-routes-gaps-sweep.spec.ts:123:9 › Admin API gap sweep (authenticated GETs) › GET /api/admin/postiz/is-connected (154ms)
  ✓   964 [chromium] › e2e/api-routes-gaps-sweep.spec.ts:123:9 › Admin API gap sweep (authenticated GETs) › GET /api/admin/postiz/groups (227ms)
  ✓   965 [chromium] › e2e/api-routes-gaps-sweep.spec.ts:123:9 › Admin API gap sweep (authenticated GETs) › GET /api/admin/postiz/notifications (188ms)
[WebServer] [Postiz] integrations error: SyntaxError: Unexpected token '<', "<!DOCTYPE "... is not valid JSON
[WebServer]     at JSON.parse (<anonymous>)
  ✓   960 [chromium] › e2e/api-routes-gaps-sweep.spec.ts:123:9 › Admin API gap sweep (authenticated GETs) › GET /api/admin/postiz (973ms)
  ✓   966 [chromium] › e2e/api-routes-gaps-sweep.spec.ts:123:9 › Admin API gap sweep (authenticated GETs) › GET /api/admin/analytics/workspaces (367ms)
  ✓   967 [chromium] › e2e/api-routes-gaps-sweep.spec.ts:123:9 › Admin API gap sweep (authenticated GETs) › GET /api/admin/analytics/workspaces/sample-e2e-id (540ms)
[WebServer] ⨯ TypeError: Value is not JSON serializable
[WebServer]     at GET (src/app/api/admin/postiz/integrations/[id]/connect/route.ts:20:25)
[WebServer]   18 |   try {
[WebServer]   19 |     const result = await getIntegrationConnectUrl(id);
[WebServer] > 20 |     return NextResponse.json(result);
[WebServer]      |                         ^
[WebServer]   21 |   } catch (err) {
[WebServer]   22 |     if (err instanceof PostizNotConfiguredError) {
[WebServer]   23 |       return NextResponse.json({ error: "postiz_not_configured" }, { status: 503 });
  ✓   968 [chromium] › e2e/api-routes-gaps-sweep.spec.ts:123:9 › Admin API gap sweep (authenticated GETs) › GET /api/admin/postiz/integrations/sample-e2e-id/connect (311ms)
[WebServer] ⨯ TypeError: Value is not JSON serializable
[WebServer]     at GET (src/app/api/admin/postiz/integrations/[id]/settings/route.ts:18:25)
[WebServer]   16 |   try {
[WebServer]   17 |     const settings = await getIntegrationSettings(id);
[WebServer] > 18 |     return NextResponse.json(settings);
[WebServer]      |                         ^
[WebServer]   19 |   } catch (err) {
[WebServer]   20 |     if (err instanceof PostizNotConfiguredError) {
[WebServer]   21 |       return NextResponse.json({ error: "postiz_not_configured" }, { status: 503 });
  ✓   969 [chromium] › e2e/api-routes-gaps-sweep.spec.ts:123:9 › Admin API gap sweep (authenticated GETs) › GET /api/admin/postiz/integrations/sample-e2e-id/settings (218ms)
  ✓   970 [chromium] › e2e/api-routes-gaps-sweep.spec.ts:123:9 › Admin API gap sweep (authenticated GETs) › GET /api/admin/postiz/posts/sample-e2e-id/missing-content (259ms)
  ✓   971 [chromium] › e2e/api-routes-gaps-sweep.spec.ts:123:9 › Admin API gap sweep (authenticated GETs) › GET /api/admin/postiz/analytics/post/sample-e2e-id (272ms)
  ✓   972 [chromium] › e2e/api-routes-gaps-sweep.spec.ts:123:9 › Admin API gap sweep (authenticated GETs) › GET /api/admin/postiz/analytics/integration/sample-e2e-id (314ms)
  ✓   973 [chromium] › e2e/api-routes-gaps-sweep.spec.ts:123:9 › Admin API gap sweep (authenticated GETs) › GET /api/admin/reports/sample-e2e-id (269ms)
  ✓   974 [chromium] › e2e/api-routes-gaps-sweep.spec.ts:123:9 › Admin API gap sweep (authenticated GETs) › GET /api/admin/reports/sample-e2e-id/pdf (175ms)
  ✓   976 [chromium] › e2e/api-routes-gaps-sweep.spec.ts:146:9 › Admin API gap sweep (authenticated POSTs) › POST /api/admin/pipeline/deals/sample-e2e-id/move (empty body) (219ms)
  ✓   977 [chromium] › e2e/api-routes-gaps-sweep.spec.ts:146:9 › Admin API gap sweep (authenticated POSTs) › POST /api/admin/pipeline/deals/sample-e2e-id/notes (empty body) (102ms)
  ✓   978 [chromium] › e2e/api-routes-gaps-sweep.spec.ts:146:9 › Admin API gap sweep (authenticated POSTs) › POST /api/admin/postiz/posts (empty body) (35ms)
  ✓   975 [chromium] › e2e/api-routes-gaps-sweep.spec.ts:146:9 › Admin API gap sweep (authenticated POSTs) › POST /api/admin/calendar/sample-e2e-id/publish (empty body) (474ms)
  ✓   979 [chromium] › e2e/api-routes-gaps-sweep.spec.ts:146:9 › Admin API gap sweep (authenticated POSTs) › POST /api/admin/postiz/upload (empty body) (41ms)
  ✓   980 [chromium] › e2e/api-routes-gaps-sweep.spec.ts:146:9 › Admin API gap sweep (authenticated POSTs) › POST /api/admin/postiz/upload-file (empty body) (50ms)
  ✓   981 [chromium] › e2e/api-routes-gaps-sweep.spec.ts:146:9 › Admin API gap sweep (authenticated POSTs) › POST /api/admin/postiz/integrations/sample-e2e-id/trigger (empty body) (109ms)
  ✓   983 [chromium] › e2e/api-routes-gaps-sweep.spec.ts:172:7 › Admin API gap sweep (authenticated PUTs) › PUT /api/admin/postiz/posts/sample-e2e-id (empty body) (102ms)
  ✓   984 [chromium] › e2e/api-routes-gaps-sweep.spec.ts:183:9 › Admin API gap sweep (authenticated PUTs) › PUT /api/admin/postiz/posts/sample-e2e-id/status (empty body) (80ms)
  ✓   982 [chromium] › e2e/api-routes-gaps-sweep.spec.ts:162:7 › Admin API gap sweep (authenticated DELETEs) › DELETE /api/admin/postiz/posts/sample-e2e-id (324ms)
  ✓   985 [chromium] › e2e/api-routes-gaps-sweep.spec.ts:183:9 › Admin API gap sweep (authenticated PUTs) › PUT /api/admin/postiz/posts/sample-e2e-id/release-id (empty body) (166ms)
  ✓   986 [chromium] › e2e/api-routes-gaps-sweep.spec.ts:197:9 › Admin API gap sweep — extra DELETEs (Postiz) › DELETE /api/admin/postiz/posts/group/sample-e2e-id (513ms)
  ✓   988 [chromium] › e2e/api-routes-gaps-sweep.spec.ts:208:9 › Postiz cron endpoints (unauthenticated — reject without 5xx) › GET /api/cron/postiz-sync unauthenticated (44ms)
  ✓   989 [chromium] › e2e/api-routes-gaps-sweep.spec.ts:208:9 › Postiz cron endpoints (unauthenticated — reject without 5xx) › GET /api/cron/postiz-oauth-check unauthenticated (46ms)
  ✓   990 [chromium] › e2e/api-routes-gaps-sweep.spec.ts:217:7 › Postiz webhook receiver › POST /api/webhooks/postiz unsigned → 401 unauthorized (35ms)
  ✓   991 [chromium] › e2e/api-routes-gaps-sweep.spec.ts:229:7 › Admin OAuth entry point › GET /api/admin/oauth/tiktok — does not 5xx unauthenticated (38ms)
  ✓   992 [chromium] › e2e/api-routes-gaps-sweep.spec.ts:248:9 › Cron endpoints (unauthenticated — should reject, never 5xx silently) › GET /api/cron/client-reports unauthenticated (29ms)
  ✓   993 [chromium] › e2e/api-routes-gaps-sweep.spec.ts:248:9 › Cron endpoints (unauthenticated — should reject, never 5xx silently) › GET /api/cron/owner-digest unauthenticated (32ms)
  ✓   987 [chromium] › e2e/api-routes-gaps-sweep.spec.ts:197:9 › Admin API gap sweep — extra DELETEs (Postiz) › DELETE /api/admin/postiz/integrations/sample-e2e-id (1.0s)
[WebServer] [API /case-studies/sample-e2e-slug] Fetch error: ReferenceError: getNotionCaseStudyBySlug is not defined
[WebServer]     at GET (src/app/api/case-studies/[slug]/route.ts:47:23)
[WebServer]   45 |     }
[WebServer]   46 |
[WebServer] > 47 |     const caseStudy = await getNotionCaseStudyBySlug(slug);
[WebServer]      |                       ^
[WebServer]   48 |     if (!caseStudy) {
[WebServer]   49 |       return NextResponse.json({ error: "Not found" }, { status: 404 });
[WebServer]   50 |     }
  ✓   995 [chromium] › e2e/api-routes-gaps-sweep.spec.ts:271:9 › Public dynamic API routes (sentinel slugs) › GET /api/case-studies/sample-e2e-slug resolves cleanly (633ms)
  ✓   994 [chromium] › e2e/api-routes-gaps-sweep.spec.ts:271:9 › Public dynamic API routes (sentinel slugs) › GET /api/blog/sample-e2e-slug resolves cleanly (1.0s)
  ✓   997 [chromium] › e2e/api-routes-gaps-sweep.spec.ts:271:9 › Public dynamic API routes (sentinel slugs) › GET /api/portal/sample-e2e-token resolves cleanly (88ms)
  ✓   998 [chromium] › e2e/api-routes-gaps-sweep.spec.ts:271:9 › Public dynamic API routes (sentinel slugs) › GET /api/portal/sample-e2e-token/deliverables resolves cleanly (77ms)
  ✓   999 [chromium] › e2e/api-routes-gaps-sweep.spec.ts:281:7 › Public auth POST endpoints › POST /api/auth/register with empty body returns 4xx (39ms)
  ✓  1000 [chromium] › e2e/api-routes-gaps-sweep.spec.ts:288:7 › Public auth POST endpoints › POST /api/auth/resend-verification with empty body returns 4xx (33ms)
  ✓  1001 [chromium] › e2e/api-routes-gaps-sweep.spec.ts:295:7 › User profile API (unauthenticated) › GET /api/user/profile — unauth returns 401/403/404, never 5xx (33ms)
  ✓  1002 [chromium] › e2e/api-routes.spec.ts:33:7 › API: /api/health › GET returns 200 with status payload (407ms)
  ✓  1003 [chromium] › e2e/api-routes.spec.ts:46:7 › API: /api/contact › rejects missing required fields with 400 (225ms)
  ✓  1004 [chromium] › e2e/api-routes.spec.ts:59:7 › API: /api/contact › rejects invalid email with 400 (200ms)
  ✓   996 [chromium] › e2e/api-routes-gaps-sweep.spec.ts:271:9 › Public dynamic API routes (sentinel slugs) › GET /api/docs/sample-e2e-slug resolves cleanly (1.6s)
  ✓  1005 [chromium] › e2e/api-routes.spec.ts:76:7 › API: /api/subscribe › rejects invalid email with 400 (222ms)
  ✓  1007 [chromium] › e2e/api-routes.spec.ts:98:7 › API: /api/checkout › rejects empty cart with 400 (210ms)
  ✓  1006 [chromium] › e2e/api-routes.spec.ts:89:7 › API: /api/subscribe › rejects missing email with 400 (250ms)
  ✓  1009 [chromium] › e2e/app-fullstack.spec.ts:20:7 › cloudless.gr - Full Application Coverage › health endpoint returns ok (38ms)
  ✓  1008 [chromium] › e2e/api-routes.spec.ts:105:7 › API: /api/checkout › rejects missing items field with 400 (264ms)
  ✓  1011 [chromium] › e2e/app-fullstack.spec.ts:35:7 › cloudless.gr - Full Application Coverage › sitemap.xml is accessible (142ms)
  ✓  1012 [chromium] › e2e/app-fullstack.spec.ts:48:7 › cloudless.gr - Full Application Coverage › robots.txt is accessible (112ms)
  ✓  1010 [chromium] › e2e/app-fullstack.spec.ts:29:7 › cloudless.gr - Full Application Coverage › root page redirects to locale (2.0s)
  ✓  1013 [chromium] › e2e/app-fullstack.spec.ts:61:11 › Public Pages - All Locales › [en] › homepage loads and displays key sections (1.6s)
  ✓  1014 [chromium] › e2e/app-fullstack.spec.ts:70:11 › Public Pages - All Locales › [en] › services page loads (3.3s)
  ✓  1015 [chromium] › e2e/app-fullstack.spec.ts:77:11 › Public Pages - All Locales › [en] › contact page loads with form (3.5s)
  ✓  1017 [chromium] › e2e/app-fullstack.spec.ts:90:11 › Public Pages - All Locales › [en] › case studies page loads (2.2s)
  ✓  1016 [chromium] › e2e/app-fullstack.spec.ts:85:11 › Public Pages - All Locales › [en] › blog page loads (3.5s)
  ✓  1018 [chromium] › e2e/app-fullstack.spec.ts:95:11 › Public Pages - All Locales › [en] › privacy page loads (2.9s)
  ✓  1019 [chromium] › e2e/app-fullstack.spec.ts:100:11 › Public Pages - All Locales › [en] › terms page loads (2.2s)
  ✓  1020 [chromium] › e2e/app-fullstack.spec.ts:105:11 › Public Pages - All Locales › [en] › cookies page loads (2.2s)
  ✓  1021 [chromium] › e2e/app-fullstack.spec.ts:110:11 › Public Pages - All Locales › [en] › accessibility page loads (3.1s)
  ✓  1022 [chromium] › e2e/app-fullstack.spec.ts:115:11 › Public Pages - All Locales › [en] › work/portfolio page loads (3.7s)
  ✓  1023 [chromium] › e2e/app-fullstack.spec.ts:120:11 › Public Pages - All Locales › [en] › dashboard page redirects to login or shows auth required (2.5s)
  ✓  1025 [chromium] › e2e/app-fullstack.spec.ts:61:11 › Public Pages - All Locales › [el] › homepage loads and displays key sections (1.6s)
  ✓  1024 [chromium] › e2e/app-fullstack.spec.ts:137:11 › Public Pages - All Locales › [en] › auth pages load (1.8s)
  ✓  1027 [chromium] › e2e/app-fullstack.spec.ts:77:11 › Public Pages - All Locales › [el] › contact page loads with form (3.8s)
  ✓  1026 [chromium] › e2e/app-fullstack.spec.ts:70:11 › Public Pages - All Locales › [el] › services page loads (4.0s)
  ✓  1028 [chromium] › e2e/app-fullstack.spec.ts:85:11 › Public Pages - All Locales › [el] › blog page loads (2.9s)
  ✓  1029 [chromium] › e2e/app-fullstack.spec.ts:90:11 › Public Pages - All Locales › [el] › case studies page loads (2.9s)
  ✓  1030 [chromium] › e2e/app-fullstack.spec.ts:95:11 › Public Pages - All Locales › [el] › privacy page loads (2.2s)
  ✓  1031 [chromium] › e2e/app-fullstack.spec.ts:100:11 › Public Pages - All Locales › [el] › terms page loads (3.0s)
  ✓  1032 [chromium] › e2e/app-fullstack.spec.ts:105:11 › Public Pages - All Locales › [el] › cookies page loads (2.4s)
  ✓  1033 [chromium] › e2e/app-fullstack.spec.ts:110:11 › Public Pages - All Locales › [el] › accessibility page loads (2.5s)
  ✓  1034 [chromium] › e2e/app-fullstack.spec.ts:115:11 › Public Pages - All Locales › [el] › work/portfolio page loads (2.6s)
  ✓  1035 [chromium] › e2e/app-fullstack.spec.ts:120:11 › Public Pages - All Locales › [el] › dashboard page redirects to login or shows auth required (3.1s)
  ✓  1036 [chromium] › e2e/app-fullstack.spec.ts:137:11 › Public Pages - All Locales › [el] › auth pages load (2.2s)
  ✓  1037 [chromium] › e2e/app-fullstack.spec.ts:61:11 › Public Pages - All Locales › [fr] › homepage loads and displays key sections (1.9s)
  ✓  1038 [chromium] › e2e/app-fullstack.spec.ts:70:11 › Public Pages - All Locales › [fr] › services page loads (3.0s)
  ✓  1039 [chromium] › e2e/app-fullstack.spec.ts:77:11 › Public Pages - All Locales › [fr] › contact page loads with form (3.3s)
  ✓  1040 [chromium] › e2e/app-fullstack.spec.ts:85:11 › Public Pages - All Locales › [fr] › blog page loads (2.8s)
  ✓  1041 [chromium] › e2e/app-fullstack.spec.ts:90:11 › Public Pages - All Locales › [fr] › case studies page loads (2.5s)
  ✓  1042 [chromium] › e2e/app-fullstack.spec.ts:95:11 › Public Pages - All Locales › [fr] › privacy page loads (2.7s)
  ✓  1043 [chromium] › e2e/app-fullstack.spec.ts:100:11 › Public Pages - All Locales › [fr] › terms page loads (2.8s)
  ✓  1044 [chromium] › e2e/app-fullstack.spec.ts:105:11 › Public Pages - All Locales › [fr] › cookies page loads (3.3s)
  ✓  1045 [chromium] › e2e/app-fullstack.spec.ts:110:11 › Public Pages - All Locales › [fr] › accessibility page loads (2.9s)
  ✓  1046 [chromium] › e2e/app-fullstack.spec.ts:115:11 › Public Pages - All Locales › [fr] › work/portfolio page loads (2.8s)
  ✓  1047 [chromium] › e2e/app-fullstack.spec.ts:120:11 › Public Pages - All Locales › [fr] › dashboard page redirects to login or shows auth required (2.7s)
  ✓  1048 [chromium] › e2e/app-fullstack.spec.ts:137:11 › Public Pages - All Locales › [fr] › auth pages load (1.8s)
  ✓  1049 [chromium] › e2e/app-fullstack.spec.ts:61:11 › Public Pages - All Locales › [de] › homepage loads and displays key sections (1.4s)
  ✓  1050 [chromium] › e2e/app-fullstack.spec.ts:70:11 › Public Pages - All Locales › [de] › services page loads (2.8s)
  ✓  1051 [chromium] › e2e/app-fullstack.spec.ts:77:11 › Public Pages - All Locales › [de] › contact page loads with form (3.1s)
  ✓  1052 [chromium] › e2e/app-fullstack.spec.ts:85:11 › Public Pages - All Locales › [de] › blog page loads (2.1s)
  ✓  1053 [chromium] › e2e/app-fullstack.spec.ts:90:11 › Public Pages - All Locales › [de] › case studies page loads (2.1s)
  ✓  1054 [chromium] › e2e/app-fullstack.spec.ts:95:11 › Public Pages - All Locales › [de] › privacy page loads (2.4s)
  ✓  1055 [chromium] › e2e/app-fullstack.spec.ts:100:11 › Public Pages - All Locales › [de] › terms page loads (2.6s)
  ✓  1056 [chromium] › e2e/app-fullstack.spec.ts:105:11 › Public Pages - All Locales › [de] › cookies page loads (2.1s)
  ✓  1057 [chromium] › e2e/app-fullstack.spec.ts:110:11 › Public Pages - All Locales › [de] › accessibility page loads (2.3s)
  ✓  1058 [chromium] › e2e/app-fullstack.spec.ts:115:11 › Public Pages - All Locales › [de] › work/portfolio page loads (2.6s)
  ✓  1059 [chromium] › e2e/app-fullstack.spec.ts:120:11 › Public Pages - All Locales › [de] › dashboard page redirects to login or shows auth required (2.5s)
  ✓  1061 [chromium] › e2e/app-fullstack.spec.ts:158:9 › API Routes Coverage › API route /api/health responds (496ms)
  ✓  1060 [chromium] › e2e/app-fullstack.spec.ts:137:11 › Public Pages - All Locales › [de] › auth pages load (2.3s)
  ✓  1062 [chromium] › e2e/app-fullstack.spec.ts:158:9 › API Routes Coverage › API route /api/blog responds (1.1s)
  ✓  1063 [chromium] › e2e/app-fullstack.spec.ts:158:9 › API Routes Coverage › API route /api/case-studies responds (1.1s)
  ✓  1064 [chromium] › e2e/app-fullstack.spec.ts:158:9 › API Routes Coverage › API route /api/testimonials responds (965ms)
  ✓  1065 [chromium] › e2e/app-fullstack.spec.ts:158:9 › API Routes Coverage › API route /api/services responds (1.5s)
  ✓  1067 [chromium] › e2e/app-fullstack.spec.ts:158:9 › API Routes Coverage › API route /api/recommendations responds (17ms)
  ✓  1068 [chromium] › e2e/app-fullstack.spec.ts:158:9 › API Routes Coverage › API route /api/track responds (19ms)
  ✓  1069 [chromium] › e2e/app-fullstack.spec.ts:181:7 › API Routes Coverage › API route error handling (140ms)
  ✓  1070 [chromium] › e2e/app-fullstack.spec.ts:187:7 › API Routes Coverage › API route methods validation (47ms)
  ✓  1066 [chromium] › e2e/app-fullstack.spec.ts:158:9 › API Routes Coverage › API route /api/faqs responds (1.3s)
  ✓  1071 [chromium] › e2e/app-fullstack.spec.ts:195:7 › Authentication Flow › login page is accessible (1.2s)
  ✓  1072 [chromium] › e2e/app-fullstack.spec.ts:200:7 › Authentication Flow › register page is accessible (1.1s)
  ✓  1073 [chromium] › e2e/app-fullstack.spec.ts:205:7 › Authentication Flow › sandbox endpoint for auth testing (104ms)
  ✓  1075 [chromium] › e2e/app-fullstack.spec.ts:233:7 › Contact Form API › contact endpoint validates input (78ms)
  ✓  1074 [chromium] › e2e/app-fullstack.spec.ts:213:7 › Admin Routes › admin routes require authentication (995ms)
  ✘  1076 [chromium] › e2e/app-fullstack.spec.ts:244:7 › Redirects and Navigation › locale redirect works (2.1s)
  ✓  1077 [chromium] › e2e/app-fullstack.spec.ts:249:7 › Redirects and Navigation › navigation between key pages (2.4s)
  ✓  1079 [chromium] › e2e/app-fullstack.spec.ts:263:7 › Error Handling › 404 for non-existent pages (667ms)
  ✓  1080 [chromium] › e2e/app-fullstack.spec.ts:269:7 › Error Handling › not-found page renders (792ms)
  ✘  1078 [chromium] › e2e/app-fullstack.spec.ts:244:7 › Redirects and Navigation › locale redirect works (retry #1) (2.3s)
  ✓  1081 [chromium] › e2e/app-fullstack.spec.ts:278:7 › Responsive Design › mobile navigation works (1.5s)
  ✓  1083 [chromium] › e2e/app-fullstack.spec.ts:302:7 › Accessibility › images have alt text or aria-hidden (2.5s)
  ✓  1082 [chromium] › e2e/app-fullstack.spec.ts:293:7 › Accessibility › page has proper heading structure (2.7s)
  ✓  1084 [chromium] › e2e/app-fullstack.spec.ts:317:7 › SEO and Metadata › pages have meta description (1.4s)
  ✓  1085 [chromium] › e2e/app-fullstack.spec.ts:328:7 › SEO and Metadata › pages have Open Graph tags (1.4s)
  ✓  1087 [chromium] › e2e/app-fullstack.spec.ts:351:7 › Security Headers › security headers are present (615ms)
  ✓  1086 [chromium] › e2e/app-fullstack.spec.ts:339:7 › Performance › page loads within acceptable time (2.2s)
  ✘  1089 [chromium] › e2e/appflowy-cms.spec.ts:47:7 › AppFlowy CMS — /blog › lists at least one post card linking to /blog/[slug] (1.4s)
  ✘  1090 [chromium] › e2e/appflowy-cms.spec.ts:47:7 › AppFlowy CMS — /blog › lists at least one post card linking to /blog/[slug] (retry #1) (1.0s)
  ✘  1088 [chromium] › e2e/appflowy-cms.spec.ts:39:7 › AppFlowy CMS — /blog › renders the blog header and search input (22.4s)
  ✘  1091 [chromium] › e2e/appflowy-cms.spec.ts:56:7 › AppFlowy CMS — /blog › search query is preserved in the input (22.0s)
  ✘  1092 [chromium] › e2e/appflowy-cms.spec.ts:39:7 › AppFlowy CMS — /blog › renders the blog header and search input (retry #1) (22.2s)
  ✘  1093 [chromium] › e2e/appflowy-cms.spec.ts:56:7 › AppFlowy CMS — /blog › search query is preserved in the input (retry #1) (22.4s)
  ✓  1095 [chromium] › e2e/appflowy-cms.spec.ts:70:7 › AppFlowy CMS — /blog/[slug] › static fallback post renders an article heading (1.2s)
  ✓  1096 [chromium] › e2e/appflowy-cms.spec.ts:76:7 › AppFlowy CMS — /blog/[slug] › nonexistent slug renders the 404 page (1.0s)
  ✓  1097 [chromium] › e2e/appflowy-cms.spec.ts:85:7 › AppFlowy CMS — /api/blog/posts contract › returns a non-empty array of posts with required fields (2.0s)
  ✘  1094 [chromium] › e2e/appflowy-cms.spec.ts:61:7 › AppFlowy CMS — /blog › nonexistent search yields empty-state message (22.0s)
  ✘  1098 [chromium] › e2e/appflowy-cms.spec.ts:104:7 › AppFlowy CMS — /docs › renders the docs header and search input (17.4s)
  ✘  1099 [chromium] › e2e/appflowy-cms.spec.ts:61:7 › AppFlowy CMS — /blog › nonexistent search yields empty-state message (retry #1) (22.2s)
  ✘  1100 [chromium] › e2e/appflowy-cms.spec.ts:104:7 › AppFlowy CMS — /docs › renders the docs header and search input (retry #1) (17.5s)
  ✘  1102 [chromium] › e2e/appflowy-cms.spec.ts:120:7 › AppFlowy CMS — /docs › filtering with no matches shows the no-results state (18.0s)
  ✘  1101 [chromium] › e2e/appflowy-cms.spec.ts:113:7 › AppFlowy CMS — /docs › renders either category headings or the empty state (22.6s)
  ✘  1103 [chromium] › e2e/appflowy-cms.spec.ts:120:7 › AppFlowy CMS — /docs › filtering with no matches shows the no-results state (retry #1) (17.6s)
  ✓  1105 [chromium] › e2e/appflowy-cms.spec.ts:130:7 › AppFlowy CMS — /api/docs contract › returns an array (empty or populated) with required fields (3.4s)
  ✓  1106 [chromium] › e2e/appflowy-cms.spec.ts:150:7 › AppFlowy CMS — /api/testimonials contract › returns an array with required fields (887ms)
  ✓  1107 [chromium] › e2e/appflowy-cms.spec.ts:167:7 › AppFlowy CMS — /api/testimonials contract › featured endpoint returns only featured items (374ms)
  ✓  1108 [chromium] › e2e/appflowy-cms.spec.ts:180:7 › AppFlowy CMS — testimonials on homepage › homepage renders at least one testimonial quote (2.1s)
  ✘  1104 [chromium] › e2e/appflowy-cms.spec.ts:113:7 › AppFlowy CMS — /docs › renders either category headings or the empty state (retry #1) (22.4s)
  ✓  1109 [chromium] › e2e/appflowy-cms.spec.ts:198:7 › AppFlowy CMS — /services page › renders the services heading (3.3s)
[WebServer] Webhook signature verification failed: No signatures found matching the expected signature for payload. Are you passing the raw request body you received from Stripe? 
[WebServer]  If a webhook request is being forwarded by a third-party tool, ensure that the exact request body, including JSON formatting and new line style, is preserved.
[WebServer] 
[WebServer] Learn more about webhook signing and explore webhook integration examples for various frameworks at https://docs.stripe.com/webhooks/signature
[WebServer] 
  ✓  1111 [chromium] › e2e/appflowy-cms.spec.ts:220:7 › AppFlowy CMS — /api/services contract › returns a non-empty array with required fields (2.9s)
  ✓  1110 [chromium] › e2e/appflowy-cms.spec.ts:206:7 › AppFlowy CMS — /services page › lists service cards on the services page (3.9s)
  ✓  1112 [chromium] › e2e/appflowy-cms.spec.ts:235:7 › AppFlowy CMS — /api/services contract › category filter returns only matching services (421ms)
  ✓  1114 [chromium] › e2e/appflowy-cms.spec.ts:266:7 › AppFlowy CMS — /api/faqs contract › category filter returns only matching faqs (986ms)
  ✓  1113 [chromium] › e2e/appflowy-cms.spec.ts:252:7 › AppFlowy CMS — /api/faqs contract › returns a non-empty array with required fields (1.1s)
  ✓  1115 [chromium] › e2e/appflowy-cms.spec.ts:276:7 › AppFlowy CMS — /api/faqs contract › locale filter returns faqs for that locale or global ones (850ms)
  ✓  1116 [chromium] › e2e/appflowy-cms.spec.ts:291:7 › AppFlowy CMS — /case-studies page › renders the case studies heading (1.2s)
  ✓  1118 [chromium] › e2e/appflowy-cms.spec.ts:310:7 › AppFlowy CMS — /case-studies/[slug] › static fallback case study renders an article heading (647ms)
  ✓  1117 [chromium] › e2e/appflowy-cms.spec.ts:297:7 › AppFlowy CMS — /case-studies page › lists case studies on the case-studies page (1.4s)
  ✓  1119 [chromium] › e2e/appflowy-cms.spec.ts:316:7 › AppFlowy CMS — /case-studies/[slug] › nonexistent slug renders the 404 page (719ms)
  ✓  1121 [chromium] › e2e/appflowy-cms.spec.ts:342:7 › AppFlowy CMS — /api/case-studies contract › featured filter returns only featured case studies (593ms)
  ✓  1120 [chromium] › e2e/appflowy-cms.spec.ts:325:7 › AppFlowy CMS — /api/case-studies contract › returns an array with required fields (911ms)
[WebServer] [API /case-studies/no-such-case-study-xyz] Fetch error: ReferenceError: getNotionCaseStudyBySlug is not defined
[WebServer]     at GET (src/app/api/case-studies/[slug]/route.ts:47:23)
[WebServer]   45 |     }
[WebServer]   46 |
[WebServer] > 47 |     const caseStudy = await getNotionCaseStudyBySlug(slug);
[WebServer]      |                       ^
[WebServer]   48 |     if (!caseStudy) {
[WebServer]   49 |       return NextResponse.json({ error: "Not found" }, { status: 404 });
[WebServer]   50 |     }
  ✘  1123 [chromium] › e2e/appflowy-cms.spec.ts:367:7 › AppFlowy CMS — /api/case-studies contract › unknown slug returns 404 (490ms)
[WebServer] [API /case-studies/techflow-aws-cost-reduction] Fetch error: ReferenceError: getNotionCaseStudyBySlug is not defined
[WebServer]     at GET (src/app/api/case-studies/[slug]/route.ts:47:23)
[WebServer]   45 |     }
[WebServer]   46 |
[WebServer] > 47 |     const caseStudy = await getNotionCaseStudyBySlug(slug);
[WebServer]      |                       ^
[WebServer]   48 |     if (!caseStudy) {
[WebServer]   49 |       return NextResponse.json({ error: "Not found" }, { status: 404 });
[WebServer]   50 |     }
  ✘  1122 [chromium] › e2e/appflowy-cms.spec.ts:353:7 › AppFlowy CMS — /api/case-studies contract › slug endpoint returns a case study or 404 when not found (581ms)
[WebServer] [API /case-studies/no-such-case-study-xyz] Fetch error: ReferenceError: getNotionCaseStudyBySlug is not defined
[WebServer]     at GET (src/app/api/case-studies/[slug]/route.ts:47:23)
[WebServer]   45 |     }
[WebServer]   46 |
[WebServer] > 47 |     const caseStudy = await getNotionCaseStudyBySlug(slug);
[WebServer]      |                       ^
[WebServer]   48 |     if (!caseStudy) {
[WebServer]   49 |       return NextResponse.json({ error: "Not found" }, { status: 404 });
[WebServer]   50 |     }
  ✘  1124 [chromium] › e2e/appflowy-cms.spec.ts:367:7 › AppFlowy CMS — /api/case-studies contract › unknown slug returns 404 (retry #1) (778ms)
[WebServer] [API /case-studies/techflow-aws-cost-reduction] Fetch error: ReferenceError: getNotionCaseStudyBySlug is not defined
[WebServer]     at GET (src/app/api/case-studies/[slug]/route.ts:47:23)
[WebServer]   45 |     }
[WebServer]   46 |
[WebServer] > 47 |     const caseStudy = await getNotionCaseStudyBySlug(slug);
[WebServer]      |                       ^
[WebServer]   48 |     if (!caseStudy) {
[WebServer]   49 |       return NextResponse.json({ error: "Not found" }, { status: 404 });
[WebServer]   50 |     }
  ✘  1125 [chromium] › e2e/appflowy-cms.spec.ts:353:7 › AppFlowy CMS — /api/case-studies contract › slug endpoint returns a case study or 404 when not found (retry #1) (722ms)
  ✓  1126 [chromium] › e2e/auth-security.spec.ts:5:9 › Auth Security - Module Imports › Auth Middleware › auth-middleware exports required functions (303ms)
  ✓  1127 [chromium] › e2e/auth-security.spec.ts:15:9 › Auth Security - Module Imports › CSRF Protection › csrf module exports required functions (264ms)
  ✓  1128 [chromium] › e2e/auth-security.spec.ts:24:9 › Auth Security - Module Imports › CSRF Protection › generateCsrfToken produces valid hex tokens (23ms)
  ✓  1129 [chromium] › e2e/auth-security.spec.ts:39:9 › Auth Security - Module Imports › OpenAPI Documentation › auth-openapi exports valid OpenAPI spec (45ms)
  ✓  1130 [chromium] › e2e/auth-security.spec.ts:52:9 › Auth Security Features - API Tests › Sandbox Endpoint › sandbox returns 403 in production or 200 in development (378ms)
  ✓  1131 [chromium] › e2e/auth-security.spec.ts:60:9 › Auth Security Features - API Tests › Session Management › login endpoint exists and handles requests (385ms)
  ✓  1132 [chromium] › e2e/auth-security.spec.ts:72:7 › Password Strength Validation - Unit Tests › validatePasswordStrength rejects weak passwords (117ms)
  ✓  1133 [chromium] › e2e/auth-security.spec.ts:82:7 › Password Strength Validation - Unit Tests › validatePasswordStrength requires special characters (118ms)
  ✓  1134 [chromium] › e2e/auth.spec.ts:4:7 › Authentication › homepage is accessible without login (1.5s)
  ✘  1135 [chromium] › e2e/auth.spec.ts:9:7 › Authentication › login page shows email and password fields (11.9s)
  ✘  1136 [chromium] › e2e/auth.spec.ts:23:7 › Authentication › signup page exposes name, email and password fields (11.9s)
  ✘  1137 [chromium] › e2e/auth.spec.ts:9:7 › Authentication › login page shows email and password fields (retry #1) (11.8s)
  ✘  1138 [chromium] › e2e/auth.spec.ts:23:7 › Authentication › signup page exposes name, email and password fields (retry #1) (11.4s)
  ✓  1140 [chromium] › e2e/blog.spec.ts:4:7 › Blog API › GET /api/blog/posts returns posts array (2.2s)
  ✓  1141 [chromium] › e2e/blog.spec.ts:18:7 › Blog pages › blog listing page loads (941ms)
  ✓  1142 [chromium] › e2e/campaigns-shop-online.spec.ts:4:7 › Shop-online campaign flow › /en/campaigns lists the shop-online campaign (1.1s)
  ✘  1139 [chromium] › e2e/auth.spec.ts:31:7 › Authentication › forgot-password page is reachable from login (6.0s)
  ✓  1143 [chromium] › e2e/campaigns-shop-online.spec.ts:17:7 › Shop-online campaign flow › /el/campaigns/shop-online renders all three tiers in Greek (1.7s)
  ✓  1145 [chromium] › e2e/campaigns-shop-online.spec.ts:33:7 › Shop-online campaign flow › each tier CTA links to /api/checkout with campaign+tier params (797ms)
  ✓  1146 [chromium] › e2e/campaigns-shop-online.spec.ts:49:7 › Shop-online campaign flow › checkout GET stub redirects to thanks page (Stripe unwired branch) (24ms)
  ✓  1147 [chromium] › e2e/campaigns-shop-online.spec.ts:67:7 › Shop-online campaign flow › thanks page renders with tier + order query params (997ms)
  ✓  1148 [chromium] › e2e/campaigns-shop-online.spec.ts:80:7 › Shop-online campaign flow › fit-call thanks branch uses the lead-style copy (656ms)
  ✓  1149 [chromium] › e2e/campaigns-shop-online.spec.ts:89:7 › Shop-online campaign flow › /api/campaigns/conversion is wired (204 without CAPI creds, 200 with) (1.5s)
  ✓  1150 [chromium] › e2e/campaigns-shop-online.spec.ts:108:7 › Shop-online campaign flow › invalid campaign returns 400 from the checkout GET (17ms)
  ✓  1151 [chromium] › e2e/campaigns-shop-online.spec.ts:116:7 › Shop-online campaign flow › invalid tier returns 400 from the checkout GET (31ms)
  ✓  1152 [chromium] › e2e/chat.spec.ts:12:7 › Chat Widget › chat widget is present on page (880ms)
  ✓  1153 [chromium] › e2e/chat.spec.ts:21:7 › Chat Widget › chat API endpoint responds (837ms)
  ✘  1144 [chromium] › e2e/auth.spec.ts:31:7 › Authentication › forgot-password page is reachable from login (retry #1) (6.7s)
  ✓  1154 [chromium] › e2e/chat.spec.ts:31:7 › Chat Widget › chat-ai API endpoint responds (911ms)
  ✘  1156 [chromium] › e2e/chat.spec.ts:43:7 › Workers AI Integration › Workers AI doctor endpoint exists (342ms)
  ✓  1155 [chromium] › e2e/cloudflare-infrastructure.spec.ts:21:8 › Cloudflare Workers health › Workers health endpoint returns 200 with valid payload (721ms)
  ✓  1157 [chromium] › e2e/cloudflare-infrastructure.spec.ts:39:7 › Cloudflare Workers health › Workers auth provider is D1 (not Cognito for local) (273ms)
  ✘  1158 [chromium] › e2e/chat.spec.ts:43:7 › Workers AI Integration › Workers AI doctor endpoint exists (retry #1) (355ms)
  ✓  1159 [chromium] › e2e/cloudflare-infrastructure.spec.ts:58:7 › Cloudflare Workers health › Workers responds with cf-ray header (Cloudflare edge proof) (271ms)
  -  1160 [chromium] › e2e/cloudflare-infrastructure.spec.ts:104:7 › D1 Authentication system › login endpoint accepts credentials and returns session
  -  1161 [chromium] › e2e/cloudflare-infrastructure.spec.ts:128:7 › D1 Authentication system › register endpoint creates user with email/password
  -  1162 [chromium] › e2e/cloudflare-infrastructure.spec.ts:141:7 › D1 Authentication system › session endpoint validates auth cookie
  -  1163 [chromium] › e2e/cloudflare-infrastructure.spec.ts:155:7 › D1 Authentication system › logout endpoint destroys session
  -  1164 [chromium] › e2e/cloudflare-infrastructure.spec.ts:165:7 › D1 Authentication system › password reset request returns 200 (does not reveal existence)
  -  1165 [chromium] › e2e/cloudflare-infrastructure.spec.ts:175:7 › D1 Authentication system › reset confirmation validates token structure
  -  1166 [chromium] › e2e/cloudflare-infrastructure.spec.ts:193:7 › R2 Storage integration › analytics endpoint lists parquet files or returns empty
  -  1167 [chromium] › e2e/cloudflare-infrastructure.spec.ts:205:7 › R2 Storage integration › static assets route returns 404 for missing files (not 500)
  -  1168 [chromium] › e2e/cloudflare-infrastructure.spec.ts:213:7 › R2 Storage integration › S3 asset proxy handles range requests
  -  1169 [chromium] › e2e/cloudflare-infrastructure.spec.ts:236:9 › Cloudflare Tunnel endpoints › oncall.cloudless.gr / responds
  -  1170 [chromium] › e2e/cloudflare-infrastructure.spec.ts:236:9 › Cloudflare Tunnel endpoints › ntfy.cloudless.gr /v1/health responds
  -  1171 [chromium] › e2e/cloudflare-infrastructure.spec.ts:236:9 › Cloudflare Tunnel endpoints › ha.cloudless.gr / responds
  -  1172 [chromium] › e2e/cloudflare-infrastructure.spec.ts:259:7 › Auth system sync (cloud <-> local) › D1 database is shared between Workers instances
  -  1173 [chromium] › e2e/cloudflare-infrastructure.spec.ts:275:7 › Auth system sync (cloud <-> local) › auth tokens are portable across Workers regions
  -  1174 [chromium] › e2e/cloudflare-migration-complete.spec.ts:35:7 › Chat endpoint - Workers AI migration › POST /api/chat endpoint exists and responds
  -  1175 [chromium] › e2e/cloudflare-migration-complete.spec.ts:52:7 › Chat endpoint - Workers AI migration › Chat endpoint handles missing messages array
  -  1176 [chromium] › e2e/cloudflare-migration-complete.spec.ts:71:7 › Contact endpoint - Email + D1 migration › POST /api/contact endpoint exists and validates
  -  1177 [chromium] › e2e/cloudflare-migration-complete.spec.ts:86:7 › Contact endpoint - Email + D1 migration › Contact endpoint validates required fields
  -  1178 [chromium] › e2e/cloudflare-migration-complete.spec.ts:97:7 › Contact endpoint - Email + D1 migration › Contact endpoint validates email format
  -  1179 [chromium] › e2e/cloudflare-migration-complete.spec.ts:119:7 › Subscribe endpoint - Newsletter migration › POST /api/subscribe endpoint exists and validates
  -  1180 [chromium] › e2e/cloudflare-migration-complete.spec.ts:130:7 › Subscribe endpoint - Newsletter migration › Subscribe endpoint validates email format
  -  1181 [chromium] › e2e/cloudflare-migration-complete.spec.ts:141:7 › Subscribe endpoint - Newsletter migration › Subscribe endpoint handles missing email
  -  1182 [chromium] › e2e/cloudflare-migration-complete.spec.ts:159:7 › Stripe webhook endpoint migration › POST /api/webhooks/stripe endpoint exists
  -  1183 [chromium] › e2e/cloudflare-migration-complete.spec.ts:177:7 › Checkout endpoint migration › POST /api/checkout endpoint exists
  -  1184 [chromium] › e2e/cloudflare-migration-complete.spec.ts:195:7 › Services status endpoint › GET /api/services endpoint exists
  -  1185 [chromium] › e2e/cloudflare-migration-complete.spec.ts:211:7 › Workers Cron Triggers configuration › Health endpoint returns valid JSON with D1 status
  -  1186 [chromium] › e2e/cloudflare-migration-complete.spec.ts:224:7 › Workers Cron Triggers configuration › Health endpoint indicates dbConnected status
  -  1187 [chromium] › e2e/cloudflare-migration-complete.spec.ts:240:7 › R2 Storage integration › Static assets endpoint handles requests gracefully
  -  1188 [chromium] › e2e/cloudflare-migration-complete.spec.ts:249:7 › R2 Storage integration › Analytics parquet endpoint validates filename or returns not found
  -  1189 [chromium] › e2e/cloudflare-migration-complete.spec.ts:262:7 › R2 Storage integration › Analytics query endpoint exists
  -  1190 [chromium] › e2e/cloudflare-migration-complete.spec.ts:278:7 › End-to-end migration flows › Auth flow endpoints exist
  -  1191 [chromium] › e2e/cloudflare-migration-complete.spec.ts:293:7 › End-to-end migration flows › Contact to notification flow exists
  -  1192 [chromium] › e2e/cloudflare-migration-complete.spec.ts:315:7 › Error handling and fallbacks › Unknown API routes return valid responses
  -  1193 [chromium] › e2e/cloudflare-migration-complete.spec.ts:324:7 › Error handling and fallbacks › Health endpoint always returns valid JSON
  -  1194 [chromium] › e2e/cloudflare-migration-complete.spec.ts:333:7 › Error handling and fallbacks › CORS preflight handled for API endpoints
  -  1195 [chromium] › e2e/cloudflare-migration-complete.spec.ts:354:7 › Worker endpoint implementation verification › All required endpoints are defined in codebase
  -  1196 [chromium] › e2e/cloudflare-migration-complete.spec.ts:392:7 › Cloudflare-specific functionality › Workers health endpoint returns Cloudflare-specific headers
  -  1197 [chromium] › e2e/cloudflare-migration-complete.spec.ts:402:7 › Cloudflare-specific functionality › Workers API endpoints use streaming responses
  -  1198 [chromium] › e2e/cloudflare-migration-complete.spec.ts:412:7 › Cloudflare-specific functionality › Workers API endpoints use D1 database for authentication
  -  1199 [chromium] › e2e/cloudflare-migration-complete.spec.ts:425:7 › Cloudflare-specific functionality › R2 Storage handles file uploads
  -  1200 [chromium] › e2e/cloudflare-migration-complete.spec.ts:434:7 › Cloudflare-specific functionality › R2 Storage handles file downloads
  -  1201 [chromium] › e2e/cloudflare-migration-complete.spec.ts:442:7 › Cloudflare-specific functionality › Cloudflare Tunnel endpoints are accessible
  -  1202 [chromium] › e2e/cloudflare-migration-complete.spec.ts:467:7 › Cloudflare-specific functionality › Email sending service is configured
  -  1203 [chromium] › e2e/cloudflare-migration-complete.spec.ts:482:7 › Cloudflare-specific functionality › Email suppression list is working
  -  1204 [chromium] › e2e/cloudflare-migration-complete.spec.ts:506:7 › D1 Database integration › D1 database is connected and operational
  -  1205 [chromium] › e2e/cloudflare-migration-complete.spec.ts:518:7 › D1 Database integration › D1 handles user authentication
  -  1206 [chromium] › e2e/cloudflare-migration-complete.spec.ts:534:7 › D1 Database integration › D1 handles session management
  -  1207 [chromium] › e2e/cloudflare-migration-complete.spec.ts:550:7 › Workers AI integration › Workers AI chat endpoint responds with AI-generated content
  -  1208 [chromium] › e2e/cloudflare-migration-complete.spec.ts:565:7 › Workers AI integration › Workers AI handles fallback providers
  -  1209 [chromium] › e2e/cloudflare-migration-complete.spec.ts:587:7 › Cloudflare Tunnel functionality › Tunnel endpoints are accessible from Cloudflare edge
  -  1210 [chromium] › e2e/cloudflare-migration-complete.spec.ts:611:7 › Cloudflare Tunnel functionality › Tunnel handles connection resets gracefully
  -  1211 [chromium] › e2e/cloudflare-migration-complete.spec.ts:630:7 › Cloudflare Email Service integration › Email sending service is configured
  -  1212 [chromium] › e2e/cloudflare-migration-complete.spec.ts:645:7 › Cloudflare Email Service integration › Email suppression list is working
  -  1213 [chromium] › e2e/cloudflare-migration-complete.spec.ts:669:7 › Worker bindings configuration › Worker has all required bindings
  -  1214 [chromium] › e2e/cloudflare-migration-complete.spec.ts:692:7 › Performance metrics › API endpoints respond within acceptable time
  -  1215 [chromium] › e2e/cloudflare-migration-complete.spec.ts:722:7 › Security headers and policies › API endpoints have proper security headers
  -  1216 [chromium] › e2e/cloudflare-migration-complete.spec.ts:735:7 › Security headers and policies › API endpoints use HTTPS
  -  1217 [chromium] › e2e/cloudflare-migration-complete.spec.ts:751:7 › End-to-end migration flows (duplicate block) › Auth flow endpoints exist
  -  1218 [chromium] › e2e/cloudflare-migration-complete.spec.ts:766:7 › End-to-end migration flows (duplicate block) › Contact to notification flow exists
  -  1219 [chromium] › e2e/cloudflare-migration-complete.spec.ts:788:7 › Error handling and fallbacks (duplicate block) › Unknown API routes return valid responses
  -  1220 [chromium] › e2e/cloudflare-migration-complete.spec.ts:797:7 › Error handling and fallbacks (duplicate block) › Health endpoint always returns valid JSON
  -  1221 [chromium] › e2e/cloudflare-migration-complete.spec.ts:806:7 › Error handling and fallbacks (duplicate block) › CORS preflight handled for API endpoints
  -  1222 [chromium] › e2e/cloudflare-migration-complete.spec.ts:827:7 › Worker endpoint implementation verification (duplicate block) › All required endpoints are defined in codebase
  -  1223 [chromium] › e2e/cloudflare-migration-complete.spec.ts:864:7 › Final migration verification › All services are operational
  -  1224 [chromium] › e2e/cloudflare-migration-complete.spec.ts:898:7 › Final migration verification › All endpoints are behind Cloudflare
  -  1225 [chromium] › e2e/cloudflare-migration-complete.spec.ts:925:7 › Migration completion verification › All AWS dependencies are removed
  -  1226 [chromium] › e2e/cloudflare-migration-complete.spec.ts:939:7 › Migration completion verification › All services are using Cloudflare native solutions
  -  1227 [chromium] › e2e/cloudflare-migration-complete.spec.ts:960:7 › Migration final report › Generate migration report
  -  1228 [chromium] › e2e/cloudflare-migration-complete.spec.ts:984:7 › Post-migration verification › Verify no AWS resources remain
  -  1229 [chromium] › e2e/cloudflare-migration-complete.spec.ts:998:7 › Post-migration verification › Verify all services are using Cloudflare
  -  1230 [chromium] › e2e/cloudflare-migration-complete.spec.ts:1019:7 › Final cleanup verification › Verify no legacy dependencies remain
  -  1231 [chromium] › e2e/cloudflare-migration-complete.spec.ts:1040:7 › Migration completion › Verify migration is complete
  -  1232 [chromium] › e2e/cloudflare-migration-complete.spec.ts:1059:7 › Final report generation › Generate final migration report
  -  1233 [chromium] › e2e/cloudflare-migration-complete.spec.ts:1087:7 › Migration celebration › Celebrate successful migration
  ✓  1234 [chromium] › e2e/components.spec.ts:14:9 › UI Components › ScrollReveal Component › reveal animation is applied to elements (687ms)
  ✓  1235 [chromium] › e2e/cloudflare-infrastructure.spec.ts:88:7 › Cloudflare Workers health › Workers responds via Cloudflare edge (cf-ray header present) (707ms)
  ✘  1237 [chromium] › e2e/components.spec.ts:33:9 › UI Components › StatCounter Component › stat counters are rendered (1.1s)
  ✘  1236 [chromium] › e2e/components.spec.ts:21:9 › UI Components › ScrollReveal Component › elements become visible after scroll (1.8s)
  ✘  1238 [chromium] › e2e/components.spec.ts:33:9 › UI Components › StatCounter Component › stat counters are rendered (retry #1) (1.6s)
  ✘  1239 [chromium] › e2e/components.spec.ts:21:9 › UI Components › ScrollReveal Component › elements become visible after scroll (retry #1) (2.2s)
  ✓  1240 [chromium] › e2e/components.spec.ts:41:9 › UI Components › Social Links Component › social links are present (1.1s)
  ✓  1242 [chromium] › e2e/components.spec.ts:57:9 › UI Components › Navigation › navigation links are present (1.1s)
  ✓  1241 [chromium] › e2e/components.spec.ts:49:9 › UI Components › Social Links Component › social links have proper attributes (1.3s)
  ✓  1243 [chromium] › e2e/components.spec.ts:63:9 › UI Components › Navigation › logo/link to home exists (1.1s)
  ✓  1244 [chromium] › e2e/components.spec.ts:70:9 › UI Components › Buttons and CTAs › primary buttons are styled (1.2s)
  ✓  1245 [chromium] › e2e/components.spec.ts:76:9 › UI Components › Buttons and CTAs › button links are accessible (1.2s)
  ✓  1246 [chromium] › e2e/components.spec.ts:84:9 › UI Components › Form Elements › form inputs have labels or placeholders (1.5s)
  ✓  1248 [chromium] › e2e/components.spec.ts:106:9 › UI Components › Typographic Elements › heading hierarchy exists (1.3s)
  ✓  1247 [chromium] › e2e/components.spec.ts:92:11 › UI Components › Form Elements › form has submit button (1.7s)
  ✓  1250 [chromium] › e2e/components.spec.ts:122:9 › UI Components › Cards and Sections › content cards are rendered (1.2s)
  ✓  1249 [chromium] › e2e/components.spec.ts:114:9 › UI Components › Typographic Elements › body text is present (1.3s)
  ✓  1252 [chromium] › e2e/components.spec.ts:139:7 › Responsive Components › mobile layout adapts (1.1s)
  ✓  1251 [chromium] › e2e/components.spec.ts:128:9 › UI Components › Cards and Sections › sections have proper spacing (1.2s)
  ✓  1253 [chromium] › e2e/components.spec.ts:147:7 › Responsive Components › mobile menu button exists when needed (1.1s)
  ✓  1254 [chromium] › e2e/components.spec.ts:163:7 › Dark Mode / Theme › theme variables are defined (1.2s)
  ✘  1255 [chromium] › e2e/contact-integrations.spec.ts:4:7 › Contact & Integrations › contact form renders the documented fields (22.6s)
  ✘  1257 [chromium] › e2e/contact-integrations.spec.ts:4:7 › Contact & Integrations › contact form renders the documented fields (retry #1) (22.0s)
  ✓  1258 [chromium] › e2e/contact-integrations.spec.ts:38:7 › Contact & Integrations › legal pages render with a heading (1.4s)
  ✓  1259 [chromium] › e2e/contact.spec.ts:4:7 › Contact form API › POST /api/contact with missing fields returns 400 (343ms)
  ✓  1260 [chromium] › e2e/contact.spec.ts:13:7 › Contact form API › POST /api/contact with invalid email returns 400 (27ms)
  -  1261 [chromium] › e2e/cookie-consent-flow.spec.ts:26:7 › Cookie consent banner › banner appears on first visit with no consent cookie
  -  1262 [chromium] › e2e/cookie-consent-flow.spec.ts:46:7 › Cookie consent banner › clicking Accept All persists a cookieConsent cookie
  -  1263 [chromium] › e2e/cookie-consent-flow.spec.ts:69:7 › Cookie consent banner › banner does not reappear on reload after Accept All
  ✓  1264 [chromium] › e2e/coverage.spec.ts:12:9 › Coverage - Full Path Testing › All Public API Endpoints › GET all data endpoints (6.3s)
  ✓  1265 [chromium] › e2e/coverage.spec.ts:32:9 › Coverage - Full Path Testing › All Public API Endpoints › POST all form endpoints (84ms)
  ✓  1266 [chromium] › e2e/coverage.spec.ts:52:9 › Coverage - Full Path Testing › All Page Routes › each locale's homepage (4.8s)
  ✘  1256 [chromium] › e2e/contact-integrations.spec.ts:16:7 › Contact & Integrations › contact form submit posts to /api/contact and shows success (1.1m)
  ✓  1267 [chromium] › e2e/coverage.spec.ts:61:9 › Coverage - Full Path Testing › All Page Routes › all locale subdirectories (13.4s)
  ✓  1269 [chromium] › e2e/coverage.spec.ts:84:9 › Coverage - Full Path Testing › Error Path Coverage › API errors handled gracefully (323ms)
  ✓  1270 [chromium] › e2e/coverage.spec.ts:92:9 › Coverage - Full Path Testing › Error Path Coverage › 404 page renders correctly (368ms)
  ✓  1271 [chromium] › e2e/coverage.spec.ts:99:9 › Coverage - Full Path Testing › Edge Cases › empty search returns valid response (31ms)
  ✓  1272 [chromium] › e2e/coverage.spec.ts:104:9 › Coverage - Full Path Testing › Edge Cases › large data set endpoints (640ms)
  ✓  1273 [chromium] › e2e/coverage.spec.ts:111:9 › Coverage - Full Path Testing › Authentication Flow Coverage › auth pages load without credentials (412ms)
  ✓  1274 [chromium] › e2e/coverage.spec.ts:116:9 › Coverage - Full Path Testing › Authentication Flow Coverage › protected admin pages redirect (588ms)
  ✓  1275 [chromium] › e2e/coverage.spec.ts:124:7 › Integration Coverage › newsletter signup flow (874ms)
  ✓  1276 [chromium] › e2e/coverage.spec.ts:128:7 › Integration Coverage › contact form validation paths (1.3s)
  ✓  1277 [chromium] › e2e/coverage.spec.ts:133:7 › Integration Coverage › language switching coverage (1.5s)
  ✓  1278 [chromium] › e2e/cron-deep.spec.ts:14:7 › /api/cron/calendar-digest — without auth rejected (201ms)
  ✓  1279 [chromium] › e2e/cron-deep.spec.ts:19:7 › /api/cron/calendar-digest — wrong Bearer rejected (141ms)
  ✓  1280 [chromium] › e2e/cron-deep.spec.ts:27:7 › /api/cron/calendar-digest — empty Bearer rejected (143ms)
  ✓  1281 [chromium] › e2e/cron-deep.spec.ts:35:7 › /api/cron/calendar-digest — POST without auth rejected (127ms)
  ✓  1282 [chromium] › e2e/cron-deep.spec.ts:14:7 › /api/cron/report-cleanup — without auth rejected (176ms)
  ✓  1283 [chromium] › e2e/cron-deep.spec.ts:19:7 › /api/cron/report-cleanup — wrong Bearer rejected (143ms)
  ✓  1284 [chromium] › e2e/cron-deep.spec.ts:27:7 › /api/cron/report-cleanup — empty Bearer rejected (133ms)
  ✓  1285 [chromium] › e2e/cron-deep.spec.ts:35:7 › /api/cron/report-cleanup — POST without auth rejected (138ms)
  ✓  1286 [chromium] › e2e/cron-deep.spec.ts:14:7 › /api/cron/slack-digest — without auth rejected (155ms)
  ✓  1287 [chromium] › e2e/cron-deep.spec.ts:19:7 › /api/cron/slack-digest — wrong Bearer rejected (130ms)
  ✓  1288 [chromium] › e2e/cron-deep.spec.ts:27:7 › /api/cron/slack-digest — empty Bearer rejected (139ms)
  ✓  1289 [chromium] › e2e/cron-deep.spec.ts:35:7 › /api/cron/slack-digest — POST without auth rejected (140ms)
  ✓  1290 [chromium] › e2e/cron-deep.spec.ts:14:7 › /api/cron/voice-brief — without auth rejected (131ms)
  ✓  1291 [chromium] › e2e/cron-deep.spec.ts:19:7 › /api/cron/voice-brief — wrong Bearer rejected (150ms)
  ✓  1292 [chromium] › e2e/cron-deep.spec.ts:27:7 › /api/cron/voice-brief — empty Bearer rejected (153ms)
  ✓  1293 [chromium] › e2e/cron-deep.spec.ts:35:7 › /api/cron/voice-brief — POST without auth rejected (133ms)
  ✓  1294 [chromium] › e2e/cron-deep.spec.ts:14:7 › /api/cron/analytics-rollup — without auth rejected (142ms)
  ✓  1295 [chromium] › e2e/cron-deep.spec.ts:19:7 › /api/cron/analytics-rollup — wrong Bearer rejected (140ms)
  ✓  1296 [chromium] › e2e/cron-deep.spec.ts:27:7 › /api/cron/analytics-rollup — empty Bearer rejected (128ms)
  ✓  1297 [chromium] › e2e/cron-deep.spec.ts:35:7 › /api/cron/analytics-rollup — POST without auth rejected (141ms)
  -  1298 [chromium] › e2e/cron-deep.spec.ts:49:9 › Cron with valid CRON_SECRET › /api/cron/calendar-digest — valid Bearer accepted
  -  1299 [chromium] › e2e/cron-deep.spec.ts:49:9 › Cron with valid CRON_SECRET › /api/cron/report-cleanup — valid Bearer accepted
  -  1300 [chromium] › e2e/cron-deep.spec.ts:49:9 › Cron with valid CRON_SECRET › /api/cron/slack-digest — valid Bearer accepted
  -  1301 [chromium] › e2e/cron-deep.spec.ts:49:9 › Cron with valid CRON_SECRET › /api/cron/voice-brief — valid Bearer accepted
  -  1302 [chromium] › e2e/cron-deep.spec.ts:49:9 › Cron with valid CRON_SECRET › /api/cron/analytics-rollup — valid Bearer accepted
  ✓  1303 [chromium] › e2e/customer-behavior.spec.ts:18:7 › Homepage › renders hero heading and title (1.2s)
  ✓  1304 [chromium] › e2e/customer-behavior.spec.ts:24:7 › Homepage › main landmark is present (1.0s)
  ✓  1305 [chromium] › e2e/customer-behavior.spec.ts:29:7 › Homepage › desktop: navigation bar shows core links (1.2s)
  ✓  1306 [chromium] › e2e/customer-behavior.spec.ts:38:7 › Homepage › desktop: homepage → services navigation works (2.2s)
  ✓  1307 [chromium] › e2e/customer-behavior.spec.ts:51:7 › Homepage › desktop: homepage → store navigation works (2.1s)
  ✓  1308 [chromium] › e2e/customer-behavior.spec.ts:64:7 › Homepage › desktop: homepage → blog navigation works (1.5s)
  ✓  1309 [chromium] › e2e/customer-behavior.spec.ts:82:7 › Services page › renders h1 and service section headings (1.5s)
  ✓  1310 [chromium] › e2e/customer-behavior.spec.ts:89:7 › Services page › has a contact / book a call CTA (2.3s)
  ✓  1311 [chromium] › e2e/customer-behavior.spec.ts:97:7 › Services page › CTA links to contact or auth (1.6s)
  ✓  1312 [chromium] › e2e/customer-behavior.spec.ts:108:7 › Store – product listing › renders h1 (560ms)
  ✘  1313 [chromium] › e2e/customer-behavior.spec.ts:113:7 › Store – product listing › shows at least one product with a price (21.6s)
  ✘  1268 [chromium] › e2e/contact-integrations.spec.ts:16:7 › Contact & Integrations › contact form submit posts to /api/contact and shows success (retry #1) (1.0m)
  ✓  1315 [chromium] › e2e/customer-behavior.spec.ts:119:7 › Store – product listing › clicking a product card navigates to product detail (592ms)
  ✘  1314 [chromium] › e2e/customer-behavior.spec.ts:113:7 › Store – product listing › shows at least one product with a price (retry #1) (21.9s)
  ✘  1316 [chromium] › e2e/customer-behavior.spec.ts:141:7 › Store – product detail › Cloud Architecture Audit shows name, price, and add-to-cart button (21.6s)
  ✘  1317 [chromium] › e2e/customer-behavior.spec.ts:148:7 › Store – product detail › digital product detail renders correctly (21.3s)
  ✘  1318 [chromium] › e2e/customer-behavior.spec.ts:141:7 › Store – product detail › Cloud Architecture Audit shows name, price, and add-to-cart button (retry #1) (21.5s)
[WebServer] Webhook signature verification failed: No signatures found matching the expected signature for payload. Are you passing the raw request body you received from Stripe? 
[WebServer]  If a webhook request is being forwarded by a third-party tool, ensure that the exact request body, including JSON formatting and new line style, is preserved.
[WebServer] 
[WebServer] Learn more about webhook signing and explore webhook integration examples for various frameworks at https://docs.stripe.com/webhooks/signature
[WebServer] 
  ✘  1319 [chromium] › e2e/customer-behavior.spec.ts:148:7 › Store – product detail › digital product detail renders correctly (retry #1) (21.5s)
  ✘  1320 [chromium] › e2e/customer-behavior.spec.ts:154:7 › Store – product detail › product breadcrumb has a link back to the Store (21.4s)
  ✘  1321 [chromium] › e2e/customer-behavior.spec.ts:163:7 › Store – product detail › related products section is rendered (21.4s)
  ✘  1322 [chromium] › e2e/customer-behavior.spec.ts:154:7 › Store – product detail › product breadcrumb has a link back to the Store (retry #1) (21.5s)
  ✓  1324 [chromium] › e2e/customer-behavior.spec.ts:169:7 › Store – product detail › non-existent product ID renders a not-found page (417ms)
  ✓  1325 [chromium] › e2e/customer-behavior.spec.ts:184:7 › Store – checkout API › POST /api/checkout without productId returns 4xx (333ms)
  ✓  1326 [chromium] › e2e/customer-behavior.spec.ts:190:7 › Store – checkout API › POST /api/checkout with unknown productId returns 4xx (18ms)
  ✓  1327 [chromium] › e2e/customer-behavior.spec.ts:201:7 › Order success page › renders a confirmation heading (867ms)
  ✓  1328 [chromium] › e2e/customer-behavior.spec.ts:207:7 › Order success page › has a link back to store or home (870ms)
  ✓  1329 [chromium] › e2e/customer-behavior.spec.ts:214:7 › Order success page › page body mentions order, confirmation, or thank-you (845ms)
  ✓  1330 [chromium] › e2e/customer-behavior.spec.ts:225:7 › Blog › renders h1 and article list (485ms)
  ✘  1331 [chromium] › e2e/customer-behavior.spec.ts:230:7 › Blog › at least one article link is present (1.0s)
  ✘  1332 [chromium] › e2e/customer-behavior.spec.ts:230:7 › Blog › at least one article link is present (retry #1) (1.3s)
  ✓  1333 [chromium] › e2e/customer-behavior.spec.ts:246:7 › Blog › clicking a blog post navigates to the article page (1.0s)
  ✓  1334 [chromium] › e2e/customer-behavior.spec.ts:268:7 › Docs › docs index renders a heading (503ms)
  ✘  1323 [chromium] › e2e/customer-behavior.spec.ts:163:7 › Store – product detail › related products section is rendered (retry #1) (21.5s)
  ✘  1335 [chromium] › e2e/customer-behavior.spec.ts:277:7 › Contact form › renders name, email, and message fields plus Send Message button (21.5s)
  ✘  1337 [chromium] › e2e/customer-behavior.spec.ts:277:7 › Contact form › renders name, email, and message fields plus Send Message button (retry #1) (21.6s)
  ✘  1336 [chromium] › e2e/customer-behavior.spec.ts:286:7 › Contact form › submitting empty form stays on contact page (HTML5 validation) (1.0m)
  ✘  1338 [chromium] › e2e/customer-behavior.spec.ts:292:7 › Contact form › typing a valid message into all fields is possible (1.0m)
  ✘  1339 [chromium] › e2e/customer-behavior.spec.ts:286:7 › Contact form › submitting empty form stays on contact page (HTML5 validation) (retry #1) (1.0m)
  ✓  1341 [chromium] › e2e/customer-behavior.spec.ts:305:7 › Contact form API › missing name returns 400 (339ms)
  ✓  1342 [chromium] › e2e/customer-behavior.spec.ts:313:7 › Contact form API › invalid email returns 400 (20ms)
  ✓  1343 [chromium] › e2e/customer-behavior.spec.ts:321:7 › Contact form API › missing message returns 400 (19ms)
[WebServer] [admin-notifications] DATALAKE_BUCKET not bound — lake sink skipped
[WebServer] [contact] Auto-reply failed: Error: Email is not configured — set CLOUDFLARE_ACCOUNT_ID + CLOUDFLARE_API_TOKEN (Email Sending) or RESEND_API_KEY
[WebServer]     at sendEmail (src/lib/email.ts:82:9)
[WebServer]     at sendContactAcknowledgment (src/lib/email.ts:375:9)
[WebServer]   80 |   }
[WebServer]   81 |
[WebServer] > 82 |   throw new Error(
[WebServer]      |         ^
[WebServer]   83 |     "Email is not configured — set CLOUDFLARE_ACCOUNT_ID + CLOUDFLARE_API_TOKEN (Email Sending) or RESEND_API_KEY"
[WebServer]   84 |   );
[WebServer]   85 | }
  ✓  1344 [chromium] › e2e/customer-behavior.spec.ts:329:7 › Contact form API › valid submission passes validation (not 4xx except rate-limit) @mutating (43ms)
[WebServer] [Slack] chat.postMessage error: channel_not_found
[WebServer] [EspoCRM] upsertContact error: SyntaxError: Unexpected token '<', "<!DOCTYPE "... is not valid JSON
[WebServer]     at JSON.parse (<anonymous>)
[WebServer] [EspoCRM] createDeal error: SyntaxError: Unexpected token '<', "<!DOCTYPE "... is not valid JSON
[WebServer]     at JSON.parse (<anonymous>)
  ✘  1345 [chromium] › e2e/customer-behavior.spec.ts:348:7 › Auth – Login page › renders email, password fields and Sign In button (941ms)
  ✘  1346 [chromium] › e2e/customer-behavior.spec.ts:348:7 › Auth – Login page › renders email, password fields and Sign In button (retry #1) (1.3s)
  ✘  1347 [chromium] › e2e/customer-behavior.spec.ts:356:7 › Auth – Login page › has a Create Account signup link (21.9s)
  ✘  1340 [chromium] › e2e/customer-behavior.spec.ts:292:7 › Contact form › typing a valid message into all fields is possible (retry #1) (1.0m)
  ✓  1349 [chromium] › e2e/customer-behavior.spec.ts:362:7 › Auth – Login page › has a Forgot Password link (898ms)
  ✓  1350 [chromium] › e2e/customer-behavior.spec.ts:372:7 › Auth – Login page › submitting blank stays on login page (948ms)
  ✘  1348 [chromium] › e2e/customer-behavior.spec.ts:356:7 › Auth – Login page › has a Create Account signup link (retry #1) (22.0s)
  ✘  1351 [chromium] › e2e/customer-behavior.spec.ts:381:7 › Auth – Signup page › renders Full Name, email, password fields and Create Account button (22.0s)
  ✘  1352 [chromium] › e2e/customer-behavior.spec.ts:389:7 › Auth – Signup page › has a Sign In link back to login (12.0s)
  ✘  1354 [chromium] › e2e/customer-behavior.spec.ts:389:7 › Auth – Signup page › has a Sign In link back to login (retry #1) (11.5s)
  ✘  1353 [chromium] › e2e/customer-behavior.spec.ts:381:7 › Auth – Signup page › renders Full Name, email, password fields and Create Account button (retry #1) (21.4s)
  ✘  1355 [chromium] › e2e/customer-behavior.spec.ts:399:7 › Auth – Signup page › password mismatch shows an error (21.3s)
  ✘  1356 [chromium] › e2e/customer-behavior.spec.ts:412:7 › Auth – Forgot Password page › renders email input and a submit button (16.7s)
  ✘  1357 [chromium] › e2e/customer-behavior.spec.ts:399:7 › Auth – Signup page › password mismatch shows an error (retry #1) (21.5s)
  ✘  1358 [chromium] › e2e/customer-behavior.spec.ts:412:7 › Auth – Forgot Password page › renders email input and a submit button (retry #1) (16.8s)
[WebServer] [ses-suppression-d1] AUTH_DB not bound — cannot remove suppression
[WebServer] [admin-notifications] DATALAKE_BUCKET not bound — lake sink skipped
  ✓  1359 [chromium] › e2e/customer-behavior.spec.ts:423:7 › Newsletter subscribe API › valid email returns non-500 @mutating (742ms)
  ✓  1361 [chromium] › e2e/customer-behavior.spec.ts:438:7 › Newsletter subscribe API › missing email returns 400 (22ms)
  ✓  1362 [chromium] › e2e/customer-behavior.spec.ts:448:7 › Unsubscribe API › missing email returns 400 (20ms)
  ✓  1360 [chromium] › e2e/customer-behavior.spec.ts:430:7 › Newsletter subscribe API › invalid email returns 400 (345ms)
  ✓  1364 [chromium] › e2e/customer-behavior.spec.ts:467:7 › Calendar booking API › POST /api/calendar/book without required fields returns 4xx or 503 (28ms)
[WebServer] [Slack] chat.postMessage error: channel_not_found
  ✓  1363 [chromium] › e2e/customer-behavior.spec.ts:458:7 › Calendar booking API › GET /api/calendar/availability returns JSON (200 or 503) (366ms)
  ✓  1365 [chromium] › e2e/customer-behavior.spec.ts:478:7 › Portal – unauthenticated › portal/waiting renders without crashing (536ms)
[WebServer] ⨯ Error: The destination stream closed early.
[WebServer]     at ignore-listed frames {
[WebServer]   digest: '152199018'
[WebServer] }
  ✓  1366 [chromium] › e2e/customer-behavior.spec.ts:483:7 › Portal – unauthenticated › portal with fake token does not 500 (985ms)
  ✓  1367 [chromium] › e2e/customer-behavior.spec.ts:498:9 › Legal pages › Privacy page renders h1 (888ms)
  ✓  1368 [chromium] › e2e/customer-behavior.spec.ts:498:9 › Legal pages › Terms page renders h1 (797ms)
  ✓  1369 [chromium] › e2e/customer-behavior.spec.ts:498:9 › Legal pages › Cookies page renders h1 (705ms)
  ✓  1370 [chromium] › e2e/customer-behavior.spec.ts:498:9 › Legal pages › Refund page renders h1 (813ms)
  ✓  1371 [chromium] › e2e/customer-behavior.spec.ts:508:7 › Internationalisation › Greek locale /el renders without crashing (1.0s)
  ✘  1373 [chromium] › e2e/customer-behavior.spec.ts:527:7 › 404 handling › unknown route returns 404 status (754ms)
  ✓  1372 [chromium] › e2e/customer-behavior.spec.ts:513:7 › Internationalisation › both /en and /el homepages have an h1 (1.9s)
  ✘  1374 [chromium] › e2e/customer-behavior.spec.ts:527:7 › 404 handling › unknown route returns 404 status (retry #1) (928ms)
  ✓  1375 [chromium] › e2e/customer-behavior.spec.ts:532:7 › 404 handling › 404 page has a message and a home link (720ms)
  ✘  1376 [chromium] › e2e/customer-behavior.spec.ts:554:7 › End-to-end visitor journeys › visitor browses store grid and opens a product (11.3s)
  ✘  1377 [chromium] › e2e/customer-behavior.spec.ts:544:7 › End-to-end visitor journeys › visitor reads services then reaches contact page via direct URL (22.6s)
  ✘  1378 [chromium] › e2e/customer-behavior.spec.ts:554:7 › End-to-end visitor journeys › visitor browses store grid and opens a product (retry #1) (11.6s)
  ✓  1380 [chromium] › e2e/customer-behavior.spec.ts:563:7 › End-to-end visitor journeys › visitor reads a blog post from the blog index (1.7s)
  ✘  1379 [chromium] › e2e/customer-behavior.spec.ts:544:7 › End-to-end visitor journeys › visitor reads services then reaches contact page via direct URL (retry #1) (23.3s)
  ✓  1382 [chromium] › e2e/customer-journey.spec.ts:4:7 › Customer Journey › homepage shows hero heading and main landmark (1.2s)
  ✓  1383 [chromium] › e2e/customer-journey.spec.ts:11:7 › Customer Journey › services page renders an h1 (1.6s)
  ✓  1384 [chromium] › e2e/customer-journey.spec.ts:16:7 › Customer Journey › store page renders an h1 (618ms)
  ✓  1385 [chromium] › e2e/customer-journey.spec.ts:21:7 › Customer Journey › blog page renders an h1 (621ms)
[WebServer] ⨯ The directory at "/home/tbaltzakis/cloudless.gr/.next/dev" was deleted.
[WebServer] 
[WebServer] Deleting this directory while Next.js is running can lead to undefined behavior. Restarting the server to recover...
[WebServer] [Instrumentation] AUTH_DB bound for local D1 auth
  ✘  1386 [chromium] › e2e/customer-journey.spec.ts:26:7 › Customer Journey › contact page renders the form (20.8s)
  ✘  1381 [chromium] › e2e/customer-behavior.spec.ts:583:7 › End-to-end visitor journeys › visitor fills the contact form and sees the send button (1.0m)
  ✘  1387 [chromium] › e2e/customer-journey.spec.ts:26:7 › Customer Journey › contact page renders the form (retry #1) (21.6s)
  -  1389 [chromium] › e2e/dashboard-authenticated-journey.spec.mts:55:5 › Authenticated dashboard journey › Dashboard home (/en/dashboard) renders without redirect to login
  -  1390 [chromium] › e2e/dashboard-authenticated-journey.spec.mts:55:5 › Authenticated dashboard journey › Consultations (/en/dashboard/consultations) renders without redirect to login
  -  1391 [chromium] › e2e/dashboard-authenticated-journey.spec.mts:55:5 › Authenticated dashboard journey › Profile (/en/dashboard/profile) renders without redirect to login
  -  1392 [chromium] › e2e/dashboard-authenticated-journey.spec.mts:55:5 › Authenticated dashboard journey › Purchases (/en/dashboard/purchases) renders without redirect to login
  -  1393 [chromium] › e2e/dashboard-authenticated-journey.spec.mts:55:5 › Authenticated dashboard journey › Settings (/en/dashboard/settings) renders without redirect to login
  -  1394 [chromium] › e2e/dashboard-authenticated-journey.spec.mts:70:3 › Authenticated dashboard journey › session persists across multiple navigations
  ✓  1395 [chromium] › e2e/dashboard-deep.spec.mts:32:5 › Dashboard unauthenticated › unauth /en/dashboard — redirects to login or shows sign-in CTA (1.3s)
  ✓  1396 [chromium] › e2e/dashboard-deep.spec.mts:32:5 › Dashboard unauthenticated › unauth /en/dashboard/consultations — redirects to login or shows sign-in CTA (647ms)
[WebServer] [auth-db-local] Using local D1 sqlite
  ✓  1397 [chromium] › e2e/dashboard-deep.spec.mts:32:5 › Dashboard unauthenticated › unauth /en/dashboard/profile — redirects to login or shows sign-in CTA (622ms)
  ✓  1398 [chromium] › e2e/dashboard-deep.spec.mts:32:5 › Dashboard unauthenticated › unauth /en/dashboard/purchases — redirects to login or shows sign-in CTA (544ms)
  ✓  1399 [chromium] › e2e/dashboard-deep.spec.mts:32:5 › Dashboard unauthenticated › unauth /en/dashboard/settings — redirects to login or shows sign-in CTA (522ms)
  -  1400 [chromium] › e2e/dashboard-deep.spec.mts:61:5 › Dashboard authenticated › auth /en/dashboard — renders dashboard content
  -  1401 [chromium] › e2e/dashboard-deep.spec.mts:61:5 › Dashboard authenticated › auth /en/dashboard/consultations — renders dashboard content
  -  1402 [chromium] › e2e/dashboard-deep.spec.mts:61:5 › Dashboard authenticated › auth /en/dashboard/profile — renders dashboard content
  -  1403 [chromium] › e2e/dashboard-deep.spec.mts:61:5 › Dashboard authenticated › auth /en/dashboard/purchases — renders dashboard content
  -  1404 [chromium] › e2e/dashboard-deep.spec.mts:61:5 › Dashboard authenticated › auth /en/dashboard/settings — renders dashboard content
  -  1405 [chromium] › e2e/dashboard-deep.spec.mts:87:5 › Dashboard authenticated › auth /api/user/consultations — returns < 500 for authenticated user
  -  1406 [chromium] › e2e/dashboard-deep.spec.mts:87:5 › Dashboard authenticated › auth /api/user/purchases — returns < 500 for authenticated user
  -  1407 [chromium] › e2e/dashboard-deep.spec.mts:87:5 › Dashboard authenticated › auth /api/newsletter/send — returns < 500 for authenticated user
  ✓  1408 [chromium] › e2e/dashboard-deep.spec.mts:96:5 › User APIs without auth › unauth GET /api/user/consultations — returns 401/403 (604ms)
  ✓  1409 [chromium] › e2e/dashboard-deep.spec.mts:96:5 › User APIs without auth › unauth GET /api/user/purchases — returns 401/403 (412ms)
  ✓  1410 [chromium] › e2e/dashboard-deep.spec.mts:96:5 › User APIs without auth › unauth GET /api/newsletter/send — returns 401/403 (445ms)
  ✓  1411 [chromium] › e2e/dashboard-gaps-sweep.spec.ts:33:9 › Dashboard sub-pages (unauthenticated) › /en/dashboard/consultations — redirects to login or renders sign-in CTA (505ms)
  ✓  1412 [chromium] › e2e/dashboard-gaps-sweep.spec.ts:33:9 › Dashboard sub-pages (unauthenticated) › /en/dashboard/profile — redirects to login or renders sign-in CTA (510ms)
  ✓  1413 [chromium] › e2e/dashboard-gaps-sweep.spec.ts:33:9 › Dashboard sub-pages (unauthenticated) › /en/dashboard/purchases — redirects to login or renders sign-in CTA (520ms)
  ✓  1414 [chromium] › e2e/dashboard-gaps-sweep.spec.ts:33:9 › Dashboard sub-pages (unauthenticated) › /en/dashboard/settings — redirects to login or renders sign-in CTA (520ms)
  ✓  1415 [chromium] › e2e/dashboard-gaps-sweep.spec.ts:66:7 › /auth/post-login bridge route › renders without 5xx for unauthenticated users (491ms)
  ✘  1416 [chromium] › e2e/dashboard.spec.ts:4:7 › Dashboard › login page is accessible (1.1s)
  ✘  1417 [chromium] › e2e/dashboard.spec.ts:4:7 › Dashboard › login page is accessible (retry #1) (1.1s)
  ✓  1418 [chromium] › e2e/dashboard.spec.ts:13:7 › Dashboard › /dashboard redirects unauthenticated users to login (407ms)
  ✓  1419 [chromium] › e2e/dynamic-detail-pages.spec.ts:41:7 › Dynamic public detail pages › /blog/[slug] — known post (2.1s)
  ✓  1420 [chromium] › e2e/dynamic-detail-pages.spec.ts:49:7 › Dynamic public detail pages › /blog/[slug] — unknown slug returns documented 404 (448ms)
  ✓  1421 [chromium] › e2e/dynamic-detail-pages.spec.ts:58:7 › Dynamic public detail pages › /case-studies/[slug] — known (1.2s)
  ✓  1422 [chromium] › e2e/dynamic-detail-pages.spec.ts:66:7 › Dynamic public detail pages › /case-studies/[slug] — unknown slug (493ms)
[WebServer] [auth-db-local] Using local D1 sqlite
  ✓  1423 [chromium] › e2e/dynamic-detail-pages.spec.ts:72:7 › Dynamic public detail pages › /docs/[slug] — known (3.2s)
  ✓  1424 [chromium] › e2e/dynamic-detail-pages.spec.ts:80:7 › Dynamic public detail pages › /docs/[slug] — unknown slug (674ms)
  ✓  1425 [chromium] › e2e/dynamic-detail-pages.spec.ts:86:7 › Dynamic public detail pages › /store/[id] — fallback when product list empty (1.4s)
  -  1426 [chromium] › e2e/dynamic-detail-pages.spec.ts:102:7 › Admin detail routes › /admin/reports/[id] — gated on admin auth
  ✓  1427 [chromium] › e2e/encryption-compression.spec.ts:18:9 › compression — HTTP responses are compressed when client supports it › gzip is offered for /en (390ms)
  ✓  1428 [chromium] › e2e/encryption-compression.spec.ts:33:9 › compression — HTTP responses are compressed when client supports it › brotli is offered for /en when client supports it (388ms)
  ✓  1429 [chromium] › e2e/encryption-compression.spec.ts:18:9 › compression — HTTP responses are compressed when client supports it › gzip is offered for /api/health (109ms)
  ✓  1430 [chromium] › e2e/encryption-compression.spec.ts:33:9 › compression — HTTP responses are compressed when client supports it › brotli is offered for /api/health when client supports it (21ms)
  ✓  1431 [chromium] › e2e/encryption-compression.spec.ts:46:7 › compression — HTTP responses are compressed when client supports it › response body for /en is materially compressible (>2KB) (412ms)
  ✘  1432 [chromium] › e2e/encryption-compression.spec.ts:60:7 › encryption — HTTPS posture and secret-leak protection › HSTS is preload-eligible (max-age + includeSubDomains + preload) (23ms)
  ✘  1433 [chromium] › e2e/encryption-compression.spec.ts:60:7 › encryption — HTTPS posture and secret-leak protection › HSTS is preload-eligible (max-age + includeSubDomains + preload) (retry #1) (367ms)
  ✓  1434 [chromium] › e2e/encryption-compression.spec.ts:73:7 › encryption — HTTPS posture and secret-leak protection › the app never echoes raw upstream error text in /api/admin/notion/status (1.2s)
[WebServer] [csp-violation] dir=? blocked=https://evil.example/probe?token=should_not_echo source=? doc=? disp=?
  ✓  1435 [chromium] › e2e/encryption-compression.spec.ts:89:7 › encryption — HTTPS posture and secret-leak protection › CSP report endpoint accepts violations without echoing user input (143ms)
  ✓  1436 [chromium] › e2e/encryption-compression.spec.ts:108:7 › encryption — HTTPS posture and secret-leak protection › response body length for /api/health is small + cacheable (16ms)
  ✓  1437 [chromium] › e2e/encryption-compression.spec.ts:126:7 › encryption — HTTPS posture and secret-leak protection › X-Powered-By is suppressed across multiple routes (consistent posture) (180ms)
  -  1438 [chromium] › e2e/fly-proxy.spec.ts:22:7 › Fly.io Proxy Health › proxy /health endpoint returns 200 with failover status
  -  1439 [chromium] › e2e/fly-proxy.spec.ts:36:7 › Fly.io Proxy Health › proxy reports correct backend configuration
  -  1440 [chromium] › e2e/fly-proxy.spec.ts:44:7 › Fly.io Proxy Health › proxy HTTP endpoint responds (no HTTPS required)
  -  1441 [chromium] › e2e/fly-proxy.spec.ts:58:7 › HA Failover Behavior › proxy routes to health-checkable backend
  -  1442 [chromium] › e2e/fly-proxy.spec.ts:68:7 › HA Failover Behavior › proxy preserves request headers to backend
  -  1443 [chromium] › e2e/fly-proxy.spec.ts:80:7 › HA Failover Behavior › proxy handles POST requests with body
  -  1444 [chromium] › e2e/fly-proxy.spec.ts:95:7 › HA Failover Behavior › proxy strips hop-by-hop headers
  -  1445 [chromium] › e2e/fly-proxy.spec.ts:105:7 › HA Failover Behavior › proxy follows redirects from backend
  -  1446 [chromium] › e2e/fly-proxy.spec.ts:115:7 › HA Failover Behavior › proxy handles slow backend gracefully
  -  1447 [chromium] › e2e/fly-proxy.spec.ts:129:7 › HA Failover Behavior › proxy failover latency < 5s from primary
  -  1448 [chromium] › e2e/fly-proxy.spec.ts:151:9 › Fly.io endpoint passthrough › passthrough /api/health
  -  1449 [chromium] › e2e/fly-proxy.spec.ts:151:9 › Fly.io endpoint passthrough › passthrough /api/services
  -  1450 [chromium] › e2e/fly-proxy.spec.ts:151:9 › Fly.io endpoint passthrough › passthrough /api/blog/posts
  -  1451 [chromium] › e2e/fly-proxy.spec.ts:165:7 › Fly.io endpoint passthrough › POST /api/checkout passthrough works
  -  1452 [chromium] › e2e/fly-proxy.spec.ts:180:7 › Fly.io connection resilience › concurrent requests handled
  -  1453 [chromium] › e2e/fly-proxy.spec.ts:196:7 › Fly.io connection resilience › connection reuse on warm requests
  ✓  1454 [chromium] › e2e/form-submission-flows.spec.ts:24:7 › Contact form (/en/contact) › submitting empty form keeps the user on the contact page (1.9s)
[WebServer] [admin-notifications] DATALAKE_BUCKET not bound — lake sink skipped
[WebServer] [contact] Auto-reply failed: Error: Email is not configured — set CLOUDFLARE_ACCOUNT_ID + CLOUDFLARE_API_TOKEN (Email Sending) or RESEND_API_KEY
[WebServer]     at sendEmail (src/lib/email.ts:82:9)
[WebServer]     at sendContactAcknowledgment (src/lib/email.ts:375:9)
[WebServer]   80 |   }
[WebServer]   81 |
[WebServer] > 82 |   throw new Error(
[WebServer]      |         ^
[WebServer]   83 |     "Email is not configured — set CLOUDFLARE_ACCOUNT_ID + CLOUDFLARE_API_TOKEN (Email Sending) or RESEND_API_KEY"
[WebServer]   84 |   );
[WebServer]   85 | }
  ✓  1455 [chromium] › e2e/form-submission-flows.spec.ts:40:7 › Contact form (/en/contact) › well-formed submit hits /api/contact and gets a non-5xx (1.9s)
[WebServer] [Slack] chat.postMessage error: channel_not_found
[WebServer] [EspoCRM] upsertContact error: SyntaxError: Unexpected token '<', "<!DOCTYPE "... is not valid JSON
[WebServer]     at JSON.parse (<anonymous>)
[WebServer] [EspoCRM] createDeal error: SyntaxError: Unexpected token '<', "<!DOCTYPE "... is not valid JSON
[WebServer]     at JSON.parse (<anonymous>)
  ✓  1456 [chromium] › e2e/form-submission-flows.spec.ts:77:7 › Signup form (/en/auth/signup) › empty submit stays on the signup page (2.0s)
  ✓  1457 [chromium] › e2e/form-submission-flows.spec.ts:93:7 › Signup form (/en/auth/signup) › mismatched passwords do not navigate away (1.7s)
  ✓  1458 [chromium] › e2e/form-submission-flows.spec.ts:126:7 › Forgot-password form (/en/auth/forgot-password) › empty submit keeps the user on the page (1.9s)
  ✓  1459 [chromium] › e2e/form-submission-flows.spec.ts:142:7 › Forgot-password form (/en/auth/forgot-password) › well-formed email does not produce a 5xx (1.9s)
  ✓  1460 [chromium] › e2e/fullstack-frontend-backend.spec.ts:56:9 › Full-stack frontend coverage › public route responds and renders main content: /en (853ms)
  ✓  1461 [chromium] › e2e/fullstack-frontend-backend.spec.ts:56:9 › Full-stack frontend coverage › public route responds and renders main content: /en/services (1.4s)
  ✓  1462 [chromium] › e2e/fullstack-frontend-backend.spec.ts:56:9 › Full-stack frontend coverage › public route responds and renders main content: /en/store (1.2s)
  ✓  1463 [chromium] › e2e/fullstack-frontend-backend.spec.ts:56:9 › Full-stack frontend coverage › public route responds and renders main content: /en/blog (687ms)
  ✓  1464 [chromium] › e2e/fullstack-frontend-backend.spec.ts:56:9 › Full-stack frontend coverage › public route responds and renders main content: /en/contact (616ms)
  ✓  1465 [chromium] › e2e/fullstack-frontend-backend.spec.ts:56:9 › Full-stack frontend coverage › public route responds and renders main content: /en/docs (1.6s)
  ✓  1466 [chromium] › e2e/fullstack-frontend-backend.spec.ts:56:9 › Full-stack frontend coverage › public route responds and renders main content: /en/privacy (1.3s)
  ✓  1467 [chromium] › e2e/fullstack-frontend-backend.spec.ts:56:9 › Full-stack frontend coverage › public route responds and renders main content: /en/terms (1.3s)
  ✓  1468 [chromium] › e2e/fullstack-frontend-backend.spec.ts:56:9 › Full-stack frontend coverage › public route responds and renders main content: /en/refund (1.2s)
  ✓  1469 [chromium] › e2e/fullstack-frontend-backend.spec.ts:56:9 › Full-stack frontend coverage › public route responds and renders main content: /en/cookies (1.2s)
  ✓  1470 [chromium] › e2e/fullstack-frontend-backend.spec.ts:56:9 › Full-stack frontend coverage › public route responds and renders main content: /el (861ms)
  ✓  1471 [chromium] › e2e/fullstack-frontend-backend.spec.ts:56:9 › Full-stack frontend coverage › public route responds and renders main content: /fr (1.1s)
  ✘  1388 [chromium] › e2e/customer-behavior.spec.ts:583:7 › End-to-end visitor journeys › visitor fills the contact form and sees the send button (retry #1) (1.0m)
  ✓  1472 [chromium] › e2e/fullstack-frontend-backend.spec.ts:56:9 › Full-stack frontend coverage › public route responds and renders main content: /de (899ms)
  ✘  1474 [chromium] › e2e/github-agentic-workflows.spec.ts:27:11 › GitHub Agentic Workflows - Infrastructure › Agentic Workflow Files › workflow ci-babysitter-agentic.yml has valid YAML structure (4ms)
  ✓  1473 [chromium] › e2e/fullstack-frontend-backend.spec.ts:70:7 › Full-stack frontend coverage › dashboard route is protected and redirects unauthenticated users (460ms)
  ✘  1476 [chromium] › e2e/github-agentic-workflows.spec.ts:27:11 › GitHub Agentic Workflows - Infrastructure › Agentic Workflow Files › workflow ci-babysitter-agentic.yml has valid YAML structure (retry #1) (5ms)
  ✓  1475 [chromium] › e2e/fullstack-frontend-backend.spec.ts:79:7 › Full-stack frontend coverage › admin route is protected and redirects unauthenticated users (157ms)
  ✓  1477 [chromium] › e2e/fullstack-frontend-backend.spec.ts:90:7 › Full-stack backend coverage › health endpoint returns status payload (151ms)
  ✘  1479 [chromium] › e2e/github-agentic-workflows.spec.ts:27:11 › GitHub Agentic Workflows - Infrastructure › Agentic Workflow Files › workflow pr-review-agentic.yml has valid YAML structure (5ms)
  ✘  1480 [chromium] › e2e/github-agentic-workflows.spec.ts:27:11 › GitHub Agentic Workflows - Infrastructure › Agentic Workflow Files › workflow pr-review-agentic.yml has valid YAML structure (retry #1) (4ms)
  ✓  1478 [chromium] › e2e/fullstack-frontend-backend.spec.ts:100:7 › Full-stack backend coverage › blog posts endpoint responds successfully (805ms)
  ✓  1481 [chromium] › e2e/fullstack-frontend-backend.spec.ts:108:7 › Full-stack backend coverage › contact endpoint validates required fields (140ms)
  ✓  1483 [chromium] › e2e/github-agentic-workflows.spec.ts:50:9 › GitHub Agentic Workflows - Infrastructure › Agentic Review Script › pr-review-agentic.mjs exists and is valid (6ms)
  ✓  1484 [chromium] › e2e/github-agentic-workflows.spec.ts:71:9 › GitHub Agentic Workflows - Infrastructure › CI Babysitter Script › ci-babysitter.mjs exists and is valid (2ms)
  ✘  1485 [chromium] › e2e/github-agentic-workflows.spec.ts:92:9 › GitHub Agentic Workflows - Infrastructure › Security Architecture › workflows follow read-only token pattern (1ms)
  ✓  1482 [chromium] › e2e/fullstack-frontend-backend.spec.ts:113:7 › Full-stack backend coverage › subscribe endpoint rejects invalid email (313ms)
  ✘  1487 [chromium] › e2e/github-agentic-workflows.spec.ts:92:9 › GitHub Agentic Workflows - Infrastructure › Security Architecture › workflows follow read-only token pattern (retry #1) (2ms)
  ✓  1486 [chromium] › e2e/fullstack-frontend-backend.spec.ts:120:7 › Full-stack backend coverage › checkout endpoint rejects empty cart (353ms)
  ✓  1488 [chromium] › e2e/fullstack-frontend-backend.spec.ts:125:7 › Full-stack backend coverage › user purchases endpoint requires authentication (147ms)
  ✘  1490 [chromium] › e2e/github-agentic-workflows.spec.ts:106:9 › GitHub Agentic Workflows - Infrastructure › Security Architecture › no hard-coded API keys in workflow files (2ms)
  ✓  1489 [chromium] › e2e/fullstack-frontend-backend.spec.ts:130:7 › Full-stack backend coverage › user consultations endpoint requires authentication (137ms)
  ✓  1491 [chromium] › e2e/fullstack-frontend-backend.spec.ts:135:7 › Full-stack backend coverage › admin orders endpoint blocks unauthenticated access (278ms)
  ✓  1492 [chromium] › e2e/health.spec.ts:10:7 › Health API › GET /api/health returns 200 with status payload (21ms)
  ✓  1494 [chromium] › e2e/health.spec.ts:22:7 › Health API › health response is fresh (timestamp within last 10s) (10ms)
  ✘  1493 [chromium] › e2e/github-agentic-workflows.spec.ts:106:9 › GitHub Agentic Workflows - Infrastructure › Security Architecture › no hard-coded API keys in workflow files (retry #1) (2ms)
  ✓  1495 [chromium] › e2e/homepage.spec.ts:4:7 › Homepage › loads with correct title (421ms)
  ✓  1497 [chromium] › e2e/homepage.spec.ts:26:7 › Homepage › renders above-the-fold content without JS errors (563ms)
  ✓  1496 [chromium] › e2e/homepage.spec.ts:9:7 › Homepage › has no broken internal links on homepage (4xx) (1.4s)
  ✓  1498 [chromium] › e2e/homepage.spec.ts:36:7 › Homepage › has meta description and OG tags (2.2s)
  ✓  1499 [chromium] › e2e/homepage.spec.ts:49:7 › Homepage › has cloudless.gr canonical URL (not personal name) (1.3s)
  ✓  1500 [chromium] › e2e/i18n-not-found.spec.ts:49:9 › 404 page localization › en renders translated 404 strings (559ms)
  ✘  1501 [chromium] › e2e/i18n-not-found.spec.ts:49:9 › 404 page localization › el renders translated 404 strings (488ms)
  ✘  1502 [chromium] › e2e/i18n-not-found.spec.ts:49:9 › 404 page localization › fr renders translated 404 strings (520ms)
  ✘  1503 [chromium] › e2e/i18n-not-found.spec.ts:49:9 › 404 page localization › el renders translated 404 strings (retry #1) (768ms)
  ✘  1504 [chromium] › e2e/i18n-not-found.spec.ts:49:9 › 404 page localization › fr renders translated 404 strings (retry #1) (841ms)
  ✘  1505 [chromium] › e2e/i18n-not-found.spec.ts:49:9 › 404 page localization › de renders translated 404 strings (1.1s)
  ✓  1506 [chromium] › e2e/i18n-not-found.spec.ts:63:7 › 404 page localization › the 'Back to Home' CTA is a real internal link (1.0s)
  ✓  1507 [chromium] › e2e/i18n.spec.ts:7:9 › Internationalization › page loads in en (1.4s)
  ✘  1508 [chromium] › e2e/i18n-not-found.spec.ts:49:9 › 404 page localization › de renders translated 404 strings (retry #1) (1.1s)
  ✓  1509 [chromium] › e2e/i18n.spec.ts:7:9 › Internationalization › page loads in el (1.0s)
  ✓  1510 [chromium] › e2e/i18n.spec.ts:7:9 › Internationalization › page loads in fr (1.5s)
  -  1512 [chromium] › e2e/infrastructure.spec.ts:17:7 › CloudFront / CDN › cloudless.gr returns HTTP 200
  -  1513 [chromium] › e2e/infrastructure.spec.ts:22:7 › CloudFront / CDN › www.cloudless.gr redirects away from www
  -  1514 [chromium] › e2e/infrastructure.spec.ts:35:7 › CloudFront / CDN › HTTP/2 or HTTP/3 is used (HTTPS only)
  -  1515 [chromium] › e2e/infrastructure.spec.ts:46:7 › CloudFront / CDN › health endpoint version matches SSM expected version
  -  1516 [chromium] › e2e/infrastructure.spec.ts:63:7 › Route 53 Failover › primary (CloudFront) path is serving cloudless.gr
  ✓  1511 [chromium] › e2e/i18n.spec.ts:17:7 › Internationalization › can switch locales (1.6s)
  ✓  1517 [chromium] › e2e/integrations-contracts.spec.ts:40:7 › Integrations contracts › Notion blog API returns posts with source marker (986ms)
  ✘  1519 [chromium] › e2e/integrations-contracts.spec.ts:54:7 › Integrations contracts › Notion webhook requires secret header (660ms)
  -  1520 [chromium] › e2e/integrations-contracts.spec.ts:63:7 › Integrations contracts › Stripe checkout validates empty cart
  -  1521 [chromium] › e2e/integrations-contracts.spec.ts:68:7 › Integrations contracts › Stripe webhook requires signature header
  -  1522 [chromium] › e2e/integrations-contracts.spec.ts:76:7 › Integrations contracts › Slack event endpoint rejects unsigned requests
  -  1523 [chromium] › e2e/integrations-contracts.spec.ts:84:7 › Integrations contracts › Slack commands endpoint rejects unsigned requests
  -  1524 [chromium] › e2e/integrations-contracts.spec.ts:92:7 › Integrations contracts › Slack interactions endpoint rejects unsigned requests
  -  1525 [chromium] › e2e/integrations-contracts.spec.ts:99:7 › Integrations contracts › EspoCRM webhook POST requires URL-secret auth
  -  1526 [chromium] › e2e/integrations-contracts.spec.ts:111:7 › Integrations contracts › EspoCRM CRM upsert route handles invalid email or unconfigured CRM
  -  1527 [chromium] › e2e/integrations-contracts.spec.ts:118:7 › Integrations contracts › Calendar availability returns data or explicit not-configured error
  -  1528 [chromium] › e2e/integrations-contracts.spec.ts:130:7 › Integrations contracts › Calendar booking validates payload or reports unavailable service
  -  1529 [chromium] › e2e/integrations-contracts.spec.ts:137:7 › Integrations contracts › SES-backed subscribe endpoint rejects invalid email
  -  1530 [chromium] › e2e/integrations-contracts.spec.ts:144:7 › Integrations contracts › SES-backed contact endpoint rejects missing required fields
  -  1531 [chromium] › e2e/integrations-contracts.spec.ts:151:7 › Integrations contracts › User purchases integration requires auth
  -  1532 [chromium] › e2e/integrations-contracts.spec.ts:156:7 › Integrations contracts › User consultations integration requires auth
  -  1533 [chromium] › e2e/integrations-contracts.spec.ts:161:7 › Integrations contracts › Sentry admin endpoint remains admin-protected
  ✓  1534 [chromium] › e2e/integrations-contracts.spec.ts:40:7 › Integrations contracts › Notion blog API returns posts with source marker (retry #1) (978ms)
  ✓  1518 [chromium] › e2e/journey-admin-tour.spec.ts:16:7 › Admin dashboard tour › admin can land on /admin and see dashboard (2.9s)
  ✘  1535 [chromium] › e2e/integrations-contracts.spec.ts:54:7 › Integrations contracts › Notion webhook requires secret header (retry #1) (845ms)
  -  1537 [chromium] › e2e/integrations-contracts.spec.ts:63:7 › Integrations contracts › Stripe checkout validates empty cart (retry #1)
  -  1538 [chromium] › e2e/integrations-contracts.spec.ts:68:7 › Integrations contracts › Stripe webhook requires signature header (retry #1)
  -  1539 [chromium] › e2e/integrations-contracts.spec.ts:76:7 › Integrations contracts › Slack event endpoint rejects unsigned requests (retry #1)
  -  1540 [chromium] › e2e/integrations-contracts.spec.ts:84:7 › Integrations contracts › Slack commands endpoint rejects unsigned requests (retry #1)
  -  1541 [chromium] › e2e/integrations-contracts.spec.ts:92:7 › Integrations contracts › Slack interactions endpoint rejects unsigned requests (retry #1)
  -  1542 [chromium] › e2e/integrations-contracts.spec.ts:99:7 › Integrations contracts › EspoCRM webhook POST requires URL-secret auth (retry #1)
  -  1543 [chromium] › e2e/integrations-contracts.spec.ts:111:7 › Integrations contracts › EspoCRM CRM upsert route handles invalid email or unconfigured CRM (retry #1)
  -  1544 [chromium] › e2e/integrations-contracts.spec.ts:118:7 › Integrations contracts › Calendar availability returns data or explicit not-configured error (retry #1)
  -  1545 [chromium] › e2e/integrations-contracts.spec.ts:130:7 › Integrations contracts › Calendar booking validates payload or reports unavailable service (retry #1)
  -  1546 [chromium] › e2e/integrations-contracts.spec.ts:137:7 › Integrations contracts › SES-backed subscribe endpoint rejects invalid email (retry #1)
  -  1547 [chromium] › e2e/integrations-contracts.spec.ts:144:7 › Integrations contracts › SES-backed contact endpoint rejects missing required fields (retry #1)
  -  1548 [chromium] › e2e/integrations-contracts.spec.ts:151:7 › Integrations contracts › User purchases integration requires auth (retry #1)
  -  1549 [chromium] › e2e/integrations-contracts.spec.ts:156:7 › Integrations contracts › User consultations integration requires auth (retry #1)
  -  1550 [chromium] › e2e/integrations-contracts.spec.ts:161:7 › Integrations contracts › Sentry admin endpoint remains admin-protected (retry #1)
  ✓  1536 [chromium] › e2e/journey-admin-tour.spec.ts:25:7 › Admin dashboard tour › admin can navigate to analytics (3.0s)
  ✓  1551 [chromium] › e2e/journey-admin-tour.spec.ts:30:7 › Admin dashboard tour › admin can navigate to CRM (2.1s)
  ✓  1552 [chromium] › e2e/journey-admin-tour.spec.ts:35:7 › Admin dashboard tour › admin can navigate to campaigns (3.3s)
  ✘  1554 [chromium] › e2e/journey-admin-tour.spec.ts:45:7 › Admin dashboard tour › admin sidebar has navigation links to other sections (1.3s)
  ✓  1553 [chromium] › e2e/journey-admin-tour.spec.ts:40:7 › Admin dashboard tour › admin can navigate to calendar (3.7s)
  ✘  1556 [chromium] › e2e/journey-admin-tour.spec.ts:45:7 › Admin dashboard tour › admin sidebar has navigation links to other sections (retry #1) (1.2s)
  ✓  1555 [chromium] › e2e/journey-admin-tour.spec.ts:54:7 › Admin dashboard tour › non-admin (no cookie) gets redirected away from /admin (2.8s)
  ✓  1557 [chromium] › e2e/journey-blog-nav.spec.ts:9:7 › Blog navigation flow › /en/blog renders post list with at least 1 link to a post (2.2s)
  ✓  1559 [chromium] › e2e/journey-blog-nav.spec.ts:41:7 › Blog navigation flow › /en/blog has SEO basics (title + meta description) (1.0s)
  -  1558 [chromium] › e2e/journey-blog-nav.spec.ts:16:7 › Blog navigation flow › clicking the first post opens a detail page with content
  ✓  1561 [chromium] › e2e/journey-contact-lead.spec.ts:56:7 › Contact lead flow › contact form rejects empty submit with visible error or no nav (802ms)
[WebServer] [auth-db-local] Using local D1 sqlite
  ✓  1562 [chromium] › e2e/journey-store-checkout.spec.ts:12:7 › Store checkout flow › /en/store renders product cards (986ms)
  ✓  1563 [chromium] › e2e/journey-store-checkout.spec.ts:20:7 › Store checkout flow › /api/checkout returns 4xx for unknown productId (345ms)
  ✓  1564 [chromium] › e2e/journey-store-checkout.spec.ts:28:7 › Store checkout flow › /api/checkout rejects empty body with 4xx (22ms)
  ✓  1560 [chromium] › e2e/journey-contact-lead.spec.ts:11:7 › Contact lead flow › visitor lands on home → navigates to contact → submits → sees success (6.3s)
  ✓  1566 [chromium] › e2e/journey-store-checkout.spec.ts:49:7 › Store checkout flow › /en/order-success renders confirmation heading (510ms)
  ✓  1565 [chromium] › e2e/journey-store-checkout.spec.ts:34:7 › Store checkout flow › clicking a product on /store opens a detail page (when products exist) (4.2s)
  ✓  1567 [chromium] › e2e/journey-theme-locale.spec.ts:20:7 › Theme switcher › light theme applies data-theme=light and persists (2.1s)
  ✓  1568 [chromium] › e2e/journey-theme-locale.spec.ts:44:7 › Theme switcher › dark theme applies data-theme=dark (1.8s)
  -  1569 [chromium] › e2e/journey-theme-locale.spec.ts:64:7 › Locale switcher › switching to Greek navigates to /el
  ✘  1570 [chromium] › e2e/journey-theme-locale.spec.ts:93:7 › Locale switcher › /el shows Greek content (html lang=el) (812ms)
  ✘  1572 [chromium] › e2e/journey-theme-locale.spec.ts:93:7 › Locale switcher › /el shows Greek content (html lang=el) (retry #1) (1.3s)
  ✘  1573 [chromium] › e2e/journeys/admin-journey.spec.ts:25:7 › Admin User Journey › should show admin login form with required fields (1.0s)
  ✘  1571 [chromium] › e2e/journeys/admin-journey.spec.ts:15:7 › Admin User Journey › should allow admin to navigate to login page (20.6s)
  ✘  1574 [chromium] › e2e/journeys/admin-journey.spec.ts:25:7 › Admin User Journey › should show admin login form with required fields (retry #1) (21.9s)
  ✘  1576 [chromium] › e2e/journeys/admin-journey.spec.ts:39:7 › Admin User Journey › should allow admin to login with valid credentials (test credentials) (983ms)
  ✘  1575 [chromium] › e2e/journeys/admin-journey.spec.ts:15:7 › Admin User Journey › should allow admin to navigate to login page (retry #1) (20.9s)
  ✘  1578 [chromium] › e2e/journeys/admin-journey.spec.ts:59:7 › Admin User Journey › should show appropriate error for invalid login credentials (807ms)
  ✘  1577 [chromium] › e2e/journeys/admin-journey.spec.ts:39:7 › Admin User Journey › should allow admin to login with valid credentials (test credentials) (retry #1) (1.0m)
  ✘  1580 [chromium] › e2e/journeys/admin-journey.spec.ts:77:7 › Admin User Journey › should allow admin to access dashboard after login (if credentials work) (893ms)
  ✘  1581 [chromium] › e2e/journeys/admin-journey.spec.ts:77:7 › Admin User Journey › should allow admin to access dashboard after login (if credentials work) (retry #1) (915ms)
  ✘  1582 [chromium] › e2e/journeys/admin-journey.spec.ts:90:7 › Admin User Journey › should show admin dashboard widgets and navigation after login (870ms)
  ✘  1583 [chromium] › e2e/journeys/admin-journey.spec.ts:90:7 › Admin User Journey › should show admin dashboard widgets and navigation after login (retry #1) (2.9s)
  ✘  1584 [chromium] › e2e/journeys/admin-journey.spec.ts:104:7 › Admin User Journey › should allow admin to navigate to different admin sections (810ms)
  ✘  1579 [chromium] › e2e/journeys/admin-journey.spec.ts:59:7 › Admin User Journey › should show appropriate error for invalid login credentials (retry #1) (1.0m)
  ✘  1586 [chromium] › e2e/journeys/admin-journey.spec.ts:124:7 › Admin User Journey › should allow admin to log out (857ms)
  ✓  1587 [chromium] › e2e/journeys/admin-journey.spec.ts:124:7 › Admin User Journey › should allow admin to log out (retry #1) (765ms)
  ✘  1588 [chromium] › e2e/journeys/auth-journey.spec.ts:21:9 › Authentication Journey › Login Flow › should allow user to login with valid credentials (1.7s)
  ✘  1585 [chromium] › e2e/journeys/admin-journey.spec.ts:104:7 › Admin User Journey › should allow admin to navigate to different admin sections (retry #1) (11.8s)
  ✘  1589 [chromium] › e2e/journeys/auth-journey.spec.ts:21:9 › Authentication Journey › Login Flow › should allow user to login with valid credentials (retry #1) (2.1s)
  ✘  1590 [chromium] › e2e/journeys/auth-journey.spec.ts:58:9 › Authentication Journey › Login Flow › should show error for invalid login credentials (1.9s)
  ✘  1591 [chromium] › e2e/journeys/auth-journey.spec.ts:92:9 › Authentication Journey › Login Flow › should show validation errors for empty login fields (1.9s)
  ✘  1592 [chromium] › e2e/journeys/auth-journey.spec.ts:58:9 › Authentication Journey › Login Flow › should show error for invalid login credentials (retry #1) (2.3s)
  ✘  1593 [chromium] › e2e/journeys/auth-journey.spec.ts:92:9 › Authentication Journey › Login Flow › should show validation errors for empty login fields (retry #1) (2.2s)
  ✘  1594 [chromium] › e2e/journeys/auth-journey.spec.ts:118:9 › Authentication Journey › Registration Flow › should allow user to register with valid information (6.8s)
  ✘  1595 [chromium] › e2e/journeys/auth-journey.spec.ts:162:9 › Authentication Journey › Registration Flow › should show error for duplicate email registration (6.7s)
  ✘  1596 [chromium] › e2e/journeys/auth-journey.spec.ts:118:9 › Authentication Journey › Registration Flow › should allow user to register with valid information (retry #1) (7.1s)
  ✘  1597 [chromium] › e2e/journeys/auth-journey.spec.ts:162:9 › Authentication Journey › Registration Flow › should show error for duplicate email registration (retry #1) (7.2s)
  ✘  1598 [chromium] › e2e/journeys/auth-journey.spec.ts:202:9 › Authentication Journey › Registration Flow › should show validation errors for empty registration fields (6.7s)
  ✘  1599 [chromium] › e2e/journeys/auth-journey.spec.ts:230:9 › Authentication Journey › Registration Flow › should show validation error for password mismatch (6.7s)
  ✘  1600 [chromium] › e2e/journeys/auth-journey.spec.ts:202:9 › Authentication Journey › Registration Flow › should show validation errors for empty registration fields (retry #1) (7.1s)
  ✘  1601 [chromium] › e2e/journeys/auth-journey.spec.ts:230:9 › Authentication Journey › Registration Flow › should show validation error for password mismatch (retry #1) (7.1s)
  ✘  1602 [chromium] › e2e/journeys/auth-journey.spec.ts:272:9 › Authentication Journey › Password Reset Flow › should allow user to request password reset (1.8s)
  ✘  1603 [chromium] › e2e/journeys/auth-journey.spec.ts:310:9 › Authentication Journey › Password Reset Flow › should show error for non-existent email in password reset (2.1s)
  ✘  1604 [chromium] › e2e/journeys/auth-journey.spec.ts:272:9 › Authentication Journey › Password Reset Flow › should allow user to request password reset (retry #1) (2.2s)
  ✘  1605 [chromium] › e2e/journeys/auth-journey.spec.ts:310:9 › Authentication Journey › Password Reset Flow › should show error for non-existent email in password reset (retry #1) (2.1s)
  ✘  1606 [chromium] › e2e/journeys/auth-journey.spec.ts:348:9 › Authentication Journey › Logout Flow › should allow user to logout successfully (6.3s)
  ✘  1607 [chromium] › e2e/journeys/auth-journey.spec.ts:378:9 › Authentication Journey › Session Persistence › should maintain session across page reloads (6.0s)
  ✘  1608 [chromium] › e2e/journeys/auth-journey.spec.ts:348:9 › Authentication Journey › Logout Flow › should allow user to logout successfully (retry #1) (6.1s)
  ✘  1609 [chromium] › e2e/journeys/auth-journey.spec.ts:378:9 › Authentication Journey › Session Persistence › should maintain session across page reloads (retry #1) (6.1s)
  ✘  1611 [chromium] › e2e/journeys/auth-journey.spec.ts:424:9 › Authentication Journey › Responsive Design › should work correctly on mobile (1.6s)
  ✘  1612 [chromium] › e2e/journeys/auth-journey.spec.ts:424:9 › Authentication Journey › Responsive Design › should work correctly on mobile (retry #1) (1.8s)
  ✘  1610 [chromium] › e2e/journeys/auth-journey.spec.ts:395:9 › Authentication Journey › Session Persistence › should maintain session across navigation (6.0s)
  ✘  1613 [chromium] › e2e/journeys/auth-journey.spec.ts:460:9 › Authentication Journey › Responsive Design › should work correctly on tablet (1.8s)
  ✘  1615 [chromium] › e2e/journeys/auth-journey.spec.ts:460:9 › Authentication Journey › Responsive Design › should work correctly on tablet (retry #1) (2.0s)
  ✘  1616 [chromium] › e2e/journeys/auth-journey.spec.ts:496:9 › Authentication Journey › Responsive Design › should work correctly on desktop (1.7s)
  ✘  1614 [chromium] › e2e/journeys/auth-journey.spec.ts:395:9 › Authentication Journey › Session Persistence › should maintain session across navigation (retry #1) (6.2s)
  ✘  1617 [chromium] › e2e/journeys/auth-journey.spec.ts:496:9 › Authentication Journey › Responsive Design › should work correctly on desktop (retry #1) (2.3s)
  ✘  1618 [chromium] › e2e/journeys/auth-journey.spec.ts:534:9 › Authentication Journey › Accessibility › should have accessible login form (2.1s)
  ✘  1620 [chromium] › e2e/journeys/auth-journey.spec.ts:534:9 › Authentication Journey › Accessibility › should have accessible login form (retry #1) (2.3s)
  ✘  1621 [chromium] › e2e/journeys/auth-journey.spec.ts:648:9 › Authentication Journey › Performance › should load login page within reasonable time (1.8s)
  ✘  1619 [chromium] › e2e/journeys/auth-journey.spec.ts:580:9 › Authentication Journey › Accessibility › should have accessible registration form (6.9s)
  ✘  1622 [chromium] › e2e/journeys/auth-journey.spec.ts:648:9 › Authentication Journey › Performance › should load login page within reasonable time (retry #1) (2.1s)
  ✘  1624 [chromium] › e2e/journeys/auth-journey.spec.ts:664:9 › Authentication Journey › Performance › should complete login process within reasonable time (2.1s)
  ✘  1625 [chromium] › e2e/journeys/auth-journey.spec.ts:664:9 › Authentication Journey › Performance › should complete login process within reasonable time (retry #1) (2.2s)
  ✘  1623 [chromium] › e2e/journeys/auth-journey.spec.ts:580:9 › Authentication Journey › Accessibility › should have accessible registration form (retry #1) (7.4s)
  ✘  1626 [chromium] › e2e/journeys/blog-journey.spec.ts:15:7 › Blog User Journey › should allow user to browse blog posts (6.4s)
  ✘  1627 [chromium] › e2e/journeys/blog-journey.spec.ts:31:7 › Blog User Journey › should allow user to view individual blog post (6.6s)
  ✘  1628 [chromium] › e2e/journeys/blog-journey.spec.ts:15:7 › Blog User Journey › should allow user to browse blog posts (retry #1) (7.0s)
  ✘  1630 [chromium] › e2e/journeys/blog-journey.spec.ts:53:7 › Blog User Journey › should allow user to search blog posts (1.6s)
  ✘  1629 [chromium] › e2e/journeys/blog-journey.spec.ts:31:7 › Blog User Journey › should allow user to view individual blog post (retry #1) (7.0s)
  ✘  1631 [chromium] › e2e/journeys/blog-journey.spec.ts:53:7 › Blog User Journey › should allow user to search blog posts (retry #1) (2.4s)
  ✘  1633 [chromium] › e2e/journeys/blog-journey.spec.ts:89:7 › Blog User Journey › should allow user to subscribe to blog newsletter (850ms)
  ✘  1634 [chromium] › e2e/journeys/blog-journey.spec.ts:89:7 › Blog User Journey › should allow user to subscribe to blog newsletter (retry #1) (1.3s)
  ✘  1632 [chromium] › e2e/journeys/blog-journey.spec.ts:72:7 › Blog User Journey › should allow user to filter blog by category or tag (21.1s)
  ✘  1636 [chromium] › e2e/journeys/blog-journey.spec.ts:72:7 › Blog User Journey › should allow user to filter blog by category or tag (retry #1) (1.9s)
  ✘  1637 [chromium] › e2e/journeys/contact-journey.spec.ts:25:7 › Contact User Journey › should display contact form with required fields (975ms)
  ✘  1635 [chromium] › e2e/journeys/contact-journey.spec.ts:15:7 › Contact User Journey › should allow user to navigate to contact page (20.6s)
  ✘  1638 [chromium] › e2e/journeys/contact-journey.spec.ts:25:7 › Contact User Journey › should display contact form with required fields (retry #1) (22.1s)
  ✘  1639 [chromium] › e2e/journeys/contact-journey.spec.ts:15:7 › Contact User Journey › should allow user to navigate to contact page (retry #1) (21.0s)
  ✘  1640 [chromium] › e2e/journeys/contact-journey.spec.ts:40:7 › Contact User Journey › should allow user to submit contact form with valid data (998ms)
  ✘  1641 [chromium] › e2e/journeys/contact-journey.spec.ts:60:7 › Contact User Journey › should validate contact form data and show errors for invalid input (993ms)
  ✘  1642 [chromium] › e2e/journeys/contact-journey.spec.ts:40:7 › Contact User Journey › should allow user to submit contact form with valid data (retry #1) (1.0m)
  ✘  1643 [chromium] › e2e/journeys/contact-journey.spec.ts:60:7 › Contact User Journey › should validate contact form data and show errors for invalid input (retry #1) (1.0m)
  ✘  1644 [chromium] › e2e/journeys/contact-journey.spec.ts:77:7 › Contact User Journey › should validate email format in contact form (1.0s)
  ✘  1645 [chromium] › e2e/journeys/contact-journey.spec.ts:97:7 › Contact User Journey › should allow user to view contact information (phone, address, etc.) (1.1s)
  ✘  1647 [chromium] › e2e/journeys/contact-journey.spec.ts:97:7 › Contact User Journey › should allow user to view contact information (phone, address, etc.) (retry #1) (1.0s)
  ✓  1648 [chromium] › e2e/journeys/ecommerce-journey.spec.ts:16:7 › E-commerce User Journey › should allow user to browse products and add to cart (2.4s)
Number of items in cart: 1
Checkout button visible: true, text: 'Checkout'
Cart slide-over has mixed cart error: false
Current URL after checkout click: http://localhost:4000/en/contact?topic=purchase&products=Cloud+Architecture+Audit
Number of error alerts: 1
Error text: 
[WebServer] [admin-notifications] DATALAKE_BUCKET not bound — lake sink skipped
[WebServer] [contact] Auto-reply failed: Error: Email is not configured — set CLOUDFLARE_ACCOUNT_ID + CLOUDFLARE_API_TOKEN (Email Sending) or RESEND_API_KEY
[WebServer]     at sendEmail (src/lib/email.ts:82:9)
[WebServer]     at sendContactAcknowledgment (src/lib/email.ts:375:9)
[WebServer]   80 |   }
[WebServer]   81 |
[WebServer] > 82 |   throw new Error(
[WebServer]      |         ^
[WebServer]   83 |     "Email is not configured — set CLOUDFLARE_ACCOUNT_ID + CLOUDFLARE_API_TOKEN (Email Sending) or RESEND_API_KEY"
[WebServer]   84 |   );
[WebServer]   85 | }
[WebServer] [Slack] chat.postMessage error: channel_not_found
[WebServer] [EspoCRM] upsertContact error: SyntaxError: Unexpected token '<', "<!DOCTYPE "... is not valid JSON
[WebServer]     at JSON.parse (<anonymous>)
Form submission error: 
[WebServer] [EspoCRM] createDeal error: SyntaxError: Unexpected token '<', "<!DOCTYPE "... is not valid JSON
[WebServer]     at JSON.parse (<anonymous>)
  ✓  1649 [chromium] › e2e/journeys/ecommerce-journey.spec.ts:59:9 › E-commerce User Journey › should allow user to view cart and proceed to checkout (8.4s)
Number of items in cart: 1
Checkout button visible: true, text: 'Checkout'
Cart slide-over has mixed cart error: false
Current URL after checkout click: http://localhost:4000/en/contact?topic=purchase&products=Cloud+Architecture+Audit
Number of error alerts: 1
Error text: 
[DEBUG] Clicking submit button
[DEBUG] Submit button clicked
[WebServer] [admin-notifications] DATALAKE_BUCKET not bound — lake sink skipped
[WebServer] [contact] Auto-reply failed: Error: Email is not configured — set CLOUDFLARE_ACCOUNT_ID + CLOUDFLARE_API_TOKEN (Email Sending) or RESEND_API_KEY
[WebServer]     at sendEmail (src/lib/email.ts:82:9)
[WebServer]     at sendContactAcknowledgment (src/lib/email.ts:375:9)
[WebServer]   80 |   }
[WebServer]   81 |
[WebServer] > 82 |   throw new Error(
[WebServer]      |         ^
[WebServer]   83 |     "Email is not configured — set CLOUDFLARE_ACCOUNT_ID + CLOUDFLARE_API_TOKEN (Email Sending) or RESEND_API_KEY"
[WebServer]   84 |   );
[WebServer]   85 | }
[WebServer] [Slack] chat.postMessage error: channel_not_found
[DEBUG] Immediate error after submit: 
[DEBUG] Waiting for success or error message
[DEBUG] Got success or error message
[WebServer] [EspoCRM] upsertContact error: SyntaxError: Unexpected token '<', "<!DOCTYPE "... is not valid JSON
[WebServer]     at JSON.parse (<anonymous>)
  ✓  1650 [chromium] › e2e/journeys/ecommerce-journey.spec.ts:257:7 › E-commerce User Journey › should allow user to complete checkout process (7.9s)
[WebServer] [EspoCRM] createDeal error: SyntaxError: Unexpected token '<', "<!DOCTYPE "... is not valid JSON
[WebServer]     at JSON.parse (<anonymous>)
  ✓  1651 [chromium] › e2e/journeys/ecommerce-journey.spec.ts:480:7 › E-commerce User Journey › should allow user to view order history (807ms)
  ✓  1652 [chromium] › e2e/journeys/ecommerce-journey.spec.ts:509:7 › E-commerce User Journey › should allow user to manage profile (801ms)
  -  1653 [chromium] › e2e/k3s/analytics.spec.ts:16:7 › Metabase › health endpoint returns ok
  -  1654 [chromium] › e2e/k3s/analytics.spec.ts:23:7 › Metabase › root redirects to login (not 5xx)
  -  1655 [chromium] › e2e/k3s/analytics.spec.ts:30:7 › Metabase › responds within 5s
  ✓  1656 [chromium] › e2e/k3s/api-routes.spec.ts:11:7 › k3s API routes › /api/health → 200 JSON (964ms)
  ✓  1657 [chromium] › e2e/k3s/api-routes.spec.ts:20:7 › k3s API routes › /api/health Content-Type is application/json (420ms)
  ✓  1658 [chromium] › e2e/k3s/api-routes.spec.ts:26:7 › k3s API routes › /sitemap.xml renders or returns 200/3xx (279ms)
  ✓  1659 [chromium] › e2e/k3s/api-routes.spec.ts:34:7 › k3s API routes › /robots.txt is reachable (233ms)
  ✓  1660 [chromium] › e2e/k3s/api-routes.spec.ts:40:7 › k3s API routes › non-existent API path returns 4xx (not 5xx) (266ms)
  ✓  1661 [chromium] › e2e/k3s/assets.spec.ts:9:7 › k3s static assets › homepage chunks all return 200 (1.4s)
  ✓  1662 [chromium] › e2e/k3s/assets.spec.ts:20:7 › k3s static assets › favicon is reachable (219ms)
  ✓  1663 [chromium] › e2e/k3s/assets.spec.ts:27:7 › k3s static assets › no fatal page errors on homepage load (1.5s)
  -  1664 [chromium] › e2e/k3s/cloudflare-tunnel.spec.ts:19:7 › Cloudflare tunnel routing › oncall.* — routes to Grafana OnCall backend
  -  1665 [chromium] › e2e/k3s/cloudflare-tunnel.spec.ts:28:7 › Cloudflare tunnel routing › ntfy.* — routes to ntfy push server
  -  1666 [chromium] › e2e/k3s/cloudflare-tunnel.spec.ts:37:7 › Cloudflare tunnel routing › manage.* — routes to Cloudless Manager (oauth2-proxy)
  -  1667 [chromium] › e2e/k3s/cloudflare-tunnel.spec.ts:45:7 › Cloudflare tunnel routing › ha.* — routes to Home Assistant
  -  1668 [chromium] › e2e/k3s/cloudflare-tunnel.spec.ts:53:7 › Cloudflare tunnel routing › logs.* — routes to Pi alert-api
  -  1669 [chromium] › e2e/k3s/cloudflare-tunnel.spec.ts:61:7 › Cloudflare tunnel routing › tunnel responses include Cloudflare headers on all subdomains
  -  1670 [chromium] › e2e/k3s/cluster-services.spec.ts:16:7 › Grafana OnCall › API health returns 200
  -  1671 [chromium] › e2e/k3s/cluster-services.spec.ts:24:7 › Grafana OnCall › root is reachable (redirects to auth if protected)
  -  1672 [chromium] › e2e/k3s/cluster-services.spec.ts:35:7 › ntfy › root returns 200
  -  1673 [chromium] › e2e/k3s/cluster-services.spec.ts:40:7 › ntfy › v1 health endpoint returns healthy
  -  1674 [chromium] › e2e/k3s/cluster-services.spec.ts:51:7 › Cloudless Manager › root is reachable (redirects to SSO)
  -  1675 [chromium] › e2e/k3s/cluster-services.spec.ts:63:7 › Home Assistant › root is reachable
  ✓  1676 [chromium] › e2e/k3s/dns-resolution.spec.ts:14:7 › DNS resolution › apex domain resolves and serves the app (557ms)
  ✓  1677 [chromium] › e2e/k3s/dns-resolution.spec.ts:22:7 › DNS resolution › www redirects to apex (or serves the app) (778ms)
  ✓  1678 [chromium] › e2e/k3s/dns-resolution.spec.ts:38:7 › DNS resolution › pi-origin subdomain resolves to the Pi cluster (906ms)
  ✓  1679 [chromium] › e2e/k3s/dns-resolution.spec.ts:49:9 › DNS resolution › oncall.cloudless.gr — resolves and responds (709ms)
  ✓  1680 [chromium] › e2e/k3s/dns-resolution.spec.ts:49:9 › DNS resolution › ntfy.cloudless.gr — resolves and responds (1.1s)
  ✓  1681 [chromium] › e2e/k3s/dns-resolution.spec.ts:49:9 › DNS resolution › manage.cloudless.gr — resolves and responds (863ms)
  ✓  1682 [chromium] › e2e/k3s/dns-resolution.spec.ts:49:9 › DNS resolution › ha.cloudless.gr — resolves and responds (1.3s)
  ✓  1683 [chromium] › e2e/k3s/dns-resolution.spec.ts:49:9 › DNS resolution › logs.cloudless.gr — resolves and responds (893ms)
  ✓  1684 [chromium] › e2e/k3s/ecr-images.spec.ts:11:7 › ECR / container image health › Pi cluster is running a valid image (app responds on pi-origin) (482ms)
  ✓  1685 [chromium] › e2e/k3s/ecr-images.spec.ts:20:7 › ECR / container image health › primary app version matches standby (no SHA drift) (492ms)
  ✘  1686 [chromium] › e2e/k3s/ecr-images.spec.ts:42:7 › ECR / container image health › Pi origin responds with the app's CSP (not a default nginx/k3s page) (387ms)
  ✘  1687 [chromium] › e2e/k3s/ecr-images.spec.ts:42:7 › ECR / container image health › Pi origin responds with the app's CSP (not a default nginx/k3s page) (retry #1) (996ms)
  -  1688 [chromium] › e2e/k3s/esp32-alerts.spec.ts:17:7 › ESP32 / Pi alert system › alert-api /health endpoint is alive
  -  1689 [chromium] › e2e/k3s/esp32-alerts.spec.ts:25:7 › ESP32 / Pi alert system › WebSocket endpoint is reachable (upgrade attempt gets 101 or 400)
  -  1690 [chromium] › e2e/k3s/esp32-alerts.spec.ts:36:7 › ESP32 / Pi alert system › ntfy can receive a test notification
  -  1691 [chromium] › e2e/k3s/esp32-alerts.spec.ts:45:7 › ESP32 / Pi alert system › alert-api serves Cloudflare tunnel headers (not direct Pi IP)
  -  1692 [chromium] › e2e/k3s/gh-runner.spec.ts:22:7 › GitHub self-hosted runner › at least one self-hosted runner is online
  -  1693 [chromium] › e2e/k3s/gh-runner.spec.ts:35:7 › GitHub self-hosted runner › runner has expected labels
  -  1694 [chromium] › e2e/k3s/gh-runner.spec.ts:47:7 › GitHub self-hosted runner › no stuck workflow runs on self-hosted runners (>30 min in_progress)
  ✓  1695 [chromium] › e2e/k3s/ha-failover.spec.ts:15:7 › HA failover readiness › primary and standby both return healthy (997ms)
  ✓  1696 [chromium] › e2e/k3s/ha-failover.spec.ts:26:7 › HA failover readiness › both origins serve the same app (matching health schema) (436ms)
  ✓  1697 [chromium] › e2e/k3s/ha-failover.spec.ts:39:7 › HA failover readiness › primary path goes through the Cloudflare edge (cf-ray header) (411ms)
  ✓  1698 [chromium] › e2e/k3s/ha-failover.spec.ts:55:7 › HA failover readiness › standby path also routes through the Cloudflare edge (372ms)
  ✓  1699 [chromium] › e2e/k3s/ha-failover.spec.ts:68:7 › HA failover readiness › Pi origin direct path is alive (369ms)
  ✓  1700 [chromium] › e2e/k3s/ha-failover.spec.ts:78:7 › HA failover readiness › primary and standby latency delta < 5s (standby isn't stuck) (649ms)
  ✓  1701 [chromium] › e2e/k3s/i18n-routes.spec.ts:11:9 › k3s i18n › /en renders 200 (572ms)
  ✓  1702 [chromium] › e2e/k3s/i18n-routes.spec.ts:17:9 › k3s i18n › /en sets some html[lang] (778ms)
  ✓  1703 [chromium] › e2e/k3s/i18n-routes.spec.ts:11:9 › k3s i18n › /el renders 200 (728ms)
  ✓  1704 [chromium] › e2e/k3s/i18n-routes.spec.ts:17:9 › k3s i18n › /el sets some html[lang] (561ms)
  ✓  1705 [chromium] › e2e/k3s/i18n-routes.spec.ts:11:9 › k3s i18n › /fr renders 200 (939ms)
  ✓  1706 [chromium] › e2e/k3s/i18n-routes.spec.ts:17:9 › k3s i18n › /fr sets some html[lang] (580ms)
  ✘  1707 [chromium] › e2e/k3s/i18n-routes.spec.ts:30:7 › k3s i18n › / root redirects to a locale-prefixed path (1.6s)
  ✘  1708 [chromium] › e2e/k3s/i18n-routes.spec.ts:30:7 › k3s i18n › / root redirects to a locale-prefixed path (retry #1) (1.7s)
  ✓  1709 [chromium] › e2e/k3s/i18n-routes.spec.ts:36:7 › k3s i18n › unknown locale returns 404 (not silently routed) (839ms)
  ✓  1710 [chromium] › e2e/k3s/lambda-health.spec.ts:12:7 › Lambda health (primary path) › API health responds within 3s (warm) (647ms)
  ✓  1711 [chromium] › e2e/k3s/lambda-health.spec.ts:21:7 › Lambda health (primary path) › Lambda returns proper JSON content-type (389ms)
  ✓  1712 [chromium] › e2e/k3s/lambda-health.spec.ts:27:7 › Lambda health (primary path) › Lambda environment variables are set (health body has expected fields) (378ms)
  ✓  1713 [chromium] › e2e/k3s/lambda-health.spec.ts:34:7 › Lambda health (primary path) › SSR page renders within 5s (not just API routes) (324ms)
  ✓  1714 [chromium] › e2e/k3s/lambda-health.spec.ts:44:7 › Lambda health (primary path) › non-existent API route returns 404, not Lambda 502 (237ms)
  ✓  1715 [chromium] › e2e/k3s/lambda-health.spec.ts:52:7 › Lambda health (primary path) › response headers include cache control directives (321ms)
  ✓  1716 [chromium] › e2e/k3s/lambda-health.spec.ts:60:7 › Lambda cold start resilience › 10 sequential health checks all return 200 (no intermittent 502s) (2.5s)
  -  1717 [chromium] › e2e/k3s/maintenance.spec.ts:19:7 › Prometheus (via Grafana proxy) › Grafana datasource proxy to Prometheus is healthy
  -  1718 [chromium] › e2e/k3s/maintenance.spec.ts:32:7 › Prometheus (via Grafana proxy) › Grafana alerts endpoint returns 200
  -  1719 [chromium] › e2e/k3s/maintenance.spec.ts:48:7 › Alertmanager reachability › Grafana health confirms alerting stack is up
  -  1720 [chromium] › e2e/k3s/observability.spec.ts:15:7 › Prometheus direct checks › Grafana API health returns ok
  -  1721 [chromium] › e2e/k3s/observability.spec.ts:28:7 › Alertmanager health › Alertmanager is reachable through its service port
  -  1722 [chromium] › e2e/k3s/observability.spec.ts:41:7 › Metabase observability › Metabase API status returns healthy
  ✓  1723 [chromium] › e2e/k3s/public-pages.spec.ts:20:9 › k3s public pages › /en renders successfully (601ms)
  ✓  1724 [chromium] › e2e/k3s/public-pages.spec.ts:20:9 › k3s public pages › /en/blog renders successfully (1.1s)
  ✓  1725 [chromium] › e2e/k3s/public-pages.spec.ts:20:9 › k3s public pages › /en/docs renders successfully (1.7s)
  ✓  1726 [chromium] › e2e/k3s/public-pages.spec.ts:20:9 › k3s public pages › /en/contact renders successfully (650ms)
  ✓  1727 [chromium] › e2e/k3s/public-pages.spec.ts:20:9 › k3s public pages › /en/services renders successfully (857ms)
  -  1728 [chromium] › e2e/k3s/public-pages.spec.ts:20:9 › k3s public pages › /en/projects renders successfully
  ✓  1729 [chromium] › e2e/k3s/public-pages.spec.ts:44:7 › k3s public pages › 404 page renders with proper status (415ms)
  ✓  1730 [chromium] › e2e/k3s/security-headers.spec.ts:13:7 › k3s security headers › HSTS preload-eligible (378ms)
  ✓  1731 [chromium] › e2e/k3s/security-headers.spec.ts:21:7 › k3s security headers › X-Content-Type-Options nosniff (371ms)
  ✘  1646 [chromium] › e2e/journeys/contact-journey.spec.ts:77:7 › Contact User Journey › should validate email format in contact form (retry #1) (1.0m)
  ✘  1732 [chromium] › e2e/k3s/security-headers.spec.ts:26:7 › k3s security headers › X-Frame-Options DENY (362ms)
  ✘  1733 [chromium] › e2e/k3s/security-headers.spec.ts:31:7 › k3s security headers › Referrer-Policy strict (942ms)
  ✘  1734 [chromium] › e2e/k3s/security-headers.spec.ts:26:7 › k3s security headers › X-Frame-Options DENY (retry #1) (978ms)
  ✘  1735 [chromium] › e2e/k3s/security-headers.spec.ts:31:7 › k3s security headers › Referrer-Policy strict (retry #1) (973ms)
  ✘  1736 [chromium] › e2e/k3s/security-headers.spec.ts:36:7 › k3s security headers › Permissions-Policy locks dangerous APIs (994ms)
  ✘  1737 [chromium] › e2e/k3s/security-headers.spec.ts:44:7 › k3s security headers › CSP (enforced) is set with required directives (962ms)
  ✘  1738 [chromium] › e2e/k3s/security-headers.spec.ts:36:7 › k3s security headers › Permissions-Policy locks dangerous APIs (retry #1) (974ms)
  ✘  1739 [chromium] › e2e/k3s/security-headers.spec.ts:44:7 › k3s security headers › CSP (enforced) is set with required directives (retry #1) (1.0s)
  ✓  1740 [chromium] › e2e/k3s/smoke.spec.ts:12:7 › k3s smoke › /api/health returns 200 with valid app body (868ms)
  ✘  1741 [chromium] › e2e/k3s/smoke.spec.ts:27:7 › k3s smoke › response signature is the cloudless.gr Next.js app (396ms)
  ✘  1743 [chromium] › e2e/k3s/smoke.spec.ts:27:7 › k3s smoke › response signature is the cloudless.gr Next.js app (retry #1) (981ms)
  ✘  1742 [chromium] › e2e/k3s/smoke.spec.ts:18:7 › k3s smoke › response carries expected security headers (1.6s)
  ✘  1745 [chromium] › e2e/k3s/smoke.spec.ts:18:7 › k3s smoke › response carries expected security headers (retry #1) (1.1s)
  ✘  1744 [chromium] › e2e/k3s/smoke.spec.ts:35:7 › k3s smoke › homepage loads (i18n redirect to /en|/el|/fr) (1.6s)
  ✓  1746 [chromium] › e2e/k3s/smoke.spec.ts:42:7 › k3s smoke › standby front door resolves to AWS range, not Pi LAN (964ms)
  ✓  1748 [chromium] › e2e/k3s/standby-path.spec.ts:15:7 › k3s standby path › standby host + cloudless.gr both serve a valid health body (879ms)
  ✘  1747 [chromium] › e2e/k3s/smoke.spec.ts:35:7 › k3s smoke › homepage loads (i18n redirect to /en|/el|/fr) (retry #1) (1.8s)
  ✓  1749 [chromium] › e2e/k3s/standby-path.spec.ts:42:7 › k3s standby path › standby cold start (first hit after idle) still completes <3s p95 (408ms)
  -  1750 [chromium] › e2e/k3s/standby-path.spec.ts:70:8 › k3s standby path › standby host response is stamped by Cloudflare Tunnel (not direct Pi)
  ✓  1751 [chromium] › e2e/k3s/style.spec.ts:68:7 › k3s Navbar style › sticky header is present with neon-cyan accent bar (813ms)
  ✓  1753 [chromium] › e2e/k3s/style.spec.ts:87:7 › k3s Navbar style › logo link is visible (853ms)
  ✓  1754 [chromium] › e2e/k3s/style.spec.ts:93:7 › k3s Navbar style › desktop nav links present at ≥1024px (763ms)
  ✓  1752 [chromium] › e2e/k3s/standby-path.spec.ts:54:7 › k3s standby path › warm RTT well below 1.5s (sequential) (2.4s)
  ✓  1755 [chromium] › e2e/k3s/style.spec.ts:105:7 › k3s Background colour › body background is set (not transparent or pure white) (498ms)
  ✓  1757 [chromium] › e2e/k3s/style.spec.ts:123:7 › k3s Background colour › --color-void Tailwind alias is set (globals.css @theme inline) (586ms)
  ✓  1756 [chromium] › e2e/k3s/style.spec.ts:115:7 › k3s Background colour › --surface-canvas CSS token is defined on the live build (690ms)
  ✓  1758 [chromium] › e2e/k3s/style.spec.ts:135:7 › k3s Neon accent colours › homepage has at least one neon-cyan element (925ms)
  ✓  1759 [chromium] › e2e/k3s/style.spec.ts:143:7 › k3s Neon accent colours › services page has cyan, magenta, and green service cards (1.1s)
  ✓  1760 [chromium] › e2e/k3s/style.spec.ts:173:7 › k3s Footer style › footer is rendered on the live app (844ms)
  ✓  1761 [chromium] › e2e/k3s/style.spec.ts:183:7 › k3s Footer style › footer contains navigate / services / legal labels (834ms)
  ✓  1762 [chromium] › e2e/k3s/style.spec.ts:190:7 › k3s Footer style › footer newsletter input is present (856ms)
  ✓  1763 [chromium] › e2e/k3s/style.spec.ts:204:7 › k3s Typography › h1 uses Instrument Sans font family on the live build (1.1s)
  ✓  1764 [chromium] › e2e/k3s/style.spec.ts:216:7 › k3s Typography › body text uses Work Sans on the live build (720ms)
  ✓  1765 [chromium] › e2e/k3s/style.spec.ts:224:7 › k3s Typography › --font-heading CSS var is set (fonts wired into @theme) (855ms)
  ✓  1766 [chromium] › e2e/k3s/style.spec.ts:236:7 › k3s CSS / asset loading › no CSS asset requests return 4xx on homepage (1.6s)
  ✓  1767 [chromium] › e2e/k3s/style.spec.ts:249:7 › k3s CSS / asset loading › no JS chunk requests return 4xx on homepage (1.7s)
  ✓  1768 [chromium] › e2e/k3s/style.spec.ts:262:7 › k3s CSS / asset loading › HTML and first chunk are self-consistent (no mid-rollout mismatch) (1.1s)
  ✓  1770 [chromium] › e2e/k3s/style.spec.ts:318:9 › k3s Page-level style integrity › /en — h1 visible, styled, and non-transparent (1.0s)
  ✓  1769 [chromium] › e2e/k3s/style.spec.ts:290:7 › k3s CSS / asset loading › no style-related console errors on the live homepage (1.8s)
  ✓  1772 [chromium] › e2e/k3s/style.spec.ts:318:9 › k3s Page-level style integrity › /en/contact — h1 visible, styled, and non-transparent (1.0s)
  ✓  1771 [chromium] › e2e/k3s/style.spec.ts:318:9 › k3s Page-level style integrity › /en/services — h1 visible, styled, and non-transparent (1.5s)
  ✓  1774 [chromium] › e2e/k3s/style.spec.ts:333:7 › k3s Page-level style integrity › /en/services — all 4 service numbers render on the live build (1.5s)
  ✓  1773 [chromium] › e2e/k3s/style.spec.ts:318:9 › k3s Page-level style integrity › /en/blog — h1 visible, styled, and non-transparent (1.8s)
  -  1776 [chromium] › e2e/k3s/system.spec.ts:32:7 › k3s Cluster Health › k3s health endpoint returns 200 with valid body
  -  1777 [chromium] › e2e/k3s/system.spec.ts:53:7 › k3s Cluster Health › k3s clusters responds with secure headers
  -  1778 [chromium] › e2e/k3s/system.spec.ts:75:7 › k3s Cluster Health › Traefik ingress is running on expected routes
  -  1779 [chromium] › e2e/k3s/system.spec.ts:94:7 › k3s Cluster Health › k3s pod is responding (not stuck on crashloop)
  -  1780 [chromium] › e2e/k3s/system.spec.ts:112:7 › Tailscale Funnel Connectivity › pi-origin host resolves through Funnel
  -  1781 [chromium] › e2e/k3s/system.spec.ts:126:7 › Tailscale Funnel Connectivity › Funnel does not expose raw Pi LAN IP
  -  1782 [chromium] › e2e/k3s/system.spec.ts:142:7 › Tailscale Funnel Connectivity › Tailscale Funnel TLS is valid
  -  1783 [chromium] › e2e/k3s/system.spec.ts:157:7 › ECR Image Availability › standby app responds (ECR image is deployed and running)
  -  1784 [chromium] › e2e/k3s/system.spec.ts:167:7 › ECR Image Availability › standby app version matches current deployment
  -  1785 [chromium] › e2e/k3s/system.spec.ts:176:7 › ECR Image Availability › standby and primary run same app version (sync check)
  -  1786 [chromium] › e2e/k3s/system.spec.ts:208:7 › Local k3s System (Standby App) › full stack responds: tunnel -> Pi -> k3s -> Next.js app
  -  1787 [chromium] › e2e/k3s/system.spec.ts:222:7 › Local k3s System (Standby App) › homepage loads through full k3s stack
  -  1788 [chromium] › e2e/k3s/system.spec.ts:231:7 › Local k3s System (Standby App) › store page accessible on k3s standby
  -  1789 [chromium] › e2e/k3s/system.spec.ts:240:7 › Local k3s System (Standby App) › blog API works on k3s standby
  -  1790 [chromium] › e2e/k3s/system.spec.ts:252:7 › Local k3s System (Standby App) › API routes respond correctly on k3s
  -  1791 [chromium] › e2e/k3s/system.spec.ts:275:7 › k3s Performance & Latency › cold start (first hit after idle) completes within 3s p95
  -  1792 [chromium] › e2e/k3s/system.spec.ts:284:7 › k3s Performance & Latency › warm RTT well below 1.5s (sequential)
  -  1793 [chromium] › e2e/k3s/system.spec.ts:302:7 › k3s Performance & Latency › latency delta between primary and standby < 5s
  -  1794 [chromium] › e2e/k3s/system.spec.ts:325:7 › k3s Monitoring Endpoints › health endpoint includes all expected fields
  -  1795 [chromium] › e2e/k3s/system.spec.ts:340:7 › k3s Monitoring Endpoints › uptime tracking via repeated requests
  ✓  1796 [chromium] › e2e/k3s/tls-certificates.spec.ts:28:9 › TLS certificates › cloudless.gr — TLS handshake succeeds (no expired/self-signed cert) (677ms)
  ✓  1775 [chromium] › e2e/k3s/style.spec.ts:348:7 › k3s Page-level style integrity › /en/contact — contact form email input is present on the live build (758ms)
  ✓  1798 [chromium] › e2e/k3s/tls-certificates.spec.ts:28:9 › TLS certificates › pi-origin.cloudless.gr — TLS handshake succeeds (no expired/self-signed cert) (231ms)
  ✓  1797 [chromium] › e2e/k3s/tls-certificates.spec.ts:28:9 › TLS certificates › www.cloudless.gr — TLS handshake succeeds (no expired/self-signed cert) (683ms)
  ✓  1799 [chromium] › e2e/k3s/tls-certificates.spec.ts:28:9 › TLS certificates › oncall.cloudless.gr — TLS handshake succeeds (no expired/self-signed cert) (638ms)
  ✓  1800 [chromium] › e2e/k3s/tls-certificates.spec.ts:28:9 › TLS certificates › ntfy.cloudless.gr — TLS handshake succeeds (no expired/self-signed cert) (609ms)
  ✓  1801 [chromium] › e2e/k3s/tls-certificates.spec.ts:28:9 › TLS certificates › manage.cloudless.gr — TLS handshake succeeds (no expired/self-signed cert) (576ms)
  ✓  1802 [chromium] › e2e/k3s/tls-certificates.spec.ts:28:9 › TLS certificates › ha.cloudless.gr — TLS handshake succeeds (no expired/self-signed cert) (640ms)
  ✓  1803 [chromium] › e2e/k3s/tls-certificates.spec.ts:28:9 › TLS certificates › logs.cloudless.gr — TLS handshake succeeds (no expired/self-signed cert) (595ms)
  -  1805 [chromium] › e2e/k3s/tls-certificates.spec.ts:70:9 › TLS — infrastructure subdomains › oncall.cloudless.gr — Cloudflare edge cert covers this subdomain
  -  1806 [chromium] › e2e/k3s/tls-certificates.spec.ts:70:9 › TLS — infrastructure subdomains › ntfy.cloudless.gr — Cloudflare edge cert covers this subdomain
  -  1807 [chromium] › e2e/k3s/tls-certificates.spec.ts:70:9 › TLS — infrastructure subdomains › manage.cloudless.gr — Cloudflare edge cert covers this subdomain
  -  1808 [chromium] › e2e/k3s/tls-certificates.spec.ts:70:9 › TLS — infrastructure subdomains › ha.cloudless.gr — Cloudflare edge cert covers this subdomain
  -  1809 [chromium] › e2e/k3s/tls-certificates.spec.ts:70:9 › TLS — infrastructure subdomains › logs.cloudless.gr — Cloudflare edge cert covers this subdomain
  ✓  1804 [chromium] › e2e/k3s/tls-certificates.spec.ts:48:7 › TLS certificates › primary apex serves HSTS with includeSubDomains (384ms)
  ✓  1810 [chromium] › e2e/k3s/webhook-endpoints.spec.ts:26:9 › Webhook endpoints — route existence and auth rejection › Slack events (/api/slack/events) — rejects unsigned request (262ms)
  ✓  1811 [chromium] › e2e/k3s/webhook-endpoints.spec.ts:26:9 › Webhook endpoints — route existence and auth rejection › Slack interactions (/api/slack/interactions) — rejects unsigned request (234ms)
  ✓  1812 [chromium] › e2e/k3s/webhook-endpoints.spec.ts:26:9 › Webhook endpoints — route existence and auth rejection › Slack commands (/api/slack/commands) — rejects unsigned request (222ms)
  ✓  1813 [chromium] › e2e/k3s/webhook-endpoints.spec.ts:26:9 › Webhook endpoints — route existence and auth rejection › EspoCRM webhook (/api/webhooks/espocrm) — rejects unsigned request (210ms)
  ✓  1814 [chromium] › e2e/k3s/webhook-endpoints.spec.ts:26:9 › Webhook endpoints — route existence and auth rejection › Stripe webhook (/api/webhooks/stripe) — rejects unsigned request (249ms)
  ✓  1815 [chromium] › e2e/k3s/webhook-endpoints.spec.ts:26:9 › Webhook endpoints — route existence and auth rejection › Notion webhook (/api/webhooks/notion) — rejects unsigned request (355ms)
  ✓  1817 [chromium] › e2e/k3s/webhook-endpoints.spec.ts:55:7 › Webhook endpoints — API health baseline › the app itself is healthy before testing webhooks (327ms)
  ✓  1816 [chromium] › e2e/k3s/webhook-endpoints.spec.ts:38:7 › Webhook endpoints — route existence and auth rejection › GET on webhook routes does not return 2xx (702ms)
  ✓  1819 [chromium] › e2e/migrated/admin-api.spec.ts:37:9 › Admin API — auth-gated mounted routes › GET /api/admin/calendar rejects unauthenticated requests with 401/403 (636ms)
  ✓  1818 [chromium] › e2e/locale-pages-sweep.spec.ts:57:11 › Locale: el — public pages › /el renders without missing-translation 5xx (875ms)
  ✓  1820 [chromium] › e2e/migrated/admin-api.spec.ts:37:9 › Admin API — auth-gated mounted routes › GET /api/admin/kpi rejects unauthenticated requests with 401/403 (276ms)
  ✘  1822 [chromium] › e2e/migrated/admin-api.spec.ts:37:9 › Admin API — auth-gated mounted routes › GET /api/admin/notion/blog rejects unauthenticated requests with 401/403 (432ms)
  ✓  1821 [chromium] › e2e/locale-pages-sweep.spec.ts:57:11 › Locale: el — public pages › /el/services renders without missing-translation 5xx (1.1s)
  ✘  1823 [chromium] › e2e/migrated/admin-api.spec.ts:37:9 › Admin API — auth-gated mounted routes › GET /api/admin/notion/blog rejects unauthenticated requests with 401/403 (retry #1) (486ms)
  ✓  1824 [chromium] › e2e/locale-pages-sweep.spec.ts:57:11 › Locale: el — public pages › /el/blog renders without missing-translation 5xx (838ms)
  ✘  1826 [chromium] › e2e/migrated/admin-api.spec.ts:37:9 › Admin API — auth-gated mounted routes › GET /api/admin/notion/docs rejects unauthenticated requests with 401/403 (397ms)
  ✘  1827 [chromium] › e2e/migrated/admin-api.spec.ts:37:9 › Admin API — auth-gated mounted routes › GET /api/admin/notion/docs rejects unauthenticated requests with 401/403 (retry #1) (400ms)
  ✓  1825 [chromium] › e2e/locale-pages-sweep.spec.ts:57:11 › Locale: el — public pages › /el/case-studies renders without missing-translation 5xx (1.8s)
  ✘  1828 [chromium] › e2e/migrated/admin-api.spec.ts:37:9 › Admin API — auth-gated mounted routes › GET /api/admin/notion/submissions rejects unauthenticated requests with 401/403 (1.3s)
  ✓  1829 [chromium] › e2e/locale-pages-sweep.spec.ts:57:11 › Locale: el — public pages › /el/docs renders without missing-translation 5xx (1.2s)
  ✓  1830 [chromium] › e2e/locale-pages-sweep.spec.ts:57:11 › Locale: el — public pages › /el/contact renders without missing-translation 5xx (811ms)
  ✘  1831 [chromium] › e2e/migrated/admin-api.spec.ts:37:9 › Admin API — auth-gated mounted routes › GET /api/admin/notion/submissions rejects unauthenticated requests with 401/403 (retry #1) (486ms)
  ✓  1832 [chromium] › e2e/locale-pages-sweep.spec.ts:57:11 › Locale: el — public pages › /el/privacy renders without missing-translation 5xx (650ms)
  ✓  1834 [chromium] › e2e/locale-pages-sweep.spec.ts:57:11 › Locale: el — public pages › /el/terms renders without missing-translation 5xx (646ms)
  ✓  1835 [chromium] › e2e/locale-pages-sweep.spec.ts:57:11 › Locale: el — public pages › /el/cookies renders without missing-translation 5xx (736ms)
  ✘  1833 [chromium] › e2e/migrated/admin-api.spec.ts:37:9 › Admin API — auth-gated mounted routes › GET /api/admin/notion/tasks rejects unauthenticated requests with 401/403 (1.6s)
  ✓  1836 [chromium] › e2e/locale-pages-sweep.spec.ts:57:11 › Locale: el — public pages › /el/refund renders without missing-translation 5xx (615ms)
  ✘  1837 [chromium] › e2e/migrated/admin-api.spec.ts:37:9 › Admin API — auth-gated mounted routes › GET /api/admin/notion/tasks rejects unauthenticated requests with 401/403 (retry #1) (491ms)
  ✓  1839 [chromium] › e2e/migrated/admin-api.spec.ts:37:9 › Admin API — auth-gated mounted routes › GET /api/admin/ab-tests rejects unauthenticated requests with 401/403 (449ms)
  ✓  1840 [chromium] › e2e/migrated/admin-api.spec.ts:37:9 › Admin API — auth-gated mounted routes › GET /api/admin/client-portals rejects unauthenticated requests with 401/403 (21ms)
  ✓  1841 [chromium] › e2e/migrated/admin-api.spec.ts:37:9 › Admin API — auth-gated mounted routes › GET /api/admin/users rejects unauthenticated requests with 401/403 (128ms)
  ✓  1842 [chromium] › e2e/migrated/admin-api.spec.ts:37:9 › Admin API — auth-gated mounted routes › GET /api/admin/workspaces rejects unauthenticated requests with 401/403 (39ms)
  ✓  1843 [chromium] › e2e/migrated/admin-api.spec.ts:37:9 › Admin API — auth-gated mounted routes › GET /api/admin/orders rejects unauthenticated requests with 401/403 (28ms)
  ✓  1844 [chromium] › e2e/migrated/admin-api.spec.ts:37:9 › Admin API — auth-gated mounted routes › GET /api/admin/integrations/status rejects unauthenticated requests with 401/403 (24ms)
  ✓  1845 [chromium] › e2e/migrated/admin-api.spec.ts:37:9 › Admin API — auth-gated mounted routes › GET /api/admin/notifications rejects unauthenticated requests with 401/403 (125ms)
  ✓  1846 [chromium] › e2e/migrated/admin-api.spec.ts:37:9 › Admin API — auth-gated mounted routes › GET /api/admin/ops/monitor rejects unauthenticated requests with 401/403 (189ms)
  ✓  1838 [chromium] › e2e/locale-pages-sweep.spec.ts:57:11 › Locale: el — public pages › /el/work renders without missing-translation 5xx (2.0s)
  ✓  1847 [chromium] › e2e/migrated/admin-api.spec.ts:57:9 › Admin API — unmounted parent paths › GET /api/admin/analytics is the not-found HTML page (no API exposed) (341ms)
  ✓  1849 [chromium] › e2e/migrated/admin-api.spec.ts:57:9 › Admin API — unmounted parent paths › GET /api/admin/campaigns is the not-found HTML page (no API exposed) (328ms)
  ✓  1850 [chromium] › e2e/migrated/admin-api.spec.ts:57:9 › Admin API — unmounted parent paths › GET /api/admin/crm is the not-found HTML page (no API exposed) (342ms)
  ✓  1848 [chromium] › e2e/locale-pages-sweep.spec.ts:57:11 › Locale: el — public pages › /el/store renders without missing-translation 5xx (936ms)
  ✓  1852 [chromium] › e2e/locale-pages-sweep.spec.ts:79:11 › Locale: el — auth pages › /el/auth/login renders without missing-translation 5xx (958ms)
  ✓  1851 [chromium] › e2e/migrated/admin-api.spec.ts:57:9 › Admin API — unmounted parent paths › GET /api/admin/email is the not-found HTML page (no API exposed) (1.3s)
  ✓  1853 [chromium] › e2e/locale-pages-sweep.spec.ts:79:11 › Locale: el — auth pages › /el/auth/signup renders without missing-translation 5xx (1.0s)
  ✓  1854 [chromium] › e2e/migrated/admin-api.spec.ts:57:9 › Admin API — unmounted parent paths › GET /api/admin/pipeline is the not-found HTML page (no API exposed) (1.2s)
  ✓  1855 [chromium] › e2e/locale-pages-sweep.spec.ts:79:11 › Locale: el — auth pages › /el/auth/forgot-password renders without missing-translation 5xx (943ms)
  ✓  1856 [chromium] › e2e/migrated/admin-api.spec.ts:57:9 › Admin API — unmounted parent paths › GET /api/admin/projects is the not-found HTML page (no API exposed) (1.3s)
  ✓  1858 [chromium] › e2e/migrated/admin-api.spec.ts:68:7 › Admin API — cache control › GET /api/admin/cache returns 401 or 405 (161ms)
  ✓  1859 [chromium] › e2e/migrated/admin-api.spec.ts:75:7 › Admin API — POST endpoints require auth › POST /api/admin/ai/analytics-orchestration without auth → 401 (188ms)
  ✓  1857 [chromium] › e2e/locale-pages-sweep.spec.ts:57:11 › Locale: fr — public pages › /fr renders without missing-translation 5xx (1.4s)
  ✓  1860 [chromium] › e2e/migrated/admin-api.spec.ts:80:7 › Admin API — POST endpoints require auth › POST /api/admin/ai/analytics-orchestration/pdf without auth → 401 (657ms)
  ✓  1862 [chromium] › e2e/migrated/i18n-branches.spec.ts:9:7 › Locale negotiation branches › root / redirects to default locale (177ms)
  ✓  1863 [chromium] › e2e/migrated/i18n-branches.spec.ts:18:7 › Locale negotiation branches › Accept-Language: el prefers Greek (179ms)
  ✓  1861 [chromium] › e2e/locale-pages-sweep.spec.ts:57:11 › Locale: fr — public pages › /fr/services renders without missing-translation 5xx (1.2s)
  ✓  1864 [chromium] › e2e/migrated/i18n-branches.spec.ts:30:7 › Locale negotiation branches › known locale /en returns 200 (401ms)
  ✓  1866 [chromium] › e2e/migrated/i18n-branches.spec.ts:35:7 › Locale negotiation branches › known locale /el returns 200 (446ms)
  ✓  1865 [chromium] › e2e/locale-pages-sweep.spec.ts:57:11 › Locale: fr — public pages › /fr/blog renders without missing-translation 5xx (916ms)
  ✓  1867 [chromium] › e2e/migrated/i18n-branches.spec.ts:40:7 › Locale negotiation branches › unknown locale /zz falls back or 404s (421ms)
  ✓  1869 [chromium] › e2e/migrated/i18n-branches.spec.ts:45:7 › Locale negotiation branches › invalid locale code with special chars 404s (313ms)
  ✓  1868 [chromium] › e2e/locale-pages-sweep.spec.ts:57:11 › Locale: fr — public pages › /fr/case-studies renders without missing-translation 5xx (997ms)
  ✘  1870 [chromium] › e2e/migrated/i18n-branches.spec.ts:50:7 › Locale negotiation branches › HTML lang attribute matches the served locale (1.3s)
  ✓  1871 [chromium] › e2e/locale-pages-sweep.spec.ts:57:11 › Locale: fr — public pages › /fr/docs renders without missing-translation 5xx (1.6s)
  ✓  1873 [chromium] › e2e/locale-pages-sweep.spec.ts:57:11 › Locale: fr — public pages › /fr/contact renders without missing-translation 5xx (986ms)
  ✘  1872 [chromium] › e2e/migrated/i18n-branches.spec.ts:50:7 › Locale negotiation branches › HTML lang attribute matches the served locale (retry #1) (1.7s)
  ✓  1874 [chromium] › e2e/locale-pages-sweep.spec.ts:57:11 › Locale: fr — public pages › /fr/privacy renders without missing-translation 5xx (975ms)
  ✓  1876 [chromium] › e2e/locale-pages-sweep.spec.ts:57:11 › Locale: fr — public pages › /fr/terms renders without missing-translation 5xx (983ms)
  ✓  1875 [chromium] › e2e/migrated/i18n-branches.spec.ts:58:7 › Locale-aware navigation links › internal links carry the active locale prefix (1.3s)
  ✓  1877 [chromium] › e2e/locale-pages-sweep.spec.ts:57:11 › Locale: fr — public pages › /fr/cookies renders without missing-translation 5xx (886ms)
  ✓  1879 [chromium] › e2e/locale-pages-sweep.spec.ts:57:11 › Locale: fr — public pages › /fr/refund renders without missing-translation 5xx (619ms)
  ✓  1878 [chromium] › e2e/migrated/integrations.spec.ts:4:7 › Calendar API › GET /api/calendar/availability responds (any 2xx-5xx accepted in CI/dev) (1.3s)
  ✓  1880 [chromium] › e2e/locale-pages-sweep.spec.ts:57:11 › Locale: fr — public pages › /fr/work renders without missing-translation 5xx (1.2s)
  ✓  1882 [chromium] › e2e/locale-pages-sweep.spec.ts:57:11 › Locale: fr — public pages › /fr/store renders without missing-translation 5xx (877ms)
  ✓  1881 [chromium] › e2e/migrated/integrations.spec.ts:11:7 › Blog (public) › GET /en/blog renders with a heading (2.2s)
  ✓  1884 [chromium] › e2e/migrated/integrations.spec.ts:20:9 › i18n routing › GET /en returns 200 (409ms)
  ✓  1885 [chromium] › e2e/migrated/integrations.spec.ts:20:9 › i18n routing › GET /el returns 200 (239ms)
  ✓  1883 [chromium] › e2e/locale-pages-sweep.spec.ts:79:11 › Locale: fr — auth pages › /fr/auth/login renders without missing-translation 5xx (1.1s)
  ✓  1886 [chromium] › e2e/migrated/integrations.spec.ts:26:7 › i18n routing › GET /zz unknown locale falls back or 404s (341ms)
  ✓  1888 [chromium] › e2e/migrated/integrations.spec.ts:33:7 › A/B flags › GET /api/ab/variant responds without 5xx (262ms)
  ✓  1889 [chromium] › e2e/migrated/integrations.spec.ts:40:7 › Search / Notion-backed lookups › GET /api/search responds without 5xx (257ms)
  ✓  1887 [chromium] › e2e/locale-pages-sweep.spec.ts:79:11 › Locale: fr — auth pages › /fr/auth/signup renders without missing-translation 5xx (759ms)
  ✘  1890 [chromium] › e2e/migrated/integrations.spec.ts:47:7 › Store page › /en/store loads with 200 and renders content (1.1s)
  ✓  1891 [chromium] › e2e/locale-pages-sweep.spec.ts:79:11 › Locale: fr — auth pages › /fr/auth/forgot-password renders without missing-translation 5xx (1.0s)
  ✓  1892 [chromium] › e2e/locale-pages-sweep.spec.ts:57:11 › Locale: de — public pages › /de renders without missing-translation 5xx (881ms)
  ✓  1893 [chromium] › e2e/migrated/integrations.spec.ts:47:7 › Store page › /en/store loads with 200 and renders content (retry #1) (1.8s)
  ✓  1894 [chromium] › e2e/locale-pages-sweep.spec.ts:57:11 › Locale: de — public pages › /de/services renders without missing-translation 5xx (1.4s)
  ✓  1895 [chromium] › e2e/migrated/jwt-branches.spec.ts:12:7 › Authorization header parsing branches › no header → 401 (445ms)
  ✓  1897 [chromium] › e2e/migrated/jwt-branches.spec.ts:17:7 › Authorization header parsing branches › empty Authorization → 401 (32ms)
  ✓  1898 [chromium] › e2e/migrated/jwt-branches.spec.ts:22:7 › Authorization header parsing branches › Authorization missing 'Bearer ' prefix → 401 (52ms)
  ✓  1899 [chromium] › e2e/migrated/jwt-branches.spec.ts:27:7 › Authorization header parsing branches › Authorization 'Bearer ' with empty token → 401 (31ms)
  ✓  1900 [chromium] › e2e/migrated/jwt-branches.spec.ts:32:7 › Authorization header parsing branches › Authorization 'Bearer' (no space) → 401 (28ms)
  ✓  1901 [chromium] › e2e/migrated/jwt-branches.spec.ts:37:7 › Authorization header parsing branches › Authorization with non-JWT junk → 401 (34ms)
  ✓  1902 [chromium] › e2e/migrated/jwt-branches.spec.ts:42:7 › Authorization header parsing branches › Authorization with structurally-valid JWT but bad signature → 401 (35ms)
  ✓  1903 [chromium] › e2e/migrated/jwt-branches.spec.ts:51:7 › Authorization header parsing branches › Authorization with lowercased 'bearer ' → 401 (24ms)
  ✓  1904 [chromium] › e2e/migrated/public-api.spec.ts:7:7 › Public API — contract › GET /api/health returns 200 with status+timestamp+version (42ms)
  ✓  1905 [chromium] › e2e/migrated/public-api.spec.ts:16:7 › Public API — contract › POST /api/contact rejects empty body (23ms)
  ✓  1906 [chromium] › e2e/migrated/public-api.spec.ts:21:7 › Public API — contract › POST /api/contact rejects invalid email (21ms)
  ✓  1907 [chromium] › e2e/migrated/public-api.spec.ts:28:7 › Public API — contract › POST /api/subscribe rejects missing email (21ms)
  ✓  1908 [chromium] › e2e/migrated/public-api.spec.ts:33:7 › Public API — contract › POST /api/subscribe rejects invalid email (37ms)
  ✓  1896 [chromium] › e2e/locale-pages-sweep.spec.ts:57:11 › Locale: de — public pages › /de/blog renders without missing-translation 5xx (1.0s)
  ✓  1909 [chromium] › e2e/migrated/public-api.spec.ts:38:7 › Public API — contract › GET /api/unsubscribe without token returns 4xx (225ms)
  ✓  1911 [chromium] › e2e/migrated/public-api.spec.ts:44:7 › Public API — contract › POST /api/csp-report accepts an empty body (231ms)
  ✓  1912 [chromium] › e2e/migrated/public-api.spec.ts:49:7 › Public API — contract › GET /api/pwa-manifest returns JSON manifest (202ms)
  ✓  1913 [chromium] › e2e/migrated/validation-branches.spec.ts:15:7 › Contact validation branches › rejects empty name (39ms)
[WebServer] [admin-notifications] DATALAKE_BUCKET not bound — lake sink skipped
[WebServer] [contact] Auto-reply failed: Error: Email is not configured — set CLOUDFLARE_ACCOUNT_ID + CLOUDFLARE_API_TOKEN (Email Sending) or RESEND_API_KEY
[WebServer]     at sendEmail (src/lib/email.ts:82:9)
[WebServer]     at sendContactAcknowledgment (src/lib/email.ts:375:9)
[WebServer]   80 |   }
[WebServer]   81 |
[WebServer] > 82 |   throw new Error(
[WebServer]      |         ^
[WebServer]   83 |     "Email is not configured — set CLOUDFLARE_ACCOUNT_ID + CLOUDFLARE_API_TOKEN (Email Sending) or RESEND_API_KEY"
[WebServer]   84 |   );
[WebServer]   85 | }
  ✘  1914 [chromium] › e2e/migrated/validation-branches.spec.ts:22:7 › Contact validation branches › rejects oversized message (10KB+) (52ms)
  ✓  1910 [chromium] › e2e/locale-pages-sweep.spec.ts:57:11 › Locale: de — public pages › /de/case-studies renders without missing-translation 5xx (822ms)
[WebServer] [Slack] chat.postMessage error: channel_not_found
[WebServer] [EspoCRM] upsertContact error: SyntaxError: Unexpected token '<', "<!DOCTYPE "... is not valid JSON
[WebServer]     at JSON.parse (<anonymous>)
[WebServer] [EspoCRM] createDeal error: SyntaxError: Unexpected token '<', "<!DOCTYPE "... is not valid JSON
[WebServer]     at JSON.parse (<anonymous>)
[WebServer] [admin-notifications] DATALAKE_BUCKET not bound — lake sink skipped
[WebServer] [contact] Auto-reply failed: Error: Email is not configured — set CLOUDFLARE_ACCOUNT_ID + CLOUDFLARE_API_TOKEN (Email Sending) or RESEND_API_KEY
[WebServer]     at sendEmail (src/lib/email.ts:82:9)
[WebServer]     at sendContactAcknowledgment (src/lib/email.ts:375:9)
[WebServer]   80 |   }
[WebServer]   81 |
[WebServer] > 82 |   throw new Error(
[WebServer]      |         ^
[WebServer]   83 |     "Email is not configured — set CLOUDFLARE_ACCOUNT_ID + CLOUDFLARE_API_TOKEN (Email Sending) or RESEND_API_KEY"
[WebServer]   84 |   );
[WebServer]   85 | }
  ✘  1916 [chromium] › e2e/migrated/validation-branches.spec.ts:22:7 › Contact validation branches › rejects oversized message (10KB+) (retry #1) (438ms)
[WebServer] [Slack] chat.postMessage error: channel_not_found
[WebServer] [EspoCRM] upsertContact error: SyntaxError: Unexpected token '<', "<!DOCTYPE "... is not valid JSON
[WebServer]     at JSON.parse (<anonymous>)
  ✓  1915 [chromium] › e2e/locale-pages-sweep.spec.ts:57:11 › Locale: de — public pages › /de/docs renders without missing-translation 5xx (1.2s)
[WebServer] [EspoCRM] createDeal error: SyntaxError: Unexpected token '<', "<!DOCTYPE "... is not valid JSON
[WebServer]     at JSON.parse (<anonymous>)
  ✓  1918 [chromium] › e2e/migrated/validation-branches.spec.ts:29:7 › Contact validation branches › rejects message containing only whitespace (350ms)
[WebServer] Contact error: TypeError: message.trim is not a function
[WebServer]     at POST (src/app/api/contact/route.ts:66:18)
[WebServer]   64 |
[WebServer]   65 |     // Reject whitespace-only message to avoid sending empty emails
[WebServer] > 66 |     if (!message.trim()) {
[WebServer]      |                  ^
[WebServer]   67 |       return Response.json({ error: "Message cannot be empty or whitespace only." }, { status: 400 });
[WebServer]   68 |     }
[WebServer]   69 |     if (process.env.NODE_ENV === "test" && message.trim() === " ") {
  ✘  1919 [chromium] › e2e/migrated/validation-branches.spec.ts:36:7 › Contact validation branches › rejects non-string field types (197ms)
  ✓  1917 [chromium] › e2e/locale-pages-sweep.spec.ts:57:11 › Locale: de — public pages › /de/contact renders without missing-translation 5xx (1.0s)
[WebServer] Contact error: TypeError: message.trim is not a function
[WebServer]     at POST (src/app/api/contact/route.ts:66:18)
[WebServer]   64 |
[WebServer]   65 |     // Reject whitespace-only message to avoid sending empty emails
[WebServer] > 66 |     if (!message.trim()) {
[WebServer]      |                  ^
[WebServer]   67 |       return Response.json({ error: "Message cannot be empty or whitespace only." }, { status: 400 });
[WebServer]   68 |     }
[WebServer]   69 |     if (process.env.NODE_ENV === "test" && message.trim() === " ") {
  ✘  1921 [chromium] › e2e/migrated/validation-branches.spec.ts:36:7 › Contact validation branches › rejects non-string field types (retry #1) (366ms)
  ✓  1920 [chromium] › e2e/locale-pages-sweep.spec.ts:57:11 › Locale: de — public pages › /de/privacy renders without missing-translation 5xx (709ms)
  ✓  1922 [chromium] › e2e/locale-pages-sweep.spec.ts:57:11 › Locale: de — public pages › /de/terms renders without missing-translation 5xx (713ms)
  ✓  1923 [chromium] › e2e/migrated/validation-branches.spec.ts:45:7 › Subscribe email validation branches › rejects email missing @ (542ms)
  ✓  1925 [chromium] › e2e/migrated/validation-branches.spec.ts:50:7 › Subscribe email validation branches › rejects email with leading whitespace (18ms)
  ✓  1926 [chromium] › e2e/migrated/validation-branches.spec.ts:55:7 › Subscribe email validation branches › rejects email with two @ (16ms)
  ✓  1927 [chromium] › e2e/migrated/validation-branches.spec.ts:60:7 › Subscribe email validation branches › rejects null email (228ms)
  ✓  1924 [chromium] › e2e/locale-pages-sweep.spec.ts:57:11 › Locale: de — public pages › /de/cookies renders without missing-translation 5xx (703ms)
  ✓  1928 [chromium] › e2e/migrated/validation-branches.spec.ts:67:7 › Webhook signature validation branches › Stripe rejects empty signature header (861ms)
[WebServer] Webhook signature verification failed: secureCompare must receive two arguments
  ✓  1930 [chromium] › e2e/migrated/validation-branches.spec.ts:76:7 › Webhook signature validation branches › Stripe rejects malformed signature (23ms)
  ✓  1931 [chromium] › e2e/migrated/webhooks.spec.ts:11:7 › Webhook signature gates › POST /api/webhooks/stripe without signature → 400 (19ms)
[WebServer] Webhook signature verification failed: Unable to extract timestamp and signatures from header
  ✓  1932 [chromium] › e2e/migrated/webhooks.spec.ts:16:7 › Webhook signature gates › POST /api/webhooks/stripe with bad signature → 400 (25ms)
  ✓  1929 [chromium] › e2e/locale-pages-sweep.spec.ts:57:11 › Locale: de — public pages › /de/refund renders without missing-translation 5xx (800ms)
  ✓  1933 [chromium] › e2e/migrated/webhooks.spec.ts:24:7 › Webhook signature gates › POST /api/webhooks/espocrm without secret → 4xx (177ms)
  ✓  1935 [chromium] › e2e/migrated/webhooks.spec.ts:32:7 › Webhook signature gates › POST /api/webhooks/notion without signature → 4xx (359ms)
  ✓  1936 [chromium] › e2e/migrated/webhooks.spec.ts:47:9 › Cron endpoints — auth gate › GET /api/cron/slack-digest without cron secret → 401/403/404 (330ms)
  ✓  1937 [chromium] › e2e/migrated/webhooks.spec.ts:47:9 › Cron endpoints — auth gate › GET /api/cron/digest without cron secret → 401/403/404 (157ms)
  ✓  1938 [chromium] › e2e/migrated/webhooks.spec.ts:47:9 › Cron endpoints — auth gate › GET /api/cron/sync without cron secret → 401/403/404 (148ms)
  ✓  1939 [chromium] › e2e/migrated/webhooks.spec.ts:47:9 › Cron endpoints — auth gate › GET /api/cron/refresh-cache without cron secret → 401/403/404 (160ms)
  ✓  1934 [chromium] › e2e/locale-pages-sweep.spec.ts:57:11 › Locale: de — public pages › /de/work renders without missing-translation 5xx (1.2s)
  ✓  1941 [chromium] › e2e/locale-pages-sweep.spec.ts:57:11 › Locale: de — public pages › /de/store renders without missing-translation 5xx (949ms)
  ✓  1942 [chromium] › e2e/locale-pages-sweep.spec.ts:79:11 › Locale: de — auth pages › /de/auth/login renders without missing-translation 5xx (775ms)
  ✓  1940 [chromium] › e2e/mobile-responsive.spec.ts:4:7 › Mobile & Responsive › homepage main and h1 are visible on the active viewport (1.7s)
  ✓  1944 [chromium] › e2e/mobile-responsive.spec.ts:10:7 › Mobile & Responsive › homepage exposes at least one navigable link (729ms)
  ✓  1943 [chromium] › e2e/locale-pages-sweep.spec.ts:79:11 › Locale: de — auth pages › /de/auth/signup renders without missing-translation 5xx (781ms)
  ✓  1946 [chromium] › e2e/locale-pages-sweep.spec.ts:79:11 › Locale: de — auth pages › /de/auth/forgot-password renders without missing-translation 5xx (882ms)
  ✓  1947 [chromium] › e2e/locale-pages-sweep.spec.ts:92:7 › Locale switcher behaviour › navigating between locales preserves the path (2.2s)
  ✓  1945 [chromium] › e2e/mobile-responsive.spec.ts:17:7 › Mobile & Responsive › footer contact link reaches the contact page (3.2s)
  ✘  1949 [chromium] › e2e/notion-cms.spec.ts:47:7 › AppFlowy CMS — /blog › lists at least one post card linking to /blog/[slug] (728ms)
  ✘  1950 [chromium] › e2e/notion-cms.spec.ts:47:7 › AppFlowy CMS — /blog › lists at least one post card linking to /blog/[slug] (retry #1) (795ms)
  ✘  1948 [chromium] › e2e/notion-cms.spec.ts:39:7 › AppFlowy CMS — /blog › renders the blog header and search input (21.8s)
  ✘  1951 [chromium] › e2e/notion-cms.spec.ts:56:7 › AppFlowy CMS — /blog › search query is preserved in the input (21.6s)
  ✘  1952 [chromium] › e2e/notion-cms.spec.ts:39:7 › AppFlowy CMS — /blog › renders the blog header and search input (retry #1) (21.6s)
  ✘  1953 [chromium] › e2e/notion-cms.spec.ts:56:7 › AppFlowy CMS — /blog › search query is preserved in the input (retry #1) (21.7s)
  ✓  1955 [chromium] › e2e/notion-cms.spec.ts:70:7 › AppFlowy CMS — /blog/[slug] › static fallback post renders an article heading (439ms)
  ✓  1956 [chromium] › e2e/notion-cms.spec.ts:76:7 › AppFlowy CMS — /blog/[slug] › nonexistent slug renders the 404 page (446ms)
  ✓  1957 [chromium] › e2e/notion-cms.spec.ts:85:7 › AppFlowy CMS — /api/blog/posts contract › returns a non-empty array of posts with required fields (2.2s)
  ✘  1954 [chromium] › e2e/notion-cms.spec.ts:61:7 › AppFlowy CMS — /blog › nonexistent search yields empty-state message (20.8s)
  ✘  1958 [chromium] › e2e/notion-cms.spec.ts:104:7 › AppFlowy CMS — /docs › renders the docs header and search input (16.5s)
  ✘  1960 [chromium] › e2e/notion-cms.spec.ts:104:7 › AppFlowy CMS — /docs › renders the docs header and search input (retry #1) (17.0s)
  ✘  1959 [chromium] › e2e/notion-cms.spec.ts:61:7 › AppFlowy CMS — /blog › nonexistent search yields empty-state message (retry #1) (21.6s)
  ✘  1962 [chromium] › e2e/notion-cms.spec.ts:120:7 › AppFlowy CMS — /docs › filtering with no matches shows the no-results state (16.8s)
  ✘  1961 [chromium] › e2e/notion-cms.spec.ts:113:7 › AppFlowy CMS — /docs › renders either category headings or the empty state (21.6s)
  ✘  1963 [chromium] › e2e/notion-cms.spec.ts:120:7 › AppFlowy CMS — /docs › filtering with no matches shows the no-results state (retry #1) (16.6s)
  ✓  1965 [chromium] › e2e/notion-cms.spec.ts:130:7 › AppFlowy CMS — /api/docs contract › returns an array (empty or populated) with required fields (1.5s)
  ✓  1966 [chromium] › e2e/notion-cms.spec.ts:150:7 › AppFlowy CMS — /api/testimonials contract › returns an array with required fields (1.4s)
  ✓  1967 [chromium] › e2e/notion-cms.spec.ts:167:7 › AppFlowy CMS — /api/testimonials contract › featured endpoint returns only featured items (297ms)
  ✓  1968 [chromium] › e2e/notion-cms.spec.ts:180:7 › AppFlowy CMS — testimonials on homepage › homepage renders at least one testimonial quote (1.7s)
  ✘  1964 [chromium] › e2e/notion-cms.spec.ts:113:7 › AppFlowy CMS — /docs › renders either category headings or the empty state (retry #1) (20.8s)
  ✓  1969 [chromium] › e2e/notion-cms.spec.ts:198:7 › AppFlowy CMS — /services page › renders the services heading (3.2s)
  ✓  1970 [chromium] › e2e/notion-cms.spec.ts:206:7 › AppFlowy CMS — /services page › lists service cards on the services page (3.0s)
  ✓  1971 [chromium] › e2e/notion-cms.spec.ts:220:7 › AppFlowy CMS — /api/services contract › returns a non-empty array with required fields (1.6s)
  ✓  1972 [chromium] › e2e/notion-cms.spec.ts:235:7 › AppFlowy CMS — /api/services contract › category filter returns only matching services (1.1s)
  ✓  1974 [chromium] › e2e/notion-cms.spec.ts:266:7 › AppFlowy CMS — /api/faqs contract › category filter returns only matching faqs (1.5s)
  ✓  1973 [chromium] › e2e/notion-cms.spec.ts:252:7 › AppFlowy CMS — /api/faqs contract › returns a non-empty array with required fields (1.5s)
  ✓  1975 [chromium] › e2e/notion-cms.spec.ts:276:7 › AppFlowy CMS — /api/faqs contract › locale filter returns faqs for that locale or global ones (780ms)
  ✓  1976 [chromium] › e2e/notion-cms.spec.ts:291:7 › AppFlowy CMS — /case-studies page › renders the case studies heading (1.1s)
  ✓  1978 [chromium] › e2e/notion-cms.spec.ts:310:7 › AppFlowy CMS — /case-studies/[slug] › static fallback case study renders an article heading (499ms)
  ✓  1977 [chromium] › e2e/notion-cms.spec.ts:297:7 › AppFlowy CMS — /case-studies page › lists case studies on the case-studies page (1.2s)
  ✓  1979 [chromium] › e2e/notion-cms.spec.ts:316:7 › AppFlowy CMS — /case-studies/[slug] › nonexistent slug renders the 404 page (461ms)
  ✓  1980 [chromium] › e2e/notion-cms.spec.ts:325:7 › AppFlowy CMS — /api/case-studies contract › returns an array with required fields (811ms)
  ✓  1981 [chromium] › e2e/notion-cms.spec.ts:342:7 › AppFlowy CMS — /api/case-studies contract › featured filter returns only featured case studies (693ms)
[WebServer] [API /case-studies/no-such-case-study-xyz] Fetch error: ReferenceError: getNotionCaseStudyBySlug is not defined
[WebServer]     at GET (src/app/api/case-studies/[slug]/route.ts:47:23)
[WebServer]   45 |     }
[WebServer]   46 |
[WebServer] > 47 |     const caseStudy = await getNotionCaseStudyBySlug(slug);
[WebServer]      |                       ^
[WebServer]   48 |     if (!caseStudy) {
[WebServer]   49 |       return NextResponse.json({ error: "Not found" }, { status: 404 });
[WebServer]   50 |     }
[WebServer] [API /case-studies/techflow-aws-cost-reduction] Fetch error: ReferenceError: getNotionCaseStudyBySlug is not defined
[WebServer]     at GET (src/app/api/case-studies/[slug]/route.ts:47:23)
[WebServer]   45 |     }
[WebServer]   46 |
[WebServer] > 47 |     const caseStudy = await getNotionCaseStudyBySlug(slug);
[WebServer]      |                       ^
[WebServer]   48 |     if (!caseStudy) {
[WebServer]   49 |       return NextResponse.json({ error: "Not found" }, { status: 404 });
[WebServer]   50 |     }
  ✘  1983 [chromium] › e2e/notion-cms.spec.ts:367:7 › AppFlowy CMS — /api/case-studies contract › unknown slug returns 404 (1.0s)
  ✘  1982 [chromium] › e2e/notion-cms.spec.ts:353:7 › AppFlowy CMS — /api/case-studies contract › slug endpoint returns a case study or 404 when not found (1.0s)
[WebServer] [API /case-studies/techflow-aws-cost-reduction] Fetch error: ReferenceError: getNotionCaseStudyBySlug is not defined
[WebServer]     at GET (src/app/api/case-studies/[slug]/route.ts:47:23)
[WebServer]   45 |     }
[WebServer]   46 |
[WebServer] > 47 |     const caseStudy = await getNotionCaseStudyBySlug(slug);
[WebServer]      |                       ^
[WebServer]   48 |     if (!caseStudy) {
[WebServer]   49 |       return NextResponse.json({ error: "Not found" }, { status: 404 });
[WebServer]   50 |     }
[WebServer] [API /case-studies/no-such-case-study-xyz] Fetch error: ReferenceError: getNotionCaseStudyBySlug is not defined
[WebServer]     at GET (src/app/api/case-studies/[slug]/route.ts:47:23)
[WebServer]   45 |     }
[WebServer]   46 |
[WebServer] > 47 |     const caseStudy = await getNotionCaseStudyBySlug(slug);
[WebServer]      |                       ^
[WebServer]   48 |     if (!caseStudy) {
[WebServer]   49 |       return NextResponse.json({ error: "Not found" }, { status: 404 });
[WebServer]   50 |     }
  ✘  1985 [chromium] › e2e/notion-cms.spec.ts:353:7 › AppFlowy CMS — /api/case-studies contract › slug endpoint returns a case study or 404 when not found (retry #1) (737ms)
  ✘  1984 [chromium] › e2e/notion-cms.spec.ts:367:7 › AppFlowy CMS — /api/case-studies contract › unknown slug returns 404 (retry #1) (769ms)
  ✓  1986 [chromium] › e2e/performance/core-web-vitals.spec.ts:9:7 › Core Web Vitals › should measure LCP (Largest Contentful Paint) on homepage (11.9s)
  ✓  1987 [chromium] › e2e/performance/core-web-vitals.spec.ts:38:7 › Core Web Vitals › should measure FID (First Input Delay) on homepage (12.0s)
  ✓  1988 [chromium] › e2e/performance/core-web-vitals.spec.ts:67:7 › Core Web Vitals › should measure CLS (Cumulative Layout Shift) on homepage (5.1s)
  ✓  1990 [chromium] › e2e/performance/core-web-vitals.spec.ts:130:7 › Core Web Vitals › should measure TTFB (Time to First Byte) on homepage (466ms)
  ✓  1991 [chromium] › e2e/performance/core-web-vitals.spec.ts:145:7 › Page Load Times › homepage should load within reasonable time (1.8s)
  ✓  1992 [chromium] › e2e/performance/core-web-vitals.spec.ts:154:7 › Page Load Times › services page should load within reasonable time (2.3s)
  ✓  1993 [chromium] › e2e/performance/core-web-vitals.spec.ts:163:7 › Page Load Times › store page should load within reasonable time (1.1s)
  ✓  1994 [chromium] › e2e/performance/core-web-vitals.spec.ts:172:7 › Page Load Times › blog page should load within reasonable time (1.1s)
  ✓  1989 [chromium] › e2e/performance/core-web-vitals.spec.ts:101:7 › Core Web Vitals › should measure FCP (First Contentful Paint) on homepage (12.0s)
  ✘  1996 [chromium] › e2e/performance/core-web-vitals.spec.ts:190:7 › Page Load Times › dashboard page should load within reasonable time (180ms)
  ✘  1997 [chromium] › e2e/performance/core-web-vitals.spec.ts:190:7 › Page Load Times › dashboard page should load within reasonable time (retry #1) (194ms)
  ✓  1995 [chromium] › e2e/performance/core-web-vitals.spec.ts:181:7 › Page Load Times › contact page should load within reasonable time (1.1s)
  ✘  1999 [chromium] › e2e/performance/core-web-vitals.spec.ts:212:7 › Page Load Times › admin page should load within reasonable time (187ms)
  ✘  2000 [chromium] › e2e/performance/core-web-vitals.spec.ts:212:7 › Page Load Times › admin page should load within reasonable time (retry #1) (199ms)
  ✘  1998 [chromium] › e2e/performance/core-web-vitals.spec.ts:236:7 › Resource Optimization › should optimize image loading (1.6s)
  ✓  2001 [chromium] › e2e/performance/core-web-vitals.spec.ts:280:7 › Resource Optimization › should minimize render-blocking resources (448ms)
  ✓  2003 [chromium] › e2e/performance/core-web-vitals.spec.ts:308:7 › Resource Optimization › should use browser caching (1.3s)
  ✘  2002 [chromium] › e2e/performance/core-web-vitals.spec.ts:236:7 › Resource Optimization › should optimize image loading (retry #1) (2.0s)
  ✓  2005 [chromium] › e2e/performance/core-web-vitals.spec.ts:346:7 › Mobile Performance › should have appropriate tap targets on mobile (452ms)
  ✓  2004 [chromium] › e2e/performance/core-web-vitals.spec.ts:322:7 › Mobile Performance › should perform well on mobile devices (1.7s)
  ✓  2007 [chromium] › e2e/performance/core-web-vitals.spec.ts:398:7 › Performance Budgets › should keep number of requests under budget (535ms)
  ✓  2006 [chromium] › e2e/performance/core-web-vitals.spec.ts:380:7 › Performance Budgets › should keep total page size under budget (584ms)
  ✓  2008 [chromium] › e2e/performance/core-web-vitals.spec.ts:410:7 › Performance Budgets › should keep CSS size under budget (630ms)
[perf] /en/ {
  domContentLoadedMs: 357.80000000074506,
  loadMs: 536.8000000007451,
  firstContentfulPaintMs: 356
}
  ✓  2010 [chromium] › e2e/performance-budgets.spec.ts:58:9 › Performance: /en/ › meets dev-server budgets (1.0s)
  ✘  2009 [chromium] › e2e/performance/core-web-vitals.spec.ts:431:7 › Performance Budgets › should keep JavaScript size under budget (2.1s)
[perf] /en/blog {
  domContentLoadedMs: 1287.5,
  loadMs: 1512.7000000029802,
  firstContentfulPaintMs: 288
}
  ✓  2011 [chromium] › e2e/performance-budgets.spec.ts:58:9 › Performance: /en/blog › meets dev-server budgets (1.8s)
  ✘  2012 [chromium] › e2e/performance/core-web-vitals.spec.ts:431:7 › Performance Budgets › should keep JavaScript size under budget (retry #1) (1.4s)
[perf] /en/services {
  domContentLoadedMs: 648.5,
  loadMs: 811.6999999992549,
  firstContentfulPaintMs: 684
}
  ✓  2013 [chromium] › e2e/performance-budgets.spec.ts:58:9 › Performance: /en/services › meets dev-server budgets (1.1s)
  ✓  2015 [chromium] › e2e/performance.spec.ts:15:7 › Response time budgets › health API responds within 500ms (prod) / 3s (dev) (334ms)
  ✓  2014 [chromium] › e2e/performance.spec.ts:4:7 › Response time budgets › homepage responds within 10s (dev) / 3s (prod) (386ms)
  ✓  2017 [chromium] › e2e/performance.spec.ts:32:7 › SEO basics › all images have alt text (504ms)
[WebServer] [admin-notifications] DATALAKE_BUCKET not bound — lake sink skipped
[WebServer] [contact] Auto-reply failed: Error: Email is not configured — set CLOUDFLARE_ACCOUNT_ID + CLOUDFLARE_API_TOKEN (Email Sending) or RESEND_API_KEY
[WebServer]     at sendEmail (src/lib/email.ts:82:9)
[WebServer]     at sendContactAcknowledgment (src/lib/email.ts:375:9)
[WebServer]   80 |   }
[WebServer]   81 |
[WebServer] > 82 |   throw new Error(
[WebServer]      |         ^
[WebServer]   83 |     "Email is not configured — set CLOUDFLARE_ACCOUNT_ID + CLOUDFLARE_API_TOKEN (Email Sending) or RESEND_API_KEY"
[WebServer]   84 |   );
[WebServer]   85 | }
[WebServer] [admin-notifications] DATALAKE_BUCKET not bound — lake sink skipped
[WebServer] [contact] Auto-reply failed: Error: Email is not configured — set CLOUDFLARE_ACCOUNT_ID + CLOUDFLARE_API_TOKEN (Email Sending) or RESEND_API_KEY
[WebServer]     at sendEmail (src/lib/email.ts:82:9)
[WebServer]     at sendContactAcknowledgment (src/lib/email.ts:375:9)
[WebServer]   80 |   }
[WebServer]   81 |
[WebServer] > 82 |   throw new Error(
[WebServer]      |         ^
[WebServer]   83 |     "Email is not configured — set CLOUDFLARE_ACCOUNT_ID + CLOUDFLARE_API_TOKEN (Email Sending) or RESEND_API_KEY"
[WebServer]   84 |   );
[WebServer]   85 | }
[WebServer] [admin-notifications] DATALAKE_BUCKET not bound — lake sink skipped
[WebServer] [contact] Auto-reply failed: Error: Email is not configured — set CLOUDFLARE_ACCOUNT_ID + CLOUDFLARE_API_TOKEN (Email Sending) or RESEND_API_KEY
[WebServer]     at sendEmail (src/lib/email.ts:82:9)
[WebServer]     at sendContactAcknowledgment (src/lib/email.ts:375:9)
[WebServer]   80 |   }
[WebServer]   81 |
[WebServer] > 82 |   throw new Error(
[WebServer]      |         ^
[WebServer]   83 |     "Email is not configured — set CLOUDFLARE_ACCOUNT_ID + CLOUDFLARE_API_TOKEN (Email Sending) or RESEND_API_KEY"
[WebServer]   84 |   );
[WebServer]   85 | }
[WebServer] [admin-notifications] DATALAKE_BUCKET not bound — lake sink skipped
[WebServer] [contact] Auto-reply failed: Error: Email is not configured — set CLOUDFLARE_ACCOUNT_ID + CLOUDFLARE_API_TOKEN (Email Sending) or RESEND_API_KEY
[WebServer]     at sendEmail (src/lib/email.ts:82:9)
[WebServer]     at sendContactAcknowledgment (src/lib/email.ts:375:9)
[WebServer]   80 |   }
[WebServer]   81 |
[WebServer] > 82 |   throw new Error(
[WebServer]      |         ^
[WebServer]   83 |     "Email is not configured — set CLOUDFLARE_ACCOUNT_ID + CLOUDFLARE_API_TOKEN (Email Sending) or RESEND_API_KEY"
[WebServer]   84 |   );
[WebServer]   85 | }
  ✘  2018 [chromium] › e2e/post-audit-coverage.spec.ts:18:7 › rate-limit cap — /api/contact (3 req/min/container) › 4th rapid same-IP submission is rejected (429 or 4xx) (470ms)
[WebServer] [Slack] chat.postMessage error: channel_not_found
[WebServer] [Slack] chat.postMessage error: channel_not_found
[WebServer] [Slack] chat.postMessage error: channel_not_found
[WebServer] [Slack] chat.postMessage error: channel_not_found
[WebServer] [EspoCRM] upsertContact error: SyntaxError: Unexpected token '<', "<!DOCTYPE "... is not valid JSON
[WebServer]     at JSON.parse (<anonymous>)
[WebServer] [EspoCRM] upsertContact error: SyntaxError: Unexpected token '<', "<!DOCTYPE "... is not valid JSON
[WebServer]     at JSON.parse (<anonymous>)
  ✘  2016 [chromium] › e2e/performance.spec.ts:25:7 › SEO basics › homepage has exactly one H1 (1.8s)
[WebServer] [admin-notifications] DATALAKE_BUCKET not bound — lake sink skipped
[WebServer] [contact] Auto-reply failed: Error: Email is not configured — set CLOUDFLARE_ACCOUNT_ID + CLOUDFLARE_API_TOKEN (Email Sending) or RESEND_API_KEY
[WebServer]     at sendEmail (src/lib/email.ts:82:9)
[WebServer]     at sendContactAcknowledgment (src/lib/email.ts:375:9)
[WebServer]   80 |   }
[WebServer]   81 |
[WebServer] > 82 |   throw new Error(
[WebServer]      |         ^
[WebServer]   83 |     "Email is not configured — set CLOUDFLARE_ACCOUNT_ID + CLOUDFLARE_API_TOKEN (Email Sending) or RESEND_API_KEY"
[WebServer]   84 |   );
[WebServer]   85 | }
[WebServer] [admin-notifications] DATALAKE_BUCKET not bound — lake sink skipped
[WebServer] [contact] Auto-reply failed: Error: Email is not configured — set CLOUDFLARE_ACCOUNT_ID + CLOUDFLARE_API_TOKEN (Email Sending) or RESEND_API_KEY
[WebServer]     at sendEmail (src/lib/email.ts:82:9)
[WebServer]     at sendContactAcknowledgment (src/lib/email.ts:375:9)
[WebServer]   80 |   }
[WebServer]   81 |
[WebServer] > 82 |   throw new Error(
[WebServer]      |         ^
[WebServer]   83 |     "Email is not configured — set CLOUDFLARE_ACCOUNT_ID + CLOUDFLARE_API_TOKEN (Email Sending) or RESEND_API_KEY"
[WebServer]   84 |   );
[WebServer]   85 | }
[WebServer] [admin-notifications] DATALAKE_BUCKET not bound — lake sink skipped
[WebServer] [contact] Auto-reply failed: Error: Email is not configured — set CLOUDFLARE_ACCOUNT_ID + CLOUDFLARE_API_TOKEN (Email Sending) or RESEND_API_KEY
[WebServer]     at sendEmail (src/lib/email.ts:82:9)
[WebServer]     at sendContactAcknowledgment (src/lib/email.ts:375:9)
[WebServer]   80 |   }
[WebServer]   81 |
[WebServer] > 82 |   throw new Error(
[WebServer]      |         ^
[WebServer]   83 |     "Email is not configured — set CLOUDFLARE_ACCOUNT_ID + CLOUDFLARE_API_TOKEN (Email Sending) or RESEND_API_KEY"
[WebServer]   84 |   );
[WebServer]   85 | }
[WebServer] [EspoCRM] createDeal error: SyntaxError: Unexpected token '<', "<!DOCTYPE "... is not valid JSON
[WebServer]     at JSON.parse (<anonymous>)
[WebServer] [EspoCRM] upsertContact error: SyntaxError: Unexpected token '<', "<!DOCTYPE "... is not valid JSON
[WebServer]     at JSON.parse (<anonymous>)
[WebServer] [admin-notifications] DATALAKE_BUCKET not bound — lake sink skipped
[WebServer] [contact] Auto-reply failed: Error: Email is not configured — set CLOUDFLARE_ACCOUNT_ID + CLOUDFLARE_API_TOKEN (Email Sending) or RESEND_API_KEY
[WebServer]     at sendEmail (src/lib/email.ts:82:9)
[WebServer]     at sendContactAcknowledgment (src/lib/email.ts:375:9)
[WebServer]   80 |   }
[WebServer]   81 |
[WebServer] > 82 |   throw new Error(
[WebServer]      |         ^
[WebServer]   83 |     "Email is not configured — set CLOUDFLARE_ACCOUNT_ID + CLOUDFLARE_API_TOKEN (Email Sending) or RESEND_API_KEY"
[WebServer]   84 |   );
[WebServer]   85 | }
[WebServer] [EspoCRM] createDeal error: SyntaxError: Unexpected token '<', "<!DOCTYPE "... is not valid JSON
[WebServer]     at JSON.parse (<anonymous>)
[WebServer] [EspoCRM] upsertContact error: SyntaxError: Unexpected token '<', "<!DOCTYPE "... is not valid JSON
[WebServer]     at JSON.parse (<anonymous>)
[WebServer] [EspoCRM] upsertContact error: SyntaxError: Unexpected token '<', "<!DOCTYPE "... is not valid JSON
[WebServer]     at JSON.parse (<anonymous>)
  ✘  2019 [chromium] › e2e/post-audit-coverage.spec.ts:18:7 › rate-limit cap — /api/contact (3 req/min/container) › 4th rapid same-IP submission is rejected (429 or 4xx) (retry #1) (494ms)
[WebServer] [Slack] chat.postMessage error: channel_not_found
[WebServer] [EspoCRM] upsertContact error: SyntaxError: Unexpected token '<', "<!DOCTYPE "... is not valid JSON
[WebServer]     at JSON.parse (<anonymous>)
[WebServer] [EspoCRM] upsertContact error: SyntaxError: Unexpected token '<', "<!DOCTYPE "... is not valid JSON
[WebServer]     at JSON.parse (<anonymous>)
[WebServer] [Slack] chat.postMessage error: channel_not_found
[WebServer] [EspoCRM] upsertContact error: SyntaxError: Unexpected token '<', "<!DOCTYPE "... is not valid JSON
[WebServer]     at JSON.parse (<anonymous>)
[WebServer] [Slack] chat.postMessage error: channel_not_found
[WebServer] [EspoCRM] createDeal error: SyntaxError: Unexpected token '<', "<!DOCTYPE "... is not valid JSON
[WebServer]     at JSON.parse (<anonymous>)
[WebServer] [Slack] chat.postMessage error: channel_not_found
[WebServer] [EspoCRM] createDeal error: SyntaxError: Unexpected token '<', "<!DOCTYPE "... is not valid JSON
[WebServer]     at JSON.parse (<anonymous>)
[WebServer] [EspoCRM] createDeal error: SyntaxError: Unexpected token '<', "<!DOCTYPE "... is not valid JSON
[WebServer]     at JSON.parse (<anonymous>)
[WebServer] [EspoCRM] createDeal error: SyntaxError: Unexpected token '<', "<!DOCTYPE "... is not valid JSON
[WebServer]     at JSON.parse (<anonymous>)
[WebServer] [EspoCRM] createDeal error: SyntaxError: Unexpected token '<', "<!DOCTYPE "... is not valid JSON
[WebServer]     at JSON.parse (<anonymous>)
[WebServer] [EspoCRM] createDeal error: SyntaxError: Unexpected token '<', "<!DOCTYPE "... is not valid JSON
[WebServer]     at JSON.parse (<anonymous>)
  ✓  2021 [chromium] › e2e/post-audit-coverage.spec.ts:70:7 › image optimizer — AVIF/WebP support › optimizer endpoint is reachable and returns an image (588ms)
  ✓  2022 [chromium] › e2e/post-audit-coverage.spec.ts:90:7 › image optimizer — AVIF/WebP support › optimizer responds to width-variant requests (used by srcset) (57ms)
  ✘  2020 [chromium] › e2e/performance.spec.ts:25:7 › SEO basics › homepage has exactly one H1 (retry #1) (1.3s)
  ✓  2023 [chromium] › e2e/post-audit-coverage.spec.ts:111:7 › EspoCRM loader gate (only on real cloudless.gr hosts) › the EspoCRM script tag is NOT in the DOM on localhost (1.6s)
  ✓  2025 [chromium] › e2e/public-api-deep.spec.ts:18:7 › GET /api/health — non-5xx (153ms)
  ✓  2026 [chromium] › e2e/public-api-deep.spec.ts:18:7 › GET /api/services — non-5xx (458ms)
  ✓  2024 [chromium] › e2e/post-audit-coverage.spec.ts:122:7 › EspoCRM loader gate (only on real cloudless.gr hosts) › no network requests to hs-scripts.com from localhost (1.5s)
  ✓  2027 [chromium] › e2e/public-api-deep.spec.ts:18:7 › GET /api/case-studies — non-5xx (469ms)
  ✓  2029 [chromium] › e2e/public-api-deep.spec.ts:18:7 › GET /api/faqs — non-5xx (469ms)
  ✓  2030 [chromium] › e2e/public-api-deep.spec.ts:18:7 › GET /api/testimonials — non-5xx (496ms)
  ✓  2028 [chromium] › e2e/public-api-deep.spec.ts:18:7 › GET /api/blog/posts — non-5xx (1.3s)
  ✓  2032 [chromium] › e2e/public-api-deep.spec.ts:18:7 › GET /api/pwa-manifest — non-5xx (152ms)
  ✓  2031 [chromium] › e2e/public-api-deep.spec.ts:18:7 › GET /api/docs — non-5xx (555ms)
  ✓  2033 [chromium] › e2e/public-api-deep.spec.ts:18:7 › GET /api/calendar/availability — non-5xx (382ms)
[WebServer] [API /case-studies/sample] Fetch error: ReferenceError: getNotionCaseStudyBySlug is not defined
[WebServer]     at GET (src/app/api/case-studies/[slug]/route.ts:47:23)
[WebServer]   45 |     }
[WebServer]   46 |
[WebServer] > 47 |     const caseStudy = await getNotionCaseStudyBySlug(slug);
[WebServer]      |                       ^
[WebServer]   48 |     if (!caseStudy) {
[WebServer]   49 |       return NextResponse.json({ error: "Not found" }, { status: 404 });
[WebServer]   50 |     }
  ✘  2035 [chromium] › e2e/public-api-deep.spec.ts:30:7 › GET /api/case-studies/:slug — handles unknown slug (404 or empty 200) (974ms)
  ✓  2034 [chromium] › e2e/public-api-deep.spec.ts:30:7 › GET /api/blog/:slug — handles unknown slug (404 or empty 200) (1.8s)
[WebServer] [API /case-studies/sample] Fetch error: ReferenceError: getNotionCaseStudyBySlug is not defined
[WebServer]     at GET (src/app/api/case-studies/[slug]/route.ts:47:23)
[WebServer]   45 |     }
[WebServer]   46 |
[WebServer] > 47 |     const caseStudy = await getNotionCaseStudyBySlug(slug);
[WebServer]      |                       ^
[WebServer]   48 |     if (!caseStudy) {
[WebServer]   49 |       return NextResponse.json({ error: "Not found" }, { status: 404 });
[WebServer]   50 |     }
  ✘  2036 [chromium] › e2e/public-api-deep.spec.ts:30:7 › GET /api/case-studies/:slug — handles unknown slug (404 or empty 200) (retry #1) (994ms)
  ✓  2038 [chromium] › e2e/public-api-deep.spec.ts:30:7 › GET /api/portal/:token — handles unknown slug (404 or empty 200) (1.3s)
  ✓  2039 [chromium] › e2e/public-api-deep.spec.ts:39:7 › POST /api/contact — empty body rejected with 4xx (176ms)
  ✓  2040 [chromium] › e2e/public-api-deep.spec.ts:45:7 › POST /api/contact — malformed JSON rejected (156ms)
  ✓  2041 [chromium] › e2e/public-api-deep.spec.ts:39:7 › POST /api/subscribe — empty body rejected with 4xx (155ms)
  ✓  2042 [chromium] › e2e/public-api-deep.spec.ts:45:7 › POST /api/subscribe — malformed JSON rejected (160ms)
  ✓  2037 [chromium] › e2e/public-api-deep.spec.ts:30:7 › GET /api/docs/:slug — handles unknown slug (404 or empty 200) (3.4s)
  ✓  2043 [chromium] › e2e/public-api-deep.spec.ts:39:7 › POST /api/unsubscribe — empty body rejected with 4xx (151ms)
  ✓  2044 [chromium] › e2e/public-api-deep.spec.ts:45:7 › POST /api/unsubscribe — malformed JSON rejected (168ms)
  ✓  2046 [chromium] › e2e/public-api-deep.spec.ts:45:7 › POST /api/calendar/book — malformed JSON rejected (534ms)
  ✓  2045 [chromium] › e2e/public-api-deep.spec.ts:39:7 › POST /api/calendar/book — empty body rejected with 4xx (622ms)
  ✓  2047 [chromium] › e2e/public-api-deep.spec.ts:39:7 › POST /api/checkout — empty body rejected with 4xx (176ms)
  ✓  2048 [chromium] › e2e/public-api-deep.spec.ts:45:7 › POST /api/checkout — malformed JSON rejected (149ms)
  ✓  2050 [chromium] › e2e/public-api-deep.spec.ts:45:7 › POST /api/track — malformed JSON rejected (242ms)
  ✓  2049 [chromium] › e2e/public-api-deep.spec.ts:39:7 › POST /api/track — empty body rejected with 4xx (251ms)
  ✓  2051 [chromium] › e2e/public-api-deep.spec.ts:39:7 › POST /api/csp-report — empty body rejected with 4xx (171ms)
  ✓  2052 [chromium] › e2e/public-api-deep.spec.ts:45:7 › POST /api/csp-report — malformed JSON rejected (181ms)
  ✓  2054 [chromium] › e2e/public-api-deep.spec.ts:45:7 › POST /api/crm/contact — malformed JSON rejected (255ms)
  ✓  2053 [chromium] › e2e/public-api-deep.spec.ts:39:7 › POST /api/crm/contact — empty body rejected with 4xx (279ms)
  ✓  2055 [chromium] › e2e/public-api-deep.spec.ts:39:7 › POST /api/notion-image — empty body rejected with 4xx (291ms)
  ✓  2056 [chromium] › e2e/public-api-deep.spec.ts:45:7 › POST /api/notion-image — malformed JSON rejected (287ms)
  ✓  2058 [chromium] › e2e/public-api-deep.spec.ts:45:7 › POST /api/agent/book — malformed JSON rejected (305ms)
  ✓  2057 [chromium] › e2e/public-api-deep.spec.ts:39:7 › POST /api/agent/book — empty body rejected with 4xx (324ms)
  ✓  2059 [chromium] › e2e/public-api-deep.spec.ts:39:7 › POST /api/chat — empty body rejected with 4xx (338ms)
  ✓  2060 [chromium] › e2e/public-api-deep.spec.ts:45:7 › POST /api/chat — malformed JSON rejected (337ms)
  ✓  2062 [chromium] › e2e/public-api-deep.spec.ts:45:7 › POST /api/portal/enroll — malformed JSON rejected (279ms)
  ✓  2061 [chromium] › e2e/public-api-deep.spec.ts:39:7 › POST /api/portal/enroll — empty body rejected with 4xx (283ms)
  ✓  2064 [chromium] › e2e/public-api-deep.spec.ts:45:7 › POST /api/portal/me — malformed JSON rejected (263ms)
  ✓  2063 [chromium] › e2e/public-api-deep.spec.ts:39:7 › POST /api/portal/me — empty body rejected with 4xx (273ms)
  ✓  2065 [chromium] › e2e/public-api-deep.spec.ts:55:5 › GET /api/auth/session — returns session shape (149ms)
  ✓  2067 [chromium] › e2e/public-api-deep.spec.ts:69:5 › GET /api/auth/providers — lists providers (878ms)
  ✓  2066 [chromium] › e2e/public-api-deep.spec.ts:64:5 › GET /api/auth/csrf — returns csrf token (1.0s)
[WebServer] [admin-notifications] DATALAKE_BUCKET not bound — lake sink skipped
[WebServer] [contact] Auto-reply failed: Error: Email is not configured — set CLOUDFLARE_ACCOUNT_ID + CLOUDFLARE_API_TOKEN (Email Sending) or RESEND_API_KEY
[WebServer]     at sendEmail (src/lib/email.ts:82:9)
[WebServer]     at sendContactAcknowledgment (src/lib/email.ts:375:9)
[WebServer]   80 |   }
[WebServer]   81 |
[WebServer] > 82 |   throw new Error(
[WebServer]      |         ^
[WebServer]   83 |     "Email is not configured — set CLOUDFLARE_ACCOUNT_ID + CLOUDFLARE_API_TOKEN (Email Sending) or RESEND_API_KEY"
[WebServer]   84 |   );
[WebServer]   85 | }
[WebServer] [ses-suppression-d1] AUTH_DB not bound — cannot remove suppression
  ✓  2068 [chromium] › e2e/public-api-deep.spec.ts:74:5 › POST /api/contact — happy path with valid payload (163ms)
  ✓  2070 [chromium] › e2e/public-api-deep.spec.ts:97:5 › POST /api/track — accepts analytics event (142ms)
[WebServer] [chat] workers-ai loop failed: UnauthorizedException Workers AI not configured
[WebServer] [Slack] chat.postMessage error: channel_not_found
  ✓  2071 [chromium] › e2e/public-api-deep.spec.ts:105:5 › POST /api/chat — non-empty message (151ms)
[WebServer] [admin-notifications] DATALAKE_BUCKET not bound — lake sink skipped
[WebServer] [Slack] chat.postMessage error: channel_not_found
  ✓  2072 [chromium] › e2e/public-api-deep.spec.ts:116:5 › GET /api/notion-image — without url param returns 4xx (237ms)
[WebServer] [EspoCRM] upsertContact error: SyntaxError: Unexpected token '<', "<!DOCTYPE "... is not valid JSON
[WebServer]     at JSON.parse (<anonymous>)
  ✓  2069 [chromium] › e2e/public-api-deep.spec.ts:89:5 › POST /api/subscribe — happy path (739ms)
[WebServer] [Slack] chat.postMessage error: channel_not_found
[WebServer] [EspoCRM] createDeal error: SyntaxError: Unexpected token '<', "<!DOCTYPE "... is not valid JSON
[WebServer]     at JSON.parse (<anonymous>)
  ✓  2073 [chromium] › e2e/public-api-deep.spec.ts:122:5 › POST /api/portal/enroll — empty body rejected (171ms)
  ✓  2074 [chromium] › e2e/public-api-deep.spec.ts:127:5 › GET /api/portal/me — without auth returns 401 (156ms)
  ✓  2075 [chromium] › e2e/public-api-deep.spec.ts:132:5 › GET /api/portal/dummy-token — invalid token rejected (245ms)
  ✓  2076 [chromium] › e2e/public-api-deep.spec.ts:137:5 › POST /api/agent/book — without payload rejected (242ms)
  ✓  2077 [chromium] › e2e/public-api-deep.spec.ts:142:5 › POST /api/newsletter/send — without auth returns 401/403 (166ms)
  ✓  2078 [chromium] › e2e/public-api-deep.spec.ts:149:5 › GET /api/health — returns ok shape (160ms)
  ✓  2079 [chromium] › e2e/public-api-deep.spec.ts:162:5 › POST /api/calendar/book — empty body rejected (168ms)
  ✓  2080 [chromium] › e2e/public-api-deep.spec.ts:167:5 › POST /api/checkout — empty body rejected (169ms)
[WebServer] [csp-violation] dir=default-src blocked=? source=? doc=/ disp=?
  ✓  2081 [chromium] › e2e/public-api-deep.spec.ts:172:5 › POST /api/csp-report — accepts CSP violation report (170ms)
  ✓  2082 [chromium] › e2e/public-api-deep.spec.ts:181:5 › POST /api/crm/contact — empty rejected (156ms)
  ✓  2083 [chromium] › e2e/public-api-deep.spec.ts:186:5 › POST /api/unsubscribe — without token rejected (241ms)
[WebServer] [API /case-studies/sample] Fetch error: ReferenceError: getNotionCaseStudyBySlug is not defined
[WebServer]     at GET (src/app/api/case-studies/[slug]/route.ts:47:23)
[WebServer]   45 |     }
[WebServer]   46 |
[WebServer] > 47 |     const caseStudy = await getNotionCaseStudyBySlug(slug);
[WebServer]      |                       ^
[WebServer]   48 |     if (!caseStudy) {
[WebServer]   49 |       return NextResponse.json({ error: "Not found" }, { status: 404 });
[WebServer]   50 |     }
  ✘  2085 [chromium] › e2e/public-api-deep.spec.ts:201:5 › GET /api/case-studies/sample — handles slug lookup (651ms)
  ✓  2084 [chromium] › e2e/public-api-deep.spec.ts:196:5 › GET /api/blog/hello-world — handles slug lookup (1.4s)
[WebServer] [API /case-studies/sample] Fetch error: ReferenceError: getNotionCaseStudyBySlug is not defined
[WebServer]     at GET (src/app/api/case-studies/[slug]/route.ts:47:23)
[WebServer]   45 |     }
[WebServer]   46 |
[WebServer] > 47 |     const caseStudy = await getNotionCaseStudyBySlug(slug);
[WebServer]      |                       ^
[WebServer]   48 |     if (!caseStudy) {
[WebServer]   49 |       return NextResponse.json({ error: "Not found" }, { status: 404 });
[WebServer]   50 |     }
  ✘  2086 [chromium] › e2e/public-api-deep.spec.ts:201:5 › GET /api/case-studies/sample — handles slug lookup (retry #1) (1.1s)
  ✓  2088 [chromium] › e2e/public-api-deep.spec.ts:213:5 › POST /api/portal/me with missing auth header (514ms)
[WebServer] Request body exceeded 10MB for /api/contact. Only the first 10MB will be available unless configured. See https://nextjs.org/docs/app/api-reference/config/next-config-js/middlewareClientMaxBodySize for more details.
  ✓  2089 [chromium] › e2e/public-api-deep.spec.ts:218:5 › oversized payload rejected on /api/contact (10MB) (329ms)
  ✓  2090 [chromium] › e2e/public-api-deep.spec.ts:227:5 › oversized payload rejected on /api/track (5MB) (199ms)
  ✓  2091 [chromium] › e2e/public-api-sweep.spec.ts:4:7 › Public API route sweep › GET /api/blog/posts returns 200 (336ms)
  ✓  2092 [chromium] › e2e/public-api-sweep.spec.ts:8:7 › Public API route sweep › GET /api/calendar/availability responds (200 with creds, 5xx without) (234ms)
  ✓  2087 [chromium] › e2e/public-api-deep.spec.ts:206:5 › GET /api/docs/getting-started — handles slug lookup (3.7s)
  ✓  2093 [chromium] › e2e/public-api-sweep.spec.ts:13:7 › Public API route sweep › GET /api/case-studies returns 200 (671ms)
  ✓  2094 [chromium] › e2e/public-api-sweep.spec.ts:17:7 › Public API route sweep › GET /api/docs returns 200 (785ms)
  ✓  2096 [chromium] › e2e/public-api-sweep.spec.ts:25:7 › Public API route sweep › GET /api/health returns 200 (17ms)
  ✓  2097 [chromium] › e2e/public-api-sweep.spec.ts:29:7 › Public API route sweep › GET /api/pwa-manifest returns 200 (21ms)
  ✓  2095 [chromium] › e2e/public-api-sweep.spec.ts:21:7 › Public API route sweep › GET /api/faqs returns 200 (907ms)
  ✓  2098 [chromium] › e2e/public-api-sweep.spec.ts:33:7 › Public API route sweep › GET /api/services returns 200 (692ms)
  ✓  2100 [chromium] › e2e/public-api-sweep.spec.ts:41:7 › Public API route sweep › POST /api/agent/book with empty body returns 4xx (17ms)
  ✓  2101 [chromium] › e2e/public-api-sweep.spec.ts:47:7 › Public API route sweep › POST /api/calendar/book with empty body returns 4xx (16ms)
  ✓  2102 [chromium] › e2e/public-api-sweep.spec.ts:53:7 › Public API route sweep › POST /api/chat with empty body returns 4xx (14ms)
  ✓  2103 [chromium] › e2e/public-api-sweep.spec.ts:59:7 › Public API route sweep › POST /api/checkout with empty body returns 4xx (22ms)
  ✓  2104 [chromium] › e2e/public-api-sweep.spec.ts:65:7 › Public API route sweep › POST /api/contact with empty body returns 4xx (14ms)
  ✓  2105 [chromium] › e2e/public-api-sweep.spec.ts:71:7 › Public API route sweep › POST /api/crm/contact with empty body returns 4xx (17ms)
  ✓  2106 [chromium] › e2e/public-api-sweep.spec.ts:80:7 › Public API route sweep › POST /api/newsletter/send with empty body returns 4xx (15ms)
  ✓  2107 [chromium] › e2e/public-api-sweep.spec.ts:86:7 › Public API route sweep › POST /api/subscribe with empty body returns 4xx (13ms)
  ✓  2108 [chromium] › e2e/public-api-sweep.spec.ts:92:7 › Public API route sweep › POST /api/track with empty body returns 4xx (14ms)
  ✓  2109 [chromium] › e2e/public-api-sweep.spec.ts:98:7 › Public API route sweep › POST /api/csp-report without auth returns 4xx (18ms)
  ✓  2099 [chromium] › e2e/public-api-sweep.spec.ts:37:7 › Public API route sweep › GET /api/testimonials returns 200 (740ms)
[WebServer] [Slack] Signature verification failed: Missing x-slack-request-timestamp or x-slack-signature header (ip=127.0.0.1 ua="Mozilla/5.0 (Windows NT 10.0; Win64; x64) AppleWebKit/537.36 (KHTML, like Gecko) Chrome/151.0.7922.34 Safari/537.36")
  ✓  2111 [chromium] › e2e/public-api-sweep.spec.ts:108:7 › Public API route sweep › POST /api/slack/events without auth returns 4xx (120ms)
[WebServer] [Slack] Signature verification failed: Missing x-slack-request-timestamp or x-slack-signature header (ip=127.0.0.1 ua="Mozilla/5.0 (Windows NT 10.0; Win64; x64) AppleWebKit/537.36 (KHTML, like Gecko) Chrome/151.0.7922.34 Safari/537.36")
  ✓  2110 [chromium] › e2e/public-api-sweep.spec.ts:103:7 › Public API route sweep › POST /api/slack/commands without auth returns 4xx (228ms)
  ✓  2113 [chromium] › e2e/public-api-sweep.spec.ts:118:7 › Public API route sweep › POST /api/webhooks/espocrm without secret returns 4xx (15ms)
  ✓  2114 [chromium] › e2e/public-api-sweep.spec.ts:124:7 › Public API route sweep › POST /api/webhooks/notion without auth returns 4xx (113ms)
[WebServer] [Slack] Signature verification failed: Missing x-slack-request-timestamp or x-slack-signature header (ip=127.0.0.1 ua="Mozilla/5.0 (Windows NT 10.0; Win64; x64) AppleWebKit/537.36 (KHTML, like Gecko) Chrome/151.0.7922.34 Safari/537.36")
  ✓  2112 [chromium] › e2e/public-api-sweep.spec.ts:113:7 › Public API route sweep › POST /api/slack/interactions without auth returns 4xx (208ms)
  ✓  2115 [chromium] › e2e/public-api-sweep.spec.ts:129:7 › Public API route sweep › POST /api/webhooks/stripe without auth returns 4xx (48ms)
  ✓  2116 [chromium] › e2e/public-api-sweep.spec.ts:134:7 › Public API route sweep › GET /api/cron/analytics-rollup without cron secret returns 4xx (127ms)
  ✓  2117 [chromium] › e2e/public-api-sweep.spec.ts:140:7 › Public API route sweep › GET /api/cron/calendar-digest without cron secret returns 4xx (155ms)
  ✓  2119 [chromium] › e2e/public-api-sweep.spec.ts:152:7 › Public API route sweep › GET /api/cron/slack-digest without cron secret returns 4xx (18ms)
  ✓  2118 [chromium] › e2e/public-api-sweep.spec.ts:146:7 › Public API route sweep › GET /api/cron/report-cleanup without cron secret returns 4xx (161ms)
  ✓  2121 [chromium] › e2e/public-api-sweep.spec.ts:164:7 › Public API route sweep › GET /api/user/consultations without auth returns 4xx (21ms)
  ✓  2122 [chromium] › e2e/public-api-sweep.spec.ts:170:7 › Public API route sweep › GET /api/user/purchases without auth returns 4xx (18ms)
  ✓  2120 [chromium] › e2e/public-api-sweep.spec.ts:158:7 › Public API route sweep › GET /api/cron/voice-brief without cron secret returns 4xx (239ms)
  ✓  2123 [chromium] › e2e/public-api-sweep.spec.ts:176:7 › Public API route sweep › GET /api/notion-image responds without 5xx (119ms)
  ✓  2124 [chromium] › e2e/public-api-sweep.spec.ts:181:7 › Public API route sweep › GET /api/portal/enroll responds without 5xx (39ms)
  ✓  2125 [chromium] › e2e/public-api-sweep.spec.ts:186:7 › Public API route sweep › GET /api/portal/me responds without 5xx (15ms)
  ✓  2126 [chromium] › e2e/public-api-sweep.spec.ts:191:7 › Public API route sweep › GET /api/unsubscribe responds without 5xx (21ms)
  ✓  2128 [chromium] › e2e/pwa-manifest.spec.ts:38:7 › PWA manifest › /manifest.webmanifest serves application/manifest+json (19ms)
  ✓  2129 [chromium] › e2e/pwa-manifest.spec.ts:48:7 › PWA manifest › /api/pwa-manifest is the actual handler and returns valid JSON (29ms)
  ✓  2130 [chromium] › e2e/pwa-manifest.spec.ts:61:7 › PWA manifest › manifest declares 192/512 PNG icons + maskable variant (234ms)
  ✓  2131 [chromium] › e2e/pwa-manifest.spec.ts:72:7 › PWA manifest › manifest shortcuts include core nav targets (34ms)
  ✓  2132 [chromium] › e2e/pwa-manifest.spec.ts:81:7 › PWA manifest › rewrite path matches the API route output byte-for-byte (key fields) (61ms)
  ✓  2127 [chromium] › e2e/public-pages-audit.spec.ts:82:9 › static /en (1.0s)
  ✓  2133 [chromium] › e2e/pwa-manifest.spec.ts:98:7 › PWA manifest › layout.tsx points to the manifest path (824ms)
  ✓  2135 [chromium] › e2e/register-user-flow.spec.ts:36:9 › new-user registration flow › signup page rendering › renders without a plan param (814ms)
  ✓  2134 [chromium] › e2e/public-pages-audit.spec.ts:82:9 › static /en/store (1.1s)
  ✓  2136 [chromium] › e2e/register-user-flow.spec.ts:43:11 › new-user registration flow › signup page rendering › renders for plan=cloud (1.1s)
  ✓  2137 [chromium] › e2e/public-pages-audit.spec.ts:82:9 › static /en/services (1.3s)
  ✓  2138 [chromium] › e2e/register-user-flow.spec.ts:43:11 › new-user registration flow › signup page rendering › renders for plan=serverless (1.0s)
  ✓  2139 [chromium] › e2e/public-pages-audit.spec.ts:82:9 › static /en/blog (1.1s)
  ✓  2140 [chromium] › e2e/register-user-flow.spec.ts:43:11 › new-user registration flow › signup page rendering › renders for plan=analytics (971ms)
  ✓  2141 [chromium] › e2e/public-pages-audit.spec.ts:82:9 › static /en/contact (929ms)
  ✓  2142 [chromium] › e2e/register-user-flow.spec.ts:43:11 › new-user registration flow › signup page rendering › renders for plan=marketing (1.0s)
  ✓  2143 [chromium] › e2e/public-pages-audit.spec.ts:82:9 › static /en/privacy (842ms)
  ✓  2144 [chromium] › e2e/register-user-flow.spec.ts:43:11 › new-user registration flow › signup page rendering › renders for plan=web (864ms)
  ✓  2145 [chromium] › e2e/public-pages-audit.spec.ts:82:9 › static /en/terms (849ms)
  ✓  2146 [chromium] › e2e/register-user-flow.spec.ts:43:11 › new-user registration flow › signup page rendering › renders for plan=hosting (846ms)
  ✓  2147 [chromium] › e2e/public-pages-audit.spec.ts:82:9 › static /en/docs (1.4s)
  ✓  2148 [chromium] › e2e/register-user-flow.spec.ts:43:11 › new-user registration flow › signup page rendering › renders for plan=bundle (746ms)
  ✓  2150 [chromium] › e2e/register-user-flow.spec.ts:49:9 › new-user registration flow › signup page rendering › renders for invalid plan (client-side validator drops it) (799ms)
  ✓  2149 [chromium] › e2e/public-pages-audit.spec.ts:82:9 › static /en/refund (1.1s)
  ✓  2152 [chromium] › e2e/public-pages-audit.spec.ts:82:9 › static /en/cookies (791ms)
  ✓  2153 [chromium] › e2e/public-pages-audit.spec.ts:82:9 › static /en/work (1.1s)
  ✓  2151 [chromium] › e2e/register-user-flow.spec.ts:56:9 › new-user registration flow › waiting room behavior (unauthenticated) › does NOT leak waiting-room content to an unauthenticated visitor (2.5s)
  ✓  2155 [chromium] › e2e/register-user-flow.spec.ts:74:9 › new-user registration flow › waiting room behavior (unauthenticated) › /en/portal/waiting 308-redirects to /portal/waiting (498ms)
  ✓  2154 [chromium] › e2e/public-pages-audit.spec.ts:82:9 › static /en/case-studies (1.2s)
  ✓  2156 [chromium] › e2e/register-user-flow.spec.ts:83:9 › new-user registration flow › API contracts — /api/portal/enroll › unauthenticated POST returns 401 (322ms)
  ✓  2158 [chromium] › e2e/register-user-flow.spec.ts:92:9 › new-user registration flow › API contracts — /api/portal/enroll › authenticated POST with unknown plan returns 400 (17ms)
[WebServer] [portal/enroll] admin notification failed: Error: Email is not configured — set CLOUDFLARE_ACCOUNT_ID + CLOUDFLARE_API_TOKEN (Email Sending) or RESEND_API_KEY
[WebServer]     at sendEmail (src/lib/email.ts:82:9)
[WebServer]     at notifyAdminOfPendingClient (src/app/api/portal/enroll/route.ts:194:20)
[WebServer]     at notify (src/app/api/portal/enroll/route.ts:110:13)
[WebServer]   80 |   }
[WebServer]   81 |
[WebServer] > 82 |   throw new Error(
[WebServer]      |         ^
[WebServer]   83 |     "Email is not configured — set CLOUDFLARE_ACCOUNT_ID + CLOUDFLARE_API_TOKEN (Email Sending) or RESEND_API_KEY"
[WebServer]   84 |   );
[WebServer]   85 | }
[WebServer] [portal/enroll] admin notification failed: Error: Email is not configured — set CLOUDFLARE_ACCOUNT_ID + CLOUDFLARE_API_TOKEN (Email Sending) or RESEND_API_KEY
[WebServer]     at sendEmail (src/lib/email.ts:82:9)
[WebServer]     at notifyAdminOfPendingClient (src/app/api/portal/enroll/route.ts:194:20)
[WebServer]     at notify (src/app/api/portal/enroll/route.ts:110:13)
[WebServer]   80 |   }
[WebServer]   81 |
[WebServer] > 82 |   throw new Error(
[WebServer]      |         ^
[WebServer]   83 |     "Email is not configured — set CLOUDFLARE_ACCOUNT_ID + CLOUDFLARE_API_TOKEN (Email Sending) or RESEND_API_KEY"
[WebServer]   84 |   );
[WebServer]   85 | }
[WebServer] [portal/enroll] admin notification failed: Error: Email is not configured — set CLOUDFLARE_ACCOUNT_ID + CLOUDFLARE_API_TOKEN (Email Sending) or RESEND_API_KEY
[WebServer]     at sendEmail (src/lib/email.ts:82:9)
[WebServer]     at notifyAdminOfPendingClient (src/app/api/portal/enroll/route.ts:194:20)
[WebServer]     at notify (src/app/api/portal/enroll/route.ts:110:13)
[WebServer]   80 |   }
[WebServer]   81 |
[WebServer] > 82 |   throw new Error(
[WebServer]      |         ^
[WebServer]   83 |     "Email is not configured — set CLOUDFLARE_ACCOUNT_ID + CLOUDFLARE_API_TOKEN (Email Sending) or RESEND_API_KEY"
[WebServer]   84 |   );
[WebServer]   85 | }
[WebServer] [portal/enroll] admin notification failed: Error: Email is not configured — set CLOUDFLARE_ACCOUNT_ID + CLOUDFLARE_API_TOKEN (Email Sending) or RESEND_API_KEY
[WebServer]     at sendEmail (src/lib/email.ts:82:9)
[WebServer]     at notifyAdminOfPendingClient (src/app/api/portal/enroll/route.ts:194:20)
[WebServer]     at notify (src/app/api/portal/enroll/route.ts:110:13)
[WebServer]   80 |   }
[WebServer]   81 |
[WebServer] > 82 |   throw new Error(
[WebServer]      |         ^
[WebServer]   83 |     "Email is not configured — set CLOUDFLARE_ACCOUNT_ID + CLOUDFLARE_API_TOKEN (Email Sending) or RESEND_API_KEY"
[WebServer]   84 |   );
[WebServer]   85 | }
[WebServer] [portal/enroll] admin notification failed: Error: Email is not configured — set CLOUDFLARE_ACCOUNT_ID + CLOUDFLARE_API_TOKEN (Email Sending) or RESEND_API_KEY
[WebServer]     at sendEmail (src/lib/email.ts:82:9)
[WebServer]     at notifyAdminOfPendingClient (src/app/api/portal/enroll/route.ts:194:20)
[WebServer]     at notify (src/app/api/portal/enroll/route.ts:110:13)
[WebServer]   80 |   }
[WebServer]   81 |
[WebServer] > 82 |   throw new Error(
[WebServer]      |         ^
[WebServer]   83 |     "Email is not configured — set CLOUDFLARE_ACCOUNT_ID + CLOUDFLARE_API_TOKEN (Email Sending) or RESEND_API_KEY"
[WebServer]   84 |   );
[WebServer]   85 | }
[WebServer] [portal/enroll] admin notification failed: Error: Email is not configured — set CLOUDFLARE_ACCOUNT_ID + CLOUDFLARE_API_TOKEN (Email Sending) or RESEND_API_KEY
[WebServer]     at sendEmail (src/lib/email.ts:82:9)
[WebServer]     at notifyAdminOfPendingClient (src/app/api/portal/enroll/route.ts:194:20)
[WebServer]     at notify (src/app/api/portal/enroll/route.ts:110:13)
[WebServer]   80 |   }
[WebServer]   81 |
[WebServer] > 82 |   throw new Error(
[WebServer]      |         ^
[WebServer]   83 |     "Email is not configured — set CLOUDFLARE_ACCOUNT_ID + CLOUDFLARE_API_TOKEN (Email Sending) or RESEND_API_KEY"
[WebServer]   84 |   );
[WebServer]   85 | }
[WebServer] [portal/enroll] admin notification failed: Error: Email is not configured — set CLOUDFLARE_ACCOUNT_ID + CLOUDFLARE_API_TOKEN (Email Sending) or RESEND_API_KEY
[WebServer]     at sendEmail (src/lib/email.ts:82:9)
[WebServer]     at notifyAdminOfPendingClient (src/app/api/portal/enroll/route.ts:194:20)
[WebServer]     at notify (src/app/api/portal/enroll/route.ts:110:13)
[WebServer]   80 |   }
[WebServer]   81 |
[WebServer] > 82 |   throw new Error(
[WebServer]      |         ^
[WebServer]   83 |     "Email is not configured — set CLOUDFLARE_ACCOUNT_ID + CLOUDFLARE_API_TOKEN (Email Sending) or RESEND_API_KEY"
[WebServer]   84 |   );
[WebServer]   85 | }
  ✓  2159 [chromium] › e2e/register-user-flow.spec.ts:109:9 › new-user registration flow › API contracts — /api/portal/enroll › authenticated POST with each valid plan does not 4xx-validation-fail (467ms)
  ✓  2160 [chromium] › e2e/register-user-flow.spec.ts:127:9 › new-user registration flow › API contracts — /api/portal/me › unauthenticated GET returns 401 (30ms)
  ✓  2161 [chromium] › e2e/register-user-flow.spec.ts:134:9 › new-user registration flow › API contracts — /api/portal/me › authenticated GET returns valid PortalStatus shape (18ms)
  ✓  2162 [chromium] › e2e/register-user-flow.spec.ts:149:9 › new-user registration flow › Cognito provider wiring › next-auth signin endpoint is reachable (137ms)
  ✓  2163 [chromium] › e2e/register-user-flow.spec.ts:158:9 › new-user registration flow › Cognito provider wiring › /api/auth/csrf returns a token (30ms)
  ✓  2157 [chromium] › e2e/public-pages-audit.spec.ts:82:9 › static /el (1.2s)
  ✓  2164 [chromium] › e2e/register-user-flow.spec.ts:169:9 › new-user registration flow › Inbound funnel — /en/services → signup › services page renders and exposes the get-started CTA (1.4s)
  ✓  2165 [chromium] › e2e/public-pages-audit.spec.ts:82:9 › static /el/store (1.1s)
  ✓  2166 [chromium] › e2e/remaining-coverage-deep.spec.mts:61:5 › Dynamic admin APIs — unauthenticated › unauth GET /api/admin/ai/analytics-orchestration/pdf — rejected (295ms)
  ✓  2167 [chromium] › e2e/public-pages-audit.spec.ts:82:9 › static /el/services (1.1s)
  ✓  2168 [chromium] › e2e/remaining-coverage-deep.spec.mts:61:5 › Dynamic admin APIs — unauthenticated › unauth GET /api/admin/calendar/[id] — rejected (1.4s)
  ✓  2170 [chromium] › e2e/remaining-coverage-deep.spec.mts:61:5 › Dynamic admin APIs — unauthenticated › unauth POST /api/admin/calendar/create — rejected (378ms)
  ✓  2169 [chromium] › e2e/public-pages-audit.spec.ts:82:9 › static /el/blog (1.0s)
  ✓  2172 [chromium] › e2e/public-pages-audit.spec.ts:82:9 › static /el/contact (1.2s)
  ✓  2171 [chromium] › e2e/remaining-coverage-deep.spec.mts:61:5 › Dynamic admin APIs — unauthenticated › unauth GET /api/admin/email/campaigns/[id] — rejected (1.3s)
  ✓  2174 [chromium] › e2e/remaining-coverage-deep.spec.mts:61:5 › Dynamic admin APIs — unauthenticated › unauth GET /api/admin/oauth/tiktok/callback — rejected (457ms)
  ✓  2173 [chromium] › e2e/public-pages-audit.spec.ts:82:9 › static /el/privacy (1.2s)
  ✓  2175 [chromium] › e2e/remaining-coverage-deep.spec.mts:61:5 › Dynamic admin APIs — unauthenticated › unauth GET /api/admin/ops/errors/[id] — rejected (1.2s)
  ✓  2176 [chromium] › e2e/public-pages-audit.spec.ts:82:9 › static /el/terms (894ms)
  ✓  2177 [chromium] › e2e/remaining-coverage-deep.spec.mts:61:5 › Dynamic admin APIs — unauthenticated › unauth POST /api/admin/pipeline/deals/[id]/move — rejected (1.1s)
  ✓  2178 [chromium] › e2e/public-pages-audit.spec.ts:82:9 › static /el/docs (1.5s)
  ✓  2179 [chromium] › e2e/remaining-coverage-deep.spec.mts:61:5 › Dynamic admin APIs — unauthenticated › unauth GET /api/admin/pipeline/deals/[id]/notes — rejected (1.2s)
  ✓  2180 [chromium] › e2e/public-pages-audit.spec.ts:82:9 › static /el/refund (789ms)
  ✓  2181 [chromium] › e2e/remaining-coverage-deep.spec.mts:61:5 › Dynamic admin APIs — unauthenticated › unauth GET /api/admin/reports/[id] — rejected (1.1s)
  ✓  2182 [chromium] › e2e/public-pages-audit.spec.ts:82:9 › static /el/cookies (855ms)
  ✓  2183 [chromium] › e2e/remaining-coverage-deep.spec.mts:61:5 › Dynamic admin APIs — unauthenticated › unauth GET /api/admin/reports/[id]/pdf — rejected (1.4s)
  ✓  2184 [chromium] › e2e/public-pages-audit.spec.ts:82:9 › static /el/work (1.3s)
  ✓  2185 [chromium] › e2e/remaining-coverage-deep.spec.mts:61:5 › Dynamic admin APIs — unauthenticated › unauth POST /api/admin/reports/generate — rejected (498ms)
  ✓  2187 [chromium] › e2e/remaining-coverage-deep.spec.mts:80:5 › Dynamic admin APIs — authenticated › auth GET /api/admin/ai/analytics-orchestration/pdf — non-5xx (190ms)
  ✓  2186 [chromium] › e2e/public-pages-audit.spec.ts:82:9 › static /el/case-studies (849ms)
  ✓  2188 [chromium] › e2e/remaining-coverage-deep.spec.mts:80:5 › Dynamic admin APIs — authenticated › auth GET /api/admin/calendar/[id] — non-5xx (394ms)
  ✓  2190 [chromium] › e2e/remaining-coverage-deep.spec.mts:80:5 › Dynamic admin APIs — authenticated › auth POST /api/admin/calendar/create — non-5xx (369ms)
  ✓  2191 [chromium] › e2e/remaining-coverage-deep.spec.mts:80:5 › Dynamic admin APIs — authenticated › auth GET /api/admin/email/campaigns/[id] — non-5xx (514ms)
  ✓  2192 [chromium] › e2e/remaining-coverage-deep.spec.mts:80:5 › Dynamic admin APIs — authenticated › auth GET /api/admin/oauth/tiktok/callback — non-5xx (227ms)
  ✓  2189 [chromium] › e2e/public-pages-audit.spec.ts:82:9 › static /fr (1.4s)
  ✓  2193 [chromium] › e2e/remaining-coverage-deep.spec.mts:80:5 › Dynamic admin APIs — authenticated › auth GET /api/admin/ops/errors/[id] — non-5xx (381ms)
  ✓  2195 [chromium] › e2e/remaining-coverage-deep.spec.mts:80:5 › Dynamic admin APIs — authenticated › auth POST /api/admin/pipeline/deals/[id]/move — non-5xx (564ms)
  ✓  2196 [chromium] › e2e/remaining-coverage-deep.spec.mts:80:5 › Dynamic admin APIs — authenticated › auth GET /api/admin/pipeline/deals/[id]/notes — non-5xx (416ms)
  ✓  2194 [chromium] › e2e/public-pages-audit.spec.ts:82:9 › static /fr/store (1.5s)
  ✓  2197 [chromium] › e2e/remaining-coverage-deep.spec.mts:80:5 › Dynamic admin APIs — authenticated › auth GET /api/admin/reports/[id] — non-5xx (579ms)
  ✓  2199 [chromium] › e2e/remaining-coverage-deep.spec.mts:80:5 › Dynamic admin APIs — authenticated › auth GET /api/admin/reports/[id]/pdf — non-5xx (819ms)
  ✓  2200 [chromium] › e2e/remaining-coverage-deep.spec.mts:80:5 › Dynamic admin APIs — authenticated › auth POST /api/admin/reports/generate — non-5xx (380ms)
  ✓  2198 [chromium] › e2e/public-pages-audit.spec.ts:82:9 › static /fr/services (1.8s)
  ✓  2202 [chromium] › e2e/public-pages-audit.spec.ts:82:9 › static /fr/blog (1.0s)
  ✓  2203 [chromium] › e2e/public-pages-audit.spec.ts:82:9 › static /fr/contact (983ms)
  ✓  2201 [chromium] › e2e/remaining-coverage-deep.spec.mts:90:1 › /en/admin/reports/[id] — dynamic page renders with auth (3.3s)
  ✓  2204 [chromium] › e2e/public-pages-audit.spec.ts:82:9 › static /fr/privacy (1.1s)
  ✓  2206 [chromium] › e2e/public-pages-audit.spec.ts:82:9 › static /fr/terms (1.1s)
  ✓  2205 [chromium] › e2e/remaining-coverage-deep.spec.mts:99:1 › /en/admin/reports/[id] — without auth redirects (1.9s)
  ✓  2207 [chromium] › e2e/public-pages-audit.spec.ts:82:9 › static /fr/docs (1.8s)
  ✘  2208 [chromium] › e2e/remaining-coverage-deep.spec.mts:105:1 › GET / — root redirect or render (2.0s)
  ✓  2209 [chromium] › e2e/public-pages-audit.spec.ts:82:9 › static /fr/refund (1.0s)
  ✓  2210 [chromium] › e2e/public-pages-audit.spec.ts:82:9 › static /fr/cookies (755ms)
  ✓  2212 [chromium] › e2e/public-pages-audit.spec.ts:82:9 › static /fr/work (1.3s)
  ✘  2211 [chromium] › e2e/remaining-coverage-deep.spec.mts:105:1 › GET / — root redirect or render (retry #1) (2.4s)
  ✓  2213 [chromium] › e2e/public-pages-audit.spec.ts:82:9 › static /fr/case-studies (1.1s)
  ✓  2214 [chromium] › e2e/public-pages-audit.spec.ts:82:9 › static /de (1.7s)
  ✓  2215 [chromium] › e2e/remaining-coverage-deep.spec.mts:112:1 › GET /icons/[name] — generated icon served (2.4s)
  ✓  2216 [chromium] › e2e/public-pages-audit.spec.ts:82:9 › static /de/store (1.7s)
  ✓  2217 [chromium] › e2e/remaining-coverage-deep.spec.mts:128:1 › HEAD / — server responds at root path (456ms)
  ✓  2218 [chromium] › e2e/public-pages-audit.spec.ts:82:9 › static /de/services (2.2s)
  ✓  2219 [chromium] › e2e/route-audit.spec.ts:52:7 › audit /en (2.2s)
  ✓  2221 [chromium] › e2e/route-audit.spec.ts:52:7 › audit /en/store (1.8s)
  ✓  2220 [chromium] › e2e/public-pages-audit.spec.ts:82:9 › static /de/blog (1.9s)
  ✓  2222 [chromium] › e2e/route-audit.spec.ts:52:7 › audit /en/services (2.1s)
  ✓  2223 [chromium] › e2e/public-pages-audit.spec.ts:82:9 › static /de/contact (2.3s)
  ✓  2224 [chromium] › e2e/route-audit.spec.ts:52:7 › audit /en/blog (1.3s)
  ✓  2225 [chromium] › e2e/public-pages-audit.spec.ts:82:9 › static /de/privacy (1.2s)
  ✓  2226 [chromium] › e2e/route-audit.spec.ts:52:7 › audit /en/contact (1.1s)
  ✓  2227 [chromium] › e2e/public-pages-audit.spec.ts:82:9 › static /de/terms (1.1s)
  ✓  2228 [chromium] › e2e/route-audit.spec.ts:52:7 › audit /en/privacy (1.1s)
  ✓  2229 [chromium] › e2e/public-pages-audit.spec.ts:82:9 › static /de/docs (1.6s)
  ✓  2230 [chromium] › e2e/route-audit.spec.ts:52:7 › audit /en/terms (859ms)
  ✓  2231 [chromium] › e2e/public-pages-audit.spec.ts:82:9 › static /de/refund (1.3s)
  ✓  2232 [chromium] › e2e/route-audit.spec.ts:52:7 › audit /en/docs (1.2s)
  ✓  2234 [chromium] › e2e/route-audit.spec.ts:52:7 › audit /en/refund (988ms)
  ✓  2233 [chromium] › e2e/public-pages-audit.spec.ts:82:9 › static /de/cookies (1.3s)
  ✓  2235 [chromium] › e2e/route-audit.spec.ts:52:7 › audit /en/cookies (1.0s)
  ✓  2236 [chromium] › e2e/public-pages-audit.spec.ts:82:9 › static /de/work (1.1s)
  ✓  2237 [chromium] › e2e/route-audit.spec.ts:52:7 › audit /en/auth/login (939ms)
  ✓  2238 [chromium] › e2e/public-pages-audit.spec.ts:82:9 › static /de/case-studies (1.1s)
  ✓  2239 [chromium] › e2e/route-audit.spec.ts:52:7 › audit /en/auth/signup (1.1s)
[WebServer] [auth-db-local] Using local D1 sqlite
  ✓  2241 [chromium] › e2e/route-audit.spec.ts:52:7 › audit /en/auth/forgot-password (909ms)
  ✓  2240 [chromium] › e2e/public-pages-audit.spec.ts:138:7 › dynamic /en/blog/:slug (2.4s)
  ✓  2242 [chromium] › e2e/route-audit.spec.ts:52:7 › audit /el (1.0s)
  ✓  2244 [chromium] › e2e/route-audit.spec.ts:52:7 › audit /fr (1.3s)
[WebServer] [auth-db-local] Using local D1 sqlite
  ✓  2245 [chromium] › e2e/route-audit.spec.ts:52:7 › audit /de (1.1s)
  ✓  2243 [chromium] › e2e/public-pages-audit.spec.ts:138:7 › dynamic /en/case-studies/:slug (3.2s)
  ✓  2246 [chromium] › e2e/route-audit.spec.ts:52:7 › audit /el/store (996ms)
[WebServer] [auth-db-local] Using local D1 sqlite
  ✓  2248 [chromium] › e2e/route-audit.spec.ts:52:7 › audit /el/services (1.4s)
  ✓  2249 [chromium] › e2e/route-audit.spec.ts:52:7 › audit /el/blog (1.1s)
  ✓  2250 [chromium] › e2e/route-audit.spec.ts:52:7 › audit /fr/store (991ms)
  ✓  2251 [chromium] › e2e/route-audit.spec.ts:52:7 › audit /de/store (1.1s)
  ✓  2247 [chromium] › e2e/public-pages-audit.spec.ts:138:7 › dynamic /en/docs/:slug (5.2s)
  ✓  2252 [chromium] › e2e/route-audit.spec.ts:52:7 › audit /portal/waiting (426ms)
  ✓  2253 [chromium] › e2e/public-pages-audit.spec.ts:138:7 › dynamic /en/store/:id (849ms)
  ✓  2254 [chromium] › e2e/route-audit.spec.ts:52:7 › audit / (600ms)
  ✓  2256 [chromium] › e2e/route-audit.spec.ts:52:7 › audit /store (716ms)
  ✓  2257 [chromium] › e2e/route-audit.spec.ts:52:7 › audit /services (2.2s)
  ✓  2255 [chromium] › e2e/public-pages-audit.spec.ts:138:7 › dynamic /en/store/success (4.1s)

=== ROUTE AUDIT: All clean ===

  ✓  2258 [chromium] › e2e/route-audit.spec.ts:52:7 › audit /blog (1.8s)
  ✘  2260 [chromium] › e2e/security-headers.spec.ts:18:7 › security headers — cloud › HSTS preload-eligible (350ms)
  ✘  2261 [chromium] › e2e/security-headers.spec.ts:18:7 › security headers — cloud › HSTS preload-eligible (retry #1) (355ms)
  ✘  2262 [chromium] › e2e/security-headers.spec.ts:26:7 › security headers — cloud › X-Content-Type-Options nosniff (340ms)
  ✘  2263 [chromium] › e2e/security-headers.spec.ts:26:7 › security headers — cloud › X-Content-Type-Options nosniff (retry #1) (353ms)
  ✓  2259 [chromium] › e2e/public-pages-audit.spec.ts:138:7 › dynamic /portal/:token (4.3s)
  ✘  2264 [chromium] › e2e/security-headers.spec.ts:31:7 › security headers — cloud › X-Frame-Options DENY (343ms)
  ✓  2265 [chromium] › e2e/public-pages-audit.spec.ts:160:7 › auth /en/auth/login (908ms)
  ✘  2266 [chromium] › e2e/security-headers.spec.ts:31:7 › security headers — cloud › X-Frame-Options DENY (retry #1) (358ms)
  ✓  2267 [chromium] › e2e/public-pages-audit.spec.ts:160:7 › auth /en/auth/signup (707ms)
  ✘  2268 [chromium] › e2e/security-headers.spec.ts:36:7 › security headers — cloud › Referrer-Policy strict (350ms)
  ✓  2269 [chromium] › e2e/public-pages-audit.spec.ts:160:7 › auth /en/auth/forgot-password (562ms)

=== PUBLIC PAGE AUDIT: All clean ✓ ===

  ✘  2270 [chromium] › e2e/public-pages-audit.spec.ts:175:5 › root / redirects to a locale prefix (507ms)
  ✘  2271 [chromium] › e2e/security-headers.spec.ts:36:7 › security headers — cloud › Referrer-Policy strict (retry #1) (487ms)
  ✓  2273 [chromium] › e2e/security-headers.spec.ts:41:7 › security headers — cloud › X-Powered-By header is suppressed (339ms)
  ✘  2274 [chromium] › e2e/security-headers.spec.ts:48:7 › security headers — cloud › Permissions-Policy hard-blocks 24 features (post-audit hardening) (19ms)
  ✘  2275 [chromium] › e2e/security-headers.spec.ts:48:7 › security headers — cloud › Permissions-Policy hard-blocks 24 features (post-audit hardening) (retry #1) (365ms)
  ✓  2272 [chromium] › e2e/public-pages-audit.spec.ts:82:9 › static /en (retry #1) (1.2s)
  ✘  2277 [chromium] › e2e/security-headers.spec.ts:74:7 › security headers — cloud › CSP header is set with all expected directives (348ms)
  ✓  2276 [chromium] › e2e/public-pages-audit.spec.ts:82:9 › static /en/store (retry #1) (1.1s)
  ✘  2279 [chromium] › e2e/security-headers.spec.ts:74:7 › security headers — cloud › CSP header is set with all expected directives (retry #1) (445ms)
  ✓  2278 [chromium] › e2e/public-pages-audit.spec.ts:82:9 › static /en/services (retry #1) (1.2s)
  ✘  2280 [chromium] › e2e/security-headers.spec.ts:93:7 › security headers — cloud › CSP allows Google Analytics and GTM hosts (344ms)
  ✘  2282 [chromium] › e2e/security-headers.spec.ts:93:7 › security headers — cloud › CSP allows Google Analytics and GTM hosts (retry #1) (370ms)
  ✓  2281 [chromium] › e2e/public-pages-audit.spec.ts:82:9 › static /en/blog (retry #1) (1.2s)
  ✘  2284 [chromium] › e2e/security-headers.spec.ts:103:7 › security headers — cloud › CSP allows LinkedIn Insight Tag hosts (340ms)
  ✓  2283 [chromium] › e2e/public-pages-audit.spec.ts:82:9 › static /en/contact (retry #1) (1.1s)
  ✘  2285 [chromium] › e2e/security-headers.spec.ts:103:7 › security headers — cloud › CSP allows LinkedIn Insight Tag hosts (retry #1) (457ms)
  ✓  2286 [chromium] › e2e/public-pages-audit.spec.ts:82:9 › static /en/privacy (retry #1) (991ms)
  ✘  2287 [chromium] › e2e/security-headers.spec.ts:110:7 › security headers — cloud › Report-To header advertises the csp-endpoint group (478ms)
  ✓  2288 [chromium] › e2e/public-pages-audit.spec.ts:82:9 › static /en/terms (retry #1) (1.0s)
  ✘  2289 [chromium] › e2e/security-headers.spec.ts:110:7 › security headers — cloud › Report-To header advertises the csp-endpoint group (retry #1) (357ms)
[WebServer] [csp-violation] dir=script-src blocked=https://evil.example/x.js source=? doc=http://localhost:4000/en disp=report
  ✓  2291 [chromium] › e2e/security-headers.spec.ts:120:7 › security headers — cloud › CSP report endpoint accepts violation reports (204) (358ms)
[WebServer] [csp-violation] dir=img-src blocked=https://tracker.example/p.gif source=? doc=http://localhost:4000/en disp=enforce
  ✓  2292 [chromium] › e2e/security-headers.spec.ts:135:7 › security headers — cloud › CSP report endpoint accepts modern Reporting-API payload (204) (34ms)
  ✓  2290 [chromium] › e2e/public-pages-audit.spec.ts:82:9 › static /en/docs (retry #1) (1.3s)
  ✓  2293 [chromium] › e2e/security-headers.spec.ts:159:7 › static assets — not locale-prefixed › /_next/static CSS from homepage is 200 text/css (no locale redirect) (375ms)
  ✓  2295 [chromium] › e2e/store-checkout-edges.spec.ts:22:7 › /api/checkout malformed bodies › missing productId is rejected with 4xx (22ms)
  ✓  2296 [chromium] › e2e/store-checkout-edges.spec.ts:28:7 › /api/checkout malformed bodies › non-string productId is rejected with 4xx (26ms)
  ✓  2297 [chromium] › e2e/store-checkout-edges.spec.ts:36:7 › /api/checkout malformed bodies › excessively long productId does not 5xx (226ms)
  ✓  2298 [chromium] › e2e/store-checkout-edges.spec.ts:46:7 › /api/checkout malformed bodies › array productId is rejected with 4xx (47ms)
  ✓  2299 [chromium] › e2e/store-checkout-edges.spec.ts:56:7 › /api/checkout rapid-fire › 5 rapid requests all resolve with < 500 (397ms)
  ✓  2294 [chromium] › e2e/public-pages-audit.spec.ts:82:9 › static /en/refund (retry #1) (1.2s)
  ✓  2300 [chromium] › e2e/store-checkout-edges.spec.ts:72:7 › /store success + 404 pages › /en/store/success?session_id=invalid renders without 5xx (966ms)
  ✓  2301 [chromium] › e2e/public-pages-audit.spec.ts:82:9 › static /en/cookies (retry #1) (1.0s)
  ✓  2302 [chromium] › e2e/store-checkout-edges.spec.ts:82:7 › /store success + 404 pages › /en/store/success with no query renders without 5xx (797ms)
  ✓  2304 [chromium] › e2e/store-checkout-edges.spec.ts:92:7 › /store success + 404 pages › /en/store/[unknown-id] resolves cleanly (404 or 200 with not-found UI) (874ms)
  ✓  2303 [chromium] › e2e/public-pages-audit.spec.ts:82:9 › static /en/work (retry #1) (1.7s)
  ✓  2305 [chromium] › e2e/style.spec.ts:60:7 › Navbar style › sticky header renders with neon-cyan accent bar (1.2s)
  ✓  2306 [chromium] › e2e/public-pages-audit.spec.ts:82:9 › static /en/case-studies (retry #1) (1.3s)
  ✓  2307 [chromium] › e2e/style.spec.ts:80:7 › Navbar style › logo link is visible and points to homepage (1.0s)
  ✓  2308 [chromium] › e2e/public-pages-audit.spec.ts:82:9 › static /el (retry #1) (1.3s)
  ✓  2309 [chromium] › e2e/style.spec.ts:91:7 › Navbar style › desktop nav links are visible at ≥1024px (1.0s)
  ✓  2310 [chromium] › e2e/public-pages-audit.spec.ts:82:9 › static /el/store (retry #1) (1.2s)
  ✓  2311 [chromium] › e2e/style.spec.ts:104:7 › Navbar style › mobile hamburger opens the nav at 390px (1.3s)
  ✓  2313 [chromium] › e2e/style.spec.ts:120:7 › Background colour (design tokens) › body background resolves to --surface-canvas (not transparent/white) (887ms)
  ✓  2312 [chromium] › e2e/public-pages-audit.spec.ts:82:9 › static /el/services (retry #1) (1.8s)
  ✓  2314 [chromium] › e2e/style.spec.ts:130:7 › Background colour (design tokens) › default theme uses surface-canvas and color-void tokens (829ms)
  ✓  2315 [chromium] › e2e/public-pages-audit.spec.ts:82:9 › static /el/blog (retry #1) (1.5s)
  ✓  2316 [chromium] › e2e/style.spec.ts:140:7 › Background colour (design tokens) › picking Dark theme sets data-theme=dark and darkens canvas (1.5s)
  ✓  2317 [chromium] › e2e/public-pages-audit.spec.ts:82:9 › static /el/contact (retry #1) (1.3s)
  ✓  2318 [chromium] › e2e/style.spec.ts:172:7 › Background colour (design tokens) › picking Light theme sets data-theme=light and brightens canvas (1.4s)
  ✓  2319 [chromium] › e2e/public-pages-audit.spec.ts:82:9 › static /el/privacy (retry #1) (1.0s)
  ✓  2320 [chromium] › e2e/style.spec.ts:208:7 › Neon accent colours › services page has cyan, magenta, and green accented service cards (1.1s)
  ✓  2321 [chromium] › e2e/public-pages-audit.spec.ts:82:9 › static /el/terms (retry #1) (1.1s)
  ✓  2322 [chromium] › e2e/style.spec.ts:225:7 › Neon accent colours › homepage has at least one neon-cyan accented element (864ms)
  ✓  2324 [chromium] › e2e/style.spec.ts:234:7 › Neon accent colours › blog page category badges use neon colour classes (1.1s)
  ✓  2323 [chromium] › e2e/public-pages-audit.spec.ts:82:9 › static /el/docs (retry #1) (1.5s)
  ✓  2325 [chromium] › e2e/style.spec.ts:243:7 › Neon accent colours › --color-neon-cyan Tailwind token is set (993ms)
  ✓  2326 [chromium] › e2e/public-pages-audit.spec.ts:82:9 › static /el/refund (retry #1) (1.2s)
  ✓  2327 [chromium] › e2e/style.spec.ts:253:7 › Footer style › footer is present with a top border class (1.3s)
  ✓  2328 [chromium] › e2e/public-pages-audit.spec.ts:82:9 › static /el/cookies (retry #1) (1.2s)
  ✓  2329 [chromium] › e2e/style.spec.ts:261:7 › Footer style › footer logo link is visible (940ms)
  ✓  2330 [chromium] › e2e/public-pages-audit.spec.ts:82:9 › static /el/work (retry #1) (1.2s)
  ✓  2331 [chromium] › e2e/style.spec.ts:271:7 › Footer style › footer has navigate, services, and legal column headings (965ms)
  ✓  2332 [chromium] › e2e/public-pages-audit.spec.ts:82:9 › static /el/case-studies (retry #1) (1.2s)
  ✓  2333 [chromium] › e2e/style.spec.ts:284:7 › Typography › h1 uses Instrument Sans (heading font) (1.1s)
  ✓  2335 [chromium] › e2e/style.spec.ts:294:7 › Typography › body text uses Work Sans or system sans-serif fallback (1.1s)
  ✓  2334 [chromium] › e2e/public-pages-audit.spec.ts:82:9 › static /fr (retry #1) (1.5s)
  ✓  2336 [chromium] › e2e/style.spec.ts:304:7 › Typography › mono elements use Geist Mono or a monospace fallback (1.1s)
  ✓  2337 [chromium] › e2e/public-pages-audit.spec.ts:82:9 › static /fr/store (retry #1) (1.3s)
  ✓  2338 [chromium] › e2e/style.spec.ts:321:7 › CSS / asset loading › no CSS or font requests return 4xx (2.1s)
  ✓  2339 [chromium] › e2e/public-pages-audit.spec.ts:82:9 › static /fr/services (retry #1) (1.5s)
  ✓  2341 [chromium] › e2e/public-pages-audit.spec.ts:82:9 › static /fr/blog (retry #1) (1.4s)
  ✓  2340 [chromium] › e2e/style.spec.ts:336:7 › CSS / asset loading › no JS chunk requests return 4xx on homepage (1.9s)
  ✓  2343 [chromium] › e2e/style.spec.ts:348:7 › CSS / asset loading › no console errors related to CSS or styles (721ms)
  ✓  2342 [chromium] › e2e/public-pages-audit.spec.ts:82:9 › static /fr/contact (retry #1) (1.1s)
  ✓  2344 [chromium] › e2e/style.spec.ts:377:9 › Page-level style integrity › /en — h1 is visible and styled (1.3s)
  ✓  2345 [chromium] › e2e/public-pages-audit.spec.ts:82:9 › static /fr/privacy (retry #1) (1.2s)
  ✓  2346 [chromium] › e2e/style.spec.ts:377:9 › Page-level style integrity › /en/services — h1 is visible and styled (1.4s)
  ✓  2347 [chromium] › e2e/public-pages-audit.spec.ts:82:9 › static /fr/terms (retry #1) (1.4s)
  ✓  2348 [chromium] › e2e/style.spec.ts:377:9 › Page-level style integrity › /en/contact — h1 is visible and styled (1.1s)
  ✓  2349 [chromium] › e2e/public-pages-audit.spec.ts:82:9 › static /fr/docs (retry #1) (1.4s)
  ✓  2350 [chromium] › e2e/style.spec.ts:377:9 › Page-level style integrity › /en/work — h1 is visible and styled (1.2s)
  ✓  2351 [chromium] › e2e/public-pages-audit.spec.ts:82:9 › static /fr/refund (retry #1) (972ms)
  ✓  2352 [chromium] › e2e/style.spec.ts:377:9 › Page-level style integrity › /en/blog — h1 is visible and styled (1.2s)
  ✓  2353 [chromium] › e2e/public-pages-audit.spec.ts:82:9 › static /fr/cookies (retry #1) (1.0s)
  ✓  2354 [chromium] › e2e/style.spec.ts:390:7 › Page-level style integrity › /en/services page renders at least 4 service card numbers (1.3s)
  ✓  2355 [chromium] › e2e/public-pages-audit.spec.ts:82:9 › static /fr/work (retry #1) (1.3s)
  ✓  2356 [chromium] › e2e/style.spec.ts:405:7 › Page-level style integrity › /en/contact page renders the contact form (1.0s)
  ✓  2358 [chromium] › e2e/test-mcp-servers.spec.mts:45:3 › MCP Server Configuration › OpenNextjs MCP configuration is valid in mcp.json (5ms)
  ✓  2359 [chromium] › e2e/test-mcp-servers.spec.mts:84:3 › MCP Server Configuration › Cloudflare Pages MCP configuration is valid (2ms)
  -  2360 [chromium] › e2e/test-mcp-servers.spec.mts:113:3 › Workers MCP Integration › Workers health endpoint validates Cloudflare deployment
  -  2361 [chromium] › e2e/test-mcp-servers.spec.mts:133:3 › Workers MCP Integration › Workers config endpoint exposes D1 configuration
  -  2362 [chromium] › e2e/test-mcp-servers.spec.mts:146:3 › Workers MCP Integration › Workers auth session endpoint returns properly
  ✓  2363 [chromium] › e2e/test-mcp-servers.spec.mts:166:3 › OpenNext.js Configuration › wrangler.jsonc exists and is valid (2ms)
  ✘  2364 [chromium] › e2e/test-mcp-servers.spec.mts:189:3 › OpenNext.js Configuration › open-next.config.ts exists and is valid (2ms)
  ✓  2357 [chromium] › e2e/public-pages-audit.spec.ts:82:9 › static /fr/case-studies (retry #1) (1.1s)
  ✘  2366 [chromium] › e2e/test-mcp-servers.spec.mts:189:3 › OpenNext.js Configuration › open-next.config.ts exists and is valid (retry #1) (17ms)
  ✓  2367 [chromium] › e2e/test-mcp-servers.spec.mts:204:3 › OpenNext.js Configuration › Next.js version is compatible with OpenNext.js (7ms)
  -  2368 [chromium] › e2e/test-mcp-servers.spec.mts:225:3 › Playwright MCP Browser Integration › browser can navigate to cloudless.gr homepage
  ✓  2365 [chromium] › e2e/public-pages-audit.spec.ts:82:9 › static /de (retry #1) (1.2s)
  -  2369 [chromium] › e2e/test-mcp-servers.spec.mts:239:3 › Playwright MCP Browser Integration › browser can access API health endpoint
  -  2371 [chromium] › e2e/test-mcp-servers.spec.mts:252:3 › Playwright MCP Browser Integration › browser can verify OpenNext.js assets loading
  -  2372 [chromium] › e2e/test-mcp-servers.spec.mts:280:3 › MCP Tools Integration › OpenNextjs MCP tools can be invoked via CLI
  ✓  2373 [chromium] › e2e/test-mcp-servers.spec.mts:303:3 › MCP Tools Integration › MCP server tools are properly registered in configuration (3ms)
  -  2374 [chromium] › e2e/test-mcp-servers.spec.mts:325:3 › Cloudflare Tunnel Integration › tunnel endpoints are accessible via Cloudflare
  -  2375 [chromium] › e2e/test-mcp-servers.spec.mts:363:3 › MCP Integration Smoke Test › full MCP workflow: validate config -> check health -> deploy capability
  ✓  2370 [chromium] › e2e/public-pages-audit.spec.ts:82:9 › static /de/store (retry #1) (1.2s)
  ✓  2376 [chromium] › e2e/theme-switcher.spec.ts:20:7 › ThemeSwitcher (desktop popover) › renders next to the LocaleSwitcher and opens a 3-option list (1.5s)
  ✓  2377 [chromium] › e2e/public-pages-audit.spec.ts:82:9 › static /de/services (retry #1) (1.4s)
  ✓  2379 [chromium] › e2e/public-pages-audit.spec.ts:82:9 › static /de/blog (retry #1) (1.2s)
  ✓  2380 [chromium] › e2e/public-pages-audit.spec.ts:82:9 › static /de/contact (retry #1) (970ms)
  ✓  2381 [chromium] › e2e/public-pages-audit.spec.ts:82:9 › static /de/privacy (retry #1) (912ms)
  ✓  2382 [chromium] › e2e/public-pages-audit.spec.ts:82:9 › static /de/terms (retry #1) (1.2s)
  ✓  2383 [chromium] › e2e/public-pages-audit.spec.ts:82:9 › static /de/docs (retry #1) (1.1s)
  ✓  2384 [chromium] › e2e/public-pages-audit.spec.ts:82:9 › static /de/refund (retry #1) (913ms)
  ✓  2385 [chromium] › e2e/public-pages-audit.spec.ts:82:9 › static /de/cookies (retry #1) (890ms)
  ✓  2386 [chromium] › e2e/public-pages-audit.spec.ts:82:9 › static /de/work (retry #1) (1.7s)
  ✓  2387 [chromium] › e2e/public-pages-audit.spec.ts:82:9 › static /de/case-studies (retry #1) (887ms)
[WebServer] [auth-db-local] Using local D1 sqlite
  ✓  2388 [chromium] › e2e/public-pages-audit.spec.ts:138:7 › dynamic /en/blog/:slug (retry #1) (1.2s)
[WebServer] [auth-db-local] Using local D1 sqlite
  ✓  2389 [chromium] › e2e/public-pages-audit.spec.ts:138:7 › dynamic /en/case-studies/:slug (retry #1) (1.1s)
[WebServer] [auth-db-local] Using local D1 sqlite
  ✓  2390 [chromium] › e2e/public-pages-audit.spec.ts:138:7 › dynamic /en/docs/:slug (retry #1) (3.9s)
  ✓  2391 [chromium] › e2e/public-pages-audit.spec.ts:138:7 › dynamic /en/store/:id (retry #1) (1.6s)
  ✓  2392 [chromium] › e2e/public-pages-audit.spec.ts:138:7 › dynamic /en/store/success (retry #1) (1.0s)
  ✓  2393 [chromium] › e2e/public-pages-audit.spec.ts:138:7 › dynamic /portal/:token (retry #1) (761ms)
  ✓  2394 [chromium] › e2e/public-pages-audit.spec.ts:160:7 › auth /en/auth/login (retry #1) (928ms)
  ✓  2395 [chromium] › e2e/public-pages-audit.spec.ts:160:7 › auth /en/auth/signup (retry #1) (832ms)
  ✓  2396 [chromium] › e2e/public-pages-audit.spec.ts:160:7 › auth /en/auth/forgot-password (retry #1) (844ms)

=== PUBLIC PAGE AUDIT: All clean ✓ ===

  ✘  2397 [chromium] › e2e/public-pages-audit.spec.ts:175:5 › root / redirects to a locale prefix (retry #1) (1.9s)
  ✓  2398 [chromium] › e2e/theme-switcher.spec.ts:52:7 › ThemeSwitcher (desktop popover) › picking Dark writes localStorage and applies data-theme=dark (1.5s)
  ✓  2399 [chromium] › e2e/theme-switcher.spec.ts:73:7 › ThemeSwitcher (desktop popover) › the choice survives a reload (2.8s)
  ✓  2400 [chromium] › e2e/theme-switcher.spec.ts:102:7 › ThemeSwitcher (mobile inline) › appears as a 3-radio group inside the mobile menu (1.7s)
  ✓  2401 [chromium] › e2e/ui/components/button.spec.ts:21:7 › Button Component › should render different button variants (22.3s)
  ✘  2402 [chromium] › e2e/ui/components/button.spec.ts:43:7 › Button Component › should have proper button states (2.5s)
  ✘  2378 [chromium] › e2e/theme-switcher.spec.ts:33:7 › ThemeSwitcher (desktop popover) › picking Light writes localStorage and applies data-theme=light (1.0m)
  ✘  2403 [chromium] › e2e/ui/components/button.spec.ts:43:7 › Button Component › should have proper button states (retry #1) (3.1s)
  ✘  2405 [chromium] › e2e/ui/components/button.spec.ts:76:7 › Button Component › should have accessible button labels (22.4s)
  ✘  2406 [chromium] › e2e/ui/components/button.spec.ts:76:7 › Button Component › should have accessible button labels (retry #1) (23.0s)
  ✓  2407 [chromium] › e2e/ui/components/button.spec.ts:108:9 › Button Component › Button Types › should render submit buttons correctly (2.3s)
  ✓  2408 [chromium] › e2e/ui/components/button.spec.ts:125:9 › Button Component › Button Types › should render button links correctly (2.3s)
  ✓  2409 [chromium] › e2e/ui/components/button.spec.ts:148:9 › Button Component › Button Types › should render icon buttons correctly (2.3s)
  ✓  2410 [chromium] › e2e/ui/components/button.spec.ts:171:9 › Button Component › Button States › should show loading state when disabled (2.3s)
  ✓  2411 [chromium] › e2e/ui/components/button.spec.ts:195:9 › Button Component › Button States › should be disabled when in loading state (2.8s)
  ✘  2404 [chromium] › e2e/theme-switcher.spec.ts:33:7 › ThemeSwitcher (desktop popover) › picking Light writes localStorage and applies data-theme=light (retry #1) (1.0m)
  ✘  2412 [chromium] › e2e/ui/components/button.spec.ts:228:9 › Button Component › Responsive Design › should render correctly on mobile (24.8s)
  ✘  2413 [chromium] › e2e/ui/components/button.spec.ts:257:9 › Button Component › Responsive Design › should render correctly on tablet (24.8s)
  ✘  2414 [chromium] › e2e/ui/components/button.spec.ts:228:9 › Button Component › Responsive Design › should render correctly on mobile (retry #1) (24.7s)
  ✘  2415 [chromium] › e2e/ui/components/button.spec.ts:257:9 › Button Component › Responsive Design › should render correctly on tablet (retry #1) (24.7s)
  ✓  2416 [chromium] › e2e/ui/components/button.spec.ts:276:9 › Button Component › Responsive Design › should render correctly on desktop (4.2s)
  ✓  2418 [chromium] › e2e/ui/components/button.spec.ts:297:9 › Button Component › Accessibility › should have sufficient color contrast (2.8s)
  ✘  2419 [chromium] › e2e/ui/components/button.spec.ts:360:9 › Button Component › Accessibility › should be keyboard accessible (2.3s)
  ✘  2420 [chromium] › e2e/ui/components/button.spec.ts:360:9 › Button Component › Accessibility › should be keyboard accessible (retry #1) (2.7s)
  ✓  2421 [chromium] › e2e/ui/components/button.spec.ts:396:9 › Button Component › Performance › should not cause layout shifts (5.3s)
  ✓  2422 [chromium] › e2e/ui/components/button.spec.ts:426:9 › Button Component › Performance › should have reasonable number of DOM nodes (2.4s)
  ✘  2423 [chromium] › e2e/ui/components/card.spec.ts:21:7 › Card Component › should render card containers (2.1s)
  ✘  2424 [chromium] › e2e/ui/components/card.spec.ts:21:7 › Card Component › should render card containers (retry #1) (2.3s)
  ✘  2417 [chromium] › e2e/ui/components/button.spec.ts:328:9 › Button Component › Accessibility › should have accessible names (22.7s)
  ✘  2425 [chromium] › e2e/ui/components/card.spec.ts:32:7 › Card Component › should have proper card structure (2.0s)
  ✘  2427 [chromium] › e2e/ui/components/card.spec.ts:32:7 › Card Component › should have proper card structure (retry #1) (2.3s)
  ✘  2428 [chromium] › e2e/ui/components/card.spec.ts:66:7 › Card Component › should have accessible card content (2.0s)
  ✘  2429 [chromium] › e2e/ui/components/card.spec.ts:66:7 › Card Component › should have accessible card content (retry #1) (2.2s)
  ✓  2430 [chromium] › e2e/ui/components/card.spec.ts:122:9 › Card Component › Card Variants › should render service cards correctly (1.9s)
  ✓  2431 [chromium] › e2e/ui/components/card.spec.ts:150:9 › Card Component › Card Variants › should render product cards correctly (1.9s)
  ✓  2432 [chromium] › e2e/ui/components/card.spec.ts:182:9 › Card Component › Card Variants › should render blog post cards correctly (1.9s)
  ✘  2433 [chromium] › e2e/ui/components/card.spec.ts:216:9 › Card Component › Layout and Spacing › should have proper card spacing (1.9s)
  ✘  2434 [chromium] › e2e/ui/components/card.spec.ts:216:9 › Card Component › Layout and Spacing › should have proper card spacing (retry #1) (2.2s)
  ✓  2435 [chromium] › e2e/ui/components/card.spec.ts:251:9 › Card Component › Layout and Spacing › should maintain card aspect ratio for images (1.8s)
  ✘  2426 [chromium] › e2e/ui/components/button.spec.ts:328:9 › Button Component › Accessibility › should have accessible names (retry #1) (23.2s)
  ✘  2436 [chromium] › e2e/ui/components/card.spec.ts:280:9 › Card Component › Responsive Design › should render correctly on mobile (3.4s)
  ✘  2437 [chromium] › e2e/ui/components/card.spec.ts:319:9 › Card Component › Responsive Design › should render correctly on tablet (3.8s)
  ✘  2438 [chromium] › e2e/ui/components/card.spec.ts:280:9 › Card Component › Responsive Design › should render correctly on mobile (retry #1) (3.8s)
  ✘  2439 [chromium] › e2e/ui/components/card.spec.ts:319:9 › Card Component › Responsive Design › should render correctly on tablet (retry #1) (4.0s)
  ✘  2440 [chromium] › e2e/ui/components/card.spec.ts:348:9 › Card Component › Responsive Design › should render correctly on desktop (3.6s)
  ✘  2441 [chromium] › e2e/ui/components/card.spec.ts:389:9 › Card Component › Accessibility › should have accessible card containers (2.0s)
  ✘  2443 [chromium] › e2e/ui/components/card.spec.ts:389:9 › Card Component › Accessibility › should have accessible card containers (retry #1) (2.4s)
  ✘  2442 [chromium] › e2e/ui/components/card.spec.ts:348:9 › Card Component › Responsive Design › should render correctly on desktop (retry #1) (3.8s)
  ✘  2444 [chromium] › e2e/ui/components/card.spec.ts:418:9 › Card Component › Accessibility › should have accessible card headers (2.1s)
  ✘  2445 [chromium] › e2e/ui/components/card.spec.ts:453:9 › Card Component › Accessibility › should have accessible card content (2.1s)
  ✘  2446 [chromium] › e2e/ui/components/card.spec.ts:418:9 › Card Component › Accessibility › should have accessible card headers (retry #1) (2.5s)
  ✘  2447 [chromium] › e2e/ui/components/card.spec.ts:453:9 › Card Component › Accessibility › should have accessible card content (retry #1) (2.7s)
  ✘  2448 [chromium] › e2e/ui/components/card.spec.ts:488:9 › Card Component › Accessibility › should have accessible card actions (2.2s)
  ✓  2449 [chromium] › e2e/ui/components/card.spec.ts:530:9 › Card Component › Performance › should not cause layout shifts (4.2s)
  ✘  2450 [chromium] › e2e/ui/components/card.spec.ts:488:9 › Card Component › Accessibility › should have accessible card actions (retry #1) (2.2s)
  ✓  2451 [chromium] › e2e/ui/components/card.spec.ts:560:9 › Card Component › Performance › should have reasonable number of DOM nodes (2.1s)
  ✓  2452 [chromium] › e2e/ui/components/card.spec.ts:570:9 › Card Component › Performance › should optimize image loading (1.9s)
  ✓  2453 [chromium] › e2e/ui/components/footer.spec.ts:21:7 › Footer Component › should be visible on all pages (2.1s)
  ✘  2454 [chromium] › e2e/ui/components/footer.spec.ts:26:7 › Footer Component › should contain copyright information (2.1s)
  ✘  2456 [chromium] › e2e/ui/components/footer.spec.ts:26:7 › Footer Component › should contain copyright information (retry #1) (2.2s)
  ✓  2455 [chromium] › e2e/ui/components/footer.spec.ts:40:7 › Footer Component › should contain navigation links (6.9s)
  ✓  2457 [chromium] › e2e/ui/components/footer.spec.ts:71:7 › Footer Component › should contain social media links (6.9s)
  ✓  2458 [chromium] › e2e/ui/components/footer.spec.ts:86:7 › Footer Component › should contain newsletter signup (7.0s)
  ✓  2459 [chromium] › e2e/ui/components/footer.spec.ts:110:9 › Footer Component › Navigation Functionality › should navigate to homepage via footer link (3.6s)
  ✓  2460 [chromium] › e2e/ui/components/footer.spec.ts:124:9 › Footer Component › Navigation Functionality › should navigate to services via footer link (2.5s)
  ✓  2461 [chromium] › e2e/ui/components/footer.spec.ts:135:9 › Footer Component › Navigation Functionality › should navigate to store via footer link (2.7s)
  ✓  2462 [chromium] › e2e/ui/components/footer.spec.ts:146:9 › Footer Component › Navigation Functionality › should navigate to blog via footer link (2.5s)
[WebServer] ⨯ Error: The destination stream closed early.
[WebServer]     at ignore-listed frames {
[WebServer]   digest: '152199018'
[WebServer] }
  ✓  2463 [chromium] › e2e/ui/components/footer.spec.ts:157:9 › Footer Component › Navigation Functionality › should navigate to contact via footer link (3.0s)
  ✓  2464 [chromium] › e2e/ui/components/footer.spec.ts:170:9 › Footer Component › Newsletter Functionality › should show validation error for empty email (2.7s)
  ✓  2465 [chromium] › e2e/ui/components/footer.spec.ts:188:9 › Footer Component › Newsletter Functionality › should show validation error for invalid email format (2.1s)
  ✓  2466 [chromium] › e2e/ui/components/footer.spec.ts:212:9 › Footer Component › Newsletter Functionality › should submit newsletter form successfully (2.1s)
  ✘  2467 [chromium] › e2e/ui/components/footer.spec.ts:242:9 › Footer Component › Responsive Design › should render correctly on mobile (23.3s)
  ✘  2468 [chromium] › e2e/ui/components/footer.spec.ts:265:9 › Footer Component › Responsive Design › should render correctly on tablet (23.5s)
[WebServer] ⚠ Found a change in next.config.ts. Restarting the server to apply the changes...
[WebServer] Error: Fatal next config errors found in next.config.ts that must be fixed:
[WebServer]     Unrecognized key(s) in object: 'typescript' at "images"
[WebServer] These configuration options are required or have been migrated. Please update your configuration.
[WebServer] See more info here: https://nextjs.org/docs/messages/invalid-next-config
[WebServer]     at ignore-listed frames
  ✘  2469 [chromium] › e2e/ui/components/footer.spec.ts:242:9 › Footer Component › Responsive Design › should render correctly on mobile (retry #1) (23.9s)
  ✘  2471 [chromium] › e2e/ui/components/footer.spec.ts:283:9 › Footer Component › Responsive Design › should render correctly on desktop (231ms)
  ✘  2472 [chromium] › e2e/ui/components/footer.spec.ts:283:9 › Footer Component › Responsive Design › should render correctly on desktop (retry #1) (226ms)
  ✘  2470 [chromium] › e2e/ui/components/footer.spec.ts:265:9 › Footer Component › Responsive Design › should render correctly on tablet (retry #1) (24.0s)
  ✘  2473 [chromium] › e2e/ui/components/footer.spec.ts:311:9 › Footer Component › Accessibility › should have proper ARIA landmarks (217ms)
  ✘  2474 [chromium] › e2e/ui/components/footer.spec.ts:320:9 › Footer Component › Accessibility › should have accessible copyright text (224ms)
  ✘  2475 [chromium] › e2e/ui/components/footer.spec.ts:311:9 › Footer Component › Accessibility › should have proper ARIA landmarks (retry #1) (243ms)
  ✘  2476 [chromium] › e2e/ui/components/footer.spec.ts:320:9 › Footer Component › Accessibility › should have accessible copyright text (retry #1) (247ms)
  ✘  2477 [chromium] › e2e/ui/components/footer.spec.ts:332:9 › Footer Component › Accessibility › should have accessible navigation links (242ms)
  ✘  2478 [chromium] › e2e/ui/components/footer.spec.ts:359:9 › Footer Component › Accessibility › should have accessible social media links (226ms)
  ✘  2479 [chromium] › e2e/ui/components/footer.spec.ts:332:9 › Footer Component › Accessibility › should have accessible navigation links (retry #1) (217ms)
  ✘  2480 [chromium] › e2e/ui/components/footer.spec.ts:359:9 › Footer Component › Accessibility › should have accessible social media links (retry #1) (245ms)
  ✘  2481 [chromium] › e2e/ui/components/footer.spec.ts:387:9 › Footer Component › Accessibility › should have accessible newsletter form (214ms)
  ✘  2482 [chromium] › e2e/ui/components/footer.spec.ts:424:9 › Footer Component › Performance › should not cause layout shifts (257ms)
  ✘  2483 [chromium] › e2e/ui/components/footer.spec.ts:387:9 › Footer Component › Accessibility › should have accessible newsletter form (retry #1) (234ms)
  ✘  2484 [chromium] › e2e/ui/components/footer.spec.ts:424:9 › Footer Component › Performance › should not cause layout shifts (retry #1) (212ms)
  ✘  2485 [chromium] › e2e/ui/components/header.spec.ts:23:7 › Header Component › should be visible on all pages (218ms)
  ✘  2486 [chromium] › e2e/ui/components/header.spec.ts:28:7 › Header Component › should contain logo/brand (215ms)
  ✘  2487 [chromium] › e2e/ui/components/header.spec.ts:23:7 › Header Component › should be visible on all pages (retry #1) (239ms)
  ✘  2488 [chromium] › e2e/ui/components/header.spec.ts:28:7 › Header Component › should contain logo/brand (retry #1) (230ms)
  ✘  2489 [chromium] › e2e/ui/components/header.spec.ts:41:7 › Header Component › should contain navigation menu (197ms)
  ✘  2490 [chromium] › e2e/ui/components/header.spec.ts:58:7 › Header Component › should have accessible navigation (210ms)
  ✘  2491 [chromium] › e2e/ui/components/header.spec.ts:41:7 › Header Component › should contain navigation menu (retry #1) (238ms)
  ✘  2492 [chromium] › e2e/ui/components/header.spec.ts:58:7 › Header Component › should have accessible navigation (retry #1) (225ms)
  ✘  2493 [chromium] › e2e/ui/components/header.spec.ts:90:9 › Header Component › Navigation Functionality › should navigate to services (202ms)
  ✘  2494 [chromium] › e2e/ui/components/header.spec.ts:101:9 › Header Component › Navigation Functionality › should navigate to store (232ms)
  ✘  2495 [chromium] › e2e/ui/components/header.spec.ts:90:9 › Header Component › Navigation Functionality › should navigate to services (retry #1) (225ms)
  ✘  2496 [chromium] › e2e/ui/components/header.spec.ts:101:9 › Header Component › Navigation Functionality › should navigate to store (retry #1) (223ms)
  ✘  2497 [chromium] › e2e/ui/components/header.spec.ts:112:9 › Header Component › Navigation Functionality › should navigate to blog (214ms)
  ✘  2498 [chromium] › e2e/ui/components/header.spec.ts:123:9 › Header Component › Navigation Functionality › should navigate to contact (214ms)
  ✘  2499 [chromium] › e2e/ui/components/header.spec.ts:112:9 › Header Component › Navigation Functionality › should navigate to blog (retry #1) (231ms)
  ✘  2500 [chromium] › e2e/ui/components/header.spec.ts:123:9 › Header Component › Navigation Functionality › should navigate to contact (retry #1) (234ms)
  ✘  2501 [chromium] › e2e/ui/components/header.spec.ts:134:9 › Header Component › Navigation Functionality › should navigate to homepage via logo (207ms)
  ✘  2502 [chromium] › e2e/ui/components/header.spec.ts:150:9 › Header Component › Authentication States › should show login/logout buttons when not authenticated (217ms)
  ✘  2503 [chromium] › e2e/ui/components/header.spec.ts:134:9 › Header Component › Navigation Functionality › should navigate to homepage via logo (retry #1) (229ms)
  ✘  2504 [chromium] › e2e/ui/components/header.spec.ts:150:9 › Header Component › Authentication States › should show login/logout buttons when not authenticated (retry #1) (228ms)
  ✘  2505 [chromium] › e2e/ui/components/header.spec.ts:163:9 › Header Component › Authentication States › should show user menu when authenticated (224ms)
  ✘  2506 [chromium] › e2e/ui/components/header.spec.ts:189:9 › Header Component › Responsive Design › should render correctly on mobile (204ms)
  ✘  2507 [chromium] › e2e/ui/components/header.spec.ts:163:9 › Header Component › Authentication States › should show user menu when authenticated (retry #1) (233ms)
  ✘  2508 [chromium] › e2e/ui/components/header.spec.ts:189:9 › Header Component › Responsive Design › should render correctly on mobile (retry #1) (233ms)
  ✘  2509 [chromium] › e2e/ui/components/header.spec.ts:217:9 › Header Component › Responsive Design › should render correctly on tablet (238ms)
  ✘  2510 [chromium] › e2e/ui/components/header.spec.ts:237:9 › Header Component › Responsive Design › should render correctly on desktop (212ms)
  ✘  2511 [chromium] › e2e/ui/components/header.spec.ts:217:9 › Header Component › Responsive Design › should render correctly on tablet (retry #1) (224ms)
  ✘  2512 [chromium] › e2e/ui/components/header.spec.ts:237:9 › Header Component › Responsive Design › should render correctly on desktop (retry #1) (214ms)
  ✘  2513 [chromium] › e2e/ui/components/header.spec.ts:260:9 › Header Component › Accessibility › should have proper ARIA attributes (217ms)
  ✘  2514 [chromium] › e2e/ui/components/header.spec.ts:282:9 › Header Component › Accessibility › should have accessible logo/link (220ms)
  ✘  2515 [chromium] › e2e/ui/components/header.spec.ts:260:9 › Header Component › Accessibility › should have proper ARIA attributes (retry #1) (228ms)
  ✘  2516 [chromium] › e2e/ui/components/header.spec.ts:282:9 › Header Component › Accessibility › should have accessible logo/link (retry #1) (224ms)
  ✘  2517 [chromium] › e2e/ui/components/header.spec.ts:305:9 › Header Component › Accessibility › should have accessible navigation links (209ms)
  ✘  2518 [chromium] › e2e/ui/components/header.spec.ts:334:9 › Header Component › Performance › should not cause layout shifts (220ms)
  ✘  2519 [chromium] › e2e/ui/components/header.spec.ts:305:9 › Header Component › Accessibility › should have accessible navigation links (retry #1) (229ms)
  ✘  2520 [chromium] › e2e/ui/components/header.spec.ts:334:9 › Header Component › Performance › should not cause layout shifts (retry #1) (227ms)
  ✘  2521 [chromium] › e2e/ui/pages/blog.spec.ts:22:7 › Blog Page › should load successfully (204ms)
  ✘  2522 [chromium] › e2e/ui/pages/blog.spec.ts:30:7 › Blog Page › should have blog posts grid or list (224ms)
  ✘  2523 [chromium] › e2e/ui/pages/blog.spec.ts:22:7 › Blog Page › should load successfully (retry #1) (239ms)
  ✘  2524 [chromium] › e2e/ui/pages/blog.spec.ts:30:7 › Blog Page › should have blog posts grid or list (retry #1) (230ms)
  ✘  2525 [chromium] › e2e/ui/pages/blog.spec.ts:43:7 › Blog Page › should display blog post details (219ms)
  ✘  2526 [chromium] › e2e/ui/pages/blog.spec.ts:70:7 › Blog Page › should have blog categories or tags (201ms)
  ✘  2527 [chromium] › e2e/ui/pages/blog.spec.ts:43:7 › Blog Page › should display blog post details (retry #1) (266ms)
  ✘  2528 [chromium] › e2e/ui/pages/blog.spec.ts:70:7 › Blog Page › should have blog categories or tags (retry #1) (240ms)
  ✘  2529 [chromium] › e2e/ui/pages/blog.spec.ts:85:7 › Blog Page › should have pagination or load more functionality (242ms)
  ✘  2530 [chromium] › e2e/ui/pages/blog.spec.ts:95:7 › Blog Page › should have call-to-action for newsletter or subscription (219ms)
  ✘  2531 [chromium] › e2e/ui/pages/blog.spec.ts:85:7 › Blog Page › should have pagination or load more functionality (retry #1) (243ms)
  ✘  2532 [chromium] › e2e/ui/pages/blog.spec.ts:95:7 › Blog Page › should have call-to-action for newsletter or subscription (retry #1) (234ms)
  ✘  2533 [chromium] › e2e/ui/pages/blog.spec.ts:115:9 › Blog Page › Authentication › should show login prompt for commenting when not authenticated (235ms)
  ✘  2534 [chromium] › e2e/ui/pages/blog.spec.ts:144:9 › Blog Page › Authentication › should allow authenticated users to comment (226ms)
  ✘  2535 [chromium] › e2e/ui/pages/blog.spec.ts:115:9 › Blog Page › Authentication › should show login prompt for commenting when not authenticated (retry #1) (236ms)
  ✘  2536 [chromium] › e2e/ui/pages/blog.spec.ts:144:9 › Blog Page › Authentication › should allow authenticated users to comment (retry #1) (241ms)
  ✘  2537 [chromium] › e2e/ui/pages/blog.spec.ts:180:9 › Blog Page › Responsive Design › should render correctly on mobile (210ms)
  ✘  2538 [chromium] › e2e/ui/pages/blog.spec.ts:193:9 › Blog Page › Responsive Design › should render correctly on tablet (211ms)
  ✘  2539 [chromium] › e2e/ui/pages/blog.spec.ts:180:9 › Blog Page › Responsive Design › should render correctly on mobile (retry #1) (220ms)
  ✘  2540 [chromium] › e2e/ui/pages/blog.spec.ts:193:9 › Blog Page › Responsive Design › should render correctly on tablet (retry #1) (237ms)
  ✘  2541 [chromium] › e2e/ui/pages/blog.spec.ts:206:9 › Blog Page › Responsive Design › should render correctly on desktop (230ms)
  ✘  2542 [chromium] › e2e/ui/pages/blog.spec.ts:224:9 › Blog Page › Navigation › should navigate to homepage (227ms)
  ✘  2543 [chromium] › e2e/ui/pages/blog.spec.ts:206:9 › Blog Page › Responsive Design › should render correctly on desktop (retry #1) (226ms)
  ✘  2544 [chromium] › e2e/ui/pages/blog.spec.ts:224:9 › Blog Page › Navigation › should navigate to homepage (retry #1) (234ms)
  ✘  2545 [chromium] › e2e/ui/pages/blog.spec.ts:232:9 › Blog Page › Navigation › should navigate to services (214ms)
  ✘  2546 [chromium] › e2e/ui/pages/blog.spec.ts:240:9 › Blog Page › Navigation › should navigate to store (212ms)
  ✘  2547 [chromium] › e2e/ui/pages/blog.spec.ts:232:9 › Blog Page › Navigation › should navigate to services (retry #1) (233ms)
  ✘  2548 [chromium] › e2e/ui/pages/blog.spec.ts:240:9 › Blog Page › Navigation › should navigate to store (retry #1) (230ms)
  ✘  2549 [chromium] › e2e/ui/pages/blog.spec.ts:248:9 › Blog Page › Navigation › should navigate to contact (219ms)
  ✘  2550 [chromium] › e2e/ui/pages/blog.spec.ts:256:9 › Blog Page › Navigation › should navigate to individual blog post (216ms)
  ✘  2551 [chromium] › e2e/ui/pages/blog.spec.ts:248:9 › Blog Page › Navigation › should navigate to contact (retry #1) (241ms)
  ✘  2552 [chromium] › e2e/ui/pages/blog.spec.ts:256:9 › Blog Page › Navigation › should navigate to individual blog post (retry #1) (247ms)
  ✘  2553 [chromium] › e2e/ui/pages/blog.spec.ts:268:9 › Blog Page › Accessibility › should have proper language attribute (218ms)
  ✘  2554 [chromium] › e2e/ui/pages/blog.spec.ts:274:9 › Blog Page › Accessibility › should have proper heading structure (215ms)
  ✘  2555 [chromium] › e2e/ui/pages/blog.spec.ts:268:9 › Blog Page › Accessibility › should have proper language attribute (retry #1) (231ms)
  ✘  2556 [chromium] › e2e/ui/pages/blog.spec.ts:274:9 › Blog Page › Accessibility › should have proper heading structure (retry #1) (232ms)
  ✘  2557 [chromium] › e2e/ui/pages/blog.spec.ts:292:9 › Blog Page › Accessibility › should have accessible post elements (221ms)
  ✘  2558 [chromium] › e2e/ui/pages/blog.spec.ts:311:9 › Blog Page › Accessibility › should have accessible images with alt text (201ms)
  ✘  2559 [chromium] › e2e/ui/pages/blog.spec.ts:292:9 › Blog Page › Accessibility › should have accessible post elements (retry #1) (220ms)
  ✘  2560 [chromium] › e2e/ui/pages/blog.spec.ts:311:9 › Blog Page › Accessibility › should have accessible images with alt text (retry #1) (234ms)
  ✘  2561 [chromium] › e2e/ui/pages/blog.spec.ts:330:9 › Blog Page › Performance › should load within reasonable time (223ms)
  ✘  2562 [chromium] › e2e/ui/pages/contact.spec.ts:22:7 › Contact Page › should load successfully (201ms)
  ✘  2563 [chromium] › e2e/ui/pages/blog.spec.ts:330:9 › Blog Page › Performance › should load within reasonable time (retry #1) (239ms)
  ✘  2564 [chromium] › e2e/ui/pages/contact.spec.ts:22:7 › Contact Page › should load successfully (retry #1) (206ms)
  ✘  2565 [chromium] › e2e/ui/pages/contact.spec.ts:30:7 › Contact Page › should have contact form (217ms)
  ✘  2566 [chromium] › e2e/ui/pages/contact.spec.ts:55:7 › Contact Page › should have contact information (213ms)
  ✘  2567 [chromium] › e2e/ui/pages/contact.spec.ts:30:7 › Contact Page › should have contact form (retry #1) (241ms)
  ✘  2568 [chromium] › e2e/ui/pages/contact.spec.ts:55:7 › Contact Page › should have contact information (retry #1) (238ms)
  ✘  2569 [chromium] › e2e/ui/pages/contact.spec.ts:76:7 › Contact Page › should have map or location information (216ms)
  ✘  2570 [chromium] › e2e/ui/pages/contact.spec.ts:87:7 › Contact Page › should have call-to-action for newsletter or consultation (234ms)
  ✘  2571 [chromium] › e2e/ui/pages/contact.spec.ts:76:7 › Contact Page › should have map or location information (retry #1) (240ms)
  ✘  2572 [chromium] › e2e/ui/pages/contact.spec.ts:87:7 › Contact Page › should have call-to-action for newsletter or consultation (retry #1) (237ms)
  ✘  2573 [chromium] › e2e/ui/pages/contact.spec.ts:103:9 › Contact Page › Form Validation › should show validation errors for empty required fields (203ms)
  ✘  2574 [chromium] › e2e/ui/pages/contact.spec.ts:120:9 › Contact Page › Form Validation › should show validation error for invalid email format (215ms)
  ✘  2575 [chromium] › e2e/ui/pages/contact.spec.ts:103:9 › Contact Page › Form Validation › should show validation errors for empty required fields (retry #1) (230ms)
  ✘  2576 [chromium] › e2e/ui/pages/contact.spec.ts:120:9 › Contact Page › Form Validation › should show validation error for invalid email format (retry #1) (248ms)
  ✘  2577 [chromium] › e2e/ui/pages/contact.spec.ts:142:9 › Contact Page › Form Validation › should submit form successfully with valid data (209ms)
  ✘  2578 [chromium] › e2e/ui/pages/contact.spec.ts:169:9 › Contact Page › Authentication › should show authenticated user info when logged in (217ms)
  ✘  2579 [chromium] › e2e/ui/pages/contact.spec.ts:142:9 › Contact Page › Form Validation › should submit form successfully with valid data (retry #1) (244ms)
  ✘  2580 [chromium] › e2e/ui/pages/contact.spec.ts:169:9 › Contact Page › Authentication › should show authenticated user info when logged in (retry #1) (236ms)
  ✘  2581 [chromium] › e2e/ui/pages/contact.spec.ts:193:9 › Contact Page › Responsive Design › should render correctly on mobile (201ms)
  ✘  2582 [chromium] › e2e/ui/pages/contact.spec.ts:215:9 › Contact Page › Responsive Design › should render correctly on tablet (212ms)
  ✘  2583 [chromium] › e2e/ui/pages/contact.spec.ts:193:9 › Contact Page › Responsive Design › should render correctly on mobile (retry #1) (210ms)
  ✘  2584 [chromium] › e2e/ui/pages/contact.spec.ts:215:9 › Contact Page › Responsive Design › should render correctly on tablet (retry #1) (286ms)
  ✘  2585 [chromium] › e2e/ui/pages/contact.spec.ts:228:9 › Contact Page › Responsive Design › should render correctly on desktop (236ms)
  ✘  2586 [chromium] › e2e/ui/pages/contact.spec.ts:246:9 › Contact Page › Navigation › should navigate to homepage (208ms)
  ✘  2587 [chromium] › e2e/ui/pages/contact.spec.ts:228:9 › Contact Page › Responsive Design › should render correctly on desktop (retry #1) (240ms)
  ✘  2588 [chromium] › e2e/ui/pages/contact.spec.ts:246:9 › Contact Page › Navigation › should navigate to homepage (retry #1) (266ms)
  ✘  2589 [chromium] › e2e/ui/pages/contact.spec.ts:254:9 › Contact Page › Navigation › should navigate to services (226ms)
  ✘  2590 [chromium] › e2e/ui/pages/contact.spec.ts:262:9 › Contact Page › Navigation › should navigate to store (236ms)
  ✘  2591 [chromium] › e2e/ui/pages/contact.spec.ts:254:9 › Contact Page › Navigation › should navigate to services (retry #1) (248ms)
  ✘  2592 [chromium] › e2e/ui/pages/contact.spec.ts:262:9 › Contact Page › Navigation › should navigate to store (retry #1) (234ms)
  ✘  2593 [chromium] › e2e/ui/pages/contact.spec.ts:270:9 › Contact Page › Navigation › should navigate to blog (214ms)
  ✘  2594 [chromium] › e2e/ui/pages/contact.spec.ts:280:9 › Contact Page › Accessibility › should have proper language attribute (206ms)
  ✘  2595 [chromium] › e2e/ui/pages/contact.spec.ts:270:9 › Contact Page › Navigation › should navigate to blog (retry #1) (222ms)
  ✘  2596 [chromium] › e2e/ui/pages/contact.spec.ts:280:9 › Contact Page › Accessibility › should have proper language attribute (retry #1) (218ms)
  ✘  2597 [chromium] › e2e/ui/pages/contact.spec.ts:286:9 › Contact Page › Accessibility › should have accessible form labels (200ms)
  ✘  2598 [chromium] › e2e/ui/pages/contact.spec.ts:318:9 › Contact Page › Accessibility › should have accessible buttons (232ms)
  ✘  2599 [chromium] › e2e/ui/pages/contact.spec.ts:286:9 › Contact Page › Accessibility › should have accessible form labels (retry #1) (220ms)
  ✘  2600 [chromium] › e2e/ui/pages/contact.spec.ts:318:9 › Contact Page › Accessibility › should have accessible buttons (retry #1) (220ms)
  ✘  2601 [chromium] › e2e/ui/pages/contact.spec.ts:338:9 › Contact Page › Accessibility › should have sufficient color contrast for form elements (210ms)
  ✘  2602 [chromium] › e2e/ui/pages/contact.spec.ts:357:9 › Contact Page › Performance › should load within reasonable time (202ms)
  ✘  2603 [chromium] › e2e/ui/pages/contact.spec.ts:338:9 › Contact Page › Accessibility › should have sufficient color contrast for form elements (retry #1) (230ms)
  ✘  2604 [chromium] › e2e/ui/pages/contact.spec.ts:357:9 › Contact Page › Performance › should load within reasonable time (retry #1) (247ms)
API login failed, falling back to UI login: apiRequestContext.post: connect ECONNREFUSED ::1:4000
Call log:
  - → POST http://localhost:4000/api/auth/login
    - user-agent: Mozilla/5.0 (Windows NT 10.0; Win64; x64) AppleWebKit/537.36 (KHTML, like Gecko) Chrome/151.0.7922.34 Safari/537.36
    - accept: */*
    - accept-encoding: gzip,deflate,br
    - content-type: application/json
    - content-length: 53

    at AuthenticatedPage.loginViaApi (/home/tbaltzakis/cloudless.gr/e2e/helpers/page-helpers.ts:63:48)
    at /home/tbaltzakis/cloudless.gr/e2e/ui/pages/dashboard.spec.ts:21:20 {
  log: [
    '  - → POST http://localhost:4000/api/auth/login',
    '    - user-agent: Mozilla/5.0 (Windows NT 10.0; Win64; x64) AppleWebKit/537.36 (KHTML, like Gecko) Chrome/151.0.7922.34 Safari/537.36',
    '    - accept: */*',
    '    - accept-encoding: gzip,deflate,br',
    '    - content-type: application/json',
    '    - content-length: 53'
  ],
  name: 'Error',
  Symbol(step): {
    location: {
      file: '/home/tbaltzakis/cloudless.gr/e2e/helpers/page-helpers.ts',
      line: 63,
      column: 48,
      function: 'AuthenticatedPage.loginViaApi'
    },
    category: 'pw:api',
    title: 'POST "/api/auth/login"',
    apiName: 'apiRequestContext.post',
    params: {
      url: '/api/auth/login',
      params: undefined,
      encodedParams: undefined,
      method: 'POST',
      headers: undefined,
      postData: undefined,
      jsonData: '{"email":"test@example.com","password":"password123"}',
      formData: undefined,
      multipartData: undefined,
      failOnStatusCode: undefined,
      ignoreHTTPSErrors: undefined,
      maxRedirects: undefined,
      maxRetries: undefined,
      __testHookLookup: undefined
    },
    group: undefined,
    stepId: 'pw:api@34',
    boxedStack: undefined,
    steps: [],
    attachmentIndices: [],
    info: TestStepInfoImpl {
      annotations: [],
      _testInfo: [TestInfoImpl],
      _stepId: 'pw:api@34',
      _title: 'POST "/api/auth/login"',
      _parentStep: [TestStepInfoImpl],
      skip: [Function (anonymous)]
    },
    complete: [Function: complete],
    endWallTime: 1786538533176,
    error: {
      message: 'Error: apiRequestContext.post: connect ECONNREFUSED ::1:4000\n' +
        'Call log:\n' +
        '\x1B[2m  - → POST http://localhost:4000/api/auth/login\x1B[22m\n' +
        '\x1B[2m    - user-agent: Mozilla/5.0 (Windows NT 10.0; Win64; x64) AppleWebKit/537.36 (KHTML, like Gecko) Chrome/151.0.7922.34 Safari/537.36\x1B[22m\n' +
        '\x1B[2m    - accept: */*\x1B[22m\n' +
        '\x1B[2m    - accept-encoding: gzip,deflate,br\x1B[22m\n' +
        '\x1B[2m    - content-type: application/json\x1B[22m\n' +
        '\x1B[2m    - content-length: 53\x1B[22m\n',
      stack: 'Error: apiRequestContext.post: connect ECONNREFUSED ::1:4000\n' +
        'Call log:\n' +
        '\x1B[2m  - → POST http://localhost:4000/api/auth/login\x1B[22m\n' +
        '\x1B[2m    - user-agent: Mozilla/5.0 (Windows NT 10.0; Win64; x64) AppleWebKit/537.36 (KHTML, like Gecko) Chrome/151.0.7922.34 Safari/537.36\x1B[22m\n' +
        '\x1B[2m    - accept: */*\x1B[22m\n' +
        '\x1B[2m    - accept-encoding: gzip,deflate,br\x1B[22m\n' +
        '\x1B[2m    - content-type: application/json\x1B[22m\n' +
        '\x1B[2m    - content-length: 53\x1B[22m\n' +
        '\n' +
        '    at apiRequestContext.post: connect ECONNREFUSED ::1:4000\n' +
        '    at AuthenticatedPage.loginViaApi (/home/tbaltzakis/cloudless.gr/e2e/helpers/page-helpers.ts:63:48)\n' +
        '    at /home/tbaltzakis/cloudless.gr/e2e/ui/pages/dashboard.spec.ts:21:20',
      cause: undefined
    }
  }
}
  ✘  2605 [chromium] › e2e/ui/pages/dashboard.spec.ts:26:7 › Dashboard Page › should load successfully (550ms)
API login failed, falling back to UI login: apiRequestContext.post: connect ECONNREFUSED ::1:4000
Call log:
  - → POST http://localhost:4000/api/auth/login
    - user-agent: Mozilla/5.0 (Windows NT 10.0; Win64; x64) AppleWebKit/537.36 (KHTML, like Gecko) Chrome/151.0.7922.34 Safari/537.36
    - accept: */*
    - accept-encoding: gzip,deflate,br
    - content-type: application/json
    - content-length: 53

    at AuthenticatedPage.loginViaApi (/home/tbaltzakis/cloudless.gr/e2e/helpers/page-helpers.ts:63:48)
    at /home/tbaltzakis/cloudless.gr/e2e/ui/pages/dashboard.spec.ts:21:20 {
  log: [
    '  - → POST http://localhost:4000/api/auth/login',
    '    - user-agent: Mozilla/5.0 (Windows NT 10.0; Win64; x64) AppleWebKit/537.36 (KHTML, like Gecko) Chrome/151.0.7922.34 Safari/537.36',
    '    - accept: */*',
    '    - accept-encoding: gzip,deflate,br',
    '    - content-type: application/json',
    '    - content-length: 53'
  ],
  name: 'Error',
  Symbol(step): {
    location: {
      file: '/home/tbaltzakis/cloudless.gr/e2e/helpers/page-helpers.ts',
      line: 63,
      column: 48,
      function: 'AuthenticatedPage.loginViaApi'
    },
    category: 'pw:api',
    title: 'POST "/api/auth/login"',
    apiName: 'apiRequestContext.post',
    params: {
      url: '/api/auth/login',
      params: undefined,
      encodedParams: undefined,
      method: 'POST',
      headers: undefined,
      postData: undefined,
      jsonData: '{"email":"test@example.com","password":"password123"}',
      formData: undefined,
      multipartData: undefined,
      failOnStatusCode: undefined,
      ignoreHTTPSErrors: undefined,
      maxRedirects: undefined,
      maxRetries: undefined,
      __testHookLookup: undefined
    },
    group: undefined,
    stepId: 'pw:api@34',
    boxedStack: undefined,
    steps: [],
    attachmentIndices: [],
    info: TestStepInfoImpl {
      annotations: [],
      _testInfo: [TestInfoImpl],
      _stepId: 'pw:api@34',
      _title: 'POST "/api/auth/login"',
      _parentStep: [TestStepInfoImpl],
      skip: [Function (anonymous)]
    },
    complete: [Function: complete],
    endWallTime: 1786538533540,
    error: {
      message: 'Error: apiRequestContext.post: connect ECONNREFUSED ::1:4000\n' +
        'Call log:\n' +
        '\x1B[2m  - → POST http://localhost:4000/api/auth/login\x1B[22m\n' +
        '\x1B[2m    - user-agent: Mozilla/5.0 (Windows NT 10.0; Win64; x64) AppleWebKit/537.36 (KHTML, like Gecko) Chrome/151.0.7922.34 Safari/537.36\x1B[22m\n' +
        '\x1B[2m    - accept: */*\x1B[22m\n' +
        '\x1B[2m    - accept-encoding: gzip,deflate,br\x1B[22m\n' +
        '\x1B[2m    - content-type: application/json\x1B[22m\n' +
        '\x1B[2m    - content-length: 53\x1B[22m\n',
      stack: 'Error: apiRequestContext.post: connect ECONNREFUSED ::1:4000\n' +
        'Call log:\n' +
        '\x1B[2m  - → POST http://localhost:4000/api/auth/login\x1B[22m\n' +
        '\x1B[2m    - user-agent: Mozilla/5.0 (Windows NT 10.0; Win64; x64) AppleWebKit/537.36 (KHTML, like Gecko) Chrome/151.0.7922.34 Safari/537.36\x1B[22m\n' +
        '\x1B[2m    - accept: */*\x1B[22m\n' +
        '\x1B[2m    - accept-encoding: gzip,deflate,br\x1B[22m\n' +
        '\x1B[2m    - content-type: application/json\x1B[22m\n' +
        '\x1B[2m    - content-length: 53\x1B[22m\n' +
        '\n' +
        '    at apiRequestContext.post: connect ECONNREFUSED ::1:4000\n' +
        '    at AuthenticatedPage.loginViaApi (/home/tbaltzakis/cloudless.gr/e2e/helpers/page-helpers.ts:63:48)\n' +
        '    at /home/tbaltzakis/cloudless.gr/e2e/ui/pages/dashboard.spec.ts:21:20',
      cause: undefined
    }
  }
}
  ✘  2606 [chromium] › e2e/ui/pages/dashboard.spec.ts:34:7 › Dashboard Page › should show user information (537ms)
API login failed, falling back to UI login: apiRequestContext.post: connect ECONNREFUSED ::1:4000
Call log:
  - → POST http://localhost:4000/api/auth/login
    - user-agent: Mozilla/5.0 (Windows NT 10.0; Win64; x64) AppleWebKit/537.36 (KHTML, like Gecko) Chrome/151.0.7922.34 Safari/537.36
    - accept: */*
    - accept-encoding: gzip,deflate,br
    - content-type: application/json
    - content-length: 53

    at AuthenticatedPage.loginViaApi (/home/tbaltzakis/cloudless.gr/e2e/helpers/page-helpers.ts:63:48)
    at /home/tbaltzakis/cloudless.gr/e2e/ui/pages/dashboard.spec.ts:21:20 {
  log: [
    '  - → POST http://localhost:4000/api/auth/login',
    '    - user-agent: Mozilla/5.0 (Windows NT 10.0; Win64; x64) AppleWebKit/537.36 (KHTML, like Gecko) Chrome/151.0.7922.34 Safari/537.36',
    '    - accept: */*',
    '    - accept-encoding: gzip,deflate,br',
    '    - content-type: application/json',
    '    - content-length: 53'
  ],
  name: 'Error',
  Symbol(step): {
    location: {
      file: '/home/tbaltzakis/cloudless.gr/e2e/helpers/page-helpers.ts',
      line: 63,
      column: 48,
      function: 'AuthenticatedPage.loginViaApi'
    },
    category: 'pw:api',
    title: 'POST "/api/auth/login"',
    apiName: 'apiRequestContext.post',
    params: {
      url: '/api/auth/login',
      params: undefined,
      encodedParams: undefined,
      method: 'POST',
      headers: undefined,
      postData: undefined,
      jsonData: '{"email":"test@example.com","password":"password123"}',
      formData: undefined,
      multipartData: undefined,
      failOnStatusCode: undefined,
      ignoreHTTPSErrors: undefined,
      maxRedirects: undefined,
      maxRetries: undefined,
      __testHookLookup: undefined
    },
    group: undefined,
    stepId: 'pw:api@34',
    boxedStack: undefined,
    steps: [],
    attachmentIndices: [],
    info: TestStepInfoImpl {
      annotations: [],
      _testInfo: [TestInfoImpl],
      _stepId: 'pw:api@34',
      _title: 'POST "/api/auth/login"',
      _parentStep: [TestStepInfoImpl],
      skip: [Function (anonymous)]
    },
    complete: [Function: complete],
    endWallTime: 1786538534154,
    error: {
      message: 'Error: apiRequestContext.post: connect ECONNREFUSED ::1:4000\n' +
        'Call log:\n' +
        '\x1B[2m  - → POST http://localhost:4000/api/auth/login\x1B[22m\n' +
        '\x1B[2m    - user-agent: Mozilla/5.0 (Windows NT 10.0; Win64; x64) AppleWebKit/537.36 (KHTML, like Gecko) Chrome/151.0.7922.34 Safari/537.36\x1B[22m\n' +
        '\x1B[2m    - accept: */*\x1B[22m\n' +
        '\x1B[2m    - accept-encoding: gzip,deflate,br\x1B[22m\n' +
        '\x1B[2m    - content-type: application/json\x1B[22m\n' +
        '\x1B[2m    - content-length: 53\x1B[22m\n',
      stack: 'Error: apiRequestContext.post: connect ECONNREFUSED ::1:4000\n' +
        'Call log:\n' +
        '\x1B[2m  - → POST http://localhost:4000/api/auth/login\x1B[22m\n' +
        '\x1B[2m    - user-agent: Mozilla/5.0 (Windows NT 10.0; Win64; x64) AppleWebKit/537.36 (KHTML, like Gecko) Chrome/151.0.7922.34 Safari/537.36\x1B[22m\n' +
        '\x1B[2m    - accept: */*\x1B[22m\n' +
        '\x1B[2m    - accept-encoding: gzip,deflate,br\x1B[22m\n' +
        '\x1B[2m    - content-type: application/json\x1B[22m\n' +
        '\x1B[2m    - content-length: 53\x1B[22m\n' +
        '\n' +
        '    at apiRequestContext.post: connect ECONNREFUSED ::1:4000\n' +
        '    at AuthenticatedPage.loginViaApi (/home/tbaltzakis/cloudless.gr/e2e/helpers/page-helpers.ts:63:48)\n' +
        '    at /home/tbaltzakis/cloudless.gr/e2e/ui/pages/dashboard.spec.ts:21:20',
      cause: undefined
    }
  }
}
  ✘  2607 [chromium] › e2e/ui/pages/dashboard.spec.ts:26:7 › Dashboard Page › should load successfully (retry #1) (552ms)
API login failed, falling back to UI login: apiRequestContext.post: connect ECONNREFUSED ::1:4000
Call log:
  - → POST http://localhost:4000/api/auth/login
    - user-agent: Mozilla/5.0 (Windows NT 10.0; Win64; x64) AppleWebKit/537.36 (KHTML, like Gecko) Chrome/151.0.7922.34 Safari/537.36
    - accept: */*
    - accept-encoding: gzip,deflate,br
    - content-type: application/json
    - content-length: 53

    at AuthenticatedPage.loginViaApi (/home/tbaltzakis/cloudless.gr/e2e/helpers/page-helpers.ts:63:48)
    at /home/tbaltzakis/cloudless.gr/e2e/ui/pages/dashboard.spec.ts:21:20 {
  log: [
    '  - → POST http://localhost:4000/api/auth/login',
    '    - user-agent: Mozilla/5.0 (Windows NT 10.0; Win64; x64) AppleWebKit/537.36 (KHTML, like Gecko) Chrome/151.0.7922.34 Safari/537.36',
    '    - accept: */*',
    '    - accept-encoding: gzip,deflate,br',
    '    - content-type: application/json',
    '    - content-length: 53'
  ],
  name: 'Error',
  Symbol(step): {
    location: {
      file: '/home/tbaltzakis/cloudless.gr/e2e/helpers/page-helpers.ts',
      line: 63,
      column: 48,
      function: 'AuthenticatedPage.loginViaApi'
    },
    category: 'pw:api',
    title: 'POST "/api/auth/login"',
    apiName: 'apiRequestContext.post',
    params: {
      url: '/api/auth/login',
      params: undefined,
      encodedParams: undefined,
      method: 'POST',
      headers: undefined,
      postData: undefined,
      jsonData: '{"email":"test@example.com","password":"password123"}',
      formData: undefined,
      multipartData: undefined,
      failOnStatusCode: undefined,
      ignoreHTTPSErrors: undefined,
      maxRedirects: undefined,
      maxRetries: undefined,
      __testHookLookup: undefined
    },
    group: undefined,
    stepId: 'pw:api@34',
    boxedStack: undefined,
    steps: [],
    attachmentIndices: [],
    info: TestStepInfoImpl {
      annotations: [],
      _testInfo: [TestInfoImpl],
      _stepId: 'pw:api@34',
      _title: 'POST "/api/auth/login"',
      _parentStep: [TestStepInfoImpl],
      skip: [Function (anonymous)]
    },
    complete: [Function: complete],
    endWallTime: 1786538534516,
    error: {
      message: 'Error: apiRequestContext.post: connect ECONNREFUSED ::1:4000\n' +
        'Call log:\n' +
        '\x1B[2m  - → POST http://localhost:4000/api/auth/login\x1B[22m\n' +
        '\x1B[2m    - user-agent: Mozilla/5.0 (Windows NT 10.0; Win64; x64) AppleWebKit/537.36 (KHTML, like Gecko) Chrome/151.0.7922.34 Safari/537.36\x1B[22m\n' +
        '\x1B[2m    - accept: */*\x1B[22m\n' +
        '\x1B[2m    - accept-encoding: gzip,deflate,br\x1B[22m\n' +
        '\x1B[2m    - content-type: application/json\x1B[22m\n' +
        '\x1B[2m    - content-length: 53\x1B[22m\n',
      stack: 'Error: apiRequestContext.post: connect ECONNREFUSED ::1:4000\n' +
        'Call log:\n' +
        '\x1B[2m  - → POST http://localhost:4000/api/auth/login\x1B[22m\n' +
        '\x1B[2m    - user-agent: Mozilla/5.0 (Windows NT 10.0; Win64; x64) AppleWebKit/537.36 (KHTML, like Gecko) Chrome/151.0.7922.34 Safari/537.36\x1B[22m\n' +
        '\x1B[2m    - accept: */*\x1B[22m\n' +
        '\x1B[2m    - accept-encoding: gzip,deflate,br\x1B[22m\n' +
        '\x1B[2m    - content-type: application/json\x1B[22m\n' +
        '\x1B[2m    - content-length: 53\x1B[22m\n' +
        '\n' +
        '    at apiRequestContext.post: connect ECONNREFUSED ::1:4000\n' +
        '    at AuthenticatedPage.loginViaApi (/home/tbaltzakis/cloudless.gr/e2e/helpers/page-helpers.ts:63:48)\n' +
        '    at /home/tbaltzakis/cloudless.gr/e2e/ui/pages/dashboard.spec.ts:21:20',
      cause: undefined
    }
  }
}
  ✘  2608 [chromium] › e2e/ui/pages/dashboard.spec.ts:34:7 › Dashboard Page › should show user information (retry #1) (577ms)
API login failed, falling back to UI login: apiRequestContext.post: connect ECONNREFUSED ::1:4000
Call log:
  - → POST http://localhost:4000/api/auth/login
    - user-agent: Mozilla/5.0 (Windows NT 10.0; Win64; x64) AppleWebKit/537.36 (KHTML, like Gecko) Chrome/151.0.7922.34 Safari/537.36
    - accept: */*
    - accept-encoding: gzip,deflate,br
    - content-type: application/json
    - content-length: 53

    at AuthenticatedPage.loginViaApi (/home/tbaltzakis/cloudless.gr/e2e/helpers/page-helpers.ts:63:48)
    at /home/tbaltzakis/cloudless.gr/e2e/ui/pages/dashboard.spec.ts:21:20 {
  log: [
    '  - → POST http://localhost:4000/api/auth/login',
    '    - user-agent: Mozilla/5.0 (Windows NT 10.0; Win64; x64) AppleWebKit/537.36 (KHTML, like Gecko) Chrome/151.0.7922.34 Safari/537.36',
    '    - accept: */*',
    '    - accept-encoding: gzip,deflate,br',
    '    - content-type: application/json',
    '    - content-length: 53'
  ],
  name: 'Error',
  Symbol(step): {
    location: {
      file: '/home/tbaltzakis/cloudless.gr/e2e/helpers/page-helpers.ts',
      line: 63,
      column: 48,
      function: 'AuthenticatedPage.loginViaApi'
    },
    category: 'pw:api',
    title: 'POST "/api/auth/login"',
    apiName: 'apiRequestContext.post',
    params: {
      url: '/api/auth/login',
      params: undefined,
      encodedParams: undefined,
      method: 'POST',
      headers: undefined,
      postData: undefined,
      jsonData: '{"email":"test@example.com","password":"password123"}',
      formData: undefined,
      multipartData: undefined,
      failOnStatusCode: undefined,
      ignoreHTTPSErrors: undefined,
      maxRedirects: undefined,
      maxRetries: undefined,
      __testHookLookup: undefined
    },
    group: undefined,
    stepId: 'pw:api@34',
    boxedStack: undefined,
    steps: [],
    attachmentIndices: [],
    info: TestStepInfoImpl {
      annotations: [],
      _testInfo: [TestInfoImpl],
      _stepId: 'pw:api@34',
      _title: 'POST "/api/auth/login"',
      _parentStep: [TestStepInfoImpl],
      skip: [Function (anonymous)]
    },
    complete: [Function: complete],
    endWallTime: 1786538535197,
    error: {
      message: 'Error: apiRequestContext.post: connect ECONNREFUSED ::1:4000\n' +
        'Call log:\n' +
        '\x1B[2m  - → POST http://localhost:4000/api/auth/login\x1B[22m\n' +
        '\x1B[2m    - user-agent: Mozilla/5.0 (Windows NT 10.0; Win64; x64) AppleWebKit/537.36 (KHTML, like Gecko) Chrome/151.0.7922.34 Safari/537.36\x1B[22m\n' +
        '\x1B[2m    - accept: */*\x1B[22m\n' +
        '\x1B[2m    - accept-encoding: gzip,deflate,br\x1B[22m\n' +
        '\x1B[2m    - content-type: application/json\x1B[22m\n' +
        '\x1B[2m    - content-length: 53\x1B[22m\n',
      stack: 'Error: apiRequestContext.post: connect ECONNREFUSED ::1:4000\n' +
        'Call log:\n' +
        '\x1B[2m  - → POST http://localhost:4000/api/auth/login\x1B[22m\n' +
        '\x1B[2m    - user-agent: Mozilla/5.0 (Windows NT 10.0; Win64; x64) AppleWebKit/537.36 (KHTML, like Gecko) Chrome/151.0.7922.34 Safari/537.36\x1B[22m\n' +
        '\x1B[2m    - accept: */*\x1B[22m\n' +
        '\x1B[2m    - accept-encoding: gzip,deflate,br\x1B[22m\n' +
        '\x1B[2m    - content-type: application/json\x1B[22m\n' +
        '\x1B[2m    - content-length: 53\x1B[22m\n' +
        '\n' +
        '    at apiRequestContext.post: connect ECONNREFUSED ::1:4000\n' +
        '    at AuthenticatedPage.loginViaApi (/home/tbaltzakis/cloudless.gr/e2e/helpers/page-helpers.ts:63:48)\n' +
        '    at /home/tbaltzakis/cloudless.gr/e2e/ui/pages/dashboard.spec.ts:21:20',
      cause: undefined
    }
  }
}
  ✘  2609 [chromium] › e2e/ui/pages/dashboard.spec.ts:40:7 › Dashboard Page › should have navigation sidebar (593ms)
API login failed, falling back to UI login: apiRequestContext.post: connect ECONNREFUSED ::1:4000
Call log:
  - → POST http://localhost:4000/api/auth/login
    - user-agent: Mozilla/5.0 (Windows NT 10.0; Win64; x64) AppleWebKit/537.36 (KHTML, like Gecko) Chrome/151.0.7922.34 Safari/537.36
    - accept: */*
    - accept-encoding: gzip,deflate,br
    - content-type: application/json
    - content-length: 53

    at AuthenticatedPage.loginViaApi (/home/tbaltzakis/cloudless.gr/e2e/helpers/page-helpers.ts:63:48)
    at /home/tbaltzakis/cloudless.gr/e2e/ui/pages/dashboard.spec.ts:21:20 {
  log: [
    '  - → POST http://localhost:4000/api/auth/login',
    '    - user-agent: Mozilla/5.0 (Windows NT 10.0; Win64; x64) AppleWebKit/537.36 (KHTML, like Gecko) Chrome/151.0.7922.34 Safari/537.36',
    '    - accept: */*',
    '    - accept-encoding: gzip,deflate,br',
    '    - content-type: application/json',
    '    - content-length: 53'
  ],
  name: 'Error',
  Symbol(step): {
    location: {
      file: '/home/tbaltzakis/cloudless.gr/e2e/helpers/page-helpers.ts',
      line: 63,
      column: 48,
      function: 'AuthenticatedPage.loginViaApi'
    },
    category: 'pw:api',
    title: 'POST "/api/auth/login"',
    apiName: 'apiRequestContext.post',
    params: {
      url: '/api/auth/login',
      params: undefined,
      encodedParams: undefined,
      method: 'POST',
      headers: undefined,
      postData: undefined,
      jsonData: '{"email":"test@example.com","password":"password123"}',
      formData: undefined,
      multipartData: undefined,
      failOnStatusCode: undefined,
      ignoreHTTPSErrors: undefined,
      maxRedirects: undefined,
      maxRetries: undefined,
      __testHookLookup: undefined
    },
    group: undefined,
    stepId: 'pw:api@34',
    boxedStack: undefined,
    steps: [],
    attachmentIndices: [],
    info: TestStepInfoImpl {
      annotations: [],
      _testInfo: [TestInfoImpl],
      _stepId: 'pw:api@34',
      _title: 'POST "/api/auth/login"',
      _parentStep: [TestStepInfoImpl],
      skip: [Function (anonymous)]
    },
    complete: [Function: complete],
    endWallTime: 1786538535549,
    error: {
      message: 'Error: apiRequestContext.post: connect ECONNREFUSED ::1:4000\n' +
        'Call log:\n' +
        '\x1B[2m  - → POST http://localhost:4000/api/auth/login\x1B[22m\n' +
        '\x1B[2m    - user-agent: Mozilla/5.0 (Windows NT 10.0; Win64; x64) AppleWebKit/537.36 (KHTML, like Gecko) Chrome/151.0.7922.34 Safari/537.36\x1B[22m\n' +
        '\x1B[2m    - accept: */*\x1B[22m\n' +
        '\x1B[2m    - accept-encoding: gzip,deflate,br\x1B[22m\n' +
        '\x1B[2m    - content-type: application/json\x1B[22m\n' +
        '\x1B[2m    - content-length: 53\x1B[22m\n',
      stack: 'Error: apiRequestContext.post: connect ECONNREFUSED ::1:4000\n' +
        'Call log:\n' +
        '\x1B[2m  - → POST http://localhost:4000/api/auth/login\x1B[22m\n' +
        '\x1B[2m    - user-agent: Mozilla/5.0 (Windows NT 10.0; Win64; x64) AppleWebKit/537.36 (KHTML, like Gecko) Chrome/151.0.7922.34 Safari/537.36\x1B[22m\n' +
        '\x1B[2m    - accept: */*\x1B[22m\n' +
        '\x1B[2m    - accept-encoding: gzip,deflate,br\x1B[22m\n' +
        '\x1B[2m    - content-type: application/json\x1B[22m\n' +
        '\x1B[2m    - content-length: 53\x1B[22m\n' +
        '\n' +
        '    at apiRequestContext.post: connect ECONNREFUSED ::1:4000\n' +
        '    at AuthenticatedPage.loginViaApi (/home/tbaltzakis/cloudless.gr/e2e/helpers/page-helpers.ts:63:48)\n' +
        '    at /home/tbaltzakis/cloudless.gr/e2e/ui/pages/dashboard.spec.ts:21:20',
      cause: undefined
    }
  }
}
  ✘  2610 [chromium] › e2e/ui/pages/dashboard.spec.ts:51:7 › Dashboard Page › should have main content area (561ms)
API login failed, falling back to UI login: apiRequestContext.post: connect ECONNREFUSED ::1:4000
Call log:
  - → POST http://localhost:4000/api/auth/login
    - user-agent: Mozilla/5.0 (Windows NT 10.0; Win64; x64) AppleWebKit/537.36 (KHTML, like Gecko) Chrome/151.0.7922.34 Safari/537.36
    - accept: */*
    - accept-encoding: gzip,deflate,br
    - content-type: application/json
    - content-length: 53

    at AuthenticatedPage.loginViaApi (/home/tbaltzakis/cloudless.gr/e2e/helpers/page-helpers.ts:63:48)
    at /home/tbaltzakis/cloudless.gr/e2e/ui/pages/dashboard.spec.ts:21:20 {
  log: [
    '  - → POST http://localhost:4000/api/auth/login',
    '    - user-agent: Mozilla/5.0 (Windows NT 10.0; Win64; x64) AppleWebKit/537.36 (KHTML, like Gecko) Chrome/151.0.7922.34 Safari/537.36',
    '    - accept: */*',
    '    - accept-encoding: gzip,deflate,br',
    '    - content-type: application/json',
    '    - content-length: 53'
  ],
  name: 'Error',
  Symbol(step): {
    location: {
      file: '/home/tbaltzakis/cloudless.gr/e2e/helpers/page-helpers.ts',
      line: 63,
      column: 48,
      function: 'AuthenticatedPage.loginViaApi'
    },
    category: 'pw:api',
    title: 'POST "/api/auth/login"',
    apiName: 'apiRequestContext.post',
    params: {
      url: '/api/auth/login',
      params: undefined,
      encodedParams: undefined,
      method: 'POST',
      headers: undefined,
      postData: undefined,
      jsonData: '{"email":"test@example.com","password":"password123"}',
      formData: undefined,
      multipartData: undefined,
      failOnStatusCode: undefined,
      ignoreHTTPSErrors: undefined,
      maxRedirects: undefined,
      maxRetries: undefined,
      __testHookLookup: undefined
    },
    group: undefined,
    stepId: 'pw:api@34',
    boxedStack: undefined,
    steps: [],
    attachmentIndices: [],
    info: TestStepInfoImpl {
      annotations: [],
      _testInfo: [TestInfoImpl],
      _stepId: 'pw:api@34',
      _title: 'POST "/api/auth/login"',
      _parentStep: [TestStepInfoImpl],
      skip: [Function (anonymous)]
    },
    complete: [Function: complete],
    endWallTime: 1786538536222,
    error: {
      message: 'Error: apiRequestContext.post: connect ECONNREFUSED ::1:4000\n' +
        'Call log:\n' +
        '\x1B[2m  - → POST http://localhost:4000/api/auth/login\x1B[22m\n' +
        '\x1B[2m    - user-agent: Mozilla/5.0 (Windows NT 10.0; Win64; x64) AppleWebKit/537.36 (KHTML, like Gecko) Chrome/151.0.7922.34 Safari/537.36\x1B[22m\n' +
        '\x1B[2m    - accept: */*\x1B[22m\n' +
        '\x1B[2m    - accept-encoding: gzip,deflate,br\x1B[22m\n' +
        '\x1B[2m    - content-type: application/json\x1B[22m\n' +
        '\x1B[2m    - content-length: 53\x1B[22m\n',
      stack: 'Error: apiRequestContext.post: connect ECONNREFUSED ::1:4000\n' +
        'Call log:\n' +
        '\x1B[2m  - → POST http://localhost:4000/api/auth/login\x1B[22m\n' +
        '\x1B[2m    - user-agent: Mozilla/5.0 (Windows NT 10.0; Win64; x64) AppleWebKit/537.36 (KHTML, like Gecko) Chrome/151.0.7922.34 Safari/537.36\x1B[22m\n' +
        '\x1B[2m    - accept: */*\x1B[22m\n' +
        '\x1B[2m    - accept-encoding: gzip,deflate,br\x1B[22m\n' +
        '\x1B[2m    - content-type: application/json\x1B[22m\n' +
        '\x1B[2m    - content-length: 53\x1B[22m\n' +
        '\n' +
        '    at apiRequestContext.post: connect ECONNREFUSED ::1:4000\n' +
        '    at AuthenticatedPage.loginViaApi (/home/tbaltzakis/cloudless.gr/e2e/helpers/page-helpers.ts:63:48)\n' +
        '    at /home/tbaltzakis/cloudless.gr/e2e/ui/pages/dashboard.spec.ts:21:20',
      cause: undefined
    }
  }
}
  ✘  2611 [chromium] › e2e/ui/pages/dashboard.spec.ts:40:7 › Dashboard Page › should have navigation sidebar (retry #1) (554ms)
API login failed, falling back to UI login: apiRequestContext.post: connect ECONNREFUSED ::1:4000
Call log:
  - → POST http://localhost:4000/api/auth/login
    - user-agent: Mozilla/5.0 (Windows NT 10.0; Win64; x64) AppleWebKit/537.36 (KHTML, like Gecko) Chrome/151.0.7922.34 Safari/537.36
    - accept: */*
    - accept-encoding: gzip,deflate,br
    - content-type: application/json
    - content-length: 53

    at AuthenticatedPage.loginViaApi (/home/tbaltzakis/cloudless.gr/e2e/helpers/page-helpers.ts:63:48)
    at /home/tbaltzakis/cloudless.gr/e2e/ui/pages/dashboard.spec.ts:21:20 {
  log: [
    '  - → POST http://localhost:4000/api/auth/login',
    '    - user-agent: Mozilla/5.0 (Windows NT 10.0; Win64; x64) AppleWebKit/537.36 (KHTML, like Gecko) Chrome/151.0.7922.34 Safari/537.36',
    '    - accept: */*',
    '    - accept-encoding: gzip,deflate,br',
    '    - content-type: application/json',
    '    - content-length: 53'
  ],
  name: 'Error',
  Symbol(step): {
    location: {
      file: '/home/tbaltzakis/cloudless.gr/e2e/helpers/page-helpers.ts',
      line: 63,
      column: 48,
      function: 'AuthenticatedPage.loginViaApi'
    },
    category: 'pw:api',
    title: 'POST "/api/auth/login"',
    apiName: 'apiRequestContext.post',
    params: {
      url: '/api/auth/login',
      params: undefined,
      encodedParams: undefined,
      method: 'POST',
      headers: undefined,
      postData: undefined,
      jsonData: '{"email":"test@example.com","password":"password123"}',
      formData: undefined,
      multipartData: undefined,
      failOnStatusCode: undefined,
      ignoreHTTPSErrors: undefined,
      maxRedirects: undefined,
      maxRetries: undefined,
      __testHookLookup: undefined
    },
    group: undefined,
    stepId: 'pw:api@34',
    boxedStack: undefined,
    steps: [],
    attachmentIndices: [],
    info: TestStepInfoImpl {
      annotations: [],
      _testInfo: [TestInfoImpl],
      _stepId: 'pw:api@34',
      _title: 'POST "/api/auth/login"',
      _parentStep: [TestStepInfoImpl],
      skip: [Function (anonymous)]
    },
    complete: [Function: complete],
    endWallTime: 1786538536566,
    error: {
      message: 'Error: apiRequestContext.post: connect ECONNREFUSED ::1:4000\n' +
        'Call log:\n' +
        '\x1B[2m  - → POST http://localhost:4000/api/auth/login\x1B[22m\n' +
        '\x1B[2m    - user-agent: Mozilla/5.0 (Windows NT 10.0; Win64; x64) AppleWebKit/537.36 (KHTML, like Gecko) Chrome/151.0.7922.34 Safari/537.36\x1B[22m\n' +
        '\x1B[2m    - accept: */*\x1B[22m\n' +
        '\x1B[2m    - accept-encoding: gzip,deflate,br\x1B[22m\n' +
        '\x1B[2m    - content-type: application/json\x1B[22m\n' +
        '\x1B[2m    - content-length: 53\x1B[22m\n',
      stack: 'Error: apiRequestContext.post: connect ECONNREFUSED ::1:4000\n' +
        'Call log:\n' +
        '\x1B[2m  - → POST http://localhost:4000/api/auth/login\x1B[22m\n' +
        '\x1B[2m    - user-agent: Mozilla/5.0 (Windows NT 10.0; Win64; x64) AppleWebKit/537.36 (KHTML, like Gecko) Chrome/151.0.7922.34 Safari/537.36\x1B[22m\n' +
        '\x1B[2m    - accept: */*\x1B[22m\n' +
        '\x1B[2m    - accept-encoding: gzip,deflate,br\x1B[22m\n' +
        '\x1B[2m    - content-type: application/json\x1B[22m\n' +
        '\x1B[2m    - content-length: 53\x1B[22m\n' +
        '\n' +
        '    at apiRequestContext.post: connect ECONNREFUSED ::1:4000\n' +
        '    at AuthenticatedPage.loginViaApi (/home/tbaltzakis/cloudless.gr/e2e/helpers/page-helpers.ts:63:48)\n' +
        '    at /home/tbaltzakis/cloudless.gr/e2e/ui/pages/dashboard.spec.ts:21:20',
      cause: undefined
    }
  }
}
  ✘  2612 [chromium] › e2e/ui/pages/dashboard.spec.ts:51:7 › Dashboard Page › should have main content area (retry #1) (587ms)
API login failed, falling back to UI login: apiRequestContext.post: connect ECONNREFUSED ::1:4000
Call log:
  - → POST http://localhost:4000/api/auth/login
    - user-agent: Mozilla/5.0 (Windows NT 10.0; Win64; x64) AppleWebKit/537.36 (KHTML, like Gecko) Chrome/151.0.7922.34 Safari/537.36
    - accept: */*
    - accept-encoding: gzip,deflate,br
    - content-type: application/json
    - content-length: 53

    at AuthenticatedPage.loginViaApi (/home/tbaltzakis/cloudless.gr/e2e/helpers/page-helpers.ts:63:48)
    at /home/tbaltzakis/cloudless.gr/e2e/ui/pages/dashboard.spec.ts:21:20 {
  log: [
    '  - → POST http://localhost:4000/api/auth/login',
    '    - user-agent: Mozilla/5.0 (Windows NT 10.0; Win64; x64) AppleWebKit/537.36 (KHTML, like Gecko) Chrome/151.0.7922.34 Safari/537.36',
    '    - accept: */*',
    '    - accept-encoding: gzip,deflate,br',
    '    - content-type: application/json',
    '    - content-length: 53'
  ],
  name: 'Error',
  Symbol(step): {
    location: {
      file: '/home/tbaltzakis/cloudless.gr/e2e/helpers/page-helpers.ts',
      line: 63,
      column: 48,
      function: 'AuthenticatedPage.loginViaApi'
    },
    category: 'pw:api',
    title: 'POST "/api/auth/login"',
    apiName: 'apiRequestContext.post',
    params: {
      url: '/api/auth/login',
      params: undefined,
      encodedParams: undefined,
      method: 'POST',
      headers: undefined,
      postData: undefined,
      jsonData: '{"email":"test@example.com","password":"password123"}',
      formData: undefined,
      multipartData: undefined,
      failOnStatusCode: undefined,
      ignoreHTTPSErrors: undefined,
      maxRedirects: undefined,
      maxRetries: undefined,
      __testHookLookup: undefined
    },
    group: undefined,
    stepId: 'pw:api@34',
    boxedStack: undefined,
    steps: [],
    attachmentIndices: [],
    info: TestStepInfoImpl {
      annotations: [],
      _testInfo: [TestInfoImpl],
      _stepId: 'pw:api@34',
      _title: 'POST "/api/auth/login"',
      _parentStep: [TestStepInfoImpl],
      skip: [Function (anonymous)]
    },
    complete: [Function: complete],
    endWallTime: 1786538537250,
    error: {
      message: 'Error: apiRequestContext.post: connect ECONNREFUSED ::1:4000\n' +
        'Call log:\n' +
        '\x1B[2m  - → POST http://localhost:4000/api/auth/login\x1B[22m\n' +
        '\x1B[2m    - user-agent: Mozilla/5.0 (Windows NT 10.0; Win64; x64) AppleWebKit/537.36 (KHTML, like Gecko) Chrome/151.0.7922.34 Safari/537.36\x1B[22m\n' +
        '\x1B[2m    - accept: */*\x1B[22m\n' +
        '\x1B[2m    - accept-encoding: gzip,deflate,br\x1B[22m\n' +
        '\x1B[2m    - content-type: application/json\x1B[22m\n' +
        '\x1B[2m    - content-length: 53\x1B[22m\n',
      stack: 'Error: apiRequestContext.post: connect ECONNREFUSED ::1:4000\n' +
        'Call log:\n' +
        '\x1B[2m  - → POST http://localhost:4000/api/auth/login\x1B[22m\n' +
        '\x1B[2m    - user-agent: Mozilla/5.0 (Windows NT 10.0; Win64; x64) AppleWebKit/537.36 (KHTML, like Gecko) Chrome/151.0.7922.34 Safari/537.36\x1B[22m\n' +
        '\x1B[2m    - accept: */*\x1B[22m\n' +
        '\x1B[2m    - accept-encoding: gzip,deflate,br\x1B[22m\n' +
        '\x1B[2m    - content-type: application/json\x1B[22m\n' +
        '\x1B[2m    - content-length: 53\x1B[22m\n' +
        '\n' +
        '    at apiRequestContext.post: connect ECONNREFUSED ::1:4000\n' +
        '    at AuthenticatedPage.loginViaApi (/home/tbaltzakis/cloudless.gr/e2e/helpers/page-helpers.ts:63:48)\n' +
        '    at /home/tbaltzakis/cloudless.gr/e2e/ui/pages/dashboard.spec.ts:21:20',
      cause: undefined
    }
  }
}
  ✘  2613 [chromium] › e2e/ui/pages/dashboard.spec.ts:56:7 › Dashboard Page › should show overview widgets or cards (541ms)
API login failed, falling back to UI login: apiRequestContext.post: connect ECONNREFUSED ::1:4000
Call log:
  - → POST http://localhost:4000/api/auth/login
    - user-agent: Mozilla/5.0 (Windows NT 10.0; Win64; x64) AppleWebKit/537.36 (KHTML, like Gecko) Chrome/151.0.7922.34 Safari/537.36
    - accept: */*
    - accept-encoding: gzip,deflate,br
    - content-type: application/json
    - content-length: 53

    at AuthenticatedPage.loginViaApi (/home/tbaltzakis/cloudless.gr/e2e/helpers/page-helpers.ts:63:48)
    at /home/tbaltzakis/cloudless.gr/e2e/ui/pages/dashboard.spec.ts:21:20 {
  log: [
    '  - → POST http://localhost:4000/api/auth/login',
    '    - user-agent: Mozilla/5.0 (Windows NT 10.0; Win64; x64) AppleWebKit/537.36 (KHTML, like Gecko) Chrome/151.0.7922.34 Safari/537.36',
    '    - accept: */*',
    '    - accept-encoding: gzip,deflate,br',
    '    - content-type: application/json',
    '    - content-length: 53'
  ],
  name: 'Error',
  Symbol(step): {
    location: {
      file: '/home/tbaltzakis/cloudless.gr/e2e/helpers/page-helpers.ts',
      line: 63,
      column: 48,
      function: 'AuthenticatedPage.loginViaApi'
    },
    category: 'pw:api',
    title: 'POST "/api/auth/login"',
    apiName: 'apiRequestContext.post',
    params: {
      url: '/api/auth/login',
      params: undefined,
      encodedParams: undefined,
      method: 'POST',
      headers: undefined,
      postData: undefined,
      jsonData: '{"email":"test@example.com","password":"password123"}',
      formData: undefined,
      multipartData: undefined,
      failOnStatusCode: undefined,
      ignoreHTTPSErrors: undefined,
      maxRedirects: undefined,
      maxRetries: undefined,
      __testHookLookup: undefined
    },
    group: undefined,
    stepId: 'pw:api@34',
    boxedStack: undefined,
    steps: [],
    attachmentIndices: [],
    info: TestStepInfoImpl {
      annotations: [],
      _testInfo: [TestInfoImpl],
      _stepId: 'pw:api@34',
      _title: 'POST "/api/auth/login"',
      _parentStep: [TestStepInfoImpl],
      skip: [Function (anonymous)]
    },
    complete: [Function: complete],
    endWallTime: 1786538537597,
    error: {
      message: 'Error: apiRequestContext.post: connect ECONNREFUSED ::1:4000\n' +
        'Call log:\n' +
        '\x1B[2m  - → POST http://localhost:4000/api/auth/login\x1B[22m\n' +
        '\x1B[2m    - user-agent: Mozilla/5.0 (Windows NT 10.0; Win64; x64) AppleWebKit/537.36 (KHTML, like Gecko) Chrome/151.0.7922.34 Safari/537.36\x1B[22m\n' +
        '\x1B[2m    - accept: */*\x1B[22m\n' +
        '\x1B[2m    - accept-encoding: gzip,deflate,br\x1B[22m\n' +
        '\x1B[2m    - content-type: application/json\x1B[22m\n' +
        '\x1B[2m    - content-length: 53\x1B[22m\n',
      stack: 'Error: apiRequestContext.post: connect ECONNREFUSED ::1:4000\n' +
        'Call log:\n' +
        '\x1B[2m  - → POST http://localhost:4000/api/auth/login\x1B[22m\n' +
        '\x1B[2m    - user-agent: Mozilla/5.0 (Windows NT 10.0; Win64; x64) AppleWebKit/537.36 (KHTML, like Gecko) Chrome/151.0.7922.34 Safari/537.36\x1B[22m\n' +
        '\x1B[2m    - accept: */*\x1B[22m\n' +
        '\x1B[2m    - accept-encoding: gzip,deflate,br\x1B[22m\n' +
        '\x1B[2m    - content-type: application/json\x1B[22m\n' +
        '\x1B[2m    - content-length: 53\x1B[22m\n' +
        '\n' +
        '    at apiRequestContext.post: connect ECONNREFUSED ::1:4000\n' +
        '    at AuthenticatedPage.loginViaApi (/home/tbaltzakis/cloudless.gr/e2e/helpers/page-helpers.ts:63:48)\n' +
        '    at /home/tbaltzakis/cloudless.gr/e2e/ui/pages/dashboard.spec.ts:21:20',
      cause: undefined
    }
  }
}
  ✘  2614 [chromium] › e2e/ui/pages/dashboard.spec.ts:74:7 › Dashboard Page › should show recent activity or orders (561ms)
API login failed, falling back to UI login: apiRequestContext.post: connect ECONNREFUSED ::1:4000
Call log:
  - → POST http://localhost:4000/api/auth/login
    - user-agent: Mozilla/5.0 (Windows NT 10.0; Win64; x64) AppleWebKit/537.36 (KHTML, like Gecko) Chrome/151.0.7922.34 Safari/537.36
    - accept: */*
    - accept-encoding: gzip,deflate,br
    - content-type: application/json
    - content-length: 53

    at AuthenticatedPage.loginViaApi (/home/tbaltzakis/cloudless.gr/e2e/helpers/page-helpers.ts:63:48)
    at /home/tbaltzakis/cloudless.gr/e2e/ui/pages/dashboard.spec.ts:21:20 {
  log: [
    '  - → POST http://localhost:4000/api/auth/login',
    '    - user-agent: Mozilla/5.0 (Windows NT 10.0; Win64; x64) AppleWebKit/537.36 (KHTML, like Gecko) Chrome/151.0.7922.34 Safari/537.36',
    '    - accept: */*',
    '    - accept-encoding: gzip,deflate,br',
    '    - content-type: application/json',
    '    - content-length: 53'
  ],
  name: 'Error',
  Symbol(step): {
    location: {
      file: '/home/tbaltzakis/cloudless.gr/e2e/helpers/page-helpers.ts',
      line: 63,
      column: 48,
      function: 'AuthenticatedPage.loginViaApi'
    },
    category: 'pw:api',
    title: 'POST "/api/auth/login"',
    apiName: 'apiRequestContext.post',
    params: {
      url: '/api/auth/login',
      params: undefined,
      encodedParams: undefined,
      method: 'POST',
      headers: undefined,
      postData: undefined,
      jsonData: '{"email":"test@example.com","password":"password123"}',
      formData: undefined,
      multipartData: undefined,
      failOnStatusCode: undefined,
      ignoreHTTPSErrors: undefined,
      maxRedirects: undefined,
      maxRetries: undefined,
      __testHookLookup: undefined
    },
    group: undefined,
    stepId: 'pw:api@34',
    boxedStack: undefined,
    steps: [],
    attachmentIndices: [],
    info: TestStepInfoImpl {
      annotations: [],
      _testInfo: [TestInfoImpl],
      _stepId: 'pw:api@34',
      _title: 'POST "/api/auth/login"',
      _parentStep: [TestStepInfoImpl],
      skip: [Function (anonymous)]
    },
    complete: [Function: complete],
    endWallTime: 1786538538256,
    error: {
      message: 'Error: apiRequestContext.post: connect ECONNREFUSED ::1:4000\n' +
        'Call log:\n' +
        '\x1B[2m  - → POST http://localhost:4000/api/auth/login\x1B[22m\n' +
        '\x1B[2m    - user-agent: Mozilla/5.0 (Windows NT 10.0; Win64; x64) AppleWebKit/537.36 (KHTML, like Gecko) Chrome/151.0.7922.34 Safari/537.36\x1B[22m\n' +
        '\x1B[2m    - accept: */*\x1B[22m\n' +
        '\x1B[2m    - accept-encoding: gzip,deflate,br\x1B[22m\n' +
        '\x1B[2m    - content-type: application/json\x1B[22m\n' +
        '\x1B[2m    - content-length: 53\x1B[22m\n',
      stack: 'Error: apiRequestContext.post: connect ECONNREFUSED ::1:4000\n' +
        'Call log:\n' +
        '\x1B[2m  - → POST http://localhost:4000/api/auth/login\x1B[22m\n' +
        '\x1B[2m    - user-agent: Mozilla/5.0 (Windows NT 10.0; Win64; x64) AppleWebKit/537.36 (KHTML, like Gecko) Chrome/151.0.7922.34 Safari/537.36\x1B[22m\n' +
        '\x1B[2m    - accept: */*\x1B[22m\n' +
        '\x1B[2m    - accept-encoding: gzip,deflate,br\x1B[22m\n' +
        '\x1B[2m    - content-type: application/json\x1B[22m\n' +
        '\x1B[2m    - content-length: 53\x1B[22m\n' +
        '\n' +
        '    at apiRequestContext.post: connect ECONNREFUSED ::1:4000\n' +
        '    at AuthenticatedPage.loginViaApi (/home/tbaltzakis/cloudless.gr/e2e/helpers/page-helpers.ts:63:48)\n' +
        '    at /home/tbaltzakis/cloudless.gr/e2e/ui/pages/dashboard.spec.ts:21:20',
      cause: undefined
    }
  }
}
  ✘  2615 [chromium] › e2e/ui/pages/dashboard.spec.ts:56:7 › Dashboard Page › should show overview widgets or cards (retry #1) (566ms)
API login failed, falling back to UI login: apiRequestContext.post: connect ECONNREFUSED ::1:4000
Call log:
  - → POST http://localhost:4000/api/auth/login
    - user-agent: Mozilla/5.0 (Windows NT 10.0; Win64; x64) AppleWebKit/537.36 (KHTML, like Gecko) Chrome/151.0.7922.34 Safari/537.36
    - accept: */*
    - accept-encoding: gzip,deflate,br
    - content-type: application/json
    - content-length: 53

    at AuthenticatedPage.loginViaApi (/home/tbaltzakis/cloudless.gr/e2e/helpers/page-helpers.ts:63:48)
    at /home/tbaltzakis/cloudless.gr/e2e/ui/pages/dashboard.spec.ts:21:20 {
  log: [
    '  - → POST http://localhost:4000/api/auth/login',
    '    - user-agent: Mozilla/5.0 (Windows NT 10.0; Win64; x64) AppleWebKit/537.36 (KHTML, like Gecko) Chrome/151.0.7922.34 Safari/537.36',
    '    - accept: */*',
    '    - accept-encoding: gzip,deflate,br',
    '    - content-type: application/json',
    '    - content-length: 53'
  ],
  name: 'Error',
  Symbol(step): {
    location: {
      file: '/home/tbaltzakis/cloudless.gr/e2e/helpers/page-helpers.ts',
      line: 63,
      column: 48,
      function: 'AuthenticatedPage.loginViaApi'
    },
    category: 'pw:api',
    title: 'POST "/api/auth/login"',
    apiName: 'apiRequestContext.post',
    params: {
      url: '/api/auth/login',
      params: undefined,
      encodedParams: undefined,
      method: 'POST',
      headers: undefined,
      postData: undefined,
      jsonData: '{"email":"test@example.com","password":"password123"}',
      formData: undefined,
      multipartData: undefined,
      failOnStatusCode: undefined,
      ignoreHTTPSErrors: undefined,
      maxRedirects: undefined,
      maxRetries: undefined,
      __testHookLookup: undefined
    },
    group: undefined,
    stepId: 'pw:api@34',
    boxedStack: undefined,
    steps: [],
    attachmentIndices: [],
    info: TestStepInfoImpl {
      annotations: [],
      _testInfo: [TestInfoImpl],
      _stepId: 'pw:api@34',
      _title: 'POST "/api/auth/login"',
      _parentStep: [TestStepInfoImpl],
      skip: [Function (anonymous)]
    },
    complete: [Function: complete],
    endWallTime: 1786538538594,
    error: {
      message: 'Error: apiRequestContext.post: connect ECONNREFUSED ::1:4000\n' +
        'Call log:\n' +
        '\x1B[2m  - → POST http://localhost:4000/api/auth/login\x1B[22m\n' +
        '\x1B[2m    - user-agent: Mozilla/5.0 (Windows NT 10.0; Win64; x64) AppleWebKit/537.36 (KHTML, like Gecko) Chrome/151.0.7922.34 Safari/537.36\x1B[22m\n' +
        '\x1B[2m    - accept: */*\x1B[22m\n' +
        '\x1B[2m    - accept-encoding: gzip,deflate,br\x1B[22m\n' +
        '\x1B[2m    - content-type: application/json\x1B[22m\n' +
        '\x1B[2m    - content-length: 53\x1B[22m\n',
      stack: 'Error: apiRequestContext.post: connect ECONNREFUSED ::1:4000\n' +
        'Call log:\n' +
        '\x1B[2m  - → POST http://localhost:4000/api/auth/login\x1B[22m\n' +
        '\x1B[2m    - user-agent: Mozilla/5.0 (Windows NT 10.0; Win64; x64) AppleWebKit/537.36 (KHTML, like Gecko) Chrome/151.0.7922.34 Safari/537.36\x1B[22m\n' +
        '\x1B[2m    - accept: */*\x1B[22m\n' +
        '\x1B[2m    - accept-encoding: gzip,deflate,br\x1B[22m\n' +
        '\x1B[2m    - content-type: application/json\x1B[22m\n' +
        '\x1B[2m    - content-length: 53\x1B[22m\n' +
        '\n' +
        '    at apiRequestContext.post: connect ECONNREFUSED ::1:4000\n' +
        '    at AuthenticatedPage.loginViaApi (/home/tbaltzakis/cloudless.gr/e2e/helpers/page-helpers.ts:63:48)\n' +
        '    at /home/tbaltzakis/cloudless.gr/e2e/ui/pages/dashboard.spec.ts:21:20',
      cause: undefined
    }
  }
}
  ✘  2616 [chromium] › e2e/ui/pages/dashboard.spec.ts:74:7 › Dashboard Page › should show recent activity or orders (retry #1) (558ms)
API login failed, falling back to UI login: apiRequestContext.post: connect ECONNREFUSED ::1:4000
Call log:
  - → POST http://localhost:4000/api/auth/login
    - user-agent: Mozilla/5.0 (Windows NT 10.0; Win64; x64) AppleWebKit/537.36 (KHTML, like Gecko) Chrome/151.0.7922.34 Safari/537.36
    - accept: */*
    - accept-encoding: gzip,deflate,br
    - content-type: application/json
    - content-length: 53

    at AuthenticatedPage.loginViaApi (/home/tbaltzakis/cloudless.gr/e2e/helpers/page-helpers.ts:63:48)
    at /home/tbaltzakis/cloudless.gr/e2e/ui/pages/dashboard.spec.ts:21:20 {
  log: [
    '  - → POST http://localhost:4000/api/auth/login',
    '    - user-agent: Mozilla/5.0 (Windows NT 10.0; Win64; x64) AppleWebKit/537.36 (KHTML, like Gecko) Chrome/151.0.7922.34 Safari/537.36',
    '    - accept: */*',
    '    - accept-encoding: gzip,deflate,br',
    '    - content-type: application/json',
    '    - content-length: 53'
  ],
  name: 'Error',
  Symbol(step): {
    location: {
      file: '/home/tbaltzakis/cloudless.gr/e2e/helpers/page-helpers.ts',
      line: 63,
      column: 48,
      function: 'AuthenticatedPage.loginViaApi'
    },
    category: 'pw:api',
    title: 'POST "/api/auth/login"',
    apiName: 'apiRequestContext.post',
    params: {
      url: '/api/auth/login',
      params: undefined,
      encodedParams: undefined,
      method: 'POST',
      headers: undefined,
      postData: undefined,
      jsonData: '{"email":"test@example.com","password":"password123"}',
      formData: undefined,
      multipartData: undefined,
      failOnStatusCode: undefined,
      ignoreHTTPSErrors: undefined,
      maxRedirects: undefined,
      maxRetries: undefined,
      __testHookLookup: undefined
    },
    group: undefined,
    stepId: 'pw:api@34',
    boxedStack: undefined,
    steps: [],
    attachmentIndices: [],
    info: TestStepInfoImpl {
      annotations: [],
      _testInfo: [TestInfoImpl],
      _stepId: 'pw:api@34',
      _title: 'POST "/api/auth/login"',
      _parentStep: [TestStepInfoImpl],
      skip: [Function (anonymous)]
    },
    complete: [Function: complete],
    endWallTime: 1786538539318,
    error: {
      message: 'Error: apiRequestContext.post: connect ECONNREFUSED ::1:4000\n' +
        'Call log:\n' +
        '\x1B[2m  - → POST http://localhost:4000/api/auth/login\x1B[22m\n' +
        '\x1B[2m    - user-agent: Mozilla/5.0 (Windows NT 10.0; Win64; x64) AppleWebKit/537.36 (KHTML, like Gecko) Chrome/151.0.7922.34 Safari/537.36\x1B[22m\n' +
        '\x1B[2m    - accept: */*\x1B[22m\n' +
        '\x1B[2m    - accept-encoding: gzip,deflate,br\x1B[22m\n' +
        '\x1B[2m    - content-type: application/json\x1B[22m\n' +
        '\x1B[2m    - content-length: 53\x1B[22m\n',
      stack: 'Error: apiRequestContext.post: connect ECONNREFUSED ::1:4000\n' +
        'Call log:\n' +
        '\x1B[2m  - → POST http://localhost:4000/api/auth/login\x1B[22m\n' +
        '\x1B[2m    - user-agent: Mozilla/5.0 (Windows NT 10.0; Win64; x64) AppleWebKit/537.36 (KHTML, like Gecko) Chrome/151.0.7922.34 Safari/537.36\x1B[22m\n' +
        '\x1B[2m    - accept: */*\x1B[22m\n' +
        '\x1B[2m    - accept-encoding: gzip,deflate,br\x1B[22m\n' +
        '\x1B[2m    - content-type: application/json\x1B[22m\n' +
        '\x1B[2m    - content-length: 53\x1B[22m\n' +
        '\n' +
        '    at apiRequestContext.post: connect ECONNREFUSED ::1:4000\n' +
        '    at AuthenticatedPage.loginViaApi (/home/tbaltzakis/cloudless.gr/e2e/helpers/page-helpers.ts:63:48)\n' +
        '    at /home/tbaltzakis/cloudless.gr/e2e/ui/pages/dashboard.spec.ts:21:20',
      cause: undefined
    }
  }
}
  ✘  2617 [chromium] › e2e/ui/pages/dashboard.spec.ts:90:9 › Dashboard Page › Navigation › should navigate to homepage (565ms)
API login failed, falling back to UI login: apiRequestContext.post: connect ECONNREFUSED ::1:4000
Call log:
  - → POST http://localhost:4000/api/auth/login
    - user-agent: Mozilla/5.0 (Windows NT 10.0; Win64; x64) AppleWebKit/537.36 (KHTML, like Gecko) Chrome/151.0.7922.34 Safari/537.36
    - accept: */*
    - accept-encoding: gzip,deflate,br
    - content-type: application/json
    - content-length: 53

    at AuthenticatedPage.loginViaApi (/home/tbaltzakis/cloudless.gr/e2e/helpers/page-helpers.ts:63:48)
    at /home/tbaltzakis/cloudless.gr/e2e/ui/pages/dashboard.spec.ts:21:20 {
  log: [
    '  - → POST http://localhost:4000/api/auth/login',
    '    - user-agent: Mozilla/5.0 (Windows NT 10.0; Win64; x64) AppleWebKit/537.36 (KHTML, like Gecko) Chrome/151.0.7922.34 Safari/537.36',
    '    - accept: */*',
    '    - accept-encoding: gzip,deflate,br',
    '    - content-type: application/json',
    '    - content-length: 53'
  ],
  name: 'Error',
  Symbol(step): {
    location: {
      file: '/home/tbaltzakis/cloudless.gr/e2e/helpers/page-helpers.ts',
      line: 63,
      column: 48,
      function: 'AuthenticatedPage.loginViaApi'
    },
    category: 'pw:api',
    title: 'POST "/api/auth/login"',
    apiName: 'apiRequestContext.post',
    params: {
      url: '/api/auth/login',
      params: undefined,
      encodedParams: undefined,
      method: 'POST',
      headers: undefined,
      postData: undefined,
      jsonData: '{"email":"test@example.com","password":"password123"}',
      formData: undefined,
      multipartData: undefined,
      failOnStatusCode: undefined,
      ignoreHTTPSErrors: undefined,
      maxRedirects: undefined,
      maxRetries: undefined,
      __testHookLookup: undefined
    },
    group: undefined,
    stepId: 'pw:api@34',
    boxedStack: undefined,
    steps: [],
    attachmentIndices: [],
    info: TestStepInfoImpl {
      annotations: [],
      _testInfo: [TestInfoImpl],
      _stepId: 'pw:api@34',
      _title: 'POST "/api/auth/login"',
      _parentStep: [TestStepInfoImpl],
      skip: [Function (anonymous)]
    },
    complete: [Function: complete],
    endWallTime: 1786538539653,
    error: {
      message: 'Error: apiRequestContext.post: connect ECONNREFUSED ::1:4000\n' +
        'Call log:\n' +
        '\x1B[2m  - → POST http://localhost:4000/api/auth/login\x1B[22m\n' +
        '\x1B[2m    - user-agent: Mozilla/5.0 (Windows NT 10.0; Win64; x64) AppleWebKit/537.36 (KHTML, like Gecko) Chrome/151.0.7922.34 Safari/537.36\x1B[22m\n' +
        '\x1B[2m    - accept: */*\x1B[22m\n' +
        '\x1B[2m    - accept-encoding: gzip,deflate,br\x1B[22m\n' +
        '\x1B[2m    - content-type: application/json\x1B[22m\n' +
        '\x1B[2m    - content-length: 53\x1B[22m\n',
      stack: 'Error: apiRequestContext.post: connect ECONNREFUSED ::1:4000\n' +
        'Call log:\n' +
        '\x1B[2m  - → POST http://localhost:4000/api/auth/login\x1B[22m\n' +
        '\x1B[2m    - user-agent: Mozilla/5.0 (Windows NT 10.0; Win64; x64) AppleWebKit/537.36 (KHTML, like Gecko) Chrome/151.0.7922.34 Safari/537.36\x1B[22m\n' +
        '\x1B[2m    - accept: */*\x1B[22m\n' +
        '\x1B[2m    - accept-encoding: gzip,deflate,br\x1B[22m\n' +
        '\x1B[2m    - content-type: application/json\x1B[22m\n' +
        '\x1B[2m    - content-length: 53\x1B[22m\n' +
        '\n' +
        '    at apiRequestContext.post: connect ECONNREFUSED ::1:4000\n' +
        '    at AuthenticatedPage.loginViaApi (/home/tbaltzakis/cloudless.gr/e2e/helpers/page-helpers.ts:63:48)\n' +
        '    at /home/tbaltzakis/cloudless.gr/e2e/ui/pages/dashboard.spec.ts:21:20',
      cause: undefined
    }
  }
}
  ✘  2618 [chromium] › e2e/ui/pages/dashboard.spec.ts:98:9 › Dashboard Page › Navigation › should navigate to services (563ms)
API login failed, falling back to UI login: apiRequestContext.post: connect ECONNREFUSED ::1:4000
Call log:
  - → POST http://localhost:4000/api/auth/login
    - user-agent: Mozilla/5.0 (Windows NT 10.0; Win64; x64) AppleWebKit/537.36 (KHTML, like Gecko) Chrome/151.0.7922.34 Safari/537.36
    - accept: */*
    - accept-encoding: gzip,deflate,br
    - content-type: application/json
    - content-length: 53

    at AuthenticatedPage.loginViaApi (/home/tbaltzakis/cloudless.gr/e2e/helpers/page-helpers.ts:63:48)
    at /home/tbaltzakis/cloudless.gr/e2e/ui/pages/dashboard.spec.ts:21:20 {
  log: [
    '  - → POST http://localhost:4000/api/auth/login',
    '    - user-agent: Mozilla/5.0 (Windows NT 10.0; Win64; x64) AppleWebKit/537.36 (KHTML, like Gecko) Chrome/151.0.7922.34 Safari/537.36',
    '    - accept: */*',
    '    - accept-encoding: gzip,deflate,br',
    '    - content-type: application/json',
    '    - content-length: 53'
  ],
  name: 'Error',
  Symbol(step): {
    location: {
      file: '/home/tbaltzakis/cloudless.gr/e2e/helpers/page-helpers.ts',
      line: 63,
      column: 48,
      function: 'AuthenticatedPage.loginViaApi'
    },
    category: 'pw:api',
    title: 'POST "/api/auth/login"',
    apiName: 'apiRequestContext.post',
    params: {
      url: '/api/auth/login',
      params: undefined,
      encodedParams: undefined,
      method: 'POST',
      headers: undefined,
      postData: undefined,
      jsonData: '{"email":"test@example.com","password":"password123"}',
      formData: undefined,
      multipartData: undefined,
      failOnStatusCode: undefined,
      ignoreHTTPSErrors: undefined,
      maxRedirects: undefined,
      maxRetries: undefined,
      __testHookLookup: undefined
    },
    group: undefined,
    stepId: 'pw:api@34',
    boxedStack: undefined,
    steps: [],
    attachmentIndices: [],
    info: TestStepInfoImpl {
      annotations: [],
      _testInfo: [TestInfoImpl],
      _stepId: 'pw:api@34',
      _title: 'POST "/api/auth/login"',
      _parentStep: [TestStepInfoImpl],
      skip: [Function (anonymous)]
    },
    complete: [Function: complete],
    endWallTime: 1786538540325,
    error: {
      message: 'Error: apiRequestContext.post: connect ECONNREFUSED ::1:4000\n' +
        'Call log:\n' +
        '\x1B[2m  - → POST http://localhost:4000/api/auth/login\x1B[22m\n' +
        '\x1B[2m    - user-agent: Mozilla/5.0 (Windows NT 10.0; Win64; x64) AppleWebKit/537.36 (KHTML, like Gecko) Chrome/151.0.7922.34 Safari/537.36\x1B[22m\n' +
        '\x1B[2m    - accept: */*\x1B[22m\n' +
        '\x1B[2m    - accept-encoding: gzip,deflate,br\x1B[22m\n' +
        '\x1B[2m    - content-type: application/json\x1B[22m\n' +
        '\x1B[2m    - content-length: 53\x1B[22m\n',
      stack: 'Error: apiRequestContext.post: connect ECONNREFUSED ::1:4000\n' +
        'Call log:\n' +
        '\x1B[2m  - → POST http://localhost:4000/api/auth/login\x1B[22m\n' +
        '\x1B[2m    - user-agent: Mozilla/5.0 (Windows NT 10.0; Win64; x64) AppleWebKit/537.36 (KHTML, like Gecko) Chrome/151.0.7922.34 Safari/537.36\x1B[22m\n' +
        '\x1B[2m    - accept: */*\x1B[22m\n' +
        '\x1B[2m    - accept-encoding: gzip,deflate,br\x1B[22m\n' +
        '\x1B[2m    - content-type: application/json\x1B[22m\n' +
        '\x1B[2m    - content-length: 53\x1B[22m\n' +
        '\n' +
        '    at apiRequestContext.post: connect ECONNREFUSED ::1:4000\n' +
        '    at AuthenticatedPage.loginViaApi (/home/tbaltzakis/cloudless.gr/e2e/helpers/page-helpers.ts:63:48)\n' +
        '    at /home/tbaltzakis/cloudless.gr/e2e/ui/pages/dashboard.spec.ts:21:20',
      cause: undefined
    }
  }
}
  ✘  2619 [chromium] › e2e/ui/pages/dashboard.spec.ts:90:9 › Dashboard Page › Navigation › should navigate to homepage (retry #1) (567ms)
API login failed, falling back to UI login: apiRequestContext.post: connect ECONNREFUSED ::1:4000
Call log:
  - → POST http://localhost:4000/api/auth/login
    - user-agent: Mozilla/5.0 (Windows NT 10.0; Win64; x64) AppleWebKit/537.36 (KHTML, like Gecko) Chrome/151.0.7922.34 Safari/537.36
    - accept: */*
    - accept-encoding: gzip,deflate,br
    - content-type: application/json
    - content-length: 53

    at AuthenticatedPage.loginViaApi (/home/tbaltzakis/cloudless.gr/e2e/helpers/page-helpers.ts:63:48)
    at /home/tbaltzakis/cloudless.gr/e2e/ui/pages/dashboard.spec.ts:21:20 {
  log: [
    '  - → POST http://localhost:4000/api/auth/login',
    '    - user-agent: Mozilla/5.0 (Windows NT 10.0; Win64; x64) AppleWebKit/537.36 (KHTML, like Gecko) Chrome/151.0.7922.34 Safari/537.36',
    '    - accept: */*',
    '    - accept-encoding: gzip,deflate,br',
    '    - content-type: application/json',
    '    - content-length: 53'
  ],
  name: 'Error',
  Symbol(step): {
    location: {
      file: '/home/tbaltzakis/cloudless.gr/e2e/helpers/page-helpers.ts',
      line: 63,
      column: 48,
      function: 'AuthenticatedPage.loginViaApi'
    },
    category: 'pw:api',
    title: 'POST "/api/auth/login"',
    apiName: 'apiRequestContext.post',
    params: {
      url: '/api/auth/login',
      params: undefined,
      encodedParams: undefined,
      method: 'POST',
      headers: undefined,
      postData: undefined,
      jsonData: '{"email":"test@example.com","password":"password123"}',
      formData: undefined,
      multipartData: undefined,
      failOnStatusCode: undefined,
      ignoreHTTPSErrors: undefined,
      maxRedirects: undefined,
      maxRetries: undefined,
      __testHookLookup: undefined
    },
    group: undefined,
    stepId: 'pw:api@34',
    boxedStack: undefined,
    steps: [],
    attachmentIndices: [],
    info: TestStepInfoImpl {
      annotations: [],
      _testInfo: [TestInfoImpl],
      _stepId: 'pw:api@34',
      _title: 'POST "/api/auth/login"',
      _parentStep: [TestStepInfoImpl],
      skip: [Function (anonymous)]
    },
    complete: [Function: complete],
    endWallTime: 1786538540689,
    error: {
      message: 'Error: apiRequestContext.post: connect ECONNREFUSED ::1:4000\n' +
        'Call log:\n' +
        '\x1B[2m  - → POST http://localhost:4000/api/auth/login\x1B[22m\n' +
        '\x1B[2m    - user-agent: Mozilla/5.0 (Windows NT 10.0; Win64; x64) AppleWebKit/537.36 (KHTML, like Gecko) Chrome/151.0.7922.34 Safari/537.36\x1B[22m\n' +
        '\x1B[2m    - accept: */*\x1B[22m\n' +
        '\x1B[2m    - accept-encoding: gzip,deflate,br\x1B[22m\n' +
        '\x1B[2m    - content-type: application/json\x1B[22m\n' +
        '\x1B[2m    - content-length: 53\x1B[22m\n',
      stack: 'Error: apiRequestContext.post: connect ECONNREFUSED ::1:4000\n' +
        'Call log:\n' +
        '\x1B[2m  - → POST http://localhost:4000/api/auth/login\x1B[22m\n' +
        '\x1B[2m    - user-agent: Mozilla/5.0 (Windows NT 10.0; Win64; x64) AppleWebKit/537.36 (KHTML, like Gecko) Chrome/151.0.7922.34 Safari/537.36\x1B[22m\n' +
        '\x1B[2m    - accept: */*\x1B[22m\n' +
        '\x1B[2m    - accept-encoding: gzip,deflate,br\x1B[22m\n' +
        '\x1B[2m    - content-type: application/json\x1B[22m\n' +
        '\x1B[2m    - content-length: 53\x1B[22m\n' +
        '\n' +
        '    at apiRequestContext.post: connect ECONNREFUSED ::1:4000\n' +
        '    at AuthenticatedPage.loginViaApi (/home/tbaltzakis/cloudless.gr/e2e/helpers/page-helpers.ts:63:48)\n' +
        '    at /home/tbaltzakis/cloudless.gr/e2e/ui/pages/dashboard.spec.ts:21:20',
      cause: undefined
    }
  }
}
  ✘  2620 [chromium] › e2e/ui/pages/dashboard.spec.ts:98:9 › Dashboard Page › Navigation › should navigate to services (retry #1) (598ms)
API login failed, falling back to UI login: apiRequestContext.post: connect ECONNREFUSED ::1:4000
Call log:
  - → POST http://localhost:4000/api/auth/login
    - user-agent: Mozilla/5.0 (Windows NT 10.0; Win64; x64) AppleWebKit/537.36 (KHTML, like Gecko) Chrome/151.0.7922.34 Safari/537.36
    - accept: */*
    - accept-encoding: gzip,deflate,br
    - content-type: application/json
    - content-length: 53

    at AuthenticatedPage.loginViaApi (/home/tbaltzakis/cloudless.gr/e2e/helpers/page-helpers.ts:63:48)
    at /home/tbaltzakis/cloudless.gr/e2e/ui/pages/dashboard.spec.ts:21:20 {
  log: [
    '  - → POST http://localhost:4000/api/auth/login',
    '    - user-agent: Mozilla/5.0 (Windows NT 10.0; Win64; x64) AppleWebKit/537.36 (KHTML, like Gecko) Chrome/151.0.7922.34 Safari/537.36',
    '    - accept: */*',
    '    - accept-encoding: gzip,deflate,br',
    '    - content-type: application/json',
    '    - content-length: 53'
  ],
  name: 'Error',
  Symbol(step): {
    location: {
      file: '/home/tbaltzakis/cloudless.gr/e2e/helpers/page-helpers.ts',
      line: 63,
      column: 48,
      function: 'AuthenticatedPage.loginViaApi'
    },
    category: 'pw:api',
    title: 'POST "/api/auth/login"',
    apiName: 'apiRequestContext.post',
    params: {
      url: '/api/auth/login',
      params: undefined,
      encodedParams: undefined,
      method: 'POST',
      headers: undefined,
      postData: undefined,
      jsonData: '{"email":"test@example.com","password":"password123"}',
      formData: undefined,
      multipartData: undefined,
      failOnStatusCode: undefined,
      ignoreHTTPSErrors: undefined,
      maxRedirects: undefined,
      maxRetries: undefined,
      __testHookLookup: undefined
    },
    group: undefined,
    stepId: 'pw:api@34',
    boxedStack: undefined,
    steps: [],
    attachmentIndices: [],
    info: TestStepInfoImpl {
      annotations: [],
      _testInfo: [TestInfoImpl],
      _stepId: 'pw:api@34',
      _title: 'POST "/api/auth/login"',
      _parentStep: [TestStepInfoImpl],
      skip: [Function (anonymous)]
    },
    complete: [Function: complete],
    endWallTime: 1786538541372,
    error: {
      message: 'Error: apiRequestContext.post: connect ECONNREFUSED ::1:4000\n' +
        'Call log:\n' +
        '\x1B[2m  - → POST http://localhost:4000/api/auth/login\x1B[22m\n' +
        '\x1B[2m    - user-agent: Mozilla/5.0 (Windows NT 10.0; Win64; x64) AppleWebKit/537.36 (KHTML, like Gecko) Chrome/151.0.7922.34 Safari/537.36\x1B[22m\n' +
        '\x1B[2m    - accept: */*\x1B[22m\n' +
        '\x1B[2m    - accept-encoding: gzip,deflate,br\x1B[22m\n' +
        '\x1B[2m    - content-type: application/json\x1B[22m\n' +
        '\x1B[2m    - content-length: 53\x1B[22m\n',
      stack: 'Error: apiRequestContext.post: connect ECONNREFUSED ::1:4000\n' +
        'Call log:\n' +
        '\x1B[2m  - → POST http://localhost:4000/api/auth/login\x1B[22m\n' +
        '\x1B[2m    - user-agent: Mozilla/5.0 (Windows NT 10.0; Win64; x64) AppleWebKit/537.36 (KHTML, like Gecko) Chrome/151.0.7922.34 Safari/537.36\x1B[22m\n' +
        '\x1B[2m    - accept: */*\x1B[22m\n' +
        '\x1B[2m    - accept-encoding: gzip,deflate,br\x1B[22m\n' +
        '\x1B[2m    - content-type: application/json\x1B[22m\n' +
        '\x1B[2m    - content-length: 53\x1B[22m\n' +
        '\n' +
        '    at apiRequestContext.post: connect ECONNREFUSED ::1:4000\n' +
        '    at AuthenticatedPage.loginViaApi (/home/tbaltzakis/cloudless.gr/e2e/helpers/page-helpers.ts:63:48)\n' +
        '    at /home/tbaltzakis/cloudless.gr/e2e/ui/pages/dashboard.spec.ts:21:20',
      cause: undefined
    }
  }
}
  ✘  2621 [chromium] › e2e/ui/pages/dashboard.spec.ts:106:9 › Dashboard Page › Navigation › should navigate to store (564ms)
API login failed, falling back to UI login: apiRequestContext.post: connect ECONNREFUSED ::1:4000
Call log:
  - → POST http://localhost:4000/api/auth/login
    - user-agent: Mozilla/5.0 (Windows NT 10.0; Win64; x64) AppleWebKit/537.36 (KHTML, like Gecko) Chrome/151.0.7922.34 Safari/537.36
    - accept: */*
    - accept-encoding: gzip,deflate,br
    - content-type: application/json
    - content-length: 53

    at AuthenticatedPage.loginViaApi (/home/tbaltzakis/cloudless.gr/e2e/helpers/page-helpers.ts:63:48)
    at /home/tbaltzakis/cloudless.gr/e2e/ui/pages/dashboard.spec.ts:21:20 {
  log: [
    '  - → POST http://localhost:4000/api/auth/login',
    '    - user-agent: Mozilla/5.0 (Windows NT 10.0; Win64; x64) AppleWebKit/537.36 (KHTML, like Gecko) Chrome/151.0.7922.34 Safari/537.36',
    '    - accept: */*',
    '    - accept-encoding: gzip,deflate,br',
    '    - content-type: application/json',
    '    - content-length: 53'
  ],
  name: 'Error',
  Symbol(step): {
    location: {
      file: '/home/tbaltzakis/cloudless.gr/e2e/helpers/page-helpers.ts',
      line: 63,
      column: 48,
      function: 'AuthenticatedPage.loginViaApi'
    },
    category: 'pw:api',
    title: 'POST "/api/auth/login"',
    apiName: 'apiRequestContext.post',
    params: {
      url: '/api/auth/login',
      params: undefined,
      encodedParams: undefined,
      method: 'POST',
      headers: undefined,
      postData: undefined,
      jsonData: '{"email":"test@example.com","password":"password123"}',
      formData: undefined,
      multipartData: undefined,
      failOnStatusCode: undefined,
      ignoreHTTPSErrors: undefined,
      maxRedirects: undefined,
      maxRetries: undefined,
      __testHookLookup: undefined
    },
    group: undefined,
    stepId: 'pw:api@34',
    boxedStack: undefined,
    steps: [],
    attachmentIndices: [],
    info: TestStepInfoImpl {
      annotations: [],
      _testInfo: [TestInfoImpl],
      _stepId: 'pw:api@34',
      _title: 'POST "/api/auth/login"',
      _parentStep: [TestStepInfoImpl],
      skip: [Function (anonymous)]
    },
    complete: [Function: complete],
    endWallTime: 1786538541780,
    error: {
      message: 'Error: apiRequestContext.post: connect ECONNREFUSED ::1:4000\n' +
        'Call log:\n' +
        '\x1B[2m  - → POST http://localhost:4000/api/auth/login\x1B[22m\n' +
        '\x1B[2m    - user-agent: Mozilla/5.0 (Windows NT 10.0; Win64; x64) AppleWebKit/537.36 (KHTML, like Gecko) Chrome/151.0.7922.34 Safari/537.36\x1B[22m\n' +
        '\x1B[2m    - accept: */*\x1B[22m\n' +
        '\x1B[2m    - accept-encoding: gzip,deflate,br\x1B[22m\n' +
        '\x1B[2m    - content-type: application/json\x1B[22m\n' +
        '\x1B[2m    - content-length: 53\x1B[22m\n',
      stack: 'Error: apiRequestContext.post: connect ECONNREFUSED ::1:4000\n' +
        'Call log:\n' +
        '\x1B[2m  - → POST http://localhost:4000/api/auth/login\x1B[22m\n' +
        '\x1B[2m    - user-agent: Mozilla/5.0 (Windows NT 10.0; Win64; x64) AppleWebKit/537.36 (KHTML, like Gecko) Chrome/151.0.7922.34 Safari/537.36\x1B[22m\n' +
        '\x1B[2m    - accept: */*\x1B[22m\n' +
        '\x1B[2m    - accept-encoding: gzip,deflate,br\x1B[22m\n' +
        '\x1B[2m    - content-type: application/json\x1B[22m\n' +
        '\x1B[2m    - content-length: 53\x1B[22m\n' +
        '\n' +
        '    at apiRequestContext.post: connect ECONNREFUSED ::1:4000\n' +
        '    at AuthenticatedPage.loginViaApi (/home/tbaltzakis/cloudless.gr/e2e/helpers/page-helpers.ts:63:48)\n' +
        '    at /home/tbaltzakis/cloudless.gr/e2e/ui/pages/dashboard.spec.ts:21:20',
      cause: undefined
    }
  }
}
  ✘  2622 [chromium] › e2e/ui/pages/dashboard.spec.ts:114:9 › Dashboard Page › Navigation › should navigate to blog (586ms)
API login failed, falling back to UI login: apiRequestContext.post: connect ECONNREFUSED ::1:4000
Call log:
  - → POST http://localhost:4000/api/auth/login
    - user-agent: Mozilla/5.0 (Windows NT 10.0; Win64; x64) AppleWebKit/537.36 (KHTML, like Gecko) Chrome/151.0.7922.34 Safari/537.36
    - accept: */*
    - accept-encoding: gzip,deflate,br
    - content-type: application/json
    - content-length: 53

    at AuthenticatedPage.loginViaApi (/home/tbaltzakis/cloudless.gr/e2e/helpers/page-helpers.ts:63:48)
    at /home/tbaltzakis/cloudless.gr/e2e/ui/pages/dashboard.spec.ts:21:20 {
  log: [
    '  - → POST http://localhost:4000/api/auth/login',
    '    - user-agent: Mozilla/5.0 (Windows NT 10.0; Win64; x64) AppleWebKit/537.36 (KHTML, like Gecko) Chrome/151.0.7922.34 Safari/537.36',
    '    - accept: */*',
    '    - accept-encoding: gzip,deflate,br',
    '    - content-type: application/json',
    '    - content-length: 53'
  ],
  name: 'Error',
  Symbol(step): {
    location: {
      file: '/home/tbaltzakis/cloudless.gr/e2e/helpers/page-helpers.ts',
      line: 63,
      column: 48,
      function: 'AuthenticatedPage.loginViaApi'
    },
    category: 'pw:api',
    title: 'POST "/api/auth/login"',
    apiName: 'apiRequestContext.post',
    params: {
      url: '/api/auth/login',
      params: undefined,
      encodedParams: undefined,
      method: 'POST',
      headers: undefined,
      postData: undefined,
      jsonData: '{"email":"test@example.com","password":"password123"}',
      formData: undefined,
      multipartData: undefined,
      failOnStatusCode: undefined,
      ignoreHTTPSErrors: undefined,
      maxRedirects: undefined,
      maxRetries: undefined,
      __testHookLookup: undefined
    },
    group: undefined,
    stepId: 'pw:api@34',
    boxedStack: undefined,
    steps: [],
    attachmentIndices: [],
    info: TestStepInfoImpl {
      annotations: [],
      _testInfo: [TestInfoImpl],
      _stepId: 'pw:api@34',
      _title: 'POST "/api/auth/login"',
      _parentStep: [TestStepInfoImpl],
      skip: [Function (anonymous)]
    },
    complete: [Function: complete],
    endWallTime: 1786538542435,
    error: {
      message: 'Error: apiRequestContext.post: connect ECONNREFUSED ::1:4000\n' +
        'Call log:\n' +
        '\x1B[2m  - → POST http://localhost:4000/api/auth/login\x1B[22m\n' +
        '\x1B[2m    - user-agent: Mozilla/5.0 (Windows NT 10.0; Win64; x64) AppleWebKit/537.36 (KHTML, like Gecko) Chrome/151.0.7922.34 Safari/537.36\x1B[22m\n' +
        '\x1B[2m    - accept: */*\x1B[22m\n' +
        '\x1B[2m    - accept-encoding: gzip,deflate,br\x1B[22m\n' +
        '\x1B[2m    - content-type: application/json\x1B[22m\n' +
        '\x1B[2m    - content-length: 53\x1B[22m\n',
      stack: 'Error: apiRequestContext.post: connect ECONNREFUSED ::1:4000\n' +
        'Call log:\n' +
        '\x1B[2m  - → POST http://localhost:4000/api/auth/login\x1B[22m\n' +
        '\x1B[2m    - user-agent: Mozilla/5.0 (Windows NT 10.0; Win64; x64) AppleWebKit/537.36 (KHTML, like Gecko) Chrome/151.0.7922.34 Safari/537.36\x1B[22m\n' +
        '\x1B[2m    - accept: */*\x1B[22m\n' +
        '\x1B[2m    - accept-encoding: gzip,deflate,br\x1B[22m\n' +
        '\x1B[2m    - content-type: application/json\x1B[22m\n' +
        '\x1B[2m    - content-length: 53\x1B[22m\n' +
        '\n' +
        '    at apiRequestContext.post: connect ECONNREFUSED ::1:4000\n' +
        '    at AuthenticatedPage.loginViaApi (/home/tbaltzakis/cloudless.gr/e2e/helpers/page-helpers.ts:63:48)\n' +
        '    at /home/tbaltzakis/cloudless.gr/e2e/ui/pages/dashboard.spec.ts:21:20',
      cause: undefined
    }
  }
}
  ✘  2623 [chromium] › e2e/ui/pages/dashboard.spec.ts:106:9 › Dashboard Page › Navigation › should navigate to store (retry #1) (579ms)
API login failed, falling back to UI login: apiRequestContext.post: connect ECONNREFUSED ::1:4000
Call log:
  - → POST http://localhost:4000/api/auth/login
    - user-agent: Mozilla/5.0 (Windows NT 10.0; Win64; x64) AppleWebKit/537.36 (KHTML, like Gecko) Chrome/151.0.7922.34 Safari/537.36
    - accept: */*
    - accept-encoding: gzip,deflate,br
    - content-type: application/json
    - content-length: 53

    at AuthenticatedPage.loginViaApi (/home/tbaltzakis/cloudless.gr/e2e/helpers/page-helpers.ts:63:48)
    at /home/tbaltzakis/cloudless.gr/e2e/ui/pages/dashboard.spec.ts:21:20 {
  log: [
    '  - → POST http://localhost:4000/api/auth/login',
    '    - user-agent: Mozilla/5.0 (Windows NT 10.0; Win64; x64) AppleWebKit/537.36 (KHTML, like Gecko) Chrome/151.0.7922.34 Safari/537.36',
    '    - accept: */*',
    '    - accept-encoding: gzip,deflate,br',
    '    - content-type: application/json',
    '    - content-length: 53'
  ],
  name: 'Error',
  Symbol(step): {
    location: {
      file: '/home/tbaltzakis/cloudless.gr/e2e/helpers/page-helpers.ts',
      line: 63,
      column: 48,
      function: 'AuthenticatedPage.loginViaApi'
    },
    category: 'pw:api',
    title: 'POST "/api/auth/login"',
    apiName: 'apiRequestContext.post',
    params: {
      url: '/api/auth/login',
      params: undefined,
      encodedParams: undefined,
      method: 'POST',
      headers: undefined,
      postData: undefined,
      jsonData: '{"email":"test@example.com","password":"password123"}',
      formData: undefined,
      multipartData: undefined,
      failOnStatusCode: undefined,
      ignoreHTTPSErrors: undefined,
      maxRedirects: undefined,
      maxRetries: undefined,
      __testHookLookup: undefined
    },
    group: undefined,
    stepId: 'pw:api@34',
    boxedStack: undefined,
    steps: [],
    attachmentIndices: [],
    info: TestStepInfoImpl {
      annotations: [],
      _testInfo: [TestInfoImpl],
      _stepId: 'pw:api@34',
      _title: 'POST "/api/auth/login"',
      _parentStep: [TestStepInfoImpl],
      skip: [Function (anonymous)]
    },
    complete: [Function: complete],
    endWallTime: 1786538542793,
    error: {
      message: 'Error: apiRequestContext.post: connect ECONNREFUSED ::1:4000\n' +
        'Call log:\n' +
        '\x1B[2m  - → POST http://localhost:4000/api/auth/login\x1B[22m\n' +
        '\x1B[2m    - user-agent: Mozilla/5.0 (Windows NT 10.0; Win64; x64) AppleWebKit/537.36 (KHTML, like Gecko) Chrome/151.0.7922.34 Safari/537.36\x1B[22m\n' +
        '\x1B[2m    - accept: */*\x1B[22m\n' +
        '\x1B[2m    - accept-encoding: gzip,deflate,br\x1B[22m\n' +
        '\x1B[2m    - content-type: application/json\x1B[22m\n' +
        '\x1B[2m    - content-length: 53\x1B[22m\n',
      stack: 'Error: apiRequestContext.post: connect ECONNREFUSED ::1:4000\n' +
        'Call log:\n' +
        '\x1B[2m  - → POST http://localhost:4000/api/auth/login\x1B[22m\n' +
        '\x1B[2m    - user-agent: Mozilla/5.0 (Windows NT 10.0; Win64; x64) AppleWebKit/537.36 (KHTML, like Gecko) Chrome/151.0.7922.34 Safari/537.36\x1B[22m\n' +
        '\x1B[2m    - accept: */*\x1B[22m\n' +
        '\x1B[2m    - accept-encoding: gzip,deflate,br\x1B[22m\n' +
        '\x1B[2m    - content-type: application/json\x1B[22m\n' +
        '\x1B[2m    - content-length: 53\x1B[22m\n' +
        '\n' +
        '    at apiRequestContext.post: connect ECONNREFUSED ::1:4000\n' +
        '    at AuthenticatedPage.loginViaApi (/home/tbaltzakis/cloudless.gr/e2e/helpers/page-helpers.ts:63:48)\n' +
        '    at /home/tbaltzakis/cloudless.gr/e2e/ui/pages/dashboard.spec.ts:21:20',
      cause: undefined
    }
  }
}
  ✘  2624 [chromium] › e2e/ui/pages/dashboard.spec.ts:114:9 › Dashboard Page › Navigation › should navigate to blog (retry #1) (563ms)
API login failed, falling back to UI login: apiRequestContext.post: connect ECONNREFUSED ::1:4000
Call log:
  - → POST http://localhost:4000/api/auth/login
    - user-agent: Mozilla/5.0 (Windows NT 10.0; Win64; x64) AppleWebKit/537.36 (KHTML, like Gecko) Chrome/151.0.7922.34 Safari/537.36
    - accept: */*
    - accept-encoding: gzip,deflate,br
    - content-type: application/json
    - content-length: 53

    at AuthenticatedPage.loginViaApi (/home/tbaltzakis/cloudless.gr/e2e/helpers/page-helpers.ts:63:48)
    at /home/tbaltzakis/cloudless.gr/e2e/ui/pages/dashboard.spec.ts:21:20 {
  log: [
    '  - → POST http://localhost:4000/api/auth/login',
    '    - user-agent: Mozilla/5.0 (Windows NT 10.0; Win64; x64) AppleWebKit/537.36 (KHTML, like Gecko) Chrome/151.0.7922.34 Safari/537.36',
    '    - accept: */*',
    '    - accept-encoding: gzip,deflate,br',
    '    - content-type: application/json',
    '    - content-length: 53'
  ],
  name: 'Error',
  Symbol(step): {
    location: {
      file: '/home/tbaltzakis/cloudless.gr/e2e/helpers/page-helpers.ts',
      line: 63,
      column: 48,
      function: 'AuthenticatedPage.loginViaApi'
    },
    category: 'pw:api',
    title: 'POST "/api/auth/login"',
    apiName: 'apiRequestContext.post',
    params: {
      url: '/api/auth/login',
      params: undefined,
      encodedParams: undefined,
      method: 'POST',
      headers: undefined,
      postData: undefined,
      jsonData: '{"email":"test@example.com","password":"password123"}',
      formData: undefined,
      multipartData: undefined,
      failOnStatusCode: undefined,
      ignoreHTTPSErrors: undefined,
      maxRedirects: undefined,
      maxRetries: undefined,
      __testHookLookup: undefined
    },
    group: undefined,
    stepId: 'pw:api@34',
    boxedStack: undefined,
    steps: [],
    attachmentIndices: [],
    info: TestStepInfoImpl {
      annotations: [],
      _testInfo: [TestInfoImpl],
      _stepId: 'pw:api@34',
      _title: 'POST "/api/auth/login"',
      _parentStep: [TestStepInfoImpl],
      skip: [Function (anonymous)]
    },
    complete: [Function: complete],
    endWallTime: 1786538543430,
    error: {
      message: 'Error: apiRequestContext.post: connect ECONNREFUSED ::1:4000\n' +
        'Call log:\n' +
        '\x1B[2m  - → POST http://localhost:4000/api/auth/login\x1B[22m\n' +
        '\x1B[2m    - user-agent: Mozilla/5.0 (Windows NT 10.0; Win64; x64) AppleWebKit/537.36 (KHTML, like Gecko) Chrome/151.0.7922.34 Safari/537.36\x1B[22m\n' +
        '\x1B[2m    - accept: */*\x1B[22m\n' +
        '\x1B[2m    - accept-encoding: gzip,deflate,br\x1B[22m\n' +
        '\x1B[2m    - content-type: application/json\x1B[22m\n' +
        '\x1B[2m    - content-length: 53\x1B[22m\n',
      stack: 'Error: apiRequestContext.post: connect ECONNREFUSED ::1:4000\n' +
        'Call log:\n' +
        '\x1B[2m  - → POST http://localhost:4000/api/auth/login\x1B[22m\n' +
        '\x1B[2m    - user-agent: Mozilla/5.0 (Windows NT 10.0; Win64; x64) AppleWebKit/537.36 (KHTML, like Gecko) Chrome/151.0.7922.34 Safari/537.36\x1B[22m\n' +
        '\x1B[2m    - accept: */*\x1B[22m\n' +
        '\x1B[2m    - accept-encoding: gzip,deflate,br\x1B[22m\n' +
        '\x1B[2m    - content-type: application/json\x1B[22m\n' +
        '\x1B[2m    - content-length: 53\x1B[22m\n' +
        '\n' +
        '    at apiRequestContext.post: connect ECONNREFUSED ::1:4000\n' +
        '    at AuthenticatedPage.loginViaApi (/home/tbaltzakis/cloudless.gr/e2e/helpers/page-helpers.ts:63:48)\n' +
        '    at /home/tbaltzakis/cloudless.gr/e2e/ui/pages/dashboard.spec.ts:21:20',
      cause: undefined
    }
  }
}
  ✘  2625 [chromium] › e2e/ui/pages/dashboard.spec.ts:122:9 › Dashboard Page › Navigation › should navigate to contact (540ms)
API login failed, falling back to UI login: apiRequestContext.post: connect ECONNREFUSED ::1:4000
Call log:
  - → POST http://localhost:4000/api/auth/login
    - user-agent: Mozilla/5.0 (Windows NT 10.0; Win64; x64) AppleWebKit/537.36 (KHTML, like Gecko) Chrome/151.0.7922.34 Safari/537.36
    - accept: */*
    - accept-encoding: gzip,deflate,br
    - content-type: application/json
    - content-length: 53

    at AuthenticatedPage.loginViaApi (/home/tbaltzakis/cloudless.gr/e2e/helpers/page-helpers.ts:63:48)
    at /home/tbaltzakis/cloudless.gr/e2e/ui/pages/dashboard.spec.ts:21:20 {
  log: [
    '  - → POST http://localhost:4000/api/auth/login',
    '    - user-agent: Mozilla/5.0 (Windows NT 10.0; Win64; x64) AppleWebKit/537.36 (KHTML, like Gecko) Chrome/151.0.7922.34 Safari/537.36',
    '    - accept: */*',
    '    - accept-encoding: gzip,deflate,br',
    '    - content-type: application/json',
    '    - content-length: 53'
  ],
  name: 'Error',
  Symbol(step): {
    location: {
      file: '/home/tbaltzakis/cloudless.gr/e2e/helpers/page-helpers.ts',
      line: 63,
      column: 48,
      function: 'AuthenticatedPage.loginViaApi'
    },
    category: 'pw:api',
    title: 'POST "/api/auth/login"',
    apiName: 'apiRequestContext.post',
    params: {
      url: '/api/auth/login',
      params: undefined,
      encodedParams: undefined,
      method: 'POST',
      headers: undefined,
      postData: undefined,
      jsonData: '{"email":"test@example.com","password":"password123"}',
      formData: undefined,
      multipartData: undefined,
      failOnStatusCode: undefined,
      ignoreHTTPSErrors: undefined,
      maxRedirects: undefined,
      maxRetries: undefined,
      __testHookLookup: undefined
    },
    group: undefined,
    stepId: 'pw:api@34',
    boxedStack: undefined,
    steps: [],
    attachmentIndices: [],
    info: TestStepInfoImpl {
      annotations: [],
      _testInfo: [TestInfoImpl],
      _stepId: 'pw:api@34',
      _title: 'POST "/api/auth/login"',
      _parentStep: [TestStepInfoImpl],
      skip: [Function (anonymous)]
    },
    complete: [Function: complete],
    endWallTime: 1786538543807,
    error: {
      message: 'Error: apiRequestContext.post: connect ECONNREFUSED ::1:4000\n' +
        'Call log:\n' +
        '\x1B[2m  - → POST http://localhost:4000/api/auth/login\x1B[22m\n' +
        '\x1B[2m    - user-agent: Mozilla/5.0 (Windows NT 10.0; Win64; x64) AppleWebKit/537.36 (KHTML, like Gecko) Chrome/151.0.7922.34 Safari/537.36\x1B[22m\n' +
        '\x1B[2m    - accept: */*\x1B[22m\n' +
        '\x1B[2m    - accept-encoding: gzip,deflate,br\x1B[22m\n' +
        '\x1B[2m    - content-type: application/json\x1B[22m\n' +
        '\x1B[2m    - content-length: 53\x1B[22m\n',
      stack: 'Error: apiRequestContext.post: connect ECONNREFUSED ::1:4000\n' +
        'Call log:\n' +
        '\x1B[2m  - → POST http://localhost:4000/api/auth/login\x1B[22m\n' +
        '\x1B[2m    - user-agent: Mozilla/5.0 (Windows NT 10.0; Win64; x64) AppleWebKit/537.36 (KHTML, like Gecko) Chrome/151.0.7922.34 Safari/537.36\x1B[22m\n' +
        '\x1B[2m    - accept: */*\x1B[22m\n' +
        '\x1B[2m    - accept-encoding: gzip,deflate,br\x1B[22m\n' +
        '\x1B[2m    - content-type: application/json\x1B[22m\n' +
        '\x1B[2m    - content-length: 53\x1B[22m\n' +
        '\n' +
        '    at apiRequestContext.post: connect ECONNREFUSED ::1:4000\n' +
        '    at AuthenticatedPage.loginViaApi (/home/tbaltzakis/cloudless.gr/e2e/helpers/page-helpers.ts:63:48)\n' +
        '    at /home/tbaltzakis/cloudless.gr/e2e/ui/pages/dashboard.spec.ts:21:20',
      cause: undefined
    }
  }
}
  ✘  2626 [chromium] › e2e/ui/pages/dashboard.spec.ts:130:9 › Dashboard Page › Navigation › should navigate to profile (523ms)
API login failed, falling back to UI login: apiRequestContext.post: connect ECONNREFUSED ::1:4000
Call log:
  - → POST http://localhost:4000/api/auth/login
    - user-agent: Mozilla/5.0 (Windows NT 10.0; Win64; x64) AppleWebKit/537.36 (KHTML, like Gecko) Chrome/151.0.7922.34 Safari/537.36
    - accept: */*
    - accept-encoding: gzip,deflate,br
    - content-type: application/json
    - content-length: 53

    at AuthenticatedPage.loginViaApi (/home/tbaltzakis/cloudless.gr/e2e/helpers/page-helpers.ts:63:48)
    at /home/tbaltzakis/cloudless.gr/e2e/ui/pages/dashboard.spec.ts:21:20 {
  log: [
    '  - → POST http://localhost:4000/api/auth/login',
    '    - user-agent: Mozilla/5.0 (Windows NT 10.0; Win64; x64) AppleWebKit/537.36 (KHTML, like Gecko) Chrome/151.0.7922.34 Safari/537.36',
    '    - accept: */*',
    '    - accept-encoding: gzip,deflate,br',
    '    - content-type: application/json',
    '    - content-length: 53'
  ],
  name: 'Error',
  Symbol(step): {
    location: {
      file: '/home/tbaltzakis/cloudless.gr/e2e/helpers/page-helpers.ts',
      line: 63,
      column: 48,
      function: 'AuthenticatedPage.loginViaApi'
    },
    category: 'pw:api',
    title: 'POST "/api/auth/login"',
    apiName: 'apiRequestContext.post',
    params: {
      url: '/api/auth/login',
      params: undefined,
      encodedParams: undefined,
      method: 'POST',
      headers: undefined,
      postData: undefined,
      jsonData: '{"email":"test@example.com","password":"password123"}',
      formData: undefined,
      multipartData: undefined,
      failOnStatusCode: undefined,
      ignoreHTTPSErrors: undefined,
      maxRedirects: undefined,
      maxRetries: undefined,
      __testHookLookup: undefined
    },
    group: undefined,
    stepId: 'pw:api@34',
    boxedStack: undefined,
    steps: [],
    attachmentIndices: [],
    info: TestStepInfoImpl {
      annotations: [],
      _testInfo: [TestInfoImpl],
      _stepId: 'pw:api@34',
      _title: 'POST "/api/auth/login"',
      _parentStep: [TestStepInfoImpl],
      skip: [Function (anonymous)]
    },
    complete: [Function: complete],
    endWallTime: 1786538544408,
    error: {
      message: 'Error: apiRequestContext.post: connect ECONNREFUSED ::1:4000\n' +
        'Call log:\n' +
        '\x1B[2m  - → POST http://localhost:4000/api/auth/login\x1B[22m\n' +
        '\x1B[2m    - user-agent: Mozilla/5.0 (Windows NT 10.0; Win64; x64) AppleWebKit/537.36 (KHTML, like Gecko) Chrome/151.0.7922.34 Safari/537.36\x1B[22m\n' +
        '\x1B[2m    - accept: */*\x1B[22m\n' +
        '\x1B[2m    - accept-encoding: gzip,deflate,br\x1B[22m\n' +
        '\x1B[2m    - content-type: application/json\x1B[22m\n' +
        '\x1B[2m    - content-length: 53\x1B[22m\n',
      stack: 'Error: apiRequestContext.post: connect ECONNREFUSED ::1:4000\n' +
        'Call log:\n' +
        '\x1B[2m  - → POST http://localhost:4000/api/auth/login\x1B[22m\n' +
        '\x1B[2m    - user-agent: Mozilla/5.0 (Windows NT 10.0; Win64; x64) AppleWebKit/537.36 (KHTML, like Gecko) Chrome/151.0.7922.34 Safari/537.36\x1B[22m\n' +
        '\x1B[2m    - accept: */*\x1B[22m\n' +
        '\x1B[2m    - accept-encoding: gzip,deflate,br\x1B[22m\n' +
        '\x1B[2m    - content-type: application/json\x1B[22m\n' +
        '\x1B[2m    - content-length: 53\x1B[22m\n' +
        '\n' +
        '    at apiRequestContext.post: connect ECONNREFUSED ::1:4000\n' +
        '    at AuthenticatedPage.loginViaApi (/home/tbaltzakis/cloudless.gr/e2e/helpers/page-helpers.ts:63:48)\n' +
        '    at /home/tbaltzakis/cloudless.gr/e2e/ui/pages/dashboard.spec.ts:21:20',
      cause: undefined
    }
  }
}
  ✘  2627 [chromium] › e2e/ui/pages/dashboard.spec.ts:122:9 › Dashboard Page › Navigation › should navigate to contact (retry #1) (571ms)
API login failed, falling back to UI login: apiRequestContext.post: connect ECONNREFUSED ::1:4000
Call log:
  - → POST http://localhost:4000/api/auth/login
    - user-agent: Mozilla/5.0 (Windows NT 10.0; Win64; x64) AppleWebKit/537.36 (KHTML, like Gecko) Chrome/151.0.7922.34 Safari/537.36
    - accept: */*
    - accept-encoding: gzip,deflate,br
    - content-type: application/json
    - content-length: 53

    at AuthenticatedPage.loginViaApi (/home/tbaltzakis/cloudless.gr/e2e/helpers/page-helpers.ts:63:48)
    at /home/tbaltzakis/cloudless.gr/e2e/ui/pages/dashboard.spec.ts:21:20 {
  log: [
    '  - → POST http://localhost:4000/api/auth/login',
    '    - user-agent: Mozilla/5.0 (Windows NT 10.0; Win64; x64) AppleWebKit/537.36 (KHTML, like Gecko) Chrome/151.0.7922.34 Safari/537.36',
    '    - accept: */*',
    '    - accept-encoding: gzip,deflate,br',
    '    - content-type: application/json',
    '    - content-length: 53'
  ],
  name: 'Error',
  Symbol(step): {
    location: {
      file: '/home/tbaltzakis/cloudless.gr/e2e/helpers/page-helpers.ts',
      line: 63,
      column: 48,
      function: 'AuthenticatedPage.loginViaApi'
    },
    category: 'pw:api',
    title: 'POST "/api/auth/login"',
    apiName: 'apiRequestContext.post',
    params: {
      url: '/api/auth/login',
      params: undefined,
      encodedParams: undefined,
      method: 'POST',
      headers: undefined,
      postData: undefined,
      jsonData: '{"email":"test@example.com","password":"password123"}',
      formData: undefined,
      multipartData: undefined,
      failOnStatusCode: undefined,
      ignoreHTTPSErrors: undefined,
      maxRedirects: undefined,
      maxRetries: undefined,
      __testHookLookup: undefined
    },
    group: undefined,
    stepId: 'pw:api@34',
    boxedStack: undefined,
    steps: [],
    attachmentIndices: [],
    info: TestStepInfoImpl {
      annotations: [],
      _testInfo: [TestInfoImpl],
      _stepId: 'pw:api@34',
      _title: 'POST "/api/auth/login"',
      _parentStep: [TestStepInfoImpl],
      skip: [Function (anonymous)]
    },
    complete: [Function: complete],
    endWallTime: 1786538544811,
    error: {
      message: 'Error: apiRequestContext.post: connect ECONNREFUSED ::1:4000\n' +
        'Call log:\n' +
        '\x1B[2m  - → POST http://localhost:4000/api/auth/login\x1B[22m\n' +
        '\x1B[2m    - user-agent: Mozilla/5.0 (Windows NT 10.0; Win64; x64) AppleWebKit/537.36 (KHTML, like Gecko) Chrome/151.0.7922.34 Safari/537.36\x1B[22m\n' +
        '\x1B[2m    - accept: */*\x1B[22m\n' +
        '\x1B[2m    - accept-encoding: gzip,deflate,br\x1B[22m\n' +
        '\x1B[2m    - content-type: application/json\x1B[22m\n' +
        '\x1B[2m    - content-length: 53\x1B[22m\n',
      stack: 'Error: apiRequestContext.post: connect ECONNREFUSED ::1:4000\n' +
        'Call log:\n' +
        '\x1B[2m  - → POST http://localhost:4000/api/auth/login\x1B[22m\n' +
        '\x1B[2m    - user-agent: Mozilla/5.0 (Windows NT 10.0; Win64; x64) AppleWebKit/537.36 (KHTML, like Gecko) Chrome/151.0.7922.34 Safari/537.36\x1B[22m\n' +
        '\x1B[2m    - accept: */*\x1B[22m\n' +
        '\x1B[2m    - accept-encoding: gzip,deflate,br\x1B[22m\n' +
        '\x1B[2m    - content-type: application/json\x1B[22m\n' +
        '\x1B[2m    - content-length: 53\x1B[22m\n' +
        '\n' +
        '    at apiRequestContext.post: connect ECONNREFUSED ::1:4000\n' +
        '    at AuthenticatedPage.loginViaApi (/home/tbaltzakis/cloudless.gr/e2e/helpers/page-helpers.ts:63:48)\n' +
        '    at /home/tbaltzakis/cloudless.gr/e2e/ui/pages/dashboard.spec.ts:21:20',
      cause: undefined
    }
  }
}
  ✘  2628 [chromium] › e2e/ui/pages/dashboard.spec.ts:130:9 › Dashboard Page › Navigation › should navigate to profile (retry #1) (588ms)
API login failed, falling back to UI login: apiRequestContext.post: connect ECONNREFUSED ::1:4000
Call log:
  - → POST http://localhost:4000/api/auth/login
    - user-agent: Mozilla/5.0 (Windows NT 10.0; Win64; x64) AppleWebKit/537.36 (KHTML, like Gecko) Chrome/151.0.7922.34 Safari/537.36
    - accept: */*
    - accept-encoding: gzip,deflate,br
    - content-type: application/json
    - content-length: 53

    at AuthenticatedPage.loginViaApi (/home/tbaltzakis/cloudless.gr/e2e/helpers/page-helpers.ts:63:48)
    at /home/tbaltzakis/cloudless.gr/e2e/ui/pages/dashboard.spec.ts:21:20 {
  log: [
    '  - → POST http://localhost:4000/api/auth/login',
    '    - user-agent: Mozilla/5.0 (Windows NT 10.0; Win64; x64) AppleWebKit/537.36 (KHTML, like Gecko) Chrome/151.0.7922.34 Safari/537.36',
    '    - accept: */*',
    '    - accept-encoding: gzip,deflate,br',
    '    - content-type: application/json',
    '    - content-length: 53'
  ],
  name: 'Error',
  Symbol(step): {
    location: {
      file: '/home/tbaltzakis/cloudless.gr/e2e/helpers/page-helpers.ts',
      line: 63,
      column: 48,
      function: 'AuthenticatedPage.loginViaApi'
    },
    category: 'pw:api',
    title: 'POST "/api/auth/login"',
    apiName: 'apiRequestContext.post',
    params: {
      url: '/api/auth/login',
      params: undefined,
      encodedParams: undefined,
      method: 'POST',
      headers: undefined,
      postData: undefined,
      jsonData: '{"email":"test@example.com","password":"password123"}',
      formData: undefined,
      multipartData: undefined,
      failOnStatusCode: undefined,
      ignoreHTTPSErrors: undefined,
      maxRedirects: undefined,
      maxRetries: undefined,
      __testHookLookup: undefined
    },
    group: undefined,
    stepId: 'pw:api@34',
    boxedStack: undefined,
    steps: [],
    attachmentIndices: [],
    info: TestStepInfoImpl {
      annotations: [],
      _testInfo: [TestInfoImpl],
      _stepId: 'pw:api@34',
      _title: 'POST "/api/auth/login"',
      _parentStep: [TestStepInfoImpl],
      skip: [Function (anonymous)]
    },
    complete: [Function: complete],
    endWallTime: 1786538545427,
    error: {
      message: 'Error: apiRequestContext.post: connect ECONNREFUSED ::1:4000\n' +
        'Call log:\n' +
        '\x1B[2m  - → POST http://localhost:4000/api/auth/login\x1B[22m\n' +
        '\x1B[2m    - user-agent: Mozilla/5.0 (Windows NT 10.0; Win64; x64) AppleWebKit/537.36 (KHTML, like Gecko) Chrome/151.0.7922.34 Safari/537.36\x1B[22m\n' +
        '\x1B[2m    - accept: */*\x1B[22m\n' +
        '\x1B[2m    - accept-encoding: gzip,deflate,br\x1B[22m\n' +
        '\x1B[2m    - content-type: application/json\x1B[22m\n' +
        '\x1B[2m    - content-length: 53\x1B[22m\n',
      stack: 'Error: apiRequestContext.post: connect ECONNREFUSED ::1:4000\n' +
        'Call log:\n' +
        '\x1B[2m  - → POST http://localhost:4000/api/auth/login\x1B[22m\n' +
        '\x1B[2m    - user-agent: Mozilla/5.0 (Windows NT 10.0; Win64; x64) AppleWebKit/537.36 (KHTML, like Gecko) Chrome/151.0.7922.34 Safari/537.36\x1B[22m\n' +
        '\x1B[2m    - accept: */*\x1B[22m\n' +
        '\x1B[2m    - accept-encoding: gzip,deflate,br\x1B[22m\n' +
        '\x1B[2m    - content-type: application/json\x1B[22m\n' +
        '\x1B[2m    - content-length: 53\x1B[22m\n' +
        '\n' +
        '    at apiRequestContext.post: connect ECONNREFUSED ::1:4000\n' +
        '    at AuthenticatedPage.loginViaApi (/home/tbaltzakis/cloudless.gr/e2e/helpers/page-helpers.ts:63:48)\n' +
        '    at /home/tbaltzakis/cloudless.gr/e2e/ui/pages/dashboard.spec.ts:21:20',
      cause: undefined
    }
  }
}
  ✘  2629 [chromium] › e2e/ui/pages/dashboard.spec.ts:140:9 › Dashboard Page › Navigation › should navigate to settings (553ms)
API login failed, falling back to UI login: apiRequestContext.post: connect ECONNREFUSED ::1:4000
Call log:
  - → POST http://localhost:4000/api/auth/login
    - user-agent: Mozilla/5.0 (Windows NT 10.0; Win64; x64) AppleWebKit/537.36 (KHTML, like Gecko) Chrome/151.0.7922.34 Safari/537.36
    - accept: */*
    - accept-encoding: gzip,deflate,br
    - content-type: application/json
    - content-length: 53

    at AuthenticatedPage.loginViaApi (/home/tbaltzakis/cloudless.gr/e2e/helpers/page-helpers.ts:63:48)
    at /home/tbaltzakis/cloudless.gr/e2e/ui/pages/dashboard.spec.ts:21:20 {
  log: [
    '  - → POST http://localhost:4000/api/auth/login',
    '    - user-agent: Mozilla/5.0 (Windows NT 10.0; Win64; x64) AppleWebKit/537.36 (KHTML, like Gecko) Chrome/151.0.7922.34 Safari/537.36',
    '    - accept: */*',
    '    - accept-encoding: gzip,deflate,br',
    '    - content-type: application/json',
    '    - content-length: 53'
  ],
  name: 'Error',
  Symbol(step): {
    location: {
      file: '/home/tbaltzakis/cloudless.gr/e2e/helpers/page-helpers.ts',
      line: 63,
      column: 48,
      function: 'AuthenticatedPage.loginViaApi'
    },
    category: 'pw:api',
    title: 'POST "/api/auth/login"',
    apiName: 'apiRequestContext.post',
    params: {
      url: '/api/auth/login',
      params: undefined,
      encodedParams: undefined,
      method: 'POST',
      headers: undefined,
      postData: undefined,
      jsonData: '{"email":"test@example.com","password":"password123"}',
      formData: undefined,
      multipartData: undefined,
      failOnStatusCode: undefined,
      ignoreHTTPSErrors: undefined,
      maxRedirects: undefined,
      maxRetries: undefined,
      __testHookLookup: undefined
    },
    group: undefined,
    stepId: 'pw:api@34',
    boxedStack: undefined,
    steps: [],
    attachmentIndices: [],
    info: TestStepInfoImpl {
      annotations: [],
      _testInfo: [TestInfoImpl],
      _stepId: 'pw:api@34',
      _title: 'POST "/api/auth/login"',
      _parentStep: [TestStepInfoImpl],
      skip: [Function (anonymous)]
    },
    complete: [Function: complete],
    endWallTime: 1786538545851,
    error: {
      message: 'Error: apiRequestContext.post: connect ECONNREFUSED ::1:4000\n' +
        'Call log:\n' +
        '\x1B[2m  - → POST http://localhost:4000/api/auth/login\x1B[22m\n' +
        '\x1B[2m    - user-agent: Mozilla/5.0 (Windows NT 10.0; Win64; x64) AppleWebKit/537.36 (KHTML, like Gecko) Chrome/151.0.7922.34 Safari/537.36\x1B[22m\n' +
        '\x1B[2m    - accept: */*\x1B[22m\n' +
        '\x1B[2m    - accept-encoding: gzip,deflate,br\x1B[22m\n' +
        '\x1B[2m    - content-type: application/json\x1B[22m\n' +
        '\x1B[2m    - content-length: 53\x1B[22m\n',
      stack: 'Error: apiRequestContext.post: connect ECONNREFUSED ::1:4000\n' +
        'Call log:\n' +
        '\x1B[2m  - → POST http://localhost:4000/api/auth/login\x1B[22m\n' +
        '\x1B[2m    - user-agent: Mozilla/5.0 (Windows NT 10.0; Win64; x64) AppleWebKit/537.36 (KHTML, like Gecko) Chrome/151.0.7922.34 Safari/537.36\x1B[22m\n' +
        '\x1B[2m    - accept: */*\x1B[22m\n' +
        '\x1B[2m    - accept-encoding: gzip,deflate,br\x1B[22m\n' +
        '\x1B[2m    - content-type: application/json\x1B[22m\n' +
        '\x1B[2m    - content-length: 53\x1B[22m\n' +
        '\n' +
        '    at apiRequestContext.post: connect ECONNREFUSED ::1:4000\n' +
        '    at AuthenticatedPage.loginViaApi (/home/tbaltzakis/cloudless.gr/e2e/helpers/page-helpers.ts:63:48)\n' +
        '    at /home/tbaltzakis/cloudless.gr/e2e/ui/pages/dashboard.spec.ts:21:20',
      cause: undefined
    }
  }
}
  ✘  2630 [chromium] › e2e/ui/pages/dashboard.spec.ts:152:9 › Dashboard Page › Authentication › should redirect to login if not authenticated (555ms)
API login failed, falling back to UI login: apiRequestContext.post: connect ECONNREFUSED ::1:4000
Call log:
  - → POST http://localhost:4000/api/auth/login
    - user-agent: Mozilla/5.0 (Windows NT 10.0; Win64; x64) AppleWebKit/537.36 (KHTML, like Gecko) Chrome/151.0.7922.34 Safari/537.36
    - accept: */*
    - accept-encoding: gzip,deflate,br
    - content-type: application/json
    - content-length: 53

    at AuthenticatedPage.loginViaApi (/home/tbaltzakis/cloudless.gr/e2e/helpers/page-helpers.ts:63:48)
    at /home/tbaltzakis/cloudless.gr/e2e/ui/pages/dashboard.spec.ts:21:20 {
  log: [
    '  - → POST http://localhost:4000/api/auth/login',
    '    - user-agent: Mozilla/5.0 (Windows NT 10.0; Win64; x64) AppleWebKit/537.36 (KHTML, like Gecko) Chrome/151.0.7922.34 Safari/537.36',
    '    - accept: */*',
    '    - accept-encoding: gzip,deflate,br',
    '    - content-type: application/json',
    '    - content-length: 53'
  ],
  name: 'Error',
  Symbol(step): {
    location: {
      file: '/home/tbaltzakis/cloudless.gr/e2e/helpers/page-helpers.ts',
      line: 63,
      column: 48,
      function: 'AuthenticatedPage.loginViaApi'
    },
    category: 'pw:api',
    title: 'POST "/api/auth/login"',
    apiName: 'apiRequestContext.post',
    params: {
      url: '/api/auth/login',
      params: undefined,
      encodedParams: undefined,
      method: 'POST',
      headers: undefined,
      postData: undefined,
      jsonData: '{"email":"test@example.com","password":"password123"}',
      formData: undefined,
      multipartData: undefined,
      failOnStatusCode: undefined,
      ignoreHTTPSErrors: undefined,
      maxRedirects: undefined,
      maxRetries: undefined,
      __testHookLookup: undefined
    },
    group: undefined,
    stepId: 'pw:api@34',
    boxedStack: undefined,
    steps: [],
    attachmentIndices: [],
    info: TestStepInfoImpl {
      annotations: [],
      _testInfo: [TestInfoImpl],
      _stepId: 'pw:api@34',
      _title: 'POST "/api/auth/login"',
      _parentStep: [TestStepInfoImpl],
      skip: [Function (anonymous)]
    },
    complete: [Function: complete],
    endWallTime: 1786538546449,
    error: {
      message: 'Error: apiRequestContext.post: connect ECONNREFUSED ::1:4000\n' +
        'Call log:\n' +
        '\x1B[2m  - → POST http://localhost:4000/api/auth/login\x1B[22m\n' +
        '\x1B[2m    - user-agent: Mozilla/5.0 (Windows NT 10.0; Win64; x64) AppleWebKit/537.36 (KHTML, like Gecko) Chrome/151.0.7922.34 Safari/537.36\x1B[22m\n' +
        '\x1B[2m    - accept: */*\x1B[22m\n' +
        '\x1B[2m    - accept-encoding: gzip,deflate,br\x1B[22m\n' +
        '\x1B[2m    - content-type: application/json\x1B[22m\n' +
        '\x1B[2m    - content-length: 53\x1B[22m\n',
      stack: 'Error: apiRequestContext.post: connect ECONNREFUSED ::1:4000\n' +
        'Call log:\n' +
        '\x1B[2m  - → POST http://localhost:4000/api/auth/login\x1B[22m\n' +
        '\x1B[2m    - user-agent: Mozilla/5.0 (Windows NT 10.0; Win64; x64) AppleWebKit/537.36 (KHTML, like Gecko) Chrome/151.0.7922.34 Safari/537.36\x1B[22m\n' +
        '\x1B[2m    - accept: */*\x1B[22m\n' +
        '\x1B[2m    - accept-encoding: gzip,deflate,br\x1B[22m\n' +
        '\x1B[2m    - content-type: application/json\x1B[22m\n' +
        '\x1B[2m    - content-length: 53\x1B[22m\n' +
        '\n' +
        '    at apiRequestContext.post: connect ECONNREFUSED ::1:4000\n' +
        '    at AuthenticatedPage.loginViaApi (/home/tbaltzakis/cloudless.gr/e2e/helpers/page-helpers.ts:63:48)\n' +
        '    at /home/tbaltzakis/cloudless.gr/e2e/ui/pages/dashboard.spec.ts:21:20',
      cause: undefined
    }
  }
}
  ✘  2631 [chromium] › e2e/ui/pages/dashboard.spec.ts:140:9 › Dashboard Page › Navigation › should navigate to settings (retry #1) (586ms)
API login failed, falling back to UI login: apiRequestContext.post: connect ECONNREFUSED ::1:4000
Call log:
  - → POST http://localhost:4000/api/auth/login
    - user-agent: Mozilla/5.0 (Windows NT 10.0; Win64; x64) AppleWebKit/537.36 (KHTML, like Gecko) Chrome/151.0.7922.34 Safari/537.36
    - accept: */*
    - accept-encoding: gzip,deflate,br
    - content-type: application/json
    - content-length: 53

    at AuthenticatedPage.loginViaApi (/home/tbaltzakis/cloudless.gr/e2e/helpers/page-helpers.ts:63:48)
    at /home/tbaltzakis/cloudless.gr/e2e/ui/pages/dashboard.spec.ts:21:20 {
  log: [
    '  - → POST http://localhost:4000/api/auth/login',
    '    - user-agent: Mozilla/5.0 (Windows NT 10.0; Win64; x64) AppleWebKit/537.36 (KHTML, like Gecko) Chrome/151.0.7922.34 Safari/537.36',
    '    - accept: */*',
    '    - accept-encoding: gzip,deflate,br',
    '    - content-type: application/json',
    '    - content-length: 53'
  ],
  name: 'Error',
  Symbol(step): {
    location: {
      file: '/home/tbaltzakis/cloudless.gr/e2e/helpers/page-helpers.ts',
      line: 63,
      column: 48,
      function: 'AuthenticatedPage.loginViaApi'
    },
    category: 'pw:api',
    title: 'POST "/api/auth/login"',
    apiName: 'apiRequestContext.post',
    params: {
      url: '/api/auth/login',
      params: undefined,
      encodedParams: undefined,
      method: 'POST',
      headers: undefined,
      postData: undefined,
      jsonData: '{"email":"test@example.com","password":"password123"}',
      formData: undefined,
      multipartData: undefined,
      failOnStatusCode: undefined,
      ignoreHTTPSErrors: undefined,
      maxRedirects: undefined,
      maxRetries: undefined,
      __testHookLookup: undefined
    },
    group: undefined,
    stepId: 'pw:api@34',
    boxedStack: undefined,
    steps: [],
    attachmentIndices: [],
    info: TestStepInfoImpl {
      annotations: [],
      _testInfo: [TestInfoImpl],
      _stepId: 'pw:api@34',
      _title: 'POST "/api/auth/login"',
      _parentStep: [TestStepInfoImpl],
      skip: [Function (anonymous)]
    },
    complete: [Function: complete],
    endWallTime: 1786538546847,
    error: {
      message: 'Error: apiRequestContext.post: connect ECONNREFUSED ::1:4000\n' +
        'Call log:\n' +
        '\x1B[2m  - → POST http://localhost:4000/api/auth/login\x1B[22m\n' +
        '\x1B[2m    - user-agent: Mozilla/5.0 (Windows NT 10.0; Win64; x64) AppleWebKit/537.36 (KHTML, like Gecko) Chrome/151.0.7922.34 Safari/537.36\x1B[22m\n' +
        '\x1B[2m    - accept: */*\x1B[22m\n' +
        '\x1B[2m    - accept-encoding: gzip,deflate,br\x1B[22m\n' +
        '\x1B[2m    - content-type: application/json\x1B[22m\n' +
        '\x1B[2m    - content-length: 53\x1B[22m\n',
      stack: 'Error: apiRequestContext.post: connect ECONNREFUSED ::1:4000\n' +
        'Call log:\n' +
        '\x1B[2m  - → POST http://localhost:4000/api/auth/login\x1B[22m\n' +
        '\x1B[2m    - user-agent: Mozilla/5.0 (Windows NT 10.0; Win64; x64) AppleWebKit/537.36 (KHTML, like Gecko) Chrome/151.0.7922.34 Safari/537.36\x1B[22m\n' +
        '\x1B[2m    - accept: */*\x1B[22m\n' +
        '\x1B[2m    - accept-encoding: gzip,deflate,br\x1B[22m\n' +
        '\x1B[2m    - content-type: application/json\x1B[22m\n' +
        '\x1B[2m    - content-length: 53\x1B[22m\n' +
        '\n' +
        '    at apiRequestContext.post: connect ECONNREFUSED ::1:4000\n' +
        '    at AuthenticatedPage.loginViaApi (/home/tbaltzakis/cloudless.gr/e2e/helpers/page-helpers.ts:63:48)\n' +
        '    at /home/tbaltzakis/cloudless.gr/e2e/ui/pages/dashboard.spec.ts:21:20',
      cause: undefined
    }
  }
}
  ✘  2632 [chromium] › e2e/ui/pages/dashboard.spec.ts:152:9 › Dashboard Page › Authentication › should redirect to login if not authenticated (retry #1) (581ms)
API login failed, falling back to UI login: apiRequestContext.post: connect ECONNREFUSED ::1:4000
Call log:
  - → POST http://localhost:4000/api/auth/login
    - user-agent: Mozilla/5.0 (Windows NT 10.0; Win64; x64) AppleWebKit/537.36 (KHTML, like Gecko) Chrome/151.0.7922.34 Safari/537.36
    - accept: */*
    - accept-encoding: gzip,deflate,br
    - content-type: application/json
    - content-length: 53

    at AuthenticatedPage.loginViaApi (/home/tbaltzakis/cloudless.gr/e2e/helpers/page-helpers.ts:63:48)
    at /home/tbaltzakis/cloudless.gr/e2e/ui/pages/dashboard.spec.ts:21:20 {
  log: [
    '  - → POST http://localhost:4000/api/auth/login',
    '    - user-agent: Mozilla/5.0 (Windows NT 10.0; Win64; x64) AppleWebKit/537.36 (KHTML, like Gecko) Chrome/151.0.7922.34 Safari/537.36',
    '    - accept: */*',
    '    - accept-encoding: gzip,deflate,br',
    '    - content-type: application/json',
    '    - content-length: 53'
  ],
  name: 'Error',
  Symbol(step): {
    location: {
      file: '/home/tbaltzakis/cloudless.gr/e2e/helpers/page-helpers.ts',
      line: 63,
      column: 48,
      function: 'AuthenticatedPage.loginViaApi'
    },
    category: 'pw:api',
    title: 'POST "/api/auth/login"',
    apiName: 'apiRequestContext.post',
    params: {
      url: '/api/auth/login',
      params: undefined,
      encodedParams: undefined,
      method: 'POST',
      headers: undefined,
      postData: undefined,
      jsonData: '{"email":"test@example.com","password":"password123"}',
      formData: undefined,
      multipartData: undefined,
      failOnStatusCode: undefined,
      ignoreHTTPSErrors: undefined,
      maxRedirects: undefined,
      maxRetries: undefined,
      __testHookLookup: undefined
    },
    group: undefined,
    stepId: 'pw:api@34',
    boxedStack: undefined,
    steps: [],
    attachmentIndices: [],
    info: TestStepInfoImpl {
      annotations: [],
      _testInfo: [TestInfoImpl],
      _stepId: 'pw:api@34',
      _title: 'POST "/api/auth/login"',
      _parentStep: [TestStepInfoImpl],
      skip: [Function (anonymous)]
    },
    complete: [Function: complete],
    endWallTime: 1786538547470,
    error: {
      message: 'Error: apiRequestContext.post: connect ECONNREFUSED ::1:4000\n' +
        'Call log:\n' +
        '\x1B[2m  - → POST http://localhost:4000/api/auth/login\x1B[22m\n' +
        '\x1B[2m    - user-agent: Mozilla/5.0 (Windows NT 10.0; Win64; x64) AppleWebKit/537.36 (KHTML, like Gecko) Chrome/151.0.7922.34 Safari/537.36\x1B[22m\n' +
        '\x1B[2m    - accept: */*\x1B[22m\n' +
        '\x1B[2m    - accept-encoding: gzip,deflate,br\x1B[22m\n' +
        '\x1B[2m    - content-type: application/json\x1B[22m\n' +
        '\x1B[2m    - content-length: 53\x1B[22m\n',
      stack: 'Error: apiRequestContext.post: connect ECONNREFUSED ::1:4000\n' +
        'Call log:\n' +
        '\x1B[2m  - → POST http://localhost:4000/api/auth/login\x1B[22m\n' +
        '\x1B[2m    - user-agent: Mozilla/5.0 (Windows NT 10.0; Win64; x64) AppleWebKit/537.36 (KHTML, like Gecko) Chrome/151.0.7922.34 Safari/537.36\x1B[22m\n' +
        '\x1B[2m    - accept: */*\x1B[22m\n' +
        '\x1B[2m    - accept-encoding: gzip,deflate,br\x1B[22m\n' +
        '\x1B[2m    - content-type: application/json\x1B[22m\n' +
        '\x1B[2m    - content-length: 53\x1B[22m\n' +
        '\n' +
        '    at apiRequestContext.post: connect ECONNREFUSED ::1:4000\n' +
        '    at AuthenticatedPage.loginViaApi (/home/tbaltzakis/cloudless.gr/e2e/helpers/page-helpers.ts:63:48)\n' +
        '    at /home/tbaltzakis/cloudless.gr/e2e/ui/pages/dashboard.spec.ts:21:20',
      cause: undefined
    }
  }
}
  ✘  2633 [chromium] › e2e/ui/pages/dashboard.spec.ts:165:9 › Dashboard Page › Responsive Design › should render correctly on mobile (543ms)
API login failed, falling back to UI login: apiRequestContext.post: connect ECONNREFUSED ::1:4000
Call log:
  - → POST http://localhost:4000/api/auth/login
    - user-agent: Mozilla/5.0 (Windows NT 10.0; Win64; x64) AppleWebKit/537.36 (KHTML, like Gecko) Chrome/151.0.7922.34 Safari/537.36
    - accept: */*
    - accept-encoding: gzip,deflate,br
    - content-type: application/json
    - content-length: 53

    at AuthenticatedPage.loginViaApi (/home/tbaltzakis/cloudless.gr/e2e/helpers/page-helpers.ts:63:48)
    at /home/tbaltzakis/cloudless.gr/e2e/ui/pages/dashboard.spec.ts:21:20 {
  log: [
    '  - → POST http://localhost:4000/api/auth/login',
    '    - user-agent: Mozilla/5.0 (Windows NT 10.0; Win64; x64) AppleWebKit/537.36 (KHTML, like Gecko) Chrome/151.0.7922.34 Safari/537.36',
    '    - accept: */*',
    '    - accept-encoding: gzip,deflate,br',
    '    - content-type: application/json',
    '    - content-length: 53'
  ],
  name: 'Error',
  Symbol(step): {
    location: {
      file: '/home/tbaltzakis/cloudless.gr/e2e/helpers/page-helpers.ts',
      line: 63,
      column: 48,
      function: 'AuthenticatedPage.loginViaApi'
    },
    category: 'pw:api',
    title: 'POST "/api/auth/login"',
    apiName: 'apiRequestContext.post',
    params: {
      url: '/api/auth/login',
      params: undefined,
      encodedParams: undefined,
      method: 'POST',
      headers: undefined,
      postData: undefined,
      jsonData: '{"email":"test@example.com","password":"password123"}',
      formData: undefined,
      multipartData: undefined,
      failOnStatusCode: undefined,
      ignoreHTTPSErrors: undefined,
      maxRedirects: undefined,
      maxRetries: undefined,
      __testHookLookup: undefined
    },
    group: undefined,
    stepId: 'pw:api@34',
    boxedStack: undefined,
    steps: [],
    attachmentIndices: [],
    info: TestStepInfoImpl {
      annotations: [],
      _testInfo: [TestInfoImpl],
      _stepId: 'pw:api@34',
      _title: 'POST "/api/auth/login"',
      _parentStep: [TestStepInfoImpl],
      skip: [Function (anonymous)]
    },
    complete: [Function: complete],
    endWallTime: 1786538547916,
    error: {
      message: 'Error: apiRequestContext.post: connect ECONNREFUSED ::1:4000\n' +
        'Call log:\n' +
        '\x1B[2m  - → POST http://localhost:4000/api/auth/login\x1B[22m\n' +
        '\x1B[2m    - user-agent: Mozilla/5.0 (Windows NT 10.0; Win64; x64) AppleWebKit/537.36 (KHTML, like Gecko) Chrome/151.0.7922.34 Safari/537.36\x1B[22m\n' +
        '\x1B[2m    - accept: */*\x1B[22m\n' +
        '\x1B[2m    - accept-encoding: gzip,deflate,br\x1B[22m\n' +
        '\x1B[2m    - content-type: application/json\x1B[22m\n' +
        '\x1B[2m    - content-length: 53\x1B[22m\n',
      stack: 'Error: apiRequestContext.post: connect ECONNREFUSED ::1:4000\n' +
        'Call log:\n' +
        '\x1B[2m  - → POST http://localhost:4000/api/auth/login\x1B[22m\n' +
        '\x1B[2m    - user-agent: Mozilla/5.0 (Windows NT 10.0; Win64; x64) AppleWebKit/537.36 (KHTML, like Gecko) Chrome/151.0.7922.34 Safari/537.36\x1B[22m\n' +
        '\x1B[2m    - accept: */*\x1B[22m\n' +
        '\x1B[2m    - accept-encoding: gzip,deflate,br\x1B[22m\n' +
        '\x1B[2m    - content-type: application/json\x1B[22m\n' +
        '\x1B[2m    - content-length: 53\x1B[22m\n' +
        '\n' +
        '    at apiRequestContext.post: connect ECONNREFUSED ::1:4000\n' +
        '    at AuthenticatedPage.loginViaApi (/home/tbaltzakis/cloudless.gr/e2e/helpers/page-helpers.ts:63:48)\n' +
        '    at /home/tbaltzakis/cloudless.gr/e2e/ui/pages/dashboard.spec.ts:21:20',
      cause: undefined
    }
  }
}
  ✘  2634 [chromium] › e2e/ui/pages/dashboard.spec.ts:194:9 › Dashboard Page › Responsive Design › should render correctly on tablet (578ms)
API login failed, falling back to UI login: apiRequestContext.post: connect ECONNREFUSED ::1:4000
Call log:
  - → POST http://localhost:4000/api/auth/login
    - user-agent: Mozilla/5.0 (Windows NT 10.0; Win64; x64) AppleWebKit/537.36 (KHTML, like Gecko) Chrome/151.0.7922.34 Safari/537.36
    - accept: */*
    - accept-encoding: gzip,deflate,br
    - content-type: application/json
    - content-length: 53

    at AuthenticatedPage.loginViaApi (/home/tbaltzakis/cloudless.gr/e2e/helpers/page-helpers.ts:63:48)
    at /home/tbaltzakis/cloudless.gr/e2e/ui/pages/dashboard.spec.ts:21:20 {
  log: [
    '  - → POST http://localhost:4000/api/auth/login',
    '    - user-agent: Mozilla/5.0 (Windows NT 10.0; Win64; x64) AppleWebKit/537.36 (KHTML, like Gecko) Chrome/151.0.7922.34 Safari/537.36',
    '    - accept: */*',
    '    - accept-encoding: gzip,deflate,br',
    '    - content-type: application/json',
    '    - content-length: 53'
  ],
  name: 'Error',
  Symbol(step): {
    location: {
      file: '/home/tbaltzakis/cloudless.gr/e2e/helpers/page-helpers.ts',
      line: 63,
      column: 48,
      function: 'AuthenticatedPage.loginViaApi'
    },
    category: 'pw:api',
    title: 'POST "/api/auth/login"',
    apiName: 'apiRequestContext.post',
    params: {
      url: '/api/auth/login',
      params: undefined,
      encodedParams: undefined,
      method: 'POST',
      headers: undefined,
      postData: undefined,
      jsonData: '{"email":"test@example.com","password":"password123"}',
      formData: undefined,
      multipartData: undefined,
      failOnStatusCode: undefined,
      ignoreHTTPSErrors: undefined,
      maxRedirects: undefined,
      maxRetries: undefined,
      __testHookLookup: undefined
    },
    group: undefined,
    stepId: 'pw:api@34',
    boxedStack: undefined,
    steps: [],
    attachmentIndices: [],
    info: TestStepInfoImpl {
      annotations: [],
      _testInfo: [TestInfoImpl],
      _stepId: 'pw:api@34',
      _title: 'POST "/api/auth/login"',
      _parentStep: [TestStepInfoImpl],
      skip: [Function (anonymous)]
    },
    complete: [Function: complete],
    endWallTime: 1786538548461,
    error: {
      message: 'Error: apiRequestContext.post: connect ECONNREFUSED ::1:4000\n' +
        'Call log:\n' +
        '\x1B[2m  - → POST http://localhost:4000/api/auth/login\x1B[22m\n' +
        '\x1B[2m    - user-agent: Mozilla/5.0 (Windows NT 10.0; Win64; x64) AppleWebKit/537.36 (KHTML, like Gecko) Chrome/151.0.7922.34 Safari/537.36\x1B[22m\n' +
        '\x1B[2m    - accept: */*\x1B[22m\n' +
        '\x1B[2m    - accept-encoding: gzip,deflate,br\x1B[22m\n' +
        '\x1B[2m    - content-type: application/json\x1B[22m\n' +
        '\x1B[2m    - content-length: 53\x1B[22m\n',
      stack: 'Error: apiRequestContext.post: connect ECONNREFUSED ::1:4000\n' +
        'Call log:\n' +
        '\x1B[2m  - → POST http://localhost:4000/api/auth/login\x1B[22m\n' +
        '\x1B[2m    - user-agent: Mozilla/5.0 (Windows NT 10.0; Win64; x64) AppleWebKit/537.36 (KHTML, like Gecko) Chrome/151.0.7922.34 Safari/537.36\x1B[22m\n' +
        '\x1B[2m    - accept: */*\x1B[22m\n' +
        '\x1B[2m    - accept-encoding: gzip,deflate,br\x1B[22m\n' +
        '\x1B[2m    - content-type: application/json\x1B[22m\n' +
        '\x1B[2m    - content-length: 53\x1B[22m\n' +
        '\n' +
        '    at apiRequestContext.post: connect ECONNREFUSED ::1:4000\n' +
        '    at AuthenticatedPage.loginViaApi (/home/tbaltzakis/cloudless.gr/e2e/helpers/page-helpers.ts:63:48)\n' +
        '    at /home/tbaltzakis/cloudless.gr/e2e/ui/pages/dashboard.spec.ts:21:20',
      cause: undefined
    }
  }
}
  ✘  2635 [chromium] › e2e/ui/pages/dashboard.spec.ts:165:9 › Dashboard Page › Responsive Design › should render correctly on mobile (retry #1) (599ms)
API login failed, falling back to UI login: apiRequestContext.post: connect ECONNREFUSED ::1:4000
Call log:
  - → POST http://localhost:4000/api/auth/login
    - user-agent: Mozilla/5.0 (Windows NT 10.0; Win64; x64) AppleWebKit/537.36 (KHTML, like Gecko) Chrome/151.0.7922.34 Safari/537.36
    - accept: */*
    - accept-encoding: gzip,deflate,br
    - content-type: application/json
    - content-length: 53

    at AuthenticatedPage.loginViaApi (/home/tbaltzakis/cloudless.gr/e2e/helpers/page-helpers.ts:63:48)
    at /home/tbaltzakis/cloudless.gr/e2e/ui/pages/dashboard.spec.ts:21:20 {
  log: [
    '  - → POST http://localhost:4000/api/auth/login',
    '    - user-agent: Mozilla/5.0 (Windows NT 10.0; Win64; x64) AppleWebKit/537.36 (KHTML, like Gecko) Chrome/151.0.7922.34 Safari/537.36',
    '    - accept: */*',
    '    - accept-encoding: gzip,deflate,br',
    '    - content-type: application/json',
    '    - content-length: 53'
  ],
  name: 'Error',
  Symbol(step): {
    location: {
      file: '/home/tbaltzakis/cloudless.gr/e2e/helpers/page-helpers.ts',
      line: 63,
      column: 48,
      function: 'AuthenticatedPage.loginViaApi'
    },
    category: 'pw:api',
    title: 'POST "/api/auth/login"',
    apiName: 'apiRequestContext.post',
    params: {
      url: '/api/auth/login',
      params: undefined,
      encodedParams: undefined,
      method: 'POST',
      headers: undefined,
      postData: undefined,
      jsonData: '{"email":"test@example.com","password":"password123"}',
      formData: undefined,
      multipartData: undefined,
      failOnStatusCode: undefined,
      ignoreHTTPSErrors: undefined,
      maxRedirects: undefined,
      maxRetries: undefined,
      __testHookLookup: undefined
    },
    group: undefined,
    stepId: 'pw:api@34',
    boxedStack: undefined,
    steps: [],
    attachmentIndices: [],
    info: TestStepInfoImpl {
      annotations: [],
      _testInfo: [TestInfoImpl],
      _stepId: 'pw:api@34',
      _title: 'POST "/api/auth/login"',
      _parentStep: [TestStepInfoImpl],
      skip: [Function (anonymous)]
    },
    complete: [Function: complete],
    endWallTime: 1786538548929,
    error: {
      message: 'Error: apiRequestContext.post: connect ECONNREFUSED ::1:4000\n' +
        'Call log:\n' +
        '\x1B[2m  - → POST http://localhost:4000/api/auth/login\x1B[22m\n' +
        '\x1B[2m    - user-agent: Mozilla/5.0 (Windows NT 10.0; Win64; x64) AppleWebKit/537.36 (KHTML, like Gecko) Chrome/151.0.7922.34 Safari/537.36\x1B[22m\n' +
        '\x1B[2m    - accept: */*\x1B[22m\n' +
        '\x1B[2m    - accept-encoding: gzip,deflate,br\x1B[22m\n' +
        '\x1B[2m    - content-type: application/json\x1B[22m\n' +
        '\x1B[2m    - content-length: 53\x1B[22m\n',
      stack: 'Error: apiRequestContext.post: connect ECONNREFUSED ::1:4000\n' +
        'Call log:\n' +
        '\x1B[2m  - → POST http://localhost:4000/api/auth/login\x1B[22m\n' +
        '\x1B[2m    - user-agent: Mozilla/5.0 (Windows NT 10.0; Win64; x64) AppleWebKit/537.36 (KHTML, like Gecko) Chrome/151.0.7922.34 Safari/537.36\x1B[22m\n' +
        '\x1B[2m    - accept: */*\x1B[22m\n' +
        '\x1B[2m    - accept-encoding: gzip,deflate,br\x1B[22m\n' +
        '\x1B[2m    - content-type: application/json\x1B[22m\n' +
        '\x1B[2m    - content-length: 53\x1B[22m\n' +
        '\n' +
        '    at apiRequestContext.post: connect ECONNREFUSED ::1:4000\n' +
        '    at AuthenticatedPage.loginViaApi (/home/tbaltzakis/cloudless.gr/e2e/helpers/page-helpers.ts:63:48)\n' +
        '    at /home/tbaltzakis/cloudless.gr/e2e/ui/pages/dashboard.spec.ts:21:20',
      cause: undefined
    }
  }
}
  ✘  2636 [chromium] › e2e/ui/pages/dashboard.spec.ts:194:9 › Dashboard Page › Responsive Design › should render correctly on tablet (retry #1) (611ms)
API login failed, falling back to UI login: apiRequestContext.post: connect ECONNREFUSED ::1:4000
Call log:
  - → POST http://localhost:4000/api/auth/login
    - user-agent: Mozilla/5.0 (Windows NT 10.0; Win64; x64) AppleWebKit/537.36 (KHTML, like Gecko) Chrome/151.0.7922.34 Safari/537.36
    - accept: */*
    - accept-encoding: gzip,deflate,br
    - content-type: application/json
    - content-length: 53

    at AuthenticatedPage.loginViaApi (/home/tbaltzakis/cloudless.gr/e2e/helpers/page-helpers.ts:63:48)
    at /home/tbaltzakis/cloudless.gr/e2e/ui/pages/dashboard.spec.ts:21:20 {
  log: [
    '  - → POST http://localhost:4000/api/auth/login',
    '    - user-agent: Mozilla/5.0 (Windows NT 10.0; Win64; x64) AppleWebKit/537.36 (KHTML, like Gecko) Chrome/151.0.7922.34 Safari/537.36',
    '    - accept: */*',
    '    - accept-encoding: gzip,deflate,br',
    '    - content-type: application/json',
    '    - content-length: 53'
  ],
  name: 'Error',
  Symbol(step): {
    location: {
      file: '/home/tbaltzakis/cloudless.gr/e2e/helpers/page-helpers.ts',
      line: 63,
      column: 48,
      function: 'AuthenticatedPage.loginViaApi'
    },
    category: 'pw:api',
    title: 'POST "/api/auth/login"',
    apiName: 'apiRequestContext.post',
    params: {
      url: '/api/auth/login',
      params: undefined,
      encodedParams: undefined,
      method: 'POST',
      headers: undefined,
      postData: undefined,
      jsonData: '{"email":"test@example.com","password":"password123"}',
      formData: undefined,
      multipartData: undefined,
      failOnStatusCode: undefined,
      ignoreHTTPSErrors: undefined,
      maxRedirects: undefined,
      maxRetries: undefined,
      __testHookLookup: undefined
    },
    group: undefined,
    stepId: 'pw:api@34',
    boxedStack: undefined,
    steps: [],
    attachmentIndices: [],
    info: TestStepInfoImpl {
      annotations: [],
      _testInfo: [TestInfoImpl],
      _stepId: 'pw:api@34',
      _title: 'POST "/api/auth/login"',
      _parentStep: [TestStepInfoImpl],
      skip: [Function (anonymous)]
    },
    complete: [Function: complete],
    endWallTime: 1786538549505,
    error: {
      message: 'Error: apiRequestContext.post: connect ECONNREFUSED ::1:4000\n' +
        'Call log:\n' +
        '\x1B[2m  - → POST http://localhost:4000/api/auth/login\x1B[22m\n' +
        '\x1B[2m    - user-agent: Mozilla/5.0 (Windows NT 10.0; Win64; x64) AppleWebKit/537.36 (KHTML, like Gecko) Chrome/151.0.7922.34 Safari/537.36\x1B[22m\n' +
        '\x1B[2m    - accept: */*\x1B[22m\n' +
        '\x1B[2m    - accept-encoding: gzip,deflate,br\x1B[22m\n' +
        '\x1B[2m    - content-type: application/json\x1B[22m\n' +
        '\x1B[2m    - content-length: 53\x1B[22m\n',
      stack: 'Error: apiRequestContext.post: connect ECONNREFUSED ::1:4000\n' +
        'Call log:\n' +
        '\x1B[2m  - → POST http://localhost:4000/api/auth/login\x1B[22m\n' +
        '\x1B[2m    - user-agent: Mozilla/5.0 (Windows NT 10.0; Win64; x64) AppleWebKit/537.36 (KHTML, like Gecko) Chrome/151.0.7922.34 Safari/537.36\x1B[22m\n' +
        '\x1B[2m    - accept: */*\x1B[22m\n' +
        '\x1B[2m    - accept-encoding: gzip,deflate,br\x1B[22m\n' +
        '\x1B[2m    - content-type: application/json\x1B[22m\n' +
        '\x1B[2m    - content-length: 53\x1B[22m\n' +
        '\n' +
        '    at apiRequestContext.post: connect ECONNREFUSED ::1:4000\n' +
        '    at AuthenticatedPage.loginViaApi (/home/tbaltzakis/cloudless.gr/e2e/helpers/page-helpers.ts:63:48)\n' +
        '    at /home/tbaltzakis/cloudless.gr/e2e/ui/pages/dashboard.spec.ts:21:20',
      cause: undefined
    }
  }
}
  ✘  2637 [chromium] › e2e/ui/pages/dashboard.spec.ts:211:9 › Dashboard Page › Responsive Design › should render correctly on desktop (556ms)
API login failed, falling back to UI login: apiRequestContext.post: connect ECONNREFUSED ::1:4000
Call log:
  - → POST http://localhost:4000/api/auth/login
    - user-agent: Mozilla/5.0 (Windows NT 10.0; Win64; x64) AppleWebKit/537.36 (KHTML, like Gecko) Chrome/151.0.7922.34 Safari/537.36
    - accept: */*
    - accept-encoding: gzip,deflate,br
    - content-type: application/json
    - content-length: 53

    at AuthenticatedPage.loginViaApi (/home/tbaltzakis/cloudless.gr/e2e/helpers/page-helpers.ts:63:48)
    at /home/tbaltzakis/cloudless.gr/e2e/ui/pages/dashboard.spec.ts:21:20 {
  log: [
    '  - → POST http://localhost:4000/api/auth/login',
    '    - user-agent: Mozilla/5.0 (Windows NT 10.0; Win64; x64) AppleWebKit/537.36 (KHTML, like Gecko) Chrome/151.0.7922.34 Safari/537.36',
    '    - accept: */*',
    '    - accept-encoding: gzip,deflate,br',
    '    - content-type: application/json',
    '    - content-length: 53'
  ],
  name: 'Error',
  Symbol(step): {
    location: {
      file: '/home/tbaltzakis/cloudless.gr/e2e/helpers/page-helpers.ts',
      line: 63,
      column: 48,
      function: 'AuthenticatedPage.loginViaApi'
    },
    category: 'pw:api',
    title: 'POST "/api/auth/login"',
    apiName: 'apiRequestContext.post',
    params: {
      url: '/api/auth/login',
      params: undefined,
      encodedParams: undefined,
      method: 'POST',
      headers: undefined,
      postData: undefined,
      jsonData: '{"email":"test@example.com","password":"password123"}',
      formData: undefined,
      multipartData: undefined,
      failOnStatusCode: undefined,
      ignoreHTTPSErrors: undefined,
      maxRedirects: undefined,
      maxRetries: undefined,
      __testHookLookup: undefined
    },
    group: undefined,
    stepId: 'pw:api@34',
    boxedStack: undefined,
    steps: [],
    attachmentIndices: [],
    info: TestStepInfoImpl {
      annotations: [],
      _testInfo: [TestInfoImpl],
      _stepId: 'pw:api@34',
      _title: 'POST "/api/auth/login"',
      _parentStep: [TestStepInfoImpl],
      skip: [Function (anonymous)]
    },
    complete: [Function: complete],
    endWallTime: 1786538549946,
    error: {
      message: 'Error: apiRequestContext.post: connect ECONNREFUSED ::1:4000\n' +
        'Call log:\n' +
        '\x1B[2m  - → POST http://localhost:4000/api/auth/login\x1B[22m\n' +
        '\x1B[2m    - user-agent: Mozilla/5.0 (Windows NT 10.0; Win64; x64) AppleWebKit/537.36 (KHTML, like Gecko) Chrome/151.0.7922.34 Safari/537.36\x1B[22m\n' +
        '\x1B[2m    - accept: */*\x1B[22m\n' +
        '\x1B[2m    - accept-encoding: gzip,deflate,br\x1B[22m\n' +
        '\x1B[2m    - content-type: application/json\x1B[22m\n' +
        '\x1B[2m    - content-length: 53\x1B[22m\n',
      stack: 'Error: apiRequestContext.post: connect ECONNREFUSED ::1:4000\n' +
        'Call log:\n' +
        '\x1B[2m  - → POST http://localhost:4000/api/auth/login\x1B[22m\n' +
        '\x1B[2m    - user-agent: Mozilla/5.0 (Windows NT 10.0; Win64; x64) AppleWebKit/537.36 (KHTML, like Gecko) Chrome/151.0.7922.34 Safari/537.36\x1B[22m\n' +
        '\x1B[2m    - accept: */*\x1B[22m\n' +
        '\x1B[2m    - accept-encoding: gzip,deflate,br\x1B[22m\n' +
        '\x1B[2m    - content-type: application/json\x1B[22m\n' +
        '\x1B[2m    - content-length: 53\x1B[22m\n' +
        '\n' +
        '    at apiRequestContext.post: connect ECONNREFUSED ::1:4000\n' +
        '    at AuthenticatedPage.loginViaApi (/home/tbaltzakis/cloudless.gr/e2e/helpers/page-helpers.ts:63:48)\n' +
        '    at /home/tbaltzakis/cloudless.gr/e2e/ui/pages/dashboard.spec.ts:21:20',
      cause: undefined
    }
  }
}
  ✘  2638 [chromium] › e2e/ui/pages/dashboard.spec.ts:240:9 › Dashboard Page › Accessibility › should have proper language attribute (555ms)
API login failed, falling back to UI login: apiRequestContext.post: connect ECONNREFUSED ::1:4000
Call log:
  - → POST http://localhost:4000/api/auth/login
    - user-agent: Mozilla/5.0 (Windows NT 10.0; Win64; x64) AppleWebKit/537.36 (KHTML, like Gecko) Chrome/151.0.7922.34 Safari/537.36
    - accept: */*
    - accept-encoding: gzip,deflate,br
    - content-type: application/json
    - content-length: 53

    at AuthenticatedPage.loginViaApi (/home/tbaltzakis/cloudless.gr/e2e/helpers/page-helpers.ts:63:48)
    at /home/tbaltzakis/cloudless.gr/e2e/ui/pages/dashboard.spec.ts:21:20 {
  log: [
    '  - → POST http://localhost:4000/api/auth/login',
    '    - user-agent: Mozilla/5.0 (Windows NT 10.0; Win64; x64) AppleWebKit/537.36 (KHTML, like Gecko) Chrome/151.0.7922.34 Safari/537.36',
    '    - accept: */*',
    '    - accept-encoding: gzip,deflate,br',
    '    - content-type: application/json',
    '    - content-length: 53'
  ],
  name: 'Error',
  Symbol(step): {
    location: {
      file: '/home/tbaltzakis/cloudless.gr/e2e/helpers/page-helpers.ts',
      line: 63,
      column: 48,
      function: 'AuthenticatedPage.loginViaApi'
    },
    category: 'pw:api',
    title: 'POST "/api/auth/login"',
    apiName: 'apiRequestContext.post',
    params: {
      url: '/api/auth/login',
      params: undefined,
      encodedParams: undefined,
      method: 'POST',
      headers: undefined,
      postData: undefined,
      jsonData: '{"email":"test@example.com","password":"password123"}',
      formData: undefined,
      multipartData: undefined,
      failOnStatusCode: undefined,
      ignoreHTTPSErrors: undefined,
      maxRedirects: undefined,
      maxRetries: undefined,
      __testHookLookup: undefined
    },
    group: undefined,
    stepId: 'pw:api@34',
    boxedStack: undefined,
    steps: [],
    attachmentIndices: [],
    info: TestStepInfoImpl {
      annotations: [],
      _testInfo: [TestInfoImpl],
      _stepId: 'pw:api@34',
      _title: 'POST "/api/auth/login"',
      _parentStep: [TestStepInfoImpl],
      skip: [Function (anonymous)]
    },
    complete: [Function: complete],
    endWallTime: 1786538550530,
    error: {
      message: 'Error: apiRequestContext.post: connect ECONNREFUSED ::1:4000\n' +
        'Call log:\n' +
        '\x1B[2m  - → POST http://localhost:4000/api/auth/login\x1B[22m\n' +
        '\x1B[2m    - user-agent: Mozilla/5.0 (Windows NT 10.0; Win64; x64) AppleWebKit/537.36 (KHTML, like Gecko) Chrome/151.0.7922.34 Safari/537.36\x1B[22m\n' +
        '\x1B[2m    - accept: */*\x1B[22m\n' +
        '\x1B[2m    - accept-encoding: gzip,deflate,br\x1B[22m\n' +
        '\x1B[2m    - content-type: application/json\x1B[22m\n' +
        '\x1B[2m    - content-length: 53\x1B[22m\n',
      stack: 'Error: apiRequestContext.post: connect ECONNREFUSED ::1:4000\n' +
        'Call log:\n' +
        '\x1B[2m  - → POST http://localhost:4000/api/auth/login\x1B[22m\n' +
        '\x1B[2m    - user-agent: Mozilla/5.0 (Windows NT 10.0; Win64; x64) AppleWebKit/537.36 (KHTML, like Gecko) Chrome/151.0.7922.34 Safari/537.36\x1B[22m\n' +
        '\x1B[2m    - accept: */*\x1B[22m\n' +
        '\x1B[2m    - accept-encoding: gzip,deflate,br\x1B[22m\n' +
        '\x1B[2m    - content-type: application/json\x1B[22m\n' +
        '\x1B[2m    - content-length: 53\x1B[22m\n' +
        '\n' +
        '    at apiRequestContext.post: connect ECONNREFUSED ::1:4000\n' +
        '    at AuthenticatedPage.loginViaApi (/home/tbaltzakis/cloudless.gr/e2e/helpers/page-helpers.ts:63:48)\n' +
        '    at /home/tbaltzakis/cloudless.gr/e2e/ui/pages/dashboard.spec.ts:21:20',
      cause: undefined
    }
  }
}
  ✘  2639 [chromium] › e2e/ui/pages/dashboard.spec.ts:211:9 › Dashboard Page › Responsive Design › should render correctly on desktop (retry #1) (597ms)
API login failed, falling back to UI login: apiRequestContext.post: connect ECONNREFUSED ::1:4000
Call log:
  - → POST http://localhost:4000/api/auth/login
    - user-agent: Mozilla/5.0 (Windows NT 10.0; Win64; x64) AppleWebKit/537.36 (KHTML, like Gecko) Chrome/151.0.7922.34 Safari/537.36
    - accept: */*
    - accept-encoding: gzip,deflate,br
    - content-type: application/json
    - content-length: 53

    at AuthenticatedPage.loginViaApi (/home/tbaltzakis/cloudless.gr/e2e/helpers/page-helpers.ts:63:48)
    at /home/tbaltzakis/cloudless.gr/e2e/ui/pages/dashboard.spec.ts:21:20 {
  log: [
    '  - → POST http://localhost:4000/api/auth/login',
    '    - user-agent: Mozilla/5.0 (Windows NT 10.0; Win64; x64) AppleWebKit/537.36 (KHTML, like Gecko) Chrome/151.0.7922.34 Safari/537.36',
    '    - accept: */*',
    '    - accept-encoding: gzip,deflate,br',
    '    - content-type: application/json',
    '    - content-length: 53'
  ],
  name: 'Error',
  Symbol(step): {
    location: {
      file: '/home/tbaltzakis/cloudless.gr/e2e/helpers/page-helpers.ts',
      line: 63,
      column: 48,
      function: 'AuthenticatedPage.loginViaApi'
    },
    category: 'pw:api',
    title: 'POST "/api/auth/login"',
    apiName: 'apiRequestContext.post',
    params: {
      url: '/api/auth/login',
      params: undefined,
      encodedParams: undefined,
      method: 'POST',
      headers: undefined,
      postData: undefined,
      jsonData: '{"email":"test@example.com","password":"password123"}',
      formData: undefined,
      multipartData: undefined,
      failOnStatusCode: undefined,
      ignoreHTTPSErrors: undefined,
      maxRedirects: undefined,
      maxRetries: undefined,
      __testHookLookup: undefined
    },
    group: undefined,
    stepId: 'pw:api@34',
    boxedStack: undefined,
    steps: [],
    attachmentIndices: [],
    info: TestStepInfoImpl {
      annotations: [],
      _testInfo: [TestInfoImpl],
      _stepId: 'pw:api@34',
      _title: 'POST "/api/auth/login"',
      _parentStep: [TestStepInfoImpl],
      skip: [Function (anonymous)]
    },
    complete: [Function: complete],
    endWallTime: 1786538550963,
    error: {
      message: 'Error: apiRequestContext.post: connect ECONNREFUSED ::1:4000\n' +
        'Call log:\n' +
        '\x1B[2m  - → POST http://localhost:4000/api/auth/login\x1B[22m\n' +
        '\x1B[2m    - user-agent: Mozilla/5.0 (Windows NT 10.0; Win64; x64) AppleWebKit/537.36 (KHTML, like Gecko) Chrome/151.0.7922.34 Safari/537.36\x1B[22m\n' +
        '\x1B[2m    - accept: */*\x1B[22m\n' +
        '\x1B[2m    - accept-encoding: gzip,deflate,br\x1B[22m\n' +
        '\x1B[2m    - content-type: application/json\x1B[22m\n' +
        '\x1B[2m    - content-length: 53\x1B[22m\n',
      stack: 'Error: apiRequestContext.post: connect ECONNREFUSED ::1:4000\n' +
        'Call log:\n' +
        '\x1B[2m  - → POST http://localhost:4000/api/auth/login\x1B[22m\n' +
        '\x1B[2m    - user-agent: Mozilla/5.0 (Windows NT 10.0; Win64; x64) AppleWebKit/537.36 (KHTML, like Gecko) Chrome/151.0.7922.34 Safari/537.36\x1B[22m\n' +
        '\x1B[2m    - accept: */*\x1B[22m\n' +
        '\x1B[2m    - accept-encoding: gzip,deflate,br\x1B[22m\n' +
        '\x1B[2m    - content-type: application/json\x1B[22m\n' +
        '\x1B[2m    - content-length: 53\x1B[22m\n' +
        '\n' +
        '    at apiRequestContext.post: connect ECONNREFUSED ::1:4000\n' +
        '    at AuthenticatedPage.loginViaApi (/home/tbaltzakis/cloudless.gr/e2e/helpers/page-helpers.ts:63:48)\n' +
        '    at /home/tbaltzakis/cloudless.gr/e2e/ui/pages/dashboard.spec.ts:21:20',
      cause: undefined
    }
  }
}
  ✘  2640 [chromium] › e2e/ui/pages/dashboard.spec.ts:240:9 › Dashboard Page › Accessibility › should have proper language attribute (retry #1) (545ms)
API login failed, falling back to UI login: apiRequestContext.post: connect ECONNREFUSED ::1:4000
Call log:
  - → POST http://localhost:4000/api/auth/login
    - user-agent: Mozilla/5.0 (Windows NT 10.0; Win64; x64) AppleWebKit/537.36 (KHTML, like Gecko) Chrome/151.0.7922.34 Safari/537.36
    - accept: */*
    - accept-encoding: gzip,deflate,br
    - content-type: application/json
    - content-length: 53

    at AuthenticatedPage.loginViaApi (/home/tbaltzakis/cloudless.gr/e2e/helpers/page-helpers.ts:63:48)
    at /home/tbaltzakis/cloudless.gr/e2e/ui/pages/dashboard.spec.ts:21:20 {
  log: [
    '  - → POST http://localhost:4000/api/auth/login',
    '    - user-agent: Mozilla/5.0 (Windows NT 10.0; Win64; x64) AppleWebKit/537.36 (KHTML, like Gecko) Chrome/151.0.7922.34 Safari/537.36',
    '    - accept: */*',
    '    - accept-encoding: gzip,deflate,br',
    '    - content-type: application/json',
    '    - content-length: 53'
  ],
  name: 'Error',
  Symbol(step): {
    location: {
      file: '/home/tbaltzakis/cloudless.gr/e2e/helpers/page-helpers.ts',
      line: 63,
      column: 48,
      function: 'AuthenticatedPage.loginViaApi'
    },
    category: 'pw:api',
    title: 'POST "/api/auth/login"',
    apiName: 'apiRequestContext.post',
    params: {
      url: '/api/auth/login',
      params: undefined,
      encodedParams: undefined,
      method: 'POST',
      headers: undefined,
      postData: undefined,
      jsonData: '{"email":"test@example.com","password":"password123"}',
      formData: undefined,
      multipartData: undefined,
      failOnStatusCode: undefined,
      ignoreHTTPSErrors: undefined,
      maxRedirects: undefined,
      maxRetries: undefined,
      __testHookLookup: undefined
    },
    group: undefined,
    stepId: 'pw:api@34',
    boxedStack: undefined,
    steps: [],
    attachmentIndices: [],
    info: TestStepInfoImpl {
      annotations: [],
      _testInfo: [TestInfoImpl],
      _stepId: 'pw:api@34',
      _title: 'POST "/api/auth/login"',
      _parentStep: [TestStepInfoImpl],
      skip: [Function (anonymous)]
    },
    complete: [Function: complete],
    endWallTime: 1786538551525,
    error: {
      message: 'Error: apiRequestContext.post: connect ECONNREFUSED ::1:4000\n' +
        'Call log:\n' +
        '\x1B[2m  - → POST http://localhost:4000/api/auth/login\x1B[22m\n' +
        '\x1B[2m    - user-agent: Mozilla/5.0 (Windows NT 10.0; Win64; x64) AppleWebKit/537.36 (KHTML, like Gecko) Chrome/151.0.7922.34 Safari/537.36\x1B[22m\n' +
        '\x1B[2m    - accept: */*\x1B[22m\n' +
        '\x1B[2m    - accept-encoding: gzip,deflate,br\x1B[22m\n' +
        '\x1B[2m    - content-type: application/json\x1B[22m\n' +
        '\x1B[2m    - content-length: 53\x1B[22m\n',
      stack: 'Error: apiRequestContext.post: connect ECONNREFUSED ::1:4000\n' +
        'Call log:\n' +
        '\x1B[2m  - → POST http://localhost:4000/api/auth/login\x1B[22m\n' +
        '\x1B[2m    - user-agent: Mozilla/5.0 (Windows NT 10.0; Win64; x64) AppleWebKit/537.36 (KHTML, like Gecko) Chrome/151.0.7922.34 Safari/537.36\x1B[22m\n' +
        '\x1B[2m    - accept: */*\x1B[22m\n' +
        '\x1B[2m    - accept-encoding: gzip,deflate,br\x1B[22m\n' +
        '\x1B[2m    - content-type: application/json\x1B[22m\n' +
        '\x1B[2m    - content-length: 53\x1B[22m\n' +
        '\n' +
        '    at apiRequestContext.post: connect ECONNREFUSED ::1:4000\n' +
        '    at AuthenticatedPage.loginViaApi (/home/tbaltzakis/cloudless.gr/e2e/helpers/page-helpers.ts:63:48)\n' +
        '    at /home/tbaltzakis/cloudless.gr/e2e/ui/pages/dashboard.spec.ts:21:20',
      cause: undefined
    }
  }
}
  ✘  2641 [chromium] › e2e/ui/pages/dashboard.spec.ts:246:9 › Dashboard Page › Accessibility › should have proper heading structure (539ms)
API login failed, falling back to UI login: apiRequestContext.post: connect ECONNREFUSED ::1:4000
Call log:
  - → POST http://localhost:4000/api/auth/login
    - user-agent: Mozilla/5.0 (Windows NT 10.0; Win64; x64) AppleWebKit/537.36 (KHTML, like Gecko) Chrome/151.0.7922.34 Safari/537.36
    - accept: */*
    - accept-encoding: gzip,deflate,br
    - content-type: application/json
    - content-length: 53

    at AuthenticatedPage.loginViaApi (/home/tbaltzakis/cloudless.gr/e2e/helpers/page-helpers.ts:63:48)
    at /home/tbaltzakis/cloudless.gr/e2e/ui/pages/dashboard.spec.ts:21:20 {
  log: [
    '  - → POST http://localhost:4000/api/auth/login',
    '    - user-agent: Mozilla/5.0 (Windows NT 10.0; Win64; x64) AppleWebKit/537.36 (KHTML, like Gecko) Chrome/151.0.7922.34 Safari/537.36',
    '    - accept: */*',
    '    - accept-encoding: gzip,deflate,br',
    '    - content-type: application/json',
    '    - content-length: 53'
  ],
  name: 'Error',
  Symbol(step): {
    location: {
      file: '/home/tbaltzakis/cloudless.gr/e2e/helpers/page-helpers.ts',
      line: 63,
      column: 48,
      function: 'AuthenticatedPage.loginViaApi'
    },
    category: 'pw:api',
    title: 'POST "/api/auth/login"',
    apiName: 'apiRequestContext.post',
    params: {
      url: '/api/auth/login',
      params: undefined,
      encodedParams: undefined,
      method: 'POST',
      headers: undefined,
      postData: undefined,
      jsonData: '{"email":"test@example.com","password":"password123"}',
      formData: undefined,
      multipartData: undefined,
      failOnStatusCode: undefined,
      ignoreHTTPSErrors: undefined,
      maxRedirects: undefined,
      maxRetries: undefined,
      __testHookLookup: undefined
    },
    group: undefined,
    stepId: 'pw:api@34',
    boxedStack: undefined,
    steps: [],
    attachmentIndices: [],
    info: TestStepInfoImpl {
      annotations: [],
      _testInfo: [TestInfoImpl],
      _stepId: 'pw:api@34',
      _title: 'POST "/api/auth/login"',
      _parentStep: [TestStepInfoImpl],
      skip: [Function (anonymous)]
    },
    complete: [Function: complete],
    endWallTime: 1786538551977,
    error: {
      message: 'Error: apiRequestContext.post: connect ECONNREFUSED ::1:4000\n' +
        'Call log:\n' +
        '\x1B[2m  - → POST http://localhost:4000/api/auth/login\x1B[22m\n' +
        '\x1B[2m    - user-agent: Mozilla/5.0 (Windows NT 10.0; Win64; x64) AppleWebKit/537.36 (KHTML, like Gecko) Chrome/151.0.7922.34 Safari/537.36\x1B[22m\n' +
        '\x1B[2m    - accept: */*\x1B[22m\n' +
        '\x1B[2m    - accept-encoding: gzip,deflate,br\x1B[22m\n' +
        '\x1B[2m    - content-type: application/json\x1B[22m\n' +
        '\x1B[2m    - content-length: 53\x1B[22m\n',
      stack: 'Error: apiRequestContext.post: connect ECONNREFUSED ::1:4000\n' +
        'Call log:\n' +
        '\x1B[2m  - → POST http://localhost:4000/api/auth/login\x1B[22m\n' +
        '\x1B[2m    - user-agent: Mozilla/5.0 (Windows NT 10.0; Win64; x64) AppleWebKit/537.36 (KHTML, like Gecko) Chrome/151.0.7922.34 Safari/537.36\x1B[22m\n' +
        '\x1B[2m    - accept: */*\x1B[22m\n' +
        '\x1B[2m    - accept-encoding: gzip,deflate,br\x1B[22m\n' +
        '\x1B[2m    - content-type: application/json\x1B[22m\n' +
        '\x1B[2m    - content-length: 53\x1B[22m\n' +
        '\n' +
        '    at apiRequestContext.post: connect ECONNREFUSED ::1:4000\n' +
        '    at AuthenticatedPage.loginViaApi (/home/tbaltzakis/cloudless.gr/e2e/helpers/page-helpers.ts:63:48)\n' +
        '    at /home/tbaltzakis/cloudless.gr/e2e/ui/pages/dashboard.spec.ts:21:20',
      cause: undefined
    }
  }
}
  ✘  2642 [chromium] › e2e/ui/pages/dashboard.spec.ts:264:9 › Dashboard Page › Accessibility › should have accessible navigation (557ms)
API login failed, falling back to UI login: apiRequestContext.post: connect ECONNREFUSED ::1:4000
Call log:
  - → POST http://localhost:4000/api/auth/login
    - user-agent: Mozilla/5.0 (Windows NT 10.0; Win64; x64) AppleWebKit/537.36 (KHTML, like Gecko) Chrome/151.0.7922.34 Safari/537.36
    - accept: */*
    - accept-encoding: gzip,deflate,br
    - content-type: application/json
    - content-length: 53

    at AuthenticatedPage.loginViaApi (/home/tbaltzakis/cloudless.gr/e2e/helpers/page-helpers.ts:63:48)
    at /home/tbaltzakis/cloudless.gr/e2e/ui/pages/dashboard.spec.ts:21:20 {
  log: [
    '  - → POST http://localhost:4000/api/auth/login',
    '    - user-agent: Mozilla/5.0 (Windows NT 10.0; Win64; x64) AppleWebKit/537.36 (KHTML, like Gecko) Chrome/151.0.7922.34 Safari/537.36',
    '    - accept: */*',
    '    - accept-encoding: gzip,deflate,br',
    '    - content-type: application/json',
    '    - content-length: 53'
  ],
  name: 'Error',
  Symbol(step): {
    location: {
      file: '/home/tbaltzakis/cloudless.gr/e2e/helpers/page-helpers.ts',
      line: 63,
      column: 48,
      function: 'AuthenticatedPage.loginViaApi'
    },
    category: 'pw:api',
    title: 'POST "/api/auth/login"',
    apiName: 'apiRequestContext.post',
    params: {
      url: '/api/auth/login',
      params: undefined,
      encodedParams: undefined,
      method: 'POST',
      headers: undefined,
      postData: undefined,
      jsonData: '{"email":"test@example.com","password":"password123"}',
      formData: undefined,
      multipartData: undefined,
      failOnStatusCode: undefined,
      ignoreHTTPSErrors: undefined,
      maxRedirects: undefined,
      maxRetries: undefined,
      __testHookLookup: undefined
    },
    group: undefined,
    stepId: 'pw:api@34',
    boxedStack: undefined,
    steps: [],
    attachmentIndices: [],
    info: TestStepInfoImpl {
      annotations: [],
      _testInfo: [TestInfoImpl],
      _stepId: 'pw:api@34',
      _title: 'POST "/api/auth/login"',
      _parentStep: [TestStepInfoImpl],
      skip: [Function (anonymous)]
    },
    complete: [Function: complete],
    endWallTime: 1786538552506,
    error: {
      message: 'Error: apiRequestContext.post: connect ECONNREFUSED ::1:4000\n' +
        'Call log:\n' +
        '\x1B[2m  - → POST http://localhost:4000/api/auth/login\x1B[22m\n' +
        '\x1B[2m    - user-agent: Mozilla/5.0 (Windows NT 10.0; Win64; x64) AppleWebKit/537.36 (KHTML, like Gecko) Chrome/151.0.7922.34 Safari/537.36\x1B[22m\n' +
        '\x1B[2m    - accept: */*\x1B[22m\n' +
        '\x1B[2m    - accept-encoding: gzip,deflate,br\x1B[22m\n' +
        '\x1B[2m    - content-type: application/json\x1B[22m\n' +
        '\x1B[2m    - content-length: 53\x1B[22m\n',
      stack: 'Error: apiRequestContext.post: connect ECONNREFUSED ::1:4000\n' +
        'Call log:\n' +
        '\x1B[2m  - → POST http://localhost:4000/api/auth/login\x1B[22m\n' +
        '\x1B[2m    - user-agent: Mozilla/5.0 (Windows NT 10.0; Win64; x64) AppleWebKit/537.36 (KHTML, like Gecko) Chrome/151.0.7922.34 Safari/537.36\x1B[22m\n' +
        '\x1B[2m    - accept: */*\x1B[22m\n' +
        '\x1B[2m    - accept-encoding: gzip,deflate,br\x1B[22m\n' +
        '\x1B[2m    - content-type: application/json\x1B[22m\n' +
        '\x1B[2m    - content-length: 53\x1B[22m\n' +
        '\n' +
        '    at apiRequestContext.post: connect ECONNREFUSED ::1:4000\n' +
        '    at AuthenticatedPage.loginViaApi (/home/tbaltzakis/cloudless.gr/e2e/helpers/page-helpers.ts:63:48)\n' +
        '    at /home/tbaltzakis/cloudless.gr/e2e/ui/pages/dashboard.spec.ts:21:20',
      cause: undefined
    }
  }
}
  ✘  2643 [chromium] › e2e/ui/pages/dashboard.spec.ts:246:9 › Dashboard Page › Accessibility › should have proper heading structure (retry #1) (575ms)
API login failed, falling back to UI login: apiRequestContext.post: connect ECONNREFUSED ::1:4000
Call log:
  - → POST http://localhost:4000/api/auth/login
    - user-agent: Mozilla/5.0 (Windows NT 10.0; Win64; x64) AppleWebKit/537.36 (KHTML, like Gecko) Chrome/151.0.7922.34 Safari/537.36
    - accept: */*
    - accept-encoding: gzip,deflate,br
    - content-type: application/json
    - content-length: 53

    at AuthenticatedPage.loginViaApi (/home/tbaltzakis/cloudless.gr/e2e/helpers/page-helpers.ts:63:48)
    at /home/tbaltzakis/cloudless.gr/e2e/ui/pages/dashboard.spec.ts:21:20 {
  log: [
    '  - → POST http://localhost:4000/api/auth/login',
    '    - user-agent: Mozilla/5.0 (Windows NT 10.0; Win64; x64) AppleWebKit/537.36 (KHTML, like Gecko) Chrome/151.0.7922.34 Safari/537.36',
    '    - accept: */*',
    '    - accept-encoding: gzip,deflate,br',
    '    - content-type: application/json',
    '    - content-length: 53'
  ],
  name: 'Error',
  Symbol(step): {
    location: {
      file: '/home/tbaltzakis/cloudless.gr/e2e/helpers/page-helpers.ts',
      line: 63,
      column: 48,
      function: 'AuthenticatedPage.loginViaApi'
    },
    category: 'pw:api',
    title: 'POST "/api/auth/login"',
    apiName: 'apiRequestContext.post',
    params: {
      url: '/api/auth/login',
      params: undefined,
      encodedParams: undefined,
      method: 'POST',
      headers: undefined,
      postData: undefined,
      jsonData: '{"email":"test@example.com","password":"password123"}',
      formData: undefined,
      multipartData: undefined,
      failOnStatusCode: undefined,
      ignoreHTTPSErrors: undefined,
      maxRedirects: undefined,
      maxRetries: undefined,
      __testHookLookup: undefined
    },
    group: undefined,
    stepId: 'pw:api@34',
    boxedStack: undefined,
    steps: [],
    attachmentIndices: [],
    info: TestStepInfoImpl {
      annotations: [],
      _testInfo: [TestInfoImpl],
      _stepId: 'pw:api@34',
      _title: 'POST "/api/auth/login"',
      _parentStep: [TestStepInfoImpl],
      skip: [Function (anonymous)]
    },
    complete: [Function: complete],
    endWallTime: 1786538552950,
    error: {
      message: 'Error: apiRequestContext.post: connect ECONNREFUSED ::1:4000\n' +
        'Call log:\n' +
        '\x1B[2m  - → POST http://localhost:4000/api/auth/login\x1B[22m\n' +
        '\x1B[2m    - user-agent: Mozilla/5.0 (Windows NT 10.0; Win64; x64) AppleWebKit/537.36 (KHTML, like Gecko) Chrome/151.0.7922.34 Safari/537.36\x1B[22m\n' +
        '\x1B[2m    - accept: */*\x1B[22m\n' +
        '\x1B[2m    - accept-encoding: gzip,deflate,br\x1B[22m\n' +
        '\x1B[2m    - content-type: application/json\x1B[22m\n' +
        '\x1B[2m    - content-length: 53\x1B[22m\n',
      stack: 'Error: apiRequestContext.post: connect ECONNREFUSED ::1:4000\n' +
        'Call log:\n' +
        '\x1B[2m  - → POST http://localhost:4000/api/auth/login\x1B[22m\n' +
        '\x1B[2m    - user-agent: Mozilla/5.0 (Windows NT 10.0; Win64; x64) AppleWebKit/537.36 (KHTML, like Gecko) Chrome/151.0.7922.34 Safari/537.36\x1B[22m\n' +
        '\x1B[2m    - accept: */*\x1B[22m\n' +
        '\x1B[2m    - accept-encoding: gzip,deflate,br\x1B[22m\n' +
        '\x1B[2m    - content-type: application/json\x1B[22m\n' +
        '\x1B[2m    - content-length: 53\x1B[22m\n' +
        '\n' +
        '    at apiRequestContext.post: connect ECONNREFUSED ::1:4000\n' +
        '    at AuthenticatedPage.loginViaApi (/home/tbaltzakis/cloudless.gr/e2e/helpers/page-helpers.ts:63:48)\n' +
        '    at /home/tbaltzakis/cloudless.gr/e2e/ui/pages/dashboard.spec.ts:21:20',
      cause: undefined
    }
  }
}
  ✘  2644 [chromium] › e2e/ui/pages/dashboard.spec.ts:264:9 › Dashboard Page › Accessibility › should have accessible navigation (retry #1) (558ms)
API login failed, falling back to UI login: apiRequestContext.post: connect ECONNREFUSED ::1:4000
Call log:
  - → POST http://localhost:4000/api/auth/login
    - user-agent: Mozilla/5.0 (Windows NT 10.0; Win64; x64) AppleWebKit/537.36 (KHTML, like Gecko) Chrome/151.0.7922.34 Safari/537.36
    - accept: */*
    - accept-encoding: gzip,deflate,br
    - content-type: application/json
    - content-length: 53

    at AuthenticatedPage.loginViaApi (/home/tbaltzakis/cloudless.gr/e2e/helpers/page-helpers.ts:63:48)
    at /home/tbaltzakis/cloudless.gr/e2e/ui/pages/dashboard.spec.ts:21:20 {
  log: [
    '  - → POST http://localhost:4000/api/auth/login',
    '    - user-agent: Mozilla/5.0 (Windows NT 10.0; Win64; x64) AppleWebKit/537.36 (KHTML, like Gecko) Chrome/151.0.7922.34 Safari/537.36',
    '    - accept: */*',
    '    - accept-encoding: gzip,deflate,br',
    '    - content-type: application/json',
    '    - content-length: 53'
  ],
  name: 'Error',
  Symbol(step): {
    location: {
      file: '/home/tbaltzakis/cloudless.gr/e2e/helpers/page-helpers.ts',
      line: 63,
      column: 48,
      function: 'AuthenticatedPage.loginViaApi'
    },
    category: 'pw:api',
    title: 'POST "/api/auth/login"',
    apiName: 'apiRequestContext.post',
    params: {
      url: '/api/auth/login',
      params: undefined,
      encodedParams: undefined,
      method: 'POST',
      headers: undefined,
      postData: undefined,
      jsonData: '{"email":"test@example.com","password":"password123"}',
      formData: undefined,
      multipartData: undefined,
      failOnStatusCode: undefined,
      ignoreHTTPSErrors: undefined,
      maxRedirects: undefined,
      maxRetries: undefined,
      __testHookLookup: undefined
    },
    group: undefined,
    stepId: 'pw:api@34',
    boxedStack: undefined,
    steps: [],
    attachmentIndices: [],
    info: TestStepInfoImpl {
      annotations: [],
      _testInfo: [TestInfoImpl],
      _stepId: 'pw:api@34',
      _title: 'POST "/api/auth/login"',
      _parentStep: [TestStepInfoImpl],
      skip: [Function (anonymous)]
    },
    complete: [Function: complete],
    endWallTime: 1786538553506,
    error: {
      message: 'Error: apiRequestContext.post: connect ECONNREFUSED ::1:4000\n' +
        'Call log:\n' +
        '\x1B[2m  - → POST http://localhost:4000/api/auth/login\x1B[22m\n' +
        '\x1B[2m    - user-agent: Mozilla/5.0 (Windows NT 10.0; Win64; x64) AppleWebKit/537.36 (KHTML, like Gecko) Chrome/151.0.7922.34 Safari/537.36\x1B[22m\n' +
        '\x1B[2m    - accept: */*\x1B[22m\n' +
        '\x1B[2m    - accept-encoding: gzip,deflate,br\x1B[22m\n' +
        '\x1B[2m    - content-type: application/json\x1B[22m\n' +
        '\x1B[2m    - content-length: 53\x1B[22m\n',
      stack: 'Error: apiRequestContext.post: connect ECONNREFUSED ::1:4000\n' +
        'Call log:\n' +
        '\x1B[2m  - → POST http://localhost:4000/api/auth/login\x1B[22m\n' +
        '\x1B[2m    - user-agent: Mozilla/5.0 (Windows NT 10.0; Win64; x64) AppleWebKit/537.36 (KHTML, like Gecko) Chrome/151.0.7922.34 Safari/537.36\x1B[22m\n' +
        '\x1B[2m    - accept: */*\x1B[22m\n' +
        '\x1B[2m    - accept-encoding: gzip,deflate,br\x1B[22m\n' +
        '\x1B[2m    - content-type: application/json\x1B[22m\n' +
        '\x1B[2m    - content-length: 53\x1B[22m\n' +
        '\n' +
        '    at apiRequestContext.post: connect ECONNREFUSED ::1:4000\n' +
        '    at AuthenticatedPage.loginViaApi (/home/tbaltzakis/cloudless.gr/e2e/helpers/page-helpers.ts:63:48)\n' +
        '    at /home/tbaltzakis/cloudless.gr/e2e/ui/pages/dashboard.spec.ts:21:20',
      cause: undefined
    }
  }
}
  ✘  2645 [chromium] › e2e/ui/pages/dashboard.spec.ts:315:9 › Dashboard Page › Accessibility › should have accessible widgets/cards (548ms)
API login failed, falling back to UI login: apiRequestContext.post: connect ECONNREFUSED ::1:4000
Call log:
  - → POST http://localhost:4000/api/auth/login
    - user-agent: Mozilla/5.0 (Windows NT 10.0; Win64; x64) AppleWebKit/537.36 (KHTML, like Gecko) Chrome/151.0.7922.34 Safari/537.36
    - accept: */*
    - accept-encoding: gzip,deflate,br
    - content-type: application/json
    - content-length: 53

    at AuthenticatedPage.loginViaApi (/home/tbaltzakis/cloudless.gr/e2e/helpers/page-helpers.ts:63:48)
    at /home/tbaltzakis/cloudless.gr/e2e/ui/pages/dashboard.spec.ts:21:20 {
  log: [
    '  - → POST http://localhost:4000/api/auth/login',
    '    - user-agent: Mozilla/5.0 (Windows NT 10.0; Win64; x64) AppleWebKit/537.36 (KHTML, like Gecko) Chrome/151.0.7922.34 Safari/537.36',
    '    - accept: */*',
    '    - accept-encoding: gzip,deflate,br',
    '    - content-type: application/json',
    '    - content-length: 53'
  ],
  name: 'Error',
  Symbol(step): {
    location: {
      file: '/home/tbaltzakis/cloudless.gr/e2e/helpers/page-helpers.ts',
      line: 63,
      column: 48,
      function: 'AuthenticatedPage.loginViaApi'
    },
    category: 'pw:api',
    title: 'POST "/api/auth/login"',
    apiName: 'apiRequestContext.post',
    params: {
      url: '/api/auth/login',
      params: undefined,
      encodedParams: undefined,
      method: 'POST',
      headers: undefined,
      postData: undefined,
      jsonData: '{"email":"test@example.com","password":"password123"}',
      formData: undefined,
      multipartData: undefined,
      failOnStatusCode: undefined,
      ignoreHTTPSErrors: undefined,
      maxRedirects: undefined,
      maxRetries: undefined,
      __testHookLookup: undefined
    },
    group: undefined,
    stepId: 'pw:api@34',
    boxedStack: undefined,
    steps: [],
    attachmentIndices: [],
    info: TestStepInfoImpl {
      annotations: [],
      _testInfo: [TestInfoImpl],
      _stepId: 'pw:api@34',
      _title: 'POST "/api/auth/login"',
      _parentStep: [TestStepInfoImpl],
      skip: [Function (anonymous)]
    },
    complete: [Function: complete],
    endWallTime: 1786538553960,
    error: {
      message: 'Error: apiRequestContext.post: connect ECONNREFUSED ::1:4000\n' +
        'Call log:\n' +
        '\x1B[2m  - → POST http://localhost:4000/api/auth/login\x1B[22m\n' +
        '\x1B[2m    - user-agent: Mozilla/5.0 (Windows NT 10.0; Win64; x64) AppleWebKit/537.36 (KHTML, like Gecko) Chrome/151.0.7922.34 Safari/537.36\x1B[22m\n' +
        '\x1B[2m    - accept: */*\x1B[22m\n' +
        '\x1B[2m    - accept-encoding: gzip,deflate,br\x1B[22m\n' +
        '\x1B[2m    - content-type: application/json\x1B[22m\n' +
        '\x1B[2m    - content-length: 53\x1B[22m\n',
      stack: 'Error: apiRequestContext.post: connect ECONNREFUSED ::1:4000\n' +
        'Call log:\n' +
        '\x1B[2m  - → POST http://localhost:4000/api/auth/login\x1B[22m\n' +
        '\x1B[2m    - user-agent: Mozilla/5.0 (Windows NT 10.0; Win64; x64) AppleWebKit/537.36 (KHTML, like Gecko) Chrome/151.0.7922.34 Safari/537.36\x1B[22m\n' +
        '\x1B[2m    - accept: */*\x1B[22m\n' +
        '\x1B[2m    - accept-encoding: gzip,deflate,br\x1B[22m\n' +
        '\x1B[2m    - content-type: application/json\x1B[22m\n' +
        '\x1B[2m    - content-length: 53\x1B[22m\n' +
        '\n' +
        '    at apiRequestContext.post: connect ECONNREFUSED ::1:4000\n' +
        '    at AuthenticatedPage.loginViaApi (/home/tbaltzakis/cloudless.gr/e2e/helpers/page-helpers.ts:63:48)\n' +
        '    at /home/tbaltzakis/cloudless.gr/e2e/ui/pages/dashboard.spec.ts:21:20',
      cause: undefined
    }
  }
}
  ✘  2646 [chromium] › e2e/ui/pages/dashboard.spec.ts:364:9 › Dashboard Page › Performance › should load within reasonable time (542ms)
API login failed, falling back to UI login: apiRequestContext.post: connect ECONNREFUSED ::1:4000
Call log:
  - → POST http://localhost:4000/api/auth/login
    - user-agent: Mozilla/5.0 (Windows NT 10.0; Win64; x64) AppleWebKit/537.36 (KHTML, like Gecko) Chrome/151.0.7922.34 Safari/537.36
    - accept: */*
    - accept-encoding: gzip,deflate,br
    - content-type: application/json
    - content-length: 53

    at AuthenticatedPage.loginViaApi (/home/tbaltzakis/cloudless.gr/e2e/helpers/page-helpers.ts:63:48)
    at /home/tbaltzakis/cloudless.gr/e2e/ui/pages/dashboard.spec.ts:21:20 {
  log: [
    '  - → POST http://localhost:4000/api/auth/login',
    '    - user-agent: Mozilla/5.0 (Windows NT 10.0; Win64; x64) AppleWebKit/537.36 (KHTML, like Gecko) Chrome/151.0.7922.34 Safari/537.36',
    '    - accept: */*',
    '    - accept-encoding: gzip,deflate,br',
    '    - content-type: application/json',
    '    - content-length: 53'
  ],
  name: 'Error',
  Symbol(step): {
    location: {
      file: '/home/tbaltzakis/cloudless.gr/e2e/helpers/page-helpers.ts',
      line: 63,
      column: 48,
      function: 'AuthenticatedPage.loginViaApi'
    },
    category: 'pw:api',
    title: 'POST "/api/auth/login"',
    apiName: 'apiRequestContext.post',
    params: {
      url: '/api/auth/login',
      params: undefined,
      encodedParams: undefined,
      method: 'POST',
      headers: undefined,
      postData: undefined,
      jsonData: '{"email":"test@example.com","password":"password123"}',
      formData: undefined,
      multipartData: undefined,
      failOnStatusCode: undefined,
      ignoreHTTPSErrors: undefined,
      maxRedirects: undefined,
      maxRetries: undefined,
      __testHookLookup: undefined
    },
    group: undefined,
    stepId: 'pw:api@34',
    boxedStack: undefined,
    steps: [],
    attachmentIndices: [],
    info: TestStepInfoImpl {
      annotations: [],
      _testInfo: [TestInfoImpl],
      _stepId: 'pw:api@34',
      _title: 'POST "/api/auth/login"',
      _parentStep: [TestStepInfoImpl],
      skip: [Function (anonymous)]
    },
    complete: [Function: complete],
    endWallTime: 1786538554492,
    error: {
      message: 'Error: apiRequestContext.post: connect ECONNREFUSED ::1:4000\n' +
        'Call log:\n' +
        '\x1B[2m  - → POST http://localhost:4000/api/auth/login\x1B[22m\n' +
        '\x1B[2m    - user-agent: Mozilla/5.0 (Windows NT 10.0; Win64; x64) AppleWebKit/537.36 (KHTML, like Gecko) Chrome/151.0.7922.34 Safari/537.36\x1B[22m\n' +
        '\x1B[2m    - accept: */*\x1B[22m\n' +
        '\x1B[2m    - accept-encoding: gzip,deflate,br\x1B[22m\n' +
        '\x1B[2m    - content-type: application/json\x1B[22m\n' +
        '\x1B[2m    - content-length: 53\x1B[22m\n',
      stack: 'Error: apiRequestContext.post: connect ECONNREFUSED ::1:4000\n' +
        'Call log:\n' +
        '\x1B[2m  - → POST http://localhost:4000/api/auth/login\x1B[22m\n' +
        '\x1B[2m    - user-agent: Mozilla/5.0 (Windows NT 10.0; Win64; x64) AppleWebKit/537.36 (KHTML, like Gecko) Chrome/151.0.7922.34 Safari/537.36\x1B[22m\n' +
        '\x1B[2m    - accept: */*\x1B[22m\n' +
        '\x1B[2m    - accept-encoding: gzip,deflate,br\x1B[22m\n' +
        '\x1B[2m    - content-type: application/json\x1B[22m\n' +
        '\x1B[2m    - content-length: 53\x1B[22m\n' +
        '\n' +
        '    at apiRequestContext.post: connect ECONNREFUSED ::1:4000\n' +
        '    at AuthenticatedPage.loginViaApi (/home/tbaltzakis/cloudless.gr/e2e/helpers/page-helpers.ts:63:48)\n' +
        '    at /home/tbaltzakis/cloudless.gr/e2e/ui/pages/dashboard.spec.ts:21:20',
      cause: undefined
    }
  }
}
  ✘  2647 [chromium] › e2e/ui/pages/dashboard.spec.ts:315:9 › Dashboard Page › Accessibility › should have accessible widgets/cards (retry #1) (583ms)
API login failed, falling back to UI login: apiRequestContext.post: connect ECONNREFUSED ::1:4000
Call log:
  - → POST http://localhost:4000/api/auth/login
    - user-agent: Mozilla/5.0 (Windows NT 10.0; Win64; x64) AppleWebKit/537.36 (KHTML, like Gecko) Chrome/151.0.7922.34 Safari/537.36
    - accept: */*
    - accept-encoding: gzip,deflate,br
    - content-type: application/json
    - content-length: 53

    at AuthenticatedPage.loginViaApi (/home/tbaltzakis/cloudless.gr/e2e/helpers/page-helpers.ts:63:48)
    at /home/tbaltzakis/cloudless.gr/e2e/ui/pages/dashboard.spec.ts:21:20 {
  log: [
    '  - → POST http://localhost:4000/api/auth/login',
    '    - user-agent: Mozilla/5.0 (Windows NT 10.0; Win64; x64) AppleWebKit/537.36 (KHTML, like Gecko) Chrome/151.0.7922.34 Safari/537.36',
    '    - accept: */*',
    '    - accept-encoding: gzip,deflate,br',
    '    - content-type: application/json',
    '    - content-length: 53'
  ],
  name: 'Error',
  Symbol(step): {
    location: {
      file: '/home/tbaltzakis/cloudless.gr/e2e/helpers/page-helpers.ts',
      line: 63,
      column: 48,
      function: 'AuthenticatedPage.loginViaApi'
    },
    category: 'pw:api',
    title: 'POST "/api/auth/login"',
    apiName: 'apiRequestContext.post',
    params: {
      url: '/api/auth/login',
      params: undefined,
      encodedParams: undefined,
      method: 'POST',
      headers: undefined,
      postData: undefined,
      jsonData: '{"email":"test@example.com","password":"password123"}',
      formData: undefined,
      multipartData: undefined,
      failOnStatusCode: undefined,
      ignoreHTTPSErrors: undefined,
      maxRedirects: undefined,
      maxRetries: undefined,
      __testHookLookup: undefined
    },
    group: undefined,
    stepId: 'pw:api@34',
    boxedStack: undefined,
    steps: [],
    attachmentIndices: [],
    info: TestStepInfoImpl {
      annotations: [],
      _testInfo: [TestInfoImpl],
      _stepId: 'pw:api@34',
      _title: 'POST "/api/auth/login"',
      _parentStep: [TestStepInfoImpl],
      skip: [Function (anonymous)]
    },
    complete: [Function: complete],
    endWallTime: 1786538554915,
    error: {
      message: 'Error: apiRequestContext.post: connect ECONNREFUSED ::1:4000\n' +
        'Call log:\n' +
        '\x1B[2m  - → POST http://localhost:4000/api/auth/login\x1B[22m\n' +
        '\x1B[2m    - user-agent: Mozilla/5.0 (Windows NT 10.0; Win64; x64) AppleWebKit/537.36 (KHTML, like Gecko) Chrome/151.0.7922.34 Safari/537.36\x1B[22m\n' +
        '\x1B[2m    - accept: */*\x1B[22m\n' +
        '\x1B[2m    - accept-encoding: gzip,deflate,br\x1B[22m\n' +
        '\x1B[2m    - content-type: application/json\x1B[22m\n' +
        '\x1B[2m    - content-length: 53\x1B[22m\n',
      stack: 'Error: apiRequestContext.post: connect ECONNREFUSED ::1:4000\n' +
        'Call log:\n' +
        '\x1B[2m  - → POST http://localhost:4000/api/auth/login\x1B[22m\n' +
        '\x1B[2m    - user-agent: Mozilla/5.0 (Windows NT 10.0; Win64; x64) AppleWebKit/537.36 (KHTML, like Gecko) Chrome/151.0.7922.34 Safari/537.36\x1B[22m\n' +
        '\x1B[2m    - accept: */*\x1B[22m\n' +
        '\x1B[2m    - accept-encoding: gzip,deflate,br\x1B[22m\n' +
        '\x1B[2m    - content-type: application/json\x1B[22m\n' +
        '\x1B[2m    - content-length: 53\x1B[22m\n' +
        '\n' +
        '    at apiRequestContext.post: connect ECONNREFUSED ::1:4000\n' +
        '    at AuthenticatedPage.loginViaApi (/home/tbaltzakis/cloudless.gr/e2e/helpers/page-helpers.ts:63:48)\n' +
        '    at /home/tbaltzakis/cloudless.gr/e2e/ui/pages/dashboard.spec.ts:21:20',
      cause: undefined
    }
  }
}
  ✘  2648 [chromium] › e2e/ui/pages/dashboard.spec.ts:364:9 › Dashboard Page › Performance › should load within reasonable time (retry #1) (573ms)
  ✘  2649 [chromium] › e2e/ui/pages/homepage.spec.ts:20:7 › Homepage › should load successfully (218ms)
  ✘  2650 [chromium] › e2e/ui/pages/homepage.spec.ts:28:7 › Homepage › should have visible navigation (233ms)
  ✘  2651 [chromium] › e2e/ui/pages/homepage.spec.ts:20:7 › Homepage › should load successfully (retry #1) (249ms)
  ✘  2652 [chromium] › e2e/ui/pages/homepage.spec.ts:28:7 › Homepage › should have visible navigation (retry #1) (210ms)
  ✘  2653 [chromium] › e2e/ui/pages/homepage.spec.ts:37:7 › Homepage › should have hero section with call-to-action (221ms)
  ✘  2654 [chromium] › e2e/ui/pages/homepage.spec.ts:50:7 › Homepage › should have services section (209ms)
  ✘  2655 [chromium] › e2e/ui/pages/homepage.spec.ts:37:7 › Homepage › should have hero section with call-to-action (retry #1) (233ms)
  ✘  2656 [chromium] › e2e/ui/pages/homepage.spec.ts:50:7 › Homepage › should have services section (retry #1) (226ms)
  ✘  2657 [chromium] › e2e/ui/pages/homepage.spec.ts:63:7 › Homepage › should have call-to-action section (211ms)
  ✘  2658 [chromium] › e2e/ui/pages/homepage.spec.ts:76:7 › Homepage › should have footer with links (217ms)
  ✘  2659 [chromium] › e2e/ui/pages/homepage.spec.ts:63:7 › Homepage › should have call-to-action section (retry #1) (226ms)
  ✘  2660 [chromium] › e2e/ui/pages/homepage.spec.ts:76:7 › Homepage › should have footer with links (retry #1) (232ms)
  ✘  2661 [chromium] › e2e/ui/pages/homepage.spec.ts:93:7 › Homepage › should have accessible navigation (204ms)
  ✘  2662 [chromium] › e2e/ui/pages/homepage.spec.ts:110:9 › Homepage › Responsive Design › should render correctly on mobile (213ms)
  ✘  2663 [chromium] › e2e/ui/pages/homepage.spec.ts:93:7 › Homepage › should have accessible navigation (retry #1) (252ms)
  ✘  2664 [chromium] › e2e/ui/pages/homepage.spec.ts:110:9 › Homepage › Responsive Design › should render correctly on mobile (retry #1) (225ms)
  ✘  2665 [chromium] › e2e/ui/pages/homepage.spec.ts:135:9 › Homepage › Responsive Design › should render correctly on tablet (213ms)
  ✘  2666 [chromium] › e2e/ui/pages/homepage.spec.ts:148:9 › Homepage › Responsive Design › should render correctly on desktop (209ms)
  ✘  2667 [chromium] › e2e/ui/pages/homepage.spec.ts:135:9 › Homepage › Responsive Design › should render correctly on tablet (retry #1) (234ms)
  ✘  2668 [chromium] › e2e/ui/pages/homepage.spec.ts:148:9 › Homepage › Responsive Design › should render correctly on desktop (retry #1) (238ms)
  ✘  2669 [chromium] › e2e/ui/pages/homepage.spec.ts:170:9 › Homepage › Navigation › should navigate to services page (212ms)
  ✘  2670 [chromium] › e2e/ui/pages/homepage.spec.ts:178:9 › Homepage › Navigation › should navigate to store page (219ms)
  ✘  2671 [chromium] › e2e/ui/pages/homepage.spec.ts:170:9 › Homepage › Navigation › should navigate to services page (retry #1) (226ms)
  ✘  2672 [chromium] › e2e/ui/pages/homepage.spec.ts:178:9 › Homepage › Navigation › should navigate to store page (retry #1) (230ms)
  ✘  2673 [chromium] › e2e/ui/pages/homepage.spec.ts:186:9 › Homepage › Navigation › should navigate to blog page (224ms)
  ✘  2674 [chromium] › e2e/ui/pages/homepage.spec.ts:194:9 › Homepage › Navigation › should navigate to contact page (219ms)
  ✘  2675 [chromium] › e2e/ui/pages/homepage.spec.ts:186:9 › Homepage › Navigation › should navigate to blog page (retry #1) (218ms)
  ✘  2676 [chromium] › e2e/ui/pages/homepage.spec.ts:194:9 › Homepage › Navigation › should navigate to contact page (retry #1) (221ms)
  ✘  2677 [chromium] › e2e/ui/pages/homepage.spec.ts:204:9 › Homepage › Performance › should load within reasonable time (215ms)
  ✘  2678 [chromium] › e2e/ui/pages/homepage.spec.ts:227:9 › Homepage › Performance › should have reasonable page size (216ms)
  ✘  2679 [chromium] › e2e/ui/pages/homepage.spec.ts:204:9 › Homepage › Performance › should load within reasonable time (retry #1) (232ms)
  ✘  2680 [chromium] › e2e/ui/pages/homepage.spec.ts:227:9 › Homepage › Performance › should have reasonable page size (retry #1) (251ms)
  ✘  2681 [chromium] › e2e/ui/pages/homepage.spec.ts:246:9 › Homepage › Accessibility › should have proper language attribute (205ms)
  ✘  2682 [chromium] › e2e/ui/pages/homepage.spec.ts:252:9 › Homepage › Accessibility › should have proper character encoding (228ms)
  ✘  2683 [chromium] › e2e/ui/pages/homepage.spec.ts:246:9 › Homepage › Accessibility › should have proper language attribute (retry #1) (218ms)
  ✘  2684 [chromium] › e2e/ui/pages/homepage.spec.ts:252:9 › Homepage › Accessibility › should have proper character encoding (retry #1) (221ms)
  ✘  2685 [chromium] › e2e/ui/pages/homepage.spec.ts:260:9 › Homepage › Accessibility › should have viewport meta tag (216ms)
  ✘  2686 [chromium] › e2e/ui/pages/homepage.spec.ts:269:9 › Homepage › Accessibility › should have sufficient color contrast (basic check) (202ms)
  ✘  2687 [chromium] › e2e/ui/pages/homepage.spec.ts:260:9 › Homepage › Accessibility › should have viewport meta tag (retry #1) (231ms)
  ✘  2688 [chromium] › e2e/ui/pages/homepage.spec.ts:269:9 › Homepage › Accessibility › should have sufficient color contrast (basic check) (retry #1) (237ms)
  ✘  2689 [chromium] › e2e/ui/pages/homepage.spec.ts:292:9 › Homepage › SEO Basics › should have title tag (236ms)
  ✘  2690 [chromium] › e2e/ui/pages/homepage.spec.ts:299:9 › Homepage › SEO Basics › should have meta description (232ms)
  ✘  2691 [chromium] › e2e/ui/pages/homepage.spec.ts:292:9 › Homepage › SEO Basics › should have title tag (retry #1) (240ms)
  ✘  2692 [chromium] › e2e/ui/pages/homepage.spec.ts:299:9 › Homepage › SEO Basics › should have meta description (retry #1) (234ms)
  ✘  2693 [chromium] › e2e/ui/pages/homepage.spec.ts:309:9 › Homepage › SEO Basics › should have canonical URL (211ms)
  ✘  2694 [chromium] › e2e/ui/pages/homepage.spec.ts:319:9 › Homepage › SEO Basics › should have open graph tags (226ms)
  ✘  2695 [chromium] › e2e/ui/pages/homepage.spec.ts:309:9 › Homepage › SEO Basics › should have canonical URL (retry #1) (253ms)
  ✘  2696 [chromium] › e2e/ui/pages/homepage.spec.ts:319:9 › Homepage › SEO Basics › should have open graph tags (retry #1) (252ms)
  ✘  2697 [chromium] › e2e/ui/pages/services.spec.ts:22:7 › Services Page › should load successfully (216ms)
  ✘  2698 [chromium] › e2e/ui/pages/services.spec.ts:30:7 › Services Page › should have services grid or list (191ms)
  ✘  2699 [chromium] › e2e/ui/pages/services.spec.ts:22:7 › Services Page › should load successfully (retry #1) (224ms)
  ✘  2700 [chromium] › e2e/ui/pages/services.spec.ts:30:7 › Services Page › should have services grid or list (retry #1) (229ms)
  ✘  2701 [chromium] › e2e/ui/pages/services.spec.ts:43:7 › Services Page › should display service details (210ms)
  ✘  2702 [chromium] › e2e/ui/pages/services.spec.ts:62:7 › Services Page › should have service categories or tags (215ms)
  ✘  2703 [chromium] › e2e/ui/pages/services.spec.ts:43:7 › Services Page › should display service details (retry #1) (235ms)
  ✘  2704 [chromium] › e2e/ui/pages/services.spec.ts:62:7 › Services Page › should have service categories or tags (retry #1) (231ms)
  ✘  2705 [chromium] › e2e/ui/pages/services.spec.ts:77:7 › Services Page › should have call-to-action for getting started (226ms)
  ✘  2706 [chromium] › e2e/ui/pages/services.spec.ts:95:9 › Services Page › Responsive Design › should render correctly on mobile (204ms)
  ✘  2707 [chromium] › e2e/ui/pages/services.spec.ts:77:7 › Services Page › should have call-to-action for getting started (retry #1) (270ms)
  ✘  2708 [chromium] › e2e/ui/pages/services.spec.ts:95:9 › Services Page › Responsive Design › should render correctly on mobile (retry #1) (221ms)
  ✘  2709 [chromium] › e2e/ui/pages/services.spec.ts:108:9 › Services Page › Responsive Design › should render correctly on tablet (220ms)
  ✘  2710 [chromium] › e2e/ui/pages/services.spec.ts:121:9 › Services Page › Responsive Design › should render correctly on desktop (215ms)
  ✘  2711 [chromium] › e2e/ui/pages/services.spec.ts:108:9 › Services Page › Responsive Design › should render correctly on tablet (retry #1) (229ms)
  ✘  2712 [chromium] › e2e/ui/pages/services.spec.ts:121:9 › Services Page › Responsive Design › should render correctly on desktop (retry #1) (235ms)
  ✘  2713 [chromium] › e2e/ui/pages/services.spec.ts:140:9 › Services Page › Navigation › should navigate to homepage (217ms)
  ✘  2714 [chromium] › e2e/ui/pages/services.spec.ts:148:9 › Services Page › Navigation › should navigate to store (195ms)
  ✘  2715 [chromium] › e2e/ui/pages/services.spec.ts:140:9 › Services Page › Navigation › should navigate to homepage (retry #1) (238ms)
  ✘  2716 [chromium] › e2e/ui/pages/services.spec.ts:148:9 › Services Page › Navigation › should navigate to store (retry #1) (236ms)
  ✘  2717 [chromium] › e2e/ui/pages/services.spec.ts:156:9 › Services Page › Navigation › should navigate to blog (213ms)
  ✘  2718 [chromium] › e2e/ui/pages/services.spec.ts:164:9 › Services Page › Navigation › should navigate to contact (211ms)
  ✘  2719 [chromium] › e2e/ui/pages/services.spec.ts:156:9 › Services Page › Navigation › should navigate to blog (retry #1) (222ms)
  ✘  2720 [chromium] › e2e/ui/pages/services.spec.ts:164:9 › Services Page › Navigation › should navigate to contact (retry #1) (239ms)
  ✘  2721 [chromium] › e2e/ui/pages/services.spec.ts:174:9 › Services Page › Accessibility › should have proper language attribute (248ms)
  ✘  2722 [chromium] › e2e/ui/pages/services.spec.ts:180:9 › Services Page › Accessibility › should have proper heading structure (209ms)
  ✘  2723 [chromium] › e2e/ui/pages/services.spec.ts:174:9 › Services Page › Accessibility › should have proper language attribute (retry #1) (254ms)
  ✘  2724 [chromium] › e2e/ui/pages/services.spec.ts:180:9 › Services Page › Accessibility › should have proper heading structure (retry #1) (220ms)
  ✘  2725 [chromium] › e2e/ui/pages/services.spec.ts:198:9 › Services Page › Accessibility › should have accessible buttons and links (219ms)
  ✘  2726 [chromium] › e2e/ui/pages/services.spec.ts:220:9 › Services Page › Performance › should load within reasonable time (204ms)
  ✘  2727 [chromium] › e2e/ui/pages/services.spec.ts:198:9 › Services Page › Accessibility › should have accessible buttons and links (retry #1) (227ms)
  ✘  2728 [chromium] › e2e/ui/pages/services.spec.ts:220:9 › Services Page › Performance › should load within reasonable time (retry #1) (220ms)
  ✘  2729 [chromium] › e2e/ui/pages/store.spec.ts:22:7 › Store Page › should load successfully (225ms)
  ✘  2730 [chromium] › e2e/ui/pages/store.spec.ts:30:7 › Store Page › should have products grid or list (214ms)
  ✘  2731 [chromium] › e2e/ui/pages/store.spec.ts:22:7 › Store Page › should load successfully (retry #1) (224ms)
  ✘  2732 [chromium] › e2e/ui/pages/store.spec.ts:30:7 › Store Page › should have products grid or list (retry #1) (211ms)
  ✘  2733 [chromium] › e2e/ui/pages/store.spec.ts:61:7 › Store Page › should have product categories or filters (209ms)
  ✘  2734 [chromium] › e2e/ui/pages/store.spec.ts:71:7 › Store Page › should have shopping cart indicator (228ms)
  ✘  2735 [chromium] › e2e/ui/pages/store.spec.ts:61:7 › Store Page › should have product categories or filters (retry #1) (226ms)
  ✘  2736 [chromium] › e2e/ui/pages/store.spec.ts:71:7 › Store Page › should have shopping cart indicator (retry #1) (251ms)
  ✘  2737 [chromium] › e2e/ui/pages/store.spec.ts:80:7 › Store Page › should have call-to-action for featured products (235ms)
  ✘  2738 [chromium] › e2e/ui/pages/store.spec.ts:96:9 › Store Page › Authentication › should show login prompt for cart actions when not authenticated (215ms)
  ✘  2739 [chromium] › e2e/ui/pages/store.spec.ts:80:7 › Store Page › should have call-to-action for featured products (retry #1) (226ms)
  ✘  2740 [chromium] › e2e/ui/pages/store.spec.ts:96:9 › Store Page › Authentication › should show login prompt for cart actions when not authenticated (retry #1) (243ms)
  ✘  2741 [chromium] › e2e/ui/pages/store.spec.ts:113:9 › Store Page › Authentication › should allow authenticated users to add to cart (202ms)
  ✘  2742 [chromium] › e2e/ui/pages/store.spec.ts:142:9 › Store Page › Responsive Design › should render correctly on mobile (207ms)
  ✘  2743 [chromium] › e2e/ui/pages/store.spec.ts:113:9 › Store Page › Authentication › should allow authenticated users to add to cart (retry #1) (230ms)
  ✘  2744 [chromium] › e2e/ui/pages/store.spec.ts:142:9 › Store Page › Responsive Design › should render correctly on mobile (retry #1) (241ms)
  ✘  2745 [chromium] › e2e/ui/pages/store.spec.ts:157:9 › Store Page › Responsive Design › should render correctly on tablet (219ms)
  ✘  2746 [chromium] › e2e/ui/pages/store.spec.ts:172:9 › Store Page › Responsive Design › should render correctly on desktop (199ms)
  ✘  2747 [chromium] › e2e/ui/pages/store.spec.ts:157:9 › Store Page › Responsive Design › should render correctly on tablet (retry #1) (228ms)
  ✘  2748 [chromium] › e2e/ui/pages/store.spec.ts:172:9 › Store Page › Responsive Design › should render correctly on desktop (retry #1) (228ms)
  ✘  2749 [chromium] › e2e/ui/pages/store.spec.ts:190:9 › Store Page › Navigation › should navigate to homepage (215ms)
  ✘  2750 [chromium] › e2e/ui/pages/store.spec.ts:198:9 › Store Page › Navigation › should navigate to services (208ms)
  ✘  2751 [chromium] › e2e/ui/pages/store.spec.ts:190:9 › Store Page › Navigation › should navigate to homepage (retry #1) (228ms)
  ✘  2752 [chromium] › e2e/ui/pages/store.spec.ts:198:9 › Store Page › Navigation › should navigate to services (retry #1) (223ms)
  ✘  2753 [chromium] › e2e/ui/pages/store.spec.ts:206:9 › Store Page › Navigation › should navigate to blog (195ms)
  ✘  2754 [chromium] › e2e/ui/pages/store.spec.ts:214:9 › Store Page › Navigation › should navigate to contact (192ms)
  ✘  2755 [chromium] › e2e/ui/pages/store.spec.ts:206:9 › Store Page › Navigation › should navigate to blog (retry #1) (234ms)
  ✘  2756 [chromium] › e2e/ui/pages/store.spec.ts:214:9 › Store Page › Navigation › should navigate to contact (retry #1) (216ms)
  ✘  2757 [chromium] › e2e/ui/pages/store.spec.ts:222:9 › Store Page › Navigation › should navigate to cart (209ms)
  ✘  2758 [chromium] › e2e/ui/pages/store.spec.ts:232:9 › Store Page › Accessibility › should have proper language attribute (206ms)
  ✘  2759 [chromium] › e2e/ui/pages/store.spec.ts:222:9 › Store Page › Navigation › should navigate to cart (retry #1) (240ms)
  ✘  2760 [chromium] › e2e/ui/pages/store.spec.ts:232:9 › Store Page › Accessibility › should have proper language attribute (retry #1) (232ms)
  ✘  2761 [chromium] › e2e/ui/pages/store.spec.ts:238:9 › Store Page › Accessibility › should have accessible product elements (224ms)
  ✘  2762 [chromium] › e2e/ui/pages/store.spec.ts:257:9 › Store Page › Accessibility › should have accessible buttons (211ms)
  ✘  2763 [chromium] › e2e/ui/pages/store.spec.ts:238:9 › Store Page › Accessibility › should have accessible product elements (retry #1) (216ms)
  ✘  2764 [chromium] › e2e/ui/pages/store.spec.ts:257:9 › Store Page › Accessibility › should have accessible buttons (retry #1) (220ms)
  ✘  2765 [chromium] › e2e/ui/pages/store.spec.ts:279:9 › Store Page › Performance › should load within reasonable time (237ms)
  ✘  2766 [chromium] › e2e/ui/pages/style.spec.ts:165:11 › Style System › Homepage Style › should have void background color (206ms)
  ✘  2767 [chromium] › e2e/ui/pages/store.spec.ts:279:9 › Store Page › Performance › should load within reasonable time (retry #1) (242ms)
  ✘  2768 [chromium] › e2e/ui/pages/style.spec.ts:165:11 › Style System › Homepage Style › should have void background color (retry #1) (235ms)
  ✘  2769 [chromium] › e2e/ui/pages/style.spec.ts:170:11 › Style System › Homepage Style › should have correct heading font (213ms)
  ✘  2770 [chromium] › e2e/ui/pages/style.spec.ts:175:11 › Style System › Homepage Style › should have correct body font (207ms)
  ✘  2771 [chromium] › e2e/ui/pages/style.spec.ts:170:11 › Style System › Homepage Style › should have correct heading font (retry #1) (236ms)
  ✘  2772 [chromium] › e2e/ui/pages/style.spec.ts:175:11 › Style System › Homepage Style › should have correct body font (retry #1) (239ms)
  ✘  2773 [chromium] › e2e/ui/pages/style.spec.ts:180:11 › Style System › Homepage Style › should have correct code font (193ms)
  ✘  2774 [chromium] › e2e/ui/pages/style.spec.ts:185:11 › Style System › Homepage Style › should have neon cyan accents (213ms)
  ✘  2775 [chromium] › e2e/ui/pages/style.spec.ts:180:11 › Style System › Homepage Style › should have correct code font (retry #1) (235ms)
  ✘  2776 [chromium] › e2e/ui/pages/style.spec.ts:185:11 › Style System › Homepage Style › should have neon cyan accents (retry #1) (226ms)
  ✘  2777 [chromium] › e2e/ui/pages/style.spec.ts:219:11 › Style System › Homepage Style › should have neon magenta accents (212ms)
  ✘  2778 [chromium] › e2e/ui/pages/style.spec.ts:248:11 › Style System › Homepage Style › should have neon green accents (208ms)
  ✘  2779 [chromium] › e2e/ui/pages/style.spec.ts:219:11 › Style System › Homepage Style › should have neon magenta accents (retry #1) (250ms)
  ✘  2780 [chromium] › e2e/ui/pages/style.spec.ts:248:11 › Style System › Homepage Style › should have neon green accents (retry #1) (228ms)
  ✘  2781 [chromium] › e2e/ui/pages/style.spec.ts:276:11 › Style System › Homepage Style › should have neon blue accents (208ms)
  ✘  2782 [chromium] › e2e/ui/pages/style.spec.ts:306:15 › Style System › Homepage Style › Effects › should have scanlines effect applied (198ms)
  ✘  2783 [chromium] › e2e/ui/pages/style.spec.ts:276:11 › Style System › Homepage Style › should have neon blue accents (retry #1) (236ms)
  ✘  2784 [chromium] › e2e/ui/pages/style.spec.ts:306:15 › Style System › Homepage Style › Effects › should have scanlines effect applied (retry #1) (215ms)
  ✘  2785 [chromium] › e2e/ui/pages/style.spec.ts:306:15 › Style System › Homepage Style › Effects › should have cyber-grid effect applied (206ms)
  ✘  2786 [chromium] › e2e/ui/pages/style.spec.ts:306:15 › Style System › Homepage Style › Effects › should have neon-border effect applied (211ms)
  ✘  2787 [chromium] › e2e/ui/pages/style.spec.ts:306:15 › Style System › Homepage Style › Effects › should have cyber-grid effect applied (retry #1) (240ms)
  ✘  2788 [chromium] › e2e/ui/pages/style.spec.ts:306:15 › Style System › Homepage Style › Effects › should have neon-border effect applied (retry #1) (230ms)
  ✘  2789 [chromium] › e2e/ui/pages/style.spec.ts:306:15 › Style System › Homepage Style › Effects › should have glow-cyan effect applied (211ms)
  ✘  2790 [chromium] › e2e/ui/pages/style.spec.ts:306:15 › Style System › Homepage Style › Effects › should have dot-matrix effect applied (215ms)
  ✘  2791 [chromium] › e2e/ui/pages/style.spec.ts:306:15 › Style System › Homepage Style › Effects › should have glow-cyan effect applied (retry #1) (233ms)
  ✘  2792 [chromium] › e2e/ui/pages/style.spec.ts:306:15 › Style System › Homepage Style › Effects › should have dot-matrix effect applied (retry #1) (224ms)
  ✘  2793 [chromium] › e2e/ui/pages/style.spec.ts:313:13 › Style System › Homepage Style › Hover States › should show neon cyan on hover for interactive elements (211ms)
  ✘  2794 [chromium] › e2e/ui/pages/style.spec.ts:165:11 › Style System › Services Style › should have void background color (235ms)
  ✘  2795 [chromium] › e2e/ui/pages/style.spec.ts:313:13 › Style System › Homepage Style › Hover States › should show neon cyan on hover for interactive elements (retry #1) (225ms)
  ✘  2796 [chromium] › e2e/ui/pages/style.spec.ts:165:11 › Style System › Services Style › should have void background color (retry #1) (213ms)
  ✘  2797 [chromium] › e2e/ui/pages/style.spec.ts:170:11 › Style System › Services Style › should have correct heading font (214ms)
  ✘  2798 [chromium] › e2e/ui/pages/style.spec.ts:175:11 › Style System › Services Style › should have correct body font (219ms)
  ✘  2799 [chromium] › e2e/ui/pages/style.spec.ts:170:11 › Style System › Services Style › should have correct heading font (retry #1) (222ms)
  ✘  2800 [chromium] › e2e/ui/pages/style.spec.ts:175:11 › Style System › Services Style › should have correct body font (retry #1) (233ms)
  ✘  2801 [chromium] › e2e/ui/pages/style.spec.ts:180:11 › Style System › Services Style › should have correct code font (214ms)
  ✘  2802 [chromium] › e2e/ui/pages/style.spec.ts:185:11 › Style System › Services Style › should have neon cyan accents (244ms)
  ✘  2803 [chromium] › e2e/ui/pages/style.spec.ts:180:11 › Style System › Services Style › should have correct code font (retry #1) (220ms)
  ✘  2804 [chromium] › e2e/ui/pages/style.spec.ts:185:11 › Style System › Services Style › should have neon cyan accents (retry #1) (230ms)
  ✘  2805 [chromium] › e2e/ui/pages/style.spec.ts:219:11 › Style System › Services Style › should have neon magenta accents (209ms)
  ✘  2806 [chromium] › e2e/ui/pages/style.spec.ts:248:11 › Style System › Services Style › should have neon green accents (212ms)
  ✘  2807 [chromium] › e2e/ui/pages/style.spec.ts:219:11 › Style System › Services Style › should have neon magenta accents (retry #1) (234ms)
  ✘  2808 [chromium] › e2e/ui/pages/style.spec.ts:248:11 › Style System › Services Style › should have neon green accents (retry #1) (246ms)
  ✘  2809 [chromium] › e2e/ui/pages/style.spec.ts:276:11 › Style System › Services Style › should have neon blue accents (222ms)
  ✘  2810 [chromium] › e2e/ui/pages/style.spec.ts:306:15 › Style System › Services Style › Effects › should have scanlines effect applied (214ms)
  ✘  2811 [chromium] › e2e/ui/pages/style.spec.ts:276:11 › Style System › Services Style › should have neon blue accents (retry #1) (226ms)
  ✘  2812 [chromium] › e2e/ui/pages/style.spec.ts:306:15 › Style System › Services Style › Effects › should have scanlines effect applied (retry #1) (228ms)
  ✘  2813 [chromium] › e2e/ui/pages/style.spec.ts:306:15 › Style System › Services Style › Effects › should have cyber-grid effect applied (200ms)
  ✘  2814 [chromium] › e2e/ui/pages/style.spec.ts:306:15 › Style System › Services Style › Effects › should have neon-border effect applied (206ms)
  ✘  2815 [chromium] › e2e/ui/pages/style.spec.ts:306:15 › Style System › Services Style › Effects › should have cyber-grid effect applied (retry #1) (221ms)
  ✘  2816 [chromium] › e2e/ui/pages/style.spec.ts:306:15 › Style System › Services Style › Effects › should have neon-border effect applied (retry #1) (232ms)
  ✘  2817 [chromium] › e2e/ui/pages/style.spec.ts:306:15 › Style System › Services Style › Effects › should have glow-cyan effect applied (220ms)
  ✘  2818 [chromium] › e2e/ui/pages/style.spec.ts:306:15 › Style System › Services Style › Effects › should have dot-matrix effect applied (201ms)
  ✘  2819 [chromium] › e2e/ui/pages/style.spec.ts:306:15 › Style System › Services Style › Effects › should have glow-cyan effect applied (retry #1) (241ms)
  ✘  2820 [chromium] › e2e/ui/pages/style.spec.ts:306:15 › Style System › Services Style › Effects › should have dot-matrix effect applied (retry #1) (217ms)
  ✘  2821 [chromium] › e2e/ui/pages/style.spec.ts:313:13 › Style System › Services Style › Hover States › should show neon cyan on hover for interactive elements (226ms)
  ✘  2822 [chromium] › e2e/ui/pages/style.spec.ts:165:11 › Style System › Store Style › should have void background color (214ms)
  ✘  2823 [chromium] › e2e/ui/pages/style.spec.ts:313:13 › Style System › Services Style › Hover States › should show neon cyan on hover for interactive elements (retry #1) (217ms)
  ✘  2824 [chromium] › e2e/ui/pages/style.spec.ts:165:11 › Style System › Store Style › should have void background color (retry #1) (235ms)
  ✘  2825 [chromium] › e2e/ui/pages/style.spec.ts:170:11 › Style System › Store Style › should have correct heading font (225ms)
  ✘  2826 [chromium] › e2e/ui/pages/style.spec.ts:175:11 › Style System › Store Style › should have correct body font (196ms)
  ✘  2827 [chromium] › e2e/ui/pages/style.spec.ts:170:11 › Style System › Store Style › should have correct heading font (retry #1) (222ms)
  ✘  2828 [chromium] › e2e/ui/pages/style.spec.ts:175:11 › Style System › Store Style › should have correct body font (retry #1) (245ms)
  ✘  2829 [chromium] › e2e/ui/pages/style.spec.ts:180:11 › Style System › Store Style › should have correct code font (216ms)
  ✘  2830 [chromium] › e2e/ui/pages/style.spec.ts:185:11 › Style System › Store Style › should have neon cyan accents (212ms)
  ✘  2831 [chromium] › e2e/ui/pages/style.spec.ts:180:11 › Style System › Store Style › should have correct code font (retry #1) (238ms)
  ✘  2832 [chromium] › e2e/ui/pages/style.spec.ts:185:11 › Style System › Store Style › should have neon cyan accents (retry #1) (218ms)
  ✘  2833 [chromium] › e2e/ui/pages/style.spec.ts:219:11 › Style System › Store Style › should have neon magenta accents (201ms)
  ✘  2834 [chromium] › e2e/ui/pages/style.spec.ts:248:11 › Style System › Store Style › should have neon green accents (202ms)
  ✘  2835 [chromium] › e2e/ui/pages/style.spec.ts:219:11 › Style System › Store Style › should have neon magenta accents (retry #1) (249ms)
  ✘  2836 [chromium] › e2e/ui/pages/style.spec.ts:248:11 › Style System › Store Style › should have neon green accents (retry #1) (226ms)
  ✘  2837 [chromium] › e2e/ui/pages/style.spec.ts:276:11 › Style System › Store Style › should have neon blue accents (218ms)
  ✘  2838 [chromium] › e2e/ui/pages/style.spec.ts:306:15 › Style System › Store Style › Effects › should have scanlines effect applied (202ms)
  ✘  2839 [chromium] › e2e/ui/pages/style.spec.ts:276:11 › Style System › Store Style › should have neon blue accents (retry #1) (231ms)
  ✘  2840 [chromium] › e2e/ui/pages/style.spec.ts:306:15 › Style System › Store Style › Effects › should have scanlines effect applied (retry #1) (221ms)
  ✘  2841 [chromium] › e2e/ui/pages/style.spec.ts:306:15 › Style System › Store Style › Effects › should have cyber-grid effect applied (215ms)
  ✘  2842 [chromium] › e2e/ui/pages/style.spec.ts:306:15 › Style System › Store Style › Effects › should have neon-border effect applied (223ms)
  ✘  2843 [chromium] › e2e/ui/pages/style.spec.ts:306:15 › Style System › Store Style › Effects › should have cyber-grid effect applied (retry #1) (237ms)
  ✘  2844 [chromium] › e2e/ui/pages/style.spec.ts:306:15 › Style System › Store Style › Effects › should have neon-border effect applied (retry #1) (223ms)
  ✘  2845 [chromium] › e2e/ui/pages/style.spec.ts:306:15 › Style System › Store Style › Effects › should have glow-cyan effect applied (209ms)
  ✘  2846 [chromium] › e2e/ui/pages/style.spec.ts:306:15 › Style System › Store Style › Effects › should have dot-matrix effect applied (193ms)
  ✘  2847 [chromium] › e2e/ui/pages/style.spec.ts:306:15 › Style System › Store Style › Effects › should have glow-cyan effect applied (retry #1) (219ms)
  ✘  2848 [chromium] › e2e/ui/pages/style.spec.ts:306:15 › Style System › Store Style › Effects › should have dot-matrix effect applied (retry #1) (235ms)
  ✘  2849 [chromium] › e2e/ui/pages/style.spec.ts:313:13 › Style System › Store Style › Hover States › should show neon cyan on hover for interactive elements (212ms)
  ✘  2850 [chromium] › e2e/ui/pages/style.spec.ts:165:11 › Style System › Blog Style › should have void background color (192ms)
  ✘  2851 [chromium] › e2e/ui/pages/style.spec.ts:313:13 › Style System › Store Style › Hover States › should show neon cyan on hover for interactive elements (retry #1) (232ms)
  ✘  2852 [chromium] › e2e/ui/pages/style.spec.ts:165:11 › Style System › Blog Style › should have void background color (retry #1) (230ms)
  ✘  2853 [chromium] › e2e/ui/pages/style.spec.ts:170:11 › Style System › Blog Style › should have correct heading font (201ms)
  ✘  2854 [chromium] › e2e/ui/pages/style.spec.ts:175:11 › Style System › Blog Style › should have correct body font (215ms)
  ✘  2855 [chromium] › e2e/ui/pages/style.spec.ts:170:11 › Style System › Blog Style › should have correct heading font (retry #1) (232ms)
  ✘  2856 [chromium] › e2e/ui/pages/style.spec.ts:175:11 › Style System › Blog Style › should have correct body font (retry #1) (232ms)
  ✘  2857 [chromium] › e2e/ui/pages/style.spec.ts:180:11 › Style System › Blog Style › should have correct code font (216ms)
  ✘  2858 [chromium] › e2e/ui/pages/style.spec.ts:185:11 › Style System › Blog Style › should have neon cyan accents (197ms)
  ✘  2859 [chromium] › e2e/ui/pages/style.spec.ts:180:11 › Style System › Blog Style › should have correct code font (retry #1) (218ms)
  ✘  2860 [chromium] › e2e/ui/pages/style.spec.ts:185:11 › Style System › Blog Style › should have neon cyan accents (retry #1) (226ms)
  ✘  2861 [chromium] › e2e/ui/pages/style.spec.ts:219:11 › Style System › Blog Style › should have neon magenta accents (185ms)
  ✘  2862 [chromium] › e2e/ui/pages/style.spec.ts:248:11 › Style System › Blog Style › should have neon green accents (208ms)
  ✘  2863 [chromium] › e2e/ui/pages/style.spec.ts:219:11 › Style System › Blog Style › should have neon magenta accents (retry #1) (222ms)
  ✘  2864 [chromium] › e2e/ui/pages/style.spec.ts:248:11 › Style System › Blog Style › should have neon green accents (retry #1) (233ms)
  ✘  2865 [chromium] › e2e/ui/pages/style.spec.ts:276:11 › Style System › Blog Style › should have neon blue accents (207ms)
  ✘  2866 [chromium] › e2e/ui/pages/style.spec.ts:306:15 › Style System › Blog Style › Effects › should have scanlines effect applied (200ms)
  ✘  2867 [chromium] › e2e/ui/pages/style.spec.ts:276:11 › Style System › Blog Style › should have neon blue accents (retry #1) (227ms)
  ✘  2868 [chromium] › e2e/ui/pages/style.spec.ts:306:15 › Style System › Blog Style › Effects › should have scanlines effect applied (retry #1) (230ms)
  ✘  2869 [chromium] › e2e/ui/pages/style.spec.ts:306:15 › Style System › Blog Style › Effects › should have cyber-grid effect applied (215ms)
  ✘  2870 [chromium] › e2e/ui/pages/style.spec.ts:306:15 › Style System › Blog Style › Effects › should have neon-border effect applied (207ms)
  ✘  2871 [chromium] › e2e/ui/pages/style.spec.ts:306:15 › Style System › Blog Style › Effects › should have cyber-grid effect applied (retry #1) (227ms)
  ✘  2872 [chromium] › e2e/ui/pages/style.spec.ts:306:15 › Style System › Blog Style › Effects › should have neon-border effect applied (retry #1) (229ms)
  ✘  2873 [chromium] › e2e/ui/pages/style.spec.ts:306:15 › Style System › Blog Style › Effects › should have glow-cyan effect applied (194ms)
  ✘  2874 [chromium] › e2e/ui/pages/style.spec.ts:306:15 › Style System › Blog Style › Effects › should have dot-matrix effect applied (210ms)
  ✘  2875 [chromium] › e2e/ui/pages/style.spec.ts:306:15 › Style System › Blog Style › Effects › should have glow-cyan effect applied (retry #1) (231ms)
  ✘  2876 [chromium] › e2e/ui/pages/style.spec.ts:306:15 › Style System › Blog Style › Effects › should have dot-matrix effect applied (retry #1) (242ms)
  ✘  2877 [chromium] › e2e/ui/pages/style.spec.ts:313:13 › Style System › Blog Style › Hover States › should show neon cyan on hover for interactive elements (217ms)
  ✘  2878 [chromium] › e2e/ui/pages/style.spec.ts:165:11 › Style System › Contact Style › should have void background color (200ms)
  ✘  2879 [chromium] › e2e/ui/pages/style.spec.ts:313:13 › Style System › Blog Style › Hover States › should show neon cyan on hover for interactive elements (retry #1) (232ms)
  ✘  2880 [chromium] › e2e/ui/pages/style.spec.ts:165:11 › Style System › Contact Style › should have void background color (retry #1) (219ms)
  ✘  2881 [chromium] › e2e/ui/pages/style.spec.ts:170:11 › Style System › Contact Style › should have correct heading font (209ms)
  ✘  2882 [chromium] › e2e/ui/pages/style.spec.ts:175:11 › Style System › Contact Style › should have correct body font (214ms)
  ✘  2883 [chromium] › e2e/ui/pages/style.spec.ts:170:11 › Style System › Contact Style › should have correct heading font (retry #1) (224ms)
  ✘  2884 [chromium] › e2e/ui/pages/style.spec.ts:175:11 › Style System › Contact Style › should have correct body font (retry #1) (218ms)
  ✘  2885 [chromium] › e2e/ui/pages/style.spec.ts:180:11 › Style System › Contact Style › should have correct code font (205ms)
  ✘  2886 [chromium] › e2e/ui/pages/style.spec.ts:185:11 › Style System › Contact Style › should have neon cyan accents (202ms)
  ✘  2887 [chromium] › e2e/ui/pages/style.spec.ts:180:11 › Style System › Contact Style › should have correct code font (retry #1) (220ms)
  ✘  2888 [chromium] › e2e/ui/pages/style.spec.ts:185:11 › Style System › Contact Style › should have neon cyan accents (retry #1) (220ms)
  ✘  2889 [chromium] › e2e/ui/pages/style.spec.ts:219:11 › Style System › Contact Style › should have neon magenta accents (211ms)
  ✘  2890 [chromium] › e2e/ui/pages/style.spec.ts:248:11 › Style System › Contact Style › should have neon green accents (201ms)
  ✘  2891 [chromium] › e2e/ui/pages/style.spec.ts:219:11 › Style System › Contact Style › should have neon magenta accents (retry #1) (225ms)
  ✘  2892 [chromium] › e2e/ui/pages/style.spec.ts:248:11 › Style System › Contact Style › should have neon green accents (retry #1) (223ms)
  ✘  2893 [chromium] › e2e/ui/pages/style.spec.ts:276:11 › Style System › Contact Style › should have neon blue accents (190ms)
  ✘  2894 [chromium] › e2e/ui/pages/style.spec.ts:306:15 › Style System › Contact Style › Effects › should have scanlines effect applied (189ms)
  ✘  2895 [chromium] › e2e/ui/pages/style.spec.ts:276:11 › Style System › Contact Style › should have neon blue accents (retry #1) (257ms)
  ✘  2896 [chromium] › e2e/ui/pages/style.spec.ts:306:15 › Style System › Contact Style › Effects › should have scanlines effect applied (retry #1) (252ms)
  ✘  2897 [chromium] › e2e/ui/pages/style.spec.ts:306:15 › Style System › Contact Style › Effects › should have cyber-grid effect applied (211ms)
  ✘  2898 [chromium] › e2e/ui/pages/style.spec.ts:306:15 › Style System › Contact Style › Effects › should have neon-border effect applied (197ms)
  ✘  2899 [chromium] › e2e/ui/pages/style.spec.ts:306:15 › Style System › Contact Style › Effects › should have cyber-grid effect applied (retry #1) (216ms)
  ✘  2900 [chromium] › e2e/ui/pages/style.spec.ts:306:15 › Style System › Contact Style › Effects › should have neon-border effect applied (retry #1) (224ms)
  ✘  2901 [chromium] › e2e/ui/pages/style.spec.ts:306:15 › Style System › Contact Style › Effects › should have glow-cyan effect applied (234ms)
  ✘  2902 [chromium] › e2e/ui/pages/style.spec.ts:306:15 › Style System › Contact Style › Effects › should have dot-matrix effect applied (197ms)
  ✘  2903 [chromium] › e2e/ui/pages/style.spec.ts:306:15 › Style System › Contact Style › Effects › should have glow-cyan effect applied (retry #1) (220ms)
  ✘  2904 [chromium] › e2e/ui/pages/style.spec.ts:306:15 › Style System › Contact Style › Effects › should have dot-matrix effect applied (retry #1) (223ms)
  ✘  2905 [chromium] › e2e/ui/pages/style.spec.ts:313:13 › Style System › Contact Style › Hover States › should show neon cyan on hover for interactive elements (209ms)
  ✘  2906 [chromium] › e2e/webhook-signatures.spec.ts:20:7 › webhook signature gates › /api/webhooks/stripe rejects missing signature header (323ms)
  ✘  2907 [chromium] › e2e/ui/pages/style.spec.ts:313:13 › Style System › Contact Style › Hover States › should show neon cyan on hover for interactive elements (retry #1) (230ms)
  ✘  2908 [chromium] › e2e/webhook-signatures.spec.ts:20:7 › webhook signature gates › /api/webhooks/stripe rejects missing signature header (retry #1) (340ms)
  ✘  2909 [chromium] › e2e/webhook-signatures.spec.ts:30:7 › webhook signature gates › /api/webhooks/stripe rejects invalid signature (324ms)
  ✘  2910 [chromium] › e2e/webhook-signatures.spec.ts:46:7 › webhook signature gates › /api/webhooks/notion rejects missing signature (324ms)
  ✘  2911 [chromium] › e2e/webhook-signatures.spec.ts:30:7 › webhook signature gates › /api/webhooks/stripe rejects invalid signature (retry #1) (340ms)
  ✘  2912 [chromium] › e2e/webhook-signatures.spec.ts:46:7 › webhook signature gates › /api/webhooks/notion rejects missing signature (retry #1) (342ms)
  ✘  2913 [chromium] › e2e/webhook-signatures.spec.ts:55:7 › webhook signature gates › /api/cron/* requires Bearer CRON_SECRET — rejects without auth (324ms)
  ✘  2914 [chromium] › e2e/webhook-signatures.spec.ts:62:7 › webhook signature gates › /api/cron/* rejects wrong Bearer token (constant-time compare path) (324ms)
  ✘  2915 [chromium] › e2e/webhook-signatures.spec.ts:55:7 › webhook signature gates › /api/cron/* requires Bearer CRON_SECRET — rejects without auth (retry #1) (336ms)
  ✘  2916 [chromium] › e2e/webhook-signatures.spec.ts:62:7 › webhook signature gates › /api/cron/* rejects wrong Bearer token (constant-time compare path) (retry #1) (339ms)
  ✓  2917 [chromium] › e2e/workflows.spec.mts:82:7 › n8n workflow JSON validation › funnel-daily-rollup.json › has valid JSON structure (7ms)
  ✓  2918 [chromium] › e2e/workflows.spec.mts:89:7 › n8n workflow JSON validation › funnel-daily-rollup.json › all referenced nodes exist (5ms)
  ✓  2919 [chromium] › e2e/workflows.spec.mts:99:7 › n8n workflow JSON validation › funnel-daily-rollup.json › all connections reference existing nodes (4ms)
  ✓  2920 [chromium] › e2e/workflows.spec.mts:120:7 › n8n workflow JSON validation › funnel-daily-rollup.json › all nodes have required fields (5ms)
  ✓  2921 [chromium] › e2e/workflows.spec.mts:127:7 › n8n workflow JSON validation › funnel-daily-rollup.json › has at least one trigger node (1ms)
  ✓  2922 [chromium] › e2e/workflows.spec.mts:137:7 › n8n workflow JSON validation › funnel-daily-rollup.json › webhook paths are unique if present (1ms)
  ✓  2923 [chromium] › e2e/workflows.spec.mts:82:7 › n8n workflow JSON validation › hot-lead-alert.json › has valid JSON structure (2ms)
  ✓  2924 [chromium] › e2e/workflows.spec.mts:89:7 › n8n workflow JSON validation › hot-lead-alert.json › all referenced nodes exist (3ms)
  ✓  2925 [chromium] › e2e/workflows.spec.mts:99:7 › n8n workflow JSON validation › hot-lead-alert.json › all connections reference existing nodes (3ms)
  ✓  2926 [chromium] › e2e/workflows.spec.mts:120:7 › n8n workflow JSON validation › hot-lead-alert.json › all nodes have required fields (4ms)
  ✓  2927 [chromium] › e2e/workflows.spec.mts:127:7 › n8n workflow JSON validation › hot-lead-alert.json › has at least one trigger node (1ms)
  ✓  2928 [chromium] › e2e/workflows.spec.mts:137:7 › n8n workflow JSON validation › hot-lead-alert.json › webhook paths are unique if present (1ms)
  ✓  2929 [chromium] › e2e/workflows.spec.mts:82:7 › n8n workflow JSON validation › lead-enrich.json › has valid JSON structure (3ms)
  ✓  2930 [chromium] › e2e/workflows.spec.mts:89:7 › n8n workflow JSON validation › lead-enrich.json › all referenced nodes exist (1ms)
  ✓  2931 [chromium] › e2e/workflows.spec.mts:99:7 › n8n workflow JSON validation › lead-enrich.json › all connections reference existing nodes (2ms)
  ✓  2932 [chromium] › e2e/workflows.spec.mts:120:7 › n8n workflow JSON validation › lead-enrich.json › all nodes have required fields (4ms)
  ✓  2933 [chromium] › e2e/workflows.spec.mts:127:7 › n8n workflow JSON validation › lead-enrich.json › has at least one trigger node (0ms)
  ✓  2934 [chromium] › e2e/workflows.spec.mts:137:7 › n8n workflow JSON validation › lead-enrich.json › webhook paths are unique if present (1ms)
  ✓  2935 [chromium] › e2e/workflows.spec.mts:82:7 › n8n workflow JSON validation › newsletter-nurture.json › has valid JSON structure (8ms)
  ✓  2936 [chromium] › e2e/workflows.spec.mts:89:7 › n8n workflow JSON validation › newsletter-nurture.json › all referenced nodes exist (4ms)
  ✓  2937 [chromium] › e2e/workflows.spec.mts:99:7 › n8n workflow JSON validation › newsletter-nurture.json › all connections reference existing nodes (4ms)
  ✓  2938 [chromium] › e2e/workflows.spec.mts:120:7 › n8n workflow JSON validation › newsletter-nurture.json › all nodes have required fields (5ms)
  ✓  2939 [chromium] › e2e/workflows.spec.mts:127:7 › n8n workflow JSON validation › newsletter-nurture.json › has at least one trigger node (1ms)
  ✓  2940 [chromium] › e2e/workflows.spec.mts:137:7 › n8n workflow JSON validation › newsletter-nurture.json › webhook paths are unique if present (1ms)
  ✓  2941 [chromium] › e2e/workflows.spec.mts:82:7 › n8n workflow JSON validation › postiz-utm-guard.json › has valid JSON structure (3ms)
  ✓  2942 [chromium] › e2e/workflows.spec.mts:89:7 › n8n workflow JSON validation › postiz-utm-guard.json › all referenced nodes exist (0ms)
  ✓  2943 [chromium] › e2e/workflows.spec.mts:99:7 › n8n workflow JSON validation › postiz-utm-guard.json › all connections reference existing nodes (4ms)
  ✓  2944 [chromium] › e2e/workflows.spec.mts:120:7 › n8n workflow JSON validation › postiz-utm-guard.json › all nodes have required fields (4ms)
  ✓  2945 [chromium] › e2e/workflows.spec.mts:127:7 › n8n workflow JSON validation › postiz-utm-guard.json › has at least one trigger node (1ms)
  ✓  2946 [chromium] › e2e/workflows.spec.mts:137:7 › n8n workflow JSON validation › postiz-utm-guard.json › webhook paths are unique if present (1ms)
  ✓  2947 [chromium] › e2e/workflows.spec.mts:82:7 › n8n workflow JSON validation › rfm-cohort-update.json › has valid JSON structure (3ms)
  ✓  2948 [chromium] › e2e/workflows.spec.mts:89:7 › n8n workflow JSON validation › rfm-cohort-update.json › all referenced nodes exist (1ms)
  ✓  2949 [chromium] › e2e/workflows.spec.mts:99:7 › n8n workflow JSON validation › rfm-cohort-update.json › all connections reference existing nodes (2ms)
  ✓  2950 [chromium] › e2e/workflows.spec.mts:120:7 › n8n workflow JSON validation › rfm-cohort-update.json › all nodes have required fields (7ms)
  ✓  2951 [chromium] › e2e/workflows.spec.mts:127:7 › n8n workflow JSON validation › rfm-cohort-update.json › has at least one trigger node (1ms)
  ✓  2952 [chromium] › e2e/workflows.spec.mts:137:7 › n8n workflow JSON validation › rfm-cohort-update.json › webhook paths are unique if present (1ms)
  ✘  2953 [admin] › e2e/ui/pages/admin.spec.ts:24:7 › Admin Panel › should load successfully (206ms)
  ✘  2954 [admin] › e2e/ui/pages/admin.spec.ts:32:7 › Admin Panel › should show admin user information (192ms)
  ✘  2955 [admin] › e2e/ui/pages/admin.spec.ts:24:7 › Admin Panel › should load successfully (retry #1) (242ms)
  ✘  2956 [admin] › e2e/ui/pages/admin.spec.ts:32:7 › Admin Panel › should show admin user information (retry #1) (229ms)
  ✘  2957 [admin] › e2e/ui/pages/admin.spec.ts:39:7 › Admin Panel › should have admin navigation sidebar (216ms)
  ✘  2958 [admin] › e2e/ui/pages/admin.spec.ts:54:7 › Admin Panel › should have main content area (202ms)
  ✘  2959 [admin] › e2e/ui/pages/admin.spec.ts:39:7 › Admin Panel › should have admin navigation sidebar (retry #1) (230ms)
  ✘  2960 [admin] › e2e/ui/pages/admin.spec.ts:54:7 › Admin Panel › should have main content area (retry #1) (234ms)
  ✘  2961 [admin] › e2e/ui/pages/admin.spec.ts:59:7 › Admin Panel › should show admin overview widgets or cards (194ms)
  ✘  2962 [admin] › e2e/ui/pages/admin.spec.ts:71:7 › Admin Panel › should show action queue or stats (210ms)
  ✘  2963 [admin] › e2e/ui/pages/admin.spec.ts:59:7 › Admin Panel › should show admin overview widgets or cards (retry #1) (228ms)
  ✘  2964 [admin] › e2e/ui/pages/admin.spec.ts:71:7 › Admin Panel › should show action queue or stats (retry #1) (220ms)
  ✘  2965 [admin] › e2e/ui/pages/admin.spec.ts:83:9 › Admin Panel › Navigation › should navigate to homepage (214ms)
  ✘  2966 [admin] › e2e/ui/pages/admin.spec.ts:93:9 › Admin Panel › Navigation › should navigate to dashboard (204ms)
  ✘  2967 [admin] › e2e/ui/pages/admin.spec.ts:83:9 › Admin Panel › Navigation › should navigate to homepage (retry #1) (231ms)
  ✘  2968 [admin] › e2e/ui/pages/admin.spec.ts:93:9 › Admin Panel › Navigation › should navigate to dashboard (retry #1) (216ms)
  ✘  2969 [admin] › e2e/ui/pages/admin.spec.ts:100:9 › Admin Panel › Navigation › should navigate to users management (203ms)
  ✘  2970 [admin] › e2e/ui/pages/admin.spec.ts:110:9 › Admin Panel › Navigation › should navigate to orders management (198ms)
  ✘  2971 [admin] › e2e/ui/pages/admin.spec.ts:100:9 › Admin Panel › Navigation › should navigate to users management (retry #1) (232ms)
  ✘  2972 [admin] › e2e/ui/pages/admin.spec.ts:110:9 › Admin Panel › Navigation › should navigate to orders management (retry #1) (228ms)
  ✘  2973 [admin] › e2e/ui/pages/admin.spec.ts:120:9 › Admin Panel › Navigation › should navigate to settings (194ms)
  ✘  2974 [admin] › e2e/ui/pages/admin.spec.ts:130:9 › Admin Panel › Navigation › should navigate to leads (223ms)
  ✘  2975 [admin] › e2e/ui/pages/admin.spec.ts:120:9 › Admin Panel › Navigation › should navigate to settings (retry #1) (233ms)
  ✘  2976 [admin] › e2e/ui/pages/admin.spec.ts:130:9 › Admin Panel › Navigation › should navigate to leads (retry #1) (230ms)
  ✘  2977 [admin] › e2e/ui/pages/admin.spec.ts:142:9 › Admin Panel › Authentication › should redirect to login if not authenticated (221ms)
  ✘  2978 [admin] › e2e/ui/pages/admin.spec.ts:149:9 › Admin Panel › Authentication › should redirect to dashboard if not admin (195ms)
  ✘  2979 [admin] › e2e/ui/pages/admin.spec.ts:142:9 › Admin Panel › Authentication › should redirect to login if not authenticated (retry #1) (237ms)
  ✘  2980 [admin] › e2e/ui/pages/admin.spec.ts:149:9 › Admin Panel › Authentication › should redirect to dashboard if not admin (retry #1) (229ms)
  ✘  2981 [admin] › e2e/ui/pages/admin.spec.ts:157:9 › Admin Panel › Responsive Design › should render correctly on mobile (205ms)
  ✘  2982 [admin] › e2e/ui/pages/admin.spec.ts:187:9 › Admin Panel › Responsive Design › should render correctly on tablet (225ms)
  ✘  2983 [admin] › e2e/ui/pages/admin.spec.ts:157:9 › Admin Panel › Responsive Design › should render correctly on mobile (retry #1) (229ms)
  ✘  2984 [admin] › e2e/ui/pages/admin.spec.ts:187:9 › Admin Panel › Responsive Design › should render correctly on tablet (retry #1) (235ms)
  ✘  2985 [admin] › e2e/ui/pages/admin.spec.ts:219:9 › Admin Panel › Responsive Design › should render correctly on desktop (196ms)
  ✘  2986 [admin] › e2e/ui/pages/admin.spec.ts:248:9 › Admin Panel › Accessibility › should have proper language attribute (221ms)
  ✘  2987 [admin] › e2e/ui/pages/admin.spec.ts:219:9 › Admin Panel › Responsive Design › should render correctly on desktop (retry #1) (242ms)
  ✘  2988 [admin] › e2e/ui/pages/admin.spec.ts:248:9 › Admin Panel › Accessibility › should have proper language attribute (retry #1) (228ms)
  ✘  2989 [admin] › e2e/ui/pages/admin.spec.ts:254:9 › Admin Panel › Accessibility › should have proper heading structure (214ms)
  ✘  2990 [admin] › e2e/ui/pages/admin.spec.ts:272:9 › Admin Panel › Accessibility › should have accessible navigation (212ms)
  ✘  2991 [admin] › e2e/ui/pages/admin.spec.ts:254:9 › Admin Panel › Accessibility › should have proper heading structure (retry #1) (235ms)
  ✘  2992 [admin] › e2e/ui/pages/admin.spec.ts:272:9 › Admin Panel › Accessibility › should have accessible navigation (retry #1) (256ms)
  ✘  2993 [admin] › e2e/ui/pages/admin.spec.ts:313:9 › Admin Panel › Accessibility › should have accessible cards/quick actions (215ms)
  ✘  2994 [admin] › e2e/ui/pages/admin.spec.ts:361:9 › Admin Panel › Accessibility › should have accessible forms (223ms)
  ✘  2995 [admin] › e2e/ui/pages/admin.spec.ts:313:9 › Admin Panel › Accessibility › should have accessible cards/quick actions (retry #1) (260ms)
  ✘  2996 [admin] › e2e/ui/pages/admin.spec.ts:361:9 › Admin Panel › Accessibility › should have accessible forms (retry #1) (221ms)
  ✘  2997 [admin] › e2e/ui/pages/admin.spec.ts:370:9 › Admin Panel › Performance › should load within reasonable time (230ms)
  ✘  2998 [mobile-chrome] › e2e/a11y/comprehensive-a11y.spec.ts:12:7 › Homepage Accessibility › should pass axe accessibility tests (259ms)
  -  3000 [mobile-chrome] › e2e/a11y/comprehensive-a11y.spec.ts:21:6 › Services Page Accessibility › should pass axe accessibility tests
  -  3001 [mobile-chrome] › e2e/a11y/comprehensive-a11y.spec.ts:29:6 › Store Page Accessibility › should pass axe accessibility tests
  -  3002 [mobile-chrome] › e2e/a11y/comprehensive-a11y.spec.ts:37:6 › Blog Page Accessibility › should pass axe accessibility tests
  -  3003 [mobile-chrome] › e2e/a11y/comprehensive-a11y.spec.ts:45:6 › Contact Page Accessibility › should pass axe accessibility tests
  -  3004 [mobile-chrome] › e2e/a11y/comprehensive-a11y.spec.ts:53:6 › Dashboard Page Accessibility › should pass axe accessibility tests for authenticated user
  -  3005 [mobile-chrome] › e2e/a11y/comprehensive-a11y.spec.ts:61:6 › Admin Page Accessibility › should pass axe accessibility tests for admin user
  -  3006 [mobile-chrome] › e2e/a11y/comprehensive-a11y.spec.ts:69:6 › Component Accessibility › header should pass axe accessibility tests
  -  3007 [mobile-chrome] › e2e/a11y/comprehensive-a11y.spec.ts:75:6 › Component Accessibility › footer should pass axe accessibility tests
  -  3008 [mobile-chrome] › e2e/a11y/comprehensive-a11y.spec.ts:81:6 › Component Accessibility › buttons should pass axe accessibility tests
  -  3009 [mobile-chrome] › e2e/a11y/comprehensive-a11y.spec.ts:87:6 › Component Accessibility › cards should pass axe accessibility tests
  -  3010 [mobile-chrome] › e2e/a11y/comprehensive-a11y.spec.ts:95:6 › Color Contrast Accessibility › should have sufficient color contrast on homepage
  -  3011 [mobile-chrome] › e2e/a11y/comprehensive-a11y.spec.ts:103:6 › Keyboard Navigation Accessibility › should be navigable via keyboard on homepage
  -  3012 [mobile-chrome] › e2e/a11y/comprehensive-a11y.spec.ts:121:6 › Keyboard Navigation Accessibility › should have visible focus indicators
  -  3013 [mobile-chrome] › e2e/a11y/comprehensive-a11y.spec.ts:141:6 › ARIA Attributes Accessibility › should have appropriate ARIA landmarks
  -  3014 [mobile-chrome] › e2e/a11y/comprehensive-a11y.spec.ts:161:6 › ARIA Attributes Accessibility › should have accessible form labels
  -  3015 [mobile-chrome] › e2e/a11y/comprehensive-a11y.spec.ts:190:6 › Skip this test - just an example of how to skip tests › this test will be skipped
  ✘  2999 [admin] › e2e/ui/pages/admin.spec.ts:370:9 › Admin Panel › Performance › should load within reasonable time (retry #1) (215ms)
  ✘  3016 [mobile-chrome] › e2e/a11y/comprehensive-a11y.spec.ts:12:7 › Homepage Accessibility › should pass axe accessibility tests (retry #1) (240ms)
  -  3018 [mobile-chrome] › e2e/a11y/comprehensive-a11y.spec.ts:21:6 › Services Page Accessibility › should pass axe accessibility tests (retry #1)
  -  3019 [mobile-chrome] › e2e/a11y/comprehensive-a11y.spec.ts:29:6 › Store Page Accessibility › should pass axe accessibility tests (retry #1)
  -  3020 [mobile-chrome] › e2e/a11y/comprehensive-a11y.spec.ts:37:6 › Blog Page Accessibility › should pass axe accessibility tests (retry #1)
  -  3021 [mobile-chrome] › e2e/a11y/comprehensive-a11y.spec.ts:45:6 › Contact Page Accessibility › should pass axe accessibility tests (retry #1)
  -  3022 [mobile-chrome] › e2e/a11y/comprehensive-a11y.spec.ts:53:6 › Dashboard Page Accessibility › should pass axe accessibility tests for authenticated user (retry #1)
  -  3023 [mobile-chrome] › e2e/a11y/comprehensive-a11y.spec.ts:61:6 › Admin Page Accessibility › should pass axe accessibility tests for admin user (retry #1)
  -  3024 [mobile-chrome] › e2e/a11y/comprehensive-a11y.spec.ts:69:6 › Component Accessibility › header should pass axe accessibility tests (retry #1)
  -  3025 [mobile-chrome] › e2e/a11y/comprehensive-a11y.spec.ts:75:6 › Component Accessibility › footer should pass axe accessibility tests (retry #1)
  -  3026 [mobile-chrome] › e2e/a11y/comprehensive-a11y.spec.ts:81:6 › Component Accessibility › buttons should pass axe accessibility tests (retry #1)
  -  3027 [mobile-chrome] › e2e/a11y/comprehensive-a11y.spec.ts:87:6 › Component Accessibility › cards should pass axe accessibility tests (retry #1)
  -  3028 [mobile-chrome] › e2e/a11y/comprehensive-a11y.spec.ts:95:6 › Color Contrast Accessibility › should have sufficient color contrast on homepage (retry #1)
  -  3029 [mobile-chrome] › e2e/a11y/comprehensive-a11y.spec.ts:103:6 › Keyboard Navigation Accessibility › should be navigable via keyboard on homepage (retry #1)
  -  3030 [mobile-chrome] › e2e/a11y/comprehensive-a11y.spec.ts:121:6 › Keyboard Navigation Accessibility › should have visible focus indicators (retry #1)
  -  3031 [mobile-chrome] › e2e/a11y/comprehensive-a11y.spec.ts:141:6 › ARIA Attributes Accessibility › should have appropriate ARIA landmarks (retry #1)
  -  3032 [mobile-chrome] › e2e/a11y/comprehensive-a11y.spec.ts:161:6 › ARIA Attributes Accessibility › should have accessible form labels (retry #1)
  -  3033 [mobile-chrome] › e2e/a11y/comprehensive-a11y.spec.ts:190:6 › Skip this test - just an example of how to skip tests › this test will be skipped (retry #1)
  ✘  3017 [mobile-chrome] › e2e/accessibility-admin-gaps.spec.ts:72:9 › Admin a11y: /en/admin/ai-generator › WCAG 2.1 AA — zero critical/serious violations (237ms)
  -  3034 [mobile-chrome] › e2e/accessibility-admin-gaps.spec.ts:72:9 › Admin a11y: /en/admin/analytics/seo › WCAG 2.1 AA — zero critical/serious violations
  -  3035 [mobile-chrome] › e2e/accessibility-admin-gaps.spec.ts:72:9 › Admin a11y: /en/admin/campaigns/meta › WCAG 2.1 AA — zero critical/serious violations
  -  3036 [mobile-chrome] › e2e/accessibility-admin-gaps.spec.ts:72:9 › Admin a11y: /en/admin/cms/case-studies › WCAG 2.1 AA — zero critical/serious violations
  -  3037 [mobile-chrome] › e2e/accessibility-admin-gaps.spec.ts:72:9 › Admin a11y: /en/admin/cms/faqs › WCAG 2.1 AA — zero critical/serious violations
  -  3038 [mobile-chrome] › e2e/accessibility-admin-gaps.spec.ts:72:9 › Admin a11y: /en/admin/cms/services › WCAG 2.1 AA — zero critical/serious violations
  -  3039 [mobile-chrome] › e2e/accessibility-admin-gaps.spec.ts:72:9 › Admin a11y: /en/admin/cms/testimonials › WCAG 2.1 AA — zero critical/serious violations
  -  3040 [mobile-chrome] › e2e/accessibility-admin-gaps.spec.ts:72:9 › Admin a11y: /en/admin/email/campaigns › WCAG 2.1 AA — zero critical/serious violations
  -  3041 [mobile-chrome] › e2e/accessibility-admin-gaps.spec.ts:72:9 › Admin a11y: /en/admin/leads › WCAG 2.1 AA — zero critical/serious violations
  ✘  3042 [mobile-chrome] › e2e/accessibility.spec.ts:47:9 › Accessibility: / › WCAG 2.1 AA — zero critical/serious violations (239ms)
  -  3044 [mobile-chrome] › e2e/accessibility.spec.ts:81:9 › Accessibility: / › page has a non-empty <title>
  -  3045 [mobile-chrome] › e2e/accessibility.spec.ts:92:9 › Accessibility: / › page has exactly one <h1>
  -  3046 [mobile-chrome] › e2e/accessibility.spec.ts:100:9 › Accessibility: / › all images have alt attribute
  -  3047 [mobile-chrome] › e2e/accessibility.spec.ts:118:9 › Accessibility: / › interactive elements are keyboard-focusable
  -  3048 [mobile-chrome] › e2e/accessibility.spec.ts:47:9 › Accessibility: /en › WCAG 2.1 AA — zero critical/serious violations
  -  3049 [mobile-chrome] › e2e/accessibility.spec.ts:81:9 › Accessibility: /en › page has a non-empty <title>
  -  3050 [mobile-chrome] › e2e/accessibility.spec.ts:92:9 › Accessibility: /en › page has exactly one <h1>
  -  3051 [mobile-chrome] › e2e/accessibility.spec.ts:100:9 › Accessibility: /en › all images have alt attribute
  -  3052 [mobile-chrome] › e2e/accessibility.spec.ts:118:9 › Accessibility: /en › interactive elements are keyboard-focusable
  -  3053 [mobile-chrome] › e2e/accessibility.spec.ts:47:9 › Accessibility: /en/store › WCAG 2.1 AA — zero critical/serious violations
  -  3054 [mobile-chrome] › e2e/accessibility.spec.ts:81:9 › Accessibility: /en/store › page has a non-empty <title>
  -  3055 [mobile-chrome] › e2e/accessibility.spec.ts:92:9 › Accessibility: /en/store › page has exactly one <h1>
  -  3056 [mobile-chrome] › e2e/accessibility.spec.ts:100:9 › Accessibility: /en/store › all images have alt attribute
  -  3057 [mobile-chrome] › e2e/accessibility.spec.ts:118:9 › Accessibility: /en/store › interactive elements are keyboard-focusable
  -  3058 [mobile-chrome] › e2e/accessibility.spec.ts:47:9 › Accessibility: /en/services › WCAG 2.1 AA — zero critical/serious violations
  -  3059 [mobile-chrome] › e2e/accessibility.spec.ts:81:9 › Accessibility: /en/services › page has a non-empty <title>
  -  3060 [mobile-chrome] › e2e/accessibility.spec.ts:92:9 › Accessibility: /en/services › page has exactly one <h1>
  -  3061 [mobile-chrome] › e2e/accessibility.spec.ts:100:9 › Accessibility: /en/services › all images have alt attribute
  -  3062 [mobile-chrome] › e2e/accessibility.spec.ts:118:9 › Accessibility: /en/services › interactive elements are keyboard-focusable
  -  3063 [mobile-chrome] › e2e/accessibility.spec.ts:47:9 › Accessibility: /en/blog › WCAG 2.1 AA — zero critical/serious violations
  -  3064 [mobile-chrome] › e2e/accessibility.spec.ts:81:9 › Accessibility: /en/blog › page has a non-empty <title>
  -  3065 [mobile-chrome] › e2e/accessibility.spec.ts:92:9 › Accessibility: /en/blog › page has exactly one <h1>
  -  3066 [mobile-chrome] › e2e/accessibility.spec.ts:100:9 › Accessibility: /en/blog › all images have alt attribute
  -  3067 [mobile-chrome] › e2e/accessibility.spec.ts:118:9 › Accessibility: /en/blog › interactive elements are keyboard-focusable
  -  3068 [mobile-chrome] › e2e/accessibility.spec.ts:47:9 › Accessibility: /en/contact › WCAG 2.1 AA — zero critical/serious violations
  -  3069 [mobile-chrome] › e2e/accessibility.spec.ts:81:9 › Accessibility: /en/contact › page has a non-empty <title>
  -  3070 [mobile-chrome] › e2e/accessibility.spec.ts:92:9 › Accessibility: /en/contact › page has exactly one <h1>
  -  3071 [mobile-chrome] › e2e/accessibility.spec.ts:100:9 › Accessibility: /en/contact › all images have alt attribute
  -  3072 [mobile-chrome] › e2e/accessibility.spec.ts:118:9 › Accessibility: /en/contact › interactive elements are keyboard-focusable
  -  3073 [mobile-chrome] › e2e/accessibility.spec.ts:47:9 › Accessibility: /en/privacy › WCAG 2.1 AA — zero critical/serious violations
  -  3074 [mobile-chrome] › e2e/accessibility.spec.ts:81:9 › Accessibility: /en/privacy › page has a non-empty <title>
  -  3075 [mobile-chrome] › e2e/accessibility.spec.ts:92:9 › Accessibility: /en/privacy › page has exactly one <h1>
  -  3076 [mobile-chrome] › e2e/accessibility.spec.ts:100:9 › Accessibility: /en/privacy › all images have alt attribute
  -  3077 [mobile-chrome] › e2e/accessibility.spec.ts:118:9 › Accessibility: /en/privacy › interactive elements are keyboard-focusable
  -  3078 [mobile-chrome] › e2e/accessibility.spec.ts:47:9 › Accessibility: /en/terms › WCAG 2.1 AA — zero critical/serious violations
  -  3079 [mobile-chrome] › e2e/accessibility.spec.ts:81:9 › Accessibility: /en/terms › page has a non-empty <title>
  -  3080 [mobile-chrome] › e2e/accessibility.spec.ts:92:9 › Accessibility: /en/terms › page has exactly one <h1>
  -  3081 [mobile-chrome] › e2e/accessibility.spec.ts:100:9 › Accessibility: /en/terms › all images have alt attribute
  -  3082 [mobile-chrome] › e2e/accessibility.spec.ts:118:9 › Accessibility: /en/terms › interactive elements are keyboard-focusable
  -  3083 [mobile-chrome] › e2e/accessibility.spec.ts:47:9 › Accessibility: /en/docs › WCAG 2.1 AA — zero critical/serious violations
  -  3084 [mobile-chrome] › e2e/accessibility.spec.ts:81:9 › Accessibility: /en/docs › page has a non-empty <title>
  -  3085 [mobile-chrome] › e2e/accessibility.spec.ts:92:9 › Accessibility: /en/docs › page has exactly one <h1>
  -  3086 [mobile-chrome] › e2e/accessibility.spec.ts:100:9 › Accessibility: /en/docs › all images have alt attribute
  -  3087 [mobile-chrome] › e2e/accessibility.spec.ts:118:9 › Accessibility: /en/docs › interactive elements are keyboard-focusable
  -  3088 [mobile-chrome] › e2e/accessibility.spec.ts:47:9 › Accessibility: /en/refund › WCAG 2.1 AA — zero critical/serious violations
  -  3089 [mobile-chrome] › e2e/accessibility.spec.ts:81:9 › Accessibility: /en/refund › page has a non-empty <title>
  -  3090 [mobile-chrome] › e2e/accessibility.spec.ts:92:9 › Accessibility: /en/refund › page has exactly one <h1>
  -  3091 [mobile-chrome] › e2e/accessibility.spec.ts:100:9 › Accessibility: /en/refund › all images have alt attribute
  -  3092 [mobile-chrome] › e2e/accessibility.spec.ts:118:9 › Accessibility: /en/refund › interactive elements are keyboard-focusable
  -  3093 [mobile-chrome] › e2e/accessibility.spec.ts:47:9 › Accessibility: /en/cookies › WCAG 2.1 AA — zero critical/serious violations
  -  3094 [mobile-chrome] › e2e/accessibility.spec.ts:81:9 › Accessibility: /en/cookies › page has a non-empty <title>
  -  3095 [mobile-chrome] › e2e/accessibility.spec.ts:92:9 › Accessibility: /en/cookies › page has exactly one <h1>
  -  3096 [mobile-chrome] › e2e/accessibility.spec.ts:100:9 › Accessibility: /en/cookies › all images have alt attribute
  -  3097 [mobile-chrome] › e2e/accessibility.spec.ts:118:9 › Accessibility: /en/cookies › interactive elements are keyboard-focusable
  -  3098 [mobile-chrome] › e2e/accessibility.spec.ts:47:9 › Accessibility: /en/work › WCAG 2.1 AA — zero critical/serious violations
  -  3099 [mobile-chrome] › e2e/accessibility.spec.ts:81:9 › Accessibility: /en/work › page has a non-empty <title>
  -  3100 [mobile-chrome] › e2e/accessibility.spec.ts:92:9 › Accessibility: /en/work › page has exactly one <h1>
  -  3101 [mobile-chrome] › e2e/accessibility.spec.ts:100:9 › Accessibility: /en/work › all images have alt attribute
  -  3102 [mobile-chrome] › e2e/accessibility.spec.ts:118:9 › Accessibility: /en/work › interactive elements are keyboard-focusable
  -  3103 [mobile-chrome] › e2e/accessibility.spec.ts:47:9 › Accessibility: /en/case-studies › WCAG 2.1 AA — zero critical/serious violations
  -  3104 [mobile-chrome] › e2e/accessibility.spec.ts:81:9 › Accessibility: /en/case-studies › page has a non-empty <title>
  -  3105 [mobile-chrome] › e2e/accessibility.spec.ts:92:9 › Accessibility: /en/case-studies › page has exactly one <h1>
  -  3106 [mobile-chrome] › e2e/accessibility.spec.ts:100:9 › Accessibility: /en/case-studies › all images have alt attribute
  -  3107 [mobile-chrome] › e2e/accessibility.spec.ts:118:9 › Accessibility: /en/case-studies › interactive elements are keyboard-focusable
  ✘  3043 [mobile-chrome] › e2e/accessibility-admin-gaps.spec.ts:72:9 › Admin a11y: /en/admin/ai-generator › WCAG 2.1 AA — zero critical/serious violations (retry #1) (250ms)
  -  3108 [mobile-chrome] › e2e/accessibility-admin-gaps.spec.ts:72:9 › Admin a11y: /en/admin/analytics/seo › WCAG 2.1 AA — zero critical/serious violations (retry #1)
  -  3109 [mobile-chrome] › e2e/accessibility-admin-gaps.spec.ts:72:9 › Admin a11y: /en/admin/campaigns/meta › WCAG 2.1 AA — zero critical/serious violations (retry #1)
  -  3110 [mobile-chrome] › e2e/accessibility-admin-gaps.spec.ts:72:9 › Admin a11y: /en/admin/cms/case-studies › WCAG 2.1 AA — zero critical/serious violations (retry #1)
  -  3111 [mobile-chrome] › e2e/accessibility-admin-gaps.spec.ts:72:9 › Admin a11y: /en/admin/cms/faqs › WCAG 2.1 AA — zero critical/serious violations (retry #1)
  -  3112 [mobile-chrome] › e2e/accessibility-admin-gaps.spec.ts:72:9 › Admin a11y: /en/admin/cms/services › WCAG 2.1 AA — zero critical/serious violations (retry #1)
  -  3113 [mobile-chrome] › e2e/accessibility-admin-gaps.spec.ts:72:9 › Admin a11y: /en/admin/cms/testimonials › WCAG 2.1 AA — zero critical/serious violations (retry #1)
  -  3114 [mobile-chrome] › e2e/accessibility-admin-gaps.spec.ts:72:9 › Admin a11y: /en/admin/email/campaigns › WCAG 2.1 AA — zero critical/serious violations (retry #1)
  -  3115 [mobile-chrome] › e2e/accessibility-admin-gaps.spec.ts:72:9 › Admin a11y: /en/admin/leads › WCAG 2.1 AA — zero critical/serious violations (retry #1)
  ✘  3116 [mobile-chrome] › e2e/accessibility.spec.ts:47:9 › Accessibility: / › WCAG 2.1 AA — zero critical/serious violations (retry #1) (256ms)
  -  3117 [mobile-chrome] › e2e/accessibility.spec.ts:81:9 › Accessibility: / › page has a non-empty <title> (retry #1)
  -  3118 [mobile-chrome] › e2e/accessibility.spec.ts:92:9 › Accessibility: / › page has exactly one <h1> (retry #1)
  -  3119 [mobile-chrome] › e2e/accessibility.spec.ts:100:9 › Accessibility: / › all images have alt attribute (retry #1)
  -  3120 [mobile-chrome] › e2e/accessibility.spec.ts:118:9 › Accessibility: / › interactive elements are keyboard-focusable (retry #1)
  -  3121 [mobile-chrome] › e2e/accessibility.spec.ts:47:9 › Accessibility: /en › WCAG 2.1 AA — zero critical/serious violations (retry #1)
  -  3122 [mobile-chrome] › e2e/accessibility.spec.ts:81:9 › Accessibility: /en › page has a non-empty <title> (retry #1)
  -  3123 [mobile-chrome] › e2e/accessibility.spec.ts:92:9 › Accessibility: /en › page has exactly one <h1> (retry #1)
  -  3124 [mobile-chrome] › e2e/accessibility.spec.ts:100:9 › Accessibility: /en › all images have alt attribute (retry #1)
  -  3125 [mobile-chrome] › e2e/accessibility.spec.ts:118:9 › Accessibility: /en › interactive elements are keyboard-focusable (retry #1)
  -  3126 [mobile-chrome] › e2e/accessibility.spec.ts:47:9 › Accessibility: /en/store › WCAG 2.1 AA — zero critical/serious violations (retry #1)
  -  3127 [mobile-chrome] › e2e/accessibility.spec.ts:81:9 › Accessibility: /en/store › page has a non-empty <title> (retry #1)
  -  3128 [mobile-chrome] › e2e/accessibility.spec.ts:92:9 › Accessibility: /en/store › page has exactly one <h1> (retry #1)
  -  3129 [mobile-chrome] › e2e/accessibility.spec.ts:100:9 › Accessibility: /en/store › all images have alt attribute (retry #1)
  -  3130 [mobile-chrome] › e2e/accessibility.spec.ts:118:9 › Accessibility: /en/store › interactive elements are keyboard-focusable (retry #1)
  -  3131 [mobile-chrome] › e2e/accessibility.spec.ts:47:9 › Accessibility: /en/services › WCAG 2.1 AA — zero critical/serious violations (retry #1)
  -  3132 [mobile-chrome] › e2e/accessibility.spec.ts:81:9 › Accessibility: /en/services › page has a non-empty <title> (retry #1)
  -  3133 [mobile-chrome] › e2e/accessibility.spec.ts:92:9 › Accessibility: /en/services › page has exactly one <h1> (retry #1)
  -  3134 [mobile-chrome] › e2e/accessibility.spec.ts:100:9 › Accessibility: /en/services › all images have alt attribute (retry #1)
  -  3135 [mobile-chrome] › e2e/accessibility.spec.ts:118:9 › Accessibility: /en/services › interactive elements are keyboard-focusable (retry #1)
  -  3136 [mobile-chrome] › e2e/accessibility.spec.ts:47:9 › Accessibility: /en/blog › WCAG 2.1 AA — zero critical/serious violations (retry #1)
  -  3137 [mobile-chrome] › e2e/accessibility.spec.ts:81:9 › Accessibility: /en/blog › page has a non-empty <title> (retry #1)
  -  3138 [mobile-chrome] › e2e/accessibility.spec.ts:92:9 › Accessibility: /en/blog › page has exactly one <h1> (retry #1)
  -  3139 [mobile-chrome] › e2e/accessibility.spec.ts:100:9 › Accessibility: /en/blog › all images have alt attribute (retry #1)
  -  3140 [mobile-chrome] › e2e/accessibility.spec.ts:118:9 › Accessibility: /en/blog › interactive elements are keyboard-focusable (retry #1)
  -  3141 [mobile-chrome] › e2e/accessibility.spec.ts:47:9 › Accessibility: /en/contact › WCAG 2.1 AA — zero critical/serious violations (retry #1)
  -  3142 [mobile-chrome] › e2e/accessibility.spec.ts:81:9 › Accessibility: /en/contact › page has a non-empty <title> (retry #1)
  -  3143 [mobile-chrome] › e2e/accessibility.spec.ts:92:9 › Accessibility: /en/contact › page has exactly one <h1> (retry #1)
  -  3144 [mobile-chrome] › e2e/accessibility.spec.ts:100:9 › Accessibility: /en/contact › all images have alt attribute (retry #1)
  -  3145 [mobile-chrome] › e2e/accessibility.spec.ts:118:9 › Accessibility: /en/contact › interactive elements are keyboard-focusable (retry #1)
  -  3146 [mobile-chrome] › e2e/accessibility.spec.ts:47:9 › Accessibility: /en/privacy › WCAG 2.1 AA — zero critical/serious violations (retry #1)
  -  3147 [mobile-chrome] › e2e/accessibility.spec.ts:81:9 › Accessibility: /en/privacy › page has a non-empty <title> (retry #1)
  -  3148 [mobile-chrome] › e2e/accessibility.spec.ts:92:9 › Accessibility: /en/privacy › page has exactly one <h1> (retry #1)
  -  3149 [mobile-chrome] › e2e/accessibility.spec.ts:100:9 › Accessibility: /en/privacy › all images have alt attribute (retry #1)
  -  3150 [mobile-chrome] › e2e/accessibility.spec.ts:118:9 › Accessibility: /en/privacy › interactive elements are keyboard-focusable (retry #1)
  -  3151 [mobile-chrome] › e2e/accessibility.spec.ts:47:9 › Accessibility: /en/terms › WCAG 2.1 AA — zero critical/serious violations (retry #1)
  -  3152 [mobile-chrome] › e2e/accessibility.spec.ts:81:9 › Accessibility: /en/terms › page has a non-empty <title> (retry #1)
  -  3153 [mobile-chrome] › e2e/accessibility.spec.ts:92:9 › Accessibility: /en/terms › page has exactly one <h1> (retry #1)
  -  3154 [mobile-chrome] › e2e/accessibility.spec.ts:100:9 › Accessibility: /en/terms › all images have alt attribute (retry #1)
  -  3155 [mobile-chrome] › e2e/accessibility.spec.ts:118:9 › Accessibility: /en/terms › interactive elements are keyboard-focusable (retry #1)
  -  3156 [mobile-chrome] › e2e/accessibility.spec.ts:47:9 › Accessibility: /en/docs › WCAG 2.1 AA — zero critical/serious violations (retry #1)
  -  3157 [mobile-chrome] › e2e/accessibility.spec.ts:81:9 › Accessibility: /en/docs › page has a non-empty <title> (retry #1)
  -  3158 [mobile-chrome] › e2e/accessibility.spec.ts:92:9 › Accessibility: /en/docs › page has exactly one <h1> (retry #1)
  -  3159 [mobile-chrome] › e2e/accessibility.spec.ts:100:9 › Accessibility: /en/docs › all images have alt attribute (retry #1)
  -  3160 [mobile-chrome] › e2e/accessibility.spec.ts:118:9 › Accessibility: /en/docs › interactive elements are keyboard-focusable (retry #1)
  -  3161 [mobile-chrome] › e2e/accessibility.spec.ts:47:9 › Accessibility: /en/refund › WCAG 2.1 AA — zero critical/serious violations (retry #1)
  -  3162 [mobile-chrome] › e2e/accessibility.spec.ts:81:9 › Accessibility: /en/refund › page has a non-empty <title> (retry #1)
  -  3163 [mobile-chrome] › e2e/accessibility.spec.ts:92:9 › Accessibility: /en/refund › page has exactly one <h1> (retry #1)
  -  3164 [mobile-chrome] › e2e/accessibility.spec.ts:100:9 › Accessibility: /en/refund › all images have alt attribute (retry #1)
  -  3165 [mobile-chrome] › e2e/accessibility.spec.ts:118:9 › Accessibility: /en/refund › interactive elements are keyboard-focusable (retry #1)
  -  3166 [mobile-chrome] › e2e/accessibility.spec.ts:47:9 › Accessibility: /en/cookies › WCAG 2.1 AA — zero critical/serious violations (retry #1)
  -  3167 [mobile-chrome] › e2e/accessibility.spec.ts:81:9 › Accessibility: /en/cookies › page has a non-empty <title> (retry #1)
  -  3168 [mobile-chrome] › e2e/accessibility.spec.ts:92:9 › Accessibility: /en/cookies › page has exactly one <h1> (retry #1)
  -  3169 [mobile-chrome] › e2e/accessibility.spec.ts:100:9 › Accessibility: /en/cookies › all images have alt attribute (retry #1)
  -  3170 [mobile-chrome] › e2e/accessibility.spec.ts:118:9 › Accessibility: /en/cookies › interactive elements are keyboard-focusable (retry #1)
  -  3171 [mobile-chrome] › e2e/accessibility.spec.ts:47:9 › Accessibility: /en/work › WCAG 2.1 AA — zero critical/serious violations (retry #1)
  -  3172 [mobile-chrome] › e2e/accessibility.spec.ts:81:9 › Accessibility: /en/work › page has a non-empty <title> (retry #1)
  -  3173 [mobile-chrome] › e2e/accessibility.spec.ts:92:9 › Accessibility: /en/work › page has exactly one <h1> (retry #1)
  -  3174 [mobile-chrome] › e2e/accessibility.spec.ts:100:9 › Accessibility: /en/work › all images have alt attribute (retry #1)
  -  3175 [mobile-chrome] › e2e/accessibility.spec.ts:118:9 › Accessibility: /en/work › interactive elements are keyboard-focusable (retry #1)
  -  3176 [mobile-chrome] › e2e/accessibility.spec.ts:47:9 › Accessibility: /en/case-studies › WCAG 2.1 AA — zero critical/serious violations (retry #1)
  -  3177 [mobile-chrome] › e2e/accessibility.spec.ts:81:9 › Accessibility: /en/case-studies › page has a non-empty <title> (retry #1)
  -  3178 [mobile-chrome] › e2e/accessibility.spec.ts:92:9 › Accessibility: /en/case-studies › page has exactly one <h1> (retry #1)
  -  3179 [mobile-chrome] › e2e/accessibility.spec.ts:100:9 › Accessibility: /en/case-studies › all images have alt attribute (retry #1)
  -  3180 [mobile-chrome] › e2e/accessibility.spec.ts:118:9 › Accessibility: /en/case-studies › interactive elements are keyboard-focusable (retry #1)
  ✘  3181 [mobile-chrome] › e2e/admin-api-deep.spec.mts:37:5 › Admin APIs unauthenticated › unauth GET /api/admin/ab-tests — returns 401/403/404 (550ms)
  ✘  3182 [mobile-chrome] › e2e/admin-api-deep.spec.mts:37:5 › Admin APIs unauthenticated › unauth GET /api/admin/ai/analytics-orchestration — returns 401/403/404 (527ms)
  ✘  3183 [mobile-chrome] › e2e/admin-api-deep.spec.mts:37:5 › Admin APIs unauthenticated › unauth GET /api/admin/ab-tests — returns 401/403/404 (retry #1) (558ms)
  ✘  3184 [mobile-chrome] › e2e/admin-api-deep.spec.mts:37:5 › Admin APIs unauthenticated › unauth GET /api/admin/ai/analytics-orchestration — returns 401/403/404 (retry #1) (590ms)
  ✘  3185 [mobile-chrome] › e2e/admin-api-deep.spec.mts:37:5 › Admin APIs unauthenticated › unauth GET /api/admin/ai/analytics-orchestration/pdf — returns 401/403/404 (553ms)
  ✘  3186 [mobile-chrome] › e2e/admin-api-deep.spec.mts:37:5 › Admin APIs unauthenticated › unauth GET /api/admin/ai/audience — returns 401/403/404 (549ms)
  ✘  3187 [mobile-chrome] › e2e/admin-api-deep.spec.mts:37:5 › Admin APIs unauthenticated › unauth GET /api/admin/ai/analytics-orchestration/pdf — returns 401/403/404 (retry #1) (602ms)
  ✘  3188 [mobile-chrome] › e2e/admin-api-deep.spec.mts:37:5 › Admin APIs unauthenticated › unauth GET /api/admin/ai/audience — returns 401/403/404 (retry #1) (558ms)
  ✘  3189 [mobile-chrome] › e2e/admin-api-deep.spec.mts:37:5 › Admin APIs unauthenticated › unauth GET /api/admin/ai/generate — returns 401/403/404 (533ms)
  ✘  3190 [mobile-chrome] › e2e/admin-api-deep.spec.mts:37:5 › Admin APIs unauthenticated › unauth GET /api/admin/ai/campaign — returns 401/403/404 (547ms)
  ✘  3191 [mobile-chrome] › e2e/admin-api-deep.spec.mts:37:5 › Admin APIs unauthenticated › unauth GET /api/admin/ai/generate — returns 401/403/404 (retry #1) (556ms)
  ✘  3192 [mobile-chrome] › e2e/admin-api-deep.spec.mts:37:5 › Admin APIs unauthenticated › unauth GET /api/admin/ai/campaign — returns 401/403/404 (retry #1) (546ms)
  ✘  3193 [mobile-chrome] › e2e/admin-api-deep.spec.mts:37:5 › Admin APIs unauthenticated › unauth GET /api/admin/ai/copy — returns 401/403/404 (548ms)
  ✘  3194 [mobile-chrome] › e2e/admin-api-deep.spec.mts:37:5 › Admin APIs unauthenticated › unauth GET /api/admin/ai/report-insights — returns 401/403/404 (529ms)
  ✘  3195 [mobile-chrome] › e2e/admin-api-deep.spec.mts:37:5 › Admin APIs unauthenticated › unauth GET /api/admin/ai/copy — returns 401/403/404 (retry #1) (554ms)
  ✘  3196 [mobile-chrome] › e2e/admin-api-deep.spec.mts:37:5 › Admin APIs unauthenticated › unauth GET /api/admin/ai/report-insights — returns 401/403/404 (retry #1) (557ms)
  ✘  3197 [mobile-chrome] › e2e/admin-api-deep.spec.mts:37:5 › Admin APIs unauthenticated › unauth GET /api/admin/analytics/countries — returns 401/403/404 (547ms)
  ✘  3198 [mobile-chrome] › e2e/admin-api-deep.spec.mts:37:5 › Admin APIs unauthenticated › unauth GET /api/admin/analytics/ctr-opportunities — returns 401/403/404 (547ms)
  ✘  3199 [mobile-chrome] › e2e/admin-api-deep.spec.mts:37:5 › Admin APIs unauthenticated › unauth GET /api/admin/analytics/countries — returns 401/403/404 (retry #1) (572ms)
  ✘  3200 [mobile-chrome] › e2e/admin-api-deep.spec.mts:37:5 › Admin APIs unauthenticated › unauth GET /api/admin/analytics/ctr-opportunities — returns 401/403/404 (retry #1) (550ms)
  ✘  3201 [mobile-chrome] › e2e/admin-api-deep.spec.mts:37:5 › Admin APIs unauthenticated › unauth GET /api/admin/analytics/devices — returns 401/403/404 (547ms)
  ✘  3202 [mobile-chrome] › e2e/admin-api-deep.spec.mts:37:5 › Admin APIs unauthenticated › unauth GET /api/admin/analytics/history — returns 401/403/404 (533ms)
  ✘  3203 [mobile-chrome] › e2e/admin-api-deep.spec.mts:37:5 › Admin APIs unauthenticated › unauth GET /api/admin/analytics/devices — returns 401/403/404 (retry #1) (560ms)
  ✘  3204 [mobile-chrome] › e2e/admin-api-deep.spec.mts:37:5 › Admin APIs unauthenticated › unauth GET /api/admin/analytics/history — returns 401/403/404 (retry #1) (540ms)
  ✘  3205 [mobile-chrome] › e2e/admin-api-deep.spec.mts:37:5 › Admin APIs unauthenticated › unauth GET /api/admin/analytics/keywords — returns 401/403/404 (547ms)
  ✘  3206 [mobile-chrome] › e2e/admin-api-deep.spec.mts:37:5 › Admin APIs unauthenticated › unauth GET /api/admin/analytics/pages — returns 401/403/404 (532ms)
  ✘  3207 [mobile-chrome] › e2e/admin-api-deep.spec.mts:37:5 › Admin APIs unauthenticated › unauth GET /api/admin/analytics/keywords — returns 401/403/404 (retry #1) (585ms)
  ✘  3208 [mobile-chrome] › e2e/admin-api-deep.spec.mts:37:5 › Admin APIs unauthenticated › unauth GET /api/admin/analytics/pages — returns 401/403/404 (retry #1) (549ms)
  ✘  3209 [mobile-chrome] › e2e/admin-api-deep.spec.mts:37:5 › Admin APIs unauthenticated › unauth GET /api/admin/analytics/products — returns 401/403/404 (555ms)
  ✘  3210 [mobile-chrome] › e2e/admin-api-deep.spec.mts:37:5 › Admin APIs unauthenticated › unauth GET /api/admin/analytics/query-pages — returns 401/403/404 (533ms)
  ✘  3211 [mobile-chrome] › e2e/admin-api-deep.spec.mts:37:5 › Admin APIs unauthenticated › unauth GET /api/admin/analytics/products — returns 401/403/404 (retry #1) (549ms)
  ✘  3212 [mobile-chrome] › e2e/admin-api-deep.spec.mts:37:5 › Admin APIs unauthenticated › unauth GET /api/admin/analytics/query-pages — returns 401/403/404 (retry #1) (586ms)
  ✘  3213 [mobile-chrome] › e2e/admin-api-deep.spec.mts:37:5 › Admin APIs unauthenticated › unauth GET /api/admin/analytics/search-intent — returns 401/403/404 (540ms)
  ✘  3214 [mobile-chrome] › e2e/admin-api-deep.spec.mts:37:5 › Admin APIs unauthenticated › unauth GET /api/admin/analytics/seo — returns 401/403/404 (528ms)
  ✘  3215 [mobile-chrome] › e2e/admin-api-deep.spec.mts:37:5 › Admin APIs unauthenticated › unauth GET /api/admin/analytics/search-intent — returns 401/403/404 (retry #1) (557ms)
  ✘  3216 [mobile-chrome] › e2e/admin-api-deep.spec.mts:37:5 › Admin APIs unauthenticated › unauth GET /api/admin/analytics/seo — returns 401/403/404 (retry #1) (575ms)
  ✘  3217 [mobile-chrome] › e2e/admin-api-deep.spec.mts:37:5 › Admin APIs unauthenticated › unauth GET /api/admin/analytics/unified — returns 401/403/404 (552ms)
  ✘  3218 [mobile-chrome] › e2e/admin-api-deep.spec.mts:37:5 › Admin APIs unauthenticated › unauth GET /api/admin/analytics/web — returns 401/403/404 (545ms)
  ✘  3219 [mobile-chrome] › e2e/admin-api-deep.spec.mts:37:5 › Admin APIs unauthenticated › unauth GET /api/admin/analytics/unified — returns 401/403/404 (retry #1) (558ms)
  ✘  3220 [mobile-chrome] › e2e/admin-api-deep.spec.mts:37:5 › Admin APIs unauthenticated › unauth GET /api/admin/analytics/web — returns 401/403/404 (retry #1) (553ms)
  ✘  3221 [mobile-chrome] › e2e/admin-api-deep.spec.mts:37:5 › Admin APIs unauthenticated › unauth GET /api/admin/cache — returns 401/403/404 (534ms)
  ✘  3222 [mobile-chrome] › e2e/admin-api-deep.spec.mts:37:5 › Admin APIs unauthenticated › unauth GET /api/admin/calendar — returns 401/403/404 (544ms)
  ✘  3223 [mobile-chrome] › e2e/admin-api-deep.spec.mts:37:5 › Admin APIs unauthenticated › unauth GET /api/admin/cache — returns 401/403/404 (retry #1) (565ms)
  ✘  3224 [mobile-chrome] › e2e/admin-api-deep.spec.mts:37:5 › Admin APIs unauthenticated › unauth GET /api/admin/calendar — returns 401/403/404 (retry #1) (561ms)
  ✘  3225 [mobile-chrome] › e2e/admin-api-deep.spec.mts:37:5 › Admin APIs unauthenticated › unauth GET /api/admin/calendar/create — returns 401/403/404 (563ms)
  ✘  3226 [mobile-chrome] › e2e/admin-api-deep.spec.mts:37:5 › Admin APIs unauthenticated › unauth GET /api/admin/campaigns/google — returns 401/403/404 (540ms)
  ✘  3227 [mobile-chrome] › e2e/admin-api-deep.spec.mts:37:5 › Admin APIs unauthenticated › unauth GET /api/admin/calendar/create — returns 401/403/404 (retry #1) (551ms)
  ✘  3228 [mobile-chrome] › e2e/admin-api-deep.spec.mts:37:5 › Admin APIs unauthenticated › unauth GET /api/admin/campaigns/google — returns 401/403/404 (retry #1) (565ms)
  ✘  3229 [mobile-chrome] › e2e/admin-api-deep.spec.mts:37:5 › Admin APIs unauthenticated › unauth GET /api/admin/campaigns/google/insights — returns 401/403/404 (559ms)
  ✘  3230 [mobile-chrome] › e2e/admin-api-deep.spec.mts:37:5 › Admin APIs unauthenticated › unauth GET /api/admin/campaigns/linkedin — returns 401/403/404 (528ms)
  ✘  3231 [mobile-chrome] › e2e/admin-api-deep.spec.mts:37:5 › Admin APIs unauthenticated › unauth GET /api/admin/campaigns/google/insights — returns 401/403/404 (retry #1) (564ms)
  ✘  3232 [mobile-chrome] › e2e/admin-api-deep.spec.mts:37:5 › Admin APIs unauthenticated › unauth GET /api/admin/campaigns/linkedin — returns 401/403/404 (retry #1) (568ms)
  ✘  3233 [mobile-chrome] › e2e/admin-api-deep.spec.mts:37:5 › Admin APIs unauthenticated › unauth GET /api/admin/campaigns/linkedin/insights — returns 401/403/404 (528ms)
  ✘  3234 [mobile-chrome] › e2e/admin-api-deep.spec.mts:37:5 › Admin APIs unauthenticated › unauth GET /api/admin/campaigns/tiktok — returns 401/403/404 (541ms)
  ✘  3235 [mobile-chrome] › e2e/admin-api-deep.spec.mts:37:5 › Admin APIs unauthenticated › unauth GET /api/admin/campaigns/linkedin/insights — returns 401/403/404 (retry #1) (569ms)
  ✘  3236 [mobile-chrome] › e2e/admin-api-deep.spec.mts:37:5 › Admin APIs unauthenticated › unauth GET /api/admin/campaigns/tiktok — returns 401/403/404 (retry #1) (575ms)
  ✘  3237 [mobile-chrome] › e2e/admin-api-deep.spec.mts:37:5 › Admin APIs unauthenticated › unauth GET /api/admin/campaigns/tiktok/insights — returns 401/403/404 (538ms)
  ✘  3238 [mobile-chrome] › e2e/admin-api-deep.spec.mts:37:5 › Admin APIs unauthenticated › unauth GET /api/admin/campaigns/x — returns 401/403/404 (566ms)
  ✘  3239 [mobile-chrome] › e2e/admin-api-deep.spec.mts:37:5 › Admin APIs unauthenticated › unauth GET /api/admin/campaigns/tiktok/insights — returns 401/403/404 (retry #1) (568ms)
  ✘  3240 [mobile-chrome] › e2e/admin-api-deep.spec.mts:37:5 › Admin APIs unauthenticated › unauth GET /api/admin/campaigns/x — returns 401/403/404 (retry #1) (551ms)
  ✘  3241 [mobile-chrome] › e2e/admin-api-deep.spec.mts:37:5 › Admin APIs unauthenticated › unauth GET /api/admin/campaigns/x/insights — returns 401/403/404 (549ms)
  ✘  3242 [mobile-chrome] › e2e/admin-api-deep.spec.mts:37:5 › Admin APIs unauthenticated › unauth GET /api/admin/client-portals — returns 401/403/404 (545ms)
  ✘  3243 [mobile-chrome] › e2e/admin-api-deep.spec.mts:37:5 › Admin APIs unauthenticated › unauth GET /api/admin/campaigns/x/insights — returns 401/403/404 (retry #1) (562ms)
  ✘  3244 [mobile-chrome] › e2e/admin-api-deep.spec.mts:37:5 › Admin APIs unauthenticated › unauth GET /api/admin/client-portals — returns 401/403/404 (retry #1) (565ms)
  ✘  3245 [mobile-chrome] › e2e/admin-api-deep.spec.mts:37:5 › Admin APIs unauthenticated › unauth GET /api/admin/crm/companies — returns 401/403/404 (530ms)
  ✘  3246 [mobile-chrome] › e2e/admin-api-deep.spec.mts:37:5 › Admin APIs unauthenticated › unauth GET /api/admin/crm/contacts — returns 401/403/404 (531ms)
  ✘  3247 [mobile-chrome] › e2e/admin-api-deep.spec.mts:37:5 › Admin APIs unauthenticated › unauth GET /api/admin/crm/companies — returns 401/403/404 (retry #1) (558ms)
  ✘  3248 [mobile-chrome] › e2e/admin-api-deep.spec.mts:37:5 › Admin APIs unauthenticated › unauth GET /api/admin/crm/contacts — returns 401/403/404 (retry #1) (565ms)
  ✘  3249 [mobile-chrome] › e2e/admin-api-deep.spec.mts:37:5 › Admin APIs unauthenticated › unauth GET /api/admin/crm/deals — returns 401/403/404 (582ms)
  ✘  3250 [mobile-chrome] › e2e/admin-api-deep.spec.mts:37:5 › Admin APIs unauthenticated › unauth GET /api/admin/crm/owners — returns 401/403/404 (530ms)
  ✘  3251 [mobile-chrome] › e2e/admin-api-deep.spec.mts:37:5 › Admin APIs unauthenticated › unauth GET /api/admin/crm/deals — returns 401/403/404 (retry #1) (569ms)
  ✘  3252 [mobile-chrome] › e2e/admin-api-deep.spec.mts:37:5 › Admin APIs unauthenticated › unauth GET /api/admin/crm/owners — returns 401/403/404 (retry #1) (562ms)
  ✘  3253 [mobile-chrome] › e2e/admin-api-deep.spec.mts:37:5 › Admin APIs unauthenticated › unauth GET /api/admin/crm/pipelines — returns 401/403/404 (533ms)
  ✘  3254 [mobile-chrome] › e2e/admin-api-deep.spec.mts:37:5 › Admin APIs unauthenticated › unauth GET /api/admin/crm/tickets — returns 401/403/404 (523ms)
  ✘  3255 [mobile-chrome] › e2e/admin-api-deep.spec.mts:37:5 › Admin APIs unauthenticated › unauth GET /api/admin/crm/pipelines — returns 401/403/404 (retry #1) (573ms)
  ✘  3256 [mobile-chrome] › e2e/admin-api-deep.spec.mts:37:5 › Admin APIs unauthenticated › unauth GET /api/admin/crm/tickets — returns 401/403/404 (retry #1) (545ms)
  ✘  3257 [mobile-chrome] › e2e/admin-api-deep.spec.mts:37:5 › Admin APIs unauthenticated › unauth GET /api/admin/email/automations — returns 401/403/404 (527ms)
  ✘  3258 [mobile-chrome] › e2e/admin-api-deep.spec.mts:37:5 › Admin APIs unauthenticated › unauth GET /api/admin/email/campaigns — returns 401/403/404 (531ms)
  ✘  3259 [mobile-chrome] › e2e/admin-api-deep.spec.mts:37:5 › Admin APIs unauthenticated › unauth GET /api/admin/email/automations — returns 401/403/404 (retry #1) (564ms)
  ✘  3260 [mobile-chrome] › e2e/admin-api-deep.spec.mts:37:5 › Admin APIs unauthenticated › unauth GET /api/admin/email/campaigns — returns 401/403/404 (retry #1) (563ms)
  ✘  3261 [mobile-chrome] › e2e/admin-api-deep.spec.mts:37:5 › Admin APIs unauthenticated › unauth GET /api/admin/email/contacts — returns 401/403/404 (539ms)
  ✘  3262 [mobile-chrome] › e2e/admin-api-deep.spec.mts:37:5 › Admin APIs unauthenticated › unauth GET /api/admin/email/lists — returns 401/403/404 (540ms)
  ✘  3263 [mobile-chrome] › e2e/admin-api-deep.spec.mts:37:5 › Admin APIs unauthenticated › unauth GET /api/admin/email/contacts — returns 401/403/404 (retry #1) (589ms)
  ✘  3264 [mobile-chrome] › e2e/admin-api-deep.spec.mts:37:5 › Admin APIs unauthenticated › unauth GET /api/admin/email/lists — returns 401/403/404 (retry #1) (570ms)
  ✘  3265 [mobile-chrome] › e2e/admin-api-deep.spec.mts:37:5 › Admin APIs unauthenticated › unauth GET /api/admin/email/stats — returns 401/403/404 (537ms)
  ✘  3266 [mobile-chrome] › e2e/admin-api-deep.spec.mts:37:5 › Admin APIs unauthenticated › unauth GET /api/admin/esp32 — returns 401/403/404 (541ms)
  ✘  3267 [mobile-chrome] › e2e/admin-api-deep.spec.mts:37:5 › Admin APIs unauthenticated › unauth GET /api/admin/email/stats — returns 401/403/404 (retry #1) (598ms)
  ✘  3268 [mobile-chrome] › e2e/admin-api-deep.spec.mts:37:5 › Admin APIs unauthenticated › unauth GET /api/admin/esp32 — returns 401/403/404 (retry #1) (556ms)
  ✘  3269 [mobile-chrome] › e2e/admin-api-deep.spec.mts:37:5 › Admin APIs unauthenticated › unauth GET /api/admin/esp32/notion-sync — returns 401/403/404 (545ms)
  ✘  3270 [mobile-chrome] › e2e/admin-api-deep.spec.mts:37:5 › Admin APIs unauthenticated › unauth GET /api/admin/integrations/status — returns 401/403/404 (517ms)
  ✘  3271 [mobile-chrome] › e2e/admin-api-deep.spec.mts:37:5 › Admin APIs unauthenticated › unauth GET /api/admin/esp32/notion-sync — returns 401/403/404 (retry #1) (568ms)
  ✘  3272 [mobile-chrome] › e2e/admin-api-deep.spec.mts:37:5 › Admin APIs unauthenticated › unauth GET /api/admin/integrations/status — returns 401/403/404 (retry #1) (589ms)
  ✘  3273 [mobile-chrome] › e2e/admin-api-deep.spec.mts:37:5 › Admin APIs unauthenticated › unauth GET /api/admin/kpi — returns 401/403/404 (535ms)
  ✘  3274 [mobile-chrome] › e2e/admin-api-deep.spec.mts:37:5 › Admin APIs unauthenticated › unauth GET /api/admin/notifications — returns 401/403/404 (543ms)
  ✘  3275 [mobile-chrome] › e2e/admin-api-deep.spec.mts:37:5 › Admin APIs unauthenticated › unauth GET /api/admin/kpi — returns 401/403/404 (retry #1) (560ms)
  ✘  3276 [mobile-chrome] › e2e/admin-api-deep.spec.mts:37:5 › Admin APIs unauthenticated › unauth GET /api/admin/notifications — returns 401/403/404 (retry #1) (543ms)
  ✘  3277 [mobile-chrome] › e2e/admin-api-deep.spec.mts:37:5 › Admin APIs unauthenticated › unauth GET /api/admin/notifications/test — returns 401/403/404 (546ms)
  ✘  3278 [mobile-chrome] › e2e/admin-api-deep.spec.mts:37:5 › Admin APIs unauthenticated › unauth GET /api/admin/notion/analytics — returns 401/403/404 (544ms)
  ✘  3279 [mobile-chrome] › e2e/admin-api-deep.spec.mts:37:5 › Admin APIs unauthenticated › unauth GET /api/admin/notifications/test — returns 401/403/404 (retry #1) (544ms)
  ✘  3280 [mobile-chrome] › e2e/admin-api-deep.spec.mts:37:5 › Admin APIs unauthenticated › unauth GET /api/admin/notion/analytics — returns 401/403/404 (retry #1) (572ms)
  ✘  3281 [mobile-chrome] › e2e/admin-api-deep.spec.mts:37:5 › Admin APIs unauthenticated › unauth GET /api/admin/notion/blog — returns 401/403/404 (549ms)
  ✘  3282 [mobile-chrome] › e2e/admin-api-deep.spec.mts:37:5 › Admin APIs unauthenticated › unauth GET /api/admin/notion/comments — returns 401/403/404 (554ms)
  ✘  3283 [mobile-chrome] › e2e/admin-api-deep.spec.mts:37:5 › Admin APIs unauthenticated › unauth GET /api/admin/notion/blog — returns 401/403/404 (retry #1) (590ms)
  ✘  3284 [mobile-chrome] › e2e/admin-api-deep.spec.mts:37:5 › Admin APIs unauthenticated › unauth GET /api/admin/notion/comments — returns 401/403/404 (retry #1) (566ms)
  ✘  3285 [mobile-chrome] › e2e/admin-api-deep.spec.mts:37:5 › Admin APIs unauthenticated › unauth GET /api/admin/notion/docs — returns 401/403/404 (523ms)
  ✘  3286 [mobile-chrome] › e2e/admin-api-deep.spec.mts:37:5 › Admin APIs unauthenticated › unauth GET /api/admin/notion/projects — returns 401/403/404 (533ms)
  ✘  3287 [mobile-chrome] › e2e/admin-api-deep.spec.mts:37:5 › Admin APIs unauthenticated › unauth GET /api/admin/notion/docs — returns 401/403/404 (retry #1) (581ms)
  ✘  3288 [mobile-chrome] › e2e/admin-api-deep.spec.mts:37:5 › Admin APIs unauthenticated › unauth GET /api/admin/notion/projects — returns 401/403/404 (retry #1) (559ms)
  ✘  3289 [mobile-chrome] › e2e/admin-api-deep.spec.mts:37:5 › Admin APIs unauthenticated › unauth GET /api/admin/notion/search — returns 401/403/404 (524ms)
  ✘  3290 [mobile-chrome] › e2e/admin-api-deep.spec.mts:37:5 › Admin APIs unauthenticated › unauth GET /api/admin/notion/status — returns 401/403/404 (525ms)
  ✘  3291 [mobile-chrome] › e2e/admin-api-deep.spec.mts:37:5 › Admin APIs unauthenticated › unauth GET /api/admin/notion/search — returns 401/403/404 (retry #1) (582ms)
  ✘  3292 [mobile-chrome] › e2e/admin-api-deep.spec.mts:37:5 › Admin APIs unauthenticated › unauth GET /api/admin/notion/status — returns 401/403/404 (retry #1) (567ms)
  ✘  3293 [mobile-chrome] › e2e/admin-api-deep.spec.mts:37:5 › Admin APIs unauthenticated › unauth GET /api/admin/notion/submissions — returns 401/403/404 (541ms)
  ✘  3294 [mobile-chrome] › e2e/admin-api-deep.spec.mts:37:5 › Admin APIs unauthenticated › unauth GET /api/admin/notion/tasks — returns 401/403/404 (562ms)
  ✘  3295 [mobile-chrome] › e2e/admin-api-deep.spec.mts:37:5 › Admin APIs unauthenticated › unauth GET /api/admin/notion/submissions — returns 401/403/404 (retry #1) (549ms)
  ✘  3296 [mobile-chrome] › e2e/admin-api-deep.spec.mts:37:5 › Admin APIs unauthenticated › unauth GET /api/admin/notion/tasks — returns 401/403/404 (retry #1) (590ms)
  ✘  3297 [mobile-chrome] › e2e/admin-api-deep.spec.mts:37:5 › Admin APIs unauthenticated › unauth GET /api/admin/oauth/tiktok — returns 401/403/404 (525ms)
  ✘  3298 [mobile-chrome] › e2e/admin-api-deep.spec.mts:37:5 › Admin APIs unauthenticated › unauth GET /api/admin/oauth/tiktok/callback — returns 401/403/404 (550ms)
  ✘  3299 [mobile-chrome] › e2e/admin-api-deep.spec.mts:37:5 › Admin APIs unauthenticated › unauth GET /api/admin/oauth/tiktok — returns 401/403/404 (retry #1) (558ms)
  ✘  3300 [mobile-chrome] › e2e/admin-api-deep.spec.mts:37:5 › Admin APIs unauthenticated › unauth GET /api/admin/oauth/tiktok/callback — returns 401/403/404 (retry #1) (615ms)
  ✘  3301 [mobile-chrome] › e2e/admin-api-deep.spec.mts:37:5 › Admin APIs unauthenticated › unauth GET /api/admin/ops/errors — returns 401/403/404 (554ms)
  ✘  3302 [mobile-chrome] › e2e/admin-api-deep.spec.mts:37:5 › Admin APIs unauthenticated › unauth GET /api/admin/ops/monitor — returns 401/403/404 (549ms)
  ✘  3303 [mobile-chrome] › e2e/admin-api-deep.spec.mts:37:5 › Admin APIs unauthenticated › unauth GET /api/admin/ops/errors — returns 401/403/404 (retry #1) (562ms)
  ✘  3304 [mobile-chrome] › e2e/admin-api-deep.spec.mts:37:5 › Admin APIs unauthenticated › unauth GET /api/admin/ops/monitor — returns 401/403/404 (retry #1) (574ms)
  ✘  3305 [mobile-chrome] › e2e/admin-api-deep.spec.mts:37:5 › Admin APIs unauthenticated › unauth GET /api/admin/orders — returns 401/403/404 (535ms)
  ✘  3306 [mobile-chrome] › e2e/admin-api-deep.spec.mts:37:5 › Admin APIs unauthenticated › unauth GET /api/admin/pending-clients — returns 401/403/404 (563ms)
  ✘  3307 [mobile-chrome] › e2e/admin-api-deep.spec.mts:37:5 › Admin APIs unauthenticated › unauth GET /api/admin/orders — returns 401/403/404 (retry #1) (571ms)
  ✘  3308 [mobile-chrome] › e2e/admin-api-deep.spec.mts:37:5 › Admin APIs unauthenticated › unauth GET /api/admin/pending-clients — returns 401/403/404 (retry #1) (567ms)
  ✘  3309 [mobile-chrome] › e2e/admin-api-deep.spec.mts:37:5 › Admin APIs unauthenticated › unauth GET /api/admin/pipeline/board — returns 401/403/404 (578ms)
  ✘  3310 [mobile-chrome] › e2e/admin-api-deep.spec.mts:37:5 › Admin APIs unauthenticated › unauth GET /api/admin/pipeline/stats — returns 401/403/404 (588ms)
  ✘  3311 [mobile-chrome] › e2e/admin-api-deep.spec.mts:37:5 › Admin APIs unauthenticated › unauth GET /api/admin/pipeline/board — returns 401/403/404 (retry #1) (558ms)
  ✘  3312 [mobile-chrome] › e2e/admin-api-deep.spec.mts:37:5 › Admin APIs unauthenticated › unauth GET /api/admin/pipeline/stats — returns 401/403/404 (retry #1) (573ms)
  ✘  3313 [mobile-chrome] › e2e/admin-api-deep.spec.mts:37:5 › Admin APIs unauthenticated › unauth GET /api/admin/reports — returns 401/403/404 (542ms)
  ✘  3314 [mobile-chrome] › e2e/admin-api-deep.spec.mts:37:5 › Admin APIs unauthenticated › unauth GET /api/admin/reports/generate — returns 401/403/404 (551ms)
  ✘  3315 [mobile-chrome] › e2e/admin-api-deep.spec.mts:37:5 › Admin APIs unauthenticated › unauth GET /api/admin/reports — returns 401/403/404 (retry #1) (555ms)
  ✘  3316 [mobile-chrome] › e2e/admin-api-deep.spec.mts:37:5 › Admin APIs unauthenticated › unauth GET /api/admin/reports/generate — returns 401/403/404 (retry #1) (562ms)
  ✘  3317 [mobile-chrome] › e2e/admin-api-deep.spec.mts:37:5 › Admin APIs unauthenticated › unauth GET /api/admin/subscriptions — returns 401/403/404 (524ms)
  ✘  3318 [mobile-chrome] › e2e/admin-api-deep.spec.mts:37:5 › Admin APIs unauthenticated › unauth GET /api/admin/users — returns 401/403/404 (546ms)
  ✘  3319 [mobile-chrome] › e2e/admin-api-deep.spec.mts:37:5 › Admin APIs unauthenticated › unauth GET /api/admin/subscriptions — returns 401/403/404 (retry #1) (584ms)
  ✘  3320 [mobile-chrome] › e2e/admin-api-deep.spec.mts:37:5 › Admin APIs unauthenticated › unauth GET /api/admin/users — returns 401/403/404 (retry #1) (535ms)
  ✘  3321 [mobile-chrome] › e2e/admin-api-deep.spec.mts:37:5 › Admin APIs unauthenticated › unauth GET /api/admin/voice-brief — returns 401/403/404 (548ms)
  ✘  3322 [mobile-chrome] › e2e/admin-api-deep.spec.mts:37:5 › Admin APIs unauthenticated › unauth GET /api/admin/workspaces — returns 401/403/404 (550ms)
  ✘  3323 [mobile-chrome] › e2e/admin-api-deep.spec.mts:37:5 › Admin APIs unauthenticated › unauth GET /api/admin/voice-brief — returns 401/403/404 (retry #1) (574ms)
  ✘  3324 [mobile-chrome] › e2e/admin-api-deep.spec.mts:37:5 › Admin APIs unauthenticated › unauth GET /api/admin/workspaces — returns 401/403/404 (retry #1) (562ms)
  ✘  3325 [mobile-chrome] › e2e/admin-api-deep.spec.mts:37:5 › Admin APIs unauthenticated › unauth GET /api/admin/calendar/sample-id — returns 401/403/404 (539ms)
  ✘  3326 [mobile-chrome] › e2e/admin-api-deep.spec.mts:37:5 › Admin APIs unauthenticated › unauth GET /api/admin/email/campaigns/sample-id — returns 401/403/404 (547ms)
  ✘  3327 [mobile-chrome] › e2e/admin-api-deep.spec.mts:37:5 › Admin APIs unauthenticated › unauth GET /api/admin/calendar/sample-id — returns 401/403/404 (retry #1) (568ms)
  ✘  3328 [mobile-chrome] › e2e/admin-api-deep.spec.mts:37:5 › Admin APIs unauthenticated › unauth GET /api/admin/email/campaigns/sample-id — returns 401/403/404 (retry #1) (563ms)
  ✘  3329 [mobile-chrome] › e2e/admin-api-deep.spec.mts:37:5 › Admin APIs unauthenticated › unauth GET /api/admin/ops/errors/sample-id — returns 401/403/404 (529ms)
  ✘  3330 [mobile-chrome] › e2e/admin-api-deep.spec.mts:37:5 › Admin APIs unauthenticated › unauth GET /api/admin/pipeline/deals/sample-id/move — returns 401/403/404 (525ms)
  ✘  3331 [mobile-chrome] › e2e/admin-api-deep.spec.mts:37:5 › Admin APIs unauthenticated › unauth GET /api/admin/ops/errors/sample-id — returns 401/403/404 (retry #1) (578ms)
  ✘  3332 [mobile-chrome] › e2e/admin-api-deep.spec.mts:37:5 › Admin APIs unauthenticated › unauth GET /api/admin/pipeline/deals/sample-id/move — returns 401/403/404 (retry #1) (559ms)
  ✘  3333 [mobile-chrome] › e2e/admin-api-deep.spec.mts:37:5 › Admin APIs unauthenticated › unauth GET /api/admin/pipeline/deals/sample-id/notes — returns 401/403/404 (531ms)
  ✘  3334 [mobile-chrome] › e2e/admin-api-deep.spec.mts:37:5 › Admin APIs unauthenticated › unauth GET /api/admin/reports/sample-id — returns 401/403/404 (543ms)
  ✘  3335 [mobile-chrome] › e2e/admin-api-deep.spec.mts:37:5 › Admin APIs unauthenticated › unauth GET /api/admin/pipeline/deals/sample-id/notes — returns 401/403/404 (retry #1) (555ms)
  ✘  3336 [mobile-chrome] › e2e/admin-api-deep.spec.mts:37:5 › Admin APIs unauthenticated › unauth GET /api/admin/reports/sample-id — returns 401/403/404 (retry #1) (558ms)
  ✘  3337 [mobile-chrome] › e2e/admin-api-deep.spec.mts:37:5 › Admin APIs unauthenticated › unauth GET /api/admin/reports/sample-id/pdf — returns 401/403/404 (561ms)
  ✘  3338 [mobile-chrome] › e2e/admin-api-deep.spec.mts:44:3 › Admin APIs unauthenticated › unauth GET with garbage Bearer token still rejected (534ms)
  ✘  3339 [mobile-chrome] › e2e/admin-api-deep.spec.mts:37:5 › Admin APIs unauthenticated › unauth GET /api/admin/reports/sample-id/pdf — returns 401/403/404 (retry #1) (571ms)
  ✘  3340 [mobile-chrome] › e2e/admin-api-deep.spec.mts:44:3 › Admin APIs unauthenticated › unauth GET with garbage Bearer token still rejected (retry #1) (559ms)
  ✘  3341 [mobile-chrome] › e2e/admin-api-deep.spec.mts:66:5 › Admin APIs authenticated › auth GET /api/admin/ab-tests — non-5xx (536ms)
  ✘  3342 [mobile-chrome] › e2e/admin-api-deep.spec.mts:66:5 › Admin APIs authenticated › auth GET /api/admin/ai/analytics-orchestration — non-5xx (531ms)
  ✘  3343 [mobile-chrome] › e2e/admin-api-deep.spec.mts:66:5 › Admin APIs authenticated › auth GET /api/admin/ab-tests — non-5xx (retry #1) (562ms)
  ✘  3344 [mobile-chrome] › e2e/admin-api-deep.spec.mts:66:5 › Admin APIs authenticated › auth GET /api/admin/ai/analytics-orchestration — non-5xx (retry #1) (565ms)
  ✘  3345 [mobile-chrome] › e2e/admin-api-deep.spec.mts:66:5 › Admin APIs authenticated › auth GET /api/admin/ai/analytics-orchestration/pdf — non-5xx (531ms)
  ✘  3346 [mobile-chrome] › e2e/admin-api-deep.spec.mts:66:5 › Admin APIs authenticated › auth GET /api/admin/ai/audience — non-5xx (529ms)
  ✘  3347 [mobile-chrome] › e2e/admin-api-deep.spec.mts:66:5 › Admin APIs authenticated › auth GET /api/admin/ai/analytics-orchestration/pdf — non-5xx (retry #1) (573ms)
  ✘  3348 [mobile-chrome] › e2e/admin-api-deep.spec.mts:66:5 › Admin APIs authenticated › auth GET /api/admin/ai/audience — non-5xx (retry #1) (584ms)
  ✘  3349 [mobile-chrome] › e2e/admin-api-deep.spec.mts:66:5 › Admin APIs authenticated › auth GET /api/admin/ai/generate — non-5xx (533ms)
  ✘  3350 [mobile-chrome] › e2e/admin-api-deep.spec.mts:66:5 › Admin APIs authenticated › auth GET /api/admin/ai/campaign — non-5xx (549ms)
  ✘  3351 [mobile-chrome] › e2e/admin-api-deep.spec.mts:66:5 › Admin APIs authenticated › auth GET /api/admin/ai/generate — non-5xx (retry #1) (595ms)
  ✘  3352 [mobile-chrome] › e2e/admin-api-deep.spec.mts:66:5 › Admin APIs authenticated › auth GET /api/admin/ai/campaign — non-5xx (retry #1) (572ms)
  ✘  3353 [mobile-chrome] › e2e/admin-api-deep.spec.mts:66:5 › Admin APIs authenticated › auth GET /api/admin/ai/copy — non-5xx (528ms)
  ✘  3354 [mobile-chrome] › e2e/admin-api-deep.spec.mts:66:5 › Admin APIs authenticated › auth GET /api/admin/ai/report-insights — non-5xx (549ms)
  ✘  3355 [mobile-chrome] › e2e/admin-api-deep.spec.mts:66:5 › Admin APIs authenticated › auth GET /api/admin/ai/copy — non-5xx (retry #1) (549ms)
  ✘  3356 [mobile-chrome] › e2e/admin-api-deep.spec.mts:66:5 › Admin APIs authenticated › auth GET /api/admin/ai/report-insights — non-5xx (retry #1) (576ms)
  ✘  3357 [mobile-chrome] › e2e/admin-api-deep.spec.mts:66:5 › Admin APIs authenticated › auth GET /api/admin/analytics/countries — non-5xx (551ms)
  ✘  3358 [mobile-chrome] › e2e/admin-api-deep.spec.mts:66:5 › Admin APIs authenticated › auth GET /api/admin/analytics/ctr-opportunities — non-5xx (542ms)
  ✘  3359 [mobile-chrome] › e2e/admin-api-deep.spec.mts:66:5 › Admin APIs authenticated › auth GET /api/admin/analytics/countries — non-5xx (retry #1) (546ms)
  ✘  3360 [mobile-chrome] › e2e/admin-api-deep.spec.mts:66:5 › Admin APIs authenticated › auth GET /api/admin/analytics/ctr-opportunities — non-5xx (retry #1) (581ms)
  ✘  3361 [mobile-chrome] › e2e/admin-api-deep.spec.mts:66:5 › Admin APIs authenticated › auth GET /api/admin/analytics/devices — non-5xx (553ms)
  ✘  3362 [mobile-chrome] › e2e/admin-api-deep.spec.mts:66:5 › Admin APIs authenticated › auth GET /api/admin/analytics/history — non-5xx (585ms)
  ✘  3363 [mobile-chrome] › e2e/admin-api-deep.spec.mts:66:5 › Admin APIs authenticated › auth GET /api/admin/analytics/devices — non-5xx (retry #1) (641ms)
  ✘  3364 [mobile-chrome] › e2e/admin-api-deep.spec.mts:66:5 › Admin APIs authenticated › auth GET /api/admin/analytics/history — non-5xx (retry #1) (572ms)
  ✘  3365 [mobile-chrome] › e2e/admin-api-deep.spec.mts:66:5 › Admin APIs authenticated › auth GET /api/admin/analytics/keywords — non-5xx (554ms)
  ✘  3366 [mobile-chrome] › e2e/admin-api-deep.spec.mts:66:5 › Admin APIs authenticated › auth GET /api/admin/analytics/pages — non-5xx (563ms)
  ✘  3367 [mobile-chrome] › e2e/admin-api-deep.spec.mts:66:5 › Admin APIs authenticated › auth GET /api/admin/analytics/keywords — non-5xx (retry #1) (617ms)
  ✘  3368 [mobile-chrome] › e2e/admin-api-deep.spec.mts:66:5 › Admin APIs authenticated › auth GET /api/admin/analytics/pages — non-5xx (retry #1) (573ms)
  ✘  3369 [mobile-chrome] › e2e/admin-api-deep.spec.mts:66:5 › Admin APIs authenticated › auth GET /api/admin/analytics/products — non-5xx (559ms)
  ✘  3370 [mobile-chrome] › e2e/admin-api-deep.spec.mts:66:5 › Admin APIs authenticated › auth GET /api/admin/analytics/query-pages — non-5xx (556ms)
  ✘  3371 [mobile-chrome] › e2e/admin-api-deep.spec.mts:66:5 › Admin APIs authenticated › auth GET /api/admin/analytics/products — non-5xx (retry #1) (584ms)
  ✘  3372 [mobile-chrome] › e2e/admin-api-deep.spec.mts:66:5 › Admin APIs authenticated › auth GET /api/admin/analytics/query-pages — non-5xx (retry #1) (557ms)
  ✘  3373 [mobile-chrome] › e2e/admin-api-deep.spec.mts:66:5 › Admin APIs authenticated › auth GET /api/admin/analytics/search-intent — non-5xx (544ms)
  ✘  3374 [mobile-chrome] › e2e/admin-api-deep.spec.mts:66:5 › Admin APIs authenticated › auth GET /api/admin/analytics/seo — non-5xx (545ms)
  ✘  3375 [mobile-chrome] › e2e/admin-api-deep.spec.mts:66:5 › Admin APIs authenticated › auth GET /api/admin/analytics/search-intent — non-5xx (retry #1) (577ms)
  ✘  3376 [mobile-chrome] › e2e/admin-api-deep.spec.mts:66:5 › Admin APIs authenticated › auth GET /api/admin/analytics/seo — non-5xx (retry #1) (551ms)
  ✘  3377 [mobile-chrome] › e2e/admin-api-deep.spec.mts:66:5 › Admin APIs authenticated › auth GET /api/admin/analytics/unified — non-5xx (545ms)
  ✘  3378 [mobile-chrome] › e2e/admin-api-deep.spec.mts:66:5 › Admin APIs authenticated › auth GET /api/admin/analytics/web — non-5xx (544ms)
  ✘  3379 [mobile-chrome] › e2e/admin-api-deep.spec.mts:66:5 › Admin APIs authenticated › auth GET /api/admin/analytics/unified — non-5xx (retry #1) (571ms)
  ✘  3380 [mobile-chrome] › e2e/admin-api-deep.spec.mts:66:5 › Admin APIs authenticated › auth GET /api/admin/analytics/web — non-5xx (retry #1) (534ms)
  ✘  3381 [mobile-chrome] › e2e/admin-api-deep.spec.mts:66:5 › Admin APIs authenticated › auth GET /api/admin/cache — non-5xx (549ms)
  ✘  3382 [mobile-chrome] › e2e/admin-api-deep.spec.mts:66:5 › Admin APIs authenticated › auth GET /api/admin/calendar — non-5xx (543ms)
  ✘  3383 [mobile-chrome] › e2e/admin-api-deep.spec.mts:66:5 › Admin APIs authenticated › auth GET /api/admin/cache — non-5xx (retry #1) (569ms)
  ✘  3384 [mobile-chrome] › e2e/admin-api-deep.spec.mts:66:5 › Admin APIs authenticated › auth GET /api/admin/calendar — non-5xx (retry #1) (558ms)
  ✘  3385 [mobile-chrome] › e2e/admin-api-deep.spec.mts:66:5 › Admin APIs authenticated › auth GET /api/admin/calendar/create — non-5xx (586ms)
  ✘  3386 [mobile-chrome] › e2e/admin-api-deep.spec.mts:66:5 › Admin APIs authenticated › auth GET /api/admin/campaigns/google — non-5xx (549ms)
  ✘  3387 [mobile-chrome] › e2e/admin-api-deep.spec.mts:66:5 › Admin APIs authenticated › auth GET /api/admin/calendar/create — non-5xx (retry #1) (605ms)
  ✘  3388 [mobile-chrome] › e2e/admin-api-deep.spec.mts:66:5 › Admin APIs authenticated › auth GET /api/admin/campaigns/google — non-5xx (retry #1) (603ms)
  ✘  3389 [mobile-chrome] › e2e/admin-api-deep.spec.mts:66:5 › Admin APIs authenticated › auth GET /api/admin/campaigns/google/insights — non-5xx (578ms)
  ✘  3390 [mobile-chrome] › e2e/admin-api-deep.spec.mts:66:5 › Admin APIs authenticated › auth GET /api/admin/campaigns/linkedin — non-5xx (554ms)
  ✘  3391 [mobile-chrome] › e2e/admin-api-deep.spec.mts:66:5 › Admin APIs authenticated › auth GET /api/admin/campaigns/google/insights — non-5xx (retry #1) (585ms)
  ✘  3392 [mobile-chrome] › e2e/admin-api-deep.spec.mts:66:5 › Admin APIs authenticated › auth GET /api/admin/campaigns/linkedin — non-5xx (retry #1) (564ms)
  ✘  3393 [mobile-chrome] › e2e/admin-api-deep.spec.mts:66:5 › Admin APIs authenticated › auth GET /api/admin/campaigns/linkedin/insights — non-5xx (557ms)
  ✘  3394 [mobile-chrome] › e2e/admin-api-deep.spec.mts:66:5 › Admin APIs authenticated › auth GET /api/admin/campaigns/tiktok — non-5xx (548ms)
  ✘  3395 [mobile-chrome] › e2e/admin-api-deep.spec.mts:66:5 › Admin APIs authenticated › auth GET /api/admin/campaigns/linkedin/insights — non-5xx (retry #1) (564ms)
  ✘  3396 [mobile-chrome] › e2e/admin-api-deep.spec.mts:66:5 › Admin APIs authenticated › auth GET /api/admin/campaigns/tiktok — non-5xx (retry #1) (599ms)
  ✘  3397 [mobile-chrome] › e2e/admin-api-deep.spec.mts:66:5 › Admin APIs authenticated › auth GET /api/admin/campaigns/tiktok/insights — non-5xx (534ms)
  ✘  3398 [mobile-chrome] › e2e/admin-api-deep.spec.mts:66:5 › Admin APIs authenticated › auth GET /api/admin/campaigns/x — non-5xx (547ms)
  ✘  3399 [mobile-chrome] › e2e/admin-api-deep.spec.mts:66:5 › Admin APIs authenticated › auth GET /api/admin/campaigns/tiktok/insights — non-5xx (retry #1) (556ms)
  ✘  3400 [mobile-chrome] › e2e/admin-api-deep.spec.mts:66:5 › Admin APIs authenticated › auth GET /api/admin/campaigns/x — non-5xx (retry #1) (555ms)
  ✘  3401 [mobile-chrome] › e2e/admin-api-deep.spec.mts:66:5 › Admin APIs authenticated › auth GET /api/admin/campaigns/x/insights — non-5xx (553ms)
  ✘  3402 [mobile-chrome] › e2e/admin-api-deep.spec.mts:66:5 › Admin APIs authenticated › auth GET /api/admin/client-portals — non-5xx (534ms)
  ✘  3403 [mobile-chrome] › e2e/admin-api-deep.spec.mts:66:5 › Admin APIs authenticated › auth GET /api/admin/campaigns/x/insights — non-5xx (retry #1) (584ms)
  ✘  3404 [mobile-chrome] › e2e/admin-api-deep.spec.mts:66:5 › Admin APIs authenticated › auth GET /api/admin/client-portals — non-5xx (retry #1) (564ms)
  ✘  3405 [mobile-chrome] › e2e/admin-api-deep.spec.mts:66:5 › Admin APIs authenticated › auth GET /api/admin/crm/companies — non-5xx (524ms)
  ✘  3406 [mobile-chrome] › e2e/admin-api-deep.spec.mts:66:5 › Admin APIs authenticated › auth GET /api/admin/crm/contacts — non-5xx (543ms)
  ✘  3407 [mobile-chrome] › e2e/admin-api-deep.spec.mts:66:5 › Admin APIs authenticated › auth GET /api/admin/crm/companies — non-5xx (retry #1) (559ms)
  ✘  3408 [mobile-chrome] › e2e/admin-api-deep.spec.mts:66:5 › Admin APIs authenticated › auth GET /api/admin/crm/contacts — non-5xx (retry #1) (585ms)
  ✘  3409 [mobile-chrome] › e2e/admin-api-deep.spec.mts:66:5 › Admin APIs authenticated › auth GET /api/admin/crm/deals — non-5xx (549ms)
  ✘  3410 [mobile-chrome] › e2e/admin-api-deep.spec.mts:66:5 › Admin APIs authenticated › auth GET /api/admin/crm/owners — non-5xx (553ms)
  ✘  3411 [mobile-chrome] › e2e/admin-api-deep.spec.mts:66:5 › Admin APIs authenticated › auth GET /api/admin/crm/deals — non-5xx (retry #1) (552ms)
  ✘  3412 [mobile-chrome] › e2e/admin-api-deep.spec.mts:66:5 › Admin APIs authenticated › auth GET /api/admin/crm/owners — non-5xx (retry #1) (566ms)
  ✘  3413 [mobile-chrome] › e2e/admin-api-deep.spec.mts:66:5 › Admin APIs authenticated › auth GET /api/admin/crm/pipelines — non-5xx (548ms)
  ✘  3414 [mobile-chrome] › e2e/admin-api-deep.spec.mts:66:5 › Admin APIs authenticated › auth GET /api/admin/crm/tickets — non-5xx (552ms)
  ✘  3415 [mobile-chrome] › e2e/admin-api-deep.spec.mts:66:5 › Admin APIs authenticated › auth GET /api/admin/crm/pipelines — non-5xx (retry #1) (570ms)
  ✘  3416 [mobile-chrome] › e2e/admin-api-deep.spec.mts:66:5 › Admin APIs authenticated › auth GET /api/admin/crm/tickets — non-5xx (retry #1) (562ms)
  ✘  3417 [mobile-chrome] › e2e/admin-api-deep.spec.mts:66:5 › Admin APIs authenticated › auth GET /api/admin/email/automations — non-5xx (527ms)
  ✘  3418 [mobile-chrome] › e2e/admin-api-deep.spec.mts:66:5 › Admin APIs authenticated › auth GET /api/admin/email/campaigns — non-5xx (547ms)
  ✘  3419 [mobile-chrome] › e2e/admin-api-deep.spec.mts:66:5 › Admin APIs authenticated › auth GET /api/admin/email/automations — non-5xx (retry #1) (546ms)
  ✘  3420 [mobile-chrome] › e2e/admin-api-deep.spec.mts:66:5 › Admin APIs authenticated › auth GET /api/admin/email/campaigns — non-5xx (retry #1) (574ms)
  ✘  3421 [mobile-chrome] › e2e/admin-api-deep.spec.mts:66:5 › Admin APIs authenticated › auth GET /api/admin/email/contacts — non-5xx (554ms)
  ✘  3422 [mobile-chrome] › e2e/admin-api-deep.spec.mts:66:5 › Admin APIs authenticated › auth GET /api/admin/email/lists — non-5xx (534ms)
  ✘  3423 [mobile-chrome] › e2e/admin-api-deep.spec.mts:66:5 › Admin APIs authenticated › auth GET /api/admin/email/contacts — non-5xx (retry #1) (547ms)
  ✘  3424 [mobile-chrome] › e2e/admin-api-deep.spec.mts:66:5 › Admin APIs authenticated › auth GET /api/admin/email/lists — non-5xx (retry #1) (606ms)
  ✘  3425 [mobile-chrome] › e2e/admin-api-deep.spec.mts:66:5 › Admin APIs authenticated › auth GET /api/admin/email/stats — non-5xx (545ms)
  ✘  3426 [mobile-chrome] › e2e/admin-api-deep.spec.mts:66:5 › Admin APIs authenticated › auth GET /api/admin/esp32 — non-5xx (551ms)
  ✘  3427 [mobile-chrome] › e2e/admin-api-deep.spec.mts:66:5 › Admin APIs authenticated › auth GET /api/admin/email/stats — non-5xx (retry #1) (590ms)
  ✘  3428 [mobile-chrome] › e2e/admin-api-deep.spec.mts:66:5 › Admin APIs authenticated › auth GET /api/admin/esp32 — non-5xx (retry #1) (564ms)
  ✘  3429 [mobile-chrome] › e2e/admin-api-deep.spec.mts:66:5 › Admin APIs authenticated › auth GET /api/admin/esp32/notion-sync — non-5xx (569ms)
  ✘  3430 [mobile-chrome] › e2e/admin-api-deep.spec.mts:66:5 › Admin APIs authenticated › auth GET /api/admin/integrations/status — non-5xx (520ms)
  ✘  3431 [mobile-chrome] › e2e/admin-api-deep.spec.mts:66:5 › Admin APIs authenticated › auth GET /api/admin/esp32/notion-sync — non-5xx (retry #1) (547ms)
  ✘  3432 [mobile-chrome] › e2e/admin-api-deep.spec.mts:66:5 › Admin APIs authenticated › auth GET /api/admin/integrations/status — non-5xx (retry #1) (572ms)
  ✘  3433 [mobile-chrome] › e2e/admin-api-deep.spec.mts:66:5 › Admin APIs authenticated › auth GET /api/admin/kpi — non-5xx (558ms)
  ✘  3434 [mobile-chrome] › e2e/admin-api-deep.spec.mts:66:5 › Admin APIs authenticated › auth GET /api/admin/notifications — non-5xx (540ms)
  ✘  3435 [mobile-chrome] › e2e/admin-api-deep.spec.mts:66:5 › Admin APIs authenticated › auth GET /api/admin/kpi — non-5xx (retry #1) (555ms)
  ✘  3436 [mobile-chrome] › e2e/admin-api-deep.spec.mts:66:5 › Admin APIs authenticated › auth GET /api/admin/notifications — non-5xx (retry #1) (570ms)
  ✘  3437 [mobile-chrome] › e2e/admin-api-deep.spec.mts:66:5 › Admin APIs authenticated › auth GET /api/admin/notifications/test — non-5xx (531ms)
  ✘  3438 [mobile-chrome] › e2e/admin-api-deep.spec.mts:66:5 › Admin APIs authenticated › auth GET /api/admin/notion/analytics — non-5xx (535ms)
  ✘  3439 [mobile-chrome] › e2e/admin-api-deep.spec.mts:66:5 › Admin APIs authenticated › auth GET /api/admin/notifications/test — non-5xx (retry #1) (555ms)
  ✘  3440 [mobile-chrome] › e2e/admin-api-deep.spec.mts:66:5 › Admin APIs authenticated › auth GET /api/admin/notion/analytics — non-5xx (retry #1) (577ms)
  ✘  3441 [mobile-chrome] › e2e/admin-api-deep.spec.mts:66:5 › Admin APIs authenticated › auth GET /api/admin/notion/blog — non-5xx (525ms)
  ✘  3442 [mobile-chrome] › e2e/admin-api-deep.spec.mts:66:5 › Admin APIs authenticated › auth GET /api/admin/notion/comments — non-5xx (536ms)
  ✘  3443 [mobile-chrome] › e2e/admin-api-deep.spec.mts:66:5 › Admin APIs authenticated › auth GET /api/admin/notion/blog — non-5xx (retry #1) (602ms)
  ✘  3444 [mobile-chrome] › e2e/admin-api-deep.spec.mts:66:5 › Admin APIs authenticated › auth GET /api/admin/notion/comments — non-5xx (retry #1) (578ms)
  ✘  3445 [mobile-chrome] › e2e/admin-api-deep.spec.mts:66:5 › Admin APIs authenticated › auth GET /api/admin/notion/docs — non-5xx (546ms)
  ✘  3446 [mobile-chrome] › e2e/admin-api-deep.spec.mts:66:5 › Admin APIs authenticated › auth GET /api/admin/notion/projects — non-5xx (573ms)
  ✘  3447 [mobile-chrome] › e2e/admin-api-deep.spec.mts:66:5 › Admin APIs authenticated › auth GET /api/admin/notion/docs — non-5xx (retry #1) (591ms)
  ✘  3448 [mobile-chrome] › e2e/admin-api-deep.spec.mts:66:5 › Admin APIs authenticated › auth GET /api/admin/notion/projects — non-5xx (retry #1) (566ms)
  ✘  3449 [mobile-chrome] › e2e/admin-api-deep.spec.mts:66:5 › Admin APIs authenticated › auth GET /api/admin/notion/search — non-5xx (571ms)
  ✘  3450 [mobile-chrome] › e2e/admin-api-deep.spec.mts:66:5 › Admin APIs authenticated › auth GET /api/admin/notion/status — non-5xx (580ms)
  ✘  3451 [mobile-chrome] › e2e/admin-api-deep.spec.mts:66:5 › Admin APIs authenticated › auth GET /api/admin/notion/search — non-5xx (retry #1) (597ms)
  ✘  3452 [mobile-chrome] › e2e/admin-api-deep.spec.mts:66:5 › Admin APIs authenticated › auth GET /api/admin/notion/status — non-5xx (retry #1) (552ms)
  ✘  3453 [mobile-chrome] › e2e/admin-api-deep.spec.mts:66:5 › Admin APIs authenticated › auth GET /api/admin/notion/submissions — non-5xx (540ms)
  ✘  3454 [mobile-chrome] › e2e/admin-api-deep.spec.mts:66:5 › Admin APIs authenticated › auth GET /api/admin/notion/tasks — non-5xx (538ms)
  ✘  3455 [mobile-chrome] › e2e/admin-api-deep.spec.mts:66:5 › Admin APIs authenticated › auth GET /api/admin/notion/submissions — non-5xx (retry #1) (579ms)
  ✘  3456 [mobile-chrome] › e2e/admin-api-deep.spec.mts:66:5 › Admin APIs authenticated › auth GET /api/admin/notion/tasks — non-5xx (retry #1) (578ms)
  ✘  3457 [mobile-chrome] › e2e/admin-api-deep.spec.mts:66:5 › Admin APIs authenticated › auth GET /api/admin/oauth/tiktok — non-5xx (534ms)
  ✘  3458 [mobile-chrome] › e2e/admin-api-deep.spec.mts:66:5 › Admin APIs authenticated › auth GET /api/admin/oauth/tiktok/callback — non-5xx (526ms)
  ✘  3459 [mobile-chrome] › e2e/admin-api-deep.spec.mts:66:5 › Admin APIs authenticated › auth GET /api/admin/oauth/tiktok — non-5xx (retry #1) (558ms)
  ✘  3460 [mobile-chrome] › e2e/admin-api-deep.spec.mts:66:5 › Admin APIs authenticated › auth GET /api/admin/oauth/tiktok/callback — non-5xx (retry #1) (574ms)
  ✘  3461 [mobile-chrome] › e2e/admin-api-deep.spec.mts:66:5 › Admin APIs authenticated › auth GET /api/admin/ops/errors — non-5xx (536ms)
  ✘  3462 [mobile-chrome] › e2e/admin-api-deep.spec.mts:66:5 › Admin APIs authenticated › auth GET /api/admin/ops/monitor — non-5xx (543ms)
  ✘  3463 [mobile-chrome] › e2e/admin-api-deep.spec.mts:66:5 › Admin APIs authenticated › auth GET /api/admin/ops/errors — non-5xx (retry #1) (580ms)
  ✘  3464 [mobile-chrome] › e2e/admin-api-deep.spec.mts:66:5 › Admin APIs authenticated › auth GET /api/admin/ops/monitor — non-5xx (retry #1) (546ms)
  ✘  3465 [mobile-chrome] › e2e/admin-api-deep.spec.mts:66:5 › Admin APIs authenticated › auth GET /api/admin/orders — non-5xx (572ms)
  ✘  3466 [mobile-chrome] › e2e/admin-api-deep.spec.mts:66:5 › Admin APIs authenticated › auth GET /api/admin/pending-clients — non-5xx (536ms)
  ✘  3467 [mobile-chrome] › e2e/admin-api-deep.spec.mts:66:5 › Admin APIs authenticated › auth GET /api/admin/orders — non-5xx (retry #1) (558ms)
  ✘  3468 [mobile-chrome] › e2e/admin-api-deep.spec.mts:66:5 › Admin APIs authenticated › auth GET /api/admin/pending-clients — non-5xx (retry #1) (580ms)
  ✘  3469 [mobile-chrome] › e2e/admin-api-deep.spec.mts:66:5 › Admin APIs authenticated › auth GET /api/admin/pipeline/board — non-5xx (537ms)
  ✘  3470 [mobile-chrome] › e2e/admin-api-deep.spec.mts:66:5 › Admin APIs authenticated › auth GET /api/admin/pipeline/stats — non-5xx (550ms)
  ✘  3471 [mobile-chrome] › e2e/admin-api-deep.spec.mts:66:5 › Admin APIs authenticated › auth GET /api/admin/pipeline/board — non-5xx (retry #1) (564ms)
  ✘  3472 [mobile-chrome] › e2e/admin-api-deep.spec.mts:66:5 › Admin APIs authenticated › auth GET /api/admin/pipeline/stats — non-5xx (retry #1) (554ms)
  ✘  3473 [mobile-chrome] › e2e/admin-api-deep.spec.mts:66:5 › Admin APIs authenticated › auth GET /api/admin/reports — non-5xx (542ms)
  ✘  3474 [mobile-chrome] › e2e/admin-api-deep.spec.mts:66:5 › Admin APIs authenticated › auth GET /api/admin/reports/generate — non-5xx (541ms)
  ✘  3475 [mobile-chrome] › e2e/admin-api-deep.spec.mts:66:5 › Admin APIs authenticated › auth GET /api/admin/reports — non-5xx (retry #1) (572ms)
  ✘  3476 [mobile-chrome] › e2e/admin-api-deep.spec.mts:66:5 › Admin APIs authenticated › auth GET /api/admin/reports/generate — non-5xx (retry #1) (579ms)
  ✘  3477 [mobile-chrome] › e2e/admin-api-deep.spec.mts:66:5 › Admin APIs authenticated › auth GET /api/admin/subscriptions — non-5xx (532ms)
  ✘  3478 [mobile-chrome] › e2e/admin-api-deep.spec.mts:66:5 › Admin APIs authenticated › auth GET /api/admin/users — non-5xx (539ms)
  ✘  3479 [mobile-chrome] › e2e/admin-api-deep.spec.mts:66:5 › Admin APIs authenticated › auth GET /api/admin/subscriptions — non-5xx (retry #1) (545ms)
  ✘  3480 [mobile-chrome] › e2e/admin-api-deep.spec.mts:66:5 › Admin APIs authenticated › auth GET /api/admin/users — non-5xx (retry #1) (554ms)
  ✘  3481 [mobile-chrome] › e2e/admin-api-deep.spec.mts:66:5 › Admin APIs authenticated › auth GET /api/admin/voice-brief — non-5xx (539ms)
  ✘  3482 [mobile-chrome] › e2e/admin-api-deep.spec.mts:66:5 › Admin APIs authenticated › auth GET /api/admin/workspaces — non-5xx (532ms)
  ✘  3483 [mobile-chrome] › e2e/admin-api-deep.spec.mts:66:5 › Admin APIs authenticated › auth GET /api/admin/voice-brief — non-5xx (retry #1) (548ms)
  ✘  3484 [mobile-chrome] › e2e/admin-api-deep.spec.mts:66:5 › Admin APIs authenticated › auth GET /api/admin/workspaces — non-5xx (retry #1) (555ms)
  ✘  3485 [mobile-chrome] › e2e/admin-api-deep.spec.mts:66:5 › Admin APIs authenticated › auth GET /api/admin/calendar/sample-id — non-5xx (562ms)
  ✘  3486 [mobile-chrome] › e2e/admin-api-deep.spec.mts:66:5 › Admin APIs authenticated › auth GET /api/admin/email/campaigns/sample-id — non-5xx (519ms)
  ✘  3487 [mobile-chrome] › e2e/admin-api-deep.spec.mts:66:5 › Admin APIs authenticated › auth GET /api/admin/calendar/sample-id — non-5xx (retry #1) (551ms)
  ✘  3488 [mobile-chrome] › e2e/admin-api-deep.spec.mts:66:5 › Admin APIs authenticated › auth GET /api/admin/email/campaigns/sample-id — non-5xx (retry #1) (583ms)
  ✘  3489 [mobile-chrome] › e2e/admin-api-deep.spec.mts:66:5 › Admin APIs authenticated › auth GET /api/admin/ops/errors/sample-id — non-5xx (534ms)
  ✘  3490 [mobile-chrome] › e2e/admin-api-deep.spec.mts:66:5 › Admin APIs authenticated › auth GET /api/admin/pipeline/deals/sample-id/move — non-5xx (542ms)
  ✘  3491 [mobile-chrome] › e2e/admin-api-deep.spec.mts:66:5 › Admin APIs authenticated › auth GET /api/admin/ops/errors/sample-id — non-5xx (retry #1) (577ms)
  ✘  3492 [mobile-chrome] › e2e/admin-api-deep.spec.mts:66:5 › Admin APIs authenticated › auth GET /api/admin/pipeline/deals/sample-id/move — non-5xx (retry #1) (588ms)
  ✘  3493 [mobile-chrome] › e2e/admin-api-deep.spec.mts:66:5 › Admin APIs authenticated › auth GET /api/admin/pipeline/deals/sample-id/notes — non-5xx (564ms)
  ✘  3494 [mobile-chrome] › e2e/admin-api-deep.spec.mts:66:5 › Admin APIs authenticated › auth GET /api/admin/reports/sample-id — non-5xx (581ms)
  ✘  3495 [mobile-chrome] › e2e/admin-api-deep.spec.mts:66:5 › Admin APIs authenticated › auth GET /api/admin/pipeline/deals/sample-id/notes — non-5xx (retry #1) (580ms)
  ✘  3496 [mobile-chrome] › e2e/admin-api-deep.spec.mts:66:5 › Admin APIs authenticated › auth GET /api/admin/reports/sample-id — non-5xx (retry #1) (599ms)
  ✘  3497 [mobile-chrome] › e2e/admin-api-deep.spec.mts:66:5 › Admin APIs authenticated › auth GET /api/admin/reports/sample-id/pdf — non-5xx (570ms)
  ✘  3498 [mobile-chrome] › e2e/admin-api-sweep.spec.ts:13:7 › Admin API route sweep (authenticated) › GET /api/admin/ab-tests (323ms)
  ✘  3500 [mobile-chrome] › e2e/admin-api-sweep.spec.ts:13:7 › Admin API route sweep (authenticated) › GET /api/admin/ab-tests (retry #1) (337ms)
  ✘  3499 [mobile-chrome] › e2e/admin-api-deep.spec.mts:66:5 › Admin APIs authenticated › auth GET /api/admin/reports/sample-id/pdf — non-5xx (retry #1) (559ms)
  ✘  3501 [mobile-chrome] › e2e/admin-api-sweep.spec.ts:21:7 › Admin API route sweep (authenticated) › GET /api/admin/ai/analytics-orchestration (323ms)
  ✘  3502 [mobile-chrome] › e2e/admin-api-sweep.spec.ts:29:7 › Admin API route sweep (authenticated) › GET /api/admin/ai/analytics-orchestration/pdf (321ms)
  ✘  3503 [mobile-chrome] › e2e/admin-api-sweep.spec.ts:21:7 › Admin API route sweep (authenticated) › GET /api/admin/ai/analytics-orchestration (retry #1) (337ms)
  ✘  3504 [mobile-chrome] › e2e/admin-api-sweep.spec.ts:29:7 › Admin API route sweep (authenticated) › GET /api/admin/ai/analytics-orchestration/pdf (retry #1) (335ms)
  ✘  3505 [mobile-chrome] › e2e/admin-api-sweep.spec.ts:37:7 › Admin API route sweep (authenticated) › GET /api/admin/ai/audience (323ms)
  ✘  3506 [mobile-chrome] › e2e/admin-api-sweep.spec.ts:45:7 › Admin API route sweep (authenticated) › GET /api/admin/ai/campaign (321ms)
  ✘  3507 [mobile-chrome] › e2e/admin-api-sweep.spec.ts:37:7 › Admin API route sweep (authenticated) › GET /api/admin/ai/audience (retry #1) (336ms)
  ✘  3508 [mobile-chrome] › e2e/admin-api-sweep.spec.ts:45:7 › Admin API route sweep (authenticated) › GET /api/admin/ai/campaign (retry #1) (337ms)
  ✘  3509 [mobile-chrome] › e2e/admin-api-sweep.spec.ts:53:7 › Admin API route sweep (authenticated) › GET /api/admin/ai/copy (323ms)
  ✘  3510 [mobile-chrome] › e2e/admin-api-sweep.spec.ts:61:7 › Admin API route sweep (authenticated) › GET /api/admin/ai/report-insights (320ms)
  ✘  3511 [mobile-chrome] › e2e/admin-api-sweep.spec.ts:53:7 › Admin API route sweep (authenticated) › GET /api/admin/ai/copy (retry #1) (336ms)
  ✘  3512 [mobile-chrome] › e2e/admin-api-sweep.spec.ts:61:7 › Admin API route sweep (authenticated) › GET /api/admin/ai/report-insights (retry #1) (338ms)
  ✘  3513 [mobile-chrome] › e2e/admin-api-sweep.spec.ts:69:7 › Admin API route sweep (authenticated) › GET /api/admin/analytics/countries (323ms)
  ✘  3514 [mobile-chrome] › e2e/admin-api-sweep.spec.ts:77:7 › Admin API route sweep (authenticated) › GET /api/admin/analytics/ctr-opportunities (320ms)
  ✘  3515 [mobile-chrome] › e2e/admin-api-sweep.spec.ts:69:7 › Admin API route sweep (authenticated) › GET /api/admin/analytics/countries (retry #1) (338ms)
  ✘  3516 [mobile-chrome] › e2e/admin-api-sweep.spec.ts:77:7 › Admin API route sweep (authenticated) › GET /api/admin/analytics/ctr-opportunities (retry #1) (335ms)
  ✘  3517 [mobile-chrome] › e2e/admin-api-sweep.spec.ts:85:7 › Admin API route sweep (authenticated) › GET /api/admin/analytics/devices (324ms)
  ✘  3518 [mobile-chrome] › e2e/admin-api-sweep.spec.ts:93:7 › Admin API route sweep (authenticated) › GET /api/admin/analytics/history (323ms)
  ✘  3519 [mobile-chrome] › e2e/admin-api-sweep.spec.ts:85:7 › Admin API route sweep (authenticated) › GET /api/admin/analytics/devices (retry #1) (337ms)
  ✘  3520 [mobile-chrome] › e2e/admin-api-sweep.spec.ts:93:7 › Admin API route sweep (authenticated) › GET /api/admin/analytics/history (retry #1) (337ms)
  ✘  3521 [mobile-chrome] › e2e/admin-api-sweep.spec.ts:101:7 › Admin API route sweep (authenticated) › GET /api/admin/analytics/keywords (324ms)
  ✘  3522 [mobile-chrome] › e2e/admin-api-sweep.spec.ts:109:7 › Admin API route sweep (authenticated) › GET /api/admin/analytics/pages (322ms)
  ✘  3523 [mobile-chrome] › e2e/admin-api-sweep.spec.ts:101:7 › Admin API route sweep (authenticated) › GET /api/admin/analytics/keywords (retry #1) (336ms)
  ✘  3524 [mobile-chrome] › e2e/admin-api-sweep.spec.ts:109:7 › Admin API route sweep (authenticated) › GET /api/admin/analytics/pages (retry #1) (335ms)
  ✘  3525 [mobile-chrome] › e2e/admin-api-sweep.spec.ts:117:7 › Admin API route sweep (authenticated) › GET /api/admin/analytics/products (322ms)
  ✘  3526 [mobile-chrome] › e2e/admin-api-sweep.spec.ts:125:7 › Admin API route sweep (authenticated) › GET /api/admin/analytics/query-pages (323ms)
  ✘  3527 [mobile-chrome] › e2e/admin-api-sweep.spec.ts:117:7 › Admin API route sweep (authenticated) › GET /api/admin/analytics/products (retry #1) (336ms)
  ✘  3528 [mobile-chrome] › e2e/admin-api-sweep.spec.ts:125:7 › Admin API route sweep (authenticated) › GET /api/admin/analytics/query-pages (retry #1) (338ms)
  ✘  3529 [mobile-chrome] › e2e/admin-api-sweep.spec.ts:133:7 › Admin API route sweep (authenticated) › GET /api/admin/analytics/search-intent (324ms)
  ✘  3530 [mobile-chrome] › e2e/admin-api-sweep.spec.ts:141:7 › Admin API route sweep (authenticated) › GET /api/admin/analytics/seo (322ms)
  ✘  3531 [mobile-chrome] › e2e/admin-api-sweep.spec.ts:133:7 › Admin API route sweep (authenticated) › GET /api/admin/analytics/search-intent (retry #1) (338ms)
  ✘  3532 [mobile-chrome] › e2e/admin-api-sweep.spec.ts:141:7 › Admin API route sweep (authenticated) › GET /api/admin/analytics/seo (retry #1) (340ms)
  ✘  3533 [mobile-chrome] › e2e/admin-api-sweep.spec.ts:149:7 › Admin API route sweep (authenticated) › GET /api/admin/analytics/unified (323ms)
  ✘  3534 [mobile-chrome] › e2e/admin-api-sweep.spec.ts:157:7 › Admin API route sweep (authenticated) › GET /api/admin/analytics/web (322ms)
  ✘  3535 [mobile-chrome] › e2e/admin-api-sweep.spec.ts:149:7 › Admin API route sweep (authenticated) › GET /api/admin/analytics/unified (retry #1) (338ms)
  ✘  3536 [mobile-chrome] › e2e/admin-api-sweep.spec.ts:157:7 › Admin API route sweep (authenticated) › GET /api/admin/analytics/web (retry #1) (341ms)
  ✘  3537 [mobile-chrome] › e2e/admin-api-sweep.spec.ts:165:7 › Admin API route sweep (authenticated) › GET /api/admin/cache (323ms)
  ✘  3538 [mobile-chrome] › e2e/admin-api-sweep.spec.ts:173:7 › Admin API route sweep (authenticated) › GET /api/admin/calendar (327ms)
  ✘  3539 [mobile-chrome] › e2e/admin-api-sweep.spec.ts:165:7 › Admin API route sweep (authenticated) › GET /api/admin/cache (retry #1) (338ms)
  ✘  3540 [mobile-chrome] › e2e/admin-api-sweep.spec.ts:173:7 › Admin API route sweep (authenticated) › GET /api/admin/calendar (retry #1) (337ms)
  ✘  3541 [mobile-chrome] › e2e/admin-api-sweep.spec.ts:181:7 › Admin API route sweep (authenticated) › GET /api/admin/calendar/create (321ms)
  ✘  3542 [mobile-chrome] › e2e/admin-api-sweep.spec.ts:189:7 › Admin API route sweep (authenticated) › GET /api/admin/campaigns/google (322ms)
  ✘  3543 [mobile-chrome] › e2e/admin-api-sweep.spec.ts:181:7 › Admin API route sweep (authenticated) › GET /api/admin/calendar/create (retry #1) (337ms)
  ✘  3544 [mobile-chrome] › e2e/admin-api-sweep.spec.ts:189:7 › Admin API route sweep (authenticated) › GET /api/admin/campaigns/google (retry #1) (349ms)
  ✘  3545 [mobile-chrome] › e2e/admin-api-sweep.spec.ts:197:7 › Admin API route sweep (authenticated) › GET /api/admin/campaigns/google/insights (322ms)
  ✘  3546 [mobile-chrome] › e2e/admin-api-sweep.spec.ts:205:7 › Admin API route sweep (authenticated) › GET /api/admin/campaigns/linkedin (320ms)
  ✘  3547 [mobile-chrome] › e2e/admin-api-sweep.spec.ts:197:7 › Admin API route sweep (authenticated) › GET /api/admin/campaigns/google/insights (retry #1) (351ms)
  ✘  3548 [mobile-chrome] › e2e/admin-api-sweep.spec.ts:205:7 › Admin API route sweep (authenticated) › GET /api/admin/campaigns/linkedin (retry #1) (335ms)
  ✘  3549 [mobile-chrome] › e2e/admin-api-sweep.spec.ts:213:7 › Admin API route sweep (authenticated) › GET /api/admin/campaigns/linkedin/insights (322ms)
  ✘  3550 [mobile-chrome] › e2e/admin-api-sweep.spec.ts:221:7 › Admin API route sweep (authenticated) › GET /api/admin/campaigns/tiktok (320ms)
  ✘  3551 [mobile-chrome] › e2e/admin-api-sweep.spec.ts:213:7 › Admin API route sweep (authenticated) › GET /api/admin/campaigns/linkedin/insights (retry #1) (335ms)
  ✘  3552 [mobile-chrome] › e2e/admin-api-sweep.spec.ts:221:7 › Admin API route sweep (authenticated) › GET /api/admin/campaigns/tiktok (retry #1) (337ms)
  ✘  3553 [mobile-chrome] › e2e/admin-api-sweep.spec.ts:229:7 › Admin API route sweep (authenticated) › GET /api/admin/campaigns/tiktok/insights (323ms)
  ✘  3554 [mobile-chrome] › e2e/admin-api-sweep.spec.ts:237:7 › Admin API route sweep (authenticated) › GET /api/admin/campaigns/x (321ms)
  ✘  3555 [mobile-chrome] › e2e/admin-api-sweep.spec.ts:229:7 › Admin API route sweep (authenticated) › GET /api/admin/campaigns/tiktok/insights (retry #1) (343ms)
  ✘  3556 [mobile-chrome] › e2e/admin-api-sweep.spec.ts:237:7 › Admin API route sweep (authenticated) › GET /api/admin/campaigns/x (retry #1) (339ms)
  ✘  3557 [mobile-chrome] › e2e/admin-api-sweep.spec.ts:245:7 › Admin API route sweep (authenticated) › GET /api/admin/campaigns/x/insights (322ms)
  ✘  3558 [mobile-chrome] › e2e/admin-api-sweep.spec.ts:253:7 › Admin API route sweep (authenticated) › GET /api/admin/client-portals (323ms)
  ✘  3559 [mobile-chrome] › e2e/admin-api-sweep.spec.ts:245:7 › Admin API route sweep (authenticated) › GET /api/admin/campaigns/x/insights (retry #1) (336ms)
  ✘  3560 [mobile-chrome] › e2e/admin-api-sweep.spec.ts:253:7 › Admin API route sweep (authenticated) › GET /api/admin/client-portals (retry #1) (338ms)
  ✘  3561 [mobile-chrome] › e2e/admin-api-sweep.spec.ts:261:7 › Admin API route sweep (authenticated) › GET /api/admin/crm/companies (322ms)
  ✘  3562 [mobile-chrome] › e2e/admin-api-sweep.spec.ts:269:7 › Admin API route sweep (authenticated) › GET /api/admin/crm/contacts (321ms)
  ✘  3563 [mobile-chrome] › e2e/admin-api-sweep.spec.ts:261:7 › Admin API route sweep (authenticated) › GET /api/admin/crm/companies (retry #1) (338ms)
  ✘  3564 [mobile-chrome] › e2e/admin-api-sweep.spec.ts:269:7 › Admin API route sweep (authenticated) › GET /api/admin/crm/contacts (retry #1) (336ms)
  ✘  3565 [mobile-chrome] › e2e/admin-api-sweep.spec.ts:277:7 › Admin API route sweep (authenticated) › GET /api/admin/crm/deals (323ms)
  ✘  3566 [mobile-chrome] › e2e/admin-api-sweep.spec.ts:285:7 › Admin API route sweep (authenticated) › GET /api/admin/crm/owners (321ms)
  ✘  3567 [mobile-chrome] › e2e/admin-api-sweep.spec.ts:277:7 › Admin API route sweep (authenticated) › GET /api/admin/crm/deals (retry #1) (337ms)
  ✘  3568 [mobile-chrome] › e2e/admin-api-sweep.spec.ts:285:7 › Admin API route sweep (authenticated) › GET /api/admin/crm/owners (retry #1) (338ms)
  ✘  3569 [mobile-chrome] › e2e/admin-api-sweep.spec.ts:293:7 › Admin API route sweep (authenticated) › GET /api/admin/crm/pipelines (322ms)
  ✘  3570 [mobile-chrome] › e2e/admin-api-sweep.spec.ts:301:7 › Admin API route sweep (authenticated) › GET /api/admin/crm/tickets (323ms)
  ✘  3571 [mobile-chrome] › e2e/admin-api-sweep.spec.ts:293:7 › Admin API route sweep (authenticated) › GET /api/admin/crm/pipelines (retry #1) (335ms)
  ✘  3572 [mobile-chrome] › e2e/admin-api-sweep.spec.ts:301:7 › Admin API route sweep (authenticated) › GET /api/admin/crm/tickets (retry #1) (334ms)
  ✘  3573 [mobile-chrome] › e2e/admin-api-sweep.spec.ts:309:7 › Admin API route sweep (authenticated) › GET /api/admin/email/automations (324ms)
  ✘  3574 [mobile-chrome] › e2e/admin-api-sweep.spec.ts:317:7 › Admin API route sweep (authenticated) › GET /api/admin/email/campaigns (322ms)
  ✘  3575 [mobile-chrome] › e2e/admin-api-sweep.spec.ts:309:7 › Admin API route sweep (authenticated) › GET /api/admin/email/automations (retry #1) (338ms)
  ✘  3576 [mobile-chrome] › e2e/admin-api-sweep.spec.ts:317:7 › Admin API route sweep (authenticated) › GET /api/admin/email/campaigns (retry #1) (341ms)
  ✘  3577 [mobile-chrome] › e2e/admin-api-sweep.spec.ts:325:7 › Admin API route sweep (authenticated) › GET /api/admin/email/contacts (326ms)
  ✘  3578 [mobile-chrome] › e2e/admin-api-sweep.spec.ts:333:7 › Admin API route sweep (authenticated) › GET /api/admin/email/lists (324ms)
  ✘  3579 [mobile-chrome] › e2e/admin-api-sweep.spec.ts:325:7 › Admin API route sweep (authenticated) › GET /api/admin/email/contacts (retry #1) (342ms)
  ✘  3580 [mobile-chrome] › e2e/admin-api-sweep.spec.ts:333:7 › Admin API route sweep (authenticated) › GET /api/admin/email/lists (retry #1) (340ms)
  ✘  3581 [mobile-chrome] › e2e/admin-api-sweep.spec.ts:341:7 › Admin API route sweep (authenticated) › GET /api/admin/email/stats (322ms)
  ✘  3582 [mobile-chrome] › e2e/admin-api-sweep.spec.ts:349:7 › Admin API route sweep (authenticated) › GET /api/admin/esp32 (322ms)
  ✘  3583 [mobile-chrome] › e2e/admin-api-sweep.spec.ts:341:7 › Admin API route sweep (authenticated) › GET /api/admin/email/stats (retry #1) (338ms)
  ✘  3584 [mobile-chrome] › e2e/admin-api-sweep.spec.ts:349:7 › Admin API route sweep (authenticated) › GET /api/admin/esp32 (retry #1) (343ms)
  ✘  3585 [mobile-chrome] › e2e/admin-api-sweep.spec.ts:357:7 › Admin API route sweep (authenticated) › GET /api/admin/esp32/notion-sync (326ms)
  ✘  3586 [mobile-chrome] › e2e/admin-api-sweep.spec.ts:365:7 › Admin API route sweep (authenticated) › GET /api/admin/integrations/status (324ms)
  ✘  3587 [mobile-chrome] › e2e/admin-api-sweep.spec.ts:357:7 › Admin API route sweep (authenticated) › GET /api/admin/esp32/notion-sync (retry #1) (338ms)
  ✘  3588 [mobile-chrome] › e2e/admin-api-sweep.spec.ts:365:7 › Admin API route sweep (authenticated) › GET /api/admin/integrations/status (retry #1) (337ms)
  ✘  3589 [mobile-chrome] › e2e/admin-api-sweep.spec.ts:373:7 › Admin API route sweep (authenticated) › GET /api/admin/kpi (322ms)
  ✘  3590 [mobile-chrome] › e2e/admin-api-sweep.spec.ts:381:7 › Admin API route sweep (authenticated) › GET /api/admin/notifications (327ms)
  ✘  3591 [mobile-chrome] › e2e/admin-api-sweep.spec.ts:373:7 › Admin API route sweep (authenticated) › GET /api/admin/kpi (retry #1) (340ms)
  ✘  3592 [mobile-chrome] › e2e/admin-api-sweep.spec.ts:381:7 › Admin API route sweep (authenticated) › GET /api/admin/notifications (retry #1) (345ms)
  ✘  3593 [mobile-chrome] › e2e/admin-api-sweep.spec.ts:389:7 › Admin API route sweep (authenticated) › GET /api/admin/notifications/test (323ms)
  ✘  3594 [mobile-chrome] › e2e/admin-api-sweep.spec.ts:397:7 › Admin API route sweep (authenticated) › GET /api/admin/notion/analytics (324ms)
  ✘  3595 [mobile-chrome] › e2e/admin-api-sweep.spec.ts:389:7 › Admin API route sweep (authenticated) › GET /api/admin/notifications/test (retry #1) (345ms)
  ✘  3596 [mobile-chrome] › e2e/admin-api-sweep.spec.ts:397:7 › Admin API route sweep (authenticated) › GET /api/admin/notion/analytics (retry #1) (337ms)
  ✘  3597 [mobile-chrome] › e2e/admin-api-sweep.spec.ts:405:7 › Admin API route sweep (authenticated) › GET /api/admin/notion/blog (322ms)
  ✘  3598 [mobile-chrome] › e2e/admin-api-sweep.spec.ts:413:7 › Admin API route sweep (authenticated) › GET /api/admin/notion/comments (324ms)
  ✘  3599 [mobile-chrome] › e2e/admin-api-sweep.spec.ts:405:7 › Admin API route sweep (authenticated) › GET /api/admin/notion/blog (retry #1) (339ms)
  ✘  3600 [mobile-chrome] › e2e/admin-api-sweep.spec.ts:413:7 › Admin API route sweep (authenticated) › GET /api/admin/notion/comments (retry #1) (337ms)
  ✘  3601 [mobile-chrome] › e2e/admin-api-sweep.spec.ts:421:7 › Admin API route sweep (authenticated) › GET /api/admin/notion/docs (322ms)
  ✘  3602 [mobile-chrome] › e2e/admin-api-sweep.spec.ts:429:7 › Admin API route sweep (authenticated) › GET /api/admin/notion/projects (321ms)
  ✘  3603 [mobile-chrome] › e2e/admin-api-sweep.spec.ts:421:7 › Admin API route sweep (authenticated) › GET /api/admin/notion/docs (retry #1) (338ms)
  ✘  3604 [mobile-chrome] › e2e/admin-api-sweep.spec.ts:429:7 › Admin API route sweep (authenticated) › GET /api/admin/notion/projects (retry #1) (335ms)
  ✘  3605 [mobile-chrome] › e2e/admin-api-sweep.spec.ts:437:7 › Admin API route sweep (authenticated) › GET /api/admin/notion/search (321ms)
  ✘  3606 [mobile-chrome] › e2e/admin-api-sweep.spec.ts:445:7 › Admin API route sweep (authenticated) › GET /api/admin/notion/status (322ms)
  ✘  3607 [mobile-chrome] › e2e/admin-api-sweep.spec.ts:437:7 › Admin API route sweep (authenticated) › GET /api/admin/notion/search (retry #1) (338ms)
  ✘  3608 [mobile-chrome] › e2e/admin-api-sweep.spec.ts:445:7 › Admin API route sweep (authenticated) › GET /api/admin/notion/status (retry #1) (338ms)
  ✘  3609 [mobile-chrome] › e2e/admin-api-sweep.spec.ts:453:7 › Admin API route sweep (authenticated) › GET /api/admin/notion/submissions (330ms)
  ✘  3610 [mobile-chrome] › e2e/admin-api-sweep.spec.ts:461:7 › Admin API route sweep (authenticated) › GET /api/admin/notion/tasks (326ms)
  ✘  3611 [mobile-chrome] › e2e/admin-api-sweep.spec.ts:453:7 › Admin API route sweep (authenticated) › GET /api/admin/notion/submissions (retry #1) (338ms)
  ✘  3612 [mobile-chrome] › e2e/admin-api-sweep.spec.ts:461:7 › Admin API route sweep (authenticated) › GET /api/admin/notion/tasks (retry #1) (336ms)
  ✘  3613 [mobile-chrome] › e2e/admin-api-sweep.spec.ts:469:7 › Admin API route sweep (authenticated) › GET /api/admin/ops/errors (323ms)
  ✘  3614 [mobile-chrome] › e2e/admin-api-sweep.spec.ts:477:7 › Admin API route sweep (authenticated) › GET /api/admin/ops/monitor (321ms)
  ✘  3615 [mobile-chrome] › e2e/admin-api-sweep.spec.ts:469:7 › Admin API route sweep (authenticated) › GET /api/admin/ops/errors (retry #1) (337ms)
  ✘  3616 [mobile-chrome] › e2e/admin-api-sweep.spec.ts:477:7 › Admin API route sweep (authenticated) › GET /api/admin/ops/monitor (retry #1) (339ms)
  ✘  3617 [mobile-chrome] › e2e/admin-api-sweep.spec.ts:485:7 › Admin API route sweep (authenticated) › GET /api/admin/orders (323ms)
  ✘  3618 [mobile-chrome] › e2e/admin-api-sweep.spec.ts:493:7 › Admin API route sweep (authenticated) › GET /api/admin/pending-clients (322ms)
  ✘  3619 [mobile-chrome] › e2e/admin-api-sweep.spec.ts:485:7 › Admin API route sweep (authenticated) › GET /api/admin/orders (retry #1) (338ms)
  ✘  3620 [mobile-chrome] › e2e/admin-api-sweep.spec.ts:493:7 › Admin API route sweep (authenticated) › GET /api/admin/pending-clients (retry #1) (356ms)
  ✘  3621 [mobile-chrome] › e2e/admin-api-sweep.spec.ts:501:7 › Admin API route sweep (authenticated) › GET /api/admin/pipeline/board (323ms)
  ✘  3622 [mobile-chrome] › e2e/admin-api-sweep.spec.ts:509:7 › Admin API route sweep (authenticated) › GET /api/admin/pipeline/stats (325ms)
  ✘  3623 [mobile-chrome] › e2e/admin-api-sweep.spec.ts:501:7 › Admin API route sweep (authenticated) › GET /api/admin/pipeline/board (retry #1) (337ms)
  ✘  3624 [mobile-chrome] › e2e/admin-api-sweep.spec.ts:509:7 › Admin API route sweep (authenticated) › GET /api/admin/pipeline/stats (retry #1) (339ms)
  ✘  3625 [mobile-chrome] › e2e/admin-api-sweep.spec.ts:517:7 › Admin API route sweep (authenticated) › GET /api/admin/reports (322ms)
  ✘  3626 [mobile-chrome] › e2e/admin-api-sweep.spec.ts:525:7 › Admin API route sweep (authenticated) › GET /api/admin/reports/generate (323ms)
  ✘  3627 [mobile-chrome] › e2e/admin-api-sweep.spec.ts:517:7 › Admin API route sweep (authenticated) › GET /api/admin/reports (retry #1) (339ms)
  ✘  3628 [mobile-chrome] › e2e/admin-api-sweep.spec.ts:525:7 › Admin API route sweep (authenticated) › GET /api/admin/reports/generate (retry #1) (341ms)
  ✘  3629 [mobile-chrome] › e2e/admin-api-sweep.spec.ts:533:7 › Admin API route sweep (authenticated) › GET /api/admin/subscriptions (322ms)
  ✘  3630 [mobile-chrome] › e2e/admin-api-sweep.spec.ts:541:7 › Admin API route sweep (authenticated) › GET /api/admin/users (323ms)
  ✘  3631 [mobile-chrome] › e2e/admin-api-sweep.spec.ts:533:7 › Admin API route sweep (authenticated) › GET /api/admin/subscriptions (retry #1) (339ms)
  ✘  3632 [mobile-chrome] › e2e/admin-api-sweep.spec.ts:541:7 › Admin API route sweep (authenticated) › GET /api/admin/users (retry #1) (339ms)
  ✘  3633 [mobile-chrome] › e2e/admin-api-sweep.spec.ts:549:7 › Admin API route sweep (authenticated) › GET /api/admin/voice-brief (324ms)
  ✘  3634 [mobile-chrome] › e2e/admin-api-sweep.spec.ts:557:7 › Admin API route sweep (authenticated) › GET /api/admin/workspaces (326ms)
  ✘  3635 [mobile-chrome] › e2e/admin-api-sweep.spec.ts:549:7 › Admin API route sweep (authenticated) › GET /api/admin/voice-brief (retry #1) (345ms)
  ✘  3636 [mobile-chrome] › e2e/admin-api-sweep.spec.ts:557:7 › Admin API route sweep (authenticated) › GET /api/admin/workspaces (retry #1) (343ms)
  ✘  3637 [mobile-chrome] › e2e/admin-appflowy-cms-api.spec.ts:69:9 › Admin AppFlowy CMS APIs — unauthenticated › GET /api/admin/appflowy/case-studies rejects anon (320ms)
  ✘  3638 [mobile-chrome] › e2e/admin-appflowy-cms-api.spec.ts:74:9 › Admin AppFlowy CMS APIs — unauthenticated › POST /api/admin/appflowy/case-studies rejects anon (321ms)
  ✘  3639 [mobile-chrome] › e2e/admin-appflowy-cms-api.spec.ts:69:9 › Admin AppFlowy CMS APIs — unauthenticated › GET /api/admin/appflowy/case-studies rejects anon (retry #1) (334ms)
  ✘  3640 [mobile-chrome] › e2e/admin-appflowy-cms-api.spec.ts:74:9 › Admin AppFlowy CMS APIs — unauthenticated › POST /api/admin/appflowy/case-studies rejects anon (retry #1) (336ms)
  ✘  3641 [mobile-chrome] › e2e/admin-appflowy-cms-api.spec.ts:84:9 › Admin AppFlowy CMS APIs — unauthenticated › PATCH /api/admin/appflowy/case-studies rejects anon (321ms)
  ✘  3642 [mobile-chrome] › e2e/admin-appflowy-cms-api.spec.ts:97:9 › Admin AppFlowy CMS APIs — unauthenticated › DELETE /api/admin/appflowy/case-studies rejects anon (321ms)
  ✘  3643 [mobile-chrome] › e2e/admin-appflowy-cms-api.spec.ts:84:9 › Admin AppFlowy CMS APIs — unauthenticated › PATCH /api/admin/appflowy/case-studies rejects anon (retry #1) (335ms)
  ✘  3644 [mobile-chrome] › e2e/admin-appflowy-cms-api.spec.ts:97:9 › Admin AppFlowy CMS APIs — unauthenticated › DELETE /api/admin/appflowy/case-studies rejects anon (retry #1) (336ms)
  ✘  3645 [mobile-chrome] › e2e/admin-appflowy-cms-api.spec.ts:69:9 › Admin AppFlowy CMS APIs — unauthenticated › GET /api/admin/appflowy/faqs rejects anon (324ms)
  ✘  3646 [mobile-chrome] › e2e/admin-appflowy-cms-api.spec.ts:74:9 › Admin AppFlowy CMS APIs — unauthenticated › POST /api/admin/appflowy/faqs rejects anon (321ms)
  ✘  3647 [mobile-chrome] › e2e/admin-appflowy-cms-api.spec.ts:69:9 › Admin AppFlowy CMS APIs — unauthenticated › GET /api/admin/appflowy/faqs rejects anon (retry #1) (336ms)
  ✘  3648 [mobile-chrome] › e2e/admin-appflowy-cms-api.spec.ts:74:9 › Admin AppFlowy CMS APIs — unauthenticated › POST /api/admin/appflowy/faqs rejects anon (retry #1) (350ms)
  ✘  3649 [mobile-chrome] › e2e/admin-appflowy-cms-api.spec.ts:84:9 › Admin AppFlowy CMS APIs — unauthenticated › PATCH /api/admin/appflowy/faqs rejects anon (321ms)
  ✘  3650 [mobile-chrome] › e2e/admin-appflowy-cms-api.spec.ts:97:9 › Admin AppFlowy CMS APIs — unauthenticated › DELETE /api/admin/appflowy/faqs rejects anon (322ms)
  ✘  3651 [mobile-chrome] › e2e/admin-appflowy-cms-api.spec.ts:84:9 › Admin AppFlowy CMS APIs — unauthenticated › PATCH /api/admin/appflowy/faqs rejects anon (retry #1) (338ms)
  ✘  3652 [mobile-chrome] › e2e/admin-appflowy-cms-api.spec.ts:97:9 › Admin AppFlowy CMS APIs — unauthenticated › DELETE /api/admin/appflowy/faqs rejects anon (retry #1) (333ms)
  ✘  3653 [mobile-chrome] › e2e/admin-appflowy-cms-api.spec.ts:69:9 › Admin AppFlowy CMS APIs — unauthenticated › GET /api/admin/appflowy/services rejects anon (321ms)
  ✘  3654 [mobile-chrome] › e2e/admin-appflowy-cms-api.spec.ts:74:9 › Admin AppFlowy CMS APIs — unauthenticated › POST /api/admin/appflowy/services rejects anon (322ms)
  ✘  3655 [mobile-chrome] › e2e/admin-appflowy-cms-api.spec.ts:69:9 › Admin AppFlowy CMS APIs — unauthenticated › GET /api/admin/appflowy/services rejects anon (retry #1) (342ms)
  ✘  3656 [mobile-chrome] › e2e/admin-appflowy-cms-api.spec.ts:74:9 › Admin AppFlowy CMS APIs — unauthenticated › POST /api/admin/appflowy/services rejects anon (retry #1) (341ms)
  ✘  3657 [mobile-chrome] › e2e/admin-appflowy-cms-api.spec.ts:84:9 › Admin AppFlowy CMS APIs — unauthenticated › PATCH /api/admin/appflowy/services rejects anon (322ms)
  ✘  3658 [mobile-chrome] › e2e/admin-appflowy-cms-api.spec.ts:97:9 › Admin AppFlowy CMS APIs — unauthenticated › DELETE /api/admin/appflowy/services rejects anon (321ms)
  ✘  3659 [mobile-chrome] › e2e/admin-appflowy-cms-api.spec.ts:84:9 › Admin AppFlowy CMS APIs — unauthenticated › PATCH /api/admin/appflowy/services rejects anon (retry #1) (339ms)
  ✘  3660 [mobile-chrome] › e2e/admin-appflowy-cms-api.spec.ts:97:9 › Admin AppFlowy CMS APIs — unauthenticated › DELETE /api/admin/appflowy/services rejects anon (retry #1) (338ms)
  ✘  3661 [mobile-chrome] › e2e/admin-appflowy-cms-api.spec.ts:69:9 › Admin AppFlowy CMS APIs — unauthenticated › GET /api/admin/appflowy/testimonials rejects anon (322ms)
  ✘  3662 [mobile-chrome] › e2e/admin-appflowy-cms-api.spec.ts:74:9 › Admin AppFlowy CMS APIs — unauthenticated › POST /api/admin/appflowy/testimonials rejects anon (321ms)
  ✘  3663 [mobile-chrome] › e2e/admin-appflowy-cms-api.spec.ts:69:9 › Admin AppFlowy CMS APIs — unauthenticated › GET /api/admin/appflowy/testimonials rejects anon (retry #1) (339ms)
  ✘  3664 [mobile-chrome] › e2e/admin-appflowy-cms-api.spec.ts:74:9 › Admin AppFlowy CMS APIs — unauthenticated › POST /api/admin/appflowy/testimonials rejects anon (retry #1) (336ms)
  ✘  3665 [mobile-chrome] › e2e/admin-appflowy-cms-api.spec.ts:84:9 › Admin AppFlowy CMS APIs — unauthenticated › PATCH /api/admin/appflowy/testimonials rejects anon (324ms)
  ✘  3666 [mobile-chrome] › e2e/admin-appflowy-cms-api.spec.ts:97:9 › Admin AppFlowy CMS APIs — unauthenticated › DELETE /api/admin/appflowy/testimonials rejects anon (322ms)
  ✘  3667 [mobile-chrome] › e2e/admin-appflowy-cms-api.spec.ts:84:9 › Admin AppFlowy CMS APIs — unauthenticated › PATCH /api/admin/appflowy/testimonials rejects anon (retry #1) (341ms)
  ✘  3668 [mobile-chrome] › e2e/admin-appflowy-cms-api.spec.ts:97:9 › Admin AppFlowy CMS APIs — unauthenticated › DELETE /api/admin/appflowy/testimonials rejects anon (retry #1) (341ms)
  ✘  3669 [mobile-chrome] › e2e/admin-appflowy-cms-api.spec.ts:105:7 › Admin AppFlowy CMS APIs — unauthenticated › Bearer with garbage token still rejected (324ms)
  ✘  3670 [mobile-chrome] › e2e/admin-appflowy-cms-api.spec.ts:116:9 › Admin AppFlowy CMS APIs — authenticated › GET /api/admin/appflowy/case-studies passes auth gate and matches shape when 200 (321ms)
  ✘  3671 [mobile-chrome] › e2e/admin-appflowy-cms-api.spec.ts:105:7 › Admin AppFlowy CMS APIs — unauthenticated › Bearer with garbage token still rejected (retry #1) (334ms)
  ✘  3672 [mobile-chrome] › e2e/admin-appflowy-cms-api.spec.ts:116:9 › Admin AppFlowy CMS APIs — authenticated › GET /api/admin/appflowy/case-studies passes auth gate and matches shape when 200 (retry #1) (337ms)
  ✘  3673 [mobile-chrome] › e2e/admin-appflowy-cms-api.spec.ts:138:9 › Admin AppFlowy CMS APIs — authenticated › POST /api/admin/appflowy/case-studies rejects invalid JSON (AppFlowy admin contract) (321ms)
  ✘  3674 [mobile-chrome] › e2e/admin-appflowy-cms-api.spec.ts:156:9 › Admin AppFlowy CMS APIs — authenticated › POST /api/admin/appflowy/case-studies rejects body missing required field (AppFlowy contract) (321ms)
  ✘  3675 [mobile-chrome] › e2e/admin-appflowy-cms-api.spec.ts:138:9 › Admin AppFlowy CMS APIs — authenticated › POST /api/admin/appflowy/case-studies rejects invalid JSON (AppFlowy admin contract) (retry #1) (336ms)
  ✘  3676 [mobile-chrome] › e2e/admin-appflowy-cms-api.spec.ts:156:9 › Admin AppFlowy CMS APIs — authenticated › POST /api/admin/appflowy/case-studies rejects body missing required field (AppFlowy contract) (retry #1) (335ms)
  ✘  3677 [mobile-chrome] › e2e/admin-appflowy-cms-api.spec.ts:166:9 › Admin AppFlowy CMS APIs — authenticated › PATCH /api/admin/appflowy/case-studies handles missing pageId (AppFlowy contract) (323ms)
  ✘  3678 [mobile-chrome] › e2e/admin-appflowy-cms-api.spec.ts:178:9 › Admin AppFlowy CMS APIs — authenticated › DELETE /api/admin/appflowy/case-studies is routed to AppFlowy UI (501 expected) (321ms)
  ✘  3679 [mobile-chrome] › e2e/admin-appflowy-cms-api.spec.ts:166:9 › Admin AppFlowy CMS APIs — authenticated › PATCH /api/admin/appflowy/case-studies handles missing pageId (AppFlowy contract) (retry #1) (336ms)
  ✘  3680 [mobile-chrome] › e2e/admin-appflowy-cms-api.spec.ts:178:9 › Admin AppFlowy CMS APIs — authenticated › DELETE /api/admin/appflowy/case-studies is routed to AppFlowy UI (501 expected) (retry #1) (336ms)
  ✘  3681 [mobile-chrome] › e2e/admin-appflowy-cms-api.spec.ts:116:9 › Admin AppFlowy CMS APIs — authenticated › GET /api/admin/appflowy/faqs passes auth gate and matches shape when 200 (322ms)
  ✘  3682 [mobile-chrome] › e2e/admin-appflowy-cms-api.spec.ts:138:9 › Admin AppFlowy CMS APIs — authenticated › POST /api/admin/appflowy/faqs rejects invalid JSON (AppFlowy admin contract) (319ms)
  ✘  3683 [mobile-chrome] › e2e/admin-appflowy-cms-api.spec.ts:116:9 › Admin AppFlowy CMS APIs — authenticated › GET /api/admin/appflowy/faqs passes auth gate and matches shape when 200 (retry #1) (336ms)
  ✘  3684 [mobile-chrome] › e2e/admin-appflowy-cms-api.spec.ts:138:9 › Admin AppFlowy CMS APIs — authenticated › POST /api/admin/appflowy/faqs rejects invalid JSON (AppFlowy admin contract) (retry #1) (335ms)
  ✘  3685 [mobile-chrome] › e2e/admin-appflowy-cms-api.spec.ts:156:9 › Admin AppFlowy CMS APIs — authenticated › POST /api/admin/appflowy/faqs rejects body missing required field (AppFlowy contract) (322ms)
  ✘  3686 [mobile-chrome] › e2e/admin-appflowy-cms-api.spec.ts:166:9 › Admin AppFlowy CMS APIs — authenticated › PATCH /api/admin/appflowy/faqs handles missing pageId (AppFlowy contract) (321ms)
  ✘  3687 [mobile-chrome] › e2e/admin-appflowy-cms-api.spec.ts:156:9 › Admin AppFlowy CMS APIs — authenticated › POST /api/admin/appflowy/faqs rejects body missing required field (AppFlowy contract) (retry #1) (336ms)
  ✘  3688 [mobile-chrome] › e2e/admin-appflowy-cms-api.spec.ts:166:9 › Admin AppFlowy CMS APIs — authenticated › PATCH /api/admin/appflowy/faqs handles missing pageId (AppFlowy contract) (retry #1) (335ms)
  ✘  3689 [mobile-chrome] › e2e/admin-appflowy-cms-api.spec.ts:178:9 › Admin AppFlowy CMS APIs — authenticated › DELETE /api/admin/appflowy/faqs is routed to AppFlowy UI (501 expected) (322ms)
  ✘  3690 [mobile-chrome] › e2e/admin-appflowy-cms-api.spec.ts:116:9 › Admin AppFlowy CMS APIs — authenticated › GET /api/admin/appflowy/services passes auth gate and matches shape when 200 (322ms)
  ✘  3691 [mobile-chrome] › e2e/admin-appflowy-cms-api.spec.ts:178:9 › Admin AppFlowy CMS APIs — authenticated › DELETE /api/admin/appflowy/faqs is routed to AppFlowy UI (501 expected) (retry #1) (336ms)
  ✘  3692 [mobile-chrome] › e2e/admin-appflowy-cms-api.spec.ts:116:9 › Admin AppFlowy CMS APIs — authenticated › GET /api/admin/appflowy/services passes auth gate and matches shape when 200 (retry #1) (336ms)
  ✘  3693 [mobile-chrome] › e2e/admin-appflowy-cms-api.spec.ts:138:9 › Admin AppFlowy CMS APIs — authenticated › POST /api/admin/appflowy/services rejects invalid JSON (AppFlowy admin contract) (324ms)
  ✘  3694 [mobile-chrome] › e2e/admin-appflowy-cms-api.spec.ts:156:9 › Admin AppFlowy CMS APIs — authenticated › POST /api/admin/appflowy/services rejects body missing required field (AppFlowy contract) (331ms)
  ✘  3695 [mobile-chrome] › e2e/admin-appflowy-cms-api.spec.ts:138:9 › Admin AppFlowy CMS APIs — authenticated › POST /api/admin/appflowy/services rejects invalid JSON (AppFlowy admin contract) (retry #1) (336ms)
  ✘  3696 [mobile-chrome] › e2e/admin-appflowy-cms-api.spec.ts:156:9 › Admin AppFlowy CMS APIs — authenticated › POST /api/admin/appflowy/services rejects body missing required field (AppFlowy contract) (retry #1) (336ms)
  ✘  3697 [mobile-chrome] › e2e/admin-appflowy-cms-api.spec.ts:166:9 › Admin AppFlowy CMS APIs — authenticated › PATCH /api/admin/appflowy/services handles missing pageId (AppFlowy contract) (322ms)
  ✘  3698 [mobile-chrome] › e2e/admin-appflowy-cms-api.spec.ts:178:9 › Admin AppFlowy CMS APIs — authenticated › DELETE /api/admin/appflowy/services is routed to AppFlowy UI (501 expected) (321ms)
  ✘  3699 [mobile-chrome] › e2e/admin-appflowy-cms-api.spec.ts:166:9 › Admin AppFlowy CMS APIs — authenticated › PATCH /api/admin/appflowy/services handles missing pageId (AppFlowy contract) (retry #1) (337ms)
  ✘  3700 [mobile-chrome] › e2e/admin-appflowy-cms-api.spec.ts:178:9 › Admin AppFlowy CMS APIs — authenticated › DELETE /api/admin/appflowy/services is routed to AppFlowy UI (501 expected) (retry #1) (339ms)
  ✘  3701 [mobile-chrome] › e2e/admin-appflowy-cms-api.spec.ts:116:9 › Admin AppFlowy CMS APIs — authenticated › GET /api/admin/appflowy/testimonials passes auth gate and matches shape when 200 (322ms)
  ✘  3702 [mobile-chrome] › e2e/admin-appflowy-cms-api.spec.ts:138:9 › Admin AppFlowy CMS APIs — authenticated › POST /api/admin/appflowy/testimonials rejects invalid JSON (AppFlowy admin contract) (322ms)
  ✘  3703 [mobile-chrome] › e2e/admin-appflowy-cms-api.spec.ts:116:9 › Admin AppFlowy CMS APIs — authenticated › GET /api/admin/appflowy/testimonials passes auth gate and matches shape when 200 (retry #1) (336ms)
  ✘  3704 [mobile-chrome] › e2e/admin-appflowy-cms-api.spec.ts:138:9 › Admin AppFlowy CMS APIs — authenticated › POST /api/admin/appflowy/testimonials rejects invalid JSON (AppFlowy admin contract) (retry #1) (334ms)
  ✘  3705 [mobile-chrome] › e2e/admin-appflowy-cms-api.spec.ts:156:9 › Admin AppFlowy CMS APIs — authenticated › POST /api/admin/appflowy/testimonials rejects body missing required field (AppFlowy contract) (321ms)
  ✘  3706 [mobile-chrome] › e2e/admin-appflowy-cms-api.spec.ts:166:9 › Admin AppFlowy CMS APIs — authenticated › PATCH /api/admin/appflowy/testimonials handles missing pageId (AppFlowy contract) (321ms)
  ✘  3707 [mobile-chrome] › e2e/admin-appflowy-cms-api.spec.ts:156:9 › Admin AppFlowy CMS APIs — authenticated › POST /api/admin/appflowy/testimonials rejects body missing required field (AppFlowy contract) (retry #1) (336ms)
  ✘  3708 [mobile-chrome] › e2e/admin-appflowy-cms-api.spec.ts:166:9 › Admin AppFlowy CMS APIs — authenticated › PATCH /api/admin/appflowy/testimonials handles missing pageId (AppFlowy contract) (retry #1) (339ms)
  ✘  3709 [mobile-chrome] › e2e/admin-appflowy-cms-api.spec.ts:178:9 › Admin AppFlowy CMS APIs — authenticated › DELETE /api/admin/appflowy/testimonials is routed to AppFlowy UI (501 expected) (322ms)
  ✘  3710 [mobile-chrome] › e2e/admin-client-portals.spec.ts:8:7 › Admin client-portals › unauth API GET → 401 (318ms)
  ✘  3711 [mobile-chrome] › e2e/admin-appflowy-cms-api.spec.ts:178:9 › Admin AppFlowy CMS APIs — authenticated › DELETE /api/admin/appflowy/testimonials is routed to AppFlowy UI (501 expected) (retry #1) (339ms)
  ✘  3712 [mobile-chrome] › e2e/admin-client-portals.spec.ts:8:7 › Admin client-portals › unauth API GET → 401 (retry #1) (336ms)
  ✘  3713 [mobile-chrome] › e2e/admin-client-portals.spec.ts:13:7 › Admin client-portals › authed API GET → 200 + portals[] with health (321ms)
  ✘  3714 [mobile-chrome] › e2e/admin-client-portals.spec.ts:23:7 › Admin client-portals › authed API POST without clientEmail → 400 (322ms)
  ✘  3715 [mobile-chrome] › e2e/admin-client-portals.spec.ts:13:7 › Admin client-portals › authed API GET → 200 + portals[] with health (retry #1) (334ms)
  ✘  3716 [mobile-chrome] › e2e/admin-client-portals.spec.ts:23:7 › Admin client-portals › authed API POST without clientEmail → 400 (retry #1) (337ms)
  ✘  3717 [mobile-chrome] › e2e/admin-client-portals.spec.ts:31:7 › Admin client-portals › authed POST creates portal with default 6 steps, GET lists it (322ms)
  ✘  3718 [mobile-chrome] › e2e/admin-client-portals.spec.ts:63:7 › Admin client-portals › page does not expose admin UI when unauth (211ms)
  ✘  3719 [mobile-chrome] › e2e/admin-client-portals.spec.ts:31:7 › Admin client-portals › authed POST creates portal with default 6 steps, GET lists it (retry #1) (336ms)
  ✘  3720 [mobile-chrome] › e2e/admin-client-portals.spec.ts:63:7 › Admin client-portals › page does not expose admin UI when unauth (retry #1) (233ms)
  ✘  3721 [mobile-chrome] › e2e/admin-client-portals.spec.ts:75:7 › Admin client-portals › page renders with E2E admin cookie (247ms)
  -  3722 [mobile-chrome] › e2e/admin-cms.spec.ts:44:9 › Admin CMS pages › renders /admin/cms/case-studies
  -  3723 [mobile-chrome] › e2e/admin-cms.spec.ts:44:9 › Admin CMS pages › renders /admin/cms/faqs
  -  3724 [mobile-chrome] › e2e/admin-cms.spec.ts:44:9 › Admin CMS pages › renders /admin/cms/services
  -  3726 [mobile-chrome] › e2e/admin-cms.spec.ts:44:9 › Admin CMS pages › renders /admin/cms/testimonials
  ✘  3725 [mobile-chrome] › e2e/admin-client-portals.spec.ts:75:7 › Admin client-portals › page renders with E2E admin cookie (retry #1) (270ms)
  -  3727 [mobile-chrome] › e2e/admin-cms.spec.ts:64:7 › Admin CMS pages › CMS pages are gated by admin
  ✘  3728 [mobile-chrome] › e2e/admin-crm-api.spec.mts:58:5 › Admin CRM/Client-Portal APIs — unauthenticated › GET /api/admin/crm/companies rejects anon (323ms)
  ✘  3729 [mobile-chrome] › e2e/admin-crm-api.spec.mts:58:5 › Admin CRM/Client-Portal APIs — unauthenticated › GET /api/admin/crm/contacts rejects anon (320ms)
  ✘  3730 [mobile-chrome] › e2e/admin-crm-api.spec.mts:58:5 › Admin CRM/Client-Portal APIs — unauthenticated › GET /api/admin/crm/companies rejects anon (retry #1) (333ms)
  ✘  3731 [mobile-chrome] › e2e/admin-crm-api.spec.mts:58:5 › Admin CRM/Client-Portal APIs — unauthenticated › GET /api/admin/crm/contacts rejects anon (retry #1) (336ms)
  ✘  3732 [mobile-chrome] › e2e/admin-crm-api.spec.mts:58:5 › Admin CRM/Client-Portal APIs — unauthenticated › GET /api/admin/crm/deals rejects anon (322ms)
  ✘  3733 [mobile-chrome] › e2e/admin-crm-api.spec.mts:58:5 › Admin CRM/Client-Portal APIs — unauthenticated › GET /api/admin/client-portals rejects anon (320ms)
  ✘  3734 [mobile-chrome] › e2e/admin-crm-api.spec.mts:58:5 › Admin CRM/Client-Portal APIs — unauthenticated › GET /api/admin/crm/deals rejects anon (retry #1) (332ms)
  ✘  3735 [mobile-chrome] › e2e/admin-crm-api.spec.mts:58:5 › Admin CRM/Client-Portal APIs — unauthenticated › GET /api/admin/client-portals rejects anon (retry #1) (336ms)
  ✘  3736 [mobile-chrome] › e2e/admin-crm-api.spec.mts:69:5 › Admin CRM/Client-Portal APIs — unauthenticated POST › POST /api/admin/crm/contacts returns 405 (method not implemented) (322ms)
  ✘  3737 [mobile-chrome] › e2e/admin-crm-api.spec.mts:69:5 › Admin CRM/Client-Portal APIs — unauthenticated POST › POST /api/admin/crm/companies returns 405 (method not implemented) (322ms)
  ✘  3738 [mobile-chrome] › e2e/admin-crm-api.spec.mts:69:5 › Admin CRM/Client-Portal APIs — unauthenticated POST › POST /api/admin/crm/contacts returns 405 (method not implemented) (retry #1) (336ms)
  ✘  3739 [mobile-chrome] › e2e/admin-crm-api.spec.mts:69:5 › Admin CRM/Client-Portal APIs — unauthenticated POST › POST /api/admin/crm/companies returns 405 (method not implemented) (retry #1) (335ms)
  ✘  3740 [mobile-chrome] › e2e/admin-crm-api.spec.mts:69:5 › Admin CRM/Client-Portal APIs — unauthenticated POST › POST /api/admin/crm/deals returns 405 (method not implemented) (321ms)
  ✘  3741 [mobile-chrome] › e2e/admin-crm-api.spec.mts:69:5 › Admin CRM/Client-Portal APIs — unauthenticated POST › POST /api/admin/client-portals returns 405 (method not implemented) (321ms)
  ✘  3742 [mobile-chrome] › e2e/admin-crm-api.spec.mts:69:5 › Admin CRM/Client-Portal APIs — unauthenticated POST › POST /api/admin/crm/deals returns 405 (method not implemented) (retry #1) (336ms)
  ✘  3743 [mobile-chrome] › e2e/admin-crm-api.spec.mts:69:5 › Admin CRM/Client-Portal APIs — unauthenticated POST › POST /api/admin/client-portals returns 405 (method not implemented) (retry #1) (334ms)
  ✘  3744 [mobile-chrome] › e2e/admin-crm-api.spec.mts:83:5 › Admin CRM/Client-Portal APIs — authenticated › GET /api/admin/crm/contacts responds non-5xx or 401 (auth checked) (322ms)
  ✘  3745 [mobile-chrome] › e2e/admin-crm-api.spec.mts:83:5 › Admin CRM/Client-Portal APIs — authenticated › GET /api/admin/crm/companies responds non-5xx or 401 (auth checked) (322ms)
  ✘  3746 [mobile-chrome] › e2e/admin-crm-api.spec.mts:83:5 › Admin CRM/Client-Portal APIs — authenticated › GET /api/admin/crm/contacts responds non-5xx or 401 (auth checked) (retry #1) (336ms)
  ✘  3747 [mobile-chrome] › e2e/admin-crm-api.spec.mts:83:5 › Admin CRM/Client-Portal APIs — authenticated › GET /api/admin/crm/companies responds non-5xx or 401 (auth checked) (retry #1) (335ms)
  ✘  3748 [mobile-chrome] › e2e/admin-crm-api.spec.mts:83:5 › Admin CRM/Client-Portal APIs — authenticated › GET /api/admin/crm/deals responds non-5xx or 401 (auth checked) (322ms)
  ✘  3749 [mobile-chrome] › e2e/admin-crm-api.spec.mts:83:5 › Admin CRM/Client-Portal APIs — authenticated › GET /api/admin/client-portals responds non-5xx or 401 (auth checked) (321ms)
  ✘  3750 [mobile-chrome] › e2e/admin-crm-api.spec.mts:83:5 › Admin CRM/Client-Portal APIs — authenticated › GET /api/admin/crm/deals responds non-5xx or 401 (auth checked) (retry #1) (338ms)
  ✘  3751 [mobile-chrome] › e2e/admin-crm-api.spec.mts:83:5 › Admin CRM/Client-Portal APIs — authenticated › GET /api/admin/client-portals responds non-5xx or 401 (auth checked) (retry #1) (337ms)
  ✘  3752 [mobile-chrome] › e2e/admin-ops-baseline-deep.spec.ts:32:9 › ops-baseline: auth gate consistency (unauthenticated) › GET /api/admin/users returns 401 without admin token (322ms)
  ✘  3753 [mobile-chrome] › e2e/admin-ops-baseline-deep.spec.ts:32:9 › ops-baseline: auth gate consistency (unauthenticated) › GET /api/admin/integrations/status returns 401 without admin token (321ms)
  ✘  3754 [mobile-chrome] › e2e/admin-ops-baseline-deep.spec.ts:32:9 › ops-baseline: auth gate consistency (unauthenticated) › GET /api/admin/users returns 401 without admin token (retry #1) (337ms)
  ✘  3755 [mobile-chrome] › e2e/admin-ops-baseline-deep.spec.ts:32:9 › ops-baseline: auth gate consistency (unauthenticated) › GET /api/admin/integrations/status returns 401 without admin token (retry #1) (337ms)
  ✘  3756 [mobile-chrome] › e2e/admin-ops-baseline-deep.spec.ts:32:9 › ops-baseline: auth gate consistency (unauthenticated) › GET /api/admin/notifications returns 401 without admin token (323ms)
  ✘  3757 [mobile-chrome] › e2e/admin-ops-baseline-deep.spec.ts:32:9 › ops-baseline: auth gate consistency (unauthenticated) › GET /api/admin/workspaces returns 401 without admin token (323ms)
  ✘  3758 [mobile-chrome] › e2e/admin-ops-baseline-deep.spec.ts:32:9 › ops-baseline: auth gate consistency (unauthenticated) › GET /api/admin/notifications returns 401 without admin token (retry #1) (336ms)
  ✘  3759 [mobile-chrome] › e2e/admin-ops-baseline-deep.spec.ts:32:9 › ops-baseline: auth gate consistency (unauthenticated) › GET /api/admin/workspaces returns 401 without admin token (retry #1) (335ms)
  ✘  3760 [mobile-chrome] › e2e/admin-ops-baseline-deep.spec.ts:38:7 › ops-baseline: auth gate consistency (unauthenticated) › POST /api/admin/cache returns 401 without admin token (325ms)
  ✘  3761 [mobile-chrome] › e2e/admin-ops-baseline-deep.spec.ts:45:7 › ops-baseline: method gating › GET /api/admin/cache is rejected (POST-only by design) (322ms)
  ✘  3762 [mobile-chrome] › e2e/admin-ops-baseline-deep.spec.ts:38:7 › ops-baseline: auth gate consistency (unauthenticated) › POST /api/admin/cache returns 401 without admin token (retry #1) (338ms)
  ✘  3763 [mobile-chrome] › e2e/admin-ops-baseline-deep.spec.ts:45:7 › ops-baseline: method gating › GET /api/admin/cache is rejected (POST-only by design) (retry #1) (337ms)
  ✘  3764 [mobile-chrome] › e2e/admin-ops-baseline-deep.spec.ts:55:7 › ops-baseline: authenticated reads return documented shapes › GET /api/admin/users returns { users, provider, ... } (324ms)
  ✘  3765 [mobile-chrome] › e2e/admin-ops-baseline-deep.spec.ts:68:7 › ops-baseline: authenticated reads return documented shapes › GET /api/admin/integrations/status returns { integrations, summary, checkedAt } (322ms)
  ✘  3766 [mobile-chrome] › e2e/admin-ops-baseline-deep.spec.ts:55:7 › ops-baseline: authenticated reads return documented shapes › GET /api/admin/users returns { users, provider, ... } (retry #1) (336ms)
  ✘  3767 [mobile-chrome] › e2e/admin-ops-baseline-deep.spec.ts:68:7 › ops-baseline: authenticated reads return documented shapes › GET /api/admin/integrations/status returns { integrations, summary, checkedAt } (retry #1) (335ms)
  ✘  3768 [mobile-chrome] › e2e/admin-ops-baseline-deep.spec.ts:81:7 › ops-baseline: authenticated reads return documented shapes › GET /api/admin/notifications returns { notifications: [] } (324ms)
  ✘  3769 [mobile-chrome] › e2e/admin-ops-baseline-deep.spec.ts:92:7 › ops-baseline: authenticated reads return documented shapes › GET /api/admin/workspaces returns { workspaces: [] } (322ms)
  ✘  3770 [mobile-chrome] › e2e/admin-ops-baseline-deep.spec.ts:81:7 › ops-baseline: authenticated reads return documented shapes › GET /api/admin/notifications returns { notifications: [] } (retry #1) (336ms)
  ✘  3771 [mobile-chrome] › e2e/admin-ops-baseline-deep.spec.ts:92:7 › ops-baseline: authenticated reads return documented shapes › GET /api/admin/workspaces returns { workspaces: [] } (retry #1) (337ms)
  ✘  3772 [mobile-chrome] › e2e/admin-ops-baseline-deep.spec.ts:105:7 › ops-baseline: write-side methods accept admin-token › POST /api/admin/cache without body clears all (auth-only) (323ms)
  ✘  3773 [mobile-chrome] › e2e/admin-ops-baseline-deep.spec.ts:114:7 › ops-baseline: write-side methods accept admin-token › PATCH /api/admin/notifications accepts admin-token (321ms)
  ✘  3774 [mobile-chrome] › e2e/admin-ops-baseline-deep.spec.ts:105:7 › ops-baseline: write-side methods accept admin-token › POST /api/admin/cache without body clears all (auth-only) (retry #1) (340ms)
  ✘  3775 [mobile-chrome] › e2e/admin-ops-baseline-deep.spec.ts:114:7 › ops-baseline: write-side methods accept admin-token › PATCH /api/admin/notifications accepts admin-token (retry #1) (338ms)
  ✘  3776 [mobile-chrome] › e2e/admin-ops-baseline-deep.spec.ts:120:7 › ops-baseline: write-side methods accept admin-token › POST /api/admin/workspaces with empty body returns 4xx (validation) (322ms)
  ✘  3777 [mobile-chrome] › e2e/admin-ops-baseline-deep.spec.ts:127:7 › ops-baseline: write-side methods accept admin-token › POST /api/admin/users with empty body returns 4xx (validation) (321ms)
  ✘  3778 [mobile-chrome] › e2e/admin-ops-baseline-deep.spec.ts:120:7 › ops-baseline: write-side methods accept admin-token › POST /api/admin/workspaces with empty body returns 4xx (validation) (retry #1) (337ms)
  ✘  3779 [mobile-chrome] › e2e/admin-ops-baseline-deep.spec.ts:127:7 › ops-baseline: write-side methods accept admin-token › POST /api/admin/users with empty body returns 4xx (validation) (retry #1) (336ms)
  ✘  3780 [mobile-chrome] › e2e/admin-ops-baseline-deep.spec.ts:136:7 › ops-baseline: integration-status ping budget › GET /api/admin/integrations/status resolves in under 30s (321ms)
  ✘  3781 [mobile-chrome] › e2e/admin-pages-deep.spec.mts:38:5 › Admin unauthenticated › unauth /en/admin — does not expose admin content (226ms)
  -  3782 [mobile-chrome] › e2e/admin-pages-deep.spec.mts:38:5 › Admin unauthenticated › unauth /en/admin/ab-tests — does not expose admin content
  -  3783 [mobile-chrome] › e2e/admin-pages-deep.spec.mts:38:5 › Admin unauthenticated › unauth /en/admin/ai-assistant — does not expose admin content
  -  3784 [mobile-chrome] › e2e/admin-pages-deep.spec.mts:38:5 › Admin unauthenticated › unauth /en/admin/ai-generator — does not expose admin content
  -  3785 [mobile-chrome] › e2e/admin-pages-deep.spec.mts:38:5 › Admin unauthenticated › unauth /en/admin/analytics — does not expose admin content
  -  3786 [mobile-chrome] › e2e/admin-pages-deep.spec.mts:38:5 › Admin unauthenticated › unauth /en/admin/analytics/seo — does not expose admin content
  -  3787 [mobile-chrome] › e2e/admin-pages-deep.spec.mts:38:5 › Admin unauthenticated › unauth /en/admin/analytics/unified — does not expose admin content
  -  3788 [mobile-chrome] › e2e/admin-pages-deep.spec.mts:38:5 › Admin unauthenticated › unauth /en/admin/blog — does not expose admin content
  -  3789 [mobile-chrome] › e2e/admin-pages-deep.spec.mts:38:5 › Admin unauthenticated › unauth /en/admin/calendar — does not expose admin content
  -  3790 [mobile-chrome] › e2e/admin-pages-deep.spec.mts:38:5 › Admin unauthenticated › unauth /en/admin/campaigns — does not expose admin content
  -  3791 [mobile-chrome] › e2e/admin-pages-deep.spec.mts:38:5 › Admin unauthenticated › unauth /en/admin/campaigns/google — does not expose admin content
  -  3792 [mobile-chrome] › e2e/admin-pages-deep.spec.mts:38:5 › Admin unauthenticated › unauth /en/admin/campaigns/linkedin — does not expose admin content
  -  3793 [mobile-chrome] › e2e/admin-pages-deep.spec.mts:38:5 › Admin unauthenticated › unauth /en/admin/campaigns/meta — does not expose admin content
  -  3794 [mobile-chrome] › e2e/admin-pages-deep.spec.mts:38:5 › Admin unauthenticated › unauth /en/admin/campaigns/tiktok — does not expose admin content
  -  3795 [mobile-chrome] › e2e/admin-pages-deep.spec.mts:38:5 › Admin unauthenticated › unauth /en/admin/campaigns/x — does not expose admin content
  -  3796 [mobile-chrome] › e2e/admin-pages-deep.spec.mts:38:5 › Admin unauthenticated › unauth /en/admin/client-portals — does not expose admin content
  -  3797 [mobile-chrome] › e2e/admin-pages-deep.spec.mts:38:5 › Admin unauthenticated › unauth /en/admin/cms/case-studies — does not expose admin content
  -  3798 [mobile-chrome] › e2e/admin-pages-deep.spec.mts:38:5 › Admin unauthenticated › unauth /en/admin/cms/faqs — does not expose admin content
  -  3799 [mobile-chrome] › e2e/admin-pages-deep.spec.mts:38:5 › Admin unauthenticated › unauth /en/admin/cms/services — does not expose admin content
  -  3800 [mobile-chrome] › e2e/admin-pages-deep.spec.mts:38:5 › Admin unauthenticated › unauth /en/admin/cms/testimonials — does not expose admin content
  -  3801 [mobile-chrome] › e2e/admin-pages-deep.spec.mts:38:5 › Admin unauthenticated › unauth /en/admin/crm — does not expose admin content
  -  3802 [mobile-chrome] › e2e/admin-pages-deep.spec.mts:38:5 › Admin unauthenticated › unauth /en/admin/crm/companies — does not expose admin content
  -  3803 [mobile-chrome] › e2e/admin-pages-deep.spec.mts:38:5 › Admin unauthenticated › unauth /en/admin/crm/tickets — does not expose admin content
  -  3804 [mobile-chrome] › e2e/admin-pages-deep.spec.mts:38:5 › Admin unauthenticated › unauth /en/admin/docs — does not expose admin content
  -  3805 [mobile-chrome] › e2e/admin-pages-deep.spec.mts:38:5 › Admin unauthenticated › unauth /en/admin/email — does not expose admin content
  -  3806 [mobile-chrome] › e2e/admin-pages-deep.spec.mts:38:5 › Admin unauthenticated › unauth /en/admin/email/campaigns — does not expose admin content
  -  3807 [mobile-chrome] › e2e/admin-pages-deep.spec.mts:38:5 › Admin unauthenticated › unauth /en/admin/errors — does not expose admin content
  -  3808 [mobile-chrome] › e2e/admin-pages-deep.spec.mts:38:5 › Admin unauthenticated › unauth /en/admin/esp32 — does not expose admin content
  -  3809 [mobile-chrome] › e2e/admin-pages-deep.spec.mts:38:5 › Admin unauthenticated › unauth /en/admin/esp32-manager — does not expose admin content
  -  3810 [mobile-chrome] › e2e/admin-pages-deep.spec.mts:38:5 › Admin unauthenticated › unauth /en/admin/hubspot — does not expose admin content
  -  3811 [mobile-chrome] › e2e/admin-pages-deep.spec.mts:38:5 › Admin unauthenticated › unauth /en/admin/integrations — does not expose admin content
  -  3812 [mobile-chrome] › e2e/admin-pages-deep.spec.mts:38:5 › Admin unauthenticated › unauth /en/admin/kpi — does not expose admin content
  -  3813 [mobile-chrome] › e2e/admin-pages-deep.spec.mts:38:5 › Admin unauthenticated › unauth /en/admin/leads — does not expose admin content
  -  3814 [mobile-chrome] › e2e/admin-pages-deep.spec.mts:38:5 › Admin unauthenticated › unauth /en/admin/monitor — does not expose admin content
  -  3815 [mobile-chrome] › e2e/admin-pages-deep.spec.mts:38:5 › Admin unauthenticated › unauth /en/admin/notifications — does not expose admin content
  -  3816 [mobile-chrome] › e2e/admin-pages-deep.spec.mts:38:5 › Admin unauthenticated › unauth /en/admin/notion — does not expose admin content
  -  3817 [mobile-chrome] › e2e/admin-pages-deep.spec.mts:38:5 › Admin unauthenticated › unauth /en/admin/notion/analytics — does not expose admin content
  -  3818 [mobile-chrome] › e2e/admin-pages-deep.spec.mts:38:5 › Admin unauthenticated › unauth /en/admin/notion/projects — does not expose admin content
  -  3819 [mobile-chrome] › e2e/admin-pages-deep.spec.mts:38:5 › Admin unauthenticated › unauth /en/admin/notion/status — does not expose admin content
  -  3820 [mobile-chrome] › e2e/admin-pages-deep.spec.mts:38:5 › Admin unauthenticated › unauth /en/admin/notion/submissions — does not expose admin content
  -  3821 [mobile-chrome] › e2e/admin-pages-deep.spec.mts:38:5 › Admin unauthenticated › unauth /en/admin/notion/tasks — does not expose admin content
  -  3822 [mobile-chrome] › e2e/admin-pages-deep.spec.mts:38:5 › Admin unauthenticated › unauth /en/admin/orders — does not expose admin content
  -  3823 [mobile-chrome] › e2e/admin-pages-deep.spec.mts:38:5 › Admin unauthenticated › unauth /en/admin/pipeline — does not expose admin content
  -  3824 [mobile-chrome] › e2e/admin-pages-deep.spec.mts:38:5 › Admin unauthenticated › unauth /en/admin/projects — does not expose admin content
  -  3825 [mobile-chrome] › e2e/admin-pages-deep.spec.mts:38:5 › Admin unauthenticated › unauth /en/admin/reports — does not expose admin content
  -  3826 [mobile-chrome] › e2e/admin-pages-deep.spec.mts:38:5 › Admin unauthenticated › unauth /en/admin/settings — does not expose admin content
  -  3827 [mobile-chrome] › e2e/admin-pages-deep.spec.mts:38:5 › Admin unauthenticated › unauth /en/admin/subscriptions — does not expose admin content
  -  3828 [mobile-chrome] › e2e/admin-pages-deep.spec.mts:38:5 › Admin unauthenticated › unauth /en/admin/users — does not expose admin content
  -  3829 [mobile-chrome] › e2e/admin-pages-deep.spec.mts:38:5 › Admin unauthenticated › unauth /en/admin/voice-brief — does not expose admin content
  -  3830 [mobile-chrome] › e2e/admin-pages-deep.spec.mts:38:5 › Admin unauthenticated › unauth /en/admin/workspaces — does not expose admin content
  -  3831 [mobile-chrome] › e2e/admin-pages-deep.spec.mts:71:5 › Admin authenticated › auth /en/admin — renders without 5xx
  -  3832 [mobile-chrome] › e2e/admin-pages-deep.spec.mts:71:5 › Admin authenticated › auth /en/admin/ab-tests — renders without 5xx
  -  3833 [mobile-chrome] › e2e/admin-pages-deep.spec.mts:71:5 › Admin authenticated › auth /en/admin/ai-assistant — renders without 5xx
  -  3834 [mobile-chrome] › e2e/admin-pages-deep.spec.mts:71:5 › Admin authenticated › auth /en/admin/ai-generator — renders without 5xx
  -  3835 [mobile-chrome] › e2e/admin-pages-deep.spec.mts:71:5 › Admin authenticated › auth /en/admin/analytics — renders without 5xx
  -  3836 [mobile-chrome] › e2e/admin-pages-deep.spec.mts:71:5 › Admin authenticated › auth /en/admin/analytics/seo — renders without 5xx
  -  3837 [mobile-chrome] › e2e/admin-pages-deep.spec.mts:71:5 › Admin authenticated › auth /en/admin/analytics/unified — renders without 5xx
  -  3838 [mobile-chrome] › e2e/admin-pages-deep.spec.mts:71:5 › Admin authenticated › auth /en/admin/blog — renders without 5xx
  -  3839 [mobile-chrome] › e2e/admin-pages-deep.spec.mts:71:5 › Admin authenticated › auth /en/admin/calendar — renders without 5xx
  -  3840 [mobile-chrome] › e2e/admin-pages-deep.spec.mts:71:5 › Admin authenticated › auth /en/admin/campaigns — renders without 5xx
  -  3841 [mobile-chrome] › e2e/admin-pages-deep.spec.mts:71:5 › Admin authenticated › auth /en/admin/campaigns/google — renders without 5xx
  -  3842 [mobile-chrome] › e2e/admin-pages-deep.spec.mts:71:5 › Admin authenticated › auth /en/admin/campaigns/linkedin — renders without 5xx
  -  3843 [mobile-chrome] › e2e/admin-pages-deep.spec.mts:71:5 › Admin authenticated › auth /en/admin/campaigns/meta — renders without 5xx
  -  3844 [mobile-chrome] › e2e/admin-pages-deep.spec.mts:71:5 › Admin authenticated › auth /en/admin/campaigns/tiktok — renders without 5xx
  -  3845 [mobile-chrome] › e2e/admin-pages-deep.spec.mts:71:5 › Admin authenticated › auth /en/admin/campaigns/x — renders without 5xx
  -  3846 [mobile-chrome] › e2e/admin-pages-deep.spec.mts:71:5 › Admin authenticated › auth /en/admin/client-portals — renders without 5xx
  -  3847 [mobile-chrome] › e2e/admin-pages-deep.spec.mts:71:5 › Admin authenticated › auth /en/admin/cms/case-studies — renders without 5xx
  -  3848 [mobile-chrome] › e2e/admin-pages-deep.spec.mts:71:5 › Admin authenticated › auth /en/admin/cms/faqs — renders without 5xx
  -  3849 [mobile-chrome] › e2e/admin-pages-deep.spec.mts:71:5 › Admin authenticated › auth /en/admin/cms/services — renders without 5xx
  -  3850 [mobile-chrome] › e2e/admin-pages-deep.spec.mts:71:5 › Admin authenticated › auth /en/admin/cms/testimonials — renders without 5xx
  -  3851 [mobile-chrome] › e2e/admin-pages-deep.spec.mts:71:5 › Admin authenticated › auth /en/admin/crm — renders without 5xx
  -  3852 [mobile-chrome] › e2e/admin-pages-deep.spec.mts:71:5 › Admin authenticated › auth /en/admin/crm/companies — renders without 5xx
  -  3853 [mobile-chrome] › e2e/admin-pages-deep.spec.mts:71:5 › Admin authenticated › auth /en/admin/crm/tickets — renders without 5xx
  -  3854 [mobile-chrome] › e2e/admin-pages-deep.spec.mts:71:5 › Admin authenticated › auth /en/admin/docs — renders without 5xx
  -  3855 [mobile-chrome] › e2e/admin-pages-deep.spec.mts:71:5 › Admin authenticated › auth /en/admin/email — renders without 5xx
  -  3856 [mobile-chrome] › e2e/admin-pages-deep.spec.mts:71:5 › Admin authenticated › auth /en/admin/email/campaigns — renders without 5xx
  -  3857 [mobile-chrome] › e2e/admin-pages-deep.spec.mts:71:5 › Admin authenticated › auth /en/admin/errors — renders without 5xx
  -  3858 [mobile-chrome] › e2e/admin-pages-deep.spec.mts:71:5 › Admin authenticated › auth /en/admin/esp32 — renders without 5xx
  -  3859 [mobile-chrome] › e2e/admin-pages-deep.spec.mts:71:5 › Admin authenticated › auth /en/admin/esp32-manager — renders without 5xx
  -  3860 [mobile-chrome] › e2e/admin-pages-deep.spec.mts:71:5 › Admin authenticated › auth /en/admin/hubspot — renders without 5xx
  -  3861 [mobile-chrome] › e2e/admin-pages-deep.spec.mts:71:5 › Admin authenticated › auth /en/admin/integrations — renders without 5xx
  -  3862 [mobile-chrome] › e2e/admin-pages-deep.spec.mts:71:5 › Admin authenticated › auth /en/admin/kpi — renders without 5xx
  -  3863 [mobile-chrome] › e2e/admin-pages-deep.spec.mts:71:5 › Admin authenticated › auth /en/admin/leads — renders without 5xx
  -  3864 [mobile-chrome] › e2e/admin-pages-deep.spec.mts:71:5 › Admin authenticated › auth /en/admin/monitor — renders without 5xx
  -  3865 [mobile-chrome] › e2e/admin-pages-deep.spec.mts:71:5 › Admin authenticated › auth /en/admin/notifications — renders without 5xx
  -  3866 [mobile-chrome] › e2e/admin-pages-deep.spec.mts:71:5 › Admin authenticated › auth /en/admin/notion — renders without 5xx
  -  3867 [mobile-chrome] › e2e/admin-pages-deep.spec.mts:71:5 › Admin authenticated › auth /en/admin/notion/analytics — renders without 5xx
  -  3868 [mobile-chrome] › e2e/admin-pages-deep.spec.mts:71:5 › Admin authenticated › auth /en/admin/notion/projects — renders without 5xx
  -  3869 [mobile-chrome] › e2e/admin-pages-deep.spec.mts:71:5 › Admin authenticated › auth /en/admin/notion/status — renders without 5xx
  -  3870 [mobile-chrome] › e2e/admin-pages-deep.spec.mts:71:5 › Admin authenticated › auth /en/admin/notion/submissions — renders without 5xx
  -  3871 [mobile-chrome] › e2e/admin-pages-deep.spec.mts:71:5 › Admin authenticated › auth /en/admin/notion/tasks — renders without 5xx
  -  3872 [mobile-chrome] › e2e/admin-pages-deep.spec.mts:71:5 › Admin authenticated › auth /en/admin/orders — renders without 5xx
  -  3873 [mobile-chrome] › e2e/admin-pages-deep.spec.mts:71:5 › Admin authenticated › auth /en/admin/pipeline — renders without 5xx
  -  3874 [mobile-chrome] › e2e/admin-pages-deep.spec.mts:71:5 › Admin authenticated › auth /en/admin/projects — renders without 5xx
  -  3875 [mobile-chrome] › e2e/admin-pages-deep.spec.mts:71:5 › Admin authenticated › auth /en/admin/reports — renders without 5xx
  -  3876 [mobile-chrome] › e2e/admin-pages-deep.spec.mts:71:5 › Admin authenticated › auth /en/admin/settings — renders without 5xx
  -  3877 [mobile-chrome] › e2e/admin-pages-deep.spec.mts:71:5 › Admin authenticated › auth /en/admin/subscriptions — renders without 5xx
  -  3878 [mobile-chrome] › e2e/admin-pages-deep.spec.mts:71:5 › Admin authenticated › auth /en/admin/users — renders without 5xx
  -  3879 [mobile-chrome] › e2e/admin-pages-deep.spec.mts:71:5 › Admin authenticated › auth /en/admin/voice-brief — renders without 5xx
  -  3880 [mobile-chrome] › e2e/admin-pages-deep.spec.mts:71:5 › Admin authenticated › auth /en/admin/workspaces — renders without 5xx
  ✘  3881 [mobile-chrome] › e2e/admin-ops-baseline-deep.spec.ts:136:7 › ops-baseline: integration-status ping budget › GET /api/admin/integrations/status resolves in under 30s (retry #1) (338ms)
  ✘  3882 [mobile-chrome] › e2e/admin-pages-deep.spec.mts:38:5 › Admin unauthenticated › unauth /en/admin — does not expose admin content (retry #1) (245ms)
  -  3884 [mobile-chrome] › e2e/admin-pages-deep.spec.mts:38:5 › Admin unauthenticated › unauth /en/admin/ab-tests — does not expose admin content (retry #1)
  -  3885 [mobile-chrome] › e2e/admin-pages-deep.spec.mts:38:5 › Admin unauthenticated › unauth /en/admin/ai-assistant — does not expose admin content (retry #1)
  -  3886 [mobile-chrome] › e2e/admin-pages-deep.spec.mts:38:5 › Admin unauthenticated › unauth /en/admin/ai-generator — does not expose admin content (retry #1)
  -  3887 [mobile-chrome] › e2e/admin-pages-deep.spec.mts:38:5 › Admin unauthenticated › unauth /en/admin/analytics — does not expose admin content (retry #1)
  -  3888 [mobile-chrome] › e2e/admin-pages-deep.spec.mts:38:5 › Admin unauthenticated › unauth /en/admin/analytics/seo — does not expose admin content (retry #1)
  -  3889 [mobile-chrome] › e2e/admin-pages-deep.spec.mts:38:5 › Admin unauthenticated › unauth /en/admin/analytics/unified — does not expose admin content (retry #1)
  -  3890 [mobile-chrome] › e2e/admin-pages-deep.spec.mts:38:5 › Admin unauthenticated › unauth /en/admin/blog — does not expose admin content (retry #1)
  -  3891 [mobile-chrome] › e2e/admin-pages-deep.spec.mts:38:5 › Admin unauthenticated › unauth /en/admin/calendar — does not expose admin content (retry #1)
  -  3892 [mobile-chrome] › e2e/admin-pages-deep.spec.mts:38:5 › Admin unauthenticated › unauth /en/admin/campaigns — does not expose admin content (retry #1)
  -  3893 [mobile-chrome] › e2e/admin-pages-deep.spec.mts:38:5 › Admin unauthenticated › unauth /en/admin/campaigns/google — does not expose admin content (retry #1)
  -  3894 [mobile-chrome] › e2e/admin-pages-deep.spec.mts:38:5 › Admin unauthenticated › unauth /en/admin/campaigns/linkedin — does not expose admin content (retry #1)
  -  3895 [mobile-chrome] › e2e/admin-pages-deep.spec.mts:38:5 › Admin unauthenticated › unauth /en/admin/campaigns/meta — does not expose admin content (retry #1)
  -  3896 [mobile-chrome] › e2e/admin-pages-deep.spec.mts:38:5 › Admin unauthenticated › unauth /en/admin/campaigns/tiktok — does not expose admin content (retry #1)
  -  3897 [mobile-chrome] › e2e/admin-pages-deep.spec.mts:38:5 › Admin unauthenticated › unauth /en/admin/campaigns/x — does not expose admin content (retry #1)
  -  3898 [mobile-chrome] › e2e/admin-pages-deep.spec.mts:38:5 › Admin unauthenticated › unauth /en/admin/client-portals — does not expose admin content (retry #1)
  -  3899 [mobile-chrome] › e2e/admin-pages-deep.spec.mts:38:5 › Admin unauthenticated › unauth /en/admin/cms/case-studies — does not expose admin content (retry #1)
  -  3900 [mobile-chrome] › e2e/admin-pages-deep.spec.mts:38:5 › Admin unauthenticated › unauth /en/admin/cms/faqs — does not expose admin content (retry #1)
  -  3901 [mobile-chrome] › e2e/admin-pages-deep.spec.mts:38:5 › Admin unauthenticated › unauth /en/admin/cms/services — does not expose admin content (retry #1)
  -  3902 [mobile-chrome] › e2e/admin-pages-deep.spec.mts:38:5 › Admin unauthenticated › unauth /en/admin/cms/testimonials — does not expose admin content (retry #1)
  -  3903 [mobile-chrome] › e2e/admin-pages-deep.spec.mts:38:5 › Admin unauthenticated › unauth /en/admin/crm — does not expose admin content (retry #1)
  -  3904 [mobile-chrome] › e2e/admin-pages-deep.spec.mts:38:5 › Admin unauthenticated › unauth /en/admin/crm/companies — does not expose admin content (retry #1)
  -  3905 [mobile-chrome] › e2e/admin-pages-deep.spec.mts:38:5 › Admin unauthenticated › unauth /en/admin/crm/tickets — does not expose admin content (retry #1)
  -  3906 [mobile-chrome] › e2e/admin-pages-deep.spec.mts:38:5 › Admin unauthenticated › unauth /en/admin/docs — does not expose admin content (retry #1)
  -  3907 [mobile-chrome] › e2e/admin-pages-deep.spec.mts:38:5 › Admin unauthenticated › unauth /en/admin/email — does not expose admin content (retry #1)
  -  3908 [mobile-chrome] › e2e/admin-pages-deep.spec.mts:38:5 › Admin unauthenticated › unauth /en/admin/email/campaigns — does not expose admin content (retry #1)
  -  3909 [mobile-chrome] › e2e/admin-pages-deep.spec.mts:38:5 › Admin unauthenticated › unauth /en/admin/errors — does not expose admin content (retry #1)
  -  3910 [mobile-chrome] › e2e/admin-pages-deep.spec.mts:38:5 › Admin unauthenticated › unauth /en/admin/esp32 — does not expose admin content (retry #1)
  -  3911 [mobile-chrome] › e2e/admin-pages-deep.spec.mts:38:5 › Admin unauthenticated › unauth /en/admin/esp32-manager — does not expose admin content (retry #1)
  -  3912 [mobile-chrome] › e2e/admin-pages-deep.spec.mts:38:5 › Admin unauthenticated › unauth /en/admin/hubspot — does not expose admin content (retry #1)
  -  3913 [mobile-chrome] › e2e/admin-pages-deep.spec.mts:38:5 › Admin unauthenticated › unauth /en/admin/integrations — does not expose admin content (retry #1)
  -  3914 [mobile-chrome] › e2e/admin-pages-deep.spec.mts:38:5 › Admin unauthenticated › unauth /en/admin/kpi — does not expose admin content (retry #1)
  -  3915 [mobile-chrome] › e2e/admin-pages-deep.spec.mts:38:5 › Admin unauthenticated › unauth /en/admin/leads — does not expose admin content (retry #1)
  -  3916 [mobile-chrome] › e2e/admin-pages-deep.spec.mts:38:5 › Admin unauthenticated › unauth /en/admin/monitor — does not expose admin content (retry #1)
  -  3917 [mobile-chrome] › e2e/admin-pages-deep.spec.mts:38:5 › Admin unauthenticated › unauth /en/admin/notifications — does not expose admin content (retry #1)
  -  3918 [mobile-chrome] › e2e/admin-pages-deep.spec.mts:38:5 › Admin unauthenticated › unauth /en/admin/notion — does not expose admin content (retry #1)
  -  3919 [mobile-chrome] › e2e/admin-pages-deep.spec.mts:38:5 › Admin unauthenticated › unauth /en/admin/notion/analytics — does not expose admin content (retry #1)
  -  3920 [mobile-chrome] › e2e/admin-pages-deep.spec.mts:38:5 › Admin unauthenticated › unauth /en/admin/notion/projects — does not expose admin content (retry #1)
  -  3921 [mobile-chrome] › e2e/admin-pages-deep.spec.mts:38:5 › Admin unauthenticated › unauth /en/admin/notion/status — does not expose admin content (retry #1)
  -  3922 [mobile-chrome] › e2e/admin-pages-deep.spec.mts:38:5 › Admin unauthenticated › unauth /en/admin/notion/submissions — does not expose admin content (retry #1)
  -  3923 [mobile-chrome] › e2e/admin-pages-deep.spec.mts:38:5 › Admin unauthenticated › unauth /en/admin/notion/tasks — does not expose admin content (retry #1)
  -  3924 [mobile-chrome] › e2e/admin-pages-deep.spec.mts:38:5 › Admin unauthenticated › unauth /en/admin/orders — does not expose admin content (retry #1)
  -  3925 [mobile-chrome] › e2e/admin-pages-deep.spec.mts:38:5 › Admin unauthenticated › unauth /en/admin/pipeline — does not expose admin content (retry #1)
  -  3926 [mobile-chrome] › e2e/admin-pages-deep.spec.mts:38:5 › Admin unauthenticated › unauth /en/admin/projects — does not expose admin content (retry #1)
  -  3927 [mobile-chrome] › e2e/admin-pages-deep.spec.mts:38:5 › Admin unauthenticated › unauth /en/admin/reports — does not expose admin content (retry #1)
  -  3928 [mobile-chrome] › e2e/admin-pages-deep.spec.mts:38:5 › Admin unauthenticated › unauth /en/admin/settings — does not expose admin content (retry #1)
  -  3929 [mobile-chrome] › e2e/admin-pages-deep.spec.mts:38:5 › Admin unauthenticated › unauth /en/admin/subscriptions — does not expose admin content (retry #1)
  -  3930 [mobile-chrome] › e2e/admin-pages-deep.spec.mts:38:5 › Admin unauthenticated › unauth /en/admin/users — does not expose admin content (retry #1)
  -  3931 [mobile-chrome] › e2e/admin-pages-deep.spec.mts:38:5 › Admin unauthenticated › unauth /en/admin/voice-brief — does not expose admin content (retry #1)
  -  3932 [mobile-chrome] › e2e/admin-pages-deep.spec.mts:38:5 › Admin unauthenticated › unauth /en/admin/workspaces — does not expose admin content (retry #1)
  -  3933 [mobile-chrome] › e2e/admin-pages-deep.spec.mts:71:5 › Admin authenticated › auth /en/admin — renders without 5xx (retry #1)
  -  3934 [mobile-chrome] › e2e/admin-pages-deep.spec.mts:71:5 › Admin authenticated › auth /en/admin/ab-tests — renders without 5xx (retry #1)
  -  3935 [mobile-chrome] › e2e/admin-pages-deep.spec.mts:71:5 › Admin authenticated › auth /en/admin/ai-assistant — renders without 5xx (retry #1)
  -  3936 [mobile-chrome] › e2e/admin-pages-deep.spec.mts:71:5 › Admin authenticated › auth /en/admin/ai-generator — renders without 5xx (retry #1)
  -  3937 [mobile-chrome] › e2e/admin-pages-deep.spec.mts:71:5 › Admin authenticated › auth /en/admin/analytics — renders without 5xx (retry #1)
  -  3938 [mobile-chrome] › e2e/admin-pages-deep.spec.mts:71:5 › Admin authenticated › auth /en/admin/analytics/seo — renders without 5xx (retry #1)
  -  3939 [mobile-chrome] › e2e/admin-pages-deep.spec.mts:71:5 › Admin authenticated › auth /en/admin/analytics/unified — renders without 5xx (retry #1)
  -  3940 [mobile-chrome] › e2e/admin-pages-deep.spec.mts:71:5 › Admin authenticated › auth /en/admin/blog — renders without 5xx (retry #1)
  -  3941 [mobile-chrome] › e2e/admin-pages-deep.spec.mts:71:5 › Admin authenticated › auth /en/admin/calendar — renders without 5xx (retry #1)
  -  3942 [mobile-chrome] › e2e/admin-pages-deep.spec.mts:71:5 › Admin authenticated › auth /en/admin/campaigns — renders without 5xx (retry #1)
  -  3943 [mobile-chrome] › e2e/admin-pages-deep.spec.mts:71:5 › Admin authenticated › auth /en/admin/campaigns/google — renders without 5xx (retry #1)
  -  3944 [mobile-chrome] › e2e/admin-pages-deep.spec.mts:71:5 › Admin authenticated › auth /en/admin/campaigns/linkedin — renders without 5xx (retry #1)
  -  3945 [mobile-chrome] › e2e/admin-pages-deep.spec.mts:71:5 › Admin authenticated › auth /en/admin/campaigns/meta — renders without 5xx (retry #1)
  -  3946 [mobile-chrome] › e2e/admin-pages-deep.spec.mts:71:5 › Admin authenticated › auth /en/admin/campaigns/tiktok — renders without 5xx (retry #1)
  -  3947 [mobile-chrome] › e2e/admin-pages-deep.spec.mts:71:5 › Admin authenticated › auth /en/admin/campaigns/x — renders without 5xx (retry #1)
  -  3948 [mobile-chrome] › e2e/admin-pages-deep.spec.mts:71:5 › Admin authenticated › auth /en/admin/client-portals — renders without 5xx (retry #1)
  -  3949 [mobile-chrome] › e2e/admin-pages-deep.spec.mts:71:5 › Admin authenticated › auth /en/admin/cms/case-studies — renders without 5xx (retry #1)
  -  3950 [mobile-chrome] › e2e/admin-pages-deep.spec.mts:71:5 › Admin authenticated › auth /en/admin/cms/faqs — renders without 5xx (retry #1)
  -  3951 [mobile-chrome] › e2e/admin-pages-deep.spec.mts:71:5 › Admin authenticated › auth /en/admin/cms/services — renders without 5xx (retry #1)
  -  3952 [mobile-chrome] › e2e/admin-pages-deep.spec.mts:71:5 › Admin authenticated › auth /en/admin/cms/testimonials — renders without 5xx (retry #1)
  -  3953 [mobile-chrome] › e2e/admin-pages-deep.spec.mts:71:5 › Admin authenticated › auth /en/admin/crm — renders without 5xx (retry #1)
  -  3954 [mobile-chrome] › e2e/admin-pages-deep.spec.mts:71:5 › Admin authenticated › auth /en/admin/crm/companies — renders without 5xx (retry #1)
  -  3955 [mobile-chrome] › e2e/admin-pages-deep.spec.mts:71:5 › Admin authenticated › auth /en/admin/crm/tickets — renders without 5xx (retry #1)
  -  3956 [mobile-chrome] › e2e/admin-pages-deep.spec.mts:71:5 › Admin authenticated › auth /en/admin/docs — renders without 5xx (retry #1)
  -  3957 [mobile-chrome] › e2e/admin-pages-deep.spec.mts:71:5 › Admin authenticated › auth /en/admin/email — renders without 5xx (retry #1)
  -  3958 [mobile-chrome] › e2e/admin-pages-deep.spec.mts:71:5 › Admin authenticated › auth /en/admin/email/campaigns — renders without 5xx (retry #1)
  -  3959 [mobile-chrome] › e2e/admin-pages-deep.spec.mts:71:5 › Admin authenticated › auth /en/admin/errors — renders without 5xx (retry #1)
  -  3960 [mobile-chrome] › e2e/admin-pages-deep.spec.mts:71:5 › Admin authenticated › auth /en/admin/esp32 — renders without 5xx (retry #1)
  -  3961 [mobile-chrome] › e2e/admin-pages-deep.spec.mts:71:5 › Admin authenticated › auth /en/admin/esp32-manager — renders without 5xx (retry #1)
  -  3962 [mobile-chrome] › e2e/admin-pages-deep.spec.mts:71:5 › Admin authenticated › auth /en/admin/hubspot — renders without 5xx (retry #1)
  -  3963 [mobile-chrome] › e2e/admin-pages-deep.spec.mts:71:5 › Admin authenticated › auth /en/admin/integrations — renders without 5xx (retry #1)
  -  3964 [mobile-chrome] › e2e/admin-pages-deep.spec.mts:71:5 › Admin authenticated › auth /en/admin/kpi — renders without 5xx (retry #1)
  -  3965 [mobile-chrome] › e2e/admin-pages-deep.spec.mts:71:5 › Admin authenticated › auth /en/admin/leads — renders without 5xx (retry #1)
  -  3966 [mobile-chrome] › e2e/admin-pages-deep.spec.mts:71:5 › Admin authenticated › auth /en/admin/monitor — renders without 5xx (retry #1)
  -  3967 [mobile-chrome] › e2e/admin-pages-deep.spec.mts:71:5 › Admin authenticated › auth /en/admin/notifications — renders without 5xx (retry #1)
  -  3968 [mobile-chrome] › e2e/admin-pages-deep.spec.mts:71:5 › Admin authenticated › auth /en/admin/notion — renders without 5xx (retry #1)
  -  3969 [mobile-chrome] › e2e/admin-pages-deep.spec.mts:71:5 › Admin authenticated › auth /en/admin/notion/analytics — renders without 5xx (retry #1)
  -  3970 [mobile-chrome] › e2e/admin-pages-deep.spec.mts:71:5 › Admin authenticated › auth /en/admin/notion/projects — renders without 5xx (retry #1)
  -  3971 [mobile-chrome] › e2e/admin-pages-deep.spec.mts:71:5 › Admin authenticated › auth /en/admin/notion/status — renders without 5xx (retry #1)
  -  3972 [mobile-chrome] › e2e/admin-pages-deep.spec.mts:71:5 › Admin authenticated › auth /en/admin/notion/submissions — renders without 5xx (retry #1)
  -  3973 [mobile-chrome] › e2e/admin-pages-deep.spec.mts:71:5 › Admin authenticated › auth /en/admin/notion/tasks — renders without 5xx (retry #1)
  -  3974 [mobile-chrome] › e2e/admin-pages-deep.spec.mts:71:5 › Admin authenticated › auth /en/admin/orders — renders without 5xx (retry #1)
  -  3975 [mobile-chrome] › e2e/admin-pages-deep.spec.mts:71:5 › Admin authenticated › auth /en/admin/pipeline — renders without 5xx (retry #1)
  -  3976 [mobile-chrome] › e2e/admin-pages-deep.spec.mts:71:5 › Admin authenticated › auth /en/admin/projects — renders without 5xx (retry #1)
  -  3977 [mobile-chrome] › e2e/admin-pages-deep.spec.mts:71:5 › Admin authenticated › auth /en/admin/reports — renders without 5xx (retry #1)
  -  3978 [mobile-chrome] › e2e/admin-pages-deep.spec.mts:71:5 › Admin authenticated › auth /en/admin/settings — renders without 5xx (retry #1)
  -  3979 [mobile-chrome] › e2e/admin-pages-deep.spec.mts:71:5 › Admin authenticated › auth /en/admin/subscriptions — renders without 5xx (retry #1)
  -  3980 [mobile-chrome] › e2e/admin-pages-deep.spec.mts:71:5 › Admin authenticated › auth /en/admin/users — renders without 5xx (retry #1)
  -  3981 [mobile-chrome] › e2e/admin-pages-deep.spec.mts:71:5 › Admin authenticated › auth /en/admin/voice-brief — renders without 5xx (retry #1)
  -  3982 [mobile-chrome] › e2e/admin-pages-deep.spec.mts:71:5 › Admin authenticated › auth /en/admin/workspaces — renders without 5xx (retry #1)
  ✘  3883 [mobile-chrome] › e2e/admin-pages-gaps-sweep.spec.ts:50:9 › Admin page gap sweep (cookie-authenticated) › /en/admin/ai-generator loads with h1/h2 and no 5xx (241ms)
  ✘  3983 [mobile-chrome] › e2e/admin-pages-gaps-sweep.spec.ts:50:9 › Admin page gap sweep (cookie-authenticated) › /en/admin/analytics/seo loads with h1/h2 and no 5xx (241ms)
  ✘  3984 [mobile-chrome] › e2e/admin-pages-gaps-sweep.spec.ts:50:9 › Admin page gap sweep (cookie-authenticated) › /en/admin/ai-generator loads with h1/h2 and no 5xx (retry #1) (272ms)
  ✘  3985 [mobile-chrome] › e2e/admin-pages-gaps-sweep.spec.ts:50:9 › Admin page gap sweep (cookie-authenticated) › /en/admin/analytics/seo loads with h1/h2 and no 5xx (retry #1) (244ms)
  ✘  3986 [mobile-chrome] › e2e/admin-pages-gaps-sweep.spec.ts:50:9 › Admin page gap sweep (cookie-authenticated) › /en/admin/campaigns/meta loads with h1/h2 and no 5xx (234ms)
  ✘  3987 [mobile-chrome] › e2e/admin-pages-gaps-sweep.spec.ts:50:9 › Admin page gap sweep (cookie-authenticated) › /en/admin/cms/case-studies loads with h1/h2 and no 5xx (220ms)
  ✘  3988 [mobile-chrome] › e2e/admin-pages-gaps-sweep.spec.ts:50:9 › Admin page gap sweep (cookie-authenticated) › /en/admin/campaigns/meta loads with h1/h2 and no 5xx (retry #1) (231ms)
  ✘  3989 [mobile-chrome] › e2e/admin-pages-gaps-sweep.spec.ts:50:9 › Admin page gap sweep (cookie-authenticated) › /en/admin/cms/case-studies loads with h1/h2 and no 5xx (retry #1) (256ms)
  ✘  3990 [mobile-chrome] › e2e/admin-pages-gaps-sweep.spec.ts:50:9 › Admin page gap sweep (cookie-authenticated) › /en/admin/cms/faqs loads with h1/h2 and no 5xx (227ms)
  ✘  3991 [mobile-chrome] › e2e/admin-pages-gaps-sweep.spec.ts:50:9 › Admin page gap sweep (cookie-authenticated) › /en/admin/cms/services loads with h1/h2 and no 5xx (233ms)
  ✘  3992 [mobile-chrome] › e2e/admin-pages-gaps-sweep.spec.ts:50:9 › Admin page gap sweep (cookie-authenticated) › /en/admin/cms/faqs loads with h1/h2 and no 5xx (retry #1) (275ms)
  ✘  3993 [mobile-chrome] › e2e/admin-pages-gaps-sweep.spec.ts:50:9 › Admin page gap sweep (cookie-authenticated) › /en/admin/cms/services loads with h1/h2 and no 5xx (retry #1) (266ms)
  ✘  3994 [mobile-chrome] › e2e/admin-pages-gaps-sweep.spec.ts:50:9 › Admin page gap sweep (cookie-authenticated) › /en/admin/cms/testimonials loads with h1/h2 and no 5xx (227ms)
  ✘  3995 [mobile-chrome] › e2e/admin-pages-gaps-sweep.spec.ts:50:9 › Admin page gap sweep (cookie-authenticated) › /en/admin/email/campaigns loads with h1/h2 and no 5xx (246ms)
  ✘  3996 [mobile-chrome] › e2e/admin-pages-gaps-sweep.spec.ts:50:9 › Admin page gap sweep (cookie-authenticated) › /en/admin/cms/testimonials loads with h1/h2 and no 5xx (retry #1) (243ms)
  ✘  3997 [mobile-chrome] › e2e/admin-pages-gaps-sweep.spec.ts:50:9 › Admin page gap sweep (cookie-authenticated) › /en/admin/email/campaigns loads with h1/h2 and no 5xx (retry #1) (248ms)
  ✘  3998 [mobile-chrome] › e2e/admin-pages-gaps-sweep.spec.ts:50:9 › Admin page gap sweep (cookie-authenticated) › /en/admin/leads loads with h1/h2 and no 5xx (222ms)
  ✘  3999 [mobile-chrome] › e2e/admin-pages-gaps-sweep.spec.ts:50:9 › Admin page gap sweep (cookie-authenticated) › /en/admin/reports/sample-report-id loads with h1/h2 and no 5xx (235ms)
  ✘  4000 [mobile-chrome] › e2e/admin-pages-gaps-sweep.spec.ts:50:9 › Admin page gap sweep (cookie-authenticated) › /en/admin/leads loads with h1/h2 and no 5xx (retry #1) (230ms)
  ✘  4001 [mobile-chrome] › e2e/admin-pages-gaps-sweep.spec.ts:50:9 › Admin page gap sweep (cookie-authenticated) › /en/admin/reports/sample-report-id loads with h1/h2 and no 5xx (retry #1) (247ms)
  ✘  4002 [mobile-chrome] › e2e/admin-pages-sweep.spec.ts:10:7 › Admin page sweep (cookie-authenticated) › /en/admin loads with h1/h2 and no console errors (219ms)
  ✘  4003 [mobile-chrome] › e2e/admin-pages-sweep.spec.ts:20:7 › Admin page sweep (cookie-authenticated) › /en/admin/ab-tests loads with h1/h2 and no console errors (246ms)
  ✘  4004 [mobile-chrome] › e2e/admin-pages-sweep.spec.ts:10:7 › Admin page sweep (cookie-authenticated) › /en/admin loads with h1/h2 and no console errors (retry #1) (294ms)
  ✘  4005 [mobile-chrome] › e2e/admin-pages-sweep.spec.ts:20:7 › Admin page sweep (cookie-authenticated) › /en/admin/ab-tests loads with h1/h2 and no console errors (retry #1) (257ms)
  ✘  4006 [mobile-chrome] › e2e/admin-pages-sweep.spec.ts:30:7 › Admin page sweep (cookie-authenticated) › /en/admin/ai-assistant loads with h1/h2 and no console errors (230ms)
  ✘  4007 [mobile-chrome] › e2e/admin-pages-sweep.spec.ts:40:7 › Admin page sweep (cookie-authenticated) › /en/admin/analytics loads with h1/h2 and no console errors (226ms)
  ✘  4008 [mobile-chrome] › e2e/admin-pages-sweep.spec.ts:30:7 › Admin page sweep (cookie-authenticated) › /en/admin/ai-assistant loads with h1/h2 and no console errors (retry #1) (242ms)
  ✘  4009 [mobile-chrome] › e2e/admin-pages-sweep.spec.ts:40:7 › Admin page sweep (cookie-authenticated) › /en/admin/analytics loads with h1/h2 and no console errors (retry #1) (251ms)
  ✘  4010 [mobile-chrome] › e2e/admin-pages-sweep.spec.ts:50:7 › Admin page sweep (cookie-authenticated) › /en/admin/analytics/unified loads with h1/h2 and no console errors (228ms)
  ✘  4011 [mobile-chrome] › e2e/admin-pages-sweep.spec.ts:60:7 › Admin page sweep (cookie-authenticated) › /en/admin/blog loads with h1/h2 and no console errors (236ms)
  ✘  4012 [mobile-chrome] › e2e/admin-pages-sweep.spec.ts:50:7 › Admin page sweep (cookie-authenticated) › /en/admin/analytics/unified loads with h1/h2 and no console errors (retry #1) (245ms)
  ✘  4013 [mobile-chrome] › e2e/admin-pages-sweep.spec.ts:60:7 › Admin page sweep (cookie-authenticated) › /en/admin/blog loads with h1/h2 and no console errors (retry #1) (237ms)
  ✘  4014 [mobile-chrome] › e2e/admin-pages-sweep.spec.ts:70:7 › Admin page sweep (cookie-authenticated) › /en/admin/calendar loads with h1/h2 and no console errors (238ms)
  ✘  4015 [mobile-chrome] › e2e/admin-pages-sweep.spec.ts:80:7 › Admin page sweep (cookie-authenticated) › /en/admin/campaigns loads with h1/h2 and no console errors (223ms)
  ✘  4016 [mobile-chrome] › e2e/admin-pages-sweep.spec.ts:70:7 › Admin page sweep (cookie-authenticated) › /en/admin/calendar loads with h1/h2 and no console errors (retry #1) (264ms)
  ✘  4017 [mobile-chrome] › e2e/admin-pages-sweep.spec.ts:80:7 › Admin page sweep (cookie-authenticated) › /en/admin/campaigns loads with h1/h2 and no console errors (retry #1) (247ms)
  ✘  4018 [mobile-chrome] › e2e/admin-pages-sweep.spec.ts:90:7 › Admin page sweep (cookie-authenticated) › /en/admin/campaigns/google loads with h1/h2 and no console errors (220ms)
  ✘  4019 [mobile-chrome] › e2e/admin-pages-sweep.spec.ts:100:7 › Admin page sweep (cookie-authenticated) › /en/admin/campaigns/linkedin loads with h1/h2 and no console errors (222ms)
  ✘  4020 [mobile-chrome] › e2e/admin-pages-sweep.spec.ts:90:7 › Admin page sweep (cookie-authenticated) › /en/admin/campaigns/google loads with h1/h2 and no console errors (retry #1) (260ms)
  ✘  4021 [mobile-chrome] › e2e/admin-pages-sweep.spec.ts:100:7 › Admin page sweep (cookie-authenticated) › /en/admin/campaigns/linkedin loads with h1/h2 and no console errors (retry #1) (267ms)
  ✘  4022 [mobile-chrome] › e2e/admin-pages-sweep.spec.ts:110:7 › Admin page sweep (cookie-authenticated) › /en/admin/campaigns/tiktok loads with h1/h2 and no console errors (230ms)
  ✘  4023 [mobile-chrome] › e2e/admin-pages-sweep.spec.ts:120:7 › Admin page sweep (cookie-authenticated) › /en/admin/campaigns/x loads with h1/h2 and no console errors (221ms)
  ✘  4024 [mobile-chrome] › e2e/admin-pages-sweep.spec.ts:110:7 › Admin page sweep (cookie-authenticated) › /en/admin/campaigns/tiktok loads with h1/h2 and no console errors (retry #1) (257ms)
  ✘  4025 [mobile-chrome] › e2e/admin-pages-sweep.spec.ts:120:7 › Admin page sweep (cookie-authenticated) › /en/admin/campaigns/x loads with h1/h2 and no console errors (retry #1) (257ms)
  ✘  4026 [mobile-chrome] › e2e/admin-pages-sweep.spec.ts:130:7 › Admin page sweep (cookie-authenticated) › /en/admin/client-portals loads with h1/h2 and no console errors (250ms)
  ✘  4027 [mobile-chrome] › e2e/admin-pages-sweep.spec.ts:140:7 › Admin page sweep (cookie-authenticated) › /en/admin/crm loads with h1/h2 and no console errors (226ms)
  ✘  4028 [mobile-chrome] › e2e/admin-pages-sweep.spec.ts:130:7 › Admin page sweep (cookie-authenticated) › /en/admin/client-portals loads with h1/h2 and no console errors (retry #1) (259ms)
  ✘  4029 [mobile-chrome] › e2e/admin-pages-sweep.spec.ts:140:7 › Admin page sweep (cookie-authenticated) › /en/admin/crm loads with h1/h2 and no console errors (retry #1) (248ms)
  ✘  4030 [mobile-chrome] › e2e/admin-pages-sweep.spec.ts:150:7 › Admin page sweep (cookie-authenticated) › /en/admin/crm/companies loads with h1/h2 and no console errors (256ms)
  ✘  4031 [mobile-chrome] › e2e/admin-pages-sweep.spec.ts:160:7 › Admin page sweep (cookie-authenticated) › /en/admin/crm/tickets loads with h1/h2 and no console errors (242ms)
  ✘  4032 [mobile-chrome] › e2e/admin-pages-sweep.spec.ts:150:7 › Admin page sweep (cookie-authenticated) › /en/admin/crm/companies loads with h1/h2 and no console errors (retry #1) (228ms)
  ✘  4033 [mobile-chrome] › e2e/admin-pages-sweep.spec.ts:160:7 › Admin page sweep (cookie-authenticated) › /en/admin/crm/tickets loads with h1/h2 and no console errors (retry #1) (266ms)
  ✘  4034 [mobile-chrome] › e2e/admin-pages-sweep.spec.ts:170:7 › Admin page sweep (cookie-authenticated) › /en/admin/docs loads with h1/h2 and no console errors (234ms)
  ✘  4035 [mobile-chrome] › e2e/admin-pages-sweep.spec.ts:180:7 › Admin page sweep (cookie-authenticated) › /en/admin/email loads with h1/h2 and no console errors (219ms)
  ✘  4036 [mobile-chrome] › e2e/admin-pages-sweep.spec.ts:170:7 › Admin page sweep (cookie-authenticated) › /en/admin/docs loads with h1/h2 and no console errors (retry #1) (245ms)
  ✘  4037 [mobile-chrome] › e2e/admin-pages-sweep.spec.ts:180:7 › Admin page sweep (cookie-authenticated) › /en/admin/email loads with h1/h2 and no console errors (retry #1) (280ms)
  ✘  4038 [mobile-chrome] › e2e/admin-pages-sweep.spec.ts:190:7 › Admin page sweep (cookie-authenticated) › /en/admin/errors loads with h1/h2 and no console errors (237ms)
  ✘  4039 [mobile-chrome] › e2e/admin-pages-sweep.spec.ts:200:7 › Admin page sweep (cookie-authenticated) › /en/admin/esp32 loads with h1/h2 and no console errors (258ms)
  ✘  4040 [mobile-chrome] › e2e/admin-pages-sweep.spec.ts:190:7 › Admin page sweep (cookie-authenticated) › /en/admin/errors loads with h1/h2 and no console errors (retry #1) (269ms)
  ✘  4041 [mobile-chrome] › e2e/admin-pages-sweep.spec.ts:200:7 › Admin page sweep (cookie-authenticated) › /en/admin/esp32 loads with h1/h2 and no console errors (retry #1) (259ms)
  ✘  4042 [mobile-chrome] › e2e/admin-pages-sweep.spec.ts:210:7 › Admin page sweep (cookie-authenticated) › /en/admin/esp32-manager loads with h1/h2 and no console errors (232ms)
  ✘  4043 [mobile-chrome] › e2e/admin-pages-sweep.spec.ts:220:7 › Admin page sweep (cookie-authenticated) › /en/admin/hubspot loads with h1/h2 and no console errors (235ms)
  ✘  4044 [mobile-chrome] › e2e/admin-pages-sweep.spec.ts:210:7 › Admin page sweep (cookie-authenticated) › /en/admin/esp32-manager loads with h1/h2 and no console errors (retry #1) (254ms)
  ✘  4045 [mobile-chrome] › e2e/admin-pages-sweep.spec.ts:220:7 › Admin page sweep (cookie-authenticated) › /en/admin/hubspot loads with h1/h2 and no console errors (retry #1) (242ms)
  ✘  4046 [mobile-chrome] › e2e/admin-pages-sweep.spec.ts:230:7 › Admin page sweep (cookie-authenticated) › /en/admin/integrations loads with h1/h2 and no console errors (224ms)
  ✘  4047 [mobile-chrome] › e2e/admin-pages-sweep.spec.ts:240:7 › Admin page sweep (cookie-authenticated) › /en/admin/kpi loads with h1/h2 and no console errors (222ms)
  ✘  4048 [mobile-chrome] › e2e/admin-pages-sweep.spec.ts:230:7 › Admin page sweep (cookie-authenticated) › /en/admin/integrations loads with h1/h2 and no console errors (retry #1) (263ms)
  ✘  4049 [mobile-chrome] › e2e/admin-pages-sweep.spec.ts:240:7 › Admin page sweep (cookie-authenticated) › /en/admin/kpi loads with h1/h2 and no console errors (retry #1) (238ms)
  ✘  4050 [mobile-chrome] › e2e/admin-pages-sweep.spec.ts:250:7 › Admin page sweep (cookie-authenticated) › /en/admin/monitor loads with h1/h2 and no console errors (221ms)
  ✘  4051 [mobile-chrome] › e2e/admin-pages-sweep.spec.ts:260:7 › Admin page sweep (cookie-authenticated) › /en/admin/notifications loads with h1/h2 and no console errors (233ms)
  ✘  4052 [mobile-chrome] › e2e/admin-pages-sweep.spec.ts:250:7 › Admin page sweep (cookie-authenticated) › /en/admin/monitor loads with h1/h2 and no console errors (retry #1) (249ms)
  ✘  4053 [mobile-chrome] › e2e/admin-pages-sweep.spec.ts:260:7 › Admin page sweep (cookie-authenticated) › /en/admin/notifications loads with h1/h2 and no console errors (retry #1) (244ms)
  ✘  4054 [mobile-chrome] › e2e/admin-pages-sweep.spec.ts:270:7 › Admin page sweep (cookie-authenticated) › /en/admin/notion loads with h1/h2 and no console errors (236ms)
  ✘  4055 [mobile-chrome] › e2e/admin-pages-sweep.spec.ts:280:7 › Admin page sweep (cookie-authenticated) › /en/admin/notion/analytics loads with h1/h2 and no console errors (252ms)
  ✘  4056 [mobile-chrome] › e2e/admin-pages-sweep.spec.ts:270:7 › Admin page sweep (cookie-authenticated) › /en/admin/notion loads with h1/h2 and no console errors (retry #1) (253ms)
  ✘  4057 [mobile-chrome] › e2e/admin-pages-sweep.spec.ts:280:7 › Admin page sweep (cookie-authenticated) › /en/admin/notion/analytics loads with h1/h2 and no console errors (retry #1) (239ms)
  ✘  4058 [mobile-chrome] › e2e/admin-pages-sweep.spec.ts:290:7 › Admin page sweep (cookie-authenticated) › /en/admin/notion/projects loads with h1/h2 and no console errors (219ms)
  ✘  4059 [mobile-chrome] › e2e/admin-pages-sweep.spec.ts:300:7 › Admin page sweep (cookie-authenticated) › /en/admin/notion/status loads with h1/h2 and no console errors (241ms)
  ✘  4060 [mobile-chrome] › e2e/admin-pages-sweep.spec.ts:290:7 › Admin page sweep (cookie-authenticated) › /en/admin/notion/projects loads with h1/h2 and no console errors (retry #1) (251ms)
  ✘  4061 [mobile-chrome] › e2e/admin-pages-sweep.spec.ts:300:7 › Admin page sweep (cookie-authenticated) › /en/admin/notion/status loads with h1/h2 and no console errors (retry #1) (245ms)
  ✘  4062 [mobile-chrome] › e2e/admin-pages-sweep.spec.ts:310:7 › Admin page sweep (cookie-authenticated) › /en/admin/notion/submissions loads with h1/h2 and no console errors (222ms)
  ✘  4063 [mobile-chrome] › e2e/admin-pages-sweep.spec.ts:320:7 › Admin page sweep (cookie-authenticated) › /en/admin/notion/tasks loads with h1/h2 and no console errors (239ms)
  ✘  4064 [mobile-chrome] › e2e/admin-pages-sweep.spec.ts:310:7 › Admin page sweep (cookie-authenticated) › /en/admin/notion/submissions loads with h1/h2 and no console errors (retry #1) (237ms)
  ✘  4065 [mobile-chrome] › e2e/admin-pages-sweep.spec.ts:320:7 › Admin page sweep (cookie-authenticated) › /en/admin/notion/tasks loads with h1/h2 and no console errors (retry #1) (245ms)
  ✘  4066 [mobile-chrome] › e2e/admin-pages-sweep.spec.ts:330:7 › Admin page sweep (cookie-authenticated) › /en/admin/orders loads with h1/h2 and no console errors (237ms)
  ✘  4067 [mobile-chrome] › e2e/admin-pages-sweep.spec.ts:340:7 › Admin page sweep (cookie-authenticated) › /en/admin/pipeline loads with h1/h2 and no console errors (228ms)
  ✘  4068 [mobile-chrome] › e2e/admin-pages-sweep.spec.ts:330:7 › Admin page sweep (cookie-authenticated) › /en/admin/orders loads with h1/h2 and no console errors (retry #1) (257ms)
  ✘  4069 [mobile-chrome] › e2e/admin-pages-sweep.spec.ts:340:7 › Admin page sweep (cookie-authenticated) › /en/admin/pipeline loads with h1/h2 and no console errors (retry #1) (246ms)
  ✘  4070 [mobile-chrome] › e2e/admin-pages-sweep.spec.ts:350:7 › Admin page sweep (cookie-authenticated) › /en/admin/projects loads with h1/h2 and no console errors (237ms)
  ✘  4071 [mobile-chrome] › e2e/admin-pages-sweep.spec.ts:360:7 › Admin page sweep (cookie-authenticated) › /en/admin/reports loads with h1/h2 and no console errors (235ms)
  ✘  4072 [mobile-chrome] › e2e/admin-pages-sweep.spec.ts:350:7 › Admin page sweep (cookie-authenticated) › /en/admin/projects loads with h1/h2 and no console errors (retry #1) (247ms)
  ✘  4073 [mobile-chrome] › e2e/admin-pages-sweep.spec.ts:360:7 › Admin page sweep (cookie-authenticated) › /en/admin/reports loads with h1/h2 and no console errors (retry #1) (255ms)
  ✘  4074 [mobile-chrome] › e2e/admin-pages-sweep.spec.ts:370:7 › Admin page sweep (cookie-authenticated) › /en/admin/settings loads with h1/h2 and no console errors (227ms)
  ✘  4075 [mobile-chrome] › e2e/admin-pages-sweep.spec.ts:380:7 › Admin page sweep (cookie-authenticated) › /en/admin/subscriptions loads with h1/h2 and no console errors (238ms)
  ✘  4076 [mobile-chrome] › e2e/admin-pages-sweep.spec.ts:370:7 › Admin page sweep (cookie-authenticated) › /en/admin/settings loads with h1/h2 and no console errors (retry #1) (247ms)
  ✘  4077 [mobile-chrome] › e2e/admin-pages-sweep.spec.ts:380:7 › Admin page sweep (cookie-authenticated) › /en/admin/subscriptions loads with h1/h2 and no console errors (retry #1) (280ms)
  ✘  4078 [mobile-chrome] › e2e/admin-pages-sweep.spec.ts:390:7 › Admin page sweep (cookie-authenticated) › /en/admin/users loads with h1/h2 and no console errors (242ms)
  ✘  4079 [mobile-chrome] › e2e/admin-pages-sweep.spec.ts:400:7 › Admin page sweep (cookie-authenticated) › /en/admin/voice-brief loads with h1/h2 and no console errors (236ms)
  ✘  4080 [mobile-chrome] › e2e/admin-pages-sweep.spec.ts:390:7 › Admin page sweep (cookie-authenticated) › /en/admin/users loads with h1/h2 and no console errors (retry #1) (249ms)
  ✘  4081 [mobile-chrome] › e2e/admin-pages-sweep.spec.ts:400:7 › Admin page sweep (cookie-authenticated) › /en/admin/voice-brief loads with h1/h2 and no console errors (retry #1) (250ms)
  ✘  4082 [mobile-chrome] › e2e/admin-pages-sweep.spec.ts:410:7 › Admin page sweep (cookie-authenticated) › /en/admin/workspaces loads with h1/h2 and no console errors (221ms)
  ✘  4083 [mobile-chrome] › e2e/admin-workspaces.spec.ts:8:7 › Admin workspaces › unauth API GET → 401 (322ms)
  ✘  4084 [mobile-chrome] › e2e/admin-pages-sweep.spec.ts:410:7 › Admin page sweep (cookie-authenticated) › /en/admin/workspaces loads with h1/h2 and no console errors (retry #1) (233ms)
  ✘  4085 [mobile-chrome] › e2e/admin-workspaces.spec.ts:8:7 › Admin workspaces › unauth API GET → 401 (retry #1) (332ms)
  ✘  4086 [mobile-chrome] › e2e/admin-workspaces.spec.ts:13:7 › Admin workspaces › authed API GET → 200 + workspaces array (320ms)
  ✘  4087 [mobile-chrome] › e2e/admin-workspaces.spec.ts:20:7 › Admin workspaces › authed API POST without name → 400 (322ms)
  ✘  4088 [mobile-chrome] › e2e/admin-workspaces.spec.ts:13:7 › Admin workspaces › authed API GET → 200 + workspaces array (retry #1) (334ms)
  ✘  4089 [mobile-chrome] › e2e/admin-workspaces.spec.ts:20:7 › Admin workspaces › authed API POST without name → 400 (retry #1) (334ms)
  ✘  4090 [mobile-chrome] › e2e/admin-workspaces.spec.ts:28:7 › Admin workspaces › authed API POST creates workspace + GET lists it (321ms)
  ✘  4091 [mobile-chrome] › e2e/admin-workspaces.spec.ts:47:7 › Admin workspaces › page does not expose admin UI when unauth (223ms)
  ✘  4092 [mobile-chrome] › e2e/admin-workspaces.spec.ts:28:7 › Admin workspaces › authed API POST creates workspace + GET lists it (retry #1) (338ms)
  ✘  4093 [mobile-chrome] › e2e/admin-workspaces.spec.ts:47:7 › Admin workspaces › page does not expose admin UI when unauth (retry #1) (233ms)
  ✘  4094 [mobile-chrome] › e2e/admin-workspaces.spec.ts:55:7 › Admin workspaces › page renders with E2E admin cookie (210ms)
  -  4095 [mobile-chrome] › e2e/admin.spec.ts:44:7 › Admin Panel › can access the admin dashboard
  -  4097 [mobile-chrome] › e2e/admin.spec.ts:55:7 › Admin Panel › admin navigation contains key sections
  ✘  4096 [mobile-chrome] › e2e/admin-workspaces.spec.ts:55:7 › Admin workspaces › page renders with E2E admin cookie (retry #1) (242ms)
  -  4098 [mobile-chrome] › e2e/admin.spec.ts:68:7 › Admin Panel › can navigate to admin subpages
  ✘  4099 [mobile-chrome] › e2e/api/admin-api-comprehensive.spec.ts:32:9 › Admin API - Comprehensive Testing › AB Tests Endpoint › should return AB tests data when authenticated (320ms)
  ✘  4100 [mobile-chrome] › e2e/api/admin-api-comprehensive.spec.ts:19:9 › Admin API - Comprehensive Testing › Authentication Requirements › should reject unauthenticated requests to admin endpoints (323ms)
  ✘  4101 [mobile-chrome] › e2e/api/admin-api-comprehensive.spec.ts:32:9 › Admin API - Comprehensive Testing › AB Tests Endpoint › should return AB tests data when authenticated (retry #1) (339ms)
  ✘  4102 [mobile-chrome] › e2e/api/admin-api-comprehensive.spec.ts:19:9 › Admin API - Comprehensive Testing › Authentication Requirements › should reject unauthenticated requests to admin endpoints (retry #1) (339ms)
  ✘  4103 [mobile-chrome] › e2e/api/admin-api-comprehensive.spec.ts:50:9 › Admin API - Comprehensive Testing › AB Tests Endpoint › should handle invalid AB test ID gracefully (326ms)
  ✘  4104 [mobile-chrome] › e2e/api/admin-api-comprehensive.spec.ts:63:9 › Admin API - Comprehensive Testing › AI Analytics Orchestration Endpoint › should return analytics orchestration data (321ms)
  ✘  4105 [mobile-chrome] › e2e/api/admin-api-comprehensive.spec.ts:50:9 › Admin API - Comprehensive Testing › AB Tests Endpoint › should handle invalid AB test ID gracefully (retry #1) (337ms)
  ✘  4106 [mobile-chrome] › e2e/api/admin-api-comprehensive.spec.ts:63:9 › Admin API - Comprehensive Testing › AI Analytics Orchestration Endpoint › should return analytics orchestration data (retry #1) (339ms)
  ✘  4107 [mobile-chrome] › e2e/api/admin-api-comprehensive.spec.ts:75:9 › Admin API - Comprehensive Testing › AI Analytics Orchestration Endpoint › should handle PDF generation request (324ms)
  ✘  4108 [mobile-chrome] › e2e/api/admin-api-comprehensive.spec.ts:90:9 › Admin API - Comprehensive Testing › AI Audience Endpoint › should return audience data (325ms)
  ✘  4109 [mobile-chrome] › e2e/api/admin-api-comprehensive.spec.ts:75:9 › Admin API - Comprehensive Testing › AI Analytics Orchestration Endpoint › should handle PDF generation request (retry #1) (342ms)
  ✘  4110 [mobile-chrome] › e2e/api/admin-api-comprehensive.spec.ts:90:9 › Admin API - Comprehensive Testing › AI Audience Endpoint › should return audience data (retry #1) (341ms)
  ✘  4111 [mobile-chrome] › e2e/api/admin-api-comprehensive.spec.ts:109:9 › Admin API - Comprehensive Testing › AI Campaign Endpoint › should accept campaign creation data (323ms)
  ✘  4112 [mobile-chrome] › e2e/api/admin-api-comprehensive.spec.ts:130:9 › Admin API - Comprehensive Testing › AI Copy Endpoint › should return copy generation data (336ms)
  ✘  4113 [mobile-chrome] › e2e/api/admin-api-comprehensive.spec.ts:109:9 › Admin API - Comprehensive Testing › AI Campaign Endpoint › should accept campaign creation data (retry #1) (344ms)
  ✘  4114 [mobile-chrome] › e2e/api/admin-api-comprehensive.spec.ts:130:9 › Admin API - Comprehensive Testing › AI Copy Endpoint › should return copy generation data (retry #1) (341ms)
  ✘  4115 [mobile-chrome] › e2e/api/admin-api-comprehensive.spec.ts:149:9 › Admin API - Comprehensive Testing › AI Copy Endpoint › should accept copy generation request (325ms)
  ✘  4116 [mobile-chrome] › e2e/api/admin-api-comprehensive.spec.ts:183:11 › Admin API - Comprehensive Testing › Analytics Endpoints › should return data for /api/admin/analytics/devices (325ms)
  ✘  4117 [mobile-chrome] › e2e/api/admin-api-comprehensive.spec.ts:149:9 › Admin API - Comprehensive Testing › AI Copy Endpoint › should accept copy generation request (retry #1) (342ms)
  ✘  4118 [mobile-chrome] › e2e/api/admin-api-comprehensive.spec.ts:183:11 › Admin API - Comprehensive Testing › Analytics Endpoints › should return data for /api/admin/analytics/devices (retry #1) (339ms)
  ✘  4119 [mobile-chrome] › e2e/api/admin-api-comprehensive.spec.ts:183:11 › Admin API - Comprehensive Testing › Analytics Endpoints › should return data for /api/admin/analytics/products (327ms)
  ✘  4120 [mobile-chrome] › e2e/api/admin-api-comprehensive.spec.ts:183:11 › Admin API - Comprehensive Testing › Analytics Endpoints › should return data for /api/admin/analytics/pages (329ms)
  ✘  4121 [mobile-chrome] › e2e/api/admin-api-comprehensive.spec.ts:183:11 › Admin API - Comprehensive Testing › Analytics Endpoints › should return data for /api/admin/analytics/products (retry #1) (339ms)
  ✘  4122 [mobile-chrome] › e2e/api/admin-api-comprehensive.spec.ts:183:11 › Admin API - Comprehensive Testing › Analytics Endpoints › should return data for /api/admin/analytics/pages (retry #1) (338ms)
  ✘  4123 [mobile-chrome] › e2e/api/admin-api-comprehensive.spec.ts:183:11 › Admin API - Comprehensive Testing › Analytics Endpoints › should return data for /api/admin/analytics/query-pages (324ms)
  ✘  4124 [mobile-chrome] › e2e/api/admin-api-comprehensive.spec.ts:183:11 › Admin API - Comprehensive Testing › Analytics Endpoints › should return data for /api/admin/analytics/search-intent (325ms)
  ✘  4125 [mobile-chrome] › e2e/api/admin-api-comprehensive.spec.ts:183:11 › Admin API - Comprehensive Testing › Analytics Endpoints › should return data for /api/admin/analytics/query-pages (retry #1) (344ms)
  ✘  4126 [mobile-chrome] › e2e/api/admin-api-comprehensive.spec.ts:183:11 › Admin API - Comprehensive Testing › Analytics Endpoints › should return data for /api/admin/analytics/search-intent (retry #1) (343ms)
  ✘  4127 [mobile-chrome] › e2e/api/admin-api-comprehensive.spec.ts:183:11 › Admin API - Comprehensive Testing › Analytics Endpoints › should return data for /api/admin/analytics/seo (326ms)
  ✘  4128 [mobile-chrome] › e2e/api/admin-api-comprehensive.spec.ts:183:11 › Admin API - Comprehensive Testing › Analytics Endpoints › should return data for /api/admin/analytics/countries (326ms)
  ✘  4129 [mobile-chrome] › e2e/api/admin-api-comprehensive.spec.ts:183:11 › Admin API - Comprehensive Testing › Analytics Endpoints › should return data for /api/admin/analytics/seo (retry #1) (341ms)
  ✘  4130 [mobile-chrome] › e2e/api/admin-api-comprehensive.spec.ts:183:11 › Admin API - Comprehensive Testing › Analytics Endpoints › should return data for /api/admin/analytics/countries (retry #1) (341ms)
  ✘  4131 [mobile-chrome] › e2e/api/admin-api-comprehensive.spec.ts:203:11 › Admin API - Comprehensive Testing › Analytics Endpoints › should return data for /api/admin/analytics/history (325ms)
  ✘  4132 [mobile-chrome] › e2e/api/admin-api-comprehensive.spec.ts:203:11 › Admin API - Comprehensive Testing › Analytics Endpoints › should return data for /api/admin/analytics/keywords (324ms)
  ✘  4133 [mobile-chrome] › e2e/api/admin-api-comprehensive.spec.ts:203:11 › Admin API - Comprehensive Testing › Analytics Endpoints › should return data for /api/admin/analytics/history (retry #1) (342ms)
  ✘  4134 [mobile-chrome] › e2e/api/admin-api-comprehensive.spec.ts:203:11 › Admin API - Comprehensive Testing › Analytics Endpoints › should return data for /api/admin/analytics/keywords (retry #1) (337ms)
  ✘  4135 [mobile-chrome] › e2e/api/admin-api-comprehensive.spec.ts:203:11 › Admin API - Comprehensive Testing › Analytics Endpoints › should return data for /api/admin/analytics/unified (324ms)
  ✘  4136 [mobile-chrome] › e2e/api/admin-api-comprehensive.spec.ts:203:11 › Admin API - Comprehensive Testing › Analytics Endpoints › should return data for /api/admin/analytics/web (325ms)
  ✘  4137 [mobile-chrome] › e2e/api/admin-api-comprehensive.spec.ts:203:11 › Admin API - Comprehensive Testing › Analytics Endpoints › should return data for /api/admin/analytics/unified (retry #1) (339ms)
  ✘  4138 [mobile-chrome] › e2e/api/admin-api-comprehensive.spec.ts:203:11 › Admin API - Comprehensive Testing › Analytics Endpoints › should return data for /api/admin/analytics/web (retry #1) (340ms)
  ✘  4139 [mobile-chrome] › e2e/api/admin-api-comprehensive.spec.ts:217:9 › Admin API - Comprehensive Testing › Cache Endpoint › should return cache statistics (324ms)
  ✘  4140 [mobile-chrome] › e2e/api/admin-api-comprehensive.spec.ts:227:9 › Admin API - Comprehensive Testing › Cache Endpoint › should accept cache clear request (323ms)
  ✘  4141 [mobile-chrome] › e2e/api/admin-api-comprehensive.spec.ts:217:9 › Admin API - Comprehensive Testing › Cache Endpoint › should return cache statistics (retry #1) (345ms)
  ✘  4142 [mobile-chrome] › e2e/api/admin-api-comprehensive.spec.ts:227:9 › Admin API - Comprehensive Testing › Cache Endpoint › should accept cache clear request (retry #1) (340ms)
  ✘  4143 [mobile-chrome] › e2e/api/admin-api-comprehensive.spec.ts:240:9 › Admin API - Comprehensive Testing › Calendar Endpoint › should return calendar data (324ms)
  ✘  4144 [mobile-chrome] › e2e/api/admin-api-comprehensive.spec.ts:249:9 › Admin API - Comprehensive Testing › Calendar Endpoint › should accept calendar event creation (327ms)
  ✘  4145 [mobile-chrome] › e2e/api/admin-api-comprehensive.spec.ts:240:9 › Admin API - Comprehensive Testing › Calendar Endpoint › should return calendar data (retry #1) (340ms)
  ✘  4146 [mobile-chrome] › e2e/api/admin-api-comprehensive.spec.ts:249:9 › Admin API - Comprehensive Testing › Calendar Endpoint › should accept calendar event creation (retry #1) (339ms)
  ✘  4147 [mobile-chrome] › e2e/api/admin-api-comprehensive.spec.ts:279:11 › Admin API - Comprehensive Testing › CRM Endpoints › should return data for /api/admin/crm/companies (324ms)
  ✘  4148 [mobile-chrome] › e2e/api/admin-api-comprehensive.spec.ts:279:11 › Admin API - Comprehensive Testing › CRM Endpoints › should return data for /api/admin/crm/contacts (325ms)
  ✘  4149 [mobile-chrome] › e2e/api/admin-api-comprehensive.spec.ts:279:11 › Admin API - Comprehensive Testing › CRM Endpoints › should return data for /api/admin/crm/companies (retry #1) (338ms)
  ✘  4150 [mobile-chrome] › e2e/api/admin-api-comprehensive.spec.ts:279:11 › Admin API - Comprehensive Testing › CRM Endpoints › should return data for /api/admin/crm/contacts (retry #1) (338ms)
  ✘  4151 [mobile-chrome] › e2e/api/admin-api-comprehensive.spec.ts:279:11 › Admin API - Comprehensive Testing › CRM Endpoints › should return data for /api/admin/crm/deals (323ms)
  ✘  4152 [mobile-chrome] › e2e/api/admin-api-comprehensive.spec.ts:279:11 › Admin API - Comprehensive Testing › CRM Endpoints › should return data for /api/admin/crm/owners (325ms)
  ✘  4153 [mobile-chrome] › e2e/api/admin-api-comprehensive.spec.ts:279:11 › Admin API - Comprehensive Testing › CRM Endpoints › should return data for /api/admin/crm/deals (retry #1) (338ms)
  ✘  4154 [mobile-chrome] › e2e/api/admin-api-comprehensive.spec.ts:279:11 › Admin API - Comprehensive Testing › CRM Endpoints › should return data for /api/admin/crm/owners (retry #1) (343ms)
  ✘  4155 [mobile-chrome] › e2e/api/admin-api-comprehensive.spec.ts:279:11 › Admin API - Comprehensive Testing › CRM Endpoints › should return data for /api/admin/crm/pipelines (324ms)
  ✘  4156 [mobile-chrome] › e2e/api/admin-api-comprehensive.spec.ts:279:11 › Admin API - Comprehensive Testing › CRM Endpoints › should return data for /api/admin/crm/tickets (325ms)
  ✘  4157 [mobile-chrome] › e2e/api/admin-api-comprehensive.spec.ts:279:11 › Admin API - Comprehensive Testing › CRM Endpoints › should return data for /api/admin/crm/pipelines (retry #1) (339ms)
  ✘  4158 [mobile-chrome] › e2e/api/admin-api-comprehensive.spec.ts:279:11 › Admin API - Comprehensive Testing › CRM Endpoints › should return data for /api/admin/crm/tickets (retry #1) (339ms)
  ✘  4159 [mobile-chrome] › e2e/api/admin-api-comprehensive.spec.ts:302:11 › Admin API - Comprehensive Testing › Email Endpoints › should return data for /api/admin/email/automations (324ms)
  ✘  4160 [mobile-chrome] › e2e/api/admin-api-comprehensive.spec.ts:302:11 › Admin API - Comprehensive Testing › Email Endpoints › should return data for /api/admin/email/campaigns (325ms)
  ✘  4161 [mobile-chrome] › e2e/api/admin-api-comprehensive.spec.ts:302:11 › Admin API - Comprehensive Testing › Email Endpoints › should return data for /api/admin/email/automations (retry #1) (336ms)
  ✘  4162 [mobile-chrome] › e2e/api/admin-api-comprehensive.spec.ts:302:11 › Admin API - Comprehensive Testing › Email Endpoints › should return data for /api/admin/email/campaigns (retry #1) (337ms)
  ✘  4163 [mobile-chrome] › e2e/api/admin-api-comprehensive.spec.ts:302:11 › Admin API - Comprehensive Testing › Email Endpoints › should return data for /api/admin/email/contacts (323ms)
  ✘  4164 [mobile-chrome] › e2e/api/admin-api-comprehensive.spec.ts:302:11 › Admin API - Comprehensive Testing › Email Endpoints › should return data for /api/admin/email/lists (326ms)
  ✘  4165 [mobile-chrome] › e2e/api/admin-api-comprehensive.spec.ts:302:11 › Admin API - Comprehensive Testing › Email Endpoints › should return data for /api/admin/email/contacts (retry #1) (354ms)
  ✘  4166 [mobile-chrome] › e2e/api/admin-api-comprehensive.spec.ts:302:11 › Admin API - Comprehensive Testing › Email Endpoints › should return data for /api/admin/email/lists (retry #1) (342ms)
  ✘  4167 [mobile-chrome] › e2e/api/admin-api-comprehensive.spec.ts:302:11 › Admin API - Comprehensive Testing › Email Endpoints › should return data for /api/admin/email/stats (323ms)
  ✘  4168 [mobile-chrome] › e2e/api/admin-api-comprehensive.spec.ts:313:9 › Admin API - Comprehensive Testing › Email Endpoints › should accept email campaign creation (326ms)
  ✘  4169 [mobile-chrome] › e2e/api/admin-api-comprehensive.spec.ts:302:11 › Admin API - Comprehensive Testing › Email Endpoints › should return data for /api/admin/email/stats (retry #1) (339ms)
  ✘  4170 [mobile-chrome] › e2e/api/admin-api-comprehensive.spec.ts:313:9 › Admin API - Comprehensive Testing › Email Endpoints › should accept email campaign creation (retry #1) (350ms)
  ✘  4171 [mobile-chrome] › e2e/api/admin-api-comprehensive.spec.ts:334:9 › Admin API - Comprehensive Testing › Integrations Endpoint › should return integrations status (327ms)
  ✘  4172 [mobile-chrome] › e2e/api/admin-api-comprehensive.spec.ts:346:9 › Admin API - Comprehensive Testing › KPI Endpoint › should return KPI data (326ms)
  ✘  4173 [mobile-chrome] › e2e/api/admin-api-comprehensive.spec.ts:334:9 › Admin API - Comprehensive Testing › Integrations Endpoint › should return integrations status (retry #1) (339ms)
  ✘  4174 [mobile-chrome] › e2e/api/admin-api-comprehensive.spec.ts:346:9 › Admin API - Comprehensive Testing › KPI Endpoint › should return KPI data (retry #1) (345ms)
  ✘  4175 [mobile-chrome] › e2e/api/admin-api-comprehensive.spec.ts:371:11 › Admin API - Comprehensive Testing › Notion Endpoints › should return data for /api/admin/notion/analytics (323ms)
  ✘  4176 [mobile-chrome] › e2e/api/admin-api-comprehensive.spec.ts:371:11 › Admin API - Comprehensive Testing › Notion Endpoints › should return data for /api/admin/notion/blog (325ms)
  ✘  4177 [mobile-chrome] › e2e/api/admin-api-comprehensive.spec.ts:371:11 › Admin API - Comprehensive Testing › Notion Endpoints › should return data for /api/admin/notion/analytics (retry #1) (340ms)
  ✘  4178 [mobile-chrome] › e2e/api/admin-api-comprehensive.spec.ts:371:11 › Admin API - Comprehensive Testing › Notion Endpoints › should return data for /api/admin/notion/blog (retry #1) (339ms)
  ✘  4179 [mobile-chrome] › e2e/api/admin-api-comprehensive.spec.ts:371:11 › Admin API - Comprehensive Testing › Notion Endpoints › should return data for /api/admin/notion/comments (326ms)
  ✘  4180 [mobile-chrome] › e2e/api/admin-api-comprehensive.spec.ts:371:11 › Admin API - Comprehensive Testing › Notion Endpoints › should return data for /api/admin/notion/docs (325ms)
  ✘  4181 [mobile-chrome] › e2e/api/admin-api-comprehensive.spec.ts:371:11 › Admin API - Comprehensive Testing › Notion Endpoints › should return data for /api/admin/notion/comments (retry #1) (351ms)
  ✘  4182 [mobile-chrome] › e2e/api/admin-api-comprehensive.spec.ts:371:11 › Admin API - Comprehensive Testing › Notion Endpoints › should return data for /api/admin/notion/docs (retry #1) (339ms)
  ✘  4183 [mobile-chrome] › e2e/api/admin-api-comprehensive.spec.ts:371:11 › Admin API - Comprehensive Testing › Notion Endpoints › should return data for /api/admin/notion/projects (325ms)
  ✘  4184 [mobile-chrome] › e2e/api/admin-api-comprehensive.spec.ts:371:11 › Admin API - Comprehensive Testing › Notion Endpoints › should return data for /api/admin/notion/search (327ms)
  ✘  4185 [mobile-chrome] › e2e/api/admin-api-comprehensive.spec.ts:371:11 › Admin API - Comprehensive Testing › Notion Endpoints › should return data for /api/admin/notion/projects (retry #1) (343ms)
  ✘  4186 [mobile-chrome] › e2e/api/admin-api-comprehensive.spec.ts:371:11 › Admin API - Comprehensive Testing › Notion Endpoints › should return data for /api/admin/notion/search (retry #1) (339ms)
  ✘  4187 [mobile-chrome] › e2e/api/admin-api-comprehensive.spec.ts:371:11 › Admin API - Comprehensive Testing › Notion Endpoints › should return data for /api/admin/notion/status (324ms)
  ✘  4188 [mobile-chrome] › e2e/api/admin-api-comprehensive.spec.ts:371:11 › Admin API - Comprehensive Testing › Notion Endpoints › should return data for /api/admin/notion/submissions (324ms)
  ✘  4189 [mobile-chrome] › e2e/api/admin-api-comprehensive.spec.ts:371:11 › Admin API - Comprehensive Testing › Notion Endpoints › should return data for /api/admin/notion/status (retry #1) (340ms)
  ✘  4190 [mobile-chrome] › e2e/api/admin-api-comprehensive.spec.ts:371:11 › Admin API - Comprehensive Testing › Notion Endpoints › should return data for /api/admin/notion/submissions (retry #1) (337ms)
  ✘  4191 [mobile-chrome] › e2e/api/admin-api-comprehensive.spec.ts:371:11 › Admin API - Comprehensive Testing › Notion Endpoints › should return data for /api/admin/notion/tasks (325ms)
  ✘  4192 [mobile-chrome] › e2e/api/admin-api-comprehensive.spec.ts:391:11 › Admin API - Comprehensive Testing › Operations Endpoints › should return data for /api/admin/ops/errors (326ms)
  ✘  4193 [mobile-chrome] › e2e/api/admin-api-comprehensive.spec.ts:371:11 › Admin API - Comprehensive Testing › Notion Endpoints › should return data for /api/admin/notion/tasks (retry #1) (338ms)
  ✘  4194 [mobile-chrome] › e2e/api/admin-api-comprehensive.spec.ts:391:11 › Admin API - Comprehensive Testing › Operations Endpoints › should return data for /api/admin/ops/errors (retry #1) (340ms)
  ✘  4195 [mobile-chrome] › e2e/api/admin-api-comprehensive.spec.ts:391:11 › Admin API - Comprehensive Testing › Operations Endpoints › should return data for /api/admin/ops/monitor (323ms)
  ✘  4196 [mobile-chrome] › e2e/api/admin-api-comprehensive.spec.ts:402:9 › Admin API - Comprehensive Testing › Operations Endpoints › should accept error reporting (325ms)
  ✘  4197 [mobile-chrome] › e2e/api/admin-api-comprehensive.spec.ts:391:11 › Admin API - Comprehensive Testing › Operations Endpoints › should return data for /api/admin/ops/monitor (retry #1) (341ms)
  ✘  4198 [mobile-chrome] › e2e/api/admin-api-comprehensive.spec.ts:402:9 › Admin API - Comprehensive Testing › Operations Endpoints › should accept error reporting (retry #1) (337ms)
  ✘  4199 [mobile-chrome] › e2e/api/admin-api-comprehensive.spec.ts:422:9 › Admin API - Comprehensive Testing › Orders Endpoint › should return orders data (324ms)
  ✘  4200 [mobile-chrome] › e2e/api/admin-api-comprehensive.spec.ts:440:11 › Admin API - Comprehensive Testing › Pipeline Endpoints › should return data for /api/admin/pipeline/board (325ms)
  ✘  4201 [mobile-chrome] › e2e/api/admin-api-comprehensive.spec.ts:422:9 › Admin API - Comprehensive Testing › Orders Endpoint › should return orders data (retry #1) (338ms)
  ✘  4202 [mobile-chrome] › e2e/api/admin-api-comprehensive.spec.ts:440:11 › Admin API - Comprehensive Testing › Pipeline Endpoints › should return data for /api/admin/pipeline/board (retry #1) (338ms)
  ✘  4203 [mobile-chrome] › e2e/api/admin-api-comprehensive.spec.ts:440:11 › Admin API - Comprehensive Testing › Pipeline Endpoints › should return data for /api/admin/pipeline/stats (323ms)
  ✘  4204 [mobile-chrome] › e2e/api/admin-api-comprehensive.spec.ts:450:9 › Admin API - Comprehensive Testing › Pipeline Endpoints › should accept pipeline card creation (325ms)
  ✘  4205 [mobile-chrome] › e2e/api/admin-api-comprehensive.spec.ts:440:11 › Admin API - Comprehensive Testing › Pipeline Endpoints › should return data for /api/admin/pipeline/stats (retry #1) (339ms)
  ✘  4206 [mobile-chrome] › e2e/api/admin-api-comprehensive.spec.ts:450:9 › Admin API - Comprehensive Testing › Pipeline Endpoints › should accept pipeline card creation (retry #1) (339ms)
  ✘  4207 [mobile-chrome] › e2e/api/admin-api-comprehensive.spec.ts:470:9 › Admin API - Comprehensive Testing › Pending Clients Endpoint › should return pending clients data (323ms)
  ✘  4208 [mobile-chrome] › e2e/api/admin-api-comprehensive.spec.ts:488:11 › Admin API - Comprehensive Testing › Reports Endpoints › should return data for /api/admin/reports (325ms)
  ✘  4209 [mobile-chrome] › e2e/api/admin-api-comprehensive.spec.ts:470:9 › Admin API - Comprehensive Testing › Pending Clients Endpoint › should return pending clients data (retry #1) (339ms)
  ✘  4210 [mobile-chrome] › e2e/api/admin-api-comprehensive.spec.ts:488:11 › Admin API - Comprehensive Testing › Reports Endpoints › should return data for /api/admin/reports (retry #1) (339ms)
  ✘  4211 [mobile-chrome] › e2e/api/admin-api-comprehensive.spec.ts:488:11 › Admin API - Comprehensive Testing › Reports Endpoints › should return data for /api/admin/reports/generate (323ms)
  ✘  4212 [mobile-chrome] › e2e/api/admin-api-comprehensive.spec.ts:498:9 › Admin API - Comprehensive Testing › Reports Endpoints › should accept report generation request (325ms)
  ✘  4213 [mobile-chrome] › e2e/api/admin-api-comprehensive.spec.ts:488:11 › Admin API - Comprehensive Testing › Reports Endpoints › should return data for /api/admin/reports/generate (retry #1) (339ms)
  ✘  4214 [mobile-chrome] › e2e/api/admin-api-comprehensive.spec.ts:498:9 › Admin API - Comprehensive Testing › Reports Endpoints › should accept report generation request (retry #1) (345ms)
  ✘  4215 [mobile-chrome] › e2e/api/admin-api-comprehensive.spec.ts:520:9 › Admin API - Comprehensive Testing › Subscriptions Endpoint › should return subscriptions data (323ms)
  ✘  4216 [mobile-chrome] › e2e/api/admin-api-comprehensive.spec.ts:532:9 › Admin API - Comprehensive Testing › Users Endpoint › should return users data (325ms)
  ✘  4217 [mobile-chrome] › e2e/api/admin-api-comprehensive.spec.ts:520:9 › Admin API - Comprehensive Testing › Subscriptions Endpoint › should return subscriptions data (retry #1) (338ms)
  ✘  4218 [mobile-chrome] › e2e/api/admin-api-comprehensive.spec.ts:532:9 › Admin API - Comprehensive Testing › Users Endpoint › should return users data (retry #1) (340ms)
  ✘  4219 [mobile-chrome] › e2e/api/admin-api-comprehensive.spec.ts:541:9 › Admin API - Comprehensive Testing › Users Endpoint › should accept user creation (327ms)
  ✘  4220 [mobile-chrome] › e2e/api/admin-api-comprehensive.spec.ts:561:9 › Admin API - Comprehensive Testing › Workspaces Endpoint › should return workspaces data (324ms)
  ✘  4221 [mobile-chrome] › e2e/api/admin-api-comprehensive.spec.ts:541:9 › Admin API - Comprehensive Testing › Users Endpoint › should accept user creation (retry #1) (340ms)
  ✘  4222 [mobile-chrome] › e2e/api/admin-api-comprehensive.spec.ts:561:9 › Admin API - Comprehensive Testing › Workspaces Endpoint › should return workspaces data (retry #1) (339ms)
  ✘  4223 [mobile-chrome] › e2e/api/admin-api-comprehensive.spec.ts:573:9 › Admin API - Comprehensive Testing › Voice Brief Endpoint › should return voice brief data (323ms)
  ✘  4224 [mobile-chrome] › e2e/api/admin-api-comprehensive.spec.ts:598:11 › Admin API - Comprehensive Testing › Analytics Submodules › should return data for /api/admin/analytics/ctr-opportunities (326ms)
  ✘  4225 [mobile-chrome] › e2e/api/admin-api-comprehensive.spec.ts:573:9 › Admin API - Comprehensive Testing › Voice Brief Endpoint › should return voice brief data (retry #1) (340ms)
  ✘  4226 [mobile-chrome] › e2e/api/admin-api-comprehensive.spec.ts:598:11 › Admin API - Comprehensive Testing › Analytics Submodules › should return data for /api/admin/analytics/ctr-opportunities (retry #1) (355ms)
  ✘  4227 [mobile-chrome] › e2e/api/admin-api-comprehensive.spec.ts:598:11 › Admin API - Comprehensive Testing › Analytics Submodules › should return data for /api/admin/analytics/datalake (325ms)
  ✘  4228 [mobile-chrome] › e2e/api/admin-api-comprehensive.spec.ts:598:11 › Admin API - Comprehensive Testing › Analytics Submodules › should return data for /api/admin/analytics/gsc-archive (326ms)
  ✘  4229 [mobile-chrome] › e2e/api/admin-api-comprehensive.spec.ts:598:11 › Admin API - Comprehensive Testing › Analytics Submodules › should return data for /api/admin/analytics/datalake (retry #1) (344ms)
  ✘  4230 [mobile-chrome] › e2e/api/admin-api-comprehensive.spec.ts:598:11 › Admin API - Comprehensive Testing › Analytics Submodules › should return data for /api/admin/analytics/gsc-archive (retry #1) (344ms)
  ✘  4231 [mobile-chrome] › e2e/api/admin-api-comprehensive.spec.ts:598:11 › Admin API - Comprehensive Testing › Analytics Submodules › should return data for /api/admin/analytics/lake-catalog (326ms)
  ✘  4232 [mobile-chrome] › e2e/api/admin-api-comprehensive.spec.ts:598:11 › Admin API - Comprehensive Testing › Analytics Submodules › should return data for /api/admin/analytics/lake-parquet (324ms)
  ✘  4233 [mobile-chrome] › e2e/api/admin-api-comprehensive.spec.ts:598:11 › Admin API - Comprehensive Testing › Analytics Submodules › should return data for /api/admin/analytics/lake-catalog (retry #1) (342ms)
  ✘  4234 [mobile-chrome] › e2e/api/admin-api-comprehensive.spec.ts:598:11 › Admin API - Comprehensive Testing › Analytics Submodules › should return data for /api/admin/analytics/lake-parquet (retry #1) (339ms)
  ✘  4235 [mobile-chrome] › e2e/api/admin-api-comprehensive.spec.ts:598:11 › Admin API - Comprehensive Testing › Analytics Submodules › should return data for /api/admin/analytics/roi (324ms)
  ✘  4236 [mobile-chrome] › e2e/api/admin-api-comprehensive.spec.ts:598:11 › Admin API - Comprehensive Testing › Analytics Submodules › should return data for /api/admin/analytics/search-funnel (322ms)
  ✘  4237 [mobile-chrome] › e2e/api/admin-api-comprehensive.spec.ts:598:11 › Admin API - Comprehensive Testing › Analytics Submodules › should return data for /api/admin/analytics/roi (retry #1) (341ms)
  ✘  4238 [mobile-chrome] › e2e/api/admin-api-comprehensive.spec.ts:598:11 › Admin API - Comprehensive Testing › Analytics Submodules › should return data for /api/admin/analytics/search-funnel (retry #1) (340ms)
  ✘  4239 [mobile-chrome] › e2e/api/admin-api-comprehensive.spec.ts:598:11 › Admin API - Comprehensive Testing › Analytics Submodules › should return data for /api/admin/analytics/workspaces (323ms)
  ✘  4240 [mobile-chrome] › e2e/api/admin-api-comprehensive.spec.ts:598:11 › Admin API - Comprehensive Testing › Analytics Submodules › should return data for /api/admin/analytics/workspaces/[id] (324ms)
  ✘  4241 [mobile-chrome] › e2e/api/admin-api-comprehensive.spec.ts:598:11 › Admin API - Comprehensive Testing › Analytics Submodules › should return data for /api/admin/analytics/workspaces (retry #1) (341ms)
  ✘  4242 [mobile-chrome] › e2e/api/admin-api-comprehensive.spec.ts:598:11 › Admin API - Comprehensive Testing › Analytics Submodules › should return data for /api/admin/analytics/workspaces/[id] (retry #1) (340ms)
  ✘  4243 [mobile-chrome] › e2e/api/admin-api-comprehensive.spec.ts:630:11 › Admin API - Comprehensive Testing › Appflowy Submodules › should return data for /api/admin/appflowy/analytics (336ms)
  ✘  4244 [mobile-chrome] › e2e/api/admin-api-comprehensive.spec.ts:630:11 › Admin API - Comprehensive Testing › Appflowy Submodules › should return data for /api/admin/appflowy/blog (324ms)
  ✘  4245 [mobile-chrome] › e2e/api/admin-api-comprehensive.spec.ts:630:11 › Admin API - Comprehensive Testing › Appflowy Submodules › should return data for /api/admin/appflowy/analytics (retry #1) (340ms)
  ✘  4246 [mobile-chrome] › e2e/api/admin-api-comprehensive.spec.ts:630:11 › Admin API - Comprehensive Testing › Appflowy Submodules › should return data for /api/admin/appflowy/blog (retry #1) (338ms)
  ✘  4247 [mobile-chrome] › e2e/api/admin-api-comprehensive.spec.ts:630:11 › Admin API - Comprehensive Testing › Appflowy Submodules › should return data for /api/admin/appflowy/case-studies (323ms)
  ✘  4248 [mobile-chrome] › e2e/api/admin-api-comprehensive.spec.ts:630:11 › Admin API - Comprehensive Testing › Appflowy Submodules › should return data for /api/admin/appflowy/docs (326ms)
  ✘  4249 [mobile-chrome] › e2e/api/admin-api-comprehensive.spec.ts:630:11 › Admin API - Comprehensive Testing › Appflowy Submodules › should return data for /api/admin/appflowy/case-studies (retry #1) (341ms)
  ✘  4250 [mobile-chrome] › e2e/api/admin-api-comprehensive.spec.ts:630:11 › Admin API - Comprehensive Testing › Appflowy Submodules › should return data for /api/admin/appflowy/docs (retry #1) (338ms)
  ✘  4251 [mobile-chrome] › e2e/api/admin-api-comprehensive.spec.ts:630:11 › Admin API - Comprehensive Testing › Appflowy Submodules › should return data for /api/admin/appflowy/faqs (324ms)
  ✘  4252 [mobile-chrome] › e2e/api/admin-api-comprehensive.spec.ts:630:11 › Admin API - Comprehensive Testing › Appflowy Submodules › should return data for /api/admin/appflowy/projects (325ms)
  ✘  4253 [mobile-chrome] › e2e/api/admin-api-comprehensive.spec.ts:630:11 › Admin API - Comprehensive Testing › Appflowy Submodules › should return data for /api/admin/appflowy/faqs (retry #1) (338ms)
  ✘  4254 [mobile-chrome] › e2e/api/admin-api-comprehensive.spec.ts:630:11 › Admin API - Comprehensive Testing › Appflowy Submodules › should return data for /api/admin/appflowy/projects (retry #1) (339ms)
  ✘  4255 [mobile-chrome] › e2e/api/admin-api-comprehensive.spec.ts:630:11 › Admin API - Comprehensive Testing › Appflowy Submodules › should return data for /api/admin/appflowy/search (326ms)
  ✘  4256 [mobile-chrome] › e2e/api/admin-api-comprehensive.spec.ts:630:11 › Admin API - Comprehensive Testing › Appflowy Submodules › should return data for /api/admin/appflowy/services (324ms)
  ✘  4257 [mobile-chrome] › e2e/api/admin-api-comprehensive.spec.ts:630:11 › Admin API - Comprehensive Testing › Appflowy Submodules › should return data for /api/admin/appflowy/search (retry #1) (355ms)
  ✘  4258 [mobile-chrome] › e2e/api/admin-api-comprehensive.spec.ts:630:11 › Admin API - Comprehensive Testing › Appflowy Submodules › should return data for /api/admin/appflowy/services (retry #1) (339ms)
  ✘  4259 [mobile-chrome] › e2e/api/admin-api-comprehensive.spec.ts:630:11 › Admin API - Comprehensive Testing › Appflowy Submodules › should return data for /api/admin/appflowy/status (323ms)
  ✘  4260 [mobile-chrome] › e2e/api/admin-api-comprehensive.spec.ts:630:11 › Admin API - Comprehensive Testing › Appflowy Submodules › should return data for /api/admin/appflowy/submissions (344ms)
  ✘  4261 [mobile-chrome] › e2e/api/admin-api-comprehensive.spec.ts:630:11 › Admin API - Comprehensive Testing › Appflowy Submodules › should return data for /api/admin/appflowy/status (retry #1) (351ms)
  ✘  4262 [mobile-chrome] › e2e/api/admin-api-comprehensive.spec.ts:630:11 › Admin API - Comprehensive Testing › Appflowy Submodules › should return data for /api/admin/appflowy/submissions (retry #1) (355ms)
  ✘  4263 [mobile-chrome] › e2e/api/admin-api-comprehensive.spec.ts:630:11 › Admin API - Comprehensive Testing › Appflowy Submodules › should return data for /api/admin/appflowy/tasks (323ms)
  ✘  4264 [mobile-chrome] › e2e/api/admin-api-comprehensive.spec.ts:630:11 › Admin API - Comprehensive Testing › Appflowy Submodules › should return data for /api/admin/appflowy/testimonials (325ms)
  ✘  4265 [mobile-chrome] › e2e/api/admin-api-comprehensive.spec.ts:630:11 › Admin API - Comprehensive Testing › Appflowy Submodules › should return data for /api/admin/appflowy/tasks (retry #1) (339ms)
  ✘  4266 [mobile-chrome] › e2e/api/admin-api-comprehensive.spec.ts:630:11 › Admin API - Comprehensive Testing › Appflowy Submodules › should return data for /api/admin/appflowy/testimonials (retry #1) (339ms)
  ✘  4267 [mobile-chrome] › e2e/api/admin-api-comprehensive.spec.ts:661:11 › Admin API - Comprehensive Testing › Campaigns Submodules › should return data for /api/admin/campaigns/crm-leads (324ms)
  ✘  4268 [mobile-chrome] › e2e/api/admin-api-comprehensive.spec.ts:661:11 › Admin API - Comprehensive Testing › Campaigns Submodules › should return data for /api/admin/campaigns/google (324ms)
  ✘  4269 [mobile-chrome] › e2e/api/admin-api-comprehensive.spec.ts:661:11 › Admin API - Comprehensive Testing › Campaigns Submodules › should return data for /api/admin/campaigns/crm-leads (retry #1) (340ms)
  ✘  4270 [mobile-chrome] › e2e/api/admin-api-comprehensive.spec.ts:661:11 › Admin API - Comprehensive Testing › Campaigns Submodules › should return data for /api/admin/campaigns/google (retry #1) (341ms)
  ✘  4271 [mobile-chrome] › e2e/api/admin-api-comprehensive.spec.ts:661:11 › Admin API - Comprehensive Testing › Campaigns Submodules › should return data for /api/admin/campaigns/google/insights (323ms)
  ✘  4272 [mobile-chrome] › e2e/api/admin-api-comprehensive.spec.ts:661:11 › Admin API - Comprehensive Testing › Campaigns Submodules › should return data for /api/admin/campaigns/linkedin (327ms)
  ✘  4273 [mobile-chrome] › e2e/api/admin-api-comprehensive.spec.ts:661:11 › Admin API - Comprehensive Testing › Campaigns Submodules › should return data for /api/admin/campaigns/google/insights (retry #1) (341ms)
  ✘  4274 [mobile-chrome] › e2e/api/admin-api-comprehensive.spec.ts:661:11 › Admin API - Comprehensive Testing › Campaigns Submodules › should return data for /api/admin/campaigns/linkedin (retry #1) (339ms)
  ✘  4275 [mobile-chrome] › e2e/api/admin-api-comprehensive.spec.ts:661:11 › Admin API - Comprehensive Testing › Campaigns Submodules › should return data for /api/admin/campaigns/linkedin/insights (324ms)
  ✘  4276 [mobile-chrome] › e2e/api/admin-api-comprehensive.spec.ts:661:11 › Admin API - Comprehensive Testing › Campaigns Submodules › should return data for /api/admin/campaigns/meta (324ms)
  ✘  4277 [mobile-chrome] › e2e/api/admin-api-comprehensive.spec.ts:661:11 › Admin API - Comprehensive Testing › Campaigns Submodules › should return data for /api/admin/campaigns/linkedin/insights (retry #1) (340ms)
  ✘  4278 [mobile-chrome] › e2e/api/admin-api-comprehensive.spec.ts:661:11 › Admin API - Comprehensive Testing › Campaigns Submodules › should return data for /api/admin/campaigns/meta (retry #1) (338ms)
  ✘  4279 [mobile-chrome] › e2e/api/admin-api-comprehensive.spec.ts:661:11 › Admin API - Comprehensive Testing › Campaigns Submodules › should return data for /api/admin/campaigns/meta/insights (323ms)
  ✘  4280 [mobile-chrome] › e2e/api/admin-api-comprehensive.spec.ts:661:11 › Admin API - Comprehensive Testing › Campaigns Submodules › should return data for /api/admin/campaigns/tiktok (325ms)
  ✘  4281 [mobile-chrome] › e2e/api/admin-api-comprehensive.spec.ts:661:11 › Admin API - Comprehensive Testing › Campaigns Submodules › should return data for /api/admin/campaigns/meta/insights (retry #1) (338ms)
  ✘  4282 [mobile-chrome] › e2e/api/admin-api-comprehensive.spec.ts:661:11 › Admin API - Comprehensive Testing › Campaigns Submodules › should return data for /api/admin/campaigns/tiktok (retry #1) (337ms)
  ✘  4283 [mobile-chrome] › e2e/api/admin-api-comprehensive.spec.ts:661:11 › Admin API - Comprehensive Testing › Campaigns Submodules › should return data for /api/admin/campaigns/tiktok/insights (324ms)
  ✘  4284 [mobile-chrome] › e2e/api/admin-api-comprehensive.spec.ts:661:11 › Admin API - Comprehensive Testing › Campaigns Submodules › should return data for /api/admin/campaigns/x (327ms)
  ✘  4285 [mobile-chrome] › e2e/api/admin-api-comprehensive.spec.ts:661:11 › Admin API - Comprehensive Testing › Campaigns Submodules › should return data for /api/admin/campaigns/tiktok/insights (retry #1) (339ms)
  ✘  4286 [mobile-chrome] › e2e/api/admin-api-comprehensive.spec.ts:661:11 › Admin API - Comprehensive Testing › Campaigns Submodules › should return data for /api/admin/campaigns/x (retry #1) (341ms)
  ✘  4287 [mobile-chrome] › e2e/api/admin-api-comprehensive.spec.ts:661:11 › Admin API - Comprehensive Testing › Campaigns Submodules › should return data for /api/admin/campaigns/x/insights (323ms)
  ✘  4288 [mobile-chrome] › e2e/api/admin-api-comprehensive.spec.ts:681:11 › Admin API - Comprehensive Testing › Calendar Submodules › should return data for /api/admin/calendar/[id] (334ms)
  ✘  4289 [mobile-chrome] › e2e/api/admin-api-comprehensive.spec.ts:661:11 › Admin API - Comprehensive Testing › Campaigns Submodules › should return data for /api/admin/campaigns/x/insights (retry #1) (338ms)
  ✘  4290 [mobile-chrome] › e2e/api/admin-api-comprehensive.spec.ts:681:11 › Admin API - Comprehensive Testing › Calendar Submodules › should return data for /api/admin/calendar/[id] (retry #1) (340ms)
  ✘  4291 [mobile-chrome] › e2e/api/admin-api-comprehensive.spec.ts:681:11 › Admin API - Comprehensive Testing › Calendar Submodules › should return data for /api/admin/calendar/[id]/publish (323ms)
  ✘  4292 [mobile-chrome] › e2e/api/admin-api-comprehensive.spec.ts:681:11 › Admin API - Comprehensive Testing › Calendar Submodules › should return data for /api/admin/calendar/create (324ms)
  ✘  4293 [mobile-chrome] › e2e/api/admin-api-comprehensive.spec.ts:681:11 › Admin API - Comprehensive Testing › Calendar Submodules › should return data for /api/admin/calendar/[id]/publish (retry #1) (339ms)
  ✘  4294 [mobile-chrome] › e2e/api/admin-api-comprehensive.spec.ts:681:11 › Admin API - Comprehensive Testing › Calendar Submodules › should return data for /api/admin/calendar/create (retry #1) (343ms)
  ✘  4295 [mobile-chrome] › e2e/api/admin-api-comprehensive.spec.ts:704:11 › Admin API - Comprehensive Testing › Cluster Submodules › should return data for /api/admin/cluster/kuma-status (325ms)
  ✘  4296 [mobile-chrome] › e2e/api/admin-api-comprehensive.spec.ts:704:11 › Admin API - Comprehensive Testing › Cluster Submodules › should return data for /api/admin/cluster/mqtt-status (326ms)
  ✘  4297 [mobile-chrome] › e2e/api/admin-api-comprehensive.spec.ts:704:11 › Admin API - Comprehensive Testing › Cluster Submodules › should return data for /api/admin/cluster/kuma-status (retry #1) (340ms)
  ✘  4298 [mobile-chrome] › e2e/api/admin-api-comprehensive.spec.ts:704:11 › Admin API - Comprehensive Testing › Cluster Submodules › should return data for /api/admin/cluster/mqtt-status (retry #1) (341ms)
  ✘  4299 [mobile-chrome] › e2e/api/admin-api-comprehensive.spec.ts:704:11 › Admin API - Comprehensive Testing › Cluster Submodules › should return data for /api/admin/cluster/watchdogs (325ms)
  ✘  4300 [mobile-chrome] › e2e/api/admin-api-comprehensive.spec.ts:717:9 › Admin API - Comprehensive Testing › Cost Endpoint › should return cost data (326ms)
  ✘  4301 [mobile-chrome] › e2e/api/admin-api-comprehensive.spec.ts:704:11 › Admin API - Comprehensive Testing › Cluster Submodules › should return data for /api/admin/cluster/watchdogs (retry #1) (341ms)
  ✘  4302 [mobile-chrome] › e2e/api/admin-api-comprehensive.spec.ts:717:9 › Admin API - Comprehensive Testing › Cost Endpoint › should return cost data (retry #1) (338ms)
  ✘  4303 [mobile-chrome] › e2e/api/admin-api-comprehensive.spec.ts:734:11 › Admin API - Comprehensive Testing › ESP32 Submodules › should return data for /api/admin/esp32/notion-sync (326ms)
  ✘  4304 [mobile-chrome] › e2e/api/admin-api-comprehensive.spec.ts:755:11 › Admin API - Comprehensive Testing › Grafana Submodules › should return data for /api/admin/grafana/dashboards (326ms)
  ✘  4305 [mobile-chrome] › e2e/api/admin-api-comprehensive.spec.ts:734:11 › Admin API - Comprehensive Testing › ESP32 Submodules › should return data for /api/admin/esp32/notion-sync (retry #1) (338ms)
  ✘  4306 [mobile-chrome] › e2e/api/admin-api-comprehensive.spec.ts:755:11 › Admin API - Comprehensive Testing › Grafana Submodules › should return data for /api/admin/grafana/dashboards (retry #1) (342ms)
  ✘  4307 [mobile-chrome] › e2e/api/admin-api-comprehensive.spec.ts:755:11 › Admin API - Comprehensive Testing › Grafana Submodules › should return data for /api/admin/grafana/datasources (323ms)
  ✘  4308 [mobile-chrome] › e2e/api/admin-api-comprehensive.spec.ts:755:11 › Admin API - Comprehensive Testing › Grafana Submodules › should return data for /api/admin/grafana/health (324ms)
  ✘  4309 [mobile-chrome] › e2e/api/admin-api-comprehensive.spec.ts:755:11 › Admin API - Comprehensive Testing › Grafana Submodules › should return data for /api/admin/grafana/datasources (retry #1) (337ms)
  ✘  4310 [mobile-chrome] › e2e/api/admin-api-comprehensive.spec.ts:755:11 › Admin API - Comprehensive Testing › Grafana Submodules › should return data for /api/admin/grafana/health (retry #1) (337ms)
  ✘  4311 [mobile-chrome] › e2e/api/admin-api-comprehensive.spec.ts:755:11 › Admin API - Comprehensive Testing › Grafana Submodules › should return data for /api/admin/grafana/prometheus (323ms)
  ✘  4312 [mobile-chrome] › e2e/api/admin-api-comprehensive.spec.ts:769:9 › Admin API - Comprehensive Testing › Integrations Submodules › should handle integrations webhook (323ms)
  ✘  4313 [mobile-chrome] › e2e/api/admin-api-comprehensive.spec.ts:755:11 › Admin API - Comprehensive Testing › Grafana Submodules › should return data for /api/admin/grafana/prometheus (retry #1) (338ms)
  ✘  4314 [mobile-chrome] › e2e/api/admin-api-comprehensive.spec.ts:769:9 › Admin API - Comprehensive Testing › Integrations Submodules › should handle integrations webhook (retry #1) (338ms)
  ✘  4315 [mobile-chrome] › e2e/api/admin-api-comprehensive.spec.ts:781:9 › Admin API - Comprehensive Testing › Leads Endpoint › should return leads data (323ms)
  ✘  4316 [mobile-chrome] › e2e/api/admin-api-comprehensive.spec.ts:793:9 › Admin API - Comprehensive Testing › LinkedIn Cap Endpoint › should return linkedin cap data (324ms)
  ✘  4317 [mobile-chrome] › e2e/api/admin-api-comprehensive.spec.ts:781:9 › Admin API - Comprehensive Testing › Leads Endpoint › should return leads data (retry #1) (339ms)
  ✘  4318 [mobile-chrome] › e2e/api/admin-api-comprehensive.spec.ts:793:9 › Admin API - Comprehensive Testing › LinkedIn Cap Endpoint › should return linkedin cap data (retry #1) (345ms)
  ✘  4319 [mobile-chrome] › e2e/api/admin-api-comprehensive.spec.ts:813:11 › Admin API - Comprehensive Testing › N8N Submodules › should return data for /api/admin/n8n/executions (324ms)
  ✘  4320 [mobile-chrome] › e2e/api/admin-api-comprehensive.spec.ts:813:11 › Admin API - Comprehensive Testing › N8N Submodules › should return data for /api/admin/n8n/health (323ms)
  ✘  4321 [mobile-chrome] › e2e/api/admin-api-comprehensive.spec.ts:813:11 › Admin API - Comprehensive Testing › N8N Submodules › should return data for /api/admin/n8n/executions (retry #1) (338ms)
  ✘  4322 [mobile-chrome] › e2e/api/admin-api-comprehensive.spec.ts:813:11 › Admin API - Comprehensive Testing › N8N Submodules › should return data for /api/admin/n8n/health (retry #1) (347ms)
  ✘  4323 [mobile-chrome] › e2e/api/admin-api-comprehensive.spec.ts:813:11 › Admin API - Comprehensive Testing › N8N Submodules › should return data for /api/admin/n8n/workflows (324ms)
  ✘  4324 [mobile-chrome] › e2e/api/admin-api-comprehensive.spec.ts:813:11 › Admin API - Comprehensive Testing › N8N Submodules › should return data for /api/admin/n8n/workflows/[id]/trigger (327ms)
  ✘  4325 [mobile-chrome] › e2e/api/admin-api-comprehensive.spec.ts:813:11 › Admin API - Comprehensive Testing › N8N Submodules › should return data for /api/admin/n8n/workflows (retry #1) (342ms)
  ✘  4326 [mobile-chrome] › e2e/api/admin-api-comprehensive.spec.ts:813:11 › Admin API - Comprehensive Testing › N8N Submodules › should return data for /api/admin/n8n/workflows/[id]/trigger (retry #1) (341ms)
  ✘  4327 [mobile-chrome] › e2e/api/admin-api-comprehensive.spec.ts:835:11 › Admin API - Comprehensive Testing › Notifications Submodules › should return data for /api/admin/notifications/analytics (323ms)
  ✘  4328 [mobile-chrome] › e2e/api/admin-api-comprehensive.spec.ts:835:11 › Admin API - Comprehensive Testing › Notifications Submodules › should return data for /api/admin/notifications/test (328ms)
  ✘  4329 [mobile-chrome] › e2e/api/admin-api-comprehensive.spec.ts:835:11 › Admin API - Comprehensive Testing › Notifications Submodules › should return data for /api/admin/notifications/analytics (retry #1) (339ms)
  ✘  4330 [mobile-chrome] › e2e/api/admin-api-comprehensive.spec.ts:835:11 › Admin API - Comprehensive Testing › Notifications Submodules › should return data for /api/admin/notifications/test (retry #1) (339ms)
  ✘  4331 [mobile-chrome] › e2e/api/admin-api-comprehensive.spec.ts:866:11 › Admin API - Comprehensive Testing › Notion Submodules (Additional) › should return data for /api/admin/notion/analytics (325ms)
  ✘  4332 [mobile-chrome] › e2e/api/admin-api-comprehensive.spec.ts:866:11 › Admin API - Comprehensive Testing › Notion Submodules (Additional) › should return data for /api/admin/notion/blog (327ms)
  ✘  4333 [mobile-chrome] › e2e/api/admin-api-comprehensive.spec.ts:866:11 › Admin API - Comprehensive Testing › Notion Submodules (Additional) › should return data for /api/admin/notion/analytics (retry #1) (338ms)
  ✘  4334 [mobile-chrome] › e2e/api/admin-api-comprehensive.spec.ts:866:11 › Admin API - Comprehensive Testing › Notion Submodules (Additional) › should return data for /api/admin/notion/blog (retry #1) (338ms)
  ✘  4335 [mobile-chrome] › e2e/api/admin-api-comprehensive.spec.ts:866:11 › Admin API - Comprehensive Testing › Notion Submodules (Additional) › should return data for /api/admin/notion/case-studies (324ms)
  ✘  4336 [mobile-chrome] › e2e/api/admin-api-comprehensive.spec.ts:866:11 › Admin API - Comprehensive Testing › Notion Submodules (Additional) › should return data for /api/admin/notion/comments (326ms)
  ✘  4337 [mobile-chrome] › e2e/api/admin-api-comprehensive.spec.ts:866:11 › Admin API - Comprehensive Testing › Notion Submodules (Additional) › should return data for /api/admin/notion/case-studies (retry #1) (344ms)
  ✘  4338 [mobile-chrome] › e2e/api/admin-api-comprehensive.spec.ts:866:11 › Admin API - Comprehensive Testing › Notion Submodules (Additional) › should return data for /api/admin/notion/comments (retry #1) (339ms)
  ✘  4339 [mobile-chrome] › e2e/api/admin-api-comprehensive.spec.ts:866:11 › Admin API - Comprehensive Testing › Notion Submodules (Additional) › should return data for /api/admin/notion/docs (323ms)
  ✘  4340 [mobile-chrome] › e2e/api/admin-api-comprehensive.spec.ts:866:11 › Admin API - Comprehensive Testing › Notion Submodules (Additional) › should return data for /api/admin/notion/faqs (336ms)
  ✘  4341 [mobile-chrome] › e2e/api/admin-api-comprehensive.spec.ts:866:11 › Admin API - Comprehensive Testing › Notion Submodules (Additional) › should return data for /api/admin/notion/docs (retry #1) (338ms)
  ✘  4342 [mobile-chrome] › e2e/api/admin-api-comprehensive.spec.ts:866:11 › Admin API - Comprehensive Testing › Notion Submodules (Additional) › should return data for /api/admin/notion/faqs (retry #1) (341ms)
  ✘  4343 [mobile-chrome] › e2e/api/admin-api-comprehensive.spec.ts:866:11 › Admin API - Comprehensive Testing › Notion Submodules (Additional) › should return data for /api/admin/notion/projects (325ms)
  ✘  4344 [mobile-chrome] › e2e/api/admin-api-comprehensive.spec.ts:866:11 › Admin API - Comprehensive Testing › Notion Submodules (Additional) › should return data for /api/admin/notion/search (324ms)
  ✘  4345 [mobile-chrome] › e2e/api/admin-api-comprehensive.spec.ts:866:11 › Admin API - Comprehensive Testing › Notion Submodules (Additional) › should return data for /api/admin/notion/projects (retry #1) (341ms)
  ✘  4346 [mobile-chrome] › e2e/api/admin-api-comprehensive.spec.ts:866:11 › Admin API - Comprehensive Testing › Notion Submodules (Additional) › should return data for /api/admin/notion/search (retry #1) (339ms)
  ✘  4347 [mobile-chrome] › e2e/api/admin-api-comprehensive.spec.ts:866:11 › Admin API - Comprehensive Testing › Notion Submodules (Additional) › should return data for /api/admin/notion/services (324ms)
  ✘  4348 [mobile-chrome] › e2e/api/admin-api-comprehensive.spec.ts:866:11 › Admin API - Comprehensive Testing › Notion Submodules (Additional) › should return data for /api/admin/notion/status (324ms)
  ✘  4349 [mobile-chrome] › e2e/api/admin-api-comprehensive.spec.ts:866:11 › Admin API - Comprehensive Testing › Notion Submodules (Additional) › should return data for /api/admin/notion/services (retry #1) (340ms)
  ✘  4350 [mobile-chrome] › e2e/api/admin-api-comprehensive.spec.ts:866:11 › Admin API - Comprehensive Testing › Notion Submodules (Additional) › should return data for /api/admin/notion/status (retry #1) (338ms)
  ✘  4351 [mobile-chrome] › e2e/api/admin-api-comprehensive.spec.ts:866:11 › Admin API - Comprehensive Testing › Notion Submodules (Additional) › should return data for /api/admin/notion/submissions (325ms)
  ✘  4352 [mobile-chrome] › e2e/api/admin-api-comprehensive.spec.ts:866:11 › Admin API - Comprehensive Testing › Notion Submodules (Additional) › should return data for /api/admin/notion/tasks (323ms)
  ✘  4353 [mobile-chrome] › e2e/api/admin-api-comprehensive.spec.ts:866:11 › Admin API - Comprehensive Testing › Notion Submodules (Additional) › should return data for /api/admin/notion/submissions (retry #1) (342ms)
  ✘  4354 [mobile-chrome] › e2e/api/admin-api-comprehensive.spec.ts:866:11 › Admin API - Comprehensive Testing › Notion Submodules (Additional) › should return data for /api/admin/notion/tasks (retry #1) (340ms)
  ✘  4355 [mobile-chrome] › e2e/api/admin-api-comprehensive.spec.ts:866:11 › Admin API - Comprehensive Testing › Notion Submodules (Additional) › should return data for /api/admin/notion/testimonials (324ms)
  ✘  4356 [mobile-chrome] › e2e/api/admin-api-comprehensive.spec.ts:893:11 › Admin API - Comprehensive Testing › Oauth Submodules › should return data for /api/admin/oauth/tiktok (324ms)
  ✘  4357 [mobile-chrome] › e2e/api/admin-api-comprehensive.spec.ts:866:11 › Admin API - Comprehensive Testing › Notion Submodules (Additional) › should return data for /api/admin/notion/testimonials (retry #1) (342ms)
  ✘  4358 [mobile-chrome] › e2e/api/admin-api-comprehensive.spec.ts:893:11 › Admin API - Comprehensive Testing › Oauth Submodules › should return data for /api/admin/oauth/tiktok (retry #1) (338ms)
  ✘  4359 [mobile-chrome] › e2e/api/admin-api-comprehensive.spec.ts:893:11 › Admin API - Comprehensive Testing › Oauth Submodules › should return data for /api/admin/oauth/tiktok/callback (325ms)
  ✘  4360 [mobile-chrome] › e2e/api/admin-api-comprehensive.spec.ts:915:11 › Admin API - Comprehensive Testing › Ops Submodules (Additional) › should return data for /api/admin/ops/errors/[id] (325ms)
  ✘  4361 [mobile-chrome] › e2e/api/admin-api-comprehensive.spec.ts:893:11 › Admin API - Comprehensive Testing › Oauth Submodules › should return data for /api/admin/oauth/tiktok/callback (retry #1) (340ms)
  ✘  4362 [mobile-chrome] › e2e/api/admin-api-comprehensive.spec.ts:915:11 › Admin API - Comprehensive Testing › Ops Submodules (Additional) › should return data for /api/admin/ops/errors/[id] (retry #1) (340ms)
  ✘  4363 [mobile-chrome] › e2e/api/admin-api-comprehensive.spec.ts:954:11 › Admin API - Comprehensive Testing › Postiz Submodules › should return data for /api/admin/postiz/analytics/integration/[id] (325ms)
  ✘  4364 [mobile-chrome] › e2e/api/admin-api-comprehensive.spec.ts:954:11 › Admin API - Comprehensive Testing › Postiz Submodules › should return data for /api/admin/postiz/analytics/post/[id] (324ms)
  ✘  4365 [mobile-chrome] › e2e/api/admin-api-comprehensive.spec.ts:954:11 › Admin API - Comprehensive Testing › Postiz Submodules › should return data for /api/admin/postiz/analytics/integration/[id] (retry #1) (339ms)
  ✘  4366 [mobile-chrome] › e2e/api/admin-api-comprehensive.spec.ts:954:11 › Admin API - Comprehensive Testing › Postiz Submodules › should return data for /api/admin/postiz/analytics/post/[id] (retry #1) (339ms)
  ✘  4367 [mobile-chrome] › e2e/api/admin-api-comprehensive.spec.ts:954:11 › Admin API - Comprehensive Testing › Postiz Submodules › should return data for /api/admin/postiz/groups (323ms)
  ✘  4368 [mobile-chrome] › e2e/api/admin-api-comprehensive.spec.ts:954:11 › Admin API - Comprehensive Testing › Postiz Submodules › should return data for /api/admin/postiz/health (324ms)
  ✘  4369 [mobile-chrome] › e2e/api/admin-api-comprehensive.spec.ts:954:11 › Admin API - Comprehensive Testing › Postiz Submodules › should return data for /api/admin/postiz/groups (retry #1) (339ms)
  ✘  4370 [mobile-chrome] › e2e/api/admin-api-comprehensive.spec.ts:954:11 › Admin API - Comprehensive Testing › Postiz Submodules › should return data for /api/admin/postiz/health (retry #1) (341ms)
  ✘  4371 [mobile-chrome] › e2e/api/admin-api-comprehensive.spec.ts:954:11 › Admin API - Comprehensive Testing › Postiz Submodules › should return data for /api/admin/postiz/integrations (323ms)
  ✘  4372 [mobile-chrome] › e2e/api/admin-api-comprehensive.spec.ts:954:11 › Admin API - Comprehensive Testing › Postiz Submodules › should return data for /api/admin/postiz/integrations/[id]/connect (323ms)
  ✘  4373 [mobile-chrome] › e2e/api/admin-api-comprehensive.spec.ts:954:11 › Admin API - Comprehensive Testing › Postiz Submodules › should return data for /api/admin/postiz/integrations (retry #1) (338ms)
  ✘  4374 [mobile-chrome] › e2e/api/admin-api-comprehensive.spec.ts:954:11 › Admin API - Comprehensive Testing › Postiz Submodules › should return data for /api/admin/postiz/integrations/[id]/connect (retry #1) (339ms)
  ✘  4375 [mobile-chrome] › e2e/api/admin-api-comprehensive.spec.ts:954:11 › Admin API - Comprehensive Testing › Postiz Submodules › should return data for /api/admin/postiz/integrations/[id]/settings (325ms)
  ✘  4376 [mobile-chrome] › e2e/api/admin-api-comprehensive.spec.ts:954:11 › Admin API - Comprehensive Testing › Postiz Submodules › should return data for /api/admin/postiz/integrations/[id]/trigger (324ms)
  ✘  4377 [mobile-chrome] › e2e/api/admin-api-comprehensive.spec.ts:954:11 › Admin API - Comprehensive Testing › Postiz Submodules › should return data for /api/admin/postiz/integrations/[id]/settings (retry #1) (340ms)
  ✘  4378 [mobile-chrome] › e2e/api/admin-api-comprehensive.spec.ts:954:11 › Admin API - Comprehensive Testing › Postiz Submodules › should return data for /api/admin/postiz/integrations/[id]/trigger (retry #1) (341ms)
  ✘  4379 [mobile-chrome] › e2e/api/admin-api-comprehensive.spec.ts:954:11 › Admin API - Comprehensive Testing › Postiz Submodules › should return data for /api/admin/postiz/is-connected (324ms)
  ✘  4380 [mobile-chrome] › e2e/api/admin-api-comprehensive.spec.ts:954:11 › Admin API - Comprehensive Testing › Postiz Submodules › should return data for /api/admin/postiz/notifications (325ms)
  ✘  4381 [mobile-chrome] › e2e/api/admin-api-comprehensive.spec.ts:954:11 › Admin API - Comprehensive Testing › Postiz Submodules › should return data for /api/admin/postiz/is-connected (retry #1) (339ms)
  ✘  4382 [mobile-chrome] › e2e/api/admin-api-comprehensive.spec.ts:954:11 › Admin API - Comprehensive Testing › Postiz Submodules › should return data for /api/admin/postiz/notifications (retry #1) (339ms)
  ✘  4383 [mobile-chrome] › e2e/api/admin-api-comprehensive.spec.ts:954:11 › Admin API - Comprehensive Testing › Postiz Submodules › should return data for /api/admin/postiz/posts (325ms)
  ✘  4384 [mobile-chrome] › e2e/api/admin-api-comprehensive.spec.ts:954:11 › Admin API - Comprehensive Testing › Postiz Submodules › should return data for /api/admin/postiz/posts/[id] (327ms)
  ✘  4385 [mobile-chrome] › e2e/api/admin-api-comprehensive.spec.ts:954:11 › Admin API - Comprehensive Testing › Postiz Submodules › should return data for /api/admin/postiz/posts (retry #1) (342ms)
  ✘  4386 [mobile-chrome] › e2e/api/admin-api-comprehensive.spec.ts:954:11 › Admin API - Comprehensive Testing › Postiz Submodules › should return data for /api/admin/postiz/posts/[id] (retry #1) (340ms)
  ✘  4387 [mobile-chrome] › e2e/api/admin-api-comprehensive.spec.ts:954:11 › Admin API - Comprehensive Testing › Postiz Submodules › should return data for /api/admin/postiz/posts/[id]/missing-content (323ms)
  ✘  4388 [mobile-chrome] › e2e/api/admin-api-comprehensive.spec.ts:954:11 › Admin API - Comprehensive Testing › Postiz Submodules › should return data for /api/admin/postiz/posts/[id]/release-id (323ms)
  ✘  4389 [mobile-chrome] › e2e/api/admin-api-comprehensive.spec.ts:954:11 › Admin API - Comprehensive Testing › Postiz Submodules › should return data for /api/admin/postiz/posts/[id]/missing-content (retry #1) (342ms)
  ✘  4390 [mobile-chrome] › e2e/api/admin-api-comprehensive.spec.ts:954:11 › Admin API - Comprehensive Testing › Postiz Submodules › should return data for /api/admin/postiz/posts/[id]/release-id (retry #1) (341ms)
  ✘  4391 [mobile-chrome] › e2e/api/admin-api-comprehensive.spec.ts:954:11 › Admin API - Comprehensive Testing › Postiz Submodules › should return data for /api/admin/postiz/posts/[id]/status (325ms)
  ✘  4392 [mobile-chrome] › e2e/api/admin-api-comprehensive.spec.ts:954:11 › Admin API - Comprehensive Testing › Postiz Submodules › should return data for /api/admin/postiz/posts/group/[id] (325ms)
  ✘  4393 [mobile-chrome] › e2e/api/admin-api-comprehensive.spec.ts:954:11 › Admin API - Comprehensive Testing › Postiz Submodules › should return data for /api/admin/postiz/posts/[id]/status (retry #1) (343ms)
  ✘  4394 [mobile-chrome] › e2e/api/admin-api-comprehensive.spec.ts:954:11 › Admin API - Comprehensive Testing › Postiz Submodules › should return data for /api/admin/postiz/posts/group/[id] (retry #1) (340ms)
  ✘  4395 [mobile-chrome] › e2e/api/admin-api-comprehensive.spec.ts:954:11 › Admin API - Comprehensive Testing › Postiz Submodules › should return data for /api/admin/postiz/slot (324ms)
  ✘  4396 [mobile-chrome] › e2e/api/admin-api-comprehensive.spec.ts:954:11 › Admin API - Comprehensive Testing › Postiz Submodules › should return data for /api/admin/postiz/upload (324ms)
  ✘  4397 [mobile-chrome] › e2e/api/admin-api-comprehensive.spec.ts:954:11 › Admin API - Comprehensive Testing › Postiz Submodules › should return data for /api/admin/postiz/slot (retry #1) (338ms)
  ✘  4398 [mobile-chrome] › e2e/api/admin-api-comprehensive.spec.ts:954:11 › Admin API - Comprehensive Testing › Postiz Submodules › should return data for /api/admin/postiz/upload (retry #1) (339ms)
  ✘  4399 [mobile-chrome] › e2e/api/admin-api-comprehensive.spec.ts:954:11 › Admin API - Comprehensive Testing › Postiz Submodules › should return data for /api/admin/postiz/upload-file (322ms)
  ✘  4400 [mobile-chrome] › e2e/api/admin-api-comprehensive.spec.ts:985:11 › Admin API - Comprehensive Testing › Reports Submodules › should return data for /api/admin/reports (325ms)
  ✘  4401 [mobile-chrome] › e2e/api/admin-api-comprehensive.spec.ts:954:11 › Admin API - Comprehensive Testing › Postiz Submodules › should return data for /api/admin/postiz/upload-file (retry #1) (339ms)
  ✘  4402 [mobile-chrome] › e2e/api/admin-api-comprehensive.spec.ts:985:11 › Admin API - Comprehensive Testing › Reports Submodules › should return data for /api/admin/reports (retry #1) (339ms)
  ✘  4403 [mobile-chrome] › e2e/api/admin-api-comprehensive.spec.ts:985:11 › Admin API - Comprehensive Testing › Reports Submodules › should return data for /api/admin/reports/[id] (325ms)
  ✘  4404 [mobile-chrome] › e2e/api/admin-api-comprehensive.spec.ts:985:11 › Admin API - Comprehensive Testing › Reports Submodules › should return data for /api/admin/reports/[id]/pdf (323ms)
  ✘  4405 [mobile-chrome] › e2e/api/admin-api-comprehensive.spec.ts:985:11 › Admin API - Comprehensive Testing › Reports Submodules › should return data for /api/admin/reports/[id] (retry #1) (340ms)
  ✘  4406 [mobile-chrome] › e2e/api/admin-api-comprehensive.spec.ts:985:11 › Admin API - Comprehensive Testing › Reports Submodules › should return data for /api/admin/reports/[id]/pdf (retry #1) (342ms)
  ✘  4407 [mobile-chrome] › e2e/api/admin-api-comprehensive.spec.ts:985:11 › Admin API - Comprehensive Testing › Reports Submodules › should return data for /api/admin/reports/generate (324ms)
  ✘  4408 [mobile-chrome] › e2e/api/admin-api-comprehensive.spec.ts:1013:11 › Admin API - Comprehensive Testing › Search Submodules › should return data for /api/admin/search/reindex (326ms)
  ✘  4409 [mobile-chrome] › e2e/api/admin-api-comprehensive.spec.ts:985:11 › Admin API - Comprehensive Testing › Reports Submodules › should return data for /api/admin/reports/generate (retry #1) (339ms)
  ✘  4410 [mobile-chrome] › e2e/api/admin-api-comprehensive.spec.ts:1013:11 › Admin API - Comprehensive Testing › Search Submodules › should return data for /api/admin/search/reindex (retry #1) (340ms)
  ✘  4411 [mobile-chrome] › e2e/api/admin-api-comprehensive.spec.ts:1030:9 › Admin API - Comprehensive Testing › Subscriptions Endpoint (Additional) › should accept subscription creation/update (324ms)
  ✘  4412 [mobile-chrome] › e2e/api/public-api-comprehensive.spec.ts:18:9 › Public API - Comprehensive Testing › Health Endpoint › should return healthy status (324ms)
  ✘  4413 [mobile-chrome] › e2e/api/admin-api-comprehensive.spec.ts:1030:9 › Admin API - Comprehensive Testing › Subscriptions Endpoint (Additional) › should accept subscription creation/update (retry #1) (340ms)
  ✘  4414 [mobile-chrome] › e2e/api/public-api-comprehensive.spec.ts:18:9 › Public API - Comprehensive Testing › Health Endpoint › should return healthy status (retry #1) (339ms)
  ✘  4415 [mobile-chrome] › e2e/api/public-api-comprehensive.spec.ts:34:9 › Public API - Comprehensive Testing › Blog Endpoints › should return blog posts list (323ms)
  ✘  4416 [mobile-chrome] › e2e/api/public-api-comprehensive.spec.ts:46:9 › Public API - Comprehensive Testing › Blog Endpoints › should return single blog post (323ms)
  ✘  4417 [mobile-chrome] › e2e/api/public-api-comprehensive.spec.ts:34:9 › Public API - Comprehensive Testing › Blog Endpoints › should return blog posts list (retry #1) (339ms)
  ✘  4418 [mobile-chrome] › e2e/api/public-api-comprehensive.spec.ts:46:9 › Public API - Comprehensive Testing › Blog Endpoints › should return single blog post (retry #1) (341ms)
  ✘  4419 [mobile-chrome] › e2e/api/public-api-comprehensive.spec.ts:74:9 › Public API - Comprehensive Testing › Blog Endpoints › should return blog categories (328ms)
  ✘  4420 [mobile-chrome] › e2e/api/public-api-comprehensive.spec.ts:85:9 › Public API - Comprehensive Testing › Blog Endpoints › should return blog tags (327ms)
  ✘  4421 [mobile-chrome] › e2e/api/public-api-comprehensive.spec.ts:74:9 › Public API - Comprehensive Testing › Blog Endpoints › should return blog categories (retry #1) (339ms)
  ✘  4422 [mobile-chrome] › e2e/api/public-api-comprehensive.spec.ts:85:9 › Public API - Comprehensive Testing › Blog Endpoints › should return blog tags (retry #1) (339ms)
  ✘  4423 [mobile-chrome] › e2e/api/public-api-comprehensive.spec.ts:99:9 › Public API - Comprehensive Testing › Calendar Endpoints › should return calendar availability (324ms)
  ✘  4424 [mobile-chrome] › e2e/api/public-api-comprehensive.spec.ts:110:9 › Public API - Comprehensive Testing › Calendar Endpoints › should return calendar events (325ms)
  ✘  4425 [mobile-chrome] › e2e/api/public-api-comprehensive.spec.ts:99:9 › Public API - Comprehensive Testing › Calendar Endpoints › should return calendar availability (retry #1) (340ms)
  ✘  4426 [mobile-chrome] › e2e/api/public-api-comprehensive.spec.ts:110:9 › Public API - Comprehensive Testing › Calendar Endpoints › should return calendar events (retry #1) (341ms)
  ✘  4427 [mobile-chrome] › e2e/api/public-api-comprehensive.spec.ts:124:9 › Public API - Comprehensive Testing › Case Studies Endpoints › should return case studies list (324ms)
  ✘  4428 [mobile-chrome] › e2e/api/public-api-comprehensive.spec.ts:135:9 › Public API - Comprehensive Testing › Case Studies Endpoints › should return single case study (326ms)
  ✘  4429 [mobile-chrome] › e2e/api/public-api-comprehensive.spec.ts:124:9 › Public API - Comprehensive Testing › Case Studies Endpoints › should return case studies list (retry #1) (342ms)
  ✘  4430 [mobile-chrome] › e2e/api/public-api-comprehensive.spec.ts:135:9 › Public API - Comprehensive Testing › Case Studies Endpoints › should return single case study (retry #1) (338ms)
  ✘  4431 [mobile-chrome] › e2e/api/public-api-comprehensive.spec.ts:166:9 › Public API - Comprehensive Testing › Contact Endpoints › should accept contact form submission (324ms)
  ✘  4432 [mobile-chrome] › e2e/api/public-api-comprehensive.spec.ts:186:9 › Public API - Comprehensive Testing › Contact Endpoints › should validate contact form data (325ms)
  ✘  4433 [mobile-chrome] › e2e/api/public-api-comprehensive.spec.ts:166:9 › Public API - Comprehensive Testing › Contact Endpoints › should accept contact form submission (retry #1) (340ms)
  ✘  4434 [mobile-chrome] › e2e/api/public-api-comprehensive.spec.ts:186:9 › Public API - Comprehensive Testing › Contact Endpoints › should validate contact form data (retry #1) (340ms)
  ✘  4435 [mobile-chrome] › e2e/api/public-api-comprehensive.spec.ts:210:9 › Public API - Comprehensive Testing › Documentation Endpoints › should return documentation list (324ms)
  ✘  4436 [mobile-chrome] › e2e/api/public-api-comprehensive.spec.ts:221:9 › Public API - Comprehensive Testing › Documentation Endpoints › should return single documentation page (324ms)
  ✘  4437 [mobile-chrome] › e2e/api/public-api-comprehensive.spec.ts:210:9 › Public API - Comprehensive Testing › Documentation Endpoints › should return documentation list (retry #1) (338ms)
  ✘  4438 [mobile-chrome] › e2e/api/public-api-comprehensive.spec.ts:221:9 › Public API - Comprehensive Testing › Documentation Endpoints › should return single documentation page (retry #1) (340ms)
  ✘  4439 [mobile-chrome] › e2e/api/public-api-comprehensive.spec.ts:252:9 › Public API - Comprehensive Testing › FAQs Endpoints › should return FAQs list (324ms)
  ✘  4440 [mobile-chrome] › e2e/api/public-api-comprehensive.spec.ts:266:9 › Public API - Comprehensive Testing › FAQs Endpoints › should return single FAQ (329ms)
  ✘  4441 [mobile-chrome] › e2e/api/public-api-comprehensive.spec.ts:252:9 › Public API - Comprehensive Testing › FAQs Endpoints › should return FAQs list (retry #1) (339ms)
  ✘  4442 [mobile-chrome] › e2e/api/public-api-comprehensive.spec.ts:266:9 › Public API - Comprehensive Testing › FAQs Endpoints › should return single FAQ (retry #1) (342ms)
  ✘  4443 [mobile-chrome] › e2e/api/public-api-comprehensive.spec.ts:306:9 › Public API - Comprehensive Testing › Health Endpoint (Detailed) › should return detailed health information (324ms)
  ✘  4444 [mobile-chrome] › e2e/api/public-api-comprehensive.spec.ts:321:9 › Public API - Comprehensive Testing › PWA Manifest Endpoint › should return PWA manifest (325ms)
  ✘  4445 [mobile-chrome] › e2e/api/public-api-comprehensive.spec.ts:306:9 › Public API - Comprehensive Testing › Health Endpoint (Detailed) › should return detailed health information (retry #1) (341ms)
  ✘  4446 [mobile-chrome] › e2e/api/public-api-comprehensive.spec.ts:321:9 › Public API - Comprehensive Testing › PWA Manifest Endpoint › should return PWA manifest (retry #1) (341ms)
  ✘  4447 [mobile-chrome] › e2e/api/public-api-comprehensive.spec.ts:338:9 › Public API - Comprehensive Testing › Services Endpoints › should return services list (324ms)
  ✘  4448 [mobile-chrome] › e2e/api/public-api-comprehensive.spec.ts:349:9 › Public API - Comprehensive Testing › Services Endpoints › should return single service (324ms)
  ✘  4449 [mobile-chrome] › e2e/api/public-api-comprehensive.spec.ts:338:9 › Public API - Comprehensive Testing › Services Endpoints › should return services list (retry #1) (339ms)
  ✘  4450 [mobile-chrome] › e2e/api/public-api-comprehensive.spec.ts:349:9 › Public API - Comprehensive Testing › Services Endpoints › should return single service (retry #1) (343ms)
  ✘  4451 [mobile-chrome] › e2e/api/public-api-comprehensive.spec.ts:377:9 › Public API - Comprehensive Testing › Services Endpoints › should return service categories (324ms)
  ✘  4452 [mobile-chrome] › e2e/api/public-api-comprehensive.spec.ts:391:9 › Public API - Comprehensive Testing › Testimonials Endpoints › should return testimonials list (325ms)
  ✘  4453 [mobile-chrome] › e2e/api/public-api-comprehensive.spec.ts:377:9 › Public API - Comprehensive Testing › Services Endpoints › should return service categories (retry #1) (340ms)
  ✘  4454 [mobile-chrome] › e2e/api/public-api-comprehensive.spec.ts:391:9 › Public API - Comprehensive Testing › Testimonials Endpoints › should return testimonials list (retry #1) (342ms)
  ✘  4455 [mobile-chrome] › e2e/api/public-api-comprehensive.spec.ts:402:9 › Public API - Comprehensive Testing › Testimonials Endpoints › should return single testimonial (325ms)
  ✘  4456 [mobile-chrome] › e2e/api/public-api-comprehensive.spec.ts:433:9 › Public API - Comprehensive Testing › Careers Endpoints › should return job listings (324ms)
  ✘  4457 [mobile-chrome] › e2e/api/public-api-comprehensive.spec.ts:402:9 › Public API - Comprehensive Testing › Testimonials Endpoints › should return single testimonial (retry #1) (342ms)
  ✘  4458 [mobile-chrome] › e2e/api/public-api-comprehensive.spec.ts:433:9 › Public API - Comprehensive Testing › Careers Endpoints › should return job listings (retry #1) (344ms)
  ✘  4459 [mobile-chrome] › e2e/api/public-api-comprehensive.spec.ts:444:9 › Public API - Comprehensive Testing › Careers Endpoints › should return single job listing (324ms)
  ✘  4460 [mobile-chrome] › e2e/api/public-api-comprehensive.spec.ts:472:9 › Public API - Comprehensive Testing › Careers Endpoints › should accept job application (323ms)
  ✘  4461 [mobile-chrome] › e2e/api/public-api-comprehensive.spec.ts:444:9 › Public API - Comprehensive Testing › Careers Endpoints › should return single job listing (retry #1) (339ms)
  ✘  4462 [mobile-chrome] › e2e/api/public-api-comprehensive.spec.ts:472:9 › Public API - Comprehensive Testing › Careers Endpoints › should accept job application (retry #1) (339ms)
  ✘  4463 [mobile-chrome] › e2e/api/public-api-comprehensive.spec.ts:508:9 › Public API - Comprehensive Testing › Newsletter Endpoints › should accept newsletter subscription (326ms)
  ✘  4464 [mobile-chrome] › e2e/api/public-api-comprehensive.spec.ts:522:9 › Public API - Comprehensive Testing › Newsletter Endpoints › should validate newsletter subscription data (324ms)
  ✘  4465 [mobile-chrome] › e2e/api/public-api-comprehensive.spec.ts:508:9 › Public API - Comprehensive Testing › Newsletter Endpoints › should accept newsletter subscription (retry #1) (341ms)
  ✘  4466 [mobile-chrome] › e2e/api/public-api-comprehensive.spec.ts:522:9 › Public API - Comprehensive Testing › Newsletter Endpoints › should validate newsletter subscription data (retry #1) (344ms)
  ✘  4467 [mobile-chrome] › e2e/api/public-api-comprehensive.spec.ts:542:9 › Public API - Comprehensive Testing › Newsletter Endpoints › should allow newsletter unsubscription (324ms)
  ✘  4468 [mobile-chrome] › e2e/api/public-api-comprehensive.spec.ts:566:9 › Public API - Comprehensive Testing › Search Endpoints › should return search results (324ms)
  ✘  4469 [mobile-chrome] › e2e/api/public-api-comprehensive.spec.ts:542:9 › Public API - Comprehensive Testing › Newsletter Endpoints › should allow newsletter unsubscription (retry #1) (339ms)
  ✘  4470 [mobile-chrome] › e2e/api/public-api-comprehensive.spec.ts:566:9 › Public API - Comprehensive Testing › Search Endpoints › should return search results (retry #1) (341ms)
  ✘  4471 [mobile-chrome] › e2e/api/public-api-comprehensive.spec.ts:583:9 › Public API - Comprehensive Testing › Search Endpoints › should return search suggestions (324ms)
  ✘  4472 [mobile-chrome] › e2e/api/public-api-comprehensive.spec.ts:602:9 › Public API - Comprehensive Testing › Sitemap Endpoint › should return XML sitemap (326ms)
  ✘  4473 [mobile-chrome] › e2e/api/public-api-comprehensive.spec.ts:583:9 › Public API - Comprehensive Testing › Search Endpoints › should return search suggestions (retry #1) (340ms)
  ✘  4474 [mobile-chrome] › e2e/api/public-api-comprehensive.spec.ts:602:9 › Public API - Comprehensive Testing › Sitemap Endpoint › should return XML sitemap (retry #1) (340ms)
  ✘  4475 [mobile-chrome] › e2e/api/public-api-comprehensive.spec.ts:618:9 › Public API - Comprehensive Testing › Robots.txt Endpoint › should return robots.txt (323ms)
  ✘  4476 [mobile-chrome] › e2e/api/public-api-comprehensive.spec.ts:634:9 › Public API - Comprehensive Testing › Error Handling › should return 404 for non-existent endpoints (323ms)
  ✘  4477 [mobile-chrome] › e2e/api/public-api-comprehensive.spec.ts:618:9 › Public API - Comprehensive Testing › Robots.txt Endpoint › should return robots.txt (retry #1) (338ms)
  ✘  4478 [mobile-chrome] › e2e/api/public-api-comprehensive.spec.ts:634:9 › Public API - Comprehensive Testing › Error Handling › should return 404 for non-existent endpoints (retry #1) (346ms)
  ✓  4480 [mobile-chrome] › e2e/api/public-api-comprehensive.spec.ts:648:9 › Public API - Comprehensive Testing › Error Handling › should handle malformed JSON gracefully (8ms)
  ✘  4479 [mobile-chrome] › e2e/api/public-api-comprehensive.spec.ts:640:9 › Public API - Comprehensive Testing › Error Handling › should return 405 for wrong HTTP method (323ms)
  ✘  4481 [mobile-chrome] › e2e/api/public-api-comprehensive.spec.ts:653:9 › Public API - Comprehensive Testing › Error Handling › should handle large payloads appropriately (322ms)
  ✘  4482 [mobile-chrome] › e2e/api/public-api-comprehensive.spec.ts:640:9 › Public API - Comprehensive Testing › Error Handling › should return 405 for wrong HTTP method (retry #1) (340ms)
  ✘  4483 [mobile-chrome] › e2e/api/public-api-comprehensive.spec.ts:653:9 › Public API - Comprehensive Testing › Error Handling › should handle large payloads appropriately (retry #1) (340ms)
  ✘  4484 [mobile-chrome] › e2e/api/public-api-comprehensive.spec.ts:671:9 › Public API - Comprehensive Testing › CORS Headers › should include CORS headers in responses (325ms)
  ✘  4485 [mobile-chrome] › e2e/api/public-api-comprehensive.spec.ts:683:9 › Public API - Comprehensive Testing › Rate Limiting › should respect rate limits (339ms)
  ✘  4486 [mobile-chrome] › e2e/api/public-api-comprehensive.spec.ts:671:9 › Public API - Comprehensive Testing › CORS Headers › should include CORS headers in responses (retry #1) (343ms)
  ✘  4487 [mobile-chrome] › e2e/api/public-api-comprehensive.spec.ts:683:9 › Public API - Comprehensive Testing › Rate Limiting › should respect rate limits (retry #1) (352ms)
  ✘  4488 [mobile-chrome] › e2e/api/public-api-comprehensive.spec.ts:708:9 › Public API - Comprehensive Testing › Checkout Endpoints › should return checkout session or redirect (323ms)
  ✘  4489 [mobile-chrome] › e2e/api/public-api-comprehensive.spec.ts:717:9 › Public API - Comprehensive Testing › Checkout Endpoints › should handle POST to checkout endpoint (325ms)
  ✘  4490 [mobile-chrome] › e2e/api/public-api-comprehensive.spec.ts:708:9 › Public API - Comprehensive Testing › Checkout Endpoints › should return checkout session or redirect (retry #1) (339ms)
  ✘  4491 [mobile-chrome] › e2e/api/public-api-comprehensive.spec.ts:717:9 › Public API - Comprehensive Testing › Checkout Endpoints › should handle POST to checkout endpoint (retry #1) (341ms)
  ✘  4492 [mobile-chrome] › e2e/api/public-api-comprehensive.spec.ts:735:9 › Public API - Comprehensive Testing › Auth Endpoints › should handle auth login request (323ms)
  ✘  4493 [mobile-chrome] › e2e/api/public-api-comprehensive.spec.ts:749:9 › Public API - Comprehensive Testing › Auth Endpoints › should handle auth register request (325ms)
  ✘  4494 [mobile-chrome] › e2e/api/public-api-comprehensive.spec.ts:735:9 › Public API - Comprehensive Testing › Auth Endpoints › should handle auth login request (retry #1) (339ms)
  ✘  4495 [mobile-chrome] › e2e/api/public-api-comprehensive.spec.ts:749:9 › Public API - Comprehensive Testing › Auth Endpoints › should handle auth register request (retry #1) (343ms)
  ✘  4496 [mobile-chrome] › e2e/api/public-api-comprehensive.spec.ts:764:9 › Public API - Comprehensive Testing › Auth Endpoints › should handle auth session request (324ms)
  ✘  4497 [mobile-chrome] › e2e/api/public-api-comprehensive.spec.ts:776:9 › Public API - Comprehensive Testing › User Endpoints › should handle user profile request (323ms)
  ✘  4498 [mobile-chrome] › e2e/api/public-api-comprehensive.spec.ts:764:9 › Public API - Comprehensive Testing › Auth Endpoints › should handle auth session request (retry #1) (337ms)
  ✘  4499 [mobile-chrome] › e2e/api/public-api-comprehensive.spec.ts:776:9 › Public API - Comprehensive Testing › User Endpoints › should handle user profile request (retry #1) (340ms)
  ✘  4500 [mobile-chrome] › e2e/api/public-api-comprehensive.spec.ts:785:9 › Public API - Comprehensive Testing › User Endpoints › should handle user purchases request (324ms)
  ✘  4501 [mobile-chrome] › e2e/api/public-api-comprehensive.spec.ts:797:9 › Public API - Comprehensive Testing › Portal Endpoints › should handle portal enrollment (325ms)
  ✘  4502 [mobile-chrome] › e2e/api/public-api-comprehensive.spec.ts:785:9 › Public API - Comprehensive Testing › User Endpoints › should handle user purchases request (retry #1) (339ms)
  ✘  4503 [mobile-chrome] › e2e/api/public-api-comprehensive.spec.ts:797:9 › Public API - Comprehensive Testing › Portal Endpoints › should handle portal enrollment (retry #1) (340ms)
  ✘  4504 [mobile-chrome] › e2e/api/public-api-comprehensive.spec.ts:806:9 › Public API - Comprehensive Testing › Portal Endpoints › should handle portal token routes (325ms)
  ✘  4505 [mobile-chrome] › e2e/api/public-api-comprehensive.spec.ts:821:9 › Public API - Comprehensive Testing › Webhook Endpoints › should handle stripe webhook (325ms)
  ✘  4506 [mobile-chrome] › e2e/api/public-api-comprehensive.spec.ts:806:9 › Public API - Comprehensive Testing › Portal Endpoints › should handle portal token routes (retry #1) (338ms)
  ✘  4507 [mobile-chrome] › e2e/api/public-api-comprehensive.spec.ts:821:9 › Public API - Comprehensive Testing › Webhook Endpoints › should handle stripe webhook (retry #1) (341ms)
  ✘  4508 [mobile-chrome] › e2e/api/public-api-comprehensive.spec.ts:850:9 › Public API - Comprehensive Testing › Webhook Endpoints › should handle notion webhook (324ms)
  ✘  4509 [mobile-chrome] › e2e/api/public-api-comprehensive.spec.ts:872:9 › Public API - Comprehensive Testing › Cron Endpoints › should handle cron analytics rollup (325ms)
  ✘  4510 [mobile-chrome] › e2e/api/public-api-comprehensive.spec.ts:850:9 › Public API - Comprehensive Testing › Webhook Endpoints › should handle notion webhook (retry #1) (339ms)
  ✘  4511 [mobile-chrome] › e2e/api/public-api-comprehensive.spec.ts:872:9 › Public API - Comprehensive Testing › Cron Endpoints › should handle cron analytics rollup (retry #1) (338ms)
  ✘  4512 [mobile-chrome] › e2e/api/public-api-comprehensive.spec.ts:881:9 › Public API - Comprehensive Testing › Cron Endpoints › should handle cron voice brief (323ms)
  ✘  4513 [mobile-chrome] › e2e/api-all-routes.spec.ts:43:9 › API Routes - Complete Coverage › API GET /api/health (322ms)
  ✘  4514 [mobile-chrome] › e2e/api/public-api-comprehensive.spec.ts:881:9 › Public API - Comprehensive Testing › Cron Endpoints › should handle cron voice brief (retry #1) (342ms)
  ✘  4515 [mobile-chrome] › e2e/api-all-routes.spec.ts:43:9 › API Routes - Complete Coverage › API GET /api/health (retry #1) (353ms)
  ✘  4516 [mobile-chrome] › e2e/api-all-routes.spec.ts:43:9 › API Routes - Complete Coverage › API GET /api/blog (320ms)
  ✘  4517 [mobile-chrome] › e2e/api-all-routes.spec.ts:43:9 › API Routes - Complete Coverage › API GET /api/case-studies (320ms)
  ✘  4518 [mobile-chrome] › e2e/api-all-routes.spec.ts:43:9 › API Routes - Complete Coverage › API GET /api/blog (retry #1) (338ms)
  ✘  4519 [mobile-chrome] › e2e/api-all-routes.spec.ts:43:9 › API Routes - Complete Coverage › API GET /api/case-studies (retry #1) (340ms)
  ✘  4520 [mobile-chrome] › e2e/api-all-routes.spec.ts:43:9 › API Routes - Complete Coverage › API GET /api/testimonials (319ms)
  ✘  4521 [mobile-chrome] › e2e/api-all-routes.spec.ts:43:9 › API Routes - Complete Coverage › API GET /api/services (321ms)
  ✘  4522 [mobile-chrome] › e2e/api-all-routes.spec.ts:43:9 › API Routes - Complete Coverage › API GET /api/testimonials (retry #1) (332ms)
  ✘  4523 [mobile-chrome] › e2e/api-all-routes.spec.ts:43:9 › API Routes - Complete Coverage › API GET /api/services (retry #1) (336ms)
  ✘  4524 [mobile-chrome] › e2e/api-all-routes.spec.ts:43:9 › API Routes - Complete Coverage › API GET /api/faqs (321ms)
  ✘  4525 [mobile-chrome] › e2e/api-all-routes.spec.ts:43:9 › API Routes - Complete Coverage › API GET /api/recommendations (323ms)
  ✘  4526 [mobile-chrome] › e2e/api-all-routes.spec.ts:43:9 › API Routes - Complete Coverage › API GET /api/faqs (retry #1) (337ms)
  ✘  4527 [mobile-chrome] › e2e/api-all-routes.spec.ts:43:9 › API Routes - Complete Coverage › API GET /api/recommendations (retry #1) (336ms)
  ✘  4528 [mobile-chrome] › e2e/api-all-routes.spec.ts:43:9 › API Routes - Complete Coverage › API GET /api/products (321ms)
  ✘  4529 [mobile-chrome] › e2e/api-all-routes.spec.ts:43:9 › API Routes - Complete Coverage › API GET /api/search (322ms)
  ✘  4530 [mobile-chrome] › e2e/api-all-routes.spec.ts:43:9 › API Routes - Complete Coverage › API GET /api/products (retry #1) (338ms)
  ✘  4531 [mobile-chrome] › e2e/api-all-routes.spec.ts:43:9 › API Routes - Complete Coverage › API GET /api/search (retry #1) (335ms)
  ✘  4532 [mobile-chrome] › e2e/api-all-routes.spec.ts:43:9 › API Routes - Complete Coverage › API GET /api/pwa-manifest (327ms)
  ✘  4533 [mobile-chrome] › e2e/api-all-routes.spec.ts:43:9 › API Routes - Complete Coverage › API POST /api/contact (324ms)
  ✘  4534 [mobile-chrome] › e2e/api-all-routes.spec.ts:43:9 › API Routes - Complete Coverage › API GET /api/pwa-manifest (retry #1) (337ms)
  ✘  4535 [mobile-chrome] › e2e/api-all-routes.spec.ts:43:9 › API Routes - Complete Coverage › API POST /api/contact (retry #1) (339ms)
  ✘  4536 [mobile-chrome] › e2e/api-all-routes.spec.ts:43:9 › API Routes - Complete Coverage › API POST /api/subscribe (321ms)
  ✘  4537 [mobile-chrome] › e2e/api-all-routes.spec.ts:43:9 › API Routes - Complete Coverage › API POST /api/calendar/book (322ms)
  ✘  4538 [mobile-chrome] › e2e/api-all-routes.spec.ts:43:9 › API Routes - Complete Coverage › API POST /api/subscribe (retry #1) (333ms)
  ✘  4539 [mobile-chrome] › e2e/api-all-routes.spec.ts:43:9 › API Routes - Complete Coverage › API POST /api/calendar/book (retry #1) (334ms)
  ✘  4540 [mobile-chrome] › e2e/api-all-routes.spec.ts:43:9 › API Routes - Complete Coverage › API POST /api/chat (320ms)
  ✘  4541 [mobile-chrome] › e2e/api-all-routes.spec.ts:43:9 › API Routes - Complete Coverage › API POST /api/chat-ai (321ms)
  ✘  4542 [mobile-chrome] › e2e/api-all-routes.spec.ts:43:9 › API Routes - Complete Coverage › API POST /api/chat (retry #1) (336ms)
  ✘  4543 [mobile-chrome] › e2e/api-all-routes.spec.ts:43:9 › API Routes - Complete Coverage › API POST /api/chat-ai (retry #1) (336ms)
  ✘  4544 [mobile-chrome] › e2e/api-all-routes.spec.ts:43:9 › API Routes - Complete Coverage › API GET /api/webhooks/stripe (321ms)
  ✘  4545 [mobile-chrome] › e2e/api-all-routes.spec.ts:43:9 › API Routes - Complete Coverage › API GET /api/internal (337ms)
  ✘  4546 [mobile-chrome] › e2e/api-all-routes.spec.ts:43:9 › API Routes - Complete Coverage › API GET /api/webhooks/stripe (retry #1) (335ms)
  ✘  4547 [mobile-chrome] › e2e/api-all-routes.spec.ts:43:9 › API Routes - Complete Coverage › API GET /api/internal (retry #1) (334ms)
  ✘  4548 [mobile-chrome] › e2e/api-all-routes.spec.ts:43:9 › API Routes - Complete Coverage › API GET /api/workflows (321ms)
  ✘  4549 [mobile-chrome] › e2e/api-all-routes.spec.ts:62:9 › API Routes - Complete Coverage › Analytics API › analytics endpoint responds (321ms)
  ✘  4550 [mobile-chrome] › e2e/api-all-routes.spec.ts:43:9 › API Routes - Complete Coverage › API GET /api/workflows (retry #1) (333ms)
  ✘  4551 [mobile-chrome] › e2e/api-all-routes.spec.ts:62:9 › API Routes - Complete Coverage › Analytics API › analytics endpoint responds (retry #1) (334ms)
  ✘  4552 [mobile-chrome] › e2e/api-all-routes.spec.ts:69:9 › API Routes - Complete Coverage › User API › user profile endpoint requires auth (322ms)
  ✘  4553 [mobile-chrome] › e2e/api-all-routes.spec.ts:76:9 › API Routes - Complete Coverage › Newsletter API › newsletter endpoint validates (323ms)
  ✘  4554 [mobile-chrome] › e2e/api-all-routes.spec.ts:69:9 › API Routes - Complete Coverage › User API › user profile endpoint requires auth (retry #1) (335ms)
  ✘  4555 [mobile-chrome] › e2e/api-all-routes.spec.ts:76:9 › API Routes - Complete Coverage › Newsletter API › newsletter endpoint validates (retry #1) (339ms)
  ✘  4556 [mobile-chrome] › e2e/api-all-routes.spec.ts:83:9 › API Routes - Complete Coverage › Newsletter API › newsletter slack endpoint (320ms)
  ✘  4557 [mobile-chrome] › e2e/api-all-routes.spec.ts:90:9 › API Routes - Complete Coverage › Admin API › admin endpoints are protected (323ms)
  ✘  4558 [mobile-chrome] › e2e/api-all-routes.spec.ts:83:9 › API Routes - Complete Coverage › Newsletter API › newsletter slack endpoint (retry #1) (333ms)
  ✘  4559 [mobile-chrome] › e2e/api-all-routes.spec.ts:90:9 › API Routes - Complete Coverage › Admin API › admin endpoints are protected (retry #1) (336ms)
  ✘  4560 [mobile-chrome] › e2e/api-all-routes.spec.ts:105:9 › API Routes - Complete Coverage › Docs API › docs API responds (322ms)
  ✘  4561 [mobile-chrome] › e2e/api-all-routes.spec.ts:112:9 › API Routes - Complete Coverage › Notion Image API › notion-image endpoint (322ms)
  ✘  4562 [mobile-chrome] › e2e/api-all-routes.spec.ts:105:9 › API Routes - Complete Coverage › Docs API › docs API responds (retry #1) (335ms)
  ✘  4563 [mobile-chrome] › e2e/api-all-routes.spec.ts:112:9 › API Routes - Complete Coverage › Notion Image API › notion-image endpoint (retry #1) (334ms)
  ✘  4564 [mobile-chrome] › e2e/api-all-routes.spec.ts:119:9 › API Routes - Complete Coverage › Portal API › portal endpoints are protected (321ms)
  ✘  4565 [mobile-chrome] › e2e/api-all-routes.spec.ts:126:9 › API Routes - Complete Coverage › CSP Report API › CSP report endpoint accepts POST (322ms)
  ✘  4566 [mobile-chrome] › e2e/api-all-routes.spec.ts:119:9 › API Routes - Complete Coverage › Portal API › portal endpoints are protected (retry #1) (332ms)
  ✘  4567 [mobile-chrome] › e2e/api-all-routes.spec.ts:126:9 › API Routes - Complete Coverage › CSP Report API › CSP report endpoint accepts POST (retry #1) (339ms)
  ✘  4568 [mobile-chrome] › e2e/api-all-routes.spec.ts:136:9 › API Routes - Complete Coverage › Track API › track endpoint responds (324ms)
  ✘  4569 [mobile-chrome] › e2e/api-all-routes.spec.ts:143:9 › API Routes - Complete Coverage › Unsubscribe API › unsubscribe endpoint (322ms)
  ✘  4570 [mobile-chrome] › e2e/api-all-routes.spec.ts:136:9 › API Routes - Complete Coverage › Track API › track endpoint responds (retry #1) (336ms)
  ✘  4571 [mobile-chrome] › e2e/api-all-routes.spec.ts:143:9 › API Routes - Complete Coverage › Unsubscribe API › unsubscribe endpoint (retry #1) (340ms)
  ✘  4572 [mobile-chrome] › e2e/api-auth.spec.ts:4:7 › API Authentication › health endpoint returns 200 with status payload (543ms)
  ✘  4573 [mobile-chrome] › e2e/api-routes-extra-gaps.spec.ts:25:7 › Missing auth APIs (POST endpoints) › POST /api/auth/register with empty body returns 4xx (325ms)
  ✘  4575 [mobile-chrome] › e2e/api-routes-extra-gaps.spec.ts:25:7 › Missing auth APIs (POST endpoints) › POST /api/auth/register with empty body returns 4xx (retry #1) (338ms)
  ✘  4574 [mobile-chrome] › e2e/api-auth.spec.ts:4:7 › API Authentication › health endpoint returns 200 with status payload (retry #1) (552ms)
  ✘  4576 [mobile-chrome] › e2e/api-routes-extra-gaps.spec.ts:33:7 › Missing auth APIs (POST endpoints) › POST /api/auth/resend-verification with empty body returns 2xx (privacy: no email leak) (323ms)
  ✘  4577 [mobile-chrome] › e2e/api-routes-extra-gaps.spec.ts:44:7 › Missing portal API endpoints › GET /api/portal/[token]/deliverables resolves cleanly (322ms)
  ✘  4578 [mobile-chrome] › e2e/api-routes-extra-gaps.spec.ts:33:7 › Missing auth APIs (POST endpoints) › POST /api/auth/resend-verification with empty body returns 2xx (privacy: no email leak) (retry #1) (340ms)
  ✘  4579 [mobile-chrome] › e2e/api-routes-extra-gaps.spec.ts:44:7 › Missing portal API endpoints › GET /api/portal/[token]/deliverables resolves cleanly (retry #1) (333ms)
  ✘  4580 [mobile-chrome] › e2e/api-routes-extra-gaps.spec.ts:52:7 › Missing portal API endpoints › POST /api/portal/enroll with empty body returns non-5xx (323ms)
  ✘  4581 [mobile-chrome] › e2e/api-routes-extra-gaps.spec.ts:63:9 › Missing newsletter-slack APIs › POST /api/newsletter-slack/events without auth returns non-5xx (322ms)
  ✘  4582 [mobile-chrome] › e2e/api-routes-extra-gaps.spec.ts:52:7 › Missing portal API endpoints › POST /api/portal/enroll with empty body returns non-5xx (retry #1) (334ms)
  ✘  4583 [mobile-chrome] › e2e/api-routes-extra-gaps.spec.ts:63:9 › Missing newsletter-slack APIs › POST /api/newsletter-slack/events without auth returns non-5xx (retry #1) (335ms)
  ✘  4584 [mobile-chrome] › e2e/api-routes-extra-gaps.spec.ts:63:9 › Missing newsletter-slack APIs › POST /api/newsletter-slack/commands without auth returns non-5xx (322ms)
  ✘  4585 [mobile-chrome] › e2e/api-routes-extra-gaps.spec.ts:63:9 › Missing newsletter-slack APIs › POST /api/newsletter-slack/interactions without auth returns non-5xx (321ms)
  ✘  4586 [mobile-chrome] › e2e/api-routes-extra-gaps.spec.ts:63:9 › Missing newsletter-slack APIs › POST /api/newsletter-slack/commands without auth returns non-5xx (retry #1) (340ms)
  ✘  4587 [mobile-chrome] › e2e/api-routes-extra-gaps.spec.ts:63:9 › Missing newsletter-slack APIs › POST /api/newsletter-slack/interactions without auth returns non-5xx (retry #1) (335ms)
  ✘  4588 [mobile-chrome] › e2e/api-routes-extra-gaps.spec.ts:74:7 › Missing webhook APIs › POST /api/webhooks/postiz without secret returns 401 (323ms)
  ✘  4589 [mobile-chrome] › e2e/api-routes-extra-gaps.spec.ts:82:7 › Missing webhook APIs › POST /api/webhooks/admin-alert without auth returns non-5xx (320ms)
  ✘  4590 [mobile-chrome] › e2e/api-routes-extra-gaps.spec.ts:74:7 › Missing webhook APIs › POST /api/webhooks/postiz without secret returns 401 (retry #1) (338ms)
  ✘  4591 [mobile-chrome] › e2e/api-routes-extra-gaps.spec.ts:82:7 › Missing webhook APIs › POST /api/webhooks/admin-alert without auth returns non-5xx (retry #1) (334ms)
  ✘  4592 [mobile-chrome] › e2e/api-routes-extra-gaps.spec.ts:99:9 › Missing cron APIs (unauthenticated) › GET /api/cron/ad-analytics-poll unauthenticated (322ms)
  ✘  4593 [mobile-chrome] › e2e/api-routes-extra-gaps.spec.ts:99:9 › Missing cron APIs (unauthenticated) › GET /api/cron/client-reports unauthenticated (321ms)
  ✘  4594 [mobile-chrome] › e2e/api-routes-extra-gaps.spec.ts:99:9 › Missing cron APIs (unauthenticated) › GET /api/cron/ad-analytics-poll unauthenticated (retry #1) (334ms)
  ✘  4595 [mobile-chrome] › e2e/api-routes-extra-gaps.spec.ts:99:9 › Missing cron APIs (unauthenticated) › GET /api/cron/client-reports unauthenticated (retry #1) (335ms)
  ✘  4596 [mobile-chrome] › e2e/api-routes-extra-gaps.spec.ts:99:9 › Missing cron APIs (unauthenticated) › GET /api/cron/gsc-cache-refresh unauthenticated (322ms)
  ✘  4597 [mobile-chrome] › e2e/api-routes-extra-gaps.spec.ts:99:9 › Missing cron APIs (unauthenticated) › GET /api/cron/owner-digest unauthenticated (321ms)
  ✘  4598 [mobile-chrome] › e2e/api-routes-extra-gaps.spec.ts:99:9 › Missing cron APIs (unauthenticated) › GET /api/cron/gsc-cache-refresh unauthenticated (retry #1) (335ms)
  ✘  4599 [mobile-chrome] › e2e/api-routes-extra-gaps.spec.ts:99:9 › Missing cron APIs (unauthenticated) › GET /api/cron/owner-digest unauthenticated (retry #1) (336ms)
  ✘  4600 [mobile-chrome] › e2e/api-routes-extra-gaps.spec.ts:99:9 › Missing cron APIs (unauthenticated) › GET /api/cron/postiz-sync unauthenticated (322ms)
  ✘  4601 [mobile-chrome] › e2e/api-routes-extra-gaps.spec.ts:99:9 › Missing cron APIs (unauthenticated) › GET /api/cron/postiz-oauth-check unauthenticated (322ms)
  ✘  4602 [mobile-chrome] › e2e/api-routes-extra-gaps.spec.ts:99:9 › Missing cron APIs (unauthenticated) › GET /api/cron/postiz-sync unauthenticated (retry #1) (334ms)
  ✘  4603 [mobile-chrome] › e2e/api-routes-extra-gaps.spec.ts:99:9 › Missing cron APIs (unauthenticated) › GET /api/cron/postiz-oauth-check unauthenticated (retry #1) (333ms)
  ✘  4604 [mobile-chrome] › e2e/api-routes-extra-gaps.spec.ts:108:7 › Additional public API endpoints › GET /api/analytics/r2 resolves cleanly (324ms)
  ✘  4605 [mobile-chrome] › e2e/api-routes-extra-gaps.spec.ts:113:7 › Additional public API endpoints › GET /api/analytics/track resolves cleanly (320ms)
  ✘  4606 [mobile-chrome] › e2e/api-routes-extra-gaps.spec.ts:108:7 › Additional public API endpoints › GET /api/analytics/r2 resolves cleanly (retry #1) (338ms)
  ✘  4607 [mobile-chrome] › e2e/api-routes-extra-gaps.spec.ts:113:7 › Additional public API endpoints › GET /api/analytics/track resolves cleanly (retry #1) (334ms)
  ✘  4608 [mobile-chrome] › e2e/api-routes-extra-gaps.spec.ts:118:7 › Additional public API endpoints › POST /api/internal/ai/generate returns 401/403 without auth (322ms)
  ✘  4609 [mobile-chrome] › e2e/api-routes-extra-gaps.spec.ts:125:7 › Additional public API endpoints › GET /api/workflows/hello resolves cleanly (321ms)
  ✘  4610 [mobile-chrome] › e2e/api-routes-extra-gaps.spec.ts:118:7 › Additional public API endpoints › POST /api/internal/ai/generate returns 401/403 without auth (retry #1) (338ms)
  ✘  4611 [mobile-chrome] › e2e/api-routes-extra-gaps.spec.ts:125:7 › Additional public API endpoints › GET /api/workflows/hello resolves cleanly (retry #1) (332ms)
  ✘  4612 [mobile-chrome] › e2e/api-routes-extra-gaps.spec.ts:132:7 › Dynamic POST routes with dynamic paths › POST /api/admin/postiz/upload with empty body returns non-5xx (323ms)
  ✘  4613 [mobile-chrome] › e2e/api-routes-extra-gaps.spec.ts:139:7 › Dynamic POST routes with dynamic paths › POST /api/admin/postiz/upload-file with empty body returns non-5xx (321ms)
  ✘  4614 [mobile-chrome] › e2e/api-routes-extra-gaps.spec.ts:132:7 › Dynamic POST routes with dynamic paths › POST /api/admin/postiz/upload with empty body returns non-5xx (retry #1) (338ms)
  ✘  4615 [mobile-chrome] › e2e/api-routes-extra-gaps.spec.ts:139:7 › Dynamic POST routes with dynamic paths › POST /api/admin/postiz/upload-file with empty body returns non-5xx (retry #1) (335ms)
  ✘  4616 [mobile-chrome] › e2e/api-routes-extra-gaps.spec.ts:159:9 › Extended admin API coverage (production-safe) › GET /api/admin/analytics/workspaces/sample-e2e-id authenticated (321ms)
  -  4618 [mobile-chrome] › e2e/api-routes-extra-gaps.spec.ts:159:9 › Extended admin API coverage (production-safe) › GET /api/admin/postiz/is-connected authenticated
  -  4619 [mobile-chrome] › e2e/api-routes-extra-gaps.spec.ts:159:9 › Extended admin API coverage (production-safe) › GET /api/admin/postiz/groups authenticated
  ✘  4617 [mobile-chrome] › e2e/api-routes-gaps-sweep.spec.ts:123:9 › Admin API gap sweep (authenticated GETs) › GET /api/admin/ai/assistant (321ms)
  ✘  4620 [mobile-chrome] › e2e/api-routes-extra-gaps.spec.ts:159:9 › Extended admin API coverage (production-safe) › GET /api/admin/analytics/workspaces/sample-e2e-id authenticated (retry #1) (333ms)
  -  4622 [mobile-chrome] › e2e/api-routes-extra-gaps.spec.ts:159:9 › Extended admin API coverage (production-safe) › GET /api/admin/postiz/is-connected authenticated (retry #1)
  -  4623 [mobile-chrome] › e2e/api-routes-extra-gaps.spec.ts:159:9 › Extended admin API coverage (production-safe) › GET /api/admin/postiz/groups authenticated (retry #1)
  ✘  4621 [mobile-chrome] › e2e/api-routes-gaps-sweep.spec.ts:123:9 › Admin API gap sweep (authenticated GETs) › GET /api/admin/ai/assistant (retry #1) (336ms)
  ✘  4624 [mobile-chrome] › e2e/api-routes-gaps-sweep.spec.ts:123:9 › Admin API gap sweep (authenticated GETs) › GET /api/admin/ai/generate (322ms)
  ✘  4625 [mobile-chrome] › e2e/api-routes-gaps-sweep.spec.ts:123:9 › Admin API gap sweep (authenticated GETs) › GET /api/admin/analytics/gsc-archive (321ms)
  ✘  4626 [mobile-chrome] › e2e/api-routes-gaps-sweep.spec.ts:123:9 › Admin API gap sweep (authenticated GETs) › GET /api/admin/ai/generate (retry #1) (337ms)
  ✘  4627 [mobile-chrome] › e2e/api-routes-gaps-sweep.spec.ts:123:9 › Admin API gap sweep (authenticated GETs) › GET /api/admin/analytics/gsc-archive (retry #1) (336ms)
  ✘  4628 [mobile-chrome] › e2e/api-routes-gaps-sweep.spec.ts:123:9 › Admin API gap sweep (authenticated GETs) › GET /api/admin/analytics/roi (322ms)
  ✘  4629 [mobile-chrome] › e2e/api-routes-gaps-sweep.spec.ts:123:9 › Admin API gap sweep (authenticated GETs) › GET /api/admin/calendar/sample-e2e-id (322ms)
  ✘  4630 [mobile-chrome] › e2e/api-routes-gaps-sweep.spec.ts:123:9 › Admin API gap sweep (authenticated GETs) › GET /api/admin/analytics/roi (retry #1) (338ms)
  ✘  4631 [mobile-chrome] › e2e/api-routes-gaps-sweep.spec.ts:123:9 › Admin API gap sweep (authenticated GETs) › GET /api/admin/calendar/sample-e2e-id (retry #1) (336ms)
  ✘  4632 [mobile-chrome] › e2e/api-routes-gaps-sweep.spec.ts:123:9 › Admin API gap sweep (authenticated GETs) › GET /api/admin/campaigns/meta (325ms)
  ✘  4633 [mobile-chrome] › e2e/api-routes-gaps-sweep.spec.ts:123:9 › Admin API gap sweep (authenticated GETs) › GET /api/admin/campaigns/meta/insights (321ms)
  ✘  4634 [mobile-chrome] › e2e/api-routes-gaps-sweep.spec.ts:123:9 › Admin API gap sweep (authenticated GETs) › GET /api/admin/campaigns/meta (retry #1) (339ms)
  ✘  4635 [mobile-chrome] › e2e/api-routes-gaps-sweep.spec.ts:123:9 › Admin API gap sweep (authenticated GETs) › GET /api/admin/campaigns/meta/insights (retry #1) (337ms)
  ✘  4636 [mobile-chrome] › e2e/api-routes-gaps-sweep.spec.ts:123:9 › Admin API gap sweep (authenticated GETs) › GET /api/admin/email/campaigns/sample-e2e-id (322ms)
  ✘  4637 [mobile-chrome] › e2e/api-routes-gaps-sweep.spec.ts:123:9 › Admin API gap sweep (authenticated GETs) › GET /api/admin/leads (322ms)
  ✘  4638 [mobile-chrome] › e2e/api-routes-gaps-sweep.spec.ts:123:9 › Admin API gap sweep (authenticated GETs) › GET /api/admin/email/campaigns/sample-e2e-id (retry #1) (337ms)
  ✘  4639 [mobile-chrome] › e2e/api-routes-gaps-sweep.spec.ts:123:9 › Admin API gap sweep (authenticated GETs) › GET /api/admin/leads (retry #1) (338ms)
  ✘  4640 [mobile-chrome] › e2e/api-routes-gaps-sweep.spec.ts:123:9 › Admin API gap sweep (authenticated GETs) › GET /api/admin/notion/case-studies (334ms)
  ✘  4641 [mobile-chrome] › e2e/api-routes-gaps-sweep.spec.ts:123:9 › Admin API gap sweep (authenticated GETs) › GET /api/admin/notion/faqs (334ms)
  ✘  4642 [mobile-chrome] › e2e/api-routes-gaps-sweep.spec.ts:123:9 › Admin API gap sweep (authenticated GETs) › GET /api/admin/notion/case-studies (retry #1) (338ms)
  ✘  4643 [mobile-chrome] › e2e/api-routes-gaps-sweep.spec.ts:123:9 › Admin API gap sweep (authenticated GETs) › GET /api/admin/notion/faqs (retry #1) (335ms)
  ✘  4644 [mobile-chrome] › e2e/api-routes-gaps-sweep.spec.ts:123:9 › Admin API gap sweep (authenticated GETs) › GET /api/admin/notion/services (321ms)
  ✘  4645 [mobile-chrome] › e2e/api-routes-gaps-sweep.spec.ts:123:9 › Admin API gap sweep (authenticated GETs) › GET /api/admin/notion/testimonials (321ms)
  ✘  4646 [mobile-chrome] › e2e/api-routes-gaps-sweep.spec.ts:123:9 › Admin API gap sweep (authenticated GETs) › GET /api/admin/notion/services (retry #1) (340ms)
  ✘  4647 [mobile-chrome] › e2e/api-routes-gaps-sweep.spec.ts:123:9 › Admin API gap sweep (authenticated GETs) › GET /api/admin/notion/testimonials (retry #1) (337ms)
  ✘  4648 [mobile-chrome] › e2e/api-routes-gaps-sweep.spec.ts:123:9 › Admin API gap sweep (authenticated GETs) › GET /api/admin/ops/errors/sample-e2e-id (323ms)
  ✘  4649 [mobile-chrome] › e2e/api-routes-gaps-sweep.spec.ts:123:9 › Admin API gap sweep (authenticated GETs) › GET /api/admin/postiz (322ms)
  ✘  4650 [mobile-chrome] › e2e/api-routes-gaps-sweep.spec.ts:123:9 › Admin API gap sweep (authenticated GETs) › GET /api/admin/ops/errors/sample-e2e-id (retry #1) (338ms)
  ✘  4651 [mobile-chrome] › e2e/api-routes-gaps-sweep.spec.ts:123:9 › Admin API gap sweep (authenticated GETs) › GET /api/admin/postiz (retry #1) (336ms)
  ✘  4652 [mobile-chrome] › e2e/api-routes-gaps-sweep.spec.ts:123:9 › Admin API gap sweep (authenticated GETs) › GET /api/admin/postiz/integrations (323ms)
  ✘  4653 [mobile-chrome] › e2e/api-routes-gaps-sweep.spec.ts:123:9 › Admin API gap sweep (authenticated GETs) › GET /api/admin/postiz/posts (322ms)
  ✘  4654 [mobile-chrome] › e2e/api-routes-gaps-sweep.spec.ts:123:9 › Admin API gap sweep (authenticated GETs) › GET /api/admin/postiz/integrations (retry #1) (339ms)
  ✘  4655 [mobile-chrome] › e2e/api-routes-gaps-sweep.spec.ts:123:9 › Admin API gap sweep (authenticated GETs) › GET /api/admin/postiz/posts (retry #1) (338ms)
  ✘  4656 [mobile-chrome] › e2e/api-routes-gaps-sweep.spec.ts:123:9 › Admin API gap sweep (authenticated GETs) › GET /api/admin/postiz/slot?id=sample-e2e-id (322ms)
  ✘  4657 [mobile-chrome] › e2e/api-routes-gaps-sweep.spec.ts:123:9 › Admin API gap sweep (authenticated GETs) › GET /api/admin/postiz/health (322ms)
  ✘  4658 [mobile-chrome] › e2e/api-routes-gaps-sweep.spec.ts:123:9 › Admin API gap sweep (authenticated GETs) › GET /api/admin/postiz/slot?id=sample-e2e-id (retry #1) (335ms)
  ✘  4659 [mobile-chrome] › e2e/api-routes-gaps-sweep.spec.ts:123:9 › Admin API gap sweep (authenticated GETs) › GET /api/admin/postiz/health (retry #1) (334ms)
  ✘  4660 [mobile-chrome] › e2e/api-routes-gaps-sweep.spec.ts:123:9 › Admin API gap sweep (authenticated GETs) › GET /api/admin/postiz/health?format=prom (323ms)
  ✘  4661 [mobile-chrome] › e2e/api-routes-gaps-sweep.spec.ts:123:9 › Admin API gap sweep (authenticated GETs) › GET /api/admin/postiz/is-connected (322ms)
  ✘  4662 [mobile-chrome] › e2e/api-routes-gaps-sweep.spec.ts:123:9 › Admin API gap sweep (authenticated GETs) › GET /api/admin/postiz/health?format=prom (retry #1) (337ms)
  ✘  4663 [mobile-chrome] › e2e/api-routes-gaps-sweep.spec.ts:123:9 › Admin API gap sweep (authenticated GETs) › GET /api/admin/postiz/is-connected (retry #1) (337ms)
  ✘  4664 [mobile-chrome] › e2e/api-routes-gaps-sweep.spec.ts:123:9 › Admin API gap sweep (authenticated GETs) › GET /api/admin/postiz/groups (323ms)
  ✘  4665 [mobile-chrome] › e2e/api-routes-gaps-sweep.spec.ts:123:9 › Admin API gap sweep (authenticated GETs) › GET /api/admin/postiz/notifications (321ms)
  ✘  4666 [mobile-chrome] › e2e/api-routes-gaps-sweep.spec.ts:123:9 › Admin API gap sweep (authenticated GETs) › GET /api/admin/postiz/groups (retry #1) (340ms)
  ✘  4667 [mobile-chrome] › e2e/api-routes-gaps-sweep.spec.ts:123:9 › Admin API gap sweep (authenticated GETs) › GET /api/admin/postiz/notifications (retry #1) (337ms)
  ✘  4668 [mobile-chrome] › e2e/api-routes-gaps-sweep.spec.ts:123:9 › Admin API gap sweep (authenticated GETs) › GET /api/admin/analytics/workspaces (324ms)
  ✘  4669 [mobile-chrome] › e2e/api-routes-gaps-sweep.spec.ts:123:9 › Admin API gap sweep (authenticated GETs) › GET /api/admin/analytics/workspaces/sample-e2e-id (321ms)
  ✘  4670 [mobile-chrome] › e2e/api-routes-gaps-sweep.spec.ts:123:9 › Admin API gap sweep (authenticated GETs) › GET /api/admin/analytics/workspaces (retry #1) (338ms)
  ✘  4671 [mobile-chrome] › e2e/api-routes-gaps-sweep.spec.ts:123:9 › Admin API gap sweep (authenticated GETs) › GET /api/admin/analytics/workspaces/sample-e2e-id (retry #1) (335ms)
  ✘  4672 [mobile-chrome] › e2e/api-routes-gaps-sweep.spec.ts:123:9 › Admin API gap sweep (authenticated GETs) › GET /api/admin/postiz/integrations/sample-e2e-id/connect (323ms)
  ✘  4673 [mobile-chrome] › e2e/api-routes-gaps-sweep.spec.ts:123:9 › Admin API gap sweep (authenticated GETs) › GET /api/admin/postiz/integrations/sample-e2e-id/settings (321ms)
  ✘  4674 [mobile-chrome] › e2e/api-routes-gaps-sweep.spec.ts:123:9 › Admin API gap sweep (authenticated GETs) › GET /api/admin/postiz/integrations/sample-e2e-id/connect (retry #1) (336ms)
  ✘  4675 [mobile-chrome] › e2e/api-routes-gaps-sweep.spec.ts:123:9 › Admin API gap sweep (authenticated GETs) › GET /api/admin/postiz/integrations/sample-e2e-id/settings (retry #1) (336ms)
  ✘  4676 [mobile-chrome] › e2e/api-routes-gaps-sweep.spec.ts:123:9 › Admin API gap sweep (authenticated GETs) › GET /api/admin/postiz/posts/sample-e2e-id/missing-content (323ms)
  ✘  4677 [mobile-chrome] › e2e/api-routes-gaps-sweep.spec.ts:123:9 › Admin API gap sweep (authenticated GETs) › GET /api/admin/postiz/analytics/post/sample-e2e-id (323ms)
  ✘  4678 [mobile-chrome] › e2e/api-routes-gaps-sweep.spec.ts:123:9 › Admin API gap sweep (authenticated GETs) › GET /api/admin/postiz/posts/sample-e2e-id/missing-content (retry #1) (338ms)
  ✘  4679 [mobile-chrome] › e2e/api-routes-gaps-sweep.spec.ts:123:9 › Admin API gap sweep (authenticated GETs) › GET /api/admin/postiz/analytics/post/sample-e2e-id (retry #1) (335ms)
  ✘  4680 [mobile-chrome] › e2e/api-routes-gaps-sweep.spec.ts:123:9 › Admin API gap sweep (authenticated GETs) › GET /api/admin/postiz/analytics/integration/sample-e2e-id (324ms)
  ✘  4681 [mobile-chrome] › e2e/api-routes-gaps-sweep.spec.ts:123:9 › Admin API gap sweep (authenticated GETs) › GET /api/admin/reports/sample-e2e-id (320ms)
  ✘  4682 [mobile-chrome] › e2e/api-routes-gaps-sweep.spec.ts:123:9 › Admin API gap sweep (authenticated GETs) › GET /api/admin/postiz/analytics/integration/sample-e2e-id (retry #1) (341ms)
  ✘  4683 [mobile-chrome] › e2e/api-routes-gaps-sweep.spec.ts:123:9 › Admin API gap sweep (authenticated GETs) › GET /api/admin/reports/sample-e2e-id (retry #1) (346ms)
  ✘  4684 [mobile-chrome] › e2e/api-routes-gaps-sweep.spec.ts:123:9 › Admin API gap sweep (authenticated GETs) › GET /api/admin/reports/sample-e2e-id/pdf (322ms)
  ✘  4685 [mobile-chrome] › e2e/api-routes-gaps-sweep.spec.ts:146:9 › Admin API gap sweep (authenticated POSTs) › POST /api/admin/calendar/sample-e2e-id/publish (empty body) (323ms)
  ✘  4686 [mobile-chrome] › e2e/api-routes-gaps-sweep.spec.ts:123:9 › Admin API gap sweep (authenticated GETs) › GET /api/admin/reports/sample-e2e-id/pdf (retry #1) (336ms)
  ✘  4687 [mobile-chrome] › e2e/api-routes-gaps-sweep.spec.ts:146:9 › Admin API gap sweep (authenticated POSTs) › POST /api/admin/calendar/sample-e2e-id/publish (empty body) (retry #1) (340ms)
  ✘  4688 [mobile-chrome] › e2e/api-routes-gaps-sweep.spec.ts:146:9 › Admin API gap sweep (authenticated POSTs) › POST /api/admin/pipeline/deals/sample-e2e-id/move (empty body) (323ms)
  ✘  4689 [mobile-chrome] › e2e/api-routes-gaps-sweep.spec.ts:146:9 › Admin API gap sweep (authenticated POSTs) › POST /api/admin/pipeline/deals/sample-e2e-id/notes (empty body) (330ms)
  ✘  4690 [mobile-chrome] › e2e/api-routes-gaps-sweep.spec.ts:146:9 › Admin API gap sweep (authenticated POSTs) › POST /api/admin/pipeline/deals/sample-e2e-id/move (empty body) (retry #1) (349ms)
  ✘  4691 [mobile-chrome] › e2e/api-routes-gaps-sweep.spec.ts:146:9 › Admin API gap sweep (authenticated POSTs) › POST /api/admin/pipeline/deals/sample-e2e-id/notes (empty body) (retry #1) (349ms)
  ✘  4692 [mobile-chrome] › e2e/api-routes-gaps-sweep.spec.ts:146:9 › Admin API gap sweep (authenticated POSTs) › POST /api/admin/postiz/posts (empty body) (323ms)
  ✘  4693 [mobile-chrome] › e2e/api-routes-gaps-sweep.spec.ts:146:9 › Admin API gap sweep (authenticated POSTs) › POST /api/admin/postiz/upload (empty body) (322ms)
  ✘  4694 [mobile-chrome] › e2e/api-routes-gaps-sweep.spec.ts:146:9 › Admin API gap sweep (authenticated POSTs) › POST /api/admin/postiz/posts (empty body) (retry #1) (337ms)
  ✘  4695 [mobile-chrome] › e2e/api-routes-gaps-sweep.spec.ts:146:9 › Admin API gap sweep (authenticated POSTs) › POST /api/admin/postiz/upload (empty body) (retry #1) (337ms)
  ✘  4696 [mobile-chrome] › e2e/api-routes-gaps-sweep.spec.ts:146:9 › Admin API gap sweep (authenticated POSTs) › POST /api/admin/postiz/upload-file (empty body) (322ms)
  ✘  4697 [mobile-chrome] › e2e/api-routes-gaps-sweep.spec.ts:146:9 › Admin API gap sweep (authenticated POSTs) › POST /api/admin/postiz/integrations/sample-e2e-id/trigger (empty body) (322ms)
  ✘  4698 [mobile-chrome] › e2e/api-routes-gaps-sweep.spec.ts:146:9 › Admin API gap sweep (authenticated POSTs) › POST /api/admin/postiz/upload-file (empty body) (retry #1) (342ms)
  ✘  4699 [mobile-chrome] › e2e/api-routes-gaps-sweep.spec.ts:146:9 › Admin API gap sweep (authenticated POSTs) › POST /api/admin/postiz/integrations/sample-e2e-id/trigger (empty body) (retry #1) (345ms)
  ✘  4700 [mobile-chrome] › e2e/api-routes-gaps-sweep.spec.ts:162:7 › Admin API gap sweep (authenticated DELETEs) › DELETE /api/admin/postiz/posts/sample-e2e-id (322ms)
  ✘  4701 [mobile-chrome] › e2e/api-routes-gaps-sweep.spec.ts:172:7 › Admin API gap sweep (authenticated PUTs) › PUT /api/admin/postiz/posts/sample-e2e-id (empty body) (322ms)
  ✘  4702 [mobile-chrome] › e2e/api-routes-gaps-sweep.spec.ts:162:7 › Admin API gap sweep (authenticated DELETEs) › DELETE /api/admin/postiz/posts/sample-e2e-id (retry #1) (339ms)
  ✘  4703 [mobile-chrome] › e2e/api-routes-gaps-sweep.spec.ts:172:7 › Admin API gap sweep (authenticated PUTs) › PUT /api/admin/postiz/posts/sample-e2e-id (empty body) (retry #1) (340ms)
  ✘  4704 [mobile-chrome] › e2e/api-routes-gaps-sweep.spec.ts:183:9 › Admin API gap sweep (authenticated PUTs) › PUT /api/admin/postiz/posts/sample-e2e-id/status (empty body) (322ms)
  ✘  4705 [mobile-chrome] › e2e/api-routes-gaps-sweep.spec.ts:183:9 › Admin API gap sweep (authenticated PUTs) › PUT /api/admin/postiz/posts/sample-e2e-id/release-id (empty body) (322ms)
  ✘  4706 [mobile-chrome] › e2e/api-routes-gaps-sweep.spec.ts:183:9 › Admin API gap sweep (authenticated PUTs) › PUT /api/admin/postiz/posts/sample-e2e-id/status (empty body) (retry #1) (338ms)
  ✘  4707 [mobile-chrome] › e2e/api-routes-gaps-sweep.spec.ts:183:9 › Admin API gap sweep (authenticated PUTs) › PUT /api/admin/postiz/posts/sample-e2e-id/release-id (empty body) (retry #1) (339ms)
  ✘  4708 [mobile-chrome] › e2e/api-routes-gaps-sweep.spec.ts:197:9 › Admin API gap sweep — extra DELETEs (Postiz) › DELETE /api/admin/postiz/integrations/sample-e2e-id (323ms)
  ✘  4709 [mobile-chrome] › e2e/api-routes-gaps-sweep.spec.ts:197:9 › Admin API gap sweep — extra DELETEs (Postiz) › DELETE /api/admin/postiz/posts/group/sample-e2e-id (332ms)
  ✘  4710 [mobile-chrome] › e2e/api-routes-gaps-sweep.spec.ts:197:9 › Admin API gap sweep — extra DELETEs (Postiz) › DELETE /api/admin/postiz/integrations/sample-e2e-id (retry #1) (338ms)
  ✘  4711 [mobile-chrome] › e2e/api-routes-gaps-sweep.spec.ts:197:9 › Admin API gap sweep — extra DELETEs (Postiz) › DELETE /api/admin/postiz/posts/group/sample-e2e-id (retry #1) (337ms)
  ✘  4712 [mobile-chrome] › e2e/api-routes-gaps-sweep.spec.ts:208:9 › Postiz cron endpoints (unauthenticated — reject without 5xx) › GET /api/cron/postiz-oauth-check unauthenticated (321ms)
  ✘  4713 [mobile-chrome] › e2e/api-routes-gaps-sweep.spec.ts:208:9 › Postiz cron endpoints (unauthenticated — reject without 5xx) › GET /api/cron/postiz-sync unauthenticated (327ms)
  ✘  4714 [mobile-chrome] › e2e/api-routes-gaps-sweep.spec.ts:208:9 › Postiz cron endpoints (unauthenticated — reject without 5xx) › GET /api/cron/postiz-oauth-check unauthenticated (retry #1) (334ms)
  ✘  4715 [mobile-chrome] › e2e/api-routes-gaps-sweep.spec.ts:208:9 › Postiz cron endpoints (unauthenticated — reject without 5xx) › GET /api/cron/postiz-sync unauthenticated (retry #1) (340ms)
  ✘  4716 [mobile-chrome] › e2e/api-routes-gaps-sweep.spec.ts:217:7 › Postiz webhook receiver › POST /api/webhooks/postiz unsigned → 401 unauthorized (322ms)
  ✘  4717 [mobile-chrome] › e2e/api-routes-gaps-sweep.spec.ts:229:7 › Admin OAuth entry point › GET /api/admin/oauth/tiktok — does not 5xx unauthenticated (329ms)
  ✘  4718 [mobile-chrome] › e2e/api-routes-gaps-sweep.spec.ts:217:7 › Postiz webhook receiver › POST /api/webhooks/postiz unsigned → 401 unauthorized (retry #1) (339ms)
  ✘  4719 [mobile-chrome] › e2e/api-routes-gaps-sweep.spec.ts:229:7 › Admin OAuth entry point › GET /api/admin/oauth/tiktok — does not 5xx unauthenticated (retry #1) (343ms)
  ✘  4720 [mobile-chrome] › e2e/api-routes-gaps-sweep.spec.ts:248:9 › Cron endpoints (unauthenticated — should reject, never 5xx silently) › GET /api/cron/owner-digest unauthenticated (323ms)
  ✘  4721 [mobile-chrome] › e2e/api-routes-gaps-sweep.spec.ts:248:9 › Cron endpoints (unauthenticated — should reject, never 5xx silently) › GET /api/cron/client-reports unauthenticated (322ms)
  ✘  4722 [mobile-chrome] › e2e/api-routes-gaps-sweep.spec.ts:248:9 › Cron endpoints (unauthenticated — should reject, never 5xx silently) › GET /api/cron/owner-digest unauthenticated (retry #1) (336ms)
  ✘  4723 [mobile-chrome] › e2e/api-routes-gaps-sweep.spec.ts:248:9 › Cron endpoints (unauthenticated — should reject, never 5xx silently) › GET /api/cron/client-reports unauthenticated (retry #1) (349ms)
  ✘  4724 [mobile-chrome] › e2e/api-routes-gaps-sweep.spec.ts:271:9 › Public dynamic API routes (sentinel slugs) › GET /api/blog/sample-e2e-slug resolves cleanly (325ms)
  ✘  4725 [mobile-chrome] › e2e/api-routes-gaps-sweep.spec.ts:271:9 › Public dynamic API routes (sentinel slugs) › GET /api/case-studies/sample-e2e-slug resolves cleanly (322ms)
  ✘  4726 [mobile-chrome] › e2e/api-routes-gaps-sweep.spec.ts:271:9 › Public dynamic API routes (sentinel slugs) › GET /api/blog/sample-e2e-slug resolves cleanly (retry #1) (335ms)
  ✘  4727 [mobile-chrome] › e2e/api-routes-gaps-sweep.spec.ts:271:9 › Public dynamic API routes (sentinel slugs) › GET /api/case-studies/sample-e2e-slug resolves cleanly (retry #1) (341ms)
  ✘  4728 [mobile-chrome] › e2e/api-routes-gaps-sweep.spec.ts:271:9 › Public dynamic API routes (sentinel slugs) › GET /api/docs/sample-e2e-slug resolves cleanly (323ms)
  ✘  4729 [mobile-chrome] › e2e/api-routes-gaps-sweep.spec.ts:271:9 › Public dynamic API routes (sentinel slugs) › GET /api/portal/sample-e2e-token resolves cleanly (324ms)
  ✘  4730 [mobile-chrome] › e2e/api-routes-gaps-sweep.spec.ts:271:9 › Public dynamic API routes (sentinel slugs) › GET /api/portal/sample-e2e-token resolves cleanly (retry #1) (336ms)
  ✘  4731 [mobile-chrome] › e2e/api-routes-gaps-sweep.spec.ts:271:9 › Public dynamic API routes (sentinel slugs) › GET /api/docs/sample-e2e-slug resolves cleanly (retry #1) (346ms)
  ✘  4732 [mobile-chrome] › e2e/api-routes-gaps-sweep.spec.ts:271:9 › Public dynamic API routes (sentinel slugs) › GET /api/portal/sample-e2e-token/deliverables resolves cleanly (324ms)
  ✘  4733 [mobile-chrome] › e2e/api-routes-gaps-sweep.spec.ts:281:7 › Public auth POST endpoints › POST /api/auth/register with empty body returns 4xx (322ms)
  ✘  4734 [mobile-chrome] › e2e/api-routes-gaps-sweep.spec.ts:271:9 › Public dynamic API routes (sentinel slugs) › GET /api/portal/sample-e2e-token/deliverables resolves cleanly (retry #1) (334ms)
  ✘  4735 [mobile-chrome] › e2e/api-routes-gaps-sweep.spec.ts:281:7 › Public auth POST endpoints › POST /api/auth/register with empty body returns 4xx (retry #1) (335ms)
  ✘  4736 [mobile-chrome] › e2e/api-routes-gaps-sweep.spec.ts:288:7 › Public auth POST endpoints › POST /api/auth/resend-verification with empty body returns 4xx (321ms)
  ✘  4737 [mobile-chrome] › e2e/api-routes-gaps-sweep.spec.ts:295:7 › User profile API (unauthenticated) › GET /api/user/profile — unauth returns 401/403/404, never 5xx (320ms)
  ✘  4738 [mobile-chrome] › e2e/api-routes-gaps-sweep.spec.ts:288:7 › Public auth POST endpoints › POST /api/auth/resend-verification with empty body returns 4xx (retry #1) (338ms)
  ✘  4739 [mobile-chrome] › e2e/api-routes-gaps-sweep.spec.ts:295:7 › User profile API (unauthenticated) › GET /api/user/profile — unauth returns 401/403/404, never 5xx (retry #1) (334ms)
  ✘  4740 [mobile-chrome] › e2e/api-routes.spec.ts:33:7 › API: /api/health › GET returns 200 with status payload (532ms)
  ✘  4741 [mobile-chrome] › e2e/api-routes.spec.ts:46:7 › API: /api/contact › rejects missing required fields with 400 (543ms)
  ✘  4742 [mobile-chrome] › e2e/api-routes.spec.ts:33:7 › API: /api/health › GET returns 200 with status payload (retry #1) (561ms)
  ✘  4743 [mobile-chrome] › e2e/api-routes.spec.ts:46:7 › API: /api/contact › rejects missing required fields with 400 (retry #1) (555ms)
  ✘  4744 [mobile-chrome] › e2e/api-routes.spec.ts:59:7 › API: /api/contact › rejects invalid email with 400 (516ms)
  ✘  4745 [mobile-chrome] › e2e/api-routes.spec.ts:76:7 › API: /api/subscribe › rejects invalid email with 400 (546ms)
  ✘  4746 [mobile-chrome] › e2e/api-routes.spec.ts:59:7 › API: /api/contact › rejects invalid email with 400 (retry #1) (537ms)
  ✘  4747 [mobile-chrome] › e2e/api-routes.spec.ts:76:7 › API: /api/subscribe › rejects invalid email with 400 (retry #1) (533ms)
  ✘  4748 [mobile-chrome] › e2e/api-routes.spec.ts:89:7 › API: /api/subscribe › rejects missing email with 400 (537ms)
  ✘  4749 [mobile-chrome] › e2e/api-routes.spec.ts:98:7 › API: /api/checkout › rejects empty cart with 400 (515ms)
  ✘  4750 [mobile-chrome] › e2e/api-routes.spec.ts:89:7 › API: /api/subscribe › rejects missing email with 400 (retry #1) (548ms)
  ✘  4751 [mobile-chrome] › e2e/api-routes.spec.ts:98:7 › API: /api/checkout › rejects empty cart with 400 (retry #1) (564ms)
  ✘  4753 [mobile-chrome] › e2e/app-fullstack.spec.ts:20:7 › cloudless.gr - Full Application Coverage › health endpoint returns ok (321ms)
  ✘  4752 [mobile-chrome] › e2e/api-routes.spec.ts:105:7 › API: /api/checkout › rejects missing items field with 400 (544ms)
  ✘  4754 [mobile-chrome] › e2e/app-fullstack.spec.ts:20:7 › cloudless.gr - Full Application Coverage › health endpoint returns ok (retry #1) (334ms)
  ✘  4755 [mobile-chrome] › e2e/api-routes.spec.ts:105:7 › API: /api/checkout › rejects missing items field with 400 (retry #1) (555ms)
  ✘  4756 [mobile-chrome] › e2e/app-fullstack.spec.ts:29:7 › cloudless.gr - Full Application Coverage › root page redirects to locale (236ms)
  ✘  4757 [mobile-chrome] › e2e/app-fullstack.spec.ts:35:7 › cloudless.gr - Full Application Coverage › sitemap.xml is accessible (323ms)
  ✘  4758 [mobile-chrome] › e2e/app-fullstack.spec.ts:29:7 › cloudless.gr - Full Application Coverage › root page redirects to locale (retry #1) (221ms)
  ✘  4759 [mobile-chrome] › e2e/app-fullstack.spec.ts:35:7 › cloudless.gr - Full Application Coverage › sitemap.xml is accessible (retry #1) (336ms)
  ✘  4760 [mobile-chrome] › e2e/app-fullstack.spec.ts:48:7 › cloudless.gr - Full Application Coverage › robots.txt is accessible (322ms)
  ✘  4761 [mobile-chrome] › e2e/app-fullstack.spec.ts:61:11 › Public Pages - All Locales › [en] › homepage loads and displays key sections (245ms)
  ✘  4762 [mobile-chrome] › e2e/app-fullstack.spec.ts:48:7 › cloudless.gr - Full Application Coverage › robots.txt is accessible (retry #1) (346ms)
  ✘  4763 [mobile-chrome] › e2e/app-fullstack.spec.ts:61:11 › Public Pages - All Locales › [en] › homepage loads and displays key sections (retry #1) (233ms)
  ✘  4764 [mobile-chrome] › e2e/app-fullstack.spec.ts:70:11 › Public Pages - All Locales › [en] › services page loads (246ms)
  ✘  4765 [mobile-chrome] › e2e/app-fullstack.spec.ts:77:11 › Public Pages - All Locales › [en] › contact page loads with form (267ms)
  ✘  4766 [mobile-chrome] › e2e/app-fullstack.spec.ts:70:11 › Public Pages - All Locales › [en] › services page loads (retry #1) (282ms)
  ✘  4767 [mobile-chrome] › e2e/app-fullstack.spec.ts:77:11 › Public Pages - All Locales › [en] › contact page loads with form (retry #1) (255ms)
  ✘  4768 [mobile-chrome] › e2e/app-fullstack.spec.ts:85:11 › Public Pages - All Locales › [en] › blog page loads (211ms)
  ✘  4769 [mobile-chrome] › e2e/app-fullstack.spec.ts:90:11 › Public Pages - All Locales › [en] › case studies page loads (230ms)
  ✘  4770 [mobile-chrome] › e2e/app-fullstack.spec.ts:85:11 › Public Pages - All Locales › [en] › blog page loads (retry #1) (259ms)
  ✘  4771 [mobile-chrome] › e2e/app-fullstack.spec.ts:90:11 › Public Pages - All Locales › [en] › case studies page loads (retry #1) (257ms)
  ✘  4772 [mobile-chrome] › e2e/app-fullstack.spec.ts:95:11 › Public Pages - All Locales › [en] › privacy page loads (220ms)
  ✘  4773 [mobile-chrome] › e2e/app-fullstack.spec.ts:100:11 › Public Pages - All Locales › [en] › terms page loads (232ms)
  ✘  4774 [mobile-chrome] › e2e/app-fullstack.spec.ts:95:11 › Public Pages - All Locales › [en] › privacy page loads (retry #1) (241ms)
  ✘  4775 [mobile-chrome] › e2e/app-fullstack.spec.ts:100:11 › Public Pages - All Locales › [en] › terms page loads (retry #1) (239ms)
  ✘  4776 [mobile-chrome] › e2e/app-fullstack.spec.ts:105:11 › Public Pages - All Locales › [en] › cookies page loads (212ms)
  ✘  4777 [mobile-chrome] › e2e/app-fullstack.spec.ts:110:11 › Public Pages - All Locales › [en] › accessibility page loads (229ms)
  ✘  4778 [mobile-chrome] › e2e/app-fullstack.spec.ts:105:11 › Public Pages - All Locales › [en] › cookies page loads (retry #1) (249ms)
  ✘  4779 [mobile-chrome] › e2e/app-fullstack.spec.ts:110:11 › Public Pages - All Locales › [en] › accessibility page loads (retry #1) (256ms)
  ✘  4780 [mobile-chrome] › e2e/app-fullstack.spec.ts:115:11 › Public Pages - All Locales › [en] › work/portfolio page loads (229ms)
  ✘  4781 [mobile-chrome] › e2e/app-fullstack.spec.ts:120:11 › Public Pages - All Locales › [en] › dashboard page redirects to login or shows auth required (235ms)
  ✘  4782 [mobile-chrome] › e2e/app-fullstack.spec.ts:115:11 › Public Pages - All Locales › [en] › work/portfolio page loads (retry #1) (241ms)
  ✘  4783 [mobile-chrome] › e2e/app-fullstack.spec.ts:120:11 › Public Pages - All Locales › [en] › dashboard page redirects to login or shows auth required (retry #1) (254ms)
  ✘  4784 [mobile-chrome] › e2e/app-fullstack.spec.ts:137:11 › Public Pages - All Locales › [en] › auth pages load (229ms)
  ✘  4785 [mobile-chrome] › e2e/app-fullstack.spec.ts:61:11 › Public Pages - All Locales › [el] › homepage loads and displays key sections (272ms)
  ✘  4786 [mobile-chrome] › e2e/app-fullstack.spec.ts:137:11 › Public Pages - All Locales › [en] › auth pages load (retry #1) (280ms)
  ✘  4787 [mobile-chrome] › e2e/app-fullstack.spec.ts:61:11 › Public Pages - All Locales › [el] › homepage loads and displays key sections (retry #1) (246ms)
  ✘  4788 [mobile-chrome] › e2e/app-fullstack.spec.ts:70:11 › Public Pages - All Locales › [el] › services page loads (236ms)
  ✘  4789 [mobile-chrome] › e2e/app-fullstack.spec.ts:77:11 › Public Pages - All Locales › [el] › contact page loads with form (223ms)
  ✘  4790 [mobile-chrome] › e2e/app-fullstack.spec.ts:70:11 › Public Pages - All Locales › [el] › services page loads (retry #1) (266ms)
  ✘  4791 [mobile-chrome] › e2e/app-fullstack.spec.ts:77:11 › Public Pages - All Locales › [el] › contact page loads with form (retry #1) (248ms)
  ✘  4792 [mobile-chrome] › e2e/app-fullstack.spec.ts:85:11 › Public Pages - All Locales › [el] › blog page loads (212ms)
  ✘  4793 [mobile-chrome] › e2e/app-fullstack.spec.ts:90:11 › Public Pages - All Locales › [el] › case studies page loads (224ms)
  ✘  4794 [mobile-chrome] › e2e/app-fullstack.spec.ts:85:11 › Public Pages - All Locales › [el] › blog page loads (retry #1) (250ms)
  ✘  4795 [mobile-chrome] › e2e/app-fullstack.spec.ts:90:11 › Public Pages - All Locales › [el] › case studies page loads (retry #1) (253ms)
  ✘  4796 [mobile-chrome] › e2e/app-fullstack.spec.ts:95:11 › Public Pages - All Locales › [el] › privacy page loads (238ms)
  ✘  4797 [mobile-chrome] › e2e/app-fullstack.spec.ts:100:11 › Public Pages - All Locales › [el] › terms page loads (224ms)
  ✘  4798 [mobile-chrome] › e2e/app-fullstack.spec.ts:95:11 › Public Pages - All Locales › [el] › privacy page loads (retry #1) (241ms)
  ✘  4799 [mobile-chrome] › e2e/app-fullstack.spec.ts:100:11 › Public Pages - All Locales › [el] › terms page loads (retry #1) (276ms)
  ✘  4800 [mobile-chrome] › e2e/app-fullstack.spec.ts:105:11 › Public Pages - All Locales › [el] › cookies page loads (214ms)
  ✘  4801 [mobile-chrome] › e2e/app-fullstack.spec.ts:110:11 › Public Pages - All Locales › [el] › accessibility page loads (244ms)
  ✘  4802 [mobile-chrome] › e2e/app-fullstack.spec.ts:105:11 › Public Pages - All Locales › [el] › cookies page loads (retry #1) (264ms)
  ✘  4803 [mobile-chrome] › e2e/app-fullstack.spec.ts:110:11 › Public Pages - All Locales › [el] › accessibility page loads (retry #1) (262ms)
  ✘  4804 [mobile-chrome] › e2e/app-fullstack.spec.ts:115:11 › Public Pages - All Locales › [el] › work/portfolio page loads (247ms)
  ✘  4805 [mobile-chrome] › e2e/app-fullstack.spec.ts:120:11 › Public Pages - All Locales › [el] › dashboard page redirects to login or shows auth required (240ms)
  ✘  4806 [mobile-chrome] › e2e/app-fullstack.spec.ts:115:11 › Public Pages - All Locales › [el] › work/portfolio page loads (retry #1) (254ms)
  ✘  4807 [mobile-chrome] › e2e/app-fullstack.spec.ts:120:11 › Public Pages - All Locales › [el] › dashboard page redirects to login or shows auth required (retry #1) (262ms)
  ✘  4808 [mobile-chrome] › e2e/app-fullstack.spec.ts:137:11 › Public Pages - All Locales › [el] › auth pages load (255ms)
  ✘  4809 [mobile-chrome] › e2e/app-fullstack.spec.ts:61:11 › Public Pages - All Locales › [fr] › homepage loads and displays key sections (275ms)
  ✘  4810 [mobile-chrome] › e2e/app-fullstack.spec.ts:137:11 › Public Pages - All Locales › [el] › auth pages load (retry #1) (261ms)
  ✘  4811 [mobile-chrome] › e2e/app-fullstack.spec.ts:61:11 › Public Pages - All Locales › [fr] › homepage loads and displays key sections (retry #1) (281ms)
  ✘  4812 [mobile-chrome] › e2e/app-fullstack.spec.ts:70:11 › Public Pages - All Locales › [fr] › services page loads (271ms)
  ✘  4813 [mobile-chrome] › e2e/app-fullstack.spec.ts:77:11 › Public Pages - All Locales › [fr] › contact page loads with form (256ms)
  ✘  4814 [mobile-chrome] › e2e/app-fullstack.spec.ts:70:11 › Public Pages - All Locales › [fr] › services page loads (retry #1) (254ms)
  ✘  4815 [mobile-chrome] › e2e/app-fullstack.spec.ts:77:11 › Public Pages - All Locales › [fr] › contact page loads with form (retry #1) (235ms)
  ✘  4816 [mobile-chrome] › e2e/app-fullstack.spec.ts:85:11 › Public Pages - All Locales › [fr] › blog page loads (247ms)
  ✘  4817 [mobile-chrome] › e2e/app-fullstack.spec.ts:90:11 › Public Pages - All Locales › [fr] › case studies page loads (229ms)
  ✘  4818 [mobile-chrome] › e2e/app-fullstack.spec.ts:85:11 › Public Pages - All Locales › [fr] › blog page loads (retry #1) (263ms)
  ✘  4819 [mobile-chrome] › e2e/app-fullstack.spec.ts:90:11 › Public Pages - All Locales › [fr] › case studies page loads (retry #1) (249ms)
  ✘  4820 [mobile-chrome] › e2e/app-fullstack.spec.ts:95:11 › Public Pages - All Locales › [fr] › privacy page loads (228ms)
  ✘  4821 [mobile-chrome] › e2e/app-fullstack.spec.ts:100:11 › Public Pages - All Locales › [fr] › terms page loads (227ms)
  ✘  4822 [mobile-chrome] › e2e/app-fullstack.spec.ts:95:11 › Public Pages - All Locales › [fr] › privacy page loads (retry #1) (253ms)
  ✘  4823 [mobile-chrome] › e2e/app-fullstack.spec.ts:100:11 › Public Pages - All Locales › [fr] › terms page loads (retry #1) (236ms)
  ✘  4824 [mobile-chrome] › e2e/app-fullstack.spec.ts:105:11 › Public Pages - All Locales › [fr] › cookies page loads (224ms)
  ✘  4825 [mobile-chrome] › e2e/app-fullstack.spec.ts:110:11 › Public Pages - All Locales › [fr] › accessibility page loads (232ms)
  ✘  4826 [mobile-chrome] › e2e/app-fullstack.spec.ts:105:11 › Public Pages - All Locales › [fr] › cookies page loads (retry #1) (283ms)
  ✘  4827 [mobile-chrome] › e2e/app-fullstack.spec.ts:110:11 › Public Pages - All Locales › [fr] › accessibility page loads (retry #1) (247ms)
  ✘  4828 [mobile-chrome] › e2e/app-fullstack.spec.ts:115:11 › Public Pages - All Locales › [fr] › work/portfolio page loads (220ms)
  ✘  4829 [mobile-chrome] › e2e/app-fullstack.spec.ts:120:11 › Public Pages - All Locales › [fr] › dashboard page redirects to login or shows auth required (242ms)
  ✘  4830 [mobile-chrome] › e2e/app-fullstack.spec.ts:115:11 › Public Pages - All Locales › [fr] › work/portfolio page loads (retry #1) (256ms)
  ✘  4831 [mobile-chrome] › e2e/app-fullstack.spec.ts:120:11 › Public Pages - All Locales › [fr] › dashboard page redirects to login or shows auth required (retry #1) (242ms)
  ✘  4832 [mobile-chrome] › e2e/app-fullstack.spec.ts:137:11 › Public Pages - All Locales › [fr] › auth pages load (233ms)
  ✘  4833 [mobile-chrome] › e2e/app-fullstack.spec.ts:61:11 › Public Pages - All Locales › [de] › homepage loads and displays key sections (230ms)
  ✘  4834 [mobile-chrome] › e2e/app-fullstack.spec.ts:137:11 › Public Pages - All Locales › [fr] › auth pages load (retry #1) (253ms)
  ✘  4835 [mobile-chrome] › e2e/app-fullstack.spec.ts:61:11 › Public Pages - All Locales › [de] › homepage loads and displays key sections (retry #1) (279ms)
  ✘  4836 [mobile-chrome] › e2e/app-fullstack.spec.ts:70:11 › Public Pages - All Locales › [de] › services page loads (225ms)
  ✘  4837 [mobile-chrome] › e2e/app-fullstack.spec.ts:77:11 › Public Pages - All Locales › [de] › contact page loads with form (247ms)
  ✘  4838 [mobile-chrome] › e2e/app-fullstack.spec.ts:70:11 › Public Pages - All Locales › [de] › services page loads (retry #1) (268ms)
  ✘  4839 [mobile-chrome] › e2e/app-fullstack.spec.ts:77:11 › Public Pages - All Locales › [de] › contact page loads with form (retry #1) (259ms)
  ✘  4840 [mobile-chrome] › e2e/app-fullstack.spec.ts:85:11 › Public Pages - All Locales › [de] › blog page loads (211ms)
  ✘  4841 [mobile-chrome] › e2e/app-fullstack.spec.ts:90:11 › Public Pages - All Locales › [de] › case studies page loads (240ms)
  ✘  4842 [mobile-chrome] › e2e/app-fullstack.spec.ts:85:11 › Public Pages - All Locales › [de] › blog page loads (retry #1) (232ms)
  ✘  4843 [mobile-chrome] › e2e/app-fullstack.spec.ts:90:11 › Public Pages - All Locales › [de] › case studies page loads (retry #1) (265ms)
  ✘  4844 [mobile-chrome] › e2e/app-fullstack.spec.ts:95:11 › Public Pages - All Locales › [de] › privacy page loads (232ms)
  ✘  4845 [mobile-chrome] › e2e/app-fullstack.spec.ts:100:11 › Public Pages - All Locales › [de] › terms page loads (232ms)
  ✘  4846 [mobile-chrome] › e2e/app-fullstack.spec.ts:95:11 › Public Pages - All Locales › [de] › privacy page loads (retry #1) (264ms)
  ✘  4847 [mobile-chrome] › e2e/app-fullstack.spec.ts:100:11 › Public Pages - All Locales › [de] › terms page loads (retry #1) (241ms)
  ✘  4848 [mobile-chrome] › e2e/app-fullstack.spec.ts:105:11 › Public Pages - All Locales › [de] › cookies page loads (221ms)
  ✘  4849 [mobile-chrome] › e2e/app-fullstack.spec.ts:110:11 › Public Pages - All Locales › [de] › accessibility page loads (247ms)
  ✘  4850 [mobile-chrome] › e2e/app-fullstack.spec.ts:105:11 › Public Pages - All Locales › [de] › cookies page loads (retry #1) (257ms)
  ✘  4851 [mobile-chrome] › e2e/app-fullstack.spec.ts:110:11 › Public Pages - All Locales › [de] › accessibility page loads (retry #1) (264ms)
  ✘  4852 [mobile-chrome] › e2e/app-fullstack.spec.ts:115:11 › Public Pages - All Locales › [de] › work/portfolio page loads (256ms)
  ✘  4853 [mobile-chrome] › e2e/app-fullstack.spec.ts:120:11 › Public Pages - All Locales › [de] › dashboard page redirects to login or shows auth required (219ms)
  ✘  4854 [mobile-chrome] › e2e/app-fullstack.spec.ts:115:11 › Public Pages - All Locales › [de] › work/portfolio page loads (retry #1) (239ms)
  ✘  4855 [mobile-chrome] › e2e/app-fullstack.spec.ts:120:11 › Public Pages - All Locales › [de] › dashboard page redirects to login or shows auth required (retry #1) (264ms)
  ✘  4856 [mobile-chrome] › e2e/app-fullstack.spec.ts:137:11 › Public Pages - All Locales › [de] › auth pages load (220ms)
  ✘  4857 [mobile-chrome] › e2e/app-fullstack.spec.ts:158:9 › API Routes Coverage › API route /api/health responds (324ms)
  ✘  4858 [mobile-chrome] › e2e/app-fullstack.spec.ts:137:11 › Public Pages - All Locales › [de] › auth pages load (retry #1) (246ms)
  ✘  4859 [mobile-chrome] › e2e/app-fullstack.spec.ts:158:9 › API Routes Coverage › API route /api/health responds (retry #1) (336ms)
  ✘  4860 [mobile-chrome] › e2e/app-fullstack.spec.ts:158:9 › API Routes Coverage › API route /api/blog responds (319ms)
  ✘  4861 [mobile-chrome] › e2e/app-fullstack.spec.ts:158:9 › API Routes Coverage › API route /api/case-studies responds (322ms)
  ✘  4862 [mobile-chrome] › e2e/app-fullstack.spec.ts:158:9 › API Routes Coverage › API route /api/blog responds (retry #1) (339ms)
  ✘  4863 [mobile-chrome] › e2e/app-fullstack.spec.ts:158:9 › API Routes Coverage › API route /api/case-studies responds (retry #1) (340ms)
  ✘  4864 [mobile-chrome] › e2e/app-fullstack.spec.ts:158:9 › API Routes Coverage › API route /api/testimonials responds (322ms)
  ✘  4865 [mobile-chrome] › e2e/app-fullstack.spec.ts:158:9 › API Routes Coverage › API route /api/services responds (325ms)
  ✘  4866 [mobile-chrome] › e2e/app-fullstack.spec.ts:158:9 › API Routes Coverage › API route /api/testimonials responds (retry #1) (345ms)
  ✘  4867 [mobile-chrome] › e2e/app-fullstack.spec.ts:158:9 › API Routes Coverage › API route /api/services responds (retry #1) (338ms)
  ✘  4868 [mobile-chrome] › e2e/app-fullstack.spec.ts:158:9 › API Routes Coverage › API route /api/faqs responds (322ms)
  ✘  4869 [mobile-chrome] › e2e/app-fullstack.spec.ts:158:9 › API Routes Coverage › API route /api/recommendations responds (326ms)
  ✘  4870 [mobile-chrome] › e2e/app-fullstack.spec.ts:158:9 › API Routes Coverage › API route /api/faqs responds (retry #1) (337ms)
  ✘  4871 [mobile-chrome] › e2e/app-fullstack.spec.ts:158:9 › API Routes Coverage › API route /api/recommendations responds (retry #1) (335ms)
  ✘  4872 [mobile-chrome] › e2e/app-fullstack.spec.ts:158:9 › API Routes Coverage › API route /api/track responds (322ms)
  ✘  4873 [mobile-chrome] › e2e/app-fullstack.spec.ts:181:7 › API Routes Coverage › API route error handling (322ms)
  ✘  4874 [mobile-chrome] › e2e/app-fullstack.spec.ts:158:9 › API Routes Coverage › API route /api/track responds (retry #1) (340ms)
  ✘  4875 [mobile-chrome] › e2e/app-fullstack.spec.ts:181:7 › API Routes Coverage › API route error handling (retry #1) (334ms)
  ✘  4876 [mobile-chrome] › e2e/app-fullstack.spec.ts:187:7 › API Routes Coverage › API route methods validation (320ms)
  ✘  4877 [mobile-chrome] › e2e/app-fullstack.spec.ts:195:7 › Authentication Flow › login page is accessible (234ms)
  ✘  4878 [mobile-chrome] › e2e/app-fullstack.spec.ts:187:7 › API Routes Coverage › API route methods validation (retry #1) (336ms)
  ✘  4879 [mobile-chrome] › e2e/app-fullstack.spec.ts:195:7 › Authentication Flow › login page is accessible (retry #1) (242ms)
  ✘  4880 [mobile-chrome] › e2e/app-fullstack.spec.ts:200:7 › Authentication Flow › register page is accessible (229ms)
  ✘  4881 [mobile-chrome] › e2e/app-fullstack.spec.ts:205:7 › Authentication Flow › sandbox endpoint for auth testing (322ms)
  ✘  4882 [mobile-chrome] › e2e/app-fullstack.spec.ts:200:7 › Authentication Flow › register page is accessible (retry #1) (254ms)
  ✘  4883 [mobile-chrome] › e2e/app-fullstack.spec.ts:205:7 › Authentication Flow › sandbox endpoint for auth testing (retry #1) (337ms)
  ✘  4884 [mobile-chrome] › e2e/app-fullstack.spec.ts:213:7 › Admin Routes › admin routes require authentication (249ms)
  ✘  4885 [mobile-chrome] › e2e/app-fullstack.spec.ts:233:7 › Contact Form API › contact endpoint validates input (322ms)
  ✘  4886 [mobile-chrome] › e2e/app-fullstack.spec.ts:213:7 › Admin Routes › admin routes require authentication (retry #1) (238ms)
  ✘  4887 [mobile-chrome] › e2e/app-fullstack.spec.ts:233:7 › Contact Form API › contact endpoint validates input (retry #1) (348ms)
  ✘  4888 [mobile-chrome] › e2e/app-fullstack.spec.ts:244:7 › Redirects and Navigation › locale redirect works (244ms)
  ✘  4889 [mobile-chrome] › e2e/app-fullstack.spec.ts:249:7 › Redirects and Navigation › navigation between key pages (257ms)
  ✘  4890 [mobile-chrome] › e2e/app-fullstack.spec.ts:244:7 › Redirects and Navigation › locale redirect works (retry #1) (268ms)
  ✘  4891 [mobile-chrome] › e2e/app-fullstack.spec.ts:249:7 › Redirects and Navigation › navigation between key pages (retry #1) (262ms)
  ✘  4892 [mobile-chrome] › e2e/app-fullstack.spec.ts:263:7 › Error Handling › 404 for non-existent pages (250ms)
  ✘  4893 [mobile-chrome] › e2e/app-fullstack.spec.ts:269:7 › Error Handling › not-found page renders (228ms)
  ✘  4894 [mobile-chrome] › e2e/app-fullstack.spec.ts:263:7 › Error Handling › 404 for non-existent pages (retry #1) (255ms)
  ✘  4895 [mobile-chrome] › e2e/app-fullstack.spec.ts:269:7 › Error Handling › not-found page renders (retry #1) (253ms)
  ✘  4896 [mobile-chrome] › e2e/app-fullstack.spec.ts:278:7 › Responsive Design › mobile navigation works (222ms)
  ✘  4897 [mobile-chrome] › e2e/app-fullstack.spec.ts:293:7 › Accessibility › page has proper heading structure (251ms)
  ✘  4898 [mobile-chrome] › e2e/app-fullstack.spec.ts:278:7 › Responsive Design › mobile navigation works (retry #1) (251ms)
  ✘  4899 [mobile-chrome] › e2e/app-fullstack.spec.ts:293:7 › Accessibility › page has proper heading structure (retry #1) (266ms)
  ✘  4900 [mobile-chrome] › e2e/app-fullstack.spec.ts:302:7 › Accessibility › images have alt text or aria-hidden (238ms)
  ✘  4901 [mobile-chrome] › e2e/app-fullstack.spec.ts:317:7 › SEO and Metadata › pages have meta description (218ms)
  ✘  4902 [mobile-chrome] › e2e/app-fullstack.spec.ts:302:7 › Accessibility › images have alt text or aria-hidden (retry #1) (240ms)
  ✘  4903 [mobile-chrome] › e2e/app-fullstack.spec.ts:317:7 › SEO and Metadata › pages have meta description (retry #1) (257ms)
  ✘  4904 [mobile-chrome] › e2e/app-fullstack.spec.ts:328:7 › SEO and Metadata › pages have Open Graph tags (261ms)
  ✘  4905 [mobile-chrome] › e2e/app-fullstack.spec.ts:339:7 › Performance › page loads within acceptable time (240ms)
  ✘  4906 [mobile-chrome] › e2e/app-fullstack.spec.ts:328:7 › SEO and Metadata › pages have Open Graph tags (retry #1) (259ms)
  ✘  4907 [mobile-chrome] › e2e/app-fullstack.spec.ts:339:7 › Performance › page loads within acceptable time (retry #1) (261ms)
  ✘  4908 [mobile-chrome] › e2e/app-fullstack.spec.ts:351:7 › Security Headers › security headers are present (327ms)
  ✘  4909 [mobile-chrome] › e2e/appflowy-cms.spec.ts:39:7 › AppFlowy CMS — /blog › renders the blog header and search input (242ms)
  ✘  4910 [mobile-chrome] › e2e/app-fullstack.spec.ts:351:7 › Security Headers › security headers are present (retry #1) (339ms)
  ✘  4911 [mobile-chrome] › e2e/appflowy-cms.spec.ts:39:7 › AppFlowy CMS — /blog › renders the blog header and search input (retry #1) (238ms)
  ✘  4912 [mobile-chrome] › e2e/appflowy-cms.spec.ts:47:7 › AppFlowy CMS — /blog › lists at least one post card linking to /blog/[slug] (232ms)
  ✘  4913 [mobile-chrome] › e2e/appflowy-cms.spec.ts:56:7 › AppFlowy CMS — /blog › search query is preserved in the input (221ms)
  ✘  4914 [mobile-chrome] › e2e/appflowy-cms.spec.ts:47:7 › AppFlowy CMS — /blog › lists at least one post card linking to /blog/[slug] (retry #1) (241ms)
  ✘  4915 [mobile-chrome] › e2e/appflowy-cms.spec.ts:56:7 › AppFlowy CMS — /blog › search query is preserved in the input (retry #1) (237ms)
  ✘  4916 [mobile-chrome] › e2e/appflowy-cms.spec.ts:61:7 › AppFlowy CMS — /blog › nonexistent search yields empty-state message (224ms)
  ✘  4917 [mobile-chrome] › e2e/appflowy-cms.spec.ts:70:7 › AppFlowy CMS — /blog/[slug] › static fallback post renders an article heading (233ms)
  ✘  4918 [mobile-chrome] › e2e/appflowy-cms.spec.ts:61:7 › AppFlowy CMS — /blog › nonexistent search yields empty-state message (retry #1) (268ms)
  ✘  4919 [mobile-chrome] › e2e/appflowy-cms.spec.ts:70:7 › AppFlowy CMS — /blog/[slug] › static fallback post renders an article heading (retry #1) (242ms)
  ✘  4920 [mobile-chrome] › e2e/appflowy-cms.spec.ts:76:7 › AppFlowy CMS — /blog/[slug] › nonexistent slug renders the 404 page (235ms)
  ✘  4921 [mobile-chrome] › e2e/appflowy-cms.spec.ts:85:7 › AppFlowy CMS — /api/blog/posts contract › returns a non-empty array of posts with required fields (321ms)
  ✘  4922 [mobile-chrome] › e2e/appflowy-cms.spec.ts:76:7 › AppFlowy CMS — /blog/[slug] › nonexistent slug renders the 404 page (retry #1) (241ms)
  ✘  4923 [mobile-chrome] › e2e/appflowy-cms.spec.ts:85:7 › AppFlowy CMS — /api/blog/posts contract › returns a non-empty array of posts with required fields (retry #1) (336ms)
  ✘  4924 [mobile-chrome] › e2e/appflowy-cms.spec.ts:104:7 › AppFlowy CMS — /docs › renders the docs header and search input (232ms)
  ✘  4925 [mobile-chrome] › e2e/appflowy-cms.spec.ts:113:7 › AppFlowy CMS — /docs › renders either category headings or the empty state (230ms)
  ✘  4926 [mobile-chrome] › e2e/appflowy-cms.spec.ts:104:7 › AppFlowy CMS — /docs › renders the docs header and search input (retry #1) (258ms)
  ✘  4927 [mobile-chrome] › e2e/appflowy-cms.spec.ts:113:7 › AppFlowy CMS — /docs › renders either category headings or the empty state (retry #1) (256ms)
  ✘  4928 [mobile-chrome] › e2e/appflowy-cms.spec.ts:120:7 › AppFlowy CMS — /docs › filtering with no matches shows the no-results state (235ms)
  ✘  4929 [mobile-chrome] › e2e/appflowy-cms.spec.ts:130:7 › AppFlowy CMS — /api/docs contract › returns an array (empty or populated) with required fields (320ms)
  ✘  4930 [mobile-chrome] › e2e/appflowy-cms.spec.ts:120:7 › AppFlowy CMS — /docs › filtering with no matches shows the no-results state (retry #1) (231ms)
  ✘  4931 [mobile-chrome] › e2e/appflowy-cms.spec.ts:130:7 › AppFlowy CMS — /api/docs contract › returns an array (empty or populated) with required fields (retry #1) (341ms)
  ✘  4932 [mobile-chrome] › e2e/appflowy-cms.spec.ts:150:7 › AppFlowy CMS — /api/testimonials contract › returns an array with required fields (322ms)
  ✘  4933 [mobile-chrome] › e2e/appflowy-cms.spec.ts:167:7 › AppFlowy CMS — /api/testimonials contract › featured endpoint returns only featured items (322ms)
  ✘  4934 [mobile-chrome] › e2e/appflowy-cms.spec.ts:150:7 › AppFlowy CMS — /api/testimonials contract › returns an array with required fields (retry #1) (334ms)
  ✘  4935 [mobile-chrome] › e2e/appflowy-cms.spec.ts:167:7 › AppFlowy CMS — /api/testimonials contract › featured endpoint returns only featured items (retry #1) (335ms)
  ✘  4936 [mobile-chrome] › e2e/appflowy-cms.spec.ts:180:7 › AppFlowy CMS — testimonials on homepage › homepage renders at least one testimonial quote (229ms)
  ✘  4937 [mobile-chrome] › e2e/appflowy-cms.spec.ts:198:7 › AppFlowy CMS — /services page › renders the services heading (225ms)
  ✘  4938 [mobile-chrome] › e2e/appflowy-cms.spec.ts:180:7 › AppFlowy CMS — testimonials on homepage › homepage renders at least one testimonial quote (retry #1) (238ms)
  ✘  4939 [mobile-chrome] › e2e/appflowy-cms.spec.ts:198:7 › AppFlowy CMS — /services page › renders the services heading (retry #1) (236ms)
  ✘  4940 [mobile-chrome] › e2e/appflowy-cms.spec.ts:206:7 › AppFlowy CMS — /services page › lists service cards on the services page (230ms)
  ✘  4941 [mobile-chrome] › e2e/appflowy-cms.spec.ts:220:7 › AppFlowy CMS — /api/services contract › returns a non-empty array with required fields (321ms)
  ✘  4942 [mobile-chrome] › e2e/appflowy-cms.spec.ts:206:7 › AppFlowy CMS — /services page › lists service cards on the services page (retry #1) (237ms)
  ✘  4943 [mobile-chrome] › e2e/appflowy-cms.spec.ts:220:7 › AppFlowy CMS — /api/services contract › returns a non-empty array with required fields (retry #1) (336ms)
  ✘  4944 [mobile-chrome] › e2e/appflowy-cms.spec.ts:235:7 › AppFlowy CMS — /api/services contract › category filter returns only matching services (321ms)
  ✘  4945 [mobile-chrome] › e2e/appflowy-cms.spec.ts:252:7 › AppFlowy CMS — /api/faqs contract › returns a non-empty array with required fields (321ms)
  ✘  4946 [mobile-chrome] › e2e/appflowy-cms.spec.ts:235:7 › AppFlowy CMS — /api/services contract › category filter returns only matching services (retry #1) (345ms)
  ✘  4947 [mobile-chrome] › e2e/appflowy-cms.spec.ts:252:7 › AppFlowy CMS — /api/faqs contract › returns a non-empty array with required fields (retry #1) (336ms)
  ✘  4948 [mobile-chrome] › e2e/appflowy-cms.spec.ts:266:7 › AppFlowy CMS — /api/faqs contract › category filter returns only matching faqs (322ms)
  ✘  4949 [mobile-chrome] › e2e/appflowy-cms.spec.ts:276:7 › AppFlowy CMS — /api/faqs contract › locale filter returns faqs for that locale or global ones (322ms)
  ✘  4950 [mobile-chrome] › e2e/appflowy-cms.spec.ts:266:7 › AppFlowy CMS — /api/faqs contract › category filter returns only matching faqs (retry #1) (335ms)
  ✘  4951 [mobile-chrome] › e2e/appflowy-cms.spec.ts:276:7 › AppFlowy CMS — /api/faqs contract › locale filter returns faqs for that locale or global ones (retry #1) (337ms)
  ✘  4952 [mobile-chrome] › e2e/appflowy-cms.spec.ts:291:7 › AppFlowy CMS — /case-studies page › renders the case studies heading (229ms)
  ✘  4953 [mobile-chrome] › e2e/appflowy-cms.spec.ts:297:7 › AppFlowy CMS — /case-studies page › lists case studies on the case-studies page (224ms)
  ✘  4954 [mobile-chrome] › e2e/appflowy-cms.spec.ts:291:7 › AppFlowy CMS — /case-studies page › renders the case studies heading (retry #1) (239ms)
  ✘  4955 [mobile-chrome] › e2e/appflowy-cms.spec.ts:297:7 › AppFlowy CMS — /case-studies page › lists case studies on the case-studies page (retry #1) (256ms)
  ✘  4956 [mobile-chrome] › e2e/appflowy-cms.spec.ts:310:7 › AppFlowy CMS — /case-studies/[slug] › static fallback case study renders an article heading (226ms)
  ✘  4957 [mobile-chrome] › e2e/appflowy-cms.spec.ts:316:7 › AppFlowy CMS — /case-studies/[slug] › nonexistent slug renders the 404 page (245ms)
  ✘  4958 [mobile-chrome] › e2e/appflowy-cms.spec.ts:310:7 › AppFlowy CMS — /case-studies/[slug] › static fallback case study renders an article heading (retry #1) (254ms)
  ✘  4959 [mobile-chrome] › e2e/appflowy-cms.spec.ts:316:7 › AppFlowy CMS — /case-studies/[slug] › nonexistent slug renders the 404 page (retry #1) (260ms)
  ✘  4960 [mobile-chrome] › e2e/appflowy-cms.spec.ts:325:7 › AppFlowy CMS — /api/case-studies contract › returns an array with required fields (322ms)
  ✘  4961 [mobile-chrome] › e2e/appflowy-cms.spec.ts:342:7 › AppFlowy CMS — /api/case-studies contract › featured filter returns only featured case studies (325ms)
  ✘  4962 [mobile-chrome] › e2e/appflowy-cms.spec.ts:325:7 › AppFlowy CMS — /api/case-studies contract › returns an array with required fields (retry #1) (338ms)
  ✘  4963 [mobile-chrome] › e2e/appflowy-cms.spec.ts:342:7 › AppFlowy CMS — /api/case-studies contract › featured filter returns only featured case studies (retry #1) (341ms)
  ✘  4964 [mobile-chrome] › e2e/appflowy-cms.spec.ts:353:7 › AppFlowy CMS — /api/case-studies contract › slug endpoint returns a case study or 404 when not found (322ms)
  ✘  4965 [mobile-chrome] › e2e/appflowy-cms.spec.ts:367:7 › AppFlowy CMS — /api/case-studies contract › unknown slug returns 404 (323ms)
  ✘  4966 [mobile-chrome] › e2e/appflowy-cms.spec.ts:353:7 › AppFlowy CMS — /api/case-studies contract › slug endpoint returns a case study or 404 when not found (retry #1) (346ms)
  ✘  4967 [mobile-chrome] › e2e/appflowy-cms.spec.ts:367:7 › AppFlowy CMS — /api/case-studies contract › unknown slug returns 404 (retry #1) (340ms)
  ✓  4968 [mobile-chrome] › e2e/auth-security.spec.ts:5:9 › Auth Security - Module Imports › Auth Middleware › auth-middleware exports required functions (216ms)
  ✓  4969 [mobile-chrome] › e2e/auth-security.spec.ts:24:9 › Auth Security - Module Imports › CSRF Protection › generateCsrfToken produces valid hex tokens (19ms)
  ✓  4970 [mobile-chrome] › e2e/auth-security.spec.ts:39:9 › Auth Security - Module Imports › OpenAPI Documentation › auth-openapi exports valid OpenAPI spec (24ms)
  ✘  4971 [mobile-chrome] › e2e/auth-security.spec.ts:52:9 › Auth Security Features - API Tests › Sandbox Endpoint › sandbox returns 403 in production or 200 in development (321ms)
  ✓  4972 [mobile-chrome] › e2e/auth-security.spec.ts:15:9 › Auth Security - Module Imports › CSRF Protection › csrf module exports required functions (195ms)
  ✘  4973 [mobile-chrome] › e2e/auth-security.spec.ts:60:9 › Auth Security Features - API Tests › Session Management › login endpoint exists and handles requests (327ms)
  ✘  4974 [mobile-chrome] › e2e/auth-security.spec.ts:52:9 › Auth Security Features - API Tests › Sandbox Endpoint › sandbox returns 403 in production or 200 in development (retry #1) (338ms)
  ✘  4975 [mobile-chrome] › e2e/auth-security.spec.ts:60:9 › Auth Security Features - API Tests › Session Management › login endpoint exists and handles requests (retry #1) (421ms)
  ✘  4976 [mobile-chrome] › e2e/auth-security.spec.ts:72:7 › Password Strength Validation - Unit Tests › validatePasswordStrength rejects weak passwords (392ms)
  ✘  4977 [mobile-chrome] › e2e/auth-security.spec.ts:82:7 › Password Strength Validation - Unit Tests › validatePasswordStrength requires special characters (324ms)
  ✘  4978 [mobile-chrome] › e2e/auth-security.spec.ts:72:7 › Password Strength Validation - Unit Tests › validatePasswordStrength rejects weak passwords (retry #1) (339ms)
  ✘  4979 [mobile-chrome] › e2e/auth-security.spec.ts:82:7 › Password Strength Validation - Unit Tests › validatePasswordStrength requires special characters (retry #1) (341ms)
  ✘  4980 [mobile-chrome] › e2e/auth.spec.ts:4:7 › Authentication › homepage is accessible without login (241ms)
  ✘  4981 [mobile-chrome] › e2e/auth.spec.ts:9:7 › Authentication › login page shows email and password fields (246ms)
  ✘  4982 [mobile-chrome] › e2e/auth.spec.ts:4:7 › Authentication › homepage is accessible without login (retry #1) (276ms)
  ✘  4983 [mobile-chrome] › e2e/auth.spec.ts:9:7 › Authentication › login page shows email and password fields (retry #1) (282ms)
  ✘  4984 [mobile-chrome] › e2e/auth.spec.ts:23:7 › Authentication › signup page exposes name, email and password fields (299ms)
  ✘  4985 [mobile-chrome] › e2e/auth.spec.ts:31:7 › Authentication › forgot-password page is reachable from login (268ms)
  ✘  4986 [mobile-chrome] › e2e/auth.spec.ts:23:7 › Authentication › signup page exposes name, email and password fields (retry #1) (289ms)
  ✘  4987 [mobile-chrome] › e2e/auth.spec.ts:31:7 › Authentication › forgot-password page is reachable from login (retry #1) (231ms)
  ✘  4988 [mobile-chrome] › e2e/blog.spec.ts:4:7 › Blog API › GET /api/blog/posts returns posts array (324ms)
  ✘  4989 [mobile-chrome] › e2e/blog.spec.ts:18:7 › Blog pages › blog listing page loads (223ms)
  ✘  4990 [mobile-chrome] › e2e/blog.spec.ts:4:7 › Blog API › GET /api/blog/posts returns posts array (retry #1) (333ms)
  ✘  4991 [mobile-chrome] › e2e/blog.spec.ts:18:7 › Blog pages › blog listing page loads (retry #1) (226ms)
  ✘  4992 [mobile-chrome] › e2e/campaigns-shop-online.spec.ts:4:7 › Shop-online campaign flow › /en/campaigns lists the shop-online campaign (235ms)
  ✘  4993 [mobile-chrome] › e2e/campaigns-shop-online.spec.ts:17:7 › Shop-online campaign flow › /el/campaigns/shop-online renders all three tiers in Greek (239ms)
  ✘  4994 [mobile-chrome] › e2e/campaigns-shop-online.spec.ts:4:7 › Shop-online campaign flow › /en/campaigns lists the shop-online campaign (retry #1) (246ms)
  ✘  4995 [mobile-chrome] › e2e/campaigns-shop-online.spec.ts:17:7 › Shop-online campaign flow › /el/campaigns/shop-online renders all three tiers in Greek (retry #1) (240ms)
  ✘  4996 [mobile-chrome] › e2e/campaigns-shop-online.spec.ts:33:7 › Shop-online campaign flow › each tier CTA links to /api/checkout with campaign+tier params (221ms)
  ✘  4997 [mobile-chrome] › e2e/campaigns-shop-online.spec.ts:49:7 › Shop-online campaign flow › checkout GET stub redirects to thanks page (Stripe unwired branch) (321ms)
  ✘  4998 [mobile-chrome] › e2e/campaigns-shop-online.spec.ts:33:7 › Shop-online campaign flow › each tier CTA links to /api/checkout with campaign+tier params (retry #1) (269ms)
  ✘  4999 [mobile-chrome] › e2e/campaigns-shop-online.spec.ts:49:7 › Shop-online campaign flow › checkout GET stub redirects to thanks page (Stripe unwired branch) (retry #1) (337ms)
  ✘  5000 [mobile-chrome] › e2e/campaigns-shop-online.spec.ts:67:7 › Shop-online campaign flow › thanks page renders with tier + order query params (268ms)
  ✘  5001 [mobile-chrome] › e2e/campaigns-shop-online.spec.ts:80:7 › Shop-online campaign flow › fit-call thanks branch uses the lead-style copy (217ms)
  ✘  5002 [mobile-chrome] › e2e/campaigns-shop-online.spec.ts:67:7 › Shop-online campaign flow › thanks page renders with tier + order query params (retry #1) (243ms)
  ✘  5003 [mobile-chrome] › e2e/campaigns-shop-online.spec.ts:80:7 › Shop-online campaign flow › fit-call thanks branch uses the lead-style copy (retry #1) (248ms)
  ✘  5004 [mobile-chrome] › e2e/campaigns-shop-online.spec.ts:89:7 › Shop-online campaign flow › /api/campaigns/conversion is wired (204 without CAPI creds, 200 with) (322ms)
  ✘  5005 [mobile-chrome] › e2e/campaigns-shop-online.spec.ts:108:7 › Shop-online campaign flow › invalid campaign returns 400 from the checkout GET (321ms)
  ✘  5006 [mobile-chrome] › e2e/campaigns-shop-online.spec.ts:89:7 › Shop-online campaign flow › /api/campaigns/conversion is wired (204 without CAPI creds, 200 with) (retry #1) (335ms)
  ✘  5007 [mobile-chrome] › e2e/campaigns-shop-online.spec.ts:108:7 › Shop-online campaign flow › invalid campaign returns 400 from the checkout GET (retry #1) (342ms)
  ✘  5008 [mobile-chrome] › e2e/campaigns-shop-online.spec.ts:116:7 › Shop-online campaign flow › invalid tier returns 400 from the checkout GET (321ms)
  ✘  5009 [mobile-chrome] › e2e/chat.spec.ts:12:7 › Chat Widget › chat widget is present on page (217ms)
  ✘  5010 [mobile-chrome] › e2e/campaigns-shop-online.spec.ts:116:7 › Shop-online campaign flow › invalid tier returns 400 from the checkout GET (retry #1) (337ms)
  ✘  5011 [mobile-chrome] › e2e/chat.spec.ts:12:7 › Chat Widget › chat widget is present on page (retry #1) (262ms)
  ✘  5012 [mobile-chrome] › e2e/chat.spec.ts:21:7 › Chat Widget › chat API endpoint responds (225ms)
  ✘  5013 [mobile-chrome] › e2e/chat.spec.ts:31:7 › Chat Widget › chat-ai API endpoint responds (218ms)
  ✘  5014 [mobile-chrome] › e2e/chat.spec.ts:21:7 › Chat Widget › chat API endpoint responds (retry #1) (249ms)
  ✘  5015 [mobile-chrome] › e2e/chat.spec.ts:31:7 › Chat Widget › chat-ai API endpoint responds (retry #1) (249ms)
  ✘  5016 [mobile-chrome] › e2e/chat.spec.ts:43:7 › Workers AI Integration › Workers AI doctor endpoint exists (320ms)
  ✓  5017 [mobile-chrome] › e2e/cloudflare-infrastructure.spec.ts:21:8 › Cloudflare Workers health › Workers health endpoint returns 200 with valid payload (672ms)
  ✘  5018 [mobile-chrome] › e2e/chat.spec.ts:43:7 › Workers AI Integration › Workers AI doctor endpoint exists (retry #1) (334ms)
  ✓  5019 [mobile-chrome] › e2e/cloudflare-infrastructure.spec.ts:39:7 › Cloudflare Workers health › Workers auth provider is D1 (not Cognito for local) (242ms)
  ✓  5020 [mobile-chrome] › e2e/cloudflare-infrastructure.spec.ts:88:7 › Cloudflare Workers health › Workers responds via Cloudflare edge (cf-ray header present) (259ms)
  -  5022 [mobile-chrome] › e2e/cloudflare-infrastructure.spec.ts:104:7 › D1 Authentication system › login endpoint accepts credentials and returns session
  -  5023 [mobile-chrome] › e2e/cloudflare-infrastructure.spec.ts:128:7 › D1 Authentication system › register endpoint creates user with email/password
  -  5024 [mobile-chrome] › e2e/cloudflare-infrastructure.spec.ts:141:7 › D1 Authentication system › session endpoint validates auth cookie
  -  5025 [mobile-chrome] › e2e/cloudflare-infrastructure.spec.ts:155:7 › D1 Authentication system › logout endpoint destroys session
  -  5026 [mobile-chrome] › e2e/cloudflare-infrastructure.spec.ts:165:7 › D1 Authentication system › password reset request returns 200 (does not reveal existence)
  -  5027 [mobile-chrome] › e2e/cloudflare-infrastructure.spec.ts:175:7 › D1 Authentication system › reset confirmation validates token structure
  -  5028 [mobile-chrome] › e2e/cloudflare-infrastructure.spec.ts:193:7 › R2 Storage integration › analytics endpoint lists parquet files or returns empty
  -  5029 [mobile-chrome] › e2e/cloudflare-infrastructure.spec.ts:205:7 › R2 Storage integration › static assets route returns 404 for missing files (not 500)
  -  5030 [mobile-chrome] › e2e/cloudflare-infrastructure.spec.ts:213:7 › R2 Storage integration › S3 asset proxy handles range requests
  -  5031 [mobile-chrome] › e2e/cloudflare-infrastructure.spec.ts:236:9 › Cloudflare Tunnel endpoints › oncall.cloudless.gr / responds
  -  5032 [mobile-chrome] › e2e/cloudflare-infrastructure.spec.ts:236:9 › Cloudflare Tunnel endpoints › ntfy.cloudless.gr /v1/health responds
  -  5033 [mobile-chrome] › e2e/cloudflare-infrastructure.spec.ts:236:9 › Cloudflare Tunnel endpoints › ha.cloudless.gr / responds
  -  5034 [mobile-chrome] › e2e/cloudflare-infrastructure.spec.ts:259:7 › Auth system sync (cloud <-> local) › D1 database is shared between Workers instances
  -  5035 [mobile-chrome] › e2e/cloudflare-infrastructure.spec.ts:275:7 › Auth system sync (cloud <-> local) › auth tokens are portable across Workers regions
  -  5036 [mobile-chrome] › e2e/cloudflare-migration-complete.spec.ts:35:7 › Chat endpoint - Workers AI migration › POST /api/chat endpoint exists and responds
  -  5037 [mobile-chrome] › e2e/cloudflare-migration-complete.spec.ts:52:7 › Chat endpoint - Workers AI migration › Chat endpoint handles missing messages array
  -  5038 [mobile-chrome] › e2e/cloudflare-migration-complete.spec.ts:71:7 › Contact endpoint - Email + D1 migration › POST /api/contact endpoint exists and validates
  -  5039 [mobile-chrome] › e2e/cloudflare-migration-complete.spec.ts:86:7 › Contact endpoint - Email + D1 migration › Contact endpoint validates required fields
  -  5040 [mobile-chrome] › e2e/cloudflare-migration-complete.spec.ts:97:7 › Contact endpoint - Email + D1 migration › Contact endpoint validates email format
  -  5041 [mobile-chrome] › e2e/cloudflare-migration-complete.spec.ts:119:7 › Subscribe endpoint - Newsletter migration › POST /api/subscribe endpoint exists and validates
  -  5042 [mobile-chrome] › e2e/cloudflare-migration-complete.spec.ts:130:7 › Subscribe endpoint - Newsletter migration › Subscribe endpoint validates email format
  -  5043 [mobile-chrome] › e2e/cloudflare-migration-complete.spec.ts:141:7 › Subscribe endpoint - Newsletter migration › Subscribe endpoint handles missing email
  -  5044 [mobile-chrome] › e2e/cloudflare-migration-complete.spec.ts:159:7 › Stripe webhook endpoint migration › POST /api/webhooks/stripe endpoint exists
  -  5045 [mobile-chrome] › e2e/cloudflare-migration-complete.spec.ts:177:7 › Checkout endpoint migration › POST /api/checkout endpoint exists
  -  5046 [mobile-chrome] › e2e/cloudflare-migration-complete.spec.ts:195:7 › Services status endpoint › GET /api/services endpoint exists
  -  5047 [mobile-chrome] › e2e/cloudflare-migration-complete.spec.ts:211:7 › Workers Cron Triggers configuration › Health endpoint returns valid JSON with D1 status
  -  5048 [mobile-chrome] › e2e/cloudflare-migration-complete.spec.ts:224:7 › Workers Cron Triggers configuration › Health endpoint indicates dbConnected status
  -  5049 [mobile-chrome] › e2e/cloudflare-migration-complete.spec.ts:240:7 › R2 Storage integration › Static assets endpoint handles requests gracefully
  -  5050 [mobile-chrome] › e2e/cloudflare-migration-complete.spec.ts:249:7 › R2 Storage integration › Analytics parquet endpoint validates filename or returns not found
  -  5051 [mobile-chrome] › e2e/cloudflare-migration-complete.spec.ts:262:7 › R2 Storage integration › Analytics query endpoint exists
  -  5052 [mobile-chrome] › e2e/cloudflare-migration-complete.spec.ts:278:7 › End-to-end migration flows › Auth flow endpoints exist
  -  5053 [mobile-chrome] › e2e/cloudflare-migration-complete.spec.ts:293:7 › End-to-end migration flows › Contact to notification flow exists
  -  5054 [mobile-chrome] › e2e/cloudflare-migration-complete.spec.ts:315:7 › Error handling and fallbacks › Unknown API routes return valid responses
  -  5055 [mobile-chrome] › e2e/cloudflare-migration-complete.spec.ts:324:7 › Error handling and fallbacks › Health endpoint always returns valid JSON
  -  5056 [mobile-chrome] › e2e/cloudflare-migration-complete.spec.ts:333:7 › Error handling and fallbacks › CORS preflight handled for API endpoints
  -  5057 [mobile-chrome] › e2e/cloudflare-migration-complete.spec.ts:354:7 › Worker endpoint implementation verification › All required endpoints are defined in codebase
  -  5058 [mobile-chrome] › e2e/cloudflare-migration-complete.spec.ts:392:7 › Cloudflare-specific functionality › Workers health endpoint returns Cloudflare-specific headers
  -  5059 [mobile-chrome] › e2e/cloudflare-migration-complete.spec.ts:402:7 › Cloudflare-specific functionality › Workers API endpoints use streaming responses
  -  5060 [mobile-chrome] › e2e/cloudflare-migration-complete.spec.ts:412:7 › Cloudflare-specific functionality › Workers API endpoints use D1 database for authentication
  -  5061 [mobile-chrome] › e2e/cloudflare-migration-complete.spec.ts:425:7 › Cloudflare-specific functionality › R2 Storage handles file uploads
  -  5062 [mobile-chrome] › e2e/cloudflare-migration-complete.spec.ts:434:7 › Cloudflare-specific functionality › R2 Storage handles file downloads
  -  5063 [mobile-chrome] › e2e/cloudflare-migration-complete.spec.ts:442:7 › Cloudflare-specific functionality › Cloudflare Tunnel endpoints are accessible
  -  5064 [mobile-chrome] › e2e/cloudflare-migration-complete.spec.ts:467:7 › Cloudflare-specific functionality › Email sending service is configured
  -  5065 [mobile-chrome] › e2e/cloudflare-migration-complete.spec.ts:482:7 › Cloudflare-specific functionality › Email suppression list is working
  -  5066 [mobile-chrome] › e2e/cloudflare-migration-complete.spec.ts:506:7 › D1 Database integration › D1 database is connected and operational
  -  5067 [mobile-chrome] › e2e/cloudflare-migration-complete.spec.ts:518:7 › D1 Database integration › D1 handles user authentication
  -  5068 [mobile-chrome] › e2e/cloudflare-migration-complete.spec.ts:534:7 › D1 Database integration › D1 handles session management
  -  5069 [mobile-chrome] › e2e/cloudflare-migration-complete.spec.ts:550:7 › Workers AI integration › Workers AI chat endpoint responds with AI-generated content
  -  5070 [mobile-chrome] › e2e/cloudflare-migration-complete.spec.ts:565:7 › Workers AI integration › Workers AI handles fallback providers
  -  5071 [mobile-chrome] › e2e/cloudflare-migration-complete.spec.ts:587:7 › Cloudflare Tunnel functionality › Tunnel endpoints are accessible from Cloudflare edge
  -  5072 [mobile-chrome] › e2e/cloudflare-migration-complete.spec.ts:611:7 › Cloudflare Tunnel functionality › Tunnel handles connection resets gracefully
  -  5073 [mobile-chrome] › e2e/cloudflare-migration-complete.spec.ts:630:7 › Cloudflare Email Service integration › Email sending service is configured
  -  5074 [mobile-chrome] › e2e/cloudflare-migration-complete.spec.ts:645:7 › Cloudflare Email Service integration › Email suppression list is working
  -  5075 [mobile-chrome] › e2e/cloudflare-migration-complete.spec.ts:669:7 › Worker bindings configuration › Worker has all required bindings
  -  5076 [mobile-chrome] › e2e/cloudflare-migration-complete.spec.ts:692:7 › Performance metrics › API endpoints respond within acceptable time
  -  5077 [mobile-chrome] › e2e/cloudflare-migration-complete.spec.ts:722:7 › Security headers and policies › API endpoints have proper security headers
  -  5078 [mobile-chrome] › e2e/cloudflare-migration-complete.spec.ts:735:7 › Security headers and policies › API endpoints use HTTPS
  -  5079 [mobile-chrome] › e2e/cloudflare-migration-complete.spec.ts:751:7 › End-to-end migration flows (duplicate block) › Auth flow endpoints exist
  -  5080 [mobile-chrome] › e2e/cloudflare-migration-complete.spec.ts:766:7 › End-to-end migration flows (duplicate block) › Contact to notification flow exists
  -  5081 [mobile-chrome] › e2e/cloudflare-migration-complete.spec.ts:788:7 › Error handling and fallbacks (duplicate block) › Unknown API routes return valid responses
  -  5082 [mobile-chrome] › e2e/cloudflare-migration-complete.spec.ts:797:7 › Error handling and fallbacks (duplicate block) › Health endpoint always returns valid JSON
  -  5083 [mobile-chrome] › e2e/cloudflare-migration-complete.spec.ts:806:7 › Error handling and fallbacks (duplicate block) › CORS preflight handled for API endpoints
  -  5084 [mobile-chrome] › e2e/cloudflare-migration-complete.spec.ts:827:7 › Worker endpoint implementation verification (duplicate block) › All required endpoints are defined in codebase
  -  5085 [mobile-chrome] › e2e/cloudflare-migration-complete.spec.ts:864:7 › Final migration verification › All services are operational
  -  5086 [mobile-chrome] › e2e/cloudflare-migration-complete.spec.ts:898:7 › Final migration verification › All endpoints are behind Cloudflare
  -  5087 [mobile-chrome] › e2e/cloudflare-migration-complete.spec.ts:925:7 › Migration completion verification › All AWS dependencies are removed
  -  5088 [mobile-chrome] › e2e/cloudflare-migration-complete.spec.ts:939:7 › Migration completion verification › All services are using Cloudflare native solutions
  -  5089 [mobile-chrome] › e2e/cloudflare-migration-complete.spec.ts:960:7 › Migration final report › Generate migration report
  -  5090 [mobile-chrome] › e2e/cloudflare-migration-complete.spec.ts:984:7 › Post-migration verification › Verify no AWS resources remain
  -  5091 [mobile-chrome] › e2e/cloudflare-migration-complete.spec.ts:998:7 › Post-migration verification › Verify all services are using Cloudflare
  -  5092 [mobile-chrome] › e2e/cloudflare-migration-complete.spec.ts:1019:7 › Final cleanup verification › Verify no legacy dependencies remain
  -  5093 [mobile-chrome] › e2e/cloudflare-migration-complete.spec.ts:1040:7 › Migration completion › Verify migration is complete
  -  5094 [mobile-chrome] › e2e/cloudflare-migration-complete.spec.ts:1059:7 › Final report generation › Generate final migration report
  -  5095 [mobile-chrome] › e2e/cloudflare-migration-complete.spec.ts:1087:7 › Migration celebration › Celebrate successful migration
  ✘  5096 [mobile-chrome] › e2e/components.spec.ts:14:9 › UI Components › ScrollReveal Component › reveal animation is applied to elements (220ms)
  ✓  5021 [mobile-chrome] › e2e/cloudflare-infrastructure.spec.ts:58:7 › Cloudflare Workers health › Workers responds with cf-ray header (Cloudflare edge proof) (737ms)
  ✘  5098 [mobile-chrome] › e2e/components.spec.ts:21:9 › UI Components › ScrollReveal Component › elements become visible after scroll (268ms)
  ✘  5097 [mobile-chrome] › e2e/components.spec.ts:14:9 › UI Components › ScrollReveal Component › reveal animation is applied to elements (retry #1) (315ms)
  ✘  5099 [mobile-chrome] › e2e/components.spec.ts:21:9 › UI Components › ScrollReveal Component › elements become visible after scroll (retry #1) (268ms)
  ✘  5100 [mobile-chrome] › e2e/components.spec.ts:33:9 › UI Components › StatCounter Component › stat counters are rendered (231ms)
  ✘  5101 [mobile-chrome] › e2e/components.spec.ts:41:9 › UI Components › Social Links Component › social links are present (226ms)
  ✘  5102 [mobile-chrome] › e2e/components.spec.ts:33:9 › UI Components › StatCounter Component › stat counters are rendered (retry #1) (241ms)
  ✘  5103 [mobile-chrome] › e2e/components.spec.ts:41:9 › UI Components › Social Links Component › social links are present (retry #1) (260ms)
  ✘  5104 [mobile-chrome] › e2e/components.spec.ts:49:9 › UI Components › Social Links Component › social links have proper attributes (240ms)
  ✘  5105 [mobile-chrome] › e2e/components.spec.ts:57:9 › UI Components › Navigation › navigation links are present (228ms)
  ✘  5106 [mobile-chrome] › e2e/components.spec.ts:49:9 › UI Components › Social Links Component › social links have proper attributes (retry #1) (235ms)
  ✘  5107 [mobile-chrome] › e2e/components.spec.ts:57:9 › UI Components › Navigation › navigation links are present (retry #1) (250ms)
  ✘  5108 [mobile-chrome] › e2e/components.spec.ts:63:9 › UI Components › Navigation › logo/link to home exists (227ms)
  ✘  5109 [mobile-chrome] › e2e/components.spec.ts:70:9 › UI Components › Buttons and CTAs › primary buttons are styled (217ms)
  ✘  5110 [mobile-chrome] › e2e/components.spec.ts:63:9 › UI Components › Navigation › logo/link to home exists (retry #1) (239ms)
  ✘  5111 [mobile-chrome] › e2e/components.spec.ts:70:9 › UI Components › Buttons and CTAs › primary buttons are styled (retry #1) (260ms)
  ✘  5112 [mobile-chrome] › e2e/components.spec.ts:76:9 › UI Components › Buttons and CTAs › button links are accessible (214ms)
  ✘  5113 [mobile-chrome] › e2e/components.spec.ts:84:9 › UI Components › Form Elements › form inputs have labels or placeholders (214ms)
  ✘  5114 [mobile-chrome] › e2e/components.spec.ts:76:9 › UI Components › Buttons and CTAs › button links are accessible (retry #1) (255ms)
  ✘  5115 [mobile-chrome] › e2e/components.spec.ts:84:9 › UI Components › Form Elements › form inputs have labels or placeholders (retry #1) (262ms)
  ✘  5116 [mobile-chrome] › e2e/components.spec.ts:92:11 › UI Components › Form Elements › form has submit button (245ms)
  ✘  5117 [mobile-chrome] › e2e/components.spec.ts:106:9 › UI Components › Typographic Elements › heading hierarchy exists (236ms)
  ✘  5118 [mobile-chrome] › e2e/components.spec.ts:92:11 › UI Components › Form Elements › form has submit button (retry #1) (249ms)
  ✘  5119 [mobile-chrome] › e2e/components.spec.ts:106:9 › UI Components › Typographic Elements › heading hierarchy exists (retry #1) (258ms)
  ✘  5120 [mobile-chrome] › e2e/components.spec.ts:114:9 › UI Components › Typographic Elements › body text is present (226ms)
  ✘  5121 [mobile-chrome] › e2e/components.spec.ts:122:9 › UI Components › Cards and Sections › content cards are rendered (219ms)
  ✘  5122 [mobile-chrome] › e2e/components.spec.ts:114:9 › UI Components › Typographic Elements › body text is present (retry #1) (244ms)
  ✘  5123 [mobile-chrome] › e2e/components.spec.ts:122:9 › UI Components › Cards and Sections › content cards are rendered (retry #1) (244ms)
  ✘  5124 [mobile-chrome] › e2e/components.spec.ts:128:9 › UI Components › Cards and Sections › sections have proper spacing (234ms)
  ✘  5125 [mobile-chrome] › e2e/components.spec.ts:139:7 › Responsive Components › mobile layout adapts (216ms)
  ✘  5126 [mobile-chrome] › e2e/components.spec.ts:128:9 › UI Components › Cards and Sections › sections have proper spacing (retry #1) (256ms)
  ✘  5127 [mobile-chrome] › e2e/components.spec.ts:139:7 › Responsive Components › mobile layout adapts (retry #1) (201ms)
  ✘  5128 [mobile-chrome] › e2e/components.spec.ts:147:7 › Responsive Components › mobile menu button exists when needed (204ms)
  ✘  5129 [mobile-chrome] › e2e/components.spec.ts:163:7 › Dark Mode / Theme › theme variables are defined (234ms)
  ✘  5130 [mobile-chrome] › e2e/components.spec.ts:147:7 › Responsive Components › mobile menu button exists when needed (retry #1) (224ms)
  ✘  5131 [mobile-chrome] › e2e/components.spec.ts:163:7 › Dark Mode / Theme › theme variables are defined (retry #1) (244ms)
  ✘  5132 [mobile-chrome] › e2e/contact-integrations.spec.ts:4:7 › Contact & Integrations › contact form renders the documented fields (228ms)
  ✘  5133 [mobile-chrome] › e2e/contact-integrations.spec.ts:16:7 › Contact & Integrations › contact form submit posts to /api/contact and shows success (261ms)
  ✘  5134 [mobile-chrome] › e2e/contact-integrations.spec.ts:4:7 › Contact & Integrations › contact form renders the documented fields (retry #1) (267ms)
  ✘  5135 [mobile-chrome] › e2e/contact-integrations.spec.ts:16:7 › Contact & Integrations › contact form submit posts to /api/contact and shows success (retry #1) (258ms)
  ✘  5136 [mobile-chrome] › e2e/contact-integrations.spec.ts:38:7 › Contact & Integrations › legal pages render with a heading (234ms)
  ✘  5137 [mobile-chrome] › e2e/contact.spec.ts:4:7 › Contact form API › POST /api/contact with missing fields returns 400 (319ms)
  ✘  5138 [mobile-chrome] › e2e/contact-integrations.spec.ts:38:7 › Contact & Integrations › legal pages render with a heading (retry #1) (235ms)
  ✘  5139 [mobile-chrome] › e2e/contact.spec.ts:4:7 › Contact form API › POST /api/contact with missing fields returns 400 (retry #1) (334ms)
  ✘  5140 [mobile-chrome] › e2e/contact.spec.ts:13:7 › Contact form API › POST /api/contact with invalid email returns 400 (320ms)
  ✘  5141 [mobile-chrome] › e2e/cookie-consent-flow.spec.ts:26:7 › Cookie consent banner › banner appears on first visit with no consent cookie (237ms)
  ✘  5142 [mobile-chrome] › e2e/contact.spec.ts:13:7 › Contact form API › POST /api/contact with invalid email returns 400 (retry #1) (339ms)
  ✘  5143 [mobile-chrome] › e2e/cookie-consent-flow.spec.ts:26:7 › Cookie consent banner › banner appears on first visit with no consent cookie (retry #1) (280ms)
  ✘  5144 [mobile-chrome] › e2e/cookie-consent-flow.spec.ts:46:7 › Cookie consent banner › clicking Accept All persists a cookieConsent cookie (239ms)
  ✘  5145 [mobile-chrome] › e2e/cookie-consent-flow.spec.ts:69:7 › Cookie consent banner › banner does not reappear on reload after Accept All (259ms)
  ✘  5146 [mobile-chrome] › e2e/cookie-consent-flow.spec.ts:46:7 › Cookie consent banner › clicking Accept All persists a cookieConsent cookie (retry #1) (261ms)
  ✘  5147 [mobile-chrome] › e2e/cookie-consent-flow.spec.ts:69:7 › Cookie consent banner › banner does not reappear on reload after Accept All (retry #1) (238ms)
  ✘  5148 [mobile-chrome] › e2e/coverage.spec.ts:12:9 › Coverage - Full Path Testing › All Public API Endpoints › GET all data endpoints (321ms)
  ✘  5149 [mobile-chrome] › e2e/coverage.spec.ts:32:9 › Coverage - Full Path Testing › All Public API Endpoints › POST all form endpoints (324ms)
  ✘  5150 [mobile-chrome] › e2e/coverage.spec.ts:12:9 › Coverage - Full Path Testing › All Public API Endpoints › GET all data endpoints (retry #1) (335ms)
  ✓  5151 [mobile-chrome] › e2e/coverage.spec.ts:32:9 › Coverage - Full Path Testing › All Public API Endpoints › POST all form endpoints (retry #1) (12.6s)
  ✓  5152 [mobile-chrome] › e2e/coverage.spec.ts:52:9 › Coverage - Full Path Testing › All Page Routes › each locale's homepage (19.4s)
  ✓  5154 [mobile-chrome] › e2e/coverage.spec.ts:84:9 › Coverage - Full Path Testing › Error Path Coverage › API errors handled gracefully (517ms)
  ✓  5155 [mobile-chrome] › e2e/coverage.spec.ts:92:9 › Coverage - Full Path Testing › Error Path Coverage › 404 page renders correctly (991ms)
  ✓  5156 [mobile-chrome] › e2e/coverage.spec.ts:99:9 › Coverage - Full Path Testing › Edge Cases › empty search returns valid response (80ms)
  ✓  5157 [mobile-chrome] › e2e/coverage.spec.ts:104:9 › Coverage - Full Path Testing › Edge Cases › large data set endpoints (3.0s)
  ✘  5158 [mobile-chrome] › e2e/coverage.spec.ts:111:9 › Coverage - Full Path Testing › Authentication Flow Coverage › auth pages load without credentials (573ms)
  ✘  5153 [mobile-chrome] › e2e/coverage.spec.ts:61:9 › Coverage - Full Path Testing › All Page Routes › all locale subdirectories (12.2s)
  ✓  5159 [mobile-chrome] › e2e/coverage.spec.ts:111:9 › Coverage - Full Path Testing › Authentication Flow Coverage › auth pages load without credentials (retry #1) (10.5s)
  ✓  5161 [mobile-chrome] › e2e/coverage.spec.ts:116:9 › Coverage - Full Path Testing › Authentication Flow Coverage › protected admin pages redirect (1.6s)
  ✓  5162 [mobile-chrome] › e2e/coverage.spec.ts:124:7 › Integration Coverage › newsletter signup flow (1.2s)
  ✓  5163 [mobile-chrome] › e2e/coverage.spec.ts:128:7 › Integration Coverage › contact form validation paths (2.6s)
  ✓  5164 [mobile-chrome] › e2e/coverage.spec.ts:133:7 › Integration Coverage › language switching coverage (2.5s)
  ✓  5165 [mobile-chrome] › e2e/cron-deep.spec.ts:14:7 › /api/cron/calendar-digest — without auth rejected (568ms)
  ✓  5166 [mobile-chrome] › e2e/cron-deep.spec.ts:19:7 › /api/cron/calendar-digest — wrong Bearer rejected (225ms)
  ✓  5167 [mobile-chrome] › e2e/cron-deep.spec.ts:27:7 › /api/cron/calendar-digest — empty Bearer rejected (266ms)
  ✓  5168 [mobile-chrome] › e2e/cron-deep.spec.ts:35:7 › /api/cron/calendar-digest — POST without auth rejected (281ms)
  ✓  5169 [mobile-chrome] › e2e/cron-deep.spec.ts:14:7 › /api/cron/report-cleanup — without auth rejected (287ms)
  ✓  5170 [mobile-chrome] › e2e/cron-deep.spec.ts:19:7 › /api/cron/report-cleanup — wrong Bearer rejected (274ms)
  ✓  5171 [mobile-chrome] › e2e/cron-deep.spec.ts:27:7 › /api/cron/report-cleanup — empty Bearer rejected (250ms)
  ✓  5172 [mobile-chrome] › e2e/cron-deep.spec.ts:35:7 › /api/cron/report-cleanup — POST without auth rejected (225ms)
  ✓  5173 [mobile-chrome] › e2e/cron-deep.spec.ts:14:7 › /api/cron/slack-digest — without auth rejected (256ms)
  ✓  5174 [mobile-chrome] › e2e/cron-deep.spec.ts:19:7 › /api/cron/slack-digest — wrong Bearer rejected (173ms)
  ✓  5175 [mobile-chrome] › e2e/cron-deep.spec.ts:27:7 › /api/cron/slack-digest — empty Bearer rejected (206ms)
  ✓  5176 [mobile-chrome] › e2e/cron-deep.spec.ts:35:7 › /api/cron/slack-digest — POST without auth rejected (176ms)
  ✓  5177 [mobile-chrome] › e2e/cron-deep.spec.ts:14:7 › /api/cron/voice-brief — without auth rejected (234ms)
  ✓  5178 [mobile-chrome] › e2e/cron-deep.spec.ts:19:7 › /api/cron/voice-brief — wrong Bearer rejected (303ms)
  ✓  5179 [mobile-chrome] › e2e/cron-deep.spec.ts:27:7 › /api/cron/voice-brief — empty Bearer rejected (259ms)
  ✓  5180 [mobile-chrome] › e2e/cron-deep.spec.ts:35:7 › /api/cron/voice-brief — POST without auth rejected (282ms)
  ✓  5181 [mobile-chrome] › e2e/cron-deep.spec.ts:14:7 › /api/cron/analytics-rollup — without auth rejected (284ms)
  ✓  5182 [mobile-chrome] › e2e/cron-deep.spec.ts:19:7 › /api/cron/analytics-rollup — wrong Bearer rejected (255ms)
  ✓  5183 [mobile-chrome] › e2e/cron-deep.spec.ts:27:7 › /api/cron/analytics-rollup — empty Bearer rejected (250ms)
  ✓  5184 [mobile-chrome] › e2e/cron-deep.spec.ts:35:7 › /api/cron/analytics-rollup — POST without auth rejected (307ms)
  -  5185 [mobile-chrome] › e2e/cron-deep.spec.ts:49:9 › Cron with valid CRON_SECRET › /api/cron/calendar-digest — valid Bearer accepted
  -  5186 [mobile-chrome] › e2e/cron-deep.spec.ts:49:9 › Cron with valid CRON_SECRET › /api/cron/report-cleanup — valid Bearer accepted
  -  5187 [mobile-chrome] › e2e/cron-deep.spec.ts:49:9 › Cron with valid CRON_SECRET › /api/cron/slack-digest — valid Bearer accepted
  -  5188 [mobile-chrome] › e2e/cron-deep.spec.ts:49:9 › Cron with valid CRON_SECRET › /api/cron/voice-brief — valid Bearer accepted
  -  5189 [mobile-chrome] › e2e/cron-deep.spec.ts:49:9 › Cron with valid CRON_SECRET › /api/cron/analytics-rollup — valid Bearer accepted
  ✓  5190 [mobile-chrome] › e2e/customer-behavior.spec.ts:18:7 › Homepage › renders hero heading and title (2.1s)
  ✓  5191 [mobile-chrome] › e2e/customer-behavior.spec.ts:24:7 › Homepage › main landmark is present (2.5s)
  -  5192 [mobile-chrome] › e2e/customer-behavior.spec.ts:29:7 › Homepage › desktop: navigation bar shows core links
  -  5193 [mobile-chrome] › e2e/customer-behavior.spec.ts:38:7 › Homepage › desktop: homepage → services navigation works
  -  5194 [mobile-chrome] › e2e/customer-behavior.spec.ts:51:7 › Homepage › desktop: homepage → store navigation works
  -  5195 [mobile-chrome] › e2e/customer-behavior.spec.ts:64:7 › Homepage › desktop: homepage → blog navigation works
  ✘  5196 [mobile-chrome] › e2e/customer-behavior.spec.ts:82:7 › Services page › renders h1 and service section headings (250ms)
  ✘  5197 [mobile-chrome] › e2e/customer-behavior.spec.ts:82:7 › Services page › renders h1 and service section headings (retry #1) (279ms)
  ✓  5160 [mobile-chrome] › e2e/coverage.spec.ts:61:9 › Coverage - Full Path Testing › All Page Routes › all locale subdirectories (retry #1) (31.8s)
  ✘  5198 [mobile-chrome] › e2e/customer-behavior.spec.ts:97:7 › Services page › CTA links to contact or auth (308ms)
  ✘  5199 [mobile-chrome] › e2e/customer-behavior.spec.ts:89:7 › Services page › has a contact / book a call CTA (270ms)
  ✘  5200 [mobile-chrome] › e2e/customer-behavior.spec.ts:97:7 › Services page › CTA links to contact or auth (retry #1) (290ms)
  ✘  5201 [mobile-chrome] › e2e/customer-behavior.spec.ts:89:7 › Services page › has a contact / book a call CTA (retry #1) (283ms)
  ✘  5202 [mobile-chrome] › e2e/customer-behavior.spec.ts:108:7 › Store – product listing › renders h1 (240ms)
  ✘  5203 [mobile-chrome] › e2e/customer-behavior.spec.ts:113:7 › Store – product listing › shows at least one product with a price (223ms)
  ✘  5204 [mobile-chrome] › e2e/customer-behavior.spec.ts:108:7 › Store – product listing › renders h1 (retry #1) (248ms)
  ✘  5205 [mobile-chrome] › e2e/customer-behavior.spec.ts:113:7 › Store – product listing › shows at least one product with a price (retry #1) (264ms)
  ✘  5206 [mobile-chrome] › e2e/customer-behavior.spec.ts:119:7 › Store – product listing › clicking a product card navigates to product detail (232ms)
  ✘  5207 [mobile-chrome] › e2e/customer-behavior.spec.ts:141:7 › Store – product detail › Cloud Architecture Audit shows name, price, and add-to-cart button (237ms)
  ✘  5208 [mobile-chrome] › e2e/customer-behavior.spec.ts:119:7 › Store – product listing › clicking a product card navigates to product detail (retry #1) (278ms)
  ✘  5209 [mobile-chrome] › e2e/customer-behavior.spec.ts:141:7 › Store – product detail › Cloud Architecture Audit shows name, price, and add-to-cart button (retry #1) (279ms)
  ✘  5210 [mobile-chrome] › e2e/customer-behavior.spec.ts:148:7 › Store – product detail › digital product detail renders correctly (254ms)
  -  5211 [mobile-chrome] › e2e/customer-behavior.spec.ts:154:7 › Store – product detail › product breadcrumb has a link back to the Store
  ✘  5212 [mobile-chrome] › e2e/customer-behavior.spec.ts:163:7 › Store – product detail › related products section is rendered (210ms)
  ✘  5213 [mobile-chrome] › e2e/customer-behavior.spec.ts:148:7 › Store – product detail › digital product detail renders correctly (retry #1) (268ms)
  ✘  5214 [mobile-chrome] › e2e/customer-behavior.spec.ts:163:7 › Store – product detail › related products section is rendered (retry #1) (286ms)
  ✘  5215 [mobile-chrome] › e2e/customer-behavior.spec.ts:169:7 › Store – product detail › non-existent product ID renders a not-found page (277ms)
  ✘  5216 [mobile-chrome] › e2e/customer-behavior.spec.ts:184:7 › Store – checkout API › POST /api/checkout without productId returns 4xx (328ms)
  ✘  5217 [mobile-chrome] › e2e/customer-behavior.spec.ts:169:7 › Store – product detail › non-existent product ID renders a not-found page (retry #1) (272ms)
  ✘  5218 [mobile-chrome] › e2e/customer-behavior.spec.ts:184:7 › Store – checkout API › POST /api/checkout without productId returns 4xx (retry #1) (337ms)
  ✘  5219 [mobile-chrome] › e2e/customer-behavior.spec.ts:190:7 › Store – checkout API › POST /api/checkout with unknown productId returns 4xx (322ms)
  ✘  5220 [mobile-chrome] › e2e/customer-behavior.spec.ts:201:7 › Order success page › renders a confirmation heading (212ms)
  ✘  5221 [mobile-chrome] › e2e/customer-behavior.spec.ts:190:7 › Store – checkout API › POST /api/checkout with unknown productId returns 4xx (retry #1) (335ms)
  ✘  5222 [mobile-chrome] › e2e/customer-behavior.spec.ts:201:7 › Order success page › renders a confirmation heading (retry #1) (280ms)
  ✘  5223 [mobile-chrome] › e2e/customer-behavior.spec.ts:207:7 › Order success page › has a link back to store or home (247ms)
  ✘  5224 [mobile-chrome] › e2e/customer-behavior.spec.ts:214:7 › Order success page › page body mentions order, confirmation, or thank-you (248ms)
  ✘  5225 [mobile-chrome] › e2e/customer-behavior.spec.ts:207:7 › Order success page › has a link back to store or home (retry #1) (254ms)
  ✘  5226 [mobile-chrome] › e2e/customer-behavior.spec.ts:214:7 › Order success page › page body mentions order, confirmation, or thank-you (retry #1) (251ms)
  ✘  5227 [mobile-chrome] › e2e/customer-behavior.spec.ts:225:7 › Blog › renders h1 and article list (239ms)
  ✘  5228 [mobile-chrome] › e2e/customer-behavior.spec.ts:230:7 › Blog › at least one article link is present (232ms)
  ✘  5229 [mobile-chrome] › e2e/customer-behavior.spec.ts:225:7 › Blog › renders h1 and article list (retry #1) (256ms)
  ✘  5230 [mobile-chrome] › e2e/customer-behavior.spec.ts:230:7 › Blog › at least one article link is present (retry #1) (249ms)
  ✘  5231 [mobile-chrome] › e2e/customer-behavior.spec.ts:246:7 › Blog › clicking a blog post navigates to the article page (216ms)
  ✘  5232 [mobile-chrome] › e2e/customer-behavior.spec.ts:268:7 › Docs › docs index renders a heading (253ms)
  ✘  5233 [mobile-chrome] › e2e/customer-behavior.spec.ts:246:7 › Blog › clicking a blog post navigates to the article page (retry #1) (271ms)
  ✘  5234 [mobile-chrome] › e2e/customer-behavior.spec.ts:268:7 › Docs › docs index renders a heading (retry #1) (252ms)
  ✘  5235 [mobile-chrome] › e2e/customer-behavior.spec.ts:277:7 › Contact form › renders name, email, and message fields plus Send Message button (237ms)
  ✘  5236 [mobile-chrome] › e2e/customer-behavior.spec.ts:286:7 › Contact form › submitting empty form stays on contact page (HTML5 validation) (251ms)
  ✘  5237 [mobile-chrome] › e2e/customer-behavior.spec.ts:277:7 › Contact form › renders name, email, and message fields plus Send Message button (retry #1) (238ms)
  ✘  5238 [mobile-chrome] › e2e/customer-behavior.spec.ts:286:7 › Contact form › submitting empty form stays on contact page (HTML5 validation) (retry #1) (277ms)
  ✘  5239 [mobile-chrome] › e2e/customer-behavior.spec.ts:292:7 › Contact form › typing a valid message into all fields is possible (248ms)
  ✘  5240 [mobile-chrome] › e2e/customer-behavior.spec.ts:305:7 › Contact form API › missing name returns 400 (322ms)
  ✘  5241 [mobile-chrome] › e2e/customer-behavior.spec.ts:292:7 › Contact form › typing a valid message into all fields is possible (retry #1) (225ms)
  ✘  5242 [mobile-chrome] › e2e/customer-behavior.spec.ts:305:7 › Contact form API › missing name returns 400 (retry #1) (337ms)
  ✘  5243 [mobile-chrome] › e2e/customer-behavior.spec.ts:313:7 › Contact form API › invalid email returns 400 (321ms)
  ✘  5244 [mobile-chrome] › e2e/customer-behavior.spec.ts:321:7 › Contact form API › missing message returns 400 (321ms)
  ✘  5245 [mobile-chrome] › e2e/customer-behavior.spec.ts:313:7 › Contact form API › invalid email returns 400 (retry #1) (342ms)
  ✘  5246 [mobile-chrome] › e2e/customer-behavior.spec.ts:321:7 › Contact form API › missing message returns 400 (retry #1) (336ms)
  ✘  5247 [mobile-chrome] › e2e/customer-behavior.spec.ts:329:7 › Contact form API › valid submission passes validation (not 4xx except rate-limit) @mutating (322ms)
  ✘  5248 [mobile-chrome] › e2e/customer-behavior.spec.ts:348:7 › Auth – Login page › renders email, password fields and Sign In button (256ms)
  ✘  5249 [mobile-chrome] › e2e/customer-behavior.spec.ts:329:7 › Contact form API › valid submission passes validation (not 4xx except rate-limit) @mutating (retry #1) (337ms)
  ✘  5250 [mobile-chrome] › e2e/customer-behavior.spec.ts:348:7 › Auth – Login page › renders email, password fields and Sign In button (retry #1) (261ms)
  ✘  5251 [mobile-chrome] › e2e/customer-behavior.spec.ts:356:7 › Auth – Login page › has a Create Account signup link (228ms)
  ✘  5252 [mobile-chrome] › e2e/customer-behavior.spec.ts:362:7 › Auth – Login page › has a Forgot Password link (239ms)
  ✘  5253 [mobile-chrome] › e2e/customer-behavior.spec.ts:356:7 › Auth – Login page › has a Create Account signup link (retry #1) (263ms)
  ✘  5254 [mobile-chrome] › e2e/customer-behavior.spec.ts:362:7 › Auth – Login page › has a Forgot Password link (retry #1) (255ms)
  ✘  5255 [mobile-chrome] › e2e/customer-behavior.spec.ts:372:7 › Auth – Login page › submitting blank stays on login page (230ms)
  ✘  5256 [mobile-chrome] › e2e/customer-behavior.spec.ts:381:7 › Auth – Signup page › renders Full Name, email, password fields and Create Account button (236ms)
  ✘  5257 [mobile-chrome] › e2e/customer-behavior.spec.ts:372:7 › Auth – Login page › submitting blank stays on login page (retry #1) (269ms)
  ✘  5258 [mobile-chrome] › e2e/customer-behavior.spec.ts:381:7 › Auth – Signup page › renders Full Name, email, password fields and Create Account button (retry #1) (246ms)
  ✘  5259 [mobile-chrome] › e2e/customer-behavior.spec.ts:389:7 › Auth – Signup page › has a Sign In link back to login (219ms)
  ✘  5260 [mobile-chrome] › e2e/customer-behavior.spec.ts:399:7 › Auth – Signup page › password mismatch shows an error (229ms)
  ✘  5261 [mobile-chrome] › e2e/customer-behavior.spec.ts:389:7 › Auth – Signup page › has a Sign In link back to login (retry #1) (244ms)
  ✘  5262 [mobile-chrome] › e2e/customer-behavior.spec.ts:399:7 › Auth – Signup page › password mismatch shows an error (retry #1) (248ms)
  ✘  5263 [mobile-chrome] › e2e/customer-behavior.spec.ts:412:7 › Auth – Forgot Password page › renders email input and a submit button (245ms)
  ✘  5264 [mobile-chrome] › e2e/customer-behavior.spec.ts:423:7 › Newsletter subscribe API › valid email returns non-500 @mutating (325ms)
  ✘  5265 [mobile-chrome] › e2e/customer-behavior.spec.ts:412:7 › Auth – Forgot Password page › renders email input and a submit button (retry #1) (248ms)
  ✘  5266 [mobile-chrome] › e2e/customer-behavior.spec.ts:423:7 › Newsletter subscribe API › valid email returns non-500 @mutating (retry #1) (338ms)
  ✘  5267 [mobile-chrome] › e2e/customer-behavior.spec.ts:430:7 › Newsletter subscribe API › invalid email returns 400 (320ms)
  ✘  5268 [mobile-chrome] › e2e/customer-behavior.spec.ts:438:7 › Newsletter subscribe API › missing email returns 400 (321ms)
  ✘  5269 [mobile-chrome] › e2e/customer-behavior.spec.ts:430:7 › Newsletter subscribe API › invalid email returns 400 (retry #1) (339ms)
  ✘  5270 [mobile-chrome] › e2e/customer-behavior.spec.ts:438:7 › Newsletter subscribe API › missing email returns 400 (retry #1) (337ms)
  ✘  5271 [mobile-chrome] › e2e/customer-behavior.spec.ts:448:7 › Unsubscribe API › missing email returns 400 (321ms)
  ✘  5272 [mobile-chrome] › e2e/customer-behavior.spec.ts:458:7 › Calendar booking API › GET /api/calendar/availability returns JSON (200 or 503) (324ms)
  ✘  5273 [mobile-chrome] › e2e/customer-behavior.spec.ts:448:7 › Unsubscribe API › missing email returns 400 (retry #1) (346ms)
  ✘  5274 [mobile-chrome] › e2e/customer-behavior.spec.ts:458:7 › Calendar booking API › GET /api/calendar/availability returns JSON (200 or 503) (retry #1) (336ms)
  ✘  5275 [mobile-chrome] › e2e/customer-behavior.spec.ts:467:7 › Calendar booking API › POST /api/calendar/book without required fields returns 4xx or 503 (322ms)
  ✘  5276 [mobile-chrome] › e2e/customer-behavior.spec.ts:478:7 › Portal – unauthenticated › portal/waiting renders without crashing (216ms)
  ✘  5277 [mobile-chrome] › e2e/customer-behavior.spec.ts:467:7 › Calendar booking API › POST /api/calendar/book without required fields returns 4xx or 503 (retry #1) (336ms)
  ✘  5278 [mobile-chrome] › e2e/customer-behavior.spec.ts:478:7 › Portal – unauthenticated › portal/waiting renders without crashing (retry #1) (254ms)
  ✘  5279 [mobile-chrome] › e2e/customer-behavior.spec.ts:483:7 › Portal – unauthenticated › portal with fake token does not 500 (211ms)
  ✘  5280 [mobile-chrome] › e2e/customer-behavior.spec.ts:498:9 › Legal pages › Privacy page renders h1 (250ms)
  ✘  5281 [mobile-chrome] › e2e/customer-behavior.spec.ts:483:7 › Portal – unauthenticated › portal with fake token does not 500 (retry #1) (227ms)
  ✘  5282 [mobile-chrome] › e2e/customer-behavior.spec.ts:498:9 › Legal pages › Privacy page renders h1 (retry #1) (249ms)
  ✘  5283 [mobile-chrome] › e2e/customer-behavior.spec.ts:498:9 › Legal pages › Terms page renders h1 (238ms)
  ✘  5284 [mobile-chrome] › e2e/customer-behavior.spec.ts:498:9 › Legal pages › Cookies page renders h1 (256ms)
  ✘  5285 [mobile-chrome] › e2e/customer-behavior.spec.ts:498:9 › Legal pages › Terms page renders h1 (retry #1) (271ms)
  ✘  5286 [mobile-chrome] › e2e/customer-behavior.spec.ts:498:9 › Legal pages › Cookies page renders h1 (retry #1) (271ms)
  ✘  5287 [mobile-chrome] › e2e/customer-behavior.spec.ts:498:9 › Legal pages › Refund page renders h1 (241ms)
  ✘  5288 [mobile-chrome] › e2e/customer-behavior.spec.ts:508:7 › Internationalisation › Greek locale /el renders without crashing (251ms)
  ✘  5289 [mobile-chrome] › e2e/customer-behavior.spec.ts:498:9 › Legal pages › Refund page renders h1 (retry #1) (266ms)
  ✘  5290 [mobile-chrome] › e2e/customer-behavior.spec.ts:508:7 › Internationalisation › Greek locale /el renders without crashing (retry #1) (314ms)
  ✘  5291 [mobile-chrome] › e2e/customer-behavior.spec.ts:513:7 › Internationalisation › both /en and /el homepages have an h1 (237ms)
  ✘  5292 [mobile-chrome] › e2e/customer-behavior.spec.ts:527:7 › 404 handling › unknown route returns 404 status (238ms)
  ✘  5293 [mobile-chrome] › e2e/customer-behavior.spec.ts:513:7 › Internationalisation › both /en and /el homepages have an h1 (retry #1) (303ms)
  ✘  5294 [mobile-chrome] › e2e/customer-behavior.spec.ts:527:7 › 404 handling › unknown route returns 404 status (retry #1) (272ms)
  ✘  5295 [mobile-chrome] › e2e/customer-behavior.spec.ts:532:7 › 404 handling › 404 page has a message and a home link (234ms)
  ✘  5296 [mobile-chrome] › e2e/customer-behavior.spec.ts:544:7 › End-to-end visitor journeys › visitor reads services then reaches contact page via direct URL (253ms)
  ✘  5297 [mobile-chrome] › e2e/customer-behavior.spec.ts:532:7 › 404 handling › 404 page has a message and a home link (retry #1) (243ms)
  ✘  5298 [mobile-chrome] › e2e/customer-behavior.spec.ts:544:7 › End-to-end visitor journeys › visitor reads services then reaches contact page via direct URL (retry #1) (266ms)
  ✘  5299 [mobile-chrome] › e2e/customer-behavior.spec.ts:554:7 › End-to-end visitor journeys › visitor browses store grid and opens a product (224ms)
  ✘  5300 [mobile-chrome] › e2e/customer-behavior.spec.ts:563:7 › End-to-end visitor journeys › visitor reads a blog post from the blog index (229ms)
  ✘  5301 [mobile-chrome] › e2e/customer-behavior.spec.ts:554:7 › End-to-end visitor journeys › visitor browses store grid and opens a product (retry #1) (235ms)
  ✘  5302 [mobile-chrome] › e2e/customer-behavior.spec.ts:563:7 › End-to-end visitor journeys › visitor reads a blog post from the blog index (retry #1) (284ms)
  ✘  5303 [mobile-chrome] › e2e/customer-behavior.spec.ts:583:7 › End-to-end visitor journeys › visitor fills the contact form and sees the send button (219ms)
  ✘  5304 [mobile-chrome] › e2e/customer-journey.spec.ts:4:7 › Customer Journey › homepage shows hero heading and main landmark (223ms)
  ✘  5305 [mobile-chrome] › e2e/customer-behavior.spec.ts:583:7 › End-to-end visitor journeys › visitor fills the contact form and sees the send button (retry #1) (250ms)
  ✘  5306 [mobile-chrome] › e2e/customer-journey.spec.ts:4:7 › Customer Journey › homepage shows hero heading and main landmark (retry #1) (256ms)
  ✘  5307 [mobile-chrome] › e2e/customer-journey.spec.ts:11:7 › Customer Journey › services page renders an h1 (239ms)
  ✘  5308 [mobile-chrome] › e2e/customer-journey.spec.ts:16:7 › Customer Journey › store page renders an h1 (246ms)
  ✘  5309 [mobile-chrome] › e2e/customer-journey.spec.ts:11:7 › Customer Journey › services page renders an h1 (retry #1) (251ms)
  ✘  5310 [mobile-chrome] › e2e/customer-journey.spec.ts:16:7 › Customer Journey › store page renders an h1 (retry #1) (248ms)
  ✘  5311 [mobile-chrome] › e2e/customer-journey.spec.ts:21:7 › Customer Journey › blog page renders an h1 (240ms)
  ✘  5312 [mobile-chrome] › e2e/customer-journey.spec.ts:26:7 › Customer Journey › contact page renders the form (252ms)
  ✘  5313 [mobile-chrome] › e2e/customer-journey.spec.ts:21:7 › Customer Journey › blog page renders an h1 (retry #1) (284ms)
  -  5314 [mobile-chrome] › e2e/dashboard-authenticated-journey.spec.mts:55:5 › Authenticated dashboard journey › Dashboard home (/en/dashboard) renders without redirect to login
  -  5315 [mobile-chrome] › e2e/dashboard-authenticated-journey.spec.mts:55:5 › Authenticated dashboard journey › Consultations (/en/dashboard/consultations) renders without redirect to login
  -  5316 [mobile-chrome] › e2e/dashboard-authenticated-journey.spec.mts:55:5 › Authenticated dashboard journey › Profile (/en/dashboard/profile) renders without redirect to login
  -  5317 [mobile-chrome] › e2e/dashboard-authenticated-journey.spec.mts:55:5 › Authenticated dashboard journey › Purchases (/en/dashboard/purchases) renders without redirect to login
  -  5318 [mobile-chrome] › e2e/dashboard-authenticated-journey.spec.mts:55:5 › Authenticated dashboard journey › Settings (/en/dashboard/settings) renders without redirect to login
  -  5319 [mobile-chrome] › e2e/dashboard-authenticated-journey.spec.mts:70:3 › Authenticated dashboard journey › session persists across multiple navigations
  ✘  5320 [mobile-chrome] › e2e/customer-journey.spec.ts:26:7 › Customer Journey › contact page renders the form (retry #1) (257ms)
  ✘  5321 [mobile-chrome] › e2e/dashboard-deep.spec.mts:32:5 › Dashboard unauthenticated › unauth /en/dashboard — redirects to login or shows sign-in CTA (225ms)
  ✘  5322 [mobile-chrome] › e2e/dashboard-deep.spec.mts:32:5 › Dashboard unauthenticated › unauth /en/dashboard/consultations — redirects to login or shows sign-in CTA (257ms)
  ✘  5323 [mobile-chrome] › e2e/dashboard-deep.spec.mts:32:5 › Dashboard unauthenticated › unauth /en/dashboard — redirects to login or shows sign-in CTA (retry #1) (241ms)
  ✘  5324 [mobile-chrome] › e2e/dashboard-deep.spec.mts:32:5 › Dashboard unauthenticated › unauth /en/dashboard/consultations — redirects to login or shows sign-in CTA (retry #1) (246ms)
  ✘  5325 [mobile-chrome] › e2e/dashboard-deep.spec.mts:32:5 › Dashboard unauthenticated › unauth /en/dashboard/profile — redirects to login or shows sign-in CTA (238ms)
  ✘  5326 [mobile-chrome] › e2e/dashboard-deep.spec.mts:32:5 › Dashboard unauthenticated › unauth /en/dashboard/purchases — redirects to login or shows sign-in CTA (247ms)
  ✘  5327 [mobile-chrome] › e2e/dashboard-deep.spec.mts:32:5 › Dashboard unauthenticated › unauth /en/dashboard/profile — redirects to login or shows sign-in CTA (retry #1) (272ms)
  ✘  5328 [mobile-chrome] › e2e/dashboard-deep.spec.mts:32:5 › Dashboard unauthenticated › unauth /en/dashboard/purchases — redirects to login or shows sign-in CTA (retry #1) (299ms)
  ✘  5329 [mobile-chrome] › e2e/dashboard-deep.spec.mts:32:5 › Dashboard unauthenticated › unauth /en/dashboard/settings — redirects to login or shows sign-in CTA (243ms)
  -  5330 [mobile-chrome] › e2e/dashboard-deep.spec.mts:61:5 › Dashboard authenticated › auth /en/dashboard — renders dashboard content
  -  5332 [mobile-chrome] › e2e/dashboard-deep.spec.mts:61:5 › Dashboard authenticated › auth /en/dashboard/consultations — renders dashboard content
  -  5333 [mobile-chrome] › e2e/dashboard-deep.spec.mts:61:5 › Dashboard authenticated › auth /en/dashboard/profile — renders dashboard content
  ✘  5331 [mobile-chrome] › e2e/dashboard-deep.spec.mts:32:5 › Dashboard unauthenticated › unauth /en/dashboard/settings — redirects to login or shows sign-in CTA (retry #1) (292ms)
  -  5334 [mobile-chrome] › e2e/dashboard-deep.spec.mts:61:5 › Dashboard authenticated › auth /en/dashboard/purchases — renders dashboard content
  -  5335 [mobile-chrome] › e2e/dashboard-deep.spec.mts:87:5 › Dashboard authenticated › auth /api/user/consultations — returns < 500 for authenticated user
  -  5336 [mobile-chrome] › e2e/dashboard-deep.spec.mts:87:5 › Dashboard authenticated › auth /api/user/purchases — returns < 500 for authenticated user
  -  5338 [mobile-chrome] › e2e/dashboard-deep.spec.mts:87:5 › Dashboard authenticated › auth /api/newsletter/send — returns < 500 for authenticated user
  -  5337 [mobile-chrome] › e2e/dashboard-deep.spec.mts:61:5 › Dashboard authenticated › auth /en/dashboard/settings — renders dashboard content
  ✘  5339 [mobile-chrome] › e2e/dashboard-deep.spec.mts:96:5 › User APIs without auth › unauth GET /api/user/consultations — returns 401/403 (520ms)
  ✘  5340 [mobile-chrome] › e2e/dashboard-deep.spec.mts:96:5 › User APIs without auth › unauth GET /api/user/purchases — returns 401/403 (528ms)
  ✘  5341 [mobile-chrome] › e2e/dashboard-deep.spec.mts:96:5 › User APIs without auth › unauth GET /api/user/consultations — returns 401/403 (retry #1) (579ms)
  ✘  5342 [mobile-chrome] › e2e/dashboard-deep.spec.mts:96:5 › User APIs without auth › unauth GET /api/user/purchases — returns 401/403 (retry #1) (561ms)
  ✘  5343 [mobile-chrome] › e2e/dashboard-gaps-sweep.spec.ts:33:9 › Dashboard sub-pages (unauthenticated) › /en/dashboard/consultations — redirects to login or renders sign-in CTA (243ms)
  ✘  5344 [mobile-chrome] › e2e/dashboard-deep.spec.mts:96:5 › User APIs without auth › unauth GET /api/newsletter/send — returns 401/403 (556ms)
  ✘  5345 [mobile-chrome] › e2e/dashboard-gaps-sweep.spec.ts:33:9 › Dashboard sub-pages (unauthenticated) › /en/dashboard/consultations — redirects to login or renders sign-in CTA (retry #1) (291ms)
  ✘  5347 [mobile-chrome] › e2e/dashboard-gaps-sweep.spec.ts:33:9 › Dashboard sub-pages (unauthenticated) › /en/dashboard/profile — redirects to login or renders sign-in CTA (215ms)
  ✘  5346 [mobile-chrome] › e2e/dashboard-deep.spec.mts:96:5 › User APIs without auth › unauth GET /api/newsletter/send — returns 401/403 (retry #1) (578ms)
  ✘  5348 [mobile-chrome] › e2e/dashboard-gaps-sweep.spec.ts:33:9 › Dashboard sub-pages (unauthenticated) › /en/dashboard/profile — redirects to login or renders sign-in CTA (retry #1) (257ms)
  ✘  5349 [mobile-chrome] › e2e/dashboard-gaps-sweep.spec.ts:33:9 › Dashboard sub-pages (unauthenticated) › /en/dashboard/purchases — redirects to login or renders sign-in CTA (265ms)
  ✘  5350 [mobile-chrome] › e2e/dashboard-gaps-sweep.spec.ts:33:9 › Dashboard sub-pages (unauthenticated) › /en/dashboard/settings — redirects to login or renders sign-in CTA (255ms)
  ✘  5351 [mobile-chrome] › e2e/dashboard-gaps-sweep.spec.ts:33:9 › Dashboard sub-pages (unauthenticated) › /en/dashboard/purchases — redirects to login or renders sign-in CTA (retry #1) (271ms)
  ✘  5352 [mobile-chrome] › e2e/dashboard-gaps-sweep.spec.ts:33:9 › Dashboard sub-pages (unauthenticated) › /en/dashboard/settings — redirects to login or renders sign-in CTA (retry #1) (280ms)
  ✘  5353 [mobile-chrome] › e2e/dashboard-gaps-sweep.spec.ts:66:7 › /auth/post-login bridge route › renders without 5xx for unauthenticated users (262ms)
  ✘  5354 [mobile-chrome] › e2e/dashboard.spec.ts:4:7 › Dashboard › login page is accessible (252ms)
  ✘  5355 [mobile-chrome] › e2e/dashboard-gaps-sweep.spec.ts:66:7 › /auth/post-login bridge route › renders without 5xx for unauthenticated users (retry #1) (278ms)
  ✘  5356 [mobile-chrome] › e2e/dashboard.spec.ts:4:7 › Dashboard › login page is accessible (retry #1) (312ms)
  ✘  5357 [mobile-chrome] › e2e/dashboard.spec.ts:13:7 › Dashboard › /dashboard redirects unauthenticated users to login (268ms)
  ✘  5359 [mobile-chrome] › e2e/dashboard.spec.ts:13:7 › Dashboard › /dashboard redirects unauthenticated users to login (retry #1) (264ms)
  -  5358 [mobile-chrome] › e2e/dynamic-detail-pages.spec.ts:41:7 › Dynamic public detail pages › /blog/[slug] — known post
  -  5360 [mobile-chrome] › e2e/dynamic-detail-pages.spec.ts:58:7 › Dynamic public detail pages › /case-studies/[slug] — known
  ✘  5361 [mobile-chrome] › e2e/dynamic-detail-pages.spec.ts:49:7 › Dynamic public detail pages › /blog/[slug] — unknown slug returns documented 404 (256ms)
  ✘  5362 [mobile-chrome] › e2e/dynamic-detail-pages.spec.ts:66:7 › Dynamic public detail pages › /case-studies/[slug] — unknown slug (219ms)
  ✘  5363 [mobile-chrome] › e2e/dynamic-detail-pages.spec.ts:49:7 › Dynamic public detail pages › /blog/[slug] — unknown slug returns documented 404 (retry #1) (299ms)
  ✘  5364 [mobile-chrome] › e2e/dynamic-detail-pages.spec.ts:66:7 › Dynamic public detail pages › /case-studies/[slug] — unknown slug (retry #1) (299ms)
  ✘  5366 [mobile-chrome] › e2e/dynamic-detail-pages.spec.ts:80:7 › Dynamic public detail pages › /docs/[slug] — unknown slug (258ms)
  -  5365 [mobile-chrome] › e2e/dynamic-detail-pages.spec.ts:72:7 › Dynamic public detail pages › /docs/[slug] — known
  ✘  5367 [mobile-chrome] › e2e/dynamic-detail-pages.spec.ts:86:7 › Dynamic public detail pages › /store/[id] — fallback when product list empty (515ms)
  ✘  5368 [mobile-chrome] › e2e/dynamic-detail-pages.spec.ts:80:7 › Dynamic public detail pages › /docs/[slug] — unknown slug (retry #1) (266ms)
  ✘  5370 [mobile-chrome] › e2e/dynamic-detail-pages.spec.ts:102:7 › Admin detail routes › /admin/reports/[id] — gated on admin auth (274ms)
  ✘  5369 [mobile-chrome] › e2e/dynamic-detail-pages.spec.ts:86:7 › Dynamic public detail pages › /store/[id] — fallback when product list empty (retry #1) (609ms)
  ✘  5371 [mobile-chrome] › e2e/dynamic-detail-pages.spec.ts:102:7 › Admin detail routes › /admin/reports/[id] — gated on admin auth (retry #1) (314ms)
  ✘  5372 [mobile-chrome] › e2e/encryption-compression.spec.ts:18:9 › compression — HTTP responses are compressed when client supports it › gzip is offered for /en (323ms)
  ✘  5373 [mobile-chrome] › e2e/encryption-compression.spec.ts:33:9 › compression — HTTP responses are compressed when client supports it › brotli is offered for /en when client supports it (325ms)
  ✘  5374 [mobile-chrome] › e2e/encryption-compression.spec.ts:18:9 › compression — HTTP responses are compressed when client supports it › gzip is offered for /en (retry #1) (336ms)
  ✘  5375 [mobile-chrome] › e2e/encryption-compression.spec.ts:33:9 › compression — HTTP responses are compressed when client supports it › brotli is offered for /en when client supports it (retry #1) (339ms)
  ✘  5376 [mobile-chrome] › e2e/encryption-compression.spec.ts:18:9 › compression — HTTP responses are compressed when client supports it › gzip is offered for /api/health (323ms)
  ✘  5377 [mobile-chrome] › e2e/encryption-compression.spec.ts:33:9 › compression — HTTP responses are compressed when client supports it › brotli is offered for /api/health when client supports it (324ms)
  ✘  5378 [mobile-chrome] › e2e/encryption-compression.spec.ts:18:9 › compression — HTTP responses are compressed when client supports it › gzip is offered for /api/health (retry #1) (340ms)
  ✘  5379 [mobile-chrome] › e2e/encryption-compression.spec.ts:33:9 › compression — HTTP responses are compressed when client supports it › brotli is offered for /api/health when client supports it (retry #1) (340ms)
  ✘  5380 [mobile-chrome] › e2e/encryption-compression.spec.ts:46:7 › compression — HTTP responses are compressed when client supports it › response body for /en is materially compressible (>2KB) (324ms)
  ✘  5381 [mobile-chrome] › e2e/encryption-compression.spec.ts:60:7 › encryption — HTTPS posture and secret-leak protection › HSTS is preload-eligible (max-age + includeSubDomains + preload) (322ms)
  ✘  5382 [mobile-chrome] › e2e/encryption-compression.spec.ts:46:7 › compression — HTTP responses are compressed when client supports it › response body for /en is materially compressible (>2KB) (retry #1) (335ms)
  ✘  5383 [mobile-chrome] › e2e/encryption-compression.spec.ts:60:7 › encryption — HTTPS posture and secret-leak protection › HSTS is preload-eligible (max-age + includeSubDomains + preload) (retry #1) (337ms)
  ✘  5384 [mobile-chrome] › e2e/encryption-compression.spec.ts:73:7 › encryption — HTTPS posture and secret-leak protection › the app never echoes raw upstream error text in /api/admin/notion/status (323ms)
  ✘  5385 [mobile-chrome] › e2e/encryption-compression.spec.ts:89:7 › encryption — HTTPS posture and secret-leak protection › CSP report endpoint accepts violations without echoing user input (327ms)
  ✘  5386 [mobile-chrome] › e2e/encryption-compression.spec.ts:73:7 › encryption — HTTPS posture and secret-leak protection › the app never echoes raw upstream error text in /api/admin/notion/status (retry #1) (336ms)
  ✘  5387 [mobile-chrome] › e2e/encryption-compression.spec.ts:89:7 › encryption — HTTPS posture and secret-leak protection › CSP report endpoint accepts violations without echoing user input (retry #1) (339ms)
  ✘  5388 [mobile-chrome] › e2e/encryption-compression.spec.ts:108:7 › encryption — HTTPS posture and secret-leak protection › response body length for /api/health is small + cacheable (325ms)
  ✘  5389 [mobile-chrome] › e2e/encryption-compression.spec.ts:126:7 › encryption — HTTPS posture and secret-leak protection › X-Powered-By is suppressed across multiple routes (consistent posture) (324ms)
  ✘  5390 [mobile-chrome] › e2e/encryption-compression.spec.ts:108:7 › encryption — HTTPS posture and secret-leak protection › response body length for /api/health is small + cacheable (retry #1) (335ms)
  -  5391 [mobile-chrome] › e2e/fly-proxy.spec.ts:22:7 › Fly.io Proxy Health › proxy /health endpoint returns 200 with failover status
  -  5392 [mobile-chrome] › e2e/fly-proxy.spec.ts:36:7 › Fly.io Proxy Health › proxy reports correct backend configuration
  -  5393 [mobile-chrome] › e2e/fly-proxy.spec.ts:44:7 › Fly.io Proxy Health › proxy HTTP endpoint responds (no HTTPS required)
  -  5394 [mobile-chrome] › e2e/fly-proxy.spec.ts:58:7 › HA Failover Behavior › proxy routes to health-checkable backend
  -  5395 [mobile-chrome] › e2e/fly-proxy.spec.ts:68:7 › HA Failover Behavior › proxy preserves request headers to backend
  -  5396 [mobile-chrome] › e2e/fly-proxy.spec.ts:80:7 › HA Failover Behavior › proxy handles POST requests with body
  -  5397 [mobile-chrome] › e2e/fly-proxy.spec.ts:95:7 › HA Failover Behavior › proxy strips hop-by-hop headers
  -  5398 [mobile-chrome] › e2e/fly-proxy.spec.ts:105:7 › HA Failover Behavior › proxy follows redirects from backend
  -  5399 [mobile-chrome] › e2e/fly-proxy.spec.ts:115:7 › HA Failover Behavior › proxy handles slow backend gracefully
  -  5400 [mobile-chrome] › e2e/fly-proxy.spec.ts:129:7 › HA Failover Behavior › proxy failover latency < 5s from primary
  -  5401 [mobile-chrome] › e2e/fly-proxy.spec.ts:151:9 › Fly.io endpoint passthrough › passthrough /api/health
  -  5402 [mobile-chrome] › e2e/fly-proxy.spec.ts:151:9 › Fly.io endpoint passthrough › passthrough /api/services
  -  5403 [mobile-chrome] › e2e/fly-proxy.spec.ts:151:9 › Fly.io endpoint passthrough › passthrough /api/blog/posts
  -  5404 [mobile-chrome] › e2e/fly-proxy.spec.ts:165:7 › Fly.io endpoint passthrough › POST /api/checkout passthrough works
  -  5405 [mobile-chrome] › e2e/fly-proxy.spec.ts:180:7 › Fly.io connection resilience › concurrent requests handled
  -  5406 [mobile-chrome] › e2e/fly-proxy.spec.ts:196:7 › Fly.io connection resilience › connection reuse on warm requests
  ✘  5407 [mobile-chrome] › e2e/encryption-compression.spec.ts:126:7 › encryption — HTTPS posture and secret-leak protection › X-Powered-By is suppressed across multiple routes (consistent posture) (retry #1) (337ms)
  ✘  5408 [mobile-chrome] › e2e/form-submission-flows.spec.ts:24:7 › Contact form (/en/contact) › submitting empty form keeps the user on the contact page (228ms)
  ✘  5409 [mobile-chrome] › e2e/form-submission-flows.spec.ts:40:7 › Contact form (/en/contact) › well-formed submit hits /api/contact and gets a non-5xx (262ms)
  ✘  5410 [mobile-chrome] › e2e/form-submission-flows.spec.ts:24:7 › Contact form (/en/contact) › submitting empty form keeps the user on the contact page (retry #1) (262ms)
  ✘  5411 [mobile-chrome] › e2e/form-submission-flows.spec.ts:40:7 › Contact form (/en/contact) › well-formed submit hits /api/contact and gets a non-5xx (retry #1) (276ms)
  ✘  5412 [mobile-chrome] › e2e/form-submission-flows.spec.ts:77:7 › Signup form (/en/auth/signup) › empty submit stays on the signup page (229ms)
  ✘  5413 [mobile-chrome] › e2e/form-submission-flows.spec.ts:93:7 › Signup form (/en/auth/signup) › mismatched passwords do not navigate away (242ms)
  ✘  5414 [mobile-chrome] › e2e/form-submission-flows.spec.ts:77:7 › Signup form (/en/auth/signup) › empty submit stays on the signup page (retry #1) (265ms)
  ✘  5415 [mobile-chrome] › e2e/form-submission-flows.spec.ts:93:7 › Signup form (/en/auth/signup) › mismatched passwords do not navigate away (retry #1) (255ms)
  ✘  5416 [mobile-chrome] › e2e/form-submission-flows.spec.ts:126:7 › Forgot-password form (/en/auth/forgot-password) › empty submit keeps the user on the page (245ms)
  ✘  5417 [mobile-chrome] › e2e/form-submission-flows.spec.ts:142:7 › Forgot-password form (/en/auth/forgot-password) › well-formed email does not produce a 5xx (250ms)
  ✘  5418 [mobile-chrome] › e2e/form-submission-flows.spec.ts:126:7 › Forgot-password form (/en/auth/forgot-password) › empty submit keeps the user on the page (retry #1) (258ms)
  ✘  5419 [mobile-chrome] › e2e/form-submission-flows.spec.ts:142:7 › Forgot-password form (/en/auth/forgot-password) › well-formed email does not produce a 5xx (retry #1) (293ms)
  ✘  5420 [mobile-chrome] › e2e/fullstack-frontend-backend.spec.ts:56:9 › Full-stack frontend coverage › public route responds and renders main content: /en (260ms)
  -  5421 [mobile-chrome] › e2e/fullstack-frontend-backend.spec.ts:56:9 › Full-stack frontend coverage › public route responds and renders main content: /en/services
  -  5422 [mobile-chrome] › e2e/fullstack-frontend-backend.spec.ts:56:9 › Full-stack frontend coverage › public route responds and renders main content: /en/store
  -  5423 [mobile-chrome] › e2e/fullstack-frontend-backend.spec.ts:56:9 › Full-stack frontend coverage › public route responds and renders main content: /en/blog
  -  5424 [mobile-chrome] › e2e/fullstack-frontend-backend.spec.ts:56:9 › Full-stack frontend coverage › public route responds and renders main content: /en/contact
  -  5425 [mobile-chrome] › e2e/fullstack-frontend-backend.spec.ts:56:9 › Full-stack frontend coverage › public route responds and renders main content: /en/docs
  -  5426 [mobile-chrome] › e2e/fullstack-frontend-backend.spec.ts:56:9 › Full-stack frontend coverage › public route responds and renders main content: /en/privacy
  -  5427 [mobile-chrome] › e2e/fullstack-frontend-backend.spec.ts:56:9 › Full-stack frontend coverage › public route responds and renders main content: /en/terms
  -  5428 [mobile-chrome] › e2e/fullstack-frontend-backend.spec.ts:56:9 › Full-stack frontend coverage › public route responds and renders main content: /en/refund
  -  5429 [mobile-chrome] › e2e/fullstack-frontend-backend.spec.ts:56:9 › Full-stack frontend coverage › public route responds and renders main content: /en/cookies
  -  5430 [mobile-chrome] › e2e/fullstack-frontend-backend.spec.ts:56:9 › Full-stack frontend coverage › public route responds and renders main content: /el
  -  5431 [mobile-chrome] › e2e/fullstack-frontend-backend.spec.ts:56:9 › Full-stack frontend coverage › public route responds and renders main content: /fr
  -  5432 [mobile-chrome] › e2e/fullstack-frontend-backend.spec.ts:56:9 › Full-stack frontend coverage › public route responds and renders main content: /de
  -  5433 [mobile-chrome] › e2e/fullstack-frontend-backend.spec.ts:70:7 › Full-stack frontend coverage › dashboard route is protected and redirects unauthenticated users
  -  5434 [mobile-chrome] › e2e/fullstack-frontend-backend.spec.ts:79:7 › Full-stack frontend coverage › admin route is protected and redirects unauthenticated users
  -  5435 [mobile-chrome] › e2e/fullstack-frontend-backend.spec.ts:90:7 › Full-stack backend coverage › health endpoint returns status payload
  -  5436 [mobile-chrome] › e2e/fullstack-frontend-backend.spec.ts:100:7 › Full-stack backend coverage › blog posts endpoint responds successfully
  -  5437 [mobile-chrome] › e2e/fullstack-frontend-backend.spec.ts:108:7 › Full-stack backend coverage › contact endpoint validates required fields
  -  5438 [mobile-chrome] › e2e/fullstack-frontend-backend.spec.ts:113:7 › Full-stack backend coverage › subscribe endpoint rejects invalid email
  -  5439 [mobile-chrome] › e2e/fullstack-frontend-backend.spec.ts:120:7 › Full-stack backend coverage › checkout endpoint rejects empty cart
  -  5440 [mobile-chrome] › e2e/fullstack-frontend-backend.spec.ts:125:7 › Full-stack backend coverage › user purchases endpoint requires authentication
  -  5441 [mobile-chrome] › e2e/fullstack-frontend-backend.spec.ts:130:7 › Full-stack backend coverage › user consultations endpoint requires authentication
  -  5442 [mobile-chrome] › e2e/fullstack-frontend-backend.spec.ts:135:7 › Full-stack backend coverage › admin orders endpoint blocks unauthenticated access
  ✘  5443 [mobile-chrome] › e2e/github-agentic-workflows.spec.ts:27:11 › GitHub Agentic Workflows - Infrastructure › Agentic Workflow Files › workflow ci-babysitter-agentic.yml has valid YAML structure (6ms)
  ✘  5445 [mobile-chrome] › e2e/github-agentic-workflows.spec.ts:27:11 › GitHub Agentic Workflows - Infrastructure › Agentic Workflow Files › workflow ci-babysitter-agentic.yml has valid YAML structure (retry #1) (5ms)
  ✘  5444 [mobile-chrome] › e2e/fullstack-frontend-backend.spec.ts:56:9 › Full-stack frontend coverage › public route responds and renders main content: /en (retry #1) (262ms)
  -  5446 [mobile-chrome] › e2e/fullstack-frontend-backend.spec.ts:56:9 › Full-stack frontend coverage › public route responds and renders main content: /en/services (retry #1)
  -  5447 [mobile-chrome] › e2e/fullstack-frontend-backend.spec.ts:56:9 › Full-stack frontend coverage › public route responds and renders main content: /en/store (retry #1)
  -  5448 [mobile-chrome] › e2e/fullstack-frontend-backend.spec.ts:56:9 › Full-stack frontend coverage › public route responds and renders main content: /en/blog (retry #1)
  -  5449 [mobile-chrome] › e2e/fullstack-frontend-backend.spec.ts:56:9 › Full-stack frontend coverage › public route responds and renders main content: /en/contact (retry #1)
  -  5450 [mobile-chrome] › e2e/fullstack-frontend-backend.spec.ts:56:9 › Full-stack frontend coverage › public route responds and renders main content: /en/docs (retry #1)
  -  5451 [mobile-chrome] › e2e/fullstack-frontend-backend.spec.ts:56:9 › Full-stack frontend coverage › public route responds and renders main content: /en/privacy (retry #1)
  -  5452 [mobile-chrome] › e2e/fullstack-frontend-backend.spec.ts:56:9 › Full-stack frontend coverage › public route responds and renders main content: /en/terms (retry #1)
  -  5453 [mobile-chrome] › e2e/fullstack-frontend-backend.spec.ts:56:9 › Full-stack frontend coverage › public route responds and renders main content: /en/refund (retry #1)
  -  5454 [mobile-chrome] › e2e/fullstack-frontend-backend.spec.ts:56:9 › Full-stack frontend coverage › public route responds and renders main content: /en/cookies (retry #1)
  -  5455 [mobile-chrome] › e2e/fullstack-frontend-backend.spec.ts:56:9 › Full-stack frontend coverage › public route responds and renders main content: /el (retry #1)
  -  5456 [mobile-chrome] › e2e/fullstack-frontend-backend.spec.ts:56:9 › Full-stack frontend coverage › public route responds and renders main content: /fr (retry #1)
  -  5457 [mobile-chrome] › e2e/fullstack-frontend-backend.spec.ts:56:9 › Full-stack frontend coverage › public route responds and renders main content: /de (retry #1)
  -  5458 [mobile-chrome] › e2e/fullstack-frontend-backend.spec.ts:70:7 › Full-stack frontend coverage › dashboard route is protected and redirects unauthenticated users (retry #1)
  -  5459 [mobile-chrome] › e2e/fullstack-frontend-backend.spec.ts:79:7 › Full-stack frontend coverage › admin route is protected and redirects unauthenticated users (retry #1)
  -  5460 [mobile-chrome] › e2e/fullstack-frontend-backend.spec.ts:90:7 › Full-stack backend coverage › health endpoint returns status payload (retry #1)
  -  5461 [mobile-chrome] › e2e/fullstack-frontend-backend.spec.ts:100:7 › Full-stack backend coverage › blog posts endpoint responds successfully (retry #1)
  -  5462 [mobile-chrome] › e2e/fullstack-frontend-backend.spec.ts:108:7 › Full-stack backend coverage › contact endpoint validates required fields (retry #1)
  -  5463 [mobile-chrome] › e2e/fullstack-frontend-backend.spec.ts:113:7 › Full-stack backend coverage › subscribe endpoint rejects invalid email (retry #1)
  -  5464 [mobile-chrome] › e2e/fullstack-frontend-backend.spec.ts:120:7 › Full-stack backend coverage › checkout endpoint rejects empty cart (retry #1)
  -  5465 [mobile-chrome] › e2e/fullstack-frontend-backend.spec.ts:125:7 › Full-stack backend coverage › user purchases endpoint requires authentication (retry #1)
  -  5466 [mobile-chrome] › e2e/fullstack-frontend-backend.spec.ts:130:7 › Full-stack backend coverage › user consultations endpoint requires authentication (retry #1)
  -  5467 [mobile-chrome] › e2e/fullstack-frontend-backend.spec.ts:135:7 › Full-stack backend coverage › admin orders endpoint blocks unauthenticated access (retry #1)
  ✘  5468 [mobile-chrome] › e2e/github-agentic-workflows.spec.ts:27:11 › GitHub Agentic Workflows - Infrastructure › Agentic Workflow Files › workflow pr-review-agentic.yml has valid YAML structure (5ms)
  ✓  5469 [mobile-chrome] › e2e/github-agentic-workflows.spec.ts:50:9 › GitHub Agentic Workflows - Infrastructure › Agentic Review Script › pr-review-agentic.mjs exists and is valid (5ms)
  ✓  5470 [mobile-chrome] › e2e/github-agentic-workflows.spec.ts:71:9 › GitHub Agentic Workflows - Infrastructure › CI Babysitter Script › ci-babysitter.mjs exists and is valid (1ms)
  ✘  5471 [mobile-chrome] › e2e/github-agentic-workflows.spec.ts:92:9 › GitHub Agentic Workflows - Infrastructure › Security Architecture › workflows follow read-only token pattern (1ms)
  ✘  5472 [mobile-chrome] › e2e/github-agentic-workflows.spec.ts:27:11 › GitHub Agentic Workflows - Infrastructure › Agentic Workflow Files › workflow pr-review-agentic.yml has valid YAML structure (retry #1) (5ms)
  ✘  5473 [mobile-chrome] › e2e/github-agentic-workflows.spec.ts:92:9 › GitHub Agentic Workflows - Infrastructure › Security Architecture › workflows follow read-only token pattern (retry #1) (3ms)
  ✘  5475 [mobile-chrome] › e2e/github-agentic-workflows.spec.ts:106:9 › GitHub Agentic Workflows - Infrastructure › Security Architecture › no hard-coded API keys in workflow files (2ms)
  ✘  5474 [mobile-chrome] › e2e/health.spec.ts:10:7 › Health API › GET /api/health returns 200 with status payload (323ms)
  ✘  5476 [mobile-chrome] › e2e/github-agentic-workflows.spec.ts:106:9 › GitHub Agentic Workflows - Infrastructure › Security Architecture › no hard-coded API keys in workflow files (retry #1) (2ms)
  ✘  5477 [mobile-chrome] › e2e/health.spec.ts:10:7 › Health API › GET /api/health returns 200 with status payload (retry #1) (339ms)
  ✘  5478 [mobile-chrome] › e2e/health.spec.ts:22:7 › Health API › health response is fresh (timestamp within last 10s) (322ms)
  ✘  5479 [mobile-chrome] › e2e/homepage.spec.ts:4:7 › Homepage › loads with correct title (221ms)
  ✘  5480 [mobile-chrome] › e2e/health.spec.ts:22:7 › Health API › health response is fresh (timestamp within last 10s) (retry #1) (339ms)
  ✘  5481 [mobile-chrome] › e2e/homepage.spec.ts:4:7 › Homepage › loads with correct title (retry #1) (270ms)
  ✘  5482 [mobile-chrome] › e2e/homepage.spec.ts:9:7 › Homepage › has no broken internal links on homepage (4xx) (258ms)
  ✘  5483 [mobile-chrome] › e2e/homepage.spec.ts:26:7 › Homepage › renders above-the-fold content without JS errors (248ms)
  ✘  5484 [mobile-chrome] › e2e/homepage.spec.ts:9:7 › Homepage › has no broken internal links on homepage (4xx) (retry #1) (288ms)
  ✘  5485 [mobile-chrome] › e2e/homepage.spec.ts:26:7 › Homepage › renders above-the-fold content without JS errors (retry #1) (285ms)
  ✘  5486 [mobile-chrome] › e2e/homepage.spec.ts:36:7 › Homepage › has meta description and OG tags (253ms)
  ✘  5487 [mobile-chrome] › e2e/homepage.spec.ts:49:7 › Homepage › has cloudless.gr canonical URL (not personal name) (260ms)
  ✘  5488 [mobile-chrome] › e2e/homepage.spec.ts:36:7 › Homepage › has meta description and OG tags (retry #1) (268ms)
  ✘  5489 [mobile-chrome] › e2e/homepage.spec.ts:49:7 › Homepage › has cloudless.gr canonical URL (not personal name) (retry #1) (269ms)
  ✘  5490 [mobile-chrome] › e2e/i18n-not-found.spec.ts:49:9 › 404 page localization › en renders translated 404 strings (237ms)
  ✘  5491 [mobile-chrome] › e2e/i18n-not-found.spec.ts:49:9 › 404 page localization › el renders translated 404 strings (263ms)
  ✘  5492 [mobile-chrome] › e2e/i18n-not-found.spec.ts:49:9 › 404 page localization › en renders translated 404 strings (retry #1) (254ms)
  ✘  5493 [mobile-chrome] › e2e/i18n-not-found.spec.ts:49:9 › 404 page localization › el renders translated 404 strings (retry #1) (256ms)
  ✘  5494 [mobile-chrome] › e2e/i18n-not-found.spec.ts:49:9 › 404 page localization › fr renders translated 404 strings (239ms)
  ✘  5495 [mobile-chrome] › e2e/i18n-not-found.spec.ts:49:9 › 404 page localization › de renders translated 404 strings (241ms)
  ✘  5496 [mobile-chrome] › e2e/i18n-not-found.spec.ts:49:9 › 404 page localization › fr renders translated 404 strings (retry #1) (261ms)
  ✘  5497 [mobile-chrome] › e2e/i18n-not-found.spec.ts:49:9 › 404 page localization › de renders translated 404 strings (retry #1) (263ms)
  ✘  5498 [mobile-chrome] › e2e/i18n-not-found.spec.ts:63:7 › 404 page localization › the 'Back to Home' CTA is a real internal link (246ms)
  ✘  5499 [mobile-chrome] › e2e/i18n.spec.ts:7:9 › Internationalization › page loads in en (240ms)
  ✘  5500 [mobile-chrome] › e2e/i18n-not-found.spec.ts:63:7 › 404 page localization › the 'Back to Home' CTA is a real internal link (retry #1) (275ms)
  ✘  5501 [mobile-chrome] › e2e/i18n.spec.ts:7:9 › Internationalization › page loads in en (retry #1) (281ms)
  ✘  5502 [mobile-chrome] › e2e/i18n.spec.ts:7:9 › Internationalization › page loads in el (227ms)
  ✘  5503 [mobile-chrome] › e2e/i18n.spec.ts:7:9 › Internationalization › page loads in fr (286ms)
  ✘  5504 [mobile-chrome] › e2e/i18n.spec.ts:7:9 › Internationalization › page loads in el (retry #1) (294ms)
  ✘  5505 [mobile-chrome] › e2e/i18n.spec.ts:7:9 › Internationalization › page loads in fr (retry #1) (294ms)
  -  5507 [mobile-chrome] › e2e/infrastructure.spec.ts:17:7 › CloudFront / CDN › cloudless.gr returns HTTP 200
  -  5508 [mobile-chrome] › e2e/infrastructure.spec.ts:22:7 › CloudFront / CDN › www.cloudless.gr redirects away from www
  -  5509 [mobile-chrome] › e2e/infrastructure.spec.ts:35:7 › CloudFront / CDN › HTTP/2 or HTTP/3 is used (HTTPS only)
  -  5510 [mobile-chrome] › e2e/infrastructure.spec.ts:46:7 › CloudFront / CDN › health endpoint version matches SSM expected version
  -  5511 [mobile-chrome] › e2e/infrastructure.spec.ts:63:7 › Route 53 Failover › primary (CloudFront) path is serving cloudless.gr
  ✘  5506 [mobile-chrome] › e2e/i18n.spec.ts:17:7 › Internationalization › can switch locales (260ms)
  ✘  5512 [mobile-chrome] › e2e/integrations-contracts.spec.ts:40:7 › Integrations contracts › Notion blog API returns posts with source marker (327ms)
  -  5514 [mobile-chrome] › e2e/integrations-contracts.spec.ts:54:7 › Integrations contracts › Notion webhook requires secret header
  -  5515 [mobile-chrome] › e2e/integrations-contracts.spec.ts:63:7 › Integrations contracts › Stripe checkout validates empty cart
  -  5516 [mobile-chrome] › e2e/integrations-contracts.spec.ts:68:7 › Integrations contracts › Stripe webhook requires signature header
  -  5517 [mobile-chrome] › e2e/integrations-contracts.spec.ts:76:7 › Integrations contracts › Slack event endpoint rejects unsigned requests
  -  5518 [mobile-chrome] › e2e/integrations-contracts.spec.ts:84:7 › Integrations contracts › Slack commands endpoint rejects unsigned requests
  -  5519 [mobile-chrome] › e2e/integrations-contracts.spec.ts:92:7 › Integrations contracts › Slack interactions endpoint rejects unsigned requests
  -  5520 [mobile-chrome] › e2e/integrations-contracts.spec.ts:99:7 › Integrations contracts › EspoCRM webhook POST requires URL-secret auth
  -  5521 [mobile-chrome] › e2e/integrations-contracts.spec.ts:111:7 › Integrations contracts › EspoCRM CRM upsert route handles invalid email or unconfigured CRM
  -  5522 [mobile-chrome] › e2e/integrations-contracts.spec.ts:118:7 › Integrations contracts › Calendar availability returns data or explicit not-configured error
  -  5523 [mobile-chrome] › e2e/integrations-contracts.spec.ts:130:7 › Integrations contracts › Calendar booking validates payload or reports unavailable service
  -  5524 [mobile-chrome] › e2e/integrations-contracts.spec.ts:137:7 › Integrations contracts › SES-backed subscribe endpoint rejects invalid email
  -  5525 [mobile-chrome] › e2e/integrations-contracts.spec.ts:144:7 › Integrations contracts › SES-backed contact endpoint rejects missing required fields
  -  5526 [mobile-chrome] › e2e/integrations-contracts.spec.ts:151:7 › Integrations contracts › User purchases integration requires auth
  -  5527 [mobile-chrome] › e2e/integrations-contracts.spec.ts:156:7 › Integrations contracts › User consultations integration requires auth
  -  5528 [mobile-chrome] › e2e/integrations-contracts.spec.ts:161:7 › Integrations contracts › Sentry admin endpoint remains admin-protected
  ✘  5513 [mobile-chrome] › e2e/i18n.spec.ts:17:7 › Internationalization › can switch locales (retry #1) (296ms)
  ✘  5529 [mobile-chrome] › e2e/integrations-contracts.spec.ts:40:7 › Integrations contracts › Notion blog API returns posts with source marker (retry #1) (346ms)
  -  5531 [mobile-chrome] › e2e/integrations-contracts.spec.ts:54:7 › Integrations contracts › Notion webhook requires secret header (retry #1)
  -  5532 [mobile-chrome] › e2e/integrations-contracts.spec.ts:63:7 › Integrations contracts › Stripe checkout validates empty cart (retry #1)
  -  5533 [mobile-chrome] › e2e/integrations-contracts.spec.ts:68:7 › Integrations contracts › Stripe webhook requires signature header (retry #1)
  -  5534 [mobile-chrome] › e2e/integrations-contracts.spec.ts:76:7 › Integrations contracts › Slack event endpoint rejects unsigned requests (retry #1)
  -  5535 [mobile-chrome] › e2e/integrations-contracts.spec.ts:84:7 › Integrations contracts › Slack commands endpoint rejects unsigned requests (retry #1)
  -  5536 [mobile-chrome] › e2e/integrations-contracts.spec.ts:92:7 › Integrations contracts › Slack interactions endpoint rejects unsigned requests (retry #1)
  -  5537 [mobile-chrome] › e2e/integrations-contracts.spec.ts:99:7 › Integrations contracts › EspoCRM webhook POST requires URL-secret auth (retry #1)
  -  5538 [mobile-chrome] › e2e/integrations-contracts.spec.ts:111:7 › Integrations contracts › EspoCRM CRM upsert route handles invalid email or unconfigured CRM (retry #1)
  -  5539 [mobile-chrome] › e2e/integrations-contracts.spec.ts:118:7 › Integrations contracts › Calendar availability returns data or explicit not-configured error (retry #1)
  -  5540 [mobile-chrome] › e2e/integrations-contracts.spec.ts:130:7 › Integrations contracts › Calendar booking validates payload or reports unavailable service (retry #1)
  -  5541 [mobile-chrome] › e2e/integrations-contracts.spec.ts:137:7 › Integrations contracts › SES-backed subscribe endpoint rejects invalid email (retry #1)
  -  5542 [mobile-chrome] › e2e/integrations-contracts.spec.ts:144:7 › Integrations contracts › SES-backed contact endpoint rejects missing required fields (retry #1)
  -  5543 [mobile-chrome] › e2e/integrations-contracts.spec.ts:151:7 › Integrations contracts › User purchases integration requires auth (retry #1)
  -  5544 [mobile-chrome] › e2e/integrations-contracts.spec.ts:156:7 › Integrations contracts › User consultations integration requires auth (retry #1)
  -  5545 [mobile-chrome] › e2e/integrations-contracts.spec.ts:161:7 › Integrations contracts › Sentry admin endpoint remains admin-protected (retry #1)
  ✘  5530 [mobile-chrome] › e2e/journey-admin-tour.spec.ts:16:7 › Admin dashboard tour › admin can land on /admin and see dashboard (253ms)
  ✘  5546 [mobile-chrome] › e2e/journey-admin-tour.spec.ts:25:7 › Admin dashboard tour › admin can navigate to analytics (267ms)
  ✘  5547 [mobile-chrome] › e2e/journey-admin-tour.spec.ts:16:7 › Admin dashboard tour › admin can land on /admin and see dashboard (retry #1) (291ms)
  ✘  5548 [mobile-chrome] › e2e/journey-admin-tour.spec.ts:25:7 › Admin dashboard tour › admin can navigate to analytics (retry #1) (273ms)
  ✘  5549 [mobile-chrome] › e2e/journey-admin-tour.spec.ts:30:7 › Admin dashboard tour › admin can navigate to CRM (240ms)
  ✘  5550 [mobile-chrome] › e2e/journey-admin-tour.spec.ts:35:7 › Admin dashboard tour › admin can navigate to campaigns (243ms)
  ✘  5551 [mobile-chrome] › e2e/journey-admin-tour.spec.ts:30:7 › Admin dashboard tour › admin can navigate to CRM (retry #1) (273ms)
  ✘  5552 [mobile-chrome] › e2e/journey-admin-tour.spec.ts:35:7 › Admin dashboard tour › admin can navigate to campaigns (retry #1) (266ms)
  ✘  5553 [mobile-chrome] › e2e/journey-admin-tour.spec.ts:40:7 › Admin dashboard tour › admin can navigate to calendar (244ms)
  ✘  5554 [mobile-chrome] › e2e/journey-admin-tour.spec.ts:45:7 › Admin dashboard tour › admin sidebar has navigation links to other sections (227ms)
  ✘  5555 [mobile-chrome] › e2e/journey-admin-tour.spec.ts:40:7 › Admin dashboard tour › admin can navigate to calendar (retry #1) (263ms)
  ✘  5556 [mobile-chrome] › e2e/journey-admin-tour.spec.ts:45:7 › Admin dashboard tour › admin sidebar has navigation links to other sections (retry #1) (262ms)
  ✘  5557 [mobile-chrome] › e2e/journey-admin-tour.spec.ts:54:7 › Admin dashboard tour › non-admin (no cookie) gets redirected away from /admin (150ms)
  ✘  5558 [mobile-chrome] › e2e/journey-blog-nav.spec.ts:9:7 › Blog navigation flow › /en/blog renders post list with at least 1 link to a post (273ms)
  ✘  5559 [mobile-chrome] › e2e/journey-admin-tour.spec.ts:54:7 › Admin dashboard tour › non-admin (no cookie) gets redirected away from /admin (retry #1) (174ms)
  ✘  5560 [mobile-chrome] › e2e/journey-blog-nav.spec.ts:9:7 › Blog navigation flow › /en/blog renders post list with at least 1 link to a post (retry #1) (266ms)
  ✘  5561 [mobile-chrome] › e2e/journey-blog-nav.spec.ts:16:7 › Blog navigation flow › clicking the first post opens a detail page with content (239ms)
  ✘  5562 [mobile-chrome] › e2e/journey-blog-nav.spec.ts:41:7 › Blog navigation flow › /en/blog has SEO basics (title + meta description) (216ms)
  ✘  5563 [mobile-chrome] › e2e/journey-blog-nav.spec.ts:16:7 › Blog navigation flow › clicking the first post opens a detail page with content (retry #1) (284ms)
  ✘  5564 [mobile-chrome] › e2e/journey-blog-nav.spec.ts:41:7 › Blog navigation flow › /en/blog has SEO basics (title + meta description) (retry #1) (235ms)
  ✘  5565 [mobile-chrome] › e2e/journey-contact-lead.spec.ts:11:7 › Contact lead flow › visitor lands on home → navigates to contact → submits → sees success (232ms)
  ✘  5566 [mobile-chrome] › e2e/journey-contact-lead.spec.ts:56:7 › Contact lead flow › contact form rejects empty submit with visible error or no nav (243ms)
  ✘  5567 [mobile-chrome] › e2e/journey-contact-lead.spec.ts:11:7 › Contact lead flow › visitor lands on home → navigates to contact → submits → sees success (retry #1) (255ms)
  ✘  5568 [mobile-chrome] › e2e/journey-contact-lead.spec.ts:56:7 › Contact lead flow › contact form rejects empty submit with visible error or no nav (retry #1) (276ms)
  ✘  5569 [mobile-chrome] › e2e/journey-store-checkout.spec.ts:12:7 › Store checkout flow › /en/store renders product cards (286ms)
  ✘  5570 [mobile-chrome] › e2e/journey-store-checkout.spec.ts:20:7 › Store checkout flow › /api/checkout returns 4xx for unknown productId (323ms)
  ✘  5571 [mobile-chrome] › e2e/journey-store-checkout.spec.ts:12:7 › Store checkout flow › /en/store renders product cards (retry #1) (230ms)
  ✘  5572 [mobile-chrome] › e2e/journey-store-checkout.spec.ts:20:7 › Store checkout flow › /api/checkout returns 4xx for unknown productId (retry #1) (341ms)
  ✘  5573 [mobile-chrome] › e2e/journey-store-checkout.spec.ts:28:7 › Store checkout flow › /api/checkout rejects empty body with 4xx (321ms)
  ✘  5574 [mobile-chrome] › e2e/journey-store-checkout.spec.ts:34:7 › Store checkout flow › clicking a product on /store opens a detail page (when products exist) (242ms)
  ✘  5575 [mobile-chrome] › e2e/journey-store-checkout.spec.ts:28:7 › Store checkout flow › /api/checkout rejects empty body with 4xx (retry #1) (342ms)
  ✘  5576 [mobile-chrome] › e2e/journey-store-checkout.spec.ts:34:7 › Store checkout flow › clicking a product on /store opens a detail page (when products exist) (retry #1) (268ms)
  ✘  5577 [mobile-chrome] › e2e/journey-store-checkout.spec.ts:49:7 › Store checkout flow › /en/order-success renders confirmation heading (235ms)
  ✘  5578 [mobile-chrome] › e2e/journey-theme-locale.spec.ts:20:7 › Theme switcher › light theme applies data-theme=light and persists (242ms)
  ✘  5579 [mobile-chrome] › e2e/journey-store-checkout.spec.ts:49:7 › Store checkout flow › /en/order-success renders confirmation heading (retry #1) (255ms)
  ✘  5580 [mobile-chrome] › e2e/journey-theme-locale.spec.ts:20:7 › Theme switcher › light theme applies data-theme=light and persists (retry #1) (257ms)
  ✘  5581 [mobile-chrome] › e2e/journey-theme-locale.spec.ts:44:7 › Theme switcher › dark theme applies data-theme=dark (224ms)
  ✘  5582 [mobile-chrome] › e2e/journey-theme-locale.spec.ts:64:7 › Locale switcher › switching to Greek navigates to /el (238ms)
  ✘  5583 [mobile-chrome] › e2e/journey-theme-locale.spec.ts:44:7 › Theme switcher › dark theme applies data-theme=dark (retry #1) (253ms)
  ✘  5584 [mobile-chrome] › e2e/journey-theme-locale.spec.ts:64:7 › Locale switcher › switching to Greek navigates to /el (retry #1) (241ms)
  ✘  5585 [mobile-chrome] › e2e/journey-theme-locale.spec.ts:93:7 › Locale switcher › /el shows Greek content (html lang=el) (271ms)
  ✘  5586 [mobile-chrome] › e2e/journeys/admin-journey.spec.ts:15:7 › Admin User Journey › should allow admin to navigate to login page (223ms)
  ✘  5587 [mobile-chrome] › e2e/journey-theme-locale.spec.ts:93:7 › Locale switcher › /el shows Greek content (html lang=el) (retry #1) (243ms)
  ✘  5588 [mobile-chrome] › e2e/journeys/admin-journey.spec.ts:15:7 › Admin User Journey › should allow admin to navigate to login page (retry #1) (255ms)
  ✘  5589 [mobile-chrome] › e2e/journeys/admin-journey.spec.ts:25:7 › Admin User Journey › should show admin login form with required fields (226ms)
  ✘  5590 [mobile-chrome] › e2e/journeys/admin-journey.spec.ts:39:7 › Admin User Journey › should allow admin to login with valid credentials (test credentials) (245ms)
  ✘  5591 [mobile-chrome] › e2e/journeys/admin-journey.spec.ts:25:7 › Admin User Journey › should show admin login form with required fields (retry #1) (257ms)
  ✘  5592 [mobile-chrome] › e2e/journeys/admin-journey.spec.ts:39:7 › Admin User Journey › should allow admin to login with valid credentials (test credentials) (retry #1) (253ms)
  ✘  5593 [mobile-chrome] › e2e/journeys/admin-journey.spec.ts:59:7 › Admin User Journey › should show appropriate error for invalid login credentials (235ms)
  ✘  5594 [mobile-chrome] › e2e/journeys/admin-journey.spec.ts:77:7 › Admin User Journey › should allow admin to access dashboard after login (if credentials work) (234ms)
  ✘  5595 [mobile-chrome] › e2e/journeys/admin-journey.spec.ts:59:7 › Admin User Journey › should show appropriate error for invalid login credentials (retry #1) (259ms)
  ✘  5596 [mobile-chrome] › e2e/journeys/admin-journey.spec.ts:77:7 › Admin User Journey › should allow admin to access dashboard after login (if credentials work) (retry #1) (258ms)
  ✘  5597 [mobile-chrome] › e2e/journeys/admin-journey.spec.ts:90:7 › Admin User Journey › should show admin dashboard widgets and navigation after login (234ms)
  ✘  5598 [mobile-chrome] › e2e/journeys/admin-journey.spec.ts:104:7 › Admin User Journey › should allow admin to navigate to different admin sections (245ms)
  ✘  5599 [mobile-chrome] › e2e/journeys/admin-journey.spec.ts:90:7 › Admin User Journey › should show admin dashboard widgets and navigation after login (retry #1) (247ms)
  ✘  5600 [mobile-chrome] › e2e/journeys/admin-journey.spec.ts:104:7 › Admin User Journey › should allow admin to navigate to different admin sections (retry #1) (264ms)
  ✘  5601 [mobile-chrome] › e2e/journeys/admin-journey.spec.ts:124:7 › Admin User Journey › should allow admin to log out (218ms)
  ✘  5602 [mobile-chrome] › e2e/journeys/auth-journey.spec.ts:21:9 › Authentication Journey › Login Flow › should allow user to login with valid credentials (252ms)
  ✘  5603 [mobile-chrome] › e2e/journeys/admin-journey.spec.ts:124:7 › Admin User Journey › should allow admin to log out (retry #1) (266ms)
  ✘  5604 [mobile-chrome] › e2e/journeys/auth-journey.spec.ts:21:9 › Authentication Journey › Login Flow › should allow user to login with valid credentials (retry #1) (259ms)
  ✘  5605 [mobile-chrome] › e2e/journeys/auth-journey.spec.ts:58:9 › Authentication Journey › Login Flow › should show error for invalid login credentials (244ms)
  ✘  5606 [mobile-chrome] › e2e/journeys/auth-journey.spec.ts:92:9 › Authentication Journey › Login Flow › should show validation errors for empty login fields (269ms)
  ✘  5607 [mobile-chrome] › e2e/journeys/auth-journey.spec.ts:58:9 › Authentication Journey › Login Flow › should show error for invalid login credentials (retry #1) (259ms)
  ✘  5608 [mobile-chrome] › e2e/journeys/auth-journey.spec.ts:92:9 › Authentication Journey › Login Flow › should show validation errors for empty login fields (retry #1) (267ms)
  ✘  5609 [mobile-chrome] › e2e/journeys/auth-journey.spec.ts:118:9 › Authentication Journey › Registration Flow › should allow user to register with valid information (243ms)
  ✘  5610 [mobile-chrome] › e2e/journeys/auth-journey.spec.ts:162:9 › Authentication Journey › Registration Flow › should show error for duplicate email registration (262ms)
  ✘  5611 [mobile-chrome] › e2e/journeys/auth-journey.spec.ts:118:9 › Authentication Journey › Registration Flow › should allow user to register with valid information (retry #1) (258ms)
  ✘  5612 [mobile-chrome] › e2e/journeys/auth-journey.spec.ts:162:9 › Authentication Journey › Registration Flow › should show error for duplicate email registration (retry #1) (258ms)
  ✘  5613 [mobile-chrome] › e2e/journeys/auth-journey.spec.ts:202:9 › Authentication Journey › Registration Flow › should show validation errors for empty registration fields (221ms)
  ✘  5614 [mobile-chrome] › e2e/journeys/auth-journey.spec.ts:230:9 › Authentication Journey › Registration Flow › should show validation error for password mismatch (247ms)
  ✘  5615 [mobile-chrome] › e2e/journeys/auth-journey.spec.ts:202:9 › Authentication Journey › Registration Flow › should show validation errors for empty registration fields (retry #1) (261ms)
  ✘  5616 [mobile-chrome] › e2e/journeys/auth-journey.spec.ts:230:9 › Authentication Journey › Registration Flow › should show validation error for password mismatch (retry #1) (276ms)
  ✘  5617 [mobile-chrome] › e2e/journeys/auth-journey.spec.ts:272:9 › Authentication Journey › Password Reset Flow › should allow user to request password reset (232ms)
  ✘  5618 [mobile-chrome] › e2e/journeys/auth-journey.spec.ts:310:9 › Authentication Journey › Password Reset Flow › should show error for non-existent email in password reset (229ms)
  ✘  5619 [mobile-chrome] › e2e/journeys/auth-journey.spec.ts:272:9 › Authentication Journey › Password Reset Flow › should allow user to request password reset (retry #1) (253ms)
  ✘  5620 [mobile-chrome] › e2e/journeys/auth-journey.spec.ts:310:9 › Authentication Journey › Password Reset Flow › should show error for non-existent email in password reset (retry #1) (241ms)
API login failed, falling back to UI login: apiRequestContext.post: connect ECONNREFUSED ::1:4000
Call log:
  - → POST http://localhost:4000/api/auth/login
    - user-agent: Mozilla/5.0 (Linux; Android 14; Pixel 7) AppleWebKit/537.36 (KHTML, like Gecko) Chrome/151.0.7922.34 Mobile Safari/537.36
    - accept: */*
    - accept-encoding: gzip,deflate,br
    - content-type: application/json
    - content-length: 53

    at AuthenticatedPage.loginViaApi (/home/tbaltzakis/cloudless.gr/e2e/helpers/page-helpers.ts:63:48)
    at /home/tbaltzakis/cloudless.gr/e2e/journeys/auth-journey.spec.ts:350:22 {
  log: [
    '  - → POST http://localhost:4000/api/auth/login',
    '    - user-agent: Mozilla/5.0 (Linux; Android 14; Pixel 7) AppleWebKit/537.36 (KHTML, like Gecko) Chrome/151.0.7922.34 Mobile Safari/537.36',
    '    - accept: */*',
    '    - accept-encoding: gzip,deflate,br',
    '    - content-type: application/json',
    '    - content-length: 53'
  ],
  name: 'Error',
  Symbol(step): {
    location: {
      file: '/home/tbaltzakis/cloudless.gr/e2e/helpers/page-helpers.ts',
      line: 63,
      column: 48,
      function: 'AuthenticatedPage.loginViaApi'
    },
    category: 'pw:api',
    title: 'POST "/api/auth/login"',
    apiName: 'apiRequestContext.post',
    params: {
      url: '/api/auth/login',
      params: undefined,
      encodedParams: undefined,
      method: 'POST',
      headers: undefined,
      postData: undefined,
      jsonData: '{"email":"test@example.com","password":"password123"}',
      formData: undefined,
      multipartData: undefined,
      failOnStatusCode: undefined,
      ignoreHTTPSErrors: undefined,
      maxRedirects: undefined,
      maxRetries: undefined,
      __testHookLookup: undefined
    },
    group: undefined,
    stepId: 'pw:api@34',
    boxedStack: undefined,
    steps: [],
    attachmentIndices: [],
    info: TestStepInfoImpl {
      annotations: [],
      _testInfo: [TestInfoImpl],
      _stepId: 'pw:api@34',
      _title: 'POST "/api/auth/login"',
      _parentStep: undefined,
      skip: [Function (anonymous)]
    },
    complete: [Function: complete],
    endWallTime: 1786539499894,
    error: {
      message: 'Error: apiRequestContext.post: connect ECONNREFUSED ::1:4000\n' +
        'Call log:\n' +
        '\x1B[2m  - → POST http://localhost:4000/api/auth/login\x1B[22m\n' +
        '\x1B[2m    - user-agent: Mozilla/5.0 (Linux; Android 14; Pixel 7) AppleWebKit/537.36 (KHTML, like Gecko) Chrome/151.0.7922.34 Mobile Safari/537.36\x1B[22m\n' +
        '\x1B[2m    - accept: */*\x1B[22m\n' +
        '\x1B[2m    - accept-encoding: gzip,deflate,br\x1B[22m\n' +
        '\x1B[2m    - content-type: application/json\x1B[22m\n' +
        '\x1B[2m    - content-length: 53\x1B[22m\n',
      stack: 'Error: apiRequestContext.post: connect ECONNREFUSED ::1:4000\n' +
        'Call log:\n' +
        '\x1B[2m  - → POST http://localhost:4000/api/auth/login\x1B[22m\n' +
        '\x1B[2m    - user-agent: Mozilla/5.0 (Linux; Android 14; Pixel 7) AppleWebKit/537.36 (KHTML, like Gecko) Chrome/151.0.7922.34 Mobile Safari/537.36\x1B[22m\n' +
        '\x1B[2m    - accept: */*\x1B[22m\n' +
        '\x1B[2m    - accept-encoding: gzip,deflate,br\x1B[22m\n' +
        '\x1B[2m    - content-type: application/json\x1B[22m\n' +
        '\x1B[2m    - content-length: 53\x1B[22m\n' +
        '\n' +
        '    at apiRequestContext.post: connect ECONNREFUSED ::1:4000\n' +
        '    at AuthenticatedPage.loginViaApi (/home/tbaltzakis/cloudless.gr/e2e/helpers/page-helpers.ts:63:48)\n' +
        '    at /home/tbaltzakis/cloudless.gr/e2e/journeys/auth-journey.spec.ts:350:22',
      cause: undefined
    }
  }
}
  ✘  5621 [mobile-chrome] › e2e/journeys/auth-journey.spec.ts:348:9 › Authentication Journey › Logout Flow › should allow user to logout successfully (564ms)
API login failed, falling back to UI login: apiRequestContext.post: connect ECONNREFUSED ::1:4000
Call log:
  - → POST http://localhost:4000/api/auth/login
    - user-agent: Mozilla/5.0 (Linux; Android 14; Pixel 7) AppleWebKit/537.36 (KHTML, like Gecko) Chrome/151.0.7922.34 Mobile Safari/537.36
    - accept: */*
    - accept-encoding: gzip,deflate,br
    - content-type: application/json
    - content-length: 53

    at AuthenticatedPage.loginViaApi (/home/tbaltzakis/cloudless.gr/e2e/helpers/page-helpers.ts:63:48)
    at /home/tbaltzakis/cloudless.gr/e2e/journeys/auth-journey.spec.ts:380:22 {
  log: [
    '  - → POST http://localhost:4000/api/auth/login',
    '    - user-agent: Mozilla/5.0 (Linux; Android 14; Pixel 7) AppleWebKit/537.36 (KHTML, like Gecko) Chrome/151.0.7922.34 Mobile Safari/537.36',
    '    - accept: */*',
    '    - accept-encoding: gzip,deflate,br',
    '    - content-type: application/json',
    '    - content-length: 53'
  ],
  name: 'Error',
  Symbol(step): {
    location: {
      file: '/home/tbaltzakis/cloudless.gr/e2e/helpers/page-helpers.ts',
      line: 63,
      column: 48,
      function: 'AuthenticatedPage.loginViaApi'
    },
    category: 'pw:api',
    title: 'POST "/api/auth/login"',
    apiName: 'apiRequestContext.post',
    params: {
      url: '/api/auth/login',
      params: undefined,
      encodedParams: undefined,
      method: 'POST',
      headers: undefined,
      postData: undefined,
      jsonData: '{"email":"test@example.com","password":"password123"}',
      formData: undefined,
      multipartData: undefined,
      failOnStatusCode: undefined,
      ignoreHTTPSErrors: undefined,
      maxRedirects: undefined,
      maxRetries: undefined,
      __testHookLookup: undefined
    },
    group: undefined,
    stepId: 'pw:api@34',
    boxedStack: undefined,
    steps: [],
    attachmentIndices: [],
    info: TestStepInfoImpl {
      annotations: [],
      _testInfo: [TestInfoImpl],
      _stepId: 'pw:api@34',
      _title: 'POST "/api/auth/login"',
      _parentStep: undefined,
      skip: [Function (anonymous)]
    },
    complete: [Function: complete],
    endWallTime: 1786539500321,
    error: {
      message: 'Error: apiRequestContext.post: connect ECONNREFUSED ::1:4000\n' +
        'Call log:\n' +
        '\x1B[2m  - → POST http://localhost:4000/api/auth/login\x1B[22m\n' +
        '\x1B[2m    - user-agent: Mozilla/5.0 (Linux; Android 14; Pixel 7) AppleWebKit/537.36 (KHTML, like Gecko) Chrome/151.0.7922.34 Mobile Safari/537.36\x1B[22m\n' +
        '\x1B[2m    - accept: */*\x1B[22m\n' +
        '\x1B[2m    - accept-encoding: gzip,deflate,br\x1B[22m\n' +
        '\x1B[2m    - content-type: application/json\x1B[22m\n' +
        '\x1B[2m    - content-length: 53\x1B[22m\n',
      stack: 'Error: apiRequestContext.post: connect ECONNREFUSED ::1:4000\n' +
        'Call log:\n' +
        '\x1B[2m  - → POST http://localhost:4000/api/auth/login\x1B[22m\n' +
        '\x1B[2m    - user-agent: Mozilla/5.0 (Linux; Android 14; Pixel 7) AppleWebKit/537.36 (KHTML, like Gecko) Chrome/151.0.7922.34 Mobile Safari/537.36\x1B[22m\n' +
        '\x1B[2m    - accept: */*\x1B[22m\n' +
        '\x1B[2m    - accept-encoding: gzip,deflate,br\x1B[22m\n' +
        '\x1B[2m    - content-type: application/json\x1B[22m\n' +
        '\x1B[2m    - content-length: 53\x1B[22m\n' +
        '\n' +
        '    at apiRequestContext.post: connect ECONNREFUSED ::1:4000\n' +
        '    at AuthenticatedPage.loginViaApi (/home/tbaltzakis/cloudless.gr/e2e/helpers/page-helpers.ts:63:48)\n' +
        '    at /home/tbaltzakis/cloudless.gr/e2e/journeys/auth-journey.spec.ts:380:22',
      cause: undefined
    }
  }
}
  ✘  5622 [mobile-chrome] › e2e/journeys/auth-journey.spec.ts:378:9 › Authentication Journey › Session Persistence › should maintain session across page reloads (571ms)
API login failed, falling back to UI login: apiRequestContext.post: connect ECONNREFUSED ::1:4000
Call log:
  - → POST http://localhost:4000/api/auth/login
    - user-agent: Mozilla/5.0 (Linux; Android 14; Pixel 7) AppleWebKit/537.36 (KHTML, like Gecko) Chrome/151.0.7922.34 Mobile Safari/537.36
    - accept: */*
    - accept-encoding: gzip,deflate,br
    - content-type: application/json
    - content-length: 53

    at AuthenticatedPage.loginViaApi (/home/tbaltzakis/cloudless.gr/e2e/helpers/page-helpers.ts:63:48)
    at /home/tbaltzakis/cloudless.gr/e2e/journeys/auth-journey.spec.ts:350:22 {
  log: [
    '  - → POST http://localhost:4000/api/auth/login',
    '    - user-agent: Mozilla/5.0 (Linux; Android 14; Pixel 7) AppleWebKit/537.36 (KHTML, like Gecko) Chrome/151.0.7922.34 Mobile Safari/537.36',
    '    - accept: */*',
    '    - accept-encoding: gzip,deflate,br',
    '    - content-type: application/json',
    '    - content-length: 53'
  ],
  name: 'Error',
  Symbol(step): {
    location: {
      file: '/home/tbaltzakis/cloudless.gr/e2e/helpers/page-helpers.ts',
      line: 63,
      column: 48,
      function: 'AuthenticatedPage.loginViaApi'
    },
    category: 'pw:api',
    title: 'POST "/api/auth/login"',
    apiName: 'apiRequestContext.post',
    params: {
      url: '/api/auth/login',
      params: undefined,
      encodedParams: undefined,
      method: 'POST',
      headers: undefined,
      postData: undefined,
      jsonData: '{"email":"test@example.com","password":"password123"}',
      formData: undefined,
      multipartData: undefined,
      failOnStatusCode: undefined,
      ignoreHTTPSErrors: undefined,
      maxRedirects: undefined,
      maxRetries: undefined,
      __testHookLookup: undefined
    },
    group: undefined,
    stepId: 'pw:api@34',
    boxedStack: undefined,
    steps: [],
    attachmentIndices: [],
    info: TestStepInfoImpl {
      annotations: [],
      _testInfo: [TestInfoImpl],
      _stepId: 'pw:api@34',
      _title: 'POST "/api/auth/login"',
      _parentStep: undefined,
      skip: [Function (anonymous)]
    },
    complete: [Function: complete],
    endWallTime: 1786539500895,
    error: {
      message: 'Error: apiRequestContext.post: connect ECONNREFUSED ::1:4000\n' +
        'Call log:\n' +
        '\x1B[2m  - → POST http://localhost:4000/api/auth/login\x1B[22m\n' +
        '\x1B[2m    - user-agent: Mozilla/5.0 (Linux; Android 14; Pixel 7) AppleWebKit/537.36 (KHTML, like Gecko) Chrome/151.0.7922.34 Mobile Safari/537.36\x1B[22m\n' +
        '\x1B[2m    - accept: */*\x1B[22m\n' +
        '\x1B[2m    - accept-encoding: gzip,deflate,br\x1B[22m\n' +
        '\x1B[2m    - content-type: application/json\x1B[22m\n' +
        '\x1B[2m    - content-length: 53\x1B[22m\n',
      stack: 'Error: apiRequestContext.post: connect ECONNREFUSED ::1:4000\n' +
        'Call log:\n' +
        '\x1B[2m  - → POST http://localhost:4000/api/auth/login\x1B[22m\n' +
        '\x1B[2m    - user-agent: Mozilla/5.0 (Linux; Android 14; Pixel 7) AppleWebKit/537.36 (KHTML, like Gecko) Chrome/151.0.7922.34 Mobile Safari/537.36\x1B[22m\n' +
        '\x1B[2m    - accept: */*\x1B[22m\n' +
        '\x1B[2m    - accept-encoding: gzip,deflate,br\x1B[22m\n' +
        '\x1B[2m    - content-type: application/json\x1B[22m\n' +
        '\x1B[2m    - content-length: 53\x1B[22m\n' +
        '\n' +
        '    at apiRequestContext.post: connect ECONNREFUSED ::1:4000\n' +
        '    at AuthenticatedPage.loginViaApi (/home/tbaltzakis/cloudless.gr/e2e/helpers/page-helpers.ts:63:48)\n' +
        '    at /home/tbaltzakis/cloudless.gr/e2e/journeys/auth-journey.spec.ts:350:22',
      cause: undefined
    }
  }
}
  ✘  5623 [mobile-chrome] › e2e/journeys/auth-journey.spec.ts:348:9 › Authentication Journey › Logout Flow › should allow user to logout successfully (retry #1) (580ms)
API login failed, falling back to UI login: apiRequestContext.post: connect ECONNREFUSED ::1:4000
Call log:
  - → POST http://localhost:4000/api/auth/login
    - user-agent: Mozilla/5.0 (Linux; Android 14; Pixel 7) AppleWebKit/537.36 (KHTML, like Gecko) Chrome/151.0.7922.34 Mobile Safari/537.36
    - accept: */*
    - accept-encoding: gzip,deflate,br
    - content-type: application/json
    - content-length: 53

    at AuthenticatedPage.loginViaApi (/home/tbaltzakis/cloudless.gr/e2e/helpers/page-helpers.ts:63:48)
    at /home/tbaltzakis/cloudless.gr/e2e/journeys/auth-journey.spec.ts:380:22 {
  log: [
    '  - → POST http://localhost:4000/api/auth/login',
    '    - user-agent: Mozilla/5.0 (Linux; Android 14; Pixel 7) AppleWebKit/537.36 (KHTML, like Gecko) Chrome/151.0.7922.34 Mobile Safari/537.36',
    '    - accept: */*',
    '    - accept-encoding: gzip,deflate,br',
    '    - content-type: application/json',
    '    - content-length: 53'
  ],
  name: 'Error',
  Symbol(step): {
    location: {
      file: '/home/tbaltzakis/cloudless.gr/e2e/helpers/page-helpers.ts',
      line: 63,
      column: 48,
      function: 'AuthenticatedPage.loginViaApi'
    },
    category: 'pw:api',
    title: 'POST "/api/auth/login"',
    apiName: 'apiRequestContext.post',
    params: {
      url: '/api/auth/login',
      params: undefined,
      encodedParams: undefined,
      method: 'POST',
      headers: undefined,
      postData: undefined,
      jsonData: '{"email":"test@example.com","password":"password123"}',
      formData: undefined,
      multipartData: undefined,
      failOnStatusCode: undefined,
      ignoreHTTPSErrors: undefined,
      maxRedirects: undefined,
      maxRetries: undefined,
      __testHookLookup: undefined
    },
    group: undefined,
    stepId: 'pw:api@34',
    boxedStack: undefined,
    steps: [],
    attachmentIndices: [],
    info: TestStepInfoImpl {
      annotations: [],
      _testInfo: [TestInfoImpl],
      _stepId: 'pw:api@34',
      _title: 'POST "/api/auth/login"',
      _parentStep: undefined,
      skip: [Function (anonymous)]
    },
    complete: [Function: complete],
    endWallTime: 1786539501345,
    error: {
      message: 'Error: apiRequestContext.post: connect ECONNREFUSED ::1:4000\n' +
        'Call log:\n' +
        '\x1B[2m  - → POST http://localhost:4000/api/auth/login\x1B[22m\n' +
        '\x1B[2m    - user-agent: Mozilla/5.0 (Linux; Android 14; Pixel 7) AppleWebKit/537.36 (KHTML, like Gecko) Chrome/151.0.7922.34 Mobile Safari/537.36\x1B[22m\n' +
        '\x1B[2m    - accept: */*\x1B[22m\n' +
        '\x1B[2m    - accept-encoding: gzip,deflate,br\x1B[22m\n' +
        '\x1B[2m    - content-type: application/json\x1B[22m\n' +
        '\x1B[2m    - content-length: 53\x1B[22m\n',
      stack: 'Error: apiRequestContext.post: connect ECONNREFUSED ::1:4000\n' +
        'Call log:\n' +
        '\x1B[2m  - → POST http://localhost:4000/api/auth/login\x1B[22m\n' +
        '\x1B[2m    - user-agent: Mozilla/5.0 (Linux; Android 14; Pixel 7) AppleWebKit/537.36 (KHTML, like Gecko) Chrome/151.0.7922.34 Mobile Safari/537.36\x1B[22m\n' +
        '\x1B[2m    - accept: */*\x1B[22m\n' +
        '\x1B[2m    - accept-encoding: gzip,deflate,br\x1B[22m\n' +
        '\x1B[2m    - content-type: application/json\x1B[22m\n' +
        '\x1B[2m    - content-length: 53\x1B[22m\n' +
        '\n' +
        '    at apiRequestContext.post: connect ECONNREFUSED ::1:4000\n' +
        '    at AuthenticatedPage.loginViaApi (/home/tbaltzakis/cloudless.gr/e2e/helpers/page-helpers.ts:63:48)\n' +
        '    at /home/tbaltzakis/cloudless.gr/e2e/journeys/auth-journey.spec.ts:380:22',
      cause: undefined
    }
  }
}
  ✘  5624 [mobile-chrome] › e2e/journeys/auth-journey.spec.ts:378:9 › Authentication Journey › Session Persistence › should maintain session across page reloads (retry #1) (610ms)
API login failed, falling back to UI login: apiRequestContext.post: connect ECONNREFUSED ::1:4000
Call log:
  - → POST http://localhost:4000/api/auth/login
    - user-agent: Mozilla/5.0 (Linux; Android 14; Pixel 7) AppleWebKit/537.36 (KHTML, like Gecko) Chrome/151.0.7922.34 Mobile Safari/537.36
    - accept: */*
    - accept-encoding: gzip,deflate,br
    - content-type: application/json
    - content-length: 53

    at AuthenticatedPage.loginViaApi (/home/tbaltzakis/cloudless.gr/e2e/helpers/page-helpers.ts:63:48)
    at /home/tbaltzakis/cloudless.gr/e2e/journeys/auth-journey.spec.ts:397:22 {
  log: [
    '  - → POST http://localhost:4000/api/auth/login',
    '    - user-agent: Mozilla/5.0 (Linux; Android 14; Pixel 7) AppleWebKit/537.36 (KHTML, like Gecko) Chrome/151.0.7922.34 Mobile Safari/537.36',
    '    - accept: */*',
    '    - accept-encoding: gzip,deflate,br',
    '    - content-type: application/json',
    '    - content-length: 53'
  ],
  name: 'Error',
  Symbol(step): {
    location: {
      file: '/home/tbaltzakis/cloudless.gr/e2e/helpers/page-helpers.ts',
      line: 63,
      column: 48,
      function: 'AuthenticatedPage.loginViaApi'
    },
    category: 'pw:api',
    title: 'POST "/api/auth/login"',
    apiName: 'apiRequestContext.post',
    params: {
      url: '/api/auth/login',
      params: undefined,
      encodedParams: undefined,
      method: 'POST',
      headers: undefined,
      postData: undefined,
      jsonData: '{"email":"test@example.com","password":"password123"}',
      formData: undefined,
      multipartData: undefined,
      failOnStatusCode: undefined,
      ignoreHTTPSErrors: undefined,
      maxRedirects: undefined,
      maxRetries: undefined,
      __testHookLookup: undefined
    },
    group: undefined,
    stepId: 'pw:api@34',
    boxedStack: undefined,
    steps: [],
    attachmentIndices: [],
    info: TestStepInfoImpl {
      annotations: [],
      _testInfo: [TestInfoImpl],
      _stepId: 'pw:api@34',
      _title: 'POST "/api/auth/login"',
      _parentStep: undefined,
      skip: [Function (anonymous)]
    },
    complete: [Function: complete],
    endWallTime: 1786539501938,
    error: {
      message: 'Error: apiRequestContext.post: connect ECONNREFUSED ::1:4000\n' +
        'Call log:\n' +
        '\x1B[2m  - → POST http://localhost:4000/api/auth/login\x1B[22m\n' +
        '\x1B[2m    - user-agent: Mozilla/5.0 (Linux; Android 14; Pixel 7) AppleWebKit/537.36 (KHTML, like Gecko) Chrome/151.0.7922.34 Mobile Safari/537.36\x1B[22m\n' +
        '\x1B[2m    - accept: */*\x1B[22m\n' +
        '\x1B[2m    - accept-encoding: gzip,deflate,br\x1B[22m\n' +
        '\x1B[2m    - content-type: application/json\x1B[22m\n' +
        '\x1B[2m    - content-length: 53\x1B[22m\n',
      stack: 'Error: apiRequestContext.post: connect ECONNREFUSED ::1:4000\n' +
        'Call log:\n' +
        '\x1B[2m  - → POST http://localhost:4000/api/auth/login\x1B[22m\n' +
        '\x1B[2m    - user-agent: Mozilla/5.0 (Linux; Android 14; Pixel 7) AppleWebKit/537.36 (KHTML, like Gecko) Chrome/151.0.7922.34 Mobile Safari/537.36\x1B[22m\n' +
        '\x1B[2m    - accept: */*\x1B[22m\n' +
        '\x1B[2m    - accept-encoding: gzip,deflate,br\x1B[22m\n' +
        '\x1B[2m    - content-type: application/json\x1B[22m\n' +
        '\x1B[2m    - content-length: 53\x1B[22m\n' +
        '\n' +
        '    at apiRequestContext.post: connect ECONNREFUSED ::1:4000\n' +
        '    at AuthenticatedPage.loginViaApi (/home/tbaltzakis/cloudless.gr/e2e/helpers/page-helpers.ts:63:48)\n' +
        '    at /home/tbaltzakis/cloudless.gr/e2e/journeys/auth-journey.spec.ts:397:22',
      cause: undefined
    }
  }
}
  ✘  5625 [mobile-chrome] › e2e/journeys/auth-journey.spec.ts:395:9 › Authentication Journey › Session Persistence › should maintain session across navigation (572ms)
  ✘  5626 [mobile-chrome] › e2e/journeys/auth-journey.spec.ts:424:9 › Authentication Journey › Responsive Design › should work correctly on mobile (234ms)
  ✘  5628 [mobile-chrome] › e2e/journeys/auth-journey.spec.ts:424:9 › Authentication Journey › Responsive Design › should work correctly on mobile (retry #1) (222ms)
API login failed, falling back to UI login: apiRequestContext.post: connect ECONNREFUSED ::1:4000
Call log:
  - → POST http://localhost:4000/api/auth/login
    - user-agent: Mozilla/5.0 (Linux; Android 14; Pixel 7) AppleWebKit/537.36 (KHTML, like Gecko) Chrome/151.0.7922.34 Mobile Safari/537.36
    - accept: */*
    - accept-encoding: gzip,deflate,br
    - content-type: application/json
    - content-length: 53

    at AuthenticatedPage.loginViaApi (/home/tbaltzakis/cloudless.gr/e2e/helpers/page-helpers.ts:63:48)
    at /home/tbaltzakis/cloudless.gr/e2e/journeys/auth-journey.spec.ts:397:22 {
  log: [
    '  - → POST http://localhost:4000/api/auth/login',
    '    - user-agent: Mozilla/5.0 (Linux; Android 14; Pixel 7) AppleWebKit/537.36 (KHTML, like Gecko) Chrome/151.0.7922.34 Mobile Safari/537.36',
    '    - accept: */*',
    '    - accept-encoding: gzip,deflate,br',
    '    - content-type: application/json',
    '    - content-length: 53'
  ],
  name: 'Error',
  Symbol(step): {
    location: {
      file: '/home/tbaltzakis/cloudless.gr/e2e/helpers/page-helpers.ts',
      line: 63,
      column: 48,
      function: 'AuthenticatedPage.loginViaApi'
    },
    category: 'pw:api',
    title: 'POST "/api/auth/login"',
    apiName: 'apiRequestContext.post',
    params: {
      url: '/api/auth/login',
      params: undefined,
      encodedParams: undefined,
      method: 'POST',
      headers: undefined,
      postData: undefined,
      jsonData: '{"email":"test@example.com","password":"password123"}',
      formData: undefined,
      multipartData: undefined,
      failOnStatusCode: undefined,
      ignoreHTTPSErrors: undefined,
      maxRedirects: undefined,
      maxRetries: undefined,
      __testHookLookup: undefined
    },
    group: undefined,
    stepId: 'pw:api@34',
    boxedStack: undefined,
    steps: [],
    attachmentIndices: [],
    info: TestStepInfoImpl {
      annotations: [],
      _testInfo: [TestInfoImpl],
      _stepId: 'pw:api@34',
      _title: 'POST "/api/auth/login"',
      _parentStep: undefined,
      skip: [Function (anonymous)]
    },
    complete: [Function: complete],
    endWallTime: 1786539502965,
    error: {
      message: 'Error: apiRequestContext.post: connect ECONNREFUSED ::1:4000\n' +
        'Call log:\n' +
        '\x1B[2m  - → POST http://localhost:4000/api/auth/login\x1B[22m\n' +
        '\x1B[2m    - user-agent: Mozilla/5.0 (Linux; Android 14; Pixel 7) AppleWebKit/537.36 (KHTML, like Gecko) Chrome/151.0.7922.34 Mobile Safari/537.36\x1B[22m\n' +
        '\x1B[2m    - accept: */*\x1B[22m\n' +
        '\x1B[2m    - accept-encoding: gzip,deflate,br\x1B[22m\n' +
        '\x1B[2m    - content-type: application/json\x1B[22m\n' +
        '\x1B[2m    - content-length: 53\x1B[22m\n',
      stack: 'Error: apiRequestContext.post: connect ECONNREFUSED ::1:4000\n' +
        'Call log:\n' +
        '\x1B[2m  - → POST http://localhost:4000/api/auth/login\x1B[22m\n' +
        '\x1B[2m    - user-agent: Mozilla/5.0 (Linux; Android 14; Pixel 7) AppleWebKit/537.36 (KHTML, like Gecko) Chrome/151.0.7922.34 Mobile Safari/537.36\x1B[22m\n' +
        '\x1B[2m    - accept: */*\x1B[22m\n' +
        '\x1B[2m    - accept-encoding: gzip,deflate,br\x1B[22m\n' +
        '\x1B[2m    - content-type: application/json\x1B[22m\n' +
        '\x1B[2m    - content-length: 53\x1B[22m\n' +
        '\n' +
        '    at apiRequestContext.post: connect ECONNREFUSED ::1:4000\n' +
        '    at AuthenticatedPage.loginViaApi (/home/tbaltzakis/cloudless.gr/e2e/helpers/page-helpers.ts:63:48)\n' +
        '    at /home/tbaltzakis/cloudless.gr/e2e/journeys/auth-journey.spec.ts:397:22',
      cause: undefined
    }
  }
}
  ✘  5627 [mobile-chrome] › e2e/journeys/auth-journey.spec.ts:395:9 › Authentication Journey › Session Persistence › should maintain session across navigation (retry #1) (589ms)
  ✘  5629 [mobile-chrome] › e2e/journeys/auth-journey.spec.ts:460:9 › Authentication Journey › Responsive Design › should work correctly on tablet (276ms)
  ✘  5630 [mobile-chrome] › e2e/journeys/auth-journey.spec.ts:496:9 › Authentication Journey › Responsive Design › should work correctly on desktop (295ms)
  ✘  5631 [mobile-chrome] › e2e/journeys/auth-journey.spec.ts:460:9 › Authentication Journey › Responsive Design › should work correctly on tablet (retry #1) (300ms)
  ✘  5632 [mobile-chrome] › e2e/journeys/auth-journey.spec.ts:496:9 › Authentication Journey › Responsive Design › should work correctly on desktop (retry #1) (273ms)
  ✘  5633 [mobile-chrome] › e2e/journeys/auth-journey.spec.ts:534:9 › Authentication Journey › Accessibility › should have accessible login form (261ms)
  ✘  5634 [mobile-chrome] › e2e/journeys/auth-journey.spec.ts:580:9 › Authentication Journey › Accessibility › should have accessible registration form (231ms)
  ✘  5635 [mobile-chrome] › e2e/journeys/auth-journey.spec.ts:534:9 › Authentication Journey › Accessibility › should have accessible login form (retry #1) (247ms)
  ✘  5636 [mobile-chrome] › e2e/journeys/auth-journey.spec.ts:580:9 › Authentication Journey › Accessibility › should have accessible registration form (retry #1) (237ms)
  ✘  5637 [mobile-chrome] › e2e/journeys/auth-journey.spec.ts:648:9 › Authentication Journey › Performance › should load login page within reasonable time (240ms)
  ✘  5638 [mobile-chrome] › e2e/journeys/auth-journey.spec.ts:664:9 › Authentication Journey › Performance › should complete login process within reasonable time (237ms)
  ✘  5639 [mobile-chrome] › e2e/journeys/auth-journey.spec.ts:648:9 › Authentication Journey › Performance › should load login page within reasonable time (retry #1) (248ms)
  ✘  5640 [mobile-chrome] › e2e/journeys/auth-journey.spec.ts:664:9 › Authentication Journey › Performance › should complete login process within reasonable time (retry #1) (272ms)
  ✘  5641 [mobile-chrome] › e2e/journeys/blog-journey.spec.ts:15:7 › Blog User Journey › should allow user to browse blog posts (247ms)
  ✘  5642 [mobile-chrome] › e2e/journeys/blog-journey.spec.ts:31:7 › Blog User Journey › should allow user to view individual blog post (240ms)
  ✘  5643 [mobile-chrome] › e2e/journeys/blog-journey.spec.ts:15:7 › Blog User Journey › should allow user to browse blog posts (retry #1) (264ms)
  ✘  5644 [mobile-chrome] › e2e/journeys/blog-journey.spec.ts:31:7 › Blog User Journey › should allow user to view individual blog post (retry #1) (281ms)
  ✘  5645 [mobile-chrome] › e2e/journeys/blog-journey.spec.ts:53:7 › Blog User Journey › should allow user to search blog posts (249ms)
  ✘  5646 [mobile-chrome] › e2e/journeys/blog-journey.spec.ts:72:7 › Blog User Journey › should allow user to filter blog by category or tag (238ms)
  ✘  5647 [mobile-chrome] › e2e/journeys/blog-journey.spec.ts:53:7 › Blog User Journey › should allow user to search blog posts (retry #1) (262ms)
  ✘  5648 [mobile-chrome] › e2e/journeys/blog-journey.spec.ts:72:7 › Blog User Journey › should allow user to filter blog by category or tag (retry #1) (292ms)
  ✘  5649 [mobile-chrome] › e2e/journeys/blog-journey.spec.ts:89:7 › Blog User Journey › should allow user to subscribe to blog newsletter (272ms)
  ✘  5650 [mobile-chrome] › e2e/journeys/contact-journey.spec.ts:15:7 › Contact User Journey › should allow user to navigate to contact page (244ms)
  ✘  5651 [mobile-chrome] › e2e/journeys/blog-journey.spec.ts:89:7 › Blog User Journey › should allow user to subscribe to blog newsletter (retry #1) (260ms)
  ✘  5652 [mobile-chrome] › e2e/journeys/contact-journey.spec.ts:15:7 › Contact User Journey › should allow user to navigate to contact page (retry #1) (243ms)
  ✘  5653 [mobile-chrome] › e2e/journeys/contact-journey.spec.ts:25:7 › Contact User Journey › should display contact form with required fields (248ms)
  ✘  5654 [mobile-chrome] › e2e/journeys/contact-journey.spec.ts:40:7 › Contact User Journey › should allow user to submit contact form with valid data (227ms)
  ✘  5655 [mobile-chrome] › e2e/journeys/contact-journey.spec.ts:25:7 › Contact User Journey › should display contact form with required fields (retry #1) (258ms)
  ✘  5656 [mobile-chrome] › e2e/journeys/contact-journey.spec.ts:40:7 › Contact User Journey › should allow user to submit contact form with valid data (retry #1) (243ms)
  ✘  5657 [mobile-chrome] › e2e/journeys/contact-journey.spec.ts:60:7 › Contact User Journey › should validate contact form data and show errors for invalid input (231ms)
  ✘  5658 [mobile-chrome] › e2e/journeys/contact-journey.spec.ts:77:7 › Contact User Journey › should validate email format in contact form (236ms)
  ✘  5659 [mobile-chrome] › e2e/journeys/contact-journey.spec.ts:60:7 › Contact User Journey › should validate contact form data and show errors for invalid input (retry #1) (264ms)
  ✘  5660 [mobile-chrome] › e2e/journeys/contact-journey.spec.ts:77:7 › Contact User Journey › should validate email format in contact form (retry #1) (253ms)
  ✘  5661 [mobile-chrome] › e2e/journeys/contact-journey.spec.ts:97:7 › Contact User Journey › should allow user to view contact information (phone, address, etc.) (219ms)
  ✘  5662 [mobile-chrome] › e2e/journeys/ecommerce-journey.spec.ts:16:7 › E-commerce User Journey › should allow user to browse products and add to cart (237ms)
  ✘  5663 [mobile-chrome] › e2e/journeys/contact-journey.spec.ts:97:7 › Contact User Journey › should allow user to view contact information (phone, address, etc.) (retry #1) (248ms)
  ✘  5664 [mobile-chrome] › e2e/journeys/ecommerce-journey.spec.ts:16:7 › E-commerce User Journey › should allow user to browse products and add to cart (retry #1) (234ms)
  ✘  5665 [mobile-chrome] › e2e/journeys/ecommerce-journey.spec.ts:59:9 › E-commerce User Journey › should allow user to view cart and proceed to checkout (219ms)
  ✘  5666 [mobile-chrome] › e2e/journeys/ecommerce-journey.spec.ts:257:7 › E-commerce User Journey › should allow user to complete checkout process (224ms)
  ✘  5667 [mobile-chrome] › e2e/journeys/ecommerce-journey.spec.ts:59:9 › E-commerce User Journey › should allow user to view cart and proceed to checkout (retry #1) (248ms)
  ✘  5668 [mobile-chrome] › e2e/journeys/ecommerce-journey.spec.ts:257:7 › E-commerce User Journey › should allow user to complete checkout process (retry #1) (271ms)
  ✘  5669 [mobile-chrome] › e2e/journeys/ecommerce-journey.spec.ts:480:7 › E-commerce User Journey › should allow user to view order history (220ms)
  ✘  5670 [mobile-chrome] › e2e/journeys/ecommerce-journey.spec.ts:509:7 › E-commerce User Journey › should allow user to manage profile (231ms)
  ✘  5671 [mobile-chrome] › e2e/journeys/ecommerce-journey.spec.ts:480:7 › E-commerce User Journey › should allow user to view order history (retry #1) (275ms)
  ✘  5672 [mobile-chrome] › e2e/journeys/ecommerce-journey.spec.ts:509:7 › E-commerce User Journey › should allow user to manage profile (retry #1) (250ms)
  ✘  5673 [mobile-chrome] › e2e/locale-pages-sweep.spec.ts:57:11 › Locale: el — public pages › /el renders without missing-translation 5xx (230ms)
  -  5675 [mobile-chrome] › e2e/locale-pages-sweep.spec.ts:57:11 › Locale: el — public pages › /el/services renders without missing-translation 5xx
  -  5676 [mobile-chrome] › e2e/locale-pages-sweep.spec.ts:57:11 › Locale: el — public pages › /el/blog renders without missing-translation 5xx
  -  5677 [mobile-chrome] › e2e/locale-pages-sweep.spec.ts:57:11 › Locale: el — public pages › /el/case-studies renders without missing-translation 5xx
  -  5678 [mobile-chrome] › e2e/locale-pages-sweep.spec.ts:57:11 › Locale: el — public pages › /el/docs renders without missing-translation 5xx
  -  5679 [mobile-chrome] › e2e/locale-pages-sweep.spec.ts:57:11 › Locale: el — public pages › /el/contact renders without missing-translation 5xx
  -  5680 [mobile-chrome] › e2e/locale-pages-sweep.spec.ts:57:11 › Locale: el — public pages › /el/privacy renders without missing-translation 5xx
  -  5681 [mobile-chrome] › e2e/locale-pages-sweep.spec.ts:57:11 › Locale: el — public pages › /el/terms renders without missing-translation 5xx
  -  5682 [mobile-chrome] › e2e/locale-pages-sweep.spec.ts:57:11 › Locale: el — public pages › /el/cookies renders without missing-translation 5xx
  -  5683 [mobile-chrome] › e2e/locale-pages-sweep.spec.ts:57:11 › Locale: el — public pages › /el/refund renders without missing-translation 5xx
  -  5684 [mobile-chrome] › e2e/locale-pages-sweep.spec.ts:57:11 › Locale: el — public pages › /el/work renders without missing-translation 5xx
  -  5685 [mobile-chrome] › e2e/locale-pages-sweep.spec.ts:57:11 › Locale: el — public pages › /el/store renders without missing-translation 5xx
  -  5686 [mobile-chrome] › e2e/locale-pages-sweep.spec.ts:79:11 › Locale: el — auth pages › /el/auth/login renders without missing-translation 5xx
  -  5687 [mobile-chrome] › e2e/locale-pages-sweep.spec.ts:79:11 › Locale: el — auth pages › /el/auth/signup renders without missing-translation 5xx
  -  5688 [mobile-chrome] › e2e/locale-pages-sweep.spec.ts:79:11 › Locale: el — auth pages › /el/auth/forgot-password renders without missing-translation 5xx
  -  5689 [mobile-chrome] › e2e/locale-pages-sweep.spec.ts:57:11 › Locale: fr — public pages › /fr renders without missing-translation 5xx
  -  5690 [mobile-chrome] › e2e/locale-pages-sweep.spec.ts:57:11 › Locale: fr — public pages › /fr/services renders without missing-translation 5xx
  -  5691 [mobile-chrome] › e2e/locale-pages-sweep.spec.ts:57:11 › Locale: fr — public pages › /fr/blog renders without missing-translation 5xx
  -  5692 [mobile-chrome] › e2e/locale-pages-sweep.spec.ts:57:11 › Locale: fr — public pages › /fr/case-studies renders without missing-translation 5xx
  -  5693 [mobile-chrome] › e2e/locale-pages-sweep.spec.ts:57:11 › Locale: fr — public pages › /fr/docs renders without missing-translation 5xx
  -  5694 [mobile-chrome] › e2e/locale-pages-sweep.spec.ts:57:11 › Locale: fr — public pages › /fr/contact renders without missing-translation 5xx
  -  5695 [mobile-chrome] › e2e/locale-pages-sweep.spec.ts:57:11 › Locale: fr — public pages › /fr/privacy renders without missing-translation 5xx
  -  5696 [mobile-chrome] › e2e/locale-pages-sweep.spec.ts:57:11 › Locale: fr — public pages › /fr/terms renders without missing-translation 5xx
  -  5697 [mobile-chrome] › e2e/locale-pages-sweep.spec.ts:57:11 › Locale: fr — public pages › /fr/cookies renders without missing-translation 5xx
  -  5698 [mobile-chrome] › e2e/locale-pages-sweep.spec.ts:57:11 › Locale: fr — public pages › /fr/refund renders without missing-translation 5xx
  -  5699 [mobile-chrome] › e2e/locale-pages-sweep.spec.ts:57:11 › Locale: fr — public pages › /fr/work renders without missing-translation 5xx
  -  5700 [mobile-chrome] › e2e/locale-pages-sweep.spec.ts:57:11 › Locale: fr — public pages › /fr/store renders without missing-translation 5xx
  -  5701 [mobile-chrome] › e2e/locale-pages-sweep.spec.ts:79:11 › Locale: fr — auth pages › /fr/auth/login renders without missing-translation 5xx
  -  5702 [mobile-chrome] › e2e/locale-pages-sweep.spec.ts:79:11 › Locale: fr — auth pages › /fr/auth/signup renders without missing-translation 5xx
  -  5703 [mobile-chrome] › e2e/locale-pages-sweep.spec.ts:79:11 › Locale: fr — auth pages › /fr/auth/forgot-password renders without missing-translation 5xx
  -  5704 [mobile-chrome] › e2e/locale-pages-sweep.spec.ts:57:11 › Locale: de — public pages › /de renders without missing-translation 5xx
  -  5705 [mobile-chrome] › e2e/locale-pages-sweep.spec.ts:57:11 › Locale: de — public pages › /de/services renders without missing-translation 5xx
  -  5706 [mobile-chrome] › e2e/locale-pages-sweep.spec.ts:57:11 › Locale: de — public pages › /de/blog renders without missing-translation 5xx
  -  5707 [mobile-chrome] › e2e/locale-pages-sweep.spec.ts:57:11 › Locale: de — public pages › /de/case-studies renders without missing-translation 5xx
  -  5708 [mobile-chrome] › e2e/locale-pages-sweep.spec.ts:57:11 › Locale: de — public pages › /de/docs renders without missing-translation 5xx
  -  5709 [mobile-chrome] › e2e/locale-pages-sweep.spec.ts:57:11 › Locale: de — public pages › /de/contact renders without missing-translation 5xx
  -  5710 [mobile-chrome] › e2e/locale-pages-sweep.spec.ts:57:11 › Locale: de — public pages › /de/privacy renders without missing-translation 5xx
  -  5711 [mobile-chrome] › e2e/locale-pages-sweep.spec.ts:57:11 › Locale: de — public pages › /de/terms renders without missing-translation 5xx
  -  5712 [mobile-chrome] › e2e/locale-pages-sweep.spec.ts:57:11 › Locale: de — public pages › /de/cookies renders without missing-translation 5xx
  -  5713 [mobile-chrome] › e2e/locale-pages-sweep.spec.ts:57:11 › Locale: de — public pages › /de/refund renders without missing-translation 5xx
  -  5714 [mobile-chrome] › e2e/locale-pages-sweep.spec.ts:57:11 › Locale: de — public pages › /de/work renders without missing-translation 5xx
  -  5715 [mobile-chrome] › e2e/locale-pages-sweep.spec.ts:57:11 › Locale: de — public pages › /de/store renders without missing-translation 5xx
  -  5716 [mobile-chrome] › e2e/locale-pages-sweep.spec.ts:79:11 › Locale: de — auth pages › /de/auth/login renders without missing-translation 5xx
  -  5717 [mobile-chrome] › e2e/locale-pages-sweep.spec.ts:79:11 › Locale: de — auth pages › /de/auth/signup renders without missing-translation 5xx
  -  5718 [mobile-chrome] › e2e/locale-pages-sweep.spec.ts:79:11 › Locale: de — auth pages › /de/auth/forgot-password renders without missing-translation 5xx
  -  5719 [mobile-chrome] › e2e/locale-pages-sweep.spec.ts:92:7 › Locale switcher behaviour › navigating between locales preserves the path
  ✘  5674 [mobile-chrome] › e2e/migrated/admin-api.spec.ts:37:9 › Admin API — auth-gated mounted routes › GET /api/admin/calendar rejects unauthenticated requests with 401/403 (322ms)
  ✘  5720 [mobile-chrome] › e2e/locale-pages-sweep.spec.ts:57:11 › Locale: el — public pages › /el renders without missing-translation 5xx (retry #1) (246ms)
  -  5722 [mobile-chrome] › e2e/locale-pages-sweep.spec.ts:57:11 › Locale: el — public pages › /el/services renders without missing-translation 5xx (retry #1)
  -  5723 [mobile-chrome] › e2e/locale-pages-sweep.spec.ts:57:11 › Locale: el — public pages › /el/blog renders without missing-translation 5xx (retry #1)
  -  5724 [mobile-chrome] › e2e/locale-pages-sweep.spec.ts:57:11 › Locale: el — public pages › /el/case-studies renders without missing-translation 5xx (retry #1)
  -  5725 [mobile-chrome] › e2e/locale-pages-sweep.spec.ts:57:11 › Locale: el — public pages › /el/docs renders without missing-translation 5xx (retry #1)
  -  5726 [mobile-chrome] › e2e/locale-pages-sweep.spec.ts:57:11 › Locale: el — public pages › /el/contact renders without missing-translation 5xx (retry #1)
  -  5727 [mobile-chrome] › e2e/locale-pages-sweep.spec.ts:57:11 › Locale: el — public pages › /el/privacy renders without missing-translation 5xx (retry #1)
  -  5728 [mobile-chrome] › e2e/locale-pages-sweep.spec.ts:57:11 › Locale: el — public pages › /el/terms renders without missing-translation 5xx (retry #1)
  -  5729 [mobile-chrome] › e2e/locale-pages-sweep.spec.ts:57:11 › Locale: el — public pages › /el/cookies renders without missing-translation 5xx (retry #1)
  -  5730 [mobile-chrome] › e2e/locale-pages-sweep.spec.ts:57:11 › Locale: el — public pages › /el/refund renders without missing-translation 5xx (retry #1)
  -  5731 [mobile-chrome] › e2e/locale-pages-sweep.spec.ts:57:11 › Locale: el — public pages › /el/work renders without missing-translation 5xx (retry #1)
  -  5732 [mobile-chrome] › e2e/locale-pages-sweep.spec.ts:57:11 › Locale: el — public pages › /el/store renders without missing-translation 5xx (retry #1)
  -  5733 [mobile-chrome] › e2e/locale-pages-sweep.spec.ts:79:11 › Locale: el — auth pages › /el/auth/login renders without missing-translation 5xx (retry #1)
  -  5734 [mobile-chrome] › e2e/locale-pages-sweep.spec.ts:79:11 › Locale: el — auth pages › /el/auth/signup renders without missing-translation 5xx (retry #1)
  -  5735 [mobile-chrome] › e2e/locale-pages-sweep.spec.ts:79:11 › Locale: el — auth pages › /el/auth/forgot-password renders without missing-translation 5xx (retry #1)
  -  5736 [mobile-chrome] › e2e/locale-pages-sweep.spec.ts:57:11 › Locale: fr — public pages › /fr renders without missing-translation 5xx (retry #1)
  -  5737 [mobile-chrome] › e2e/locale-pages-sweep.spec.ts:57:11 › Locale: fr — public pages › /fr/services renders without missing-translation 5xx (retry #1)
  -  5738 [mobile-chrome] › e2e/locale-pages-sweep.spec.ts:57:11 › Locale: fr — public pages › /fr/blog renders without missing-translation 5xx (retry #1)
  -  5739 [mobile-chrome] › e2e/locale-pages-sweep.spec.ts:57:11 › Locale: fr — public pages › /fr/case-studies renders without missing-translation 5xx (retry #1)
  -  5740 [mobile-chrome] › e2e/locale-pages-sweep.spec.ts:57:11 › Locale: fr — public pages › /fr/docs renders without missing-translation 5xx (retry #1)
  -  5741 [mobile-chrome] › e2e/locale-pages-sweep.spec.ts:57:11 › Locale: fr — public pages › /fr/contact renders without missing-translation 5xx (retry #1)
  -  5742 [mobile-chrome] › e2e/locale-pages-sweep.spec.ts:57:11 › Locale: fr — public pages › /fr/privacy renders without missing-translation 5xx (retry #1)
  -  5743 [mobile-chrome] › e2e/locale-pages-sweep.spec.ts:57:11 › Locale: fr — public pages › /fr/terms renders without missing-translation 5xx (retry #1)
  -  5744 [mobile-chrome] › e2e/locale-pages-sweep.spec.ts:57:11 › Locale: fr — public pages › /fr/cookies renders without missing-translation 5xx (retry #1)
  -  5745 [mobile-chrome] › e2e/locale-pages-sweep.spec.ts:57:11 › Locale: fr — public pages › /fr/refund renders without missing-translation 5xx (retry #1)
  -  5746 [mobile-chrome] › e2e/locale-pages-sweep.spec.ts:57:11 › Locale: fr — public pages › /fr/work renders without missing-translation 5xx (retry #1)
  -  5747 [mobile-chrome] › e2e/locale-pages-sweep.spec.ts:57:11 › Locale: fr — public pages › /fr/store renders without missing-translation 5xx (retry #1)
  -  5748 [mobile-chrome] › e2e/locale-pages-sweep.spec.ts:79:11 › Locale: fr — auth pages › /fr/auth/login renders without missing-translation 5xx (retry #1)
  -  5749 [mobile-chrome] › e2e/locale-pages-sweep.spec.ts:79:11 › Locale: fr — auth pages › /fr/auth/signup renders without missing-translation 5xx (retry #1)
  -  5750 [mobile-chrome] › e2e/locale-pages-sweep.spec.ts:79:11 › Locale: fr — auth pages › /fr/auth/forgot-password renders without missing-translation 5xx (retry #1)
  -  5751 [mobile-chrome] › e2e/locale-pages-sweep.spec.ts:57:11 › Locale: de — public pages › /de renders without missing-translation 5xx (retry #1)
  -  5752 [mobile-chrome] › e2e/locale-pages-sweep.spec.ts:57:11 › Locale: de — public pages › /de/services renders without missing-translation 5xx (retry #1)
  -  5753 [mobile-chrome] › e2e/locale-pages-sweep.spec.ts:57:11 › Locale: de — public pages › /de/blog renders without missing-translation 5xx (retry #1)
  -  5754 [mobile-chrome] › e2e/locale-pages-sweep.spec.ts:57:11 › Locale: de — public pages › /de/case-studies renders without missing-translation 5xx (retry #1)
  -  5755 [mobile-chrome] › e2e/locale-pages-sweep.spec.ts:57:11 › Locale: de — public pages › /de/docs renders without missing-translation 5xx (retry #1)
  -  5756 [mobile-chrome] › e2e/locale-pages-sweep.spec.ts:57:11 › Locale: de — public pages › /de/contact renders without missing-translation 5xx (retry #1)
  -  5757 [mobile-chrome] › e2e/locale-pages-sweep.spec.ts:57:11 › Locale: de — public pages › /de/privacy renders without missing-translation 5xx (retry #1)
  -  5758 [mobile-chrome] › e2e/locale-pages-sweep.spec.ts:57:11 › Locale: de — public pages › /de/terms renders without missing-translation 5xx (retry #1)
  -  5759 [mobile-chrome] › e2e/locale-pages-sweep.spec.ts:57:11 › Locale: de — public pages › /de/cookies renders without missing-translation 5xx (retry #1)
  -  5760 [mobile-chrome] › e2e/locale-pages-sweep.spec.ts:57:11 › Locale: de — public pages › /de/refund renders without missing-translation 5xx (retry #1)
  -  5761 [mobile-chrome] › e2e/locale-pages-sweep.spec.ts:57:11 › Locale: de — public pages › /de/work renders without missing-translation 5xx (retry #1)
  -  5762 [mobile-chrome] › e2e/locale-pages-sweep.spec.ts:57:11 › Locale: de — public pages › /de/store renders without missing-translation 5xx (retry #1)
  -  5763 [mobile-chrome] › e2e/locale-pages-sweep.spec.ts:79:11 › Locale: de — auth pages › /de/auth/login renders without missing-translation 5xx (retry #1)
  -  5764 [mobile-chrome] › e2e/locale-pages-sweep.spec.ts:79:11 › Locale: de — auth pages › /de/auth/signup renders without missing-translation 5xx (retry #1)
  -  5765 [mobile-chrome] › e2e/locale-pages-sweep.spec.ts:79:11 › Locale: de — auth pages › /de/auth/forgot-password renders without missing-translation 5xx (retry #1)
  -  5766 [mobile-chrome] › e2e/locale-pages-sweep.spec.ts:92:7 › Locale switcher behaviour › navigating between locales preserves the path (retry #1)
  ✘  5721 [mobile-chrome] › e2e/migrated/admin-api.spec.ts:37:9 › Admin API — auth-gated mounted routes › GET /api/admin/calendar rejects unauthenticated requests with 401/403 (retry #1) (336ms)
  ✘  5767 [mobile-chrome] › e2e/migrated/admin-api.spec.ts:37:9 › Admin API — auth-gated mounted routes › GET /api/admin/kpi rejects unauthenticated requests with 401/403 (322ms)
  ✘  5768 [mobile-chrome] › e2e/migrated/admin-api.spec.ts:37:9 › Admin API — auth-gated mounted routes › GET /api/admin/notion/blog rejects unauthenticated requests with 401/403 (321ms)
  ✘  5769 [mobile-chrome] › e2e/migrated/admin-api.spec.ts:37:9 › Admin API — auth-gated mounted routes › GET /api/admin/kpi rejects unauthenticated requests with 401/403 (retry #1) (334ms)
  ✘  5770 [mobile-chrome] › e2e/migrated/admin-api.spec.ts:37:9 › Admin API — auth-gated mounted routes › GET /api/admin/notion/blog rejects unauthenticated requests with 401/403 (retry #1) (337ms)
  ✘  5771 [mobile-chrome] › e2e/migrated/admin-api.spec.ts:37:9 › Admin API — auth-gated mounted routes › GET /api/admin/notion/docs rejects unauthenticated requests with 401/403 (321ms)
  ✘  5772 [mobile-chrome] › e2e/migrated/admin-api.spec.ts:37:9 › Admin API — auth-gated mounted routes › GET /api/admin/notion/submissions rejects unauthenticated requests with 401/403 (322ms)
  ✘  5773 [mobile-chrome] › e2e/migrated/admin-api.spec.ts:37:9 › Admin API — auth-gated mounted routes › GET /api/admin/notion/docs rejects unauthenticated requests with 401/403 (retry #1) (338ms)
  ✘  5774 [mobile-chrome] › e2e/migrated/admin-api.spec.ts:37:9 › Admin API — auth-gated mounted routes › GET /api/admin/notion/submissions rejects unauthenticated requests with 401/403 (retry #1) (341ms)
  ✘  5775 [mobile-chrome] › e2e/migrated/admin-api.spec.ts:37:9 › Admin API — auth-gated mounted routes › GET /api/admin/notion/tasks rejects unauthenticated requests with 401/403 (323ms)
  ✘  5776 [mobile-chrome] › e2e/migrated/admin-api.spec.ts:37:9 › Admin API — auth-gated mounted routes › GET /api/admin/ab-tests rejects unauthenticated requests with 401/403 (323ms)
  ✘  5777 [mobile-chrome] › e2e/migrated/admin-api.spec.ts:37:9 › Admin API — auth-gated mounted routes › GET /api/admin/notion/tasks rejects unauthenticated requests with 401/403 (retry #1) (335ms)
  ✘  5778 [mobile-chrome] › e2e/migrated/admin-api.spec.ts:37:9 › Admin API — auth-gated mounted routes › GET /api/admin/ab-tests rejects unauthenticated requests with 401/403 (retry #1) (355ms)
  ✘  5779 [mobile-chrome] › e2e/migrated/admin-api.spec.ts:37:9 › Admin API — auth-gated mounted routes › GET /api/admin/client-portals rejects unauthenticated requests with 401/403 (323ms)
  ✘  5780 [mobile-chrome] › e2e/migrated/admin-api.spec.ts:37:9 › Admin API — auth-gated mounted routes › GET /api/admin/users rejects unauthenticated requests with 401/403 (321ms)
  ✘  5781 [mobile-chrome] › e2e/migrated/admin-api.spec.ts:37:9 › Admin API — auth-gated mounted routes › GET /api/admin/client-portals rejects unauthenticated requests with 401/403 (retry #1) (335ms)
  ✘  5782 [mobile-chrome] › e2e/migrated/admin-api.spec.ts:37:9 › Admin API — auth-gated mounted routes › GET /api/admin/users rejects unauthenticated requests with 401/403 (retry #1) (336ms)
  ✘  5783 [mobile-chrome] › e2e/migrated/admin-api.spec.ts:37:9 › Admin API — auth-gated mounted routes › GET /api/admin/workspaces rejects unauthenticated requests with 401/403 (322ms)
  ✘  5784 [mobile-chrome] › e2e/migrated/admin-api.spec.ts:37:9 › Admin API — auth-gated mounted routes › GET /api/admin/orders rejects unauthenticated requests with 401/403 (320ms)
  ✘  5785 [mobile-chrome] › e2e/migrated/admin-api.spec.ts:37:9 › Admin API — auth-gated mounted routes › GET /api/admin/workspaces rejects unauthenticated requests with 401/403 (retry #1) (337ms)
  ✘  5786 [mobile-chrome] › e2e/migrated/admin-api.spec.ts:37:9 › Admin API — auth-gated mounted routes › GET /api/admin/orders rejects unauthenticated requests with 401/403 (retry #1) (337ms)
  ✘  5787 [mobile-chrome] › e2e/migrated/admin-api.spec.ts:37:9 › Admin API — auth-gated mounted routes › GET /api/admin/integrations/status rejects unauthenticated requests with 401/403 (322ms)
  ✘  5788 [mobile-chrome] › e2e/migrated/admin-api.spec.ts:37:9 › Admin API — auth-gated mounted routes › GET /api/admin/notifications rejects unauthenticated requests with 401/403 (319ms)
  ✘  5789 [mobile-chrome] › e2e/migrated/admin-api.spec.ts:37:9 › Admin API — auth-gated mounted routes › GET /api/admin/integrations/status rejects unauthenticated requests with 401/403 (retry #1) (335ms)
  ✘  5790 [mobile-chrome] › e2e/migrated/admin-api.spec.ts:37:9 › Admin API — auth-gated mounted routes › GET /api/admin/notifications rejects unauthenticated requests with 401/403 (retry #1) (336ms)
  ✘  5791 [mobile-chrome] › e2e/migrated/admin-api.spec.ts:37:9 › Admin API — auth-gated mounted routes › GET /api/admin/ops/monitor rejects unauthenticated requests with 401/403 (320ms)
  ✘  5792 [mobile-chrome] › e2e/migrated/admin-api.spec.ts:57:9 › Admin API — unmounted parent paths › GET /api/admin/analytics is the not-found HTML page (no API exposed) (321ms)
  ✘  5793 [mobile-chrome] › e2e/migrated/admin-api.spec.ts:37:9 › Admin API — auth-gated mounted routes › GET /api/admin/ops/monitor rejects unauthenticated requests with 401/403 (retry #1) (336ms)
  ✘  5794 [mobile-chrome] › e2e/migrated/admin-api.spec.ts:57:9 › Admin API — unmounted parent paths › GET /api/admin/analytics is the not-found HTML page (no API exposed) (retry #1) (341ms)
  ✘  5795 [mobile-chrome] › e2e/migrated/admin-api.spec.ts:57:9 › Admin API — unmounted parent paths › GET /api/admin/campaigns is the not-found HTML page (no API exposed) (331ms)
  ✘  5796 [mobile-chrome] › e2e/migrated/admin-api.spec.ts:57:9 › Admin API — unmounted parent paths › GET /api/admin/crm is the not-found HTML page (no API exposed) (321ms)
  ✘  5797 [mobile-chrome] › e2e/migrated/admin-api.spec.ts:57:9 › Admin API — unmounted parent paths › GET /api/admin/campaigns is the not-found HTML page (no API exposed) (retry #1) (333ms)
  ✘  5798 [mobile-chrome] › e2e/migrated/admin-api.spec.ts:57:9 › Admin API — unmounted parent paths › GET /api/admin/crm is the not-found HTML page (no API exposed) (retry #1) (335ms)
  ✘  5799 [mobile-chrome] › e2e/migrated/admin-api.spec.ts:57:9 › Admin API — unmounted parent paths › GET /api/admin/email is the not-found HTML page (no API exposed) (321ms)
  ✘  5800 [mobile-chrome] › e2e/migrated/admin-api.spec.ts:57:9 › Admin API — unmounted parent paths › GET /api/admin/pipeline is the not-found HTML page (no API exposed) (321ms)
  ✘  5801 [mobile-chrome] › e2e/migrated/admin-api.spec.ts:57:9 › Admin API — unmounted parent paths › GET /api/admin/email is the not-found HTML page (no API exposed) (retry #1) (337ms)
  ✘  5802 [mobile-chrome] › e2e/migrated/admin-api.spec.ts:57:9 › Admin API — unmounted parent paths › GET /api/admin/pipeline is the not-found HTML page (no API exposed) (retry #1) (335ms)
  ✘  5803 [mobile-chrome] › e2e/migrated/admin-api.spec.ts:57:9 › Admin API — unmounted parent paths › GET /api/admin/projects is the not-found HTML page (no API exposed) (323ms)
  ✘  5804 [mobile-chrome] › e2e/migrated/admin-api.spec.ts:68:7 › Admin API — cache control › GET /api/admin/cache returns 401 or 405 (321ms)
  ✘  5805 [mobile-chrome] › e2e/migrated/admin-api.spec.ts:57:9 › Admin API — unmounted parent paths › GET /api/admin/projects is the not-found HTML page (no API exposed) (retry #1) (335ms)
  ✘  5806 [mobile-chrome] › e2e/migrated/admin-api.spec.ts:68:7 › Admin API — cache control › GET /api/admin/cache returns 401 or 405 (retry #1) (334ms)
  ✘  5807 [mobile-chrome] › e2e/migrated/admin-api.spec.ts:75:7 › Admin API — POST endpoints require auth › POST /api/admin/ai/analytics-orchestration without auth → 401 (321ms)
  ✘  5808 [mobile-chrome] › e2e/migrated/admin-api.spec.ts:80:7 › Admin API — POST endpoints require auth › POST /api/admin/ai/analytics-orchestration/pdf without auth → 401 (320ms)
  ✘  5809 [mobile-chrome] › e2e/migrated/admin-api.spec.ts:75:7 › Admin API — POST endpoints require auth › POST /api/admin/ai/analytics-orchestration without auth → 401 (retry #1) (339ms)
  ✘  5810 [mobile-chrome] › e2e/migrated/admin-api.spec.ts:80:7 › Admin API — POST endpoints require auth › POST /api/admin/ai/analytics-orchestration/pdf without auth → 401 (retry #1) (335ms)
  ✘  5811 [mobile-chrome] › e2e/migrated/i18n-branches.spec.ts:9:7 › Locale negotiation branches › root / redirects to default locale (322ms)
  ✘  5812 [mobile-chrome] › e2e/migrated/i18n-branches.spec.ts:18:7 › Locale negotiation branches › Accept-Language: el prefers Greek (321ms)
  ✘  5813 [mobile-chrome] › e2e/migrated/i18n-branches.spec.ts:9:7 › Locale negotiation branches › root / redirects to default locale (retry #1) (335ms)
  ✘  5814 [mobile-chrome] › e2e/migrated/i18n-branches.spec.ts:18:7 › Locale negotiation branches › Accept-Language: el prefers Greek (retry #1) (337ms)
  ✘  5815 [mobile-chrome] › e2e/migrated/i18n-branches.spec.ts:30:7 › Locale negotiation branches › known locale /en returns 200 (321ms)
  ✘  5816 [mobile-chrome] › e2e/migrated/i18n-branches.spec.ts:35:7 › Locale negotiation branches › known locale /el returns 200 (322ms)
  ✘  5817 [mobile-chrome] › e2e/migrated/i18n-branches.spec.ts:30:7 › Locale negotiation branches › known locale /en returns 200 (retry #1) (337ms)
  ✘  5818 [mobile-chrome] › e2e/migrated/i18n-branches.spec.ts:35:7 › Locale negotiation branches › known locale /el returns 200 (retry #1) (332ms)
  ✘  5819 [mobile-chrome] › e2e/migrated/i18n-branches.spec.ts:40:7 › Locale negotiation branches › unknown locale /zz falls back or 404s (320ms)
  ✘  5820 [mobile-chrome] › e2e/migrated/i18n-branches.spec.ts:45:7 › Locale negotiation branches › invalid locale code with special chars 404s (321ms)
  ✘  5821 [mobile-chrome] › e2e/migrated/i18n-branches.spec.ts:40:7 › Locale negotiation branches › unknown locale /zz falls back or 404s (retry #1) (334ms)
  ✘  5822 [mobile-chrome] › e2e/migrated/i18n-branches.spec.ts:45:7 › Locale negotiation branches › invalid locale code with special chars 404s (retry #1) (334ms)
  ✘  5823 [mobile-chrome] › e2e/migrated/i18n-branches.spec.ts:50:7 › Locale negotiation branches › HTML lang attribute matches the served locale (233ms)
  ✘  5824 [mobile-chrome] › e2e/migrated/i18n-branches.spec.ts:58:7 › Locale-aware navigation links › internal links carry the active locale prefix (240ms)
  ✘  5825 [mobile-chrome] › e2e/migrated/i18n-branches.spec.ts:50:7 › Locale negotiation branches › HTML lang attribute matches the served locale (retry #1) (243ms)
  ✘  5826 [mobile-chrome] › e2e/migrated/i18n-branches.spec.ts:58:7 › Locale-aware navigation links › internal links carry the active locale prefix (retry #1) (250ms)
  ✘  5827 [mobile-chrome] › e2e/migrated/integrations.spec.ts:4:7 › Calendar API › GET /api/calendar/availability responds (any 2xx-5xx accepted in CI/dev) (333ms)
  ✘  5828 [mobile-chrome] › e2e/migrated/integrations.spec.ts:11:7 › Blog (public) › GET /en/blog renders with a heading (234ms)
  ✘  5829 [mobile-chrome] › e2e/migrated/integrations.spec.ts:4:7 › Calendar API › GET /api/calendar/availability responds (any 2xx-5xx accepted in CI/dev) (retry #1) (336ms)
  ✘  5830 [mobile-chrome] › e2e/migrated/integrations.spec.ts:11:7 › Blog (public) › GET /en/blog renders with a heading (retry #1) (230ms)
  ✘  5831 [mobile-chrome] › e2e/migrated/integrations.spec.ts:20:9 › i18n routing › GET /en returns 200 (321ms)
  ✘  5832 [mobile-chrome] › e2e/migrated/integrations.spec.ts:20:9 › i18n routing › GET /el returns 200 (320ms)
  ✘  5833 [mobile-chrome] › e2e/migrated/integrations.spec.ts:20:9 › i18n routing › GET /en returns 200 (retry #1) (336ms)
  ✘  5834 [mobile-chrome] › e2e/migrated/integrations.spec.ts:20:9 › i18n routing › GET /el returns 200 (retry #1) (334ms)
  ✘  5835 [mobile-chrome] › e2e/migrated/integrations.spec.ts:26:7 › i18n routing › GET /zz unknown locale falls back or 404s (321ms)
  ✘  5836 [mobile-chrome] › e2e/migrated/integrations.spec.ts:33:7 › A/B flags › GET /api/ab/variant responds without 5xx (319ms)
  ✘  5837 [mobile-chrome] › e2e/migrated/integrations.spec.ts:26:7 › i18n routing › GET /zz unknown locale falls back or 404s (retry #1) (336ms)
  ✘  5838 [mobile-chrome] › e2e/migrated/integrations.spec.ts:33:7 › A/B flags › GET /api/ab/variant responds without 5xx (retry #1) (345ms)
  ✘  5839 [mobile-chrome] › e2e/migrated/integrations.spec.ts:40:7 › Search / Notion-backed lookups › GET /api/search responds without 5xx (322ms)
  ✘  5840 [mobile-chrome] › e2e/migrated/integrations.spec.ts:47:7 › Store page › /en/store loads with 200 and renders content (209ms)
  ✘  5841 [mobile-chrome] › e2e/migrated/integrations.spec.ts:40:7 › Search / Notion-backed lookups › GET /api/search responds without 5xx (retry #1) (337ms)
  ✘  5842 [mobile-chrome] › e2e/migrated/integrations.spec.ts:47:7 › Store page › /en/store loads with 200 and renders content (retry #1) (219ms)
  ✘  5843 [mobile-chrome] › e2e/migrated/jwt-branches.spec.ts:12:7 › Authorization header parsing branches › no header → 401 (321ms)
  ✘  5844 [mobile-chrome] › e2e/migrated/jwt-branches.spec.ts:17:7 › Authorization header parsing branches › empty Authorization → 401 (322ms)
  ✘  5845 [mobile-chrome] › e2e/migrated/jwt-branches.spec.ts:12:7 › Authorization header parsing branches › no header → 401 (retry #1) (334ms)
  ✘  5846 [mobile-chrome] › e2e/migrated/jwt-branches.spec.ts:17:7 › Authorization header parsing branches › empty Authorization → 401 (retry #1) (336ms)
  ✘  5847 [mobile-chrome] › e2e/migrated/jwt-branches.spec.ts:22:7 › Authorization header parsing branches › Authorization missing 'Bearer ' prefix → 401 (321ms)
  ✘  5848 [mobile-chrome] › e2e/migrated/jwt-branches.spec.ts:27:7 › Authorization header parsing branches › Authorization 'Bearer ' with empty token → 401 (322ms)
  ✘  5849 [mobile-chrome] › e2e/migrated/jwt-branches.spec.ts:22:7 › Authorization header parsing branches › Authorization missing 'Bearer ' prefix → 401 (retry #1) (335ms)
  ✘  5850 [mobile-chrome] › e2e/migrated/jwt-branches.spec.ts:27:7 › Authorization header parsing branches › Authorization 'Bearer ' with empty token → 401 (retry #1) (334ms)
  ✘  5851 [mobile-chrome] › e2e/migrated/jwt-branches.spec.ts:32:7 › Authorization header parsing branches › Authorization 'Bearer' (no space) → 401 (321ms)
  ✘  5852 [mobile-chrome] › e2e/migrated/jwt-branches.spec.ts:37:7 › Authorization header parsing branches › Authorization with non-JWT junk → 401 (339ms)
  ✘  5853 [mobile-chrome] › e2e/migrated/jwt-branches.spec.ts:32:7 › Authorization header parsing branches › Authorization 'Bearer' (no space) → 401 (retry #1) (343ms)
  ✘  5854 [mobile-chrome] › e2e/migrated/jwt-branches.spec.ts:37:7 › Authorization header parsing branches › Authorization with non-JWT junk → 401 (retry #1) (336ms)
  ✘  5855 [mobile-chrome] › e2e/migrated/jwt-branches.spec.ts:42:7 › Authorization header parsing branches › Authorization with structurally-valid JWT but bad signature → 401 (320ms)
  ✘  5856 [mobile-chrome] › e2e/migrated/jwt-branches.spec.ts:51:7 › Authorization header parsing branches › Authorization with lowercased 'bearer ' → 401 (320ms)
  ✘  5857 [mobile-chrome] › e2e/migrated/jwt-branches.spec.ts:42:7 › Authorization header parsing branches › Authorization with structurally-valid JWT but bad signature → 401 (retry #1) (334ms)
  ✘  5858 [mobile-chrome] › e2e/migrated/jwt-branches.spec.ts:51:7 › Authorization header parsing branches › Authorization with lowercased 'bearer ' → 401 (retry #1) (334ms)
  ✘  5859 [mobile-chrome] › e2e/migrated/public-api.spec.ts:7:7 › Public API — contract › GET /api/health returns 200 with status+timestamp+version (321ms)
  ✘  5860 [mobile-chrome] › e2e/migrated/public-api.spec.ts:16:7 › Public API — contract › POST /api/contact rejects empty body (321ms)
  ✘  5861 [mobile-chrome] › e2e/migrated/public-api.spec.ts:7:7 › Public API — contract › GET /api/health returns 200 with status+timestamp+version (retry #1) (335ms)
  ✘  5862 [mobile-chrome] › e2e/migrated/public-api.spec.ts:16:7 › Public API — contract › POST /api/contact rejects empty body (retry #1) (336ms)
  ✘  5863 [mobile-chrome] › e2e/migrated/public-api.spec.ts:21:7 › Public API — contract › POST /api/contact rejects invalid email (322ms)
  ✘  5864 [mobile-chrome] › e2e/migrated/public-api.spec.ts:28:7 › Public API — contract › POST /api/subscribe rejects missing email (321ms)
  ✘  5865 [mobile-chrome] › e2e/migrated/public-api.spec.ts:21:7 › Public API — contract › POST /api/contact rejects invalid email (retry #1) (336ms)
  ✘  5866 [mobile-chrome] › e2e/migrated/public-api.spec.ts:28:7 › Public API — contract › POST /api/subscribe rejects missing email (retry #1) (345ms)
  ✘  5867 [mobile-chrome] › e2e/migrated/public-api.spec.ts:33:7 › Public API — contract › POST /api/subscribe rejects invalid email (321ms)
  ✘  5868 [mobile-chrome] › e2e/migrated/public-api.spec.ts:38:7 › Public API — contract › GET /api/unsubscribe without token returns 4xx (323ms)
  ✘  5869 [mobile-chrome] › e2e/migrated/public-api.spec.ts:33:7 › Public API — contract › POST /api/subscribe rejects invalid email (retry #1) (336ms)
  ✘  5870 [mobile-chrome] › e2e/migrated/public-api.spec.ts:38:7 › Public API — contract › GET /api/unsubscribe without token returns 4xx (retry #1) (333ms)
  ✘  5871 [mobile-chrome] › e2e/migrated/public-api.spec.ts:44:7 › Public API — contract › POST /api/csp-report accepts an empty body (322ms)
  ✘  5872 [mobile-chrome] › e2e/migrated/public-api.spec.ts:49:7 › Public API — contract › GET /api/pwa-manifest returns JSON manifest (323ms)
  ✘  5873 [mobile-chrome] › e2e/migrated/public-api.spec.ts:44:7 › Public API — contract › POST /api/csp-report accepts an empty body (retry #1) (349ms)
  ✘  5874 [mobile-chrome] › e2e/migrated/public-api.spec.ts:49:7 › Public API — contract › GET /api/pwa-manifest returns JSON manifest (retry #1) (333ms)
  ✘  5875 [mobile-chrome] › e2e/migrated/validation-branches.spec.ts:15:7 › Contact validation branches › rejects empty name (322ms)
  ✘  5876 [mobile-chrome] › e2e/migrated/validation-branches.spec.ts:22:7 › Contact validation branches › rejects oversized message (10KB+) (323ms)
  ✘  5877 [mobile-chrome] › e2e/migrated/validation-branches.spec.ts:15:7 › Contact validation branches › rejects empty name (retry #1) (339ms)
  ✘  5878 [mobile-chrome] › e2e/migrated/validation-branches.spec.ts:22:7 › Contact validation branches › rejects oversized message (10KB+) (retry #1) (339ms)
  ✘  5879 [mobile-chrome] › e2e/migrated/validation-branches.spec.ts:29:7 › Contact validation branches › rejects message containing only whitespace (327ms)
  ✘  5880 [mobile-chrome] › e2e/migrated/validation-branches.spec.ts:36:7 › Contact validation branches › rejects non-string field types (322ms)
  ✘  5881 [mobile-chrome] › e2e/migrated/validation-branches.spec.ts:29:7 › Contact validation branches › rejects message containing only whitespace (retry #1) (341ms)
  ✘  5882 [mobile-chrome] › e2e/migrated/validation-branches.spec.ts:36:7 › Contact validation branches › rejects non-string field types (retry #1) (339ms)
  ✘  5883 [mobile-chrome] › e2e/migrated/validation-branches.spec.ts:45:7 › Subscribe email validation branches › rejects email missing @ (323ms)
  ✘  5884 [mobile-chrome] › e2e/migrated/validation-branches.spec.ts:50:7 › Subscribe email validation branches › rejects email with leading whitespace (322ms)
  ✘  5885 [mobile-chrome] › e2e/migrated/validation-branches.spec.ts:45:7 › Subscribe email validation branches › rejects email missing @ (retry #1) (342ms)
  ✘  5886 [mobile-chrome] › e2e/migrated/validation-branches.spec.ts:50:7 › Subscribe email validation branches › rejects email with leading whitespace (retry #1) (340ms)
  ✘  5887 [mobile-chrome] › e2e/migrated/validation-branches.spec.ts:55:7 › Subscribe email validation branches › rejects email with two @ (324ms)
  ✘  5888 [mobile-chrome] › e2e/migrated/validation-branches.spec.ts:60:7 › Subscribe email validation branches › rejects null email (320ms)
  ✘  5889 [mobile-chrome] › e2e/migrated/validation-branches.spec.ts:55:7 › Subscribe email validation branches › rejects email with two @ (retry #1) (334ms)
  ✘  5890 [mobile-chrome] › e2e/migrated/validation-branches.spec.ts:60:7 › Subscribe email validation branches › rejects null email (retry #1) (335ms)
  ✘  5891 [mobile-chrome] › e2e/migrated/validation-branches.spec.ts:67:7 › Webhook signature validation branches › Stripe rejects empty signature header (322ms)
  ✘  5892 [mobile-chrome] › e2e/migrated/validation-branches.spec.ts:76:7 › Webhook signature validation branches › Stripe rejects malformed signature (321ms)
  ✘  5893 [mobile-chrome] › e2e/migrated/validation-branches.spec.ts:67:7 › Webhook signature validation branches › Stripe rejects empty signature header (retry #1) (335ms)
  ✘  5894 [mobile-chrome] › e2e/migrated/validation-branches.spec.ts:76:7 › Webhook signature validation branches › Stripe rejects malformed signature (retry #1) (337ms)
  ✘  5895 [mobile-chrome] › e2e/migrated/webhooks.spec.ts:11:7 › Webhook signature gates › POST /api/webhooks/stripe without signature → 400 (321ms)
  ✘  5896 [mobile-chrome] › e2e/migrated/webhooks.spec.ts:16:7 › Webhook signature gates › POST /api/webhooks/stripe with bad signature → 400 (321ms)
  ✘  5897 [mobile-chrome] › e2e/migrated/webhooks.spec.ts:11:7 › Webhook signature gates › POST /api/webhooks/stripe without signature → 400 (retry #1) (336ms)
  ✘  5898 [mobile-chrome] › e2e/migrated/webhooks.spec.ts:16:7 › Webhook signature gates › POST /api/webhooks/stripe with bad signature → 400 (retry #1) (337ms)
  ✘  5899 [mobile-chrome] › e2e/migrated/webhooks.spec.ts:24:7 › Webhook signature gates › POST /api/webhooks/espocrm without secret → 4xx (321ms)
  ✘  5900 [mobile-chrome] › e2e/migrated/webhooks.spec.ts:32:7 › Webhook signature gates › POST /api/webhooks/notion without signature → 4xx (320ms)
  ✘  5901 [mobile-chrome] › e2e/migrated/webhooks.spec.ts:24:7 › Webhook signature gates › POST /api/webhooks/espocrm without secret → 4xx (retry #1) (334ms)
  ✘  5902 [mobile-chrome] › e2e/migrated/webhooks.spec.ts:32:7 › Webhook signature gates › POST /api/webhooks/notion without signature → 4xx (retry #1) (337ms)
  ✘  5903 [mobile-chrome] › e2e/migrated/webhooks.spec.ts:47:9 › Cron endpoints — auth gate › GET /api/cron/slack-digest without cron secret → 401/403/404 (322ms)
  ✘  5904 [mobile-chrome] › e2e/migrated/webhooks.spec.ts:47:9 › Cron endpoints — auth gate › GET /api/cron/digest without cron secret → 401/403/404 (321ms)
  ✘  5905 [mobile-chrome] › e2e/migrated/webhooks.spec.ts:47:9 › Cron endpoints — auth gate › GET /api/cron/slack-digest without cron secret → 401/403/404 (retry #1) (335ms)
  ✘  5906 [mobile-chrome] › e2e/migrated/webhooks.spec.ts:47:9 › Cron endpoints — auth gate › GET /api/cron/digest without cron secret → 401/403/404 (retry #1) (332ms)
  ✘  5907 [mobile-chrome] › e2e/migrated/webhooks.spec.ts:47:9 › Cron endpoints — auth gate › GET /api/cron/sync without cron secret → 401/403/404 (323ms)
  ✘  5908 [mobile-chrome] › e2e/migrated/webhooks.spec.ts:47:9 › Cron endpoints — auth gate › GET /api/cron/refresh-cache without cron secret → 401/403/404 (320ms)
  ✘  5909 [mobile-chrome] › e2e/migrated/webhooks.spec.ts:47:9 › Cron endpoints — auth gate › GET /api/cron/sync without cron secret → 401/403/404 (retry #1) (335ms)
  ✘  5910 [mobile-chrome] › e2e/migrated/webhooks.spec.ts:47:9 › Cron endpoints — auth gate › GET /api/cron/refresh-cache without cron secret → 401/403/404 (retry #1) (338ms)
  ✘  5911 [mobile-chrome] › e2e/mobile-responsive.spec.ts:4:7 › Mobile & Responsive › homepage main and h1 are visible on the active viewport (213ms)
  ✘  5912 [mobile-chrome] › e2e/mobile-responsive.spec.ts:10:7 › Mobile & Responsive › homepage exposes at least one navigable link (216ms)
  ✘  5913 [mobile-chrome] › e2e/mobile-responsive.spec.ts:4:7 › Mobile & Responsive › homepage main and h1 are visible on the active viewport (retry #1) (270ms)
  ✘  5914 [mobile-chrome] › e2e/mobile-responsive.spec.ts:10:7 › Mobile & Responsive › homepage exposes at least one navigable link (retry #1) (238ms)
  ✘  5915 [mobile-chrome] › e2e/mobile-responsive.spec.ts:17:7 › Mobile & Responsive › footer contact link reaches the contact page (245ms)
  ✘  5916 [mobile-chrome] › e2e/notion-cms.spec.ts:39:7 › AppFlowy CMS — /blog › renders the blog header and search input (243ms)
  ✘  5917 [mobile-chrome] › e2e/mobile-responsive.spec.ts:17:7 › Mobile & Responsive › footer contact link reaches the contact page (retry #1) (252ms)
  ✘  5918 [mobile-chrome] › e2e/notion-cms.spec.ts:39:7 › AppFlowy CMS — /blog › renders the blog header and search input (retry #1) (251ms)
  ✘  5919 [mobile-chrome] › e2e/notion-cms.spec.ts:47:7 › AppFlowy CMS — /blog › lists at least one post card linking to /blog/[slug] (227ms)
  ✘  5920 [mobile-chrome] › e2e/notion-cms.spec.ts:56:7 › AppFlowy CMS — /blog › search query is preserved in the input (233ms)
  ✘  5921 [mobile-chrome] › e2e/notion-cms.spec.ts:47:7 › AppFlowy CMS — /blog › lists at least one post card linking to /blog/[slug] (retry #1) (241ms)
  ✘  5922 [mobile-chrome] › e2e/notion-cms.spec.ts:56:7 › AppFlowy CMS — /blog › search query is preserved in the input (retry #1) (242ms)
  ✘  5923 [mobile-chrome] › e2e/notion-cms.spec.ts:61:7 › AppFlowy CMS — /blog › nonexistent search yields empty-state message (225ms)
  ✘  5924 [mobile-chrome] › e2e/notion-cms.spec.ts:70:7 › AppFlowy CMS — /blog/[slug] › static fallback post renders an article heading (230ms)
  ✘  5925 [mobile-chrome] › e2e/notion-cms.spec.ts:61:7 › AppFlowy CMS — /blog › nonexistent search yields empty-state message (retry #1) (279ms)
  ✘  5926 [mobile-chrome] › e2e/notion-cms.spec.ts:70:7 › AppFlowy CMS — /blog/[slug] › static fallback post renders an article heading (retry #1) (284ms)
  ✘  5927 [mobile-chrome] › e2e/notion-cms.spec.ts:76:7 › AppFlowy CMS — /blog/[slug] › nonexistent slug renders the 404 page (236ms)
  ✘  5928 [mobile-chrome] › e2e/notion-cms.spec.ts:85:7 › AppFlowy CMS — /api/blog/posts contract › returns a non-empty array of posts with required fields (321ms)
  ✘  5929 [mobile-chrome] › e2e/notion-cms.spec.ts:76:7 › AppFlowy CMS — /blog/[slug] › nonexistent slug renders the 404 page (retry #1) (250ms)
  ✘  5930 [mobile-chrome] › e2e/notion-cms.spec.ts:85:7 › AppFlowy CMS — /api/blog/posts contract › returns a non-empty array of posts with required fields (retry #1) (353ms)
  ✘  5931 [mobile-chrome] › e2e/notion-cms.spec.ts:104:7 › AppFlowy CMS — /docs › renders the docs header and search input (211ms)
  ✘  5932 [mobile-chrome] › e2e/notion-cms.spec.ts:113:7 › AppFlowy CMS — /docs › renders either category headings or the empty state (231ms)
  ✘  5933 [mobile-chrome] › e2e/notion-cms.spec.ts:104:7 › AppFlowy CMS — /docs › renders the docs header and search input (retry #1) (292ms)
  ✘  5934 [mobile-chrome] › e2e/notion-cms.spec.ts:113:7 › AppFlowy CMS — /docs › renders either category headings or the empty state (retry #1) (258ms)
  ✘  5935 [mobile-chrome] › e2e/notion-cms.spec.ts:120:7 › AppFlowy CMS — /docs › filtering with no matches shows the no-results state (223ms)
  ✘  5936 [mobile-chrome] › e2e/notion-cms.spec.ts:130:7 › AppFlowy CMS — /api/docs contract › returns an array (empty or populated) with required fields (323ms)
  ✘  5937 [mobile-chrome] › e2e/notion-cms.spec.ts:120:7 › AppFlowy CMS — /docs › filtering with no matches shows the no-results state (retry #1) (247ms)
  ✘  5938 [mobile-chrome] › e2e/notion-cms.spec.ts:130:7 › AppFlowy CMS — /api/docs contract › returns an array (empty or populated) with required fields (retry #1) (343ms)
  ✘  5939 [mobile-chrome] › e2e/notion-cms.spec.ts:150:7 › AppFlowy CMS — /api/testimonials contract › returns an array with required fields (320ms)
  ✘  5940 [mobile-chrome] › e2e/notion-cms.spec.ts:167:7 › AppFlowy CMS — /api/testimonials contract › featured endpoint returns only featured items (323ms)
  ✘  5941 [mobile-chrome] › e2e/notion-cms.spec.ts:150:7 › AppFlowy CMS — /api/testimonials contract › returns an array with required fields (retry #1) (333ms)
  ✘  5942 [mobile-chrome] › e2e/notion-cms.spec.ts:167:7 › AppFlowy CMS — /api/testimonials contract › featured endpoint returns only featured items (retry #1) (337ms)
  ✘  5943 [mobile-chrome] › e2e/notion-cms.spec.ts:180:7 › AppFlowy CMS — testimonials on homepage › homepage renders at least one testimonial quote (221ms)
  ✘  5944 [mobile-chrome] › e2e/notion-cms.spec.ts:198:7 › AppFlowy CMS — /services page › renders the services heading (243ms)
  ✘  5945 [mobile-chrome] › e2e/notion-cms.spec.ts:180:7 › AppFlowy CMS — testimonials on homepage › homepage renders at least one testimonial quote (retry #1) (246ms)
  ✘  5946 [mobile-chrome] › e2e/notion-cms.spec.ts:198:7 › AppFlowy CMS — /services page › renders the services heading (retry #1) (252ms)
  ✘  5947 [mobile-chrome] › e2e/notion-cms.spec.ts:206:7 › AppFlowy CMS — /services page › lists service cards on the services page (247ms)
  ✘  5948 [mobile-chrome] › e2e/notion-cms.spec.ts:220:7 › AppFlowy CMS — /api/services contract › returns a non-empty array with required fields (322ms)
  ✘  5949 [mobile-chrome] › e2e/notion-cms.spec.ts:206:7 › AppFlowy CMS — /services page › lists service cards on the services page (retry #1) (271ms)
  ✘  5950 [mobile-chrome] › e2e/notion-cms.spec.ts:220:7 › AppFlowy CMS — /api/services contract › returns a non-empty array with required fields (retry #1) (335ms)
  ✘  5951 [mobile-chrome] › e2e/notion-cms.spec.ts:235:7 › AppFlowy CMS — /api/services contract › category filter returns only matching services (321ms)
  ✘  5952 [mobile-chrome] › e2e/notion-cms.spec.ts:252:7 › AppFlowy CMS — /api/faqs contract › returns a non-empty array with required fields (322ms)
  ✘  5953 [mobile-chrome] › e2e/notion-cms.spec.ts:235:7 › AppFlowy CMS — /api/services contract › category filter returns only matching services (retry #1) (335ms)
  ✘  5954 [mobile-chrome] › e2e/notion-cms.spec.ts:252:7 › AppFlowy CMS — /api/faqs contract › returns a non-empty array with required fields (retry #1) (337ms)
  ✘  5955 [mobile-chrome] › e2e/notion-cms.spec.ts:266:7 › AppFlowy CMS — /api/faqs contract › category filter returns only matching faqs (320ms)
  ✘  5956 [mobile-chrome] › e2e/notion-cms.spec.ts:276:7 › AppFlowy CMS — /api/faqs contract › locale filter returns faqs for that locale or global ones (320ms)
  ✘  5957 [mobile-chrome] › e2e/notion-cms.spec.ts:266:7 › AppFlowy CMS — /api/faqs contract › category filter returns only matching faqs (retry #1) (338ms)
  ✘  5958 [mobile-chrome] › e2e/notion-cms.spec.ts:276:7 › AppFlowy CMS — /api/faqs contract › locale filter returns faqs for that locale or global ones (retry #1) (335ms)
  ✘  5959 [mobile-chrome] › e2e/notion-cms.spec.ts:291:7 › AppFlowy CMS — /case-studies page › renders the case studies heading (234ms)
  ✘  5960 [mobile-chrome] › e2e/notion-cms.spec.ts:297:7 › AppFlowy CMS — /case-studies page › lists case studies on the case-studies page (238ms)
  ✘  5961 [mobile-chrome] › e2e/notion-cms.spec.ts:291:7 › AppFlowy CMS — /case-studies page › renders the case studies heading (retry #1) (283ms)
  ✘  5962 [mobile-chrome] › e2e/notion-cms.spec.ts:297:7 › AppFlowy CMS — /case-studies page › lists case studies on the case-studies page (retry #1) (288ms)
  ✘  5963 [mobile-chrome] › e2e/notion-cms.spec.ts:310:7 › AppFlowy CMS — /case-studies/[slug] › static fallback case study renders an article heading (246ms)
  ✘  5964 [mobile-chrome] › e2e/notion-cms.spec.ts:316:7 › AppFlowy CMS — /case-studies/[slug] › nonexistent slug renders the 404 page (236ms)
  ✘  5965 [mobile-chrome] › e2e/notion-cms.spec.ts:310:7 › AppFlowy CMS — /case-studies/[slug] › static fallback case study renders an article heading (retry #1) (304ms)
  ✘  5966 [mobile-chrome] › e2e/notion-cms.spec.ts:316:7 › AppFlowy CMS — /case-studies/[slug] › nonexistent slug renders the 404 page (retry #1) (268ms)
  ✘  5967 [mobile-chrome] › e2e/notion-cms.spec.ts:325:7 › AppFlowy CMS — /api/case-studies contract › returns an array with required fields (322ms)
  ✘  5968 [mobile-chrome] › e2e/notion-cms.spec.ts:342:7 › AppFlowy CMS — /api/case-studies contract › featured filter returns only featured case studies (322ms)
  ✘  5969 [mobile-chrome] › e2e/notion-cms.spec.ts:325:7 › AppFlowy CMS — /api/case-studies contract › returns an array with required fields (retry #1) (338ms)
  ✘  5970 [mobile-chrome] › e2e/notion-cms.spec.ts:342:7 › AppFlowy CMS — /api/case-studies contract › featured filter returns only featured case studies (retry #1) (340ms)
  ✘  5971 [mobile-chrome] › e2e/notion-cms.spec.ts:353:7 › AppFlowy CMS — /api/case-studies contract › slug endpoint returns a case study or 404 when not found (322ms)
  ✘  5972 [mobile-chrome] › e2e/notion-cms.spec.ts:367:7 › AppFlowy CMS — /api/case-studies contract › unknown slug returns 404 (320ms)
  ✘  5973 [mobile-chrome] › e2e/notion-cms.spec.ts:353:7 › AppFlowy CMS — /api/case-studies contract › slug endpoint returns a case study or 404 when not found (retry #1) (336ms)
  ✘  5974 [mobile-chrome] › e2e/notion-cms.spec.ts:367:7 › AppFlowy CMS — /api/case-studies contract › unknown slug returns 404 (retry #1) (335ms)
  ✘  5975 [mobile-chrome] › e2e/performance/core-web-vitals.spec.ts:9:7 › Core Web Vitals › should measure LCP (Largest Contentful Paint) on homepage (219ms)
  ✘  5976 [mobile-chrome] › e2e/performance/core-web-vitals.spec.ts:38:7 › Core Web Vitals › should measure FID (First Input Delay) on homepage (246ms)
  ✘  5977 [mobile-chrome] › e2e/performance/core-web-vitals.spec.ts:9:7 › Core Web Vitals › should measure LCP (Largest Contentful Paint) on homepage (retry #1) (246ms)
  ✘  5978 [mobile-chrome] › e2e/performance/core-web-vitals.spec.ts:38:7 › Core Web Vitals › should measure FID (First Input Delay) on homepage (retry #1) (259ms)
  ✘  5979 [mobile-chrome] › e2e/performance/core-web-vitals.spec.ts:67:7 › Core Web Vitals › should measure CLS (Cumulative Layout Shift) on homepage (246ms)
  ✘  5980 [mobile-chrome] › e2e/performance/core-web-vitals.spec.ts:101:7 › Core Web Vitals › should measure FCP (First Contentful Paint) on homepage (252ms)
  ✘  5981 [mobile-chrome] › e2e/performance/core-web-vitals.spec.ts:67:7 › Core Web Vitals › should measure CLS (Cumulative Layout Shift) on homepage (retry #1) (242ms)
  ✘  5982 [mobile-chrome] › e2e/performance/core-web-vitals.spec.ts:101:7 › Core Web Vitals › should measure FCP (First Contentful Paint) on homepage (retry #1) (276ms)
  ✘  5983 [mobile-chrome] › e2e/performance/core-web-vitals.spec.ts:130:7 › Core Web Vitals › should measure TTFB (Time to First Byte) on homepage (226ms)
  ✘  5984 [mobile-chrome] › e2e/performance/core-web-vitals.spec.ts:145:7 › Page Load Times › homepage should load within reasonable time (233ms)
  ✘  5985 [mobile-chrome] › e2e/performance/core-web-vitals.spec.ts:130:7 › Core Web Vitals › should measure TTFB (Time to First Byte) on homepage (retry #1) (253ms)
  ✘  5986 [mobile-chrome] › e2e/performance/core-web-vitals.spec.ts:145:7 › Page Load Times › homepage should load within reasonable time (retry #1) (255ms)
  ✘  5987 [mobile-chrome] › e2e/performance/core-web-vitals.spec.ts:154:7 › Page Load Times › services page should load within reasonable time (226ms)
  ✘  5988 [mobile-chrome] › e2e/performance/core-web-vitals.spec.ts:163:7 › Page Load Times › store page should load within reasonable time (227ms)
  ✘  5989 [mobile-chrome] › e2e/performance/core-web-vitals.spec.ts:154:7 › Page Load Times › services page should load within reasonable time (retry #1) (253ms)
  ✘  5990 [mobile-chrome] › e2e/performance/core-web-vitals.spec.ts:163:7 › Page Load Times › store page should load within reasonable time (retry #1) (246ms)
  ✘  5991 [mobile-chrome] › e2e/performance/core-web-vitals.spec.ts:172:7 › Page Load Times › blog page should load within reasonable time (230ms)
  ✘  5992 [mobile-chrome] › e2e/performance/core-web-vitals.spec.ts:181:7 › Page Load Times › contact page should load within reasonable time (213ms)
  ✘  5993 [mobile-chrome] › e2e/performance/core-web-vitals.spec.ts:172:7 › Page Load Times › blog page should load within reasonable time (retry #1) (276ms)
  ✘  5994 [mobile-chrome] › e2e/performance/core-web-vitals.spec.ts:181:7 › Page Load Times › contact page should load within reasonable time (retry #1) (312ms)
  ✘  5995 [mobile-chrome] › e2e/performance/core-web-vitals.spec.ts:190:7 › Page Load Times › dashboard page should load within reasonable time (234ms)
  ✘  5996 [mobile-chrome] › e2e/performance/core-web-vitals.spec.ts:212:7 › Page Load Times › admin page should load within reasonable time (217ms)
  ✘  5997 [mobile-chrome] › e2e/performance/core-web-vitals.spec.ts:190:7 › Page Load Times › dashboard page should load within reasonable time (retry #1) (241ms)
  ✘  5998 [mobile-chrome] › e2e/performance/core-web-vitals.spec.ts:212:7 › Page Load Times › admin page should load within reasonable time (retry #1) (230ms)
  ✘  5999 [mobile-chrome] › e2e/performance/core-web-vitals.spec.ts:236:7 › Resource Optimization › should optimize image loading (219ms)
  ✘  6000 [mobile-chrome] › e2e/performance/core-web-vitals.spec.ts:280:7 › Resource Optimization › should minimize render-blocking resources (239ms)
  ✘  6001 [mobile-chrome] › e2e/performance/core-web-vitals.spec.ts:236:7 › Resource Optimization › should optimize image loading (retry #1) (253ms)
  ✘  6002 [mobile-chrome] › e2e/performance/core-web-vitals.spec.ts:280:7 › Resource Optimization › should minimize render-blocking resources (retry #1) (252ms)
  ✘  6003 [mobile-chrome] › e2e/performance/core-web-vitals.spec.ts:308:7 › Resource Optimization › should use browser caching (223ms)
  ✘  6004 [mobile-chrome] › e2e/performance/core-web-vitals.spec.ts:322:7 › Mobile Performance › should perform well on mobile devices (234ms)
  ✘  6005 [mobile-chrome] › e2e/performance/core-web-vitals.spec.ts:308:7 › Resource Optimization › should use browser caching (retry #1) (256ms)
  ✘  6006 [mobile-chrome] › e2e/performance/core-web-vitals.spec.ts:322:7 › Mobile Performance › should perform well on mobile devices (retry #1) (240ms)
  ✘  6007 [mobile-chrome] › e2e/performance/core-web-vitals.spec.ts:346:7 › Mobile Performance › should have appropriate tap targets on mobile (225ms)
  ✘  6008 [mobile-chrome] › e2e/performance/core-web-vitals.spec.ts:380:7 › Performance Budgets › should keep total page size under budget (245ms)
  ✘  6009 [mobile-chrome] › e2e/performance/core-web-vitals.spec.ts:346:7 › Mobile Performance › should have appropriate tap targets on mobile (retry #1) (245ms)
  ✘  6010 [mobile-chrome] › e2e/performance/core-web-vitals.spec.ts:380:7 › Performance Budgets › should keep total page size under budget (retry #1) (259ms)
  ✘  6011 [mobile-chrome] › e2e/performance/core-web-vitals.spec.ts:398:7 › Performance Budgets › should keep number of requests under budget (243ms)
  ✘  6012 [mobile-chrome] › e2e/performance/core-web-vitals.spec.ts:410:7 › Performance Budgets › should keep CSS size under budget (224ms)
  ✘  6013 [mobile-chrome] › e2e/performance/core-web-vitals.spec.ts:398:7 › Performance Budgets › should keep number of requests under budget (retry #1) (244ms)
  ✘  6014 [mobile-chrome] › e2e/performance/core-web-vitals.spec.ts:410:7 › Performance Budgets › should keep CSS size under budget (retry #1) (230ms)
  ✘  6015 [mobile-chrome] › e2e/performance/core-web-vitals.spec.ts:431:7 › Performance Budgets › should keep JavaScript size under budget (241ms)
  ✘  6016 [mobile-chrome] › e2e/performance-budgets.spec.ts:58:9 › Performance: /en/ › meets dev-server budgets (215ms)
  -  6018 [mobile-chrome] › e2e/performance-budgets.spec.ts:58:9 › Performance: /en/blog › meets dev-server budgets
  -  6019 [mobile-chrome] › e2e/performance-budgets.spec.ts:58:9 › Performance: /en/services › meets dev-server budgets
  ✘  6017 [mobile-chrome] › e2e/performance/core-web-vitals.spec.ts:431:7 › Performance Budgets › should keep JavaScript size under budget (retry #1) (227ms)
  ✘  6020 [mobile-chrome] › e2e/performance-budgets.spec.ts:58:9 › Performance: /en/ › meets dev-server budgets (retry #1) (296ms)
  -  6022 [mobile-chrome] › e2e/performance-budgets.spec.ts:58:9 › Performance: /en/blog › meets dev-server budgets (retry #1)
  -  6023 [mobile-chrome] › e2e/performance-budgets.spec.ts:58:9 › Performance: /en/services › meets dev-server budgets (retry #1)
  ✘  6021 [mobile-chrome] › e2e/performance.spec.ts:4:7 › Response time budgets › homepage responds within 10s (dev) / 3s (prod) (230ms)
  ✘  6024 [mobile-chrome] › e2e/performance.spec.ts:15:7 › Response time budgets › health API responds within 500ms (prod) / 3s (dev) (320ms)
  ✘  6025 [mobile-chrome] › e2e/performance.spec.ts:4:7 › Response time budgets › homepage responds within 10s (dev) / 3s (prod) (retry #1) (249ms)
  ✘  6026 [mobile-chrome] › e2e/performance.spec.ts:15:7 › Response time budgets › health API responds within 500ms (prod) / 3s (dev) (retry #1) (337ms)
  ✘  6027 [mobile-chrome] › e2e/performance.spec.ts:25:7 › SEO basics › homepage has exactly one H1 (237ms)
  ✘  6028 [mobile-chrome] › e2e/performance.spec.ts:32:7 › SEO basics › all images have alt text (250ms)
  ✘  6029 [mobile-chrome] › e2e/performance.spec.ts:25:7 › SEO basics › homepage has exactly one H1 (retry #1) (239ms)
  ✘  6030 [mobile-chrome] › e2e/performance.spec.ts:32:7 › SEO basics › all images have alt text (retry #1) (232ms)
  ✘  6031 [mobile-chrome] › e2e/post-audit-coverage.spec.ts:18:7 › rate-limit cap — /api/contact (3 req/min/container) › 4th rapid same-IP submission is rejected (429 or 4xx) (322ms)
  ✘  6032 [mobile-chrome] › e2e/post-audit-coverage.spec.ts:70:7 › image optimizer — AVIF/WebP support › optimizer endpoint is reachable and returns an image (325ms)
  ✘  6033 [mobile-chrome] › e2e/post-audit-coverage.spec.ts:18:7 › rate-limit cap — /api/contact (3 req/min/container) › 4th rapid same-IP submission is rejected (429 or 4xx) (retry #1) (338ms)
  ✘  6034 [mobile-chrome] › e2e/post-audit-coverage.spec.ts:70:7 › image optimizer — AVIF/WebP support › optimizer endpoint is reachable and returns an image (retry #1) (339ms)
  ✘  6035 [mobile-chrome] › e2e/post-audit-coverage.spec.ts:90:7 › image optimizer — AVIF/WebP support › optimizer responds to width-variant requests (used by srcset) (326ms)
  ✘  6036 [mobile-chrome] › e2e/post-audit-coverage.spec.ts:111:7 › EspoCRM loader gate (only on real cloudless.gr hosts) › the EspoCRM script tag is NOT in the DOM on localhost (238ms)
  ✘  6037 [mobile-chrome] › e2e/post-audit-coverage.spec.ts:90:7 › image optimizer — AVIF/WebP support › optimizer responds to width-variant requests (used by srcset) (retry #1) (342ms)
  ✘  6038 [mobile-chrome] › e2e/post-audit-coverage.spec.ts:111:7 › EspoCRM loader gate (only on real cloudless.gr hosts) › the EspoCRM script tag is NOT in the DOM on localhost (retry #1) (255ms)
  ✘  6039 [mobile-chrome] › e2e/post-audit-coverage.spec.ts:122:7 › EspoCRM loader gate (only on real cloudless.gr hosts) › no network requests to hs-scripts.com from localhost (245ms)
  ✘  6041 [mobile-chrome] › e2e/post-audit-coverage.spec.ts:122:7 › EspoCRM loader gate (only on real cloudless.gr hosts) › no network requests to hs-scripts.com from localhost (retry #1) (263ms)
  ✘  6040 [mobile-chrome] › e2e/public-api-deep.spec.ts:18:7 › GET /api/health — non-5xx (576ms)
  ✘  6042 [mobile-chrome] › e2e/public-api-deep.spec.ts:18:7 › GET /api/services — non-5xx (536ms)
  ✘  6043 [mobile-chrome] › e2e/public-api-deep.spec.ts:18:7 › GET /api/health — non-5xx (retry #1) (569ms)
  ✘  6044 [mobile-chrome] › e2e/public-api-deep.spec.ts:18:7 › GET /api/services — non-5xx (retry #1) (556ms)
  ✘  6045 [mobile-chrome] › e2e/public-api-deep.spec.ts:18:7 › GET /api/case-studies — non-5xx (553ms)
  ✘  6046 [mobile-chrome] › e2e/public-api-deep.spec.ts:18:7 › GET /api/blog/posts — non-5xx (521ms)
  ✘  6047 [mobile-chrome] › e2e/public-api-deep.spec.ts:18:7 › GET /api/case-studies — non-5xx (retry #1) (572ms)
  ✘  6048 [mobile-chrome] › e2e/public-api-deep.spec.ts:18:7 › GET /api/blog/posts — non-5xx (retry #1) (548ms)
  ✘  6049 [mobile-chrome] › e2e/public-api-deep.spec.ts:18:7 › GET /api/faqs — non-5xx (528ms)
  ✘  6050 [mobile-chrome] › e2e/public-api-deep.spec.ts:18:7 › GET /api/testimonials — non-5xx (531ms)
  ✘  6051 [mobile-chrome] › e2e/public-api-deep.spec.ts:18:7 › GET /api/faqs — non-5xx (retry #1) (555ms)
  ✘  6052 [mobile-chrome] › e2e/public-api-deep.spec.ts:18:7 › GET /api/testimonials — non-5xx (retry #1) (559ms)
  ✘  6053 [mobile-chrome] › e2e/public-api-deep.spec.ts:18:7 › GET /api/docs — non-5xx (545ms)
  ✘  6054 [mobile-chrome] › e2e/public-api-deep.spec.ts:18:7 › GET /api/pwa-manifest — non-5xx (528ms)
  ✘  6055 [mobile-chrome] › e2e/public-api-deep.spec.ts:18:7 › GET /api/docs — non-5xx (retry #1) (561ms)
  ✘  6056 [mobile-chrome] › e2e/public-api-deep.spec.ts:18:7 › GET /api/pwa-manifest — non-5xx (retry #1) (562ms)
  ✘  6057 [mobile-chrome] › e2e/public-api-deep.spec.ts:18:7 › GET /api/calendar/availability — non-5xx (528ms)
  ✘  6058 [mobile-chrome] › e2e/public-api-deep.spec.ts:30:7 › GET /api/blog/:slug — handles unknown slug (404 or empty 200) (517ms)
  ✘  6059 [mobile-chrome] › e2e/public-api-deep.spec.ts:18:7 › GET /api/calendar/availability — non-5xx (retry #1) (603ms)
  ✘  6060 [mobile-chrome] › e2e/public-api-deep.spec.ts:30:7 › GET /api/blog/:slug — handles unknown slug (404 or empty 200) (retry #1) (590ms)
  ✘  6061 [mobile-chrome] › e2e/public-api-deep.spec.ts:30:7 › GET /api/case-studies/:slug — handles unknown slug (404 or empty 200) (530ms)
  ✘  6062 [mobile-chrome] › e2e/public-api-deep.spec.ts:30:7 › GET /api/docs/:slug — handles unknown slug (404 or empty 200) (523ms)
  ✘  6063 [mobile-chrome] › e2e/public-api-deep.spec.ts:30:7 › GET /api/case-studies/:slug — handles unknown slug (404 or empty 200) (retry #1) (555ms)
  ✘  6064 [mobile-chrome] › e2e/public-api-deep.spec.ts:30:7 › GET /api/docs/:slug — handles unknown slug (404 or empty 200) (retry #1) (550ms)
  ✘  6065 [mobile-chrome] › e2e/public-api-deep.spec.ts:30:7 › GET /api/portal/:token — handles unknown slug (404 or empty 200) (568ms)
  ✘  6066 [mobile-chrome] › e2e/public-api-deep.spec.ts:39:7 › POST /api/contact — empty body rejected with 4xx (527ms)
  ✘  6067 [mobile-chrome] › e2e/public-api-deep.spec.ts:30:7 › GET /api/portal/:token — handles unknown slug (404 or empty 200) (retry #1) (548ms)
  ✘  6068 [mobile-chrome] › e2e/public-api-deep.spec.ts:39:7 › POST /api/contact — empty body rejected with 4xx (retry #1) (546ms)
  ✘  6069 [mobile-chrome] › e2e/public-api-deep.spec.ts:45:7 › POST /api/contact — malformed JSON rejected (554ms)
  ✘  6070 [mobile-chrome] › e2e/public-api-deep.spec.ts:39:7 › POST /api/subscribe — empty body rejected with 4xx (564ms)
  ✘  6071 [mobile-chrome] › e2e/public-api-deep.spec.ts:45:7 › POST /api/contact — malformed JSON rejected (retry #1) (596ms)
  ✘  6072 [mobile-chrome] › e2e/public-api-deep.spec.ts:39:7 › POST /api/subscribe — empty body rejected with 4xx (retry #1) (615ms)
  ✘  6073 [mobile-chrome] › e2e/public-api-deep.spec.ts:45:7 › POST /api/subscribe — malformed JSON rejected (569ms)
  ✘  6074 [mobile-chrome] › e2e/public-api-deep.spec.ts:39:7 › POST /api/unsubscribe — empty body rejected with 4xx (578ms)
  ✘  6075 [mobile-chrome] › e2e/public-api-deep.spec.ts:45:7 › POST /api/subscribe — malformed JSON rejected (retry #1) (578ms)
  ✘  6076 [mobile-chrome] › e2e/public-api-deep.spec.ts:39:7 › POST /api/unsubscribe — empty body rejected with 4xx (retry #1) (568ms)
  ✘  6077 [mobile-chrome] › e2e/public-api-deep.spec.ts:45:7 › POST /api/unsubscribe — malformed JSON rejected (536ms)
  ✘  6078 [mobile-chrome] › e2e/public-api-deep.spec.ts:39:7 › POST /api/calendar/book — empty body rejected with 4xx (538ms)
  ✘  6079 [mobile-chrome] › e2e/public-api-deep.spec.ts:45:7 › POST /api/unsubscribe — malformed JSON rejected (retry #1) (548ms)
  ✘  6080 [mobile-chrome] › e2e/public-api-deep.spec.ts:39:7 › POST /api/calendar/book — empty body rejected with 4xx (retry #1) (574ms)
  ✘  6081 [mobile-chrome] › e2e/public-api-deep.spec.ts:45:7 › POST /api/calendar/book — malformed JSON rejected (548ms)
  ✘  6082 [mobile-chrome] › e2e/public-api-deep.spec.ts:39:7 › POST /api/checkout — empty body rejected with 4xx (545ms)
  ✘  6083 [mobile-chrome] › e2e/public-api-deep.spec.ts:45:7 › POST /api/calendar/book — malformed JSON rejected (retry #1) (578ms)
  ✘  6084 [mobile-chrome] › e2e/public-api-deep.spec.ts:39:7 › POST /api/checkout — empty body rejected with 4xx (retry #1) (567ms)
  ✘  6085 [mobile-chrome] › e2e/public-api-deep.spec.ts:45:7 › POST /api/checkout — malformed JSON rejected (540ms)
  ✘  6086 [mobile-chrome] › e2e/public-api-deep.spec.ts:39:7 › POST /api/track — empty body rejected with 4xx (536ms)
  ✘  6087 [mobile-chrome] › e2e/public-api-deep.spec.ts:45:7 › POST /api/checkout — malformed JSON rejected (retry #1) (567ms)
  ✘  6088 [mobile-chrome] › e2e/public-api-deep.spec.ts:39:7 › POST /api/track — empty body rejected with 4xx (retry #1) (563ms)
  ✘  6089 [mobile-chrome] › e2e/public-api-deep.spec.ts:45:7 › POST /api/track — malformed JSON rejected (551ms)
  ✘  6090 [mobile-chrome] › e2e/public-api-deep.spec.ts:39:7 › POST /api/csp-report — empty body rejected with 4xx (532ms)
  ✘  6091 [mobile-chrome] › e2e/public-api-deep.spec.ts:45:7 › POST /api/track — malformed JSON rejected (retry #1) (541ms)
  ✘  6092 [mobile-chrome] › e2e/public-api-deep.spec.ts:39:7 › POST /api/csp-report — empty body rejected with 4xx (retry #1) (555ms)
  ✘  6093 [mobile-chrome] › e2e/public-api-deep.spec.ts:45:7 › POST /api/csp-report — malformed JSON rejected (551ms)
  ✘  6094 [mobile-chrome] › e2e/public-api-deep.spec.ts:39:7 › POST /api/crm/contact — empty body rejected with 4xx (526ms)
  ✘  6095 [mobile-chrome] › e2e/public-api-deep.spec.ts:45:7 › POST /api/csp-report — malformed JSON rejected (retry #1) (571ms)
  ✘  6096 [mobile-chrome] › e2e/public-api-deep.spec.ts:39:7 › POST /api/crm/contact — empty body rejected with 4xx (retry #1) (582ms)
  ✘  6097 [mobile-chrome] › e2e/public-api-deep.spec.ts:45:7 › POST /api/crm/contact — malformed JSON rejected (548ms)
  ✘  6098 [mobile-chrome] › e2e/public-api-deep.spec.ts:39:7 › POST /api/notion-image — empty body rejected with 4xx (680ms)
  ✘  6099 [mobile-chrome] › e2e/public-api-deep.spec.ts:45:7 › POST /api/crm/contact — malformed JSON rejected (retry #1) (679ms)
  ✘  6100 [mobile-chrome] › e2e/public-api-deep.spec.ts:39:7 › POST /api/notion-image — empty body rejected with 4xx (retry #1) (702ms)
  ✘  6101 [mobile-chrome] › e2e/public-api-deep.spec.ts:45:7 › POST /api/notion-image — malformed JSON rejected (573ms)
  ✘  6102 [mobile-chrome] › e2e/public-api-deep.spec.ts:39:7 › POST /api/agent/book — empty body rejected with 4xx (551ms)
  ✘  6103 [mobile-chrome] › e2e/public-api-deep.spec.ts:45:7 › POST /api/notion-image — malformed JSON rejected (retry #1) (567ms)
  ✘  6104 [mobile-chrome] › e2e/public-api-deep.spec.ts:39:7 › POST /api/agent/book — empty body rejected with 4xx (retry #1) (631ms)
  ✘  6105 [mobile-chrome] › e2e/public-api-deep.spec.ts:45:7 › POST /api/agent/book — malformed JSON rejected (588ms)
  ✘  6106 [mobile-chrome] › e2e/public-api-deep.spec.ts:39:7 › POST /api/chat — empty body rejected with 4xx (574ms)
  ✘  6107 [mobile-chrome] › e2e/public-api-deep.spec.ts:45:7 › POST /api/agent/book — malformed JSON rejected (retry #1) (626ms)
  ✘  6108 [mobile-chrome] › e2e/public-api-deep.spec.ts:39:7 › POST /api/chat — empty body rejected with 4xx (retry #1) (635ms)
  ✘  6109 [mobile-chrome] › e2e/public-api-deep.spec.ts:45:7 › POST /api/chat — malformed JSON rejected (570ms)
  ✘  6110 [mobile-chrome] › e2e/public-api-deep.spec.ts:39:7 › POST /api/portal/enroll — empty body rejected with 4xx (537ms)
  ✘  6111 [mobile-chrome] › e2e/public-api-deep.spec.ts:45:7 › POST /api/chat — malformed JSON rejected (retry #1) (571ms)
  ✘  6112 [mobile-chrome] › e2e/public-api-deep.spec.ts:39:7 › POST /api/portal/enroll — empty body rejected with 4xx (retry #1) (550ms)
  ✘  6113 [mobile-chrome] › e2e/public-api-deep.spec.ts:45:7 › POST /api/portal/enroll — malformed JSON rejected (520ms)
  ✘  6114 [mobile-chrome] › e2e/public-api-deep.spec.ts:39:7 › POST /api/portal/me — empty body rejected with 4xx (532ms)
  ✘  6115 [mobile-chrome] › e2e/public-api-deep.spec.ts:45:7 › POST /api/portal/enroll — malformed JSON rejected (retry #1) (551ms)
  ✘  6116 [mobile-chrome] › e2e/public-api-deep.spec.ts:39:7 › POST /api/portal/me — empty body rejected with 4xx (retry #1) (580ms)
  ✘  6117 [mobile-chrome] › e2e/public-api-deep.spec.ts:45:7 › POST /api/portal/me — malformed JSON rejected (546ms)
  ✘  6118 [mobile-chrome] › e2e/public-api-deep.spec.ts:55:5 › GET /api/auth/session — returns session shape (532ms)
  ✘  6119 [mobile-chrome] › e2e/public-api-deep.spec.ts:45:7 › POST /api/portal/me — malformed JSON rejected (retry #1) (564ms)
  ✘  6120 [mobile-chrome] › e2e/public-api-deep.spec.ts:55:5 › GET /api/auth/session — returns session shape (retry #1) (579ms)
  ✘  6121 [mobile-chrome] › e2e/public-api-deep.spec.ts:64:5 › GET /api/auth/csrf — returns csrf token (573ms)
  ✘  6122 [mobile-chrome] › e2e/public-api-deep.spec.ts:69:5 › GET /api/auth/providers — lists providers (539ms)
  ✘  6123 [mobile-chrome] › e2e/public-api-deep.spec.ts:64:5 › GET /api/auth/csrf — returns csrf token (retry #1) (549ms)
  ✘  6124 [mobile-chrome] › e2e/public-api-deep.spec.ts:69:5 › GET /api/auth/providers — lists providers (retry #1) (587ms)
  ✘  6125 [mobile-chrome] › e2e/public-api-deep.spec.ts:74:5 › POST /api/contact — happy path with valid payload (530ms)
  ✘  6126 [mobile-chrome] › e2e/public-api-deep.spec.ts:89:5 › POST /api/subscribe — happy path (530ms)
  ✘  6127 [mobile-chrome] › e2e/public-api-deep.spec.ts:74:5 › POST /api/contact — happy path with valid payload (retry #1) (571ms)
  ✘  6128 [mobile-chrome] › e2e/public-api-deep.spec.ts:89:5 › POST /api/subscribe — happy path (retry #1) (557ms)
  ✘  6129 [mobile-chrome] › e2e/public-api-deep.spec.ts:97:5 › POST /api/track — accepts analytics event (540ms)
  ✘  6130 [mobile-chrome] › e2e/public-api-deep.spec.ts:105:5 › POST /api/chat — non-empty message (537ms)
  ✘  6131 [mobile-chrome] › e2e/public-api-deep.spec.ts:97:5 › POST /api/track — accepts analytics event (retry #1) (600ms)
  ✘  6132 [mobile-chrome] › e2e/public-api-deep.spec.ts:105:5 › POST /api/chat — non-empty message (retry #1) (573ms)
  ✘  6133 [mobile-chrome] › e2e/public-api-deep.spec.ts:116:5 › GET /api/notion-image — without url param returns 4xx (538ms)
  ✘  6134 [mobile-chrome] › e2e/public-api-deep.spec.ts:122:5 › POST /api/portal/enroll — empty body rejected (564ms)
  ✘  6135 [mobile-chrome] › e2e/public-api-deep.spec.ts:116:5 › GET /api/notion-image — without url param returns 4xx (retry #1) (577ms)
  ✘  6136 [mobile-chrome] › e2e/public-api-deep.spec.ts:122:5 › POST /api/portal/enroll — empty body rejected (retry #1) (578ms)
  ✘  6137 [mobile-chrome] › e2e/public-api-deep.spec.ts:127:5 › GET /api/portal/me — without auth returns 401 (548ms)
  ✘  6138 [mobile-chrome] › e2e/public-api-deep.spec.ts:132:5 › GET /api/portal/dummy-token — invalid token rejected (532ms)
  ✘  6139 [mobile-chrome] › e2e/public-api-deep.spec.ts:127:5 › GET /api/portal/me — without auth returns 401 (retry #1) (559ms)
  ✘  6140 [mobile-chrome] › e2e/public-api-deep.spec.ts:132:5 › GET /api/portal/dummy-token — invalid token rejected (retry #1) (553ms)
  ✘  6141 [mobile-chrome] › e2e/public-api-deep.spec.ts:137:5 › POST /api/agent/book — without payload rejected (593ms)
  ✘  6142 [mobile-chrome] › e2e/public-api-deep.spec.ts:142:5 › POST /api/newsletter/send — without auth returns 401/403 (552ms)
  ✘  6143 [mobile-chrome] › e2e/public-api-deep.spec.ts:137:5 › POST /api/agent/book — without payload rejected (retry #1) (579ms)
  ✘  6144 [mobile-chrome] › e2e/public-api-deep.spec.ts:142:5 › POST /api/newsletter/send — without auth returns 401/403 (retry #1) (567ms)
  ✘  6145 [mobile-chrome] › e2e/public-api-deep.spec.ts:149:5 › GET /api/health — returns ok shape (536ms)
  ✘  6146 [mobile-chrome] › e2e/public-api-deep.spec.ts:162:5 › POST /api/calendar/book — empty body rejected (560ms)
  ✘  6147 [mobile-chrome] › e2e/public-api-deep.spec.ts:149:5 › GET /api/health — returns ok shape (retry #1) (570ms)
  ✘  6148 [mobile-chrome] › e2e/public-api-deep.spec.ts:162:5 › POST /api/calendar/book — empty body rejected (retry #1) (557ms)
  ✘  6149 [mobile-chrome] › e2e/public-api-deep.spec.ts:167:5 › POST /api/checkout — empty body rejected (552ms)
  ✘  6150 [mobile-chrome] › e2e/public-api-deep.spec.ts:172:5 › POST /api/csp-report — accepts CSP violation report (554ms)
  ✘  6151 [mobile-chrome] › e2e/public-api-deep.spec.ts:167:5 › POST /api/checkout — empty body rejected (retry #1) (574ms)
  ✘  6152 [mobile-chrome] › e2e/public-api-deep.spec.ts:172:5 › POST /api/csp-report — accepts CSP violation report (retry #1) (567ms)
  ✘  6153 [mobile-chrome] › e2e/public-api-deep.spec.ts:181:5 › POST /api/crm/contact — empty rejected (543ms)
  ✘  6154 [mobile-chrome] › e2e/public-api-deep.spec.ts:186:5 › POST /api/unsubscribe — without token rejected (539ms)
  ✘  6155 [mobile-chrome] › e2e/public-api-deep.spec.ts:181:5 › POST /api/crm/contact — empty rejected (retry #1) (595ms)
  ✘  6156 [mobile-chrome] › e2e/public-api-deep.spec.ts:186:5 › POST /api/unsubscribe — without token rejected (retry #1) (602ms)
  ✘  6157 [mobile-chrome] › e2e/public-api-deep.spec.ts:196:5 › GET /api/blog/hello-world — handles slug lookup (590ms)
  ✘  6158 [mobile-chrome] › e2e/public-api-deep.spec.ts:201:5 › GET /api/case-studies/sample — handles slug lookup (586ms)
  ✘  6159 [mobile-chrome] › e2e/public-api-deep.spec.ts:196:5 › GET /api/blog/hello-world — handles slug lookup (retry #1) (612ms)
  ✘  6160 [mobile-chrome] › e2e/public-api-deep.spec.ts:201:5 › GET /api/case-studies/sample — handles slug lookup (retry #1) (607ms)
  ✘  6161 [mobile-chrome] › e2e/public-api-deep.spec.ts:206:5 › GET /api/docs/getting-started — handles slug lookup (544ms)
  ✘  6162 [mobile-chrome] › e2e/public-api-deep.spec.ts:213:5 › POST /api/portal/me with missing auth header (556ms)
  ✘  6163 [mobile-chrome] › e2e/public-api-deep.spec.ts:206:5 › GET /api/docs/getting-started — handles slug lookup (retry #1) (597ms)
  ✘  6164 [mobile-chrome] › e2e/public-api-deep.spec.ts:213:5 › POST /api/portal/me with missing auth header (retry #1) (564ms)
  ✘  6165 [mobile-chrome] › e2e/public-api-deep.spec.ts:218:5 › oversized payload rejected on /api/contact (10MB) (595ms)
  ✘  6166 [mobile-chrome] › e2e/public-api-deep.spec.ts:227:5 › oversized payload rejected on /api/track (5MB) (564ms)
  ✘  6167 [mobile-chrome] › e2e/public-api-deep.spec.ts:218:5 › oversized payload rejected on /api/contact (10MB) (retry #1) (757ms)
  ✘  6168 [mobile-chrome] › e2e/public-api-deep.spec.ts:227:5 › oversized payload rejected on /api/track (5MB) (retry #1) (641ms)
  ✘  6169 [mobile-chrome] › e2e/public-api-sweep.spec.ts:4:7 › Public API route sweep › GET /api/blog/posts returns 200 (321ms)
  ✘  6170 [mobile-chrome] › e2e/public-api-sweep.spec.ts:8:7 › Public API route sweep › GET /api/calendar/availability responds (200 with creds, 5xx without) (320ms)
  ✘  6171 [mobile-chrome] › e2e/public-api-sweep.spec.ts:4:7 › Public API route sweep › GET /api/blog/posts returns 200 (retry #1) (335ms)
  ✘  6172 [mobile-chrome] › e2e/public-api-sweep.spec.ts:8:7 › Public API route sweep › GET /api/calendar/availability responds (200 with creds, 5xx without) (retry #1) (333ms)
  ✘  6173 [mobile-chrome] › e2e/public-api-sweep.spec.ts:13:7 › Public API route sweep › GET /api/case-studies returns 200 (321ms)
  ✘  6174 [mobile-chrome] › e2e/public-api-sweep.spec.ts:17:7 › Public API route sweep › GET /api/docs returns 200 (322ms)
  ✘  6175 [mobile-chrome] › e2e/public-api-sweep.spec.ts:13:7 › Public API route sweep › GET /api/case-studies returns 200 (retry #1) (336ms)
  ✘  6176 [mobile-chrome] › e2e/public-api-sweep.spec.ts:17:7 › Public API route sweep › GET /api/docs returns 200 (retry #1) (343ms)
  ✘  6177 [mobile-chrome] › e2e/public-api-sweep.spec.ts:21:7 › Public API route sweep › GET /api/faqs returns 200 (320ms)
  ✘  6178 [mobile-chrome] › e2e/public-api-sweep.spec.ts:25:7 › Public API route sweep › GET /api/health returns 200 (321ms)
  ✘  6179 [mobile-chrome] › e2e/public-api-sweep.spec.ts:21:7 › Public API route sweep › GET /api/faqs returns 200 (retry #1) (334ms)
  ✘  6180 [mobile-chrome] › e2e/public-api-sweep.spec.ts:25:7 › Public API route sweep › GET /api/health returns 200 (retry #1) (340ms)
  ✘  6181 [mobile-chrome] › e2e/public-api-sweep.spec.ts:29:7 › Public API route sweep › GET /api/pwa-manifest returns 200 (322ms)
  ✘  6182 [mobile-chrome] › e2e/public-api-sweep.spec.ts:33:7 › Public API route sweep › GET /api/services returns 200 (320ms)
  ✘  6183 [mobile-chrome] › e2e/public-api-sweep.spec.ts:29:7 › Public API route sweep › GET /api/pwa-manifest returns 200 (retry #1) (333ms)
  ✘  6184 [mobile-chrome] › e2e/public-api-sweep.spec.ts:33:7 › Public API route sweep › GET /api/services returns 200 (retry #1) (335ms)
  ✘  6185 [mobile-chrome] › e2e/public-api-sweep.spec.ts:37:7 › Public API route sweep › GET /api/testimonials returns 200 (322ms)
  ✘  6186 [mobile-chrome] › e2e/public-api-sweep.spec.ts:41:7 › Public API route sweep › POST /api/agent/book with empty body returns 4xx (320ms)
  ✘  6187 [mobile-chrome] › e2e/public-api-sweep.spec.ts:37:7 › Public API route sweep › GET /api/testimonials returns 200 (retry #1) (336ms)
  ✘  6188 [mobile-chrome] › e2e/public-api-sweep.spec.ts:41:7 › Public API route sweep › POST /api/agent/book with empty body returns 4xx (retry #1) (335ms)
  ✘  6189 [mobile-chrome] › e2e/public-api-sweep.spec.ts:47:7 › Public API route sweep › POST /api/calendar/book with empty body returns 4xx (323ms)
  ✘  6190 [mobile-chrome] › e2e/public-api-sweep.spec.ts:53:7 › Public API route sweep › POST /api/chat with empty body returns 4xx (321ms)
  ✘  6191 [mobile-chrome] › e2e/public-api-sweep.spec.ts:47:7 › Public API route sweep › POST /api/calendar/book with empty body returns 4xx (retry #1) (338ms)
  ✘  6192 [mobile-chrome] › e2e/public-api-sweep.spec.ts:53:7 › Public API route sweep › POST /api/chat with empty body returns 4xx (retry #1) (338ms)
  ✘  6193 [mobile-chrome] › e2e/public-api-sweep.spec.ts:59:7 › Public API route sweep › POST /api/checkout with empty body returns 4xx (321ms)
  ✘  6194 [mobile-chrome] › e2e/public-api-sweep.spec.ts:65:7 › Public API route sweep › POST /api/contact with empty body returns 4xx (322ms)
  ✘  6195 [mobile-chrome] › e2e/public-api-sweep.spec.ts:59:7 › Public API route sweep › POST /api/checkout with empty body returns 4xx (retry #1) (336ms)
  ✘  6196 [mobile-chrome] › e2e/public-api-sweep.spec.ts:65:7 › Public API route sweep › POST /api/contact with empty body returns 4xx (retry #1) (336ms)
  ✘  6197 [mobile-chrome] › e2e/public-api-sweep.spec.ts:71:7 › Public API route sweep › POST /api/crm/contact with empty body returns 4xx (322ms)
  ✘  6198 [mobile-chrome] › e2e/public-api-sweep.spec.ts:80:7 › Public API route sweep › POST /api/newsletter/send with empty body returns 4xx (321ms)
  ✘  6199 [mobile-chrome] › e2e/public-api-sweep.spec.ts:71:7 › Public API route sweep › POST /api/crm/contact with empty body returns 4xx (retry #1) (335ms)
  ✘  6200 [mobile-chrome] › e2e/public-api-sweep.spec.ts:80:7 › Public API route sweep › POST /api/newsletter/send with empty body returns 4xx (retry #1) (340ms)
  ✘  6201 [mobile-chrome] › e2e/public-api-sweep.spec.ts:86:7 › Public API route sweep › POST /api/subscribe with empty body returns 4xx (322ms)
  ✘  6202 [mobile-chrome] › e2e/public-api-sweep.spec.ts:92:7 › Public API route sweep › POST /api/track with empty body returns 4xx (320ms)
  ✘  6203 [mobile-chrome] › e2e/public-api-sweep.spec.ts:86:7 › Public API route sweep › POST /api/subscribe with empty body returns 4xx (retry #1) (336ms)
  ✘  6204 [mobile-chrome] › e2e/public-api-sweep.spec.ts:92:7 › Public API route sweep › POST /api/track with empty body returns 4xx (retry #1) (337ms)
  ✘  6205 [mobile-chrome] › e2e/public-api-sweep.spec.ts:98:7 › Public API route sweep › POST /api/csp-report without auth returns 4xx (323ms)
  ✘  6206 [mobile-chrome] › e2e/public-api-sweep.spec.ts:103:7 › Public API route sweep › POST /api/slack/commands without auth returns 4xx (322ms)
  ✘  6207 [mobile-chrome] › e2e/public-api-sweep.spec.ts:98:7 › Public API route sweep › POST /api/csp-report without auth returns 4xx (retry #1) (335ms)
  ✘  6208 [mobile-chrome] › e2e/public-api-sweep.spec.ts:103:7 › Public API route sweep › POST /api/slack/commands without auth returns 4xx (retry #1) (337ms)
  ✘  6209 [mobile-chrome] › e2e/public-api-sweep.spec.ts:108:7 › Public API route sweep › POST /api/slack/events without auth returns 4xx (323ms)
  ✘  6210 [mobile-chrome] › e2e/public-api-sweep.spec.ts:113:7 › Public API route sweep › POST /api/slack/interactions without auth returns 4xx (323ms)
  ✘  6211 [mobile-chrome] › e2e/public-api-sweep.spec.ts:108:7 › Public API route sweep › POST /api/slack/events without auth returns 4xx (retry #1) (335ms)
  ✘  6212 [mobile-chrome] › e2e/public-api-sweep.spec.ts:113:7 › Public API route sweep › POST /api/slack/interactions without auth returns 4xx (retry #1) (336ms)
  ✘  6213 [mobile-chrome] › e2e/public-api-sweep.spec.ts:118:7 › Public API route sweep › POST /api/webhooks/espocrm without secret returns 4xx (321ms)
  ✘  6214 [mobile-chrome] › e2e/public-api-sweep.spec.ts:124:7 › Public API route sweep › POST /api/webhooks/notion without auth returns 4xx (321ms)
  ✘  6215 [mobile-chrome] › e2e/public-api-sweep.spec.ts:118:7 › Public API route sweep › POST /api/webhooks/espocrm without secret returns 4xx (retry #1) (337ms)
  ✘  6216 [mobile-chrome] › e2e/public-api-sweep.spec.ts:124:7 › Public API route sweep › POST /api/webhooks/notion without auth returns 4xx (retry #1) (339ms)
  ✘  6217 [mobile-chrome] › e2e/public-api-sweep.spec.ts:129:7 › Public API route sweep › POST /api/webhooks/stripe without auth returns 4xx (323ms)
  ✘  6218 [mobile-chrome] › e2e/public-api-sweep.spec.ts:134:7 › Public API route sweep › GET /api/cron/analytics-rollup without cron secret returns 4xx (322ms)
  ✘  6219 [mobile-chrome] › e2e/public-api-sweep.spec.ts:129:7 › Public API route sweep › POST /api/webhooks/stripe without auth returns 4xx (retry #1) (339ms)
  ✘  6220 [mobile-chrome] › e2e/public-api-sweep.spec.ts:134:7 › Public API route sweep › GET /api/cron/analytics-rollup without cron secret returns 4xx (retry #1) (334ms)
  ✘  6221 [mobile-chrome] › e2e/public-api-sweep.spec.ts:140:7 › Public API route sweep › GET /api/cron/calendar-digest without cron secret returns 4xx (321ms)
  ✘  6222 [mobile-chrome] › e2e/public-api-sweep.spec.ts:146:7 › Public API route sweep › GET /api/cron/report-cleanup without cron secret returns 4xx (320ms)
  ✘  6223 [mobile-chrome] › e2e/public-api-sweep.spec.ts:140:7 › Public API route sweep › GET /api/cron/calendar-digest without cron secret returns 4xx (retry #1) (336ms)
  ✘  6224 [mobile-chrome] › e2e/public-api-sweep.spec.ts:146:7 › Public API route sweep › GET /api/cron/report-cleanup without cron secret returns 4xx (retry #1) (335ms)
  ✘  6225 [mobile-chrome] › e2e/public-api-sweep.spec.ts:152:7 › Public API route sweep › GET /api/cron/slack-digest without cron secret returns 4xx (323ms)
  ✘  6226 [mobile-chrome] › e2e/public-api-sweep.spec.ts:158:7 › Public API route sweep › GET /api/cron/voice-brief without cron secret returns 4xx (321ms)
  ✘  6227 [mobile-chrome] › e2e/public-api-sweep.spec.ts:152:7 › Public API route sweep › GET /api/cron/slack-digest without cron secret returns 4xx (retry #1) (336ms)
  ✘  6228 [mobile-chrome] › e2e/public-api-sweep.spec.ts:158:7 › Public API route sweep › GET /api/cron/voice-brief without cron secret returns 4xx (retry #1) (336ms)
  ✘  6229 [mobile-chrome] › e2e/public-api-sweep.spec.ts:164:7 › Public API route sweep › GET /api/user/consultations without auth returns 4xx (323ms)
  ✘  6230 [mobile-chrome] › e2e/public-api-sweep.spec.ts:170:7 › Public API route sweep › GET /api/user/purchases without auth returns 4xx (320ms)
  ✘  6231 [mobile-chrome] › e2e/public-api-sweep.spec.ts:164:7 › Public API route sweep › GET /api/user/consultations without auth returns 4xx (retry #1) (336ms)
  ✘  6232 [mobile-chrome] › e2e/public-api-sweep.spec.ts:170:7 › Public API route sweep › GET /api/user/purchases without auth returns 4xx (retry #1) (337ms)
  ✘  6233 [mobile-chrome] › e2e/public-api-sweep.spec.ts:176:7 › Public API route sweep › GET /api/notion-image responds without 5xx (323ms)
  ✘  6234 [mobile-chrome] › e2e/public-api-sweep.spec.ts:181:7 › Public API route sweep › GET /api/portal/enroll responds without 5xx (324ms)
  ✘  6235 [mobile-chrome] › e2e/public-api-sweep.spec.ts:176:7 › Public API route sweep › GET /api/notion-image responds without 5xx (retry #1) (342ms)
  ✘  6236 [mobile-chrome] › e2e/public-api-sweep.spec.ts:181:7 › Public API route sweep › GET /api/portal/enroll responds without 5xx (retry #1) (337ms)
  ✘  6237 [mobile-chrome] › e2e/public-api-sweep.spec.ts:186:7 › Public API route sweep › GET /api/portal/me responds without 5xx (323ms)
  ✘  6238 [mobile-chrome] › e2e/public-api-sweep.spec.ts:191:7 › Public API route sweep › GET /api/unsubscribe responds without 5xx (320ms)
  ✘  6239 [mobile-chrome] › e2e/public-api-sweep.spec.ts:186:7 › Public API route sweep › GET /api/portal/me responds without 5xx (retry #1) (335ms)
  ✘  6240 [mobile-chrome] › e2e/public-api-sweep.spec.ts:191:7 › Public API route sweep › GET /api/unsubscribe responds without 5xx (retry #1) (342ms)

=== PUBLIC PAGE AUDIT: All clean ✓ ===

  ✘  6241 [mobile-chrome] › e2e/public-pages-audit.spec.ts:82:9 › static /en (254ms)
  -  6243 [mobile-chrome] › e2e/public-pages-audit.spec.ts:82:9 › static /en/store
  -  6244 [mobile-chrome] › e2e/public-pages-audit.spec.ts:82:9 › static /en/services
  -  6245 [mobile-chrome] › e2e/public-pages-audit.spec.ts:82:9 › static /en/blog
  -  6246 [mobile-chrome] › e2e/public-pages-audit.spec.ts:82:9 › static /en/contact
  -  6247 [mobile-chrome] › e2e/public-pages-audit.spec.ts:82:9 › static /en/privacy
  -  6248 [mobile-chrome] › e2e/public-pages-audit.spec.ts:82:9 › static /en/terms
  -  6249 [mobile-chrome] › e2e/public-pages-audit.spec.ts:82:9 › static /en/docs
  -  6250 [mobile-chrome] › e2e/public-pages-audit.spec.ts:82:9 › static /en/refund
  -  6251 [mobile-chrome] › e2e/public-pages-audit.spec.ts:82:9 › static /en/cookies
  -  6252 [mobile-chrome] › e2e/public-pages-audit.spec.ts:82:9 › static /en/work
  -  6253 [mobile-chrome] › e2e/public-pages-audit.spec.ts:82:9 › static /en/case-studies
  -  6254 [mobile-chrome] › e2e/public-pages-audit.spec.ts:82:9 › static /el
  -  6255 [mobile-chrome] › e2e/public-pages-audit.spec.ts:82:9 › static /el/store
  -  6256 [mobile-chrome] › e2e/public-pages-audit.spec.ts:82:9 › static /el/services
  -  6257 [mobile-chrome] › e2e/public-pages-audit.spec.ts:82:9 › static /el/blog
  -  6258 [mobile-chrome] › e2e/public-pages-audit.spec.ts:82:9 › static /el/contact
  -  6259 [mobile-chrome] › e2e/public-pages-audit.spec.ts:82:9 › static /el/privacy
  -  6260 [mobile-chrome] › e2e/public-pages-audit.spec.ts:82:9 › static /el/terms
  -  6261 [mobile-chrome] › e2e/public-pages-audit.spec.ts:82:9 › static /el/docs
  -  6262 [mobile-chrome] › e2e/public-pages-audit.spec.ts:82:9 › static /el/refund
  -  6263 [mobile-chrome] › e2e/public-pages-audit.spec.ts:82:9 › static /el/cookies
  -  6264 [mobile-chrome] › e2e/public-pages-audit.spec.ts:82:9 › static /el/work
  -  6265 [mobile-chrome] › e2e/public-pages-audit.spec.ts:82:9 › static /el/case-studies
  -  6266 [mobile-chrome] › e2e/public-pages-audit.spec.ts:82:9 › static /fr
  -  6267 [mobile-chrome] › e2e/public-pages-audit.spec.ts:82:9 › static /fr/store
  -  6268 [mobile-chrome] › e2e/public-pages-audit.spec.ts:82:9 › static /fr/services
  -  6269 [mobile-chrome] › e2e/public-pages-audit.spec.ts:82:9 › static /fr/blog
  -  6270 [mobile-chrome] › e2e/public-pages-audit.spec.ts:82:9 › static /fr/contact
  -  6271 [mobile-chrome] › e2e/public-pages-audit.spec.ts:82:9 › static /fr/privacy
  -  6272 [mobile-chrome] › e2e/public-pages-audit.spec.ts:82:9 › static /fr/terms
  -  6273 [mobile-chrome] › e2e/public-pages-audit.spec.ts:82:9 › static /fr/docs
  -  6274 [mobile-chrome] › e2e/public-pages-audit.spec.ts:82:9 › static /fr/refund
  -  6275 [mobile-chrome] › e2e/public-pages-audit.spec.ts:82:9 › static /fr/cookies
  -  6276 [mobile-chrome] › e2e/public-pages-audit.spec.ts:82:9 › static /fr/work
  -  6277 [mobile-chrome] › e2e/public-pages-audit.spec.ts:82:9 › static /fr/case-studies
  -  6278 [mobile-chrome] › e2e/public-pages-audit.spec.ts:82:9 › static /de
  -  6279 [mobile-chrome] › e2e/public-pages-audit.spec.ts:82:9 › static /de/store
  -  6280 [mobile-chrome] › e2e/public-pages-audit.spec.ts:82:9 › static /de/services
  -  6281 [mobile-chrome] › e2e/public-pages-audit.spec.ts:82:9 › static /de/blog
  -  6282 [mobile-chrome] › e2e/public-pages-audit.spec.ts:82:9 › static /de/contact
  -  6283 [mobile-chrome] › e2e/public-pages-audit.spec.ts:82:9 › static /de/privacy
  -  6284 [mobile-chrome] › e2e/public-pages-audit.spec.ts:82:9 › static /de/terms
  -  6285 [mobile-chrome] › e2e/public-pages-audit.spec.ts:82:9 › static /de/docs
  -  6286 [mobile-chrome] › e2e/public-pages-audit.spec.ts:82:9 › static /de/refund
  -  6287 [mobile-chrome] › e2e/public-pages-audit.spec.ts:82:9 › static /de/cookies
  -  6288 [mobile-chrome] › e2e/public-pages-audit.spec.ts:82:9 › static /de/work
  -  6289 [mobile-chrome] › e2e/public-pages-audit.spec.ts:82:9 › static /de/case-studies
  -  6290 [mobile-chrome] › e2e/public-pages-audit.spec.ts:138:7 › dynamic /en/blog/:slug
  -  6291 [mobile-chrome] › e2e/public-pages-audit.spec.ts:138:7 › dynamic /en/case-studies/:slug
  -  6292 [mobile-chrome] › e2e/public-pages-audit.spec.ts:138:7 › dynamic /en/docs/:slug
  -  6293 [mobile-chrome] › e2e/public-pages-audit.spec.ts:138:7 › dynamic /en/store/:id
  -  6294 [mobile-chrome] › e2e/public-pages-audit.spec.ts:138:7 › dynamic /en/store/success
  -  6295 [mobile-chrome] › e2e/public-pages-audit.spec.ts:138:7 › dynamic /portal/:token
  -  6296 [mobile-chrome] › e2e/public-pages-audit.spec.ts:160:7 › auth /en/auth/login
  -  6297 [mobile-chrome] › e2e/public-pages-audit.spec.ts:160:7 › auth /en/auth/signup
  -  6298 [mobile-chrome] › e2e/public-pages-audit.spec.ts:160:7 › auth /en/auth/forgot-password
  -  6299 [mobile-chrome] › e2e/public-pages-audit.spec.ts:175:5 › root / redirects to a locale prefix
  ✘  6242 [mobile-chrome] › e2e/pwa-manifest.spec.ts:38:7 › PWA manifest › /manifest.webmanifest serves application/manifest+json (327ms)

=== PUBLIC PAGE AUDIT: All clean ✓ ===

  ✘  6300 [mobile-chrome] › e2e/public-pages-audit.spec.ts:82:9 › static /en (retry #1) (257ms)
  -  6302 [mobile-chrome] › e2e/public-pages-audit.spec.ts:82:9 › static /en/store (retry #1)
  -  6303 [mobile-chrome] › e2e/public-pages-audit.spec.ts:82:9 › static /en/services (retry #1)
  -  6304 [mobile-chrome] › e2e/public-pages-audit.spec.ts:82:9 › static /en/blog (retry #1)
  -  6305 [mobile-chrome] › e2e/public-pages-audit.spec.ts:82:9 › static /en/contact (retry #1)
  -  6306 [mobile-chrome] › e2e/public-pages-audit.spec.ts:82:9 › static /en/privacy (retry #1)
  -  6307 [mobile-chrome] › e2e/public-pages-audit.spec.ts:82:9 › static /en/terms (retry #1)
  -  6308 [mobile-chrome] › e2e/public-pages-audit.spec.ts:82:9 › static /en/docs (retry #1)
  -  6309 [mobile-chrome] › e2e/public-pages-audit.spec.ts:82:9 › static /en/refund (retry #1)
  -  6310 [mobile-chrome] › e2e/public-pages-audit.spec.ts:82:9 › static /en/cookies (retry #1)
  -  6311 [mobile-chrome] › e2e/public-pages-audit.spec.ts:82:9 › static /en/work (retry #1)
  -  6312 [mobile-chrome] › e2e/public-pages-audit.spec.ts:82:9 › static /en/case-studies (retry #1)
  -  6313 [mobile-chrome] › e2e/public-pages-audit.spec.ts:82:9 › static /el (retry #1)
  -  6314 [mobile-chrome] › e2e/public-pages-audit.spec.ts:82:9 › static /el/store (retry #1)
  -  6315 [mobile-chrome] › e2e/public-pages-audit.spec.ts:82:9 › static /el/services (retry #1)
  -  6316 [mobile-chrome] › e2e/public-pages-audit.spec.ts:82:9 › static /el/blog (retry #1)
  -  6317 [mobile-chrome] › e2e/public-pages-audit.spec.ts:82:9 › static /el/contact (retry #1)
  -  6318 [mobile-chrome] › e2e/public-pages-audit.spec.ts:82:9 › static /el/privacy (retry #1)
  -  6319 [mobile-chrome] › e2e/public-pages-audit.spec.ts:82:9 › static /el/terms (retry #1)
  -  6320 [mobile-chrome] › e2e/public-pages-audit.spec.ts:82:9 › static /el/docs (retry #1)
  -  6321 [mobile-chrome] › e2e/public-pages-audit.spec.ts:82:9 › static /el/refund (retry #1)
  -  6322 [mobile-chrome] › e2e/public-pages-audit.spec.ts:82:9 › static /el/cookies (retry #1)
  -  6323 [mobile-chrome] › e2e/public-pages-audit.spec.ts:82:9 › static /el/work (retry #1)
  -  6324 [mobile-chrome] › e2e/public-pages-audit.spec.ts:82:9 › static /el/case-studies (retry #1)
  -  6325 [mobile-chrome] › e2e/public-pages-audit.spec.ts:82:9 › static /fr (retry #1)
  -  6326 [mobile-chrome] › e2e/public-pages-audit.spec.ts:82:9 › static /fr/store (retry #1)
  -  6327 [mobile-chrome] › e2e/public-pages-audit.spec.ts:82:9 › static /fr/services (retry #1)
  -  6328 [mobile-chrome] › e2e/public-pages-audit.spec.ts:82:9 › static /fr/blog (retry #1)
  -  6329 [mobile-chrome] › e2e/public-pages-audit.spec.ts:82:9 › static /fr/contact (retry #1)
  -  6330 [mobile-chrome] › e2e/public-pages-audit.spec.ts:82:9 › static /fr/privacy (retry #1)
  -  6331 [mobile-chrome] › e2e/public-pages-audit.spec.ts:82:9 › static /fr/terms (retry #1)
  -  6332 [mobile-chrome] › e2e/public-pages-audit.spec.ts:82:9 › static /fr/docs (retry #1)
  -  6333 [mobile-chrome] › e2e/public-pages-audit.spec.ts:82:9 › static /fr/refund (retry #1)
  -  6334 [mobile-chrome] › e2e/public-pages-audit.spec.ts:82:9 › static /fr/cookies (retry #1)
  -  6335 [mobile-chrome] › e2e/public-pages-audit.spec.ts:82:9 › static /fr/work (retry #1)
  -  6336 [mobile-chrome] › e2e/public-pages-audit.spec.ts:82:9 › static /fr/case-studies (retry #1)
  -  6337 [mobile-chrome] › e2e/public-pages-audit.spec.ts:82:9 › static /de (retry #1)
  -  6338 [mobile-chrome] › e2e/public-pages-audit.spec.ts:82:9 › static /de/store (retry #1)
  -  6339 [mobile-chrome] › e2e/public-pages-audit.spec.ts:82:9 › static /de/services (retry #1)
  -  6340 [mobile-chrome] › e2e/public-pages-audit.spec.ts:82:9 › static /de/blog (retry #1)
  -  6341 [mobile-chrome] › e2e/public-pages-audit.spec.ts:82:9 › static /de/contact (retry #1)
  -  6342 [mobile-chrome] › e2e/public-pages-audit.spec.ts:82:9 › static /de/privacy (retry #1)
  -  6343 [mobile-chrome] › e2e/public-pages-audit.spec.ts:82:9 › static /de/terms (retry #1)
  -  6344 [mobile-chrome] › e2e/public-pages-audit.spec.ts:82:9 › static /de/docs (retry #1)
  -  6345 [mobile-chrome] › e2e/public-pages-audit.spec.ts:82:9 › static /de/refund (retry #1)
  -  6346 [mobile-chrome] › e2e/public-pages-audit.spec.ts:82:9 › static /de/cookies (retry #1)
  -  6347 [mobile-chrome] › e2e/public-pages-audit.spec.ts:82:9 › static /de/work (retry #1)
  -  6348 [mobile-chrome] › e2e/public-pages-audit.spec.ts:82:9 › static /de/case-studies (retry #1)
  -  6349 [mobile-chrome] › e2e/public-pages-audit.spec.ts:138:7 › dynamic /en/blog/:slug (retry #1)
  -  6350 [mobile-chrome] › e2e/public-pages-audit.spec.ts:138:7 › dynamic /en/case-studies/:slug (retry #1)
  -  6351 [mobile-chrome] › e2e/public-pages-audit.spec.ts:138:7 › dynamic /en/docs/:slug (retry #1)
  -  6352 [mobile-chrome] › e2e/public-pages-audit.spec.ts:138:7 › dynamic /en/store/:id (retry #1)
  -  6353 [mobile-chrome] › e2e/public-pages-audit.spec.ts:138:7 › dynamic /en/store/success (retry #1)
  -  6354 [mobile-chrome] › e2e/public-pages-audit.spec.ts:138:7 › dynamic /portal/:token (retry #1)
  -  6355 [mobile-chrome] › e2e/public-pages-audit.spec.ts:160:7 › auth /en/auth/login (retry #1)
  -  6356 [mobile-chrome] › e2e/public-pages-audit.spec.ts:160:7 › auth /en/auth/signup (retry #1)
  -  6357 [mobile-chrome] › e2e/public-pages-audit.spec.ts:160:7 › auth /en/auth/forgot-password (retry #1)
  -  6358 [mobile-chrome] › e2e/public-pages-audit.spec.ts:175:5 › root / redirects to a locale prefix (retry #1)
  ✘  6301 [mobile-chrome] › e2e/pwa-manifest.spec.ts:38:7 › PWA manifest › /manifest.webmanifest serves application/manifest+json (retry #1) (336ms)
  ✘  6359 [mobile-chrome] › e2e/pwa-manifest.spec.ts:48:7 › PWA manifest › /api/pwa-manifest is the actual handler and returns valid JSON (322ms)
  ✘  6360 [mobile-chrome] › e2e/pwa-manifest.spec.ts:61:7 › PWA manifest › manifest declares 192/512 PNG icons + maskable variant (321ms)
  ✘  6361 [mobile-chrome] › e2e/pwa-manifest.spec.ts:48:7 › PWA manifest › /api/pwa-manifest is the actual handler and returns valid JSON (retry #1) (335ms)
  ✘  6362 [mobile-chrome] › e2e/pwa-manifest.spec.ts:61:7 › PWA manifest › manifest declares 192/512 PNG icons + maskable variant (retry #1) (334ms)
  ✘  6363 [mobile-chrome] › e2e/pwa-manifest.spec.ts:72:7 › PWA manifest › manifest shortcuts include core nav targets (322ms)
  ✘  6364 [mobile-chrome] › e2e/pwa-manifest.spec.ts:81:7 › PWA manifest › rewrite path matches the API route output byte-for-byte (key fields) (322ms)
  ✘  6365 [mobile-chrome] › e2e/pwa-manifest.spec.ts:72:7 › PWA manifest › manifest shortcuts include core nav targets (retry #1) (334ms)
  ✘  6366 [mobile-chrome] › e2e/pwa-manifest.spec.ts:81:7 › PWA manifest › rewrite path matches the API route output byte-for-byte (key fields) (retry #1) (334ms)
  ✘  6367 [mobile-chrome] › e2e/pwa-manifest.spec.ts:98:7 › PWA manifest › layout.tsx points to the manifest path (209ms)
  ✘  6368 [mobile-chrome] › e2e/register-user-flow.spec.ts:36:9 › new-user registration flow › signup page rendering › renders without a plan param (233ms)
  ✘  6369 [mobile-chrome] › e2e/pwa-manifest.spec.ts:98:7 › PWA manifest › layout.tsx points to the manifest path (retry #1) (247ms)
  ✘  6370 [mobile-chrome] › e2e/register-user-flow.spec.ts:36:9 › new-user registration flow › signup page rendering › renders without a plan param (retry #1) (237ms)
  ✘  6371 [mobile-chrome] › e2e/register-user-flow.spec.ts:43:11 › new-user registration flow › signup page rendering › renders for plan=cloud (217ms)
  ✘  6372 [mobile-chrome] › e2e/register-user-flow.spec.ts:43:11 › new-user registration flow › signup page rendering › renders for plan=serverless (252ms)
  ✘  6373 [mobile-chrome] › e2e/register-user-flow.spec.ts:43:11 › new-user registration flow › signup page rendering › renders for plan=cloud (retry #1) (258ms)
  ✘  6374 [mobile-chrome] › e2e/register-user-flow.spec.ts:43:11 › new-user registration flow › signup page rendering › renders for plan=serverless (retry #1) (243ms)
  ✘  6375 [mobile-chrome] › e2e/register-user-flow.spec.ts:43:11 › new-user registration flow › signup page rendering › renders for plan=analytics (233ms)
  ✘  6376 [mobile-chrome] › e2e/register-user-flow.spec.ts:43:11 › new-user registration flow › signup page rendering › renders for plan=marketing (243ms)
  ✘  6377 [mobile-chrome] › e2e/register-user-flow.spec.ts:43:11 › new-user registration flow › signup page rendering › renders for plan=analytics (retry #1) (240ms)
  ✘  6378 [mobile-chrome] › e2e/register-user-flow.spec.ts:43:11 › new-user registration flow › signup page rendering › renders for plan=marketing (retry #1) (231ms)
  ✘  6379 [mobile-chrome] › e2e/register-user-flow.spec.ts:43:11 › new-user registration flow › signup page rendering › renders for plan=web (251ms)
  ✘  6380 [mobile-chrome] › e2e/register-user-flow.spec.ts:43:11 › new-user registration flow › signup page rendering › renders for plan=hosting (227ms)
  ✘  6381 [mobile-chrome] › e2e/register-user-flow.spec.ts:43:11 › new-user registration flow › signup page rendering › renders for plan=web (retry #1) (225ms)
  ✘  6382 [mobile-chrome] › e2e/register-user-flow.spec.ts:43:11 › new-user registration flow › signup page rendering › renders for plan=hosting (retry #1) (233ms)
  ✘  6383 [mobile-chrome] › e2e/register-user-flow.spec.ts:43:11 › new-user registration flow › signup page rendering › renders for plan=bundle (216ms)
  ✘  6384 [mobile-chrome] › e2e/register-user-flow.spec.ts:49:9 › new-user registration flow › signup page rendering › renders for invalid plan (client-side validator drops it) (216ms)
  ✘  6385 [mobile-chrome] › e2e/register-user-flow.spec.ts:43:11 › new-user registration flow › signup page rendering › renders for plan=bundle (retry #1) (240ms)
  ✘  6386 [mobile-chrome] › e2e/register-user-flow.spec.ts:49:9 › new-user registration flow › signup page rendering › renders for invalid plan (client-side validator drops it) (retry #1) (288ms)
  ✘  6387 [mobile-chrome] › e2e/register-user-flow.spec.ts:56:9 › new-user registration flow › waiting room behavior (unauthenticated) › does NOT leak waiting-room content to an unauthenticated visitor (227ms)
  ✘  6388 [mobile-chrome] › e2e/register-user-flow.spec.ts:74:9 › new-user registration flow › waiting room behavior (unauthenticated) › /en/portal/waiting 308-redirects to /portal/waiting (216ms)
  ✘  6389 [mobile-chrome] › e2e/register-user-flow.spec.ts:56:9 › new-user registration flow › waiting room behavior (unauthenticated) › does NOT leak waiting-room content to an unauthenticated visitor (retry #1) (265ms)
  ✘  6390 [mobile-chrome] › e2e/register-user-flow.spec.ts:74:9 › new-user registration flow › waiting room behavior (unauthenticated) › /en/portal/waiting 308-redirects to /portal/waiting (retry #1) (258ms)
  ✘  6391 [mobile-chrome] › e2e/register-user-flow.spec.ts:83:9 › new-user registration flow › API contracts — /api/portal/enroll › unauthenticated POST returns 401 (321ms)
  ✘  6392 [mobile-chrome] › e2e/register-user-flow.spec.ts:92:9 › new-user registration flow › API contracts — /api/portal/enroll › authenticated POST with unknown plan returns 400 (321ms)
  ✘  6393 [mobile-chrome] › e2e/register-user-flow.spec.ts:83:9 › new-user registration flow › API contracts — /api/portal/enroll › unauthenticated POST returns 401 (retry #1) (323ms)
  ✘  6394 [mobile-chrome] › e2e/register-user-flow.spec.ts:92:9 › new-user registration flow › API contracts — /api/portal/enroll › authenticated POST with unknown plan returns 400 (retry #1) (322ms)
  ✘  6395 [mobile-chrome] › e2e/register-user-flow.spec.ts:109:9 › new-user registration flow › API contracts — /api/portal/enroll › authenticated POST with each valid plan does not 4xx-validation-fail (321ms)
  ✘  6396 [mobile-chrome] › e2e/register-user-flow.spec.ts:127:9 › new-user registration flow › API contracts — /api/portal/me › unauthenticated GET returns 401 (318ms)
  ✘  6397 [mobile-chrome] › e2e/register-user-flow.spec.ts:109:9 › new-user registration flow › API contracts — /api/portal/enroll › authenticated POST with each valid plan does not 4xx-validation-fail (retry #1) (323ms)
  ✘  6398 [mobile-chrome] › e2e/register-user-flow.spec.ts:127:9 › new-user registration flow › API contracts — /api/portal/me › unauthenticated GET returns 401 (retry #1) (323ms)
  ✘  6399 [mobile-chrome] › e2e/register-user-flow.spec.ts:134:9 › new-user registration flow › API contracts — /api/portal/me › authenticated GET returns valid PortalStatus shape (321ms)
  ✘  6400 [mobile-chrome] › e2e/register-user-flow.spec.ts:149:9 › new-user registration flow › Cognito provider wiring › next-auth signin endpoint is reachable (319ms)
  ✘  6401 [mobile-chrome] › e2e/register-user-flow.spec.ts:134:9 › new-user registration flow › API contracts — /api/portal/me › authenticated GET returns valid PortalStatus shape (retry #1) (323ms)
  ✘  6402 [mobile-chrome] › e2e/register-user-flow.spec.ts:149:9 › new-user registration flow › Cognito provider wiring › next-auth signin endpoint is reachable (retry #1) (322ms)
  ✘  6403 [mobile-chrome] › e2e/register-user-flow.spec.ts:158:9 › new-user registration flow › Cognito provider wiring › /api/auth/csrf returns a token (322ms)
  ✘  6404 [mobile-chrome] › e2e/register-user-flow.spec.ts:169:9 › new-user registration flow › Inbound funnel — /en/services → signup › services page renders and exposes the get-started CTA (222ms)
  ✘  6405 [mobile-chrome] › e2e/register-user-flow.spec.ts:158:9 › new-user registration flow › Cognito provider wiring › /api/auth/csrf returns a token (retry #1) (323ms)
  ✘  6406 [mobile-chrome] › e2e/register-user-flow.spec.ts:169:9 › new-user registration flow › Inbound funnel — /en/services → signup › services page renders and exposes the get-started CTA (retry #1) (244ms)
  ✘  6407 [mobile-chrome] › e2e/remaining-coverage-deep.spec.mts:61:5 › Dynamic admin APIs — unauthenticated › unauth GET /api/admin/ai/analytics-orchestration/pdf — rejected (524ms)
  ✘  6408 [mobile-chrome] › e2e/remaining-coverage-deep.spec.mts:61:5 › Dynamic admin APIs — unauthenticated › unauth GET /api/admin/calendar/[id] — rejected (539ms)
  ✘  6409 [mobile-chrome] › e2e/remaining-coverage-deep.spec.mts:61:5 › Dynamic admin APIs — unauthenticated › unauth GET /api/admin/ai/analytics-orchestration/pdf — rejected (retry #1) (542ms)
  ✘  6410 [mobile-chrome] › e2e/remaining-coverage-deep.spec.mts:61:5 › Dynamic admin APIs — unauthenticated › unauth GET /api/admin/calendar/[id] — rejected (retry #1) (558ms)
  ✘  6411 [mobile-chrome] › e2e/remaining-coverage-deep.spec.mts:61:5 › Dynamic admin APIs — unauthenticated › unauth POST /api/admin/calendar/create — rejected (529ms)
  ✘  6412 [mobile-chrome] › e2e/remaining-coverage-deep.spec.mts:61:5 › Dynamic admin APIs — unauthenticated › unauth GET /api/admin/email/campaigns/[id] — rejected (554ms)
  ✘  6413 [mobile-chrome] › e2e/remaining-coverage-deep.spec.mts:61:5 › Dynamic admin APIs — unauthenticated › unauth POST /api/admin/calendar/create — rejected (retry #1) (552ms)
  ✘  6414 [mobile-chrome] › e2e/remaining-coverage-deep.spec.mts:61:5 › Dynamic admin APIs — unauthenticated › unauth GET /api/admin/email/campaigns/[id] — rejected (retry #1) (558ms)
  ✘  6415 [mobile-chrome] › e2e/remaining-coverage-deep.spec.mts:61:5 › Dynamic admin APIs — unauthenticated › unauth GET /api/admin/oauth/tiktok/callback — rejected (538ms)
  ✘  6416 [mobile-chrome] › e2e/remaining-coverage-deep.spec.mts:61:5 › Dynamic admin APIs — unauthenticated › unauth GET /api/admin/ops/errors/[id] — rejected (542ms)
  ✘  6417 [mobile-chrome] › e2e/remaining-coverage-deep.spec.mts:61:5 › Dynamic admin APIs — unauthenticated › unauth GET /api/admin/oauth/tiktok/callback — rejected (retry #1) (551ms)
  ✘  6418 [mobile-chrome] › e2e/remaining-coverage-deep.spec.mts:61:5 › Dynamic admin APIs — unauthenticated › unauth GET /api/admin/ops/errors/[id] — rejected (retry #1) (555ms)
  ✘  6419 [mobile-chrome] › e2e/remaining-coverage-deep.spec.mts:61:5 › Dynamic admin APIs — unauthenticated › unauth POST /api/admin/pipeline/deals/[id]/move — rejected (569ms)
  ✘  6420 [mobile-chrome] › e2e/remaining-coverage-deep.spec.mts:61:5 › Dynamic admin APIs — unauthenticated › unauth GET /api/admin/pipeline/deals/[id]/notes — rejected (556ms)
  ✘  6421 [mobile-chrome] › e2e/remaining-coverage-deep.spec.mts:61:5 › Dynamic admin APIs — unauthenticated › unauth POST /api/admin/pipeline/deals/[id]/move — rejected (retry #1) (547ms)
  ✘  6422 [mobile-chrome] › e2e/remaining-coverage-deep.spec.mts:61:5 › Dynamic admin APIs — unauthenticated › unauth GET /api/admin/pipeline/deals/[id]/notes — rejected (retry #1) (543ms)
  ✘  6423 [mobile-chrome] › e2e/remaining-coverage-deep.spec.mts:61:5 › Dynamic admin APIs — unauthenticated › unauth GET /api/admin/reports/[id] — rejected (517ms)
  ✘  6424 [mobile-chrome] › e2e/remaining-coverage-deep.spec.mts:61:5 › Dynamic admin APIs — unauthenticated › unauth GET /api/admin/reports/[id]/pdf — rejected (538ms)
  ✘  6425 [mobile-chrome] › e2e/remaining-coverage-deep.spec.mts:61:5 › Dynamic admin APIs — unauthenticated › unauth GET /api/admin/reports/[id] — rejected (retry #1) (545ms)
  ✘  6426 [mobile-chrome] › e2e/remaining-coverage-deep.spec.mts:61:5 › Dynamic admin APIs — unauthenticated › unauth GET /api/admin/reports/[id]/pdf — rejected (retry #1) (555ms)
  ✘  6427 [mobile-chrome] › e2e/remaining-coverage-deep.spec.mts:61:5 › Dynamic admin APIs — unauthenticated › unauth POST /api/admin/reports/generate — rejected (536ms)
  ✘  6428 [mobile-chrome] › e2e/remaining-coverage-deep.spec.mts:80:5 › Dynamic admin APIs — authenticated › auth GET /api/admin/ai/analytics-orchestration/pdf — non-5xx (556ms)
  ✘  6429 [mobile-chrome] › e2e/remaining-coverage-deep.spec.mts:61:5 › Dynamic admin APIs — unauthenticated › unauth POST /api/admin/reports/generate — rejected (retry #1) (534ms)
  ✘  6430 [mobile-chrome] › e2e/remaining-coverage-deep.spec.mts:80:5 › Dynamic admin APIs — authenticated › auth GET /api/admin/ai/analytics-orchestration/pdf — non-5xx (retry #1) (550ms)
  ✘  6431 [mobile-chrome] › e2e/remaining-coverage-deep.spec.mts:80:5 › Dynamic admin APIs — authenticated › auth GET /api/admin/calendar/[id] — non-5xx (536ms)
  ✘  6432 [mobile-chrome] › e2e/remaining-coverage-deep.spec.mts:80:5 › Dynamic admin APIs — authenticated › auth POST /api/admin/calendar/create — non-5xx (558ms)
  ✘  6433 [mobile-chrome] › e2e/remaining-coverage-deep.spec.mts:80:5 › Dynamic admin APIs — authenticated › auth GET /api/admin/calendar/[id] — non-5xx (retry #1) (560ms)
  ✘  6434 [mobile-chrome] › e2e/remaining-coverage-deep.spec.mts:80:5 › Dynamic admin APIs — authenticated › auth POST /api/admin/calendar/create — non-5xx (retry #1) (560ms)
  ✘  6435 [mobile-chrome] › e2e/remaining-coverage-deep.spec.mts:80:5 › Dynamic admin APIs — authenticated › auth GET /api/admin/email/campaigns/[id] — non-5xx (531ms)
  ✘  6436 [mobile-chrome] › e2e/remaining-coverage-deep.spec.mts:80:5 › Dynamic admin APIs — authenticated › auth GET /api/admin/oauth/tiktok/callback — non-5xx (527ms)
  ✘  6437 [mobile-chrome] › e2e/remaining-coverage-deep.spec.mts:80:5 › Dynamic admin APIs — authenticated › auth GET /api/admin/email/campaigns/[id] — non-5xx (retry #1) (574ms)
  ✘  6438 [mobile-chrome] › e2e/remaining-coverage-deep.spec.mts:80:5 › Dynamic admin APIs — authenticated › auth GET /api/admin/oauth/tiktok/callback — non-5xx (retry #1) (584ms)
  ✘  6439 [mobile-chrome] › e2e/remaining-coverage-deep.spec.mts:80:5 › Dynamic admin APIs — authenticated › auth GET /api/admin/ops/errors/[id] — non-5xx (535ms)
  ✘  6440 [mobile-chrome] › e2e/remaining-coverage-deep.spec.mts:80:5 › Dynamic admin APIs — authenticated › auth POST /api/admin/pipeline/deals/[id]/move — non-5xx (527ms)
  ✘  6441 [mobile-chrome] › e2e/remaining-coverage-deep.spec.mts:80:5 › Dynamic admin APIs — authenticated › auth GET /api/admin/ops/errors/[id] — non-5xx (retry #1) (580ms)
  ✘  6442 [mobile-chrome] › e2e/remaining-coverage-deep.spec.mts:80:5 › Dynamic admin APIs — authenticated › auth POST /api/admin/pipeline/deals/[id]/move — non-5xx (retry #1) (560ms)
  ✘  6443 [mobile-chrome] › e2e/remaining-coverage-deep.spec.mts:80:5 › Dynamic admin APIs — authenticated › auth GET /api/admin/pipeline/deals/[id]/notes — non-5xx (550ms)
  ✘  6444 [mobile-chrome] › e2e/remaining-coverage-deep.spec.mts:80:5 › Dynamic admin APIs — authenticated › auth GET /api/admin/reports/[id] — non-5xx (560ms)
  ✘  6445 [mobile-chrome] › e2e/remaining-coverage-deep.spec.mts:80:5 › Dynamic admin APIs — authenticated › auth GET /api/admin/pipeline/deals/[id]/notes — non-5xx (retry #1) (608ms)
  ✘  6446 [mobile-chrome] › e2e/remaining-coverage-deep.spec.mts:80:5 › Dynamic admin APIs — authenticated › auth GET /api/admin/reports/[id] — non-5xx (retry #1) (595ms)
  ✘  6447 [mobile-chrome] › e2e/remaining-coverage-deep.spec.mts:80:5 › Dynamic admin APIs — authenticated › auth GET /api/admin/reports/[id]/pdf — non-5xx (538ms)
  ✘  6448 [mobile-chrome] › e2e/remaining-coverage-deep.spec.mts:80:5 › Dynamic admin APIs — authenticated › auth POST /api/admin/reports/generate — non-5xx (550ms)
  ✘  6449 [mobile-chrome] › e2e/remaining-coverage-deep.spec.mts:80:5 › Dynamic admin APIs — authenticated › auth GET /api/admin/reports/[id]/pdf — non-5xx (retry #1) (585ms)
  ✘  6450 [mobile-chrome] › e2e/remaining-coverage-deep.spec.mts:80:5 › Dynamic admin APIs — authenticated › auth POST /api/admin/reports/generate — non-5xx (retry #1) (575ms)
  ✘  6451 [mobile-chrome] › e2e/remaining-coverage-deep.spec.mts:90:1 › /en/admin/reports/[id] — dynamic page renders with auth (215ms)
  ✘  6452 [mobile-chrome] › e2e/remaining-coverage-deep.spec.mts:99:1 › /en/admin/reports/[id] — without auth redirects (249ms)
  ✘  6453 [mobile-chrome] › e2e/remaining-coverage-deep.spec.mts:90:1 › /en/admin/reports/[id] — dynamic page renders with auth (retry #1) (243ms)
  ✘  6454 [mobile-chrome] › e2e/remaining-coverage-deep.spec.mts:99:1 › /en/admin/reports/[id] — without auth redirects (retry #1) (241ms)
  ✘  6455 [mobile-chrome] › e2e/remaining-coverage-deep.spec.mts:105:1 › GET / — root redirect or render (245ms)
  ✘  6456 [mobile-chrome] › e2e/remaining-coverage-deep.spec.mts:112:1 › GET /icons/[name] — generated icon served (537ms)
  ✘  6457 [mobile-chrome] › e2e/remaining-coverage-deep.spec.mts:105:1 › GET / — root redirect or render (retry #1) (238ms)
  ✘  6459 [mobile-chrome] › e2e/remaining-coverage-deep.spec.mts:128:1 › HEAD / — server responds at root path (536ms)
  ✘  6458 [mobile-chrome] › e2e/remaining-coverage-deep.spec.mts:112:1 › GET /icons/[name] — generated icon served (retry #1) (557ms)

=== ROUTE AUDIT: All clean ===

  ✘  6460 [mobile-chrome] › e2e/route-audit.spec.ts:52:7 › audit /en (221ms)
  -  6462 [mobile-chrome] › e2e/route-audit.spec.ts:52:7 › audit /en/store
  -  6463 [mobile-chrome] › e2e/route-audit.spec.ts:52:7 › audit /en/services
  -  6464 [mobile-chrome] › e2e/route-audit.spec.ts:52:7 › audit /en/blog
  -  6465 [mobile-chrome] › e2e/route-audit.spec.ts:52:7 › audit /en/contact
  -  6466 [mobile-chrome] › e2e/route-audit.spec.ts:52:7 › audit /en/privacy
  -  6467 [mobile-chrome] › e2e/route-audit.spec.ts:52:7 › audit /en/terms
  -  6468 [mobile-chrome] › e2e/route-audit.spec.ts:52:7 › audit /en/docs
  -  6469 [mobile-chrome] › e2e/route-audit.spec.ts:52:7 › audit /en/refund
  -  6470 [mobile-chrome] › e2e/route-audit.spec.ts:52:7 › audit /en/cookies
  -  6471 [mobile-chrome] › e2e/route-audit.spec.ts:52:7 › audit /en/auth/login
  -  6472 [mobile-chrome] › e2e/route-audit.spec.ts:52:7 › audit /en/auth/signup
  -  6473 [mobile-chrome] › e2e/route-audit.spec.ts:52:7 › audit /en/auth/forgot-password
  -  6474 [mobile-chrome] › e2e/route-audit.spec.ts:52:7 › audit /el
  -  6475 [mobile-chrome] › e2e/route-audit.spec.ts:52:7 › audit /fr
  -  6476 [mobile-chrome] › e2e/route-audit.spec.ts:52:7 › audit /de
  -  6477 [mobile-chrome] › e2e/route-audit.spec.ts:52:7 › audit /el/store
  -  6478 [mobile-chrome] › e2e/route-audit.spec.ts:52:7 › audit /el/services
  -  6479 [mobile-chrome] › e2e/route-audit.spec.ts:52:7 › audit /el/blog
  -  6480 [mobile-chrome] › e2e/route-audit.spec.ts:52:7 › audit /fr/store
  -  6481 [mobile-chrome] › e2e/route-audit.spec.ts:52:7 › audit /de/store
  -  6482 [mobile-chrome] › e2e/route-audit.spec.ts:52:7 › audit /portal/waiting
  -  6483 [mobile-chrome] › e2e/route-audit.spec.ts:52:7 › audit /
  -  6484 [mobile-chrome] › e2e/route-audit.spec.ts:52:7 › audit /store
  -  6485 [mobile-chrome] › e2e/route-audit.spec.ts:52:7 › audit /services
  -  6486 [mobile-chrome] › e2e/route-audit.spec.ts:52:7 › audit /blog
  ✘  6461 [mobile-chrome] › e2e/remaining-coverage-deep.spec.mts:128:1 › HEAD / — server responds at root path (retry #1) (573ms)

=== ROUTE AUDIT: All clean ===

  ✘  6487 [mobile-chrome] › e2e/route-audit.spec.ts:52:7 › audit /en (retry #1) (251ms)
  -  6488 [mobile-chrome] › e2e/route-audit.spec.ts:52:7 › audit /en/store (retry #1)
  -  6489 [mobile-chrome] › e2e/route-audit.spec.ts:52:7 › audit /en/services (retry #1)
  -  6490 [mobile-chrome] › e2e/route-audit.spec.ts:52:7 › audit /en/blog (retry #1)
  -  6491 [mobile-chrome] › e2e/route-audit.spec.ts:52:7 › audit /en/contact (retry #1)
  -  6492 [mobile-chrome] › e2e/route-audit.spec.ts:52:7 › audit /en/privacy (retry #1)
  -  6493 [mobile-chrome] › e2e/route-audit.spec.ts:52:7 › audit /en/terms (retry #1)
  -  6494 [mobile-chrome] › e2e/route-audit.spec.ts:52:7 › audit /en/docs (retry #1)
  -  6495 [mobile-chrome] › e2e/route-audit.spec.ts:52:7 › audit /en/refund (retry #1)
  -  6496 [mobile-chrome] › e2e/route-audit.spec.ts:52:7 › audit /en/cookies (retry #1)
  -  6497 [mobile-chrome] › e2e/route-audit.spec.ts:52:7 › audit /en/auth/login (retry #1)
  -  6498 [mobile-chrome] › e2e/route-audit.spec.ts:52:7 › audit /en/auth/signup (retry #1)
  -  6499 [mobile-chrome] › e2e/route-audit.spec.ts:52:7 › audit /en/auth/forgot-password (retry #1)
  -  6500 [mobile-chrome] › e2e/route-audit.spec.ts:52:7 › audit /el (retry #1)
  -  6501 [mobile-chrome] › e2e/route-audit.spec.ts:52:7 › audit /fr (retry #1)
  -  6502 [mobile-chrome] › e2e/route-audit.spec.ts:52:7 › audit /de (retry #1)
  -  6503 [mobile-chrome] › e2e/route-audit.spec.ts:52:7 › audit /el/store (retry #1)
  -  6504 [mobile-chrome] › e2e/route-audit.spec.ts:52:7 › audit /el/services (retry #1)
  -  6505 [mobile-chrome] › e2e/route-audit.spec.ts:52:7 › audit /el/blog (retry #1)
  -  6506 [mobile-chrome] › e2e/route-audit.spec.ts:52:7 › audit /fr/store (retry #1)
  -  6507 [mobile-chrome] › e2e/route-audit.spec.ts:52:7 › audit /de/store (retry #1)
  -  6508 [mobile-chrome] › e2e/route-audit.spec.ts:52:7 › audit /portal/waiting (retry #1)
  -  6509 [mobile-chrome] › e2e/route-audit.spec.ts:52:7 › audit / (retry #1)
  -  6510 [mobile-chrome] › e2e/route-audit.spec.ts:52:7 › audit /store (retry #1)
  -  6511 [mobile-chrome] › e2e/route-audit.spec.ts:52:7 › audit /services (retry #1)
  -  6512 [mobile-chrome] › e2e/route-audit.spec.ts:52:7 › audit /blog (retry #1)
  ✘  6513 [mobile-chrome] › e2e/security-headers.spec.ts:18:7 › security headers — cloud › HSTS preload-eligible (321ms)
  ✘  6514 [mobile-chrome] › e2e/security-headers.spec.ts:26:7 › security headers — cloud › X-Content-Type-Options nosniff (320ms)
  ✘  6515 [mobile-chrome] › e2e/security-headers.spec.ts:18:7 › security headers — cloud › HSTS preload-eligible (retry #1) (337ms)
  ✘  6516 [mobile-chrome] › e2e/security-headers.spec.ts:26:7 › security headers — cloud › X-Content-Type-Options nosniff (retry #1) (337ms)
  ✘  6517 [mobile-chrome] › e2e/security-headers.spec.ts:31:7 › security headers — cloud › X-Frame-Options DENY (323ms)
  ✘  6518 [mobile-chrome] › e2e/security-headers.spec.ts:36:7 › security headers — cloud › Referrer-Policy strict (321ms)
  ✘  6519 [mobile-chrome] › e2e/security-headers.spec.ts:31:7 › security headers — cloud › X-Frame-Options DENY (retry #1) (335ms)
  ✘  6520 [mobile-chrome] › e2e/security-headers.spec.ts:36:7 › security headers — cloud › Referrer-Policy strict (retry #1) (336ms)
  ✘  6521 [mobile-chrome] › e2e/security-headers.spec.ts:41:7 › security headers — cloud › X-Powered-By header is suppressed (321ms)
  ✘  6522 [mobile-chrome] › e2e/security-headers.spec.ts:48:7 › security headers — cloud › Permissions-Policy hard-blocks 24 features (post-audit hardening) (319ms)
  ✘  6523 [mobile-chrome] › e2e/security-headers.spec.ts:41:7 › security headers — cloud › X-Powered-By header is suppressed (retry #1) (335ms)
  ✘  6524 [mobile-chrome] › e2e/security-headers.spec.ts:48:7 › security headers — cloud › Permissions-Policy hard-blocks 24 features (post-audit hardening) (retry #1) (335ms)
  ✘  6525 [mobile-chrome] › e2e/security-headers.spec.ts:74:7 › security headers — cloud › CSP header is set with all expected directives (320ms)
  ✘  6526 [mobile-chrome] › e2e/security-headers.spec.ts:93:7 › security headers — cloud › CSP allows Google Analytics and GTM hosts (322ms)
  ✘  6527 [mobile-chrome] › e2e/security-headers.spec.ts:74:7 › security headers — cloud › CSP header is set with all expected directives (retry #1) (334ms)
  ✘  6528 [mobile-chrome] › e2e/security-headers.spec.ts:93:7 › security headers — cloud › CSP allows Google Analytics and GTM hosts (retry #1) (334ms)
  ✘  6529 [mobile-chrome] › e2e/security-headers.spec.ts:103:7 › security headers — cloud › CSP allows LinkedIn Insight Tag hosts (321ms)
  ✘  6530 [mobile-chrome] › e2e/security-headers.spec.ts:110:7 › security headers — cloud › Report-To header advertises the csp-endpoint group (320ms)
  ✘  6531 [mobile-chrome] › e2e/security-headers.spec.ts:103:7 › security headers — cloud › CSP allows LinkedIn Insight Tag hosts (retry #1) (336ms)
  ✘  6532 [mobile-chrome] › e2e/security-headers.spec.ts:110:7 › security headers — cloud › Report-To header advertises the csp-endpoint group (retry #1) (336ms)
  ✘  6533 [mobile-chrome] › e2e/security-headers.spec.ts:120:7 › security headers — cloud › CSP report endpoint accepts violation reports (204) (322ms)
  ✘  6534 [mobile-chrome] › e2e/security-headers.spec.ts:135:7 › security headers — cloud › CSP report endpoint accepts modern Reporting-API payload (204) (321ms)
  ✘  6535 [mobile-chrome] › e2e/security-headers.spec.ts:120:7 › security headers — cloud › CSP report endpoint accepts violation reports (204) (retry #1) (336ms)
  ✘  6536 [mobile-chrome] › e2e/security-headers.spec.ts:135:7 › security headers — cloud › CSP report endpoint accepts modern Reporting-API payload (204) (retry #1) (335ms)
  ✘  6537 [mobile-chrome] › e2e/security-headers.spec.ts:159:7 › static assets — not locale-prefixed › /_next/static CSS from homepage is 200 text/css (no locale redirect) (322ms)
  ✘  6538 [mobile-chrome] › e2e/store-checkout-edges.spec.ts:22:7 › /api/checkout malformed bodies › missing productId is rejected with 4xx (323ms)
  ✘  6539 [mobile-chrome] › e2e/security-headers.spec.ts:159:7 › static assets — not locale-prefixed › /_next/static CSS from homepage is 200 text/css (no locale redirect) (retry #1) (356ms)
  ✘  6540 [mobile-chrome] › e2e/store-checkout-edges.spec.ts:22:7 › /api/checkout malformed bodies › missing productId is rejected with 4xx (retry #1) (338ms)
  ✘  6541 [mobile-chrome] › e2e/store-checkout-edges.spec.ts:28:7 › /api/checkout malformed bodies › non-string productId is rejected with 4xx (324ms)
  ✘  6542 [mobile-chrome] › e2e/store-checkout-edges.spec.ts:36:7 › /api/checkout malformed bodies › excessively long productId does not 5xx (322ms)
  ✘  6543 [mobile-chrome] › e2e/store-checkout-edges.spec.ts:28:7 › /api/checkout malformed bodies › non-string productId is rejected with 4xx (retry #1) (344ms)
  ✘  6544 [mobile-chrome] › e2e/store-checkout-edges.spec.ts:36:7 › /api/checkout malformed bodies › excessively long productId does not 5xx (retry #1) (354ms)
  ✘  6545 [mobile-chrome] › e2e/store-checkout-edges.spec.ts:46:7 › /api/checkout malformed bodies › array productId is rejected with 4xx (323ms)
  ✘  6546 [mobile-chrome] › e2e/store-checkout-edges.spec.ts:56:7 › /api/checkout rapid-fire › 5 rapid requests all resolve with < 500 (327ms)
  ✘  6547 [mobile-chrome] › e2e/store-checkout-edges.spec.ts:46:7 › /api/checkout malformed bodies › array productId is rejected with 4xx (retry #1) (343ms)
  ✘  6548 [mobile-chrome] › e2e/store-checkout-edges.spec.ts:56:7 › /api/checkout rapid-fire › 5 rapid requests all resolve with < 500 (retry #1) (347ms)
  ✘  6549 [mobile-chrome] › e2e/store-checkout-edges.spec.ts:72:7 › /store success + 404 pages › /en/store/success?session_id=invalid renders without 5xx (219ms)
  ✘  6550 [mobile-chrome] › e2e/store-checkout-edges.spec.ts:82:7 › /store success + 404 pages › /en/store/success with no query renders without 5xx (229ms)
  ✘  6551 [mobile-chrome] › e2e/store-checkout-edges.spec.ts:72:7 › /store success + 404 pages › /en/store/success?session_id=invalid renders without 5xx (retry #1) (262ms)
  ✘  6552 [mobile-chrome] › e2e/store-checkout-edges.spec.ts:82:7 › /store success + 404 pages › /en/store/success with no query renders without 5xx (retry #1) (279ms)
  ✘  6553 [mobile-chrome] › e2e/store-checkout-edges.spec.ts:92:7 › /store success + 404 pages › /en/store/[unknown-id] resolves cleanly (404 or 200 with not-found UI) (238ms)
  ✘  6554 [mobile-chrome] › e2e/style.spec.ts:60:7 › Navbar style › sticky header renders with neon-cyan accent bar (222ms)
  ✘  6555 [mobile-chrome] › e2e/store-checkout-edges.spec.ts:92:7 › /store success + 404 pages › /en/store/[unknown-id] resolves cleanly (404 or 200 with not-found UI) (retry #1) (243ms)
  ✘  6556 [mobile-chrome] › e2e/style.spec.ts:60:7 › Navbar style › sticky header renders with neon-cyan accent bar (retry #1) (269ms)
  ✘  6557 [mobile-chrome] › e2e/style.spec.ts:80:7 › Navbar style › logo link is visible and points to homepage (216ms)
  -  6558 [mobile-chrome] › e2e/style.spec.ts:91:7 › Navbar style › desktop nav links are visible at ≥1024px
  ✘  6560 [mobile-chrome] › e2e/style.spec.ts:104:7 › Navbar style › mobile hamburger opens the nav at 390px (197ms)
  ✘  6559 [mobile-chrome] › e2e/style.spec.ts:80:7 › Navbar style › logo link is visible and points to homepage (retry #1) (249ms)
  ✘  6561 [mobile-chrome] › e2e/style.spec.ts:104:7 › Navbar style › mobile hamburger opens the nav at 390px (retry #1) (261ms)
  ✘  6562 [mobile-chrome] › e2e/style.spec.ts:120:7 › Background colour (design tokens) › body background resolves to --surface-canvas (not transparent/white) (241ms)
  ✘  6563 [mobile-chrome] › e2e/style.spec.ts:130:7 › Background colour (design tokens) › default theme uses surface-canvas and color-void tokens (250ms)
  ✘  6564 [mobile-chrome] › e2e/style.spec.ts:120:7 › Background colour (design tokens) › body background resolves to --surface-canvas (not transparent/white) (retry #1) (259ms)
  ✘  6565 [mobile-chrome] › e2e/style.spec.ts:130:7 › Background colour (design tokens) › default theme uses surface-canvas and color-void tokens (retry #1) (273ms)
  ✘  6566 [mobile-chrome] › e2e/style.spec.ts:140:7 › Background colour (design tokens) › picking Dark theme sets data-theme=dark and darkens canvas (243ms)
  ✘  6567 [mobile-chrome] › e2e/style.spec.ts:172:7 › Background colour (design tokens) › picking Light theme sets data-theme=light and brightens canvas (279ms)
  ✘  6568 [mobile-chrome] › e2e/style.spec.ts:140:7 › Background colour (design tokens) › picking Dark theme sets data-theme=dark and darkens canvas (retry #1) (278ms)
  ✘  6569 [mobile-chrome] › e2e/style.spec.ts:172:7 › Background colour (design tokens) › picking Light theme sets data-theme=light and brightens canvas (retry #1) (268ms)
  ✘  6570 [mobile-chrome] › e2e/style.spec.ts:208:7 › Neon accent colours › services page has cyan, magenta, and green accented service cards (232ms)
  ✘  6571 [mobile-chrome] › e2e/style.spec.ts:225:7 › Neon accent colours › homepage has at least one neon-cyan accented element (242ms)
  ✘  6572 [mobile-chrome] › e2e/style.spec.ts:208:7 › Neon accent colours › services page has cyan, magenta, and green accented service cards (retry #1) (265ms)
  ✘  6573 [mobile-chrome] › e2e/style.spec.ts:225:7 › Neon accent colours › homepage has at least one neon-cyan accented element (retry #1) (248ms)
  ✘  6574 [mobile-chrome] › e2e/style.spec.ts:234:7 › Neon accent colours › blog page category badges use neon colour classes (213ms)
  ✘  6575 [mobile-chrome] › e2e/style.spec.ts:243:7 › Neon accent colours › --color-neon-cyan Tailwind token is set (223ms)
  ✘  6576 [mobile-chrome] › e2e/style.spec.ts:234:7 › Neon accent colours › blog page category badges use neon colour classes (retry #1) (247ms)
  ✘  6577 [mobile-chrome] › e2e/style.spec.ts:243:7 › Neon accent colours › --color-neon-cyan Tailwind token is set (retry #1) (253ms)
  ✘  6578 [mobile-chrome] › e2e/style.spec.ts:253:7 › Footer style › footer is present with a top border class (217ms)
  ✘  6579 [mobile-chrome] › e2e/style.spec.ts:261:7 › Footer style › footer logo link is visible (235ms)
  ✘  6580 [mobile-chrome] › e2e/style.spec.ts:253:7 › Footer style › footer is present with a top border class (retry #1) (258ms)
  ✘  6581 [mobile-chrome] › e2e/style.spec.ts:261:7 › Footer style › footer logo link is visible (retry #1) (260ms)
  ✘  6582 [mobile-chrome] › e2e/style.spec.ts:271:7 › Footer style › footer has navigate, services, and legal column headings (231ms)
  ✘  6583 [mobile-chrome] › e2e/style.spec.ts:284:7 › Typography › h1 uses Instrument Sans (heading font) (239ms)
  ✘  6584 [mobile-chrome] › e2e/style.spec.ts:271:7 › Footer style › footer has navigate, services, and legal column headings (retry #1) (234ms)
  ✘  6585 [mobile-chrome] › e2e/style.spec.ts:284:7 › Typography › h1 uses Instrument Sans (heading font) (retry #1) (285ms)
  ✘  6586 [mobile-chrome] › e2e/style.spec.ts:294:7 › Typography › body text uses Work Sans or system sans-serif fallback (244ms)
  ✘  6587 [mobile-chrome] › e2e/style.spec.ts:304:7 › Typography › mono elements use Geist Mono or a monospace fallback (237ms)
  ✘  6588 [mobile-chrome] › e2e/style.spec.ts:294:7 › Typography › body text uses Work Sans or system sans-serif fallback (retry #1) (268ms)
  ✘  6589 [mobile-chrome] › e2e/style.spec.ts:304:7 › Typography › mono elements use Geist Mono or a monospace fallback (retry #1) (238ms)
  ✘  6590 [mobile-chrome] › e2e/style.spec.ts:321:7 › CSS / asset loading › no CSS or font requests return 4xx (226ms)
  ✘  6591 [mobile-chrome] › e2e/style.spec.ts:336:7 › CSS / asset loading › no JS chunk requests return 4xx on homepage (225ms)
  ✘  6592 [mobile-chrome] › e2e/style.spec.ts:321:7 › CSS / asset loading › no CSS or font requests return 4xx (retry #1) (242ms)
  ✘  6593 [mobile-chrome] › e2e/style.spec.ts:336:7 › CSS / asset loading › no JS chunk requests return 4xx on homepage (retry #1) (230ms)
  ✘  6594 [mobile-chrome] › e2e/style.spec.ts:348:7 › CSS / asset loading › no console errors related to CSS or styles (214ms)
  ✘  6595 [mobile-chrome] › e2e/style.spec.ts:377:9 › Page-level style integrity › /en — h1 is visible and styled (214ms)
  ✘  6596 [mobile-chrome] › e2e/style.spec.ts:348:7 › CSS / asset loading › no console errors related to CSS or styles (retry #1) (231ms)
  ✘  6597 [mobile-chrome] › e2e/style.spec.ts:377:9 › Page-level style integrity › /en — h1 is visible and styled (retry #1) (238ms)
  ✘  6598 [mobile-chrome] › e2e/style.spec.ts:377:9 › Page-level style integrity › /en/services — h1 is visible and styled (211ms)
  ✘  6599 [mobile-chrome] › e2e/style.spec.ts:377:9 › Page-level style integrity › /en/contact — h1 is visible and styled (218ms)
  ✘  6600 [mobile-chrome] › e2e/style.spec.ts:377:9 › Page-level style integrity › /en/services — h1 is visible and styled (retry #1) (227ms)
  ✘  6601 [mobile-chrome] › e2e/style.spec.ts:377:9 › Page-level style integrity › /en/contact — h1 is visible and styled (retry #1) (248ms)
  ✘  6602 [mobile-chrome] › e2e/style.spec.ts:377:9 › Page-level style integrity › /en/work — h1 is visible and styled (213ms)
  ✘  6603 [mobile-chrome] › e2e/style.spec.ts:377:9 › Page-level style integrity › /en/blog — h1 is visible and styled (235ms)
  ✘  6604 [mobile-chrome] › e2e/style.spec.ts:377:9 › Page-level style integrity › /en/work — h1 is visible and styled (retry #1) (233ms)
  ✘  6605 [mobile-chrome] › e2e/style.spec.ts:377:9 › Page-level style integrity › /en/blog — h1 is visible and styled (retry #1) (238ms)
  ✘  6606 [mobile-chrome] › e2e/style.spec.ts:390:7 › Page-level style integrity › /en/services page renders at least 4 service card numbers (226ms)
  ✘  6607 [mobile-chrome] › e2e/style.spec.ts:405:7 › Page-level style integrity › /en/contact page renders the contact form (220ms)
  ✘  6608 [mobile-chrome] › e2e/style.spec.ts:390:7 › Page-level style integrity › /en/services page renders at least 4 service card numbers (retry #1) (222ms)
  ✓  6610 [mobile-chrome] › e2e/test-mcp-servers.spec.mts:45:3 › MCP Server Configuration › OpenNextjs MCP configuration is valid in mcp.json (9ms)
  ✓  6611 [mobile-chrome] › e2e/test-mcp-servers.spec.mts:84:3 › MCP Server Configuration › Cloudflare Pages MCP configuration is valid (2ms)
  -  6612 [mobile-chrome] › e2e/test-mcp-servers.spec.mts:113:3 › Workers MCP Integration › Workers health endpoint validates Cloudflare deployment
  -  6613 [mobile-chrome] › e2e/test-mcp-servers.spec.mts:133:3 › Workers MCP Integration › Workers config endpoint exposes D1 configuration
  -  6614 [mobile-chrome] › e2e/test-mcp-servers.spec.mts:146:3 › Workers MCP Integration › Workers auth session endpoint returns properly
  ✓  6615 [mobile-chrome] › e2e/test-mcp-servers.spec.mts:166:3 › OpenNext.js Configuration › wrangler.jsonc exists and is valid (1ms)
  ✘  6616 [mobile-chrome] › e2e/test-mcp-servers.spec.mts:189:3 › OpenNext.js Configuration › open-next.config.ts exists and is valid (3ms)
  ✘  6609 [mobile-chrome] › e2e/style.spec.ts:405:7 › Page-level style integrity › /en/contact page renders the contact form (retry #1) (244ms)
  ✘  6617 [mobile-chrome] › e2e/test-mcp-servers.spec.mts:189:3 › OpenNext.js Configuration › open-next.config.ts exists and is valid (retry #1) (6ms)
  ✓  6618 [mobile-chrome] › e2e/test-mcp-servers.spec.mts:204:3 › OpenNext.js Configuration › Next.js version is compatible with OpenNext.js (5ms)
  -  6619 [mobile-chrome] › e2e/test-mcp-servers.spec.mts:239:3 › Playwright MCP Browser Integration › browser can access API health endpoint
  -  6620 [mobile-chrome] › e2e/test-mcp-servers.spec.mts:252:3 › Playwright MCP Browser Integration › browser can verify OpenNext.js assets loading
  -  6622 [mobile-chrome] › e2e/test-mcp-servers.spec.mts:280:3 › MCP Tools Integration › OpenNextjs MCP tools can be invoked via CLI
  ✓  6623 [mobile-chrome] › e2e/test-mcp-servers.spec.mts:303:3 › MCP Tools Integration › MCP server tools are properly registered in configuration (1ms)
  -  6624 [mobile-chrome] › e2e/test-mcp-servers.spec.mts:325:3 › Cloudflare Tunnel Integration › tunnel endpoints are accessible via Cloudflare
  -  6625 [mobile-chrome] › e2e/test-mcp-servers.spec.mts:363:3 › MCP Integration Smoke Test › full MCP workflow: validate config -> check health -> deploy capability
  -  6626 [mobile-chrome] › e2e/theme-switcher.spec.ts:20:7 › ThemeSwitcher (desktop popover) › renders next to the LocaleSwitcher and opens a 3-option list
  -  6627 [mobile-chrome] › e2e/theme-switcher.spec.ts:33:7 › ThemeSwitcher (desktop popover) › picking Light writes localStorage and applies data-theme=light
  -  6628 [mobile-chrome] › e2e/theme-switcher.spec.ts:52:7 › ThemeSwitcher (desktop popover) › picking Dark writes localStorage and applies data-theme=dark
  -  6629 [mobile-chrome] › e2e/theme-switcher.spec.ts:73:7 › ThemeSwitcher (desktop popover) › the choice survives a reload
  -  6621 [mobile-chrome] › e2e/test-mcp-servers.spec.mts:225:3 › Playwright MCP Browser Integration › browser can navigate to cloudless.gr homepage
  ✘  6630 [mobile-chrome] › e2e/theme-switcher.spec.ts:102:7 › ThemeSwitcher (mobile inline) › appears as a 3-radio group inside the mobile menu (166ms)
  ✘  6631 [mobile-chrome] › e2e/ui/components/button.spec.ts:21:7 › Button Component › should render different button variants (180ms)
  ✘  6632 [mobile-chrome] › e2e/theme-switcher.spec.ts:102:7 › ThemeSwitcher (mobile inline) › appears as a 3-radio group inside the mobile menu (retry #1) (256ms)
  ✘  6633 [mobile-chrome] › e2e/ui/components/button.spec.ts:21:7 › Button Component › should render different button variants (retry #1) (270ms)
  ✘  6634 [mobile-chrome] › e2e/ui/components/button.spec.ts:43:7 › Button Component › should have proper button states (252ms)
  ✘  6635 [mobile-chrome] › e2e/ui/components/button.spec.ts:76:7 › Button Component › should have accessible button labels (217ms)
  ✘  6636 [mobile-chrome] › e2e/ui/components/button.spec.ts:43:7 › Button Component › should have proper button states (retry #1) (258ms)
  ✘  6637 [mobile-chrome] › e2e/ui/components/button.spec.ts:76:7 › Button Component › should have accessible button labels (retry #1) (242ms)
  ✘  6638 [mobile-chrome] › e2e/ui/components/button.spec.ts:108:9 › Button Component › Button Types › should render submit buttons correctly (220ms)
  ✘  6639 [mobile-chrome] › e2e/ui/components/button.spec.ts:125:9 › Button Component › Button Types › should render button links correctly (219ms)
  ✘  6640 [mobile-chrome] › e2e/ui/components/button.spec.ts:108:9 › Button Component › Button Types › should render submit buttons correctly (retry #1) (270ms)
  ✘  6641 [mobile-chrome] › e2e/ui/components/button.spec.ts:125:9 › Button Component › Button Types › should render button links correctly (retry #1) (221ms)
  ✘  6642 [mobile-chrome] › e2e/ui/components/button.spec.ts:148:9 › Button Component › Button Types › should render icon buttons correctly (213ms)
  ✘  6643 [mobile-chrome] › e2e/ui/components/button.spec.ts:171:9 › Button Component › Button States › should show loading state when disabled (220ms)
  ✘  6644 [mobile-chrome] › e2e/ui/components/button.spec.ts:148:9 › Button Component › Button Types › should render icon buttons correctly (retry #1) (227ms)
  ✘  6645 [mobile-chrome] › e2e/ui/components/button.spec.ts:171:9 › Button Component › Button States › should show loading state when disabled (retry #1) (249ms)
  ✘  6646 [mobile-chrome] › e2e/ui/components/button.spec.ts:195:9 › Button Component › Button States › should be disabled when in loading state (224ms)
  ✘  6647 [mobile-chrome] › e2e/ui/components/button.spec.ts:228:9 › Button Component › Responsive Design › should render correctly on mobile (213ms)
  ✘  6648 [mobile-chrome] › e2e/ui/components/button.spec.ts:195:9 › Button Component › Button States › should be disabled when in loading state (retry #1) (261ms)
  ✘  6649 [mobile-chrome] › e2e/ui/components/button.spec.ts:228:9 › Button Component › Responsive Design › should render correctly on mobile (retry #1) (223ms)
  ✘  6650 [mobile-chrome] › e2e/ui/components/button.spec.ts:257:9 › Button Component › Responsive Design › should render correctly on tablet (217ms)
  ✘  6651 [mobile-chrome] › e2e/ui/components/button.spec.ts:276:9 › Button Component › Responsive Design › should render correctly on desktop (233ms)
  ✘  6652 [mobile-chrome] › e2e/ui/components/button.spec.ts:257:9 › Button Component › Responsive Design › should render correctly on tablet (retry #1) (240ms)
  ✘  6653 [mobile-chrome] › e2e/ui/components/button.spec.ts:276:9 › Button Component › Responsive Design › should render correctly on desktop (retry #1) (230ms)
  ✘  6654 [mobile-chrome] › e2e/ui/components/button.spec.ts:297:9 › Button Component › Accessibility › should have sufficient color contrast (219ms)
  ✘  6655 [mobile-chrome] › e2e/ui/components/button.spec.ts:328:9 › Button Component › Accessibility › should have accessible names (231ms)
  ✘  6656 [mobile-chrome] › e2e/ui/components/button.spec.ts:297:9 › Button Component › Accessibility › should have sufficient color contrast (retry #1) (239ms)
  ✘  6657 [mobile-chrome] › e2e/ui/components/button.spec.ts:328:9 › Button Component › Accessibility › should have accessible names (retry #1) (238ms)
  ✘  6658 [mobile-chrome] › e2e/ui/components/button.spec.ts:360:9 › Button Component › Accessibility › should be keyboard accessible (260ms)
  ✘  6659 [mobile-chrome] › e2e/ui/components/button.spec.ts:396:9 › Button Component › Performance › should not cause layout shifts (219ms)
  ✘  6660 [mobile-chrome] › e2e/ui/components/button.spec.ts:360:9 › Button Component › Accessibility › should be keyboard accessible (retry #1) (261ms)
  ✘  6661 [mobile-chrome] › e2e/ui/components/button.spec.ts:396:9 › Button Component › Performance › should not cause layout shifts (retry #1) (250ms)
  ✘  6662 [mobile-chrome] › e2e/ui/components/button.spec.ts:426:9 › Button Component › Performance › should have reasonable number of DOM nodes (232ms)
  ✘  6663 [mobile-chrome] › e2e/ui/components/card.spec.ts:21:7 › Card Component › should render card containers (221ms)
  ✘  6664 [mobile-chrome] › e2e/ui/components/button.spec.ts:426:9 › Button Component › Performance › should have reasonable number of DOM nodes (retry #1) (261ms)
  ✘  6665 [mobile-chrome] › e2e/ui/components/card.spec.ts:21:7 › Card Component › should render card containers (retry #1) (246ms)
  ✘  6666 [mobile-chrome] › e2e/ui/components/card.spec.ts:32:7 › Card Component › should have proper card structure (289ms)
  ✘  6667 [mobile-chrome] › e2e/ui/components/card.spec.ts:66:7 › Card Component › should have accessible card content (257ms)
  ✘  6668 [mobile-chrome] › e2e/ui/components/card.spec.ts:32:7 › Card Component › should have proper card structure (retry #1) (307ms)
  ✘  6669 [mobile-chrome] › e2e/ui/components/card.spec.ts:66:7 › Card Component › should have accessible card content (retry #1) (246ms)
  ✘  6670 [mobile-chrome] › e2e/ui/components/card.spec.ts:122:9 › Card Component › Card Variants › should render service cards correctly (222ms)
  ✘  6671 [mobile-chrome] › e2e/ui/components/card.spec.ts:150:9 › Card Component › Card Variants › should render product cards correctly (232ms)
  ✘  6672 [mobile-chrome] › e2e/ui/components/card.spec.ts:122:9 › Card Component › Card Variants › should render service cards correctly (retry #1) (221ms)
  ✘  6673 [mobile-chrome] › e2e/ui/components/card.spec.ts:150:9 › Card Component › Card Variants › should render product cards correctly (retry #1) (317ms)
  ✘  6674 [mobile-chrome] › e2e/ui/components/card.spec.ts:182:9 › Card Component › Card Variants › should render blog post cards correctly (233ms)
  ✘  6675 [mobile-chrome] › e2e/ui/components/card.spec.ts:216:9 › Card Component › Layout and Spacing › should have proper card spacing (256ms)
  ✘  6676 [mobile-chrome] › e2e/ui/components/card.spec.ts:182:9 › Card Component › Card Variants › should render blog post cards correctly (retry #1) (278ms)
  ✘  6677 [mobile-chrome] › e2e/ui/components/card.spec.ts:216:9 › Card Component › Layout and Spacing › should have proper card spacing (retry #1) (324ms)
  ✘  6678 [mobile-chrome] › e2e/ui/components/card.spec.ts:251:9 › Card Component › Layout and Spacing › should maintain card aspect ratio for images (281ms)
  ✘  6679 [mobile-chrome] › e2e/ui/components/card.spec.ts:280:9 › Card Component › Responsive Design › should render correctly on mobile (323ms)
  ✘  6680 [mobile-chrome] › e2e/ui/components/card.spec.ts:251:9 › Card Component › Layout and Spacing › should maintain card aspect ratio for images (retry #1) (387ms)
  ✘  6681 [mobile-chrome] › e2e/ui/components/card.spec.ts:280:9 › Card Component › Responsive Design › should render correctly on mobile (retry #1) (346ms)
  ✘  6682 [mobile-chrome] › e2e/ui/components/card.spec.ts:319:9 › Card Component › Responsive Design › should render correctly on tablet (332ms)
  ✘  6683 [mobile-chrome] › e2e/ui/components/card.spec.ts:348:9 › Card Component › Responsive Design › should render correctly on desktop (283ms)
  ✘  6684 [mobile-chrome] › e2e/ui/components/card.spec.ts:319:9 › Card Component › Responsive Design › should render correctly on tablet (retry #1) (379ms)
  ✘  6685 [mobile-chrome] › e2e/ui/components/card.spec.ts:348:9 › Card Component › Responsive Design › should render correctly on desktop (retry #1) (429ms)
  ✘  6686 [mobile-chrome] › e2e/ui/components/card.spec.ts:389:9 › Card Component › Accessibility › should have accessible card containers (367ms)
  ✘  6687 [mobile-chrome] › e2e/ui/components/card.spec.ts:418:9 › Card Component › Accessibility › should have accessible card headers (502ms)
  ✘  6688 [mobile-chrome] › e2e/ui/components/card.spec.ts:389:9 › Card Component › Accessibility › should have accessible card containers (retry #1) (396ms)
  ✘  6689 [mobile-chrome] › e2e/ui/components/card.spec.ts:418:9 › Card Component › Accessibility › should have accessible card headers (retry #1) (326ms)
  ✘  6690 [mobile-chrome] › e2e/ui/components/card.spec.ts:453:9 › Card Component › Accessibility › should have accessible card content (279ms)
  ✘  6691 [mobile-chrome] › e2e/ui/components/card.spec.ts:488:9 › Card Component › Accessibility › should have accessible card actions (304ms)
  ✘  6692 [mobile-chrome] › e2e/ui/components/card.spec.ts:453:9 › Card Component › Accessibility › should have accessible card content (retry #1) (352ms)
  ✘  6693 [mobile-chrome] › e2e/ui/components/card.spec.ts:488:9 › Card Component › Accessibility › should have accessible card actions (retry #1) (297ms)
  ✘  6694 [mobile-chrome] › e2e/ui/components/card.spec.ts:530:9 › Card Component › Performance › should not cause layout shifts (270ms)
  ✘  6695 [mobile-chrome] › e2e/ui/components/card.spec.ts:560:9 › Card Component › Performance › should have reasonable number of DOM nodes (243ms)
  ✘  6696 [mobile-chrome] › e2e/ui/components/card.spec.ts:530:9 › Card Component › Performance › should not cause layout shifts (retry #1) (279ms)
  ✘  6697 [mobile-chrome] › e2e/ui/components/card.spec.ts:560:9 › Card Component › Performance › should have reasonable number of DOM nodes (retry #1) (310ms)
  ✘  6698 [mobile-chrome] › e2e/ui/components/card.spec.ts:570:9 › Card Component › Performance › should optimize image loading (278ms)
  ✘  6699 [mobile-chrome] › e2e/ui/components/footer.spec.ts:21:7 › Footer Component › should be visible on all pages (302ms)
  ✘  6700 [mobile-chrome] › e2e/ui/components/card.spec.ts:570:9 › Card Component › Performance › should optimize image loading (retry #1) (348ms)
  ✘  6701 [mobile-chrome] › e2e/ui/components/footer.spec.ts:21:7 › Footer Component › should be visible on all pages (retry #1) (342ms)
  ✘  6702 [mobile-chrome] › e2e/ui/components/footer.spec.ts:26:7 › Footer Component › should contain copyright information (281ms)
  ✘  6703 [mobile-chrome] › e2e/ui/components/footer.spec.ts:40:7 › Footer Component › should contain navigation links (266ms)
  ✘  6704 [mobile-chrome] › e2e/ui/components/footer.spec.ts:26:7 › Footer Component › should contain copyright information (retry #1) (325ms)
  ✘  6705 [mobile-chrome] › e2e/ui/components/footer.spec.ts:40:7 › Footer Component › should contain navigation links (retry #1) (317ms)
  ✘  6706 [mobile-chrome] › e2e/ui/components/footer.spec.ts:71:7 › Footer Component › should contain social media links (274ms)
  ✘  6707 [mobile-chrome] › e2e/ui/components/footer.spec.ts:86:7 › Footer Component › should contain newsletter signup (312ms)
  ✘  6708 [mobile-chrome] › e2e/ui/components/footer.spec.ts:71:7 › Footer Component › should contain social media links (retry #1) (311ms)
  ✘  6709 [mobile-chrome] › e2e/ui/components/footer.spec.ts:86:7 › Footer Component › should contain newsletter signup (retry #1) (333ms)
  ✘  6710 [mobile-chrome] › e2e/ui/components/footer.spec.ts:110:9 › Footer Component › Navigation Functionality › should navigate to homepage via footer link (269ms)
  ✘  6711 [mobile-chrome] › e2e/ui/components/footer.spec.ts:124:9 › Footer Component › Navigation Functionality › should navigate to services via footer link (248ms)
  ✘  6712 [mobile-chrome] › e2e/ui/components/footer.spec.ts:110:9 › Footer Component › Navigation Functionality › should navigate to homepage via footer link (retry #1) (258ms)
  ✘  6713 [mobile-chrome] › e2e/ui/components/footer.spec.ts:124:9 › Footer Component › Navigation Functionality › should navigate to services via footer link (retry #1) (252ms)
  ✘  6714 [mobile-chrome] › e2e/ui/components/footer.spec.ts:135:9 › Footer Component › Navigation Functionality › should navigate to store via footer link (236ms)
  ✘  6715 [mobile-chrome] › e2e/ui/components/footer.spec.ts:146:9 › Footer Component › Navigation Functionality › should navigate to blog via footer link (270ms)
  ✘  6716 [mobile-chrome] › e2e/ui/components/footer.spec.ts:135:9 › Footer Component › Navigation Functionality › should navigate to store via footer link (retry #1) (302ms)
  ✘  6717 [mobile-chrome] › e2e/ui/components/footer.spec.ts:146:9 › Footer Component › Navigation Functionality › should navigate to blog via footer link (retry #1) (258ms)
  ✘  6718 [mobile-chrome] › e2e/ui/components/footer.spec.ts:157:9 › Footer Component › Navigation Functionality › should navigate to contact via footer link (270ms)
  ✘  6719 [mobile-chrome] › e2e/ui/components/footer.spec.ts:170:9 › Footer Component › Newsletter Functionality › should show validation error for empty email (233ms)
  ✘  6720 [mobile-chrome] › e2e/ui/components/footer.spec.ts:157:9 › Footer Component › Navigation Functionality › should navigate to contact via footer link (retry #1) (244ms)
  ✘  6721 [mobile-chrome] › e2e/ui/components/footer.spec.ts:170:9 › Footer Component › Newsletter Functionality › should show validation error for empty email (retry #1) (253ms)
  ✘  6722 [mobile-chrome] › e2e/ui/components/footer.spec.ts:188:9 › Footer Component › Newsletter Functionality › should show validation error for invalid email format (234ms)
  ✘  6723 [mobile-chrome] › e2e/ui/components/footer.spec.ts:212:9 › Footer Component › Newsletter Functionality › should submit newsletter form successfully (238ms)
  ✘  6724 [mobile-chrome] › e2e/ui/components/footer.spec.ts:188:9 › Footer Component › Newsletter Functionality › should show validation error for invalid email format (retry #1) (266ms)
  ✘  6725 [mobile-chrome] › e2e/ui/components/footer.spec.ts:212:9 › Footer Component › Newsletter Functionality › should submit newsletter form successfully (retry #1) (294ms)
  ✘  6726 [mobile-chrome] › e2e/ui/components/footer.spec.ts:242:9 › Footer Component › Responsive Design › should render correctly on mobile (227ms)
  ✘  6727 [mobile-chrome] › e2e/ui/components/footer.spec.ts:265:9 › Footer Component › Responsive Design › should render correctly on tablet (244ms)
  ✘  6728 [mobile-chrome] › e2e/ui/components/footer.spec.ts:242:9 › Footer Component › Responsive Design › should render correctly on mobile (retry #1) (342ms)
  ✘  6729 [mobile-chrome] › e2e/ui/components/footer.spec.ts:265:9 › Footer Component › Responsive Design › should render correctly on tablet (retry #1) (282ms)
  ✘  6730 [mobile-chrome] › e2e/ui/components/footer.spec.ts:283:9 › Footer Component › Responsive Design › should render correctly on desktop (259ms)
  ✘  6731 [mobile-chrome] › e2e/ui/components/footer.spec.ts:311:9 › Footer Component › Accessibility › should have proper ARIA landmarks (246ms)
  ✘  6732 [mobile-chrome] › e2e/ui/components/footer.spec.ts:283:9 › Footer Component › Responsive Design › should render correctly on desktop (retry #1) (248ms)
  ✘  6733 [mobile-chrome] › e2e/ui/components/footer.spec.ts:311:9 › Footer Component › Accessibility › should have proper ARIA landmarks (retry #1) (302ms)
  ✘  6734 [mobile-chrome] › e2e/ui/components/footer.spec.ts:320:9 › Footer Component › Accessibility › should have accessible copyright text (250ms)
  ✘  6735 [mobile-chrome] › e2e/ui/components/footer.spec.ts:332:9 › Footer Component › Accessibility › should have accessible navigation links (259ms)
  ✘  6736 [mobile-chrome] › e2e/ui/components/footer.spec.ts:320:9 › Footer Component › Accessibility › should have accessible copyright text (retry #1) (290ms)
  ✘  6737 [mobile-chrome] › e2e/ui/components/footer.spec.ts:332:9 › Footer Component › Accessibility › should have accessible navigation links (retry #1) (248ms)
  ✘  6738 [mobile-chrome] › e2e/ui/components/footer.spec.ts:359:9 › Footer Component › Accessibility › should have accessible social media links (216ms)
  ✘  6739 [mobile-chrome] › e2e/ui/components/footer.spec.ts:387:9 › Footer Component › Accessibility › should have accessible newsletter form (217ms)
  ✘  6740 [mobile-chrome] › e2e/ui/components/footer.spec.ts:359:9 › Footer Component › Accessibility › should have accessible social media links (retry #1) (271ms)
  ✘  6741 [mobile-chrome] › e2e/ui/components/footer.spec.ts:387:9 › Footer Component › Accessibility › should have accessible newsletter form (retry #1) (236ms)
  ✘  6742 [mobile-chrome] › e2e/ui/components/footer.spec.ts:424:9 › Footer Component › Performance › should not cause layout shifts (252ms)
  ✘  6743 [mobile-chrome] › e2e/ui/components/header.spec.ts:23:7 › Header Component › should be visible on all pages (214ms)
  ✘  6744 [mobile-chrome] › e2e/ui/components/footer.spec.ts:424:9 › Footer Component › Performance › should not cause layout shifts (retry #1) (268ms)
  ✘  6745 [mobile-chrome] › e2e/ui/components/header.spec.ts:23:7 › Header Component › should be visible on all pages (retry #1) (261ms)
  ✘  6746 [mobile-chrome] › e2e/ui/components/header.spec.ts:28:7 › Header Component › should contain logo/brand (255ms)
  ✘  6747 [mobile-chrome] › e2e/ui/components/header.spec.ts:41:7 › Header Component › should contain navigation menu (267ms)
  ✘  6748 [mobile-chrome] › e2e/ui/components/header.spec.ts:28:7 › Header Component › should contain logo/brand (retry #1) (268ms)
  ✘  6749 [mobile-chrome] › e2e/ui/components/header.spec.ts:41:7 › Header Component › should contain navigation menu (retry #1) (268ms)
  ✘  6750 [mobile-chrome] › e2e/ui/components/header.spec.ts:58:7 › Header Component › should have accessible navigation (250ms)
  ✘  6751 [mobile-chrome] › e2e/ui/components/header.spec.ts:90:9 › Header Component › Navigation Functionality › should navigate to services (234ms)
  ✘  6752 [mobile-chrome] › e2e/ui/components/header.spec.ts:58:7 › Header Component › should have accessible navigation (retry #1) (257ms)
  ✘  6753 [mobile-chrome] › e2e/ui/components/header.spec.ts:90:9 › Header Component › Navigation Functionality › should navigate to services (retry #1) (247ms)
  ✘  6754 [mobile-chrome] › e2e/ui/components/header.spec.ts:101:9 › Header Component › Navigation Functionality › should navigate to store (228ms)
  ✘  6755 [mobile-chrome] › e2e/ui/components/header.spec.ts:112:9 › Header Component › Navigation Functionality › should navigate to blog (235ms)
  ✘  6756 [mobile-chrome] › e2e/ui/components/header.spec.ts:101:9 › Header Component › Navigation Functionality › should navigate to store (retry #1) (257ms)
  ✘  6757 [mobile-chrome] › e2e/ui/components/header.spec.ts:112:9 › Header Component › Navigation Functionality › should navigate to blog (retry #1) (267ms)
  ✘  6758 [mobile-chrome] › e2e/ui/components/header.spec.ts:123:9 › Header Component › Navigation Functionality › should navigate to contact (243ms)
  ✘  6759 [mobile-chrome] › e2e/ui/components/header.spec.ts:134:9 › Header Component › Navigation Functionality › should navigate to homepage via logo (249ms)
  ✘  6760 [mobile-chrome] › e2e/ui/components/header.spec.ts:123:9 › Header Component › Navigation Functionality › should navigate to contact (retry #1) (271ms)
  ✘  6761 [mobile-chrome] › e2e/ui/components/header.spec.ts:134:9 › Header Component › Navigation Functionality › should navigate to homepage via logo (retry #1) (277ms)
  ✘  6762 [mobile-chrome] › e2e/ui/components/header.spec.ts:150:9 › Header Component › Authentication States › should show login/logout buttons when not authenticated (245ms)
  ✘  6763 [mobile-chrome] › e2e/ui/components/header.spec.ts:163:9 › Header Component › Authentication States › should show user menu when authenticated (238ms)
  ✘  6764 [mobile-chrome] › e2e/ui/components/header.spec.ts:150:9 › Header Component › Authentication States › should show login/logout buttons when not authenticated (retry #1) (250ms)
  ✘  6765 [mobile-chrome] › e2e/ui/components/header.spec.ts:163:9 › Header Component › Authentication States › should show user menu when authenticated (retry #1) (251ms)
  ✘  6766 [mobile-chrome] › e2e/ui/components/header.spec.ts:189:9 › Header Component › Responsive Design › should render correctly on mobile (235ms)
  ✘  6767 [mobile-chrome] › e2e/ui/components/header.spec.ts:217:9 › Header Component › Responsive Design › should render correctly on tablet (244ms)
  ✘  6768 [mobile-chrome] › e2e/ui/components/header.spec.ts:189:9 › Header Component › Responsive Design › should render correctly on mobile (retry #1) (274ms)
  ✘  6769 [mobile-chrome] › e2e/ui/components/header.spec.ts:217:9 › Header Component › Responsive Design › should render correctly on tablet (retry #1) (250ms)
  ✘  6770 [mobile-chrome] › e2e/ui/components/header.spec.ts:237:9 › Header Component › Responsive Design › should render correctly on desktop (234ms)
  ✘  6771 [mobile-chrome] › e2e/ui/components/header.spec.ts:260:9 › Header Component › Accessibility › should have proper ARIA attributes (230ms)
  ✘  6772 [mobile-chrome] › e2e/ui/components/header.spec.ts:237:9 › Header Component › Responsive Design › should render correctly on desktop (retry #1) (247ms)
  ✘  6773 [mobile-chrome] › e2e/ui/components/header.spec.ts:260:9 › Header Component › Accessibility › should have proper ARIA attributes (retry #1) (240ms)
  ✘  6774 [mobile-chrome] › e2e/ui/components/header.spec.ts:282:9 › Header Component › Accessibility › should have accessible logo/link (232ms)
  ✘  6775 [mobile-chrome] › e2e/ui/components/header.spec.ts:305:9 › Header Component › Accessibility › should have accessible navigation links (238ms)
  ✘  6776 [mobile-chrome] › e2e/ui/components/header.spec.ts:282:9 › Header Component › Accessibility › should have accessible logo/link (retry #1) (277ms)
  ✘  6777 [mobile-chrome] › e2e/ui/components/header.spec.ts:305:9 › Header Component › Accessibility › should have accessible navigation links (retry #1) (258ms)
  ✘  6778 [mobile-chrome] › e2e/ui/components/header.spec.ts:334:9 › Header Component › Performance › should not cause layout shifts (221ms)
  ✘  6779 [mobile-chrome] › e2e/ui/pages/admin.spec.ts:24:7 › Admin Panel › should load successfully (266ms)
  ✘  6780 [mobile-chrome] › e2e/ui/components/header.spec.ts:334:9 › Header Component › Performance › should not cause layout shifts (retry #1) (273ms)
  ✘  6781 [mobile-chrome] › e2e/ui/pages/admin.spec.ts:24:7 › Admin Panel › should load successfully (retry #1) (251ms)
  ✘  6782 [mobile-chrome] › e2e/ui/pages/admin.spec.ts:32:7 › Admin Panel › should show admin user information (234ms)
  ✘  6783 [mobile-chrome] › e2e/ui/pages/admin.spec.ts:39:7 › Admin Panel › should have admin navigation sidebar (239ms)
  ✘  6784 [mobile-chrome] › e2e/ui/pages/admin.spec.ts:32:7 › Admin Panel › should show admin user information (retry #1) (254ms)
  ✘  6785 [mobile-chrome] › e2e/ui/pages/admin.spec.ts:39:7 › Admin Panel › should have admin navigation sidebar (retry #1) (270ms)
  ✘  6786 [mobile-chrome] › e2e/ui/pages/admin.spec.ts:54:7 › Admin Panel › should have main content area (241ms)
  ✘  6787 [mobile-chrome] › e2e/ui/pages/admin.spec.ts:59:7 › Admin Panel › should show admin overview widgets or cards (217ms)
  ✘  6788 [mobile-chrome] › e2e/ui/pages/admin.spec.ts:54:7 › Admin Panel › should have main content area (retry #1) (256ms)
  ✘  6789 [mobile-chrome] › e2e/ui/pages/admin.spec.ts:59:7 › Admin Panel › should show admin overview widgets or cards (retry #1) (282ms)
  ✘  6790 [mobile-chrome] › e2e/ui/pages/admin.spec.ts:71:7 › Admin Panel › should show action queue or stats (264ms)
  ✘  6791 [mobile-chrome] › e2e/ui/pages/admin.spec.ts:83:9 › Admin Panel › Navigation › should navigate to homepage (250ms)
  ✘  6792 [mobile-chrome] › e2e/ui/pages/admin.spec.ts:71:7 › Admin Panel › should show action queue or stats (retry #1) (270ms)
  ✘  6793 [mobile-chrome] › e2e/ui/pages/admin.spec.ts:83:9 › Admin Panel › Navigation › should navigate to homepage (retry #1) (257ms)
  ✘  6794 [mobile-chrome] › e2e/ui/pages/admin.spec.ts:93:9 › Admin Panel › Navigation › should navigate to dashboard (237ms)
  ✘  6795 [mobile-chrome] › e2e/ui/pages/admin.spec.ts:100:9 › Admin Panel › Navigation › should navigate to users management (250ms)
  ✘  6796 [mobile-chrome] › e2e/ui/pages/admin.spec.ts:93:9 › Admin Panel › Navigation › should navigate to dashboard (retry #1) (238ms)
  ✘  6797 [mobile-chrome] › e2e/ui/pages/admin.spec.ts:100:9 › Admin Panel › Navigation › should navigate to users management (retry #1) (259ms)
  ✘  6798 [mobile-chrome] › e2e/ui/pages/admin.spec.ts:110:9 › Admin Panel › Navigation › should navigate to orders management (244ms)
  ✘  6799 [mobile-chrome] › e2e/ui/pages/admin.spec.ts:120:9 › Admin Panel › Navigation › should navigate to settings (237ms)
  ✘  6800 [mobile-chrome] › e2e/ui/pages/admin.spec.ts:110:9 › Admin Panel › Navigation › should navigate to orders management (retry #1) (287ms)
  ✘  6801 [mobile-chrome] › e2e/ui/pages/admin.spec.ts:120:9 › Admin Panel › Navigation › should navigate to settings (retry #1) (259ms)
  ✘  6802 [mobile-chrome] › e2e/ui/pages/admin.spec.ts:130:9 › Admin Panel › Navigation › should navigate to leads (241ms)
  ✘  6803 [mobile-chrome] › e2e/ui/pages/admin.spec.ts:142:9 › Admin Panel › Authentication › should redirect to login if not authenticated (232ms)
  ✘  6804 [mobile-chrome] › e2e/ui/pages/admin.spec.ts:130:9 › Admin Panel › Navigation › should navigate to leads (retry #1) (254ms)
  ✘  6805 [mobile-chrome] › e2e/ui/pages/admin.spec.ts:142:9 › Admin Panel › Authentication › should redirect to login if not authenticated (retry #1) (255ms)
  ✘  6806 [mobile-chrome] › e2e/ui/pages/admin.spec.ts:149:9 › Admin Panel › Authentication › should redirect to dashboard if not admin (240ms)
  ✘  6807 [mobile-chrome] › e2e/ui/pages/admin.spec.ts:157:9 › Admin Panel › Responsive Design › should render correctly on mobile (232ms)
  ✘  6808 [mobile-chrome] › e2e/ui/pages/admin.spec.ts:149:9 › Admin Panel › Authentication › should redirect to dashboard if not admin (retry #1) (256ms)
  ✘  6809 [mobile-chrome] › e2e/ui/pages/admin.spec.ts:157:9 › Admin Panel › Responsive Design › should render correctly on mobile (retry #1) (238ms)
  ✘  6810 [mobile-chrome] › e2e/ui/pages/admin.spec.ts:187:9 › Admin Panel › Responsive Design › should render correctly on tablet (236ms)
  ✘  6811 [mobile-chrome] › e2e/ui/pages/admin.spec.ts:219:9 › Admin Panel › Responsive Design › should render correctly on desktop (238ms)
  ✘  6812 [mobile-chrome] › e2e/ui/pages/admin.spec.ts:187:9 › Admin Panel › Responsive Design › should render correctly on tablet (retry #1) (291ms)
  ✘  6813 [mobile-chrome] › e2e/ui/pages/admin.spec.ts:219:9 › Admin Panel › Responsive Design › should render correctly on desktop (retry #1) (253ms)
  ✘  6814 [mobile-chrome] › e2e/ui/pages/admin.spec.ts:248:9 › Admin Panel › Accessibility › should have proper language attribute (223ms)
  ✘  6815 [mobile-chrome] › e2e/ui/pages/admin.spec.ts:254:9 › Admin Panel › Accessibility › should have proper heading structure (228ms)
  ✘  6816 [mobile-chrome] › e2e/ui/pages/admin.spec.ts:248:9 › Admin Panel › Accessibility › should have proper language attribute (retry #1) (269ms)
  ✘  6817 [mobile-chrome] › e2e/ui/pages/admin.spec.ts:254:9 › Admin Panel › Accessibility › should have proper heading structure (retry #1) (266ms)
  ✘  6818 [mobile-chrome] › e2e/ui/pages/admin.spec.ts:272:9 › Admin Panel › Accessibility › should have accessible navigation (236ms)
  ✘  6819 [mobile-chrome] › e2e/ui/pages/admin.spec.ts:313:9 › Admin Panel › Accessibility › should have accessible cards/quick actions (249ms)
  ✘  6820 [mobile-chrome] › e2e/ui/pages/admin.spec.ts:272:9 › Admin Panel › Accessibility › should have accessible navigation (retry #1) (252ms)
  ✘  6821 [mobile-chrome] › e2e/ui/pages/admin.spec.ts:313:9 › Admin Panel › Accessibility › should have accessible cards/quick actions (retry #1) (280ms)
  ✘  6822 [mobile-chrome] › e2e/ui/pages/admin.spec.ts:361:9 › Admin Panel › Accessibility › should have accessible forms (240ms)
  ✘  6823 [mobile-chrome] › e2e/ui/pages/admin.spec.ts:370:9 › Admin Panel › Performance › should load within reasonable time (237ms)
  ✘  6824 [mobile-chrome] › e2e/ui/pages/admin.spec.ts:361:9 › Admin Panel › Accessibility › should have accessible forms (retry #1) (261ms)
  ✘  6825 [mobile-chrome] › e2e/ui/pages/admin.spec.ts:370:9 › Admin Panel › Performance › should load within reasonable time (retry #1) (249ms)
  ✘  6826 [mobile-chrome] › e2e/ui/pages/blog.spec.ts:22:7 › Blog Page › should load successfully (251ms)
  ✘  6827 [mobile-chrome] › e2e/ui/pages/blog.spec.ts:30:7 › Blog Page › should have blog posts grid or list (256ms)
  ✘  6828 [mobile-chrome] › e2e/ui/pages/blog.spec.ts:22:7 › Blog Page › should load successfully (retry #1) (266ms)
  ✘  6829 [mobile-chrome] › e2e/ui/pages/blog.spec.ts:30:7 › Blog Page › should have blog posts grid or list (retry #1) (240ms)
  ✘  6830 [mobile-chrome] › e2e/ui/pages/blog.spec.ts:43:7 › Blog Page › should display blog post details (246ms)
  ✘  6831 [mobile-chrome] › e2e/ui/pages/blog.spec.ts:70:7 › Blog Page › should have blog categories or tags (261ms)
  ✘  6832 [mobile-chrome] › e2e/ui/pages/blog.spec.ts:43:7 › Blog Page › should display blog post details (retry #1) (310ms)
  ✘  6833 [mobile-chrome] › e2e/ui/pages/blog.spec.ts:70:7 › Blog Page › should have blog categories or tags (retry #1) (298ms)
  ✘  6834 [mobile-chrome] › e2e/ui/pages/blog.spec.ts:85:7 › Blog Page › should have pagination or load more functionality (282ms)
  ✘  6835 [mobile-chrome] › e2e/ui/pages/blog.spec.ts:95:7 › Blog Page › should have call-to-action for newsletter or subscription (285ms)
  ✘  6836 [mobile-chrome] › e2e/ui/pages/blog.spec.ts:85:7 › Blog Page › should have pagination or load more functionality (retry #1) (366ms)
  ✘  6837 [mobile-chrome] › e2e/ui/pages/blog.spec.ts:95:7 › Blog Page › should have call-to-action for newsletter or subscription (retry #1) (349ms)
  ✘  6838 [mobile-chrome] › e2e/ui/pages/blog.spec.ts:115:9 › Blog Page › Authentication › should show login prompt for commenting when not authenticated (282ms)
  ✘  6839 [mobile-chrome] › e2e/ui/pages/blog.spec.ts:144:9 › Blog Page › Authentication › should allow authenticated users to comment (258ms)
  ✘  6840 [mobile-chrome] › e2e/ui/pages/blog.spec.ts:115:9 › Blog Page › Authentication › should show login prompt for commenting when not authenticated (retry #1) (310ms)
  ✘  6841 [mobile-chrome] › e2e/ui/pages/blog.spec.ts:144:9 › Blog Page › Authentication › should allow authenticated users to comment (retry #1) (332ms)
  ✘  6842 [mobile-chrome] › e2e/ui/pages/blog.spec.ts:180:9 › Blog Page › Responsive Design › should render correctly on mobile (249ms)
  ✘  6843 [mobile-chrome] › e2e/ui/pages/blog.spec.ts:193:9 › Blog Page › Responsive Design › should render correctly on tablet (268ms)
  ✘  6844 [mobile-chrome] › e2e/ui/pages/blog.spec.ts:180:9 › Blog Page › Responsive Design › should render correctly on mobile (retry #1) (294ms)
  ✘  6845 [mobile-chrome] › e2e/ui/pages/blog.spec.ts:193:9 › Blog Page › Responsive Design › should render correctly on tablet (retry #1) (289ms)
  ✘  6846 [mobile-chrome] › e2e/ui/pages/blog.spec.ts:206:9 › Blog Page › Responsive Design › should render correctly on desktop (258ms)
  ✘  6847 [mobile-chrome] › e2e/ui/pages/blog.spec.ts:224:9 › Blog Page › Navigation › should navigate to homepage (266ms)
  ✘  6848 [mobile-chrome] › e2e/ui/pages/blog.spec.ts:206:9 › Blog Page › Responsive Design › should render correctly on desktop (retry #1) (304ms)
  ✘  6849 [mobile-chrome] › e2e/ui/pages/blog.spec.ts:224:9 › Blog Page › Navigation › should navigate to homepage (retry #1) (275ms)
  ✘  6850 [mobile-chrome] › e2e/ui/pages/blog.spec.ts:232:9 › Blog Page › Navigation › should navigate to services (244ms)
  ✘  6851 [mobile-chrome] › e2e/ui/pages/blog.spec.ts:240:9 › Blog Page › Navigation › should navigate to store (256ms)
  ✘  6852 [mobile-chrome] › e2e/ui/pages/blog.spec.ts:232:9 › Blog Page › Navigation › should navigate to services (retry #1) (258ms)
  ✘  6853 [mobile-chrome] › e2e/ui/pages/blog.spec.ts:240:9 › Blog Page › Navigation › should navigate to store (retry #1) (263ms)
  ✘  6854 [mobile-chrome] › e2e/ui/pages/blog.spec.ts:248:9 › Blog Page › Navigation › should navigate to contact (252ms)
  ✘  6855 [mobile-chrome] › e2e/ui/pages/blog.spec.ts:256:9 › Blog Page › Navigation › should navigate to individual blog post (269ms)
  ✘  6856 [mobile-chrome] › e2e/ui/pages/blog.spec.ts:248:9 › Blog Page › Navigation › should navigate to contact (retry #1) (302ms)
  ✘  6857 [mobile-chrome] › e2e/ui/pages/blog.spec.ts:256:9 › Blog Page › Navigation › should navigate to individual blog post (retry #1) (270ms)
  ✘  6858 [mobile-chrome] › e2e/ui/pages/blog.spec.ts:268:9 › Blog Page › Accessibility › should have proper language attribute (249ms)
  ✘  6859 [mobile-chrome] › e2e/ui/pages/blog.spec.ts:274:9 › Blog Page › Accessibility › should have proper heading structure (273ms)
  ✘  6860 [mobile-chrome] › e2e/ui/pages/blog.spec.ts:268:9 › Blog Page › Accessibility › should have proper language attribute (retry #1) (281ms)
  ✘  6861 [mobile-chrome] › e2e/ui/pages/blog.spec.ts:274:9 › Blog Page › Accessibility › should have proper heading structure (retry #1) (340ms)
  ✘  6862 [mobile-chrome] › e2e/ui/pages/blog.spec.ts:292:9 › Blog Page › Accessibility › should have accessible post elements (267ms)
  ✘  6863 [mobile-chrome] › e2e/ui/pages/blog.spec.ts:311:9 › Blog Page › Accessibility › should have accessible images with alt text (219ms)
  ✘  6864 [mobile-chrome] › e2e/ui/pages/blog.spec.ts:292:9 › Blog Page › Accessibility › should have accessible post elements (retry #1) (281ms)
  ✘  6865 [mobile-chrome] › e2e/ui/pages/blog.spec.ts:311:9 › Blog Page › Accessibility › should have accessible images with alt text (retry #1) (246ms)
  ✘  6866 [mobile-chrome] › e2e/ui/pages/blog.spec.ts:330:9 › Blog Page › Performance › should load within reasonable time (251ms)
  ✘  6867 [mobile-chrome] › e2e/ui/pages/contact.spec.ts:22:7 › Contact Page › should load successfully (236ms)
  ✘  6868 [mobile-chrome] › e2e/ui/pages/blog.spec.ts:330:9 › Blog Page › Performance › should load within reasonable time (retry #1) (279ms)
  ✘  6869 [mobile-chrome] › e2e/ui/pages/contact.spec.ts:22:7 › Contact Page › should load successfully (retry #1) (291ms)
  ✘  6870 [mobile-chrome] › e2e/ui/pages/contact.spec.ts:30:7 › Contact Page › should have contact form (237ms)
  ✘  6871 [mobile-chrome] › e2e/ui/pages/contact.spec.ts:55:7 › Contact Page › should have contact information (258ms)
  ✘  6872 [mobile-chrome] › e2e/ui/pages/contact.spec.ts:30:7 › Contact Page › should have contact form (retry #1) (275ms)
  ✘  6873 [mobile-chrome] › e2e/ui/pages/contact.spec.ts:55:7 › Contact Page › should have contact information (retry #1) (304ms)
  ✘  6874 [mobile-chrome] › e2e/ui/pages/contact.spec.ts:76:7 › Contact Page › should have map or location information (228ms)
  ✘  6875 [mobile-chrome] › e2e/ui/pages/contact.spec.ts:87:7 › Contact Page › should have call-to-action for newsletter or consultation (231ms)
  ✘  6876 [mobile-chrome] › e2e/ui/pages/contact.spec.ts:76:7 › Contact Page › should have map or location information (retry #1) (237ms)
  ✘  6877 [mobile-chrome] › e2e/ui/pages/contact.spec.ts:87:7 › Contact Page › should have call-to-action for newsletter or consultation (retry #1) (254ms)
  ✘  6878 [mobile-chrome] › e2e/ui/pages/contact.spec.ts:103:9 › Contact Page › Form Validation › should show validation errors for empty required fields (240ms)
  ✘  6879 [mobile-chrome] › e2e/ui/pages/contact.spec.ts:120:9 › Contact Page › Form Validation › should show validation error for invalid email format (259ms)
  ✘  6880 [mobile-chrome] › e2e/ui/pages/contact.spec.ts:103:9 › Contact Page › Form Validation › should show validation errors for empty required fields (retry #1) (243ms)
  ✘  6881 [mobile-chrome] › e2e/ui/pages/contact.spec.ts:120:9 › Contact Page › Form Validation › should show validation error for invalid email format (retry #1) (247ms)
  ✘  6882 [mobile-chrome] › e2e/ui/pages/contact.spec.ts:142:9 › Contact Page › Form Validation › should submit form successfully with valid data (247ms)
  ✘  6883 [mobile-chrome] › e2e/ui/pages/contact.spec.ts:169:9 › Contact Page › Authentication › should show authenticated user info when logged in (234ms)
  ✘  6884 [mobile-chrome] › e2e/ui/pages/contact.spec.ts:142:9 › Contact Page › Form Validation › should submit form successfully with valid data (retry #1) (239ms)
  ✘  6885 [mobile-chrome] › e2e/ui/pages/contact.spec.ts:169:9 › Contact Page › Authentication › should show authenticated user info when logged in (retry #1) (245ms)
  ✘  6886 [mobile-chrome] › e2e/ui/pages/contact.spec.ts:193:9 › Contact Page › Responsive Design › should render correctly on mobile (217ms)
  ✘  6887 [mobile-chrome] › e2e/ui/pages/contact.spec.ts:215:9 › Contact Page › Responsive Design › should render correctly on tablet (234ms)
  ✘  6888 [mobile-chrome] › e2e/ui/pages/contact.spec.ts:193:9 › Contact Page › Responsive Design › should render correctly on mobile (retry #1) (237ms)
  ✘  6889 [mobile-chrome] › e2e/ui/pages/contact.spec.ts:215:9 › Contact Page › Responsive Design › should render correctly on tablet (retry #1) (265ms)
  ✘  6890 [mobile-chrome] › e2e/ui/pages/contact.spec.ts:228:9 › Contact Page › Responsive Design › should render correctly on desktop (227ms)
  ✘  6891 [mobile-chrome] › e2e/ui/pages/contact.spec.ts:246:9 › Contact Page › Navigation › should navigate to homepage (233ms)
  ✘  6892 [mobile-chrome] › e2e/ui/pages/contact.spec.ts:228:9 › Contact Page › Responsive Design › should render correctly on desktop (retry #1) (259ms)
  ✘  6893 [mobile-chrome] › e2e/ui/pages/contact.spec.ts:246:9 › Contact Page › Navigation › should navigate to homepage (retry #1) (234ms)
  ✘  6894 [mobile-chrome] › e2e/ui/pages/contact.spec.ts:254:9 › Contact Page › Navigation › should navigate to services (229ms)
  ✘  6895 [mobile-chrome] › e2e/ui/pages/contact.spec.ts:262:9 › Contact Page › Navigation › should navigate to store (238ms)
  ✘  6896 [mobile-chrome] › e2e/ui/pages/contact.spec.ts:254:9 › Contact Page › Navigation › should navigate to services (retry #1) (256ms)
  ✘  6897 [mobile-chrome] › e2e/ui/pages/contact.spec.ts:262:9 › Contact Page › Navigation › should navigate to store (retry #1) (260ms)
  ✘  6898 [mobile-chrome] › e2e/ui/pages/contact.spec.ts:270:9 › Contact Page › Navigation › should navigate to blog (237ms)
  ✘  6899 [mobile-chrome] › e2e/ui/pages/contact.spec.ts:280:9 › Contact Page › Accessibility › should have proper language attribute (252ms)
  ✘  6900 [mobile-chrome] › e2e/ui/pages/contact.spec.ts:270:9 › Contact Page › Navigation › should navigate to blog (retry #1) (228ms)
  ✘  6901 [mobile-chrome] › e2e/ui/pages/contact.spec.ts:280:9 › Contact Page › Accessibility › should have proper language attribute (retry #1) (247ms)
  ✘  6902 [mobile-chrome] › e2e/ui/pages/contact.spec.ts:286:9 › Contact Page › Accessibility › should have accessible form labels (233ms)
  ✘  6903 [mobile-chrome] › e2e/ui/pages/contact.spec.ts:318:9 › Contact Page › Accessibility › should have accessible buttons (220ms)
  ✘  6904 [mobile-chrome] › e2e/ui/pages/contact.spec.ts:286:9 › Contact Page › Accessibility › should have accessible form labels (retry #1) (253ms)
  ✘  6905 [mobile-chrome] › e2e/ui/pages/contact.spec.ts:318:9 › Contact Page › Accessibility › should have accessible buttons (retry #1) (239ms)
  ✘  6906 [mobile-chrome] › e2e/ui/pages/contact.spec.ts:338:9 › Contact Page › Accessibility › should have sufficient color contrast for form elements (234ms)
  ✘  6907 [mobile-chrome] › e2e/ui/pages/contact.spec.ts:357:9 › Contact Page › Performance › should load within reasonable time (230ms)
  ✘  6908 [mobile-chrome] › e2e/ui/pages/contact.spec.ts:338:9 › Contact Page › Accessibility › should have sufficient color contrast for form elements (retry #1) (237ms)
  ✘  6909 [mobile-chrome] › e2e/ui/pages/contact.spec.ts:357:9 › Contact Page › Performance › should load within reasonable time (retry #1) (278ms)
API login failed, falling back to UI login: apiRequestContext.post: connect ECONNREFUSED ::1:4000
Call log:
  - → POST http://localhost:4000/api/auth/login
    - user-agent: Mozilla/5.0 (Linux; Android 14; Pixel 7) AppleWebKit/537.36 (KHTML, like Gecko) Chrome/151.0.7922.34 Mobile Safari/537.36
    - accept: */*
    - accept-encoding: gzip,deflate,br
    - content-type: application/json
    - content-length: 53

    at AuthenticatedPage.loginViaApi (/home/tbaltzakis/cloudless.gr/e2e/helpers/page-helpers.ts:63:48)
    at /home/tbaltzakis/cloudless.gr/e2e/ui/pages/dashboard.spec.ts:21:20 {
  log: [
    '  - → POST http://localhost:4000/api/auth/login',
    '    - user-agent: Mozilla/5.0 (Linux; Android 14; Pixel 7) AppleWebKit/537.36 (KHTML, like Gecko) Chrome/151.0.7922.34 Mobile Safari/537.36',
    '    - accept: */*',
    '    - accept-encoding: gzip,deflate,br',
    '    - content-type: application/json',
    '    - content-length: 53'
  ],
  name: 'Error',
  Symbol(step): {
    location: {
      file: '/home/tbaltzakis/cloudless.gr/e2e/helpers/page-helpers.ts',
      line: 63,
      column: 48,
      function: 'AuthenticatedPage.loginViaApi'
    },
    category: 'pw:api',
    title: 'POST "/api/auth/login"',
    apiName: 'apiRequestContext.post',
    params: {
      url: '/api/auth/login',
      params: undefined,
      encodedParams: undefined,
      method: 'POST',
      headers: undefined,
      postData: undefined,
      jsonData: '{"email":"test@example.com","password":"password123"}',
      formData: undefined,
      multipartData: undefined,
      failOnStatusCode: undefined,
      ignoreHTTPSErrors: undefined,
      maxRedirects: undefined,
      maxRetries: undefined,
      __testHookLookup: undefined
    },
    group: undefined,
    stepId: 'pw:api@34',
    boxedStack: undefined,
    steps: [],
    attachmentIndices: [],
    info: TestStepInfoImpl {
      annotations: [],
      _testInfo: [TestInfoImpl],
      _stepId: 'pw:api@34',
      _title: 'POST "/api/auth/login"',
      _parentStep: [TestStepInfoImpl],
      skip: [Function (anonymous)]
    },
    complete: [Function: complete],
    endWallTime: 1786539900626,
    error: {
      message: 'Error: apiRequestContext.post: connect ECONNREFUSED ::1:4000\n' +
        'Call log:\n' +
        '\x1B[2m  - → POST http://localhost:4000/api/auth/login\x1B[22m\n' +
        '\x1B[2m    - user-agent: Mozilla/5.0 (Linux; Android 14; Pixel 7) AppleWebKit/537.36 (KHTML, like Gecko) Chrome/151.0.7922.34 Mobile Safari/537.36\x1B[22m\n' +
        '\x1B[2m    - accept: */*\x1B[22m\n' +
        '\x1B[2m    - accept-encoding: gzip,deflate,br\x1B[22m\n' +
        '\x1B[2m    - content-type: application/json\x1B[22m\n' +
        '\x1B[2m    - content-length: 53\x1B[22m\n',
      stack: 'Error: apiRequestContext.post: connect ECONNREFUSED ::1:4000\n' +
        'Call log:\n' +
        '\x1B[2m  - → POST http://localhost:4000/api/auth/login\x1B[22m\n' +
        '\x1B[2m    - user-agent: Mozilla/5.0 (Linux; Android 14; Pixel 7) AppleWebKit/537.36 (KHTML, like Gecko) Chrome/151.0.7922.34 Mobile Safari/537.36\x1B[22m\n' +
        '\x1B[2m    - accept: */*\x1B[22m\n' +
        '\x1B[2m    - accept-encoding: gzip,deflate,br\x1B[22m\n' +
        '\x1B[2m    - content-type: application/json\x1B[22m\n' +
        '\x1B[2m    - content-length: 53\x1B[22m\n' +
        '\n' +
        '    at apiRequestContext.post: connect ECONNREFUSED ::1:4000\n' +
        '    at AuthenticatedPage.loginViaApi (/home/tbaltzakis/cloudless.gr/e2e/helpers/page-helpers.ts:63:48)\n' +
        '    at /home/tbaltzakis/cloudless.gr/e2e/ui/pages/dashboard.spec.ts:21:20',
      cause: undefined
    }
  }
}
  ✘  6910 [mobile-chrome] › e2e/ui/pages/dashboard.spec.ts:26:7 › Dashboard Page › should load successfully (564ms)
API login failed, falling back to UI login: apiRequestContext.post: connect ECONNREFUSED ::1:4000
Call log:
  - → POST http://localhost:4000/api/auth/login
    - user-agent: Mozilla/5.0 (Linux; Android 14; Pixel 7) AppleWebKit/537.36 (KHTML, like Gecko) Chrome/151.0.7922.34 Mobile Safari/537.36
    - accept: */*
    - accept-encoding: gzip,deflate,br
    - content-type: application/json
    - content-length: 53

    at AuthenticatedPage.loginViaApi (/home/tbaltzakis/cloudless.gr/e2e/helpers/page-helpers.ts:63:48)
    at /home/tbaltzakis/cloudless.gr/e2e/ui/pages/dashboard.spec.ts:21:20 {
  log: [
    '  - → POST http://localhost:4000/api/auth/login',
    '    - user-agent: Mozilla/5.0 (Linux; Android 14; Pixel 7) AppleWebKit/537.36 (KHTML, like Gecko) Chrome/151.0.7922.34 Mobile Safari/537.36',
    '    - accept: */*',
    '    - accept-encoding: gzip,deflate,br',
    '    - content-type: application/json',
    '    - content-length: 53'
  ],
  name: 'Error',
  Symbol(step): {
    location: {
      file: '/home/tbaltzakis/cloudless.gr/e2e/helpers/page-helpers.ts',
      line: 63,
      column: 48,
      function: 'AuthenticatedPage.loginViaApi'
    },
    category: 'pw:api',
    title: 'POST "/api/auth/login"',
    apiName: 'apiRequestContext.post',
    params: {
      url: '/api/auth/login',
      params: undefined,
      encodedParams: undefined,
      method: 'POST',
      headers: undefined,
      postData: undefined,
      jsonData: '{"email":"test@example.com","password":"password123"}',
      formData: undefined,
      multipartData: undefined,
      failOnStatusCode: undefined,
      ignoreHTTPSErrors: undefined,
      maxRedirects: undefined,
      maxRetries: undefined,
      __testHookLookup: undefined
    },
    group: undefined,
    stepId: 'pw:api@34',
    boxedStack: undefined,
    steps: [],
    attachmentIndices: [],
    info: TestStepInfoImpl {
      annotations: [],
      _testInfo: [TestInfoImpl],
      _stepId: 'pw:api@34',
      _title: 'POST "/api/auth/login"',
      _parentStep: [TestStepInfoImpl],
      skip: [Function (anonymous)]
    },
    complete: [Function: complete],
    endWallTime: 1786539901056,
    error: {
      message: 'Error: apiRequestContext.post: connect ECONNREFUSED ::1:4000\n' +
        'Call log:\n' +
        '\x1B[2m  - → POST http://localhost:4000/api/auth/login\x1B[22m\n' +
        '\x1B[2m    - user-agent: Mozilla/5.0 (Linux; Android 14; Pixel 7) AppleWebKit/537.36 (KHTML, like Gecko) Chrome/151.0.7922.34 Mobile Safari/537.36\x1B[22m\n' +
        '\x1B[2m    - accept: */*\x1B[22m\n' +
        '\x1B[2m    - accept-encoding: gzip,deflate,br\x1B[22m\n' +
        '\x1B[2m    - content-type: application/json\x1B[22m\n' +
        '\x1B[2m    - content-length: 53\x1B[22m\n',
      stack: 'Error: apiRequestContext.post: connect ECONNREFUSED ::1:4000\n' +
        'Call log:\n' +
        '\x1B[2m  - → POST http://localhost:4000/api/auth/login\x1B[22m\n' +
        '\x1B[2m    - user-agent: Mozilla/5.0 (Linux; Android 14; Pixel 7) AppleWebKit/537.36 (KHTML, like Gecko) Chrome/151.0.7922.34 Mobile Safari/537.36\x1B[22m\n' +
        '\x1B[2m    - accept: */*\x1B[22m\n' +
        '\x1B[2m    - accept-encoding: gzip,deflate,br\x1B[22m\n' +
        '\x1B[2m    - content-type: application/json\x1B[22m\n' +
        '\x1B[2m    - content-length: 53\x1B[22m\n' +
        '\n' +
        '    at apiRequestContext.post: connect ECONNREFUSED ::1:4000\n' +
        '    at AuthenticatedPage.loginViaApi (/home/tbaltzakis/cloudless.gr/e2e/helpers/page-helpers.ts:63:48)\n' +
        '    at /home/tbaltzakis/cloudless.gr/e2e/ui/pages/dashboard.spec.ts:21:20',
      cause: undefined
    }
  }
}
  ✘  6911 [mobile-chrome] › e2e/ui/pages/dashboard.spec.ts:34:7 › Dashboard Page › should show user information (566ms)
API login failed, falling back to UI login: apiRequestContext.post: connect ECONNREFUSED ::1:4000
Call log:
  - → POST http://localhost:4000/api/auth/login
    - user-agent: Mozilla/5.0 (Linux; Android 14; Pixel 7) AppleWebKit/537.36 (KHTML, like Gecko) Chrome/151.0.7922.34 Mobile Safari/537.36
    - accept: */*
    - accept-encoding: gzip,deflate,br
    - content-type: application/json
    - content-length: 53

    at AuthenticatedPage.loginViaApi (/home/tbaltzakis/cloudless.gr/e2e/helpers/page-helpers.ts:63:48)
    at /home/tbaltzakis/cloudless.gr/e2e/ui/pages/dashboard.spec.ts:21:20 {
  log: [
    '  - → POST http://localhost:4000/api/auth/login',
    '    - user-agent: Mozilla/5.0 (Linux; Android 14; Pixel 7) AppleWebKit/537.36 (KHTML, like Gecko) Chrome/151.0.7922.34 Mobile Safari/537.36',
    '    - accept: */*',
    '    - accept-encoding: gzip,deflate,br',
    '    - content-type: application/json',
    '    - content-length: 53'
  ],
  name: 'Error',
  Symbol(step): {
    location: {
      file: '/home/tbaltzakis/cloudless.gr/e2e/helpers/page-helpers.ts',
      line: 63,
      column: 48,
      function: 'AuthenticatedPage.loginViaApi'
    },
    category: 'pw:api',
    title: 'POST "/api/auth/login"',
    apiName: 'apiRequestContext.post',
    params: {
      url: '/api/auth/login',
      params: undefined,
      encodedParams: undefined,
      method: 'POST',
      headers: undefined,
      postData: undefined,
      jsonData: '{"email":"test@example.com","password":"password123"}',
      formData: undefined,
      multipartData: undefined,
      failOnStatusCode: undefined,
      ignoreHTTPSErrors: undefined,
      maxRedirects: undefined,
      maxRetries: undefined,
      __testHookLookup: undefined
    },
    group: undefined,
    stepId: 'pw:api@34',
    boxedStack: undefined,
    steps: [],
    attachmentIndices: [],
    info: TestStepInfoImpl {
      annotations: [],
      _testInfo: [TestInfoImpl],
      _stepId: 'pw:api@34',
      _title: 'POST "/api/auth/login"',
      _parentStep: [TestStepInfoImpl],
      skip: [Function (anonymous)]
    },
    complete: [Function: complete],
    endWallTime: 1786539901603,
    error: {
      message: 'Error: apiRequestContext.post: connect ECONNREFUSED ::1:4000\n' +
        'Call log:\n' +
        '\x1B[2m  - → POST http://localhost:4000/api/auth/login\x1B[22m\n' +
        '\x1B[2m    - user-agent: Mozilla/5.0 (Linux; Android 14; Pixel 7) AppleWebKit/537.36 (KHTML, like Gecko) Chrome/151.0.7922.34 Mobile Safari/537.36\x1B[22m\n' +
        '\x1B[2m    - accept: */*\x1B[22m\n' +
        '\x1B[2m    - accept-encoding: gzip,deflate,br\x1B[22m\n' +
        '\x1B[2m    - content-type: application/json\x1B[22m\n' +
        '\x1B[2m    - content-length: 53\x1B[22m\n',
      stack: 'Error: apiRequestContext.post: connect ECONNREFUSED ::1:4000\n' +
        'Call log:\n' +
        '\x1B[2m  - → POST http://localhost:4000/api/auth/login\x1B[22m\n' +
        '\x1B[2m    - user-agent: Mozilla/5.0 (Linux; Android 14; Pixel 7) AppleWebKit/537.36 (KHTML, like Gecko) Chrome/151.0.7922.34 Mobile Safari/537.36\x1B[22m\n' +
        '\x1B[2m    - accept: */*\x1B[22m\n' +
        '\x1B[2m    - accept-encoding: gzip,deflate,br\x1B[22m\n' +
        '\x1B[2m    - content-type: application/json\x1B[22m\n' +
        '\x1B[2m    - content-length: 53\x1B[22m\n' +
        '\n' +
        '    at apiRequestContext.post: connect ECONNREFUSED ::1:4000\n' +
        '    at AuthenticatedPage.loginViaApi (/home/tbaltzakis/cloudless.gr/e2e/helpers/page-helpers.ts:63:48)\n' +
        '    at /home/tbaltzakis/cloudless.gr/e2e/ui/pages/dashboard.spec.ts:21:20',
      cause: undefined
    }
  }
}
  ✘  6912 [mobile-chrome] › e2e/ui/pages/dashboard.spec.ts:26:7 › Dashboard Page › should load successfully (retry #1) (583ms)
API login failed, falling back to UI login: apiRequestContext.post: connect ECONNREFUSED ::1:4000
Call log:
  - → POST http://localhost:4000/api/auth/login
    - user-agent: Mozilla/5.0 (Linux; Android 14; Pixel 7) AppleWebKit/537.36 (KHTML, like Gecko) Chrome/151.0.7922.34 Mobile Safari/537.36
    - accept: */*
    - accept-encoding: gzip,deflate,br
    - content-type: application/json
    - content-length: 53

    at AuthenticatedPage.loginViaApi (/home/tbaltzakis/cloudless.gr/e2e/helpers/page-helpers.ts:63:48)
    at /home/tbaltzakis/cloudless.gr/e2e/ui/pages/dashboard.spec.ts:21:20 {
  log: [
    '  - → POST http://localhost:4000/api/auth/login',
    '    - user-agent: Mozilla/5.0 (Linux; Android 14; Pixel 7) AppleWebKit/537.36 (KHTML, like Gecko) Chrome/151.0.7922.34 Mobile Safari/537.36',
    '    - accept: */*',
    '    - accept-encoding: gzip,deflate,br',
    '    - content-type: application/json',
    '    - content-length: 53'
  ],
  name: 'Error',
  Symbol(step): {
    location: {
      file: '/home/tbaltzakis/cloudless.gr/e2e/helpers/page-helpers.ts',
      line: 63,
      column: 48,
      function: 'AuthenticatedPage.loginViaApi'
    },
    category: 'pw:api',
    title: 'POST "/api/auth/login"',
    apiName: 'apiRequestContext.post',
    params: {
      url: '/api/auth/login',
      params: undefined,
      encodedParams: undefined,
      method: 'POST',
      headers: undefined,
      postData: undefined,
      jsonData: '{"email":"test@example.com","password":"password123"}',
      formData: undefined,
      multipartData: undefined,
      failOnStatusCode: undefined,
      ignoreHTTPSErrors: undefined,
      maxRedirects: undefined,
      maxRetries: undefined,
      __testHookLookup: undefined
    },
    group: undefined,
    stepId: 'pw:api@34',
    boxedStack: undefined,
    steps: [],
    attachmentIndices: [],
    info: TestStepInfoImpl {
      annotations: [],
      _testInfo: [TestInfoImpl],
      _stepId: 'pw:api@34',
      _title: 'POST "/api/auth/login"',
      _parentStep: [TestStepInfoImpl],
      skip: [Function (anonymous)]
    },
    complete: [Function: complete],
    endWallTime: 1786539902024,
    error: {
      message: 'Error: apiRequestContext.post: connect ECONNREFUSED ::1:4000\n' +
        'Call log:\n' +
        '\x1B[2m  - → POST http://localhost:4000/api/auth/login\x1B[22m\n' +
        '\x1B[2m    - user-agent: Mozilla/5.0 (Linux; Android 14; Pixel 7) AppleWebKit/537.36 (KHTML, like Gecko) Chrome/151.0.7922.34 Mobile Safari/537.36\x1B[22m\n' +
        '\x1B[2m    - accept: */*\x1B[22m\n' +
        '\x1B[2m    - accept-encoding: gzip,deflate,br\x1B[22m\n' +
        '\x1B[2m    - content-type: application/json\x1B[22m\n' +
        '\x1B[2m    - content-length: 53\x1B[22m\n',
      stack: 'Error: apiRequestContext.post: connect ECONNREFUSED ::1:4000\n' +
        'Call log:\n' +
        '\x1B[2m  - → POST http://localhost:4000/api/auth/login\x1B[22m\n' +
        '\x1B[2m    - user-agent: Mozilla/5.0 (Linux; Android 14; Pixel 7) AppleWebKit/537.36 (KHTML, like Gecko) Chrome/151.0.7922.34 Mobile Safari/537.36\x1B[22m\n' +
        '\x1B[2m    - accept: */*\x1B[22m\n' +
        '\x1B[2m    - accept-encoding: gzip,deflate,br\x1B[22m\n' +
        '\x1B[2m    - content-type: application/json\x1B[22m\n' +
        '\x1B[2m    - content-length: 53\x1B[22m\n' +
        '\n' +
        '    at apiRequestContext.post: connect ECONNREFUSED ::1:4000\n' +
        '    at AuthenticatedPage.loginViaApi (/home/tbaltzakis/cloudless.gr/e2e/helpers/page-helpers.ts:63:48)\n' +
        '    at /home/tbaltzakis/cloudless.gr/e2e/ui/pages/dashboard.spec.ts:21:20',
      cause: undefined
    }
  }
}
  ✘  6913 [mobile-chrome] › e2e/ui/pages/dashboard.spec.ts:34:7 › Dashboard Page › should show user information (retry #1) (583ms)
API login failed, falling back to UI login: apiRequestContext.post: connect ECONNREFUSED ::1:4000
Call log:
  - → POST http://localhost:4000/api/auth/login
    - user-agent: Mozilla/5.0 (Linux; Android 14; Pixel 7) AppleWebKit/537.36 (KHTML, like Gecko) Chrome/151.0.7922.34 Mobile Safari/537.36
    - accept: */*
    - accept-encoding: gzip,deflate,br
    - content-type: application/json
    - content-length: 53

    at AuthenticatedPage.loginViaApi (/home/tbaltzakis/cloudless.gr/e2e/helpers/page-helpers.ts:63:48)
    at /home/tbaltzakis/cloudless.gr/e2e/ui/pages/dashboard.spec.ts:21:20 {
  log: [
    '  - → POST http://localhost:4000/api/auth/login',
    '    - user-agent: Mozilla/5.0 (Linux; Android 14; Pixel 7) AppleWebKit/537.36 (KHTML, like Gecko) Chrome/151.0.7922.34 Mobile Safari/537.36',
    '    - accept: */*',
    '    - accept-encoding: gzip,deflate,br',
    '    - content-type: application/json',
    '    - content-length: 53'
  ],
  name: 'Error',
  Symbol(step): {
    location: {
      file: '/home/tbaltzakis/cloudless.gr/e2e/helpers/page-helpers.ts',
      line: 63,
      column: 48,
      function: 'AuthenticatedPage.loginViaApi'
    },
    category: 'pw:api',
    title: 'POST "/api/auth/login"',
    apiName: 'apiRequestContext.post',
    params: {
      url: '/api/auth/login',
      params: undefined,
      encodedParams: undefined,
      method: 'POST',
      headers: undefined,
      postData: undefined,
      jsonData: '{"email":"test@example.com","password":"password123"}',
      formData: undefined,
      multipartData: undefined,
      failOnStatusCode: undefined,
      ignoreHTTPSErrors: undefined,
      maxRedirects: undefined,
      maxRetries: undefined,
      __testHookLookup: undefined
    },
    group: undefined,
    stepId: 'pw:api@34',
    boxedStack: undefined,
    steps: [],
    attachmentIndices: [],
    info: TestStepInfoImpl {
      annotations: [],
      _testInfo: [TestInfoImpl],
      _stepId: 'pw:api@34',
      _title: 'POST "/api/auth/login"',
      _parentStep: [TestStepInfoImpl],
      skip: [Function (anonymous)]
    },
    complete: [Function: complete],
    endWallTime: 1786539902613,
    error: {
      message: 'Error: apiRequestContext.post: connect ECONNREFUSED ::1:4000\n' +
        'Call log:\n' +
        '\x1B[2m  - → POST http://localhost:4000/api/auth/login\x1B[22m\n' +
        '\x1B[2m    - user-agent: Mozilla/5.0 (Linux; Android 14; Pixel 7) AppleWebKit/537.36 (KHTML, like Gecko) Chrome/151.0.7922.34 Mobile Safari/537.36\x1B[22m\n' +
        '\x1B[2m    - accept: */*\x1B[22m\n' +
        '\x1B[2m    - accept-encoding: gzip,deflate,br\x1B[22m\n' +
        '\x1B[2m    - content-type: application/json\x1B[22m\n' +
        '\x1B[2m    - content-length: 53\x1B[22m\n',
      stack: 'Error: apiRequestContext.post: connect ECONNREFUSED ::1:4000\n' +
        'Call log:\n' +
        '\x1B[2m  - → POST http://localhost:4000/api/auth/login\x1B[22m\n' +
        '\x1B[2m    - user-agent: Mozilla/5.0 (Linux; Android 14; Pixel 7) AppleWebKit/537.36 (KHTML, like Gecko) Chrome/151.0.7922.34 Mobile Safari/537.36\x1B[22m\n' +
        '\x1B[2m    - accept: */*\x1B[22m\n' +
        '\x1B[2m    - accept-encoding: gzip,deflate,br\x1B[22m\n' +
        '\x1B[2m    - content-type: application/json\x1B[22m\n' +
        '\x1B[2m    - content-length: 53\x1B[22m\n' +
        '\n' +
        '    at apiRequestContext.post: connect ECONNREFUSED ::1:4000\n' +
        '    at AuthenticatedPage.loginViaApi (/home/tbaltzakis/cloudless.gr/e2e/helpers/page-helpers.ts:63:48)\n' +
        '    at /home/tbaltzakis/cloudless.gr/e2e/ui/pages/dashboard.spec.ts:21:20',
      cause: undefined
    }
  }
}
  ✘  6914 [mobile-chrome] › e2e/ui/pages/dashboard.spec.ts:40:7 › Dashboard Page › should have navigation sidebar (561ms)
API login failed, falling back to UI login: apiRequestContext.post: connect ECONNREFUSED ::1:4000
Call log:
  - → POST http://localhost:4000/api/auth/login
    - user-agent: Mozilla/5.0 (Linux; Android 14; Pixel 7) AppleWebKit/537.36 (KHTML, like Gecko) Chrome/151.0.7922.34 Mobile Safari/537.36
    - accept: */*
    - accept-encoding: gzip,deflate,br
    - content-type: application/json
    - content-length: 53

    at AuthenticatedPage.loginViaApi (/home/tbaltzakis/cloudless.gr/e2e/helpers/page-helpers.ts:63:48)
    at /home/tbaltzakis/cloudless.gr/e2e/ui/pages/dashboard.spec.ts:21:20 {
  log: [
    '  - → POST http://localhost:4000/api/auth/login',
    '    - user-agent: Mozilla/5.0 (Linux; Android 14; Pixel 7) AppleWebKit/537.36 (KHTML, like Gecko) Chrome/151.0.7922.34 Mobile Safari/537.36',
    '    - accept: */*',
    '    - accept-encoding: gzip,deflate,br',
    '    - content-type: application/json',
    '    - content-length: 53'
  ],
  name: 'Error',
  Symbol(step): {
    location: {
      file: '/home/tbaltzakis/cloudless.gr/e2e/helpers/page-helpers.ts',
      line: 63,
      column: 48,
      function: 'AuthenticatedPage.loginViaApi'
    },
    category: 'pw:api',
    title: 'POST "/api/auth/login"',
    apiName: 'apiRequestContext.post',
    params: {
      url: '/api/auth/login',
      params: undefined,
      encodedParams: undefined,
      method: 'POST',
      headers: undefined,
      postData: undefined,
      jsonData: '{"email":"test@example.com","password":"password123"}',
      formData: undefined,
      multipartData: undefined,
      failOnStatusCode: undefined,
      ignoreHTTPSErrors: undefined,
      maxRedirects: undefined,
      maxRetries: undefined,
      __testHookLookup: undefined
    },
    group: undefined,
    stepId: 'pw:api@34',
    boxedStack: undefined,
    steps: [],
    attachmentIndices: [],
    info: TestStepInfoImpl {
      annotations: [],
      _testInfo: [TestInfoImpl],
      _stepId: 'pw:api@34',
      _title: 'POST "/api/auth/login"',
      _parentStep: [TestStepInfoImpl],
      skip: [Function (anonymous)]
    },
    complete: [Function: complete],
    endWallTime: 1786539903055,
    error: {
      message: 'Error: apiRequestContext.post: connect ECONNREFUSED ::1:4000\n' +
        'Call log:\n' +
        '\x1B[2m  - → POST http://localhost:4000/api/auth/login\x1B[22m\n' +
        '\x1B[2m    - user-agent: Mozilla/5.0 (Linux; Android 14; Pixel 7) AppleWebKit/537.36 (KHTML, like Gecko) Chrome/151.0.7922.34 Mobile Safari/537.36\x1B[22m\n' +
        '\x1B[2m    - accept: */*\x1B[22m\n' +
        '\x1B[2m    - accept-encoding: gzip,deflate,br\x1B[22m\n' +
        '\x1B[2m    - content-type: application/json\x1B[22m\n' +
        '\x1B[2m    - content-length: 53\x1B[22m\n',
      stack: 'Error: apiRequestContext.post: connect ECONNREFUSED ::1:4000\n' +
        'Call log:\n' +
        '\x1B[2m  - → POST http://localhost:4000/api/auth/login\x1B[22m\n' +
        '\x1B[2m    - user-agent: Mozilla/5.0 (Linux; Android 14; Pixel 7) AppleWebKit/537.36 (KHTML, like Gecko) Chrome/151.0.7922.34 Mobile Safari/537.36\x1B[22m\n' +
        '\x1B[2m    - accept: */*\x1B[22m\n' +
        '\x1B[2m    - accept-encoding: gzip,deflate,br\x1B[22m\n' +
        '\x1B[2m    - content-type: application/json\x1B[22m\n' +
        '\x1B[2m    - content-length: 53\x1B[22m\n' +
        '\n' +
        '    at apiRequestContext.post: connect ECONNREFUSED ::1:4000\n' +
        '    at AuthenticatedPage.loginViaApi (/home/tbaltzakis/cloudless.gr/e2e/helpers/page-helpers.ts:63:48)\n' +
        '    at /home/tbaltzakis/cloudless.gr/e2e/ui/pages/dashboard.spec.ts:21:20',
      cause: undefined
    }
  }
}
  ✘  6915 [mobile-chrome] › e2e/ui/pages/dashboard.spec.ts:51:7 › Dashboard Page › should have main content area (600ms)
API login failed, falling back to UI login: apiRequestContext.post: connect ECONNREFUSED ::1:4000
Call log:
  - → POST http://localhost:4000/api/auth/login
    - user-agent: Mozilla/5.0 (Linux; Android 14; Pixel 7) AppleWebKit/537.36 (KHTML, like Gecko) Chrome/151.0.7922.34 Mobile Safari/537.36
    - accept: */*
    - accept-encoding: gzip,deflate,br
    - content-type: application/json
    - content-length: 53

    at AuthenticatedPage.loginViaApi (/home/tbaltzakis/cloudless.gr/e2e/helpers/page-helpers.ts:63:48)
    at /home/tbaltzakis/cloudless.gr/e2e/ui/pages/dashboard.spec.ts:21:20 {
  log: [
    '  - → POST http://localhost:4000/api/auth/login',
    '    - user-agent: Mozilla/5.0 (Linux; Android 14; Pixel 7) AppleWebKit/537.36 (KHTML, like Gecko) Chrome/151.0.7922.34 Mobile Safari/537.36',
    '    - accept: */*',
    '    - accept-encoding: gzip,deflate,br',
    '    - content-type: application/json',
    '    - content-length: 53'
  ],
  name: 'Error',
  Symbol(step): {
    location: {
      file: '/home/tbaltzakis/cloudless.gr/e2e/helpers/page-helpers.ts',
      line: 63,
      column: 48,
      function: 'AuthenticatedPage.loginViaApi'
    },
    category: 'pw:api',
    title: 'POST "/api/auth/login"',
    apiName: 'apiRequestContext.post',
    params: {
      url: '/api/auth/login',
      params: undefined,
      encodedParams: undefined,
      method: 'POST',
      headers: undefined,
      postData: undefined,
      jsonData: '{"email":"test@example.com","password":"password123"}',
      formData: undefined,
      multipartData: undefined,
      failOnStatusCode: undefined,
      ignoreHTTPSErrors: undefined,
      maxRedirects: undefined,
      maxRetries: undefined,
      __testHookLookup: undefined
    },
    group: undefined,
    stepId: 'pw:api@34',
    boxedStack: undefined,
    steps: [],
    attachmentIndices: [],
    info: TestStepInfoImpl {
      annotations: [],
      _testInfo: [TestInfoImpl],
      _stepId: 'pw:api@34',
      _title: 'POST "/api/auth/login"',
      _parentStep: [TestStepInfoImpl],
      skip: [Function (anonymous)]
    },
    complete: [Function: complete],
    endWallTime: 1786539903623,
    error: {
      message: 'Error: apiRequestContext.post: connect ECONNREFUSED ::1:4000\n' +
        'Call log:\n' +
        '\x1B[2m  - → POST http://localhost:4000/api/auth/login\x1B[22m\n' +
        '\x1B[2m    - user-agent: Mozilla/5.0 (Linux; Android 14; Pixel 7) AppleWebKit/537.36 (KHTML, like Gecko) Chrome/151.0.7922.34 Mobile Safari/537.36\x1B[22m\n' +
        '\x1B[2m    - accept: */*\x1B[22m\n' +
        '\x1B[2m    - accept-encoding: gzip,deflate,br\x1B[22m\n' +
        '\x1B[2m    - content-type: application/json\x1B[22m\n' +
        '\x1B[2m    - content-length: 53\x1B[22m\n',
      stack: 'Error: apiRequestContext.post: connect ECONNREFUSED ::1:4000\n' +
        'Call log:\n' +
        '\x1B[2m  - → POST http://localhost:4000/api/auth/login\x1B[22m\n' +
        '\x1B[2m    - user-agent: Mozilla/5.0 (Linux; Android 14; Pixel 7) AppleWebKit/537.36 (KHTML, like Gecko) Chrome/151.0.7922.34 Mobile Safari/537.36\x1B[22m\n' +
        '\x1B[2m    - accept: */*\x1B[22m\n' +
        '\x1B[2m    - accept-encoding: gzip,deflate,br\x1B[22m\n' +
        '\x1B[2m    - content-type: application/json\x1B[22m\n' +
        '\x1B[2m    - content-length: 53\x1B[22m\n' +
        '\n' +
        '    at apiRequestContext.post: connect ECONNREFUSED ::1:4000\n' +
        '    at AuthenticatedPage.loginViaApi (/home/tbaltzakis/cloudless.gr/e2e/helpers/page-helpers.ts:63:48)\n' +
        '    at /home/tbaltzakis/cloudless.gr/e2e/ui/pages/dashboard.spec.ts:21:20',
      cause: undefined
    }
  }
}
  ✘  6916 [mobile-chrome] › e2e/ui/pages/dashboard.spec.ts:40:7 › Dashboard Page › should have navigation sidebar (retry #1) (584ms)
API login failed, falling back to UI login: apiRequestContext.post: connect ECONNREFUSED ::1:4000
Call log:
  - → POST http://localhost:4000/api/auth/login
    - user-agent: Mozilla/5.0 (Linux; Android 14; Pixel 7) AppleWebKit/537.36 (KHTML, like Gecko) Chrome/151.0.7922.34 Mobile Safari/537.36
    - accept: */*
    - accept-encoding: gzip,deflate,br
    - content-type: application/json
    - content-length: 53

    at AuthenticatedPage.loginViaApi (/home/tbaltzakis/cloudless.gr/e2e/helpers/page-helpers.ts:63:48)
    at /home/tbaltzakis/cloudless.gr/e2e/ui/pages/dashboard.spec.ts:21:20 {
  log: [
    '  - → POST http://localhost:4000/api/auth/login',
    '    - user-agent: Mozilla/5.0 (Linux; Android 14; Pixel 7) AppleWebKit/537.36 (KHTML, like Gecko) Chrome/151.0.7922.34 Mobile Safari/537.36',
    '    - accept: */*',
    '    - accept-encoding: gzip,deflate,br',
    '    - content-type: application/json',
    '    - content-length: 53'
  ],
  name: 'Error',
  Symbol(step): {
    location: {
      file: '/home/tbaltzakis/cloudless.gr/e2e/helpers/page-helpers.ts',
      line: 63,
      column: 48,
      function: 'AuthenticatedPage.loginViaApi'
    },
    category: 'pw:api',
    title: 'POST "/api/auth/login"',
    apiName: 'apiRequestContext.post',
    params: {
      url: '/api/auth/login',
      params: undefined,
      encodedParams: undefined,
      method: 'POST',
      headers: undefined,
      postData: undefined,
      jsonData: '{"email":"test@example.com","password":"password123"}',
      formData: undefined,
      multipartData: undefined,
      failOnStatusCode: undefined,
      ignoreHTTPSErrors: undefined,
      maxRedirects: undefined,
      maxRetries: undefined,
      __testHookLookup: undefined
    },
    group: undefined,
    stepId: 'pw:api@34',
    boxedStack: undefined,
    steps: [],
    attachmentIndices: [],
    info: TestStepInfoImpl {
      annotations: [],
      _testInfo: [TestInfoImpl],
      _stepId: 'pw:api@34',
      _title: 'POST "/api/auth/login"',
      _parentStep: [TestStepInfoImpl],
      skip: [Function (anonymous)]
    },
    complete: [Function: complete],
    endWallTime: 1786539904095,
    error: {
      message: 'Error: apiRequestContext.post: connect ECONNREFUSED ::1:4000\n' +
        'Call log:\n' +
        '\x1B[2m  - → POST http://localhost:4000/api/auth/login\x1B[22m\n' +
        '\x1B[2m    - user-agent: Mozilla/5.0 (Linux; Android 14; Pixel 7) AppleWebKit/537.36 (KHTML, like Gecko) Chrome/151.0.7922.34 Mobile Safari/537.36\x1B[22m\n' +
        '\x1B[2m    - accept: */*\x1B[22m\n' +
        '\x1B[2m    - accept-encoding: gzip,deflate,br\x1B[22m\n' +
        '\x1B[2m    - content-type: application/json\x1B[22m\n' +
        '\x1B[2m    - content-length: 53\x1B[22m\n',
      stack: 'Error: apiRequestContext.post: connect ECONNREFUSED ::1:4000\n' +
        'Call log:\n' +
        '\x1B[2m  - → POST http://localhost:4000/api/auth/login\x1B[22m\n' +
        '\x1B[2m    - user-agent: Mozilla/5.0 (Linux; Android 14; Pixel 7) AppleWebKit/537.36 (KHTML, like Gecko) Chrome/151.0.7922.34 Mobile Safari/537.36\x1B[22m\n' +
        '\x1B[2m    - accept: */*\x1B[22m\n' +
        '\x1B[2m    - accept-encoding: gzip,deflate,br\x1B[22m\n' +
        '\x1B[2m    - content-type: application/json\x1B[22m\n' +
        '\x1B[2m    - content-length: 53\x1B[22m\n' +
        '\n' +
        '    at apiRequestContext.post: connect ECONNREFUSED ::1:4000\n' +
        '    at AuthenticatedPage.loginViaApi (/home/tbaltzakis/cloudless.gr/e2e/helpers/page-helpers.ts:63:48)\n' +
        '    at /home/tbaltzakis/cloudless.gr/e2e/ui/pages/dashboard.spec.ts:21:20',
      cause: undefined
    }
  }
}
  ✘  6917 [mobile-chrome] › e2e/ui/pages/dashboard.spec.ts:51:7 › Dashboard Page › should have main content area (retry #1) (613ms)
API login failed, falling back to UI login: apiRequestContext.post: connect ECONNREFUSED ::1:4000
Call log:
  - → POST http://localhost:4000/api/auth/login
    - user-agent: Mozilla/5.0 (Linux; Android 14; Pixel 7) AppleWebKit/537.36 (KHTML, like Gecko) Chrome/151.0.7922.34 Mobile Safari/537.36
    - accept: */*
    - accept-encoding: gzip,deflate,br
    - content-type: application/json
    - content-length: 53

    at AuthenticatedPage.loginViaApi (/home/tbaltzakis/cloudless.gr/e2e/helpers/page-helpers.ts:63:48)
    at /home/tbaltzakis/cloudless.gr/e2e/ui/pages/dashboard.spec.ts:21:20 {
  log: [
    '  - → POST http://localhost:4000/api/auth/login',
    '    - user-agent: Mozilla/5.0 (Linux; Android 14; Pixel 7) AppleWebKit/537.36 (KHTML, like Gecko) Chrome/151.0.7922.34 Mobile Safari/537.36',
    '    - accept: */*',
    '    - accept-encoding: gzip,deflate,br',
    '    - content-type: application/json',
    '    - content-length: 53'
  ],
  name: 'Error',
  Symbol(step): {
    location: {
      file: '/home/tbaltzakis/cloudless.gr/e2e/helpers/page-helpers.ts',
      line: 63,
      column: 48,
      function: 'AuthenticatedPage.loginViaApi'
    },
    category: 'pw:api',
    title: 'POST "/api/auth/login"',
    apiName: 'apiRequestContext.post',
    params: {
      url: '/api/auth/login',
      params: undefined,
      encodedParams: undefined,
      method: 'POST',
      headers: undefined,
      postData: undefined,
      jsonData: '{"email":"test@example.com","password":"password123"}',
      formData: undefined,
      multipartData: undefined,
      failOnStatusCode: undefined,
      ignoreHTTPSErrors: undefined,
      maxRedirects: undefined,
      maxRetries: undefined,
      __testHookLookup: undefined
    },
    group: undefined,
    stepId: 'pw:api@34',
    boxedStack: undefined,
    steps: [],
    attachmentIndices: [],
    info: TestStepInfoImpl {
      annotations: [],
      _testInfo: [TestInfoImpl],
      _stepId: 'pw:api@34',
      _title: 'POST "/api/auth/login"',
      _parentStep: [TestStepInfoImpl],
      skip: [Function (anonymous)]
    },
    complete: [Function: complete],
    endWallTime: 1786539904692,
    error: {
      message: 'Error: apiRequestContext.post: connect ECONNREFUSED ::1:4000\n' +
        'Call log:\n' +
        '\x1B[2m  - → POST http://localhost:4000/api/auth/login\x1B[22m\n' +
        '\x1B[2m    - user-agent: Mozilla/5.0 (Linux; Android 14; Pixel 7) AppleWebKit/537.36 (KHTML, like Gecko) Chrome/151.0.7922.34 Mobile Safari/537.36\x1B[22m\n' +
        '\x1B[2m    - accept: */*\x1B[22m\n' +
        '\x1B[2m    - accept-encoding: gzip,deflate,br\x1B[22m\n' +
        '\x1B[2m    - content-type: application/json\x1B[22m\n' +
        '\x1B[2m    - content-length: 53\x1B[22m\n',
      stack: 'Error: apiRequestContext.post: connect ECONNREFUSED ::1:4000\n' +
        'Call log:\n' +
        '\x1B[2m  - → POST http://localhost:4000/api/auth/login\x1B[22m\n' +
        '\x1B[2m    - user-agent: Mozilla/5.0 (Linux; Android 14; Pixel 7) AppleWebKit/537.36 (KHTML, like Gecko) Chrome/151.0.7922.34 Mobile Safari/537.36\x1B[22m\n' +
        '\x1B[2m    - accept: */*\x1B[22m\n' +
        '\x1B[2m    - accept-encoding: gzip,deflate,br\x1B[22m\n' +
        '\x1B[2m    - content-type: application/json\x1B[22m\n' +
        '\x1B[2m    - content-length: 53\x1B[22m\n' +
        '\n' +
        '    at apiRequestContext.post: connect ECONNREFUSED ::1:4000\n' +
        '    at AuthenticatedPage.loginViaApi (/home/tbaltzakis/cloudless.gr/e2e/helpers/page-helpers.ts:63:48)\n' +
        '    at /home/tbaltzakis/cloudless.gr/e2e/ui/pages/dashboard.spec.ts:21:20',
      cause: undefined
    }
  }
}
  ✘  6918 [mobile-chrome] › e2e/ui/pages/dashboard.spec.ts:56:7 › Dashboard Page › should show overview widgets or cards (586ms)
API login failed, falling back to UI login: apiRequestContext.post: connect ECONNREFUSED ::1:4000
Call log:
  - → POST http://localhost:4000/api/auth/login
    - user-agent: Mozilla/5.0 (Linux; Android 14; Pixel 7) AppleWebKit/537.36 (KHTML, like Gecko) Chrome/151.0.7922.34 Mobile Safari/537.36
    - accept: */*
    - accept-encoding: gzip,deflate,br
    - content-type: application/json
    - content-length: 53

    at AuthenticatedPage.loginViaApi (/home/tbaltzakis/cloudless.gr/e2e/helpers/page-helpers.ts:63:48)
    at /home/tbaltzakis/cloudless.gr/e2e/ui/pages/dashboard.spec.ts:21:20 {
  log: [
    '  - → POST http://localhost:4000/api/auth/login',
    '    - user-agent: Mozilla/5.0 (Linux; Android 14; Pixel 7) AppleWebKit/537.36 (KHTML, like Gecko) Chrome/151.0.7922.34 Mobile Safari/537.36',
    '    - accept: */*',
    '    - accept-encoding: gzip,deflate,br',
    '    - content-type: application/json',
    '    - content-length: 53'
  ],
  name: 'Error',
  Symbol(step): {
    location: {
      file: '/home/tbaltzakis/cloudless.gr/e2e/helpers/page-helpers.ts',
      line: 63,
      column: 48,
      function: 'AuthenticatedPage.loginViaApi'
    },
    category: 'pw:api',
    title: 'POST "/api/auth/login"',
    apiName: 'apiRequestContext.post',
    params: {
      url: '/api/auth/login',
      params: undefined,
      encodedParams: undefined,
      method: 'POST',
      headers: undefined,
      postData: undefined,
      jsonData: '{"email":"test@example.com","password":"password123"}',
      formData: undefined,
      multipartData: undefined,
      failOnStatusCode: undefined,
      ignoreHTTPSErrors: undefined,
      maxRedirects: undefined,
      maxRetries: undefined,
      __testHookLookup: undefined
    },
    group: undefined,
    stepId: 'pw:api@34',
    boxedStack: undefined,
    steps: [],
    attachmentIndices: [],
    info: TestStepInfoImpl {
      annotations: [],
      _testInfo: [TestInfoImpl],
      _stepId: 'pw:api@34',
      _title: 'POST "/api/auth/login"',
      _parentStep: [TestStepInfoImpl],
      skip: [Function (anonymous)]
    },
    complete: [Function: complete],
    endWallTime: 1786539905145,
    error: {
      message: 'Error: apiRequestContext.post: connect ECONNREFUSED ::1:4000\n' +
        'Call log:\n' +
        '\x1B[2m  - → POST http://localhost:4000/api/auth/login\x1B[22m\n' +
        '\x1B[2m    - user-agent: Mozilla/5.0 (Linux; Android 14; Pixel 7) AppleWebKit/537.36 (KHTML, like Gecko) Chrome/151.0.7922.34 Mobile Safari/537.36\x1B[22m\n' +
        '\x1B[2m    - accept: */*\x1B[22m\n' +
        '\x1B[2m    - accept-encoding: gzip,deflate,br\x1B[22m\n' +
        '\x1B[2m    - content-type: application/json\x1B[22m\n' +
        '\x1B[2m    - content-length: 53\x1B[22m\n',
      stack: 'Error: apiRequestContext.post: connect ECONNREFUSED ::1:4000\n' +
        'Call log:\n' +
        '\x1B[2m  - → POST http://localhost:4000/api/auth/login\x1B[22m\n' +
        '\x1B[2m    - user-agent: Mozilla/5.0 (Linux; Android 14; Pixel 7) AppleWebKit/537.36 (KHTML, like Gecko) Chrome/151.0.7922.34 Mobile Safari/537.36\x1B[22m\n' +
        '\x1B[2m    - accept: */*\x1B[22m\n' +
        '\x1B[2m    - accept-encoding: gzip,deflate,br\x1B[22m\n' +
        '\x1B[2m    - content-type: application/json\x1B[22m\n' +
        '\x1B[2m    - content-length: 53\x1B[22m\n' +
        '\n' +
        '    at apiRequestContext.post: connect ECONNREFUSED ::1:4000\n' +
        '    at AuthenticatedPage.loginViaApi (/home/tbaltzakis/cloudless.gr/e2e/helpers/page-helpers.ts:63:48)\n' +
        '    at /home/tbaltzakis/cloudless.gr/e2e/ui/pages/dashboard.spec.ts:21:20',
      cause: undefined
    }
  }
}
  ✘  6919 [mobile-chrome] › e2e/ui/pages/dashboard.spec.ts:74:7 › Dashboard Page › should show recent activity or orders (572ms)
API login failed, falling back to UI login: apiRequestContext.post: connect ECONNREFUSED ::1:4000
Call log:
  - → POST http://localhost:4000/api/auth/login
    - user-agent: Mozilla/5.0 (Linux; Android 14; Pixel 7) AppleWebKit/537.36 (KHTML, like Gecko) Chrome/151.0.7922.34 Mobile Safari/537.36
    - accept: */*
    - accept-encoding: gzip,deflate,br
    - content-type: application/json
    - content-length: 53

    at AuthenticatedPage.loginViaApi (/home/tbaltzakis/cloudless.gr/e2e/helpers/page-helpers.ts:63:48)
    at /home/tbaltzakis/cloudless.gr/e2e/ui/pages/dashboard.spec.ts:21:20 {
  log: [
    '  - → POST http://localhost:4000/api/auth/login',
    '    - user-agent: Mozilla/5.0 (Linux; Android 14; Pixel 7) AppleWebKit/537.36 (KHTML, like Gecko) Chrome/151.0.7922.34 Mobile Safari/537.36',
    '    - accept: */*',
    '    - accept-encoding: gzip,deflate,br',
    '    - content-type: application/json',
    '    - content-length: 53'
  ],
  name: 'Error',
  Symbol(step): {
    location: {
      file: '/home/tbaltzakis/cloudless.gr/e2e/helpers/page-helpers.ts',
      line: 63,
      column: 48,
      function: 'AuthenticatedPage.loginViaApi'
    },
    category: 'pw:api',
    title: 'POST "/api/auth/login"',
    apiName: 'apiRequestContext.post',
    params: {
      url: '/api/auth/login',
      params: undefined,
      encodedParams: undefined,
      method: 'POST',
      headers: undefined,
      postData: undefined,
      jsonData: '{"email":"test@example.com","password":"password123"}',
      formData: undefined,
      multipartData: undefined,
      failOnStatusCode: undefined,
      ignoreHTTPSErrors: undefined,
      maxRedirects: undefined,
      maxRetries: undefined,
      __testHookLookup: undefined
    },
    group: undefined,
    stepId: 'pw:api@34',
    boxedStack: undefined,
    steps: [],
    attachmentIndices: [],
    info: TestStepInfoImpl {
      annotations: [],
      _testInfo: [TestInfoImpl],
      _stepId: 'pw:api@34',
      _title: 'POST "/api/auth/login"',
      _parentStep: [TestStepInfoImpl],
      skip: [Function (anonymous)]
    },
    complete: [Function: complete],
    endWallTime: 1786539905702,
    error: {
      message: 'Error: apiRequestContext.post: connect ECONNREFUSED ::1:4000\n' +
        'Call log:\n' +
        '\x1B[2m  - → POST http://localhost:4000/api/auth/login\x1B[22m\n' +
        '\x1B[2m    - user-agent: Mozilla/5.0 (Linux; Android 14; Pixel 7) AppleWebKit/537.36 (KHTML, like Gecko) Chrome/151.0.7922.34 Mobile Safari/537.36\x1B[22m\n' +
        '\x1B[2m    - accept: */*\x1B[22m\n' +
        '\x1B[2m    - accept-encoding: gzip,deflate,br\x1B[22m\n' +
        '\x1B[2m    - content-type: application/json\x1B[22m\n' +
        '\x1B[2m    - content-length: 53\x1B[22m\n',
      stack: 'Error: apiRequestContext.post: connect ECONNREFUSED ::1:4000\n' +
        'Call log:\n' +
        '\x1B[2m  - → POST http://localhost:4000/api/auth/login\x1B[22m\n' +
        '\x1B[2m    - user-agent: Mozilla/5.0 (Linux; Android 14; Pixel 7) AppleWebKit/537.36 (KHTML, like Gecko) Chrome/151.0.7922.34 Mobile Safari/537.36\x1B[22m\n' +
        '\x1B[2m    - accept: */*\x1B[22m\n' +
        '\x1B[2m    - accept-encoding: gzip,deflate,br\x1B[22m\n' +
        '\x1B[2m    - content-type: application/json\x1B[22m\n' +
        '\x1B[2m    - content-length: 53\x1B[22m\n' +
        '\n' +
        '    at apiRequestContext.post: connect ECONNREFUSED ::1:4000\n' +
        '    at AuthenticatedPage.loginViaApi (/home/tbaltzakis/cloudless.gr/e2e/helpers/page-helpers.ts:63:48)\n' +
        '    at /home/tbaltzakis/cloudless.gr/e2e/ui/pages/dashboard.spec.ts:21:20',
      cause: undefined
    }
  }
}
  ✘  6920 [mobile-chrome] › e2e/ui/pages/dashboard.spec.ts:56:7 › Dashboard Page › should show overview widgets or cards (retry #1) (594ms)
API login failed, falling back to UI login: apiRequestContext.post: connect ECONNREFUSED ::1:4000
Call log:
  - → POST http://localhost:4000/api/auth/login
    - user-agent: Mozilla/5.0 (Linux; Android 14; Pixel 7) AppleWebKit/537.36 (KHTML, like Gecko) Chrome/151.0.7922.34 Mobile Safari/537.36
    - accept: */*
    - accept-encoding: gzip,deflate,br
    - content-type: application/json
    - content-length: 53

    at AuthenticatedPage.loginViaApi (/home/tbaltzakis/cloudless.gr/e2e/helpers/page-helpers.ts:63:48)
    at /home/tbaltzakis/cloudless.gr/e2e/ui/pages/dashboard.spec.ts:21:20 {
  log: [
    '  - → POST http://localhost:4000/api/auth/login',
    '    - user-agent: Mozilla/5.0 (Linux; Android 14; Pixel 7) AppleWebKit/537.36 (KHTML, like Gecko) Chrome/151.0.7922.34 Mobile Safari/537.36',
    '    - accept: */*',
    '    - accept-encoding: gzip,deflate,br',
    '    - content-type: application/json',
    '    - content-length: 53'
  ],
  name: 'Error',
  Symbol(step): {
    location: {
      file: '/home/tbaltzakis/cloudless.gr/e2e/helpers/page-helpers.ts',
      line: 63,
      column: 48,
      function: 'AuthenticatedPage.loginViaApi'
    },
    category: 'pw:api',
    title: 'POST "/api/auth/login"',
    apiName: 'apiRequestContext.post',
    params: {
      url: '/api/auth/login',
      params: undefined,
      encodedParams: undefined,
      method: 'POST',
      headers: undefined,
      postData: undefined,
      jsonData: '{"email":"test@example.com","password":"password123"}',
      formData: undefined,
      multipartData: undefined,
      failOnStatusCode: undefined,
      ignoreHTTPSErrors: undefined,
      maxRedirects: undefined,
      maxRetries: undefined,
      __testHookLookup: undefined
    },
    group: undefined,
    stepId: 'pw:api@34',
    boxedStack: undefined,
    steps: [],
    attachmentIndices: [],
    info: TestStepInfoImpl {
      annotations: [],
      _testInfo: [TestInfoImpl],
      _stepId: 'pw:api@34',
      _title: 'POST "/api/auth/login"',
      _parentStep: [TestStepInfoImpl],
      skip: [Function (anonymous)]
    },
    complete: [Function: complete],
    endWallTime: 1786539906124,
    error: {
      message: 'Error: apiRequestContext.post: connect ECONNREFUSED ::1:4000\n' +
        'Call log:\n' +
        '\x1B[2m  - → POST http://localhost:4000/api/auth/login\x1B[22m\n' +
        '\x1B[2m    - user-agent: Mozilla/5.0 (Linux; Android 14; Pixel 7) AppleWebKit/537.36 (KHTML, like Gecko) Chrome/151.0.7922.34 Mobile Safari/537.36\x1B[22m\n' +
        '\x1B[2m    - accept: */*\x1B[22m\n' +
        '\x1B[2m    - accept-encoding: gzip,deflate,br\x1B[22m\n' +
        '\x1B[2m    - content-type: application/json\x1B[22m\n' +
        '\x1B[2m    - content-length: 53\x1B[22m\n',
      stack: 'Error: apiRequestContext.post: connect ECONNREFUSED ::1:4000\n' +
        'Call log:\n' +
        '\x1B[2m  - → POST http://localhost:4000/api/auth/login\x1B[22m\n' +
        '\x1B[2m    - user-agent: Mozilla/5.0 (Linux; Android 14; Pixel 7) AppleWebKit/537.36 (KHTML, like Gecko) Chrome/151.0.7922.34 Mobile Safari/537.36\x1B[22m\n' +
        '\x1B[2m    - accept: */*\x1B[22m\n' +
        '\x1B[2m    - accept-encoding: gzip,deflate,br\x1B[22m\n' +
        '\x1B[2m    - content-type: application/json\x1B[22m\n' +
        '\x1B[2m    - content-length: 53\x1B[22m\n' +
        '\n' +
        '    at apiRequestContext.post: connect ECONNREFUSED ::1:4000\n' +
        '    at AuthenticatedPage.loginViaApi (/home/tbaltzakis/cloudless.gr/e2e/helpers/page-helpers.ts:63:48)\n' +
        '    at /home/tbaltzakis/cloudless.gr/e2e/ui/pages/dashboard.spec.ts:21:20',
      cause: undefined
    }
  }
}
  ✘  6921 [mobile-chrome] › e2e/ui/pages/dashboard.spec.ts:74:7 › Dashboard Page › should show recent activity or orders (retry #1) (592ms)
API login failed, falling back to UI login: apiRequestContext.post: connect ECONNREFUSED ::1:4000
Call log:
  - → POST http://localhost:4000/api/auth/login
    - user-agent: Mozilla/5.0 (Linux; Android 14; Pixel 7) AppleWebKit/537.36 (KHTML, like Gecko) Chrome/151.0.7922.34 Mobile Safari/537.36
    - accept: */*
    - accept-encoding: gzip,deflate,br
    - content-type: application/json
    - content-length: 53

    at AuthenticatedPage.loginViaApi (/home/tbaltzakis/cloudless.gr/e2e/helpers/page-helpers.ts:63:48)
    at /home/tbaltzakis/cloudless.gr/e2e/ui/pages/dashboard.spec.ts:21:20 {
  log: [
    '  - → POST http://localhost:4000/api/auth/login',
    '    - user-agent: Mozilla/5.0 (Linux; Android 14; Pixel 7) AppleWebKit/537.36 (KHTML, like Gecko) Chrome/151.0.7922.34 Mobile Safari/537.36',
    '    - accept: */*',
    '    - accept-encoding: gzip,deflate,br',
    '    - content-type: application/json',
    '    - content-length: 53'
  ],
  name: 'Error',
  Symbol(step): {
    location: {
      file: '/home/tbaltzakis/cloudless.gr/e2e/helpers/page-helpers.ts',
      line: 63,
      column: 48,
      function: 'AuthenticatedPage.loginViaApi'
    },
    category: 'pw:api',
    title: 'POST "/api/auth/login"',
    apiName: 'apiRequestContext.post',
    params: {
      url: '/api/auth/login',
      params: undefined,
      encodedParams: undefined,
      method: 'POST',
      headers: undefined,
      postData: undefined,
      jsonData: '{"email":"test@example.com","password":"password123"}',
      formData: undefined,
      multipartData: undefined,
      failOnStatusCode: undefined,
      ignoreHTTPSErrors: undefined,
      maxRedirects: undefined,
      maxRetries: undefined,
      __testHookLookup: undefined
    },
    group: undefined,
    stepId: 'pw:api@34',
    boxedStack: undefined,
    steps: [],
    attachmentIndices: [],
    info: TestStepInfoImpl {
      annotations: [],
      _testInfo: [TestInfoImpl],
      _stepId: 'pw:api@34',
      _title: 'POST "/api/auth/login"',
      _parentStep: [TestStepInfoImpl],
      skip: [Function (anonymous)]
    },
    complete: [Function: complete],
    endWallTime: 1786539906738,
    error: {
      message: 'Error: apiRequestContext.post: connect ECONNREFUSED ::1:4000\n' +
        'Call log:\n' +
        '\x1B[2m  - → POST http://localhost:4000/api/auth/login\x1B[22m\n' +
        '\x1B[2m    - user-agent: Mozilla/5.0 (Linux; Android 14; Pixel 7) AppleWebKit/537.36 (KHTML, like Gecko) Chrome/151.0.7922.34 Mobile Safari/537.36\x1B[22m\n' +
        '\x1B[2m    - accept: */*\x1B[22m\n' +
        '\x1B[2m    - accept-encoding: gzip,deflate,br\x1B[22m\n' +
        '\x1B[2m    - content-type: application/json\x1B[22m\n' +
        '\x1B[2m    - content-length: 53\x1B[22m\n',
      stack: 'Error: apiRequestContext.post: connect ECONNREFUSED ::1:4000\n' +
        'Call log:\n' +
        '\x1B[2m  - → POST http://localhost:4000/api/auth/login\x1B[22m\n' +
        '\x1B[2m    - user-agent: Mozilla/5.0 (Linux; Android 14; Pixel 7) AppleWebKit/537.36 (KHTML, like Gecko) Chrome/151.0.7922.34 Mobile Safari/537.36\x1B[22m\n' +
        '\x1B[2m    - accept: */*\x1B[22m\n' +
        '\x1B[2m    - accept-encoding: gzip,deflate,br\x1B[22m\n' +
        '\x1B[2m    - content-type: application/json\x1B[22m\n' +
        '\x1B[2m    - content-length: 53\x1B[22m\n' +
        '\n' +
        '    at apiRequestContext.post: connect ECONNREFUSED ::1:4000\n' +
        '    at AuthenticatedPage.loginViaApi (/home/tbaltzakis/cloudless.gr/e2e/helpers/page-helpers.ts:63:48)\n' +
        '    at /home/tbaltzakis/cloudless.gr/e2e/ui/pages/dashboard.spec.ts:21:20',
      cause: undefined
    }
  }
}
  ✘  6922 [mobile-chrome] › e2e/ui/pages/dashboard.spec.ts:90:9 › Dashboard Page › Navigation › should navigate to homepage (560ms)
API login failed, falling back to UI login: apiRequestContext.post: connect ECONNREFUSED ::1:4000
Call log:
  - → POST http://localhost:4000/api/auth/login
    - user-agent: Mozilla/5.0 (Linux; Android 14; Pixel 7) AppleWebKit/537.36 (KHTML, like Gecko) Chrome/151.0.7922.34 Mobile Safari/537.36
    - accept: */*
    - accept-encoding: gzip,deflate,br
    - content-type: application/json
    - content-length: 53

    at AuthenticatedPage.loginViaApi (/home/tbaltzakis/cloudless.gr/e2e/helpers/page-helpers.ts:63:48)
    at /home/tbaltzakis/cloudless.gr/e2e/ui/pages/dashboard.spec.ts:21:20 {
  log: [
    '  - → POST http://localhost:4000/api/auth/login',
    '    - user-agent: Mozilla/5.0 (Linux; Android 14; Pixel 7) AppleWebKit/537.36 (KHTML, like Gecko) Chrome/151.0.7922.34 Mobile Safari/537.36',
    '    - accept: */*',
    '    - accept-encoding: gzip,deflate,br',
    '    - content-type: application/json',
    '    - content-length: 53'
  ],
  name: 'Error',
  Symbol(step): {
    location: {
      file: '/home/tbaltzakis/cloudless.gr/e2e/helpers/page-helpers.ts',
      line: 63,
      column: 48,
      function: 'AuthenticatedPage.loginViaApi'
    },
    category: 'pw:api',
    title: 'POST "/api/auth/login"',
    apiName: 'apiRequestContext.post',
    params: {
      url: '/api/auth/login',
      params: undefined,
      encodedParams: undefined,
      method: 'POST',
      headers: undefined,
      postData: undefined,
      jsonData: '{"email":"test@example.com","password":"password123"}',
      formData: undefined,
      multipartData: undefined,
      failOnStatusCode: undefined,
      ignoreHTTPSErrors: undefined,
      maxRedirects: undefined,
      maxRetries: undefined,
      __testHookLookup: undefined
    },
    group: undefined,
    stepId: 'pw:api@34',
    boxedStack: undefined,
    steps: [],
    attachmentIndices: [],
    info: TestStepInfoImpl {
      annotations: [],
      _testInfo: [TestInfoImpl],
      _stepId: 'pw:api@34',
      _title: 'POST "/api/auth/login"',
      _parentStep: [TestStepInfoImpl],
      skip: [Function (anonymous)]
    },
    complete: [Function: complete],
    endWallTime: 1786539907162,
    error: {
      message: 'Error: apiRequestContext.post: connect ECONNREFUSED ::1:4000\n' +
        'Call log:\n' +
        '\x1B[2m  - → POST http://localhost:4000/api/auth/login\x1B[22m\n' +
        '\x1B[2m    - user-agent: Mozilla/5.0 (Linux; Android 14; Pixel 7) AppleWebKit/537.36 (KHTML, like Gecko) Chrome/151.0.7922.34 Mobile Safari/537.36\x1B[22m\n' +
        '\x1B[2m    - accept: */*\x1B[22m\n' +
        '\x1B[2m    - accept-encoding: gzip,deflate,br\x1B[22m\n' +
        '\x1B[2m    - content-type: application/json\x1B[22m\n' +
        '\x1B[2m    - content-length: 53\x1B[22m\n',
      stack: 'Error: apiRequestContext.post: connect ECONNREFUSED ::1:4000\n' +
        'Call log:\n' +
        '\x1B[2m  - → POST http://localhost:4000/api/auth/login\x1B[22m\n' +
        '\x1B[2m    - user-agent: Mozilla/5.0 (Linux; Android 14; Pixel 7) AppleWebKit/537.36 (KHTML, like Gecko) Chrome/151.0.7922.34 Mobile Safari/537.36\x1B[22m\n' +
        '\x1B[2m    - accept: */*\x1B[22m\n' +
        '\x1B[2m    - accept-encoding: gzip,deflate,br\x1B[22m\n' +
        '\x1B[2m    - content-type: application/json\x1B[22m\n' +
        '\x1B[2m    - content-length: 53\x1B[22m\n' +
        '\n' +
        '    at apiRequestContext.post: connect ECONNREFUSED ::1:4000\n' +
        '    at AuthenticatedPage.loginViaApi (/home/tbaltzakis/cloudless.gr/e2e/helpers/page-helpers.ts:63:48)\n' +
        '    at /home/tbaltzakis/cloudless.gr/e2e/ui/pages/dashboard.spec.ts:21:20',
      cause: undefined
    }
  }
}
  ✘  6923 [mobile-chrome] › e2e/ui/pages/dashboard.spec.ts:98:9 › Dashboard Page › Navigation › should navigate to services (566ms)
API login failed, falling back to UI login: apiRequestContext.post: connect ECONNREFUSED ::1:4000
Call log:
  - → POST http://localhost:4000/api/auth/login
    - user-agent: Mozilla/5.0 (Linux; Android 14; Pixel 7) AppleWebKit/537.36 (KHTML, like Gecko) Chrome/151.0.7922.34 Mobile Safari/537.36
    - accept: */*
    - accept-encoding: gzip,deflate,br
    - content-type: application/json
    - content-length: 53

    at AuthenticatedPage.loginViaApi (/home/tbaltzakis/cloudless.gr/e2e/helpers/page-helpers.ts:63:48)
    at /home/tbaltzakis/cloudless.gr/e2e/ui/pages/dashboard.spec.ts:21:20 {
  log: [
    '  - → POST http://localhost:4000/api/auth/login',
    '    - user-agent: Mozilla/5.0 (Linux; Android 14; Pixel 7) AppleWebKit/537.36 (KHTML, like Gecko) Chrome/151.0.7922.34 Mobile Safari/537.36',
    '    - accept: */*',
    '    - accept-encoding: gzip,deflate,br',
    '    - content-type: application/json',
    '    - content-length: 53'
  ],
  name: 'Error',
  Symbol(step): {
    location: {
      file: '/home/tbaltzakis/cloudless.gr/e2e/helpers/page-helpers.ts',
      line: 63,
      column: 48,
      function: 'AuthenticatedPage.loginViaApi'
    },
    category: 'pw:api',
    title: 'POST "/api/auth/login"',
    apiName: 'apiRequestContext.post',
    params: {
      url: '/api/auth/login',
      params: undefined,
      encodedParams: undefined,
      method: 'POST',
      headers: undefined,
      postData: undefined,
      jsonData: '{"email":"test@example.com","password":"password123"}',
      formData: undefined,
      multipartData: undefined,
      failOnStatusCode: undefined,
      ignoreHTTPSErrors: undefined,
      maxRedirects: undefined,
      maxRetries: undefined,
      __testHookLookup: undefined
    },
    group: undefined,
    stepId: 'pw:api@34',
    boxedStack: undefined,
    steps: [],
    attachmentIndices: [],
    info: TestStepInfoImpl {
      annotations: [],
      _testInfo: [TestInfoImpl],
      _stepId: 'pw:api@34',
      _title: 'POST "/api/auth/login"',
      _parentStep: [TestStepInfoImpl],
      skip: [Function (anonymous)]
    },
    complete: [Function: complete],
    endWallTime: 1786539907746,
    error: {
      message: 'Error: apiRequestContext.post: connect ECONNREFUSED ::1:4000\n' +
        'Call log:\n' +
        '\x1B[2m  - → POST http://localhost:4000/api/auth/login\x1B[22m\n' +
        '\x1B[2m    - user-agent: Mozilla/5.0 (Linux; Android 14; Pixel 7) AppleWebKit/537.36 (KHTML, like Gecko) Chrome/151.0.7922.34 Mobile Safari/537.36\x1B[22m\n' +
        '\x1B[2m    - accept: */*\x1B[22m\n' +
        '\x1B[2m    - accept-encoding: gzip,deflate,br\x1B[22m\n' +
        '\x1B[2m    - content-type: application/json\x1B[22m\n' +
        '\x1B[2m    - content-length: 53\x1B[22m\n',
      stack: 'Error: apiRequestContext.post: connect ECONNREFUSED ::1:4000\n' +
        'Call log:\n' +
        '\x1B[2m  - → POST http://localhost:4000/api/auth/login\x1B[22m\n' +
        '\x1B[2m    - user-agent: Mozilla/5.0 (Linux; Android 14; Pixel 7) AppleWebKit/537.36 (KHTML, like Gecko) Chrome/151.0.7922.34 Mobile Safari/537.36\x1B[22m\n' +
        '\x1B[2m    - accept: */*\x1B[22m\n' +
        '\x1B[2m    - accept-encoding: gzip,deflate,br\x1B[22m\n' +
        '\x1B[2m    - content-type: application/json\x1B[22m\n' +
        '\x1B[2m    - content-length: 53\x1B[22m\n' +
        '\n' +
        '    at apiRequestContext.post: connect ECONNREFUSED ::1:4000\n' +
        '    at AuthenticatedPage.loginViaApi (/home/tbaltzakis/cloudless.gr/e2e/helpers/page-helpers.ts:63:48)\n' +
        '    at /home/tbaltzakis/cloudless.gr/e2e/ui/pages/dashboard.spec.ts:21:20',
      cause: undefined
    }
  }
}
  ✘  6924 [mobile-chrome] › e2e/ui/pages/dashboard.spec.ts:90:9 › Dashboard Page › Navigation › should navigate to homepage (retry #1) (592ms)
API login failed, falling back to UI login: apiRequestContext.post: connect ECONNREFUSED ::1:4000
Call log:
  - → POST http://localhost:4000/api/auth/login
    - user-agent: Mozilla/5.0 (Linux; Android 14; Pixel 7) AppleWebKit/537.36 (KHTML, like Gecko) Chrome/151.0.7922.34 Mobile Safari/537.36
    - accept: */*
    - accept-encoding: gzip,deflate,br
    - content-type: application/json
    - content-length: 53

    at AuthenticatedPage.loginViaApi (/home/tbaltzakis/cloudless.gr/e2e/helpers/page-helpers.ts:63:48)
    at /home/tbaltzakis/cloudless.gr/e2e/ui/pages/dashboard.spec.ts:21:20 {
  log: [
    '  - → POST http://localhost:4000/api/auth/login',
    '    - user-agent: Mozilla/5.0 (Linux; Android 14; Pixel 7) AppleWebKit/537.36 (KHTML, like Gecko) Chrome/151.0.7922.34 Mobile Safari/537.36',
    '    - accept: */*',
    '    - accept-encoding: gzip,deflate,br',
    '    - content-type: application/json',
    '    - content-length: 53'
  ],
  name: 'Error',
  Symbol(step): {
    location: {
      file: '/home/tbaltzakis/cloudless.gr/e2e/helpers/page-helpers.ts',
      line: 63,
      column: 48,
      function: 'AuthenticatedPage.loginViaApi'
    },
    category: 'pw:api',
    title: 'POST "/api/auth/login"',
    apiName: 'apiRequestContext.post',
    params: {
      url: '/api/auth/login',
      params: undefined,
      encodedParams: undefined,
      method: 'POST',
      headers: undefined,
      postData: undefined,
      jsonData: '{"email":"test@example.com","password":"password123"}',
      formData: undefined,
      multipartData: undefined,
      failOnStatusCode: undefined,
      ignoreHTTPSErrors: undefined,
      maxRedirects: undefined,
      maxRetries: undefined,
      __testHookLookup: undefined
    },
    group: undefined,
    stepId: 'pw:api@34',
    boxedStack: undefined,
    steps: [],
    attachmentIndices: [],
    info: TestStepInfoImpl {
      annotations: [],
      _testInfo: [TestInfoImpl],
      _stepId: 'pw:api@34',
      _title: 'POST "/api/auth/login"',
      _parentStep: [TestStepInfoImpl],
      skip: [Function (anonymous)]
    },
    complete: [Function: complete],
    endWallTime: 1786539908154,
    error: {
      message: 'Error: apiRequestContext.post: connect ECONNREFUSED ::1:4000\n' +
        'Call log:\n' +
        '\x1B[2m  - → POST http://localhost:4000/api/auth/login\x1B[22m\n' +
        '\x1B[2m    - user-agent: Mozilla/5.0 (Linux; Android 14; Pixel 7) AppleWebKit/537.36 (KHTML, like Gecko) Chrome/151.0.7922.34 Mobile Safari/537.36\x1B[22m\n' +
        '\x1B[2m    - accept: */*\x1B[22m\n' +
        '\x1B[2m    - accept-encoding: gzip,deflate,br\x1B[22m\n' +
        '\x1B[2m    - content-type: application/json\x1B[22m\n' +
        '\x1B[2m    - content-length: 53\x1B[22m\n',
      stack: 'Error: apiRequestContext.post: connect ECONNREFUSED ::1:4000\n' +
        'Call log:\n' +
        '\x1B[2m  - → POST http://localhost:4000/api/auth/login\x1B[22m\n' +
        '\x1B[2m    - user-agent: Mozilla/5.0 (Linux; Android 14; Pixel 7) AppleWebKit/537.36 (KHTML, like Gecko) Chrome/151.0.7922.34 Mobile Safari/537.36\x1B[22m\n' +
        '\x1B[2m    - accept: */*\x1B[22m\n' +
        '\x1B[2m    - accept-encoding: gzip,deflate,br\x1B[22m\n' +
        '\x1B[2m    - content-type: application/json\x1B[22m\n' +
        '\x1B[2m    - content-length: 53\x1B[22m\n' +
        '\n' +
        '    at apiRequestContext.post: connect ECONNREFUSED ::1:4000\n' +
        '    at AuthenticatedPage.loginViaApi (/home/tbaltzakis/cloudless.gr/e2e/helpers/page-helpers.ts:63:48)\n' +
        '    at /home/tbaltzakis/cloudless.gr/e2e/ui/pages/dashboard.spec.ts:21:20',
      cause: undefined
    }
  }
}
  ✘  6925 [mobile-chrome] › e2e/ui/pages/dashboard.spec.ts:98:9 › Dashboard Page › Navigation › should navigate to services (retry #1) (592ms)
API login failed, falling back to UI login: apiRequestContext.post: connect ECONNREFUSED ::1:4000
Call log:
  - → POST http://localhost:4000/api/auth/login
    - user-agent: Mozilla/5.0 (Linux; Android 14; Pixel 7) AppleWebKit/537.36 (KHTML, like Gecko) Chrome/151.0.7922.34 Mobile Safari/537.36
    - accept: */*
    - accept-encoding: gzip,deflate,br
    - content-type: application/json
    - content-length: 53

    at AuthenticatedPage.loginViaApi (/home/tbaltzakis/cloudless.gr/e2e/helpers/page-helpers.ts:63:48)
    at /home/tbaltzakis/cloudless.gr/e2e/ui/pages/dashboard.spec.ts:21:20 {
  log: [
    '  - → POST http://localhost:4000/api/auth/login',
    '    - user-agent: Mozilla/5.0 (Linux; Android 14; Pixel 7) AppleWebKit/537.36 (KHTML, like Gecko) Chrome/151.0.7922.34 Mobile Safari/537.36',
    '    - accept: */*',
    '    - accept-encoding: gzip,deflate,br',
    '    - content-type: application/json',
    '    - content-length: 53'
  ],
  name: 'Error',
  Symbol(step): {
    location: {
      file: '/home/tbaltzakis/cloudless.gr/e2e/helpers/page-helpers.ts',
      line: 63,
      column: 48,
      function: 'AuthenticatedPage.loginViaApi'
    },
    category: 'pw:api',
    title: 'POST "/api/auth/login"',
    apiName: 'apiRequestContext.post',
    params: {
      url: '/api/auth/login',
      params: undefined,
      encodedParams: undefined,
      method: 'POST',
      headers: undefined,
      postData: undefined,
      jsonData: '{"email":"test@example.com","password":"password123"}',
      formData: undefined,
      multipartData: undefined,
      failOnStatusCode: undefined,
      ignoreHTTPSErrors: undefined,
      maxRedirects: undefined,
      maxRetries: undefined,
      __testHookLookup: undefined
    },
    group: undefined,
    stepId: 'pw:api@34',
    boxedStack: undefined,
    steps: [],
    attachmentIndices: [],
    info: TestStepInfoImpl {
      annotations: [],
      _testInfo: [TestInfoImpl],
      _stepId: 'pw:api@34',
      _title: 'POST "/api/auth/login"',
      _parentStep: [TestStepInfoImpl],
      skip: [Function (anonymous)]
    },
    complete: [Function: complete],
    endWallTime: 1786539908756,
    error: {
      message: 'Error: apiRequestContext.post: connect ECONNREFUSED ::1:4000\n' +
        'Call log:\n' +
        '\x1B[2m  - → POST http://localhost:4000/api/auth/login\x1B[22m\n' +
        '\x1B[2m    - user-agent: Mozilla/5.0 (Linux; Android 14; Pixel 7) AppleWebKit/537.36 (KHTML, like Gecko) Chrome/151.0.7922.34 Mobile Safari/537.36\x1B[22m\n' +
        '\x1B[2m    - accept: */*\x1B[22m\n' +
        '\x1B[2m    - accept-encoding: gzip,deflate,br\x1B[22m\n' +
        '\x1B[2m    - content-type: application/json\x1B[22m\n' +
        '\x1B[2m    - content-length: 53\x1B[22m\n',
      stack: 'Error: apiRequestContext.post: connect ECONNREFUSED ::1:4000\n' +
        'Call log:\n' +
        '\x1B[2m  - → POST http://localhost:4000/api/auth/login\x1B[22m\n' +
        '\x1B[2m    - user-agent: Mozilla/5.0 (Linux; Android 14; Pixel 7) AppleWebKit/537.36 (KHTML, like Gecko) Chrome/151.0.7922.34 Mobile Safari/537.36\x1B[22m\n' +
        '\x1B[2m    - accept: */*\x1B[22m\n' +
        '\x1B[2m    - accept-encoding: gzip,deflate,br\x1B[22m\n' +
        '\x1B[2m    - content-type: application/json\x1B[22m\n' +
        '\x1B[2m    - content-length: 53\x1B[22m\n' +
        '\n' +
        '    at apiRequestContext.post: connect ECONNREFUSED ::1:4000\n' +
        '    at AuthenticatedPage.loginViaApi (/home/tbaltzakis/cloudless.gr/e2e/helpers/page-helpers.ts:63:48)\n' +
        '    at /home/tbaltzakis/cloudless.gr/e2e/ui/pages/dashboard.spec.ts:21:20',
      cause: undefined
    }
  }
}
  ✘  6926 [mobile-chrome] › e2e/ui/pages/dashboard.spec.ts:106:9 › Dashboard Page › Navigation › should navigate to store (537ms)
API login failed, falling back to UI login: apiRequestContext.post: connect ECONNREFUSED ::1:4000
Call log:
  - → POST http://localhost:4000/api/auth/login
    - user-agent: Mozilla/5.0 (Linux; Android 14; Pixel 7) AppleWebKit/537.36 (KHTML, like Gecko) Chrome/151.0.7922.34 Mobile Safari/537.36
    - accept: */*
    - accept-encoding: gzip,deflate,br
    - content-type: application/json
    - content-length: 53

    at AuthenticatedPage.loginViaApi (/home/tbaltzakis/cloudless.gr/e2e/helpers/page-helpers.ts:63:48)
    at /home/tbaltzakis/cloudless.gr/e2e/ui/pages/dashboard.spec.ts:21:20 {
  log: [
    '  - → POST http://localhost:4000/api/auth/login',
    '    - user-agent: Mozilla/5.0 (Linux; Android 14; Pixel 7) AppleWebKit/537.36 (KHTML, like Gecko) Chrome/151.0.7922.34 Mobile Safari/537.36',
    '    - accept: */*',
    '    - accept-encoding: gzip,deflate,br',
    '    - content-type: application/json',
    '    - content-length: 53'
  ],
  name: 'Error',
  Symbol(step): {
    location: {
      file: '/home/tbaltzakis/cloudless.gr/e2e/helpers/page-helpers.ts',
      line: 63,
      column: 48,
      function: 'AuthenticatedPage.loginViaApi'
    },
    category: 'pw:api',
    title: 'POST "/api/auth/login"',
    apiName: 'apiRequestContext.post',
    params: {
      url: '/api/auth/login',
      params: undefined,
      encodedParams: undefined,
      method: 'POST',
      headers: undefined,
      postData: undefined,
      jsonData: '{"email":"test@example.com","password":"password123"}',
      formData: undefined,
      multipartData: undefined,
      failOnStatusCode: undefined,
      ignoreHTTPSErrors: undefined,
      maxRedirects: undefined,
      maxRetries: undefined,
      __testHookLookup: undefined
    },
    group: undefined,
    stepId: 'pw:api@34',
    boxedStack: undefined,
    steps: [],
    attachmentIndices: [],
    info: TestStepInfoImpl {
      annotations: [],
      _testInfo: [TestInfoImpl],
      _stepId: 'pw:api@34',
      _title: 'POST "/api/auth/login"',
      _parentStep: [TestStepInfoImpl],
      skip: [Function (anonymous)]
    },
    complete: [Function: complete],
    endWallTime: 1786539909198,
    error: {
      message: 'Error: apiRequestContext.post: connect ECONNREFUSED ::1:4000\n' +
        'Call log:\n' +
        '\x1B[2m  - → POST http://localhost:4000/api/auth/login\x1B[22m\n' +
        '\x1B[2m    - user-agent: Mozilla/5.0 (Linux; Android 14; Pixel 7) AppleWebKit/537.36 (KHTML, like Gecko) Chrome/151.0.7922.34 Mobile Safari/537.36\x1B[22m\n' +
        '\x1B[2m    - accept: */*\x1B[22m\n' +
        '\x1B[2m    - accept-encoding: gzip,deflate,br\x1B[22m\n' +
        '\x1B[2m    - content-type: application/json\x1B[22m\n' +
        '\x1B[2m    - content-length: 53\x1B[22m\n',
      stack: 'Error: apiRequestContext.post: connect ECONNREFUSED ::1:4000\n' +
        'Call log:\n' +
        '\x1B[2m  - → POST http://localhost:4000/api/auth/login\x1B[22m\n' +
        '\x1B[2m    - user-agent: Mozilla/5.0 (Linux; Android 14; Pixel 7) AppleWebKit/537.36 (KHTML, like Gecko) Chrome/151.0.7922.34 Mobile Safari/537.36\x1B[22m\n' +
        '\x1B[2m    - accept: */*\x1B[22m\n' +
        '\x1B[2m    - accept-encoding: gzip,deflate,br\x1B[22m\n' +
        '\x1B[2m    - content-type: application/json\x1B[22m\n' +
        '\x1B[2m    - content-length: 53\x1B[22m\n' +
        '\n' +
        '    at apiRequestContext.post: connect ECONNREFUSED ::1:4000\n' +
        '    at AuthenticatedPage.loginViaApi (/home/tbaltzakis/cloudless.gr/e2e/helpers/page-helpers.ts:63:48)\n' +
        '    at /home/tbaltzakis/cloudless.gr/e2e/ui/pages/dashboard.spec.ts:21:20',
      cause: undefined
    }
  }
}
  ✘  6927 [mobile-chrome] › e2e/ui/pages/dashboard.spec.ts:114:9 › Dashboard Page › Navigation › should navigate to blog (599ms)
API login failed, falling back to UI login: apiRequestContext.post: connect ECONNREFUSED ::1:4000
Call log:
  - → POST http://localhost:4000/api/auth/login
    - user-agent: Mozilla/5.0 (Linux; Android 14; Pixel 7) AppleWebKit/537.36 (KHTML, like Gecko) Chrome/151.0.7922.34 Mobile Safari/537.36
    - accept: */*
    - accept-encoding: gzip,deflate,br
    - content-type: application/json
    - content-length: 53

    at AuthenticatedPage.loginViaApi (/home/tbaltzakis/cloudless.gr/e2e/helpers/page-helpers.ts:63:48)
    at /home/tbaltzakis/cloudless.gr/e2e/ui/pages/dashboard.spec.ts:21:20 {
  log: [
    '  - → POST http://localhost:4000/api/auth/login',
    '    - user-agent: Mozilla/5.0 (Linux; Android 14; Pixel 7) AppleWebKit/537.36 (KHTML, like Gecko) Chrome/151.0.7922.34 Mobile Safari/537.36',
    '    - accept: */*',
    '    - accept-encoding: gzip,deflate,br',
    '    - content-type: application/json',
    '    - content-length: 53'
  ],
  name: 'Error',
  Symbol(step): {
    location: {
      file: '/home/tbaltzakis/cloudless.gr/e2e/helpers/page-helpers.ts',
      line: 63,
      column: 48,
      function: 'AuthenticatedPage.loginViaApi'
    },
    category: 'pw:api',
    title: 'POST "/api/auth/login"',
    apiName: 'apiRequestContext.post',
    params: {
      url: '/api/auth/login',
      params: undefined,
      encodedParams: undefined,
      method: 'POST',
      headers: undefined,
      postData: undefined,
      jsonData: '{"email":"test@example.com","password":"password123"}',
      formData: undefined,
      multipartData: undefined,
      failOnStatusCode: undefined,
      ignoreHTTPSErrors: undefined,
      maxRedirects: undefined,
      maxRetries: undefined,
      __testHookLookup: undefined
    },
    group: undefined,
    stepId: 'pw:api@34',
    boxedStack: undefined,
    steps: [],
    attachmentIndices: [],
    info: TestStepInfoImpl {
      annotations: [],
      _testInfo: [TestInfoImpl],
      _stepId: 'pw:api@34',
      _title: 'POST "/api/auth/login"',
      _parentStep: [TestStepInfoImpl],
      skip: [Function (anonymous)]
    },
    complete: [Function: complete],
    endWallTime: 1786539909757,
    error: {
      message: 'Error: apiRequestContext.post: connect ECONNREFUSED ::1:4000\n' +
        'Call log:\n' +
        '\x1B[2m  - → POST http://localhost:4000/api/auth/login\x1B[22m\n' +
        '\x1B[2m    - user-agent: Mozilla/5.0 (Linux; Android 14; Pixel 7) AppleWebKit/537.36 (KHTML, like Gecko) Chrome/151.0.7922.34 Mobile Safari/537.36\x1B[22m\n' +
        '\x1B[2m    - accept: */*\x1B[22m\n' +
        '\x1B[2m    - accept-encoding: gzip,deflate,br\x1B[22m\n' +
        '\x1B[2m    - content-type: application/json\x1B[22m\n' +
        '\x1B[2m    - content-length: 53\x1B[22m\n',
      stack: 'Error: apiRequestContext.post: connect ECONNREFUSED ::1:4000\n' +
        'Call log:\n' +
        '\x1B[2m  - → POST http://localhost:4000/api/auth/login\x1B[22m\n' +
        '\x1B[2m    - user-agent: Mozilla/5.0 (Linux; Android 14; Pixel 7) AppleWebKit/537.36 (KHTML, like Gecko) Chrome/151.0.7922.34 Mobile Safari/537.36\x1B[22m\n' +
        '\x1B[2m    - accept: */*\x1B[22m\n' +
        '\x1B[2m    - accept-encoding: gzip,deflate,br\x1B[22m\n' +
        '\x1B[2m    - content-type: application/json\x1B[22m\n' +
        '\x1B[2m    - content-length: 53\x1B[22m\n' +
        '\n' +
        '    at apiRequestContext.post: connect ECONNREFUSED ::1:4000\n' +
        '    at AuthenticatedPage.loginViaApi (/home/tbaltzakis/cloudless.gr/e2e/helpers/page-helpers.ts:63:48)\n' +
        '    at /home/tbaltzakis/cloudless.gr/e2e/ui/pages/dashboard.spec.ts:21:20',
      cause: undefined
    }
  }
}
  ✘  6928 [mobile-chrome] › e2e/ui/pages/dashboard.spec.ts:106:9 › Dashboard Page › Navigation › should navigate to store (retry #1) (638ms)
API login failed, falling back to UI login: apiRequestContext.post: connect ECONNREFUSED ::1:4000
Call log:
  - → POST http://localhost:4000/api/auth/login
    - user-agent: Mozilla/5.0 (Linux; Android 14; Pixel 7) AppleWebKit/537.36 (KHTML, like Gecko) Chrome/151.0.7922.34 Mobile Safari/537.36
    - accept: */*
    - accept-encoding: gzip,deflate,br
    - content-type: application/json
    - content-length: 53

    at AuthenticatedPage.loginViaApi (/home/tbaltzakis/cloudless.gr/e2e/helpers/page-helpers.ts:63:48)
    at /home/tbaltzakis/cloudless.gr/e2e/ui/pages/dashboard.spec.ts:21:20 {
  log: [
    '  - → POST http://localhost:4000/api/auth/login',
    '    - user-agent: Mozilla/5.0 (Linux; Android 14; Pixel 7) AppleWebKit/537.36 (KHTML, like Gecko) Chrome/151.0.7922.34 Mobile Safari/537.36',
    '    - accept: */*',
    '    - accept-encoding: gzip,deflate,br',
    '    - content-type: application/json',
    '    - content-length: 53'
  ],
  name: 'Error',
  Symbol(step): {
    location: {
      file: '/home/tbaltzakis/cloudless.gr/e2e/helpers/page-helpers.ts',
      line: 63,
      column: 48,
      function: 'AuthenticatedPage.loginViaApi'
    },
    category: 'pw:api',
    title: 'POST "/api/auth/login"',
    apiName: 'apiRequestContext.post',
    params: {
      url: '/api/auth/login',
      params: undefined,
      encodedParams: undefined,
      method: 'POST',
      headers: undefined,
      postData: undefined,
      jsonData: '{"email":"test@example.com","password":"password123"}',
      formData: undefined,
      multipartData: undefined,
      failOnStatusCode: undefined,
      ignoreHTTPSErrors: undefined,
      maxRedirects: undefined,
      maxRetries: undefined,
      __testHookLookup: undefined
    },
    group: undefined,
    stepId: 'pw:api@34',
    boxedStack: undefined,
    steps: [],
    attachmentIndices: [],
    info: TestStepInfoImpl {
      annotations: [],
      _testInfo: [TestInfoImpl],
      _stepId: 'pw:api@34',
      _title: 'POST "/api/auth/login"',
      _parentStep: [TestStepInfoImpl],
      skip: [Function (anonymous)]
    },
    complete: [Function: complete],
    endWallTime: 1786539910261,
    error: {
      message: 'Error: apiRequestContext.post: connect ECONNREFUSED ::1:4000\n' +
        'Call log:\n' +
        '\x1B[2m  - → POST http://localhost:4000/api/auth/login\x1B[22m\n' +
        '\x1B[2m    - user-agent: Mozilla/5.0 (Linux; Android 14; Pixel 7) AppleWebKit/537.36 (KHTML, like Gecko) Chrome/151.0.7922.34 Mobile Safari/537.36\x1B[22m\n' +
        '\x1B[2m    - accept: */*\x1B[22m\n' +
        '\x1B[2m    - accept-encoding: gzip,deflate,br\x1B[22m\n' +
        '\x1B[2m    - content-type: application/json\x1B[22m\n' +
        '\x1B[2m    - content-length: 53\x1B[22m\n',
      stack: 'Error: apiRequestContext.post: connect ECONNREFUSED ::1:4000\n' +
        'Call log:\n' +
        '\x1B[2m  - → POST http://localhost:4000/api/auth/login\x1B[22m\n' +
        '\x1B[2m    - user-agent: Mozilla/5.0 (Linux; Android 14; Pixel 7) AppleWebKit/537.36 (KHTML, like Gecko) Chrome/151.0.7922.34 Mobile Safari/537.36\x1B[22m\n' +
        '\x1B[2m    - accept: */*\x1B[22m\n' +
        '\x1B[2m    - accept-encoding: gzip,deflate,br\x1B[22m\n' +
        '\x1B[2m    - content-type: application/json\x1B[22m\n' +
        '\x1B[2m    - content-length: 53\x1B[22m\n' +
        '\n' +
        '    at apiRequestContext.post: connect ECONNREFUSED ::1:4000\n' +
        '    at AuthenticatedPage.loginViaApi (/home/tbaltzakis/cloudless.gr/e2e/helpers/page-helpers.ts:63:48)\n' +
        '    at /home/tbaltzakis/cloudless.gr/e2e/ui/pages/dashboard.spec.ts:21:20',
      cause: undefined
    }
  }
}
  ✘  6929 [mobile-chrome] › e2e/ui/pages/dashboard.spec.ts:114:9 › Dashboard Page › Navigation › should navigate to blog (retry #1) (615ms)
API login failed, falling back to UI login: apiRequestContext.post: connect ECONNREFUSED ::1:4000
Call log:
  - → POST http://localhost:4000/api/auth/login
    - user-agent: Mozilla/5.0 (Linux; Android 14; Pixel 7) AppleWebKit/537.36 (KHTML, like Gecko) Chrome/151.0.7922.34 Mobile Safari/537.36
    - accept: */*
    - accept-encoding: gzip,deflate,br
    - content-type: application/json
    - content-length: 53

    at AuthenticatedPage.loginViaApi (/home/tbaltzakis/cloudless.gr/e2e/helpers/page-helpers.ts:63:48)
    at /home/tbaltzakis/cloudless.gr/e2e/ui/pages/dashboard.spec.ts:21:20 {
  log: [
    '  - → POST http://localhost:4000/api/auth/login',
    '    - user-agent: Mozilla/5.0 (Linux; Android 14; Pixel 7) AppleWebKit/537.36 (KHTML, like Gecko) Chrome/151.0.7922.34 Mobile Safari/537.36',
    '    - accept: */*',
    '    - accept-encoding: gzip,deflate,br',
    '    - content-type: application/json',
    '    - content-length: 53'
  ],
  name: 'Error',
  Symbol(step): {
    location: {
      file: '/home/tbaltzakis/cloudless.gr/e2e/helpers/page-helpers.ts',
      line: 63,
      column: 48,
      function: 'AuthenticatedPage.loginViaApi'
    },
    category: 'pw:api',
    title: 'POST "/api/auth/login"',
    apiName: 'apiRequestContext.post',
    params: {
      url: '/api/auth/login',
      params: undefined,
      encodedParams: undefined,
      method: 'POST',
      headers: undefined,
      postData: undefined,
      jsonData: '{"email":"test@example.com","password":"password123"}',
      formData: undefined,
      multipartData: undefined,
      failOnStatusCode: undefined,
      ignoreHTTPSErrors: undefined,
      maxRedirects: undefined,
      maxRetries: undefined,
      __testHookLookup: undefined
    },
    group: undefined,
    stepId: 'pw:api@34',
    boxedStack: undefined,
    steps: [],
    attachmentIndices: [],
    info: TestStepInfoImpl {
      annotations: [],
      _testInfo: [TestInfoImpl],
      _stepId: 'pw:api@34',
      _title: 'POST "/api/auth/login"',
      _parentStep: [TestStepInfoImpl],
      skip: [Function (anonymous)]
    },
    complete: [Function: complete],
    endWallTime: 1786539910806,
    error: {
      message: 'Error: apiRequestContext.post: connect ECONNREFUSED ::1:4000\n' +
        'Call log:\n' +
        '\x1B[2m  - → POST http://localhost:4000/api/auth/login\x1B[22m\n' +
        '\x1B[2m    - user-agent: Mozilla/5.0 (Linux; Android 14; Pixel 7) AppleWebKit/537.36 (KHTML, like Gecko) Chrome/151.0.7922.34 Mobile Safari/537.36\x1B[22m\n' +
        '\x1B[2m    - accept: */*\x1B[22m\n' +
        '\x1B[2m    - accept-encoding: gzip,deflate,br\x1B[22m\n' +
        '\x1B[2m    - content-type: application/json\x1B[22m\n' +
        '\x1B[2m    - content-length: 53\x1B[22m\n',
      stack: 'Error: apiRequestContext.post: connect ECONNREFUSED ::1:4000\n' +
        'Call log:\n' +
        '\x1B[2m  - → POST http://localhost:4000/api/auth/login\x1B[22m\n' +
        '\x1B[2m    - user-agent: Mozilla/5.0 (Linux; Android 14; Pixel 7) AppleWebKit/537.36 (KHTML, like Gecko) Chrome/151.0.7922.34 Mobile Safari/537.36\x1B[22m\n' +
        '\x1B[2m    - accept: */*\x1B[22m\n' +
        '\x1B[2m    - accept-encoding: gzip,deflate,br\x1B[22m\n' +
        '\x1B[2m    - content-type: application/json\x1B[22m\n' +
        '\x1B[2m    - content-length: 53\x1B[22m\n' +
        '\n' +
        '    at apiRequestContext.post: connect ECONNREFUSED ::1:4000\n' +
        '    at AuthenticatedPage.loginViaApi (/home/tbaltzakis/cloudless.gr/e2e/helpers/page-helpers.ts:63:48)\n' +
        '    at /home/tbaltzakis/cloudless.gr/e2e/ui/pages/dashboard.spec.ts:21:20',
      cause: undefined
    }
  }
}
  ✘  6930 [mobile-chrome] › e2e/ui/pages/dashboard.spec.ts:122:9 › Dashboard Page › Navigation › should navigate to contact (570ms)
API login failed, falling back to UI login: apiRequestContext.post: connect ECONNREFUSED ::1:4000
Call log:
  - → POST http://localhost:4000/api/auth/login
    - user-agent: Mozilla/5.0 (Linux; Android 14; Pixel 7) AppleWebKit/537.36 (KHTML, like Gecko) Chrome/151.0.7922.34 Mobile Safari/537.36
    - accept: */*
    - accept-encoding: gzip,deflate,br
    - content-type: application/json
    - content-length: 53

    at AuthenticatedPage.loginViaApi (/home/tbaltzakis/cloudless.gr/e2e/helpers/page-helpers.ts:63:48)
    at /home/tbaltzakis/cloudless.gr/e2e/ui/pages/dashboard.spec.ts:21:20 {
  log: [
    '  - → POST http://localhost:4000/api/auth/login',
    '    - user-agent: Mozilla/5.0 (Linux; Android 14; Pixel 7) AppleWebKit/537.36 (KHTML, like Gecko) Chrome/151.0.7922.34 Mobile Safari/537.36',
    '    - accept: */*',
    '    - accept-encoding: gzip,deflate,br',
    '    - content-type: application/json',
    '    - content-length: 53'
  ],
  name: 'Error',
  Symbol(step): {
    location: {
      file: '/home/tbaltzakis/cloudless.gr/e2e/helpers/page-helpers.ts',
      line: 63,
      column: 48,
      function: 'AuthenticatedPage.loginViaApi'
    },
    category: 'pw:api',
    title: 'POST "/api/auth/login"',
    apiName: 'apiRequestContext.post',
    params: {
      url: '/api/auth/login',
      params: undefined,
      encodedParams: undefined,
      method: 'POST',
      headers: undefined,
      postData: undefined,
      jsonData: '{"email":"test@example.com","password":"password123"}',
      formData: undefined,
      multipartData: undefined,
      failOnStatusCode: undefined,
      ignoreHTTPSErrors: undefined,
      maxRedirects: undefined,
      maxRetries: undefined,
      __testHookLookup: undefined
    },
    group: undefined,
    stepId: 'pw:api@34',
    boxedStack: undefined,
    steps: [],
    attachmentIndices: [],
    info: TestStepInfoImpl {
      annotations: [],
      _testInfo: [TestInfoImpl],
      _stepId: 'pw:api@34',
      _title: 'POST "/api/auth/login"',
      _parentStep: [TestStepInfoImpl],
      skip: [Function (anonymous)]
    },
    complete: [Function: complete],
    endWallTime: 1786539911279,
    error: {
      message: 'Error: apiRequestContext.post: connect ECONNREFUSED ::1:4000\n' +
        'Call log:\n' +
        '\x1B[2m  - → POST http://localhost:4000/api/auth/login\x1B[22m\n' +
        '\x1B[2m    - user-agent: Mozilla/5.0 (Linux; Android 14; Pixel 7) AppleWebKit/537.36 (KHTML, like Gecko) Chrome/151.0.7922.34 Mobile Safari/537.36\x1B[22m\n' +
        '\x1B[2m    - accept: */*\x1B[22m\n' +
        '\x1B[2m    - accept-encoding: gzip,deflate,br\x1B[22m\n' +
        '\x1B[2m    - content-type: application/json\x1B[22m\n' +
        '\x1B[2m    - content-length: 53\x1B[22m\n',
      stack: 'Error: apiRequestContext.post: connect ECONNREFUSED ::1:4000\n' +
        'Call log:\n' +
        '\x1B[2m  - → POST http://localhost:4000/api/auth/login\x1B[22m\n' +
        '\x1B[2m    - user-agent: Mozilla/5.0 (Linux; Android 14; Pixel 7) AppleWebKit/537.36 (KHTML, like Gecko) Chrome/151.0.7922.34 Mobile Safari/537.36\x1B[22m\n' +
        '\x1B[2m    - accept: */*\x1B[22m\n' +
        '\x1B[2m    - accept-encoding: gzip,deflate,br\x1B[22m\n' +
        '\x1B[2m    - content-type: application/json\x1B[22m\n' +
        '\x1B[2m    - content-length: 53\x1B[22m\n' +
        '\n' +
        '    at apiRequestContext.post: connect ECONNREFUSED ::1:4000\n' +
        '    at AuthenticatedPage.loginViaApi (/home/tbaltzakis/cloudless.gr/e2e/helpers/page-helpers.ts:63:48)\n' +
        '    at /home/tbaltzakis/cloudless.gr/e2e/ui/pages/dashboard.spec.ts:21:20',
      cause: undefined
    }
  }
}
  ✘  6931 [mobile-chrome] › e2e/ui/pages/dashboard.spec.ts:130:9 › Dashboard Page › Navigation › should navigate to profile (585ms)
API login failed, falling back to UI login: apiRequestContext.post: connect ECONNREFUSED ::1:4000
Call log:
  - → POST http://localhost:4000/api/auth/login
    - user-agent: Mozilla/5.0 (Linux; Android 14; Pixel 7) AppleWebKit/537.36 (KHTML, like Gecko) Chrome/151.0.7922.34 Mobile Safari/537.36
    - accept: */*
    - accept-encoding: gzip,deflate,br
    - content-type: application/json
    - content-length: 53

    at AuthenticatedPage.loginViaApi (/home/tbaltzakis/cloudless.gr/e2e/helpers/page-helpers.ts:63:48)
    at /home/tbaltzakis/cloudless.gr/e2e/ui/pages/dashboard.spec.ts:21:20 {
  log: [
    '  - → POST http://localhost:4000/api/auth/login',
    '    - user-agent: Mozilla/5.0 (Linux; Android 14; Pixel 7) AppleWebKit/537.36 (KHTML, like Gecko) Chrome/151.0.7922.34 Mobile Safari/537.36',
    '    - accept: */*',
    '    - accept-encoding: gzip,deflate,br',
    '    - content-type: application/json',
    '    - content-length: 53'
  ],
  name: 'Error',
  Symbol(step): {
    location: {
      file: '/home/tbaltzakis/cloudless.gr/e2e/helpers/page-helpers.ts',
      line: 63,
      column: 48,
      function: 'AuthenticatedPage.loginViaApi'
    },
    category: 'pw:api',
    title: 'POST "/api/auth/login"',
    apiName: 'apiRequestContext.post',
    params: {
      url: '/api/auth/login',
      params: undefined,
      encodedParams: undefined,
      method: 'POST',
      headers: undefined,
      postData: undefined,
      jsonData: '{"email":"test@example.com","password":"password123"}',
      formData: undefined,
      multipartData: undefined,
      failOnStatusCode: undefined,
      ignoreHTTPSErrors: undefined,
      maxRedirects: undefined,
      maxRetries: undefined,
      __testHookLookup: undefined
    },
    group: undefined,
    stepId: 'pw:api@34',
    boxedStack: undefined,
    steps: [],
    attachmentIndices: [],
    info: TestStepInfoImpl {
      annotations: [],
      _testInfo: [TestInfoImpl],
      _stepId: 'pw:api@34',
      _title: 'POST "/api/auth/login"',
      _parentStep: [TestStepInfoImpl],
      skip: [Function (anonymous)]
    },
    complete: [Function: complete],
    endWallTime: 1786539911793,
    error: {
      message: 'Error: apiRequestContext.post: connect ECONNREFUSED ::1:4000\n' +
        'Call log:\n' +
        '\x1B[2m  - → POST http://localhost:4000/api/auth/login\x1B[22m\n' +
        '\x1B[2m    - user-agent: Mozilla/5.0 (Linux; Android 14; Pixel 7) AppleWebKit/537.36 (KHTML, like Gecko) Chrome/151.0.7922.34 Mobile Safari/537.36\x1B[22m\n' +
        '\x1B[2m    - accept: */*\x1B[22m\n' +
        '\x1B[2m    - accept-encoding: gzip,deflate,br\x1B[22m\n' +
        '\x1B[2m    - content-type: application/json\x1B[22m\n' +
        '\x1B[2m    - content-length: 53\x1B[22m\n',
      stack: 'Error: apiRequestContext.post: connect ECONNREFUSED ::1:4000\n' +
        'Call log:\n' +
        '\x1B[2m  - → POST http://localhost:4000/api/auth/login\x1B[22m\n' +
        '\x1B[2m    - user-agent: Mozilla/5.0 (Linux; Android 14; Pixel 7) AppleWebKit/537.36 (KHTML, like Gecko) Chrome/151.0.7922.34 Mobile Safari/537.36\x1B[22m\n' +
        '\x1B[2m    - accept: */*\x1B[22m\n' +
        '\x1B[2m    - accept-encoding: gzip,deflate,br\x1B[22m\n' +
        '\x1B[2m    - content-type: application/json\x1B[22m\n' +
        '\x1B[2m    - content-length: 53\x1B[22m\n' +
        '\n' +
        '    at apiRequestContext.post: connect ECONNREFUSED ::1:4000\n' +
        '    at AuthenticatedPage.loginViaApi (/home/tbaltzakis/cloudless.gr/e2e/helpers/page-helpers.ts:63:48)\n' +
        '    at /home/tbaltzakis/cloudless.gr/e2e/ui/pages/dashboard.spec.ts:21:20',
      cause: undefined
    }
  }
}
  ✘  6932 [mobile-chrome] › e2e/ui/pages/dashboard.spec.ts:122:9 › Dashboard Page › Navigation › should navigate to contact (retry #1) (592ms)
API login failed, falling back to UI login: apiRequestContext.post: connect ECONNREFUSED ::1:4000
Call log:
  - → POST http://localhost:4000/api/auth/login
    - user-agent: Mozilla/5.0 (Linux; Android 14; Pixel 7) AppleWebKit/537.36 (KHTML, like Gecko) Chrome/151.0.7922.34 Mobile Safari/537.36
    - accept: */*
    - accept-encoding: gzip,deflate,br
    - content-type: application/json
    - content-length: 53

    at AuthenticatedPage.loginViaApi (/home/tbaltzakis/cloudless.gr/e2e/helpers/page-helpers.ts:63:48)
    at /home/tbaltzakis/cloudless.gr/e2e/ui/pages/dashboard.spec.ts:21:20 {
  log: [
    '  - → POST http://localhost:4000/api/auth/login',
    '    - user-agent: Mozilla/5.0 (Linux; Android 14; Pixel 7) AppleWebKit/537.36 (KHTML, like Gecko) Chrome/151.0.7922.34 Mobile Safari/537.36',
    '    - accept: */*',
    '    - accept-encoding: gzip,deflate,br',
    '    - content-type: application/json',
    '    - content-length: 53'
  ],
  name: 'Error',
  Symbol(step): {
    location: {
      file: '/home/tbaltzakis/cloudless.gr/e2e/helpers/page-helpers.ts',
      line: 63,
      column: 48,
      function: 'AuthenticatedPage.loginViaApi'
    },
    category: 'pw:api',
    title: 'POST "/api/auth/login"',
    apiName: 'apiRequestContext.post',
    params: {
      url: '/api/auth/login',
      params: undefined,
      encodedParams: undefined,
      method: 'POST',
      headers: undefined,
      postData: undefined,
      jsonData: '{"email":"test@example.com","password":"password123"}',
      formData: undefined,
      multipartData: undefined,
      failOnStatusCode: undefined,
      ignoreHTTPSErrors: undefined,
      maxRedirects: undefined,
      maxRetries: undefined,
      __testHookLookup: undefined
    },
    group: undefined,
    stepId: 'pw:api@34',
    boxedStack: undefined,
    steps: [],
    attachmentIndices: [],
    info: TestStepInfoImpl {
      annotations: [],
      _testInfo: [TestInfoImpl],
      _stepId: 'pw:api@34',
      _title: 'POST "/api/auth/login"',
      _parentStep: [TestStepInfoImpl],
      skip: [Function (anonymous)]
    },
    complete: [Function: complete],
    endWallTime: 1786539912276,
    error: {
      message: 'Error: apiRequestContext.post: connect ECONNREFUSED ::1:4000\n' +
        'Call log:\n' +
        '\x1B[2m  - → POST http://localhost:4000/api/auth/login\x1B[22m\n' +
        '\x1B[2m    - user-agent: Mozilla/5.0 (Linux; Android 14; Pixel 7) AppleWebKit/537.36 (KHTML, like Gecko) Chrome/151.0.7922.34 Mobile Safari/537.36\x1B[22m\n' +
        '\x1B[2m    - accept: */*\x1B[22m\n' +
        '\x1B[2m    - accept-encoding: gzip,deflate,br\x1B[22m\n' +
        '\x1B[2m    - content-type: application/json\x1B[22m\n' +
        '\x1B[2m    - content-length: 53\x1B[22m\n',
      stack: 'Error: apiRequestContext.post: connect ECONNREFUSED ::1:4000\n' +
        'Call log:\n' +
        '\x1B[2m  - → POST http://localhost:4000/api/auth/login\x1B[22m\n' +
        '\x1B[2m    - user-agent: Mozilla/5.0 (Linux; Android 14; Pixel 7) AppleWebKit/537.36 (KHTML, like Gecko) Chrome/151.0.7922.34 Mobile Safari/537.36\x1B[22m\n' +
        '\x1B[2m    - accept: */*\x1B[22m\n' +
        '\x1B[2m    - accept-encoding: gzip,deflate,br\x1B[22m\n' +
        '\x1B[2m    - content-type: application/json\x1B[22m\n' +
        '\x1B[2m    - content-length: 53\x1B[22m\n' +
        '\n' +
        '    at apiRequestContext.post: connect ECONNREFUSED ::1:4000\n' +
        '    at AuthenticatedPage.loginViaApi (/home/tbaltzakis/cloudless.gr/e2e/helpers/page-helpers.ts:63:48)\n' +
        '    at /home/tbaltzakis/cloudless.gr/e2e/ui/pages/dashboard.spec.ts:21:20',
      cause: undefined
    }
  }
}
  ✘  6933 [mobile-chrome] › e2e/ui/pages/dashboard.spec.ts:130:9 › Dashboard Page › Navigation › should navigate to profile (retry #1) (588ms)
API login failed, falling back to UI login: apiRequestContext.post: connect ECONNREFUSED ::1:4000
Call log:
  - → POST http://localhost:4000/api/auth/login
    - user-agent: Mozilla/5.0 (Linux; Android 14; Pixel 7) AppleWebKit/537.36 (KHTML, like Gecko) Chrome/151.0.7922.34 Mobile Safari/537.36
    - accept: */*
    - accept-encoding: gzip,deflate,br
    - content-type: application/json
    - content-length: 53

    at AuthenticatedPage.loginViaApi (/home/tbaltzakis/cloudless.gr/e2e/helpers/page-helpers.ts:63:48)
    at /home/tbaltzakis/cloudless.gr/e2e/ui/pages/dashboard.spec.ts:21:20 {
  log: [
    '  - → POST http://localhost:4000/api/auth/login',
    '    - user-agent: Mozilla/5.0 (Linux; Android 14; Pixel 7) AppleWebKit/537.36 (KHTML, like Gecko) Chrome/151.0.7922.34 Mobile Safari/537.36',
    '    - accept: */*',
    '    - accept-encoding: gzip,deflate,br',
    '    - content-type: application/json',
    '    - content-length: 53'
  ],
  name: 'Error',
  Symbol(step): {
    location: {
      file: '/home/tbaltzakis/cloudless.gr/e2e/helpers/page-helpers.ts',
      line: 63,
      column: 48,
      function: 'AuthenticatedPage.loginViaApi'
    },
    category: 'pw:api',
    title: 'POST "/api/auth/login"',
    apiName: 'apiRequestContext.post',
    params: {
      url: '/api/auth/login',
      params: undefined,
      encodedParams: undefined,
      method: 'POST',
      headers: undefined,
      postData: undefined,
      jsonData: '{"email":"test@example.com","password":"password123"}',
      formData: undefined,
      multipartData: undefined,
      failOnStatusCode: undefined,
      ignoreHTTPSErrors: undefined,
      maxRedirects: undefined,
      maxRetries: undefined,
      __testHookLookup: undefined
    },
    group: undefined,
    stepId: 'pw:api@34',
    boxedStack: undefined,
    steps: [],
    attachmentIndices: [],
    info: TestStepInfoImpl {
      annotations: [],
      _testInfo: [TestInfoImpl],
      _stepId: 'pw:api@34',
      _title: 'POST "/api/auth/login"',
      _parentStep: [TestStepInfoImpl],
      skip: [Function (anonymous)]
    },
    complete: [Function: complete],
    endWallTime: 1786539912835,
    error: {
      message: 'Error: apiRequestContext.post: connect ECONNREFUSED ::1:4000\n' +
        'Call log:\n' +
        '\x1B[2m  - → POST http://localhost:4000/api/auth/login\x1B[22m\n' +
        '\x1B[2m    - user-agent: Mozilla/5.0 (Linux; Android 14; Pixel 7) AppleWebKit/537.36 (KHTML, like Gecko) Chrome/151.0.7922.34 Mobile Safari/537.36\x1B[22m\n' +
        '\x1B[2m    - accept: */*\x1B[22m\n' +
        '\x1B[2m    - accept-encoding: gzip,deflate,br\x1B[22m\n' +
        '\x1B[2m    - content-type: application/json\x1B[22m\n' +
        '\x1B[2m    - content-length: 53\x1B[22m\n',
      stack: 'Error: apiRequestContext.post: connect ECONNREFUSED ::1:4000\n' +
        'Call log:\n' +
        '\x1B[2m  - → POST http://localhost:4000/api/auth/login\x1B[22m\n' +
        '\x1B[2m    - user-agent: Mozilla/5.0 (Linux; Android 14; Pixel 7) AppleWebKit/537.36 (KHTML, like Gecko) Chrome/151.0.7922.34 Mobile Safari/537.36\x1B[22m\n' +
        '\x1B[2m    - accept: */*\x1B[22m\n' +
        '\x1B[2m    - accept-encoding: gzip,deflate,br\x1B[22m\n' +
        '\x1B[2m    - content-type: application/json\x1B[22m\n' +
        '\x1B[2m    - content-length: 53\x1B[22m\n' +
        '\n' +
        '    at apiRequestContext.post: connect ECONNREFUSED ::1:4000\n' +
        '    at AuthenticatedPage.loginViaApi (/home/tbaltzakis/cloudless.gr/e2e/helpers/page-helpers.ts:63:48)\n' +
        '    at /home/tbaltzakis/cloudless.gr/e2e/ui/pages/dashboard.spec.ts:21:20',
      cause: undefined
    }
  }
}
  ✘  6934 [mobile-chrome] › e2e/ui/pages/dashboard.spec.ts:140:9 › Dashboard Page › Navigation › should navigate to settings (572ms)
API login failed, falling back to UI login: apiRequestContext.post: connect ECONNREFUSED ::1:4000
Call log:
  - → POST http://localhost:4000/api/auth/login
    - user-agent: Mozilla/5.0 (Linux; Android 14; Pixel 7) AppleWebKit/537.36 (KHTML, like Gecko) Chrome/151.0.7922.34 Mobile Safari/537.36
    - accept: */*
    - accept-encoding: gzip,deflate,br
    - content-type: application/json
    - content-length: 53

    at AuthenticatedPage.loginViaApi (/home/tbaltzakis/cloudless.gr/e2e/helpers/page-helpers.ts:63:48)
    at /home/tbaltzakis/cloudless.gr/e2e/ui/pages/dashboard.spec.ts:21:20 {
  log: [
    '  - → POST http://localhost:4000/api/auth/login',
    '    - user-agent: Mozilla/5.0 (Linux; Android 14; Pixel 7) AppleWebKit/537.36 (KHTML, like Gecko) Chrome/151.0.7922.34 Mobile Safari/537.36',
    '    - accept: */*',
    '    - accept-encoding: gzip,deflate,br',
    '    - content-type: application/json',
    '    - content-length: 53'
  ],
  name: 'Error',
  Symbol(step): {
    location: {
      file: '/home/tbaltzakis/cloudless.gr/e2e/helpers/page-helpers.ts',
      line: 63,
      column: 48,
      function: 'AuthenticatedPage.loginViaApi'
    },
    category: 'pw:api',
    title: 'POST "/api/auth/login"',
    apiName: 'apiRequestContext.post',
    params: {
      url: '/api/auth/login',
      params: undefined,
      encodedParams: undefined,
      method: 'POST',
      headers: undefined,
      postData: undefined,
      jsonData: '{"email":"test@example.com","password":"password123"}',
      formData: undefined,
      multipartData: undefined,
      failOnStatusCode: undefined,
      ignoreHTTPSErrors: undefined,
      maxRedirects: undefined,
      maxRetries: undefined,
      __testHookLookup: undefined
    },
    group: undefined,
    stepId: 'pw:api@34',
    boxedStack: undefined,
    steps: [],
    attachmentIndices: [],
    info: TestStepInfoImpl {
      annotations: [],
      _testInfo: [TestInfoImpl],
      _stepId: 'pw:api@34',
      _title: 'POST "/api/auth/login"',
      _parentStep: [TestStepInfoImpl],
      skip: [Function (anonymous)]
    },
    complete: [Function: complete],
    endWallTime: 1786539913290,
    error: {
      message: 'Error: apiRequestContext.post: connect ECONNREFUSED ::1:4000\n' +
        'Call log:\n' +
        '\x1B[2m  - → POST http://localhost:4000/api/auth/login\x1B[22m\n' +
        '\x1B[2m    - user-agent: Mozilla/5.0 (Linux; Android 14; Pixel 7) AppleWebKit/537.36 (KHTML, like Gecko) Chrome/151.0.7922.34 Mobile Safari/537.36\x1B[22m\n' +
        '\x1B[2m    - accept: */*\x1B[22m\n' +
        '\x1B[2m    - accept-encoding: gzip,deflate,br\x1B[22m\n' +
        '\x1B[2m    - content-type: application/json\x1B[22m\n' +
        '\x1B[2m    - content-length: 53\x1B[22m\n',
      stack: 'Error: apiRequestContext.post: connect ECONNREFUSED ::1:4000\n' +
        'Call log:\n' +
        '\x1B[2m  - → POST http://localhost:4000/api/auth/login\x1B[22m\n' +
        '\x1B[2m    - user-agent: Mozilla/5.0 (Linux; Android 14; Pixel 7) AppleWebKit/537.36 (KHTML, like Gecko) Chrome/151.0.7922.34 Mobile Safari/537.36\x1B[22m\n' +
        '\x1B[2m    - accept: */*\x1B[22m\n' +
        '\x1B[2m    - accept-encoding: gzip,deflate,br\x1B[22m\n' +
        '\x1B[2m    - content-type: application/json\x1B[22m\n' +
        '\x1B[2m    - content-length: 53\x1B[22m\n' +
        '\n' +
        '    at apiRequestContext.post: connect ECONNREFUSED ::1:4000\n' +
        '    at AuthenticatedPage.loginViaApi (/home/tbaltzakis/cloudless.gr/e2e/helpers/page-helpers.ts:63:48)\n' +
        '    at /home/tbaltzakis/cloudless.gr/e2e/ui/pages/dashboard.spec.ts:21:20',
      cause: undefined
    }
  }
}
  ✘  6935 [mobile-chrome] › e2e/ui/pages/dashboard.spec.ts:152:9 › Dashboard Page › Authentication › should redirect to login if not authenticated (571ms)
API login failed, falling back to UI login: apiRequestContext.post: connect ECONNREFUSED ::1:4000
Call log:
  - → POST http://localhost:4000/api/auth/login
    - user-agent: Mozilla/5.0 (Linux; Android 14; Pixel 7) AppleWebKit/537.36 (KHTML, like Gecko) Chrome/151.0.7922.34 Mobile Safari/537.36
    - accept: */*
    - accept-encoding: gzip,deflate,br
    - content-type: application/json
    - content-length: 53

    at AuthenticatedPage.loginViaApi (/home/tbaltzakis/cloudless.gr/e2e/helpers/page-helpers.ts:63:48)
    at /home/tbaltzakis/cloudless.gr/e2e/ui/pages/dashboard.spec.ts:21:20 {
  log: [
    '  - → POST http://localhost:4000/api/auth/login',
    '    - user-agent: Mozilla/5.0 (Linux; Android 14; Pixel 7) AppleWebKit/537.36 (KHTML, like Gecko) Chrome/151.0.7922.34 Mobile Safari/537.36',
    '    - accept: */*',
    '    - accept-encoding: gzip,deflate,br',
    '    - content-type: application/json',
    '    - content-length: 53'
  ],
  name: 'Error',
  Symbol(step): {
    location: {
      file: '/home/tbaltzakis/cloudless.gr/e2e/helpers/page-helpers.ts',
      line: 63,
      column: 48,
      function: 'AuthenticatedPage.loginViaApi'
    },
    category: 'pw:api',
    title: 'POST "/api/auth/login"',
    apiName: 'apiRequestContext.post',
    params: {
      url: '/api/auth/login',
      params: undefined,
      encodedParams: undefined,
      method: 'POST',
      headers: undefined,
      postData: undefined,
      jsonData: '{"email":"test@example.com","password":"password123"}',
      formData: undefined,
      multipartData: undefined,
      failOnStatusCode: undefined,
      ignoreHTTPSErrors: undefined,
      maxRedirects: undefined,
      maxRetries: undefined,
      __testHookLookup: undefined
    },
    group: undefined,
    stepId: 'pw:api@34',
    boxedStack: undefined,
    steps: [],
    attachmentIndices: [],
    info: TestStepInfoImpl {
      annotations: [],
      _testInfo: [TestInfoImpl],
      _stepId: 'pw:api@34',
      _title: 'POST "/api/auth/login"',
      _parentStep: [TestStepInfoImpl],
      skip: [Function (anonymous)]
    },
    complete: [Function: complete],
    endWallTime: 1786539913843,
    error: {
      message: 'Error: apiRequestContext.post: connect ECONNREFUSED ::1:4000\n' +
        'Call log:\n' +
        '\x1B[2m  - → POST http://localhost:4000/api/auth/login\x1B[22m\n' +
        '\x1B[2m    - user-agent: Mozilla/5.0 (Linux; Android 14; Pixel 7) AppleWebKit/537.36 (KHTML, like Gecko) Chrome/151.0.7922.34 Mobile Safari/537.36\x1B[22m\n' +
        '\x1B[2m    - accept: */*\x1B[22m\n' +
        '\x1B[2m    - accept-encoding: gzip,deflate,br\x1B[22m\n' +
        '\x1B[2m    - content-type: application/json\x1B[22m\n' +
        '\x1B[2m    - content-length: 53\x1B[22m\n',
      stack: 'Error: apiRequestContext.post: connect ECONNREFUSED ::1:4000\n' +
        'Call log:\n' +
        '\x1B[2m  - → POST http://localhost:4000/api/auth/login\x1B[22m\n' +
        '\x1B[2m    - user-agent: Mozilla/5.0 (Linux; Android 14; Pixel 7) AppleWebKit/537.36 (KHTML, like Gecko) Chrome/151.0.7922.34 Mobile Safari/537.36\x1B[22m\n' +
        '\x1B[2m    - accept: */*\x1B[22m\n' +
        '\x1B[2m    - accept-encoding: gzip,deflate,br\x1B[22m\n' +
        '\x1B[2m    - content-type: application/json\x1B[22m\n' +
        '\x1B[2m    - content-length: 53\x1B[22m\n' +
        '\n' +
        '    at apiRequestContext.post: connect ECONNREFUSED ::1:4000\n' +
        '    at AuthenticatedPage.loginViaApi (/home/tbaltzakis/cloudless.gr/e2e/helpers/page-helpers.ts:63:48)\n' +
        '    at /home/tbaltzakis/cloudless.gr/e2e/ui/pages/dashboard.spec.ts:21:20',
      cause: undefined
    }
  }
}
  ✘  6936 [mobile-chrome] › e2e/ui/pages/dashboard.spec.ts:140:9 › Dashboard Page › Navigation › should navigate to settings (retry #1) (626ms)
API login failed, falling back to UI login: apiRequestContext.post: connect ECONNREFUSED ::1:4000
Call log:
  - → POST http://localhost:4000/api/auth/login
    - user-agent: Mozilla/5.0 (Linux; Android 14; Pixel 7) AppleWebKit/537.36 (KHTML, like Gecko) Chrome/151.0.7922.34 Mobile Safari/537.36
    - accept: */*
    - accept-encoding: gzip,deflate,br
    - content-type: application/json
    - content-length: 53

    at AuthenticatedPage.loginViaApi (/home/tbaltzakis/cloudless.gr/e2e/helpers/page-helpers.ts:63:48)
    at /home/tbaltzakis/cloudless.gr/e2e/ui/pages/dashboard.spec.ts:21:20 {
  log: [
    '  - → POST http://localhost:4000/api/auth/login',
    '    - user-agent: Mozilla/5.0 (Linux; Android 14; Pixel 7) AppleWebKit/537.36 (KHTML, like Gecko) Chrome/151.0.7922.34 Mobile Safari/537.36',
    '    - accept: */*',
    '    - accept-encoding: gzip,deflate,br',
    '    - content-type: application/json',
    '    - content-length: 53'
  ],
  name: 'Error',
  Symbol(step): {
    location: {
      file: '/home/tbaltzakis/cloudless.gr/e2e/helpers/page-helpers.ts',
      line: 63,
      column: 48,
      function: 'AuthenticatedPage.loginViaApi'
    },
    category: 'pw:api',
    title: 'POST "/api/auth/login"',
    apiName: 'apiRequestContext.post',
    params: {
      url: '/api/auth/login',
      params: undefined,
      encodedParams: undefined,
      method: 'POST',
      headers: undefined,
      postData: undefined,
      jsonData: '{"email":"test@example.com","password":"password123"}',
      formData: undefined,
      multipartData: undefined,
      failOnStatusCode: undefined,
      ignoreHTTPSErrors: undefined,
      maxRedirects: undefined,
      maxRetries: undefined,
      __testHookLookup: undefined
    },
    group: undefined,
    stepId: 'pw:api@34',
    boxedStack: undefined,
    steps: [],
    attachmentIndices: [],
    info: TestStepInfoImpl {
      annotations: [],
      _testInfo: [TestInfoImpl],
      _stepId: 'pw:api@34',
      _title: 'POST "/api/auth/login"',
      _parentStep: [TestStepInfoImpl],
      skip: [Function (anonymous)]
    },
    complete: [Function: complete],
    endWallTime: 1786539914364,
    error: {
      message: 'Error: apiRequestContext.post: connect ECONNREFUSED ::1:4000\n' +
        'Call log:\n' +
        '\x1B[2m  - → POST http://localhost:4000/api/auth/login\x1B[22m\n' +
        '\x1B[2m    - user-agent: Mozilla/5.0 (Linux; Android 14; Pixel 7) AppleWebKit/537.36 (KHTML, like Gecko) Chrome/151.0.7922.34 Mobile Safari/537.36\x1B[22m\n' +
        '\x1B[2m    - accept: */*\x1B[22m\n' +
        '\x1B[2m    - accept-encoding: gzip,deflate,br\x1B[22m\n' +
        '\x1B[2m    - content-type: application/json\x1B[22m\n' +
        '\x1B[2m    - content-length: 53\x1B[22m\n',
      stack: 'Error: apiRequestContext.post: connect ECONNREFUSED ::1:4000\n' +
        'Call log:\n' +
        '\x1B[2m  - → POST http://localhost:4000/api/auth/login\x1B[22m\n' +
        '\x1B[2m    - user-agent: Mozilla/5.0 (Linux; Android 14; Pixel 7) AppleWebKit/537.36 (KHTML, like Gecko) Chrome/151.0.7922.34 Mobile Safari/537.36\x1B[22m\n' +
        '\x1B[2m    - accept: */*\x1B[22m\n' +
        '\x1B[2m    - accept-encoding: gzip,deflate,br\x1B[22m\n' +
        '\x1B[2m    - content-type: application/json\x1B[22m\n' +
        '\x1B[2m    - content-length: 53\x1B[22m\n' +
        '\n' +
        '    at apiRequestContext.post: connect ECONNREFUSED ::1:4000\n' +
        '    at AuthenticatedPage.loginViaApi (/home/tbaltzakis/cloudless.gr/e2e/helpers/page-helpers.ts:63:48)\n' +
        '    at /home/tbaltzakis/cloudless.gr/e2e/ui/pages/dashboard.spec.ts:21:20',
      cause: undefined
    }
  }
}
  ✘  6937 [mobile-chrome] › e2e/ui/pages/dashboard.spec.ts:152:9 › Dashboard Page › Authentication › should redirect to login if not authenticated (retry #1) (616ms)
API login failed, falling back to UI login: apiRequestContext.post: connect ECONNREFUSED ::1:4000
Call log:
  - → POST http://localhost:4000/api/auth/login
    - user-agent: Mozilla/5.0 (Linux; Android 14; Pixel 7) AppleWebKit/537.36 (KHTML, like Gecko) Chrome/151.0.7922.34 Mobile Safari/537.36
    - accept: */*
    - accept-encoding: gzip,deflate,br
    - content-type: application/json
    - content-length: 53

    at AuthenticatedPage.loginViaApi (/home/tbaltzakis/cloudless.gr/e2e/helpers/page-helpers.ts:63:48)
    at /home/tbaltzakis/cloudless.gr/e2e/ui/pages/dashboard.spec.ts:21:20 {
  log: [
    '  - → POST http://localhost:4000/api/auth/login',
    '    - user-agent: Mozilla/5.0 (Linux; Android 14; Pixel 7) AppleWebKit/537.36 (KHTML, like Gecko) Chrome/151.0.7922.34 Mobile Safari/537.36',
    '    - accept: */*',
    '    - accept-encoding: gzip,deflate,br',
    '    - content-type: application/json',
    '    - content-length: 53'
  ],
  name: 'Error',
  Symbol(step): {
    location: {
      file: '/home/tbaltzakis/cloudless.gr/e2e/helpers/page-helpers.ts',
      line: 63,
      column: 48,
      function: 'AuthenticatedPage.loginViaApi'
    },
    category: 'pw:api',
    title: 'POST "/api/auth/login"',
    apiName: 'apiRequestContext.post',
    params: {
      url: '/api/auth/login',
      params: undefined,
      encodedParams: undefined,
      method: 'POST',
      headers: undefined,
      postData: undefined,
      jsonData: '{"email":"test@example.com","password":"password123"}',
      formData: undefined,
      multipartData: undefined,
      failOnStatusCode: undefined,
      ignoreHTTPSErrors: undefined,
      maxRedirects: undefined,
      maxRetries: undefined,
      __testHookLookup: undefined
    },
    group: undefined,
    stepId: 'pw:api@34',
    boxedStack: undefined,
    steps: [],
    attachmentIndices: [],
    info: TestStepInfoImpl {
      annotations: [],
      _testInfo: [TestInfoImpl],
      _stepId: 'pw:api@34',
      _title: 'POST "/api/auth/login"',
      _parentStep: [TestStepInfoImpl],
      skip: [Function (anonymous)]
    },
    complete: [Function: complete],
    endWallTime: 1786539914890,
    error: {
      message: 'Error: apiRequestContext.post: connect ECONNREFUSED ::1:4000\n' +
        'Call log:\n' +
        '\x1B[2m  - → POST http://localhost:4000/api/auth/login\x1B[22m\n' +
        '\x1B[2m    - user-agent: Mozilla/5.0 (Linux; Android 14; Pixel 7) AppleWebKit/537.36 (KHTML, like Gecko) Chrome/151.0.7922.34 Mobile Safari/537.36\x1B[22m\n' +
        '\x1B[2m    - accept: */*\x1B[22m\n' +
        '\x1B[2m    - accept-encoding: gzip,deflate,br\x1B[22m\n' +
        '\x1B[2m    - content-type: application/json\x1B[22m\n' +
        '\x1B[2m    - content-length: 53\x1B[22m\n',
      stack: 'Error: apiRequestContext.post: connect ECONNREFUSED ::1:4000\n' +
        'Call log:\n' +
        '\x1B[2m  - → POST http://localhost:4000/api/auth/login\x1B[22m\n' +
        '\x1B[2m    - user-agent: Mozilla/5.0 (Linux; Android 14; Pixel 7) AppleWebKit/537.36 (KHTML, like Gecko) Chrome/151.0.7922.34 Mobile Safari/537.36\x1B[22m\n' +
        '\x1B[2m    - accept: */*\x1B[22m\n' +
        '\x1B[2m    - accept-encoding: gzip,deflate,br\x1B[22m\n' +
        '\x1B[2m    - content-type: application/json\x1B[22m\n' +
        '\x1B[2m    - content-length: 53\x1B[22m\n' +
        '\n' +
        '    at apiRequestContext.post: connect ECONNREFUSED ::1:4000\n' +
        '    at AuthenticatedPage.loginViaApi (/home/tbaltzakis/cloudless.gr/e2e/helpers/page-helpers.ts:63:48)\n' +
        '    at /home/tbaltzakis/cloudless.gr/e2e/ui/pages/dashboard.spec.ts:21:20',
      cause: undefined
    }
  }
}
  ✘  6938 [mobile-chrome] › e2e/ui/pages/dashboard.spec.ts:165:9 › Dashboard Page › Responsive Design › should render correctly on mobile (558ms)
API login failed, falling back to UI login: apiRequestContext.post: connect ECONNREFUSED ::1:4000
Call log:
  - → POST http://localhost:4000/api/auth/login
    - user-agent: Mozilla/5.0 (Linux; Android 14; Pixel 7) AppleWebKit/537.36 (KHTML, like Gecko) Chrome/151.0.7922.34 Mobile Safari/537.36
    - accept: */*
    - accept-encoding: gzip,deflate,br
    - content-type: application/json
    - content-length: 53

    at AuthenticatedPage.loginViaApi (/home/tbaltzakis/cloudless.gr/e2e/helpers/page-helpers.ts:63:48)
    at /home/tbaltzakis/cloudless.gr/e2e/ui/pages/dashboard.spec.ts:21:20 {
  log: [
    '  - → POST http://localhost:4000/api/auth/login',
    '    - user-agent: Mozilla/5.0 (Linux; Android 14; Pixel 7) AppleWebKit/537.36 (KHTML, like Gecko) Chrome/151.0.7922.34 Mobile Safari/537.36',
    '    - accept: */*',
    '    - accept-encoding: gzip,deflate,br',
    '    - content-type: application/json',
    '    - content-length: 53'
  ],
  name: 'Error',
  Symbol(step): {
    location: {
      file: '/home/tbaltzakis/cloudless.gr/e2e/helpers/page-helpers.ts',
      line: 63,
      column: 48,
      function: 'AuthenticatedPage.loginViaApi'
    },
    category: 'pw:api',
    title: 'POST "/api/auth/login"',
    apiName: 'apiRequestContext.post',
    params: {
      url: '/api/auth/login',
      params: undefined,
      encodedParams: undefined,
      method: 'POST',
      headers: undefined,
      postData: undefined,
      jsonData: '{"email":"test@example.com","password":"password123"}',
      formData: undefined,
      multipartData: undefined,
      failOnStatusCode: undefined,
      ignoreHTTPSErrors: undefined,
      maxRedirects: undefined,
      maxRetries: undefined,
      __testHookLookup: undefined
    },
    group: undefined,
    stepId: 'pw:api@34',
    boxedStack: undefined,
    steps: [],
    attachmentIndices: [],
    info: TestStepInfoImpl {
      annotations: [],
      _testInfo: [TestInfoImpl],
      _stepId: 'pw:api@34',
      _title: 'POST "/api/auth/login"',
      _parentStep: [TestStepInfoImpl],
      skip: [Function (anonymous)]
    },
    complete: [Function: complete],
    endWallTime: 1786539915367,
    error: {
      message: 'Error: apiRequestContext.post: connect ECONNREFUSED ::1:4000\n' +
        'Call log:\n' +
        '\x1B[2m  - → POST http://localhost:4000/api/auth/login\x1B[22m\n' +
        '\x1B[2m    - user-agent: Mozilla/5.0 (Linux; Android 14; Pixel 7) AppleWebKit/537.36 (KHTML, like Gecko) Chrome/151.0.7922.34 Mobile Safari/537.36\x1B[22m\n' +
        '\x1B[2m    - accept: */*\x1B[22m\n' +
        '\x1B[2m    - accept-encoding: gzip,deflate,br\x1B[22m\n' +
        '\x1B[2m    - content-type: application/json\x1B[22m\n' +
        '\x1B[2m    - content-length: 53\x1B[22m\n',
      stack: 'Error: apiRequestContext.post: connect ECONNREFUSED ::1:4000\n' +
        'Call log:\n' +
        '\x1B[2m  - → POST http://localhost:4000/api/auth/login\x1B[22m\n' +
        '\x1B[2m    - user-agent: Mozilla/5.0 (Linux; Android 14; Pixel 7) AppleWebKit/537.36 (KHTML, like Gecko) Chrome/151.0.7922.34 Mobile Safari/537.36\x1B[22m\n' +
        '\x1B[2m    - accept: */*\x1B[22m\n' +
        '\x1B[2m    - accept-encoding: gzip,deflate,br\x1B[22m\n' +
        '\x1B[2m    - content-type: application/json\x1B[22m\n' +
        '\x1B[2m    - content-length: 53\x1B[22m\n' +
        '\n' +
        '    at apiRequestContext.post: connect ECONNREFUSED ::1:4000\n' +
        '    at AuthenticatedPage.loginViaApi (/home/tbaltzakis/cloudless.gr/e2e/helpers/page-helpers.ts:63:48)\n' +
        '    at /home/tbaltzakis/cloudless.gr/e2e/ui/pages/dashboard.spec.ts:21:20',
      cause: undefined
    }
  }
}
  ✘  6939 [mobile-chrome] › e2e/ui/pages/dashboard.spec.ts:194:9 › Dashboard Page › Responsive Design › should render correctly on tablet (597ms)
API login failed, falling back to UI login: apiRequestContext.post: connect ECONNREFUSED ::1:4000
Call log:
  - → POST http://localhost:4000/api/auth/login
    - user-agent: Mozilla/5.0 (Linux; Android 14; Pixel 7) AppleWebKit/537.36 (KHTML, like Gecko) Chrome/151.0.7922.34 Mobile Safari/537.36
    - accept: */*
    - accept-encoding: gzip,deflate,br
    - content-type: application/json
    - content-length: 53

    at AuthenticatedPage.loginViaApi (/home/tbaltzakis/cloudless.gr/e2e/helpers/page-helpers.ts:63:48)
    at /home/tbaltzakis/cloudless.gr/e2e/ui/pages/dashboard.spec.ts:21:20 {
  log: [
    '  - → POST http://localhost:4000/api/auth/login',
    '    - user-agent: Mozilla/5.0 (Linux; Android 14; Pixel 7) AppleWebKit/537.36 (KHTML, like Gecko) Chrome/151.0.7922.34 Mobile Safari/537.36',
    '    - accept: */*',
    '    - accept-encoding: gzip,deflate,br',
    '    - content-type: application/json',
    '    - content-length: 53'
  ],
  name: 'Error',
  Symbol(step): {
    location: {
      file: '/home/tbaltzakis/cloudless.gr/e2e/helpers/page-helpers.ts',
      line: 63,
      column: 48,
      function: 'AuthenticatedPage.loginViaApi'
    },
    category: 'pw:api',
    title: 'POST "/api/auth/login"',
    apiName: 'apiRequestContext.post',
    params: {
      url: '/api/auth/login',
      params: undefined,
      encodedParams: undefined,
      method: 'POST',
      headers: undefined,
      postData: undefined,
      jsonData: '{"email":"test@example.com","password":"password123"}',
      formData: undefined,
      multipartData: undefined,
      failOnStatusCode: undefined,
      ignoreHTTPSErrors: undefined,
      maxRedirects: undefined,
      maxRetries: undefined,
      __testHookLookup: undefined
    },
    group: undefined,
    stepId: 'pw:api@34',
    boxedStack: undefined,
    steps: [],
    attachmentIndices: [],
    info: TestStepInfoImpl {
      annotations: [],
      _testInfo: [TestInfoImpl],
      _stepId: 'pw:api@34',
      _title: 'POST "/api/auth/login"',
      _parentStep: [TestStepInfoImpl],
      skip: [Function (anonymous)]
    },
    complete: [Function: complete],
    endWallTime: 1786539915884,
    error: {
      message: 'Error: apiRequestContext.post: connect ECONNREFUSED ::1:4000\n' +
        'Call log:\n' +
        '\x1B[2m  - → POST http://localhost:4000/api/auth/login\x1B[22m\n' +
        '\x1B[2m    - user-agent: Mozilla/5.0 (Linux; Android 14; Pixel 7) AppleWebKit/537.36 (KHTML, like Gecko) Chrome/151.0.7922.34 Mobile Safari/537.36\x1B[22m\n' +
        '\x1B[2m    - accept: */*\x1B[22m\n' +
        '\x1B[2m    - accept-encoding: gzip,deflate,br\x1B[22m\n' +
        '\x1B[2m    - content-type: application/json\x1B[22m\n' +
        '\x1B[2m    - content-length: 53\x1B[22m\n',
      stack: 'Error: apiRequestContext.post: connect ECONNREFUSED ::1:4000\n' +
        'Call log:\n' +
        '\x1B[2m  - → POST http://localhost:4000/api/auth/login\x1B[22m\n' +
        '\x1B[2m    - user-agent: Mozilla/5.0 (Linux; Android 14; Pixel 7) AppleWebKit/537.36 (KHTML, like Gecko) Chrome/151.0.7922.34 Mobile Safari/537.36\x1B[22m\n' +
        '\x1B[2m    - accept: */*\x1B[22m\n' +
        '\x1B[2m    - accept-encoding: gzip,deflate,br\x1B[22m\n' +
        '\x1B[2m    - content-type: application/json\x1B[22m\n' +
        '\x1B[2m    - content-length: 53\x1B[22m\n' +
        '\n' +
        '    at apiRequestContext.post: connect ECONNREFUSED ::1:4000\n' +
        '    at AuthenticatedPage.loginViaApi (/home/tbaltzakis/cloudless.gr/e2e/helpers/page-helpers.ts:63:48)\n' +
        '    at /home/tbaltzakis/cloudless.gr/e2e/ui/pages/dashboard.spec.ts:21:20',
      cause: undefined
    }
  }
}
  ✘  6940 [mobile-chrome] › e2e/ui/pages/dashboard.spec.ts:165:9 › Dashboard Page › Responsive Design › should render correctly on mobile (retry #1) (603ms)
API login failed, falling back to UI login: apiRequestContext.post: connect ECONNREFUSED ::1:4000
Call log:
  - → POST http://localhost:4000/api/auth/login
    - user-agent: Mozilla/5.0 (Linux; Android 14; Pixel 7) AppleWebKit/537.36 (KHTML, like Gecko) Chrome/151.0.7922.34 Mobile Safari/537.36
    - accept: */*
    - accept-encoding: gzip,deflate,br
    - content-type: application/json
    - content-length: 53

    at AuthenticatedPage.loginViaApi (/home/tbaltzakis/cloudless.gr/e2e/helpers/page-helpers.ts:63:48)
    at /home/tbaltzakis/cloudless.gr/e2e/ui/pages/dashboard.spec.ts:21:20 {
  log: [
    '  - → POST http://localhost:4000/api/auth/login',
    '    - user-agent: Mozilla/5.0 (Linux; Android 14; Pixel 7) AppleWebKit/537.36 (KHTML, like Gecko) Chrome/151.0.7922.34 Mobile Safari/537.36',
    '    - accept: */*',
    '    - accept-encoding: gzip,deflate,br',
    '    - content-type: application/json',
    '    - content-length: 53'
  ],
  name: 'Error',
  Symbol(step): {
    location: {
      file: '/home/tbaltzakis/cloudless.gr/e2e/helpers/page-helpers.ts',
      line: 63,
      column: 48,
      function: 'AuthenticatedPage.loginViaApi'
    },
    category: 'pw:api',
    title: 'POST "/api/auth/login"',
    apiName: 'apiRequestContext.post',
    params: {
      url: '/api/auth/login',
      params: undefined,
      encodedParams: undefined,
      method: 'POST',
      headers: undefined,
      postData: undefined,
      jsonData: '{"email":"test@example.com","password":"password123"}',
      formData: undefined,
      multipartData: undefined,
      failOnStatusCode: undefined,
      ignoreHTTPSErrors: undefined,
      maxRedirects: undefined,
      maxRetries: undefined,
      __testHookLookup: undefined
    },
    group: undefined,
    stepId: 'pw:api@34',
    boxedStack: undefined,
    steps: [],
    attachmentIndices: [],
    info: TestStepInfoImpl {
      annotations: [],
      _testInfo: [TestInfoImpl],
      _stepId: 'pw:api@34',
      _title: 'POST "/api/auth/login"',
      _parentStep: [TestStepInfoImpl],
      skip: [Function (anonymous)]
    },
    complete: [Function: complete],
    endWallTime: 1786539916396,
    error: {
      message: 'Error: apiRequestContext.post: connect ECONNREFUSED ::1:4000\n' +
        'Call log:\n' +
        '\x1B[2m  - → POST http://localhost:4000/api/auth/login\x1B[22m\n' +
        '\x1B[2m    - user-agent: Mozilla/5.0 (Linux; Android 14; Pixel 7) AppleWebKit/537.36 (KHTML, like Gecko) Chrome/151.0.7922.34 Mobile Safari/537.36\x1B[22m\n' +
        '\x1B[2m    - accept: */*\x1B[22m\n' +
        '\x1B[2m    - accept-encoding: gzip,deflate,br\x1B[22m\n' +
        '\x1B[2m    - content-type: application/json\x1B[22m\n' +
        '\x1B[2m    - content-length: 53\x1B[22m\n',
      stack: 'Error: apiRequestContext.post: connect ECONNREFUSED ::1:4000\n' +
        'Call log:\n' +
        '\x1B[2m  - → POST http://localhost:4000/api/auth/login\x1B[22m\n' +
        '\x1B[2m    - user-agent: Mozilla/5.0 (Linux; Android 14; Pixel 7) AppleWebKit/537.36 (KHTML, like Gecko) Chrome/151.0.7922.34 Mobile Safari/537.36\x1B[22m\n' +
        '\x1B[2m    - accept: */*\x1B[22m\n' +
        '\x1B[2m    - accept-encoding: gzip,deflate,br\x1B[22m\n' +
        '\x1B[2m    - content-type: application/json\x1B[22m\n' +
        '\x1B[2m    - content-length: 53\x1B[22m\n' +
        '\n' +
        '    at apiRequestContext.post: connect ECONNREFUSED ::1:4000\n' +
        '    at AuthenticatedPage.loginViaApi (/home/tbaltzakis/cloudless.gr/e2e/helpers/page-helpers.ts:63:48)\n' +
        '    at /home/tbaltzakis/cloudless.gr/e2e/ui/pages/dashboard.spec.ts:21:20',
      cause: undefined
    }
  }
}
  ✘  6941 [mobile-chrome] › e2e/ui/pages/dashboard.spec.ts:194:9 › Dashboard Page › Responsive Design › should render correctly on tablet (retry #1) (633ms)
API login failed, falling back to UI login: apiRequestContext.post: connect ECONNREFUSED ::1:4000
Call log:
  - → POST http://localhost:4000/api/auth/login
    - user-agent: Mozilla/5.0 (Linux; Android 14; Pixel 7) AppleWebKit/537.36 (KHTML, like Gecko) Chrome/151.0.7922.34 Mobile Safari/537.36
    - accept: */*
    - accept-encoding: gzip,deflate,br
    - content-type: application/json
    - content-length: 53

    at AuthenticatedPage.loginViaApi (/home/tbaltzakis/cloudless.gr/e2e/helpers/page-helpers.ts:63:48)
    at /home/tbaltzakis/cloudless.gr/e2e/ui/pages/dashboard.spec.ts:21:20 {
  log: [
    '  - → POST http://localhost:4000/api/auth/login',
    '    - user-agent: Mozilla/5.0 (Linux; Android 14; Pixel 7) AppleWebKit/537.36 (KHTML, like Gecko) Chrome/151.0.7922.34 Mobile Safari/537.36',
    '    - accept: */*',
    '    - accept-encoding: gzip,deflate,br',
    '    - content-type: application/json',
    '    - content-length: 53'
  ],
  name: 'Error',
  Symbol(step): {
    location: {
      file: '/home/tbaltzakis/cloudless.gr/e2e/helpers/page-helpers.ts',
      line: 63,
      column: 48,
      function: 'AuthenticatedPage.loginViaApi'
    },
    category: 'pw:api',
    title: 'POST "/api/auth/login"',
    apiName: 'apiRequestContext.post',
    params: {
      url: '/api/auth/login',
      params: undefined,
      encodedParams: undefined,
      method: 'POST',
      headers: undefined,
      postData: undefined,
      jsonData: '{"email":"test@example.com","password":"password123"}',
      formData: undefined,
      multipartData: undefined,
      failOnStatusCode: undefined,
      ignoreHTTPSErrors: undefined,
      maxRedirects: undefined,
      maxRetries: undefined,
      __testHookLookup: undefined
    },
    group: undefined,
    stepId: 'pw:api@34',
    boxedStack: undefined,
    steps: [],
    attachmentIndices: [],
    info: TestStepInfoImpl {
      annotations: [],
      _testInfo: [TestInfoImpl],
      _stepId: 'pw:api@34',
      _title: 'POST "/api/auth/login"',
      _parentStep: [TestStepInfoImpl],
      skip: [Function (anonymous)]
    },
    complete: [Function: complete],
    endWallTime: 1786539916966,
    error: {
      message: 'Error: apiRequestContext.post: connect ECONNREFUSED ::1:4000\n' +
        'Call log:\n' +
        '\x1B[2m  - → POST http://localhost:4000/api/auth/login\x1B[22m\n' +
        '\x1B[2m    - user-agent: Mozilla/5.0 (Linux; Android 14; Pixel 7) AppleWebKit/537.36 (KHTML, like Gecko) Chrome/151.0.7922.34 Mobile Safari/537.36\x1B[22m\n' +
        '\x1B[2m    - accept: */*\x1B[22m\n' +
        '\x1B[2m    - accept-encoding: gzip,deflate,br\x1B[22m\n' +
        '\x1B[2m    - content-type: application/json\x1B[22m\n' +
        '\x1B[2m    - content-length: 53\x1B[22m\n',
      stack: 'Error: apiRequestContext.post: connect ECONNREFUSED ::1:4000\n' +
        'Call log:\n' +
        '\x1B[2m  - → POST http://localhost:4000/api/auth/login\x1B[22m\n' +
        '\x1B[2m    - user-agent: Mozilla/5.0 (Linux; Android 14; Pixel 7) AppleWebKit/537.36 (KHTML, like Gecko) Chrome/151.0.7922.34 Mobile Safari/537.36\x1B[22m\n' +
        '\x1B[2m    - accept: */*\x1B[22m\n' +
        '\x1B[2m    - accept-encoding: gzip,deflate,br\x1B[22m\n' +
        '\x1B[2m    - content-type: application/json\x1B[22m\n' +
        '\x1B[2m    - content-length: 53\x1B[22m\n' +
        '\n' +
        '    at apiRequestContext.post: connect ECONNREFUSED ::1:4000\n' +
        '    at AuthenticatedPage.loginViaApi (/home/tbaltzakis/cloudless.gr/e2e/helpers/page-helpers.ts:63:48)\n' +
        '    at /home/tbaltzakis/cloudless.gr/e2e/ui/pages/dashboard.spec.ts:21:20',
      cause: undefined
    }
  }
}
  ✘  6942 [mobile-chrome] › e2e/ui/pages/dashboard.spec.ts:211:9 › Dashboard Page › Responsive Design › should render correctly on desktop (600ms)
API login failed, falling back to UI login: apiRequestContext.post: connect ECONNREFUSED ::1:4000
Call log:
  - → POST http://localhost:4000/api/auth/login
    - user-agent: Mozilla/5.0 (Linux; Android 14; Pixel 7) AppleWebKit/537.36 (KHTML, like Gecko) Chrome/151.0.7922.34 Mobile Safari/537.36
    - accept: */*
    - accept-encoding: gzip,deflate,br
    - content-type: application/json
    - content-length: 53

    at AuthenticatedPage.loginViaApi (/home/tbaltzakis/cloudless.gr/e2e/helpers/page-helpers.ts:63:48)
    at /home/tbaltzakis/cloudless.gr/e2e/ui/pages/dashboard.spec.ts:21:20 {
  log: [
    '  - → POST http://localhost:4000/api/auth/login',
    '    - user-agent: Mozilla/5.0 (Linux; Android 14; Pixel 7) AppleWebKit/537.36 (KHTML, like Gecko) Chrome/151.0.7922.34 Mobile Safari/537.36',
    '    - accept: */*',
    '    - accept-encoding: gzip,deflate,br',
    '    - content-type: application/json',
    '    - content-length: 53'
  ],
  name: 'Error',
  Symbol(step): {
    location: {
      file: '/home/tbaltzakis/cloudless.gr/e2e/helpers/page-helpers.ts',
      line: 63,
      column: 48,
      function: 'AuthenticatedPage.loginViaApi'
    },
    category: 'pw:api',
    title: 'POST "/api/auth/login"',
    apiName: 'apiRequestContext.post',
    params: {
      url: '/api/auth/login',
      params: undefined,
      encodedParams: undefined,
      method: 'POST',
      headers: undefined,
      postData: undefined,
      jsonData: '{"email":"test@example.com","password":"password123"}',
      formData: undefined,
      multipartData: undefined,
      failOnStatusCode: undefined,
      ignoreHTTPSErrors: undefined,
      maxRedirects: undefined,
      maxRetries: undefined,
      __testHookLookup: undefined
    },
    group: undefined,
    stepId: 'pw:api@34',
    boxedStack: undefined,
    steps: [],
    attachmentIndices: [],
    info: TestStepInfoImpl {
      annotations: [],
      _testInfo: [TestInfoImpl],
      _stepId: 'pw:api@34',
      _title: 'POST "/api/auth/login"',
      _parentStep: [TestStepInfoImpl],
      skip: [Function (anonymous)]
    },
    complete: [Function: complete],
    endWallTime: 1786539917497,
    error: {
      message: 'Error: apiRequestContext.post: connect ECONNREFUSED ::1:4000\n' +
        'Call log:\n' +
        '\x1B[2m  - → POST http://localhost:4000/api/auth/login\x1B[22m\n' +
        '\x1B[2m    - user-agent: Mozilla/5.0 (Linux; Android 14; Pixel 7) AppleWebKit/537.36 (KHTML, like Gecko) Chrome/151.0.7922.34 Mobile Safari/537.36\x1B[22m\n' +
        '\x1B[2m    - accept: */*\x1B[22m\n' +
        '\x1B[2m    - accept-encoding: gzip,deflate,br\x1B[22m\n' +
        '\x1B[2m    - content-type: application/json\x1B[22m\n' +
        '\x1B[2m    - content-length: 53\x1B[22m\n',
      stack: 'Error: apiRequestContext.post: connect ECONNREFUSED ::1:4000\n' +
        'Call log:\n' +
        '\x1B[2m  - → POST http://localhost:4000/api/auth/login\x1B[22m\n' +
        '\x1B[2m    - user-agent: Mozilla/5.0 (Linux; Android 14; Pixel 7) AppleWebKit/537.36 (KHTML, like Gecko) Chrome/151.0.7922.34 Mobile Safari/537.36\x1B[22m\n' +
        '\x1B[2m    - accept: */*\x1B[22m\n' +
        '\x1B[2m    - accept-encoding: gzip,deflate,br\x1B[22m\n' +
        '\x1B[2m    - content-type: application/json\x1B[22m\n' +
        '\x1B[2m    - content-length: 53\x1B[22m\n' +
        '\n' +
        '    at apiRequestContext.post: connect ECONNREFUSED ::1:4000\n' +
        '    at AuthenticatedPage.loginViaApi (/home/tbaltzakis/cloudless.gr/e2e/helpers/page-helpers.ts:63:48)\n' +
        '    at /home/tbaltzakis/cloudless.gr/e2e/ui/pages/dashboard.spec.ts:21:20',
      cause: undefined
    }
  }
}
  ✘  6943 [mobile-chrome] › e2e/ui/pages/dashboard.spec.ts:240:9 › Dashboard Page › Accessibility › should have proper language attribute (571ms)
API login failed, falling back to UI login: apiRequestContext.post: connect ECONNREFUSED ::1:4000
Call log:
  - → POST http://localhost:4000/api/auth/login
    - user-agent: Mozilla/5.0 (Linux; Android 14; Pixel 7) AppleWebKit/537.36 (KHTML, like Gecko) Chrome/151.0.7922.34 Mobile Safari/537.36
    - accept: */*
    - accept-encoding: gzip,deflate,br
    - content-type: application/json
    - content-length: 53

    at AuthenticatedPage.loginViaApi (/home/tbaltzakis/cloudless.gr/e2e/helpers/page-helpers.ts:63:48)
    at /home/tbaltzakis/cloudless.gr/e2e/ui/pages/dashboard.spec.ts:21:20 {
  log: [
    '  - → POST http://localhost:4000/api/auth/login',
    '    - user-agent: Mozilla/5.0 (Linux; Android 14; Pixel 7) AppleWebKit/537.36 (KHTML, like Gecko) Chrome/151.0.7922.34 Mobile Safari/537.36',
    '    - accept: */*',
    '    - accept-encoding: gzip,deflate,br',
    '    - content-type: application/json',
    '    - content-length: 53'
  ],
  name: 'Error',
  Symbol(step): {
    location: {
      file: '/home/tbaltzakis/cloudless.gr/e2e/helpers/page-helpers.ts',
      line: 63,
      column: 48,
      function: 'AuthenticatedPage.loginViaApi'
    },
    category: 'pw:api',
    title: 'POST "/api/auth/login"',
    apiName: 'apiRequestContext.post',
    params: {
      url: '/api/auth/login',
      params: undefined,
      encodedParams: undefined,
      method: 'POST',
      headers: undefined,
      postData: undefined,
      jsonData: '{"email":"test@example.com","password":"password123"}',
      formData: undefined,
      multipartData: undefined,
      failOnStatusCode: undefined,
      ignoreHTTPSErrors: undefined,
      maxRedirects: undefined,
      maxRetries: undefined,
      __testHookLookup: undefined
    },
    group: undefined,
    stepId: 'pw:api@34',
    boxedStack: undefined,
    steps: [],
    attachmentIndices: [],
    info: TestStepInfoImpl {
      annotations: [],
      _testInfo: [TestInfoImpl],
      _stepId: 'pw:api@34',
      _title: 'POST "/api/auth/login"',
      _parentStep: [TestStepInfoImpl],
      skip: [Function (anonymous)]
    },
    complete: [Function: complete],
    endWallTime: 1786539917981,
    error: {
      message: 'Error: apiRequestContext.post: connect ECONNREFUSED ::1:4000\n' +
        'Call log:\n' +
        '\x1B[2m  - → POST http://localhost:4000/api/auth/login\x1B[22m\n' +
        '\x1B[2m    - user-agent: Mozilla/5.0 (Linux; Android 14; Pixel 7) AppleWebKit/537.36 (KHTML, like Gecko) Chrome/151.0.7922.34 Mobile Safari/537.36\x1B[22m\n' +
        '\x1B[2m    - accept: */*\x1B[22m\n' +
        '\x1B[2m    - accept-encoding: gzip,deflate,br\x1B[22m\n' +
        '\x1B[2m    - content-type: application/json\x1B[22m\n' +
        '\x1B[2m    - content-length: 53\x1B[22m\n',
      stack: 'Error: apiRequestContext.post: connect ECONNREFUSED ::1:4000\n' +
        'Call log:\n' +
        '\x1B[2m  - → POST http://localhost:4000/api/auth/login\x1B[22m\n' +
        '\x1B[2m    - user-agent: Mozilla/5.0 (Linux; Android 14; Pixel 7) AppleWebKit/537.36 (KHTML, like Gecko) Chrome/151.0.7922.34 Mobile Safari/537.36\x1B[22m\n' +
        '\x1B[2m    - accept: */*\x1B[22m\n' +
        '\x1B[2m    - accept-encoding: gzip,deflate,br\x1B[22m\n' +
        '\x1B[2m    - content-type: application/json\x1B[22m\n' +
        '\x1B[2m    - content-length: 53\x1B[22m\n' +
        '\n' +
        '    at apiRequestContext.post: connect ECONNREFUSED ::1:4000\n' +
        '    at AuthenticatedPage.loginViaApi (/home/tbaltzakis/cloudless.gr/e2e/helpers/page-helpers.ts:63:48)\n' +
        '    at /home/tbaltzakis/cloudless.gr/e2e/ui/pages/dashboard.spec.ts:21:20',
      cause: undefined
    }
  }
}
  ✘  6944 [mobile-chrome] › e2e/ui/pages/dashboard.spec.ts:211:9 › Dashboard Page › Responsive Design › should render correctly on desktop (retry #1) (611ms)
API login failed, falling back to UI login: apiRequestContext.post: connect ECONNREFUSED ::1:4000
Call log:
  - → POST http://localhost:4000/api/auth/login
    - user-agent: Mozilla/5.0 (Linux; Android 14; Pixel 7) AppleWebKit/537.36 (KHTML, like Gecko) Chrome/151.0.7922.34 Mobile Safari/537.36
    - accept: */*
    - accept-encoding: gzip,deflate,br
    - content-type: application/json
    - content-length: 53

    at AuthenticatedPage.loginViaApi (/home/tbaltzakis/cloudless.gr/e2e/helpers/page-helpers.ts:63:48)
    at /home/tbaltzakis/cloudless.gr/e2e/ui/pages/dashboard.spec.ts:21:20 {
  log: [
    '  - → POST http://localhost:4000/api/auth/login',
    '    - user-agent: Mozilla/5.0 (Linux; Android 14; Pixel 7) AppleWebKit/537.36 (KHTML, like Gecko) Chrome/151.0.7922.34 Mobile Safari/537.36',
    '    - accept: */*',
    '    - accept-encoding: gzip,deflate,br',
    '    - content-type: application/json',
    '    - content-length: 53'
  ],
  name: 'Error',
  Symbol(step): {
    location: {
      file: '/home/tbaltzakis/cloudless.gr/e2e/helpers/page-helpers.ts',
      line: 63,
      column: 48,
      function: 'AuthenticatedPage.loginViaApi'
    },
    category: 'pw:api',
    title: 'POST "/api/auth/login"',
    apiName: 'apiRequestContext.post',
    params: {
      url: '/api/auth/login',
      params: undefined,
      encodedParams: undefined,
      method: 'POST',
      headers: undefined,
      postData: undefined,
      jsonData: '{"email":"test@example.com","password":"password123"}',
      formData: undefined,
      multipartData: undefined,
      failOnStatusCode: undefined,
      ignoreHTTPSErrors: undefined,
      maxRedirects: undefined,
      maxRetries: undefined,
      __testHookLookup: undefined
    },
    group: undefined,
    stepId: 'pw:api@34',
    boxedStack: undefined,
    steps: [],
    attachmentIndices: [],
    info: TestStepInfoImpl {
      annotations: [],
      _testInfo: [TestInfoImpl],
      _stepId: 'pw:api@34',
      _title: 'POST "/api/auth/login"',
      _parentStep: [TestStepInfoImpl],
      skip: [Function (anonymous)]
    },
    complete: [Function: complete],
    endWallTime: 1786539918542,
    error: {
      message: 'Error: apiRequestContext.post: connect ECONNREFUSED ::1:4000\n' +
        'Call log:\n' +
        '\x1B[2m  - → POST http://localhost:4000/api/auth/login\x1B[22m\n' +
        '\x1B[2m    - user-agent: Mozilla/5.0 (Linux; Android 14; Pixel 7) AppleWebKit/537.36 (KHTML, like Gecko) Chrome/151.0.7922.34 Mobile Safari/537.36\x1B[22m\n' +
        '\x1B[2m    - accept: */*\x1B[22m\n' +
        '\x1B[2m    - accept-encoding: gzip,deflate,br\x1B[22m\n' +
        '\x1B[2m    - content-type: application/json\x1B[22m\n' +
        '\x1B[2m    - content-length: 53\x1B[22m\n',
      stack: 'Error: apiRequestContext.post: connect ECONNREFUSED ::1:4000\n' +
        'Call log:\n' +
        '\x1B[2m  - → POST http://localhost:4000/api/auth/login\x1B[22m\n' +
        '\x1B[2m    - user-agent: Mozilla/5.0 (Linux; Android 14; Pixel 7) AppleWebKit/537.36 (KHTML, like Gecko) Chrome/151.0.7922.34 Mobile Safari/537.36\x1B[22m\n' +
        '\x1B[2m    - accept: */*\x1B[22m\n' +
        '\x1B[2m    - accept-encoding: gzip,deflate,br\x1B[22m\n' +
        '\x1B[2m    - content-type: application/json\x1B[22m\n' +
        '\x1B[2m    - content-length: 53\x1B[22m\n' +
        '\n' +
        '    at apiRequestContext.post: connect ECONNREFUSED ::1:4000\n' +
        '    at AuthenticatedPage.loginViaApi (/home/tbaltzakis/cloudless.gr/e2e/helpers/page-helpers.ts:63:48)\n' +
        '    at /home/tbaltzakis/cloudless.gr/e2e/ui/pages/dashboard.spec.ts:21:20',
      cause: undefined
    }
  }
}
  ✘  6945 [mobile-chrome] › e2e/ui/pages/dashboard.spec.ts:240:9 › Dashboard Page › Accessibility › should have proper language attribute (retry #1) (605ms)
API login failed, falling back to UI login: apiRequestContext.post: connect ECONNREFUSED ::1:4000
Call log:
  - → POST http://localhost:4000/api/auth/login
    - user-agent: Mozilla/5.0 (Linux; Android 14; Pixel 7) AppleWebKit/537.36 (KHTML, like Gecko) Chrome/151.0.7922.34 Mobile Safari/537.36
    - accept: */*
    - accept-encoding: gzip,deflate,br
    - content-type: application/json
    - content-length: 53

    at AuthenticatedPage.loginViaApi (/home/tbaltzakis/cloudless.gr/e2e/helpers/page-helpers.ts:63:48)
    at /home/tbaltzakis/cloudless.gr/e2e/ui/pages/dashboard.spec.ts:21:20 {
  log: [
    '  - → POST http://localhost:4000/api/auth/login',
    '    - user-agent: Mozilla/5.0 (Linux; Android 14; Pixel 7) AppleWebKit/537.36 (KHTML, like Gecko) Chrome/151.0.7922.34 Mobile Safari/537.36',
    '    - accept: */*',
    '    - accept-encoding: gzip,deflate,br',
    '    - content-type: application/json',
    '    - content-length: 53'
  ],
  name: 'Error',
  Symbol(step): {
    location: {
      file: '/home/tbaltzakis/cloudless.gr/e2e/helpers/page-helpers.ts',
      line: 63,
      column: 48,
      function: 'AuthenticatedPage.loginViaApi'
    },
    category: 'pw:api',
    title: 'POST "/api/auth/login"',
    apiName: 'apiRequestContext.post',
    params: {
      url: '/api/auth/login',
      params: undefined,
      encodedParams: undefined,
      method: 'POST',
      headers: undefined,
      postData: undefined,
      jsonData: '{"email":"test@example.com","password":"password123"}',
      formData: undefined,
      multipartData: undefined,
      failOnStatusCode: undefined,
      ignoreHTTPSErrors: undefined,
      maxRedirects: undefined,
      maxRetries: undefined,
      __testHookLookup: undefined
    },
    group: undefined,
    stepId: 'pw:api@34',
    boxedStack: undefined,
    steps: [],
    attachmentIndices: [],
    info: TestStepInfoImpl {
      annotations: [],
      _testInfo: [TestInfoImpl],
      _stepId: 'pw:api@34',
      _title: 'POST "/api/auth/login"',
      _parentStep: [TestStepInfoImpl],
      skip: [Function (anonymous)]
    },
    complete: [Function: complete],
    endWallTime: 1786539919071,
    error: {
      message: 'Error: apiRequestContext.post: connect ECONNREFUSED ::1:4000\n' +
        'Call log:\n' +
        '\x1B[2m  - → POST http://localhost:4000/api/auth/login\x1B[22m\n' +
        '\x1B[2m    - user-agent: Mozilla/5.0 (Linux; Android 14; Pixel 7) AppleWebKit/537.36 (KHTML, like Gecko) Chrome/151.0.7922.34 Mobile Safari/537.36\x1B[22m\n' +
        '\x1B[2m    - accept: */*\x1B[22m\n' +
        '\x1B[2m    - accept-encoding: gzip,deflate,br\x1B[22m\n' +
        '\x1B[2m    - content-type: application/json\x1B[22m\n' +
        '\x1B[2m    - content-length: 53\x1B[22m\n',
      stack: 'Error: apiRequestContext.post: connect ECONNREFUSED ::1:4000\n' +
        'Call log:\n' +
        '\x1B[2m  - → POST http://localhost:4000/api/auth/login\x1B[22m\n' +
        '\x1B[2m    - user-agent: Mozilla/5.0 (Linux; Android 14; Pixel 7) AppleWebKit/537.36 (KHTML, like Gecko) Chrome/151.0.7922.34 Mobile Safari/537.36\x1B[22m\n' +
        '\x1B[2m    - accept: */*\x1B[22m\n' +
        '\x1B[2m    - accept-encoding: gzip,deflate,br\x1B[22m\n' +
        '\x1B[2m    - content-type: application/json\x1B[22m\n' +
        '\x1B[2m    - content-length: 53\x1B[22m\n' +
        '\n' +
        '    at apiRequestContext.post: connect ECONNREFUSED ::1:4000\n' +
        '    at AuthenticatedPage.loginViaApi (/home/tbaltzakis/cloudless.gr/e2e/helpers/page-helpers.ts:63:48)\n' +
        '    at /home/tbaltzakis/cloudless.gr/e2e/ui/pages/dashboard.spec.ts:21:20',
      cause: undefined
    }
  }
}
  ✘  6946 [mobile-chrome] › e2e/ui/pages/dashboard.spec.ts:246:9 › Dashboard Page › Accessibility › should have proper heading structure (586ms)
API login failed, falling back to UI login: apiRequestContext.post: connect ECONNREFUSED ::1:4000
Call log:
  - → POST http://localhost:4000/api/auth/login
    - user-agent: Mozilla/5.0 (Linux; Android 14; Pixel 7) AppleWebKit/537.36 (KHTML, like Gecko) Chrome/151.0.7922.34 Mobile Safari/537.36
    - accept: */*
    - accept-encoding: gzip,deflate,br
    - content-type: application/json
    - content-length: 53

    at AuthenticatedPage.loginViaApi (/home/tbaltzakis/cloudless.gr/e2e/helpers/page-helpers.ts:63:48)
    at /home/tbaltzakis/cloudless.gr/e2e/ui/pages/dashboard.spec.ts:21:20 {
  log: [
    '  - → POST http://localhost:4000/api/auth/login',
    '    - user-agent: Mozilla/5.0 (Linux; Android 14; Pixel 7) AppleWebKit/537.36 (KHTML, like Gecko) Chrome/151.0.7922.34 Mobile Safari/537.36',
    '    - accept: */*',
    '    - accept-encoding: gzip,deflate,br',
    '    - content-type: application/json',
    '    - content-length: 53'
  ],
  name: 'Error',
  Symbol(step): {
    location: {
      file: '/home/tbaltzakis/cloudless.gr/e2e/helpers/page-helpers.ts',
      line: 63,
      column: 48,
      function: 'AuthenticatedPage.loginViaApi'
    },
    category: 'pw:api',
    title: 'POST "/api/auth/login"',
    apiName: 'apiRequestContext.post',
    params: {
      url: '/api/auth/login',
      params: undefined,
      encodedParams: undefined,
      method: 'POST',
      headers: undefined,
      postData: undefined,
      jsonData: '{"email":"test@example.com","password":"password123"}',
      formData: undefined,
      multipartData: undefined,
      failOnStatusCode: undefined,
      ignoreHTTPSErrors: undefined,
      maxRedirects: undefined,
      maxRetries: undefined,
      __testHookLookup: undefined
    },
    group: undefined,
    stepId: 'pw:api@34',
    boxedStack: undefined,
    steps: [],
    attachmentIndices: [],
    info: TestStepInfoImpl {
      annotations: [],
      _testInfo: [TestInfoImpl],
      _stepId: 'pw:api@34',
      _title: 'POST "/api/auth/login"',
      _parentStep: [TestStepInfoImpl],
      skip: [Function (anonymous)]
    },
    complete: [Function: complete],
    endWallTime: 1786539919601,
    error: {
      message: 'Error: apiRequestContext.post: connect ECONNREFUSED ::1:4000\n' +
        'Call log:\n' +
        '\x1B[2m  - → POST http://localhost:4000/api/auth/login\x1B[22m\n' +
        '\x1B[2m    - user-agent: Mozilla/5.0 (Linux; Android 14; Pixel 7) AppleWebKit/537.36 (KHTML, like Gecko) Chrome/151.0.7922.34 Mobile Safari/537.36\x1B[22m\n' +
        '\x1B[2m    - accept: */*\x1B[22m\n' +
        '\x1B[2m    - accept-encoding: gzip,deflate,br\x1B[22m\n' +
        '\x1B[2m    - content-type: application/json\x1B[22m\n' +
        '\x1B[2m    - content-length: 53\x1B[22m\n',
      stack: 'Error: apiRequestContext.post: connect ECONNREFUSED ::1:4000\n' +
        'Call log:\n' +
        '\x1B[2m  - → POST http://localhost:4000/api/auth/login\x1B[22m\n' +
        '\x1B[2m    - user-agent: Mozilla/5.0 (Linux; Android 14; Pixel 7) AppleWebKit/537.36 (KHTML, like Gecko) Chrome/151.0.7922.34 Mobile Safari/537.36\x1B[22m\n' +
        '\x1B[2m    - accept: */*\x1B[22m\n' +
        '\x1B[2m    - accept-encoding: gzip,deflate,br\x1B[22m\n' +
        '\x1B[2m    - content-type: application/json\x1B[22m\n' +
        '\x1B[2m    - content-length: 53\x1B[22m\n' +
        '\n' +
        '    at apiRequestContext.post: connect ECONNREFUSED ::1:4000\n' +
        '    at AuthenticatedPage.loginViaApi (/home/tbaltzakis/cloudless.gr/e2e/helpers/page-helpers.ts:63:48)\n' +
        '    at /home/tbaltzakis/cloudless.gr/e2e/ui/pages/dashboard.spec.ts:21:20',
      cause: undefined
    }
  }
}
  ✘  6947 [mobile-chrome] › e2e/ui/pages/dashboard.spec.ts:264:9 › Dashboard Page › Accessibility › should have accessible navigation (591ms)
API login failed, falling back to UI login: apiRequestContext.post: connect ECONNREFUSED ::1:4000
Call log:
  - → POST http://localhost:4000/api/auth/login
    - user-agent: Mozilla/5.0 (Linux; Android 14; Pixel 7) AppleWebKit/537.36 (KHTML, like Gecko) Chrome/151.0.7922.34 Mobile Safari/537.36
    - accept: */*
    - accept-encoding: gzip,deflate,br
    - content-type: application/json
    - content-length: 53

    at AuthenticatedPage.loginViaApi (/home/tbaltzakis/cloudless.gr/e2e/helpers/page-helpers.ts:63:48)
    at /home/tbaltzakis/cloudless.gr/e2e/ui/pages/dashboard.spec.ts:21:20 {
  log: [
    '  - → POST http://localhost:4000/api/auth/login',
    '    - user-agent: Mozilla/5.0 (Linux; Android 14; Pixel 7) AppleWebKit/537.36 (KHTML, like Gecko) Chrome/151.0.7922.34 Mobile Safari/537.36',
    '    - accept: */*',
    '    - accept-encoding: gzip,deflate,br',
    '    - content-type: application/json',
    '    - content-length: 53'
  ],
  name: 'Error',
  Symbol(step): {
    location: {
      file: '/home/tbaltzakis/cloudless.gr/e2e/helpers/page-helpers.ts',
      line: 63,
      column: 48,
      function: 'AuthenticatedPage.loginViaApi'
    },
    category: 'pw:api',
    title: 'POST "/api/auth/login"',
    apiName: 'apiRequestContext.post',
    params: {
      url: '/api/auth/login',
      params: undefined,
      encodedParams: undefined,
      method: 'POST',
      headers: undefined,
      postData: undefined,
      jsonData: '{"email":"test@example.com","password":"password123"}',
      formData: undefined,
      multipartData: undefined,
      failOnStatusCode: undefined,
      ignoreHTTPSErrors: undefined,
      maxRedirects: undefined,
      maxRetries: undefined,
      __testHookLookup: undefined
    },
    group: undefined,
    stepId: 'pw:api@34',
    boxedStack: undefined,
    steps: [],
    attachmentIndices: [],
    info: TestStepInfoImpl {
      annotations: [],
      _testInfo: [TestInfoImpl],
      _stepId: 'pw:api@34',
      _title: 'POST "/api/auth/login"',
      _parentStep: [TestStepInfoImpl],
      skip: [Function (anonymous)]
    },
    complete: [Function: complete],
    endWallTime: 1786539920117,
    error: {
      message: 'Error: apiRequestContext.post: connect ECONNREFUSED ::1:4000\n' +
        'Call log:\n' +
        '\x1B[2m  - → POST http://localhost:4000/api/auth/login\x1B[22m\n' +
        '\x1B[2m    - user-agent: Mozilla/5.0 (Linux; Android 14; Pixel 7) AppleWebKit/537.36 (KHTML, like Gecko) Chrome/151.0.7922.34 Mobile Safari/537.36\x1B[22m\n' +
        '\x1B[2m    - accept: */*\x1B[22m\n' +
        '\x1B[2m    - accept-encoding: gzip,deflate,br\x1B[22m\n' +
        '\x1B[2m    - content-type: application/json\x1B[22m\n' +
        '\x1B[2m    - content-length: 53\x1B[22m\n',
      stack: 'Error: apiRequestContext.post: connect ECONNREFUSED ::1:4000\n' +
        'Call log:\n' +
        '\x1B[2m  - → POST http://localhost:4000/api/auth/login\x1B[22m\n' +
        '\x1B[2m    - user-agent: Mozilla/5.0 (Linux; Android 14; Pixel 7) AppleWebKit/537.36 (KHTML, like Gecko) Chrome/151.0.7922.34 Mobile Safari/537.36\x1B[22m\n' +
        '\x1B[2m    - accept: */*\x1B[22m\n' +
        '\x1B[2m    - accept-encoding: gzip,deflate,br\x1B[22m\n' +
        '\x1B[2m    - content-type: application/json\x1B[22m\n' +
        '\x1B[2m    - content-length: 53\x1B[22m\n' +
        '\n' +
        '    at apiRequestContext.post: connect ECONNREFUSED ::1:4000\n' +
        '    at AuthenticatedPage.loginViaApi (/home/tbaltzakis/cloudless.gr/e2e/helpers/page-helpers.ts:63:48)\n' +
        '    at /home/tbaltzakis/cloudless.gr/e2e/ui/pages/dashboard.spec.ts:21:20',
      cause: undefined
    }
  }
}
  ✘  6948 [mobile-chrome] › e2e/ui/pages/dashboard.spec.ts:246:9 › Dashboard Page › Accessibility › should have proper heading structure (retry #1) (642ms)
API login failed, falling back to UI login: apiRequestContext.post: connect ECONNREFUSED ::1:4000
Call log:
  - → POST http://localhost:4000/api/auth/login
    - user-agent: Mozilla/5.0 (Linux; Android 14; Pixel 7) AppleWebKit/537.36 (KHTML, like Gecko) Chrome/151.0.7922.34 Mobile Safari/537.36
    - accept: */*
    - accept-encoding: gzip,deflate,br
    - content-type: application/json
    - content-length: 53

    at AuthenticatedPage.loginViaApi (/home/tbaltzakis/cloudless.gr/e2e/helpers/page-helpers.ts:63:48)
    at /home/tbaltzakis/cloudless.gr/e2e/ui/pages/dashboard.spec.ts:21:20 {
  log: [
    '  - → POST http://localhost:4000/api/auth/login',
    '    - user-agent: Mozilla/5.0 (Linux; Android 14; Pixel 7) AppleWebKit/537.36 (KHTML, like Gecko) Chrome/151.0.7922.34 Mobile Safari/537.36',
    '    - accept: */*',
    '    - accept-encoding: gzip,deflate,br',
    '    - content-type: application/json',
    '    - content-length: 53'
  ],
  name: 'Error',
  Symbol(step): {
    location: {
      file: '/home/tbaltzakis/cloudless.gr/e2e/helpers/page-helpers.ts',
      line: 63,
      column: 48,
      function: 'AuthenticatedPage.loginViaApi'
    },
    category: 'pw:api',
    title: 'POST "/api/auth/login"',
    apiName: 'apiRequestContext.post',
    params: {
      url: '/api/auth/login',
      params: undefined,
      encodedParams: undefined,
      method: 'POST',
      headers: undefined,
      postData: undefined,
      jsonData: '{"email":"test@example.com","password":"password123"}',
      formData: undefined,
      multipartData: undefined,
      failOnStatusCode: undefined,
      ignoreHTTPSErrors: undefined,
      maxRedirects: undefined,
      maxRetries: undefined,
      __testHookLookup: undefined
    },
    group: undefined,
    stepId: 'pw:api@34',
    boxedStack: undefined,
    steps: [],
    attachmentIndices: [],
    info: TestStepInfoImpl {
      annotations: [],
      _testInfo: [TestInfoImpl],
      _stepId: 'pw:api@34',
      _title: 'POST "/api/auth/login"',
      _parentStep: [TestStepInfoImpl],
      skip: [Function (anonymous)]
    },
    complete: [Function: complete],
    endWallTime: 1786539920632,
    error: {
      message: 'Error: apiRequestContext.post: connect ECONNREFUSED ::1:4000\n' +
        'Call log:\n' +
        '\x1B[2m  - → POST http://localhost:4000/api/auth/login\x1B[22m\n' +
        '\x1B[2m    - user-agent: Mozilla/5.0 (Linux; Android 14; Pixel 7) AppleWebKit/537.36 (KHTML, like Gecko) Chrome/151.0.7922.34 Mobile Safari/537.36\x1B[22m\n' +
        '\x1B[2m    - accept: */*\x1B[22m\n' +
        '\x1B[2m    - accept-encoding: gzip,deflate,br\x1B[22m\n' +
        '\x1B[2m    - content-type: application/json\x1B[22m\n' +
        '\x1B[2m    - content-length: 53\x1B[22m\n',
      stack: 'Error: apiRequestContext.post: connect ECONNREFUSED ::1:4000\n' +
        'Call log:\n' +
        '\x1B[2m  - → POST http://localhost:4000/api/auth/login\x1B[22m\n' +
        '\x1B[2m    - user-agent: Mozilla/5.0 (Linux; Android 14; Pixel 7) AppleWebKit/537.36 (KHTML, like Gecko) Chrome/151.0.7922.34 Mobile Safari/537.36\x1B[22m\n' +
        '\x1B[2m    - accept: */*\x1B[22m\n' +
        '\x1B[2m    - accept-encoding: gzip,deflate,br\x1B[22m\n' +
        '\x1B[2m    - content-type: application/json\x1B[22m\n' +
        '\x1B[2m    - content-length: 53\x1B[22m\n' +
        '\n' +
        '    at apiRequestContext.post: connect ECONNREFUSED ::1:4000\n' +
        '    at AuthenticatedPage.loginViaApi (/home/tbaltzakis/cloudless.gr/e2e/helpers/page-helpers.ts:63:48)\n' +
        '    at /home/tbaltzakis/cloudless.gr/e2e/ui/pages/dashboard.spec.ts:21:20',
      cause: undefined
    }
  }
}
  ✘  6949 [mobile-chrome] › e2e/ui/pages/dashboard.spec.ts:264:9 › Dashboard Page › Accessibility › should have accessible navigation (retry #1) (592ms)
API login failed, falling back to UI login: apiRequestContext.post: connect ECONNREFUSED ::1:4000
Call log:
  - → POST http://localhost:4000/api/auth/login
    - user-agent: Mozilla/5.0 (Linux; Android 14; Pixel 7) AppleWebKit/537.36 (KHTML, like Gecko) Chrome/151.0.7922.34 Mobile Safari/537.36
    - accept: */*
    - accept-encoding: gzip,deflate,br
    - content-type: application/json
    - content-length: 53

    at AuthenticatedPage.loginViaApi (/home/tbaltzakis/cloudless.gr/e2e/helpers/page-helpers.ts:63:48)
    at /home/tbaltzakis/cloudless.gr/e2e/ui/pages/dashboard.spec.ts:21:20 {
  log: [
    '  - → POST http://localhost:4000/api/auth/login',
    '    - user-agent: Mozilla/5.0 (Linux; Android 14; Pixel 7) AppleWebKit/537.36 (KHTML, like Gecko) Chrome/151.0.7922.34 Mobile Safari/537.36',
    '    - accept: */*',
    '    - accept-encoding: gzip,deflate,br',
    '    - content-type: application/json',
    '    - content-length: 53'
  ],
  name: 'Error',
  Symbol(step): {
    location: {
      file: '/home/tbaltzakis/cloudless.gr/e2e/helpers/page-helpers.ts',
      line: 63,
      column: 48,
      function: 'AuthenticatedPage.loginViaApi'
    },
    category: 'pw:api',
    title: 'POST "/api/auth/login"',
    apiName: 'apiRequestContext.post',
    params: {
      url: '/api/auth/login',
      params: undefined,
      encodedParams: undefined,
      method: 'POST',
      headers: undefined,
      postData: undefined,
      jsonData: '{"email":"test@example.com","password":"password123"}',
      formData: undefined,
      multipartData: undefined,
      failOnStatusCode: undefined,
      ignoreHTTPSErrors: undefined,
      maxRedirects: undefined,
      maxRetries: undefined,
      __testHookLookup: undefined
    },
    group: undefined,
    stepId: 'pw:api@34',
    boxedStack: undefined,
    steps: [],
    attachmentIndices: [],
    info: TestStepInfoImpl {
      annotations: [],
      _testInfo: [TestInfoImpl],
      _stepId: 'pw:api@34',
      _title: 'POST "/api/auth/login"',
      _parentStep: [TestStepInfoImpl],
      skip: [Function (anonymous)]
    },
    complete: [Function: complete],
    endWallTime: 1786539921211,
    error: {
      message: 'Error: apiRequestContext.post: connect ECONNREFUSED ::1:4000\n' +
        'Call log:\n' +
        '\x1B[2m  - → POST http://localhost:4000/api/auth/login\x1B[22m\n' +
        '\x1B[2m    - user-agent: Mozilla/5.0 (Linux; Android 14; Pixel 7) AppleWebKit/537.36 (KHTML, like Gecko) Chrome/151.0.7922.34 Mobile Safari/537.36\x1B[22m\n' +
        '\x1B[2m    - accept: */*\x1B[22m\n' +
        '\x1B[2m    - accept-encoding: gzip,deflate,br\x1B[22m\n' +
        '\x1B[2m    - content-type: application/json\x1B[22m\n' +
        '\x1B[2m    - content-length: 53\x1B[22m\n',
      stack: 'Error: apiRequestContext.post: connect ECONNREFUSED ::1:4000\n' +
        'Call log:\n' +
        '\x1B[2m  - → POST http://localhost:4000/api/auth/login\x1B[22m\n' +
        '\x1B[2m    - user-agent: Mozilla/5.0 (Linux; Android 14; Pixel 7) AppleWebKit/537.36 (KHTML, like Gecko) Chrome/151.0.7922.34 Mobile Safari/537.36\x1B[22m\n' +
        '\x1B[2m    - accept: */*\x1B[22m\n' +
        '\x1B[2m    - accept-encoding: gzip,deflate,br\x1B[22m\n' +
        '\x1B[2m    - content-type: application/json\x1B[22m\n' +
        '\x1B[2m    - content-length: 53\x1B[22m\n' +
        '\n' +
        '    at apiRequestContext.post: connect ECONNREFUSED ::1:4000\n' +
        '    at AuthenticatedPage.loginViaApi (/home/tbaltzakis/cloudless.gr/e2e/helpers/page-helpers.ts:63:48)\n' +
        '    at /home/tbaltzakis/cloudless.gr/e2e/ui/pages/dashboard.spec.ts:21:20',
      cause: undefined
    }
  }
}
  ✘  6950 [mobile-chrome] › e2e/ui/pages/dashboard.spec.ts:315:9 › Dashboard Page › Accessibility › should have accessible widgets/cards (606ms)
API login failed, falling back to UI login: apiRequestContext.post: connect ECONNREFUSED ::1:4000
Call log:
  - → POST http://localhost:4000/api/auth/login
    - user-agent: Mozilla/5.0 (Linux; Android 14; Pixel 7) AppleWebKit/537.36 (KHTML, like Gecko) Chrome/151.0.7922.34 Mobile Safari/537.36
    - accept: */*
    - accept-encoding: gzip,deflate,br
    - content-type: application/json
    - content-length: 53

    at AuthenticatedPage.loginViaApi (/home/tbaltzakis/cloudless.gr/e2e/helpers/page-helpers.ts:63:48)
    at /home/tbaltzakis/cloudless.gr/e2e/ui/pages/dashboard.spec.ts:21:20 {
  log: [
    '  - → POST http://localhost:4000/api/auth/login',
    '    - user-agent: Mozilla/5.0 (Linux; Android 14; Pixel 7) AppleWebKit/537.36 (KHTML, like Gecko) Chrome/151.0.7922.34 Mobile Safari/537.36',
    '    - accept: */*',
    '    - accept-encoding: gzip,deflate,br',
    '    - content-type: application/json',
    '    - content-length: 53'
  ],
  name: 'Error',
  Symbol(step): {
    location: {
      file: '/home/tbaltzakis/cloudless.gr/e2e/helpers/page-helpers.ts',
      line: 63,
      column: 48,
      function: 'AuthenticatedPage.loginViaApi'
    },
    category: 'pw:api',
    title: 'POST "/api/auth/login"',
    apiName: 'apiRequestContext.post',
    params: {
      url: '/api/auth/login',
      params: undefined,
      encodedParams: undefined,
      method: 'POST',
      headers: undefined,
      postData: undefined,
      jsonData: '{"email":"test@example.com","password":"password123"}',
      formData: undefined,
      multipartData: undefined,
      failOnStatusCode: undefined,
      ignoreHTTPSErrors: undefined,
      maxRedirects: undefined,
      maxRetries: undefined,
      __testHookLookup: undefined
    },
    group: undefined,
    stepId: 'pw:api@34',
    boxedStack: undefined,
    steps: [],
    attachmentIndices: [],
    info: TestStepInfoImpl {
      annotations: [],
      _testInfo: [TestInfoImpl],
      _stepId: 'pw:api@34',
      _title: 'POST "/api/auth/login"',
      _parentStep: [TestStepInfoImpl],
      skip: [Function (anonymous)]
    },
    complete: [Function: complete],
    endWallTime: 1786539921739,
    error: {
      message: 'Error: apiRequestContext.post: connect ECONNREFUSED ::1:4000\n' +
        'Call log:\n' +
        '\x1B[2m  - → POST http://localhost:4000/api/auth/login\x1B[22m\n' +
        '\x1B[2m    - user-agent: Mozilla/5.0 (Linux; Android 14; Pixel 7) AppleWebKit/537.36 (KHTML, like Gecko) Chrome/151.0.7922.34 Mobile Safari/537.36\x1B[22m\n' +
        '\x1B[2m    - accept: */*\x1B[22m\n' +
        '\x1B[2m    - accept-encoding: gzip,deflate,br\x1B[22m\n' +
        '\x1B[2m    - content-type: application/json\x1B[22m\n' +
        '\x1B[2m    - content-length: 53\x1B[22m\n',
      stack: 'Error: apiRequestContext.post: connect ECONNREFUSED ::1:4000\n' +
        'Call log:\n' +
        '\x1B[2m  - → POST http://localhost:4000/api/auth/login\x1B[22m\n' +
        '\x1B[2m    - user-agent: Mozilla/5.0 (Linux; Android 14; Pixel 7) AppleWebKit/537.36 (KHTML, like Gecko) Chrome/151.0.7922.34 Mobile Safari/537.36\x1B[22m\n' +
        '\x1B[2m    - accept: */*\x1B[22m\n' +
        '\x1B[2m    - accept-encoding: gzip,deflate,br\x1B[22m\n' +
        '\x1B[2m    - content-type: application/json\x1B[22m\n' +
        '\x1B[2m    - content-length: 53\x1B[22m\n' +
        '\n' +
        '    at apiRequestContext.post: connect ECONNREFUSED ::1:4000\n' +
        '    at AuthenticatedPage.loginViaApi (/home/tbaltzakis/cloudless.gr/e2e/helpers/page-helpers.ts:63:48)\n' +
        '    at /home/tbaltzakis/cloudless.gr/e2e/ui/pages/dashboard.spec.ts:21:20',
      cause: undefined
    }
  }
}
  ✘  6951 [mobile-chrome] › e2e/ui/pages/dashboard.spec.ts:364:9 › Dashboard Page › Performance › should load within reasonable time (577ms)
API login failed, falling back to UI login: apiRequestContext.post: connect ECONNREFUSED ::1:4000
Call log:
  - → POST http://localhost:4000/api/auth/login
    - user-agent: Mozilla/5.0 (Linux; Android 14; Pixel 7) AppleWebKit/537.36 (KHTML, like Gecko) Chrome/151.0.7922.34 Mobile Safari/537.36
    - accept: */*
    - accept-encoding: gzip,deflate,br
    - content-type: application/json
    - content-length: 53

    at AuthenticatedPage.loginViaApi (/home/tbaltzakis/cloudless.gr/e2e/helpers/page-helpers.ts:63:48)
    at /home/tbaltzakis/cloudless.gr/e2e/ui/pages/dashboard.spec.ts:21:20 {
  log: [
    '  - → POST http://localhost:4000/api/auth/login',
    '    - user-agent: Mozilla/5.0 (Linux; Android 14; Pixel 7) AppleWebKit/537.36 (KHTML, like Gecko) Chrome/151.0.7922.34 Mobile Safari/537.36',
    '    - accept: */*',
    '    - accept-encoding: gzip,deflate,br',
    '    - content-type: application/json',
    '    - content-length: 53'
  ],
  name: 'Error',
  Symbol(step): {
    location: {
      file: '/home/tbaltzakis/cloudless.gr/e2e/helpers/page-helpers.ts',
      line: 63,
      column: 48,
      function: 'AuthenticatedPage.loginViaApi'
    },
    category: 'pw:api',
    title: 'POST "/api/auth/login"',
    apiName: 'apiRequestContext.post',
    params: {
      url: '/api/auth/login',
      params: undefined,
      encodedParams: undefined,
      method: 'POST',
      headers: undefined,
      postData: undefined,
      jsonData: '{"email":"test@example.com","password":"password123"}',
      formData: undefined,
      multipartData: undefined,
      failOnStatusCode: undefined,
      ignoreHTTPSErrors: undefined,
      maxRedirects: undefined,
      maxRetries: undefined,
      __testHookLookup: undefined
    },
    group: undefined,
    stepId: 'pw:api@34',
    boxedStack: undefined,
    steps: [],
    attachmentIndices: [],
    info: TestStepInfoImpl {
      annotations: [],
      _testInfo: [TestInfoImpl],
      _stepId: 'pw:api@34',
      _title: 'POST "/api/auth/login"',
      _parentStep: [TestStepInfoImpl],
      skip: [Function (anonymous)]
    },
    complete: [Function: complete],
    endWallTime: 1786539922258,
    error: {
      message: 'Error: apiRequestContext.post: connect ECONNREFUSED ::1:4000\n' +
        'Call log:\n' +
        '\x1B[2m  - → POST http://localhost:4000/api/auth/login\x1B[22m\n' +
        '\x1B[2m    - user-agent: Mozilla/5.0 (Linux; Android 14; Pixel 7) AppleWebKit/537.36 (KHTML, like Gecko) Chrome/151.0.7922.34 Mobile Safari/537.36\x1B[22m\n' +
        '\x1B[2m    - accept: */*\x1B[22m\n' +
        '\x1B[2m    - accept-encoding: gzip,deflate,br\x1B[22m\n' +
        '\x1B[2m    - content-type: application/json\x1B[22m\n' +
        '\x1B[2m    - content-length: 53\x1B[22m\n',
      stack: 'Error: apiRequestContext.post: connect ECONNREFUSED ::1:4000\n' +
        'Call log:\n' +
        '\x1B[2m  - → POST http://localhost:4000/api/auth/login\x1B[22m\n' +
        '\x1B[2m    - user-agent: Mozilla/5.0 (Linux; Android 14; Pixel 7) AppleWebKit/537.36 (KHTML, like Gecko) Chrome/151.0.7922.34 Mobile Safari/537.36\x1B[22m\n' +
        '\x1B[2m    - accept: */*\x1B[22m\n' +
        '\x1B[2m    - accept-encoding: gzip,deflate,br\x1B[22m\n' +
        '\x1B[2m    - content-type: application/json\x1B[22m\n' +
        '\x1B[2m    - content-length: 53\x1B[22m\n' +
        '\n' +
        '    at apiRequestContext.post: connect ECONNREFUSED ::1:4000\n' +
        '    at AuthenticatedPage.loginViaApi (/home/tbaltzakis/cloudless.gr/e2e/helpers/page-helpers.ts:63:48)\n' +
        '    at /home/tbaltzakis/cloudless.gr/e2e/ui/pages/dashboard.spec.ts:21:20',
      cause: undefined
    }
  }
}
  ✘  6952 [mobile-chrome] › e2e/ui/pages/dashboard.spec.ts:315:9 › Dashboard Page › Accessibility › should have accessible widgets/cards (retry #1) (598ms)
API login failed, falling back to UI login: apiRequestContext.post: connect ECONNREFUSED ::1:4000
Call log:
  - → POST http://localhost:4000/api/auth/login
    - user-agent: Mozilla/5.0 (Linux; Android 14; Pixel 7) AppleWebKit/537.36 (KHTML, like Gecko) Chrome/151.0.7922.34 Mobile Safari/537.36
    - accept: */*
    - accept-encoding: gzip,deflate,br
    - content-type: application/json
    - content-length: 53

    at AuthenticatedPage.loginViaApi (/home/tbaltzakis/cloudless.gr/e2e/helpers/page-helpers.ts:63:48)
    at /home/tbaltzakis/cloudless.gr/e2e/ui/pages/dashboard.spec.ts:21:20 {
  log: [
    '  - → POST http://localhost:4000/api/auth/login',
    '    - user-agent: Mozilla/5.0 (Linux; Android 14; Pixel 7) AppleWebKit/537.36 (KHTML, like Gecko) Chrome/151.0.7922.34 Mobile Safari/537.36',
    '    - accept: */*',
    '    - accept-encoding: gzip,deflate,br',
    '    - content-type: application/json',
    '    - content-length: 53'
  ],
  name: 'Error',
  Symbol(step): {
    location: {
      file: '/home/tbaltzakis/cloudless.gr/e2e/helpers/page-helpers.ts',
      line: 63,
      column: 48,
      function: 'AuthenticatedPage.loginViaApi'
    },
    category: 'pw:api',
    title: 'POST "/api/auth/login"',
    apiName: 'apiRequestContext.post',
    params: {
      url: '/api/auth/login',
      params: undefined,
      encodedParams: undefined,
      method: 'POST',
      headers: undefined,
      postData: undefined,
      jsonData: '{"email":"test@example.com","password":"password123"}',
      formData: undefined,
      multipartData: undefined,
      failOnStatusCode: undefined,
      ignoreHTTPSErrors: undefined,
      maxRedirects: undefined,
      maxRetries: undefined,
      __testHookLookup: undefined
    },
    group: undefined,
    stepId: 'pw:api@34',
    boxedStack: undefined,
    steps: [],
    attachmentIndices: [],
    info: TestStepInfoImpl {
      annotations: [],
      _testInfo: [TestInfoImpl],
      _stepId: 'pw:api@34',
      _title: 'POST "/api/auth/login"',
      _parentStep: [TestStepInfoImpl],
      skip: [Function (anonymous)]
    },
    complete: [Function: complete],
    endWallTime: 1786539922723,
    error: {
      message: 'Error: apiRequestContext.post: connect ECONNREFUSED ::1:4000\n' +
        'Call log:\n' +
        '\x1B[2m  - → POST http://localhost:4000/api/auth/login\x1B[22m\n' +
        '\x1B[2m    - user-agent: Mozilla/5.0 (Linux; Android 14; Pixel 7) AppleWebKit/537.36 (KHTML, like Gecko) Chrome/151.0.7922.34 Mobile Safari/537.36\x1B[22m\n' +
        '\x1B[2m    - accept: */*\x1B[22m\n' +
        '\x1B[2m    - accept-encoding: gzip,deflate,br\x1B[22m\n' +
        '\x1B[2m    - content-type: application/json\x1B[22m\n' +
        '\x1B[2m    - content-length: 53\x1B[22m\n',
      stack: 'Error: apiRequestContext.post: connect ECONNREFUSED ::1:4000\n' +
        'Call log:\n' +
        '\x1B[2m  - → POST http://localhost:4000/api/auth/login\x1B[22m\n' +
        '\x1B[2m    - user-agent: Mozilla/5.0 (Linux; Android 14; Pixel 7) AppleWebKit/537.36 (KHTML, like Gecko) Chrome/151.0.7922.34 Mobile Safari/537.36\x1B[22m\n' +
        '\x1B[2m    - accept: */*\x1B[22m\n' +
        '\x1B[2m    - accept-encoding: gzip,deflate,br\x1B[22m\n' +
        '\x1B[2m    - content-type: application/json\x1B[22m\n' +
        '\x1B[2m    - content-length: 53\x1B[22m\n' +
        '\n' +
        '    at apiRequestContext.post: connect ECONNREFUSED ::1:4000\n' +
        '    at AuthenticatedPage.loginViaApi (/home/tbaltzakis/cloudless.gr/e2e/helpers/page-helpers.ts:63:48)\n' +
        '    at /home/tbaltzakis/cloudless.gr/e2e/ui/pages/dashboard.spec.ts:21:20',
      cause: undefined
    }
  }
}
  ✘  6953 [mobile-chrome] › e2e/ui/pages/dashboard.spec.ts:364:9 › Dashboard Page › Performance › should load within reasonable time (retry #1) (570ms)
  ✘  6954 [mobile-chrome] › e2e/ui/pages/homepage.spec.ts:20:7 › Homepage › should load successfully (236ms)
  ✘  6955 [mobile-chrome] › e2e/ui/pages/homepage.spec.ts:28:7 › Homepage › should have visible navigation (232ms)
  ✘  6956 [mobile-chrome] › e2e/ui/pages/homepage.spec.ts:20:7 › Homepage › should load successfully (retry #1) (230ms)
  ✘  6957 [mobile-chrome] › e2e/ui/pages/homepage.spec.ts:28:7 › Homepage › should have visible navigation (retry #1) (270ms)
  ✘  6958 [mobile-chrome] › e2e/ui/pages/homepage.spec.ts:37:7 › Homepage › should have hero section with call-to-action (238ms)
  ✘  6959 [mobile-chrome] › e2e/ui/pages/homepage.spec.ts:50:7 › Homepage › should have services section (228ms)
  ✘  6960 [mobile-chrome] › e2e/ui/pages/homepage.spec.ts:37:7 › Homepage › should have hero section with call-to-action (retry #1) (243ms)
  ✘  6961 [mobile-chrome] › e2e/ui/pages/homepage.spec.ts:50:7 › Homepage › should have services section (retry #1) (248ms)
  ✘  6962 [mobile-chrome] › e2e/ui/pages/homepage.spec.ts:63:7 › Homepage › should have call-to-action section (227ms)
  ✘  6963 [mobile-chrome] › e2e/ui/pages/homepage.spec.ts:76:7 › Homepage › should have footer with links (237ms)
  ✘  6964 [mobile-chrome] › e2e/ui/pages/homepage.spec.ts:63:7 › Homepage › should have call-to-action section (retry #1) (246ms)
  ✘  6965 [mobile-chrome] › e2e/ui/pages/homepage.spec.ts:76:7 › Homepage › should have footer with links (retry #1) (235ms)
  ✘  6966 [mobile-chrome] › e2e/ui/pages/homepage.spec.ts:93:7 › Homepage › should have accessible navigation (215ms)
  ✘  6967 [mobile-chrome] › e2e/ui/pages/homepage.spec.ts:110:9 › Homepage › Responsive Design › should render correctly on mobile (236ms)
  ✘  6968 [mobile-chrome] › e2e/ui/pages/homepage.spec.ts:93:7 › Homepage › should have accessible navigation (retry #1) (240ms)
  ✘  6969 [mobile-chrome] › e2e/ui/pages/homepage.spec.ts:110:9 › Homepage › Responsive Design › should render correctly on mobile (retry #1) (257ms)
  ✘  6970 [mobile-chrome] › e2e/ui/pages/homepage.spec.ts:135:9 › Homepage › Responsive Design › should render correctly on tablet (228ms)
  ✘  6971 [mobile-chrome] › e2e/ui/pages/homepage.spec.ts:148:9 › Homepage › Responsive Design › should render correctly on desktop (228ms)
  ✘  6972 [mobile-chrome] › e2e/ui/pages/homepage.spec.ts:135:9 › Homepage › Responsive Design › should render correctly on tablet (retry #1) (236ms)
  ✘  6973 [mobile-chrome] › e2e/ui/pages/homepage.spec.ts:148:9 › Homepage › Responsive Design › should render correctly on desktop (retry #1) (274ms)
  ✘  6974 [mobile-chrome] › e2e/ui/pages/homepage.spec.ts:170:9 › Homepage › Navigation › should navigate to services page (252ms)
  ✘  6975 [mobile-chrome] › e2e/ui/pages/homepage.spec.ts:178:9 › Homepage › Navigation › should navigate to store page (218ms)
  ✘  6976 [mobile-chrome] › e2e/ui/pages/homepage.spec.ts:170:9 › Homepage › Navigation › should navigate to services page (retry #1) (237ms)
  ✘  6977 [mobile-chrome] › e2e/ui/pages/homepage.spec.ts:178:9 › Homepage › Navigation › should navigate to store page (retry #1) (233ms)
  ✘  6978 [mobile-chrome] › e2e/ui/pages/homepage.spec.ts:186:9 › Homepage › Navigation › should navigate to blog page (221ms)
  ✘  6979 [mobile-chrome] › e2e/ui/pages/homepage.spec.ts:194:9 › Homepage › Navigation › should navigate to contact page (227ms)
  ✘  6980 [mobile-chrome] › e2e/ui/pages/homepage.spec.ts:186:9 › Homepage › Navigation › should navigate to blog page (retry #1) (252ms)
  ✘  6981 [mobile-chrome] › e2e/ui/pages/homepage.spec.ts:194:9 › Homepage › Navigation › should navigate to contact page (retry #1) (239ms)
  ✘  6982 [mobile-chrome] › e2e/ui/pages/homepage.spec.ts:204:9 › Homepage › Performance › should load within reasonable time (234ms)
  ✘  6983 [mobile-chrome] › e2e/ui/pages/homepage.spec.ts:227:9 › Homepage › Performance › should have reasonable page size (210ms)
  ✘  6984 [mobile-chrome] › e2e/ui/pages/homepage.spec.ts:204:9 › Homepage › Performance › should load within reasonable time (retry #1) (244ms)
  ✘  6985 [mobile-chrome] › e2e/ui/pages/homepage.spec.ts:227:9 › Homepage › Performance › should have reasonable page size (retry #1) (235ms)
  ✘  6986 [mobile-chrome] › e2e/ui/pages/homepage.spec.ts:246:9 › Homepage › Accessibility › should have proper language attribute (223ms)
  ✘  6987 [mobile-chrome] › e2e/ui/pages/homepage.spec.ts:252:9 › Homepage › Accessibility › should have proper character encoding (237ms)
  ✘  6988 [mobile-chrome] › e2e/ui/pages/homepage.spec.ts:246:9 › Homepage › Accessibility › should have proper language attribute (retry #1) (267ms)
  ✘  6989 [mobile-chrome] › e2e/ui/pages/homepage.spec.ts:252:9 › Homepage › Accessibility › should have proper character encoding (retry #1) (276ms)
  ✘  6990 [mobile-chrome] › e2e/ui/pages/homepage.spec.ts:260:9 › Homepage › Accessibility › should have viewport meta tag (237ms)
  ✘  6991 [mobile-chrome] › e2e/ui/pages/homepage.spec.ts:269:9 › Homepage › Accessibility › should have sufficient color contrast (basic check) (242ms)
  ✘  6992 [mobile-chrome] › e2e/ui/pages/homepage.spec.ts:260:9 › Homepage › Accessibility › should have viewport meta tag (retry #1) (224ms)
  ✘  6993 [mobile-chrome] › e2e/ui/pages/homepage.spec.ts:269:9 › Homepage › Accessibility › should have sufficient color contrast (basic check) (retry #1) (241ms)
  ✘  6994 [mobile-chrome] › e2e/ui/pages/homepage.spec.ts:292:9 › Homepage › SEO Basics › should have title tag (224ms)
  ✘  6995 [mobile-chrome] › e2e/ui/pages/homepage.spec.ts:299:9 › Homepage › SEO Basics › should have meta description (220ms)
  ✘  6996 [mobile-chrome] › e2e/ui/pages/homepage.spec.ts:292:9 › Homepage › SEO Basics › should have title tag (retry #1) (241ms)
  ✘  6997 [mobile-chrome] › e2e/ui/pages/homepage.spec.ts:299:9 › Homepage › SEO Basics › should have meta description (retry #1) (265ms)
  ✘  6998 [mobile-chrome] › e2e/ui/pages/homepage.spec.ts:309:9 › Homepage › SEO Basics › should have canonical URL (223ms)
  ✘  6999 [mobile-chrome] › e2e/ui/pages/homepage.spec.ts:319:9 › Homepage › SEO Basics › should have open graph tags (226ms)
  ✘  7000 [mobile-chrome] › e2e/ui/pages/homepage.spec.ts:309:9 › Homepage › SEO Basics › should have canonical URL (retry #1) (248ms)
  ✘  7001 [mobile-chrome] › e2e/ui/pages/homepage.spec.ts:319:9 › Homepage › SEO Basics › should have open graph tags (retry #1) (219ms)
  ✘  7002 [mobile-chrome] › e2e/ui/pages/services.spec.ts:22:7 › Services Page › should load successfully (232ms)
  ✘  7003 [mobile-chrome] › e2e/ui/pages/services.spec.ts:30:7 › Services Page › should have services grid or list (217ms)
  ✘  7004 [mobile-chrome] › e2e/ui/pages/services.spec.ts:22:7 › Services Page › should load successfully (retry #1) (232ms)
  ✘  7005 [mobile-chrome] › e2e/ui/pages/services.spec.ts:30:7 › Services Page › should have services grid or list (retry #1) (223ms)
  ✘  7006 [mobile-chrome] › e2e/ui/pages/services.spec.ts:43:7 › Services Page › should display service details (210ms)
  ✘  7007 [mobile-chrome] › e2e/ui/pages/services.spec.ts:62:7 › Services Page › should have service categories or tags (214ms)
  ✘  7008 [mobile-chrome] › e2e/ui/pages/services.spec.ts:43:7 › Services Page › should display service details (retry #1) (244ms)
  ✘  7009 [mobile-chrome] › e2e/ui/pages/services.spec.ts:62:7 › Services Page › should have service categories or tags (retry #1) (265ms)
  ✘  7010 [mobile-chrome] › e2e/ui/pages/services.spec.ts:77:7 › Services Page › should have call-to-action for getting started (223ms)
  ✘  7011 [mobile-chrome] › e2e/ui/pages/services.spec.ts:95:9 › Services Page › Responsive Design › should render correctly on mobile (235ms)
  ✘  7012 [mobile-chrome] › e2e/ui/pages/services.spec.ts:77:7 › Services Page › should have call-to-action for getting started (retry #1) (252ms)
  ✘  7013 [mobile-chrome] › e2e/ui/pages/services.spec.ts:95:9 › Services Page › Responsive Design › should render correctly on mobile (retry #1) (257ms)
  ✘  7014 [mobile-chrome] › e2e/ui/pages/services.spec.ts:108:9 › Services Page › Responsive Design › should render correctly on tablet (225ms)
  ✘  7015 [mobile-chrome] › e2e/ui/pages/services.spec.ts:121:9 › Services Page › Responsive Design › should render correctly on desktop (243ms)
  ✘  7016 [mobile-chrome] › e2e/ui/pages/services.spec.ts:108:9 › Services Page › Responsive Design › should render correctly on tablet (retry #1) (242ms)
  ✘  7017 [mobile-chrome] › e2e/ui/pages/services.spec.ts:121:9 › Services Page › Responsive Design › should render correctly on desktop (retry #1) (237ms)
  ✘  7018 [mobile-chrome] › e2e/ui/pages/services.spec.ts:140:9 › Services Page › Navigation › should navigate to homepage (215ms)
  ✘  7019 [mobile-chrome] › e2e/ui/pages/services.spec.ts:148:9 › Services Page › Navigation › should navigate to store (211ms)
  ✘  7020 [mobile-chrome] › e2e/ui/pages/services.spec.ts:140:9 › Services Page › Navigation › should navigate to homepage (retry #1) (234ms)
  ✘  7021 [mobile-chrome] › e2e/ui/pages/services.spec.ts:148:9 › Services Page › Navigation › should navigate to store (retry #1) (249ms)
  ✘  7022 [mobile-chrome] › e2e/ui/pages/services.spec.ts:156:9 › Services Page › Navigation › should navigate to blog (231ms)
  ✘  7023 [mobile-chrome] › e2e/ui/pages/services.spec.ts:164:9 › Services Page › Navigation › should navigate to contact (212ms)
  ✘  7024 [mobile-chrome] › e2e/ui/pages/services.spec.ts:156:9 › Services Page › Navigation › should navigate to blog (retry #1) (270ms)
  ✘  7025 [mobile-chrome] › e2e/ui/pages/services.spec.ts:164:9 › Services Page › Navigation › should navigate to contact (retry #1) (255ms)
  ✘  7026 [mobile-chrome] › e2e/ui/pages/services.spec.ts:174:9 › Services Page › Accessibility › should have proper language attribute (240ms)
  ✘  7027 [mobile-chrome] › e2e/ui/pages/services.spec.ts:180:9 › Services Page › Accessibility › should have proper heading structure (233ms)
  ✘  7028 [mobile-chrome] › e2e/ui/pages/services.spec.ts:174:9 › Services Page › Accessibility › should have proper language attribute (retry #1) (251ms)
  ✘  7029 [mobile-chrome] › e2e/ui/pages/services.spec.ts:180:9 › Services Page › Accessibility › should have proper heading structure (retry #1) (256ms)
  ✘  7030 [mobile-chrome] › e2e/ui/pages/services.spec.ts:198:9 › Services Page › Accessibility › should have accessible buttons and links (232ms)
  ✘  7031 [mobile-chrome] › e2e/ui/pages/services.spec.ts:220:9 › Services Page › Performance › should load within reasonable time (277ms)
  ✘  7032 [mobile-chrome] › e2e/ui/pages/services.spec.ts:198:9 › Services Page › Accessibility › should have accessible buttons and links (retry #1) (260ms)
  ✘  7033 [mobile-chrome] › e2e/ui/pages/services.spec.ts:220:9 › Services Page › Performance › should load within reasonable time (retry #1) (272ms)
  ✘  7034 [mobile-chrome] › e2e/ui/pages/store.spec.ts:22:7 › Store Page › should load successfully (228ms)
  ✘  7035 [mobile-chrome] › e2e/ui/pages/store.spec.ts:30:7 › Store Page › should have products grid or list (226ms)
  ✘  7036 [mobile-chrome] › e2e/ui/pages/store.spec.ts:22:7 › Store Page › should load successfully (retry #1) (239ms)
  ✘  7037 [mobile-chrome] › e2e/ui/pages/store.spec.ts:30:7 › Store Page › should have products grid or list (retry #1) (232ms)
  ✘  7038 [mobile-chrome] › e2e/ui/pages/store.spec.ts:61:7 › Store Page › should have product categories or filters (221ms)
  ✘  7039 [mobile-chrome] › e2e/ui/pages/store.spec.ts:71:7 › Store Page › should have shopping cart indicator (219ms)
  ✘  7040 [mobile-chrome] › e2e/ui/pages/store.spec.ts:61:7 › Store Page › should have product categories or filters (retry #1) (245ms)
  ✘  7041 [mobile-chrome] › e2e/ui/pages/store.spec.ts:71:7 › Store Page › should have shopping cart indicator (retry #1) (248ms)
  ✘  7042 [mobile-chrome] › e2e/ui/pages/store.spec.ts:80:7 › Store Page › should have call-to-action for featured products (203ms)
  ✘  7043 [mobile-chrome] › e2e/ui/pages/store.spec.ts:96:9 › Store Page › Authentication › should show login prompt for cart actions when not authenticated (205ms)
  ✘  7044 [mobile-chrome] › e2e/ui/pages/store.spec.ts:80:7 › Store Page › should have call-to-action for featured products (retry #1) (235ms)
  ✘  7045 [mobile-chrome] › e2e/ui/pages/store.spec.ts:96:9 › Store Page › Authentication › should show login prompt for cart actions when not authenticated (retry #1) (236ms)
  ✘  7046 [mobile-chrome] › e2e/ui/pages/store.spec.ts:113:9 › Store Page › Authentication › should allow authenticated users to add to cart (247ms)
  ✘  7047 [mobile-chrome] › e2e/ui/pages/store.spec.ts:142:9 › Store Page › Responsive Design › should render correctly on mobile (223ms)
  ✘  7048 [mobile-chrome] › e2e/ui/pages/store.spec.ts:113:9 › Store Page › Authentication › should allow authenticated users to add to cart (retry #1) (250ms)
  ✘  7049 [mobile-chrome] › e2e/ui/pages/store.spec.ts:142:9 › Store Page › Responsive Design › should render correctly on mobile (retry #1) (229ms)
  ✘  7050 [mobile-chrome] › e2e/ui/pages/store.spec.ts:157:9 › Store Page › Responsive Design › should render correctly on tablet (231ms)
  ✘  7051 [mobile-chrome] › e2e/ui/pages/store.spec.ts:172:9 › Store Page › Responsive Design › should render correctly on desktop (218ms)
  ✘  7052 [mobile-chrome] › e2e/ui/pages/store.spec.ts:157:9 › Store Page › Responsive Design › should render correctly on tablet (retry #1) (230ms)
  ✘  7053 [mobile-chrome] › e2e/ui/pages/store.spec.ts:172:9 › Store Page › Responsive Design › should render correctly on desktop (retry #1) (233ms)
  ✘  7054 [mobile-chrome] › e2e/ui/pages/store.spec.ts:190:9 › Store Page › Navigation › should navigate to homepage (215ms)
  ✘  7055 [mobile-chrome] › e2e/ui/pages/store.spec.ts:198:9 › Store Page › Navigation › should navigate to services (243ms)
  ✘  7056 [mobile-chrome] › e2e/ui/pages/store.spec.ts:190:9 › Store Page › Navigation › should navigate to homepage (retry #1) (242ms)
  ✘  7057 [mobile-chrome] › e2e/ui/pages/store.spec.ts:198:9 › Store Page › Navigation › should navigate to services (retry #1) (225ms)
  ✘  7058 [mobile-chrome] › e2e/ui/pages/store.spec.ts:206:9 › Store Page › Navigation › should navigate to blog (213ms)
  ✘  7059 [mobile-chrome] › e2e/ui/pages/store.spec.ts:214:9 › Store Page › Navigation › should navigate to contact (223ms)
  ✘  7060 [mobile-chrome] › e2e/ui/pages/store.spec.ts:206:9 › Store Page › Navigation › should navigate to blog (retry #1) (252ms)
  ✘  7061 [mobile-chrome] › e2e/ui/pages/store.spec.ts:214:9 › Store Page › Navigation › should navigate to contact (retry #1) (234ms)
  ✘  7062 [mobile-chrome] › e2e/ui/pages/store.spec.ts:222:9 › Store Page › Navigation › should navigate to cart (242ms)
  ✘  7063 [mobile-chrome] › e2e/ui/pages/store.spec.ts:232:9 › Store Page › Accessibility › should have proper language attribute (219ms)
  ✘  7064 [mobile-chrome] › e2e/ui/pages/store.spec.ts:222:9 › Store Page › Navigation › should navigate to cart (retry #1) (220ms)
  ✘  7065 [mobile-chrome] › e2e/ui/pages/store.spec.ts:232:9 › Store Page › Accessibility › should have proper language attribute (retry #1) (224ms)
  ✘  7066 [mobile-chrome] › e2e/ui/pages/store.spec.ts:238:9 › Store Page › Accessibility › should have accessible product elements (208ms)
  ✘  7067 [mobile-chrome] › e2e/ui/pages/store.spec.ts:257:9 › Store Page › Accessibility › should have accessible buttons (208ms)
  ✘  7068 [mobile-chrome] › e2e/ui/pages/store.spec.ts:238:9 › Store Page › Accessibility › should have accessible product elements (retry #1) (227ms)
  ✘  7069 [mobile-chrome] › e2e/ui/pages/store.spec.ts:257:9 › Store Page › Accessibility › should have accessible buttons (retry #1) (233ms)
  ✘  7070 [mobile-chrome] › e2e/ui/pages/store.spec.ts:279:9 › Store Page › Performance › should load within reasonable time (222ms)
  ✘  7071 [mobile-chrome] › e2e/ui/pages/style.spec.ts:165:11 › Style System › Homepage Style › should have void background color (214ms)
  ✘  7072 [mobile-chrome] › e2e/ui/pages/store.spec.ts:279:9 › Store Page › Performance › should load within reasonable time (retry #1) (224ms)
  ✘  7073 [mobile-chrome] › e2e/ui/pages/style.spec.ts:165:11 › Style System › Homepage Style › should have void background color (retry #1) (242ms)
  ✘  7074 [mobile-chrome] › e2e/ui/pages/style.spec.ts:170:11 › Style System › Homepage Style › should have correct heading font (232ms)
  ✘  7075 [mobile-chrome] › e2e/ui/pages/style.spec.ts:175:11 › Style System › Homepage Style › should have correct body font (214ms)
  ✘  7076 [mobile-chrome] › e2e/ui/pages/style.spec.ts:170:11 › Style System › Homepage Style › should have correct heading font (retry #1) (245ms)
  ✘  7077 [mobile-chrome] › e2e/ui/pages/style.spec.ts:175:11 › Style System › Homepage Style › should have correct body font (retry #1) (267ms)
  ✘  7078 [mobile-chrome] › e2e/ui/pages/style.spec.ts:180:11 › Style System › Homepage Style › should have correct code font (248ms)
  ✘  7079 [mobile-chrome] › e2e/ui/pages/style.spec.ts:185:11 › Style System › Homepage Style › should have neon cyan accents (13.7s)
  ✘  7080 [mobile-chrome] › e2e/ui/pages/style.spec.ts:180:11 › Style System › Homepage Style › should have correct code font (retry #1) (13.3s)
  ✘  7082 [mobile-chrome] › e2e/ui/pages/style.spec.ts:219:11 › Style System › Homepage Style › should have neon magenta accents (2.4s)
  ✘  7081 [mobile-chrome] › e2e/ui/pages/style.spec.ts:185:11 › Style System › Homepage Style › should have neon cyan accents (retry #1) (2.7s)
  ✘  7083 [mobile-chrome] › e2e/ui/pages/style.spec.ts:219:11 › Style System › Homepage Style › should have neon magenta accents (retry #1) (2.7s)
  ✘  7084 [mobile-chrome] › e2e/ui/pages/style.spec.ts:248:11 › Style System › Homepage Style › should have neon green accents (2.4s)
  ✘  7085 [mobile-chrome] › e2e/ui/pages/style.spec.ts:276:11 › Style System › Homepage Style › should have neon blue accents (2.3s)
  ✘  7086 [mobile-chrome] › e2e/ui/pages/style.spec.ts:248:11 › Style System › Homepage Style › should have neon green accents (retry #1) (2.6s)
  ✘  7087 [mobile-chrome] › e2e/ui/pages/style.spec.ts:276:11 › Style System › Homepage Style › should have neon blue accents (retry #1) (2.6s)
  ✘  7088 [mobile-chrome] › e2e/ui/pages/style.spec.ts:306:15 › Style System › Homepage Style › Effects › should have scanlines effect applied (2.4s)
  ✘  7089 [mobile-chrome] › e2e/ui/pages/style.spec.ts:306:15 › Style System › Homepage Style › Effects › should have cyber-grid effect applied (2.3s)
  ✘  7090 [mobile-chrome] › e2e/ui/pages/style.spec.ts:306:15 › Style System › Homepage Style › Effects › should have scanlines effect applied (retry #1) (2.5s)
  ✘  7091 [mobile-chrome] › e2e/ui/pages/style.spec.ts:306:15 › Style System › Homepage Style › Effects › should have cyber-grid effect applied (retry #1) (2.6s)
  ✘  7092 [mobile-chrome] › e2e/ui/pages/style.spec.ts:306:15 › Style System › Homepage Style › Effects › should have neon-border effect applied (2.3s)
  ✘  7093 [mobile-chrome] › e2e/ui/pages/style.spec.ts:306:15 › Style System › Homepage Style › Effects › should have glow-cyan effect applied (2.4s)
  ✘  7094 [mobile-chrome] › e2e/ui/pages/style.spec.ts:306:15 › Style System › Homepage Style › Effects › should have neon-border effect applied (retry #1) (2.5s)
  ✘  7095 [mobile-chrome] › e2e/ui/pages/style.spec.ts:306:15 › Style System › Homepage Style › Effects › should have glow-cyan effect applied (retry #1) (2.6s)
  ✘  7096 [mobile-chrome] › e2e/ui/pages/style.spec.ts:306:15 › Style System › Homepage Style › Effects › should have dot-matrix effect applied (2.4s)
  ✘  7098 [mobile-chrome] › e2e/ui/pages/style.spec.ts:306:15 › Style System › Homepage Style › Effects › should have dot-matrix effect applied (retry #1) (2.7s)
  ✘  7099 [mobile-chrome] › e2e/ui/pages/style.spec.ts:165:11 › Style System › Services Style › should have void background color (2.8s)
  ✘  7100 [mobile-chrome] › e2e/ui/pages/style.spec.ts:165:11 › Style System › Services Style › should have void background color (retry #1) (234ms)
  ✘  7101 [mobile-chrome] › e2e/ui/pages/style.spec.ts:170:11 › Style System › Services Style › should have correct heading font (194ms)
  ✘  7102 [mobile-chrome] › e2e/ui/pages/style.spec.ts:170:11 › Style System › Services Style › should have correct heading font (retry #1) (249ms)
  ✘  7103 [mobile-chrome] › e2e/ui/pages/style.spec.ts:175:11 › Style System › Services Style › should have correct body font (231ms)
  ✘  7104 [mobile-chrome] › e2e/ui/pages/style.spec.ts:175:11 › Style System › Services Style › should have correct body font (retry #1) (236ms)
  ✘  7105 [mobile-chrome] › e2e/ui/pages/style.spec.ts:180:11 › Style System › Services Style › should have correct code font (204ms)
  ✘  7106 [mobile-chrome] › e2e/ui/pages/style.spec.ts:180:11 › Style System › Services Style › should have correct code font (retry #1) (282ms)
  ✘  7107 [mobile-chrome] › e2e/ui/pages/style.spec.ts:185:11 › Style System › Services Style › should have neon cyan accents (250ms)
  ✘  7108 [mobile-chrome] › e2e/ui/pages/style.spec.ts:185:11 › Style System › Services Style › should have neon cyan accents (retry #1) (263ms)
  ✘  7109 [mobile-chrome] › e2e/ui/pages/style.spec.ts:219:11 › Style System › Services Style › should have neon magenta accents (262ms)
  ✘  7110 [mobile-chrome] › e2e/ui/pages/style.spec.ts:219:11 › Style System › Services Style › should have neon magenta accents (retry #1) (237ms)
  ✘  7111 [mobile-chrome] › e2e/ui/pages/style.spec.ts:248:11 › Style System › Services Style › should have neon green accents (203ms)
  ✘  7112 [mobile-chrome] › e2e/ui/pages/style.spec.ts:248:11 › Style System › Services Style › should have neon green accents (retry #1) (242ms)
  ✘  7113 [mobile-chrome] › e2e/ui/pages/style.spec.ts:276:11 › Style System › Services Style › should have neon blue accents (222ms)
  ✘  7114 [mobile-chrome] › e2e/ui/pages/style.spec.ts:276:11 › Style System › Services Style › should have neon blue accents (retry #1) (224ms)
  ✘  7115 [mobile-chrome] › e2e/ui/pages/style.spec.ts:306:15 › Style System › Services Style › Effects › should have scanlines effect applied (216ms)
  ✘  7116 [mobile-chrome] › e2e/ui/pages/style.spec.ts:306:15 › Style System › Services Style › Effects › should have scanlines effect applied (retry #1) (235ms)
  ✘  7117 [mobile-chrome] › e2e/ui/pages/style.spec.ts:306:15 › Style System › Services Style › Effects › should have cyber-grid effect applied (223ms)
  ✘  7118 [mobile-chrome] › e2e/ui/pages/style.spec.ts:306:15 › Style System › Services Style › Effects › should have cyber-grid effect applied (retry #1) (219ms)
  ✘  7119 [mobile-chrome] › e2e/ui/pages/style.spec.ts:306:15 › Style System › Services Style › Effects › should have neon-border effect applied (197ms)
  ✘  7120 [mobile-chrome] › e2e/ui/pages/style.spec.ts:306:15 › Style System › Services Style › Effects › should have neon-border effect applied (retry #1) (219ms)
  ✘  7121 [mobile-chrome] › e2e/ui/pages/style.spec.ts:306:15 › Style System › Services Style › Effects › should have glow-cyan effect applied (211ms)
  ✘  7122 [mobile-chrome] › e2e/ui/pages/style.spec.ts:306:15 › Style System › Services Style › Effects › should have glow-cyan effect applied (retry #1) (207ms)
  ✘  7123 [mobile-chrome] › e2e/ui/pages/style.spec.ts:306:15 › Style System › Services Style › Effects › should have dot-matrix effect applied (237ms)
  ✘  7124 [mobile-chrome] › e2e/ui/pages/style.spec.ts:306:15 › Style System › Services Style › Effects › should have dot-matrix effect applied (retry #1) (240ms)
  ✘  7125 [mobile-chrome] › e2e/ui/pages/style.spec.ts:313:13 › Style System › Services Style › Hover States › should show neon cyan on hover for interactive elements (200ms)
  ✘  7126 [mobile-chrome] › e2e/ui/pages/style.spec.ts:313:13 › Style System › Services Style › Hover States › should show neon cyan on hover for interactive elements (retry #1) (214ms)
  ✘  7127 [mobile-chrome] › e2e/ui/pages/style.spec.ts:165:11 › Style System › Store Style › should have void background color (218ms)
  ✘  7128 [mobile-chrome] › e2e/ui/pages/style.spec.ts:165:11 › Style System › Store Style › should have void background color (retry #1) (248ms)
  ✘  7129 [mobile-chrome] › e2e/ui/pages/style.spec.ts:170:11 › Style System › Store Style › should have correct heading font (199ms)
  ✘  7130 [mobile-chrome] › e2e/ui/pages/style.spec.ts:170:11 › Style System › Store Style › should have correct heading font (retry #1) (238ms)
  ✘  7131 [mobile-chrome] › e2e/ui/pages/style.spec.ts:175:11 › Style System › Store Style › should have correct body font (227ms)
  ✘  7132 [mobile-chrome] › e2e/ui/pages/style.spec.ts:175:11 › Style System › Store Style › should have correct body font (retry #1) (227ms)
  ✘  7133 [mobile-chrome] › e2e/ui/pages/style.spec.ts:180:11 › Style System › Store Style › should have correct code font (235ms)
  ✘  7134 [mobile-chrome] › e2e/ui/pages/style.spec.ts:180:11 › Style System › Store Style › should have correct code font (retry #1) (225ms)
  ✘  7135 [mobile-chrome] › e2e/ui/pages/style.spec.ts:185:11 › Style System › Store Style › should have neon cyan accents (233ms)
  ✘  7136 [mobile-chrome] › e2e/ui/pages/style.spec.ts:185:11 › Style System › Store Style › should have neon cyan accents (retry #1) (233ms)
  ✘  7137 [mobile-chrome] › e2e/ui/pages/style.spec.ts:219:11 › Style System › Store Style › should have neon magenta accents (202ms)
  ✘  7138 [mobile-chrome] › e2e/ui/pages/style.spec.ts:219:11 › Style System › Store Style › should have neon magenta accents (retry #1) (236ms)
  ✘  7139 [mobile-chrome] › e2e/ui/pages/style.spec.ts:248:11 › Style System › Store Style › should have neon green accents (211ms)
  ✘  7140 [mobile-chrome] › e2e/ui/pages/style.spec.ts:248:11 › Style System › Store Style › should have neon green accents (retry #1) (237ms)
  ✘  7141 [mobile-chrome] › e2e/ui/pages/style.spec.ts:276:11 › Style System › Store Style › should have neon blue accents (192ms)
  ✘  7142 [mobile-chrome] › e2e/ui/pages/style.spec.ts:276:11 › Style System › Store Style › should have neon blue accents (retry #1) (228ms)
  ✘  7143 [mobile-chrome] › e2e/ui/pages/style.spec.ts:306:15 › Style System › Store Style › Effects › should have scanlines effect applied (217ms)
  ✘  7144 [mobile-chrome] › e2e/ui/pages/style.spec.ts:306:15 › Style System › Store Style › Effects › should have scanlines effect applied (retry #1) (234ms)
  ✘  7145 [mobile-chrome] › e2e/ui/pages/style.spec.ts:306:15 › Style System › Store Style › Effects › should have cyber-grid effect applied (199ms)
  ✘  7146 [mobile-chrome] › e2e/ui/pages/style.spec.ts:306:15 › Style System › Store Style › Effects › should have cyber-grid effect applied (retry #1) (231ms)
  ✘  7147 [mobile-chrome] › e2e/ui/pages/style.spec.ts:306:15 › Style System › Store Style › Effects › should have neon-border effect applied (209ms)
  ✘  7148 [mobile-chrome] › e2e/ui/pages/style.spec.ts:306:15 › Style System › Store Style › Effects › should have neon-border effect applied (retry #1) (229ms)
  ✘  7149 [mobile-chrome] › e2e/ui/pages/style.spec.ts:306:15 › Style System › Store Style › Effects › should have glow-cyan effect applied (226ms)
  ✘  7150 [mobile-chrome] › e2e/ui/pages/style.spec.ts:306:15 › Style System › Store Style › Effects › should have glow-cyan effect applied (retry #1) (254ms)
  ✘  7151 [mobile-chrome] › e2e/ui/pages/style.spec.ts:306:15 › Style System › Store Style › Effects › should have dot-matrix effect applied (238ms)
  ✘  7152 [mobile-chrome] › e2e/ui/pages/style.spec.ts:306:15 › Style System › Store Style › Effects › should have dot-matrix effect applied (retry #1) (217ms)
  ✘  7153 [mobile-chrome] › e2e/ui/pages/style.spec.ts:313:13 › Style System › Store Style › Hover States › should show neon cyan on hover for interactive elements (217ms)
  ✘  7154 [mobile-chrome] › e2e/ui/pages/style.spec.ts:313:13 › Style System › Store Style › Hover States › should show neon cyan on hover for interactive elements (retry #1) (246ms)
  ✘  7155 [mobile-chrome] › e2e/ui/pages/style.spec.ts:165:11 › Style System › Blog Style › should have void background color (224ms)
  ✘  7156 [mobile-chrome] › e2e/ui/pages/style.spec.ts:165:11 › Style System › Blog Style › should have void background color (retry #1) (209ms)
  ✘  7157 [mobile-chrome] › e2e/ui/pages/style.spec.ts:170:11 › Style System › Blog Style › should have correct heading font (210ms)
  ✘  7158 [mobile-chrome] › e2e/ui/pages/style.spec.ts:170:11 › Style System › Blog Style › should have correct heading font (retry #1) (240ms)
  ✘  7159 [mobile-chrome] › e2e/ui/pages/style.spec.ts:175:11 › Style System › Blog Style › should have correct body font (220ms)
  ✘  7160 [mobile-chrome] › e2e/ui/pages/style.spec.ts:175:11 › Style System › Blog Style › should have correct body font (retry #1) (221ms)
  ✘  7161 [mobile-chrome] › e2e/ui/pages/style.spec.ts:180:11 › Style System › Blog Style › should have correct code font (201ms)
  ✘  7162 [mobile-chrome] › e2e/ui/pages/style.spec.ts:180:11 › Style System › Blog Style › should have correct code font (retry #1) (211ms)
  ✘  7163 [mobile-chrome] › e2e/ui/pages/style.spec.ts:185:11 › Style System › Blog Style › should have neon cyan accents (191ms)
  ✘  7164 [mobile-chrome] › e2e/ui/pages/style.spec.ts:185:11 › Style System › Blog Style › should have neon cyan accents (retry #1) (213ms)
  ✘  7165 [mobile-chrome] › e2e/ui/pages/style.spec.ts:219:11 › Style System › Blog Style › should have neon magenta accents (198ms)
  ✘  7166 [mobile-chrome] › e2e/ui/pages/style.spec.ts:219:11 › Style System › Blog Style › should have neon magenta accents (retry #1) (210ms)
  ✘  7167 [mobile-chrome] › e2e/ui/pages/style.spec.ts:248:11 › Style System › Blog Style › should have neon green accents (189ms)
  ✘  7168 [mobile-chrome] › e2e/ui/pages/style.spec.ts:248:11 › Style System › Blog Style › should have neon green accents (retry #1) (215ms)
  ✘  7169 [mobile-chrome] › e2e/ui/pages/style.spec.ts:276:11 › Style System › Blog Style › should have neon blue accents (192ms)
  ✘  7170 [mobile-chrome] › e2e/ui/pages/style.spec.ts:276:11 › Style System › Blog Style › should have neon blue accents (retry #1) (211ms)
  ✘  7171 [mobile-chrome] › e2e/ui/pages/style.spec.ts:306:15 › Style System › Blog Style › Effects › should have scanlines effect applied (188ms)
  ✘  7172 [mobile-chrome] › e2e/ui/pages/style.spec.ts:306:15 › Style System › Blog Style › Effects › should have scanlines effect applied (retry #1) (227ms)
  ✘  7173 [mobile-chrome] › e2e/ui/pages/style.spec.ts:306:15 › Style System › Blog Style › Effects › should have cyber-grid effect applied (193ms)
  ✘  7174 [mobile-chrome] › e2e/ui/pages/style.spec.ts:306:15 › Style System › Blog Style › Effects › should have cyber-grid effect applied (retry #1) (222ms)
  ✘  7175 [mobile-chrome] › e2e/ui/pages/style.spec.ts:306:15 › Style System › Blog Style › Effects › should have neon-border effect applied (202ms)
  ✘  7176 [mobile-chrome] › e2e/ui/pages/style.spec.ts:306:15 › Style System › Blog Style › Effects › should have neon-border effect applied (retry #1) (207ms)
  ✘  7177 [mobile-chrome] › e2e/ui/pages/style.spec.ts:306:15 › Style System › Blog Style › Effects › should have glow-cyan effect applied (207ms)
  ✘  7178 [mobile-chrome] › e2e/ui/pages/style.spec.ts:306:15 › Style System › Blog Style › Effects › should have glow-cyan effect applied (retry #1) (234ms)
  ✘  7179 [mobile-chrome] › e2e/ui/pages/style.spec.ts:306:15 › Style System › Blog Style › Effects › should have dot-matrix effect applied (201ms)
  ✘  7180 [mobile-chrome] › e2e/ui/pages/style.spec.ts:306:15 › Style System › Blog Style › Effects › should have dot-matrix effect applied (retry #1) (208ms)
  ✘  7181 [mobile-chrome] › e2e/ui/pages/style.spec.ts:313:13 › Style System › Blog Style › Hover States › should show neon cyan on hover for interactive elements (191ms)
  ✘  7182 [mobile-chrome] › e2e/ui/pages/style.spec.ts:313:13 › Style System › Blog Style › Hover States › should show neon cyan on hover for interactive elements (retry #1) (212ms)
  ✘  7183 [mobile-chrome] › e2e/ui/pages/style.spec.ts:165:11 › Style System › Contact Style › should have void background color (193ms)
  ✘  7184 [mobile-chrome] › e2e/ui/pages/style.spec.ts:165:11 › Style System › Contact Style › should have void background color (retry #1) (247ms)
  ✘  7097 [mobile-chrome] › e2e/ui/pages/style.spec.ts:313:13 › Style System › Homepage Style › Hover States › should show neon cyan on hover for interactive elements (1.0m)
  ✘  7185 [mobile-chrome] › e2e/ui/pages/style.spec.ts:170:11 › Style System › Contact Style › should have correct heading font (210ms)
  ✘  7186 [mobile-chrome] › e2e/ui/pages/style.spec.ts:313:13 › Style System › Homepage Style › Hover States › should show neon cyan on hover for interactive elements (retry #1) (242ms)
  ✘  7187 [mobile-chrome] › e2e/ui/pages/style.spec.ts:170:11 › Style System › Contact Style › should have correct heading font (retry #1) (222ms)
  ✘  7188 [mobile-chrome] › e2e/ui/pages/style.spec.ts:175:11 › Style System › Contact Style › should have correct body font (236ms)
  ✘  7189 [mobile-chrome] › e2e/ui/pages/style.spec.ts:180:11 › Style System › Contact Style › should have correct code font (203ms)
  ✘  7190 [mobile-chrome] › e2e/ui/pages/style.spec.ts:175:11 › Style System › Contact Style › should have correct body font (retry #1) (218ms)
  ✘  7191 [mobile-chrome] › e2e/ui/pages/style.spec.ts:180:11 › Style System › Contact Style › should have correct code font (retry #1) (262ms)
  ✘  7192 [mobile-chrome] › e2e/ui/pages/style.spec.ts:185:11 › Style System › Contact Style › should have neon cyan accents (222ms)
  ✘  7193 [mobile-chrome] › e2e/ui/pages/style.spec.ts:219:11 › Style System › Contact Style › should have neon magenta accents (199ms)
  ✘  7194 [mobile-chrome] › e2e/ui/pages/style.spec.ts:185:11 › Style System › Contact Style › should have neon cyan accents (retry #1) (223ms)
  ✘  7195 [mobile-chrome] › e2e/ui/pages/style.spec.ts:219:11 › Style System › Contact Style › should have neon magenta accents (retry #1) (226ms)
  ✘  7196 [mobile-chrome] › e2e/ui/pages/style.spec.ts:248:11 › Style System › Contact Style › should have neon green accents (215ms)
  ✘  7197 [mobile-chrome] › e2e/ui/pages/style.spec.ts:276:11 › Style System › Contact Style › should have neon blue accents (202ms)
  ✘  7198 [mobile-chrome] › e2e/ui/pages/style.spec.ts:248:11 › Style System › Contact Style › should have neon green accents (retry #1) (227ms)
  ✘  7199 [mobile-chrome] › e2e/ui/pages/style.spec.ts:276:11 › Style System › Contact Style › should have neon blue accents (retry #1) (242ms)
  ✘  7200 [mobile-chrome] › e2e/ui/pages/style.spec.ts:306:15 › Style System › Contact Style › Effects › should have scanlines effect applied (214ms)
  ✘  7201 [mobile-chrome] › e2e/ui/pages/style.spec.ts:306:15 › Style System › Contact Style › Effects › should have cyber-grid effect applied (222ms)
  ✘  7202 [mobile-chrome] › e2e/ui/pages/style.spec.ts:306:15 › Style System › Contact Style › Effects › should have scanlines effect applied (retry #1) (221ms)
  ✘  7203 [mobile-chrome] › e2e/ui/pages/style.spec.ts:306:15 › Style System › Contact Style › Effects › should have cyber-grid effect applied (retry #1) (211ms)
  ✘  7204 [mobile-chrome] › e2e/ui/pages/style.spec.ts:306:15 › Style System › Contact Style › Effects › should have neon-border effect applied (217ms)
  ✘  7205 [mobile-chrome] › e2e/ui/pages/style.spec.ts:306:15 › Style System › Contact Style › Effects › should have glow-cyan effect applied (248ms)
  ✘  7206 [mobile-chrome] › e2e/ui/pages/style.spec.ts:306:15 › Style System › Contact Style › Effects › should have neon-border effect applied (retry #1) (242ms)
  ✘  7207 [mobile-chrome] › e2e/ui/pages/style.spec.ts:306:15 › Style System › Contact Style › Effects › should have glow-cyan effect applied (retry #1) (240ms)
  ✘  7208 [mobile-chrome] › e2e/ui/pages/style.spec.ts:306:15 › Style System › Contact Style › Effects › should have dot-matrix effect applied (218ms)
  ✘  7209 [mobile-chrome] › e2e/ui/pages/style.spec.ts:313:13 › Style System › Contact Style › Hover States › should show neon cyan on hover for interactive elements (206ms)
  ✘  7210 [mobile-chrome] › e2e/ui/pages/style.spec.ts:306:15 › Style System › Contact Style › Effects › should have dot-matrix effect applied (retry #1) (11.5s)
  ✓  7212 [mobile-chrome] › e2e/webhook-signatures.spec.ts:20:7 › webhook signature gates › /api/webhooks/stripe rejects missing signature header (413ms)
  ✓  7213 [mobile-chrome] › e2e/webhook-signatures.spec.ts:30:7 › webhook signature gates › /api/webhooks/stripe rejects invalid signature (53ms)
  ✓  7214 [mobile-chrome] › e2e/webhook-signatures.spec.ts:46:7 › webhook signature gates › /api/webhooks/notion rejects missing signature (122ms)
  ✓  7215 [mobile-chrome] › e2e/webhook-signatures.spec.ts:55:7 › webhook signature gates › /api/cron/* requires Bearer CRON_SECRET — rejects without auth (49ms)
  ✓  7216 [mobile-chrome] › e2e/webhook-signatures.spec.ts:62:7 › webhook signature gates › /api/cron/* rejects wrong Bearer token (constant-time compare path) (24ms)
  ✓  7217 [mobile-chrome] › e2e/workflows.spec.mts:82:7 › n8n workflow JSON validation › funnel-daily-rollup.json › has valid JSON structure (4ms)
  ✓  7218 [mobile-chrome] › e2e/workflows.spec.mts:89:7 › n8n workflow JSON validation › funnel-daily-rollup.json › all referenced nodes exist (6ms)
  ✓  7219 [mobile-chrome] › e2e/workflows.spec.mts:99:7 › n8n workflow JSON validation › funnel-daily-rollup.json › all connections reference existing nodes (4ms)
  ✓  7220 [mobile-chrome] › e2e/workflows.spec.mts:120:7 › n8n workflow JSON validation › funnel-daily-rollup.json › all nodes have required fields (5ms)
  ✓  7221 [mobile-chrome] › e2e/workflows.spec.mts:127:7 › n8n workflow JSON validation › funnel-daily-rollup.json › has at least one trigger node (1ms)
  ✓  7222 [mobile-chrome] › e2e/workflows.spec.mts:137:7 › n8n workflow JSON validation › funnel-daily-rollup.json › webhook paths are unique if present (1ms)
  ✓  7223 [mobile-chrome] › e2e/workflows.spec.mts:82:7 › n8n workflow JSON validation › hot-lead-alert.json › has valid JSON structure (2ms)
  ✓  7224 [mobile-chrome] › e2e/workflows.spec.mts:89:7 › n8n workflow JSON validation › hot-lead-alert.json › all referenced nodes exist (5ms)
  ✓  7225 [mobile-chrome] › e2e/workflows.spec.mts:99:7 › n8n workflow JSON validation › hot-lead-alert.json › all connections reference existing nodes (6ms)
  ✓  7226 [mobile-chrome] › e2e/workflows.spec.mts:120:7 › n8n workflow JSON validation › hot-lead-alert.json › all nodes have required fields (6ms)
  ✓  7227 [mobile-chrome] › e2e/workflows.spec.mts:127:7 › n8n workflow JSON validation › hot-lead-alert.json › has at least one trigger node (1ms)
  ✓  7228 [mobile-chrome] › e2e/workflows.spec.mts:137:7 › n8n workflow JSON validation › hot-lead-alert.json › webhook paths are unique if present (2ms)
  ✓  7229 [mobile-chrome] › e2e/workflows.spec.mts:82:7 › n8n workflow JSON validation › lead-enrich.json › has valid JSON structure (3ms)
  ✓  7230 [mobile-chrome] › e2e/workflows.spec.mts:89:7 › n8n workflow JSON validation › lead-enrich.json › all referenced nodes exist (2ms)
  ✓  7231 [mobile-chrome] › e2e/workflows.spec.mts:99:7 › n8n workflow JSON validation › lead-enrich.json › all connections reference existing nodes (6ms)
  ✓  7232 [mobile-chrome] › e2e/workflows.spec.mts:120:7 › n8n workflow JSON validation › lead-enrich.json › all nodes have required fields (4ms)
  ✓  7233 [mobile-chrome] › e2e/workflows.spec.mts:127:7 › n8n workflow JSON validation › lead-enrich.json › has at least one trigger node (0ms)
  ✓  7234 [mobile-chrome] › e2e/workflows.spec.mts:137:7 › n8n workflow JSON validation › lead-enrich.json › webhook paths are unique if present (0ms)
  ✓  7235 [mobile-chrome] › e2e/workflows.spec.mts:82:7 › n8n workflow JSON validation › newsletter-nurture.json › has valid JSON structure (2ms)
  ✓  7236 [mobile-chrome] › e2e/workflows.spec.mts:89:7 › n8n workflow JSON validation › newsletter-nurture.json › all referenced nodes exist (1ms)
  ✓  7237 [mobile-chrome] › e2e/workflows.spec.mts:99:7 › n8n workflow JSON validation › newsletter-nurture.json › all connections reference existing nodes (3ms)
  ✓  7238 [mobile-chrome] › e2e/workflows.spec.mts:120:7 › n8n workflow JSON validation › newsletter-nurture.json › all nodes have required fields (6ms)
  ✓  7239 [mobile-chrome] › e2e/workflows.spec.mts:127:7 › n8n workflow JSON validation › newsletter-nurture.json › has at least one trigger node (2ms)
  ✓  7240 [mobile-chrome] › e2e/workflows.spec.mts:137:7 › n8n workflow JSON validation › newsletter-nurture.json › webhook paths are unique if present (1ms)
  ✓  7241 [mobile-chrome] › e2e/workflows.spec.mts:82:7 › n8n workflow JSON validation › postiz-utm-guard.json › has valid JSON structure (2ms)
  ✓  7242 [mobile-chrome] › e2e/workflows.spec.mts:89:7 › n8n workflow JSON validation › postiz-utm-guard.json › all referenced nodes exist (0ms)
  ✓  7243 [mobile-chrome] › e2e/workflows.spec.mts:99:7 › n8n workflow JSON validation › postiz-utm-guard.json › all connections reference existing nodes (3ms)
  ✓  7244 [mobile-chrome] › e2e/workflows.spec.mts:120:7 › n8n workflow JSON validation › postiz-utm-guard.json › all nodes have required fields (6ms)
  ✓  7245 [mobile-chrome] › e2e/workflows.spec.mts:127:7 › n8n workflow JSON validation › postiz-utm-guard.json › has at least one trigger node (1ms)
  ✓  7246 [mobile-chrome] › e2e/workflows.spec.mts:137:7 › n8n workflow JSON validation › postiz-utm-guard.json › webhook paths are unique if present (1ms)
  ✓  7247 [mobile-chrome] › e2e/workflows.spec.mts:82:7 › n8n workflow JSON validation › rfm-cohort-update.json › has valid JSON structure (1ms)
  ✓  7248 [mobile-chrome] › e2e/workflows.spec.mts:89:7 › n8n workflow JSON validation › rfm-cohort-update.json › all referenced nodes exist (1ms)
  ✓  7249 [mobile-chrome] › e2e/workflows.spec.mts:99:7 › n8n workflow JSON validation › rfm-cohort-update.json › all connections reference existing nodes (3ms)
  ✓  7250 [mobile-chrome] › e2e/workflows.spec.mts:120:7 › n8n workflow JSON validation › rfm-cohort-update.json › all nodes have required fields (3ms)
  ✓  7251 [mobile-chrome] › e2e/workflows.spec.mts:127:7 › n8n workflow JSON validation › rfm-cohort-update.json › has at least one trigger node (0ms)
  ✓  7252 [mobile-chrome] › e2e/workflows.spec.mts:137:7 › n8n workflow JSON validation › rfm-cohort-update.json › webhook paths are unique if present (0ms)
  ✘  7211 [mobile-chrome] › e2e/ui/pages/style.spec.ts:313:13 › Style System › Contact Style › Hover States › should show neon cyan on hover for interactive elements (retry #1) (1.0m)


  1) [chromium] › e2e/a11y/comprehensive-a11y.spec.ts:37:6 › Blog Page Accessibility › should pass axe accessibility tests 

    Error: expect(received).toEqual(expected) // deep equality

    - Expected  -   1
    + Received  + 573

    - Array []
    + Array [
    +   Object {
    +     "description": "Ensure the contrast between foreground and background colors meets WCAG 2 AA minimum contrast ratio thresholds",
    +     "help": "Elements must meet minimum color contrast ratio thresholds",
    +     "helpUrl": "https://dequeuniversity.com/rules/axe/4.12/color-contrast?application=playwright",
    +     "id": "color-contrast",
    +     "impact": "serious",
    +     "nodes": Array [
    +       Object {
    +         "all": Array [],
    +         "any": Array [
    +           Object {
    +             "data": Object {
    +               "bgColor": "#fcfcfd",
    +               "contrastRatio": 1.9,
    +               "expectedContrastRatio": "4.5:1",
    +               "fgColor": "#b5bac2",
    +               "fontSize": "13.5pt (18px)",
    +               "fontWeight": "normal",
    +               "messageKey": null,
    +             },
    +             "id": "color-contrast",
    +             "impact": "serious",
    +             "message": "Element has insufficient color contrast of 1.9 (foreground color: #b5bac2, background color: #fcfcfd, font size: 13.5pt (18px), font weight: normal). Expected contrast ratio of 4.5:1",
    +             "relatedNodes": Array [
    +               Object {
    +                 "html": "<section class=\"bg-void scanlines relative overflow-hidden py-20 text-white md:py-28 lg:py-32\">",
    +                 "target": Array [
    +                   ".scanlines",
    +                 ],
    +               },
    +             ],
    +           },
    +         ],
    +         "failureSummary": "Fix any of the following:
    +   Element has insufficient color contrast of 1.9 (foreground color: #b5bac2, background color: #fcfcfd, font size: 13.5pt (18px), font weight: normal). Expected contrast ratio of 4.5:1",
    +         "html": "<p class=\"animate-fade-in-up mt-6 max-w-xl text-lg text-slate-400 delay-200\">Cloud architecture, serverless, analytics, and AI marketing — written for founders and technical teams who want to move fast.</p>",
    +         "impact": "serious",
    +         "none": Array [],
    +         "target": Array [
    +           ".max-w-xl",
    +         ],
    +       },
    +       Object {
    +         "all": Array [],
    +         "any": Array [
    +           Object {
    +             "data": Object {
    +               "bgColor": "#fdfdfe",
    +               "contrastRatio": 1.77,
    +               "expectedContrastRatio": "4.5:1",
    +               "fgColor": "#bfc1c5",
    +               "fontSize": "10.5pt (14px)",
    +               "fontWeight": "normal",
    +               "messageKey": null,
    +             },
    +             "id": "color-contrast",
    +             "impact": "serious",
    +             "message": "Element has insufficient color contrast of 1.77 (foreground color: #bfc1c5, background color: #fdfdfe, font size: 10.5pt (14px), font weight: normal). Expected contrast ratio of 4.5:1",
    +             "relatedNodes": Array [
    +               Object {
    +                 "html": "<input placeholder=\"Search posts…\" class=\"bg-void-light/50 focus:border-neon-cyan/50 w-full rounded-lg border border-slate-700 px-4 py-2.5 pl-10 font-mono text-sm text-white placeholder-slate-600 backdrop-blur-sm transition-colors focus:outline-none\" type=\"text\" value=\"\" name=\"q\">",
    +                 "target": Array [
    +                   ".pl-10",
    +                 ],
    +               },
    +             ],
    +           },
    +         ],
    +         "failureSummary": "Fix any of the following:
    +   Element has insufficient color contrast of 1.77 (foreground color: #bfc1c5, background color: #fdfdfe, font size: 10.5pt (14px), font weight: normal). Expected contrast ratio of 4.5:1",
    +         "html": "<input placeholder=\"Search posts…\" class=\"bg-void-light/50 focus:border-neon-cyan/50 w-full rounded-lg border border-slate-700 px-4 py-2.5 pl-10 font-mono text-sm text-white placeholder-slate-600 backdrop-blur-sm transition-colors focus:outline-none\" type=\"text\" value=\"\" name=\"q\">",
    +         "impact": "serious",
    +         "none": Array [],
    +         "target": Array [
    +           ".pl-10",
    +         ],
    +       },
    +       Object {
    +         "all": Array [],
    +         "any": Array [
    +           Object {
    +             "data": Object {
    +               "bgColor": "#e6f4f7",
    +               "contrastRatio": 3.21,
    +               "expectedContrastRatio": "4.5:1",
    +               "fgColor": "#3c929e",
    +               "fontSize": "7.5pt (10px)",
    +               "fontWeight": "normal",
    +               "messageKey": null,
    +             },
    +             "id": "color-contrast",
    +             "impact": "serious",
    +             "message": "Element has insufficient color contrast of 3.21 (foreground color: #3c929e, background color: #e6f4f7, font size: 7.5pt (10px), font weight: normal). Expected contrast ratio of 4.5:1",
    +             "relatedNodes": Array [
    +               Object {
    +                 "html": "<span class=\"rounded-full px-3 py-1 font-mono text-[10px] font-medium bg-neon-green/10 text-neon-green border border-neon-green/20\">Serverless</span>",
    +                 "target": Array [
    +                   ".reveal-visible.reveal:nth-child(1) > .neon-border.hover\\:-translate-y-1.group > .mb-4.gap-3.items-center > .bg-neon-green\\/10.text-neon-green.border-neon-green\\/20",
    +                 ],
    +               },
    +             ],
    +           },
    +         ],
    +         "failureSummary": "Fix any of the following:
    +   Element has insufficient color contrast of 3.21 (foreground color: #3c929e, background color: #e6f4f7, font size: 7.5pt (10px), font weight: normal). Expected contrast ratio of 4.5:1",
    +         "html": "<span class=\"rounded-full px-3 py-1 font-mono text-[10px] font-medium bg-neon-green/10 text-neon-green border border-neon-green/20\">Serverless</span>",
    +         "impact": "serious",
    +         "none": Array [],
    +         "target": Array [
    +           ".reveal-visible.reveal:nth-child(1) > .neon-border.hover\\:-translate-y-1.group > .mb-4.gap-3.items-center > .bg-neon-green\\/10.text-neon-green.border-neon-green\\/20",
    +         ],
    +       },
    +       Object {
    +         "all": Array [],
    +         "any": Array [
    +           Object {
    +             "data": Object {
    +               "bgColor": "#f9fafb",
    +               "contrastRatio": 3.57,
    +               "expectedContrastRatio": "4.5:1",
    +               "fgColor": "#7c8592",
    +               "fontSize": "9.0pt (12px)",
    +               "fontWeight": "normal",
    +               "messageKey": null,
    +             },
    +             "id": "color-contrast",
    +             "impact": "serious",
    +             "message": "Element has insufficient color contrast of 3.57 (foreground color: #7c8592, background color: #f9fafb, font size: 9.0pt (12px), font weight: normal). Expected contrast ratio of 4.5:1",
    +             "relatedNodes": Array [
    +               Object {
    +                 "html": "<a class=\"group neon-border bg-void-light/50 block rounded-xl p-6 backdrop-blur-sm transition-all duration-300 hover:-translate-y-1\" href=\"/en/blog/serverless-security-iam-roles-permissions\">",
    +                 "target": Array [
    +                   ".reveal-visible.reveal:nth-child(1) > .neon-border.hover\\:-translate-y-1.group",
    +                 ],
    +               },
    +               Object {
    +                 "html": "<section class=\"bg-void dot-matrix py-20 lg:py-24\">",
    +                 "target": Array [
    +                   ".dot-matrix",
    +                 ],
    +               },
    +             ],
    +           },
    +         ],
    +         "failureSummary": "Fix any of the following:
    +   Element has insufficient color contrast of 3.57 (foreground color: #7c8592, background color: #f9fafb, font size: 9.0pt (12px), font weight: normal). Expected contrast ratio of 4.5:1",
    +         "html": "<span class=\"font-mono text-xs text-slate-600\">11 min read</span>",
    +         "impact": "serious",
    +         "none": Array [],
    +         "target": Array [
    +           ".reveal-visible.reveal:nth-child(1) > .neon-border.hover\\:-translate-y-1.group > .mb-4.gap-3.items-center > .text-slate-600.text-xs",
    +         ],
    +       },
    +       Object {
    +         "all": Array [],
    +         "any": Array [
    +           Object {
    +             "data": Object {
    +               "bgColor": "#f9fafb",
    +               "contrastRatio": 4.39,
    +               "expectedContrastRatio": "4.5:1",
    +               "fgColor": "#6c7686",
    +               "fontSize": "10.5pt (14px)",
    +               "fontWeight": "normal",
    +               "messageKey": null,
    +             },
    +             "id": "color-contrast",
    +             "impact": "serious",
    +             "message": "Element has insufficient color contrast of 4.39 (foreground color: #6c7686, background color: #f9fafb, font size: 10.5pt (14px), font weight: normal). Expected contrast ratio of 4.5:1",
    +             "relatedNodes": Array [
    +               Object {
    +                 "html": "<a class=\"group neon-border bg-void-light/50 block rounded-xl p-6 backdrop-blur-sm transition-all duration-300 hover:-translate-y-1\" href=\"/en/blog/serverless-security-iam-roles-permissions\">",
    +                 "target": Array [
    +                   ".reveal-visible.reveal:nth-child(1) > .neon-border.hover\\:-translate-y-1.group",
    +                 ],
    +               },
    +               Object {
    +                 "html": "<section class=\"bg-void dot-matrix py-20 lg:py-24\">",
    +                 "target": Array [
    +                   ".dot-matrix",
    +                 ],
    +               },
    +             ],
    +           },
    +         ],
    +         "failureSummary": "Fix any of the following:
    +   Element has insufficient color contrast of 4.39 (foreground color: #6c7686, background color: #f9fafb, font size: 10.5pt (14px), font weight: normal). Expected contrast ratio of 4.5:1",
    +         "html": "<p class=\"mt-3 text-sm leading-relaxed text-slate-400\">How to design and implement least-privilege access for your serverless applications in the EU, using AWS IAM roles and permissions, with real-world examples and code snippets.</p>",
    +         "impact": "serious",
    +         "none": Array [],
    +         "target": Array [
    +           ".reveal-visible.reveal:nth-child(1) > .neon-border.hover\\:-translate-y-1.group > .leading-relaxed.mt-3",
    +         ],
    +       },
    +       Object {
    +         "all": Array [],
    +         "any": Array [
    +           Object {
    +             "data": Object {
    +               "bgColor": "#f9fafb",
    +               "contrastRatio": 3.57,
    +               "expectedContrastRatio": "4.5:1",
    +               "fgColor": "#7c8592",
    +               "fontSize": "9.0pt (12px)",
    +               "fontWeight": "normal",
    +               "messageKey": null,
    +             },
    +             "id": "color-contrast",
    +             "impact": "serious",
    +             "message": "Element has insufficient color contrast of 3.57 (foreground color: #7c8592, background color: #f9fafb, font size: 9.0pt (12px), font weight: normal). Expected contrast ratio of 4.5:1",
    +             "relatedNodes": Array [
    +               Object {
    +                 "html": "<a class=\"group neon-border bg-void-light/50 block rounded-xl p-6 backdrop-blur-sm transition-all duration-300 hover:-translate-y-1\" href=\"/en/blog/serverless-security-iam-roles-permissions\">",
    +                 "target": Array [
    +                   ".reveal-visible.reveal:nth-child(1) > .neon-border.hover\\:-translate-y-1.group",
    +                 ],
    +               },
    +               Object {
    +                 "html": "<section class=\"bg-void dot-matrix py-20 lg:py-24\">",
    +                 "target": Array [
    +                   ".dot-matrix",
    +                 ],
    +               },
    +             ],
    +           },
    +         ],
    +         "failureSummary": "Fix any of the following:
    +   Element has insufficient color contrast of 3.57 (foreground color: #7c8592, background color: #f9fafb, font size: 9.0pt (12px), font weight: normal). Expected contrast ratio of 4.5:1",
    +         "html": "<time class=\"font-mono text-xs text-slate-600\">16 June 2026</time>",
    +         "impact": "serious",
    +         "none": Array [],
    +         "target": Array [
    +           ".reveal-visible.reveal:nth-child(1) > .neon-border.hover\\:-translate-y-1.group > .mt-4.justify-between.items-center > .gap-3.items-center.flex > time",
    +         ],
    +       },
    +       Object {
    +         "all": Array [],
    +         "any": Array [
    +           Object {
    +             "data": Object {
    +               "bgColor": "#f9fafb",
    +               "contrastRatio": 3.57,
    +               "expectedContrastRatio": "4.5:1",
    +               "fgColor": "#7c8592",
    +               "fontSize": "9.0pt (12px)",
    +               "fontWeight": "normal",
    +               "messageKey": null,
    +             },
    +             "id": "color-contrast",
    +             "impact": "serious",
    +             "message": "Element has insufficient color contrast of 3.57 (foreground color: #7c8592, background color: #f9fafb, font size: 9.0pt (12px), font weight: normal). Expected contrast ratio of 4.5:1",
    +             "relatedNodes": Array [
    +               Object {
    +                 "html": "<a class=\"group neon-border bg-void-light/50 block rounded-xl p-6 backdrop-blur-sm transition-all duration-300 hover:-translate-y-1\" href=\"/en/blog/serverless-security-iam-roles-permissions\">",
    +                 "target": Array [
    +                   ".reveal-visible.reveal:nth-child(1) > .neon-border.hover\\:-translate-y-1.group",
    +                 ],
    +               },
    +               Object {
    +                 "html": "<section class=\"bg-void dot-matrix py-20 lg:py-24\">",
    +                 "target": Array [
    +                   ".dot-matrix",
    +                 ],
    +               },
    +             ],
    +           },
    +         ],
    +         "failureSummary": "Fix any of the following:
    +   Element has insufficient color contrast of 3.57 (foreground color: #7c8592, background color: #f9fafb, font size: 9.0pt (12px), font weight: normal). Expected contrast ratio of 4.5:1",
    +         "html": "<span class=\"font-mono text-xs text-slate-600\">by Cloudless Team</span>",
    +         "impact": "serious",
    +         "none": Array [],
    +         "target": Array [
    +           ".reveal-visible.reveal:nth-child(1) > .neon-border.hover\\:-translate-y-1.group > .mt-4.justify-between.items-center > .gap-3.items-center.flex > .text-slate-600.text-xs:nth-child(2)",
    +         ],
    +       },
    +       Object {
    +         "all": Array [],
    +         "any": Array [
    +           Object {
    +             "data": Object {
    +               "bgColor": "#f9fafb",
    +               "contrastRatio": 3.46,
    +               "expectedContrastRatio": "4.5:1",
    +               "fgColor": "#3c929e",
    +               "fontSize": "10.5pt (14px)",
    +               "fontWeight": "normal",
    +               "messageKey": null,
    +             },
    +             "id": "color-contrast",
    +             "impact": "serious",
    +             "message": "Element has insufficient color contrast of 3.46 (foreground color: #3c929e, background color: #f9fafb, font size: 10.5pt (14px), font weight: normal). Expected contrast ratio of 4.5:1",
    +             "relatedNodes": Array [
    +               Object {
    +                 "html": "<a class=\"group neon-border bg-void-light/50 block rounded-xl p-6 backdrop-blur-sm transition-all duration-300 hover:-translate-y-1\" href=\"/en/blog/serverless-security-iam-roles-permissions\">",
    +                 "target": Array [
    +                   ".reveal-visible.reveal:nth-child(1) > .neon-border.hover\\:-translate-y-1.group",
    +                 ],
    +               },
    +               Object {
    +                 "html": "<section class=\"bg-void dot-matrix py-20 lg:py-24\">",
    +                 "target": Array [
    +                   ".dot-matrix",
    +                 ],
    +               },
    +             ],
    +           },
    +         ],
    +         "failureSummary": "Fix any of the following:
    +   Element has insufficient color contrast of 3.46 (foreground color: #3c929e, background color: #f9fafb, font size: 10.5pt (14px), font weight: normal). Expected contrast ratio of 4.5:1",
    +         "html": "<span class=\"text-neon-cyan inline-flex items-center gap-1 font-mono text-sm font-semibold transition-all group-hover:gap-2\">Read more<svg width=\"14\" height=\"14\" fill=\"none\" stroke=\"currentColor\" stroke-width=\"2\"><path d=\"M3 7h8M7 3l4 4-4 4\"></path></svg></span>",
    +         "impact": "serious",
    +         "none": Array [],
    +         "target": Array [
    +           ".reveal-visible.reveal:nth-child(1) > .neon-border.hover\\:-translate-y-1.group > .mt-4.justify-between.items-center > .gap-1.group-hover\\:gap-2.inline-flex",
    +         ],
    +       },
    +       Object {
    +         "all": Array [],
    +         "any": Array [
    +           Object {
    +             "data": Object {
    +               "bgColor": "#edf7f9",
    +               "contrastRatio": 2.07,
    +               "expectedContrastRatio": "4.5:1",
    +               "fgColor": "#7db6be",
    +               "fontSize": "7.5pt (10px)",
    +               "fontWeight": "normal",
    +               "messageKey": null,
    +             },
    +             "id": "color-contrast",
    +             "impact": "serious",
    +             "message": "Element has insufficient color contrast of 2.07 (foreground color: #7db6be, background color: #edf7f9, font size: 7.5pt (10px), font weight: normal). Expected contrast ratio of 4.5:1",
    +             "relatedNodes": Array [
    +               Object {
    +                 "html": "<span class=\"rounded-full px-3 py-1 font-mono text-[10px] font-medium bg-neon-magenta/10 text-neon-magenta border border-neon-magenta/20\">Analytics</span>",
    +                 "target": Array [
    +                   "div[data-reveal-delay=\"100\"] > .neon-border.hover\\:-translate-y-1.group > .mb-4.gap-3.items-center > .bg-neon-magenta\\/10.text-neon-magenta.border-neon-magenta\\/20",
    +                 ],
    +               },
    +             ],
    +           },
    +         ],
    +         "failureSummary": "Fix any of the following:
    +   Element has insufficient color contrast of 2.07 (foreground color: #7db6be, background color: #edf7f9, font size: 7.5pt (10px), font weight: normal). Expected contrast ratio of 4.5:1",
    +         "html": "<span class=\"rounded-full px-3 py-1 font-mono text-[10px] font-medium bg-neon-magenta/10 text-neon-magenta border border-neon-magenta/20\">Analytics</span>",
    +         "impact": "serious",
    +         "none": Array [],
    +         "target": Array [
    +           "div[data-reveal-delay=\"100\"] > .neon-border.hover\\:-translate-y-1.group > .mb-4.gap-3.items-center > .bg-neon-magenta\\/10.text-neon-magenta.border-neon-magenta\\/20",
    +         ],
    +       },
    +       Object {
    +         "all": Array [],
    +         "any": Array [
    +           Object {
    +             "data": Object {
    +               "bgColor": "#fafafc",
    +               "contrastRatio": 2.14,
    +               "expectedContrastRatio": "4.5:1",
    +               "fgColor": "#a8aeb6",
    +               "fontSize": "9.0pt (12px)",
    +               "fontWeight": "normal",
    +               "messageKey": null,
    +             },
    +             "id": "color-contrast",
    +             "impact": "serious",
    +             "message": "Element has insufficient color contrast of 2.14 (foreground color: #a8aeb6, background color: #fafafc, font size: 9.0pt (12px), font weight: normal). Expected contrast ratio of 4.5:1",
    +             "relatedNodes": Array [
    +               Object {
    +                 "html": "<a class=\"group neon-border bg-void-light/50 block rounded-xl p-6 backdrop-blur-sm transition-all duration-300 hover:-translate-y-1\" href=\"/en/blog/gdpr-compliant-data-warehousing\">",
    +                 "target": Array [
    +                   "div[data-reveal-delay=\"100\"] > .neon-border.hover\\:-translate-y-1.group",
    +                 ],
    +               },
    +               Object {
    +                 "html": "<section class=\"bg-void dot-matrix py-20 lg:py-24\">",
    +                 "target": Array [
    +                   ".dot-matrix",
    +                 ],
    +               },
    +             ],
    +           },
    +         ],
    +         "failureSummary": "Fix any of the following:
    +   Element has insufficient color contrast of 2.14 (foreground color: #a8aeb6, background color: #fafafc, font size: 9.0pt (12px), font weight: normal). Expected contrast ratio of 4.5:1",
    +         "html": "<span class=\"font-mono text-xs text-slate-600\">12 min read</span>",
    +         "impact": "serious",
    +         "none": Array [],
    +         "target": Array [
    +           "div[data-reveal-delay=\"100\"] > .neon-border.hover\\:-translate-y-1.group > .mb-4.gap-3.items-center > .text-slate-600.text-xs",
    +         ],
    +       },
    +       Object {
    +         "all": Array [],
    +         "any": Array [
    +           Object {
    +             "data": Object {
    +               "bgColor": "#fafafc",
    +               "contrastRatio": 2.4,
    +               "expectedContrastRatio": "4.5:1",
    +               "fgColor": "#9da4af",
    +               "fontSize": "10.5pt (14px)",
    +               "fontWeight": "normal",
    +               "messageKey": null,
    +             },
    +             "id": "color-contrast",
    +             "impact": "serious",
    +             "message": "Element has insufficient color contrast of 2.4 (foreground color: #9da4af, background color: #fafafc, font size: 10.5pt (14px), font weight: normal). Expected contrast ratio of 4.5:1",
    +             "relatedNodes": Array [
    +               Object {
    +                 "html": "<a class=\"group neon-border bg-void-light/50 block rounded-xl p-6 backdrop-blur-sm transition-all duration-300 hover:-translate-y-1\" href=\"/en/blog/gdpr-compliant-data-warehousing\">",
    +                 "target": Array [
    +                   "div[data-reveal-delay=\"100\"] > .neon-border.hover\\:-translate-y-1.group",
    +                 ],
    +               },
    +               Object {
    +                 "html": "<section class=\"bg-void dot-matrix py-20 lg:py-24\">",
    +                 "target": Array [
    +                   ".dot-matrix",
    +                 ],
    +               },
    +             ],
    +           },
    +         ],
    +         "failureSummary": "Fix any of the following:
    +   Element has insufficient color contrast of 2.4 (foreground color: #9da4af, background color: #fafafc, font size: 10.5pt (14px), font weight: normal). Expected contrast ratio of 4.5:1",
    +         "html": "<p class=\"mt-3 text-sm leading-relaxed text-slate-400\">How to design and implement a GDPR-compliant data warehousing solution for your EU startup, using AWS Redshift, Google BigQuery, and Snowflake in eu-central-1 and eu-west-1 regions</p>",
    +         "impact": "serious",
    +         "none": Array [],
    +         "target": Array [
    +           "div[data-reveal-delay=\"100\"] > .neon-border.hover\\:-translate-y-1.group > .leading-relaxed.mt-3",
    +         ],
    +       },
    +       Object {
    +         "all": Array [],
    +         "any": Array [
    +           Object {
    +             "data": Object {
    +               "bgColor": "#fafafc",
    +               "contrastRatio": 2.14,
    +               "expectedContrastRatio": "4.5:1",
    +               "fgColor": "#a8aeb6",
    +               "fontSize": "9.0pt (12px)",
    +               "fontWeight": "normal",
    +               "messageKey": null,
    +             },
    +             "id": "color-contrast",
    +             "impact": "serious",
    +             "message": "Element has insufficient color contrast of 2.14 (foreground color: #a8aeb6, background color: #fafafc, font size: 9.0pt (12px), font weight: normal). Expected contrast ratio of 4.5:1",
    +             "relatedNodes": Array [
    +               Object {
    +                 "html": "<a class=\"group neon-border bg-void-light/50 block rounded-xl p-6 backdrop-blur-sm transition-all duration-300 hover:-translate-y-1\" href=\"/en/blog/gdpr-compliant-data-warehousing\">",
    +                 "target": Array [
    +                   "div[data-reveal-delay=\"100\"] > .neon-border.hover\\:-translate-y-1.group",
    +                 ],
    +               },
    +               Object {
    +                 "html": "<section class=\"bg-void dot-matrix py-20 lg:py-24\">",
    +                 "target": Array [
    +                   ".dot-matrix",
    +                 ],
    +               },
    +             ],
    +           },
    +         ],
    +         "failureSummary": "Fix any of the following:
    +   Element has insufficient color contrast of 2.14 (foreground color: #a8aeb6, background color: #fafafc, font size: 9.0pt (12px), font weight: normal). Expected contrast ratio of 4.5:1",
    +         "html": "<time class=\"font-mono text-xs text-slate-600\">15 June 2026</time>",
    +         "impact": "serious",
    +         "none": Array [],
    +         "target": Array [
    +           "div[data-reveal-delay=\"100\"] > .neon-border.hover\\:-translate-y-1.group > .mt-4.justify-between.items-center > .gap-3.items-center.flex > time",
    +         ],
    +       },
    +       Object {
    +         "all": Array [],
    +         "any": Array [
    +           Object {
    +             "data": Object {
    +               "bgColor": "#fafafc",
    +               "contrastRatio": 2.14,
    +               "expectedContrastRatio": "4.5:1",
    +               "fgColor": "#a8aeb6",
    +               "fontSize": "9.0pt (12px)",
    +               "fontWeight": "normal",
    +               "messageKey": null,
    +             },
    +             "id": "color-contrast",
    +             "impact": "serious",
    +             "message": "Element has insufficient color contrast of 2.14 (foreground color: #a8aeb6, background color: #fafafc, font size: 9.0pt (12px), font weight: normal). Expected contrast ratio of 4.5:1",
    +             "relatedNodes": Array [
    +               Object {
    +                 "html": "<a class=\"group neon-border bg-void-light/50 block rounded-xl p-6 backdrop-blur-sm transition-all duration-300 hover:-translate-y-1\" href=\"/en/blog/gdpr-compliant-data-warehousing\">",
    +                 "target": Array [
    +                   "div[data-reveal-delay=\"100\"] > .neon-border.hover\\:-translate-y-1.group",
    +                 ],
    +               },
    +               Object {
    +                 "html": "<section class=\"bg-void dot-matrix py-20 lg:py-24\">",
    +                 "target": Array [
    +                   ".dot-matrix",
    +                 ],
    +               },
    +             ],
    +           },
    +         ],
    +         "failureSummary": "Fix any of the following:
    +   Element has insufficient color contrast of 2.14 (foreground color: #a8aeb6, background color: #fafafc, font size: 9.0pt (12px), font weight: normal). Expected contrast ratio of 4.5:1",
    +         "html": "<span class=\"font-mono text-xs text-slate-600\">by Cloudless Team</span>",
    +         "impact": "serious",
    +         "none": Array [],
    +         "target": Array [
    +           "div[data-reveal-delay=\"100\"] > .neon-border.hover\\:-translate-y-1.group > .mt-4.justify-between.items-center > .gap-3.items-center.flex > .text-slate-600.text-xs:nth-child(2)",
    +         ],
    +       },
    +       Object {
    +         "all": Array [],
    +         "any": Array [
    +           Object {
    +             "data": Object {
    +               "bgColor": "#fafafc",
    +               "contrastRatio": 2.16,
    +               "expectedContrastRatio": "4.5:1",
    +               "fgColor": "#7db6be",
    +               "fontSize": "10.5pt (14px)",
    +               "fontWeight": "normal",
    +               "messageKey": null,
    +             },
    +             "id": "color-contrast",
    +             "impact": "serious",
    +             "message": "Element has insufficient color contrast of 2.16 (foreground color: #7db6be, background color: #fafafc, font size: 10.5pt (14px), font weight: normal). Expected contrast ratio of 4.5:1",
    +             "relatedNodes": Array [
    +               Object {
    +                 "html": "<a class=\"group neon-border bg-void-light/50 block rounded-xl p-6 backdrop-blur-sm transition-all duration-300 hover:-translate-y-1\" href=\"/en/blog/gdpr-compliant-data-warehousing\">",
    +                 "target": Array [
    +                   "div[data-reveal-delay=\"100\"] > .neon-border.hover\\:-translate-y-1.group",
    +                 ],
    +               },
    +               Object {
    +                 "html": "<section class=\"bg-void dot-matrix py-20 lg:py-24\">",
    +                 "target": Array [
    +                   ".dot-matrix",
    +                 ],
    +               },
    +             ],
    +           },
    +         ],
    +         "failureSummary": "Fix any of the following:
    +   Element has insufficient color contrast of 2.16 (foreground color: #7db6be, background color: #fafafc, font size: 10.5pt (14px), font weight: normal). Expected contrast ratio of 4.5:1",
    +         "html": "<span class=\"text-neon-cyan inline-flex items-center gap-1 font-mono text-sm font-semibold transition-all group-hover:gap-2\">Read more<svg width=\"14\" height=\"14\" fill=\"none\" stroke=\"currentColor\" stroke-width=\"2\"><path d=\"M3 7h8M7 3l4 4-4 4\"></path></svg></span>",
    +         "impact": "serious",
    +         "none": Array [],
    +         "target": Array [
    +           "div[data-reveal-delay=\"100\"] > .neon-border.hover\\:-translate-y-1.group > .mt-4.justify-between.items-center > .gap-1.group-hover\\:gap-2.inline-flex",
    +         ],
    +       },
    +     ],
    +     "tags": Array [
    +       "cat.color",
    +       "wcag2aa",
    +       "wcag143",
    +       "TTv5",
    +       "TT13.c",
    +       "EN-301-549",
    +       "EN-9.1.4.3",
    +       "ACT",
    +       "RGAAv4",
    +       "RGAA-3.2.1",
    +     ],
    +   },
    + ]

      38 | 		await page.goto("/en/blog");
      39 | 		const results = await new AxeBuilder({ page }).analyze();
    > 40 | 		expect(results.violations).toEqual([]);
         | 		                           ^
      41 | 	});
      42 | });
      43 |
        at /home/tbaltzakis/cloudless.gr/e2e/a11y/comprehensive-a11y.spec.ts:40:30

    attachment #1: screenshot (image/png) ──────────────────────────────────────────────────────────
    test-results/a11y-comprehensive-a11y-Bl-96ec6-ass-axe-accessibility-tests-chromium/test-failed-1.png
    ────────────────────────────────────────────────────────────────────────────────────────────────

    attachment #2: video (video/webm) ──────────────────────────────────────────────────────────────
    test-results/a11y-comprehensive-a11y-Bl-96ec6-ass-axe-accessibility-tests-chromium/video-1.webm
    ────────────────────────────────────────────────────────────────────────────────────────────────

    attachment #3: video (video/webm) ──────────────────────────────────────────────────────────────
    test-results/a11y-comprehensive-a11y-Bl-96ec6-ass-axe-accessibility-tests-chromium/video.webm
    ────────────────────────────────────────────────────────────────────────────────────────────────

    Error Context: test-results/a11y-comprehensive-a11y-Bl-96ec6-ass-axe-accessibility-tests-chromium/error-context.md

    Retry #1 ───────────────────────────────────────────────────────────────────────────────────────

    Error: expect(received).toEqual(expected) // deep equality

    - Expected  -  1
    + Received  + 93

    - Array []
    + Array [
    +   Object {
    +     "description": "Ensure the contrast between foreground and background colors meets WCAG 2 AA minimum contrast ratio thresholds",
    +     "help": "Elements must meet minimum color contrast ratio thresholds",
    +     "helpUrl": "https://dequeuniversity.com/rules/axe/4.12/color-contrast?application=playwright",
    +     "id": "color-contrast",
    +     "impact": "serious",
    +     "nodes": Array [
    +       Object {
    +         "all": Array [],
    +         "any": Array [
    +           Object {
    +             "data": Object {
    +               "bgColor": "#fcfcfd",
    +               "contrastRatio": 1.9,
    +               "expectedContrastRatio": "4.5:1",
    +               "fgColor": "#b5bac2",
    +               "fontSize": "13.5pt (18px)",
    +               "fontWeight": "normal",
    +               "messageKey": null,
    +             },
    +             "id": "color-contrast",
    +             "impact": "serious",
    +             "message": "Element has insufficient color contrast of 1.9 (foreground color: #b5bac2, background color: #fcfcfd, font size: 13.5pt (18px), font weight: normal). Expected contrast ratio of 4.5:1",
    +             "relatedNodes": Array [
    +               Object {
    +                 "html": "<section class=\"bg-void scanlines relative overflow-hidden py-20 text-white md:py-28 lg:py-32\">",
    +                 "target": Array [
    +                   ".scanlines",
    +                 ],
    +               },
    +             ],
    +           },
    +         ],
    +         "failureSummary": "Fix any of the following:
    +   Element has insufficient color contrast of 1.9 (foreground color: #b5bac2, background color: #fcfcfd, font size: 13.5pt (18px), font weight: normal). Expected contrast ratio of 4.5:1",
    +         "html": "<p class=\"animate-fade-in-up mt-6 max-w-xl text-lg text-slate-400 delay-200\">Cloud architecture, serverless, analytics, and AI marketing — written for founders and technical teams who want to move fast.</p>",
    +         "impact": "serious",
    +         "none": Array [],
    +         "target": Array [
    +           ".max-w-xl",
    +         ],
    +       },
    +       Object {
    +         "all": Array [],
    +         "any": Array [
    +           Object {
    +             "data": Object {
    +               "bgColor": "#fdfdfe",
    +               "contrastRatio": 1.77,
    +               "expectedContrastRatio": "4.5:1",
    +               "fgColor": "#bfc1c5",
    +               "fontSize": "10.5pt (14px)",
    +               "fontWeight": "normal",
    +               "messageKey": null,
    +             },
    +             "id": "color-contrast",
    +             "impact": "serious",
    +             "message": "Element has insufficient color contrast of 1.77 (foreground color: #bfc1c5, background color: #fdfdfe, font size: 10.5pt (14px), font weight: normal). Expected contrast ratio of 4.5:1",
    +             "relatedNodes": Array [
    +               Object {
    +                 "html": "<input type=\"text\" placeholder=\"Search posts…\" class=\"bg-void-light/50 focus:border-neon-cyan/50 w-full rounded-lg border border-slate-700 px-4 py-2.5 pl-10 font-mono text-sm text-white placeholder-slate-600 backdrop-blur-sm transition-colors focus:outline-none\" name=\"q\" value=\"\">",
    +                 "target": Array [
    +                   ".py-2\\.5",
    +                 ],
    +               },
    +             ],
    +           },
    +         ],
    +         "failureSummary": "Fix any of the following:
    +   Element has insufficient color contrast of 1.77 (foreground color: #bfc1c5, background color: #fdfdfe, font size: 10.5pt (14px), font weight: normal). Expected contrast ratio of 4.5:1",
    +         "html": "<input type=\"text\" placeholder=\"Search posts…\" class=\"bg-void-light/50 focus:border-neon-cyan/50 w-full rounded-lg border border-slate-700 px-4 py-2.5 pl-10 font-mono text-sm text-white placeholder-slate-600 backdrop-blur-sm transition-colors focus:outline-none\" name=\"q\" value=\"\">",
    +         "impact": "serious",
    +         "none": Array [],
    +         "target": Array [
    +           ".py-2\\.5",
    +         ],
    +       },
    +     ],
    +     "tags": Array [
    +       "cat.color",
    +       "wcag2aa",
    +       "wcag143",
    +       "TTv5",
    +       "TT13.c",
    +       "EN-301-549",
    +       "EN-9.1.4.3",
    +       "ACT",
    +       "RGAAv4",
    +       "RGAA-3.2.1",
    +     ],
    +   },
    + ]

      38 | 		await page.goto("/en/blog");
      39 | 		const results = await new AxeBuilder({ page }).analyze();
    > 40 | 		expect(results.violations).toEqual([]);
         | 		                           ^
      41 | 	});
      42 | });
      43 |
        at /home/tbaltzakis/cloudless.gr/e2e/a11y/comprehensive-a11y.spec.ts:40:30

    attachment #1: screenshot (image/png) ──────────────────────────────────────────────────────────
    test-results/a11y-comprehensive-a11y-Bl-96ec6-ass-axe-accessibility-tests-chromium-retry1/test-failed-1.png
    ────────────────────────────────────────────────────────────────────────────────────────────────

    attachment #2: video (video/webm) ──────────────────────────────────────────────────────────────
    test-results/a11y-comprehensive-a11y-Bl-96ec6-ass-axe-accessibility-tests-chromium-retry1/video-1.webm
    ────────────────────────────────────────────────────────────────────────────────────────────────

    attachment #3: video (video/webm) ──────────────────────────────────────────────────────────────
    test-results/a11y-comprehensive-a11y-Bl-96ec6-ass-axe-accessibility-tests-chromium-retry1/video.webm
    ────────────────────────────────────────────────────────────────────────────────────────────────

    Error Context: test-results/a11y-comprehensive-a11y-Bl-96ec6-ass-axe-accessibility-tests-chromium-retry1/error-context.md

    attachment #5: trace (application/zip) ─────────────────────────────────────────────────────────
    test-results/a11y-comprehensive-a11y-Bl-96ec6-ass-axe-accessibility-tests-chromium-retry1/trace.zip
    Usage:

        npx playwright show-trace test-results/a11y-comprehensive-a11y-Bl-96ec6-ass-axe-accessibility-tests-chromium-retry1/trace.zip

    ────────────────────────────────────────────────────────────────────────────────────────────────

  2) [chromium] › e2e/admin-api-deep.spec.mts:37:5 › Admin APIs unauthenticated › unauth GET /api/admin/notion/analytics — returns 401/403/404 

    Error: expect(received).toContain(expected) // indexOf

    Expected value: 200
    Received array: [401, 403, 404, 405]

      38 |       const r = await request.get(api, { failOnStatusCode: false });
      39 |       // Must reject unauthenticated; 200 would be a data leak
    > 40 |       expect([401, 403, 404, 405]).toContain(r.status());
         |                                    ^
      41 |     });
      42 |   }
      43 |
        at /home/tbaltzakis/cloudless.gr/e2e/admin-api-deep.spec.mts:40:36

    attachment #1: screenshot (image/png) ──────────────────────────────────────────────────────────
    test-results/admin-api-deep-Admin-APIs--1b8c0-ytics-—-returns-401-403-404-chromium/test-failed-1.png
    ────────────────────────────────────────────────────────────────────────────────────────────────

    attachment #2: video (video/webm) ──────────────────────────────────────────────────────────────
    test-results/admin-api-deep-Admin-APIs--1b8c0-ytics-—-returns-401-403-404-chromium/video.webm
    ────────────────────────────────────────────────────────────────────────────────────────────────

    Error Context: test-results/admin-api-deep-Admin-APIs--1b8c0-ytics-—-returns-401-403-404-chromium/error-context.md

    Retry #1 ───────────────────────────────────────────────────────────────────────────────────────

    Error: expect(received).toContain(expected) // indexOf

    Expected value: 200
    Received array: [401, 403, 404, 405]

      38 |       const r = await request.get(api, { failOnStatusCode: false });
      39 |       // Must reject unauthenticated; 200 would be a data leak
    > 40 |       expect([401, 403, 404, 405]).toContain(r.status());
         |                                    ^
      41 |     });
      42 |   }
      43 |
        at /home/tbaltzakis/cloudless.gr/e2e/admin-api-deep.spec.mts:40:36

    attachment #1: screenshot (image/png) ──────────────────────────────────────────────────────────
    test-results/admin-api-deep-Admin-APIs--1b8c0-ytics-—-returns-401-403-404-chromium-retry1/test-failed-1.png
    ────────────────────────────────────────────────────────────────────────────────────────────────

    attachment #2: video (video/webm) ──────────────────────────────────────────────────────────────
    test-results/admin-api-deep-Admin-APIs--1b8c0-ytics-—-returns-401-403-404-chromium-retry1/video.webm
    ────────────────────────────────────────────────────────────────────────────────────────────────

    Error Context: test-results/admin-api-deep-Admin-APIs--1b8c0-ytics-—-returns-401-403-404-chromium-retry1/error-context.md

    attachment #4: trace (application/zip) ─────────────────────────────────────────────────────────
    test-results/admin-api-deep-Admin-APIs--1b8c0-ytics-—-returns-401-403-404-chromium-retry1/trace.zip
    Usage:

        npx playwright show-trace test-results/admin-api-deep-Admin-APIs--1b8c0-ytics-—-returns-401-403-404-chromium-retry1/trace.zip

    ────────────────────────────────────────────────────────────────────────────────────────────────

  3) [chromium] › e2e/admin-api-deep.spec.mts:37:5 › Admin APIs unauthenticated › unauth GET /api/admin/notion/projects — returns 401/403/404 

    Error: expect(received).toContain(expected) // indexOf

    Expected value: 200
    Received array: [401, 403, 404, 405]

      38 |       const r = await request.get(api, { failOnStatusCode: false });
      39 |       // Must reject unauthenticated; 200 would be a data leak
    > 40 |       expect([401, 403, 404, 405]).toContain(r.status());
         |                                    ^
      41 |     });
      42 |   }
      43 |
        at /home/tbaltzakis/cloudless.gr/e2e/admin-api-deep.spec.mts:40:36

    attachment #1: screenshot (image/png) ──────────────────────────────────────────────────────────
    test-results/admin-api-deep-Admin-APIs--729c8-jects-—-returns-401-403-404-chromium/test-failed-1.png
    ────────────────────────────────────────────────────────────────────────────────────────────────

    attachment #2: video (video/webm) ──────────────────────────────────────────────────────────────
    test-results/admin-api-deep-Admin-APIs--729c8-jects-—-returns-401-403-404-chromium/video.webm
    ────────────────────────────────────────────────────────────────────────────────────────────────

    Error Context: test-results/admin-api-deep-Admin-APIs--729c8-jects-—-returns-401-403-404-chromium/error-context.md

    Retry #1 ───────────────────────────────────────────────────────────────────────────────────────

    Error: expect(received).toContain(expected) // indexOf

    Expected value: 200
    Received array: [401, 403, 404, 405]

      38 |       const r = await request.get(api, { failOnStatusCode: false });
      39 |       // Must reject unauthenticated; 200 would be a data leak
    > 40 |       expect([401, 403, 404, 405]).toContain(r.status());
         |                                    ^
      41 |     });
      42 |   }
      43 |
        at /home/tbaltzakis/cloudless.gr/e2e/admin-api-deep.spec.mts:40:36

    attachment #1: screenshot (image/png) ──────────────────────────────────────────────────────────
    test-results/admin-api-deep-Admin-APIs--729c8-jects-—-returns-401-403-404-chromium-retry1/test-failed-1.png
    ────────────────────────────────────────────────────────────────────────────────────────────────

    attachment #2: video (video/webm) ──────────────────────────────────────────────────────────────
    test-results/admin-api-deep-Admin-APIs--729c8-jects-—-returns-401-403-404-chromium-retry1/video.webm
    ────────────────────────────────────────────────────────────────────────────────────────────────

    Error Context: test-results/admin-api-deep-Admin-APIs--729c8-jects-—-returns-401-403-404-chromium-retry1/error-context.md

    attachment #4: trace (application/zip) ─────────────────────────────────────────────────────────
    test-results/admin-api-deep-Admin-APIs--729c8-jects-—-returns-401-403-404-chromium-retry1/trace.zip
    Usage:

        npx playwright show-trace test-results/admin-api-deep-Admin-APIs--729c8-jects-—-returns-401-403-404-chromium-retry1/trace.zip

    ────────────────────────────────────────────────────────────────────────────────────────────────

  4) [chromium] › e2e/admin-api-deep.spec.mts:37:5 › Admin APIs unauthenticated › unauth GET /api/admin/notion/status — returns 401/403/404 

    Error: expect(received).toContain(expected) // indexOf

    Expected value: 200
    Received array: [401, 403, 404, 405]

      38 |       const r = await request.get(api, { failOnStatusCode: false });
      39 |       // Must reject unauthenticated; 200 would be a data leak
    > 40 |       expect([401, 403, 404, 405]).toContain(r.status());
         |                                    ^
      41 |     });
      42 |   }
      43 |
        at /home/tbaltzakis/cloudless.gr/e2e/admin-api-deep.spec.mts:40:36

    attachment #1: screenshot (image/png) ──────────────────────────────────────────────────────────
    test-results/admin-api-deep-Admin-APIs--6da80-tatus-—-returns-401-403-404-chromium/test-failed-1.png
    ────────────────────────────────────────────────────────────────────────────────────────────────

    attachment #2: video (video/webm) ──────────────────────────────────────────────────────────────
    test-results/admin-api-deep-Admin-APIs--6da80-tatus-—-returns-401-403-404-chromium/video.webm
    ────────────────────────────────────────────────────────────────────────────────────────────────

    Error Context: test-results/admin-api-deep-Admin-APIs--6da80-tatus-—-returns-401-403-404-chromium/error-context.md

    Retry #1 ───────────────────────────────────────────────────────────────────────────────────────

    Error: expect(received).toContain(expected) // indexOf

    Expected value: 200
    Received array: [401, 403, 404, 405]

      38 |       const r = await request.get(api, { failOnStatusCode: false });
      39 |       // Must reject unauthenticated; 200 would be a data leak
    > 40 |       expect([401, 403, 404, 405]).toContain(r.status());
         |                                    ^
      41 |     });
      42 |   }
      43 |
        at /home/tbaltzakis/cloudless.gr/e2e/admin-api-deep.spec.mts:40:36

    attachment #1: screenshot (image/png) ──────────────────────────────────────────────────────────
    test-results/admin-api-deep-Admin-APIs--6da80-tatus-—-returns-401-403-404-chromium-retry1/test-failed-1.png
    ────────────────────────────────────────────────────────────────────────────────────────────────

    attachment #2: video (video/webm) ──────────────────────────────────────────────────────────────
    test-results/admin-api-deep-Admin-APIs--6da80-tatus-—-returns-401-403-404-chromium-retry1/video.webm
    ────────────────────────────────────────────────────────────────────────────────────────────────

    Error Context: test-results/admin-api-deep-Admin-APIs--6da80-tatus-—-returns-401-403-404-chromium-retry1/error-context.md

    attachment #4: trace (application/zip) ─────────────────────────────────────────────────────────
    test-results/admin-api-deep-Admin-APIs--6da80-tatus-—-returns-401-403-404-chromium-retry1/trace.zip
    Usage:

        npx playwright show-trace test-results/admin-api-deep-Admin-APIs--6da80-tatus-—-returns-401-403-404-chromium-retry1/trace.zip

    ────────────────────────────────────────────────────────────────────────────────────────────────

  5) [chromium] › e2e/admin-api-deep.spec.mts:37:5 › Admin APIs unauthenticated › unauth GET /api/admin/notion/submissions — returns 401/403/404 

    Error: expect(received).toContain(expected) // indexOf

    Expected value: 200
    Received array: [401, 403, 404, 405]

      38 |       const r = await request.get(api, { failOnStatusCode: false });
      39 |       // Must reject unauthenticated; 200 would be a data leak
    > 40 |       expect([401, 403, 404, 405]).toContain(r.status());
         |                                    ^
      41 |     });
      42 |   }
      43 |
        at /home/tbaltzakis/cloudless.gr/e2e/admin-api-deep.spec.mts:40:36

    attachment #1: screenshot (image/png) ──────────────────────────────────────────────────────────
    test-results/admin-api-deep-Admin-APIs--27769-sions-—-returns-401-403-404-chromium/test-failed-1.png
    ────────────────────────────────────────────────────────────────────────────────────────────────

    attachment #2: video (video/webm) ──────────────────────────────────────────────────────────────
    test-results/admin-api-deep-Admin-APIs--27769-sions-—-returns-401-403-404-chromium/video.webm
    ────────────────────────────────────────────────────────────────────────────────────────────────

    Error Context: test-results/admin-api-deep-Admin-APIs--27769-sions-—-returns-401-403-404-chromium/error-context.md

    Retry #1 ───────────────────────────────────────────────────────────────────────────────────────

    Error: expect(received).toContain(expected) // indexOf

    Expected value: 200
    Received array: [401, 403, 404, 405]

      38 |       const r = await request.get(api, { failOnStatusCode: false });
      39 |       // Must reject unauthenticated; 200 would be a data leak
    > 40 |       expect([401, 403, 404, 405]).toContain(r.status());
         |                                    ^
      41 |     });
      42 |   }
      43 |
        at /home/tbaltzakis/cloudless.gr/e2e/admin-api-deep.spec.mts:40:36

    attachment #1: screenshot (image/png) ──────────────────────────────────────────────────────────
    test-results/admin-api-deep-Admin-APIs--27769-sions-—-returns-401-403-404-chromium-retry1/test-failed-1.png
    ────────────────────────────────────────────────────────────────────────────────────────────────

    attachment #2: video (video/webm) ──────────────────────────────────────────────────────────────
    test-results/admin-api-deep-Admin-APIs--27769-sions-—-returns-401-403-404-chromium-retry1/video.webm
    ────────────────────────────────────────────────────────────────────────────────────────────────

    Error Context: test-results/admin-api-deep-Admin-APIs--27769-sions-—-returns-401-403-404-chromium-retry1/error-context.md

    attachment #4: trace (application/zip) ─────────────────────────────────────────────────────────
    test-results/admin-api-deep-Admin-APIs--27769-sions-—-returns-401-403-404-chromium-retry1/trace.zip
    Usage:

        npx playwright show-trace test-results/admin-api-deep-Admin-APIs--27769-sions-—-returns-401-403-404-chromium-retry1/trace.zip

    ────────────────────────────────────────────────────────────────────────────────────────────────

  6) [chromium] › e2e/admin-api-deep.spec.mts:37:5 › Admin APIs unauthenticated › unauth GET /api/admin/notion/tasks — returns 401/403/404 

    Error: expect(received).toContain(expected) // indexOf

    Expected value: 200
    Received array: [401, 403, 404, 405]

      38 |       const r = await request.get(api, { failOnStatusCode: false });
      39 |       // Must reject unauthenticated; 200 would be a data leak
    > 40 |       expect([401, 403, 404, 405]).toContain(r.status());
         |                                    ^
      41 |     });
      42 |   }
      43 |
        at /home/tbaltzakis/cloudless.gr/e2e/admin-api-deep.spec.mts:40:36

    attachment #1: screenshot (image/png) ──────────────────────────────────────────────────────────
    test-results/admin-api-deep-Admin-APIs--24954-tasks-—-returns-401-403-404-chromium/test-failed-1.png
    ────────────────────────────────────────────────────────────────────────────────────────────────

    attachment #2: video (video/webm) ──────────────────────────────────────────────────────────────
    test-results/admin-api-deep-Admin-APIs--24954-tasks-—-returns-401-403-404-chromium/video.webm
    ────────────────────────────────────────────────────────────────────────────────────────────────

    Error Context: test-results/admin-api-deep-Admin-APIs--24954-tasks-—-returns-401-403-404-chromium/error-context.md

    Retry #1 ───────────────────────────────────────────────────────────────────────────────────────

    Error: expect(received).toContain(expected) // indexOf

    Expected value: 200
    Received array: [401, 403, 404, 405]

      38 |       const r = await request.get(api, { failOnStatusCode: false });
      39 |       // Must reject unauthenticated; 200 would be a data leak
    > 40 |       expect([401, 403, 404, 405]).toContain(r.status());
         |                                    ^
      41 |     });
      42 |   }
      43 |
        at /home/tbaltzakis/cloudless.gr/e2e/admin-api-deep.spec.mts:40:36

    attachment #1: screenshot (image/png) ──────────────────────────────────────────────────────────
    test-results/admin-api-deep-Admin-APIs--24954-tasks-—-returns-401-403-404-chromium-retry1/test-failed-1.png
    ────────────────────────────────────────────────────────────────────────────────────────────────

    attachment #2: video (video/webm) ──────────────────────────────────────────────────────────────
    test-results/admin-api-deep-Admin-APIs--24954-tasks-—-returns-401-403-404-chromium-retry1/video.webm
    ────────────────────────────────────────────────────────────────────────────────────────────────

    Error Context: test-results/admin-api-deep-Admin-APIs--24954-tasks-—-returns-401-403-404-chromium-retry1/error-context.md

    attachment #4: trace (application/zip) ─────────────────────────────────────────────────────────
    test-results/admin-api-deep-Admin-APIs--24954-tasks-—-returns-401-403-404-chromium-retry1/trace.zip
    Usage:

        npx playwright show-trace test-results/admin-api-deep-Admin-APIs--24954-tasks-—-returns-401-403-404-chromium-retry1/trace.zip

    ────────────────────────────────────────────────────────────────────────────────────────────────

  7) [chromium] › e2e/admin-appflowy-cms-api.spec.ts:74:9 › Admin AppFlowy CMS APIs — unauthenticated › POST /api/admin/appflowy/case-studies rejects anon 

    Error: expect(received).toBe(expected) // Object.is equality

    Expected: 501
    Received: 401

      79 |       // AppFlowy admin endpoints intentionally return "Create via AppFlowy UI"
      80 |       // without admin-gating these methods from the web client.
    > 81 |       expect(r.status()).toBe(501);
         |                          ^
      82 |     });
      83 |
      84 |     test(`PATCH ${ep.url} rejects anon`, async ({ request }) => {
        at /home/tbaltzakis/cloudless.gr/e2e/admin-appflowy-cms-api.spec.ts:81:26

    Error Context: test-results/admin-appflowy-cms-api-Adm-c4556-y-case-studies-rejects-anon-chromium/error-context.md

    Retry #1 ───────────────────────────────────────────────────────────────────────────────────────

    Error: expect(received).toBe(expected) // Object.is equality

    Expected: 501
    Received: 401

      79 |       // AppFlowy admin endpoints intentionally return "Create via AppFlowy UI"
      80 |       // without admin-gating these methods from the web client.
    > 81 |       expect(r.status()).toBe(501);
         |                          ^
      82 |     });
      83 |
      84 |     test(`PATCH ${ep.url} rejects anon`, async ({ request }) => {
        at /home/tbaltzakis/cloudless.gr/e2e/admin-appflowy-cms-api.spec.ts:81:26

    Error Context: test-results/admin-appflowy-cms-api-Adm-c4556-y-case-studies-rejects-anon-chromium-retry1/error-context.md

    attachment #2: trace (application/zip) ─────────────────────────────────────────────────────────
    test-results/admin-appflowy-cms-api-Adm-c4556-y-case-studies-rejects-anon-chromium-retry1/trace.zip
    Usage:

        npx playwright show-trace test-results/admin-appflowy-cms-api-Adm-c4556-y-case-studies-rejects-anon-chromium-retry1/trace.zip

    ────────────────────────────────────────────────────────────────────────────────────────────────

  8) [chromium] › e2e/admin-appflowy-cms-api.spec.ts:97:9 › Admin AppFlowy CMS APIs — unauthenticated › DELETE /api/admin/appflowy/case-studies rejects anon 

    Error: expect(received).toBe(expected) // Object.is equality

    Expected: 501
    Received: 401

       99 |         failOnStatusCode: false,
      100 |       });
    > 101 |       expect(r.status()).toBe(501);
          |                          ^
      102 |     });
      103 |   }
      104 |
        at /home/tbaltzakis/cloudless.gr/e2e/admin-appflowy-cms-api.spec.ts:101:26

    Error Context: test-results/admin-appflowy-cms-api-Adm-b9109-y-case-studies-rejects-anon-chromium/error-context.md

    Retry #1 ───────────────────────────────────────────────────────────────────────────────────────

    Error: expect(received).toBe(expected) // Object.is equality

    Expected: 501
    Received: 401

       99 |         failOnStatusCode: false,
      100 |       });
    > 101 |       expect(r.status()).toBe(501);
          |                          ^
      102 |     });
      103 |   }
      104 |
        at /home/tbaltzakis/cloudless.gr/e2e/admin-appflowy-cms-api.spec.ts:101:26

    Error Context: test-results/admin-appflowy-cms-api-Adm-b9109-y-case-studies-rejects-anon-chromium-retry1/error-context.md

    attachment #2: trace (application/zip) ─────────────────────────────────────────────────────────
    test-results/admin-appflowy-cms-api-Adm-b9109-y-case-studies-rejects-anon-chromium-retry1/trace.zip
    Usage:

        npx playwright show-trace test-results/admin-appflowy-cms-api-Adm-b9109-y-case-studies-rejects-anon-chromium-retry1/trace.zip

    ────────────────────────────────────────────────────────────────────────────────────────────────

  9) [chromium] › e2e/admin-appflowy-cms-api.spec.ts:74:9 › Admin AppFlowy CMS APIs — unauthenticated › POST /api/admin/appflowy/faqs rejects anon 

    Error: expect(received).toBe(expected) // Object.is equality

    Expected: 501
    Received: 401

      79 |       // AppFlowy admin endpoints intentionally return "Create via AppFlowy UI"
      80 |       // without admin-gating these methods from the web client.
    > 81 |       expect(r.status()).toBe(501);
         |                          ^
      82 |     });
      83 |
      84 |     test(`PATCH ${ep.url} rejects anon`, async ({ request }) => {
        at /home/tbaltzakis/cloudless.gr/e2e/admin-appflowy-cms-api.spec.ts:81:26

    Error Context: test-results/admin-appflowy-cms-api-Adm-9c84a--appflowy-faqs-rejects-anon-chromium/error-context.md

    Retry #1 ───────────────────────────────────────────────────────────────────────────────────────

    Error: expect(received).toBe(expected) // Object.is equality

    Expected: 501
    Received: 401

      79 |       // AppFlowy admin endpoints intentionally return "Create via AppFlowy UI"
      80 |       // without admin-gating these methods from the web client.
    > 81 |       expect(r.status()).toBe(501);
         |                          ^
      82 |     });
      83 |
      84 |     test(`PATCH ${ep.url} rejects anon`, async ({ request }) => {
        at /home/tbaltzakis/cloudless.gr/e2e/admin-appflowy-cms-api.spec.ts:81:26

    Error Context: test-results/admin-appflowy-cms-api-Adm-9c84a--appflowy-faqs-rejects-anon-chromium-retry1/error-context.md

    attachment #2: trace (application/zip) ─────────────────────────────────────────────────────────
    test-results/admin-appflowy-cms-api-Adm-9c84a--appflowy-faqs-rejects-anon-chromium-retry1/trace.zip
    Usage:

        npx playwright show-trace test-results/admin-appflowy-cms-api-Adm-9c84a--appflowy-faqs-rejects-anon-chromium-retry1/trace.zip

    ────────────────────────────────────────────────────────────────────────────────────────────────

  10) [chromium] › e2e/admin-appflowy-cms-api.spec.ts:97:9 › Admin AppFlowy CMS APIs — unauthenticated › DELETE /api/admin/appflowy/faqs rejects anon 

    Error: expect(received).toBe(expected) // Object.is equality

    Expected: 501
    Received: 401

       99 |         failOnStatusCode: false,
      100 |       });
    > 101 |       expect(r.status()).toBe(501);
          |                          ^
      102 |     });
      103 |   }
      104 |
        at /home/tbaltzakis/cloudless.gr/e2e/admin-appflowy-cms-api.spec.ts:101:26

    Error Context: test-results/admin-appflowy-cms-api-Adm-db756--appflowy-faqs-rejects-anon-chromium/error-context.md

    Retry #1 ───────────────────────────────────────────────────────────────────────────────────────

    Error: expect(received).toBe(expected) // Object.is equality

    Expected: 501
    Received: 401

       99 |         failOnStatusCode: false,
      100 |       });
    > 101 |       expect(r.status()).toBe(501);
          |                          ^
      102 |     });
      103 |   }
      104 |
        at /home/tbaltzakis/cloudless.gr/e2e/admin-appflowy-cms-api.spec.ts:101:26

    Error Context: test-results/admin-appflowy-cms-api-Adm-db756--appflowy-faqs-rejects-anon-chromium-retry1/error-context.md

    attachment #2: trace (application/zip) ─────────────────────────────────────────────────────────
    test-results/admin-appflowy-cms-api-Adm-db756--appflowy-faqs-rejects-anon-chromium-retry1/trace.zip
    Usage:

        npx playwright show-trace test-results/admin-appflowy-cms-api-Adm-db756--appflowy-faqs-rejects-anon-chromium-retry1/trace.zip

    ────────────────────────────────────────────────────────────────────────────────────────────────

  11) [chromium] › e2e/admin-appflowy-cms-api.spec.ts:74:9 › Admin AppFlowy CMS APIs — unauthenticated › POST /api/admin/appflowy/services rejects anon 

    Error: expect(received).toBe(expected) // Object.is equality

    Expected: 501
    Received: 401

      79 |       // AppFlowy admin endpoints intentionally return "Create via AppFlowy UI"
      80 |       // without admin-gating these methods from the web client.
    > 81 |       expect(r.status()).toBe(501);
         |                          ^
      82 |     });
      83 |
      84 |     test(`PATCH ${ep.url} rejects anon`, async ({ request }) => {
        at /home/tbaltzakis/cloudless.gr/e2e/admin-appflowy-cms-api.spec.ts:81:26

    Error Context: test-results/admin-appflowy-cms-api-Adm-d396f-flowy-services-rejects-anon-chromium/error-context.md

    Retry #1 ───────────────────────────────────────────────────────────────────────────────────────

    Error: expect(received).toBe(expected) // Object.is equality

    Expected: 501
    Received: 401

      79 |       // AppFlowy admin endpoints intentionally return "Create via AppFlowy UI"
      80 |       // without admin-gating these methods from the web client.
    > 81 |       expect(r.status()).toBe(501);
         |                          ^
      82 |     });
      83 |
      84 |     test(`PATCH ${ep.url} rejects anon`, async ({ request }) => {
        at /home/tbaltzakis/cloudless.gr/e2e/admin-appflowy-cms-api.spec.ts:81:26

    Error Context: test-results/admin-appflowy-cms-api-Adm-d396f-flowy-services-rejects-anon-chromium-retry1/error-context.md

    attachment #2: trace (application/zip) ─────────────────────────────────────────────────────────
    test-results/admin-appflowy-cms-api-Adm-d396f-flowy-services-rejects-anon-chromium-retry1/trace.zip
    Usage:

        npx playwright show-trace test-results/admin-appflowy-cms-api-Adm-d396f-flowy-services-rejects-anon-chromium-retry1/trace.zip

    ────────────────────────────────────────────────────────────────────────────────────────────────

  12) [chromium] › e2e/admin-appflowy-cms-api.spec.ts:97:9 › Admin AppFlowy CMS APIs — unauthenticated › DELETE /api/admin/appflowy/services rejects anon 

    Error: expect(received).toBe(expected) // Object.is equality

    Expected: 501
    Received: 401

       99 |         failOnStatusCode: false,
      100 |       });
    > 101 |       expect(r.status()).toBe(501);
          |                          ^
      102 |     });
      103 |   }
      104 |
        at /home/tbaltzakis/cloudless.gr/e2e/admin-appflowy-cms-api.spec.ts:101:26

    Error Context: test-results/admin-appflowy-cms-api-Adm-8ef1c-flowy-services-rejects-anon-chromium/error-context.md

    Retry #1 ───────────────────────────────────────────────────────────────────────────────────────

    Error: expect(received).toBe(expected) // Object.is equality

    Expected: 501
    Received: 401

       99 |         failOnStatusCode: false,
      100 |       });
    > 101 |       expect(r.status()).toBe(501);
          |                          ^
      102 |     });
      103 |   }
      104 |
        at /home/tbaltzakis/cloudless.gr/e2e/admin-appflowy-cms-api.spec.ts:101:26

    Error Context: test-results/admin-appflowy-cms-api-Adm-8ef1c-flowy-services-rejects-anon-chromium-retry1/error-context.md

    attachment #2: trace (application/zip) ─────────────────────────────────────────────────────────
    test-results/admin-appflowy-cms-api-Adm-8ef1c-flowy-services-rejects-anon-chromium-retry1/trace.zip
    Usage:

        npx playwright show-trace test-results/admin-appflowy-cms-api-Adm-8ef1c-flowy-services-rejects-anon-chromium-retry1/trace.zip

    ────────────────────────────────────────────────────────────────────────────────────────────────

  13) [chromium] › e2e/admin-appflowy-cms-api.spec.ts:138:9 › Admin AppFlowy CMS APIs — authenticated › POST /api/admin/appflowy/case-studies rejects invalid JSON (AppFlowy admin contract) 

    Error: expect(received).toMatch(expected)

    Expected pattern: /Invalid JSON/i
    Received string:  "title is required"

      150 |       if (r.status() === 400) {
      151 |         const body = await r.json();
    > 152 |         expect(body.error).toMatch(/Invalid JSON/i);
          |                            ^
      153 |       }
      154 |     });
      155 |
        at /home/tbaltzakis/cloudless.gr/e2e/admin-appflowy-cms-api.spec.ts:152:28

    Error Context: test-results/admin-appflowy-cms-api-Adm-77444-ON-AppFlowy-admin-contract--chromium/error-context.md

    Retry #1 ───────────────────────────────────────────────────────────────────────────────────────

    Error: expect(received).toMatch(expected)

    Expected pattern: /Invalid JSON/i
    Received string:  "title is required"

      150 |       if (r.status() === 400) {
      151 |         const body = await r.json();
    > 152 |         expect(body.error).toMatch(/Invalid JSON/i);
          |                            ^
      153 |       }
      154 |     });
      155 |
        at /home/tbaltzakis/cloudless.gr/e2e/admin-appflowy-cms-api.spec.ts:152:28

    Error Context: test-results/admin-appflowy-cms-api-Adm-77444-ON-AppFlowy-admin-contract--chromium-retry1/error-context.md

    attachment #2: trace (application/zip) ─────────────────────────────────────────────────────────
    test-results/admin-appflowy-cms-api-Adm-77444-ON-AppFlowy-admin-contract--chromium-retry1/trace.zip
    Usage:

        npx playwright show-trace test-results/admin-appflowy-cms-api-Adm-77444-ON-AppFlowy-admin-contract--chromium-retry1/trace.zip

    ────────────────────────────────────────────────────────────────────────────────────────────────

  14) [chromium] › e2e/admin-appflowy-cms-api.spec.ts:138:9 › Admin AppFlowy CMS APIs — authenticated › POST /api/admin/appflowy/faqs rejects invalid JSON (AppFlowy admin contract) 

    Error: expect(received).toMatch(expected)

    Expected pattern: /Invalid JSON/i
    Received string:  "question is required"

      150 |       if (r.status() === 400) {
      151 |         const body = await r.json();
    > 152 |         expect(body.error).toMatch(/Invalid JSON/i);
          |                            ^
      153 |       }
      154 |     });
      155 |
        at /home/tbaltzakis/cloudless.gr/e2e/admin-appflowy-cms-api.spec.ts:152:28

    Error Context: test-results/admin-appflowy-cms-api-Adm-a1b9a-ON-AppFlowy-admin-contract--chromium/error-context.md

    Retry #1 ───────────────────────────────────────────────────────────────────────────────────────

    Error: expect(received).toMatch(expected)

    Expected pattern: /Invalid JSON/i
    Received string:  "question is required"

      150 |       if (r.status() === 400) {
      151 |         const body = await r.json();
    > 152 |         expect(body.error).toMatch(/Invalid JSON/i);
          |                            ^
      153 |       }
      154 |     });
      155 |
        at /home/tbaltzakis/cloudless.gr/e2e/admin-appflowy-cms-api.spec.ts:152:28

    Error Context: test-results/admin-appflowy-cms-api-Adm-a1b9a-ON-AppFlowy-admin-contract--chromium-retry1/error-context.md

    attachment #2: trace (application/zip) ─────────────────────────────────────────────────────────
    test-results/admin-appflowy-cms-api-Adm-a1b9a-ON-AppFlowy-admin-contract--chromium-retry1/trace.zip
    Usage:

        npx playwright show-trace test-results/admin-appflowy-cms-api-Adm-a1b9a-ON-AppFlowy-admin-contract--chromium-retry1/trace.zip

    ────────────────────────────────────────────────────────────────────────────────────────────────

  15) [chromium] › e2e/admin-appflowy-cms-api.spec.ts:138:9 › Admin AppFlowy CMS APIs — authenticated › POST /api/admin/appflowy/services rejects invalid JSON (AppFlowy admin contract) 

    Error: expect(received).toMatch(expected)

    Expected pattern: /Invalid JSON/i
    Received string:  "name is required"

      150 |       if (r.status() === 400) {
      151 |         const body = await r.json();
    > 152 |         expect(body.error).toMatch(/Invalid JSON/i);
          |                            ^
      153 |       }
      154 |     });
      155 |
        at /home/tbaltzakis/cloudless.gr/e2e/admin-appflowy-cms-api.spec.ts:152:28

    Error Context: test-results/admin-appflowy-cms-api-Adm-e07a1-ON-AppFlowy-admin-contract--chromium/error-context.md

    Retry #1 ───────────────────────────────────────────────────────────────────────────────────────

    Error: expect(received).toMatch(expected)

    Expected pattern: /Invalid JSON/i
    Received string:  "name is required"

      150 |       if (r.status() === 400) {
      151 |         const body = await r.json();
    > 152 |         expect(body.error).toMatch(/Invalid JSON/i);
          |                            ^
      153 |       }
      154 |     });
      155 |
        at /home/tbaltzakis/cloudless.gr/e2e/admin-appflowy-cms-api.spec.ts:152:28

    Error Context: test-results/admin-appflowy-cms-api-Adm-e07a1-ON-AppFlowy-admin-contract--chromium-retry1/error-context.md

    attachment #2: trace (application/zip) ─────────────────────────────────────────────────────────
    test-results/admin-appflowy-cms-api-Adm-e07a1-ON-AppFlowy-admin-contract--chromium-retry1/trace.zip
    Usage:

        npx playwright show-trace test-results/admin-appflowy-cms-api-Adm-e07a1-ON-AppFlowy-admin-contract--chromium-retry1/trace.zip

    ────────────────────────────────────────────────────────────────────────────────────────────────

  16) [chromium] › e2e/api/admin-api-comprehensive.spec.ts:63:9 › Admin API - Comprehensive Testing › AI Analytics Orchestration Endpoint › should return analytics orchestration data 

    Error: [Admin API Test] Expected status 200 or 503 for /api/admin/ai/analytics-orchestration, got 500

       at helpers/api-helpers.ts:123

      121 |     const statusArray = Array.isArray(expectedStatus) ? expectedStatus : [expectedStatus];
      122 |     if (!statusArray.includes(response.status())) {
    > 123 |       throw new Error(
          |             ^
      124 |         `[${this.testName}] Expected status ${statusArray.join(' or ')} for ${endpoint}, got ${response.status()}`
      125 |       );
      126 |     }
        at APITestHelper.post (/home/tbaltzakis/cloudless.gr/e2e/helpers/api-helpers.ts:123:13)
        at /home/tbaltzakis/cloudless.gr/e2e/api/admin-api-comprehensive.spec.ts:64:24

    Error Context: test-results/api-admin-api-comprehensiv-0e277-nalytics-orchestration-data-chromium/error-context.md

    Retry #1 ───────────────────────────────────────────────────────────────────────────────────────

    Error: [Admin API Test] Expected status 200 or 503 for /api/admin/ai/analytics-orchestration, got 500

       at helpers/api-helpers.ts:123

      121 |     const statusArray = Array.isArray(expectedStatus) ? expectedStatus : [expectedStatus];
      122 |     if (!statusArray.includes(response.status())) {
    > 123 |       throw new Error(
          |             ^
      124 |         `[${this.testName}] Expected status ${statusArray.join(' or ')} for ${endpoint}, got ${response.status()}`
      125 |       );
      126 |     }
        at APITestHelper.post (/home/tbaltzakis/cloudless.gr/e2e/helpers/api-helpers.ts:123:13)
        at /home/tbaltzakis/cloudless.gr/e2e/api/admin-api-comprehensive.spec.ts:64:24

    Error Context: test-results/api-admin-api-comprehensiv-0e277-nalytics-orchestration-data-chromium-retry1/error-context.md

    attachment #2: trace (application/zip) ─────────────────────────────────────────────────────────
    test-results/api-admin-api-comprehensiv-0e277-nalytics-orchestration-data-chromium-retry1/trace.zip
    Usage:

        npx playwright show-trace test-results/api-admin-api-comprehensiv-0e277-nalytics-orchestration-data-chromium-retry1/trace.zip

    ────────────────────────────────────────────────────────────────────────────────────────────────

  17) [chromium] › e2e/api/admin-api-comprehensive.spec.ts:75:9 › Admin API - Comprehensive Testing › AI Analytics Orchestration Endpoint › should handle PDF generation request 

    Error: [Admin API Test] Expected status 200 or 501 or 503 for /api/admin/ai/analytics-orchestration/pdf, got 500

       at helpers/api-helpers.ts:123

      121 |     const statusArray = Array.isArray(expectedStatus) ? expectedStatus : [expectedStatus];
      122 |     if (!statusArray.includes(response.status())) {
    > 123 |       throw new Error(
          |             ^
      124 |         `[${this.testName}] Expected status ${statusArray.join(' or ')} for ${endpoint}, got ${response.status()}`
      125 |       );
      126 |     }
        at APITestHelper.post (/home/tbaltzakis/cloudless.gr/e2e/helpers/api-helpers.ts:123:13)
        at /home/tbaltzakis/cloudless.gr/e2e/api/admin-api-comprehensive.spec.ts:76:24

    Error Context: test-results/api-admin-api-comprehensiv-eafad-ndle-PDF-generation-request-chromium/error-context.md

    Retry #1 ───────────────────────────────────────────────────────────────────────────────────────

    Error: [Admin API Test] Expected status 200 or 501 or 503 for /api/admin/ai/analytics-orchestration/pdf, got 500

       at helpers/api-helpers.ts:123

      121 |     const statusArray = Array.isArray(expectedStatus) ? expectedStatus : [expectedStatus];
      122 |     if (!statusArray.includes(response.status())) {
    > 123 |       throw new Error(
          |             ^
      124 |         `[${this.testName}] Expected status ${statusArray.join(' or ')} for ${endpoint}, got ${response.status()}`
      125 |       );
      126 |     }
        at APITestHelper.post (/home/tbaltzakis/cloudless.gr/e2e/helpers/api-helpers.ts:123:13)
        at /home/tbaltzakis/cloudless.gr/e2e/api/admin-api-comprehensive.spec.ts:76:24

    Error Context: test-results/api-admin-api-comprehensiv-eafad-ndle-PDF-generation-request-chromium-retry1/error-context.md

    attachment #2: trace (application/zip) ─────────────────────────────────────────────────────────
    test-results/api-admin-api-comprehensiv-eafad-ndle-PDF-generation-request-chromium-retry1/trace.zip
    Usage:

        npx playwright show-trace test-results/api-admin-api-comprehensiv-eafad-ndle-PDF-generation-request-chromium-retry1/trace.zip

    ────────────────────────────────────────────────────────────────────────────────────────────────

  18) [chromium] › e2e/api/admin-api-comprehensive.spec.ts:90:9 › Admin API - Comprehensive Testing › AI Audience Endpoint › should return audience data 

    Error: [Admin API Test] Expected status 200 or 503 for /api/admin/ai/audience, got 500

       at helpers/api-helpers.ts:123

      121 |     const statusArray = Array.isArray(expectedStatus) ? expectedStatus : [expectedStatus];
      122 |     if (!statusArray.includes(response.status())) {
    > 123 |       throw new Error(
          |             ^
      124 |         `[${this.testName}] Expected status ${statusArray.join(' or ')} for ${endpoint}, got ${response.status()}`
      125 |       );
      126 |     }
        at APITestHelper.post (/home/tbaltzakis/cloudless.gr/e2e/helpers/api-helpers.ts:123:13)
        at /home/tbaltzakis/cloudless.gr/e2e/api/admin-api-comprehensive.spec.ts:91:24

    Error Context: test-results/api-admin-api-comprehensiv-78bd5-should-return-audience-data-chromium/error-context.md

    Retry #1 ───────────────────────────────────────────────────────────────────────────────────────

    Error: [Admin API Test] Expected status 200 or 503 for /api/admin/ai/audience, got 500

       at helpers/api-helpers.ts:123

      121 |     const statusArray = Array.isArray(expectedStatus) ? expectedStatus : [expectedStatus];
      122 |     if (!statusArray.includes(response.status())) {
    > 123 |       throw new Error(
          |             ^
      124 |         `[${this.testName}] Expected status ${statusArray.join(' or ')} for ${endpoint}, got ${response.status()}`
      125 |       );
      126 |     }
        at APITestHelper.post (/home/tbaltzakis/cloudless.gr/e2e/helpers/api-helpers.ts:123:13)
        at /home/tbaltzakis/cloudless.gr/e2e/api/admin-api-comprehensive.spec.ts:91:24

    Error Context: test-results/api-admin-api-comprehensiv-78bd5-should-return-audience-data-chromium-retry1/error-context.md

    attachment #2: trace (application/zip) ─────────────────────────────────────────────────────────
    test-results/api-admin-api-comprehensiv-78bd5-should-return-audience-data-chromium-retry1/trace.zip
    Usage:

        npx playwright show-trace test-results/api-admin-api-comprehensiv-78bd5-should-return-audience-data-chromium-retry1/trace.zip

    ────────────────────────────────────────────────────────────────────────────────────────────────

  19) [chromium] › e2e/api/admin-api-comprehensive.spec.ts:109:9 › Admin API - Comprehensive Testing › AI Campaign Endpoint › should accept campaign creation data 

    Error: [Admin API Test] Expected status 200 or 201 or 400 or 501 or 503 for /api/admin/ai/campaign, got 500

       at helpers/api-helpers.ts:123

      121 |     const statusArray = Array.isArray(expectedStatus) ? expectedStatus : [expectedStatus];
      122 |     if (!statusArray.includes(response.status())) {
    > 123 |       throw new Error(
          |             ^
      124 |         `[${this.testName}] Expected status ${statusArray.join(' or ')} for ${endpoint}, got ${response.status()}`
      125 |       );
      126 |     }
        at APITestHelper.post (/home/tbaltzakis/cloudless.gr/e2e/helpers/api-helpers.ts:123:13)
        at /home/tbaltzakis/cloudless.gr/e2e/api/admin-api-comprehensive.spec.ts:116:24

    Error Context: test-results/api-admin-api-comprehensiv-08f06-cept-campaign-creation-data-chromium/error-context.md

    Retry #1 ───────────────────────────────────────────────────────────────────────────────────────

    Error: [Admin API Test] Expected status 200 or 201 or 400 or 501 or 503 for /api/admin/ai/campaign, got 500

       at helpers/api-helpers.ts:123

      121 |     const statusArray = Array.isArray(expectedStatus) ? expectedStatus : [expectedStatus];
      122 |     if (!statusArray.includes(response.status())) {
    > 123 |       throw new Error(
          |             ^
      124 |         `[${this.testName}] Expected status ${statusArray.join(' or ')} for ${endpoint}, got ${response.status()}`
      125 |       );
      126 |     }
        at APITestHelper.post (/home/tbaltzakis/cloudless.gr/e2e/helpers/api-helpers.ts:123:13)
        at /home/tbaltzakis/cloudless.gr/e2e/api/admin-api-comprehensive.spec.ts:116:24

    Error Context: test-results/api-admin-api-comprehensiv-08f06-cept-campaign-creation-data-chromium-retry1/error-context.md

    attachment #2: trace (application/zip) ─────────────────────────────────────────────────────────
    test-results/api-admin-api-comprehensiv-08f06-cept-campaign-creation-data-chromium-retry1/trace.zip
    Usage:

        npx playwright show-trace test-results/api-admin-api-comprehensiv-08f06-cept-campaign-creation-data-chromium-retry1/trace.zip

    ────────────────────────────────────────────────────────────────────────────────────────────────

  20) [chromium] › e2e/api/admin-api-comprehensive.spec.ts:217:9 › Admin API - Comprehensive Testing › Cache Endpoint › should return cache statistics 

    Error: [Admin API Test] Expected status 200 for /api/admin/cache, got 500

       at helpers/api-helpers.ts:123

      121 |     const statusArray = Array.isArray(expectedStatus) ? expectedStatus : [expectedStatus];
      122 |     if (!statusArray.includes(response.status())) {
    > 123 |       throw new Error(
          |             ^
      124 |         `[${this.testName}] Expected status ${statusArray.join(' or ')} for ${endpoint}, got ${response.status()}`
      125 |       );
      126 |     }
        at APITestHelper.post (/home/tbaltzakis/cloudless.gr/e2e/helpers/api-helpers.ts:123:13)
        at /home/tbaltzakis/cloudless.gr/e2e/api/admin-api-comprehensive.spec.ts:218:24

    Error Context: test-results/api-admin-api-comprehensiv-a919a-uld-return-cache-statistics-chromium/error-context.md

    Retry #1 ───────────────────────────────────────────────────────────────────────────────────────

    Error: [Admin API Test] Expected status 200 for /api/admin/cache, got 500

       at helpers/api-helpers.ts:123

      121 |     const statusArray = Array.isArray(expectedStatus) ? expectedStatus : [expectedStatus];
      122 |     if (!statusArray.includes(response.status())) {
    > 123 |       throw new Error(
          |             ^
      124 |         `[${this.testName}] Expected status ${statusArray.join(' or ')} for ${endpoint}, got ${response.status()}`
      125 |       );
      126 |     }
        at APITestHelper.post (/home/tbaltzakis/cloudless.gr/e2e/helpers/api-helpers.ts:123:13)
        at /home/tbaltzakis/cloudless.gr/e2e/api/admin-api-comprehensive.spec.ts:218:24

    Error Context: test-results/api-admin-api-comprehensiv-a919a-uld-return-cache-statistics-chromium-retry1/error-context.md

    attachment #2: trace (application/zip) ─────────────────────────────────────────────────────────
    test-results/api-admin-api-comprehensiv-a919a-uld-return-cache-statistics-chromium-retry1/trace.zip
    Usage:

        npx playwright show-trace test-results/api-admin-api-comprehensiv-a919a-uld-return-cache-statistics-chromium-retry1/trace.zip

    ────────────────────────────────────────────────────────────────────────────────────────────────

  21) [chromium] › e2e/api/admin-api-comprehensive.spec.ts:227:9 › Admin API - Comprehensive Testing › Cache Endpoint › should accept cache clear request 

    Error: [Admin API Test] Expected status 200 or 204 or 400 or 501 for /api/admin/cache/clear, got 404

       at helpers/api-helpers.ts:123

      121 |     const statusArray = Array.isArray(expectedStatus) ? expectedStatus : [expectedStatus];
      122 |     if (!statusArray.includes(response.status())) {
    > 123 |       throw new Error(
          |             ^
      124 |         `[${this.testName}] Expected status ${statusArray.join(' or ')} for ${endpoint}, got ${response.status()}`
      125 |       );
      126 |     }
        at APITestHelper.post (/home/tbaltzakis/cloudless.gr/e2e/helpers/api-helpers.ts:123:13)
        at /home/tbaltzakis/cloudless.gr/e2e/api/admin-api-comprehensive.spec.ts:228:24

    Error Context: test-results/api-admin-api-comprehensiv-cf340--accept-cache-clear-request-chromium/error-context.md

    Retry #1 ───────────────────────────────────────────────────────────────────────────────────────

    Error: [Admin API Test] Expected status 200 or 204 or 400 or 501 for /api/admin/cache/clear, got 404

       at helpers/api-helpers.ts:123

      121 |     const statusArray = Array.isArray(expectedStatus) ? expectedStatus : [expectedStatus];
      122 |     if (!statusArray.includes(response.status())) {
    > 123 |       throw new Error(
          |             ^
      124 |         `[${this.testName}] Expected status ${statusArray.join(' or ')} for ${endpoint}, got ${response.status()}`
      125 |       );
      126 |     }
        at APITestHelper.post (/home/tbaltzakis/cloudless.gr/e2e/helpers/api-helpers.ts:123:13)
        at /home/tbaltzakis/cloudless.gr/e2e/api/admin-api-comprehensive.spec.ts:228:24

    Error Context: test-results/api-admin-api-comprehensiv-cf340--accept-cache-clear-request-chromium-retry1/error-context.md

    attachment #2: trace (application/zip) ─────────────────────────────────────────────────────────
    test-results/api-admin-api-comprehensiv-cf340--accept-cache-clear-request-chromium-retry1/trace.zip
    Usage:

        npx playwright show-trace test-results/api-admin-api-comprehensiv-cf340--accept-cache-clear-request-chromium-retry1/trace.zip

    ────────────────────────────────────────────────────────────────────────────────────────────────

  22) [chromium] › e2e/api/admin-api-comprehensive.spec.ts:302:11 › Admin API - Comprehensive Testing › Email Endpoints › should return data for /api/admin/email/automations 

    Error: [Admin API Test] Expected status 200 for /api/admin/email/automations, got 503

       at helpers/api-helpers.ts:59

      57 |     const statusArray = Array.isArray(expectedStatus) ? expectedStatus : [expectedStatus];
      58 |     if (!statusArray.includes(response.status())) {
    > 59 |       throw new Error(
         |             ^
      60 |         `[${this.testName}] Expected status ${statusArray.join(' or ')} for ${endpoint}, got ${response.status()}`
      61 |       );
      62 |     }
        at APITestHelper.get (/home/tbaltzakis/cloudless.gr/e2e/helpers/api-helpers.ts:59:13)
        at /home/tbaltzakis/cloudless.gr/e2e/api/admin-api-comprehensive.spec.ts:303:26

    Error Context: test-results/api-admin-api-comprehensiv-5926c-api-admin-email-automations-chromium/error-context.md

    Retry #1 ───────────────────────────────────────────────────────────────────────────────────────

    Error: [Admin API Test] Expected status 200 for /api/admin/email/automations, got 503

       at helpers/api-helpers.ts:59

      57 |     const statusArray = Array.isArray(expectedStatus) ? expectedStatus : [expectedStatus];
      58 |     if (!statusArray.includes(response.status())) {
    > 59 |       throw new Error(
         |             ^
      60 |         `[${this.testName}] Expected status ${statusArray.join(' or ')} for ${endpoint}, got ${response.status()}`
      61 |       );
      62 |     }
        at APITestHelper.get (/home/tbaltzakis/cloudless.gr/e2e/helpers/api-helpers.ts:59:13)
        at /home/tbaltzakis/cloudless.gr/e2e/api/admin-api-comprehensive.spec.ts:303:26

    Error Context: test-results/api-admin-api-comprehensiv-5926c-api-admin-email-automations-chromium-retry1/error-context.md

    attachment #2: trace (application/zip) ─────────────────────────────────────────────────────────
    test-results/api-admin-api-comprehensiv-5926c-api-admin-email-automations-chromium-retry1/trace.zip
    Usage:

        npx playwright show-trace test-results/api-admin-api-comprehensiv-5926c-api-admin-email-automations-chromium-retry1/trace.zip

    ────────────────────────────────────────────────────────────────────────────────────────────────

  23) [chromium] › e2e/api/admin-api-comprehensive.spec.ts:302:11 › Admin API - Comprehensive Testing › Email Endpoints › should return data for /api/admin/email/campaigns 

    Error: [Admin API Test] Expected status 200 for /api/admin/email/campaigns, got 501

       at helpers/api-helpers.ts:59

      57 |     const statusArray = Array.isArray(expectedStatus) ? expectedStatus : [expectedStatus];
      58 |     if (!statusArray.includes(response.status())) {
    > 59 |       throw new Error(
         |             ^
      60 |         `[${this.testName}] Expected status ${statusArray.join(' or ')} for ${endpoint}, got ${response.status()}`
      61 |       );
      62 |     }
        at APITestHelper.get (/home/tbaltzakis/cloudless.gr/e2e/helpers/api-helpers.ts:59:13)
        at /home/tbaltzakis/cloudless.gr/e2e/api/admin-api-comprehensive.spec.ts:303:26

    Error Context: test-results/api-admin-api-comprehensiv-f81fc-r-api-admin-email-campaigns-chromium/error-context.md

    Retry #1 ───────────────────────────────────────────────────────────────────────────────────────

    Error: [Admin API Test] Expected status 200 for /api/admin/email/campaigns, got 501

       at helpers/api-helpers.ts:59

      57 |     const statusArray = Array.isArray(expectedStatus) ? expectedStatus : [expectedStatus];
      58 |     if (!statusArray.includes(response.status())) {
    > 59 |       throw new Error(
         |             ^
      60 |         `[${this.testName}] Expected status ${statusArray.join(' or ')} for ${endpoint}, got ${response.status()}`
      61 |       );
      62 |     }
        at APITestHelper.get (/home/tbaltzakis/cloudless.gr/e2e/helpers/api-helpers.ts:59:13)
        at /home/tbaltzakis/cloudless.gr/e2e/api/admin-api-comprehensive.spec.ts:303:26

    Error Context: test-results/api-admin-api-comprehensiv-f81fc-r-api-admin-email-campaigns-chromium-retry1/error-context.md

    attachment #2: trace (application/zip) ─────────────────────────────────────────────────────────
    test-results/api-admin-api-comprehensiv-f81fc-r-api-admin-email-campaigns-chromium-retry1/trace.zip
    Usage:

        npx playwright show-trace test-results/api-admin-api-comprehensiv-f81fc-r-api-admin-email-campaigns-chromium-retry1/trace.zip

    ────────────────────────────────────────────────────────────────────────────────────────────────

  24) [chromium] › e2e/api/admin-api-comprehensive.spec.ts:302:11 › Admin API - Comprehensive Testing › Email Endpoints › should return data for /api/admin/email/contacts 

    Error: [Admin API Test] Expected status 200 for /api/admin/email/contacts, got 500

       at helpers/api-helpers.ts:59

      57 |     const statusArray = Array.isArray(expectedStatus) ? expectedStatus : [expectedStatus];
      58 |     if (!statusArray.includes(response.status())) {
    > 59 |       throw new Error(
         |             ^
      60 |         `[${this.testName}] Expected status ${statusArray.join(' or ')} for ${endpoint}, got ${response.status()}`
      61 |       );
      62 |     }
        at APITestHelper.get (/home/tbaltzakis/cloudless.gr/e2e/helpers/api-helpers.ts:59:13)
        at /home/tbaltzakis/cloudless.gr/e2e/api/admin-api-comprehensive.spec.ts:303:26

    Error Context: test-results/api-admin-api-comprehensiv-1563d-or-api-admin-email-contacts-chromium/error-context.md

    Retry #1 ───────────────────────────────────────────────────────────────────────────────────────

    Error: [Admin API Test] Expected status 200 for /api/admin/email/contacts, got 500

       at helpers/api-helpers.ts:59

      57 |     const statusArray = Array.isArray(expectedStatus) ? expectedStatus : [expectedStatus];
      58 |     if (!statusArray.includes(response.status())) {
    > 59 |       throw new Error(
         |             ^
      60 |         `[${this.testName}] Expected status ${statusArray.join(' or ')} for ${endpoint}, got ${response.status()}`
      61 |       );
      62 |     }
        at APITestHelper.get (/home/tbaltzakis/cloudless.gr/e2e/helpers/api-helpers.ts:59:13)
        at /home/tbaltzakis/cloudless.gr/e2e/api/admin-api-comprehensive.spec.ts:303:26

    Error Context: test-results/api-admin-api-comprehensiv-1563d-or-api-admin-email-contacts-chromium-retry1/error-context.md

    attachment #2: trace (application/zip) ─────────────────────────────────────────────────────────
    test-results/api-admin-api-comprehensiv-1563d-or-api-admin-email-contacts-chromium-retry1/trace.zip
    Usage:

        npx playwright show-trace test-results/api-admin-api-comprehensiv-1563d-or-api-admin-email-contacts-chromium-retry1/trace.zip

    ────────────────────────────────────────────────────────────────────────────────────────────────

  25) [chromium] › e2e/api/admin-api-comprehensive.spec.ts:302:11 › Admin API - Comprehensive Testing › Email Endpoints › should return data for /api/admin/email/lists 

    Error: [Admin API Test] Expected status 200 for /api/admin/email/lists, got 503

       at helpers/api-helpers.ts:59

      57 |     const statusArray = Array.isArray(expectedStatus) ? expectedStatus : [expectedStatus];
      58 |     if (!statusArray.includes(response.status())) {
    > 59 |       throw new Error(
         |             ^
      60 |         `[${this.testName}] Expected status ${statusArray.join(' or ')} for ${endpoint}, got ${response.status()}`
      61 |       );
      62 |     }
        at APITestHelper.get (/home/tbaltzakis/cloudless.gr/e2e/helpers/api-helpers.ts:59:13)
        at /home/tbaltzakis/cloudless.gr/e2e/api/admin-api-comprehensive.spec.ts:303:26

    Error Context: test-results/api-admin-api-comprehensiv-4fb7d-a-for-api-admin-email-lists-chromium/error-context.md

    Retry #1 ───────────────────────────────────────────────────────────────────────────────────────

    Error: [Admin API Test] Expected status 200 for /api/admin/email/lists, got 503

       at helpers/api-helpers.ts:59

      57 |     const statusArray = Array.isArray(expectedStatus) ? expectedStatus : [expectedStatus];
      58 |     if (!statusArray.includes(response.status())) {
    > 59 |       throw new Error(
         |             ^
      60 |         `[${this.testName}] Expected status ${statusArray.join(' or ')} for ${endpoint}, got ${response.status()}`
      61 |       );
      62 |     }
        at APITestHelper.get (/home/tbaltzakis/cloudless.gr/e2e/helpers/api-helpers.ts:59:13)
        at /home/tbaltzakis/cloudless.gr/e2e/api/admin-api-comprehensive.spec.ts:303:26

    Error Context: test-results/api-admin-api-comprehensiv-4fb7d-a-for-api-admin-email-lists-chromium-retry1/error-context.md

    attachment #2: trace (application/zip) ─────────────────────────────────────────────────────────
    test-results/api-admin-api-comprehensiv-4fb7d-a-for-api-admin-email-lists-chromium-retry1/trace.zip
    Usage:

        npx playwright show-trace test-results/api-admin-api-comprehensiv-4fb7d-a-for-api-admin-email-lists-chromium-retry1/trace.zip

    ────────────────────────────────────────────────────────────────────────────────────────────────

  26) [chromium] › e2e/api/admin-api-comprehensive.spec.ts:313:9 › Admin API - Comprehensive Testing › Email Endpoints › should accept email campaign creation 

    Error: [Admin API Test] Expected status 200 or 201 or 400 or 501 or 503 for /api/admin/email/campaigns, got 405

       at helpers/api-helpers.ts:123

      121 |     const statusArray = Array.isArray(expectedStatus) ? expectedStatus : [expectedStatus];
      122 |     if (!statusArray.includes(response.status())) {
    > 123 |       throw new Error(
          |             ^
      124 |         `[${this.testName}] Expected status ${statusArray.join(' or ')} for ${endpoint}, got ${response.status()}`
      125 |       );
      126 |     }
        at APITestHelper.post (/home/tbaltzakis/cloudless.gr/e2e/helpers/api-helpers.ts:123:13)
        at /home/tbaltzakis/cloudless.gr/e2e/api/admin-api-comprehensive.spec.ts:321:24

    Error Context: test-results/api-admin-api-comprehensiv-ee667-ept-email-campaign-creation-chromium/error-context.md

    Retry #1 ───────────────────────────────────────────────────────────────────────────────────────

    Error: [Admin API Test] Expected status 200 or 201 or 400 or 501 or 503 for /api/admin/email/campaigns, got 405

       at helpers/api-helpers.ts:123

      121 |     const statusArray = Array.isArray(expectedStatus) ? expectedStatus : [expectedStatus];
      122 |     if (!statusArray.includes(response.status())) {
    > 123 |       throw new Error(
          |             ^
      124 |         `[${this.testName}] Expected status ${statusArray.join(' or ')} for ${endpoint}, got ${response.status()}`
      125 |       );
      126 |     }
        at APITestHelper.post (/home/tbaltzakis/cloudless.gr/e2e/helpers/api-helpers.ts:123:13)
        at /home/tbaltzakis/cloudless.gr/e2e/api/admin-api-comprehensive.spec.ts:321:24

    Error Context: test-results/api-admin-api-comprehensiv-ee667-ept-email-campaign-creation-chromium-retry1/error-context.md

    attachment #2: trace (application/zip) ─────────────────────────────────────────────────────────
    test-results/api-admin-api-comprehensiv-ee667-ept-email-campaign-creation-chromium-retry1/trace.zip
    Usage:

        npx playwright show-trace test-results/api-admin-api-comprehensiv-ee667-ept-email-campaign-creation-chromium-retry1/trace.zip

    ────────────────────────────────────────────────────────────────────────────────────────────────

  27) [chromium] › e2e/api/admin-api-comprehensive.spec.ts:346:9 › Admin API - Comprehensive Testing › KPI Endpoint › should return KPI data 

    Error: [Admin API Test] Expected status 200 for /api/admin/kpi, got 500

       at helpers/api-helpers.ts:59

      57 |     const statusArray = Array.isArray(expectedStatus) ? expectedStatus : [expectedStatus];
      58 |     if (!statusArray.includes(response.status())) {
    > 59 |       throw new Error(
         |             ^
      60 |         `[${this.testName}] Expected status ${statusArray.join(' or ')} for ${endpoint}, got ${response.status()}`
      61 |       );
      62 |     }
        at APITestHelper.get (/home/tbaltzakis/cloudless.gr/e2e/helpers/api-helpers.ts:59:13)
        at /home/tbaltzakis/cloudless.gr/e2e/api/admin-api-comprehensive.spec.ts:347:24

    Error Context: test-results/api-admin-api-comprehensiv-3f018-oint-should-return-KPI-data-chromium/error-context.md

    Retry #1 ───────────────────────────────────────────────────────────────────────────────────────

    Error: [Admin API Test] Expected status 200 for /api/admin/kpi, got 500

       at helpers/api-helpers.ts:59

      57 |     const statusArray = Array.isArray(expectedStatus) ? expectedStatus : [expectedStatus];
      58 |     if (!statusArray.includes(response.status())) {
    > 59 |       throw new Error(
         |             ^
      60 |         `[${this.testName}] Expected status ${statusArray.join(' or ')} for ${endpoint}, got ${response.status()}`
      61 |       );
      62 |     }
        at APITestHelper.get (/home/tbaltzakis/cloudless.gr/e2e/helpers/api-helpers.ts:59:13)
        at /home/tbaltzakis/cloudless.gr/e2e/api/admin-api-comprehensive.spec.ts:347:24

    Error Context: test-results/api-admin-api-comprehensiv-3f018-oint-should-return-KPI-data-chromium-retry1/error-context.md

    attachment #2: trace (application/zip) ─────────────────────────────────────────────────────────
    test-results/api-admin-api-comprehensiv-3f018-oint-should-return-KPI-data-chromium-retry1/trace.zip
    Usage:

        npx playwright show-trace test-results/api-admin-api-comprehensiv-3f018-oint-should-return-KPI-data-chromium-retry1/trace.zip

    ────────────────────────────────────────────────────────────────────────────────────────────────

  28) [chromium] › e2e/api/admin-api-comprehensive.spec.ts:371:11 › Admin API - Comprehensive Testing › Notion Endpoints › should return data for /api/admin/notion/blog 

    Error: [Admin API Test] Expected status 200 for /api/admin/notion/blog, got 404

       at helpers/api-helpers.ts:59

      57 |     const statusArray = Array.isArray(expectedStatus) ? expectedStatus : [expectedStatus];
      58 |     if (!statusArray.includes(response.status())) {
    > 59 |       throw new Error(
         |             ^
      60 |         `[${this.testName}] Expected status ${statusArray.join(' or ')} for ${endpoint}, got ${response.status()}`
      61 |       );
      62 |     }
        at APITestHelper.get (/home/tbaltzakis/cloudless.gr/e2e/helpers/api-helpers.ts:59:13)
        at /home/tbaltzakis/cloudless.gr/e2e/api/admin-api-comprehensive.spec.ts:372:26

    Error Context: test-results/api-admin-api-comprehensiv-19162-a-for-api-admin-notion-blog-chromium/error-context.md

    Retry #1 ───────────────────────────────────────────────────────────────────────────────────────

    Error: [Admin API Test] Expected status 200 for /api/admin/notion/blog, got 404

       at helpers/api-helpers.ts:59

      57 |     const statusArray = Array.isArray(expectedStatus) ? expectedStatus : [expectedStatus];
      58 |     if (!statusArray.includes(response.status())) {
    > 59 |       throw new Error(
         |             ^
      60 |         `[${this.testName}] Expected status ${statusArray.join(' or ')} for ${endpoint}, got ${response.status()}`
      61 |       );
      62 |     }
        at APITestHelper.get (/home/tbaltzakis/cloudless.gr/e2e/helpers/api-helpers.ts:59:13)
        at /home/tbaltzakis/cloudless.gr/e2e/api/admin-api-comprehensive.spec.ts:372:26

    Error Context: test-results/api-admin-api-comprehensiv-19162-a-for-api-admin-notion-blog-chromium-retry1/error-context.md

    attachment #2: trace (application/zip) ─────────────────────────────────────────────────────────
    test-results/api-admin-api-comprehensiv-19162-a-for-api-admin-notion-blog-chromium-retry1/trace.zip
    Usage:

        npx playwright show-trace test-results/api-admin-api-comprehensiv-19162-a-for-api-admin-notion-blog-chromium-retry1/trace.zip

    ────────────────────────────────────────────────────────────────────────────────────────────────

  29) [chromium] › e2e/api/admin-api-comprehensive.spec.ts:371:11 › Admin API - Comprehensive Testing › Notion Endpoints › should return data for /api/admin/notion/comments 

    Error: [Admin API Test] Expected status 200 for /api/admin/notion/comments, got 404

       at helpers/api-helpers.ts:59

      57 |     const statusArray = Array.isArray(expectedStatus) ? expectedStatus : [expectedStatus];
      58 |     if (!statusArray.includes(response.status())) {
    > 59 |       throw new Error(
         |             ^
      60 |         `[${this.testName}] Expected status ${statusArray.join(' or ')} for ${endpoint}, got ${response.status()}`
      61 |       );
      62 |     }
        at APITestHelper.get (/home/tbaltzakis/cloudless.gr/e2e/helpers/api-helpers.ts:59:13)
        at /home/tbaltzakis/cloudless.gr/e2e/api/admin-api-comprehensive.spec.ts:372:26

    Error Context: test-results/api-admin-api-comprehensiv-ba831-r-api-admin-notion-comments-chromium/error-context.md

    Retry #1 ───────────────────────────────────────────────────────────────────────────────────────

    Error: [Admin API Test] Expected status 200 for /api/admin/notion/comments, got 404

       at helpers/api-helpers.ts:59

      57 |     const statusArray = Array.isArray(expectedStatus) ? expectedStatus : [expectedStatus];
      58 |     if (!statusArray.includes(response.status())) {
    > 59 |       throw new Error(
         |             ^
      60 |         `[${this.testName}] Expected status ${statusArray.join(' or ')} for ${endpoint}, got ${response.status()}`
      61 |       );
      62 |     }
        at APITestHelper.get (/home/tbaltzakis/cloudless.gr/e2e/helpers/api-helpers.ts:59:13)
        at /home/tbaltzakis/cloudless.gr/e2e/api/admin-api-comprehensive.spec.ts:372:26

    Error Context: test-results/api-admin-api-comprehensiv-ba831-r-api-admin-notion-comments-chromium-retry1/error-context.md

    attachment #2: trace (application/zip) ─────────────────────────────────────────────────────────
    test-results/api-admin-api-comprehensiv-ba831-r-api-admin-notion-comments-chromium-retry1/trace.zip
    Usage:

        npx playwright show-trace test-results/api-admin-api-comprehensiv-ba831-r-api-admin-notion-comments-chromium-retry1/trace.zip

    ────────────────────────────────────────────────────────────────────────────────────────────────

  30) [chromium] › e2e/api/admin-api-comprehensive.spec.ts:371:11 › Admin API - Comprehensive Testing › Notion Endpoints › should return data for /api/admin/notion/docs 

    Error: [Admin API Test] Expected status 200 for /api/admin/notion/docs, got 404

       at helpers/api-helpers.ts:59

      57 |     const statusArray = Array.isArray(expectedStatus) ? expectedStatus : [expectedStatus];
      58 |     if (!statusArray.includes(response.status())) {
    > 59 |       throw new Error(
         |             ^
      60 |         `[${this.testName}] Expected status ${statusArray.join(' or ')} for ${endpoint}, got ${response.status()}`
      61 |       );
      62 |     }
        at APITestHelper.get (/home/tbaltzakis/cloudless.gr/e2e/helpers/api-helpers.ts:59:13)
        at /home/tbaltzakis/cloudless.gr/e2e/api/admin-api-comprehensive.spec.ts:372:26

    Error Context: test-results/api-admin-api-comprehensiv-d514b-a-for-api-admin-notion-docs-chromium/error-context.md

    Retry #1 ───────────────────────────────────────────────────────────────────────────────────────

    Error: [Admin API Test] Expected status 200 for /api/admin/notion/docs, got 404

       at helpers/api-helpers.ts:59

      57 |     const statusArray = Array.isArray(expectedStatus) ? expectedStatus : [expectedStatus];
      58 |     if (!statusArray.includes(response.status())) {
    > 59 |       throw new Error(
         |             ^
      60 |         `[${this.testName}] Expected status ${statusArray.join(' or ')} for ${endpoint}, got ${response.status()}`
      61 |       );
      62 |     }
        at APITestHelper.get (/home/tbaltzakis/cloudless.gr/e2e/helpers/api-helpers.ts:59:13)
        at /home/tbaltzakis/cloudless.gr/e2e/api/admin-api-comprehensive.spec.ts:372:26

    Error Context: test-results/api-admin-api-comprehensiv-d514b-a-for-api-admin-notion-docs-chromium-retry1/error-context.md

    attachment #2: trace (application/zip) ─────────────────────────────────────────────────────────
    test-results/api-admin-api-comprehensiv-d514b-a-for-api-admin-notion-docs-chromium-retry1/trace.zip
    Usage:

        npx playwright show-trace test-results/api-admin-api-comprehensiv-d514b-a-for-api-admin-notion-docs-chromium-retry1/trace.zip

    ────────────────────────────────────────────────────────────────────────────────────────────────

  31) [chromium] › e2e/api/admin-api-comprehensive.spec.ts:371:11 › Admin API - Comprehensive Testing › Notion Endpoints › should return data for /api/admin/notion/search 

    Error: [Admin API Test] Expected status 200 for /api/admin/notion/search, got 404

       at helpers/api-helpers.ts:59

      57 |     const statusArray = Array.isArray(expectedStatus) ? expectedStatus : [expectedStatus];
      58 |     if (!statusArray.includes(response.status())) {
    > 59 |       throw new Error(
         |             ^
      60 |         `[${this.testName}] Expected status ${statusArray.join(' or ')} for ${endpoint}, got ${response.status()}`
      61 |       );
      62 |     }
        at APITestHelper.get (/home/tbaltzakis/cloudless.gr/e2e/helpers/api-helpers.ts:59:13)
        at /home/tbaltzakis/cloudless.gr/e2e/api/admin-api-comprehensive.spec.ts:372:26

    Error Context: test-results/api-admin-api-comprehensiv-a8ab7-for-api-admin-notion-search-chromium/error-context.md

    Retry #1 ───────────────────────────────────────────────────────────────────────────────────────

    Error: [Admin API Test] Expected status 200 for /api/admin/notion/search, got 404

       at helpers/api-helpers.ts:59

      57 |     const statusArray = Array.isArray(expectedStatus) ? expectedStatus : [expectedStatus];
      58 |     if (!statusArray.includes(response.status())) {
    > 59 |       throw new Error(
         |             ^
      60 |         `[${this.testName}] Expected status ${statusArray.join(' or ')} for ${endpoint}, got ${response.status()}`
      61 |       );
      62 |     }
        at APITestHelper.get (/home/tbaltzakis/cloudless.gr/e2e/helpers/api-helpers.ts:59:13)
        at /home/tbaltzakis/cloudless.gr/e2e/api/admin-api-comprehensive.spec.ts:372:26

    Error Context: test-results/api-admin-api-comprehensiv-a8ab7-for-api-admin-notion-search-chromium-retry1/error-context.md

    attachment #2: trace (application/zip) ─────────────────────────────────────────────────────────
    test-results/api-admin-api-comprehensiv-a8ab7-for-api-admin-notion-search-chromium-retry1/trace.zip
    Usage:

        npx playwright show-trace test-results/api-admin-api-comprehensiv-a8ab7-for-api-admin-notion-search-chromium-retry1/trace.zip

    ────────────────────────────────────────────────────────────────────────────────────────────────

  32) [chromium] › e2e/api/admin-api-comprehensive.spec.ts:391:11 › Admin API - Comprehensive Testing › Operations Endpoints › should return data for /api/admin/ops/monitor 

    Error: [Admin API Test] Expected status 200 for /api/admin/ops/monitor, got 503

       at helpers/api-helpers.ts:59

      57 |     const statusArray = Array.isArray(expectedStatus) ? expectedStatus : [expectedStatus];
      58 |     if (!statusArray.includes(response.status())) {
    > 59 |       throw new Error(
         |             ^
      60 |         `[${this.testName}] Expected status ${statusArray.join(' or ')} for ${endpoint}, got ${response.status()}`
      61 |       );
      62 |     }
        at APITestHelper.get (/home/tbaltzakis/cloudless.gr/e2e/helpers/api-helpers.ts:59:13)
        at /home/tbaltzakis/cloudless.gr/e2e/api/admin-api-comprehensive.spec.ts:392:26

    Error Context: test-results/api-admin-api-comprehensiv-74a89-a-for-api-admin-ops-monitor-chromium/error-context.md

    Retry #1 ───────────────────────────────────────────────────────────────────────────────────────

    Error: [Admin API Test] Expected status 200 for /api/admin/ops/monitor, got 503

       at helpers/api-helpers.ts:59

      57 |     const statusArray = Array.isArray(expectedStatus) ? expectedStatus : [expectedStatus];
      58 |     if (!statusArray.includes(response.status())) {
    > 59 |       throw new Error(
         |             ^
      60 |         `[${this.testName}] Expected status ${statusArray.join(' or ')} for ${endpoint}, got ${response.status()}`
      61 |       );
      62 |     }
        at APITestHelper.get (/home/tbaltzakis/cloudless.gr/e2e/helpers/api-helpers.ts:59:13)
        at /home/tbaltzakis/cloudless.gr/e2e/api/admin-api-comprehensive.spec.ts:392:26

    Error Context: test-results/api-admin-api-comprehensiv-74a89-a-for-api-admin-ops-monitor-chromium-retry1/error-context.md

    attachment #2: trace (application/zip) ─────────────────────────────────────────────────────────
    test-results/api-admin-api-comprehensiv-74a89-a-for-api-admin-ops-monitor-chromium-retry1/trace.zip
    Usage:

        npx playwright show-trace test-results/api-admin-api-comprehensiv-74a89-a-for-api-admin-ops-monitor-chromium-retry1/trace.zip

    ────────────────────────────────────────────────────────────────────────────────────────────────

  33) [chromium] › e2e/api/admin-api-comprehensive.spec.ts:402:9 › Admin API - Comprehensive Testing › Operations Endpoints › should accept error reporting 

    Error: [Admin API Test] Expected status 200 or 201 or 400 or 501 or 503 for /api/admin/ops/errors, got 405

       at helpers/api-helpers.ts:123

      121 |     const statusArray = Array.isArray(expectedStatus) ? expectedStatus : [expectedStatus];
      122 |     if (!statusArray.includes(response.status())) {
    > 123 |       throw new Error(
          |             ^
      124 |         `[${this.testName}] Expected status ${statusArray.join(' or ')} for ${endpoint}, got ${response.status()}`
      125 |       );
      126 |     }
        at APITestHelper.post (/home/tbaltzakis/cloudless.gr/e2e/helpers/api-helpers.ts:123:13)
        at /home/tbaltzakis/cloudless.gr/e2e/api/admin-api-comprehensive.spec.ts:409:24

    Error Context: test-results/api-admin-api-comprehensiv-16ca9-ould-accept-error-reporting-chromium/error-context.md

    Retry #1 ───────────────────────────────────────────────────────────────────────────────────────

    Error: [Admin API Test] Expected status 200 or 201 or 400 or 501 or 503 for /api/admin/ops/errors, got 405

       at helpers/api-helpers.ts:123

      121 |     const statusArray = Array.isArray(expectedStatus) ? expectedStatus : [expectedStatus];
      122 |     if (!statusArray.includes(response.status())) {
    > 123 |       throw new Error(
          |             ^
      124 |         `[${this.testName}] Expected status ${statusArray.join(' or ')} for ${endpoint}, got ${response.status()}`
      125 |       );
      126 |     }
        at APITestHelper.post (/home/tbaltzakis/cloudless.gr/e2e/helpers/api-helpers.ts:123:13)
        at /home/tbaltzakis/cloudless.gr/e2e/api/admin-api-comprehensive.spec.ts:409:24

    Error Context: test-results/api-admin-api-comprehensiv-16ca9-ould-accept-error-reporting-chromium-retry1/error-context.md

    attachment #2: trace (application/zip) ─────────────────────────────────────────────────────────
    test-results/api-admin-api-comprehensiv-16ca9-ould-accept-error-reporting-chromium-retry1/trace.zip
    Usage:

        npx playwright show-trace test-results/api-admin-api-comprehensiv-16ca9-ould-accept-error-reporting-chromium-retry1/trace.zip

    ────────────────────────────────────────────────────────────────────────────────────────────────

  34) [chromium] › e2e/api/admin-api-comprehensive.spec.ts:450:9 › Admin API - Comprehensive Testing › Pipeline Endpoints › should accept pipeline card creation 

    Error: [Admin API Test] Expected status 200 or 201 or 400 or 501 for /api/admin/pipeline/cards, got 404

       at helpers/api-helpers.ts:123

      121 |     const statusArray = Array.isArray(expectedStatus) ? expectedStatus : [expectedStatus];
      122 |     if (!statusArray.includes(response.status())) {
    > 123 |       throw new Error(
          |             ^
      124 |         `[${this.testName}] Expected status ${statusArray.join(' or ')} for ${endpoint}, got ${response.status()}`
      125 |       );
      126 |     }
        at APITestHelper.post (/home/tbaltzakis/cloudless.gr/e2e/helpers/api-helpers.ts:123:13)
        at /home/tbaltzakis/cloudless.gr/e2e/api/admin-api-comprehensive.spec.ts:458:24

    Error Context: test-results/api-admin-api-comprehensiv-1c91c-cept-pipeline-card-creation-chromium/error-context.md

    Retry #1 ───────────────────────────────────────────────────────────────────────────────────────

    Error: [Admin API Test] Expected status 200 or 201 or 400 or 501 for /api/admin/pipeline/cards, got 404

       at helpers/api-helpers.ts:123

      121 |     const statusArray = Array.isArray(expectedStatus) ? expectedStatus : [expectedStatus];
      122 |     if (!statusArray.includes(response.status())) {
    > 123 |       throw new Error(
          |             ^
      124 |         `[${this.testName}] Expected status ${statusArray.join(' or ')} for ${endpoint}, got ${response.status()}`
      125 |       );
      126 |     }
        at APITestHelper.post (/home/tbaltzakis/cloudless.gr/e2e/helpers/api-helpers.ts:123:13)
        at /home/tbaltzakis/cloudless.gr/e2e/api/admin-api-comprehensive.spec.ts:458:24

    Error Context: test-results/api-admin-api-comprehensiv-1c91c-cept-pipeline-card-creation-chromium-retry1/error-context.md

    attachment #2: trace (application/zip) ─────────────────────────────────────────────────────────
    test-results/api-admin-api-comprehensiv-1c91c-cept-pipeline-card-creation-chromium-retry1/trace.zip
    Usage:

        npx playwright show-trace test-results/api-admin-api-comprehensiv-1c91c-cept-pipeline-card-creation-chromium-retry1/trace.zip

    ────────────────────────────────────────────────────────────────────────────────────────────────

  35) [chromium] › e2e/api/admin-api-comprehensive.spec.ts:488:11 › Admin API - Comprehensive Testing › Reports Endpoints › should return data for /api/admin/reports/generate 

    Error: [Admin API Test] Expected status 200 for /api/admin/reports/generate, got 405

       at helpers/api-helpers.ts:59

      57 |     const statusArray = Array.isArray(expectedStatus) ? expectedStatus : [expectedStatus];
      58 |     if (!statusArray.includes(response.status())) {
    > 59 |       throw new Error(
         |             ^
      60 |         `[${this.testName}] Expected status ${statusArray.join(' or ')} for ${endpoint}, got ${response.status()}`
      61 |       );
      62 |     }
        at APITestHelper.get (/home/tbaltzakis/cloudless.gr/e2e/helpers/api-helpers.ts:59:13)
        at /home/tbaltzakis/cloudless.gr/e2e/api/admin-api-comprehensive.spec.ts:489:26

    Error Context: test-results/api-admin-api-comprehensiv-ec18b--api-admin-reports-generate-chromium/error-context.md

    Retry #1 ───────────────────────────────────────────────────────────────────────────────────────

    Error: [Admin API Test] Expected status 200 for /api/admin/reports/generate, got 405

       at helpers/api-helpers.ts:59

      57 |     const statusArray = Array.isArray(expectedStatus) ? expectedStatus : [expectedStatus];
      58 |     if (!statusArray.includes(response.status())) {
    > 59 |       throw new Error(
         |             ^
      60 |         `[${this.testName}] Expected status ${statusArray.join(' or ')} for ${endpoint}, got ${response.status()}`
      61 |       );
      62 |     }
        at APITestHelper.get (/home/tbaltzakis/cloudless.gr/e2e/helpers/api-helpers.ts:59:13)
        at /home/tbaltzakis/cloudless.gr/e2e/api/admin-api-comprehensive.spec.ts:489:26

    Error Context: test-results/api-admin-api-comprehensiv-ec18b--api-admin-reports-generate-chromium-retry1/error-context.md

    attachment #2: trace (application/zip) ─────────────────────────────────────────────────────────
    test-results/api-admin-api-comprehensiv-ec18b--api-admin-reports-generate-chromium-retry1/trace.zip
    Usage:

        npx playwright show-trace test-results/api-admin-api-comprehensiv-ec18b--api-admin-reports-generate-chromium-retry1/trace.zip

    ────────────────────────────────────────────────────────────────────────────────────────────────

  36) [chromium] › e2e/api/admin-api-comprehensive.spec.ts:598:11 › Admin API - Comprehensive Testing › Analytics Submodules › should return data for /api/admin/analytics/gsc-archive 

    Error: [Admin API Test] Expected status 200 for /api/admin/analytics/gsc-archive, got 500

       at helpers/api-helpers.ts:59

      57 |     const statusArray = Array.isArray(expectedStatus) ? expectedStatus : [expectedStatus];
      58 |     if (!statusArray.includes(response.status())) {
    > 59 |       throw new Error(
         |             ^
      60 |         `[${this.testName}] Expected status ${statusArray.join(' or ')} for ${endpoint}, got ${response.status()}`
      61 |       );
      62 |     }
        at APITestHelper.get (/home/tbaltzakis/cloudless.gr/e2e/helpers/api-helpers.ts:59:13)
        at /home/tbaltzakis/cloudless.gr/e2e/api/admin-api-comprehensive.spec.ts:602:26

    Error Context: test-results/api-admin-api-comprehensiv-9cf9e-admin-analytics-gsc-archive-chromium/error-context.md

    Retry #1 ───────────────────────────────────────────────────────────────────────────────────────

    Error: [Admin API Test] Expected status 200 for /api/admin/analytics/gsc-archive, got 500

       at helpers/api-helpers.ts:59

      57 |     const statusArray = Array.isArray(expectedStatus) ? expectedStatus : [expectedStatus];
      58 |     if (!statusArray.includes(response.status())) {
    > 59 |       throw new Error(
         |             ^
      60 |         `[${this.testName}] Expected status ${statusArray.join(' or ')} for ${endpoint}, got ${response.status()}`
      61 |       );
      62 |     }
        at APITestHelper.get (/home/tbaltzakis/cloudless.gr/e2e/helpers/api-helpers.ts:59:13)
        at /home/tbaltzakis/cloudless.gr/e2e/api/admin-api-comprehensive.spec.ts:602:26

    Error Context: test-results/api-admin-api-comprehensiv-9cf9e-admin-analytics-gsc-archive-chromium-retry1/error-context.md

    attachment #2: trace (application/zip) ─────────────────────────────────────────────────────────
    test-results/api-admin-api-comprehensiv-9cf9e-admin-analytics-gsc-archive-chromium-retry1/trace.zip
    Usage:

        npx playwright show-trace test-results/api-admin-api-comprehensiv-9cf9e-admin-analytics-gsc-archive-chromium-retry1/trace.zip

    ────────────────────────────────────────────────────────────────────────────────────────────────

  37) [chromium] › e2e/api/admin-api-comprehensive.spec.ts:598:11 › Admin API - Comprehensive Testing › Analytics Submodules › should return data for /api/admin/analytics/lake-parquet 

    Error: [Admin API Test] Expected status 200 for /api/admin/analytics/lake-parquet, got 400

       at helpers/api-helpers.ts:59

      57 |     const statusArray = Array.isArray(expectedStatus) ? expectedStatus : [expectedStatus];
      58 |     if (!statusArray.includes(response.status())) {
    > 59 |       throw new Error(
         |             ^
      60 |         `[${this.testName}] Expected status ${statusArray.join(' or ')} for ${endpoint}, got ${response.status()}`
      61 |       );
      62 |     }
        at APITestHelper.get (/home/tbaltzakis/cloudless.gr/e2e/helpers/api-helpers.ts:59:13)
        at /home/tbaltzakis/cloudless.gr/e2e/api/admin-api-comprehensive.spec.ts:602:26

    Error Context: test-results/api-admin-api-comprehensiv-9637f-dmin-analytics-lake-parquet-chromium/error-context.md

    Retry #1 ───────────────────────────────────────────────────────────────────────────────────────

    Error: [Admin API Test] Expected status 200 for /api/admin/analytics/lake-parquet, got 400

       at helpers/api-helpers.ts:59

      57 |     const statusArray = Array.isArray(expectedStatus) ? expectedStatus : [expectedStatus];
      58 |     if (!statusArray.includes(response.status())) {
    > 59 |       throw new Error(
         |             ^
      60 |         `[${this.testName}] Expected status ${statusArray.join(' or ')} for ${endpoint}, got ${response.status()}`
      61 |       );
      62 |     }
        at APITestHelper.get (/home/tbaltzakis/cloudless.gr/e2e/helpers/api-helpers.ts:59:13)
        at /home/tbaltzakis/cloudless.gr/e2e/api/admin-api-comprehensive.spec.ts:602:26

    Error Context: test-results/api-admin-api-comprehensiv-9637f-dmin-analytics-lake-parquet-chromium-retry1/error-context.md

    attachment #2: trace (application/zip) ─────────────────────────────────────────────────────────
    test-results/api-admin-api-comprehensiv-9637f-dmin-analytics-lake-parquet-chromium-retry1/trace.zip
    Usage:

        npx playwright show-trace test-results/api-admin-api-comprehensiv-9637f-dmin-analytics-lake-parquet-chromium-retry1/trace.zip

    ────────────────────────────────────────────────────────────────────────────────────────────────

  38) [chromium] › e2e/api/admin-api-comprehensive.spec.ts:598:11 › Admin API - Comprehensive Testing › Analytics Submodules › should return data for /api/admin/analytics/search-funnel 

    Error: [Admin API Test] Expected status 200 for /api/admin/analytics/search-funnel, got 503

       at helpers/api-helpers.ts:59

      57 |     const statusArray = Array.isArray(expectedStatus) ? expectedStatus : [expectedStatus];
      58 |     if (!statusArray.includes(response.status())) {
    > 59 |       throw new Error(
         |             ^
      60 |         `[${this.testName}] Expected status ${statusArray.join(' or ')} for ${endpoint}, got ${response.status()}`
      61 |       );
      62 |     }
        at APITestHelper.get (/home/tbaltzakis/cloudless.gr/e2e/helpers/api-helpers.ts:59:13)
        at /home/tbaltzakis/cloudless.gr/e2e/api/admin-api-comprehensive.spec.ts:602:26

    Error Context: test-results/api-admin-api-comprehensiv-2f99d-min-analytics-search-funnel-chromium/error-context.md

    Retry #1 ───────────────────────────────────────────────────────────────────────────────────────

    Error: [Admin API Test] Expected status 200 for /api/admin/analytics/search-funnel, got 503

       at helpers/api-helpers.ts:59

      57 |     const statusArray = Array.isArray(expectedStatus) ? expectedStatus : [expectedStatus];
      58 |     if (!statusArray.includes(response.status())) {
    > 59 |       throw new Error(
         |             ^
      60 |         `[${this.testName}] Expected status ${statusArray.join(' or ')} for ${endpoint}, got ${response.status()}`
      61 |       );
      62 |     }
        at APITestHelper.get (/home/tbaltzakis/cloudless.gr/e2e/helpers/api-helpers.ts:59:13)
        at /home/tbaltzakis/cloudless.gr/e2e/api/admin-api-comprehensive.spec.ts:602:26

    Error Context: test-results/api-admin-api-comprehensiv-2f99d-min-analytics-search-funnel-chromium-retry1/error-context.md

    attachment #2: trace (application/zip) ─────────────────────────────────────────────────────────
    test-results/api-admin-api-comprehensiv-2f99d-min-analytics-search-funnel-chromium-retry1/trace.zip
    Usage:

        npx playwright show-trace test-results/api-admin-api-comprehensiv-2f99d-min-analytics-search-funnel-chromium-retry1/trace.zip

    ────────────────────────────────────────────────────────────────────────────────────────────────

  39) [chromium] › e2e/api/admin-api-comprehensive.spec.ts:630:11 › Admin API - Comprehensive Testing › Appflowy Submodules › should return data for /api/admin/appflowy/analytics 

    Error: [Admin API Test] Expected status 200 or 300 or 301 or 302 or 303 or 304 or 305 or 306 or 307 or 308 or 400 or 401 or 402 or 403 or 404 or 503 for /api/admin/appflowy/analytics, got 500

       at helpers/api-helpers.ts:59

      57 |     const statusArray = Array.isArray(expectedStatus) ? expectedStatus : [expectedStatus];
      58 |     if (!statusArray.includes(response.status())) {
    > 59 |       throw new Error(
         |             ^
      60 |         `[${this.testName}] Expected status ${statusArray.join(' or ')} for ${endpoint}, got ${response.status()}`
      61 |       );
      62 |     }
        at APITestHelper.get (/home/tbaltzakis/cloudless.gr/e2e/helpers/api-helpers.ts:59:13)
        at /home/tbaltzakis/cloudless.gr/e2e/api/admin-api-comprehensive.spec.ts:631:26

    Error Context: test-results/api-admin-api-comprehensiv-a63ef-pi-admin-appflowy-analytics-chromium/error-context.md

    Retry #1 ───────────────────────────────────────────────────────────────────────────────────────

    Error: [Admin API Test] Expected status 200 or 300 or 301 or 302 or 303 or 304 or 305 or 306 or 307 or 308 or 400 or 401 or 402 or 403 or 404 or 503 for /api/admin/appflowy/analytics, got 500

       at helpers/api-helpers.ts:59

      57 |     const statusArray = Array.isArray(expectedStatus) ? expectedStatus : [expectedStatus];
      58 |     if (!statusArray.includes(response.status())) {
    > 59 |       throw new Error(
         |             ^
      60 |         `[${this.testName}] Expected status ${statusArray.join(' or ')} for ${endpoint}, got ${response.status()}`
      61 |       );
      62 |     }
        at APITestHelper.get (/home/tbaltzakis/cloudless.gr/e2e/helpers/api-helpers.ts:59:13)
        at /home/tbaltzakis/cloudless.gr/e2e/api/admin-api-comprehensive.spec.ts:631:26

    Error Context: test-results/api-admin-api-comprehensiv-a63ef-pi-admin-appflowy-analytics-chromium-retry1/error-context.md

    attachment #2: trace (application/zip) ─────────────────────────────────────────────────────────
    test-results/api-admin-api-comprehensiv-a63ef-pi-admin-appflowy-analytics-chromium-retry1/trace.zip
    Usage:

        npx playwright show-trace test-results/api-admin-api-comprehensiv-a63ef-pi-admin-appflowy-analytics-chromium-retry1/trace.zip

    ────────────────────────────────────────────────────────────────────────────────────────────────

  40) [chromium] › e2e/api/admin-api-comprehensive.spec.ts:630:11 › Admin API - Comprehensive Testing › Appflowy Submodules › should return data for /api/admin/appflowy/search 

    Error: [Admin API Test] Expected status 200 or 300 or 301 or 302 or 303 or 304 or 305 or 306 or 307 or 308 or 400 or 401 or 402 or 403 or 404 or 503 for /api/admin/appflowy/search, got 500

       at helpers/api-helpers.ts:59

      57 |     const statusArray = Array.isArray(expectedStatus) ? expectedStatus : [expectedStatus];
      58 |     if (!statusArray.includes(response.status())) {
    > 59 |       throw new Error(
         |             ^
      60 |         `[${this.testName}] Expected status ${statusArray.join(' or ')} for ${endpoint}, got ${response.status()}`
      61 |       );
      62 |     }
        at APITestHelper.get (/home/tbaltzakis/cloudless.gr/e2e/helpers/api-helpers.ts:59:13)
        at /home/tbaltzakis/cloudless.gr/e2e/api/admin-api-comprehensive.spec.ts:631:26

    Error Context: test-results/api-admin-api-comprehensiv-d036a-r-api-admin-appflowy-search-chromium/error-context.md

    Retry #1 ───────────────────────────────────────────────────────────────────────────────────────

    Error: [Admin API Test] Expected status 200 or 300 or 301 or 302 or 303 or 304 or 305 or 306 or 307 or 308 or 400 or 401 or 402 or 403 or 404 or 503 for /api/admin/appflowy/search, got 500

       at helpers/api-helpers.ts:59

      57 |     const statusArray = Array.isArray(expectedStatus) ? expectedStatus : [expectedStatus];
      58 |     if (!statusArray.includes(response.status())) {
    > 59 |       throw new Error(
         |             ^
      60 |         `[${this.testName}] Expected status ${statusArray.join(' or ')} for ${endpoint}, got ${response.status()}`
      61 |       );
      62 |     }
        at APITestHelper.get (/home/tbaltzakis/cloudless.gr/e2e/helpers/api-helpers.ts:59:13)
        at /home/tbaltzakis/cloudless.gr/e2e/api/admin-api-comprehensive.spec.ts:631:26

    Error Context: test-results/api-admin-api-comprehensiv-d036a-r-api-admin-appflowy-search-chromium-retry1/error-context.md

    attachment #2: trace (application/zip) ─────────────────────────────────────────────────────────
    test-results/api-admin-api-comprehensiv-d036a-r-api-admin-appflowy-search-chromium-retry1/trace.zip
    Usage:

        npx playwright show-trace test-results/api-admin-api-comprehensiv-d036a-r-api-admin-appflowy-search-chromium-retry1/trace.zip

    ────────────────────────────────────────────────────────────────────────────────────────────────

  41) [chromium] › e2e/api/admin-api-comprehensive.spec.ts:630:11 › Admin API - Comprehensive Testing › Appflowy Submodules › should return data for /api/admin/appflowy/tasks 

    Error: [Admin API Test] Expected status 200 or 300 or 301 or 302 or 303 or 304 or 305 or 306 or 307 or 308 or 400 or 401 or 402 or 403 or 404 or 503 for /api/admin/appflowy/tasks, got 500

       at helpers/api-helpers.ts:59

      57 |     const statusArray = Array.isArray(expectedStatus) ? expectedStatus : [expectedStatus];
      58 |     if (!statusArray.includes(response.status())) {
    > 59 |       throw new Error(
         |             ^
      60 |         `[${this.testName}] Expected status ${statusArray.join(' or ')} for ${endpoint}, got ${response.status()}`
      61 |       );
      62 |     }
        at APITestHelper.get (/home/tbaltzakis/cloudless.gr/e2e/helpers/api-helpers.ts:59:13)
        at /home/tbaltzakis/cloudless.gr/e2e/api/admin-api-comprehensive.spec.ts:631:26

    Error Context: test-results/api-admin-api-comprehensiv-70c14-or-api-admin-appflowy-tasks-chromium/error-context.md

    Retry #1 ───────────────────────────────────────────────────────────────────────────────────────

    Error: [Admin API Test] Expected status 200 or 300 or 301 or 302 or 303 or 304 or 305 or 306 or 307 or 308 or 400 or 401 or 402 or 403 or 404 or 503 for /api/admin/appflowy/tasks, got 500

       at helpers/api-helpers.ts:59

      57 |     const statusArray = Array.isArray(expectedStatus) ? expectedStatus : [expectedStatus];
      58 |     if (!statusArray.includes(response.status())) {
    > 59 |       throw new Error(
         |             ^
      60 |         `[${this.testName}] Expected status ${statusArray.join(' or ')} for ${endpoint}, got ${response.status()}`
      61 |       );
      62 |     }
        at APITestHelper.get (/home/tbaltzakis/cloudless.gr/e2e/helpers/api-helpers.ts:59:13)
        at /home/tbaltzakis/cloudless.gr/e2e/api/admin-api-comprehensive.spec.ts:631:26

    Error Context: test-results/api-admin-api-comprehensiv-70c14-or-api-admin-appflowy-tasks-chromium-retry1/error-context.md

    attachment #2: trace (application/zip) ─────────────────────────────────────────────────────────
    test-results/api-admin-api-comprehensiv-70c14-or-api-admin-appflowy-tasks-chromium-retry1/trace.zip
    Usage:

        npx playwright show-trace test-results/api-admin-api-comprehensiv-70c14-or-api-admin-appflowy-tasks-chromium-retry1/trace.zip

    ────────────────────────────────────────────────────────────────────────────────────────────────

  42) [chromium] › e2e/api/admin-api-comprehensive.spec.ts:630:11 › Admin API - Comprehensive Testing › Appflowy Submodules › should return data for /api/admin/appflowy/testimonials 

    Error: [Admin API Test] Expected status 200 or 300 or 301 or 302 or 303 or 304 or 305 or 306 or 307 or 308 or 400 or 401 or 402 or 403 or 404 or 503 for /api/admin/appflowy/testimonials, got 500

       at helpers/api-helpers.ts:59

      57 |     const statusArray = Array.isArray(expectedStatus) ? expectedStatus : [expectedStatus];
      58 |     if (!statusArray.includes(response.status())) {
    > 59 |       throw new Error(
         |             ^
      60 |         `[${this.testName}] Expected status ${statusArray.join(' or ')} for ${endpoint}, got ${response.status()}`
      61 |       );
      62 |     }
        at APITestHelper.get (/home/tbaltzakis/cloudless.gr/e2e/helpers/api-helpers.ts:59:13)
        at /home/tbaltzakis/cloudless.gr/e2e/api/admin-api-comprehensive.spec.ts:631:26

    Error Context: test-results/api-admin-api-comprehensiv-db303-admin-appflowy-testimonials-chromium/error-context.md

    Retry #1 ───────────────────────────────────────────────────────────────────────────────────────

    Error: [Admin API Test] Expected status 200 or 300 or 301 or 302 or 303 or 304 or 305 or 306 or 307 or 308 or 400 or 401 or 402 or 403 or 404 or 503 for /api/admin/appflowy/testimonials, got 500

       at helpers/api-helpers.ts:59

      57 |     const statusArray = Array.isArray(expectedStatus) ? expectedStatus : [expectedStatus];
      58 |     if (!statusArray.includes(response.status())) {
    > 59 |       throw new Error(
         |             ^
      60 |         `[${this.testName}] Expected status ${statusArray.join(' or ')} for ${endpoint}, got ${response.status()}`
      61 |       );
      62 |     }
        at APITestHelper.get (/home/tbaltzakis/cloudless.gr/e2e/helpers/api-helpers.ts:59:13)
        at /home/tbaltzakis/cloudless.gr/e2e/api/admin-api-comprehensive.spec.ts:631:26

    Error Context: test-results/api-admin-api-comprehensiv-db303-admin-appflowy-testimonials-chromium-retry1/error-context.md

    attachment #2: trace (application/zip) ─────────────────────────────────────────────────────────
    test-results/api-admin-api-comprehensiv-db303-admin-appflowy-testimonials-chromium-retry1/trace.zip
    Usage:

        npx playwright show-trace test-results/api-admin-api-comprehensiv-db303-admin-appflowy-testimonials-chromium-retry1/trace.zip

    ────────────────────────────────────────────────────────────────────────────────────────────────

  43) [chromium] › e2e/api/admin-api-comprehensive.spec.ts:661:11 › Admin API - Comprehensive Testing › Campaigns Submodules › should return data for /api/admin/campaigns/tiktok 

    Error: [Admin API Test] Expected status 200 for /api/admin/campaigns/tiktok, got 503

       at helpers/api-helpers.ts:59

      57 |     const statusArray = Array.isArray(expectedStatus) ? expectedStatus : [expectedStatus];
      58 |     if (!statusArray.includes(response.status())) {
    > 59 |       throw new Error(
         |             ^
      60 |         `[${this.testName}] Expected status ${statusArray.join(' or ')} for ${endpoint}, got ${response.status()}`
      61 |       );
      62 |     }
        at APITestHelper.get (/home/tbaltzakis/cloudless.gr/e2e/helpers/api-helpers.ts:59:13)
        at /home/tbaltzakis/cloudless.gr/e2e/api/admin-api-comprehensive.spec.ts:662:26

    Error Context: test-results/api-admin-api-comprehensiv-bf568--api-admin-campaigns-tiktok-chromium/error-context.md

    Retry #1 ───────────────────────────────────────────────────────────────────────────────────────

    Error: [Admin API Test] Expected status 200 for /api/admin/campaigns/tiktok, got 503

       at helpers/api-helpers.ts:59

      57 |     const statusArray = Array.isArray(expectedStatus) ? expectedStatus : [expectedStatus];
      58 |     if (!statusArray.includes(response.status())) {
    > 59 |       throw new Error(
         |             ^
      60 |         `[${this.testName}] Expected status ${statusArray.join(' or ')} for ${endpoint}, got ${response.status()}`
      61 |       );
      62 |     }
        at APITestHelper.get (/home/tbaltzakis/cloudless.gr/e2e/helpers/api-helpers.ts:59:13)
        at /home/tbaltzakis/cloudless.gr/e2e/api/admin-api-comprehensive.spec.ts:662:26

    Error Context: test-results/api-admin-api-comprehensiv-bf568--api-admin-campaigns-tiktok-chromium-retry1/error-context.md

    attachment #2: trace (application/zip) ─────────────────────────────────────────────────────────
    test-results/api-admin-api-comprehensiv-bf568--api-admin-campaigns-tiktok-chromium-retry1/trace.zip
    Usage:

        npx playwright show-trace test-results/api-admin-api-comprehensiv-bf568--api-admin-campaigns-tiktok-chromium-retry1/trace.zip

    ────────────────────────────────────────────────────────────────────────────────────────────────

  44) [chromium] › e2e/api/admin-api-comprehensive.spec.ts:661:11 › Admin API - Comprehensive Testing › Campaigns Submodules › should return data for /api/admin/campaigns/tiktok/insights 

    Error: [Admin API Test] Expected status 200 for /api/admin/campaigns/tiktok/insights, got 503

       at helpers/api-helpers.ts:59

      57 |     const statusArray = Array.isArray(expectedStatus) ? expectedStatus : [expectedStatus];
      58 |     if (!statusArray.includes(response.status())) {
    > 59 |       throw new Error(
         |             ^
      60 |         `[${this.testName}] Expected status ${statusArray.join(' or ')} for ${endpoint}, got ${response.status()}`
      61 |       );
      62 |     }
        at APITestHelper.get (/home/tbaltzakis/cloudless.gr/e2e/helpers/api-helpers.ts:59:13)
        at /home/tbaltzakis/cloudless.gr/e2e/api/admin-api-comprehensive.spec.ts:662:26

    Error Context: test-results/api-admin-api-comprehensiv-b8a22-n-campaigns-tiktok-insights-chromium/error-context.md

    Retry #1 ───────────────────────────────────────────────────────────────────────────────────────

    Error: [Admin API Test] Expected status 200 for /api/admin/campaigns/tiktok/insights, got 503

       at helpers/api-helpers.ts:59

      57 |     const statusArray = Array.isArray(expectedStatus) ? expectedStatus : [expectedStatus];
      58 |     if (!statusArray.includes(response.status())) {
    > 59 |       throw new Error(
         |             ^
      60 |         `[${this.testName}] Expected status ${statusArray.join(' or ')} for ${endpoint}, got ${response.status()}`
      61 |       );
      62 |     }
        at APITestHelper.get (/home/tbaltzakis/cloudless.gr/e2e/helpers/api-helpers.ts:59:13)
        at /home/tbaltzakis/cloudless.gr/e2e/api/admin-api-comprehensive.spec.ts:662:26

    Error Context: test-results/api-admin-api-comprehensiv-b8a22-n-campaigns-tiktok-insights-chromium-retry1/error-context.md

    attachment #2: trace (application/zip) ─────────────────────────────────────────────────────────
    test-results/api-admin-api-comprehensiv-b8a22-n-campaigns-tiktok-insights-chromium-retry1/trace.zip
    Usage:

        npx playwright show-trace test-results/api-admin-api-comprehensiv-b8a22-n-campaigns-tiktok-insights-chromium-retry1/trace.zip

    ────────────────────────────────────────────────────────────────────────────────────────────────

  45) [chromium] › e2e/api/admin-api-comprehensive.spec.ts:681:11 › Admin API - Comprehensive Testing › Calendar Submodules › should return data for /api/admin/calendar/[id] 

    Error: [Admin API Test] Expected status 200 for /api/admin/calendar/test-id, got 405

       at helpers/api-helpers.ts:59

      57 |     const statusArray = Array.isArray(expectedStatus) ? expectedStatus : [expectedStatus];
      58 |     if (!statusArray.includes(response.status())) {
    > 59 |       throw new Error(
         |             ^
      60 |         `[${this.testName}] Expected status ${statusArray.join(' or ')} for ${endpoint}, got ${response.status()}`
      61 |       );
      62 |     }
        at APITestHelper.get (/home/tbaltzakis/cloudless.gr/e2e/helpers/api-helpers.ts:59:13)
        at /home/tbaltzakis/cloudless.gr/e2e/api/admin-api-comprehensive.spec.ts:685:26

    Error Context: test-results/api-admin-api-comprehensiv-ed8c2--for-api-admin-calendar-id--chromium/error-context.md

    Retry #1 ───────────────────────────────────────────────────────────────────────────────────────

    Error: [Admin API Test] Expected status 200 for /api/admin/calendar/test-id, got 405

       at helpers/api-helpers.ts:59

      57 |     const statusArray = Array.isArray(expectedStatus) ? expectedStatus : [expectedStatus];
      58 |     if (!statusArray.includes(response.status())) {
    > 59 |       throw new Error(
         |             ^
      60 |         `[${this.testName}] Expected status ${statusArray.join(' or ')} for ${endpoint}, got ${response.status()}`
      61 |       );
      62 |     }
        at APITestHelper.get (/home/tbaltzakis/cloudless.gr/e2e/helpers/api-helpers.ts:59:13)
        at /home/tbaltzakis/cloudless.gr/e2e/api/admin-api-comprehensive.spec.ts:685:26

    Error Context: test-results/api-admin-api-comprehensiv-ed8c2--for-api-admin-calendar-id--chromium-retry1/error-context.md

    attachment #2: trace (application/zip) ─────────────────────────────────────────────────────────
    test-results/api-admin-api-comprehensiv-ed8c2--for-api-admin-calendar-id--chromium-retry1/trace.zip
    Usage:

        npx playwright show-trace test-results/api-admin-api-comprehensiv-ed8c2--for-api-admin-calendar-id--chromium-retry1/trace.zip

    ────────────────────────────────────────────────────────────────────────────────────────────────

  46) [chromium] › e2e/api/admin-api-comprehensive.spec.ts:681:11 › Admin API - Comprehensive Testing › Calendar Submodules › should return data for /api/admin/calendar/[id]/publish 

    Error: [Admin API Test] Expected status 200 for /api/admin/calendar/test-id/publish, got 405

       at helpers/api-helpers.ts:59

      57 |     const statusArray = Array.isArray(expectedStatus) ? expectedStatus : [expectedStatus];
      58 |     if (!statusArray.includes(response.status())) {
    > 59 |       throw new Error(
         |             ^
      60 |         `[${this.testName}] Expected status ${statusArray.join(' or ')} for ${endpoint}, got ${response.status()}`
      61 |       );
      62 |     }
        at APITestHelper.get (/home/tbaltzakis/cloudless.gr/e2e/helpers/api-helpers.ts:59:13)
        at /home/tbaltzakis/cloudless.gr/e2e/api/admin-api-comprehensive.spec.ts:685:26

    Error Context: test-results/api-admin-api-comprehensiv-c763c-i-admin-calendar-id-publish-chromium/error-context.md

    Retry #1 ───────────────────────────────────────────────────────────────────────────────────────

    Error: [Admin API Test] Expected status 200 for /api/admin/calendar/test-id/publish, got 405

       at helpers/api-helpers.ts:59

      57 |     const statusArray = Array.isArray(expectedStatus) ? expectedStatus : [expectedStatus];
      58 |     if (!statusArray.includes(response.status())) {
    > 59 |       throw new Error(
         |             ^
      60 |         `[${this.testName}] Expected status ${statusArray.join(' or ')} for ${endpoint}, got ${response.status()}`
      61 |       );
      62 |     }
        at APITestHelper.get (/home/tbaltzakis/cloudless.gr/e2e/helpers/api-helpers.ts:59:13)
        at /home/tbaltzakis/cloudless.gr/e2e/api/admin-api-comprehensive.spec.ts:685:26

    Error Context: test-results/api-admin-api-comprehensiv-c763c-i-admin-calendar-id-publish-chromium-retry1/error-context.md

    attachment #2: trace (application/zip) ─────────────────────────────────────────────────────────
    test-results/api-admin-api-comprehensiv-c763c-i-admin-calendar-id-publish-chromium-retry1/trace.zip
    Usage:

        npx playwright show-trace test-results/api-admin-api-comprehensiv-c763c-i-admin-calendar-id-publish-chromium-retry1/trace.zip

    ────────────────────────────────────────────────────────────────────────────────────────────────

  47) [chromium] › e2e/api/admin-api-comprehensive.spec.ts:681:11 › Admin API - Comprehensive Testing › Calendar Submodules › should return data for /api/admin/calendar/create 

    Error: [Admin API Test] Expected status 200 for /api/admin/calendar/create, got 405

       at helpers/api-helpers.ts:59

      57 |     const statusArray = Array.isArray(expectedStatus) ? expectedStatus : [expectedStatus];
      58 |     if (!statusArray.includes(response.status())) {
    > 59 |       throw new Error(
         |             ^
      60 |         `[${this.testName}] Expected status ${statusArray.join(' or ')} for ${endpoint}, got ${response.status()}`
      61 |       );
      62 |     }
        at APITestHelper.get (/home/tbaltzakis/cloudless.gr/e2e/helpers/api-helpers.ts:59:13)
        at /home/tbaltzakis/cloudless.gr/e2e/api/admin-api-comprehensive.spec.ts:685:26

    Error Context: test-results/api-admin-api-comprehensiv-1fc28-r-api-admin-calendar-create-chromium/error-context.md

    Retry #1 ───────────────────────────────────────────────────────────────────────────────────────

    Error: [Admin API Test] Expected status 200 for /api/admin/calendar/create, got 405

       at helpers/api-helpers.ts:59

      57 |     const statusArray = Array.isArray(expectedStatus) ? expectedStatus : [expectedStatus];
      58 |     if (!statusArray.includes(response.status())) {
    > 59 |       throw new Error(
         |             ^
      60 |         `[${this.testName}] Expected status ${statusArray.join(' or ')} for ${endpoint}, got ${response.status()}`
      61 |       );
      62 |     }
        at APITestHelper.get (/home/tbaltzakis/cloudless.gr/e2e/helpers/api-helpers.ts:59:13)
        at /home/tbaltzakis/cloudless.gr/e2e/api/admin-api-comprehensive.spec.ts:685:26

    Error Context: test-results/api-admin-api-comprehensiv-1fc28-r-api-admin-calendar-create-chromium-retry1/error-context.md

    attachment #2: trace (application/zip) ─────────────────────────────────────────────────────────
    test-results/api-admin-api-comprehensiv-1fc28-r-api-admin-calendar-create-chromium-retry1/trace.zip
    Usage:

        npx playwright show-trace test-results/api-admin-api-comprehensiv-1fc28-r-api-admin-calendar-create-chromium-retry1/trace.zip

    ────────────────────────────────────────────────────────────────────────────────────────────────

  48) [chromium] › e2e/api/admin-api-comprehensive.spec.ts:704:11 › Admin API - Comprehensive Testing › Cluster Submodules › should return data for /api/admin/cluster/watchdogs 

    Error: [Admin API Test] Expected status 200 for /api/admin/cluster/watchdogs, got 503

       at helpers/api-helpers.ts:59

      57 |     const statusArray = Array.isArray(expectedStatus) ? expectedStatus : [expectedStatus];
      58 |     if (!statusArray.includes(response.status())) {
    > 59 |       throw new Error(
         |             ^
      60 |         `[${this.testName}] Expected status ${statusArray.join(' or ')} for ${endpoint}, got ${response.status()}`
      61 |       );
      62 |     }
        at APITestHelper.get (/home/tbaltzakis/cloudless.gr/e2e/helpers/api-helpers.ts:59:13)
        at /home/tbaltzakis/cloudless.gr/e2e/api/admin-api-comprehensive.spec.ts:705:26

    Error Context: test-results/api-admin-api-comprehensiv-e3f71-api-admin-cluster-watchdogs-chromium/error-context.md

    Retry #1 ───────────────────────────────────────────────────────────────────────────────────────

    Error: [Admin API Test] Expected status 200 for /api/admin/cluster/watchdogs, got 503

       at helpers/api-helpers.ts:59

      57 |     const statusArray = Array.isArray(expectedStatus) ? expectedStatus : [expectedStatus];
      58 |     if (!statusArray.includes(response.status())) {
    > 59 |       throw new Error(
         |             ^
      60 |         `[${this.testName}] Expected status ${statusArray.join(' or ')} for ${endpoint}, got ${response.status()}`
      61 |       );
      62 |     }
        at APITestHelper.get (/home/tbaltzakis/cloudless.gr/e2e/helpers/api-helpers.ts:59:13)
        at /home/tbaltzakis/cloudless.gr/e2e/api/admin-api-comprehensive.spec.ts:705:26

    Error Context: test-results/api-admin-api-comprehensiv-e3f71-api-admin-cluster-watchdogs-chromium-retry1/error-context.md

    attachment #2: trace (application/zip) ─────────────────────────────────────────────────────────
    test-results/api-admin-api-comprehensiv-e3f71-api-admin-cluster-watchdogs-chromium-retry1/trace.zip
    Usage:

        npx playwright show-trace test-results/api-admin-api-comprehensiv-e3f71-api-admin-cluster-watchdogs-chromium-retry1/trace.zip

    ────────────────────────────────────────────────────────────────────────────────────────────────

  49) [chromium] › e2e/api/admin-api-comprehensive.spec.ts:734:11 › Admin API - Comprehensive Testing › ESP32 Submodules › should return data for /api/admin/esp32/notion-sync 

    Error: [Admin API Test] Expected status 200 for /api/admin/esp32/notion-sync, got 404

       at helpers/api-helpers.ts:59

      57 |     const statusArray = Array.isArray(expectedStatus) ? expectedStatus : [expectedStatus];
      58 |     if (!statusArray.includes(response.status())) {
    > 59 |       throw new Error(
         |             ^
      60 |         `[${this.testName}] Expected status ${statusArray.join(' or ')} for ${endpoint}, got ${response.status()}`
      61 |       );
      62 |     }
        at APITestHelper.get (/home/tbaltzakis/cloudless.gr/e2e/helpers/api-helpers.ts:59:13)
        at /home/tbaltzakis/cloudless.gr/e2e/api/admin-api-comprehensive.spec.ts:735:26

    Error Context: test-results/api-admin-api-comprehensiv-b7552-api-admin-esp32-notion-sync-chromium/error-context.md

    Retry #1 ───────────────────────────────────────────────────────────────────────────────────────

    Error: [Admin API Test] Expected status 200 for /api/admin/esp32/notion-sync, got 404

       at helpers/api-helpers.ts:59

      57 |     const statusArray = Array.isArray(expectedStatus) ? expectedStatus : [expectedStatus];
      58 |     if (!statusArray.includes(response.status())) {
    > 59 |       throw new Error(
         |             ^
      60 |         `[${this.testName}] Expected status ${statusArray.join(' or ')} for ${endpoint}, got ${response.status()}`
      61 |       );
      62 |     }
        at APITestHelper.get (/home/tbaltzakis/cloudless.gr/e2e/helpers/api-helpers.ts:59:13)
        at /home/tbaltzakis/cloudless.gr/e2e/api/admin-api-comprehensive.spec.ts:735:26

    Error Context: test-results/api-admin-api-comprehensiv-b7552-api-admin-esp32-notion-sync-chromium-retry1/error-context.md

    attachment #2: trace (application/zip) ─────────────────────────────────────────────────────────
    test-results/api-admin-api-comprehensiv-b7552-api-admin-esp32-notion-sync-chromium-retry1/trace.zip
    Usage:

        npx playwright show-trace test-results/api-admin-api-comprehensiv-b7552-api-admin-esp32-notion-sync-chromium-retry1/trace.zip

    ────────────────────────────────────────────────────────────────────────────────────────────────

  50) [chromium] › e2e/api/admin-api-comprehensive.spec.ts:755:11 › Admin API - Comprehensive Testing › Grafana Submodules › should return data for /api/admin/grafana/datasources 

    Error: [Admin API Test] Expected status 200 for /api/admin/grafana/datasources, got 503

       at helpers/api-helpers.ts:59

      57 |     const statusArray = Array.isArray(expectedStatus) ? expectedStatus : [expectedStatus];
      58 |     if (!statusArray.includes(response.status())) {
    > 59 |       throw new Error(
         |             ^
      60 |         `[${this.testName}] Expected status ${statusArray.join(' or ')} for ${endpoint}, got ${response.status()}`
      61 |       );
      62 |     }
        at APITestHelper.get (/home/tbaltzakis/cloudless.gr/e2e/helpers/api-helpers.ts:59:13)
        at /home/tbaltzakis/cloudless.gr/e2e/api/admin-api-comprehensive.spec.ts:756:26

    Error Context: test-results/api-admin-api-comprehensiv-8c3ce-i-admin-grafana-datasources-chromium/error-context.md

    Retry #1 ───────────────────────────────────────────────────────────────────────────────────────

    Error: [Admin API Test] Expected status 200 for /api/admin/grafana/datasources, got 503

       at helpers/api-helpers.ts:59

      57 |     const statusArray = Array.isArray(expectedStatus) ? expectedStatus : [expectedStatus];
      58 |     if (!statusArray.includes(response.status())) {
    > 59 |       throw new Error(
         |             ^
      60 |         `[${this.testName}] Expected status ${statusArray.join(' or ')} for ${endpoint}, got ${response.status()}`
      61 |       );
      62 |     }
        at APITestHelper.get (/home/tbaltzakis/cloudless.gr/e2e/helpers/api-helpers.ts:59:13)
        at /home/tbaltzakis/cloudless.gr/e2e/api/admin-api-comprehensive.spec.ts:756:26

    Error Context: test-results/api-admin-api-comprehensiv-8c3ce-i-admin-grafana-datasources-chromium-retry1/error-context.md

    attachment #2: trace (application/zip) ─────────────────────────────────────────────────────────
    test-results/api-admin-api-comprehensiv-8c3ce-i-admin-grafana-datasources-chromium-retry1/trace.zip
    Usage:

        npx playwright show-trace test-results/api-admin-api-comprehensiv-8c3ce-i-admin-grafana-datasources-chromium-retry1/trace.zip

    ────────────────────────────────────────────────────────────────────────────────────────────────

  51) [chromium] › e2e/api/admin-api-comprehensive.spec.ts:755:11 › Admin API - Comprehensive Testing › Grafana Submodules › should return data for /api/admin/grafana/prometheus 

    Error: [Admin API Test] Expected status 200 for /api/admin/grafana/prometheus, got 405

       at helpers/api-helpers.ts:59

      57 |     const statusArray = Array.isArray(expectedStatus) ? expectedStatus : [expectedStatus];
      58 |     if (!statusArray.includes(response.status())) {
    > 59 |       throw new Error(
         |             ^
      60 |         `[${this.testName}] Expected status ${statusArray.join(' or ')} for ${endpoint}, got ${response.status()}`
      61 |       );
      62 |     }
        at APITestHelper.get (/home/tbaltzakis/cloudless.gr/e2e/helpers/api-helpers.ts:59:13)
        at /home/tbaltzakis/cloudless.gr/e2e/api/admin-api-comprehensive.spec.ts:756:26

    Error Context: test-results/api-admin-api-comprehensiv-1542c-pi-admin-grafana-prometheus-chromium/error-context.md

    Retry #1 ───────────────────────────────────────────────────────────────────────────────────────

    Error: [Admin API Test] Expected status 200 for /api/admin/grafana/prometheus, got 405

       at helpers/api-helpers.ts:59

      57 |     const statusArray = Array.isArray(expectedStatus) ? expectedStatus : [expectedStatus];
      58 |     if (!statusArray.includes(response.status())) {
    > 59 |       throw new Error(
         |             ^
      60 |         `[${this.testName}] Expected status ${statusArray.join(' or ')} for ${endpoint}, got ${response.status()}`
      61 |       );
      62 |     }
        at APITestHelper.get (/home/tbaltzakis/cloudless.gr/e2e/helpers/api-helpers.ts:59:13)
        at /home/tbaltzakis/cloudless.gr/e2e/api/admin-api-comprehensive.spec.ts:756:26

    Error Context: test-results/api-admin-api-comprehensiv-1542c-pi-admin-grafana-prometheus-chromium-retry1/error-context.md

    attachment #2: trace (application/zip) ─────────────────────────────────────────────────────────
    test-results/api-admin-api-comprehensiv-1542c-pi-admin-grafana-prometheus-chromium-retry1/trace.zip
    Usage:

        npx playwright show-trace test-results/api-admin-api-comprehensiv-1542c-pi-admin-grafana-prometheus-chromium-retry1/trace.zip

    ────────────────────────────────────────────────────────────────────────────────────────────────

  52) [chromium] › e2e/api/admin-api-comprehensive.spec.ts:769:9 › Admin API - Comprehensive Testing › Integrations Submodules › should handle integrations webhook 

    Error: [Admin API Test] Expected status 200 for /api/admin/integrations/webhook, got 404

       at helpers/api-helpers.ts:59

      57 |     const statusArray = Array.isArray(expectedStatus) ? expectedStatus : [expectedStatus];
      58 |     if (!statusArray.includes(response.status())) {
    > 59 |       throw new Error(
         |             ^
      60 |         `[${this.testName}] Expected status ${statusArray.join(' or ')} for ${endpoint}, got ${response.status()}`
      61 |       );
      62 |     }
        at APITestHelper.get (/home/tbaltzakis/cloudless.gr/e2e/helpers/api-helpers.ts:59:13)
        at /home/tbaltzakis/cloudless.gr/e2e/api/admin-api-comprehensive.spec.ts:770:24

    Error Context: test-results/api-admin-api-comprehensiv-d07db-handle-integrations-webhook-chromium/error-context.md

    Retry #1 ───────────────────────────────────────────────────────────────────────────────────────

    Error: [Admin API Test] Expected status 200 for /api/admin/integrations/webhook, got 404

       at helpers/api-helpers.ts:59

      57 |     const statusArray = Array.isArray(expectedStatus) ? expectedStatus : [expectedStatus];
      58 |     if (!statusArray.includes(response.status())) {
    > 59 |       throw new Error(
         |             ^
      60 |         `[${this.testName}] Expected status ${statusArray.join(' or ')} for ${endpoint}, got ${response.status()}`
      61 |       );
      62 |     }
        at APITestHelper.get (/home/tbaltzakis/cloudless.gr/e2e/helpers/api-helpers.ts:59:13)
        at /home/tbaltzakis/cloudless.gr/e2e/api/admin-api-comprehensive.spec.ts:770:24

    Error Context: test-results/api-admin-api-comprehensiv-d07db-handle-integrations-webhook-chromium-retry1/error-context.md

    attachment #2: trace (application/zip) ─────────────────────────────────────────────────────────
    test-results/api-admin-api-comprehensiv-d07db-handle-integrations-webhook-chromium-retry1/trace.zip
    Usage:

        npx playwright show-trace test-results/api-admin-api-comprehensiv-d07db-handle-integrations-webhook-chromium-retry1/trace.zip

    ────────────────────────────────────────────────────────────────────────────────────────────────

  53) [chromium] › e2e/api/admin-api-comprehensive.spec.ts:793:9 › Admin API - Comprehensive Testing › LinkedIn Cap Endpoint › should return linkedin cap data 

    Error: [Admin API Test] Expected status 200 for /api/admin/linkedin-cap, got 405

       at helpers/api-helpers.ts:59

      57 |     const statusArray = Array.isArray(expectedStatus) ? expectedStatus : [expectedStatus];
      58 |     if (!statusArray.includes(response.status())) {
    > 59 |       throw new Error(
         |             ^
      60 |         `[${this.testName}] Expected status ${statusArray.join(' or ')} for ${endpoint}, got ${response.status()}`
      61 |       );
      62 |     }
        at APITestHelper.get (/home/tbaltzakis/cloudless.gr/e2e/helpers/api-helpers.ts:59:13)
        at /home/tbaltzakis/cloudless.gr/e2e/api/admin-api-comprehensive.spec.ts:794:24

    Error Context: test-results/api-admin-api-comprehensiv-69737-ld-return-linkedin-cap-data-chromium/error-context.md

    Retry #1 ───────────────────────────────────────────────────────────────────────────────────────

    Error: [Admin API Test] Expected status 200 for /api/admin/linkedin-cap, got 405

       at helpers/api-helpers.ts:59

      57 |     const statusArray = Array.isArray(expectedStatus) ? expectedStatus : [expectedStatus];
      58 |     if (!statusArray.includes(response.status())) {
    > 59 |       throw new Error(
         |             ^
      60 |         `[${this.testName}] Expected status ${statusArray.join(' or ')} for ${endpoint}, got ${response.status()}`
      61 |       );
      62 |     }
        at APITestHelper.get (/home/tbaltzakis/cloudless.gr/e2e/helpers/api-helpers.ts:59:13)
        at /home/tbaltzakis/cloudless.gr/e2e/api/admin-api-comprehensive.spec.ts:794:24

    Error Context: test-results/api-admin-api-comprehensiv-69737-ld-return-linkedin-cap-data-chromium-retry1/error-context.md

    attachment #2: trace (application/zip) ─────────────────────────────────────────────────────────
    test-results/api-admin-api-comprehensiv-69737-ld-return-linkedin-cap-data-chromium-retry1/trace.zip
    Usage:

        npx playwright show-trace test-results/api-admin-api-comprehensiv-69737-ld-return-linkedin-cap-data-chromium-retry1/trace.zip

    ────────────────────────────────────────────────────────────────────────────────────────────────

  54) [chromium] › e2e/api/admin-api-comprehensive.spec.ts:813:11 › Admin API - Comprehensive Testing › N8N Submodules › should return data for /api/admin/n8n/executions 

    Error: [Admin API Test] Expected status 200 for /api/admin/n8n/executions, got 500

       at helpers/api-helpers.ts:59

      57 |     const statusArray = Array.isArray(expectedStatus) ? expectedStatus : [expectedStatus];
      58 |     if (!statusArray.includes(response.status())) {
    > 59 |       throw new Error(
         |             ^
      60 |         `[${this.testName}] Expected status ${statusArray.join(' or ')} for ${endpoint}, got ${response.status()}`
      61 |       );
      62 |     }
        at APITestHelper.get (/home/tbaltzakis/cloudless.gr/e2e/helpers/api-helpers.ts:59:13)
        at /home/tbaltzakis/cloudless.gr/e2e/api/admin-api-comprehensive.spec.ts:817:26

    Error Context: test-results/api-admin-api-comprehensiv-ca7e6-or-api-admin-n8n-executions-chromium/error-context.md

    Retry #1 ───────────────────────────────────────────────────────────────────────────────────────

    Error: [Admin API Test] Expected status 200 for /api/admin/n8n/executions, got 500

       at helpers/api-helpers.ts:59

      57 |     const statusArray = Array.isArray(expectedStatus) ? expectedStatus : [expectedStatus];
      58 |     if (!statusArray.includes(response.status())) {
    > 59 |       throw new Error(
         |             ^
      60 |         `[${this.testName}] Expected status ${statusArray.join(' or ')} for ${endpoint}, got ${response.status()}`
      61 |       );
      62 |     }
        at APITestHelper.get (/home/tbaltzakis/cloudless.gr/e2e/helpers/api-helpers.ts:59:13)
        at /home/tbaltzakis/cloudless.gr/e2e/api/admin-api-comprehensive.spec.ts:817:26

    Error Context: test-results/api-admin-api-comprehensiv-ca7e6-or-api-admin-n8n-executions-chromium-retry1/error-context.md

    attachment #2: trace (application/zip) ─────────────────────────────────────────────────────────
    test-results/api-admin-api-comprehensiv-ca7e6-or-api-admin-n8n-executions-chromium-retry1/trace.zip
    Usage:

        npx playwright show-trace test-results/api-admin-api-comprehensiv-ca7e6-or-api-admin-n8n-executions-chromium-retry1/trace.zip

    ────────────────────────────────────────────────────────────────────────────────────────────────

  55) [chromium] › e2e/api/admin-api-comprehensive.spec.ts:813:11 › Admin API - Comprehensive Testing › N8N Submodules › should return data for /api/admin/n8n/workflows 

    Error: [Admin API Test] Expected status 200 for /api/admin/n8n/workflows, got 500

       at helpers/api-helpers.ts:59

      57 |     const statusArray = Array.isArray(expectedStatus) ? expectedStatus : [expectedStatus];
      58 |     if (!statusArray.includes(response.status())) {
    > 59 |       throw new Error(
         |             ^
      60 |         `[${this.testName}] Expected status ${statusArray.join(' or ')} for ${endpoint}, got ${response.status()}`
      61 |       );
      62 |     }
        at APITestHelper.get (/home/tbaltzakis/cloudless.gr/e2e/helpers/api-helpers.ts:59:13)
        at /home/tbaltzakis/cloudless.gr/e2e/api/admin-api-comprehensive.spec.ts:817:26

    Error Context: test-results/api-admin-api-comprehensiv-e7180-for-api-admin-n8n-workflows-chromium/error-context.md

    Retry #1 ───────────────────────────────────────────────────────────────────────────────────────

    Error: [Admin API Test] Expected status 200 for /api/admin/n8n/workflows, got 500

       at helpers/api-helpers.ts:59

      57 |     const statusArray = Array.isArray(expectedStatus) ? expectedStatus : [expectedStatus];
      58 |     if (!statusArray.includes(response.status())) {
    > 59 |       throw new Error(
         |             ^
      60 |         `[${this.testName}] Expected status ${statusArray.join(' or ')} for ${endpoint}, got ${response.status()}`
      61 |       );
      62 |     }
        at APITestHelper.get (/home/tbaltzakis/cloudless.gr/e2e/helpers/api-helpers.ts:59:13)
        at /home/tbaltzakis/cloudless.gr/e2e/api/admin-api-comprehensive.spec.ts:817:26

    Error Context: test-results/api-admin-api-comprehensiv-e7180-for-api-admin-n8n-workflows-chromium-retry1/error-context.md

    attachment #2: trace (application/zip) ─────────────────────────────────────────────────────────
    test-results/api-admin-api-comprehensiv-e7180-for-api-admin-n8n-workflows-chromium-retry1/trace.zip
    Usage:

        npx playwright show-trace test-results/api-admin-api-comprehensiv-e7180-for-api-admin-n8n-workflows-chromium-retry1/trace.zip

    ────────────────────────────────────────────────────────────────────────────────────────────────

  56) [chromium] › e2e/api/admin-api-comprehensive.spec.ts:813:11 › Admin API - Comprehensive Testing › N8N Submodules › should return data for /api/admin/n8n/workflows/[id]/trigger 

    Error: [Admin API Test] Expected status 200 for /api/admin/n8n/workflows/test-id/trigger, got 405

       at helpers/api-helpers.ts:59

      57 |     const statusArray = Array.isArray(expectedStatus) ? expectedStatus : [expectedStatus];
      58 |     if (!statusArray.includes(response.status())) {
    > 59 |       throw new Error(
         |             ^
      60 |         `[${this.testName}] Expected status ${statusArray.join(' or ')} for ${endpoint}, got ${response.status()}`
      61 |       );
      62 |     }
        at APITestHelper.get (/home/tbaltzakis/cloudless.gr/e2e/helpers/api-helpers.ts:59:13)
        at /home/tbaltzakis/cloudless.gr/e2e/api/admin-api-comprehensive.spec.ts:817:26

    Error Context: test-results/api-admin-api-comprehensiv-064d0-in-n8n-workflows-id-trigger-chromium/error-context.md

    Retry #1 ───────────────────────────────────────────────────────────────────────────────────────

    Error: [Admin API Test] Expected status 200 for /api/admin/n8n/workflows/test-id/trigger, got 405

       at helpers/api-helpers.ts:59

      57 |     const statusArray = Array.isArray(expectedStatus) ? expectedStatus : [expectedStatus];
      58 |     if (!statusArray.includes(response.status())) {
    > 59 |       throw new Error(
         |             ^
      60 |         `[${this.testName}] Expected status ${statusArray.join(' or ')} for ${endpoint}, got ${response.status()}`
      61 |       );
      62 |     }
        at APITestHelper.get (/home/tbaltzakis/cloudless.gr/e2e/helpers/api-helpers.ts:59:13)
        at /home/tbaltzakis/cloudless.gr/e2e/api/admin-api-comprehensive.spec.ts:817:26

    Error Context: test-results/api-admin-api-comprehensiv-064d0-in-n8n-workflows-id-trigger-chromium-retry1/error-context.md

    attachment #2: trace (application/zip) ─────────────────────────────────────────────────────────
    test-results/api-admin-api-comprehensiv-064d0-in-n8n-workflows-id-trigger-chromium-retry1/trace.zip
    Usage:

        npx playwright show-trace test-results/api-admin-api-comprehensiv-064d0-in-n8n-workflows-id-trigger-chromium-retry1/trace.zip

    ────────────────────────────────────────────────────────────────────────────────────────────────

  57) [chromium] › e2e/api/admin-api-comprehensive.spec.ts:835:11 › Admin API - Comprehensive Testing › Notifications Submodules › should return data for /api/admin/notifications/test 

    Error: [Admin API Test] Expected status 200 for /api/admin/notifications/test, got 405

       at helpers/api-helpers.ts:59

      57 |     const statusArray = Array.isArray(expectedStatus) ? expectedStatus : [expectedStatus];
      58 |     if (!statusArray.includes(response.status())) {
    > 59 |       throw new Error(
         |             ^
      60 |         `[${this.testName}] Expected status ${statusArray.join(' or ')} for ${endpoint}, got ${response.status()}`
      61 |       );
      62 |     }
        at APITestHelper.get (/home/tbaltzakis/cloudless.gr/e2e/helpers/api-helpers.ts:59:13)
        at /home/tbaltzakis/cloudless.gr/e2e/api/admin-api-comprehensive.spec.ts:836:26

    Error Context: test-results/api-admin-api-comprehensiv-e0b36-pi-admin-notifications-test-chromium/error-context.md

    Retry #1 ───────────────────────────────────────────────────────────────────────────────────────

    Error: [Admin API Test] Expected status 200 for /api/admin/notifications/test, got 405

       at helpers/api-helpers.ts:59

      57 |     const statusArray = Array.isArray(expectedStatus) ? expectedStatus : [expectedStatus];
      58 |     if (!statusArray.includes(response.status())) {
    > 59 |       throw new Error(
         |             ^
      60 |         `[${this.testName}] Expected status ${statusArray.join(' or ')} for ${endpoint}, got ${response.status()}`
      61 |       );
      62 |     }
        at APITestHelper.get (/home/tbaltzakis/cloudless.gr/e2e/helpers/api-helpers.ts:59:13)
        at /home/tbaltzakis/cloudless.gr/e2e/api/admin-api-comprehensive.spec.ts:836:26

    Error Context: test-results/api-admin-api-comprehensiv-e0b36-pi-admin-notifications-test-chromium-retry1/error-context.md

    attachment #2: trace (application/zip) ─────────────────────────────────────────────────────────
    test-results/api-admin-api-comprehensiv-e0b36-pi-admin-notifications-test-chromium-retry1/trace.zip
    Usage:

        npx playwright show-trace test-results/api-admin-api-comprehensiv-e0b36-pi-admin-notifications-test-chromium-retry1/trace.zip

    ────────────────────────────────────────────────────────────────────────────────────────────────

  58) [chromium] › e2e/api/admin-api-comprehensive.spec.ts:866:11 › Admin API - Comprehensive Testing › Notion Submodules (Additional) › should return data for /api/admin/notion/analytics 

    SyntaxError: Unexpected token '<', "<!DOCTYPE "... is not valid JSON

      876 |         
      877 |         if (response.status() < 400) {
    > 878 |           const json = await response.json();
          |                        ^
      879 |           expect(json).toBeDefined();
      880 |         }
      881 |       });
        at /home/tbaltzakis/cloudless.gr/e2e/api/admin-api-comprehensive.spec.ts:878:24

    Error Context: test-results/api-admin-api-comprehensiv-73fb0--api-admin-notion-analytics-chromium/error-context.md

    Retry #1 ───────────────────────────────────────────────────────────────────────────────────────

    SyntaxError: Unexpected token '<', "<!DOCTYPE "... is not valid JSON

      876 |         
      877 |         if (response.status() < 400) {
    > 878 |           const json = await response.json();
          |                        ^
      879 |           expect(json).toBeDefined();
      880 |         }
      881 |       });
        at /home/tbaltzakis/cloudless.gr/e2e/api/admin-api-comprehensive.spec.ts:878:24

    Error Context: test-results/api-admin-api-comprehensiv-73fb0--api-admin-notion-analytics-chromium-retry1/error-context.md

    attachment #2: trace (application/zip) ─────────────────────────────────────────────────────────
    test-results/api-admin-api-comprehensiv-73fb0--api-admin-notion-analytics-chromium-retry1/trace.zip
    Usage:

        npx playwright show-trace test-results/api-admin-api-comprehensiv-73fb0--api-admin-notion-analytics-chromium-retry1/trace.zip

    ────────────────────────────────────────────────────────────────────────────────────────────────

  59) [chromium] › e2e/api/admin-api-comprehensive.spec.ts:866:11 › Admin API - Comprehensive Testing › Notion Submodules (Additional) › should return data for /api/admin/notion/projects 

    SyntaxError: Unexpected token '<', "<!DOCTYPE "... is not valid JSON

      876 |         
      877 |         if (response.status() < 400) {
    > 878 |           const json = await response.json();
          |                        ^
      879 |           expect(json).toBeDefined();
      880 |         }
      881 |       });
        at /home/tbaltzakis/cloudless.gr/e2e/api/admin-api-comprehensive.spec.ts:878:24

    Error Context: test-results/api-admin-api-comprehensiv-73eca-r-api-admin-notion-projects-chromium/error-context.md

    Retry #1 ───────────────────────────────────────────────────────────────────────────────────────

    SyntaxError: Unexpected token '<', "<!DOCTYPE "... is not valid JSON

      876 |         
      877 |         if (response.status() < 400) {
    > 878 |           const json = await response.json();
          |                        ^
      879 |           expect(json).toBeDefined();
      880 |         }
      881 |       });
        at /home/tbaltzakis/cloudless.gr/e2e/api/admin-api-comprehensive.spec.ts:878:24

    Error Context: test-results/api-admin-api-comprehensiv-73eca-r-api-admin-notion-projects-chromium-retry1/error-context.md

    attachment #2: trace (application/zip) ─────────────────────────────────────────────────────────
    test-results/api-admin-api-comprehensiv-73eca-r-api-admin-notion-projects-chromium-retry1/trace.zip
    Usage:

        npx playwright show-trace test-results/api-admin-api-comprehensiv-73eca-r-api-admin-notion-projects-chromium-retry1/trace.zip

    ────────────────────────────────────────────────────────────────────────────────────────────────

  60) [chromium] › e2e/api/admin-api-comprehensive.spec.ts:866:11 › Admin API - Comprehensive Testing › Notion Submodules (Additional) › should return data for /api/admin/notion/status 

    SyntaxError: Unexpected token '<', "<!DOCTYPE "... is not valid JSON

      876 |         
      877 |         if (response.status() < 400) {
    > 878 |           const json = await response.json();
          |                        ^
      879 |           expect(json).toBeDefined();
      880 |         }
      881 |       });
        at /home/tbaltzakis/cloudless.gr/e2e/api/admin-api-comprehensive.spec.ts:878:24

    Error Context: test-results/api-admin-api-comprehensiv-849fa-for-api-admin-notion-status-chromium/error-context.md

    Retry #1 ───────────────────────────────────────────────────────────────────────────────────────

    SyntaxError: Unexpected token '<', "<!DOCTYPE "... is not valid JSON

      876 |         
      877 |         if (response.status() < 400) {
    > 878 |           const json = await response.json();
          |                        ^
      879 |           expect(json).toBeDefined();
      880 |         }
      881 |       });
        at /home/tbaltzakis/cloudless.gr/e2e/api/admin-api-comprehensive.spec.ts:878:24

    Error Context: test-results/api-admin-api-comprehensiv-849fa-for-api-admin-notion-status-chromium-retry1/error-context.md

    attachment #2: trace (application/zip) ─────────────────────────────────────────────────────────
    test-results/api-admin-api-comprehensiv-849fa-for-api-admin-notion-status-chromium-retry1/trace.zip
    Usage:

        npx playwright show-trace test-results/api-admin-api-comprehensiv-849fa-for-api-admin-notion-status-chromium-retry1/trace.zip

    ────────────────────────────────────────────────────────────────────────────────────────────────

  61) [chromium] › e2e/api/admin-api-comprehensive.spec.ts:866:11 › Admin API - Comprehensive Testing › Notion Submodules (Additional) › should return data for /api/admin/notion/submissions 

    SyntaxError: Unexpected token '<', "<!DOCTYPE "... is not valid JSON

      876 |         
      877 |         if (response.status() < 400) {
    > 878 |           const json = await response.json();
          |                        ^
      879 |           expect(json).toBeDefined();
      880 |         }
      881 |       });
        at /home/tbaltzakis/cloudless.gr/e2e/api/admin-api-comprehensive.spec.ts:878:24

    Error Context: test-results/api-admin-api-comprehensiv-acff3-pi-admin-notion-submissions-chromium/error-context.md

    Retry #1 ───────────────────────────────────────────────────────────────────────────────────────

    SyntaxError: Unexpected token '<', "<!DOCTYPE "... is not valid JSON

      876 |         
      877 |         if (response.status() < 400) {
    > 878 |           const json = await response.json();
          |                        ^
      879 |           expect(json).toBeDefined();
      880 |         }
      881 |       });
        at /home/tbaltzakis/cloudless.gr/e2e/api/admin-api-comprehensive.spec.ts:878:24

    Error Context: test-results/api-admin-api-comprehensiv-acff3-pi-admin-notion-submissions-chromium-retry1/error-context.md

    attachment #2: trace (application/zip) ─────────────────────────────────────────────────────────
    test-results/api-admin-api-comprehensiv-acff3-pi-admin-notion-submissions-chromium-retry1/trace.zip
    Usage:

        npx playwright show-trace test-results/api-admin-api-comprehensiv-acff3-pi-admin-notion-submissions-chromium-retry1/trace.zip

    ────────────────────────────────────────────────────────────────────────────────────────────────

  62) [chromium] › e2e/api/admin-api-comprehensive.spec.ts:866:11 › Admin API - Comprehensive Testing › Notion Submodules (Additional) › should return data for /api/admin/notion/tasks 

    SyntaxError: Unexpected token '<', "<!DOCTYPE "... is not valid JSON

      876 |         
      877 |         if (response.status() < 400) {
    > 878 |           const json = await response.json();
          |                        ^
      879 |           expect(json).toBeDefined();
      880 |         }
      881 |       });
        at /home/tbaltzakis/cloudless.gr/e2e/api/admin-api-comprehensive.spec.ts:878:24

    Error Context: test-results/api-admin-api-comprehensiv-d9aee--for-api-admin-notion-tasks-chromium/error-context.md

    Retry #1 ───────────────────────────────────────────────────────────────────────────────────────

    SyntaxError: Unexpected token '<', "<!DOCTYPE "... is not valid JSON

      876 |         
      877 |         if (response.status() < 400) {
    > 878 |           const json = await response.json();
          |                        ^
      879 |           expect(json).toBeDefined();
      880 |         }
      881 |       });
        at /home/tbaltzakis/cloudless.gr/e2e/api/admin-api-comprehensive.spec.ts:878:24

    Error Context: test-results/api-admin-api-comprehensiv-d9aee--for-api-admin-notion-tasks-chromium-retry1/error-context.md

    attachment #2: trace (application/zip) ─────────────────────────────────────────────────────────
    test-results/api-admin-api-comprehensiv-d9aee--for-api-admin-notion-tasks-chromium-retry1/trace.zip
    Usage:

        npx playwright show-trace test-results/api-admin-api-comprehensiv-d9aee--for-api-admin-notion-tasks-chromium-retry1/trace.zip

    ────────────────────────────────────────────────────────────────────────────────────────────────

  63) [chromium] › e2e/api/admin-api-comprehensive.spec.ts:893:11 › Admin API - Comprehensive Testing › Oauth Submodules › should return data for /api/admin/oauth/tiktok 

    SyntaxError: Unexpected token '<', "<!DOCTYPE "... is not valid JSON

      899 |         
      900 |         if (response.status() < 400) {
    > 901 |           const json = await response.json();
          |                        ^
      902 |           expect(json).toBeDefined();
      903 |         }
      904 |       });
        at /home/tbaltzakis/cloudless.gr/e2e/api/admin-api-comprehensive.spec.ts:901:24

    Error Context: test-results/api-admin-api-comprehensiv-c55d8--for-api-admin-oauth-tiktok-chromium/error-context.md

    Retry #1 ───────────────────────────────────────────────────────────────────────────────────────

    SyntaxError: Unexpected token '<', "<!DOCTYPE "... is not valid JSON

      899 |         
      900 |         if (response.status() < 400) {
    > 901 |           const json = await response.json();
          |                        ^
      902 |           expect(json).toBeDefined();
      903 |         }
      904 |       });
        at /home/tbaltzakis/cloudless.gr/e2e/api/admin-api-comprehensive.spec.ts:901:24

    Error Context: test-results/api-admin-api-comprehensiv-c55d8--for-api-admin-oauth-tiktok-chromium-retry1/error-context.md

    attachment #2: trace (application/zip) ─────────────────────────────────────────────────────────
    test-results/api-admin-api-comprehensiv-c55d8--for-api-admin-oauth-tiktok-chromium-retry1/trace.zip
    Usage:

        npx playwright show-trace test-results/api-admin-api-comprehensiv-c55d8--for-api-admin-oauth-tiktok-chromium-retry1/trace.zip

    ────────────────────────────────────────────────────────────────────────────────────────────────

  64) [chromium] › e2e/api/admin-api-comprehensive.spec.ts:893:11 › Admin API - Comprehensive Testing › Oauth Submodules › should return data for /api/admin/oauth/tiktok/callback 

    Error: [Admin API Test] Expected status 200 for /api/admin/oauth/tiktok/callback, got 400

       at helpers/api-helpers.ts:59

      57 |     const statusArray = Array.isArray(expectedStatus) ? expectedStatus : [expectedStatus];
      58 |     if (!statusArray.includes(response.status())) {
    > 59 |       throw new Error(
         |             ^
      60 |         `[${this.testName}] Expected status ${statusArray.join(' or ')} for ${endpoint}, got ${response.status()}`
      61 |       );
      62 |     }
        at APITestHelper.get (/home/tbaltzakis/cloudless.gr/e2e/helpers/api-helpers.ts:59:13)
        at /home/tbaltzakis/cloudless.gr/e2e/api/admin-api-comprehensive.spec.ts:894:26

    Error Context: test-results/api-admin-api-comprehensiv-0483a-admin-oauth-tiktok-callback-chromium/error-context.md

    Retry #1 ───────────────────────────────────────────────────────────────────────────────────────

    Error: [Admin API Test] Expected status 200 for /api/admin/oauth/tiktok/callback, got 400

       at helpers/api-helpers.ts:59

      57 |     const statusArray = Array.isArray(expectedStatus) ? expectedStatus : [expectedStatus];
      58 |     if (!statusArray.includes(response.status())) {
    > 59 |       throw new Error(
         |             ^
      60 |         `[${this.testName}] Expected status ${statusArray.join(' or ')} for ${endpoint}, got ${response.status()}`
      61 |       );
      62 |     }
        at APITestHelper.get (/home/tbaltzakis/cloudless.gr/e2e/helpers/api-helpers.ts:59:13)
        at /home/tbaltzakis/cloudless.gr/e2e/api/admin-api-comprehensive.spec.ts:894:26

    Error Context: test-results/api-admin-api-comprehensiv-0483a-admin-oauth-tiktok-callback-chromium-retry1/error-context.md

    attachment #2: trace (application/zip) ─────────────────────────────────────────────────────────
    test-results/api-admin-api-comprehensiv-0483a-admin-oauth-tiktok-callback-chromium-retry1/trace.zip
    Usage:

        npx playwright show-trace test-results/api-admin-api-comprehensiv-0483a-admin-oauth-tiktok-callback-chromium-retry1/trace.zip

    ────────────────────────────────────────────────────────────────────────────────────────────────

  65) [chromium] › e2e/api/admin-api-comprehensive.spec.ts:915:11 › Admin API - Comprehensive Testing › Ops Submodules (Additional) › should return data for /api/admin/ops/errors/[id] 

    Error: [Admin API Test] Expected status 200 for /api/admin/ops/errors/test-id, got 405

       at helpers/api-helpers.ts:59

      57 |     const statusArray = Array.isArray(expectedStatus) ? expectedStatus : [expectedStatus];
      58 |     if (!statusArray.includes(response.status())) {
    > 59 |       throw new Error(
         |             ^
      60 |         `[${this.testName}] Expected status ${statusArray.join(' or ')} for ${endpoint}, got ${response.status()}`
      61 |       );
      62 |     }
        at APITestHelper.get (/home/tbaltzakis/cloudless.gr/e2e/helpers/api-helpers.ts:59:13)
        at /home/tbaltzakis/cloudless.gr/e2e/api/admin-api-comprehensive.spec.ts:919:26

    Error Context: test-results/api-admin-api-comprehensiv-4819c-or-api-admin-ops-errors-id--chromium/error-context.md

    Retry #1 ───────────────────────────────────────────────────────────────────────────────────────

    Error: [Admin API Test] Expected status 200 for /api/admin/ops/errors/test-id, got 405

       at helpers/api-helpers.ts:59

      57 |     const statusArray = Array.isArray(expectedStatus) ? expectedStatus : [expectedStatus];
      58 |     if (!statusArray.includes(response.status())) {
    > 59 |       throw new Error(
         |             ^
      60 |         `[${this.testName}] Expected status ${statusArray.join(' or ')} for ${endpoint}, got ${response.status()}`
      61 |       );
      62 |     }
        at APITestHelper.get (/home/tbaltzakis/cloudless.gr/e2e/helpers/api-helpers.ts:59:13)
        at /home/tbaltzakis/cloudless.gr/e2e/api/admin-api-comprehensive.spec.ts:919:26

    Error Context: test-results/api-admin-api-comprehensiv-4819c-or-api-admin-ops-errors-id--chromium-retry1/error-context.md

    attachment #2: trace (application/zip) ─────────────────────────────────────────────────────────
    test-results/api-admin-api-comprehensiv-4819c-or-api-admin-ops-errors-id--chromium-retry1/trace.zip
    Usage:

        npx playwright show-trace test-results/api-admin-api-comprehensiv-4819c-or-api-admin-ops-errors-id--chromium-retry1/trace.zip

    ────────────────────────────────────────────────────────────────────────────────────────────────

  66) [chromium] › e2e/api/admin-api-comprehensive.spec.ts:954:11 › Admin API - Comprehensive Testing › Postiz Submodules › should return data for /api/admin/postiz/health 

    Error: [Admin API Test] Expected status 200 for /api/admin/postiz/health, got 500

       at helpers/api-helpers.ts:59

      57 |     const statusArray = Array.isArray(expectedStatus) ? expectedStatus : [expectedStatus];
      58 |     if (!statusArray.includes(response.status())) {
    > 59 |       throw new Error(
         |             ^
      60 |         `[${this.testName}] Expected status ${statusArray.join(' or ')} for ${endpoint}, got ${response.status()}`
      61 |       );
      62 |     }
        at APITestHelper.get (/home/tbaltzakis/cloudless.gr/e2e/helpers/api-helpers.ts:59:13)
        at /home/tbaltzakis/cloudless.gr/e2e/api/admin-api-comprehensive.spec.ts:961:26

    Error Context: test-results/api-admin-api-comprehensiv-4954b-for-api-admin-postiz-health-chromium/error-context.md

    Retry #1 ───────────────────────────────────────────────────────────────────────────────────────

    Error: [Admin API Test] Expected status 200 for /api/admin/postiz/health, got 500

       at helpers/api-helpers.ts:59

      57 |     const statusArray = Array.isArray(expectedStatus) ? expectedStatus : [expectedStatus];
      58 |     if (!statusArray.includes(response.status())) {
    > 59 |       throw new Error(
         |             ^
      60 |         `[${this.testName}] Expected status ${statusArray.join(' or ')} for ${endpoint}, got ${response.status()}`
      61 |       );
      62 |     }
        at APITestHelper.get (/home/tbaltzakis/cloudless.gr/e2e/helpers/api-helpers.ts:59:13)
        at /home/tbaltzakis/cloudless.gr/e2e/api/admin-api-comprehensive.spec.ts:961:26

    Error Context: test-results/api-admin-api-comprehensiv-4954b-for-api-admin-postiz-health-chromium-retry1/error-context.md

    attachment #2: trace (application/zip) ─────────────────────────────────────────────────────────
    test-results/api-admin-api-comprehensiv-4954b-for-api-admin-postiz-health-chromium-retry1/trace.zip
    Usage:

        npx playwright show-trace test-results/api-admin-api-comprehensiv-4954b-for-api-admin-postiz-health-chromium-retry1/trace.zip

    ────────────────────────────────────────────────────────────────────────────────────────────────

  67) [chromium] › e2e/api/admin-api-comprehensive.spec.ts:954:11 › Admin API - Comprehensive Testing › Postiz Submodules › should return data for /api/admin/postiz/integrations 

    Error: [Admin API Test] Expected status 200 for /api/admin/postiz/integrations, got 500

       at helpers/api-helpers.ts:59

      57 |     const statusArray = Array.isArray(expectedStatus) ? expectedStatus : [expectedStatus];
      58 |     if (!statusArray.includes(response.status())) {
    > 59 |       throw new Error(
         |             ^
      60 |         `[${this.testName}] Expected status ${statusArray.join(' or ')} for ${endpoint}, got ${response.status()}`
      61 |       );
      62 |     }
        at APITestHelper.get (/home/tbaltzakis/cloudless.gr/e2e/helpers/api-helpers.ts:59:13)
        at /home/tbaltzakis/cloudless.gr/e2e/api/admin-api-comprehensive.spec.ts:961:26

    Error Context: test-results/api-admin-api-comprehensiv-2caeb-i-admin-postiz-integrations-chromium/error-context.md

    Retry #1 ───────────────────────────────────────────────────────────────────────────────────────

    Error: [Admin API Test] Expected status 200 for /api/admin/postiz/integrations, got 500

       at helpers/api-helpers.ts:59

      57 |     const statusArray = Array.isArray(expectedStatus) ? expectedStatus : [expectedStatus];
      58 |     if (!statusArray.includes(response.status())) {
    > 59 |       throw new Error(
         |             ^
      60 |         `[${this.testName}] Expected status ${statusArray.join(' or ')} for ${endpoint}, got ${response.status()}`
      61 |       );
      62 |     }
        at APITestHelper.get (/home/tbaltzakis/cloudless.gr/e2e/helpers/api-helpers.ts:59:13)
        at /home/tbaltzakis/cloudless.gr/e2e/api/admin-api-comprehensive.spec.ts:961:26

    Error Context: test-results/api-admin-api-comprehensiv-2caeb-i-admin-postiz-integrations-chromium-retry1/error-context.md

    attachment #2: trace (application/zip) ─────────────────────────────────────────────────────────
    test-results/api-admin-api-comprehensiv-2caeb-i-admin-postiz-integrations-chromium-retry1/trace.zip
    Usage:

        npx playwright show-trace test-results/api-admin-api-comprehensiv-2caeb-i-admin-postiz-integrations-chromium-retry1/trace.zip

    ────────────────────────────────────────────────────────────────────────────────────────────────

  68) [chromium] › e2e/api/admin-api-comprehensive.spec.ts:954:11 › Admin API - Comprehensive Testing › Postiz Submodules › should return data for /api/admin/postiz/integrations/[id]/connect 

    Error: [Admin API Test] Expected status 200 for /api/admin/postiz/integrations/test-id/connect, got 500

       at helpers/api-helpers.ts:59

      57 |     const statusArray = Array.isArray(expectedStatus) ? expectedStatus : [expectedStatus];
      58 |     if (!statusArray.includes(response.status())) {
    > 59 |       throw new Error(
         |             ^
      60 |         `[${this.testName}] Expected status ${statusArray.join(' or ')} for ${endpoint}, got ${response.status()}`
      61 |       );
      62 |     }
        at APITestHelper.get (/home/tbaltzakis/cloudless.gr/e2e/helpers/api-helpers.ts:59:13)
        at /home/tbaltzakis/cloudless.gr/e2e/api/admin-api-comprehensive.spec.ts:961:26

    Error Context: test-results/api-admin-api-comprehensiv-a621e-tiz-integrations-id-connect-chromium/error-context.md

    Retry #1 ───────────────────────────────────────────────────────────────────────────────────────

    Error: [Admin API Test] Expected status 200 for /api/admin/postiz/integrations/test-id/connect, got 500

       at helpers/api-helpers.ts:59

      57 |     const statusArray = Array.isArray(expectedStatus) ? expectedStatus : [expectedStatus];
      58 |     if (!statusArray.includes(response.status())) {
    > 59 |       throw new Error(
         |             ^
      60 |         `[${this.testName}] Expected status ${statusArray.join(' or ')} for ${endpoint}, got ${response.status()}`
      61 |       );
      62 |     }
        at APITestHelper.get (/home/tbaltzakis/cloudless.gr/e2e/helpers/api-helpers.ts:59:13)
        at /home/tbaltzakis/cloudless.gr/e2e/api/admin-api-comprehensive.spec.ts:961:26

    Error Context: test-results/api-admin-api-comprehensiv-a621e-tiz-integrations-id-connect-chromium-retry1/error-context.md

    attachment #2: trace (application/zip) ─────────────────────────────────────────────────────────
    test-results/api-admin-api-comprehensiv-a621e-tiz-integrations-id-connect-chromium-retry1/trace.zip
    Usage:

        npx playwright show-trace test-results/api-admin-api-comprehensiv-a621e-tiz-integrations-id-connect-chromium-retry1/trace.zip

    ────────────────────────────────────────────────────────────────────────────────────────────────

  69) [chromium] › e2e/api/admin-api-comprehensive.spec.ts:954:11 › Admin API - Comprehensive Testing › Postiz Submodules › should return data for /api/admin/postiz/integrations/[id]/settings 

    Error: [Admin API Test] Expected status 200 for /api/admin/postiz/integrations/test-id/settings, got 500

       at helpers/api-helpers.ts:59

      57 |     const statusArray = Array.isArray(expectedStatus) ? expectedStatus : [expectedStatus];
      58 |     if (!statusArray.includes(response.status())) {
    > 59 |       throw new Error(
         |             ^
      60 |         `[${this.testName}] Expected status ${statusArray.join(' or ')} for ${endpoint}, got ${response.status()}`
      61 |       );
      62 |     }
        at APITestHelper.get (/home/tbaltzakis/cloudless.gr/e2e/helpers/api-helpers.ts:59:13)
        at /home/tbaltzakis/cloudless.gr/e2e/api/admin-api-comprehensive.spec.ts:961:26

    Error Context: test-results/api-admin-api-comprehensiv-0a30d-iz-integrations-id-settings-chromium/error-context.md

    Retry #1 ───────────────────────────────────────────────────────────────────────────────────────

    Error: [Admin API Test] Expected status 200 for /api/admin/postiz/integrations/test-id/settings, got 500

       at helpers/api-helpers.ts:59

      57 |     const statusArray = Array.isArray(expectedStatus) ? expectedStatus : [expectedStatus];
      58 |     if (!statusArray.includes(response.status())) {
    > 59 |       throw new Error(
         |             ^
      60 |         `[${this.testName}] Expected status ${statusArray.join(' or ')} for ${endpoint}, got ${response.status()}`
      61 |       );
      62 |     }
        at APITestHelper.get (/home/tbaltzakis/cloudless.gr/e2e/helpers/api-helpers.ts:59:13)
        at /home/tbaltzakis/cloudless.gr/e2e/api/admin-api-comprehensive.spec.ts:961:26

    Error Context: test-results/api-admin-api-comprehensiv-0a30d-iz-integrations-id-settings-chromium-retry1/error-context.md

    attachment #2: trace (application/zip) ─────────────────────────────────────────────────────────
    test-results/api-admin-api-comprehensiv-0a30d-iz-integrations-id-settings-chromium-retry1/trace.zip
    Usage:

        npx playwright show-trace test-results/api-admin-api-comprehensiv-0a30d-iz-integrations-id-settings-chromium-retry1/trace.zip

    ────────────────────────────────────────────────────────────────────────────────────────────────

  70) [chromium] › e2e/api/admin-api-comprehensive.spec.ts:954:11 › Admin API - Comprehensive Testing › Postiz Submodules › should return data for /api/admin/postiz/integrations/[id]/trigger 

    Error: [Admin API Test] Expected status 200 for /api/admin/postiz/integrations/test-id/trigger, got 405

       at helpers/api-helpers.ts:59

      57 |     const statusArray = Array.isArray(expectedStatus) ? expectedStatus : [expectedStatus];
      58 |     if (!statusArray.includes(response.status())) {
    > 59 |       throw new Error(
         |             ^
      60 |         `[${this.testName}] Expected status ${statusArray.join(' or ')} for ${endpoint}, got ${response.status()}`
      61 |       );
      62 |     }
        at APITestHelper.get (/home/tbaltzakis/cloudless.gr/e2e/helpers/api-helpers.ts:59:13)
        at /home/tbaltzakis/cloudless.gr/e2e/api/admin-api-comprehensive.spec.ts:961:26

    Error Context: test-results/api-admin-api-comprehensiv-84b4f-tiz-integrations-id-trigger-chromium/error-context.md

    Retry #1 ───────────────────────────────────────────────────────────────────────────────────────

    Error: [Admin API Test] Expected status 200 for /api/admin/postiz/integrations/test-id/trigger, got 405

       at helpers/api-helpers.ts:59

      57 |     const statusArray = Array.isArray(expectedStatus) ? expectedStatus : [expectedStatus];
      58 |     if (!statusArray.includes(response.status())) {
    > 59 |       throw new Error(
         |             ^
      60 |         `[${this.testName}] Expected status ${statusArray.join(' or ')} for ${endpoint}, got ${response.status()}`
      61 |       );
      62 |     }
        at APITestHelper.get (/home/tbaltzakis/cloudless.gr/e2e/helpers/api-helpers.ts:59:13)
        at /home/tbaltzakis/cloudless.gr/e2e/api/admin-api-comprehensive.spec.ts:961:26

    Error Context: test-results/api-admin-api-comprehensiv-84b4f-tiz-integrations-id-trigger-chromium-retry1/error-context.md

    attachment #2: trace (application/zip) ─────────────────────────────────────────────────────────
    test-results/api-admin-api-comprehensiv-84b4f-tiz-integrations-id-trigger-chromium-retry1/trace.zip
    Usage:

        npx playwright show-trace test-results/api-admin-api-comprehensiv-84b4f-tiz-integrations-id-trigger-chromium-retry1/trace.zip

    ────────────────────────────────────────────────────────────────────────────────────────────────

  71) [chromium] › e2e/api/admin-api-comprehensive.spec.ts:954:11 › Admin API - Comprehensive Testing › Postiz Submodules › should return data for /api/admin/postiz/is-connected 

    Error: [Admin API Test] Expected status 200 for /api/admin/postiz/is-connected, got 503

       at helpers/api-helpers.ts:59

      57 |     const statusArray = Array.isArray(expectedStatus) ? expectedStatus : [expectedStatus];
      58 |     if (!statusArray.includes(response.status())) {
    > 59 |       throw new Error(
         |             ^
      60 |         `[${this.testName}] Expected status ${statusArray.join(' or ')} for ${endpoint}, got ${response.status()}`
      61 |       );
      62 |     }
        at APITestHelper.get (/home/tbaltzakis/cloudless.gr/e2e/helpers/api-helpers.ts:59:13)
        at /home/tbaltzakis/cloudless.gr/e2e/api/admin-api-comprehensive.spec.ts:961:26

    Error Context: test-results/api-admin-api-comprehensiv-6dde9-i-admin-postiz-is-connected-chromium/error-context.md

    Retry #1 ───────────────────────────────────────────────────────────────────────────────────────

    Error: [Admin API Test] Expected status 200 for /api/admin/postiz/is-connected, got 503

       at helpers/api-helpers.ts:59

      57 |     const statusArray = Array.isArray(expectedStatus) ? expectedStatus : [expectedStatus];
      58 |     if (!statusArray.includes(response.status())) {
    > 59 |       throw new Error(
         |             ^
      60 |         `[${this.testName}] Expected status ${statusArray.join(' or ')} for ${endpoint}, got ${response.status()}`
      61 |       );
      62 |     }
        at APITestHelper.get (/home/tbaltzakis/cloudless.gr/e2e/helpers/api-helpers.ts:59:13)
        at /home/tbaltzakis/cloudless.gr/e2e/api/admin-api-comprehensive.spec.ts:961:26

    Error Context: test-results/api-admin-api-comprehensiv-6dde9-i-admin-postiz-is-connected-chromium-retry1/error-context.md

    attachment #2: trace (application/zip) ─────────────────────────────────────────────────────────
    test-results/api-admin-api-comprehensiv-6dde9-i-admin-postiz-is-connected-chromium-retry1/trace.zip
    Usage:

        npx playwright show-trace test-results/api-admin-api-comprehensiv-6dde9-i-admin-postiz-is-connected-chromium-retry1/trace.zip

    ────────────────────────────────────────────────────────────────────────────────────────────────

  72) [chromium] › e2e/api/admin-api-comprehensive.spec.ts:954:11 › Admin API - Comprehensive Testing › Postiz Submodules › should return data for /api/admin/postiz/posts 

    Error: [Admin API Test] Expected status 200 for /api/admin/postiz/posts, got 500

       at helpers/api-helpers.ts:59

      57 |     const statusArray = Array.isArray(expectedStatus) ? expectedStatus : [expectedStatus];
      58 |     if (!statusArray.includes(response.status())) {
    > 59 |       throw new Error(
         |             ^
      60 |         `[${this.testName}] Expected status ${statusArray.join(' or ')} for ${endpoint}, got ${response.status()}`
      61 |       );
      62 |     }
        at APITestHelper.get (/home/tbaltzakis/cloudless.gr/e2e/helpers/api-helpers.ts:59:13)
        at /home/tbaltzakis/cloudless.gr/e2e/api/admin-api-comprehensive.spec.ts:961:26

    Error Context: test-results/api-admin-api-comprehensiv-a5117--for-api-admin-postiz-posts-chromium/error-context.md

    Retry #1 ───────────────────────────────────────────────────────────────────────────────────────

    Error: [Admin API Test] Expected status 200 for /api/admin/postiz/posts, got 500

       at helpers/api-helpers.ts:59

      57 |     const statusArray = Array.isArray(expectedStatus) ? expectedStatus : [expectedStatus];
      58 |     if (!statusArray.includes(response.status())) {
    > 59 |       throw new Error(
         |             ^
      60 |         `[${this.testName}] Expected status ${statusArray.join(' or ')} for ${endpoint}, got ${response.status()}`
      61 |       );
      62 |     }
        at APITestHelper.get (/home/tbaltzakis/cloudless.gr/e2e/helpers/api-helpers.ts:59:13)
        at /home/tbaltzakis/cloudless.gr/e2e/api/admin-api-comprehensive.spec.ts:961:26

    Error Context: test-results/api-admin-api-comprehensiv-a5117--for-api-admin-postiz-posts-chromium-retry1/error-context.md

    attachment #2: trace (application/zip) ─────────────────────────────────────────────────────────
    test-results/api-admin-api-comprehensiv-a5117--for-api-admin-postiz-posts-chromium-retry1/trace.zip
    Usage:

        npx playwright show-trace test-results/api-admin-api-comprehensiv-a5117--for-api-admin-postiz-posts-chromium-retry1/trace.zip

    ────────────────────────────────────────────────────────────────────────────────────────────────

  73) [chromium] › e2e/api/admin-api-comprehensive.spec.ts:954:11 › Admin API - Comprehensive Testing › Postiz Submodules › should return data for /api/admin/postiz/posts/[id] 

    Error: [Admin API Test] Expected status 200 for /api/admin/postiz/posts/test-id, got 405

       at helpers/api-helpers.ts:59

      57 |     const statusArray = Array.isArray(expectedStatus) ? expectedStatus : [expectedStatus];
      58 |     if (!statusArray.includes(response.status())) {
    > 59 |       throw new Error(
         |             ^
      60 |         `[${this.testName}] Expected status ${statusArray.join(' or ')} for ${endpoint}, got ${response.status()}`
      61 |       );
      62 |     }
        at APITestHelper.get (/home/tbaltzakis/cloudless.gr/e2e/helpers/api-helpers.ts:59:13)
        at /home/tbaltzakis/cloudless.gr/e2e/api/admin-api-comprehensive.spec.ts:961:26

    Error Context: test-results/api-admin-api-comprehensiv-d835f--api-admin-postiz-posts-id--chromium/error-context.md

    Retry #1 ───────────────────────────────────────────────────────────────────────────────────────

    Error: [Admin API Test] Expected status 200 for /api/admin/postiz/posts/test-id, got 405

       at helpers/api-helpers.ts:59

      57 |     const statusArray = Array.isArray(expectedStatus) ? expectedStatus : [expectedStatus];
      58 |     if (!statusArray.includes(response.status())) {
    > 59 |       throw new Error(
         |             ^
      60 |         `[${this.testName}] Expected status ${statusArray.join(' or ')} for ${endpoint}, got ${response.status()}`
      61 |       );
      62 |     }
        at APITestHelper.get (/home/tbaltzakis/cloudless.gr/e2e/helpers/api-helpers.ts:59:13)
        at /home/tbaltzakis/cloudless.gr/e2e/api/admin-api-comprehensive.spec.ts:961:26

    Error Context: test-results/api-admin-api-comprehensiv-d835f--api-admin-postiz-posts-id--chromium-retry1/error-context.md

    attachment #2: trace (application/zip) ─────────────────────────────────────────────────────────
    test-results/api-admin-api-comprehensiv-d835f--api-admin-postiz-posts-id--chromium-retry1/trace.zip
    Usage:

        npx playwright show-trace test-results/api-admin-api-comprehensiv-d835f--api-admin-postiz-posts-id--chromium-retry1/trace.zip

    ────────────────────────────────────────────────────────────────────────────────────────────────

  74) [chromium] › e2e/api/admin-api-comprehensive.spec.ts:954:11 › Admin API - Comprehensive Testing › Postiz Submodules › should return data for /api/admin/postiz/posts/[id]/release-id 

    Error: [Admin API Test] Expected status 200 for /api/admin/postiz/posts/test-id/release-id, got 405

       at helpers/api-helpers.ts:59

      57 |     const statusArray = Array.isArray(expectedStatus) ? expectedStatus : [expectedStatus];
      58 |     if (!statusArray.includes(response.status())) {
    > 59 |       throw new Error(
         |             ^
      60 |         `[${this.testName}] Expected status ${statusArray.join(' or ')} for ${endpoint}, got ${response.status()}`
      61 |       );
      62 |     }
        at APITestHelper.get (/home/tbaltzakis/cloudless.gr/e2e/helpers/api-helpers.ts:59:13)
        at /home/tbaltzakis/cloudless.gr/e2e/api/admin-api-comprehensive.spec.ts:961:26

    Error Context: test-results/api-admin-api-comprehensiv-02a71--postiz-posts-id-release-id-chromium/error-context.md

    Retry #1 ───────────────────────────────────────────────────────────────────────────────────────

    Error: [Admin API Test] Expected status 200 for /api/admin/postiz/posts/test-id/release-id, got 405

       at helpers/api-helpers.ts:59

      57 |     const statusArray = Array.isArray(expectedStatus) ? expectedStatus : [expectedStatus];
      58 |     if (!statusArray.includes(response.status())) {
    > 59 |       throw new Error(
         |             ^
      60 |         `[${this.testName}] Expected status ${statusArray.join(' or ')} for ${endpoint}, got ${response.status()}`
      61 |       );
      62 |     }
        at APITestHelper.get (/home/tbaltzakis/cloudless.gr/e2e/helpers/api-helpers.ts:59:13)
        at /home/tbaltzakis/cloudless.gr/e2e/api/admin-api-comprehensive.spec.ts:961:26

    Error Context: test-results/api-admin-api-comprehensiv-02a71--postiz-posts-id-release-id-chromium-retry1/error-context.md

    attachment #2: trace (application/zip) ─────────────────────────────────────────────────────────
    test-results/api-admin-api-comprehensiv-02a71--postiz-posts-id-release-id-chromium-retry1/trace.zip
    Usage:

        npx playwright show-trace test-results/api-admin-api-comprehensiv-02a71--postiz-posts-id-release-id-chromium-retry1/trace.zip

    ────────────────────────────────────────────────────────────────────────────────────────────────

  75) [chromium] › e2e/api/admin-api-comprehensive.spec.ts:954:11 › Admin API - Comprehensive Testing › Postiz Submodules › should return data for /api/admin/postiz/posts/[id]/status 

    Error: [Admin API Test] Expected status 200 for /api/admin/postiz/posts/test-id/status, got 405

       at helpers/api-helpers.ts:59

      57 |     const statusArray = Array.isArray(expectedStatus) ? expectedStatus : [expectedStatus];
      58 |     if (!statusArray.includes(response.status())) {
    > 59 |       throw new Error(
         |             ^
      60 |         `[${this.testName}] Expected status ${statusArray.join(' or ')} for ${endpoint}, got ${response.status()}`
      61 |       );
      62 |     }
        at APITestHelper.get (/home/tbaltzakis/cloudless.gr/e2e/helpers/api-helpers.ts:59:13)
        at /home/tbaltzakis/cloudless.gr/e2e/api/admin-api-comprehensive.spec.ts:961:26

    Error Context: test-results/api-admin-api-comprehensiv-adf99-dmin-postiz-posts-id-status-chromium/error-context.md

    Retry #1 ───────────────────────────────────────────────────────────────────────────────────────

    Error: [Admin API Test] Expected status 200 for /api/admin/postiz/posts/test-id/status, got 405

       at helpers/api-helpers.ts:59

      57 |     const statusArray = Array.isArray(expectedStatus) ? expectedStatus : [expectedStatus];
      58 |     if (!statusArray.includes(response.status())) {
    > 59 |       throw new Error(
         |             ^
      60 |         `[${this.testName}] Expected status ${statusArray.join(' or ')} for ${endpoint}, got ${response.status()}`
      61 |       );
      62 |     }
        at APITestHelper.get (/home/tbaltzakis/cloudless.gr/e2e/helpers/api-helpers.ts:59:13)
        at /home/tbaltzakis/cloudless.gr/e2e/api/admin-api-comprehensive.spec.ts:961:26

    Error Context: test-results/api-admin-api-comprehensiv-adf99-dmin-postiz-posts-id-status-chromium-retry1/error-context.md

    attachment #2: trace (application/zip) ─────────────────────────────────────────────────────────
    test-results/api-admin-api-comprehensiv-adf99-dmin-postiz-posts-id-status-chromium-retry1/trace.zip
    Usage:

        npx playwright show-trace test-results/api-admin-api-comprehensiv-adf99-dmin-postiz-posts-id-status-chromium-retry1/trace.zip

    ────────────────────────────────────────────────────────────────────────────────────────────────

  76) [chromium] › e2e/api/admin-api-comprehensive.spec.ts:954:11 › Admin API - Comprehensive Testing › Postiz Submodules › should return data for /api/admin/postiz/posts/group/[id] 

    Error: [Admin API Test] Expected status 200 for /api/admin/postiz/posts/group/test-id, got 405

       at helpers/api-helpers.ts:59

      57 |     const statusArray = Array.isArray(expectedStatus) ? expectedStatus : [expectedStatus];
      58 |     if (!statusArray.includes(response.status())) {
    > 59 |       throw new Error(
         |             ^
      60 |         `[${this.testName}] Expected status ${statusArray.join(' or ')} for ${endpoint}, got ${response.status()}`
      61 |       );
      62 |     }
        at APITestHelper.get (/home/tbaltzakis/cloudless.gr/e2e/helpers/api-helpers.ts:59:13)
        at /home/tbaltzakis/cloudless.gr/e2e/api/admin-api-comprehensive.spec.ts:961:26

    Error Context: test-results/api-admin-api-comprehensiv-e2c55-dmin-postiz-posts-group-id--chromium/error-context.md

    Retry #1 ───────────────────────────────────────────────────────────────────────────────────────

    Error: [Admin API Test] Expected status 200 for /api/admin/postiz/posts/group/test-id, got 405

       at helpers/api-helpers.ts:59

      57 |     const statusArray = Array.isArray(expectedStatus) ? expectedStatus : [expectedStatus];
      58 |     if (!statusArray.includes(response.status())) {
    > 59 |       throw new Error(
         |             ^
      60 |         `[${this.testName}] Expected status ${statusArray.join(' or ')} for ${endpoint}, got ${response.status()}`
      61 |       );
      62 |     }
        at APITestHelper.get (/home/tbaltzakis/cloudless.gr/e2e/helpers/api-helpers.ts:59:13)
        at /home/tbaltzakis/cloudless.gr/e2e/api/admin-api-comprehensive.spec.ts:961:26

    Error Context: test-results/api-admin-api-comprehensiv-e2c55-dmin-postiz-posts-group-id--chromium-retry1/error-context.md

    attachment #2: trace (application/zip) ─────────────────────────────────────────────────────────
    test-results/api-admin-api-comprehensiv-e2c55-dmin-postiz-posts-group-id--chromium-retry1/trace.zip
    Usage:

        npx playwright show-trace test-results/api-admin-api-comprehensiv-e2c55-dmin-postiz-posts-group-id--chromium-retry1/trace.zip

    ────────────────────────────────────────────────────────────────────────────────────────────────

  77) [chromium] › e2e/api/admin-api-comprehensive.spec.ts:954:11 › Admin API - Comprehensive Testing › Postiz Submodules › should return data for /api/admin/postiz/slot 

    Error: [Admin API Test] Expected status 200 for /api/admin/postiz/slot, got 400

       at helpers/api-helpers.ts:59

      57 |     const statusArray = Array.isArray(expectedStatus) ? expectedStatus : [expectedStatus];
      58 |     if (!statusArray.includes(response.status())) {
    > 59 |       throw new Error(
         |             ^
      60 |         `[${this.testName}] Expected status ${statusArray.join(' or ')} for ${endpoint}, got ${response.status()}`
      61 |       );
      62 |     }
        at APITestHelper.get (/home/tbaltzakis/cloudless.gr/e2e/helpers/api-helpers.ts:59:13)
        at /home/tbaltzakis/cloudless.gr/e2e/api/admin-api-comprehensive.spec.ts:961:26

    Error Context: test-results/api-admin-api-comprehensiv-be34c-a-for-api-admin-postiz-slot-chromium/error-context.md

    Retry #1 ───────────────────────────────────────────────────────────────────────────────────────

    Error: [Admin API Test] Expected status 200 for /api/admin/postiz/slot, got 400

       at helpers/api-helpers.ts:59

      57 |     const statusArray = Array.isArray(expectedStatus) ? expectedStatus : [expectedStatus];
      58 |     if (!statusArray.includes(response.status())) {
    > 59 |       throw new Error(
         |             ^
      60 |         `[${this.testName}] Expected status ${statusArray.join(' or ')} for ${endpoint}, got ${response.status()}`
      61 |       );
      62 |     }
        at APITestHelper.get (/home/tbaltzakis/cloudless.gr/e2e/helpers/api-helpers.ts:59:13)
        at /home/tbaltzakis/cloudless.gr/e2e/api/admin-api-comprehensive.spec.ts:961:26

    Error Context: test-results/api-admin-api-comprehensiv-be34c-a-for-api-admin-postiz-slot-chromium-retry1/error-context.md

    attachment #2: trace (application/zip) ─────────────────────────────────────────────────────────
    test-results/api-admin-api-comprehensiv-be34c-a-for-api-admin-postiz-slot-chromium-retry1/trace.zip
    Usage:

        npx playwright show-trace test-results/api-admin-api-comprehensiv-be34c-a-for-api-admin-postiz-slot-chromium-retry1/trace.zip

    ────────────────────────────────────────────────────────────────────────────────────────────────

  78) [chromium] › e2e/api/admin-api-comprehensive.spec.ts:954:11 › Admin API - Comprehensive Testing › Postiz Submodules › should return data for /api/admin/postiz/upload 

    Error: [Admin API Test] Expected status 200 for /api/admin/postiz/upload, got 405

       at helpers/api-helpers.ts:59

      57 |     const statusArray = Array.isArray(expectedStatus) ? expectedStatus : [expectedStatus];
      58 |     if (!statusArray.includes(response.status())) {
    > 59 |       throw new Error(
         |             ^
      60 |         `[${this.testName}] Expected status ${statusArray.join(' or ')} for ${endpoint}, got ${response.status()}`
      61 |       );
      62 |     }
        at APITestHelper.get (/home/tbaltzakis/cloudless.gr/e2e/helpers/api-helpers.ts:59:13)
        at /home/tbaltzakis/cloudless.gr/e2e/api/admin-api-comprehensive.spec.ts:961:26

    Error Context: test-results/api-admin-api-comprehensiv-4e42b-for-api-admin-postiz-upload-chromium/error-context.md

    Retry #1 ───────────────────────────────────────────────────────────────────────────────────────

    Error: [Admin API Test] Expected status 200 for /api/admin/postiz/upload, got 405

       at helpers/api-helpers.ts:59

      57 |     const statusArray = Array.isArray(expectedStatus) ? expectedStatus : [expectedStatus];
      58 |     if (!statusArray.includes(response.status())) {
    > 59 |       throw new Error(
         |             ^
      60 |         `[${this.testName}] Expected status ${statusArray.join(' or ')} for ${endpoint}, got ${response.status()}`
      61 |       );
      62 |     }
        at APITestHelper.get (/home/tbaltzakis/cloudless.gr/e2e/helpers/api-helpers.ts:59:13)
        at /home/tbaltzakis/cloudless.gr/e2e/api/admin-api-comprehensive.spec.ts:961:26

    Error Context: test-results/api-admin-api-comprehensiv-4e42b-for-api-admin-postiz-upload-chromium-retry1/error-context.md

    attachment #2: trace (application/zip) ─────────────────────────────────────────────────────────
    test-results/api-admin-api-comprehensiv-4e42b-for-api-admin-postiz-upload-chromium-retry1/trace.zip
    Usage:

        npx playwright show-trace test-results/api-admin-api-comprehensiv-4e42b-for-api-admin-postiz-upload-chromium-retry1/trace.zip

    ────────────────────────────────────────────────────────────────────────────────────────────────

  79) [chromium] › e2e/api/admin-api-comprehensive.spec.ts:954:11 › Admin API - Comprehensive Testing › Postiz Submodules › should return data for /api/admin/postiz/upload-file 

    Error: [Admin API Test] Expected status 200 for /api/admin/postiz/upload-file, got 405

       at helpers/api-helpers.ts:59

      57 |     const statusArray = Array.isArray(expectedStatus) ? expectedStatus : [expectedStatus];
      58 |     if (!statusArray.includes(response.status())) {
    > 59 |       throw new Error(
         |             ^
      60 |         `[${this.testName}] Expected status ${statusArray.join(' or ')} for ${endpoint}, got ${response.status()}`
      61 |       );
      62 |     }
        at APITestHelper.get (/home/tbaltzakis/cloudless.gr/e2e/helpers/api-helpers.ts:59:13)
        at /home/tbaltzakis/cloudless.gr/e2e/api/admin-api-comprehensive.spec.ts:961:26

    Error Context: test-results/api-admin-api-comprehensiv-961d2-pi-admin-postiz-upload-file-chromium/error-context.md

    Retry #1 ───────────────────────────────────────────────────────────────────────────────────────

    Error: [Admin API Test] Expected status 200 for /api/admin/postiz/upload-file, got 405

       at helpers/api-helpers.ts:59

      57 |     const statusArray = Array.isArray(expectedStatus) ? expectedStatus : [expectedStatus];
      58 |     if (!statusArray.includes(response.status())) {
    > 59 |       throw new Error(
         |             ^
      60 |         `[${this.testName}] Expected status ${statusArray.join(' or ')} for ${endpoint}, got ${response.status()}`
      61 |       );
      62 |     }
        at APITestHelper.get (/home/tbaltzakis/cloudless.gr/e2e/helpers/api-helpers.ts:59:13)
        at /home/tbaltzakis/cloudless.gr/e2e/api/admin-api-comprehensive.spec.ts:961:26

    Error Context: test-results/api-admin-api-comprehensiv-961d2-pi-admin-postiz-upload-file-chromium-retry1/error-context.md

    attachment #2: trace (application/zip) ─────────────────────────────────────────────────────────
    test-results/api-admin-api-comprehensiv-961d2-pi-admin-postiz-upload-file-chromium-retry1/trace.zip
    Usage:

        npx playwright show-trace test-results/api-admin-api-comprehensiv-961d2-pi-admin-postiz-upload-file-chromium-retry1/trace.zip

    ────────────────────────────────────────────────────────────────────────────────────────────────

  80) [chromium] › e2e/api/admin-api-comprehensive.spec.ts:985:11 › Admin API - Comprehensive Testing › Reports Submodules › should return data for /api/admin/reports/[id] 

    Error: [Admin API Test] Expected status 200 for /api/admin/reports/test-id, got 404

       at helpers/api-helpers.ts:59

      57 |     const statusArray = Array.isArray(expectedStatus) ? expectedStatus : [expectedStatus];
      58 |     if (!statusArray.includes(response.status())) {
    > 59 |       throw new Error(
         |             ^
      60 |         `[${this.testName}] Expected status ${statusArray.join(' or ')} for ${endpoint}, got ${response.status()}`
      61 |       );
      62 |     }
        at APITestHelper.get (/home/tbaltzakis/cloudless.gr/e2e/helpers/api-helpers.ts:59:13)
        at /home/tbaltzakis/cloudless.gr/e2e/api/admin-api-comprehensive.spec.ts:992:26

    Error Context: test-results/api-admin-api-comprehensiv-8a935-a-for-api-admin-reports-id--chromium/error-context.md

    Retry #1 ───────────────────────────────────────────────────────────────────────────────────────

    Error: [Admin API Test] Expected status 200 for /api/admin/reports/test-id, got 404

       at helpers/api-helpers.ts:59

      57 |     const statusArray = Array.isArray(expectedStatus) ? expectedStatus : [expectedStatus];
      58 |     if (!statusArray.includes(response.status())) {
    > 59 |       throw new Error(
         |             ^
      60 |         `[${this.testName}] Expected status ${statusArray.join(' or ')} for ${endpoint}, got ${response.status()}`
      61 |       );
      62 |     }
        at APITestHelper.get (/home/tbaltzakis/cloudless.gr/e2e/helpers/api-helpers.ts:59:13)
        at /home/tbaltzakis/cloudless.gr/e2e/api/admin-api-comprehensive.spec.ts:992:26

    Error Context: test-results/api-admin-api-comprehensiv-8a935-a-for-api-admin-reports-id--chromium-retry1/error-context.md

    attachment #2: trace (application/zip) ─────────────────────────────────────────────────────────
    test-results/api-admin-api-comprehensiv-8a935-a-for-api-admin-reports-id--chromium-retry1/trace.zip
    Usage:

        npx playwright show-trace test-results/api-admin-api-comprehensiv-8a935-a-for-api-admin-reports-id--chromium-retry1/trace.zip

    ────────────────────────────────────────────────────────────────────────────────────────────────

  81) [chromium] › e2e/api/admin-api-comprehensive.spec.ts:985:11 › Admin API - Comprehensive Testing › Reports Submodules › should return data for /api/admin/reports/[id]/pdf 

    Error: [Admin API Test] Expected status 200 for /api/admin/reports/test-id/pdf, got 404

       at helpers/api-helpers.ts:59

      57 |     const statusArray = Array.isArray(expectedStatus) ? expectedStatus : [expectedStatus];
      58 |     if (!statusArray.includes(response.status())) {
    > 59 |       throw new Error(
         |             ^
      60 |         `[${this.testName}] Expected status ${statusArray.join(' or ')} for ${endpoint}, got ${response.status()}`
      61 |       );
      62 |     }
        at APITestHelper.get (/home/tbaltzakis/cloudless.gr/e2e/helpers/api-helpers.ts:59:13)
        at /home/tbaltzakis/cloudless.gr/e2e/api/admin-api-comprehensive.spec.ts:992:26

    Error Context: test-results/api-admin-api-comprehensiv-d5370-or-api-admin-reports-id-pdf-chromium/error-context.md

    Retry #1 ───────────────────────────────────────────────────────────────────────────────────────

    Error: [Admin API Test] Expected status 200 for /api/admin/reports/test-id/pdf, got 404

       at helpers/api-helpers.ts:59

      57 |     const statusArray = Array.isArray(expectedStatus) ? expectedStatus : [expectedStatus];
      58 |     if (!statusArray.includes(response.status())) {
    > 59 |       throw new Error(
         |             ^
      60 |         `[${this.testName}] Expected status ${statusArray.join(' or ')} for ${endpoint}, got ${response.status()}`
      61 |       );
      62 |     }
        at APITestHelper.get (/home/tbaltzakis/cloudless.gr/e2e/helpers/api-helpers.ts:59:13)
        at /home/tbaltzakis/cloudless.gr/e2e/api/admin-api-comprehensive.spec.ts:992:26

    Error Context: test-results/api-admin-api-comprehensiv-d5370-or-api-admin-reports-id-pdf-chromium-retry1/error-context.md

    attachment #2: trace (application/zip) ─────────────────────────────────────────────────────────
    test-results/api-admin-api-comprehensiv-d5370-or-api-admin-reports-id-pdf-chromium-retry1/trace.zip
    Usage:

        npx playwright show-trace test-results/api-admin-api-comprehensiv-d5370-or-api-admin-reports-id-pdf-chromium-retry1/trace.zip

    ────────────────────────────────────────────────────────────────────────────────────────────────

  82) [chromium] › e2e/api/admin-api-comprehensive.spec.ts:985:11 › Admin API - Comprehensive Testing › Reports Submodules › should return data for /api/admin/reports/generate 

    Error: [Admin API Test] Expected status 200 for /api/admin/reports/generate, got 405

       at helpers/api-helpers.ts:59

      57 |     const statusArray = Array.isArray(expectedStatus) ? expectedStatus : [expectedStatus];
      58 |     if (!statusArray.includes(response.status())) {
    > 59 |       throw new Error(
         |             ^
      60 |         `[${this.testName}] Expected status ${statusArray.join(' or ')} for ${endpoint}, got ${response.status()}`
      61 |       );
      62 |     }
        at APITestHelper.get (/home/tbaltzakis/cloudless.gr/e2e/helpers/api-helpers.ts:59:13)
        at /home/tbaltzakis/cloudless.gr/e2e/api/admin-api-comprehensive.spec.ts:992:26

    Error Context: test-results/api-admin-api-comprehensiv-5e0f4--api-admin-reports-generate-chromium/error-context.md

    Retry #1 ───────────────────────────────────────────────────────────────────────────────────────

    Error: [Admin API Test] Expected status 200 for /api/admin/reports/generate, got 405

       at helpers/api-helpers.ts:59

      57 |     const statusArray = Array.isArray(expectedStatus) ? expectedStatus : [expectedStatus];
      58 |     if (!statusArray.includes(response.status())) {
    > 59 |       throw new Error(
         |             ^
      60 |         `[${this.testName}] Expected status ${statusArray.join(' or ')} for ${endpoint}, got ${response.status()}`
      61 |       );
      62 |     }
        at APITestHelper.get (/home/tbaltzakis/cloudless.gr/e2e/helpers/api-helpers.ts:59:13)
        at /home/tbaltzakis/cloudless.gr/e2e/api/admin-api-comprehensive.spec.ts:992:26

    Error Context: test-results/api-admin-api-comprehensiv-5e0f4--api-admin-reports-generate-chromium-retry1/error-context.md

    attachment #2: trace (application/zip) ─────────────────────────────────────────────────────────
    test-results/api-admin-api-comprehensiv-5e0f4--api-admin-reports-generate-chromium-retry1/trace.zip
    Usage:

        npx playwright show-trace test-results/api-admin-api-comprehensiv-5e0f4--api-admin-reports-generate-chromium-retry1/trace.zip

    ────────────────────────────────────────────────────────────────────────────────────────────────

  83) [chromium] › e2e/api/admin-api-comprehensive.spec.ts:1013:11 › Admin API - Comprehensive Testing › Search Submodules › should return data for /api/admin/search/reindex 

    Error: [Admin API Test] Expected status 200 for /api/admin/search/reindex, got 405

       at helpers/api-helpers.ts:59

      57 |     const statusArray = Array.isArray(expectedStatus) ? expectedStatus : [expectedStatus];
      58 |     if (!statusArray.includes(response.status())) {
    > 59 |       throw new Error(
         |             ^
      60 |         `[${this.testName}] Expected status ${statusArray.join(' or ')} for ${endpoint}, got ${response.status()}`
      61 |       );
      62 |     }
        at APITestHelper.get (/home/tbaltzakis/cloudless.gr/e2e/helpers/api-helpers.ts:59:13)
        at /home/tbaltzakis/cloudless.gr/e2e/api/admin-api-comprehensive.spec.ts:1014:26

    Error Context: test-results/api-admin-api-comprehensiv-5b8c4-or-api-admin-search-reindex-chromium/error-context.md

    Retry #1 ───────────────────────────────────────────────────────────────────────────────────────

    Error: [Admin API Test] Expected status 200 for /api/admin/search/reindex, got 405

       at helpers/api-helpers.ts:59

      57 |     const statusArray = Array.isArray(expectedStatus) ? expectedStatus : [expectedStatus];
      58 |     if (!statusArray.includes(response.status())) {
    > 59 |       throw new Error(
         |             ^
      60 |         `[${this.testName}] Expected status ${statusArray.join(' or ')} for ${endpoint}, got ${response.status()}`
      61 |       );
      62 |     }
        at APITestHelper.get (/home/tbaltzakis/cloudless.gr/e2e/helpers/api-helpers.ts:59:13)
        at /home/tbaltzakis/cloudless.gr/e2e/api/admin-api-comprehensive.spec.ts:1014:26

    Error Context: test-results/api-admin-api-comprehensiv-5b8c4-or-api-admin-search-reindex-chromium-retry1/error-context.md

    attachment #2: trace (application/zip) ─────────────────────────────────────────────────────────
    test-results/api-admin-api-comprehensiv-5b8c4-or-api-admin-search-reindex-chromium-retry1/trace.zip
    Usage:

        npx playwright show-trace test-results/api-admin-api-comprehensiv-5b8c4-or-api-admin-search-reindex-chromium-retry1/trace.zip

    ────────────────────────────────────────────────────────────────────────────────────────────────

  84) [chromium] › e2e/api/public-api-comprehensive.spec.ts:46:9 › Public API - Comprehensive Testing › Blog Endpoints › should return single blog post 

    Error: [Public API Test] Expected status 200 for /api/blog/posts/serverless-security-iam-roles-permissions, got 404

       at helpers/api-helpers.ts:59

      57 |     const statusArray = Array.isArray(expectedStatus) ? expectedStatus : [expectedStatus];
      58 |     if (!statusArray.includes(response.status())) {
    > 59 |       throw new Error(
         |             ^
      60 |         `[${this.testName}] Expected status ${statusArray.join(' or ')} for ${endpoint}, got ${response.status()}`
      61 |       );
      62 |     }
        at APITestHelper.get (/home/tbaltzakis/cloudless.gr/e2e/helpers/api-helpers.ts:59:13)
        at /home/tbaltzakis/cloudless.gr/e2e/api/public-api-comprehensive.spec.ts:64:24

    Error Context: test-results/api-public-api-comprehensi-891dd-uld-return-single-blog-post-chromium/error-context.md

    Retry #1 ───────────────────────────────────────────────────────────────────────────────────────

    Error: [Public API Test] Expected status 200 for /api/blog/posts/serverless-security-iam-roles-permissions, got 404

       at helpers/api-helpers.ts:59

      57 |     const statusArray = Array.isArray(expectedStatus) ? expectedStatus : [expectedStatus];
      58 |     if (!statusArray.includes(response.status())) {
    > 59 |       throw new Error(
         |             ^
      60 |         `[${this.testName}] Expected status ${statusArray.join(' or ')} for ${endpoint}, got ${response.status()}`
      61 |       );
      62 |     }
        at APITestHelper.get (/home/tbaltzakis/cloudless.gr/e2e/helpers/api-helpers.ts:59:13)
        at /home/tbaltzakis/cloudless.gr/e2e/api/public-api-comprehensive.spec.ts:64:24

    Error Context: test-results/api-public-api-comprehensi-891dd-uld-return-single-blog-post-chromium-retry1/error-context.md

    attachment #2: trace (application/zip) ─────────────────────────────────────────────────────────
    test-results/api-public-api-comprehensi-891dd-uld-return-single-blog-post-chromium-retry1/trace.zip
    Usage:

        npx playwright show-trace test-results/api-public-api-comprehensi-891dd-uld-return-single-blog-post-chromium-retry1/trace.zip

    ────────────────────────────────────────────────────────────────────────────────────────────────

  85) [chromium] › e2e/api/public-api-comprehensive.spec.ts:74:9 › Public API - Comprehensive Testing › Blog Endpoints › should return blog categories 

    Error: [Public API Test] Expected status 200 for /api/blog/categories, got 404

       at helpers/api-helpers.ts:59

      57 |     const statusArray = Array.isArray(expectedStatus) ? expectedStatus : [expectedStatus];
      58 |     if (!statusArray.includes(response.status())) {
    > 59 |       throw new Error(
         |             ^
      60 |         `[${this.testName}] Expected status ${statusArray.join(' or ')} for ${endpoint}, got ${response.status()}`
      61 |       );
      62 |     }
        at APITestHelper.get (/home/tbaltzakis/cloudless.gr/e2e/helpers/api-helpers.ts:59:13)
        at /home/tbaltzakis/cloudless.gr/e2e/api/public-api-comprehensive.spec.ts:75:24

    Error Context: test-results/api-public-api-comprehensi-0d46c-ould-return-blog-categories-chromium/error-context.md

    Retry #1 ───────────────────────────────────────────────────────────────────────────────────────

    Error: [Public API Test] Expected status 200 for /api/blog/categories, got 404

       at helpers/api-helpers.ts:59

      57 |     const statusArray = Array.isArray(expectedStatus) ? expectedStatus : [expectedStatus];
      58 |     if (!statusArray.includes(response.status())) {
    > 59 |       throw new Error(
         |             ^
      60 |         `[${this.testName}] Expected status ${statusArray.join(' or ')} for ${endpoint}, got ${response.status()}`
      61 |       );
      62 |     }
        at APITestHelper.get (/home/tbaltzakis/cloudless.gr/e2e/helpers/api-helpers.ts:59:13)
        at /home/tbaltzakis/cloudless.gr/e2e/api/public-api-comprehensive.spec.ts:75:24

    Error Context: test-results/api-public-api-comprehensi-0d46c-ould-return-blog-categories-chromium-retry1/error-context.md

    attachment #2: trace (application/zip) ─────────────────────────────────────────────────────────
    test-results/api-public-api-comprehensi-0d46c-ould-return-blog-categories-chromium-retry1/trace.zip
    Usage:

        npx playwright show-trace test-results/api-public-api-comprehensi-0d46c-ould-return-blog-categories-chromium-retry1/trace.zip

    ────────────────────────────────────────────────────────────────────────────────────────────────

  86) [chromium] › e2e/api/public-api-comprehensive.spec.ts:85:9 › Public API - Comprehensive Testing › Blog Endpoints › should return blog tags 

    Error: [Public API Test] Expected status 200 for /api/blog/tags, got 404

       at helpers/api-helpers.ts:59

      57 |     const statusArray = Array.isArray(expectedStatus) ? expectedStatus : [expectedStatus];
      58 |     if (!statusArray.includes(response.status())) {
    > 59 |       throw new Error(
         |             ^
      60 |         `[${this.testName}] Expected status ${statusArray.join(' or ')} for ${endpoint}, got ${response.status()}`
      61 |       );
      62 |     }
        at APITestHelper.get (/home/tbaltzakis/cloudless.gr/e2e/helpers/api-helpers.ts:59:13)
        at /home/tbaltzakis/cloudless.gr/e2e/api/public-api-comprehensive.spec.ts:86:24

    Error Context: test-results/api-public-api-comprehensi-c995c-nts-should-return-blog-tags-chromium/error-context.md

    Retry #1 ───────────────────────────────────────────────────────────────────────────────────────

    Error: [Public API Test] Expected status 200 for /api/blog/tags, got 404

       at helpers/api-helpers.ts:59

      57 |     const statusArray = Array.isArray(expectedStatus) ? expectedStatus : [expectedStatus];
      58 |     if (!statusArray.includes(response.status())) {
    > 59 |       throw new Error(
         |             ^
      60 |         `[${this.testName}] Expected status ${statusArray.join(' or ')} for ${endpoint}, got ${response.status()}`
      61 |       );
      62 |     }
        at APITestHelper.get (/home/tbaltzakis/cloudless.gr/e2e/helpers/api-helpers.ts:59:13)
        at /home/tbaltzakis/cloudless.gr/e2e/api/public-api-comprehensive.spec.ts:86:24

    Error Context: test-results/api-public-api-comprehensi-c995c-nts-should-return-blog-tags-chromium-retry1/error-context.md

    attachment #2: trace (application/zip) ─────────────────────────────────────────────────────────
    test-results/api-public-api-comprehensi-c995c-nts-should-return-blog-tags-chromium-retry1/trace.zip
    Usage:

        npx playwright show-trace test-results/api-public-api-comprehensi-c995c-nts-should-return-blog-tags-chromium-retry1/trace.zip

    ────────────────────────────────────────────────────────────────────────────────────────────────

  87) [chromium] › e2e/api/public-api-comprehensive.spec.ts:110:9 › Public API - Comprehensive Testing › Calendar Endpoints › should return calendar events 

    Error: [Public API Test] Expected status 200 for /api/calendar/events, got 404

       at helpers/api-helpers.ts:59

      57 |     const statusArray = Array.isArray(expectedStatus) ? expectedStatus : [expectedStatus];
      58 |     if (!statusArray.includes(response.status())) {
    > 59 |       throw new Error(
         |             ^
      60 |         `[${this.testName}] Expected status ${statusArray.join(' or ')} for ${endpoint}, got ${response.status()}`
      61 |       );
      62 |     }
        at APITestHelper.get (/home/tbaltzakis/cloudless.gr/e2e/helpers/api-helpers.ts:59:13)
        at /home/tbaltzakis/cloudless.gr/e2e/api/public-api-comprehensive.spec.ts:111:24

    Error Context: test-results/api-public-api-comprehensi-e17f4-ould-return-calendar-events-chromium/error-context.md

    Retry #1 ───────────────────────────────────────────────────────────────────────────────────────

    Error: [Public API Test] Expected status 200 for /api/calendar/events, got 404

       at helpers/api-helpers.ts:59

      57 |     const statusArray = Array.isArray(expectedStatus) ? expectedStatus : [expectedStatus];
      58 |     if (!statusArray.includes(response.status())) {
    > 59 |       throw new Error(
         |             ^
      60 |         `[${this.testName}] Expected status ${statusArray.join(' or ')} for ${endpoint}, got ${response.status()}`
      61 |       );
      62 |     }
        at APITestHelper.get (/home/tbaltzakis/cloudless.gr/e2e/helpers/api-helpers.ts:59:13)
        at /home/tbaltzakis/cloudless.gr/e2e/api/public-api-comprehensive.spec.ts:111:24

    Error Context: test-results/api-public-api-comprehensi-e17f4-ould-return-calendar-events-chromium-retry1/error-context.md

    attachment #2: trace (application/zip) ─────────────────────────────────────────────────────────
    test-results/api-public-api-comprehensi-e17f4-ould-return-calendar-events-chromium-retry1/trace.zip
    Usage:

        npx playwright show-trace test-results/api-public-api-comprehensi-e17f4-ould-return-calendar-events-chromium-retry1/trace.zip

    ────────────────────────────────────────────────────────────────────────────────────────────────

  88) [chromium] › e2e/api/public-api-comprehensive.spec.ts:135:9 › Public API - Comprehensive Testing › Case Studies Endpoints › should return single case study 

    Error: [Public API Test] Expected status 200 for /api/case-studies/36b7d82c-410a-8121-9f48-f8ff7c7861d3, got 502

       at helpers/api-helpers.ts:59

      57 |     const statusArray = Array.isArray(expectedStatus) ? expectedStatus : [expectedStatus];
      58 |     if (!statusArray.includes(response.status())) {
    > 59 |       throw new Error(
         |             ^
      60 |         `[${this.testName}] Expected status ${statusArray.join(' or ')} for ${endpoint}, got ${response.status()}`
      61 |       );
      62 |     }
        at APITestHelper.get (/home/tbaltzakis/cloudless.gr/e2e/helpers/api-helpers.ts:59:13)
        at /home/tbaltzakis/cloudless.gr/e2e/api/public-api-comprehensive.spec.ts:153:24

    Error Context: test-results/api-public-api-comprehensi-6c4b8-ld-return-single-case-study-chromium/error-context.md

    Retry #1 ───────────────────────────────────────────────────────────────────────────────────────

    Error: [Public API Test] Expected status 200 for /api/case-studies/36b7d82c-410a-8121-9f48-f8ff7c7861d3, got 502

       at helpers/api-helpers.ts:59

      57 |     const statusArray = Array.isArray(expectedStatus) ? expectedStatus : [expectedStatus];
      58 |     if (!statusArray.includes(response.status())) {
    > 59 |       throw new Error(
         |             ^
      60 |         `[${this.testName}] Expected status ${statusArray.join(' or ')} for ${endpoint}, got ${response.status()}`
      61 |       );
      62 |     }
        at APITestHelper.get (/home/tbaltzakis/cloudless.gr/e2e/helpers/api-helpers.ts:59:13)
        at /home/tbaltzakis/cloudless.gr/e2e/api/public-api-comprehensive.spec.ts:153:24

    Error Context: test-results/api-public-api-comprehensi-6c4b8-ld-return-single-case-study-chromium-retry1/error-context.md

    attachment #2: trace (application/zip) ─────────────────────────────────────────────────────────
    test-results/api-public-api-comprehensi-6c4b8-ld-return-single-case-study-chromium-retry1/trace.zip
    Usage:

        npx playwright show-trace test-results/api-public-api-comprehensi-6c4b8-ld-return-single-case-study-chromium-retry1/trace.zip

    ────────────────────────────────────────────────────────────────────────────────────────────────

  89) [chromium] › e2e/api/public-api-comprehensive.spec.ts:221:9 › Public API - Comprehensive Testing › Documentation Endpoints › should return single documentation page 

    Error: [Public API Test] Expected status 200 for /api/docs/test-doc, got 404

       at helpers/api-helpers.ts:59

      57 |     const statusArray = Array.isArray(expectedStatus) ? expectedStatus : [expectedStatus];
      58 |     if (!statusArray.includes(response.status())) {
    > 59 |       throw new Error(
         |             ^
      60 |         `[${this.testName}] Expected status ${statusArray.join(' or ')} for ${endpoint}, got ${response.status()}`
      61 |       );
      62 |     }
        at APITestHelper.get (/home/tbaltzakis/cloudless.gr/e2e/helpers/api-helpers.ts:59:13)
        at /home/tbaltzakis/cloudless.gr/e2e/api/public-api-comprehensive.spec.ts:239:24

    Error Context: test-results/api-public-api-comprehensi-25221-n-single-documentation-page-chromium/error-context.md

    Retry #1 ───────────────────────────────────────────────────────────────────────────────────────

    Error: [Public API Test] Expected status 200 for /api/docs/test-doc, got 404

       at helpers/api-helpers.ts:59

      57 |     const statusArray = Array.isArray(expectedStatus) ? expectedStatus : [expectedStatus];
      58 |     if (!statusArray.includes(response.status())) {
    > 59 |       throw new Error(
         |             ^
      60 |         `[${this.testName}] Expected status ${statusArray.join(' or ')} for ${endpoint}, got ${response.status()}`
      61 |       );
      62 |     }
        at APITestHelper.get (/home/tbaltzakis/cloudless.gr/e2e/helpers/api-helpers.ts:59:13)
        at /home/tbaltzakis/cloudless.gr/e2e/api/public-api-comprehensive.spec.ts:239:24

    Error Context: test-results/api-public-api-comprehensi-25221-n-single-documentation-page-chromium-retry1/error-context.md

    attachment #2: trace (application/zip) ─────────────────────────────────────────────────────────
    test-results/api-public-api-comprehensi-25221-n-single-documentation-page-chromium-retry1/trace.zip
    Usage:

        npx playwright show-trace test-results/api-public-api-comprehensi-25221-n-single-documentation-page-chromium-retry1/trace.zip

    ────────────────────────────────────────────────────────────────────────────────────────────────

  90) [chromium] › e2e/api/public-api-comprehensive.spec.ts:306:9 › Public API - Comprehensive Testing › Health Endpoint (Detailed) › should return detailed health information 

    Error: [Public API Test] Expected status 200 for /api/health/detailed, got 404

       at helpers/api-helpers.ts:59

      57 |     const statusArray = Array.isArray(expectedStatus) ? expectedStatus : [expectedStatus];
      58 |     if (!statusArray.includes(response.status())) {
    > 59 |       throw new Error(
         |             ^
      60 |         `[${this.testName}] Expected status ${statusArray.join(' or ')} for ${endpoint}, got ${response.status()}`
      61 |       );
      62 |     }
        at APITestHelper.get (/home/tbaltzakis/cloudless.gr/e2e/helpers/api-helpers.ts:59:13)
        at /home/tbaltzakis/cloudless.gr/e2e/api/public-api-comprehensive.spec.ts:307:24

    Error Context: test-results/api-public-api-comprehensi-777e9-detailed-health-information-chromium/error-context.md

    Retry #1 ───────────────────────────────────────────────────────────────────────────────────────

    Error: [Public API Test] Expected status 200 for /api/health/detailed, got 404

       at helpers/api-helpers.ts:59

      57 |     const statusArray = Array.isArray(expectedStatus) ? expectedStatus : [expectedStatus];
      58 |     if (!statusArray.includes(response.status())) {
    > 59 |       throw new Error(
         |             ^
      60 |         `[${this.testName}] Expected status ${statusArray.join(' or ')} for ${endpoint}, got ${response.status()}`
      61 |       );
      62 |     }
        at APITestHelper.get (/home/tbaltzakis/cloudless.gr/e2e/helpers/api-helpers.ts:59:13)
        at /home/tbaltzakis/cloudless.gr/e2e/api/public-api-comprehensive.spec.ts:307:24

    Error Context: test-results/api-public-api-comprehensi-777e9-detailed-health-information-chromium-retry1/error-context.md

    attachment #2: trace (application/zip) ─────────────────────────────────────────────────────────
    test-results/api-public-api-comprehensi-777e9-detailed-health-information-chromium-retry1/trace.zip
    Usage:

        npx playwright show-trace test-results/api-public-api-comprehensi-777e9-detailed-health-information-chromium-retry1/trace.zip

    ────────────────────────────────────────────────────────────────────────────────────────────────

  91) [chromium] › e2e/api/public-api-comprehensive.spec.ts:349:9 › Public API - Comprehensive Testing › Services Endpoints › should return single service 

    Error: [Public API Test] Expected status 200 for /api/services/test-service, got 404

       at helpers/api-helpers.ts:59

      57 |     const statusArray = Array.isArray(expectedStatus) ? expectedStatus : [expectedStatus];
      58 |     if (!statusArray.includes(response.status())) {
    > 59 |       throw new Error(
         |             ^
      60 |         `[${this.testName}] Expected status ${statusArray.join(' or ')} for ${endpoint}, got ${response.status()}`
      61 |       );
      62 |     }
        at APITestHelper.get (/home/tbaltzakis/cloudless.gr/e2e/helpers/api-helpers.ts:59:13)
        at /home/tbaltzakis/cloudless.gr/e2e/api/public-api-comprehensive.spec.ts:367:24

    Error Context: test-results/api-public-api-comprehensi-58407-hould-return-single-service-chromium/error-context.md

    Retry #1 ───────────────────────────────────────────────────────────────────────────────────────

    Error: [Public API Test] Expected status 200 for /api/services/test-service, got 404

       at helpers/api-helpers.ts:59

      57 |     const statusArray = Array.isArray(expectedStatus) ? expectedStatus : [expectedStatus];
      58 |     if (!statusArray.includes(response.status())) {
    > 59 |       throw new Error(
         |             ^
      60 |         `[${this.testName}] Expected status ${statusArray.join(' or ')} for ${endpoint}, got ${response.status()}`
      61 |       );
      62 |     }
        at APITestHelper.get (/home/tbaltzakis/cloudless.gr/e2e/helpers/api-helpers.ts:59:13)
        at /home/tbaltzakis/cloudless.gr/e2e/api/public-api-comprehensive.spec.ts:367:24

    Error Context: test-results/api-public-api-comprehensi-58407-hould-return-single-service-chromium-retry1/error-context.md

    attachment #2: trace (application/zip) ─────────────────────────────────────────────────────────
    test-results/api-public-api-comprehensi-58407-hould-return-single-service-chromium-retry1/trace.zip
    Usage:

        npx playwright show-trace test-results/api-public-api-comprehensi-58407-hould-return-single-service-chromium-retry1/trace.zip

    ────────────────────────────────────────────────────────────────────────────────────────────────

  92) [chromium] › e2e/api/public-api-comprehensive.spec.ts:377:9 › Public API - Comprehensive Testing › Services Endpoints › should return service categories 

    Error: [Public API Test] Expected status 200 for /api/services/categories, got 404

       at helpers/api-helpers.ts:59

      57 |     const statusArray = Array.isArray(expectedStatus) ? expectedStatus : [expectedStatus];
      58 |     if (!statusArray.includes(response.status())) {
    > 59 |       throw new Error(
         |             ^
      60 |         `[${this.testName}] Expected status ${statusArray.join(' or ')} for ${endpoint}, got ${response.status()}`
      61 |       );
      62 |     }
        at APITestHelper.get (/home/tbaltzakis/cloudless.gr/e2e/helpers/api-helpers.ts:59:13)
        at /home/tbaltzakis/cloudless.gr/e2e/api/public-api-comprehensive.spec.ts:378:24

    Error Context: test-results/api-public-api-comprehensi-4f1b2-d-return-service-categories-chromium/error-context.md

    Retry #1 ───────────────────────────────────────────────────────────────────────────────────────

    Error: [Public API Test] Expected status 200 for /api/services/categories, got 404

       at helpers/api-helpers.ts:59

      57 |     const statusArray = Array.isArray(expectedStatus) ? expectedStatus : [expectedStatus];
      58 |     if (!statusArray.includes(response.status())) {
    > 59 |       throw new Error(
         |             ^
      60 |         `[${this.testName}] Expected status ${statusArray.join(' or ')} for ${endpoint}, got ${response.status()}`
      61 |       );
      62 |     }
        at APITestHelper.get (/home/tbaltzakis/cloudless.gr/e2e/helpers/api-helpers.ts:59:13)
        at /home/tbaltzakis/cloudless.gr/e2e/api/public-api-comprehensive.spec.ts:378:24

    Error Context: test-results/api-public-api-comprehensi-4f1b2-d-return-service-categories-chromium-retry1/error-context.md

    attachment #2: trace (application/zip) ─────────────────────────────────────────────────────────
    test-results/api-public-api-comprehensi-4f1b2-d-return-service-categories-chromium-retry1/trace.zip
    Usage:

        npx playwright show-trace test-results/api-public-api-comprehensi-4f1b2-d-return-service-categories-chromium-retry1/trace.zip

    ────────────────────────────────────────────────────────────────────────────────────────────────

  93) [chromium] › e2e/api/public-api-comprehensive.spec.ts:402:9 › Public API - Comprehensive Testing › Testimonials Endpoints › should return single testimonial 

    Error: [Public API Test] Expected status 200 for /api/testimonials/36b7d82c-410a-81cc-8537-e703a86ef58b, got 404

       at helpers/api-helpers.ts:59

      57 |     const statusArray = Array.isArray(expectedStatus) ? expectedStatus : [expectedStatus];
      58 |     if (!statusArray.includes(response.status())) {
    > 59 |       throw new Error(
         |             ^
      60 |         `[${this.testName}] Expected status ${statusArray.join(' or ')} for ${endpoint}, got ${response.status()}`
      61 |       );
      62 |     }
        at APITestHelper.get (/home/tbaltzakis/cloudless.gr/e2e/helpers/api-helpers.ts:59:13)
        at /home/tbaltzakis/cloudless.gr/e2e/api/public-api-comprehensive.spec.ts:420:24

    Error Context: test-results/api-public-api-comprehensi-79624-d-return-single-testimonial-chromium/error-context.md

    Retry #1 ───────────────────────────────────────────────────────────────────────────────────────

    Error: [Public API Test] Expected status 200 for /api/testimonials/36b7d82c-410a-81cc-8537-e703a86ef58b, got 404

       at helpers/api-helpers.ts:59

      57 |     const statusArray = Array.isArray(expectedStatus) ? expectedStatus : [expectedStatus];
      58 |     if (!statusArray.includes(response.status())) {
    > 59 |       throw new Error(
         |             ^
      60 |         `[${this.testName}] Expected status ${statusArray.join(' or ')} for ${endpoint}, got ${response.status()}`
      61 |       );
      62 |     }
        at APITestHelper.get (/home/tbaltzakis/cloudless.gr/e2e/helpers/api-helpers.ts:59:13)
        at /home/tbaltzakis/cloudless.gr/e2e/api/public-api-comprehensive.spec.ts:420:24

    Error Context: test-results/api-public-api-comprehensi-79624-d-return-single-testimonial-chromium-retry1/error-context.md

    attachment #2: trace (application/zip) ─────────────────────────────────────────────────────────
    test-results/api-public-api-comprehensi-79624-d-return-single-testimonial-chromium-retry1/trace.zip
    Usage:

        npx playwright show-trace test-results/api-public-api-comprehensi-79624-d-return-single-testimonial-chromium-retry1/trace.zip

    ────────────────────────────────────────────────────────────────────────────────────────────────

  94) [chromium] › e2e/api/public-api-comprehensive.spec.ts:433:9 › Public API - Comprehensive Testing › Careers Endpoints › should return job listings 

    Error: [Public API Test] Expected status 200 for /api/jobs, got 404

       at helpers/api-helpers.ts:59

      57 |     const statusArray = Array.isArray(expectedStatus) ? expectedStatus : [expectedStatus];
      58 |     if (!statusArray.includes(response.status())) {
    > 59 |       throw new Error(
         |             ^
      60 |         `[${this.testName}] Expected status ${statusArray.join(' or ')} for ${endpoint}, got ${response.status()}`
      61 |       );
      62 |     }
        at APITestHelper.get (/home/tbaltzakis/cloudless.gr/e2e/helpers/api-helpers.ts:59:13)
        at /home/tbaltzakis/cloudless.gr/e2e/api/public-api-comprehensive.spec.ts:434:24

    Error Context: test-results/api-public-api-comprehensi-0ed08--should-return-job-listings-chromium/error-context.md

    Retry #1 ───────────────────────────────────────────────────────────────────────────────────────

    Error: [Public API Test] Expected status 200 for /api/jobs, got 404

       at helpers/api-helpers.ts:59

      57 |     const statusArray = Array.isArray(expectedStatus) ? expectedStatus : [expectedStatus];
      58 |     if (!statusArray.includes(response.status())) {
    > 59 |       throw new Error(
         |             ^
      60 |         `[${this.testName}] Expected status ${statusArray.join(' or ')} for ${endpoint}, got ${response.status()}`
      61 |       );
      62 |     }
        at APITestHelper.get (/home/tbaltzakis/cloudless.gr/e2e/helpers/api-helpers.ts:59:13)
        at /home/tbaltzakis/cloudless.gr/e2e/api/public-api-comprehensive.spec.ts:434:24

    Error Context: test-results/api-public-api-comprehensi-0ed08--should-return-job-listings-chromium-retry1/error-context.md

    attachment #2: trace (application/zip) ─────────────────────────────────────────────────────────
    test-results/api-public-api-comprehensi-0ed08--should-return-job-listings-chromium-retry1/trace.zip
    Usage:

        npx playwright show-trace test-results/api-public-api-comprehensi-0ed08--should-return-job-listings-chromium-retry1/trace.zip

    ────────────────────────────────────────────────────────────────────────────────────────────────

  95) [chromium] › e2e/api/public-api-comprehensive.spec.ts:444:9 › Public API - Comprehensive Testing › Careers Endpoints › should return single job listing 

    Error: [Public API Test] Expected status 200 for /api/jobs, got 404

       at helpers/api-helpers.ts:59

      57 |     const statusArray = Array.isArray(expectedStatus) ? expectedStatus : [expectedStatus];
      58 |     if (!statusArray.includes(response.status())) {
    > 59 |       throw new Error(
         |             ^
      60 |         `[${this.testName}] Expected status ${statusArray.join(' or ')} for ${endpoint}, got ${response.status()}`
      61 |       );
      62 |     }
        at APITestHelper.get (/home/tbaltzakis/cloudless.gr/e2e/helpers/api-helpers.ts:59:13)
        at /home/tbaltzakis/cloudless.gr/e2e/api/public-api-comprehensive.spec.ts:446:28

    Error Context: test-results/api-public-api-comprehensi-91885-d-return-single-job-listing-chromium/error-context.md

    Retry #1 ───────────────────────────────────────────────────────────────────────────────────────

    Error: [Public API Test] Expected status 200 for /api/jobs, got 404

       at helpers/api-helpers.ts:59

      57 |     const statusArray = Array.isArray(expectedStatus) ? expectedStatus : [expectedStatus];
      58 |     if (!statusArray.includes(response.status())) {
    > 59 |       throw new Error(
         |             ^
      60 |         `[${this.testName}] Expected status ${statusArray.join(' or ')} for ${endpoint}, got ${response.status()}`
      61 |       );
      62 |     }
        at APITestHelper.get (/home/tbaltzakis/cloudless.gr/e2e/helpers/api-helpers.ts:59:13)
        at /home/tbaltzakis/cloudless.gr/e2e/api/public-api-comprehensive.spec.ts:446:28

    Error Context: test-results/api-public-api-comprehensi-91885-d-return-single-job-listing-chromium-retry1/error-context.md

    attachment #2: trace (application/zip) ─────────────────────────────────────────────────────────
    test-results/api-public-api-comprehensi-91885-d-return-single-job-listing-chromium-retry1/trace.zip
    Usage:

        npx playwright show-trace test-results/api-public-api-comprehensi-91885-d-return-single-job-listing-chromium-retry1/trace.zip

    ────────────────────────────────────────────────────────────────────────────────────────────────

  96) [chromium] › e2e/api/public-api-comprehensive.spec.ts:472:9 › Public API - Comprehensive Testing › Careers Endpoints › should accept job application 

    Error: [Public API Test] Expected status 200 for /api/jobs, got 404

       at helpers/api-helpers.ts:59

      57 |     const statusArray = Array.isArray(expectedStatus) ? expectedStatus : [expectedStatus];
      58 |     if (!statusArray.includes(response.status())) {
    > 59 |       throw new Error(
         |             ^
      60 |         `[${this.testName}] Expected status ${statusArray.join(' or ')} for ${endpoint}, got ${response.status()}`
      61 |       );
      62 |     }
        at APITestHelper.get (/home/tbaltzakis/cloudless.gr/e2e/helpers/api-helpers.ts:59:13)
        at /home/tbaltzakis/cloudless.gr/e2e/api/public-api-comprehensive.spec.ts:475:28

    Error Context: test-results/api-public-api-comprehensi-c9816-ould-accept-job-application-chromium/error-context.md

    Retry #1 ───────────────────────────────────────────────────────────────────────────────────────

    Error: [Public API Test] Expected status 200 for /api/jobs, got 404

       at helpers/api-helpers.ts:59

      57 |     const statusArray = Array.isArray(expectedStatus) ? expectedStatus : [expectedStatus];
      58 |     if (!statusArray.includes(response.status())) {
    > 59 |       throw new Error(
         |             ^
      60 |         `[${this.testName}] Expected status ${statusArray.join(' or ')} for ${endpoint}, got ${response.status()}`
      61 |       );
      62 |     }
        at APITestHelper.get (/home/tbaltzakis/cloudless.gr/e2e/helpers/api-helpers.ts:59:13)
        at /home/tbaltzakis/cloudless.gr/e2e/api/public-api-comprehensive.spec.ts:475:28

    Error Context: test-results/api-public-api-comprehensi-c9816-ould-accept-job-application-chromium-retry1/error-context.md

    attachment #2: trace (application/zip) ─────────────────────────────────────────────────────────
    test-results/api-public-api-comprehensi-c9816-ould-accept-job-application-chromium-retry1/trace.zip
    Usage:

        npx playwright show-trace test-results/api-public-api-comprehensi-c9816-ould-accept-job-application-chromium-retry1/trace.zip

    ────────────────────────────────────────────────────────────────────────────────────────────────

  97) [chromium] › e2e/api/public-api-comprehensive.spec.ts:508:9 › Public API - Comprehensive Testing › Newsletter Endpoints › should accept newsletter subscription 

    Error: [Public API Test] Expected status 200 or 201 or 400 or 409 for /api/newsletter/subscribe, got 404

       at helpers/api-helpers.ts:123

      121 |     const statusArray = Array.isArray(expectedStatus) ? expectedStatus : [expectedStatus];
      122 |     if (!statusArray.includes(response.status())) {
    > 123 |       throw new Error(
          |             ^
      124 |         `[${this.testName}] Expected status ${statusArray.join(' or ')} for ${endpoint}, got ${response.status()}`
      125 |       );
      126 |     }
        at APITestHelper.post (/home/tbaltzakis/cloudless.gr/e2e/helpers/api-helpers.ts:123:13)
        at /home/tbaltzakis/cloudless.gr/e2e/api/public-api-comprehensive.spec.ts:515:24

    Error Context: test-results/api-public-api-comprehensi-0dd3f-ept-newsletter-subscription-chromium/error-context.md

    Retry #1 ───────────────────────────────────────────────────────────────────────────────────────

    Error: [Public API Test] Expected status 200 or 201 or 400 or 409 for /api/newsletter/subscribe, got 404

       at helpers/api-helpers.ts:123

      121 |     const statusArray = Array.isArray(expectedStatus) ? expectedStatus : [expectedStatus];
      122 |     if (!statusArray.includes(response.status())) {
    > 123 |       throw new Error(
          |             ^
      124 |         `[${this.testName}] Expected status ${statusArray.join(' or ')} for ${endpoint}, got ${response.status()}`
      125 |       );
      126 |     }
        at APITestHelper.post (/home/tbaltzakis/cloudless.gr/e2e/helpers/api-helpers.ts:123:13)
        at /home/tbaltzakis/cloudless.gr/e2e/api/public-api-comprehensive.spec.ts:515:24

    Error Context: test-results/api-public-api-comprehensi-0dd3f-ept-newsletter-subscription-chromium-retry1/error-context.md

    attachment #2: trace (application/zip) ─────────────────────────────────────────────────────────
    test-results/api-public-api-comprehensi-0dd3f-ept-newsletter-subscription-chromium-retry1/trace.zip
    Usage:

        npx playwright show-trace test-results/api-public-api-comprehensi-0dd3f-ept-newsletter-subscription-chromium-retry1/trace.zip

    ────────────────────────────────────────────────────────────────────────────────────────────────

  98) [chromium] › e2e/api/public-api-comprehensive.spec.ts:522:9 › Public API - Comprehensive Testing › Newsletter Endpoints › should validate newsletter subscription data 

    Error: [Public API Test] Expected status 400 or 422 for /api/newsletter/subscribe, got 404

       at helpers/api-helpers.ts:123

      121 |     const statusArray = Array.isArray(expectedStatus) ? expectedStatus : [expectedStatus];
      122 |     if (!statusArray.includes(response.status())) {
    > 123 |       throw new Error(
          |             ^
      124 |         `[${this.testName}] Expected status ${statusArray.join(' or ')} for ${endpoint}, got ${response.status()}`
      125 |       );
      126 |     }
        at APITestHelper.post (/home/tbaltzakis/cloudless.gr/e2e/helpers/api-helpers.ts:123:13)
        at /home/tbaltzakis/cloudless.gr/e2e/api/public-api-comprehensive.spec.ts:529:24

    Error Context: test-results/api-public-api-comprehensi-39f70-ewsletter-subscription-data-chromium/error-context.md

    Retry #1 ───────────────────────────────────────────────────────────────────────────────────────

    Error: [Public API Test] Expected status 400 or 422 for /api/newsletter/subscribe, got 404

       at helpers/api-helpers.ts:123

      121 |     const statusArray = Array.isArray(expectedStatus) ? expectedStatus : [expectedStatus];
      122 |     if (!statusArray.includes(response.status())) {
    > 123 |       throw new Error(
          |             ^
      124 |         `[${this.testName}] Expected status ${statusArray.join(' or ')} for ${endpoint}, got ${response.status()}`
      125 |       );
      126 |     }
        at APITestHelper.post (/home/tbaltzakis/cloudless.gr/e2e/helpers/api-helpers.ts:123:13)
        at /home/tbaltzakis/cloudless.gr/e2e/api/public-api-comprehensive.spec.ts:529:24

    Error Context: test-results/api-public-api-comprehensi-39f70-ewsletter-subscription-data-chromium-retry1/error-context.md

    attachment #2: trace (application/zip) ─────────────────────────────────────────────────────────
    test-results/api-public-api-comprehensi-39f70-ewsletter-subscription-data-chromium-retry1/trace.zip
    Usage:

        npx playwright show-trace test-results/api-public-api-comprehensi-39f70-ewsletter-subscription-data-chromium-retry1/trace.zip

    ────────────────────────────────────────────────────────────────────────────────────────────────

  99) [chromium] › e2e/api/public-api-comprehensive.spec.ts:542:9 › Public API - Comprehensive Testing › Newsletter Endpoints › should allow newsletter unsubscription 

    Error: [Public API Test] Expected status 200 or 201 or 400 or 409 for /api/newsletter/subscribe, got 404

       at helpers/api-helpers.ts:123

      121 |     const statusArray = Array.isArray(expectedStatus) ? expectedStatus : [expectedStatus];
      122 |     if (!statusArray.includes(response.status())) {
    > 123 |       throw new Error(
          |             ^
      124 |         `[${this.testName}] Expected status ${statusArray.join(' or ')} for ${endpoint}, got ${response.status()}`
      125 |       );
      126 |     }
        at APITestHelper.post (/home/tbaltzakis/cloudless.gr/e2e/helpers/api-helpers.ts:123:13)
        at /home/tbaltzakis/cloudless.gr/e2e/api/public-api-comprehensive.spec.ts:549:7

    Error Context: test-results/api-public-api-comprehensi-27882-w-newsletter-unsubscription-chromium/error-context.md

    Retry #1 ───────────────────────────────────────────────────────────────────────────────────────

    Error: [Public API Test] Expected status 200 or 201 or 400 or 409 for /api/newsletter/subscribe, got 404

       at helpers/api-helpers.ts:123

      121 |     const statusArray = Array.isArray(expectedStatus) ? expectedStatus : [expectedStatus];
      122 |     if (!statusArray.includes(response.status())) {
    > 123 |       throw new Error(
          |             ^
      124 |         `[${this.testName}] Expected status ${statusArray.join(' or ')} for ${endpoint}, got ${response.status()}`
      125 |       );
      126 |     }
        at APITestHelper.post (/home/tbaltzakis/cloudless.gr/e2e/helpers/api-helpers.ts:123:13)
        at /home/tbaltzakis/cloudless.gr/e2e/api/public-api-comprehensive.spec.ts:549:7

    Error Context: test-results/api-public-api-comprehensi-27882-w-newsletter-unsubscription-chromium-retry1/error-context.md

    attachment #2: trace (application/zip) ─────────────────────────────────────────────────────────
    test-results/api-public-api-comprehensi-27882-w-newsletter-unsubscription-chromium-retry1/trace.zip
    Usage:

        npx playwright show-trace test-results/api-public-api-comprehensi-27882-w-newsletter-unsubscription-chromium-retry1/trace.zip

    ────────────────────────────────────────────────────────────────────────────────────────────────

  100) [chromium] › e2e/api/public-api-comprehensive.spec.ts:583:9 › Public API - Comprehensive Testing › Search Endpoints › should return search suggestions 

    Error: [Public API Test] Expected status 200 for /api/search/suggest, got 404

       at helpers/api-helpers.ts:59

      57 |     const statusArray = Array.isArray(expectedStatus) ? expectedStatus : [expectedStatus];
      58 |     if (!statusArray.includes(response.status())) {
    > 59 |       throw new Error(
         |             ^
      60 |         `[${this.testName}] Expected status ${statusArray.join(' or ')} for ${endpoint}, got ${response.status()}`
      61 |       );
      62 |     }
        at APITestHelper.get (/home/tbaltzakis/cloudless.gr/e2e/helpers/api-helpers.ts:59:13)
        at /home/tbaltzakis/cloudless.gr/e2e/api/public-api-comprehensive.spec.ts:584:24

    Error Context: test-results/api-public-api-comprehensi-00054-d-return-search-suggestions-chromium/error-context.md

    Retry #1 ───────────────────────────────────────────────────────────────────────────────────────

    Error: [Public API Test] Expected status 200 for /api/search/suggest, got 404

       at helpers/api-helpers.ts:59

      57 |     const statusArray = Array.isArray(expectedStatus) ? expectedStatus : [expectedStatus];
      58 |     if (!statusArray.includes(response.status())) {
    > 59 |       throw new Error(
         |             ^
      60 |         `[${this.testName}] Expected status ${statusArray.join(' or ')} for ${endpoint}, got ${response.status()}`
      61 |       );
      62 |     }
        at APITestHelper.get (/home/tbaltzakis/cloudless.gr/e2e/helpers/api-helpers.ts:59:13)
        at /home/tbaltzakis/cloudless.gr/e2e/api/public-api-comprehensive.spec.ts:584:24

    Error Context: test-results/api-public-api-comprehensi-00054-d-return-search-suggestions-chromium-retry1/error-context.md

    attachment #2: trace (application/zip) ─────────────────────────────────────────────────────────
    test-results/api-public-api-comprehensi-00054-d-return-search-suggestions-chromium-retry1/trace.zip
    Usage:

        npx playwright show-trace test-results/api-public-api-comprehensi-00054-d-return-search-suggestions-chromium-retry1/trace.zip

    ────────────────────────────────────────────────────────────────────────────────────────────────

  101) [chromium] › e2e/api/public-api-comprehensive.spec.ts:602:9 › Public API - Comprehensive Testing › Sitemap Endpoint › should return XML sitemap 

    Error: [Public API Test] Expected status 200 for /api/sitemap.xml, got 404

       at helpers/api-helpers.ts:59

      57 |     const statusArray = Array.isArray(expectedStatus) ? expectedStatus : [expectedStatus];
      58 |     if (!statusArray.includes(response.status())) {
    > 59 |       throw new Error(
         |             ^
      60 |         `[${this.testName}] Expected status ${statusArray.join(' or ')} for ${endpoint}, got ${response.status()}`
      61 |       );
      62 |     }
        at APITestHelper.get (/home/tbaltzakis/cloudless.gr/e2e/helpers/api-helpers.ts:59:13)
        at /home/tbaltzakis/cloudless.gr/e2e/api/public-api-comprehensive.spec.ts:603:24

    Error Context: test-results/api-public-api-comprehensi-97ffa-t-should-return-XML-sitemap-chromium/error-context.md

    Retry #1 ───────────────────────────────────────────────────────────────────────────────────────

    Error: [Public API Test] Expected status 200 for /api/sitemap.xml, got 404

       at helpers/api-helpers.ts:59

      57 |     const statusArray = Array.isArray(expectedStatus) ? expectedStatus : [expectedStatus];
      58 |     if (!statusArray.includes(response.status())) {
    > 59 |       throw new Error(
         |             ^
      60 |         `[${this.testName}] Expected status ${statusArray.join(' or ')} for ${endpoint}, got ${response.status()}`
      61 |       );
      62 |     }
        at APITestHelper.get (/home/tbaltzakis/cloudless.gr/e2e/helpers/api-helpers.ts:59:13)
        at /home/tbaltzakis/cloudless.gr/e2e/api/public-api-comprehensive.spec.ts:603:24

    Error Context: test-results/api-public-api-comprehensi-97ffa-t-should-return-XML-sitemap-chromium-retry1/error-context.md

    attachment #2: trace (application/zip) ─────────────────────────────────────────────────────────
    test-results/api-public-api-comprehensi-97ffa-t-should-return-XML-sitemap-chromium-retry1/trace.zip
    Usage:

        npx playwright show-trace test-results/api-public-api-comprehensi-97ffa-t-should-return-XML-sitemap-chromium-retry1/trace.zip

    ────────────────────────────────────────────────────────────────────────────────────────────────

  102) [chromium] › e2e/api/public-api-comprehensive.spec.ts:618:9 › Public API - Comprehensive Testing › Robots.txt Endpoint › should return robots.txt 

    Error: [Public API Test] Expected status 200 for /api/robots.txt, got 404

       at helpers/api-helpers.ts:59

      57 |     const statusArray = Array.isArray(expectedStatus) ? expectedStatus : [expectedStatus];
      58 |     if (!statusArray.includes(response.status())) {
    > 59 |       throw new Error(
         |             ^
      60 |         `[${this.testName}] Expected status ${statusArray.join(' or ')} for ${endpoint}, got ${response.status()}`
      61 |       );
      62 |     }
        at APITestHelper.get (/home/tbaltzakis/cloudless.gr/e2e/helpers/api-helpers.ts:59:13)
        at /home/tbaltzakis/cloudless.gr/e2e/api/public-api-comprehensive.spec.ts:619:24

    Error Context: test-results/api-public-api-comprehensi-ac922-nt-should-return-robots-txt-chromium/error-context.md

    Retry #1 ───────────────────────────────────────────────────────────────────────────────────────

    Error: [Public API Test] Expected status 200 for /api/robots.txt, got 404

       at helpers/api-helpers.ts:59

      57 |     const statusArray = Array.isArray(expectedStatus) ? expectedStatus : [expectedStatus];
      58 |     if (!statusArray.includes(response.status())) {
    > 59 |       throw new Error(
         |             ^
      60 |         `[${this.testName}] Expected status ${statusArray.join(' or ')} for ${endpoint}, got ${response.status()}`
      61 |       );
      62 |     }
        at APITestHelper.get (/home/tbaltzakis/cloudless.gr/e2e/helpers/api-helpers.ts:59:13)
        at /home/tbaltzakis/cloudless.gr/e2e/api/public-api-comprehensive.spec.ts:619:24

    Error Context: test-results/api-public-api-comprehensi-ac922-nt-should-return-robots-txt-chromium-retry1/error-context.md

    attachment #2: trace (application/zip) ─────────────────────────────────────────────────────────
    test-results/api-public-api-comprehensi-ac922-nt-should-return-robots-txt-chromium-retry1/trace.zip
    Usage:

        npx playwright show-trace test-results/api-public-api-comprehensi-ac922-nt-should-return-robots-txt-chromium-retry1/trace.zip

    ────────────────────────────────────────────────────────────────────────────────────────────────

  103) [chromium] › e2e/api/public-api-comprehensive.spec.ts:634:9 › Public API - Comprehensive Testing › Error Handling › should return 404 for non-existent endpoints 

    Error: [Public API Test] Expected status 200 for /api/this-endpoint-does-not-exist, got 404

       at helpers/api-helpers.ts:59

      57 |     const statusArray = Array.isArray(expectedStatus) ? expectedStatus : [expectedStatus];
      58 |     if (!statusArray.includes(response.status())) {
    > 59 |       throw new Error(
         |             ^
      60 |         `[${this.testName}] Expected status ${statusArray.join(' or ')} for ${endpoint}, got ${response.status()}`
      61 |       );
      62 |     }
        at APITestHelper.get (/home/tbaltzakis/cloudless.gr/e2e/helpers/api-helpers.ts:59:13)
        at /home/tbaltzakis/cloudless.gr/e2e/api/public-api-comprehensive.spec.ts:635:24

    Error Context: test-results/api-public-api-comprehensi-5060d--for-non-existent-endpoints-chromium/error-context.md

    Retry #1 ───────────────────────────────────────────────────────────────────────────────────────

    Error: [Public API Test] Expected status 200 for /api/this-endpoint-does-not-exist, got 404

       at helpers/api-helpers.ts:59

      57 |     const statusArray = Array.isArray(expectedStatus) ? expectedStatus : [expectedStatus];
      58 |     if (!statusArray.includes(response.status())) {
    > 59 |       throw new Error(
         |             ^
      60 |         `[${this.testName}] Expected status ${statusArray.join(' or ')} for ${endpoint}, got ${response.status()}`
      61 |       );
      62 |     }
        at APITestHelper.get (/home/tbaltzakis/cloudless.gr/e2e/helpers/api-helpers.ts:59:13)
        at /home/tbaltzakis/cloudless.gr/e2e/api/public-api-comprehensive.spec.ts:635:24

    Error Context: test-results/api-public-api-comprehensi-5060d--for-non-existent-endpoints-chromium-retry1/error-context.md

    attachment #2: trace (application/zip) ─────────────────────────────────────────────────────────
    test-results/api-public-api-comprehensi-5060d--for-non-existent-endpoints-chromium-retry1/trace.zip
    Usage:

        npx playwright show-trace test-results/api-public-api-comprehensi-5060d--for-non-existent-endpoints-chromium-retry1/trace.zip

    ────────────────────────────────────────────────────────────────────────────────────────────────

  104) [chromium] › e2e/api/public-api-comprehensive.spec.ts:653:9 › Public API - Comprehensive Testing › Error Handling › should handle large payloads appropriately 

    Error: [Public API Test] Expected status 400 or 413 or 429 for /api/contact, got 200

       at helpers/api-helpers.ts:123

      121 |     const statusArray = Array.isArray(expectedStatus) ? expectedStatus : [expectedStatus];
      122 |     if (!statusArray.includes(response.status())) {
    > 123 |       throw new Error(
          |             ^
      124 |         `[${this.testName}] Expected status ${statusArray.join(' or ')} for ${endpoint}, got ${response.status()}`
      125 |       );
      126 |     }
        at APITestHelper.post (/home/tbaltzakis/cloudless.gr/e2e/helpers/api-helpers.ts:123:13)
        at /home/tbaltzakis/cloudless.gr/e2e/api/public-api-comprehensive.spec.ts:661:24

    Error Context: test-results/api-public-api-comprehensi-de004-arge-payloads-appropriately-chromium/error-context.md

    Retry #1 ───────────────────────────────────────────────────────────────────────────────────────

    Error: [Public API Test] Expected status 400 or 413 or 429 for /api/contact, got 200

       at helpers/api-helpers.ts:123

      121 |     const statusArray = Array.isArray(expectedStatus) ? expectedStatus : [expectedStatus];
      122 |     if (!statusArray.includes(response.status())) {
    > 123 |       throw new Error(
          |             ^
      124 |         `[${this.testName}] Expected status ${statusArray.join(' or ')} for ${endpoint}, got ${response.status()}`
      125 |       );
      126 |     }
        at APITestHelper.post (/home/tbaltzakis/cloudless.gr/e2e/helpers/api-helpers.ts:123:13)
        at /home/tbaltzakis/cloudless.gr/e2e/api/public-api-comprehensive.spec.ts:661:24

    Error Context: test-results/api-public-api-comprehensi-de004-arge-payloads-appropriately-chromium-retry1/error-context.md

    attachment #2: trace (application/zip) ─────────────────────────────────────────────────────────
    test-results/api-public-api-comprehensi-de004-arge-payloads-appropriately-chromium-retry1/trace.zip
    Usage:

        npx playwright show-trace test-results/api-public-api-comprehensi-de004-arge-payloads-appropriately-chromium-retry1/trace.zip

    ────────────────────────────────────────────────────────────────────────────────────────────────

  105) [chromium] › e2e/api/public-api-comprehensive.spec.ts:749:9 › Public API - Comprehensive Testing › Auth Endpoints › should handle auth register request 

    Error: expect(received).toBeLessThan(expected)

    Expected: < 500
    Received:   500

      759 |       
      760 |       // Accept any status that indicates the endpoint exists and is working
    > 761 |       expect(response.status()).toBeLessThan(500);
          |                                 ^
      762 |     });
      763 |     
      764 |     test("should handle auth session request", async ({ request }) => {
        at /home/tbaltzakis/cloudless.gr/e2e/api/public-api-comprehensive.spec.ts:761:33

    Error Context: test-results/api-public-api-comprehensi-9b126-andle-auth-register-request-chromium/error-context.md

    Retry #1 ───────────────────────────────────────────────────────────────────────────────────────

    Error: expect(received).toBeLessThan(expected)

    Expected: < 500
    Received:   500

      759 |       
      760 |       // Accept any status that indicates the endpoint exists and is working
    > 761 |       expect(response.status()).toBeLessThan(500);
          |                                 ^
      762 |     });
      763 |     
      764 |     test("should handle auth session request", async ({ request }) => {
        at /home/tbaltzakis/cloudless.gr/e2e/api/public-api-comprehensive.spec.ts:761:33

    Error Context: test-results/api-public-api-comprehensi-9b126-andle-auth-register-request-chromium-retry1/error-context.md

    attachment #2: trace (application/zip) ─────────────────────────────────────────────────────────
    test-results/api-public-api-comprehensi-9b126-andle-auth-register-request-chromium-retry1/trace.zip
    Usage:

        npx playwright show-trace test-results/api-public-api-comprehensi-9b126-andle-auth-register-request-chromium-retry1/trace.zip

    ────────────────────────────────────────────────────────────────────────────────────────────────

  106) [chromium] › e2e/api-routes-extra-gaps.spec.ts:159:9 › Extended admin API coverage (production-safe) › GET /api/admin/postiz/is-connected authenticated 

    Error: expect(received).toBeLessThan(expected)

    Expected: < 500
    Received:   503

      165 |       // 200 in dev with real token = route wired + auth recognized (valid outcome)
      166 |       // Any 5xx would indicate a handler crash (invalid outcome)
    > 167 |       expect(r.status()).toBeLessThan(500);
          |                          ^
      168 |     });
      169 |   }
      170 | });
        at /home/tbaltzakis/cloudless.gr/e2e/api-routes-extra-gaps.spec.ts:167:26

    Error Context: test-results/api-routes-extra-gaps-Exte-5ceff--is-connected-authenticated-chromium/error-context.md

    Retry #1 ───────────────────────────────────────────────────────────────────────────────────────

    Error: expect(received).toBeLessThan(expected)

    Expected: < 500
    Received:   503

      165 |       // 200 in dev with real token = route wired + auth recognized (valid outcome)
      166 |       // Any 5xx would indicate a handler crash (invalid outcome)
    > 167 |       expect(r.status()).toBeLessThan(500);
          |                          ^
      168 |     });
      169 |   }
      170 | });
        at /home/tbaltzakis/cloudless.gr/e2e/api-routes-extra-gaps.spec.ts:167:26

    Error Context: test-results/api-routes-extra-gaps-Exte-5ceff--is-connected-authenticated-chromium-retry1/error-context.md

    attachment #2: trace (application/zip) ─────────────────────────────────────────────────────────
    test-results/api-routes-extra-gaps-Exte-5ceff--is-connected-authenticated-chromium-retry1/trace.zip
    Usage:

        npx playwright show-trace test-results/api-routes-extra-gaps-Exte-5ceff--is-connected-authenticated-chromium-retry1/trace.zip

    ────────────────────────────────────────────────────────────────────────────────────────────────

  107) [chromium] › e2e/app-fullstack.spec.ts:244:7 › Redirects and Navigation › locale redirect works 

    Error: expect(received).toMatch(expected)

    Expected pattern: /\/(en|el|fr|de)(\/|$)/
    Received string:  "http://localhost:4000/"

      244 |   test("locale redirect works", async ({ page }) => {
      245 |     await page.goto("/");
    > 246 |     expect(page.url()).toMatch(/\/(en|el|fr|de)(\/|$)/);
          |                        ^
      247 |   });
      248 |
      249 |   test("navigation between key pages", async ({ page }) => {
        at /home/tbaltzakis/cloudless.gr/e2e/app-fullstack.spec.ts:246:24

    attachment #1: screenshot (image/png) ──────────────────────────────────────────────────────────
    test-results/app-fullstack-Redirects-and-Navigation-locale-redirect-works-chromium/test-failed-1.png
    ────────────────────────────────────────────────────────────────────────────────────────────────

    attachment #2: video (video/webm) ──────────────────────────────────────────────────────────────
    test-results/app-fullstack-Redirects-and-Navigation-locale-redirect-works-chromium/video.webm
    ────────────────────────────────────────────────────────────────────────────────────────────────

    Error Context: test-results/app-fullstack-Redirects-and-Navigation-locale-redirect-works-chromium/error-context.md

    Retry #1 ───────────────────────────────────────────────────────────────────────────────────────

    Error: expect(received).toMatch(expected)

    Expected pattern: /\/(en|el|fr|de)(\/|$)/
    Received string:  "http://localhost:4000/"

      244 |   test("locale redirect works", async ({ page }) => {
      245 |     await page.goto("/");
    > 246 |     expect(page.url()).toMatch(/\/(en|el|fr|de)(\/|$)/);
          |                        ^
      247 |   });
      248 |
      249 |   test("navigation between key pages", async ({ page }) => {
        at /home/tbaltzakis/cloudless.gr/e2e/app-fullstack.spec.ts:246:24

    attachment #1: screenshot (image/png) ──────────────────────────────────────────────────────────
    test-results/app-fullstack-Redirects-and-Navigation-locale-redirect-works-chromium-retry1/test-failed-1.png
    ────────────────────────────────────────────────────────────────────────────────────────────────

    attachment #2: video (video/webm) ──────────────────────────────────────────────────────────────
    test-results/app-fullstack-Redirects-and-Navigation-locale-redirect-works-chromium-retry1/video.webm
    ────────────────────────────────────────────────────────────────────────────────────────────────

    Error Context: test-results/app-fullstack-Redirects-and-Navigation-locale-redirect-works-chromium-retry1/error-context.md

    attachment #4: trace (application/zip) ─────────────────────────────────────────────────────────
    test-results/app-fullstack-Redirects-and-Navigation-locale-redirect-works-chromium-retry1/trace.zip
    Usage:

        npx playwright show-trace test-results/app-fullstack-Redirects-and-Navigation-locale-redirect-works-chromium-retry1/trace.zip

    ────────────────────────────────────────────────────────────────────────────────────────────────

  108) [chromium] › e2e/appflowy-cms.spec.ts:39:7 › AppFlowy CMS — /blog › renders the blog header and search input 

    Error: expect(locator).toBeVisible() failed

    Locator: getByRole('heading', { name: /insights/i, level: 1 })
    Expected: visible
    Timeout: 20000ms
    Error: element(s) not found

    Call log:
      - Expect "toBeVisible" with timeout 20000ms
      - waiting for getByRole('heading', { name: /insights/i, level: 1 })


      41 |     await expect(
      42 |       page.getByRole("heading", { level: 1, name: /insights/i })
    > 43 |     ).toBeVisible();
         |       ^
      44 |     await expect(page.getByPlaceholder(/search posts/i)).toBeVisible();
      45 |   });
      46 |
        at /home/tbaltzakis/cloudless.gr/e2e/appflowy-cms.spec.ts:43:7

    attachment #1: screenshot (image/png) ──────────────────────────────────────────────────────────
    test-results/appflowy-cms-AppFlowy-CMS--fae3d-log-header-and-search-input-chromium/test-failed-1.png
    ────────────────────────────────────────────────────────────────────────────────────────────────

    attachment #2: video (video/webm) ──────────────────────────────────────────────────────────────
    test-results/appflowy-cms-AppFlowy-CMS--fae3d-log-header-and-search-input-chromium/video.webm
    ────────────────────────────────────────────────────────────────────────────────────────────────

    Error Context: test-results/appflowy-cms-AppFlowy-CMS--fae3d-log-header-and-search-input-chromium/error-context.md

    Retry #1 ───────────────────────────────────────────────────────────────────────────────────────

    Error: expect(locator).toBeVisible() failed

    Locator: getByRole('heading', { name: /insights/i, level: 1 })
    Expected: visible
    Timeout: 20000ms
    Error: element(s) not found

    Call log:
      - Expect "toBeVisible" with timeout 20000ms
      - waiting for getByRole('heading', { name: /insights/i, level: 1 })


      41 |     await expect(
      42 |       page.getByRole("heading", { level: 1, name: /insights/i })
    > 43 |     ).toBeVisible();
         |       ^
      44 |     await expect(page.getByPlaceholder(/search posts/i)).toBeVisible();
      45 |   });
      46 |
        at /home/tbaltzakis/cloudless.gr/e2e/appflowy-cms.spec.ts:43:7

    attachment #1: screenshot (image/png) ──────────────────────────────────────────────────────────
    test-results/appflowy-cms-AppFlowy-CMS--fae3d-log-header-and-search-input-chromium-retry1/test-failed-1.png
    ────────────────────────────────────────────────────────────────────────────────────────────────

    attachment #2: video (video/webm) ──────────────────────────────────────────────────────────────
    test-results/appflowy-cms-AppFlowy-CMS--fae3d-log-header-and-search-input-chromium-retry1/video.webm
    ────────────────────────────────────────────────────────────────────────────────────────────────

    Error Context: test-results/appflowy-cms-AppFlowy-CMS--fae3d-log-header-and-search-input-chromium-retry1/error-context.md

    attachment #4: trace (application/zip) ─────────────────────────────────────────────────────────
    test-results/appflowy-cms-AppFlowy-CMS--fae3d-log-header-and-search-input-chromium-retry1/trace.zip
    Usage:

        npx playwright show-trace test-results/appflowy-cms-AppFlowy-CMS--fae3d-log-header-and-search-input-chromium-retry1/trace.zip

    ────────────────────────────────────────────────────────────────────────────────────────────────

  109) [chromium] › e2e/appflowy-cms.spec.ts:47:7 › AppFlowy CMS — /blog › lists at least one post card linking to /blog/[slug] 

    Error: expect(received).toBeGreaterThan(expected)

    Expected: > 0
    Received:   0

      50 |       hasNot: page.locator('a[href$="/blog"]'),
      51 |     });
    > 52 |     expect(await postLinks.count()).toBeGreaterThan(0);
         |                                     ^
      53 |     await expect(postLinks.first()).toBeVisible();
      54 |   });
      55 |
        at /home/tbaltzakis/cloudless.gr/e2e/appflowy-cms.spec.ts:52:37

    attachment #1: screenshot (image/png) ──────────────────────────────────────────────────────────
    test-results/appflowy-cms-AppFlowy-CMS--5aeb7--card-linking-to-blog-slug--chromium/test-failed-1.png
    ────────────────────────────────────────────────────────────────────────────────────────────────

    attachment #2: video (video/webm) ──────────────────────────────────────────────────────────────
    test-results/appflowy-cms-AppFlowy-CMS--5aeb7--card-linking-to-blog-slug--chromium/video.webm
    ────────────────────────────────────────────────────────────────────────────────────────────────

    Error Context: test-results/appflowy-cms-AppFlowy-CMS--5aeb7--card-linking-to-blog-slug--chromium/error-context.md

    Retry #1 ───────────────────────────────────────────────────────────────────────────────────────

    Error: expect(received).toBeGreaterThan(expected)

    Expected: > 0
    Received:   0

      50 |       hasNot: page.locator('a[href$="/blog"]'),
      51 |     });
    > 52 |     expect(await postLinks.count()).toBeGreaterThan(0);
         |                                     ^
      53 |     await expect(postLinks.first()).toBeVisible();
      54 |   });
      55 |
        at /home/tbaltzakis/cloudless.gr/e2e/appflowy-cms.spec.ts:52:37

    attachment #1: screenshot (image/png) ──────────────────────────────────────────────────────────
    test-results/appflowy-cms-AppFlowy-CMS--5aeb7--card-linking-to-blog-slug--chromium-retry1/test-failed-1.png
    ────────────────────────────────────────────────────────────────────────────────────────────────

    attachment #2: video (video/webm) ──────────────────────────────────────────────────────────────
    test-results/appflowy-cms-AppFlowy-CMS--5aeb7--card-linking-to-blog-slug--chromium-retry1/video.webm
    ────────────────────────────────────────────────────────────────────────────────────────────────

    Error Context: test-results/appflowy-cms-AppFlowy-CMS--5aeb7--card-linking-to-blog-slug--chromium-retry1/error-context.md

    attachment #4: trace (application/zip) ─────────────────────────────────────────────────────────
    test-results/appflowy-cms-AppFlowy-CMS--5aeb7--card-linking-to-blog-slug--chromium-retry1/trace.zip
    Usage:

        npx playwright show-trace test-results/appflowy-cms-AppFlowy-CMS--5aeb7--card-linking-to-blog-slug--chromium-retry1/trace.zip

    ────────────────────────────────────────────────────────────────────────────────────────────────

  110) [chromium] › e2e/appflowy-cms.spec.ts:56:7 › AppFlowy CMS — /blog › search query is preserved in the input 

    Error: expect(locator).toHaveValue(expected) failed

    Locator: getByPlaceholder(/search posts/i)
    Expected: "cloud"
    Timeout: 20000ms
    Error: element(s) not found

    Call log:
      - Expect "toHaveValue" with timeout 20000ms
      - waiting for getByPlaceholder(/search posts/i)


      56 |   test("search query is preserved in the input", async ({ page }) => {
      57 |     await page.goto("/blog?q=cloud");
    > 58 |     await expect(page.getByPlaceholder(/search posts/i)).toHaveValue("cloud");
         |                                                          ^
      59 |   });
      60 |
      61 |   test("nonexistent search yields empty-state message", async ({ page }) => {
        at /home/tbaltzakis/cloudless.gr/e2e/appflowy-cms.spec.ts:58:58

    attachment #1: screenshot (image/png) ──────────────────────────────────────────────────────────
    test-results/appflowy-cms-AppFlowy-CMS--9170f-y-is-preserved-in-the-input-chromium/test-failed-1.png
    ────────────────────────────────────────────────────────────────────────────────────────────────

    attachment #2: video (video/webm) ──────────────────────────────────────────────────────────────
    test-results/appflowy-cms-AppFlowy-CMS--9170f-y-is-preserved-in-the-input-chromium/video.webm
    ────────────────────────────────────────────────────────────────────────────────────────────────

    Error Context: test-results/appflowy-cms-AppFlowy-CMS--9170f-y-is-preserved-in-the-input-chromium/error-context.md

    Retry #1 ───────────────────────────────────────────────────────────────────────────────────────

    Error: expect(locator).toHaveValue(expected) failed

    Locator: getByPlaceholder(/search posts/i)
    Expected: "cloud"
    Timeout: 20000ms
    Error: element(s) not found

    Call log:
      - Expect "toHaveValue" with timeout 20000ms
      - waiting for getByPlaceholder(/search posts/i)


      56 |   test("search query is preserved in the input", async ({ page }) => {
      57 |     await page.goto("/blog?q=cloud");
    > 58 |     await expect(page.getByPlaceholder(/search posts/i)).toHaveValue("cloud");
         |                                                          ^
      59 |   });
      60 |
      61 |   test("nonexistent search yields empty-state message", async ({ page }) => {
        at /home/tbaltzakis/cloudless.gr/e2e/appflowy-cms.spec.ts:58:58

    attachment #1: screenshot (image/png) ──────────────────────────────────────────────────────────
    test-results/appflowy-cms-AppFlowy-CMS--9170f-y-is-preserved-in-the-input-chromium-retry1/test-failed-1.png
    ────────────────────────────────────────────────────────────────────────────────────────────────

    attachment #2: video (video/webm) ──────────────────────────────────────────────────────────────
    test-results/appflowy-cms-AppFlowy-CMS--9170f-y-is-preserved-in-the-input-chromium-retry1/video.webm
    ────────────────────────────────────────────────────────────────────────────────────────────────

    Error Context: test-results/appflowy-cms-AppFlowy-CMS--9170f-y-is-preserved-in-the-input-chromium-retry1/error-context.md

    attachment #4: trace (application/zip) ─────────────────────────────────────────────────────────
    test-results/appflowy-cms-AppFlowy-CMS--9170f-y-is-preserved-in-the-input-chromium-retry1/trace.zip
    Usage:

        npx playwright show-trace test-results/appflowy-cms-AppFlowy-CMS--9170f-y-is-preserved-in-the-input-chromium-retry1/trace.zip

    ────────────────────────────────────────────────────────────────────────────────────────────────

  111) [chromium] › e2e/appflowy-cms.spec.ts:61:7 › AppFlowy CMS — /blog › nonexistent search yields empty-state message 

    Error: expect(locator).toBeVisible() failed

    Locator: getByText(/no posts found/i)
    Expected: visible
    Timeout: 20000ms
    Error: element(s) not found

    Call log:
      - Expect "toBeVisible" with timeout 20000ms
      - waiting for getByText(/no posts found/i)


      61 |   test("nonexistent search yields empty-state message", async ({ page }) => {
      62 |     await page.goto("/blog?q=zzz_no_such_post_xyz");
    > 63 |     await expect(page.getByText(/no posts found/i)).toBeVisible();
         |                                                     ^
      64 |   });
      65 | });
      66 |
        at /home/tbaltzakis/cloudless.gr/e2e/appflowy-cms.spec.ts:63:53

    attachment #1: screenshot (image/png) ──────────────────────────────────────────────────────────
    test-results/appflowy-cms-AppFlowy-CMS--5ce43--yields-empty-state-message-chromium/test-failed-1.png
    ────────────────────────────────────────────────────────────────────────────────────────────────

    attachment #2: video (video/webm) ──────────────────────────────────────────────────────────────
    test-results/appflowy-cms-AppFlowy-CMS--5ce43--yields-empty-state-message-chromium/video.webm
    ────────────────────────────────────────────────────────────────────────────────────────────────

    Error Context: test-results/appflowy-cms-AppFlowy-CMS--5ce43--yields-empty-state-message-chromium/error-context.md

    Retry #1 ───────────────────────────────────────────────────────────────────────────────────────

    Error: expect(locator).toBeVisible() failed

    Locator: getByText(/no posts found/i)
    Expected: visible
    Timeout: 20000ms
    Error: element(s) not found

    Call log:
      - Expect "toBeVisible" with timeout 20000ms
      - waiting for getByText(/no posts found/i)


      61 |   test("nonexistent search yields empty-state message", async ({ page }) => {
      62 |     await page.goto("/blog?q=zzz_no_such_post_xyz");
    > 63 |     await expect(page.getByText(/no posts found/i)).toBeVisible();
         |                                                     ^
      64 |   });
      65 | });
      66 |
        at /home/tbaltzakis/cloudless.gr/e2e/appflowy-cms.spec.ts:63:53

    attachment #1: screenshot (image/png) ──────────────────────────────────────────────────────────
    test-results/appflowy-cms-AppFlowy-CMS--5ce43--yields-empty-state-message-chromium-retry1/test-failed-1.png
    ────────────────────────────────────────────────────────────────────────────────────────────────

    attachment #2: video (video/webm) ──────────────────────────────────────────────────────────────
    test-results/appflowy-cms-AppFlowy-CMS--5ce43--yields-empty-state-message-chromium-retry1/video.webm
    ────────────────────────────────────────────────────────────────────────────────────────────────

    Error Context: test-results/appflowy-cms-AppFlowy-CMS--5ce43--yields-empty-state-message-chromium-retry1/error-context.md

    attachment #4: trace (application/zip) ─────────────────────────────────────────────────────────
    test-results/appflowy-cms-AppFlowy-CMS--5ce43--yields-empty-state-message-chromium-retry1/trace.zip
    Usage:

        npx playwright show-trace test-results/appflowy-cms-AppFlowy-CMS--5ce43--yields-empty-state-message-chromium-retry1/trace.zip

    ────────────────────────────────────────────────────────────────────────────────────────────────

  112) [chromium] › e2e/appflowy-cms.spec.ts:104:7 › AppFlowy CMS — /docs › renders the docs header and search input 

    Error: expect(locator).toBeVisible() failed

    Locator: getByRole('heading', { name: /documentation/i, level: 1 })
    Expected: visible
    Timeout: 15000ms
    Error: element(s) not found

    Call log:
      - Expect "toBeVisible" with timeout 15000ms
      - waiting for getByRole('heading', { name: /documentation/i, level: 1 })


      107 |     await expect(
      108 |       page.getByRole("heading", { level: 1, name: /documentation/i })
    > 109 |     ).toBeVisible({ timeout: 15000 });
          |       ^
      110 |     await expect(page.getByPlaceholder(/search docs/i)).toBeVisible({ timeout: 10000 });
      111 |   });
      112 |
        at /home/tbaltzakis/cloudless.gr/e2e/appflowy-cms.spec.ts:109:7

    attachment #1: screenshot (image/png) ──────────────────────────────────────────────────────────
    test-results/appflowy-cms-AppFlowy-CMS--c4ddb-ocs-header-and-search-input-chromium/test-failed-1.png
    ────────────────────────────────────────────────────────────────────────────────────────────────

    attachment #2: video (video/webm) ──────────────────────────────────────────────────────────────
    test-results/appflowy-cms-AppFlowy-CMS--c4ddb-ocs-header-and-search-input-chromium/video.webm
    ────────────────────────────────────────────────────────────────────────────────────────────────

    Error Context: test-results/appflowy-cms-AppFlowy-CMS--c4ddb-ocs-header-and-search-input-chromium/error-context.md

    Retry #1 ───────────────────────────────────────────────────────────────────────────────────────

    Error: expect(locator).toBeVisible() failed

    Locator: getByRole('heading', { name: /documentation/i, level: 1 })
    Expected: visible
    Timeout: 15000ms
    Error: element(s) not found

    Call log:
      - Expect "toBeVisible" with timeout 15000ms
      - waiting for getByRole('heading', { name: /documentation/i, level: 1 })


      107 |     await expect(
      108 |       page.getByRole("heading", { level: 1, name: /documentation/i })
    > 109 |     ).toBeVisible({ timeout: 15000 });
          |       ^
      110 |     await expect(page.getByPlaceholder(/search docs/i)).toBeVisible({ timeout: 10000 });
      111 |   });
      112 |
        at /home/tbaltzakis/cloudless.gr/e2e/appflowy-cms.spec.ts:109:7

    attachment #1: screenshot (image/png) ──────────────────────────────────────────────────────────
    test-results/appflowy-cms-AppFlowy-CMS--c4ddb-ocs-header-and-search-input-chromium-retry1/test-failed-1.png
    ────────────────────────────────────────────────────────────────────────────────────────────────

    attachment #2: video (video/webm) ──────────────────────────────────────────────────────────────
    test-results/appflowy-cms-AppFlowy-CMS--c4ddb-ocs-header-and-search-input-chromium-retry1/video.webm
    ────────────────────────────────────────────────────────────────────────────────────────────────

    Error Context: test-results/appflowy-cms-AppFlowy-CMS--c4ddb-ocs-header-and-search-input-chromium-retry1/error-context.md

    attachment #4: trace (application/zip) ─────────────────────────────────────────────────────────
    test-results/appflowy-cms-AppFlowy-CMS--c4ddb-ocs-header-and-search-input-chromium-retry1/trace.zip
    Usage:

        npx playwright show-trace test-results/appflowy-cms-AppFlowy-CMS--c4ddb-ocs-header-and-search-input-chromium-retry1/trace.zip

    ────────────────────────────────────────────────────────────────────────────────────────────────

  113) [chromium] › e2e/appflowy-cms.spec.ts:113:7 › AppFlowy CMS — /docs › renders either category headings or the empty state 

    Error: expect(locator).toBeVisible() failed

    Locator: getByRole('heading', { level: 2 }).or(getByText(/no documentation published yet|no docs match/i)).first()
    Expected: visible
    Timeout: 20000ms
    Error: element(s) not found

    Call log:
      - Expect "toBeVisible" with timeout 20000ms
      - waiting for getByRole('heading', { level: 2 }).or(getByText(/no documentation published yet|no docs match/i)).first()


      115 |     const categoryHeading = page.getByRole("heading", { level: 2 });
      116 |     const emptyState = page.getByText(/no documentation published yet|no docs match/i);
    > 117 |     await expect(categoryHeading.or(emptyState).first()).toBeVisible();
          |                                                          ^
      118 |   });
      119 |
      120 |   test("filtering with no matches shows the no-results state", async ({ page }) => {
        at /home/tbaltzakis/cloudless.gr/e2e/appflowy-cms.spec.ts:117:58

    attachment #1: screenshot (image/png) ──────────────────────────────────────────────────────────
    test-results/appflowy-cms-AppFlowy-CMS--e9f6f-headings-or-the-empty-state-chromium/test-failed-1.png
    ────────────────────────────────────────────────────────────────────────────────────────────────

    attachment #2: video (video/webm) ──────────────────────────────────────────────────────────────
    test-results/appflowy-cms-AppFlowy-CMS--e9f6f-headings-or-the-empty-state-chromium/video.webm
    ────────────────────────────────────────────────────────────────────────────────────────────────

    Error Context: test-results/appflowy-cms-AppFlowy-CMS--e9f6f-headings-or-the-empty-state-chromium/error-context.md

    Retry #1 ───────────────────────────────────────────────────────────────────────────────────────

    Error: expect(locator).toBeVisible() failed

    Locator: getByRole('heading', { level: 2 }).or(getByText(/no documentation published yet|no docs match/i)).first()
    Expected: visible
    Timeout: 20000ms
    Error: element(s) not found

    Call log:
      - Expect "toBeVisible" with timeout 20000ms
      - waiting for getByRole('heading', { level: 2 }).or(getByText(/no documentation published yet|no docs match/i)).first()


      115 |     const categoryHeading = page.getByRole("heading", { level: 2 });
      116 |     const emptyState = page.getByText(/no documentation published yet|no docs match/i);
    > 117 |     await expect(categoryHeading.or(emptyState).first()).toBeVisible();
          |                                                          ^
      118 |   });
      119 |
      120 |   test("filtering with no matches shows the no-results state", async ({ page }) => {
        at /home/tbaltzakis/cloudless.gr/e2e/appflowy-cms.spec.ts:117:58

    attachment #1: screenshot (image/png) ──────────────────────────────────────────────────────────
    test-results/appflowy-cms-AppFlowy-CMS--e9f6f-headings-or-the-empty-state-chromium-retry1/test-failed-1.png
    ────────────────────────────────────────────────────────────────────────────────────────────────

    attachment #2: video (video/webm) ──────────────────────────────────────────────────────────────
    test-results/appflowy-cms-AppFlowy-CMS--e9f6f-headings-or-the-empty-state-chromium-retry1/video.webm
    ────────────────────────────────────────────────────────────────────────────────────────────────

    Error Context: test-results/appflowy-cms-AppFlowy-CMS--e9f6f-headings-or-the-empty-state-chromium-retry1/error-context.md

    attachment #4: trace (application/zip) ─────────────────────────────────────────────────────────
    test-results/appflowy-cms-AppFlowy-CMS--e9f6f-headings-or-the-empty-state-chromium-retry1/trace.zip
    Usage:

        npx playwright show-trace test-results/appflowy-cms-AppFlowy-CMS--e9f6f-headings-or-the-empty-state-chromium-retry1/trace.zip

    ────────────────────────────────────────────────────────────────────────────────────────────────

  114) [chromium] › e2e/appflowy-cms.spec.ts:120:7 › AppFlowy CMS — /docs › filtering with no matches shows the no-results state 

    Error: expect(locator).toBeVisible() failed

    Locator: getByText(/no docs match your filters|no documentation published yet/i)
    Expected: visible
    Timeout: 15000ms
    Error: element(s) not found

    Call log:
      - Expect "toBeVisible" with timeout 15000ms
      - waiting for getByText(/no docs match your filters|no documentation published yet/i)


      123 |     await expect(
      124 |       page.getByText(/no docs match your filters|no documentation published yet/i)
    > 125 |     ).toBeVisible({ timeout: 15000 });
          |       ^
      126 |   });
      127 | });
      128 |
        at /home/tbaltzakis/cloudless.gr/e2e/appflowy-cms.spec.ts:125:7

    attachment #1: screenshot (image/png) ──────────────────────────────────────────────────────────
    test-results/appflowy-cms-AppFlowy-CMS--ea7d9--shows-the-no-results-state-chromium/test-failed-1.png
    ────────────────────────────────────────────────────────────────────────────────────────────────

    attachment #2: video (video/webm) ──────────────────────────────────────────────────────────────
    test-results/appflowy-cms-AppFlowy-CMS--ea7d9--shows-the-no-results-state-chromium/video.webm
    ────────────────────────────────────────────────────────────────────────────────────────────────

    Error Context: test-results/appflowy-cms-AppFlowy-CMS--ea7d9--shows-the-no-results-state-chromium/error-context.md

    Retry #1 ───────────────────────────────────────────────────────────────────────────────────────

    Error: expect(locator).toBeVisible() failed

    Locator: getByText(/no docs match your filters|no documentation published yet/i)
    Expected: visible
    Timeout: 15000ms
    Error: element(s) not found

    Call log:
      - Expect "toBeVisible" with timeout 15000ms
      - waiting for getByText(/no docs match your filters|no documentation published yet/i)


      123 |     await expect(
      124 |       page.getByText(/no docs match your filters|no documentation published yet/i)
    > 125 |     ).toBeVisible({ timeout: 15000 });
          |       ^
      126 |   });
      127 | });
      128 |
        at /home/tbaltzakis/cloudless.gr/e2e/appflowy-cms.spec.ts:125:7

    attachment #1: screenshot (image/png) ──────────────────────────────────────────────────────────
    test-results/appflowy-cms-AppFlowy-CMS--ea7d9--shows-the-no-results-state-chromium-retry1/test-failed-1.png
    ────────────────────────────────────────────────────────────────────────────────────────────────

    attachment #2: video (video/webm) ──────────────────────────────────────────────────────────────
    test-results/appflowy-cms-AppFlowy-CMS--ea7d9--shows-the-no-results-state-chromium-retry1/video.webm
    ────────────────────────────────────────────────────────────────────────────────────────────────

    Error Context: test-results/appflowy-cms-AppFlowy-CMS--ea7d9--shows-the-no-results-state-chromium-retry1/error-context.md

    attachment #4: trace (application/zip) ─────────────────────────────────────────────────────────
    test-results/appflowy-cms-AppFlowy-CMS--ea7d9--shows-the-no-results-state-chromium-retry1/trace.zip
    Usage:

        npx playwright show-trace test-results/appflowy-cms-AppFlowy-CMS--ea7d9--shows-the-no-results-state-chromium-retry1/trace.zip

    ────────────────────────────────────────────────────────────────────────────────────────────────

  115) [chromium] › e2e/appflowy-cms.spec.ts:353:7 › AppFlowy CMS — /api/case-studies contract › slug endpoint returns a case study or 404 when not found 

    Error: expect(received).toBe(expected) // Object.is equality

    Expected: 404
    Received: 502

      361 |       expect(typeof c.title).toBe("string");
      362 |     } else {
    > 363 |       expect(res.status()).toBe(404);
          |                            ^
      364 |     }
      365 |   });
      366 |
        at /home/tbaltzakis/cloudless.gr/e2e/appflowy-cms.spec.ts:363:28

    Error Context: test-results/appflowy-cms-AppFlowy-CMS--5ce89-study-or-404-when-not-found-chromium/error-context.md

    Retry #1 ───────────────────────────────────────────────────────────────────────────────────────

    Error: expect(received).toBe(expected) // Object.is equality

    Expected: 404
    Received: 502

      361 |       expect(typeof c.title).toBe("string");
      362 |     } else {
    > 363 |       expect(res.status()).toBe(404);
          |                            ^
      364 |     }
      365 |   });
      366 |
        at /home/tbaltzakis/cloudless.gr/e2e/appflowy-cms.spec.ts:363:28

    Error Context: test-results/appflowy-cms-AppFlowy-CMS--5ce89-study-or-404-when-not-found-chromium-retry1/error-context.md

    attachment #2: trace (application/zip) ─────────────────────────────────────────────────────────
    test-results/appflowy-cms-AppFlowy-CMS--5ce89-study-or-404-when-not-found-chromium-retry1/trace.zip
    Usage:

        npx playwright show-trace test-results/appflowy-cms-AppFlowy-CMS--5ce89-study-or-404-when-not-found-chromium-retry1/trace.zip

    ────────────────────────────────────────────────────────────────────────────────────────────────

  116) [chromium] › e2e/appflowy-cms.spec.ts:367:7 › AppFlowy CMS — /api/case-studies contract › unknown slug returns 404 

    Error: expect(received).toBe(expected) // Object.is equality

    Expected: 404
    Received: 502

      367 |   test("unknown slug returns 404", async ({ request }) => {
      368 |     const res = await request.get("/api/case-studies/no-such-case-study-xyz");
    > 369 |     expect(res.status()).toBe(404);
          |                          ^
      370 |   });
      371 | });
        at /home/tbaltzakis/cloudless.gr/e2e/appflowy-cms.spec.ts:369:26

    Error Context: test-results/appflowy-cms-AppFlowy-CMS--2f795-ct-unknown-slug-returns-404-chromium/error-context.md

    Retry #1 ───────────────────────────────────────────────────────────────────────────────────────

    Error: expect(received).toBe(expected) // Object.is equality

    Expected: 404
    Received: 502

      367 |   test("unknown slug returns 404", async ({ request }) => {
      368 |     const res = await request.get("/api/case-studies/no-such-case-study-xyz");
    > 369 |     expect(res.status()).toBe(404);
          |                          ^
      370 |   });
      371 | });
        at /home/tbaltzakis/cloudless.gr/e2e/appflowy-cms.spec.ts:369:26

    Error Context: test-results/appflowy-cms-AppFlowy-CMS--2f795-ct-unknown-slug-returns-404-chromium-retry1/error-context.md

    attachment #2: trace (application/zip) ─────────────────────────────────────────────────────────
    test-results/appflowy-cms-AppFlowy-CMS--2f795-ct-unknown-slug-returns-404-chromium-retry1/trace.zip
    Usage:

        npx playwright show-trace test-results/appflowy-cms-AppFlowy-CMS--2f795-ct-unknown-slug-returns-404-chromium-retry1/trace.zip

    ────────────────────────────────────────────────────────────────────────────────────────────────

  117) [chromium] › e2e/auth.spec.ts:9:7 › Authentication › login page shows email and password fields 

    Error: expect(locator).toBeVisible() failed

    Locator: getByLabel(/email/i)
    Expected: visible
    Timeout: 10000ms
    Error: element(s) not found

    Call log:
      - Expect "toBeVisible" with timeout 10000ms
      - waiting for getByLabel(/email/i)


      13 |     
      14 |     // Check for email and password fields (D1 auth)
    > 15 |     await expect(page.getByLabel(/email/i)).toBeVisible({ timeout: 10_000 });
         |                                             ^
      16 |     await expect(page.getByLabel(/^password/i)).toBeVisible({ timeout: 10_000 });
      17 |     
      18 |     // Check for forgot password link
        at /home/tbaltzakis/cloudless.gr/e2e/auth.spec.ts:15:45

    attachment #1: screenshot (image/png) ──────────────────────────────────────────────────────────
    test-results/auth-Authentication-login--0ad55-s-email-and-password-fields-chromium/test-failed-1.png
    ────────────────────────────────────────────────────────────────────────────────────────────────

    attachment #2: video (video/webm) ──────────────────────────────────────────────────────────────
    test-results/auth-Authentication-login--0ad55-s-email-and-password-fields-chromium/video.webm
    ────────────────────────────────────────────────────────────────────────────────────────────────

    Error Context: test-results/auth-Authentication-login--0ad55-s-email-and-password-fields-chromium/error-context.md

    Retry #1 ───────────────────────────────────────────────────────────────────────────────────────

    Error: expect(locator).toBeVisible() failed

    Locator: getByLabel(/email/i)
    Expected: visible
    Timeout: 10000ms
    Error: element(s) not found

    Call log:
      - Expect "toBeVisible" with timeout 10000ms
      - waiting for getByLabel(/email/i)


      13 |     
      14 |     // Check for email and password fields (D1 auth)
    > 15 |     await expect(page.getByLabel(/email/i)).toBeVisible({ timeout: 10_000 });
         |                                             ^
      16 |     await expect(page.getByLabel(/^password/i)).toBeVisible({ timeout: 10_000 });
      17 |     
      18 |     // Check for forgot password link
        at /home/tbaltzakis/cloudless.gr/e2e/auth.spec.ts:15:45

    attachment #1: screenshot (image/png) ──────────────────────────────────────────────────────────
    test-results/auth-Authentication-login--0ad55-s-email-and-password-fields-chromium-retry1/test-failed-1.png
    ────────────────────────────────────────────────────────────────────────────────────────────────

    attachment #2: video (video/webm) ──────────────────────────────────────────────────────────────
    test-results/auth-Authentication-login--0ad55-s-email-and-password-fields-chromium-retry1/video.webm
    ────────────────────────────────────────────────────────────────────────────────────────────────

    Error Context: test-results/auth-Authentication-login--0ad55-s-email-and-password-fields-chromium-retry1/error-context.md

    attachment #4: trace (application/zip) ─────────────────────────────────────────────────────────
    test-results/auth-Authentication-login--0ad55-s-email-and-password-fields-chromium-retry1/trace.zip
    Usage:

        npx playwright show-trace test-results/auth-Authentication-login--0ad55-s-email-and-password-fields-chromium-retry1/trace.zip

    ────────────────────────────────────────────────────────────────────────────────────────────────

  118) [chromium] › e2e/auth.spec.ts:23:7 › Authentication › signup page exposes name, email and password fields 

    Error: expect(locator).toBeVisible() failed

    Locator: getByLabel(/name/i)
    Expected: visible
    Timeout: 10000ms
    Error: element(s) not found

    Call log:
      - Expect "toBeVisible" with timeout 10000ms
      - waiting for getByLabel(/name/i)


      24 |     await page.goto("/auth/signup");
      25 |     await expect(page).toHaveURL(/\/auth\/signup/);
    > 26 |     await expect(page.getByLabel(/name/i)).toBeVisible({ timeout: 10_000 });
         |                                            ^
      27 |     await expect(page.getByLabel(/email/i)).toBeVisible({ timeout: 10_000 });
      28 |     await expect(page.getByLabel(/^password/i)).toBeVisible({ timeout: 10_000 });
      29 |   });
        at /home/tbaltzakis/cloudless.gr/e2e/auth.spec.ts:26:44

    attachment #1: screenshot (image/png) ──────────────────────────────────────────────────────────
    test-results/auth-Authentication-signup-58724-e-email-and-password-fields-chromium/test-failed-1.png
    ────────────────────────────────────────────────────────────────────────────────────────────────

    attachment #2: video (video/webm) ──────────────────────────────────────────────────────────────
    test-results/auth-Authentication-signup-58724-e-email-and-password-fields-chromium/video.webm
    ────────────────────────────────────────────────────────────────────────────────────────────────

    Error Context: test-results/auth-Authentication-signup-58724-e-email-and-password-fields-chromium/error-context.md

    Retry #1 ───────────────────────────────────────────────────────────────────────────────────────

    Error: expect(locator).toBeVisible() failed

    Locator: getByLabel(/name/i)
    Expected: visible
    Timeout: 10000ms
    Error: element(s) not found

    Call log:
      - Expect "toBeVisible" with timeout 10000ms
      - waiting for getByLabel(/name/i)


      24 |     await page.goto("/auth/signup");
      25 |     await expect(page).toHaveURL(/\/auth\/signup/);
    > 26 |     await expect(page.getByLabel(/name/i)).toBeVisible({ timeout: 10_000 });
         |                                            ^
      27 |     await expect(page.getByLabel(/email/i)).toBeVisible({ timeout: 10_000 });
      28 |     await expect(page.getByLabel(/^password/i)).toBeVisible({ timeout: 10_000 });
      29 |   });
        at /home/tbaltzakis/cloudless.gr/e2e/auth.spec.ts:26:44

    attachment #1: screenshot (image/png) ──────────────────────────────────────────────────────────
    test-results/auth-Authentication-signup-58724-e-email-and-password-fields-chromium-retry1/test-failed-1.png
    ────────────────────────────────────────────────────────────────────────────────────────────────

    attachment #2: video (video/webm) ──────────────────────────────────────────────────────────────
    test-results/auth-Authentication-signup-58724-e-email-and-password-fields-chromium-retry1/video.webm
    ────────────────────────────────────────────────────────────────────────────────────────────────

    Error Context: test-results/auth-Authentication-signup-58724-e-email-and-password-fields-chromium-retry1/error-context.md

    attachment #4: trace (application/zip) ─────────────────────────────────────────────────────────
    test-results/auth-Authentication-signup-58724-e-email-and-password-fields-chromium-retry1/trace.zip
    Usage:

        npx playwright show-trace test-results/auth-Authentication-signup-58724-e-email-and-password-fields-chromium-retry1/trace.zip

    ────────────────────────────────────────────────────────────────────────────────────────────────

  119) [chromium] › e2e/auth.spec.ts:31:7 › Authentication › forgot-password page is reachable from login 

    Error: expect(locator).toBeVisible() failed

    Locator: getByTestId('forgot-password-link')
    Expected: visible
    Timeout: 5000ms
    Error: element(s) not found

    Call log:
      - Expect "toBeVisible" with timeout 5000ms
      - waiting for getByTestId('forgot-password-link')


      34 |     // Click forgot password link
      35 |     const forgotLink = page.getByTestId("forgot-password-link");
    > 36 |     await expect(forgotLink).toBeVisible({ timeout: 5_000 });
         |                              ^
      37 |     await Promise.all([
      38 |       page.waitForURL(/\/auth\/forgot-password/),
      39 |       forgotLink.click(),
        at /home/tbaltzakis/cloudless.gr/e2e/auth.spec.ts:36:30

    attachment #1: screenshot (image/png) ──────────────────────────────────────────────────────────
    test-results/auth-Authentication-forgot-50745-age-is-reachable-from-login-chromium/test-failed-1.png
    ────────────────────────────────────────────────────────────────────────────────────────────────

    attachment #2: video (video/webm) ──────────────────────────────────────────────────────────────
    test-results/auth-Authentication-forgot-50745-age-is-reachable-from-login-chromium/video.webm
    ────────────────────────────────────────────────────────────────────────────────────────────────

    Error Context: test-results/auth-Authentication-forgot-50745-age-is-reachable-from-login-chromium/error-context.md

    Retry #1 ───────────────────────────────────────────────────────────────────────────────────────

    Error: expect(locator).toBeVisible() failed

    Locator: getByTestId('forgot-password-link')
    Expected: visible
    Timeout: 5000ms
    Error: element(s) not found

    Call log:
      - Expect "toBeVisible" with timeout 5000ms
      - waiting for getByTestId('forgot-password-link')


      34 |     // Click forgot password link
      35 |     const forgotLink = page.getByTestId("forgot-password-link");
    > 36 |     await expect(forgotLink).toBeVisible({ timeout: 5_000 });
         |                              ^
      37 |     await Promise.all([
      38 |       page.waitForURL(/\/auth\/forgot-password/),
      39 |       forgotLink.click(),
        at /home/tbaltzakis/cloudless.gr/e2e/auth.spec.ts:36:30

    attachment #1: screenshot (image/png) ──────────────────────────────────────────────────────────
    test-results/auth-Authentication-forgot-50745-age-is-reachable-from-login-chromium-retry1/test-failed-1.png
    ────────────────────────────────────────────────────────────────────────────────────────────────

    attachment #2: video (video/webm) ──────────────────────────────────────────────────────────────
    test-results/auth-Authentication-forgot-50745-age-is-reachable-from-login-chromium-retry1/video.webm
    ────────────────────────────────────────────────────────────────────────────────────────────────

    Error Context: test-results/auth-Authentication-forgot-50745-age-is-reachable-from-login-chromium-retry1/error-context.md

    attachment #4: trace (application/zip) ─────────────────────────────────────────────────────────
    test-results/auth-Authentication-forgot-50745-age-is-reachable-from-login-chromium-retry1/trace.zip
    Usage:

        npx playwright show-trace test-results/auth-Authentication-forgot-50745-age-is-reachable-from-login-chromium-retry1/trace.zip

    ────────────────────────────────────────────────────────────────────────────────────────────────

  120) [chromium] › e2e/chat.spec.ts:43:7 › Workers AI Integration › Workers AI doctor endpoint exists 

    Error: expect(received).toContain(expected) // indexOf

    Expected value: 405
    Received array: [200, 401, 403, 404]

      45 |       `${process.env.PLAYWRIGHT_BASE_URL || "http://localhost:4000"}/api/admin/ai/generate`
      46 |     );
    > 47 |     expect([200, 401, 403, 404]).toContain(response.status());
         |                                  ^
      48 |   });
      49 | });
        at /home/tbaltzakis/cloudless.gr/e2e/chat.spec.ts:47:34

    Error Context: test-results/chat-Workers-AI-Integratio-12964-s-AI-doctor-endpoint-exists-chromium/error-context.md

    Retry #1 ───────────────────────────────────────────────────────────────────────────────────────

    Error: expect(received).toContain(expected) // indexOf

    Expected value: 405
    Received array: [200, 401, 403, 404]

      45 |       `${process.env.PLAYWRIGHT_BASE_URL || "http://localhost:4000"}/api/admin/ai/generate`
      46 |     );
    > 47 |     expect([200, 401, 403, 404]).toContain(response.status());
         |                                  ^
      48 |   });
      49 | });
        at /home/tbaltzakis/cloudless.gr/e2e/chat.spec.ts:47:34

    Error Context: test-results/chat-Workers-AI-Integratio-12964-s-AI-doctor-endpoint-exists-chromium-retry1/error-context.md

    attachment #2: trace (application/zip) ─────────────────────────────────────────────────────────
    test-results/chat-Workers-AI-Integratio-12964-s-AI-doctor-endpoint-exists-chromium-retry1/trace.zip
    Usage:

        npx playwright show-trace test-results/chat-Workers-AI-Integratio-12964-s-AI-doctor-endpoint-exists-chromium-retry1/trace.zip

    ────────────────────────────────────────────────────────────────────────────────────────────────

  121) [chromium] › e2e/components.spec.ts:21:9 › UI Components › ScrollReveal Component › elements become visible after scroll 

    Error: expect(received).toBeGreaterThan(expected)

    Expected: > 0
    Received:   0

      26 |       const visibleElements = page.locator(".reveal-visible");
      27 |       const count = await visibleElements.count();
    > 28 |       expect(count).toBeGreaterThan(0);
         |                     ^
      29 |     });
      30 |   });
      31 |
        at /home/tbaltzakis/cloudless.gr/e2e/components.spec.ts:28:21

    attachment #1: screenshot (image/png) ──────────────────────────────────────────────────────────
    test-results/components-UI-Components-S-7e1e1-become-visible-after-scroll-chromium/test-failed-1.png
    ────────────────────────────────────────────────────────────────────────────────────────────────

    attachment #2: video (video/webm) ──────────────────────────────────────────────────────────────
    test-results/components-UI-Components-S-7e1e1-become-visible-after-scroll-chromium/video.webm
    ────────────────────────────────────────────────────────────────────────────────────────────────

    Error Context: test-results/components-UI-Components-S-7e1e1-become-visible-after-scroll-chromium/error-context.md

    Retry #1 ───────────────────────────────────────────────────────────────────────────────────────

    Error: expect(received).toBeGreaterThan(expected)

    Expected: > 0
    Received:   0

      26 |       const visibleElements = page.locator(".reveal-visible");
      27 |       const count = await visibleElements.count();
    > 28 |       expect(count).toBeGreaterThan(0);
         |                     ^
      29 |     });
      30 |   });
      31 |
        at /home/tbaltzakis/cloudless.gr/e2e/components.spec.ts:28:21

    attachment #1: screenshot (image/png) ──────────────────────────────────────────────────────────
    test-results/components-UI-Components-S-7e1e1-become-visible-after-scroll-chromium-retry1/test-failed-1.png
    ────────────────────────────────────────────────────────────────────────────────────────────────

    attachment #2: video (video/webm) ──────────────────────────────────────────────────────────────
    test-results/components-UI-Components-S-7e1e1-become-visible-after-scroll-chromium-retry1/video.webm
    ────────────────────────────────────────────────────────────────────────────────────────────────

    Error Context: test-results/components-UI-Components-S-7e1e1-become-visible-after-scroll-chromium-retry1/error-context.md

    attachment #4: trace (application/zip) ─────────────────────────────────────────────────────────
    test-results/components-UI-Components-S-7e1e1-become-visible-after-scroll-chromium-retry1/trace.zip
    Usage:

        npx playwright show-trace test-results/components-UI-Components-S-7e1e1-become-visible-after-scroll-chromium-retry1/trace.zip

    ────────────────────────────────────────────────────────────────────────────────────────────────

  122) [chromium] › e2e/components.spec.ts:33:9 › UI Components › StatCounter Component › stat counters are rendered 

    Error: expect(received).toBeGreaterThan(expected)

    Expected: > 0
    Received:   0

      34 |       const statCounters = page.locator('[class*="stat"], [data-testid*="stat"]');
      35 |       const count = await statCounters.count();
    > 36 |       expect(count).toBeGreaterThan(0);
         |                     ^
      37 |     });
      38 |   });
      39 |
        at /home/tbaltzakis/cloudless.gr/e2e/components.spec.ts:36:21

    attachment #1: screenshot (image/png) ──────────────────────────────────────────────────────────
    test-results/components-UI-Components-S-eecca--stat-counters-are-rendered-chromium/test-failed-1.png
    ────────────────────────────────────────────────────────────────────────────────────────────────

    attachment #2: video (video/webm) ──────────────────────────────────────────────────────────────
    test-results/components-UI-Components-S-eecca--stat-counters-are-rendered-chromium/video.webm
    ────────────────────────────────────────────────────────────────────────────────────────────────

    Error Context: test-results/components-UI-Components-S-eecca--stat-counters-are-rendered-chromium/error-context.md

    Retry #1 ───────────────────────────────────────────────────────────────────────────────────────

    Error: expect(received).toBeGreaterThan(expected)

    Expected: > 0
    Received:   0

      34 |       const statCounters = page.locator('[class*="stat"], [data-testid*="stat"]');
      35 |       const count = await statCounters.count();
    > 36 |       expect(count).toBeGreaterThan(0);
         |                     ^
      37 |     });
      38 |   });
      39 |
        at /home/tbaltzakis/cloudless.gr/e2e/components.spec.ts:36:21

    attachment #1: screenshot (image/png) ──────────────────────────────────────────────────────────
    test-results/components-UI-Components-S-eecca--stat-counters-are-rendered-chromium-retry1/test-failed-1.png
    ────────────────────────────────────────────────────────────────────────────────────────────────

    attachment #2: video (video/webm) ──────────────────────────────────────────────────────────────
    test-results/components-UI-Components-S-eecca--stat-counters-are-rendered-chromium-retry1/video.webm
    ────────────────────────────────────────────────────────────────────────────────────────────────

    Error Context: test-results/components-UI-Components-S-eecca--stat-counters-are-rendered-chromium-retry1/error-context.md

    attachment #4: trace (application/zip) ─────────────────────────────────────────────────────────
    test-results/components-UI-Components-S-eecca--stat-counters-are-rendered-chromium-retry1/trace.zip
    Usage:

        npx playwright show-trace test-results/components-UI-Components-S-eecca--stat-counters-are-rendered-chromium-retry1/trace.zip

    ────────────────────────────────────────────────────────────────────────────────────────────────

  123) [chromium] › e2e/contact-integrations.spec.ts:4:7 › Contact & Integrations › contact form renders the documented fields 

    Error: expect(locator).toBeVisible() failed

    Locator: getByLabel(/name/i).first()
    Expected: visible
    Timeout: 20000ms
    Error: element(s) not found

    Call log:
      - Expect "toBeVisible" with timeout 20000ms
      - waiting for getByLabel(/name/i).first()


       6 |
       7 |     await expect(page.getByRole("heading", { level: 1 })).toBeVisible();
    >  8 |     await expect(page.getByLabel(/name/i).first()).toBeVisible();
         |                                                    ^
       9 |     await expect(page.getByLabel(/email/i).first()).toBeVisible();
      10 |     await expect(page.getByLabel(/message/i).first()).toBeVisible();
      11 |     await expect(
        at /home/tbaltzakis/cloudless.gr/e2e/contact-integrations.spec.ts:8:52

    attachment #1: screenshot (image/png) ──────────────────────────────────────────────────────────
    test-results/contact-integrations-Conta-84d2b-nders-the-documented-fields-chromium/test-failed-1.png
    ────────────────────────────────────────────────────────────────────────────────────────────────

    attachment #2: video (video/webm) ──────────────────────────────────────────────────────────────
    test-results/contact-integrations-Conta-84d2b-nders-the-documented-fields-chromium/video.webm
    ────────────────────────────────────────────────────────────────────────────────────────────────

    Error Context: test-results/contact-integrations-Conta-84d2b-nders-the-documented-fields-chromium/error-context.md

    Retry #1 ───────────────────────────────────────────────────────────────────────────────────────

    Error: expect(locator).toBeVisible() failed

    Locator: getByLabel(/name/i).first()
    Expected: visible
    Timeout: 20000ms
    Error: element(s) not found

    Call log:
      - Expect "toBeVisible" with timeout 20000ms
      - waiting for getByLabel(/name/i).first()


       6 |
       7 |     await expect(page.getByRole("heading", { level: 1 })).toBeVisible();
    >  8 |     await expect(page.getByLabel(/name/i).first()).toBeVisible();
         |                                                    ^
       9 |     await expect(page.getByLabel(/email/i).first()).toBeVisible();
      10 |     await expect(page.getByLabel(/message/i).first()).toBeVisible();
      11 |     await expect(
        at /home/tbaltzakis/cloudless.gr/e2e/contact-integrations.spec.ts:8:52

    attachment #1: screenshot (image/png) ──────────────────────────────────────────────────────────
    test-results/contact-integrations-Conta-84d2b-nders-the-documented-fields-chromium-retry1/test-failed-1.png
    ────────────────────────────────────────────────────────────────────────────────────────────────

    attachment #2: video (video/webm) ──────────────────────────────────────────────────────────────
    test-results/contact-integrations-Conta-84d2b-nders-the-documented-fields-chromium-retry1/video.webm
    ────────────────────────────────────────────────────────────────────────────────────────────────

    Error Context: test-results/contact-integrations-Conta-84d2b-nders-the-documented-fields-chromium-retry1/error-context.md

    attachment #4: trace (application/zip) ─────────────────────────────────────────────────────────
    test-results/contact-integrations-Conta-84d2b-nders-the-documented-fields-chromium-retry1/trace.zip
    Usage:

        npx playwright show-trace test-results/contact-integrations-Conta-84d2b-nders-the-documented-fields-chromium-retry1/trace.zip

    ────────────────────────────────────────────────────────────────────────────────────────────────

  124) [chromium] › e2e/contact-integrations.spec.ts:16:7 › Contact & Integrations › contact form submit posts to /api/contact and shows success 

    Test timeout of 60000ms exceeded.

    Error: locator.fill: Test timeout of 60000ms exceeded.
    Call log:
      - waiting for getByLabel(/name/i).first()


      24 |
      25 |     await page.goto("/contact");
    > 26 |     await page.getByLabel(/name/i).first().fill("Playwright User");
         |                                            ^
      27 |     await page.getByLabel(/email/i).first().fill("playwright@example.com");
      28 |     await page.getByLabel(/message/i).first().fill("Hello from the e2e suite.");
      29 |     await page
        at /home/tbaltzakis/cloudless.gr/e2e/contact-integrations.spec.ts:26:44

    attachment #1: screenshot (image/png) ──────────────────────────────────────────────────────────
    test-results/contact-integrations-Conta-1a65d-i-contact-and-shows-success-chromium/test-failed-1.png
    ────────────────────────────────────────────────────────────────────────────────────────────────

    attachment #2: video (video/webm) ──────────────────────────────────────────────────────────────
    test-results/contact-integrations-Conta-1a65d-i-contact-and-shows-success-chromium/video.webm
    ────────────────────────────────────────────────────────────────────────────────────────────────

    Error Context: test-results/contact-integrations-Conta-1a65d-i-contact-and-shows-success-chromium/error-context.md

    Retry #1 ───────────────────────────────────────────────────────────────────────────────────────

    Test timeout of 60000ms exceeded.

    Error: locator.fill: Test timeout of 60000ms exceeded.
    Call log:
      - waiting for getByLabel(/name/i).first()


      24 |
      25 |     await page.goto("/contact");
    > 26 |     await page.getByLabel(/name/i).first().fill("Playwright User");
         |                                            ^
      27 |     await page.getByLabel(/email/i).first().fill("playwright@example.com");
      28 |     await page.getByLabel(/message/i).first().fill("Hello from the e2e suite.");
      29 |     await page
        at /home/tbaltzakis/cloudless.gr/e2e/contact-integrations.spec.ts:26:44

    attachment #1: screenshot (image/png) ──────────────────────────────────────────────────────────
    test-results/contact-integrations-Conta-1a65d-i-contact-and-shows-success-chromium-retry1/test-failed-1.png
    ────────────────────────────────────────────────────────────────────────────────────────────────

    attachment #2: video (video/webm) ──────────────────────────────────────────────────────────────
    test-results/contact-integrations-Conta-1a65d-i-contact-and-shows-success-chromium-retry1/video.webm
    ────────────────────────────────────────────────────────────────────────────────────────────────

    Error Context: test-results/contact-integrations-Conta-1a65d-i-contact-and-shows-success-chromium-retry1/error-context.md

    attachment #4: trace (application/zip) ─────────────────────────────────────────────────────────
    test-results/contact-integrations-Conta-1a65d-i-contact-and-shows-success-chromium-retry1/trace.zip
    Usage:

        npx playwright show-trace test-results/contact-integrations-Conta-1a65d-i-contact-and-shows-success-chromium-retry1/trace.zip

    ────────────────────────────────────────────────────────────────────────────────────────────────

  125) [chromium] › e2e/customer-behavior.spec.ts:113:7 › Store – product listing › shows at least one product with a price 

    Error: expect(locator).toBeVisible() failed

    Locator: locator('text=/€|\\$|EUR/').first()
    Expected: visible
    Timeout: 20000ms
    Error: element(s) not found

    Call log:
      - Expect "toBeVisible" with timeout 20000ms
      - waiting for locator('text=/€|\\$|EUR/').first()


      114 |     await page.goto("/store");
      115 |     // Price elements contain currency symbol
    > 116 |     await expect(page.locator("text=/€|\\$|EUR/").first()).toBeVisible();
          |                                                            ^
      117 |   });
      118 |
      119 |   test("clicking a product card navigates to product detail", async ({ page }) => {
        at /home/tbaltzakis/cloudless.gr/e2e/customer-behavior.spec.ts:116:60

    attachment #1: screenshot (image/png) ──────────────────────────────────────────────────────────
    test-results/customer-behavior-Store-–--58b5f-st-one-product-with-a-price-chromium/test-failed-1.png
    ────────────────────────────────────────────────────────────────────────────────────────────────

    attachment #2: video (video/webm) ──────────────────────────────────────────────────────────────
    test-results/customer-behavior-Store-–--58b5f-st-one-product-with-a-price-chromium/video.webm
    ────────────────────────────────────────────────────────────────────────────────────────────────

    Error Context: test-results/customer-behavior-Store-–--58b5f-st-one-product-with-a-price-chromium/error-context.md

    Retry #1 ───────────────────────────────────────────────────────────────────────────────────────

    Error: expect(locator).toBeVisible() failed

    Locator: locator('text=/€|\\$|EUR/').first()
    Expected: visible
    Timeout: 20000ms
    Error: element(s) not found

    Call log:
      - Expect "toBeVisible" with timeout 20000ms
      - waiting for locator('text=/€|\\$|EUR/').first()


      114 |     await page.goto("/store");
      115 |     // Price elements contain currency symbol
    > 116 |     await expect(page.locator("text=/€|\\$|EUR/").first()).toBeVisible();
          |                                                            ^
      117 |   });
      118 |
      119 |   test("clicking a product card navigates to product detail", async ({ page }) => {
        at /home/tbaltzakis/cloudless.gr/e2e/customer-behavior.spec.ts:116:60

    attachment #1: screenshot (image/png) ──────────────────────────────────────────────────────────
    test-results/customer-behavior-Store-–--58b5f-st-one-product-with-a-price-chromium-retry1/test-failed-1.png
    ────────────────────────────────────────────────────────────────────────────────────────────────

    attachment #2: video (video/webm) ──────────────────────────────────────────────────────────────
    test-results/customer-behavior-Store-–--58b5f-st-one-product-with-a-price-chromium-retry1/video.webm
    ────────────────────────────────────────────────────────────────────────────────────────────────

    Error Context: test-results/customer-behavior-Store-–--58b5f-st-one-product-with-a-price-chromium-retry1/error-context.md

    attachment #4: trace (application/zip) ─────────────────────────────────────────────────────────
    test-results/customer-behavior-Store-–--58b5f-st-one-product-with-a-price-chromium-retry1/trace.zip
    Usage:

        npx playwright show-trace test-results/customer-behavior-Store-–--58b5f-st-one-product-with-a-price-chromium-retry1/trace.zip

    ────────────────────────────────────────────────────────────────────────────────────────────────

  126) [chromium] › e2e/customer-behavior.spec.ts:141:7 › Store – product detail › Cloud Architecture Audit shows name, price, and add-to-cart button 

    Error: expect(locator).toContainText(expected) failed

    Locator: getByRole('heading', { level: 1 })
    Expected pattern: /cloud architecture audit/i
    Received string:  "Page not found"
    Timeout: 20000ms

    Call log:
      - Expect "toContainText" with timeout 20000ms
      - waiting for getByRole('heading', { level: 1 })
        44 × locator resolved to <h1 class="font-heading mt-4 text-3xl font-bold text-white">Page not found</h1>
           - unexpected value "Page not found"


      141 |   test("Cloud Architecture Audit shows name, price, and add-to-cart button", async ({ page }) => {
      142 |     await page.goto("/store/srv-cloud");
    > 143 |     await expect(page.getByRole("heading", { level: 1 })).toContainText(/cloud architecture audit/i);
          |                                                           ^
      144 |     await expect(page.locator("text=/€|\\$|EUR/").first()).toBeVisible();
      145 |     await expect(page.getByRole("button", { name: /add to cart|buy|order/i })).toBeVisible();
      146 |   });
        at /home/tbaltzakis/cloudless.gr/e2e/customer-behavior.spec.ts:143:59

    attachment #1: screenshot (image/png) ──────────────────────────────────────────────────────────
    test-results/customer-behavior-Store-–--e8c35-rice-and-add-to-cart-button-chromium/test-failed-1.png
    ────────────────────────────────────────────────────────────────────────────────────────────────

    attachment #2: video (video/webm) ──────────────────────────────────────────────────────────────
    test-results/customer-behavior-Store-–--e8c35-rice-and-add-to-cart-button-chromium/video.webm
    ────────────────────────────────────────────────────────────────────────────────────────────────

    Error Context: test-results/customer-behavior-Store-–--e8c35-rice-and-add-to-cart-button-chromium/error-context.md

    Retry #1 ───────────────────────────────────────────────────────────────────────────────────────

    Error: expect(locator).toContainText(expected) failed

    Locator: getByRole('heading', { level: 1 })
    Expected pattern: /cloud architecture audit/i
    Received string:  "Page not found"
    Timeout: 20000ms

    Call log:
      - Expect "toContainText" with timeout 20000ms
      - waiting for getByRole('heading', { level: 1 })
        44 × locator resolved to <h1 class="font-heading mt-4 text-3xl font-bold text-white">Page not found</h1>
           - unexpected value "Page not found"


      141 |   test("Cloud Architecture Audit shows name, price, and add-to-cart button", async ({ page }) => {
      142 |     await page.goto("/store/srv-cloud");
    > 143 |     await expect(page.getByRole("heading", { level: 1 })).toContainText(/cloud architecture audit/i);
          |                                                           ^
      144 |     await expect(page.locator("text=/€|\\$|EUR/").first()).toBeVisible();
      145 |     await expect(page.getByRole("button", { name: /add to cart|buy|order/i })).toBeVisible();
      146 |   });
        at /home/tbaltzakis/cloudless.gr/e2e/customer-behavior.spec.ts:143:59

    attachment #1: screenshot (image/png) ──────────────────────────────────────────────────────────
    test-results/customer-behavior-Store-–--e8c35-rice-and-add-to-cart-button-chromium-retry1/test-failed-1.png
    ────────────────────────────────────────────────────────────────────────────────────────────────

    attachment #2: video (video/webm) ──────────────────────────────────────────────────────────────
    test-results/customer-behavior-Store-–--e8c35-rice-and-add-to-cart-button-chromium-retry1/video.webm
    ────────────────────────────────────────────────────────────────────────────────────────────────

    Error Context: test-results/customer-behavior-Store-–--e8c35-rice-and-add-to-cart-button-chromium-retry1/error-context.md

    attachment #4: trace (application/zip) ─────────────────────────────────────────────────────────
    test-results/customer-behavior-Store-–--e8c35-rice-and-add-to-cart-button-chromium-retry1/trace.zip
    Usage:

        npx playwright show-trace test-results/customer-behavior-Store-–--e8c35-rice-and-add-to-cart-button-chromium-retry1/trace.zip

    ────────────────────────────────────────────────────────────────────────────────────────────────

  127) [chromium] › e2e/customer-behavior.spec.ts:148:7 › Store – product detail › digital product detail renders correctly 

    Error: expect(locator).toContainText(expected) failed

    Locator: getByRole('heading', { level: 1 })
    Expected pattern: /playbook/i
    Received string:  "Page not found"
    Timeout: 20000ms

    Call log:
      - Expect "toContainText" with timeout 20000ms
      - waiting for getByRole('heading', { level: 1 })
        44 × locator resolved to <h1 class="font-heading mt-4 text-3xl font-bold text-white">Page not found</h1>
           - unexpected value "Page not found"


      148 |   test("digital product detail renders correctly", async ({ page }) => {
      149 |     await page.goto("/store/dig-cloud-playbook");
    > 150 |     await expect(page.getByRole("heading", { level: 1 })).toContainText(/playbook/i);
          |                                                           ^
      151 |     await expect(page.getByRole("button", { name: /add to cart|buy/i })).toBeVisible();
      152 |   });
      153 |
        at /home/tbaltzakis/cloudless.gr/e2e/customer-behavior.spec.ts:150:59

    attachment #1: screenshot (image/png) ──────────────────────────────────────────────────────────
    test-results/customer-behavior-Store-–--c4f0d-ct-detail-renders-correctly-chromium/test-failed-1.png
    ────────────────────────────────────────────────────────────────────────────────────────────────

    attachment #2: video (video/webm) ──────────────────────────────────────────────────────────────
    test-results/customer-behavior-Store-–--c4f0d-ct-detail-renders-correctly-chromium/video.webm
    ────────────────────────────────────────────────────────────────────────────────────────────────

    Error Context: test-results/customer-behavior-Store-–--c4f0d-ct-detail-renders-correctly-chromium/error-context.md

    Retry #1 ───────────────────────────────────────────────────────────────────────────────────────

    Error: expect(locator).toContainText(expected) failed

    Locator: getByRole('heading', { level: 1 })
    Expected pattern: /playbook/i
    Received string:  "Page not found"
    Timeout: 20000ms

    Call log:
      - Expect "toContainText" with timeout 20000ms
      - waiting for getByRole('heading', { level: 1 })
        44 × locator resolved to <h1 class="font-heading mt-4 text-3xl font-bold text-white">Page not found</h1>
           - unexpected value "Page not found"


      148 |   test("digital product detail renders correctly", async ({ page }) => {
      149 |     await page.goto("/store/dig-cloud-playbook");
    > 150 |     await expect(page.getByRole("heading", { level: 1 })).toContainText(/playbook/i);
          |                                                           ^
      151 |     await expect(page.getByRole("button", { name: /add to cart|buy/i })).toBeVisible();
      152 |   });
      153 |
        at /home/tbaltzakis/cloudless.gr/e2e/customer-behavior.spec.ts:150:59

    attachment #1: screenshot (image/png) ──────────────────────────────────────────────────────────
    test-results/customer-behavior-Store-–--c4f0d-ct-detail-renders-correctly-chromium-retry1/test-failed-1.png
    ────────────────────────────────────────────────────────────────────────────────────────────────

    attachment #2: video (video/webm) ──────────────────────────────────────────────────────────────
    test-results/customer-behavior-Store-–--c4f0d-ct-detail-renders-correctly-chromium-retry1/video.webm
    ────────────────────────────────────────────────────────────────────────────────────────────────

    Error Context: test-results/customer-behavior-Store-–--c4f0d-ct-detail-renders-correctly-chromium-retry1/error-context.md

    attachment #4: trace (application/zip) ─────────────────────────────────────────────────────────
    test-results/customer-behavior-Store-–--c4f0d-ct-detail-renders-correctly-chromium-retry1/trace.zip
    Usage:

        npx playwright show-trace test-results/customer-behavior-Store-–--c4f0d-ct-detail-renders-correctly-chromium-retry1/trace.zip

    ────────────────────────────────────────────────────────────────────────────────────────────────

  128) [chromium] › e2e/customer-behavior.spec.ts:154:7 › Store – product detail › product breadcrumb has a link back to the Store 

    Error: expect(locator).toBeVisible() failed

    Locator: locator('a[href$=\'/store\']').first()
    Expected: visible
    Timeout: 20000ms
    Error: element(s) not found

    Call log:
      - Expect "toBeVisible" with timeout 20000ms
      - waiting for locator('a[href$=\'/store\']').first()


      158 |     // Breadcrumb link with href ending in /store
      159 |     const storeLink = page.locator("a[href$='/store']").first();
    > 160 |     await expect(storeLink).toBeVisible();
          |                             ^
      161 |   });
      162 |
      163 |   test("related products section is rendered", async ({ page }) => {
        at /home/tbaltzakis/cloudless.gr/e2e/customer-behavior.spec.ts:160:29

    attachment #1: screenshot (image/png) ──────────────────────────────────────────────────────────
    test-results/customer-behavior-Store-–--c322c-as-a-link-back-to-the-Store-chromium/test-failed-1.png
    ────────────────────────────────────────────────────────────────────────────────────────────────

    attachment #2: video (video/webm) ──────────────────────────────────────────────────────────────
    test-results/customer-behavior-Store-–--c322c-as-a-link-back-to-the-Store-chromium/video.webm
    ────────────────────────────────────────────────────────────────────────────────────────────────

    Error Context: test-results/customer-behavior-Store-–--c322c-as-a-link-back-to-the-Store-chromium/error-context.md

    Retry #1 ───────────────────────────────────────────────────────────────────────────────────────

    Error: expect(locator).toBeVisible() failed

    Locator: locator('a[href$=\'/store\']').first()
    Expected: visible
    Timeout: 20000ms
    Error: element(s) not found

    Call log:
      - Expect "toBeVisible" with timeout 20000ms
      - waiting for locator('a[href$=\'/store\']').first()


      158 |     // Breadcrumb link with href ending in /store
      159 |     const storeLink = page.locator("a[href$='/store']").first();
    > 160 |     await expect(storeLink).toBeVisible();
          |                             ^
      161 |   });
      162 |
      163 |   test("related products section is rendered", async ({ page }) => {
        at /home/tbaltzakis/cloudless.gr/e2e/customer-behavior.spec.ts:160:29

    attachment #1: screenshot (image/png) ──────────────────────────────────────────────────────────
    test-results/customer-behavior-Store-–--c322c-as-a-link-back-to-the-Store-chromium-retry1/test-failed-1.png
    ────────────────────────────────────────────────────────────────────────────────────────────────

    attachment #2: video (video/webm) ──────────────────────────────────────────────────────────────
    test-results/customer-behavior-Store-–--c322c-as-a-link-back-to-the-Store-chromium-retry1/video.webm
    ────────────────────────────────────────────────────────────────────────────────────────────────

    Error Context: test-results/customer-behavior-Store-–--c322c-as-a-link-back-to-the-Store-chromium-retry1/error-context.md

    attachment #4: trace (application/zip) ─────────────────────────────────────────────────────────
    test-results/customer-behavior-Store-–--c322c-as-a-link-back-to-the-Store-chromium-retry1/trace.zip
    Usage:

        npx playwright show-trace test-results/customer-behavior-Store-–--c322c-as-a-link-back-to-the-Store-chromium-retry1/trace.zip

    ────────────────────────────────────────────────────────────────────────────────────────────────

  129) [chromium] › e2e/customer-behavior.spec.ts:163:7 › Store – product detail › related products section is rendered 

    Error: expect(locator).toBeVisible() failed

    Locator: getByText(/related|you may also|more products/i).first()
    Expected: visible
    Timeout: 20000ms
    Error: element(s) not found

    Call log:
      - Expect "toBeVisible" with timeout 20000ms
      - waiting for getByText(/related|you may also|more products/i).first()


      164 |     await page.goto("/store/srv-cloud");
      165 |     const related = page.getByText(/related|you may also|more products/i).first();
    > 166 |     await expect(related).toBeVisible();
          |                           ^
      167 |   });
      168 |
      169 |   test("non-existent product ID renders a not-found page", async ({ page }) => {
        at /home/tbaltzakis/cloudless.gr/e2e/customer-behavior.spec.ts:166:27

    attachment #1: screenshot (image/png) ──────────────────────────────────────────────────────────
    test-results/customer-behavior-Store-–--66483-roducts-section-is-rendered-chromium/test-failed-1.png
    ────────────────────────────────────────────────────────────────────────────────────────────────

    attachment #2: video (video/webm) ──────────────────────────────────────────────────────────────
    test-results/customer-behavior-Store-–--66483-roducts-section-is-rendered-chromium/video.webm
    ────────────────────────────────────────────────────────────────────────────────────────────────

    Error Context: test-results/customer-behavior-Store-–--66483-roducts-section-is-rendered-chromium/error-context.md

    Retry #1 ───────────────────────────────────────────────────────────────────────────────────────

    Error: expect(locator).toBeVisible() failed

    Locator: getByText(/related|you may also|more products/i).first()
    Expected: visible
    Timeout: 20000ms
    Error: element(s) not found

    Call log:
      - Expect "toBeVisible" with timeout 20000ms
      - waiting for getByText(/related|you may also|more products/i).first()


      164 |     await page.goto("/store/srv-cloud");
      165 |     const related = page.getByText(/related|you may also|more products/i).first();
    > 166 |     await expect(related).toBeVisible();
          |                           ^
      167 |   });
      168 |
      169 |   test("non-existent product ID renders a not-found page", async ({ page }) => {
        at /home/tbaltzakis/cloudless.gr/e2e/customer-behavior.spec.ts:166:27

    attachment #1: screenshot (image/png) ──────────────────────────────────────────────────────────
    test-results/customer-behavior-Store-–--66483-roducts-section-is-rendered-chromium-retry1/test-failed-1.png
    ────────────────────────────────────────────────────────────────────────────────────────────────

    attachment #2: video (video/webm) ──────────────────────────────────────────────────────────────
    test-results/customer-behavior-Store-–--66483-roducts-section-is-rendered-chromium-retry1/video.webm
    ────────────────────────────────────────────────────────────────────────────────────────────────

    Error Context: test-results/customer-behavior-Store-–--66483-roducts-section-is-rendered-chromium-retry1/error-context.md

    attachment #4: trace (application/zip) ─────────────────────────────────────────────────────────
    test-results/customer-behavior-Store-–--66483-roducts-section-is-rendered-chromium-retry1/trace.zip
    Usage:

        npx playwright show-trace test-results/customer-behavior-Store-–--66483-roducts-section-is-rendered-chromium-retry1/trace.zip

    ────────────────────────────────────────────────────────────────────────────────────────────────

  130) [chromium] › e2e/customer-behavior.spec.ts:230:7 › Blog › at least one article link is present 

    Error: expect(received).toBeGreaterThan(expected)

    Expected: > 0
    Received:   0

      241 |       }
      242 |     }
    > 243 |     expect(blogLinks.length).toBeGreaterThan(0);
          |                              ^
      244 |   });
      245 |
      246 |   test("clicking a blog post navigates to the article page", async ({ page }) => {
        at /home/tbaltzakis/cloudless.gr/e2e/customer-behavior.spec.ts:243:30

    attachment #1: screenshot (image/png) ──────────────────────────────────────────────────────────
    test-results/customer-behavior-Blog-at-least-one-article-link-is-present-chromium/test-failed-1.png
    ────────────────────────────────────────────────────────────────────────────────────────────────

    attachment #2: video (video/webm) ──────────────────────────────────────────────────────────────
    test-results/customer-behavior-Blog-at-least-one-article-link-is-present-chromium/video.webm
    ────────────────────────────────────────────────────────────────────────────────────────────────

    Error Context: test-results/customer-behavior-Blog-at-least-one-article-link-is-present-chromium/error-context.md

    Retry #1 ───────────────────────────────────────────────────────────────────────────────────────

    Error: expect(received).toBeGreaterThan(expected)

    Expected: > 0
    Received:   0

      241 |       }
      242 |     }
    > 243 |     expect(blogLinks.length).toBeGreaterThan(0);
          |                              ^
      244 |   });
      245 |
      246 |   test("clicking a blog post navigates to the article page", async ({ page }) => {
        at /home/tbaltzakis/cloudless.gr/e2e/customer-behavior.spec.ts:243:30

    attachment #1: screenshot (image/png) ──────────────────────────────────────────────────────────
    test-results/customer-behavior-Blog-at-least-one-article-link-is-present-chromium-retry1/test-failed-1.png
    ────────────────────────────────────────────────────────────────────────────────────────────────

    attachment #2: video (video/webm) ──────────────────────────────────────────────────────────────
    test-results/customer-behavior-Blog-at-least-one-article-link-is-present-chromium-retry1/video.webm
    ────────────────────────────────────────────────────────────────────────────────────────────────

    Error Context: test-results/customer-behavior-Blog-at-least-one-article-link-is-present-chromium-retry1/error-context.md

    attachment #4: trace (application/zip) ─────────────────────────────────────────────────────────
    test-results/customer-behavior-Blog-at-least-one-article-link-is-present-chromium-retry1/trace.zip
    Usage:

        npx playwright show-trace test-results/customer-behavior-Blog-at-least-one-article-link-is-present-chromium-retry1/trace.zip

    ────────────────────────────────────────────────────────────────────────────────────────────────

  131) [chromium] › e2e/customer-behavior.spec.ts:277:7 › Contact form › renders name, email, and message fields plus Send Message button 

    Error: expect(locator).toBeVisible() failed

    Locator: locator('#name')
    Expected: visible
    Timeout: 20000ms
    Error: element(s) not found

    Call log:
      - Expect "toBeVisible" with timeout 20000ms
      - waiting for locator('#name')


      278 |     await page.goto("/contact");
      279 |     await expect(page.getByRole("heading", { level: 1 })).toBeVisible();
    > 280 |     await expect(page.locator("#name")).toBeVisible();
          |                                         ^
      281 |     await expect(page.locator("#email")).toBeVisible();
      282 |     await expect(page.locator("#message")).toBeVisible();
      283 |     await expect(page.getByRole("button", { name: /send message/i })).toBeVisible();
        at /home/tbaltzakis/cloudless.gr/e2e/customer-behavior.spec.ts:280:41

    attachment #1: screenshot (image/png) ──────────────────────────────────────────────────────────
    test-results/customer-behavior-Contact--4d513-ds-plus-Send-Message-button-chromium/test-failed-1.png
    ────────────────────────────────────────────────────────────────────────────────────────────────

    attachment #2: video (video/webm) ──────────────────────────────────────────────────────────────
    test-results/customer-behavior-Contact--4d513-ds-plus-Send-Message-button-chromium/video.webm
    ────────────────────────────────────────────────────────────────────────────────────────────────

    Error Context: test-results/customer-behavior-Contact--4d513-ds-plus-Send-Message-button-chromium/error-context.md

    Retry #1 ───────────────────────────────────────────────────────────────────────────────────────

    Error: expect(locator).toBeVisible() failed

    Locator: locator('#name')
    Expected: visible
    Timeout: 20000ms
    Error: element(s) not found

    Call log:
      - Expect "toBeVisible" with timeout 20000ms
      - waiting for locator('#name')


      278 |     await page.goto("/contact");
      279 |     await expect(page.getByRole("heading", { level: 1 })).toBeVisible();
    > 280 |     await expect(page.locator("#name")).toBeVisible();
          |                                         ^
      281 |     await expect(page.locator("#email")).toBeVisible();
      282 |     await expect(page.locator("#message")).toBeVisible();
      283 |     await expect(page.getByRole("button", { name: /send message/i })).toBeVisible();
        at /home/tbaltzakis/cloudless.gr/e2e/customer-behavior.spec.ts:280:41

    attachment #1: screenshot (image/png) ──────────────────────────────────────────────────────────
    test-results/customer-behavior-Contact--4d513-ds-plus-Send-Message-button-chromium-retry1/test-failed-1.png
    ────────────────────────────────────────────────────────────────────────────────────────────────

    attachment #2: video (video/webm) ──────────────────────────────────────────────────────────────
    test-results/customer-behavior-Contact--4d513-ds-plus-Send-Message-button-chromium-retry1/video.webm
    ────────────────────────────────────────────────────────────────────────────────────────────────

    Error Context: test-results/customer-behavior-Contact--4d513-ds-plus-Send-Message-button-chromium-retry1/error-context.md

    attachment #4: trace (application/zip) ─────────────────────────────────────────────────────────
    test-results/customer-behavior-Contact--4d513-ds-plus-Send-Message-button-chromium-retry1/trace.zip
    Usage:

        npx playwright show-trace test-results/customer-behavior-Contact--4d513-ds-plus-Send-Message-button-chromium-retry1/trace.zip

    ────────────────────────────────────────────────────────────────────────────────────────────────

  132) [chromium] › e2e/customer-behavior.spec.ts:286:7 › Contact form › submitting empty form stays on contact page (HTML5 validation) 

    Test timeout of 60000ms exceeded.

    Error: locator.click: Test timeout of 60000ms exceeded.
    Call log:
      - waiting for getByRole('button', { name: /send message/i })


      286 |   test("submitting empty form stays on contact page (HTML5 validation)", async ({ page }) => {
      287 |     await page.goto("/contact");
    > 288 |     await page.getByRole("button", { name: /send message/i }).click();
          |                                                               ^
      289 |     expect(page.url()).toMatch(/\/contact/);
      290 |   });
      291 |
        at /home/tbaltzakis/cloudless.gr/e2e/customer-behavior.spec.ts:288:63

    attachment #1: screenshot (image/png) ──────────────────────────────────────────────────────────
    test-results/customer-behavior-Contact--57229-tact-page-HTML5-validation--chromium/test-failed-1.png
    ────────────────────────────────────────────────────────────────────────────────────────────────

    attachment #2: video (video/webm) ──────────────────────────────────────────────────────────────
    test-results/customer-behavior-Contact--57229-tact-page-HTML5-validation--chromium/video.webm
    ────────────────────────────────────────────────────────────────────────────────────────────────

    Error Context: test-results/customer-behavior-Contact--57229-tact-page-HTML5-validation--chromium/error-context.md

    Retry #1 ───────────────────────────────────────────────────────────────────────────────────────

    Test timeout of 60000ms exceeded.

    Error: locator.click: Test timeout of 60000ms exceeded.
    Call log:
      - waiting for getByRole('button', { name: /send message/i })


      286 |   test("submitting empty form stays on contact page (HTML5 validation)", async ({ page }) => {
      287 |     await page.goto("/contact");
    > 288 |     await page.getByRole("button", { name: /send message/i }).click();
          |                                                               ^
      289 |     expect(page.url()).toMatch(/\/contact/);
      290 |   });
      291 |
        at /home/tbaltzakis/cloudless.gr/e2e/customer-behavior.spec.ts:288:63

    attachment #1: screenshot (image/png) ──────────────────────────────────────────────────────────
    test-results/customer-behavior-Contact--57229-tact-page-HTML5-validation--chromium-retry1/test-failed-1.png
    ────────────────────────────────────────────────────────────────────────────────────────────────

    attachment #2: video (video/webm) ──────────────────────────────────────────────────────────────
    test-results/customer-behavior-Contact--57229-tact-page-HTML5-validation--chromium-retry1/video.webm
    ────────────────────────────────────────────────────────────────────────────────────────────────

    Error Context: test-results/customer-behavior-Contact--57229-tact-page-HTML5-validation--chromium-retry1/error-context.md

    attachment #4: trace (application/zip) ─────────────────────────────────────────────────────────
    test-results/customer-behavior-Contact--57229-tact-page-HTML5-validation--chromium-retry1/trace.zip
    Usage:

        npx playwright show-trace test-results/customer-behavior-Contact--57229-tact-page-HTML5-validation--chromium-retry1/trace.zip

    ────────────────────────────────────────────────────────────────────────────────────────────────

  133) [chromium] › e2e/customer-behavior.spec.ts:292:7 › Contact form › typing a valid message into all fields is possible 

    Test timeout of 60000ms exceeded.

    Error: locator.fill: Test timeout of 60000ms exceeded.
    Call log:
      - waiting for locator('#name')


      292 |   test("typing a valid message into all fields is possible", async ({ page }) => {
      293 |     await page.goto("/contact");
    > 294 |     await page.locator("#name").fill("Playwright Test");
          |                                 ^
      295 |     await page.locator("#email").fill("playwright@example.com");
      296 |     await page.locator("#message").fill("Automated test message — please ignore.");
      297 |     await expect(page.locator("#name")).toHaveValue("Playwright Test");
        at /home/tbaltzakis/cloudless.gr/e2e/customer-behavior.spec.ts:294:33

    attachment #1: screenshot (image/png) ──────────────────────────────────────────────────────────
    test-results/customer-behavior-Contact--52118-into-all-fields-is-possible-chromium/test-failed-1.png
    ────────────────────────────────────────────────────────────────────────────────────────────────

    attachment #2: video (video/webm) ──────────────────────────────────────────────────────────────
    test-results/customer-behavior-Contact--52118-into-all-fields-is-possible-chromium/video.webm
    ────────────────────────────────────────────────────────────────────────────────────────────────

    Error Context: test-results/customer-behavior-Contact--52118-into-all-fields-is-possible-chromium/error-context.md

    Retry #1 ───────────────────────────────────────────────────────────────────────────────────────

    Test timeout of 60000ms exceeded.

    Error: locator.fill: Test timeout of 60000ms exceeded.
    Call log:
      - waiting for locator('#name')


      292 |   test("typing a valid message into all fields is possible", async ({ page }) => {
      293 |     await page.goto("/contact");
    > 294 |     await page.locator("#name").fill("Playwright Test");
          |                                 ^
      295 |     await page.locator("#email").fill("playwright@example.com");
      296 |     await page.locator("#message").fill("Automated test message — please ignore.");
      297 |     await expect(page.locator("#name")).toHaveValue("Playwright Test");
        at /home/tbaltzakis/cloudless.gr/e2e/customer-behavior.spec.ts:294:33

    attachment #1: screenshot (image/png) ──────────────────────────────────────────────────────────
    test-results/customer-behavior-Contact--52118-into-all-fields-is-possible-chromium-retry1/test-failed-1.png
    ────────────────────────────────────────────────────────────────────────────────────────────────

    attachment #2: video (video/webm) ──────────────────────────────────────────────────────────────
    test-results/customer-behavior-Contact--52118-into-all-fields-is-possible-chromium-retry1/video.webm
    ────────────────────────────────────────────────────────────────────────────────────────────────

    Error Context: test-results/customer-behavior-Contact--52118-into-all-fields-is-possible-chromium-retry1/error-context.md

    attachment #4: trace (application/zip) ─────────────────────────────────────────────────────────
    test-results/customer-behavior-Contact--52118-into-all-fields-is-possible-chromium-retry1/trace.zip
    Usage:

        npx playwright show-trace test-results/customer-behavior-Contact--52118-into-all-fields-is-possible-chromium-retry1/trace.zip

    ────────────────────────────────────────────────────────────────────────────────────────────────

  134) [chromium] › e2e/customer-behavior.spec.ts:348:7 › Auth – Login page › renders email, password fields and Sign In button 

    Error: login page must show Continue with AWS button or email field

    expect(received).toBeTruthy()

    Received: false

      351 |     const hasAws = await page.getByRole("button", { name: /continue with aws/i }).isVisible({ timeout: 10_000 }).catch(() => false);
      352 |     const hasEmail = await page.locator("#login-email").isVisible({ timeout: 5_000 }).catch(() => false);
    > 353 |     expect(hasAws || hasEmail, "login page must show Continue with AWS button or email field").toBeTruthy();
          |                                                                                                ^
      354 |   });
      355 |
      356 |   test("has a Create Account signup link", async ({ page }) => {
        at /home/tbaltzakis/cloudless.gr/e2e/customer-behavior.spec.ts:353:96

    attachment #1: screenshot (image/png) ──────────────────────────────────────────────────────────
    test-results/customer-behavior-Auth-–-L-40253-d-fields-and-Sign-In-button-chromium/test-failed-1.png
    ────────────────────────────────────────────────────────────────────────────────────────────────

    attachment #2: video (video/webm) ──────────────────────────────────────────────────────────────
    test-results/customer-behavior-Auth-–-L-40253-d-fields-and-Sign-In-button-chromium/video.webm
    ────────────────────────────────────────────────────────────────────────────────────────────────

    Error Context: test-results/customer-behavior-Auth-–-L-40253-d-fields-and-Sign-In-button-chromium/error-context.md

    Retry #1 ───────────────────────────────────────────────────────────────────────────────────────

    Error: login page must show Continue with AWS button or email field

    expect(received).toBeTruthy()

    Received: false

      351 |     const hasAws = await page.getByRole("button", { name: /continue with aws/i }).isVisible({ timeout: 10_000 }).catch(() => false);
      352 |     const hasEmail = await page.locator("#login-email").isVisible({ timeout: 5_000 }).catch(() => false);
    > 353 |     expect(hasAws || hasEmail, "login page must show Continue with AWS button or email field").toBeTruthy();
          |                                                                                                ^
      354 |   });
      355 |
      356 |   test("has a Create Account signup link", async ({ page }) => {
        at /home/tbaltzakis/cloudless.gr/e2e/customer-behavior.spec.ts:353:96

    attachment #1: screenshot (image/png) ──────────────────────────────────────────────────────────
    test-results/customer-behavior-Auth-–-L-40253-d-fields-and-Sign-In-button-chromium-retry1/test-failed-1.png
    ────────────────────────────────────────────────────────────────────────────────────────────────

    attachment #2: video (video/webm) ──────────────────────────────────────────────────────────────
    test-results/customer-behavior-Auth-–-L-40253-d-fields-and-Sign-In-button-chromium-retry1/video.webm
    ────────────────────────────────────────────────────────────────────────────────────────────────

    Error Context: test-results/customer-behavior-Auth-–-L-40253-d-fields-and-Sign-In-button-chromium-retry1/error-context.md

    attachment #4: trace (application/zip) ─────────────────────────────────────────────────────────
    test-results/customer-behavior-Auth-–-L-40253-d-fields-and-Sign-In-button-chromium-retry1/trace.zip
    Usage:

        npx playwright show-trace test-results/customer-behavior-Auth-–-L-40253-d-fields-and-Sign-In-button-chromium-retry1/trace.zip

    ────────────────────────────────────────────────────────────────────────────────────────────────

  135) [chromium] › e2e/customer-behavior.spec.ts:356:7 › Auth – Login page › has a Create Account signup link 

    Error: expect(locator).toBeVisible() failed

    Locator: getByRole('link', { name: /create account/i })
    Expected: visible
    Timeout: 20000ms
    Error: element(s) not found

    Call log:
      - Expect "toBeVisible" with timeout 20000ms
      - waiting for getByRole('link', { name: /create account/i })


      357 |     await page.goto("/auth/login");
      358 |     await page.waitForLoadState("networkidle").catch(() => {});
    > 359 |     await expect(page.getByRole("link", { name: /create account/i })).toBeVisible();
          |                                                                       ^
      360 |   });
      361 |
      362 |   test("has a Forgot Password link", async ({ page }) => {
        at /home/tbaltzakis/cloudless.gr/e2e/customer-behavior.spec.ts:359:71

    attachment #1: screenshot (image/png) ──────────────────────────────────────────────────────────
    test-results/customer-behavior-Auth-–-L-54dbd--Create-Account-signup-link-chromium/test-failed-1.png
    ────────────────────────────────────────────────────────────────────────────────────────────────

    attachment #2: video (video/webm) ──────────────────────────────────────────────────────────────
    test-results/customer-behavior-Auth-–-L-54dbd--Create-Account-signup-link-chromium/video.webm
    ────────────────────────────────────────────────────────────────────────────────────────────────

    Error Context: test-results/customer-behavior-Auth-–-L-54dbd--Create-Account-signup-link-chromium/error-context.md

    Retry #1 ───────────────────────────────────────────────────────────────────────────────────────

    Error: expect(locator).toBeVisible() failed

    Locator: getByRole('link', { name: /create account/i })
    Expected: visible
    Timeout: 20000ms
    Error: element(s) not found

    Call log:
      - Expect "toBeVisible" with timeout 20000ms
      - waiting for getByRole('link', { name: /create account/i })


      357 |     await page.goto("/auth/login");
      358 |     await page.waitForLoadState("networkidle").catch(() => {});
    > 359 |     await expect(page.getByRole("link", { name: /create account/i })).toBeVisible();
          |                                                                       ^
      360 |   });
      361 |
      362 |   test("has a Forgot Password link", async ({ page }) => {
        at /home/tbaltzakis/cloudless.gr/e2e/customer-behavior.spec.ts:359:71

    attachment #1: screenshot (image/png) ──────────────────────────────────────────────────────────
    test-results/customer-behavior-Auth-–-L-54dbd--Create-Account-signup-link-chromium-retry1/test-failed-1.png
    ────────────────────────────────────────────────────────────────────────────────────────────────

    attachment #2: video (video/webm) ──────────────────────────────────────────────────────────────
    test-results/customer-behavior-Auth-–-L-54dbd--Create-Account-signup-link-chromium-retry1/video.webm
    ────────────────────────────────────────────────────────────────────────────────────────────────

    Error Context: test-results/customer-behavior-Auth-–-L-54dbd--Create-Account-signup-link-chromium-retry1/error-context.md

    attachment #4: trace (application/zip) ─────────────────────────────────────────────────────────
    test-results/customer-behavior-Auth-–-L-54dbd--Create-Account-signup-link-chromium-retry1/trace.zip
    Usage:

        npx playwright show-trace test-results/customer-behavior-Auth-–-L-54dbd--Create-Account-signup-link-chromium-retry1/trace.zip

    ────────────────────────────────────────────────────────────────────────────────────────────────

  136) [chromium] › e2e/customer-behavior.spec.ts:381:7 › Auth – Signup page › renders Full Name, email, password fields and Create Account button 

    Error: expect(locator).toBeVisible() failed

    Locator: locator('#signup-email')
    Expected: visible
    Timeout: 20000ms
    Error: element(s) not found

    Call log:
      - Expect "toBeVisible" with timeout 20000ms
      - waiting for locator('#signup-email')


      381 |   test("renders Full Name, email, password fields and Create Account button", async ({ page }) => {
      382 |     await page.goto("/auth/signup");
    > 383 |     await expect(page.locator("#signup-email")).toBeVisible();
          |                                                 ^
      384 |     await expect(page.locator("#signup-password")).toBeVisible();
      385 |     await expect(page.locator("#signup-confirm-password")).toBeVisible();
      386 |     await expect(page.getByRole("button", { name: /create account/i })).toBeVisible();
        at /home/tbaltzakis/cloudless.gr/e2e/customer-behavior.spec.ts:383:49

    attachment #1: screenshot (image/png) ──────────────────────────────────────────────────────────
    test-results/customer-behavior-Auth-–-S-5817d-s-and-Create-Account-button-chromium/test-failed-1.png
    ────────────────────────────────────────────────────────────────────────────────────────────────

    attachment #2: video (video/webm) ──────────────────────────────────────────────────────────────
    test-results/customer-behavior-Auth-–-S-5817d-s-and-Create-Account-button-chromium/video.webm
    ────────────────────────────────────────────────────────────────────────────────────────────────

    Error Context: test-results/customer-behavior-Auth-–-S-5817d-s-and-Create-Account-button-chromium/error-context.md

    Retry #1 ───────────────────────────────────────────────────────────────────────────────────────

    Error: expect(locator).toBeVisible() failed

    Locator: locator('#signup-email')
    Expected: visible
    Timeout: 20000ms
    Error: element(s) not found

    Call log:
      - Expect "toBeVisible" with timeout 20000ms
      - waiting for locator('#signup-email')


      381 |   test("renders Full Name, email, password fields and Create Account button", async ({ page }) => {
      382 |     await page.goto("/auth/signup");
    > 383 |     await expect(page.locator("#signup-email")).toBeVisible();
          |                                                 ^
      384 |     await expect(page.locator("#signup-password")).toBeVisible();
      385 |     await expect(page.locator("#signup-confirm-password")).toBeVisible();
      386 |     await expect(page.getByRole("button", { name: /create account/i })).toBeVisible();
        at /home/tbaltzakis/cloudless.gr/e2e/customer-behavior.spec.ts:383:49

    attachment #1: screenshot (image/png) ──────────────────────────────────────────────────────────
    test-results/customer-behavior-Auth-–-S-5817d-s-and-Create-Account-button-chromium-retry1/test-failed-1.png
    ────────────────────────────────────────────────────────────────────────────────────────────────

    attachment #2: video (video/webm) ──────────────────────────────────────────────────────────────
    test-results/customer-behavior-Auth-–-S-5817d-s-and-Create-Account-button-chromium-retry1/video.webm
    ────────────────────────────────────────────────────────────────────────────────────────────────

    Error Context: test-results/customer-behavior-Auth-–-S-5817d-s-and-Create-Account-button-chromium-retry1/error-context.md

    attachment #4: trace (application/zip) ─────────────────────────────────────────────────────────
    test-results/customer-behavior-Auth-–-S-5817d-s-and-Create-Account-button-chromium-retry1/trace.zip
    Usage:

        npx playwright show-trace test-results/customer-behavior-Auth-–-S-5817d-s-and-Create-Account-button-chromium-retry1/trace.zip

    ────────────────────────────────────────────────────────────────────────────────────────────────

  137) [chromium] › e2e/customer-behavior.spec.ts:389:7 › Auth – Signup page › has a Sign In link back to login 

    Error: expect(locator).toBeVisible() failed

    Locator: locator('#signup-email')
    Expected: visible
    Timeout: 10000ms
    Error: element(s) not found

    Call log:
      - Expect "toBeVisible" with timeout 10000ms
      - waiting for locator('#signup-email')


      390 |     await page.goto("/auth/signup");
      391 |     await page.waitForLoadState("networkidle");
    > 392 |     await expect(page.locator("#signup-email")).toBeVisible({ timeout: 10000 });
          |                                                 ^
      393 |     // Sign In link sits below the form — scroll it into view
      394 |     const signInLink = page.getByRole("link", { name: /sign in/i }).first();
      395 |     await signInLink.scrollIntoViewIfNeeded();
        at /home/tbaltzakis/cloudless.gr/e2e/customer-behavior.spec.ts:392:49

    attachment #1: screenshot (image/png) ──────────────────────────────────────────────────────────
    test-results/customer-behavior-Auth-–-S-329e7--Sign-In-link-back-to-login-chromium/test-failed-1.png
    ────────────────────────────────────────────────────────────────────────────────────────────────

    attachment #2: video (video/webm) ──────────────────────────────────────────────────────────────
    test-results/customer-behavior-Auth-–-S-329e7--Sign-In-link-back-to-login-chromium/video.webm
    ────────────────────────────────────────────────────────────────────────────────────────────────

    Error Context: test-results/customer-behavior-Auth-–-S-329e7--Sign-In-link-back-to-login-chromium/error-context.md

    Retry #1 ───────────────────────────────────────────────────────────────────────────────────────

    Error: expect(locator).toBeVisible() failed

    Locator: locator('#signup-email')
    Expected: visible
    Timeout: 10000ms
    Error: element(s) not found

    Call log:
      - Expect "toBeVisible" with timeout 10000ms
      - waiting for locator('#signup-email')


      390 |     await page.goto("/auth/signup");
      391 |     await page.waitForLoadState("networkidle");
    > 392 |     await expect(page.locator("#signup-email")).toBeVisible({ timeout: 10000 });
          |                                                 ^
      393 |     // Sign In link sits below the form — scroll it into view
      394 |     const signInLink = page.getByRole("link", { name: /sign in/i }).first();
      395 |     await signInLink.scrollIntoViewIfNeeded();
        at /home/tbaltzakis/cloudless.gr/e2e/customer-behavior.spec.ts:392:49

    attachment #1: screenshot (image/png) ──────────────────────────────────────────────────────────
    test-results/customer-behavior-Auth-–-S-329e7--Sign-In-link-back-to-login-chromium-retry1/test-failed-1.png
    ────────────────────────────────────────────────────────────────────────────────────────────────

    attachment #2: video (video/webm) ──────────────────────────────────────────────────────────────
    test-results/customer-behavior-Auth-–-S-329e7--Sign-In-link-back-to-login-chromium-retry1/video.webm
    ────────────────────────────────────────────────────────────────────────────────────────────────

    Error Context: test-results/customer-behavior-Auth-–-S-329e7--Sign-In-link-back-to-login-chromium-retry1/error-context.md

    attachment #4: trace (application/zip) ─────────────────────────────────────────────────────────
    test-results/customer-behavior-Auth-–-S-329e7--Sign-In-link-back-to-login-chromium-retry1/trace.zip
    Usage:

        npx playwright show-trace test-results/customer-behavior-Auth-–-S-329e7--Sign-In-link-back-to-login-chromium-retry1/trace.zip

    ────────────────────────────────────────────────────────────────────────────────────────────────

  138) [chromium] › e2e/customer-behavior.spec.ts:399:7 › Auth – Signup page › password mismatch shows an error 

    Error: expect(locator).toBeVisible() failed

    Locator: locator('#signup-email')
    Expected: visible
    Timeout: 20000ms
    Error: element(s) not found

    Call log:
      - Expect "toBeVisible" with timeout 20000ms
      - waiting for locator('#signup-email')


      399 |   test("password mismatch shows an error", async ({ page }) => {
      400 |     await page.goto("/auth/signup");
    > 401 |     await expect(page.locator("#signup-email")).toBeVisible();
          |                                                 ^
      402 |     await page.locator("#signup-email").fill("test@example.com");
      403 |     await page.locator("#signup-password").fill("password123");
      404 |     await page.locator("#signup-confirm-password").fill("different456");
        at /home/tbaltzakis/cloudless.gr/e2e/customer-behavior.spec.ts:401:49

    attachment #1: screenshot (image/png) ──────────────────────────────────────────────────────────
    test-results/customer-behavior-Auth-–-S-4ca41-ord-mismatch-shows-an-error-chromium/test-failed-1.png
    ────────────────────────────────────────────────────────────────────────────────────────────────

    attachment #2: video (video/webm) ──────────────────────────────────────────────────────────────
    test-results/customer-behavior-Auth-–-S-4ca41-ord-mismatch-shows-an-error-chromium/video.webm
    ────────────────────────────────────────────────────────────────────────────────────────────────

    Error Context: test-results/customer-behavior-Auth-–-S-4ca41-ord-mismatch-shows-an-error-chromium/error-context.md

    Retry #1 ───────────────────────────────────────────────────────────────────────────────────────

    Error: expect(locator).toBeVisible() failed

    Locator: locator('#signup-email')
    Expected: visible
    Timeout: 20000ms
    Error: element(s) not found

    Call log:
      - Expect "toBeVisible" with timeout 20000ms
      - waiting for locator('#signup-email')


      399 |   test("password mismatch shows an error", async ({ page }) => {
      400 |     await page.goto("/auth/signup");
    > 401 |     await expect(page.locator("#signup-email")).toBeVisible();
          |                                                 ^
      402 |     await page.locator("#signup-email").fill("test@example.com");
      403 |     await page.locator("#signup-password").fill("password123");
      404 |     await page.locator("#signup-confirm-password").fill("different456");
        at /home/tbaltzakis/cloudless.gr/e2e/customer-behavior.spec.ts:401:49

    attachment #1: screenshot (image/png) ──────────────────────────────────────────────────────────
    test-results/customer-behavior-Auth-–-S-4ca41-ord-mismatch-shows-an-error-chromium-retry1/test-failed-1.png
    ────────────────────────────────────────────────────────────────────────────────────────────────

    attachment #2: video (video/webm) ──────────────────────────────────────────────────────────────
    test-results/customer-behavior-Auth-–-S-4ca41-ord-mismatch-shows-an-error-chromium-retry1/video.webm
    ────────────────────────────────────────────────────────────────────────────────────────────────

    Error Context: test-results/customer-behavior-Auth-–-S-4ca41-ord-mismatch-shows-an-error-chromium-retry1/error-context.md

    attachment #4: trace (application/zip) ─────────────────────────────────────────────────────────
    test-results/customer-behavior-Auth-–-S-4ca41-ord-mismatch-shows-an-error-chromium-retry1/trace.zip
    Usage:

        npx playwright show-trace test-results/customer-behavior-Auth-–-S-4ca41-ord-mismatch-shows-an-error-chromium-retry1/trace.zip

    ────────────────────────────────────────────────────────────────────────────────────────────────

  139) [chromium] › e2e/customer-behavior.spec.ts:412:7 › Auth – Forgot Password page › renders email input and a submit button 

    Error: expect(locator).toBeVisible() failed

    Locator: locator('#forgot-email')
    Expected: visible
    Timeout: 15000ms
    Error: element(s) not found

    Call log:
      - Expect "toBeVisible" with timeout 15000ms
      - waiting for locator('#forgot-email')


      413 |     await page.goto("/auth/forgot-password");
      414 |     await page.waitForLoadState("networkidle");
    > 415 |     await expect(page.locator("#forgot-email")).toBeVisible({ timeout: 15000 });
          |                                                 ^
      416 |     await expect(page.getByRole("button", { name: /send reset link/i })).toBeVisible();
      417 |   });
      418 | });
        at /home/tbaltzakis/cloudless.gr/e2e/customer-behavior.spec.ts:415:49

    attachment #1: screenshot (image/png) ──────────────────────────────────────────────────────────
    test-results/customer-behavior-Auth-–-F-3bdfb-l-input-and-a-submit-button-chromium/test-failed-1.png
    ────────────────────────────────────────────────────────────────────────────────────────────────

    attachment #2: video (video/webm) ──────────────────────────────────────────────────────────────
    test-results/customer-behavior-Auth-–-F-3bdfb-l-input-and-a-submit-button-chromium/video.webm
    ────────────────────────────────────────────────────────────────────────────────────────────────

    Error Context: test-results/customer-behavior-Auth-–-F-3bdfb-l-input-and-a-submit-button-chromium/error-context.md

    Retry #1 ───────────────────────────────────────────────────────────────────────────────────────

    Error: expect(locator).toBeVisible() failed

    Locator: locator('#forgot-email')
    Expected: visible
    Timeout: 15000ms
    Error: element(s) not found

    Call log:
      - Expect "toBeVisible" with timeout 15000ms
      - waiting for locator('#forgot-email')


      413 |     await page.goto("/auth/forgot-password");
      414 |     await page.waitForLoadState("networkidle");
    > 415 |     await expect(page.locator("#forgot-email")).toBeVisible({ timeout: 15000 });
          |                                                 ^
      416 |     await expect(page.getByRole("button", { name: /send reset link/i })).toBeVisible();
      417 |   });
      418 | });
        at /home/tbaltzakis/cloudless.gr/e2e/customer-behavior.spec.ts:415:49

    attachment #1: screenshot (image/png) ──────────────────────────────────────────────────────────
    test-results/customer-behavior-Auth-–-F-3bdfb-l-input-and-a-submit-button-chromium-retry1/test-failed-1.png
    ────────────────────────────────────────────────────────────────────────────────────────────────

    attachment #2: video (video/webm) ──────────────────────────────────────────────────────────────
    test-results/customer-behavior-Auth-–-F-3bdfb-l-input-and-a-submit-button-chromium-retry1/video.webm
    ────────────────────────────────────────────────────────────────────────────────────────────────

    Error Context: test-results/customer-behavior-Auth-–-F-3bdfb-l-input-and-a-submit-button-chromium-retry1/error-context.md

    attachment #4: trace (application/zip) ─────────────────────────────────────────────────────────
    test-results/customer-behavior-Auth-–-F-3bdfb-l-input-and-a-submit-button-chromium-retry1/trace.zip
    Usage:

        npx playwright show-trace test-results/customer-behavior-Auth-–-F-3bdfb-l-input-and-a-submit-button-chromium-retry1/trace.zip

    ────────────────────────────────────────────────────────────────────────────────────────────────

  140) [chromium] › e2e/customer-behavior.spec.ts:527:7 › 404 handling › unknown route returns 404 status 

    Error: expect(received).toBe(expected) // Object.is equality

    Expected: 404
    Received: 200

      527 |   test("unknown route returns 404 status", async ({ page }) => {
      528 |     const res = await page.goto("/this-page-xyz-does-not-exist");
    > 529 |     expect(res?.status()).toBe(404);
          |                           ^
      530 |   });
      531 |
      532 |   test("404 page has a message and a home link", async ({ page }) => {
        at /home/tbaltzakis/cloudless.gr/e2e/customer-behavior.spec.ts:529:27

    attachment #1: screenshot (image/png) ──────────────────────────────────────────────────────────
    test-results/customer-behavior-404-hand-5f23a-wn-route-returns-404-status-chromium/test-failed-1.png
    ────────────────────────────────────────────────────────────────────────────────────────────────

    attachment #2: video (video/webm) ──────────────────────────────────────────────────────────────
    test-results/customer-behavior-404-hand-5f23a-wn-route-returns-404-status-chromium/video.webm
    ────────────────────────────────────────────────────────────────────────────────────────────────

    Error Context: test-results/customer-behavior-404-hand-5f23a-wn-route-returns-404-status-chromium/error-context.md

    Retry #1 ───────────────────────────────────────────────────────────────────────────────────────

    Error: expect(received).toBe(expected) // Object.is equality

    Expected: 404
    Received: 200

      527 |   test("unknown route returns 404 status", async ({ page }) => {
      528 |     const res = await page.goto("/this-page-xyz-does-not-exist");
    > 529 |     expect(res?.status()).toBe(404);
          |                           ^
      530 |   });
      531 |
      532 |   test("404 page has a message and a home link", async ({ page }) => {
        at /home/tbaltzakis/cloudless.gr/e2e/customer-behavior.spec.ts:529:27

    attachment #1: screenshot (image/png) ──────────────────────────────────────────────────────────
    test-results/customer-behavior-404-hand-5f23a-wn-route-returns-404-status-chromium-retry1/test-failed-1.png
    ────────────────────────────────────────────────────────────────────────────────────────────────

    attachment #2: video (video/webm) ──────────────────────────────────────────────────────────────
    test-results/customer-behavior-404-hand-5f23a-wn-route-returns-404-status-chromium-retry1/video.webm
    ────────────────────────────────────────────────────────────────────────────────────────────────

    Error Context: test-results/customer-behavior-404-hand-5f23a-wn-route-returns-404-status-chromium-retry1/error-context.md

    attachment #4: trace (application/zip) ─────────────────────────────────────────────────────────
    test-results/customer-behavior-404-hand-5f23a-wn-route-returns-404-status-chromium-retry1/trace.zip
    Usage:

        npx playwright show-trace test-results/customer-behavior-404-hand-5f23a-wn-route-returns-404-status-chromium-retry1/trace.zip

    ────────────────────────────────────────────────────────────────────────────────────────────────

  141) [chromium] › e2e/customer-behavior.spec.ts:544:7 › End-to-end visitor journeys › visitor reads services then reaches contact page via direct URL 

    Error: expect(locator).toBeVisible() failed

    Locator: locator('#name')
    Expected: visible
    Timeout: 20000ms
    Error: element(s) not found

    Call log:
      - Expect "toBeVisible" with timeout 20000ms
      - waiting for locator('#name')


      548 |     // Go to contact directly (CTA text varies by locale/experiment)
      549 |     await page.goto("/contact");
    > 550 |     await expect(page.locator("#name")).toBeVisible();
          |                                         ^
      551 |     await expect(page.getByRole("button", { name: /send message/i })).toBeVisible();
      552 |   });
      553 |
        at /home/tbaltzakis/cloudless.gr/e2e/customer-behavior.spec.ts:550:41

    attachment #1: screenshot (image/png) ──────────────────────────────────────────────────────────
    test-results/customer-behavior-End-to-e-59d0f-contact-page-via-direct-URL-chromium/test-failed-1.png
    ────────────────────────────────────────────────────────────────────────────────────────────────

    attachment #2: video (video/webm) ──────────────────────────────────────────────────────────────
    test-results/customer-behavior-End-to-e-59d0f-contact-page-via-direct-URL-chromium/video.webm
    ────────────────────────────────────────────────────────────────────────────────────────────────

    Error Context: test-results/customer-behavior-End-to-e-59d0f-contact-page-via-direct-URL-chromium/error-context.md

    Retry #1 ───────────────────────────────────────────────────────────────────────────────────────

    Error: expect(locator).toBeVisible() failed

    Locator: locator('#name')
    Expected: visible
    Timeout: 20000ms
    Error: element(s) not found

    Call log:
      - Expect "toBeVisible" with timeout 20000ms
      - waiting for locator('#name')


      548 |     // Go to contact directly (CTA text varies by locale/experiment)
      549 |     await page.goto("/contact");
    > 550 |     await expect(page.locator("#name")).toBeVisible();
          |                                         ^
      551 |     await expect(page.getByRole("button", { name: /send message/i })).toBeVisible();
      552 |   });
      553 |
        at /home/tbaltzakis/cloudless.gr/e2e/customer-behavior.spec.ts:550:41

    attachment #1: screenshot (image/png) ──────────────────────────────────────────────────────────
    test-results/customer-behavior-End-to-e-59d0f-contact-page-via-direct-URL-chromium-retry1/test-failed-1.png
    ────────────────────────────────────────────────────────────────────────────────────────────────

    attachment #2: video (video/webm) ──────────────────────────────────────────────────────────────
    test-results/customer-behavior-End-to-e-59d0f-contact-page-via-direct-URL-chromium-retry1/video.webm
    ────────────────────────────────────────────────────────────────────────────────────────────────

    Error Context: test-results/customer-behavior-End-to-e-59d0f-contact-page-via-direct-URL-chromium-retry1/error-context.md

    attachment #4: trace (application/zip) ─────────────────────────────────────────────────────────
    test-results/customer-behavior-End-to-e-59d0f-contact-page-via-direct-URL-chromium-retry1/trace.zip
    Usage:

        npx playwright show-trace test-results/customer-behavior-End-to-e-59d0f-contact-page-via-direct-URL-chromium-retry1/trace.zip

    ────────────────────────────────────────────────────────────────────────────────────────────────

  142) [chromium] › e2e/customer-behavior.spec.ts:554:7 › End-to-end visitor journeys › visitor browses store grid and opens a product 

    Error: expect(locator).toContainText(expected) failed

    Locator: getByRole('heading', { level: 1 })
    Expected pattern: /playbook/i
    Received string:  "Page not found"
    Timeout: 10000ms

    Call log:
      - Expect "toContainText" with timeout 10000ms
      - waiting for getByRole('heading', { level: 1 })
        24 × locator resolved to <h1 class="font-heading mt-4 text-3xl font-bold text-white">Page not found</h1>
           - unexpected value "Page not found"


      557 |
      558 |     await page.goto("/store/dig-cloud-playbook");
    > 559 |     await expect(page.getByRole("heading", { level: 1 })).toContainText(/playbook/i, { timeout: 10000 });
          |                                                           ^
      560 |     await expect(page.getByRole("button", { name: /add to cart|buy/i })).toBeVisible();
      561 |   });
      562 |
        at /home/tbaltzakis/cloudless.gr/e2e/customer-behavior.spec.ts:559:59

    attachment #1: screenshot (image/png) ──────────────────────────────────────────────────────────
    test-results/customer-behavior-End-to-e-3c45d-re-grid-and-opens-a-product-chromium/test-failed-1.png
    ────────────────────────────────────────────────────────────────────────────────────────────────

    attachment #2: video (video/webm) ──────────────────────────────────────────────────────────────
    test-results/customer-behavior-End-to-e-3c45d-re-grid-and-opens-a-product-chromium/video.webm
    ────────────────────────────────────────────────────────────────────────────────────────────────

    Error Context: test-results/customer-behavior-End-to-e-3c45d-re-grid-and-opens-a-product-chromium/error-context.md

    Retry #1 ───────────────────────────────────────────────────────────────────────────────────────

    Error: expect(locator).toContainText(expected) failed

    Locator: getByRole('heading', { level: 1 })
    Expected pattern: /playbook/i
    Received string:  "Page not found"
    Timeout: 10000ms

    Call log:
      - Expect "toContainText" with timeout 10000ms
      - waiting for getByRole('heading', { level: 1 })
        24 × locator resolved to <h1 class="font-heading mt-4 text-3xl font-bold text-white">Page not found</h1>
           - unexpected value "Page not found"


      557 |
      558 |     await page.goto("/store/dig-cloud-playbook");
    > 559 |     await expect(page.getByRole("heading", { level: 1 })).toContainText(/playbook/i, { timeout: 10000 });
          |                                                           ^
      560 |     await expect(page.getByRole("button", { name: /add to cart|buy/i })).toBeVisible();
      561 |   });
      562 |
        at /home/tbaltzakis/cloudless.gr/e2e/customer-behavior.spec.ts:559:59

    attachment #1: screenshot (image/png) ──────────────────────────────────────────────────────────
    test-results/customer-behavior-End-to-e-3c45d-re-grid-and-opens-a-product-chromium-retry1/test-failed-1.png
    ────────────────────────────────────────────────────────────────────────────────────────────────

    attachment #2: video (video/webm) ──────────────────────────────────────────────────────────────
    test-results/customer-behavior-End-to-e-3c45d-re-grid-and-opens-a-product-chromium-retry1/video.webm
    ────────────────────────────────────────────────────────────────────────────────────────────────

    Error Context: test-results/customer-behavior-End-to-e-3c45d-re-grid-and-opens-a-product-chromium-retry1/error-context.md

    attachment #4: trace (application/zip) ─────────────────────────────────────────────────────────
    test-results/customer-behavior-End-to-e-3c45d-re-grid-and-opens-a-product-chromium-retry1/trace.zip
    Usage:

        npx playwright show-trace test-results/customer-behavior-End-to-e-3c45d-re-grid-and-opens-a-product-chromium-retry1/trace.zip

    ────────────────────────────────────────────────────────────────────────────────────────────────

  143) [chromium] › e2e/customer-behavior.spec.ts:583:7 › End-to-end visitor journeys › visitor fills the contact form and sees the send button 

    Test timeout of 60000ms exceeded.

    Error: locator.fill: Test timeout of 60000ms exceeded.
    Call log:
      - waiting for locator('#name')
        - waiting for "http://localhost:4000/contact" navigation to finish...
        - navigated to "http://localhost:4000/contact"


      583 |   test("visitor fills the contact form and sees the send button", async ({ page }) => {
      584 |     await page.goto("/contact");
    > 585 |     await page.locator("#name").fill("Jane Customer");
          |                                 ^
      586 |     await page.locator("#email").fill("jane@example.com");
      587 |     await page.locator("#message").fill("I'd like to learn more about your cloud services.");
      588 |     await expect(page.getByRole("button", { name: /send message/i })).toBeEnabled();
        at /home/tbaltzakis/cloudless.gr/e2e/customer-behavior.spec.ts:585:33

    attachment #1: screenshot (image/png) ──────────────────────────────────────────────────────────
    test-results/customer-behavior-End-to-e-4da3a-rm-and-sees-the-send-button-chromium/test-failed-1.png
    ────────────────────────────────────────────────────────────────────────────────────────────────

    attachment #2: video (video/webm) ──────────────────────────────────────────────────────────────
    test-results/customer-behavior-End-to-e-4da3a-rm-and-sees-the-send-button-chromium/video.webm
    ────────────────────────────────────────────────────────────────────────────────────────────────

    Error Context: test-results/customer-behavior-End-to-e-4da3a-rm-and-sees-the-send-button-chromium/error-context.md

    Retry #1 ───────────────────────────────────────────────────────────────────────────────────────

    Test timeout of 60000ms exceeded.

    Error: locator.fill: Test timeout of 60000ms exceeded.
    Call log:
      - waiting for locator('#name')


      583 |   test("visitor fills the contact form and sees the send button", async ({ page }) => {
      584 |     await page.goto("/contact");
    > 585 |     await page.locator("#name").fill("Jane Customer");
          |                                 ^
      586 |     await page.locator("#email").fill("jane@example.com");
      587 |     await page.locator("#message").fill("I'd like to learn more about your cloud services.");
      588 |     await expect(page.getByRole("button", { name: /send message/i })).toBeEnabled();
        at /home/tbaltzakis/cloudless.gr/e2e/customer-behavior.spec.ts:585:33

    attachment #1: screenshot (image/png) ──────────────────────────────────────────────────────────
    test-results/customer-behavior-End-to-e-4da3a-rm-and-sees-the-send-button-chromium-retry1/test-failed-1.png
    ────────────────────────────────────────────────────────────────────────────────────────────────

    Error Context: test-results/customer-behavior-End-to-e-4da3a-rm-and-sees-the-send-button-chromium-retry1/error-context.md

    attachment #3: trace (application/zip) ─────────────────────────────────────────────────────────
    test-results/customer-behavior-End-to-e-4da3a-rm-and-sees-the-send-button-chromium-retry1/trace.zip
    Usage:

        npx playwright show-trace test-results/customer-behavior-End-to-e-4da3a-rm-and-sees-the-send-button-chromium-retry1/trace.zip

    ────────────────────────────────────────────────────────────────────────────────────────────────

  144) [chromium] › e2e/customer-journey.spec.ts:26:7 › Customer Journey › contact page renders the form 

    Error: expect(locator).toBeVisible() failed

    Locator: getByRole('button', { name: /send|submit/i })
    Expected: visible
    Timeout: 20000ms
    Error: element(s) not found

    Call log:
      - Expect "toBeVisible" with timeout 20000ms
      - waiting for getByRole('button', { name: /send|submit/i })
        - waiting for "http://localhost:4000/contact" navigation to finish...
        - navigated to "http://localhost:4000/contact"


      29 |     await expect(
      30 |       page.getByRole("button", { name: /send|submit/i })
    > 31 |     ).toBeVisible();
         |       ^
      32 |   });
      33 | });
      34 |
        at /home/tbaltzakis/cloudless.gr/e2e/customer-journey.spec.ts:31:7

    attachment #1: screenshot (image/png) ──────────────────────────────────────────────────────────
    test-results/customer-journey-Customer--1cf49-ntact-page-renders-the-form-chromium/test-failed-1.png
    ────────────────────────────────────────────────────────────────────────────────────────────────

    attachment #2: video (video/webm) ──────────────────────────────────────────────────────────────
    test-results/customer-journey-Customer--1cf49-ntact-page-renders-the-form-chromium/video.webm
    ────────────────────────────────────────────────────────────────────────────────────────────────

    Error Context: test-results/customer-journey-Customer--1cf49-ntact-page-renders-the-form-chromium/error-context.md

    Retry #1 ───────────────────────────────────────────────────────────────────────────────────────

    Error: expect(locator).toBeVisible() failed

    Locator: getByRole('button', { name: /send|submit/i })
    Expected: visible
    Timeout: 20000ms
    Error: element(s) not found

    Call log:
      - Expect "toBeVisible" with timeout 20000ms
      - waiting for getByRole('button', { name: /send|submit/i })


      29 |     await expect(
      30 |       page.getByRole("button", { name: /send|submit/i })
    > 31 |     ).toBeVisible();
         |       ^
      32 |   });
      33 | });
      34 |
        at /home/tbaltzakis/cloudless.gr/e2e/customer-journey.spec.ts:31:7

    attachment #1: screenshot (image/png) ──────────────────────────────────────────────────────────
    test-results/customer-journey-Customer--1cf49-ntact-page-renders-the-form-chromium-retry1/test-failed-1.png
    ────────────────────────────────────────────────────────────────────────────────────────────────

    attachment #2: video (video/webm) ──────────────────────────────────────────────────────────────
    test-results/customer-journey-Customer--1cf49-ntact-page-renders-the-form-chromium-retry1/video.webm
    ────────────────────────────────────────────────────────────────────────────────────────────────

    Error Context: test-results/customer-journey-Customer--1cf49-ntact-page-renders-the-form-chromium-retry1/error-context.md

    attachment #4: trace (application/zip) ─────────────────────────────────────────────────────────
    test-results/customer-journey-Customer--1cf49-ntact-page-renders-the-form-chromium-retry1/trace.zip
    Usage:

        npx playwright show-trace test-results/customer-journey-Customer--1cf49-ntact-page-renders-the-form-chromium-retry1/trace.zip

    ────────────────────────────────────────────────────────────────────────────────────────────────

  145) [chromium] › e2e/dashboard.spec.ts:4:7 › Dashboard › login page is accessible ───────────────

    Error: login page must show Continue with AWS button or email field

    expect(received).toBeTruthy()

    Received: false

       8 |     const hasAws = await page.getByRole("button", { name: /continue with aws/i }).isVisible({ timeout: 10_000 }).catch(() => false);
       9 |     const hasEmail = await page.getByLabel(/email/i).isVisible({ timeout: 5_000 }).catch(() => false);
    > 10 |     expect(hasAws || hasEmail, "login page must show Continue with AWS button or email field").toBeTruthy();
         |                                                                                                ^
      11 |   });
      12 |
      13 |   test("/dashboard redirects unauthenticated users to login", async ({ page }) => {
        at /home/tbaltzakis/cloudless.gr/e2e/dashboard.spec.ts:10:96

    attachment #1: screenshot (image/png) ──────────────────────────────────────────────────────────
    test-results/dashboard-Dashboard-login-page-is-accessible-chromium/test-failed-1.png
    ────────────────────────────────────────────────────────────────────────────────────────────────

    attachment #2: video (video/webm) ──────────────────────────────────────────────────────────────
    test-results/dashboard-Dashboard-login-page-is-accessible-chromium/video.webm
    ────────────────────────────────────────────────────────────────────────────────────────────────

    Error Context: test-results/dashboard-Dashboard-login-page-is-accessible-chromium/error-context.md

    Retry #1 ───────────────────────────────────────────────────────────────────────────────────────

    Error: login page must show Continue with AWS button or email field

    expect(received).toBeTruthy()

    Received: false

       8 |     const hasAws = await page.getByRole("button", { name: /continue with aws/i }).isVisible({ timeout: 10_000 }).catch(() => false);
       9 |     const hasEmail = await page.getByLabel(/email/i).isVisible({ timeout: 5_000 }).catch(() => false);
    > 10 |     expect(hasAws || hasEmail, "login page must show Continue with AWS button or email field").toBeTruthy();
         |                                                                                                ^
      11 |   });
      12 |
      13 |   test("/dashboard redirects unauthenticated users to login", async ({ page }) => {
        at /home/tbaltzakis/cloudless.gr/e2e/dashboard.spec.ts:10:96

    attachment #1: screenshot (image/png) ──────────────────────────────────────────────────────────
    test-results/dashboard-Dashboard-login-page-is-accessible-chromium-retry1/test-failed-1.png
    ────────────────────────────────────────────────────────────────────────────────────────────────

    attachment #2: video (video/webm) ──────────────────────────────────────────────────────────────
    test-results/dashboard-Dashboard-login-page-is-accessible-chromium-retry1/video.webm
    ────────────────────────────────────────────────────────────────────────────────────────────────

    Error Context: test-results/dashboard-Dashboard-login-page-is-accessible-chromium-retry1/error-context.md

    attachment #4: trace (application/zip) ─────────────────────────────────────────────────────────
    test-results/dashboard-Dashboard-login-page-is-accessible-chromium-retry1/trace.zip
    Usage:

        npx playwright show-trace test-results/dashboard-Dashboard-login-page-is-accessible-chromium-retry1/trace.zip

    ────────────────────────────────────────────────────────────────────────────────────────────────

  146) [chromium] › e2e/encryption-compression.spec.ts:60:7 › encryption — HTTPS posture and secret-leak protection › HSTS is preload-eligible (max-age + includeSubDomains + preload) 

    Error: max-age must be present

    expect(received).toBeTruthy()

    Received: null

      65 |     // Spec for hstspreload.org: max-age >= 31536000 (1y), includeSubDomains, preload.
      66 |     const m = /max-age=(\d+)/.exec(hsts);
    > 67 |     expect(m, "max-age must be present").toBeTruthy();
         |                                          ^
      68 |     expect(Number(m![1])).toBeGreaterThanOrEqual(31_536_000);
      69 |     expect(hsts).toContain("includeSubDomains");
      70 |     expect(hsts).toContain("preload");
        at /home/tbaltzakis/cloudless.gr/e2e/encryption-compression.spec.ts:67:42

    Error Context: test-results/encryption-compression-enc-be2de--includeSubDomains-preload--chromium/error-context.md

    Retry #1 ───────────────────────────────────────────────────────────────────────────────────────

    Error: max-age must be present

    expect(received).toBeTruthy()

    Received: null

      65 |     // Spec for hstspreload.org: max-age >= 31536000 (1y), includeSubDomains, preload.
      66 |     const m = /max-age=(\d+)/.exec(hsts);
    > 67 |     expect(m, "max-age must be present").toBeTruthy();
         |                                          ^
      68 |     expect(Number(m![1])).toBeGreaterThanOrEqual(31_536_000);
      69 |     expect(hsts).toContain("includeSubDomains");
      70 |     expect(hsts).toContain("preload");
        at /home/tbaltzakis/cloudless.gr/e2e/encryption-compression.spec.ts:67:42

    Error Context: test-results/encryption-compression-enc-be2de--includeSubDomains-preload--chromium-retry1/error-context.md

    attachment #2: trace (application/zip) ─────────────────────────────────────────────────────────
    test-results/encryption-compression-enc-be2de--includeSubDomains-preload--chromium-retry1/trace.zip
    Usage:

        npx playwright show-trace test-results/encryption-compression-enc-be2de--includeSubDomains-preload--chromium-retry1/trace.zip

    ────────────────────────────────────────────────────────────────────────────────────────────────

  147) [chromium] › e2e/github-agentic-workflows.spec.ts:27:11 › GitHub Agentic Workflows - Infrastructure › Agentic Workflow Files › workflow ci-babysitter-agentic.yml has valid YAML structure 

    Error: ci-babysitter-agentic.yml should exist

    expect(received).toBeTruthy()

    Received: false

      27 |       test(`workflow ${workflow} has valid YAML structure`, async () => {
      28 |         const workflowPath = path.join(workflowsDir, workflow);
    > 29 |         expect(existsSync(workflowPath), `${workflow} should exist`).toBeTruthy();
         |                                                                      ^
      30 |
      31 |         const content = readFileSync(workflowPath, "utf8");
      32 |         const parsed = yaml.parse(content);
        at /home/tbaltzakis/cloudless.gr/e2e/github-agentic-workflows.spec.ts:29:70

    Error Context: test-results/github-agentic-workflows-G-75b93-ml-has-valid-YAML-structure-chromium/error-context.md

    Retry #1 ───────────────────────────────────────────────────────────────────────────────────────

    Error: ci-babysitter-agentic.yml should exist

    expect(received).toBeTruthy()

    Received: false

      27 |       test(`workflow ${workflow} has valid YAML structure`, async () => {
      28 |         const workflowPath = path.join(workflowsDir, workflow);
    > 29 |         expect(existsSync(workflowPath), `${workflow} should exist`).toBeTruthy();
         |                                                                      ^
      30 |
      31 |         const content = readFileSync(workflowPath, "utf8");
      32 |         const parsed = yaml.parse(content);
        at /home/tbaltzakis/cloudless.gr/e2e/github-agentic-workflows.spec.ts:29:70

    Error Context: test-results/github-agentic-workflows-G-75b93-ml-has-valid-YAML-structure-chromium-retry1/error-context.md

    attachment #2: trace (application/zip) ─────────────────────────────────────────────────────────
    test-results/github-agentic-workflows-G-75b93-ml-has-valid-YAML-structure-chromium-retry1/trace.zip
    Usage:

        npx playwright show-trace test-results/github-agentic-workflows-G-75b93-ml-has-valid-YAML-structure-chromium-retry1/trace.zip

    ────────────────────────────────────────────────────────────────────────────────────────────────

  148) [chromium] › e2e/github-agentic-workflows.spec.ts:27:11 › GitHub Agentic Workflows - Infrastructure › Agentic Workflow Files › workflow pr-review-agentic.yml has valid YAML structure 

    Error: pr-review-agentic.yml should exist

    expect(received).toBeTruthy()

    Received: false

      27 |       test(`workflow ${workflow} has valid YAML structure`, async () => {
      28 |         const workflowPath = path.join(workflowsDir, workflow);
    > 29 |         expect(existsSync(workflowPath), `${workflow} should exist`).toBeTruthy();
         |                                                                      ^
      30 |
      31 |         const content = readFileSync(workflowPath, "utf8");
      32 |         const parsed = yaml.parse(content);
        at /home/tbaltzakis/cloudless.gr/e2e/github-agentic-workflows.spec.ts:29:70

    Error Context: test-results/github-agentic-workflows-G-1357f-ml-has-valid-YAML-structure-chromium/error-context.md

    Retry #1 ───────────────────────────────────────────────────────────────────────────────────────

    Error: pr-review-agentic.yml should exist

    expect(received).toBeTruthy()

    Received: false

      27 |       test(`workflow ${workflow} has valid YAML structure`, async () => {
      28 |         const workflowPath = path.join(workflowsDir, workflow);
    > 29 |         expect(existsSync(workflowPath), `${workflow} should exist`).toBeTruthy();
         |                                                                      ^
      30 |
      31 |         const content = readFileSync(workflowPath, "utf8");
      32 |         const parsed = yaml.parse(content);
        at /home/tbaltzakis/cloudless.gr/e2e/github-agentic-workflows.spec.ts:29:70

    Error Context: test-results/github-agentic-workflows-G-1357f-ml-has-valid-YAML-structure-chromium-retry1/error-context.md

    attachment #2: trace (application/zip) ─────────────────────────────────────────────────────────
    test-results/github-agentic-workflows-G-1357f-ml-has-valid-YAML-structure-chromium-retry1/trace.zip
    Usage:

        npx playwright show-trace test-results/github-agentic-workflows-G-1357f-ml-has-valid-YAML-structure-chromium-retry1/trace.zip

    ────────────────────────────────────────────────────────────────────────────────────────────────

  149) [chromium] › e2e/github-agentic-workflows.spec.ts:92:9 › GitHub Agentic Workflows - Infrastructure › Security Architecture › workflows follow read-only token pattern 

    Error: ENOENT: no such file or directory, open '/home/tbaltzakis/cloudless.gr/.github/workflows/ci-babysitter-agentic.yml'

      93 |       for (const workflow of agenticWorkflows) {
      94 |         const workflowPath = path.join(workflowsDir, workflow);
    > 95 |         const content = readFileSync(workflowPath, "utf8");
         |                                     ^
      96 |         const parsed = yaml.parse(content);
      97 |
      98 |         // Contents should be read-only
        at /home/tbaltzakis/cloudless.gr/e2e/github-agentic-workflows.spec.ts:95:37

    Error Context: test-results/github-agentic-workflows-G-f01f5-low-read-only-token-pattern-chromium/error-context.md

    Retry #1 ───────────────────────────────────────────────────────────────────────────────────────

    Error: ENOENT: no such file or directory, open '/home/tbaltzakis/cloudless.gr/.github/workflows/ci-babysitter-agentic.yml'

      93 |       for (const workflow of agenticWorkflows) {
      94 |         const workflowPath = path.join(workflowsDir, workflow);
    > 95 |         const content = readFileSync(workflowPath, "utf8");
         |                                     ^
      96 |         const parsed = yaml.parse(content);
      97 |
      98 |         // Contents should be read-only
        at /home/tbaltzakis/cloudless.gr/e2e/github-agentic-workflows.spec.ts:95:37

    Error Context: test-results/github-agentic-workflows-G-f01f5-low-read-only-token-pattern-chromium-retry1/error-context.md

    attachment #2: trace (application/zip) ─────────────────────────────────────────────────────────
    test-results/github-agentic-workflows-G-f01f5-low-read-only-token-pattern-chromium-retry1/trace.zip
    Usage:

        npx playwright show-trace test-results/github-agentic-workflows-G-f01f5-low-read-only-token-pattern-chromium-retry1/trace.zip

    ────────────────────────────────────────────────────────────────────────────────────────────────

  150) [chromium] › e2e/github-agentic-workflows.spec.ts:106:9 › GitHub Agentic Workflows - Infrastructure › Security Architecture › no hard-coded API keys in workflow files 

    Error: ENOENT: no such file or directory, open '/home/tbaltzakis/cloudless.gr/.github/workflows/ci-babysitter-agentic.yml'

      107 |       for (const workflow of agenticWorkflows) {
      108 |         const workflowPath = path.join(workflowsDir, workflow);
    > 109 |         const content = readFileSync(workflowPath, "utf8");
          |                                     ^
      110 |
      111 |         // Check for obvious secret patterns
      112 |         const hasHardcodedSecrets =
        at /home/tbaltzakis/cloudless.gr/e2e/github-agentic-workflows.spec.ts:109:37

    Error Context: test-results/github-agentic-workflows-G-e6b2d--API-keys-in-workflow-files-chromium/error-context.md

    Retry #1 ───────────────────────────────────────────────────────────────────────────────────────

    Error: ENOENT: no such file or directory, open '/home/tbaltzakis/cloudless.gr/.github/workflows/ci-babysitter-agentic.yml'

      107 |       for (const workflow of agenticWorkflows) {
      108 |         const workflowPath = path.join(workflowsDir, workflow);
    > 109 |         const content = readFileSync(workflowPath, "utf8");
          |                                     ^
      110 |
      111 |         // Check for obvious secret patterns
      112 |         const hasHardcodedSecrets =
        at /home/tbaltzakis/cloudless.gr/e2e/github-agentic-workflows.spec.ts:109:37

    Error Context: test-results/github-agentic-workflows-G-e6b2d--API-keys-in-workflow-files-chromium-retry1/error-context.md

    attachment #2: trace (application/zip) ─────────────────────────────────────────────────────────
    test-results/github-agentic-workflows-G-e6b2d--API-keys-in-workflow-files-chromium-retry1/trace.zip
    Usage:

        npx playwright show-trace test-results/github-agentic-workflows-G-e6b2d--API-keys-in-workflow-files-chromium-retry1/trace.zip

    ────────────────────────────────────────────────────────────────────────────────────────────────

  151) [chromium] › e2e/i18n-not-found.spec.ts:49:9 › 404 page localization › el renders translated 404 strings 

    Error: expected "Η σελίδα δεν βρέθηκε" in el 404 body

    expect(received).toContain(expected) // indexOf

    Expected substring: "Η σελίδα δεν βρέθηκε"
    Received string:    "Skip to content·
    404·
    Page not found·
    The page you're looking for doesn't exist or has been moved.·
    Back to Home"

      53 |       const body = await page.locator("body").innerText();
      54 |       for (const needle of c.expectInBody) {
    > 55 |         expect(body, `expected "${needle}" in ${c.locale} 404 body`).toContain(needle);
         |                                                                      ^
      56 |       }
      57 |       for (const banned of c.expectNotInBody ?? []) {
      58 |         expect(body, `${c.locale} should NOT fall back to English`).not.toContain(banned);
        at /home/tbaltzakis/cloudless.gr/e2e/i18n-not-found.spec.ts:55:70

    attachment #1: screenshot (image/png) ──────────────────────────────────────────────────────────
    test-results/i18n-not-found-404-page-lo-e43d7-ders-translated-404-strings-chromium/test-failed-1.png
    ────────────────────────────────────────────────────────────────────────────────────────────────

    attachment #2: video (video/webm) ──────────────────────────────────────────────────────────────
    test-results/i18n-not-found-404-page-lo-e43d7-ders-translated-404-strings-chromium/video.webm
    ────────────────────────────────────────────────────────────────────────────────────────────────

    Error Context: test-results/i18n-not-found-404-page-lo-e43d7-ders-translated-404-strings-chromium/error-context.md

    Retry #1 ───────────────────────────────────────────────────────────────────────────────────────

    Error: expected "Η σελίδα δεν βρέθηκε" in el 404 body

    expect(received).toContain(expected) // indexOf

    Expected substring: "Η σελίδα δεν βρέθηκε"
    Received string:    "Skip to content·
    404·
    Page not found·
    The page you're looking for doesn't exist or has been moved.·
    Back to Home"

      53 |       const body = await page.locator("body").innerText();
      54 |       for (const needle of c.expectInBody) {
    > 55 |         expect(body, `expected "${needle}" in ${c.locale} 404 body`).toContain(needle);
         |                                                                      ^
      56 |       }
      57 |       for (const banned of c.expectNotInBody ?? []) {
      58 |         expect(body, `${c.locale} should NOT fall back to English`).not.toContain(banned);
        at /home/tbaltzakis/cloudless.gr/e2e/i18n-not-found.spec.ts:55:70

    attachment #1: screenshot (image/png) ──────────────────────────────────────────────────────────
    test-results/i18n-not-found-404-page-lo-e43d7-ders-translated-404-strings-chromium-retry1/test-failed-1.png
    ────────────────────────────────────────────────────────────────────────────────────────────────

    attachment #2: video (video/webm) ──────────────────────────────────────────────────────────────
    test-results/i18n-not-found-404-page-lo-e43d7-ders-translated-404-strings-chromium-retry1/video.webm
    ────────────────────────────────────────────────────────────────────────────────────────────────

    Error Context: test-results/i18n-not-found-404-page-lo-e43d7-ders-translated-404-strings-chromium-retry1/error-context.md

    attachment #4: trace (application/zip) ─────────────────────────────────────────────────────────
    test-results/i18n-not-found-404-page-lo-e43d7-ders-translated-404-strings-chromium-retry1/trace.zip
    Usage:

        npx playwright show-trace test-results/i18n-not-found-404-page-lo-e43d7-ders-translated-404-strings-chromium-retry1/trace.zip

    ────────────────────────────────────────────────────────────────────────────────────────────────

  152) [chromium] › e2e/i18n-not-found.spec.ts:49:9 › 404 page localization › fr renders translated 404 strings 

    Error: expected "Page introuvable" in fr 404 body

    expect(received).toContain(expected) // indexOf

    Expected substring: "Page introuvable"
    Received string:    "Skip to content·
    404·
    Page not found·
    The page you're looking for doesn't exist or has been moved.·
    Back to Home"

      53 |       const body = await page.locator("body").innerText();
      54 |       for (const needle of c.expectInBody) {
    > 55 |         expect(body, `expected "${needle}" in ${c.locale} 404 body`).toContain(needle);
         |                                                                      ^
      56 |       }
      57 |       for (const banned of c.expectNotInBody ?? []) {
      58 |         expect(body, `${c.locale} should NOT fall back to English`).not.toContain(banned);
        at /home/tbaltzakis/cloudless.gr/e2e/i18n-not-found.spec.ts:55:70

    attachment #1: screenshot (image/png) ──────────────────────────────────────────────────────────
    test-results/i18n-not-found-404-page-lo-993bf-ders-translated-404-strings-chromium/test-failed-1.png
    ────────────────────────────────────────────────────────────────────────────────────────────────

    attachment #2: video (video/webm) ──────────────────────────────────────────────────────────────
    test-results/i18n-not-found-404-page-lo-993bf-ders-translated-404-strings-chromium/video.webm
    ────────────────────────────────────────────────────────────────────────────────────────────────

    Error Context: test-results/i18n-not-found-404-page-lo-993bf-ders-translated-404-strings-chromium/error-context.md

    Retry #1 ───────────────────────────────────────────────────────────────────────────────────────

    Error: expected "Page introuvable" in fr 404 body

    expect(received).toContain(expected) // indexOf

    Expected substring: "Page introuvable"
    Received string:    "Skip to content·
    404·
    Page not found·
    The page you're looking for doesn't exist or has been moved.·
    Back to Home"

      53 |       const body = await page.locator("body").innerText();
      54 |       for (const needle of c.expectInBody) {
    > 55 |         expect(body, `expected "${needle}" in ${c.locale} 404 body`).toContain(needle);
         |                                                                      ^
      56 |       }
      57 |       for (const banned of c.expectNotInBody ?? []) {
      58 |         expect(body, `${c.locale} should NOT fall back to English`).not.toContain(banned);
        at /home/tbaltzakis/cloudless.gr/e2e/i18n-not-found.spec.ts:55:70

    attachment #1: screenshot (image/png) ──────────────────────────────────────────────────────────
    test-results/i18n-not-found-404-page-lo-993bf-ders-translated-404-strings-chromium-retry1/test-failed-1.png
    ────────────────────────────────────────────────────────────────────────────────────────────────

    attachment #2: video (video/webm) ──────────────────────────────────────────────────────────────
    test-results/i18n-not-found-404-page-lo-993bf-ders-translated-404-strings-chromium-retry1/video.webm
    ────────────────────────────────────────────────────────────────────────────────────────────────

    Error Context: test-results/i18n-not-found-404-page-lo-993bf-ders-translated-404-strings-chromium-retry1/error-context.md

    attachment #4: trace (application/zip) ─────────────────────────────────────────────────────────
    test-results/i18n-not-found-404-page-lo-993bf-ders-translated-404-strings-chromium-retry1/trace.zip
    Usage:

        npx playwright show-trace test-results/i18n-not-found-404-page-lo-993bf-ders-translated-404-strings-chromium-retry1/trace.zip

    ────────────────────────────────────────────────────────────────────────────────────────────────

  153) [chromium] › e2e/i18n-not-found.spec.ts:49:9 › 404 page localization › de renders translated 404 strings 

    Error: expected "Seite nicht gefunden" in de 404 body

    expect(received).toContain(expected) // indexOf

    Expected substring: "Seite nicht gefunden"
    Received string:    "Skip to content·
    404·
    Page not found·
    The page you're looking for doesn't exist or has been moved.·
    Back to Home"

      53 |       const body = await page.locator("body").innerText();
      54 |       for (const needle of c.expectInBody) {
    > 55 |         expect(body, `expected "${needle}" in ${c.locale} 404 body`).toContain(needle);
         |                                                                      ^
      56 |       }
      57 |       for (const banned of c.expectNotInBody ?? []) {
      58 |         expect(body, `${c.locale} should NOT fall back to English`).not.toContain(banned);
        at /home/tbaltzakis/cloudless.gr/e2e/i18n-not-found.spec.ts:55:70

    attachment #1: screenshot (image/png) ──────────────────────────────────────────────────────────
    test-results/i18n-not-found-404-page-lo-1524b-ders-translated-404-strings-chromium/test-failed-1.png
    ────────────────────────────────────────────────────────────────────────────────────────────────

    attachment #2: video (video/webm) ──────────────────────────────────────────────────────────────
    test-results/i18n-not-found-404-page-lo-1524b-ders-translated-404-strings-chromium/video.webm
    ────────────────────────────────────────────────────────────────────────────────────────────────

    Error Context: test-results/i18n-not-found-404-page-lo-1524b-ders-translated-404-strings-chromium/error-context.md

    Retry #1 ───────────────────────────────────────────────────────────────────────────────────────

    Error: expected "Seite nicht gefunden" in de 404 body

    expect(received).toContain(expected) // indexOf

    Expected substring: "Seite nicht gefunden"
    Received string:    "Skip to content·
    404·
    Page not found·
    The page you're looking for doesn't exist or has been moved.·
    Back to Home"

      53 |       const body = await page.locator("body").innerText();
      54 |       for (const needle of c.expectInBody) {
    > 55 |         expect(body, `expected "${needle}" in ${c.locale} 404 body`).toContain(needle);
         |                                                                      ^
      56 |       }
      57 |       for (const banned of c.expectNotInBody ?? []) {
      58 |         expect(body, `${c.locale} should NOT fall back to English`).not.toContain(banned);
        at /home/tbaltzakis/cloudless.gr/e2e/i18n-not-found.spec.ts:55:70

    attachment #1: screenshot (image/png) ──────────────────────────────────────────────────────────
    test-results/i18n-not-found-404-page-lo-1524b-ders-translated-404-strings-chromium-retry1/test-failed-1.png
    ────────────────────────────────────────────────────────────────────────────────────────────────

    attachment #2: video (video/webm) ──────────────────────────────────────────────────────────────
    test-results/i18n-not-found-404-page-lo-1524b-ders-translated-404-strings-chromium-retry1/video.webm
    ────────────────────────────────────────────────────────────────────────────────────────────────

    Error Context: test-results/i18n-not-found-404-page-lo-1524b-ders-translated-404-strings-chromium-retry1/error-context.md

    attachment #4: trace (application/zip) ─────────────────────────────────────────────────────────
    test-results/i18n-not-found-404-page-lo-1524b-ders-translated-404-strings-chromium-retry1/trace.zip
    Usage:

        npx playwright show-trace test-results/i18n-not-found-404-page-lo-1524b-ders-translated-404-strings-chromium-retry1/trace.zip

    ────────────────────────────────────────────────────────────────────────────────────────────────

  154) [chromium] › e2e/integrations-contracts.spec.ts:54:7 › Integrations contracts › Notion webhook requires secret header 

    Error: expect(received).toBe(expected) // Object.is equality

    Expected: 401
    Received: 404

      58 |       page_id: "fake-page-id",
      59 |     });
    > 60 |     expect(response.status()).toBe(401);
         |                               ^
      61 |   });
      62 |
      63 |   test("Stripe checkout validates empty cart", async ({ page }) => {
        at /home/tbaltzakis/cloudless.gr/e2e/integrations-contracts.spec.ts:60:31

    attachment #1: screenshot (image/png) ──────────────────────────────────────────────────────────
    test-results/integrations-contracts-Int-9e30a-hook-requires-secret-header-chromium/test-failed-1.png
    ────────────────────────────────────────────────────────────────────────────────────────────────

    attachment #2: video (video/webm) ──────────────────────────────────────────────────────────────
    test-results/integrations-contracts-Int-9e30a-hook-requires-secret-header-chromium/video.webm
    ────────────────────────────────────────────────────────────────────────────────────────────────

    Error Context: test-results/integrations-contracts-Int-9e30a-hook-requires-secret-header-chromium/error-context.md

    Retry #1 ───────────────────────────────────────────────────────────────────────────────────────

    Error: expect(received).toBe(expected) // Object.is equality

    Expected: 401
    Received: 404

      58 |       page_id: "fake-page-id",
      59 |     });
    > 60 |     expect(response.status()).toBe(401);
         |                               ^
      61 |   });
      62 |
      63 |   test("Stripe checkout validates empty cart", async ({ page }) => {
        at /home/tbaltzakis/cloudless.gr/e2e/integrations-contracts.spec.ts:60:31

    attachment #1: screenshot (image/png) ──────────────────────────────────────────────────────────
    test-results/integrations-contracts-Int-9e30a-hook-requires-secret-header-chromium-retry1/test-failed-1.png
    ────────────────────────────────────────────────────────────────────────────────────────────────

    attachment #2: video (video/webm) ──────────────────────────────────────────────────────────────
    test-results/integrations-contracts-Int-9e30a-hook-requires-secret-header-chromium-retry1/video.webm
    ────────────────────────────────────────────────────────────────────────────────────────────────

    Error Context: test-results/integrations-contracts-Int-9e30a-hook-requires-secret-header-chromium-retry1/error-context.md

    attachment #4: trace (application/zip) ─────────────────────────────────────────────────────────
    test-results/integrations-contracts-Int-9e30a-hook-requires-secret-header-chromium-retry1/trace.zip
    Usage:

        npx playwright show-trace test-results/integrations-contracts-Int-9e30a-hook-requires-secret-header-chromium-retry1/trace.zip

    ────────────────────────────────────────────────────────────────────────────────────────────────

  155) [chromium] › e2e/journey-admin-tour.spec.ts:45:7 › Admin dashboard tour › admin sidebar has navigation links to other sections 

    Error: expect(received).toBeGreaterThanOrEqual(expected)

    Expected: >= 1
    Received:    0

      49 |     // Just check that the admin layout rendered ANY admin links — content may
      50 |     // vary based on data availability in CI.
    > 51 |     expect(await links.count()).toBeGreaterThanOrEqual(1);
         |                                 ^
      52 |   });
      53 |
      54 |   test("non-admin (no cookie) gets redirected away from /admin", async ({ browser }) => {
        at /home/tbaltzakis/cloudless.gr/e2e/journey-admin-tour.spec.ts:51:33

    attachment #1: screenshot (image/png) ──────────────────────────────────────────────────────────
    test-results/journey-admin-tour-Admin-d-c3be6-ion-links-to-other-sections-chromium/test-failed-1.png
    ────────────────────────────────────────────────────────────────────────────────────────────────

    attachment #2: video (video/webm) ──────────────────────────────────────────────────────────────
    test-results/journey-admin-tour-Admin-d-c3be6-ion-links-to-other-sections-chromium/video.webm
    ────────────────────────────────────────────────────────────────────────────────────────────────

    Error Context: test-results/journey-admin-tour-Admin-d-c3be6-ion-links-to-other-sections-chromium/error-context.md

    Retry #1 ───────────────────────────────────────────────────────────────────────────────────────

    Error: expect(received).toBeGreaterThanOrEqual(expected)

    Expected: >= 1
    Received:    0

      49 |     // Just check that the admin layout rendered ANY admin links — content may
      50 |     // vary based on data availability in CI.
    > 51 |     expect(await links.count()).toBeGreaterThanOrEqual(1);
         |                                 ^
      52 |   });
      53 |
      54 |   test("non-admin (no cookie) gets redirected away from /admin", async ({ browser }) => {
        at /home/tbaltzakis/cloudless.gr/e2e/journey-admin-tour.spec.ts:51:33

    attachment #1: screenshot (image/png) ──────────────────────────────────────────────────────────
    test-results/journey-admin-tour-Admin-d-c3be6-ion-links-to-other-sections-chromium-retry1/test-failed-1.png
    ────────────────────────────────────────────────────────────────────────────────────────────────

    attachment #2: video (video/webm) ──────────────────────────────────────────────────────────────
    test-results/journey-admin-tour-Admin-d-c3be6-ion-links-to-other-sections-chromium-retry1/video.webm
    ────────────────────────────────────────────────────────────────────────────────────────────────

    Error Context: test-results/journey-admin-tour-Admin-d-c3be6-ion-links-to-other-sections-chromium-retry1/error-context.md

    attachment #4: trace (application/zip) ─────────────────────────────────────────────────────────
    test-results/journey-admin-tour-Admin-d-c3be6-ion-links-to-other-sections-chromium-retry1/trace.zip
    Usage:

        npx playwright show-trace test-results/journey-admin-tour-Admin-d-c3be6-ion-links-to-other-sections-chromium-retry1/trace.zip

    ────────────────────────────────────────────────────────────────────────────────────────────────

  156) [chromium] › e2e/journey-theme-locale.spec.ts:93:7 › Locale switcher › /el shows Greek content (html lang=el) 

    Error: expect(received).toMatch(expected)

    Expected pattern: /^el/
    Received string:  "en"

      93 |   test("/el shows Greek content (html lang=el)", async ({ page }) => {
      94 |     await page.goto("/el");
    > 95 |     expect(await page.locator("html").getAttribute("lang")).toMatch(/^el/);
         |                                                             ^
      96 |   });
      97 | });
      98 |
        at /home/tbaltzakis/cloudless.gr/e2e/journey-theme-locale.spec.ts:95:61

    attachment #1: screenshot (image/png) ──────────────────────────────────────────────────────────
    test-results/journey-theme-locale-Local-7a9cc-Greek-content-html-lang-el--chromium/test-failed-1.png
    ────────────────────────────────────────────────────────────────────────────────────────────────

    attachment #2: video (video/webm) ──────────────────────────────────────────────────────────────
    test-results/journey-theme-locale-Local-7a9cc-Greek-content-html-lang-el--chromium/video.webm
    ────────────────────────────────────────────────────────────────────────────────────────────────

    Error Context: test-results/journey-theme-locale-Local-7a9cc-Greek-content-html-lang-el--chromium/error-context.md

    Retry #1 ───────────────────────────────────────────────────────────────────────────────────────

    Error: expect(received).toMatch(expected)

    Expected pattern: /^el/
    Received string:  "en"

      93 |   test("/el shows Greek content (html lang=el)", async ({ page }) => {
      94 |     await page.goto("/el");
    > 95 |     expect(await page.locator("html").getAttribute("lang")).toMatch(/^el/);
         |                                                             ^
      96 |   });
      97 | });
      98 |
        at /home/tbaltzakis/cloudless.gr/e2e/journey-theme-locale.spec.ts:95:61

    attachment #1: screenshot (image/png) ──────────────────────────────────────────────────────────
    test-results/journey-theme-locale-Local-7a9cc-Greek-content-html-lang-el--chromium-retry1/test-failed-1.png
    ────────────────────────────────────────────────────────────────────────────────────────────────

    attachment #2: video (video/webm) ──────────────────────────────────────────────────────────────
    test-results/journey-theme-locale-Local-7a9cc-Greek-content-html-lang-el--chromium-retry1/video.webm
    ────────────────────────────────────────────────────────────────────────────────────────────────

    Error Context: test-results/journey-theme-locale-Local-7a9cc-Greek-content-html-lang-el--chromium-retry1/error-context.md

    attachment #4: trace (application/zip) ─────────────────────────────────────────────────────────
    test-results/journey-theme-locale-Local-7a9cc-Greek-content-html-lang-el--chromium-retry1/trace.zip
    Usage:

        npx playwright show-trace test-results/journey-theme-locale-Local-7a9cc-Greek-content-html-lang-el--chromium-retry1/trace.zip

    ────────────────────────────────────────────────────────────────────────────────────────────────

  157) [chromium] › e2e/journeys/admin-journey.spec.ts:15:7 › Admin User Journey › should allow admin to navigate to login page 

    Error: expect(locator).toBeVisible() failed

    Locator: locator('text=Login, text=Sign in, text=Admin login')
    Expected: visible
    Timeout: 20000ms
    Error: element(s) not found

    Call log:
      - Expect "toBeVisible" with timeout 20000ms
      - waiting for locator('text=Login, text=Sign in, text=Admin login')
        - waiting for "http://localhost:4000/en" navigation to finish...
        - navigated to "http://localhost:4000/en"


      15 |   test("should allow admin to navigate to login page", async ({ page }) => {
      16 |     // Expect
    > 17 |     expect(page.locator('text=Login, text=Sign in, text=Admin login')).toBeVisible();
         |                                                                        ^
      18 |     
      19 |     // Act
      20 |     await page.click('text=Login, text=Sign in, text=Admin login');
        at /home/tbaltzakis/cloudless.gr/e2e/journeys/admin-journey.spec.ts:17:72

    Error: page.click: Test ended.
    Call log:
      - waiting for locator('text=Login, text=Sign in, text=Admin login')
        - waiting for "http://localhost:4000/en" navigation to finish...
        - navigated to "http://localhost:4000/en"


      18 |     
      19 |     // Act
    > 20 |     await page.click('text=Login, text=Sign in, text=Admin login');
         |                ^
      21 |     // Assert
      22 |     await expect(page).toHaveURL(/.*\/auth\/login/);
      23 |   });
        at /home/tbaltzakis/cloudless.gr/e2e/journeys/admin-journey.spec.ts:20:16

    attachment #1: screenshot (image/png) ──────────────────────────────────────────────────────────
    test-results/journeys-admin-journey-Adm-770e8-n-to-navigate-to-login-page-chromium/test-failed-1.png
    ────────────────────────────────────────────────────────────────────────────────────────────────

    attachment #2: video (video/webm) ──────────────────────────────────────────────────────────────
    test-results/journeys-admin-journey-Adm-770e8-n-to-navigate-to-login-page-chromium/video.webm
    ────────────────────────────────────────────────────────────────────────────────────────────────

    Error Context: test-results/journeys-admin-journey-Adm-770e8-n-to-navigate-to-login-page-chromium/error-context.md

    Retry #1 ───────────────────────────────────────────────────────────────────────────────────────

    Error: expect(locator).toBeVisible() failed

    Locator: locator('text=Login, text=Sign in, text=Admin login')
    Expected: visible
    Timeout: 20000ms
    Error: element(s) not found

    Call log:
      - Expect "toBeVisible" with timeout 20000ms
      - waiting for locator('text=Login, text=Sign in, text=Admin login')
        - waiting for navigation to finish...
        - navigated to "http://localhost:4000/en"


      15 |   test("should allow admin to navigate to login page", async ({ page }) => {
      16 |     // Expect
    > 17 |     expect(page.locator('text=Login, text=Sign in, text=Admin login')).toBeVisible();
         |                                                                        ^
      18 |     
      19 |     // Act
      20 |     await page.click('text=Login, text=Sign in, text=Admin login');
        at /home/tbaltzakis/cloudless.gr/e2e/journeys/admin-journey.spec.ts:17:72

    Error: page.click: Test ended.
    Call log:
      - waiting for locator('text=Login, text=Sign in, text=Admin login')
        - waiting for navigation to finish...
        - navigated to "http://localhost:4000/en"


      18 |     
      19 |     // Act
    > 20 |     await page.click('text=Login, text=Sign in, text=Admin login');
         |                ^
      21 |     // Assert
      22 |     await expect(page).toHaveURL(/.*\/auth\/login/);
      23 |   });
        at /home/tbaltzakis/cloudless.gr/e2e/journeys/admin-journey.spec.ts:20:16

    attachment #1: screenshot (image/png) ──────────────────────────────────────────────────────────
    test-results/journeys-admin-journey-Adm-770e8-n-to-navigate-to-login-page-chromium-retry1/test-failed-1.png
    ────────────────────────────────────────────────────────────────────────────────────────────────

    attachment #2: video (video/webm) ──────────────────────────────────────────────────────────────
    test-results/journeys-admin-journey-Adm-770e8-n-to-navigate-to-login-page-chromium-retry1/video.webm
    ────────────────────────────────────────────────────────────────────────────────────────────────

    Error Context: test-results/journeys-admin-journey-Adm-770e8-n-to-navigate-to-login-page-chromium-retry1/error-context.md

    attachment #4: trace (application/zip) ─────────────────────────────────────────────────────────
    test-results/journeys-admin-journey-Adm-770e8-n-to-navigate-to-login-page-chromium-retry1/trace.zip
    Usage:

        npx playwright show-trace test-results/journeys-admin-journey-Adm-770e8-n-to-navigate-to-login-page-chromium-retry1/trace.zip

    ────────────────────────────────────────────────────────────────────────────────────────────────

  158) [chromium] › e2e/journeys/admin-journey.spec.ts:25:7 › Admin User Journey › should show admin login form with required fields 

    Error: page.goto: net::ERR_ABORTED at http://localhost:4000/auth/login
    Call log:
      - navigating to "http://localhost:4000/auth/login", waiting until "load"


      24 |
      25 |   test("should show admin login form with required fields", async ({ page }) => {
    > 26 |     await page.goto("/auth/login");
         |                ^
      27 |     await expect(page).toHaveURL(/.*\/auth\/login/);
      28 |     
      29 |     // Expect
        at /home/tbaltzakis/cloudless.gr/e2e/journeys/admin-journey.spec.ts:26:16

    attachment #1: video (video/webm) ──────────────────────────────────────────────────────────────
    test-results/journeys-admin-journey-Adm-bfd0e-n-form-with-required-fields-chromium/video.webm
    ────────────────────────────────────────────────────────────────────────────────────────────────

    Error Context: test-results/journeys-admin-journey-Adm-bfd0e-n-form-with-required-fields-chromium/error-context.md

    Retry #1 ───────────────────────────────────────────────────────────────────────────────────────

    Error: expect(locator).toBeVisible() failed

    Locator: locator('form')
    Expected: visible
    Timeout: 20000ms
    Error: element(s) not found

    Call log:
      - Expect "toBeVisible" with timeout 20000ms
      - waiting for locator('form')


      28 |     
      29 |     // Expect
    > 30 |     expect(page.locator('form')).toBeVisible();
         |                                  ^
      31 |     
      32 |     // Arrange
      33 |     const form = page.locator('form');
        at /home/tbaltzakis/cloudless.gr/e2e/journeys/admin-journey.spec.ts:30:34

    Error: expect(locator).toBeVisible() failed

    Locator: locator('form').locator('input[name="email"], input[name="username"], input[type="email"]')
    Expected: visible
    Timeout: 20000ms
    Error: element(s) not found

    Call log:
      - Expect "toBeVisible" with timeout 20000ms
      - waiting for locator('form').locator('input[name="email"], input[name="username"], input[type="email"]')


      33 |     const form = page.locator('form');
      34 |     // Assert
    > 35 |     await expect(form.locator('input[name="email"], input[name="username"], input[type="email"]')).toBeVisible();
         |                                                                                                    ^
      36 |     await expect(form.locator('input[name="password"], input[type="password"]')).toBeVisible();
      37 |   });
      38 |
        at /home/tbaltzakis/cloudless.gr/e2e/journeys/admin-journey.spec.ts:35:100

    attachment #1: screenshot (image/png) ──────────────────────────────────────────────────────────
    test-results/journeys-admin-journey-Adm-bfd0e-n-form-with-required-fields-chromium-retry1/test-failed-1.png
    ────────────────────────────────────────────────────────────────────────────────────────────────

    attachment #2: video (video/webm) ──────────────────────────────────────────────────────────────
    test-results/journeys-admin-journey-Adm-bfd0e-n-form-with-required-fields-chromium-retry1/video.webm
    ────────────────────────────────────────────────────────────────────────────────────────────────

    Error Context: test-results/journeys-admin-journey-Adm-bfd0e-n-form-with-required-fields-chromium-retry1/error-context.md

    attachment #4: trace (application/zip) ─────────────────────────────────────────────────────────
    test-results/journeys-admin-journey-Adm-bfd0e-n-form-with-required-fields-chromium-retry1/trace.zip
    Usage:

        npx playwright show-trace test-results/journeys-admin-journey-Adm-bfd0e-n-form-with-required-fields-chromium-retry1/trace.zip

    ────────────────────────────────────────────────────────────────────────────────────────────────

  159) [chromium] › e2e/journeys/admin-journey.spec.ts:39:7 › Admin User Journey › should allow admin to login with valid credentials (test credentials) 

    Error: page.goto: net::ERR_ABORTED at http://localhost:4000/auth/login
    Call log:
      - navigating to "http://localhost:4000/auth/login", waiting until "load"


      38 |
      39 |   test("should allow admin to login with valid credentials (test credentials)", async ({ page }) => {
    > 40 |     await page.goto("/auth/login");
         |                ^
      41 |     await expect(page).toHaveURL(/.*\/auth\/login/);
      42 |     
      43 |     // Arrange - Using test credentials - in real scenario these would be valid test credentials
        at /home/tbaltzakis/cloudless.gr/e2e/journeys/admin-journey.spec.ts:40:16

    attachment #1: video (video/webm) ──────────────────────────────────────────────────────────────
    test-results/journeys-admin-journey-Adm-30965-edentials-test-credentials--chromium/video.webm
    ────────────────────────────────────────────────────────────────────────────────────────────────

    Error Context: test-results/journeys-admin-journey-Adm-30965-edentials-test-credentials--chromium/error-context.md

    Retry #1 ───────────────────────────────────────────────────────────────────────────────────────

    Test timeout of 60000ms exceeded.

    Error: locator.fill: Test timeout of 60000ms exceeded.
    Call log:
      - waiting for locator('input[name="email"], input[name="username"], input[type="email"]').first()


      42 |     
      43 |     // Arrange - Using test credentials - in real scenario these would be valid test credentials
    > 44 |     await page.locator('input[name="email"], input[name="username"], input[type="email"]').first().fill(`testadmin${Date.now()}@example.com`);
         |                                                                                                    ^
      45 |     await page.locator('input[name="password"], input[type="password"]').first().fill(`TestPassword123!`);
      46 |     
      47 |     // Act
        at /home/tbaltzakis/cloudless.gr/e2e/journeys/admin-journey.spec.ts:44:100

    attachment #1: screenshot (image/png) ──────────────────────────────────────────────────────────
    test-results/journeys-admin-journey-Adm-30965-edentials-test-credentials--chromium-retry1/test-failed-1.png
    ────────────────────────────────────────────────────────────────────────────────────────────────

    attachment #2: video (video/webm) ──────────────────────────────────────────────────────────────
    test-results/journeys-admin-journey-Adm-30965-edentials-test-credentials--chromium-retry1/video.webm
    ────────────────────────────────────────────────────────────────────────────────────────────────

    Error Context: test-results/journeys-admin-journey-Adm-30965-edentials-test-credentials--chromium-retry1/error-context.md

    attachment #4: trace (application/zip) ─────────────────────────────────────────────────────────
    test-results/journeys-admin-journey-Adm-30965-edentials-test-credentials--chromium-retry1/trace.zip
    Usage:

        npx playwright show-trace test-results/journeys-admin-journey-Adm-30965-edentials-test-credentials--chromium-retry1/trace.zip

    ────────────────────────────────────────────────────────────────────────────────────────────────

  160) [chromium] › e2e/journeys/admin-journey.spec.ts:59:7 › Admin User Journey › should show appropriate error for invalid login credentials 

    Error: page.goto: net::ERR_ABORTED at http://localhost:4000/auth/login
    Call log:
      - navigating to "http://localhost:4000/auth/login", waiting until "load"


      58 |
      59 |   test("should show appropriate error for invalid login credentials", async ({ page }) => {
    > 60 |     await page.goto("/auth/login");
         |                ^
      61 |     await expect(page).toHaveURL(/.*\/auth\/login/);
      62 |     
      63 |     // Arrange - Fill in obviously invalid credentials
        at /home/tbaltzakis/cloudless.gr/e2e/journeys/admin-journey.spec.ts:60:16

    attachment #1: video (video/webm) ──────────────────────────────────────────────────────────────
    test-results/journeys-admin-journey-Adm-3695f-r-invalid-login-credentials-chromium/video.webm
    ────────────────────────────────────────────────────────────────────────────────────────────────

    Error Context: test-results/journeys-admin-journey-Adm-3695f-r-invalid-login-credentials-chromium/error-context.md

    Retry #1 ───────────────────────────────────────────────────────────────────────────────────────

    Test timeout of 60000ms exceeded.

    Error: locator.fill: Test timeout of 60000ms exceeded.
    Call log:
      - waiting for locator('input[name="email"], input[name="username"], input[type="email"]').first()


      62 |     
      63 |     // Arrange - Fill in obviously invalid credentials
    > 64 |     await page.locator('input[name="email"], input[name="username"], input[type="email"]').first().fill(`invalid${Date.now()}@example.com`);
         |                                                                                                    ^
      65 |     await page.locator('input[name="password"], input[type="password"]').first().fill(`wrongpassword`);
      66 |     
      67 |     // Act
        at /home/tbaltzakis/cloudless.gr/e2e/journeys/admin-journey.spec.ts:64:100

    attachment #1: screenshot (image/png) ──────────────────────────────────────────────────────────
    test-results/journeys-admin-journey-Adm-3695f-r-invalid-login-credentials-chromium-retry1/test-failed-1.png
    ────────────────────────────────────────────────────────────────────────────────────────────────

    attachment #2: video (video/webm) ──────────────────────────────────────────────────────────────
    test-results/journeys-admin-journey-Adm-3695f-r-invalid-login-credentials-chromium-retry1/video.webm
    ────────────────────────────────────────────────────────────────────────────────────────────────

    Error Context: test-results/journeys-admin-journey-Adm-3695f-r-invalid-login-credentials-chromium-retry1/error-context.md

    attachment #4: trace (application/zip) ─────────────────────────────────────────────────────────
    test-results/journeys-admin-journey-Adm-3695f-r-invalid-login-credentials-chromium-retry1/trace.zip
    Usage:

        npx playwright show-trace test-results/journeys-admin-journey-Adm-3695f-r-invalid-login-credentials-chromium-retry1/trace.zip

    ────────────────────────────────────────────────────────────────────────────────────────────────

  161) [chromium] › e2e/journeys/admin-journey.spec.ts:77:7 › Admin User Journey › should allow admin to access dashboard after login (if credentials work) 

    Error: page.goto: net::ERR_ABORTED at http://localhost:4000/auth/login
    Call log:
      - navigating to "http://localhost:4000/auth/login", waiting until "load"


      79 |     // In a real test environment, we would set up test credentials beforehand
      80 |     
    > 81 |     await page.goto("/auth/login");
         |                ^
      82 |     await expect(page).toHaveURL(/.*\/auth\/login/);
      83 |     
      84 |     // Assert - Verify login page elements exist
        at /home/tbaltzakis/cloudless.gr/e2e/journeys/admin-journey.spec.ts:81:16

    attachment #1: screenshot (image/png) ──────────────────────────────────────────────────────────
    test-results/journeys-admin-journey-Adm-bff80--login-if-credentials-work--chromium/test-failed-1.png
    ────────────────────────────────────────────────────────────────────────────────────────────────

    attachment #2: video (video/webm) ──────────────────────────────────────────────────────────────
    test-results/journeys-admin-journey-Adm-bff80--login-if-credentials-work--chromium/video.webm
    ────────────────────────────────────────────────────────────────────────────────────────────────

    Error Context: test-results/journeys-admin-journey-Adm-bff80--login-if-credentials-work--chromium/error-context.md

    Retry #1 ───────────────────────────────────────────────────────────────────────────────────────

    Error: expect(locator).toBeVisible() failed

    Locator: locator('input[name="email"], input[name="username"], input[type="email"]')
    Expected: visible
    Error: element(s) not found

    Call log:
      - Expect "toBeVisible" with timeout 20000ms
      - waiting for locator('input[name="email"], input[name="username"], input[type="email"]')
      - Test ended.


      83 |     
      84 |     // Assert - Verify login page elements exist
    > 85 |     expect(page.locator('input[name="email"], input[name="username"], input[type="email"]')).toBeVisible();
         |                                                                                              ^
      86 |     expect(page.locator('input[name="password"], input[type="password"]')).toBeVisible();
      87 |     expect(page.locator('button:has-text("Login"), button:has-text("Sign in"), button:has-text("Submit")')).toBeVisible();
      88 |   });
        at /home/tbaltzakis/cloudless.gr/e2e/journeys/admin-journey.spec.ts:85:94

    attachment #1: screenshot (image/png) ──────────────────────────────────────────────────────────
    test-results/journeys-admin-journey-Adm-bff80--login-if-credentials-work--chromium-retry1/test-failed-1.png
    ────────────────────────────────────────────────────────────────────────────────────────────────

    Error Context: test-results/journeys-admin-journey-Adm-bff80--login-if-credentials-work--chromium-retry1/error-context.md

    attachment #3: video (video/webm) ──────────────────────────────────────────────────────────────
    test-results/journeys-admin-journey-Adm-bff80--login-if-credentials-work--chromium-retry1/video.webm
    ────────────────────────────────────────────────────────────────────────────────────────────────

    attachment #4: trace (application/zip) ─────────────────────────────────────────────────────────
    test-results/journeys-admin-journey-Adm-bff80--login-if-credentials-work--chromium-retry1/trace.zip
    Usage:

        npx playwright show-trace test-results/journeys-admin-journey-Adm-bff80--login-if-credentials-work--chromium-retry1/trace.zip

    ────────────────────────────────────────────────────────────────────────────────────────────────

  162) [chromium] › e2e/journeys/admin-journey.spec.ts:90:7 › Admin User Journey › should show admin dashboard widgets and navigation after login 

    Error: page.goto: net::ERR_ABORTED at http://localhost:4000/admin
    Call log:
      - navigating to "http://localhost:4000/admin", waiting until "load"


      90 |   test("should show admin dashboard widgets and navigation after login", async ({ page }) => {
      91 |     // We'll test that if we somehow get to a dashboard, we see expected elements
    > 92 |     await page.goto("/admin");
         |                ^
      93 |     await page.waitForTimeout(2000);
      94 |     
      95 |     // If redirected to login, that's expected for unauthenticated access
        at /home/tbaltzakis/cloudless.gr/e2e/journeys/admin-journey.spec.ts:92:16

    attachment #1: video (video/webm) ──────────────────────────────────────────────────────────────
    test-results/journeys-admin-journey-Adm-aec70--and-navigation-after-login-chromium/video.webm
    ────────────────────────────────────────────────────────────────────────────────────────────────

    Error Context: test-results/journeys-admin-journey-Adm-aec70--and-navigation-after-login-chromium/error-context.md

    Retry #1 ───────────────────────────────────────────────────────────────────────────────────────

    Error: expect(locator).toBeVisible() failed

    Locator: locator('text=Sign in, text=Login')
    Expected: visible
    Error: element(s) not found

    Call log:
      - Expect "toBeVisible" with timeout 20000ms
      - waiting for locator('text=Sign in, text=Login')
      - Test ended.


       95 |     // If redirected to login, that's expected for unauthenticated access
       96 |     if (await page.url().includes('/auth/login')) {
    >  97 |       expect(page.locator('text=Sign in, text=Login')).toBeVisible();
          |                                                        ^
       98 |     } else {
       99 |       // If we somehow got to dashboard, check for dashboard elements
      100 |       expect(page.locator('.dashboard, text=Dashboard, text=Overview, .widget, .card, [data-testid="dashboard"]')).toBeVisible();
        at /home/tbaltzakis/cloudless.gr/e2e/journeys/admin-journey.spec.ts:97:56

    attachment #1: screenshot (image/png) ──────────────────────────────────────────────────────────
    test-results/journeys-admin-journey-Adm-aec70--and-navigation-after-login-chromium-retry1/test-failed-1.png
    ────────────────────────────────────────────────────────────────────────────────────────────────

    Error Context: test-results/journeys-admin-journey-Adm-aec70--and-navigation-after-login-chromium-retry1/error-context.md

    attachment #3: video (video/webm) ──────────────────────────────────────────────────────────────
    test-results/journeys-admin-journey-Adm-aec70--and-navigation-after-login-chromium-retry1/video.webm
    ────────────────────────────────────────────────────────────────────────────────────────────────

    attachment #4: trace (application/zip) ─────────────────────────────────────────────────────────
    test-results/journeys-admin-journey-Adm-aec70--and-navigation-after-login-chromium-retry1/trace.zip
    Usage:

        npx playwright show-trace test-results/journeys-admin-journey-Adm-aec70--and-navigation-after-login-chromium-retry1/trace.zip

    ────────────────────────────────────────────────────────────────────────────────────────────────

  163) [chromium] › e2e/journeys/admin-journey.spec.ts:104:7 › Admin User Journey › should allow admin to navigate to different admin sections 

    Error: page.goto: net::ERR_ABORTED at http://localhost:4000/admin/analytics
    Call log:
      - navigating to "http://localhost:4000/admin/analytics", waiting until "load"


      113 |     
      114 |     for (const section of adminSections) {
    > 115 |       await page.goto(section);
          |                  ^
      116 |       await page.waitForTimeout(2000);
      117 |       
      118 |       // Should either show login page or admin section content
        at /home/tbaltzakis/cloudless.gr/e2e/journeys/admin-journey.spec.ts:115:18

    attachment #1: video (video/webm) ──────────────────────────────────────────────────────────────
    test-results/journeys-admin-journey-Adm-b1bc1-to-different-admin-sections-chromium/video.webm
    ────────────────────────────────────────────────────────────────────────────────────────────────

    Error Context: test-results/journeys-admin-journey-Adm-b1bc1-to-different-admin-sections-chromium/error-context.md

    Retry #1 ───────────────────────────────────────────────────────────────────────────────────────

    Error: expect(locator).toBeVisible() failed

    Locator: locator('text=Sign in, text=Login, .dashboard, .admin-panel, text=Analytics, text=Users, text=Settings').first()
    Expected: visible
    Error: element(s) not found

    Call log:
      - Expect "toBeVisible" with timeout 20000ms
      - waiting for locator('text=Sign in, text=Login, .dashboard, .admin-panel, text=Analytics, text=Users, text=Settings').first()
        - waiting for "http://localhost:4000/auth/login?redirect=%2Fadmin%2Fsettings" navigation to finish...
        - navigated to "http://localhost:4000/auth/login?redirect=%2Fadmin%2Fsettings"
      - Test ended.


      118 |       // Should either show login page or admin section content
      119 |       const loginOrContent = page.locator('text=Sign in, text=Login, .dashboard, .admin-panel, text=Analytics, text=Users, text=Settings');
    > 120 |       expect(loginOrContent.first()).toBeVisible();
          |                                      ^
      121 |     }
      122 |   });
      123 |
        at /home/tbaltzakis/cloudless.gr/e2e/journeys/admin-journey.spec.ts:120:38

    attachment #1: screenshot (image/png) ──────────────────────────────────────────────────────────
    test-results/journeys-admin-journey-Adm-b1bc1-to-different-admin-sections-chromium-retry1/test-failed-1.png
    ────────────────────────────────────────────────────────────────────────────────────────────────

    Error Context: test-results/journeys-admin-journey-Adm-b1bc1-to-different-admin-sections-chromium-retry1/error-context.md

    attachment #3: video (video/webm) ──────────────────────────────────────────────────────────────
    test-results/journeys-admin-journey-Adm-b1bc1-to-different-admin-sections-chromium-retry1/video.webm
    ────────────────────────────────────────────────────────────────────────────────────────────────

    attachment #4: trace (application/zip) ─────────────────────────────────────────────────────────
    test-results/journeys-admin-journey-Adm-b1bc1-to-different-admin-sections-chromium-retry1/trace.zip
    Usage:

        npx playwright show-trace test-results/journeys-admin-journey-Adm-b1bc1-to-different-admin-sections-chromium-retry1/trace.zip

    ────────────────────────────────────────────────────────────────────────────────────────────────

  164) [chromium] › e2e/journeys/auth-journey.spec.ts:21:9 › Authentication Journey › Login Flow › should allow user to login with valid credentials 

    Error: expect(locator).toBeVisible() failed

    Locator: locator('a[href*="/auth/login"], a[href*="/login"], .login-link, [data-testid="login-link"]')
    Expected: visible
    Error: strict mode violation: locator('a[href*="/auth/login"], a[href*="/login"], .login-link, [data-testid="login-link"]') resolved to 2 elements:
        1) <a href="/en/auth/login" class="border-neon-cyan/50 text-neon-cyan hover:bg-neon-cyan/10 relative rounded-lg border bg-transparent px-4 py-2.5 font-mono text-sm font-semibold whitespace-nowrap transition-all duration-300 hover:shadow-[0_0_15px_rgba(0,255,245,0.2)]">Sign In</a> aka getByRole('link', { name: 'Sign In' })
        2) <a href="/en/auth/login" class="border-neon-cyan/50 text-neon-cyan active:bg-neon-cyan/10 mt-2 block min-h-11 rounded-lg border px-5 py-3 text-center font-mono text-sm font-semibold transition-all">Sign In</a> aka getByText('Sign In').nth(1)

    Call log:
      - Expect "toBeVisible" with timeout 5000ms
      - waiting for locator('a[href*="/auth/login"], a[href*="/login"], .login-link, [data-testid="login-link"]')


      25 |       // Navigate to login page
      26 |       const loginLink = browserPage.locator('a[href*="/auth/login"], a[href*="/login"], .login-link, [data-testid="login-link"]');
    > 27 |       await expect(loginLink).toBeVisible({ timeout: 5000 });
         |                               ^
      28 |       
      29 |       await loginLink.click();
      30 |       await expect(browserPage).toHaveURL(/\/auth\/login|\/login/, { timeout: 5000 });
        at /home/tbaltzakis/cloudless.gr/e2e/journeys/auth-journey.spec.ts:27:31

    attachment #1: screenshot (image/png) ──────────────────────────────────────────────────────────
    test-results/journeys-auth-journey-Auth-b8408-ogin-with-valid-credentials-chromium/test-failed-1.png
    ────────────────────────────────────────────────────────────────────────────────────────────────

    attachment #2: video (video/webm) ──────────────────────────────────────────────────────────────
    test-results/journeys-auth-journey-Auth-b8408-ogin-with-valid-credentials-chromium/video.webm
    ────────────────────────────────────────────────────────────────────────────────────────────────

    Error Context: test-results/journeys-auth-journey-Auth-b8408-ogin-with-valid-credentials-chromium/error-context.md

    Retry #1 ───────────────────────────────────────────────────────────────────────────────────────

    Error: expect(locator).toBeVisible() failed

    Locator: locator('a[href*="/auth/login"], a[href*="/login"], .login-link, [data-testid="login-link"]')
    Expected: visible
    Error: strict mode violation: locator('a[href*="/auth/login"], a[href*="/login"], .login-link, [data-testid="login-link"]') resolved to 2 elements:
        1) <a href="/en/auth/login" class="border-neon-cyan/50 text-neon-cyan hover:bg-neon-cyan/10 relative rounded-lg border bg-transparent px-4 py-2.5 font-mono text-sm font-semibold whitespace-nowrap transition-all duration-300 hover:shadow-[0_0_15px_rgba(0,255,245,0.2)]">Sign In</a> aka getByRole('link', { name: 'Sign In' })
        2) <a href="/en/auth/login" class="border-neon-cyan/50 text-neon-cyan active:bg-neon-cyan/10 mt-2 block min-h-11 rounded-lg border px-5 py-3 text-center font-mono text-sm font-semibold transition-all">Sign In</a> aka getByText('Sign In').nth(1)

    Call log:
      - Expect "toBeVisible" with timeout 5000ms
      - waiting for locator('a[href*="/auth/login"], a[href*="/login"], .login-link, [data-testid="login-link"]')


      25 |       // Navigate to login page
      26 |       const loginLink = browserPage.locator('a[href*="/auth/login"], a[href*="/login"], .login-link, [data-testid="login-link"]');
    > 27 |       await expect(loginLink).toBeVisible({ timeout: 5000 });
         |                               ^
      28 |       
      29 |       await loginLink.click();
      30 |       await expect(browserPage).toHaveURL(/\/auth\/login|\/login/, { timeout: 5000 });
        at /home/tbaltzakis/cloudless.gr/e2e/journeys/auth-journey.spec.ts:27:31

    attachment #1: screenshot (image/png) ──────────────────────────────────────────────────────────
    test-results/journeys-auth-journey-Auth-b8408-ogin-with-valid-credentials-chromium-retry1/test-failed-1.png
    ────────────────────────────────────────────────────────────────────────────────────────────────

    attachment #2: video (video/webm) ──────────────────────────────────────────────────────────────
    test-results/journeys-auth-journey-Auth-b8408-ogin-with-valid-credentials-chromium-retry1/video.webm
    ────────────────────────────────────────────────────────────────────────────────────────────────

    Error Context: test-results/journeys-auth-journey-Auth-b8408-ogin-with-valid-credentials-chromium-retry1/error-context.md

    attachment #4: trace (application/zip) ─────────────────────────────────────────────────────────
    test-results/journeys-auth-journey-Auth-b8408-ogin-with-valid-credentials-chromium-retry1/trace.zip
    Usage:

        npx playwright show-trace test-results/journeys-auth-journey-Auth-b8408-ogin-with-valid-credentials-chromium-retry1/trace.zip

    ────────────────────────────────────────────────────────────────────────────────────────────────

  165) [chromium] › e2e/journeys/auth-journey.spec.ts:58:9 › Authentication Journey › Login Flow › should show error for invalid login credentials 

    Error: expect(locator).toBeVisible() failed

    Locator: locator('a[href*="/auth/login"], a[href*="/login"], .login-link, [data-testid="login-link"]')
    Expected: visible
    Error: strict mode violation: locator('a[href*="/auth/login"], a[href*="/login"], .login-link, [data-testid="login-link"]') resolved to 2 elements:
        1) <a href="/en/auth/login" class="border-neon-cyan/50 text-neon-cyan hover:bg-neon-cyan/10 relative rounded-lg border bg-transparent px-4 py-2.5 font-mono text-sm font-semibold whitespace-nowrap transition-all duration-300 hover:shadow-[0_0_15px_rgba(0,255,245,0.2)]">Sign In</a> aka getByRole('link', { name: 'Sign In' })
        2) <a href="/en/auth/login" class="border-neon-cyan/50 text-neon-cyan active:bg-neon-cyan/10 mt-2 block min-h-11 rounded-lg border px-5 py-3 text-center font-mono text-sm font-semibold transition-all">Sign In</a> aka getByText('Sign In').nth(1)

    Call log:
      - Expect "toBeVisible" with timeout 5000ms
      - waiting for locator('a[href*="/auth/login"], a[href*="/login"], .login-link, [data-testid="login-link"]')


      62 |       // Navigate to login page
      63 |       const loginLink = browserPage.locator('a[href*="/auth/login"], a[href*="/login"], .login-link, [data-testid="login-link"]');
    > 64 |       await expect(loginLink).toBeVisible({ timeout: 5000 });
         |                               ^
      65 |       
      66 |       await loginLink.click();
      67 |       await expect(browserPage).toHaveURL(/\/auth\/login|\/login/, { timeout: 5000 });
        at /home/tbaltzakis/cloudless.gr/e2e/journeys/auth-journey.spec.ts:64:31

    attachment #1: screenshot (image/png) ──────────────────────────────────────────────────────────
    test-results/journeys-auth-journey-Auth-79d64-r-invalid-login-credentials-chromium/test-failed-1.png
    ────────────────────────────────────────────────────────────────────────────────────────────────

    attachment #2: video (video/webm) ──────────────────────────────────────────────────────────────
    test-results/journeys-auth-journey-Auth-79d64-r-invalid-login-credentials-chromium/video.webm
    ────────────────────────────────────────────────────────────────────────────────────────────────

    Error Context: test-results/journeys-auth-journey-Auth-79d64-r-invalid-login-credentials-chromium/error-context.md

    Retry #1 ───────────────────────────────────────────────────────────────────────────────────────

    Error: expect(locator).toBeVisible() failed

    Locator: locator('a[href*="/auth/login"], a[href*="/login"], .login-link, [data-testid="login-link"]')
    Expected: visible
    Error: strict mode violation: locator('a[href*="/auth/login"], a[href*="/login"], .login-link, [data-testid="login-link"]') resolved to 2 elements:
        1) <a href="/en/auth/login" class="border-neon-cyan/50 text-neon-cyan hover:bg-neon-cyan/10 relative rounded-lg border bg-transparent px-4 py-2.5 font-mono text-sm font-semibold whitespace-nowrap transition-all duration-300 hover:shadow-[0_0_15px_rgba(0,255,245,0.2)]">Sign In</a> aka getByRole('link', { name: 'Sign In' })
        2) <a href="/en/auth/login" class="border-neon-cyan/50 text-neon-cyan active:bg-neon-cyan/10 mt-2 block min-h-11 rounded-lg border px-5 py-3 text-center font-mono text-sm font-semibold transition-all">Sign In</a> aka getByText('Sign In').nth(1)

    Call log:
      - Expect "toBeVisible" with timeout 5000ms
      - waiting for locator('a[href*="/auth/login"], a[href*="/login"], .login-link, [data-testid="login-link"]')


      62 |       // Navigate to login page
      63 |       const loginLink = browserPage.locator('a[href*="/auth/login"], a[href*="/login"], .login-link, [data-testid="login-link"]');
    > 64 |       await expect(loginLink).toBeVisible({ timeout: 5000 });
         |                               ^
      65 |       
      66 |       await loginLink.click();
      67 |       await expect(browserPage).toHaveURL(/\/auth\/login|\/login/, { timeout: 5000 });
        at /home/tbaltzakis/cloudless.gr/e2e/journeys/auth-journey.spec.ts:64:31

    attachment #1: screenshot (image/png) ──────────────────────────────────────────────────────────
    test-results/journeys-auth-journey-Auth-79d64-r-invalid-login-credentials-chromium-retry1/test-failed-1.png
    ────────────────────────────────────────────────────────────────────────────────────────────────

    attachment #2: video (video/webm) ──────────────────────────────────────────────────────────────
    test-results/journeys-auth-journey-Auth-79d64-r-invalid-login-credentials-chromium-retry1/video.webm
    ────────────────────────────────────────────────────────────────────────────────────────────────

    Error Context: test-results/journeys-auth-journey-Auth-79d64-r-invalid-login-credentials-chromium-retry1/error-context.md

    attachment #4: trace (application/zip) ─────────────────────────────────────────────────────────
    test-results/journeys-auth-journey-Auth-79d64-r-invalid-login-credentials-chromium-retry1/trace.zip
    Usage:

        npx playwright show-trace test-results/journeys-auth-journey-Auth-79d64-r-invalid-login-credentials-chromium-retry1/trace.zip

    ────────────────────────────────────────────────────────────────────────────────────────────────

  166) [chromium] › e2e/journeys/auth-journey.spec.ts:92:9 › Authentication Journey › Login Flow › should show validation errors for empty login fields 

    Error: expect(locator).toBeVisible() failed

    Locator: locator('a[href*="/auth/login"], a[href*="/login"], .login-link, [data-testid="login-link"]')
    Expected: visible
    Error: strict mode violation: locator('a[href*="/auth/login"], a[href*="/login"], .login-link, [data-testid="login-link"]') resolved to 2 elements:
        1) <a href="/en/auth/login" class="border-neon-cyan/50 text-neon-cyan hover:bg-neon-cyan/10 relative rounded-lg border bg-transparent px-4 py-2.5 font-mono text-sm font-semibold whitespace-nowrap transition-all duration-300 hover:shadow-[0_0_15px_rgba(0,255,245,0.2)]">Sign In</a> aka getByRole('link', { name: 'Sign In' })
        2) <a href="/en/auth/login" class="border-neon-cyan/50 text-neon-cyan active:bg-neon-cyan/10 mt-2 block min-h-11 rounded-lg border px-5 py-3 text-center font-mono text-sm font-semibold transition-all">Sign In</a> aka getByText('Sign In').nth(1)

    Call log:
      - Expect "toBeVisible" with timeout 5000ms
      - waiting for locator('a[href*="/auth/login"], a[href*="/login"], .login-link, [data-testid="login-link"]')


       96 |       // Navigate to login page
       97 |       const loginLink = browserPage.locator('a[href*="/auth/login"], a[href*="/login"], .login-link, [data-testid="login-link"]');
    >  98 |       await expect(loginLink).toBeVisible({ timeout: 5000 });
          |                               ^
       99 |       
      100 |       await loginLink.click();
      101 |       await expect(browserPage).toHaveURL(/\/auth\/login|\/login/, { timeout: 5000 });
        at /home/tbaltzakis/cloudless.gr/e2e/journeys/auth-journey.spec.ts:98:31

    attachment #1: screenshot (image/png) ──────────────────────────────────────────────────────────
    test-results/journeys-auth-journey-Auth-532c2-rors-for-empty-login-fields-chromium/test-failed-1.png
    ────────────────────────────────────────────────────────────────────────────────────────────────

    attachment #2: video (video/webm) ──────────────────────────────────────────────────────────────
    test-results/journeys-auth-journey-Auth-532c2-rors-for-empty-login-fields-chromium/video.webm
    ────────────────────────────────────────────────────────────────────────────────────────────────

    Error Context: test-results/journeys-auth-journey-Auth-532c2-rors-for-empty-login-fields-chromium/error-context.md

    Retry #1 ───────────────────────────────────────────────────────────────────────────────────────

    Error: expect(locator).toBeVisible() failed

    Locator: locator('a[href*="/auth/login"], a[href*="/login"], .login-link, [data-testid="login-link"]')
    Expected: visible
    Error: strict mode violation: locator('a[href*="/auth/login"], a[href*="/login"], .login-link, [data-testid="login-link"]') resolved to 2 elements:
        1) <a href="/en/auth/login" class="border-neon-cyan/50 text-neon-cyan hover:bg-neon-cyan/10 relative rounded-lg border bg-transparent px-4 py-2.5 font-mono text-sm font-semibold whitespace-nowrap transition-all duration-300 hover:shadow-[0_0_15px_rgba(0,255,245,0.2)]">Sign In</a> aka getByRole('link', { name: 'Sign In' })
        2) <a href="/en/auth/login" class="border-neon-cyan/50 text-neon-cyan active:bg-neon-cyan/10 mt-2 block min-h-11 rounded-lg border px-5 py-3 text-center font-mono text-sm font-semibold transition-all">Sign In</a> aka getByText('Sign In').nth(1)

    Call log:
      - Expect "toBeVisible" with timeout 5000ms
      - waiting for locator('a[href*="/auth/login"], a[href*="/login"], .login-link, [data-testid="login-link"]')


       96 |       // Navigate to login page
       97 |       const loginLink = browserPage.locator('a[href*="/auth/login"], a[href*="/login"], .login-link, [data-testid="login-link"]');
    >  98 |       await expect(loginLink).toBeVisible({ timeout: 5000 });
          |                               ^
       99 |       
      100 |       await loginLink.click();
      101 |       await expect(browserPage).toHaveURL(/\/auth\/login|\/login/, { timeout: 5000 });
        at /home/tbaltzakis/cloudless.gr/e2e/journeys/auth-journey.spec.ts:98:31

    attachment #1: screenshot (image/png) ──────────────────────────────────────────────────────────
    test-results/journeys-auth-journey-Auth-532c2-rors-for-empty-login-fields-chromium-retry1/test-failed-1.png
    ────────────────────────────────────────────────────────────────────────────────────────────────

    attachment #2: video (video/webm) ──────────────────────────────────────────────────────────────
    test-results/journeys-auth-journey-Auth-532c2-rors-for-empty-login-fields-chromium-retry1/video.webm
    ────────────────────────────────────────────────────────────────────────────────────────────────

    Error Context: test-results/journeys-auth-journey-Auth-532c2-rors-for-empty-login-fields-chromium-retry1/error-context.md

    attachment #4: trace (application/zip) ─────────────────────────────────────────────────────────
    test-results/journeys-auth-journey-Auth-532c2-rors-for-empty-login-fields-chromium-retry1/trace.zip
    Usage:

        npx playwright show-trace test-results/journeys-auth-journey-Auth-532c2-rors-for-empty-login-fields-chromium-retry1/trace.zip

    ────────────────────────────────────────────────────────────────────────────────────────────────

  167) [chromium] › e2e/journeys/auth-journey.spec.ts:118:9 › Authentication Journey › Registration Flow › should allow user to register with valid information 

    Error: expect(locator).toBeVisible() failed

    Locator:  locator('a[href*="/auth/register"], a[href*="/signup"], .register-link, [data-testid="register-link"], a:has-text("Sign Up")')
    Expected: visible
    Received: hidden
    Timeout:  5000ms

    Call log:
      - Expect "toBeVisible" with timeout 5000ms
      - waiting for locator('a[href*="/auth/register"], a[href*="/signup"], .register-link, [data-testid="register-link"], a:has-text("Sign Up")')
        14 × locator resolved to <a href="/en/auth/signup" class="hover:border-neon-cyan/30 hover:text-neon-cyan mt-2 block min-h-11 rounded-lg border border-slate-700 px-5 py-3 text-center font-mono text-sm font-semibold text-slate-300 transition-all">Sign Up</a>
           - unexpected value "hidden"


      122 |       // Navigate to registration page
      123 |       const registerLink = browserPage.locator('a[href*="/auth/register"], a[href*="/signup"], .register-link, [data-testid="register-link"], a:has-text("Sign Up")');
    > 124 |       await expect(registerLink).toBeVisible({ timeout: 5000 });
          |                                  ^
      125 |       
      126 |       await registerLink.click();
      127 |       await expect(browserPage).toHaveURL(/\/auth\/register|\/register|\/signup/, { timeout: 5000 });
        at /home/tbaltzakis/cloudless.gr/e2e/journeys/auth-journey.spec.ts:124:34

    attachment #1: screenshot (image/png) ──────────────────────────────────────────────────────────
    test-results/journeys-auth-journey-Auth-4b215-ster-with-valid-information-chromium/test-failed-1.png
    ────────────────────────────────────────────────────────────────────────────────────────────────

    attachment #2: video (video/webm) ──────────────────────────────────────────────────────────────
    test-results/journeys-auth-journey-Auth-4b215-ster-with-valid-information-chromium/video.webm
    ────────────────────────────────────────────────────────────────────────────────────────────────

    Error Context: test-results/journeys-auth-journey-Auth-4b215-ster-with-valid-information-chromium/error-context.md

    Retry #1 ───────────────────────────────────────────────────────────────────────────────────────

    Error: expect(locator).toBeVisible() failed

    Locator:  locator('a[href*="/auth/register"], a[href*="/signup"], .register-link, [data-testid="register-link"], a:has-text("Sign Up")')
    Expected: visible
    Received: hidden
    Timeout:  5000ms

    Call log:
      - Expect "toBeVisible" with timeout 5000ms
      - waiting for locator('a[href*="/auth/register"], a[href*="/signup"], .register-link, [data-testid="register-link"], a:has-text("Sign Up")')
        14 × locator resolved to <a href="/en/auth/signup" class="hover:border-neon-cyan/30 hover:text-neon-cyan mt-2 block min-h-11 rounded-lg border border-slate-700 px-5 py-3 text-center font-mono text-sm font-semibold text-slate-300 transition-all">Sign Up</a>
           - unexpected value "hidden"


      122 |       // Navigate to registration page
      123 |       const registerLink = browserPage.locator('a[href*="/auth/register"], a[href*="/signup"], .register-link, [data-testid="register-link"], a:has-text("Sign Up")');
    > 124 |       await expect(registerLink).toBeVisible({ timeout: 5000 });
          |                                  ^
      125 |       
      126 |       await registerLink.click();
      127 |       await expect(browserPage).toHaveURL(/\/auth\/register|\/register|\/signup/, { timeout: 5000 });
        at /home/tbaltzakis/cloudless.gr/e2e/journeys/auth-journey.spec.ts:124:34

    attachment #1: screenshot (image/png) ──────────────────────────────────────────────────────────
    test-results/journeys-auth-journey-Auth-4b215-ster-with-valid-information-chromium-retry1/test-failed-1.png
    ────────────────────────────────────────────────────────────────────────────────────────────────

    attachment #2: video (video/webm) ──────────────────────────────────────────────────────────────
    test-results/journeys-auth-journey-Auth-4b215-ster-with-valid-information-chromium-retry1/video.webm
    ────────────────────────────────────────────────────────────────────────────────────────────────

    Error Context: test-results/journeys-auth-journey-Auth-4b215-ster-with-valid-information-chromium-retry1/error-context.md

    attachment #4: trace (application/zip) ─────────────────────────────────────────────────────────
    test-results/journeys-auth-journey-Auth-4b215-ster-with-valid-information-chromium-retry1/trace.zip
    Usage:

        npx playwright show-trace test-results/journeys-auth-journey-Auth-4b215-ster-with-valid-information-chromium-retry1/trace.zip

    ────────────────────────────────────────────────────────────────────────────────────────────────

  168) [chromium] › e2e/journeys/auth-journey.spec.ts:162:9 › Authentication Journey › Registration Flow › should show error for duplicate email registration 

    Error: expect(locator).toBeVisible() failed

    Locator:  locator('a[href*="/auth/register"], a[href*="/signup"], .register-link, [data-testid="register-link"], a:has-text("Sign Up")')
    Expected: visible
    Received: hidden
    Timeout:  5000ms

    Call log:
      - Expect "toBeVisible" with timeout 5000ms
      - waiting for locator('a[href*="/auth/register"], a[href*="/signup"], .register-link, [data-testid="register-link"], a:has-text("Sign Up")')
        14 × locator resolved to <a href="/en/auth/signup" class="hover:border-neon-cyan/30 hover:text-neon-cyan mt-2 block min-h-11 rounded-lg border border-slate-700 px-5 py-3 text-center font-mono text-sm font-semibold text-slate-300 transition-all">Sign Up</a>
           - unexpected value "hidden"


      166 |       // Navigate to registration page
      167 |       const registerLink = browserPage.locator('a[href*="/auth/register"], a[href*="/signup"], .register-link, [data-testid="register-link"], a:has-text("Sign Up")');
    > 168 |       await expect(registerLink).toBeVisible({ timeout: 5000 });
          |                                  ^
      169 |       
      170 |       await registerLink.click();
      171 |       await expect(browserPage).toHaveURL(/\/auth\/register|\/register|\/signup/, { timeout: 5000 });
        at /home/tbaltzakis/cloudless.gr/e2e/journeys/auth-journey.spec.ts:168:34

    attachment #1: screenshot (image/png) ──────────────────────────────────────────────────────────
    test-results/journeys-auth-journey-Auth-cc215-uplicate-email-registration-chromium/test-failed-1.png
    ────────────────────────────────────────────────────────────────────────────────────────────────

    attachment #2: video (video/webm) ──────────────────────────────────────────────────────────────
    test-results/journeys-auth-journey-Auth-cc215-uplicate-email-registration-chromium/video.webm
    ────────────────────────────────────────────────────────────────────────────────────────────────

    Error Context: test-results/journeys-auth-journey-Auth-cc215-uplicate-email-registration-chromium/error-context.md

    Retry #1 ───────────────────────────────────────────────────────────────────────────────────────

    Error: expect(locator).toBeVisible() failed

    Locator:  locator('a[href*="/auth/register"], a[href*="/signup"], .register-link, [data-testid="register-link"], a:has-text("Sign Up")')
    Expected: visible
    Received: hidden
    Timeout:  5000ms

    Call log:
      - Expect "toBeVisible" with timeout 5000ms
      - waiting for locator('a[href*="/auth/register"], a[href*="/signup"], .register-link, [data-testid="register-link"], a:has-text("Sign Up")')
        14 × locator resolved to <a href="/en/auth/signup" class="hover:border-neon-cyan/30 hover:text-neon-cyan mt-2 block min-h-11 rounded-lg border border-slate-700 px-5 py-3 text-center font-mono text-sm font-semibold text-slate-300 transition-all">Sign Up</a>
           - unexpected value "hidden"


      166 |       // Navigate to registration page
      167 |       const registerLink = browserPage.locator('a[href*="/auth/register"], a[href*="/signup"], .register-link, [data-testid="register-link"], a:has-text("Sign Up")');
    > 168 |       await expect(registerLink).toBeVisible({ timeout: 5000 });
          |                                  ^
      169 |       
      170 |       await registerLink.click();
      171 |       await expect(browserPage).toHaveURL(/\/auth\/register|\/register|\/signup/, { timeout: 5000 });
        at /home/tbaltzakis/cloudless.gr/e2e/journeys/auth-journey.spec.ts:168:34

    attachment #1: screenshot (image/png) ──────────────────────────────────────────────────────────
    test-results/journeys-auth-journey-Auth-cc215-uplicate-email-registration-chromium-retry1/test-failed-1.png
    ────────────────────────────────────────────────────────────────────────────────────────────────

    attachment #2: video (video/webm) ──────────────────────────────────────────────────────────────
    test-results/journeys-auth-journey-Auth-cc215-uplicate-email-registration-chromium-retry1/video.webm
    ────────────────────────────────────────────────────────────────────────────────────────────────

    Error Context: test-results/journeys-auth-journey-Auth-cc215-uplicate-email-registration-chromium-retry1/error-context.md

    attachment #4: trace (application/zip) ─────────────────────────────────────────────────────────
    test-results/journeys-auth-journey-Auth-cc215-uplicate-email-registration-chromium-retry1/trace.zip
    Usage:

        npx playwright show-trace test-results/journeys-auth-journey-Auth-cc215-uplicate-email-registration-chromium-retry1/trace.zip

    ────────────────────────────────────────────────────────────────────────────────────────────────

  169) [chromium] › e2e/journeys/auth-journey.spec.ts:202:9 › Authentication Journey › Registration Flow › should show validation errors for empty registration fields 

    Error: expect(locator).toBeVisible() failed

    Locator:  locator('a[href*="/auth/register"], a[href*="/signup"], .register-link, [data-testid="register-link"], a:has-text("Sign Up")')
    Expected: visible
    Received: hidden
    Timeout:  5000ms

    Call log:
      - Expect "toBeVisible" with timeout 5000ms
      - waiting for locator('a[href*="/auth/register"], a[href*="/signup"], .register-link, [data-testid="register-link"], a:has-text("Sign Up")')
        14 × locator resolved to <a href="/en/auth/signup" class="hover:border-neon-cyan/30 hover:text-neon-cyan mt-2 block min-h-11 rounded-lg border border-slate-700 px-5 py-3 text-center font-mono text-sm font-semibold text-slate-300 transition-all">Sign Up</a>
           - unexpected value "hidden"


      206 |       // Navigate to registration page
      207 |       const registerLink = browserPage.locator('a[href*="/auth/register"], a[href*="/signup"], .register-link, [data-testid="register-link"], a:has-text("Sign Up")');
    > 208 |       await expect(registerLink).toBeVisible({ timeout: 5000 });
          |                                  ^
      209 |       
      210 |       await registerLink.click();
      211 |       await expect(browserPage).toHaveURL(/\/auth\/register|\/register|\/signup/, { timeout: 5000 });
        at /home/tbaltzakis/cloudless.gr/e2e/journeys/auth-journey.spec.ts:208:34

    attachment #1: screenshot (image/png) ──────────────────────────────────────────────────────────
    test-results/journeys-auth-journey-Auth-cee50-r-empty-registration-fields-chromium/test-failed-1.png
    ────────────────────────────────────────────────────────────────────────────────────────────────

    attachment #2: video (video/webm) ──────────────────────────────────────────────────────────────
    test-results/journeys-auth-journey-Auth-cee50-r-empty-registration-fields-chromium/video.webm
    ────────────────────────────────────────────────────────────────────────────────────────────────

    Error Context: test-results/journeys-auth-journey-Auth-cee50-r-empty-registration-fields-chromium/error-context.md

    Retry #1 ───────────────────────────────────────────────────────────────────────────────────────

    Error: expect(locator).toBeVisible() failed

    Locator:  locator('a[href*="/auth/register"], a[href*="/signup"], .register-link, [data-testid="register-link"], a:has-text("Sign Up")')
    Expected: visible
    Received: hidden
    Timeout:  5000ms

    Call log:
      - Expect "toBeVisible" with timeout 5000ms
      - waiting for locator('a[href*="/auth/register"], a[href*="/signup"], .register-link, [data-testid="register-link"], a:has-text("Sign Up")')
        14 × locator resolved to <a href="/en/auth/signup" class="hover:border-neon-cyan/30 hover:text-neon-cyan mt-2 block min-h-11 rounded-lg border border-slate-700 px-5 py-3 text-center font-mono text-sm font-semibold text-slate-300 transition-all">Sign Up</a>
           - unexpected value "hidden"


      206 |       // Navigate to registration page
      207 |       const registerLink = browserPage.locator('a[href*="/auth/register"], a[href*="/signup"], .register-link, [data-testid="register-link"], a:has-text("Sign Up")');
    > 208 |       await expect(registerLink).toBeVisible({ timeout: 5000 });
          |                                  ^
      209 |       
      210 |       await registerLink.click();
      211 |       await expect(browserPage).toHaveURL(/\/auth\/register|\/register|\/signup/, { timeout: 5000 });
        at /home/tbaltzakis/cloudless.gr/e2e/journeys/auth-journey.spec.ts:208:34

    attachment #1: screenshot (image/png) ──────────────────────────────────────────────────────────
    test-results/journeys-auth-journey-Auth-cee50-r-empty-registration-fields-chromium-retry1/test-failed-1.png
    ────────────────────────────────────────────────────────────────────────────────────────────────

    attachment #2: video (video/webm) ──────────────────────────────────────────────────────────────
    test-results/journeys-auth-journey-Auth-cee50-r-empty-registration-fields-chromium-retry1/video.webm
    ────────────────────────────────────────────────────────────────────────────────────────────────

    Error Context: test-results/journeys-auth-journey-Auth-cee50-r-empty-registration-fields-chromium-retry1/error-context.md

    attachment #4: trace (application/zip) ─────────────────────────────────────────────────────────
    test-results/journeys-auth-journey-Auth-cee50-r-empty-registration-fields-chromium-retry1/trace.zip
    Usage:

        npx playwright show-trace test-results/journeys-auth-journey-Auth-cee50-r-empty-registration-fields-chromium-retry1/trace.zip

    ────────────────────────────────────────────────────────────────────────────────────────────────

  170) [chromium] › e2e/journeys/auth-journey.spec.ts:230:9 › Authentication Journey › Registration Flow › should show validation error for password mismatch 

    Error: expect(locator).toBeVisible() failed

    Locator:  locator('a[href*="/auth/register"], a[href*="/signup"], .register-link, [data-testid="register-link"], a:has-text("Sign Up")')
    Expected: visible
    Received: hidden
    Timeout:  5000ms

    Call log:
      - Expect "toBeVisible" with timeout 5000ms
      - waiting for locator('a[href*="/auth/register"], a[href*="/signup"], .register-link, [data-testid="register-link"], a:has-text("Sign Up")')
        14 × locator resolved to <a href="/en/auth/signup" class="hover:border-neon-cyan/30 hover:text-neon-cyan mt-2 block min-h-11 rounded-lg border border-slate-700 px-5 py-3 text-center font-mono text-sm font-semibold text-slate-300 transition-all">Sign Up</a>
           - unexpected value "hidden"


      234 |       // Navigate to registration page
      235 |       const registerLink = browserPage.locator('a[href*="/auth/register"], a[href*="/signup"], .register-link, [data-testid="register-link"], a:has-text("Sign Up")');
    > 236 |       await expect(registerLink).toBeVisible({ timeout: 5000 });
          |                                  ^
      237 |       
      238 |       await registerLink.click();
      239 |       await expect(browserPage).toHaveURL(/\/auth\/register|\/register|\/signup/, { timeout: 5000 });
        at /home/tbaltzakis/cloudless.gr/e2e/journeys/auth-journey.spec.ts:236:34

    attachment #1: screenshot (image/png) ──────────────────────────────────────────────────────────
    test-results/journeys-auth-journey-Auth-f8530-error-for-password-mismatch-chromium/test-failed-1.png
    ────────────────────────────────────────────────────────────────────────────────────────────────

    attachment #2: video (video/webm) ──────────────────────────────────────────────────────────────
    test-results/journeys-auth-journey-Auth-f8530-error-for-password-mismatch-chromium/video.webm
    ────────────────────────────────────────────────────────────────────────────────────────────────

    Error Context: test-results/journeys-auth-journey-Auth-f8530-error-for-password-mismatch-chromium/error-context.md

    Retry #1 ───────────────────────────────────────────────────────────────────────────────────────

    Error: expect(locator).toBeVisible() failed

    Locator:  locator('a[href*="/auth/register"], a[href*="/signup"], .register-link, [data-testid="register-link"], a:has-text("Sign Up")')
    Expected: visible
    Received: hidden
    Timeout:  5000ms

    Call log:
      - Expect "toBeVisible" with timeout 5000ms
      - waiting for locator('a[href*="/auth/register"], a[href*="/signup"], .register-link, [data-testid="register-link"], a:has-text("Sign Up")')
        14 × locator resolved to <a href="/en/auth/signup" class="hover:border-neon-cyan/30 hover:text-neon-cyan mt-2 block min-h-11 rounded-lg border border-slate-700 px-5 py-3 text-center font-mono text-sm font-semibold text-slate-300 transition-all">Sign Up</a>
           - unexpected value "hidden"


      234 |       // Navigate to registration page
      235 |       const registerLink = browserPage.locator('a[href*="/auth/register"], a[href*="/signup"], .register-link, [data-testid="register-link"], a:has-text("Sign Up")');
    > 236 |       await expect(registerLink).toBeVisible({ timeout: 5000 });
          |                                  ^
      237 |       
      238 |       await registerLink.click();
      239 |       await expect(browserPage).toHaveURL(/\/auth\/register|\/register|\/signup/, { timeout: 5000 });
        at /home/tbaltzakis/cloudless.gr/e2e/journeys/auth-journey.spec.ts:236:34

    attachment #1: screenshot (image/png) ──────────────────────────────────────────────────────────
    test-results/journeys-auth-journey-Auth-f8530-error-for-password-mismatch-chromium-retry1/test-failed-1.png
    ────────────────────────────────────────────────────────────────────────────────────────────────

    attachment #2: video (video/webm) ──────────────────────────────────────────────────────────────
    test-results/journeys-auth-journey-Auth-f8530-error-for-password-mismatch-chromium-retry1/video.webm
    ────────────────────────────────────────────────────────────────────────────────────────────────

    Error Context: test-results/journeys-auth-journey-Auth-f8530-error-for-password-mismatch-chromium-retry1/error-context.md

    attachment #4: trace (application/zip) ─────────────────────────────────────────────────────────
    test-results/journeys-auth-journey-Auth-f8530-error-for-password-mismatch-chromium-retry1/trace.zip
    Usage:

        npx playwright show-trace test-results/journeys-auth-journey-Auth-f8530-error-for-password-mismatch-chromium-retry1/trace.zip

    ────────────────────────────────────────────────────────────────────────────────────────────────

  171) [chromium] › e2e/journeys/auth-journey.spec.ts:272:9 › Authentication Journey › Password Reset Flow › should allow user to request password reset 

    Error: expect(locator).toBeVisible() failed

    Locator: locator('a[href*="/auth/login"], a[href*="/login"], .login-link, [data-testid="login-link"]')
    Expected: visible
    Error: strict mode violation: locator('a[href*="/auth/login"], a[href*="/login"], .login-link, [data-testid="login-link"]') resolved to 2 elements:
        1) <a href="/en/auth/login" class="border-neon-cyan/50 text-neon-cyan hover:bg-neon-cyan/10 relative rounded-lg border bg-transparent px-4 py-2.5 font-mono text-sm font-semibold whitespace-nowrap transition-all duration-300 hover:shadow-[0_0_15px_rgba(0,255,245,0.2)]">Sign In</a> aka getByRole('link', { name: 'Sign In' })
        2) <a href="/en/auth/login" class="border-neon-cyan/50 text-neon-cyan active:bg-neon-cyan/10 mt-2 block min-h-11 rounded-lg border px-5 py-3 text-center font-mono text-sm font-semibold transition-all">Sign In</a> aka getByText('Sign In').nth(1)

    Call log:
      - Expect "toBeVisible" with timeout 5000ms
      - waiting for locator('a[href*="/auth/login"], a[href*="/login"], .login-link, [data-testid="login-link"]')


      276 |       // Navigate to login page
      277 |       const loginLink = browserPage.locator('a[href*="/auth/login"], a[href*="/login"], .login-link, [data-testid="login-link"]');
    > 278 |       await expect(loginLink).toBeVisible({ timeout: 5000 });
          |                               ^
      279 |       
      280 |       await loginLink.click();
      281 |       await expect(browserPage).toHaveURL(/\/auth\/login|\/login/, { timeout: 5000 });
        at /home/tbaltzakis/cloudless.gr/e2e/journeys/auth-journey.spec.ts:278:31

    attachment #1: screenshot (image/png) ──────────────────────────────────────────────────────────
    test-results/journeys-auth-journey-Auth-fc557-r-to-request-password-reset-chromium/test-failed-1.png
    ────────────────────────────────────────────────────────────────────────────────────────────────

    attachment #2: video (video/webm) ──────────────────────────────────────────────────────────────
    test-results/journeys-auth-journey-Auth-fc557-r-to-request-password-reset-chromium/video.webm
    ────────────────────────────────────────────────────────────────────────────────────────────────

    Error Context: test-results/journeys-auth-journey-Auth-fc557-r-to-request-password-reset-chromium/error-context.md

    Retry #1 ───────────────────────────────────────────────────────────────────────────────────────

    Error: expect(locator).toBeVisible() failed

    Locator: locator('a[href*="/auth/login"], a[href*="/login"], .login-link, [data-testid="login-link"]')
    Expected: visible
    Error: strict mode violation: locator('a[href*="/auth/login"], a[href*="/login"], .login-link, [data-testid="login-link"]') resolved to 2 elements:
        1) <a href="/en/auth/login" class="border-neon-cyan/50 text-neon-cyan hover:bg-neon-cyan/10 relative rounded-lg border bg-transparent px-4 py-2.5 font-mono text-sm font-semibold whitespace-nowrap transition-all duration-300 hover:shadow-[0_0_15px_rgba(0,255,245,0.2)]">Sign In</a> aka getByRole('link', { name: 'Sign In' })
        2) <a href="/en/auth/login" class="border-neon-cyan/50 text-neon-cyan active:bg-neon-cyan/10 mt-2 block min-h-11 rounded-lg border px-5 py-3 text-center font-mono text-sm font-semibold transition-all">Sign In</a> aka getByText('Sign In').nth(1)

    Call log:
      - Expect "toBeVisible" with timeout 5000ms
      - waiting for locator('a[href*="/auth/login"], a[href*="/login"], .login-link, [data-testid="login-link"]')


      276 |       // Navigate to login page
      277 |       const loginLink = browserPage.locator('a[href*="/auth/login"], a[href*="/login"], .login-link, [data-testid="login-link"]');
    > 278 |       await expect(loginLink).toBeVisible({ timeout: 5000 });
          |                               ^
      279 |       
      280 |       await loginLink.click();
      281 |       await expect(browserPage).toHaveURL(/\/auth\/login|\/login/, { timeout: 5000 });
        at /home/tbaltzakis/cloudless.gr/e2e/journeys/auth-journey.spec.ts:278:31

    attachment #1: screenshot (image/png) ──────────────────────────────────────────────────────────
    test-results/journeys-auth-journey-Auth-fc557-r-to-request-password-reset-chromium-retry1/test-failed-1.png
    ────────────────────────────────────────────────────────────────────────────────────────────────

    attachment #2: video (video/webm) ──────────────────────────────────────────────────────────────
    test-results/journeys-auth-journey-Auth-fc557-r-to-request-password-reset-chromium-retry1/video.webm
    ────────────────────────────────────────────────────────────────────────────────────────────────

    Error Context: test-results/journeys-auth-journey-Auth-fc557-r-to-request-password-reset-chromium-retry1/error-context.md

    attachment #4: trace (application/zip) ─────────────────────────────────────────────────────────
    test-results/journeys-auth-journey-Auth-fc557-r-to-request-password-reset-chromium-retry1/trace.zip
    Usage:

        npx playwright show-trace test-results/journeys-auth-journey-Auth-fc557-r-to-request-password-reset-chromium-retry1/trace.zip

    ────────────────────────────────────────────────────────────────────────────────────────────────

  172) [chromium] › e2e/journeys/auth-journey.spec.ts:310:9 › Authentication Journey › Password Reset Flow › should show error for non-existent email in password reset 

    Error: expect(locator).toBeVisible() failed

    Locator: locator('a[href*="/auth/login"], a[href*="/login"], .login-link, [data-testid="login-link"]')
    Expected: visible
    Error: strict mode violation: locator('a[href*="/auth/login"], a[href*="/login"], .login-link, [data-testid="login-link"]') resolved to 2 elements:
        1) <a href="/en/auth/login" class="border-neon-cyan/50 text-neon-cyan hover:bg-neon-cyan/10 relative rounded-lg border bg-transparent px-4 py-2.5 font-mono text-sm font-semibold whitespace-nowrap transition-all duration-300 hover:shadow-[0_0_15px_rgba(0,255,245,0.2)]">Sign In</a> aka getByRole('link', { name: 'Sign In' })
        2) <a href="/en/auth/login" class="border-neon-cyan/50 text-neon-cyan active:bg-neon-cyan/10 mt-2 block min-h-11 rounded-lg border px-5 py-3 text-center font-mono text-sm font-semibold transition-all">Sign In</a> aka getByText('Sign In').nth(1)

    Call log:
      - Expect "toBeVisible" with timeout 5000ms
      - waiting for locator('a[href*="/auth/login"], a[href*="/login"], .login-link, [data-testid="login-link"]')


      314 |       // Navigate to login page
      315 |       const loginLink = browserPage.locator('a[href*="/auth/login"], a[href*="/login"], .login-link, [data-testid="login-link"]');
    > 316 |       await expect(loginLink).toBeVisible({ timeout: 5000 });
          |                               ^
      317 |       
      318 |       await loginLink.click();
      319 |       await expect(browserPage).toHaveURL(/\/auth\/login|\/login/, { timeout: 5000 });
        at /home/tbaltzakis/cloudless.gr/e2e/journeys/auth-journey.spec.ts:316:31

    attachment #1: screenshot (image/png) ──────────────────────────────────────────────────────────
    test-results/journeys-auth-journey-Auth-7e29f-ent-email-in-password-reset-chromium/test-failed-1.png
    ────────────────────────────────────────────────────────────────────────────────────────────────

    attachment #2: video (video/webm) ──────────────────────────────────────────────────────────────
    test-results/journeys-auth-journey-Auth-7e29f-ent-email-in-password-reset-chromium/video.webm
    ────────────────────────────────────────────────────────────────────────────────────────────────

    Error Context: test-results/journeys-auth-journey-Auth-7e29f-ent-email-in-password-reset-chromium/error-context.md

    Retry #1 ───────────────────────────────────────────────────────────────────────────────────────

    Error: expect(locator).toBeVisible() failed

    Locator: locator('a[href*="/auth/login"], a[href*="/login"], .login-link, [data-testid="login-link"]')
    Expected: visible
    Error: strict mode violation: locator('a[href*="/auth/login"], a[href*="/login"], .login-link, [data-testid="login-link"]') resolved to 2 elements:
        1) <a href="/en/auth/login" class="border-neon-cyan/50 text-neon-cyan hover:bg-neon-cyan/10 relative rounded-lg border bg-transparent px-4 py-2.5 font-mono text-sm font-semibold whitespace-nowrap transition-all duration-300 hover:shadow-[0_0_15px_rgba(0,255,245,0.2)]">Sign In</a> aka getByRole('link', { name: 'Sign In' })
        2) <a href="/en/auth/login" class="border-neon-cyan/50 text-neon-cyan active:bg-neon-cyan/10 mt-2 block min-h-11 rounded-lg border px-5 py-3 text-center font-mono text-sm font-semibold transition-all">Sign In</a> aka getByText('Sign In').nth(1)

    Call log:
      - Expect "toBeVisible" with timeout 5000ms
      - waiting for locator('a[href*="/auth/login"], a[href*="/login"], .login-link, [data-testid="login-link"]')


      314 |       // Navigate to login page
      315 |       const loginLink = browserPage.locator('a[href*="/auth/login"], a[href*="/login"], .login-link, [data-testid="login-link"]');
    > 316 |       await expect(loginLink).toBeVisible({ timeout: 5000 });
          |                               ^
      317 |       
      318 |       await loginLink.click();
      319 |       await expect(browserPage).toHaveURL(/\/auth\/login|\/login/, { timeout: 5000 });
        at /home/tbaltzakis/cloudless.gr/e2e/journeys/auth-journey.spec.ts:316:31

    attachment #1: screenshot (image/png) ──────────────────────────────────────────────────────────
    test-results/journeys-auth-journey-Auth-7e29f-ent-email-in-password-reset-chromium-retry1/test-failed-1.png
    ────────────────────────────────────────────────────────────────────────────────────────────────

    attachment #2: video (video/webm) ──────────────────────────────────────────────────────────────
    test-results/journeys-auth-journey-Auth-7e29f-ent-email-in-password-reset-chromium-retry1/video.webm
    ────────────────────────────────────────────────────────────────────────────────────────────────

    Error Context: test-results/journeys-auth-journey-Auth-7e29f-ent-email-in-password-reset-chromium-retry1/error-context.md

    attachment #4: trace (application/zip) ─────────────────────────────────────────────────────────
    test-results/journeys-auth-journey-Auth-7e29f-ent-email-in-password-reset-chromium-retry1/trace.zip
    Usage:

        npx playwright show-trace test-results/journeys-auth-journey-Auth-7e29f-ent-email-in-password-reset-chromium-retry1/trace.zip

    ────────────────────────────────────────────────────────────────────────────────────────────────

  173) [chromium] › e2e/journeys/auth-journey.spec.ts:348:9 › Authentication Journey › Logout Flow › should allow user to logout successfully 

    TimeoutError: page.waitForSelector: Timeout 5000ms exceeded.
    Call log:
      - waiting for locator('form') to be visible


       at helpers/page-helpers.ts:78

      76 |     // Fallback: UI-based login
      77 |     await this.page.goto("/auth/login");
    > 78 |     await this.page.waitForSelector("form", { timeout: 5_000 });
         |                     ^
      79 |     
      80 |     const emailInput = this.page.locator('input[name="email"], input[name="username"], input[type="email"]').first();
      81 |     const passwordInput = this.page.locator('input[name="password"], input[type="password"]').first();
        at AuthenticatedPage.loginViaApi (/home/tbaltzakis/cloudless.gr/e2e/helpers/page-helpers.ts:78:21)
        at /home/tbaltzakis/cloudless.gr/e2e/journeys/auth-journey.spec.ts:350:7

    attachment #1: screenshot (image/png) ──────────────────────────────────────────────────────────
    test-results/journeys-auth-journey-Auth-fa0db-user-to-logout-successfully-chromium/test-failed-1.png
    ────────────────────────────────────────────────────────────────────────────────────────────────

    attachment #2: video (video/webm) ──────────────────────────────────────────────────────────────
    test-results/journeys-auth-journey-Auth-fa0db-user-to-logout-successfully-chromium/video.webm
    ────────────────────────────────────────────────────────────────────────────────────────────────

    Error Context: test-results/journeys-auth-journey-Auth-fa0db-user-to-logout-successfully-chromium/error-context.md

    Retry #1 ───────────────────────────────────────────────────────────────────────────────────────

    TimeoutError: page.waitForSelector: Timeout 5000ms exceeded.
    Call log:
      - waiting for locator('form') to be visible


       at helpers/page-helpers.ts:78

      76 |     // Fallback: UI-based login
      77 |     await this.page.goto("/auth/login");
    > 78 |     await this.page.waitForSelector("form", { timeout: 5_000 });
         |                     ^
      79 |     
      80 |     const emailInput = this.page.locator('input[name="email"], input[name="username"], input[type="email"]').first();
      81 |     const passwordInput = this.page.locator('input[name="password"], input[type="password"]').first();
        at AuthenticatedPage.loginViaApi (/home/tbaltzakis/cloudless.gr/e2e/helpers/page-helpers.ts:78:21)
        at /home/tbaltzakis/cloudless.gr/e2e/journeys/auth-journey.spec.ts:350:7

    attachment #1: screenshot (image/png) ──────────────────────────────────────────────────────────
    test-results/journeys-auth-journey-Auth-fa0db-user-to-logout-successfully-chromium-retry1/test-failed-1.png
    ────────────────────────────────────────────────────────────────────────────────────────────────

    attachment #2: video (video/webm) ──────────────────────────────────────────────────────────────
    test-results/journeys-auth-journey-Auth-fa0db-user-to-logout-successfully-chromium-retry1/video.webm
    ────────────────────────────────────────────────────────────────────────────────────────────────

    Error Context: test-results/journeys-auth-journey-Auth-fa0db-user-to-logout-successfully-chromium-retry1/error-context.md

    attachment #4: trace (application/zip) ─────────────────────────────────────────────────────────
    test-results/journeys-auth-journey-Auth-fa0db-user-to-logout-successfully-chromium-retry1/trace.zip
    Usage:

        npx playwright show-trace test-results/journeys-auth-journey-Auth-fa0db-user-to-logout-successfully-chromium-retry1/trace.zip

    ────────────────────────────────────────────────────────────────────────────────────────────────

  174) [chromium] › e2e/journeys/auth-journey.spec.ts:378:9 › Authentication Journey › Session Persistence › should maintain session across page reloads 

    TimeoutError: page.waitForSelector: Timeout 5000ms exceeded.
    Call log:
      - waiting for locator('form') to be visible


       at helpers/page-helpers.ts:78

      76 |     // Fallback: UI-based login
      77 |     await this.page.goto("/auth/login");
    > 78 |     await this.page.waitForSelector("form", { timeout: 5_000 });
         |                     ^
      79 |     
      80 |     const emailInput = this.page.locator('input[name="email"], input[name="username"], input[type="email"]').first();
      81 |     const passwordInput = this.page.locator('input[name="password"], input[type="password"]').first();
        at AuthenticatedPage.loginViaApi (/home/tbaltzakis/cloudless.gr/e2e/helpers/page-helpers.ts:78:21)
        at /home/tbaltzakis/cloudless.gr/e2e/journeys/auth-journey.spec.ts:380:7

    attachment #1: screenshot (image/png) ──────────────────────────────────────────────────────────
    test-results/journeys-auth-journey-Auth-045c8-session-across-page-reloads-chromium/test-failed-1.png
    ────────────────────────────────────────────────────────────────────────────────────────────────

    attachment #2: video (video/webm) ──────────────────────────────────────────────────────────────
    test-results/journeys-auth-journey-Auth-045c8-session-across-page-reloads-chromium/video.webm
    ────────────────────────────────────────────────────────────────────────────────────────────────

    Error Context: test-results/journeys-auth-journey-Auth-045c8-session-across-page-reloads-chromium/error-context.md

    Retry #1 ───────────────────────────────────────────────────────────────────────────────────────

    TimeoutError: page.waitForSelector: Timeout 5000ms exceeded.
    Call log:
      - waiting for locator('form') to be visible


       at helpers/page-helpers.ts:78

      76 |     // Fallback: UI-based login
      77 |     await this.page.goto("/auth/login");
    > 78 |     await this.page.waitForSelector("form", { timeout: 5_000 });
         |                     ^
      79 |     
      80 |     const emailInput = this.page.locator('input[name="email"], input[name="username"], input[type="email"]').first();
      81 |     const passwordInput = this.page.locator('input[name="password"], input[type="password"]').first();
        at AuthenticatedPage.loginViaApi (/home/tbaltzakis/cloudless.gr/e2e/helpers/page-helpers.ts:78:21)
        at /home/tbaltzakis/cloudless.gr/e2e/journeys/auth-journey.spec.ts:380:7

    attachment #1: screenshot (image/png) ──────────────────────────────────────────────────────────
    test-results/journeys-auth-journey-Auth-045c8-session-across-page-reloads-chromium-retry1/test-failed-1.png
    ────────────────────────────────────────────────────────────────────────────────────────────────

    attachment #2: video (video/webm) ──────────────────────────────────────────────────────────────
    test-results/journeys-auth-journey-Auth-045c8-session-across-page-reloads-chromium-retry1/video.webm
    ────────────────────────────────────────────────────────────────────────────────────────────────

    Error Context: test-results/journeys-auth-journey-Auth-045c8-session-across-page-reloads-chromium-retry1/error-context.md

    attachment #4: trace (application/zip) ─────────────────────────────────────────────────────────
    test-results/journeys-auth-journey-Auth-045c8-session-across-page-reloads-chromium-retry1/trace.zip
    Usage:

        npx playwright show-trace test-results/journeys-auth-journey-Auth-045c8-session-across-page-reloads-chromium-retry1/trace.zip

    ────────────────────────────────────────────────────────────────────────────────────────────────

  175) [chromium] › e2e/journeys/auth-journey.spec.ts:395:9 › Authentication Journey › Session Persistence › should maintain session across navigation 

    TimeoutError: page.waitForSelector: Timeout 5000ms exceeded.
    Call log:
      - waiting for locator('form') to be visible


       at helpers/page-helpers.ts:78

      76 |     // Fallback: UI-based login
      77 |     await this.page.goto("/auth/login");
    > 78 |     await this.page.waitForSelector("form", { timeout: 5_000 });
         |                     ^
      79 |     
      80 |     const emailInput = this.page.locator('input[name="email"], input[name="username"], input[type="email"]').first();
      81 |     const passwordInput = this.page.locator('input[name="password"], input[type="password"]').first();
        at AuthenticatedPage.loginViaApi (/home/tbaltzakis/cloudless.gr/e2e/helpers/page-helpers.ts:78:21)
        at /home/tbaltzakis/cloudless.gr/e2e/journeys/auth-journey.spec.ts:397:7

    attachment #1: screenshot (image/png) ──────────────────────────────────────────────────────────
    test-results/journeys-auth-journey-Auth-86697-n-session-across-navigation-chromium/test-failed-1.png
    ────────────────────────────────────────────────────────────────────────────────────────────────

    attachment #2: video (video/webm) ──────────────────────────────────────────────────────────────
    test-results/journeys-auth-journey-Auth-86697-n-session-across-navigation-chromium/video.webm
    ────────────────────────────────────────────────────────────────────────────────────────────────

    Error Context: test-results/journeys-auth-journey-Auth-86697-n-session-across-navigation-chromium/error-context.md

    Retry #1 ───────────────────────────────────────────────────────────────────────────────────────

    TimeoutError: page.waitForSelector: Timeout 5000ms exceeded.
    Call log:
      - waiting for locator('form') to be visible


       at helpers/page-helpers.ts:78

      76 |     // Fallback: UI-based login
      77 |     await this.page.goto("/auth/login");
    > 78 |     await this.page.waitForSelector("form", { timeout: 5_000 });
         |                     ^
      79 |     
      80 |     const emailInput = this.page.locator('input[name="email"], input[name="username"], input[type="email"]').first();
      81 |     const passwordInput = this.page.locator('input[name="password"], input[type="password"]').first();
        at AuthenticatedPage.loginViaApi (/home/tbaltzakis/cloudless.gr/e2e/helpers/page-helpers.ts:78:21)
        at /home/tbaltzakis/cloudless.gr/e2e/journeys/auth-journey.spec.ts:397:7

    attachment #1: screenshot (image/png) ──────────────────────────────────────────────────────────
    test-results/journeys-auth-journey-Auth-86697-n-session-across-navigation-chromium-retry1/test-failed-1.png
    ────────────────────────────────────────────────────────────────────────────────────────────────

    attachment #2: video (video/webm) ──────────────────────────────────────────────────────────────
    test-results/journeys-auth-journey-Auth-86697-n-session-across-navigation-chromium-retry1/video.webm
    ────────────────────────────────────────────────────────────────────────────────────────────────

    Error Context: test-results/journeys-auth-journey-Auth-86697-n-session-across-navigation-chromium-retry1/error-context.md

    attachment #4: trace (application/zip) ─────────────────────────────────────────────────────────
    test-results/journeys-auth-journey-Auth-86697-n-session-across-navigation-chromium-retry1/trace.zip
    Usage:

        npx playwright show-trace test-results/journeys-auth-journey-Auth-86697-n-session-across-navigation-chromium-retry1/trace.zip

    ────────────────────────────────────────────────────────────────────────────────────────────────

  176) [chromium] › e2e/journeys/auth-journey.spec.ts:424:9 › Authentication Journey › Responsive Design › should work correctly on mobile 

    Error: expect(locator).toBeVisible() failed

    Locator: locator('a[href*="/auth/login"], a[href*="/login"], .login-link, [data-testid="login-link"]')
    Expected: visible
    Error: strict mode violation: locator('a[href*="/auth/login"], a[href*="/login"], .login-link, [data-testid="login-link"]') resolved to 2 elements:
        1) <a href="/en/auth/login" class="border-neon-cyan/50 text-neon-cyan hover:bg-neon-cyan/10 relative rounded-lg border bg-transparent px-4 py-2.5 font-mono text-sm font-semibold whitespace-nowrap transition-all duration-300 hover:shadow-[0_0_15px_rgba(0,255,245,0.2)]">Sign In</a> aka getByRole('navigation').getByText('Sign In')
        2) <a href="/en/auth/login" class="border-neon-cyan/50 text-neon-cyan active:bg-neon-cyan/10 mt-2 block min-h-11 rounded-lg border px-5 py-3 text-center font-mono text-sm font-semibold transition-all">Sign In</a> aka getByRole('link', { name: 'Sign In' })

    Call log:
      - Expect "toBeVisible" with timeout 5000ms
      - waiting for locator('a[href*="/auth/login"], a[href*="/login"], .login-link, [data-testid="login-link"]')


      430 |       // Navigate to login page
      431 |       const loginLink = browserPage.locator('a[href*="/auth/login"], a[href*="/login"], .login-link, [data-testid="login-link"]');
    > 432 |       await expect(loginLink).toBeVisible({ timeout: 5000 });
          |                               ^
      433 |       
      434 |       await loginLink.click();
      435 |       await expect(browserPage).toHaveURL(/\/auth\/login|\/login/, { timeout: 5000 });
        at /home/tbaltzakis/cloudless.gr/e2e/journeys/auth-journey.spec.ts:432:31

    attachment #1: screenshot (image/png) ──────────────────────────────────────────────────────────
    test-results/journeys-auth-journey-Auth-2bdae-ld-work-correctly-on-mobile-chromium/test-failed-1.png
    ────────────────────────────────────────────────────────────────────────────────────────────────

    attachment #2: video (video/webm) ──────────────────────────────────────────────────────────────
    test-results/journeys-auth-journey-Auth-2bdae-ld-work-correctly-on-mobile-chromium/video.webm
    ────────────────────────────────────────────────────────────────────────────────────────────────

    Error Context: test-results/journeys-auth-journey-Auth-2bdae-ld-work-correctly-on-mobile-chromium/error-context.md

    Retry #1 ───────────────────────────────────────────────────────────────────────────────────────

    Error: expect(locator).toBeVisible() failed

    Locator: locator('a[href*="/auth/login"], a[href*="/login"], .login-link, [data-testid="login-link"]')
    Expected: visible
    Error: strict mode violation: locator('a[href*="/auth/login"], a[href*="/login"], .login-link, [data-testid="login-link"]') resolved to 2 elements:
        1) <a href="/en/auth/login" class="border-neon-cyan/50 text-neon-cyan hover:bg-neon-cyan/10 relative rounded-lg border bg-transparent px-4 py-2.5 font-mono text-sm font-semibold whitespace-nowrap transition-all duration-300 hover:shadow-[0_0_15px_rgba(0,255,245,0.2)]">Sign In</a> aka getByRole('navigation').getByText('Sign In')
        2) <a href="/en/auth/login" class="border-neon-cyan/50 text-neon-cyan active:bg-neon-cyan/10 mt-2 block min-h-11 rounded-lg border px-5 py-3 text-center font-mono text-sm font-semibold transition-all">Sign In</a> aka getByRole('link', { name: 'Sign In' })

    Call log:
      - Expect "toBeVisible" with timeout 5000ms
      - waiting for locator('a[href*="/auth/login"], a[href*="/login"], .login-link, [data-testid="login-link"]')


      430 |       // Navigate to login page
      431 |       const loginLink = browserPage.locator('a[href*="/auth/login"], a[href*="/login"], .login-link, [data-testid="login-link"]');
    > 432 |       await expect(loginLink).toBeVisible({ timeout: 5000 });
          |                               ^
      433 |       
      434 |       await loginLink.click();
      435 |       await expect(browserPage).toHaveURL(/\/auth\/login|\/login/, { timeout: 5000 });
        at /home/tbaltzakis/cloudless.gr/e2e/journeys/auth-journey.spec.ts:432:31

    attachment #1: screenshot (image/png) ──────────────────────────────────────────────────────────
    test-results/journeys-auth-journey-Auth-2bdae-ld-work-correctly-on-mobile-chromium-retry1/test-failed-1.png
    ────────────────────────────────────────────────────────────────────────────────────────────────

    attachment #2: video (video/webm) ──────────────────────────────────────────────────────────────
    test-results/journeys-auth-journey-Auth-2bdae-ld-work-correctly-on-mobile-chromium-retry1/video.webm
    ────────────────────────────────────────────────────────────────────────────────────────────────

    Error Context: test-results/journeys-auth-journey-Auth-2bdae-ld-work-correctly-on-mobile-chromium-retry1/error-context.md

    attachment #4: trace (application/zip) ─────────────────────────────────────────────────────────
    test-results/journeys-auth-journey-Auth-2bdae-ld-work-correctly-on-mobile-chromium-retry1/trace.zip
    Usage:

        npx playwright show-trace test-results/journeys-auth-journey-Auth-2bdae-ld-work-correctly-on-mobile-chromium-retry1/trace.zip

    ────────────────────────────────────────────────────────────────────────────────────────────────

  177) [chromium] › e2e/journeys/auth-journey.spec.ts:460:9 › Authentication Journey › Responsive Design › should work correctly on tablet 

    Error: expect(locator).toBeVisible() failed

    Locator: locator('a[href*="/auth/login"], a[href*="/login"], .login-link, [data-testid="login-link"]')
    Expected: visible
    Error: strict mode violation: locator('a[href*="/auth/login"], a[href*="/login"], .login-link, [data-testid="login-link"]') resolved to 2 elements:
        1) <a href="/en/auth/login" class="border-neon-cyan/50 text-neon-cyan hover:bg-neon-cyan/10 relative rounded-lg border bg-transparent px-4 py-2.5 font-mono text-sm font-semibold whitespace-nowrap transition-all duration-300 hover:shadow-[0_0_15px_rgba(0,255,245,0.2)]">Sign In</a> aka getByRole('navigation').getByText('Sign In')
        2) <a href="/en/auth/login" class="border-neon-cyan/50 text-neon-cyan active:bg-neon-cyan/10 mt-2 block min-h-11 rounded-lg border px-5 py-3 text-center font-mono text-sm font-semibold transition-all">Sign In</a> aka getByRole('link', { name: 'Sign In' })

    Call log:
      - Expect "toBeVisible" with timeout 5000ms
      - waiting for locator('a[href*="/auth/login"], a[href*="/login"], .login-link, [data-testid="login-link"]')


      466 |       // Navigate to login page
      467 |       const loginLink = browserPage.locator('a[href*="/auth/login"], a[href*="/login"], .login-link, [data-testid="login-link"]');
    > 468 |       await expect(loginLink).toBeVisible({ timeout: 5000 });
          |                               ^
      469 |       
      470 |       await loginLink.click();
      471 |       await expect(browserPage).toHaveURL(/\/auth\/login|\/login/, { timeout: 5000 });
        at /home/tbaltzakis/cloudless.gr/e2e/journeys/auth-journey.spec.ts:468:31

    attachment #1: screenshot (image/png) ──────────────────────────────────────────────────────────
    test-results/journeys-auth-journey-Auth-a7d4e-ld-work-correctly-on-tablet-chromium/test-failed-1.png
    ────────────────────────────────────────────────────────────────────────────────────────────────

    attachment #2: video (video/webm) ──────────────────────────────────────────────────────────────
    test-results/journeys-auth-journey-Auth-a7d4e-ld-work-correctly-on-tablet-chromium/video.webm
    ────────────────────────────────────────────────────────────────────────────────────────────────

    Error Context: test-results/journeys-auth-journey-Auth-a7d4e-ld-work-correctly-on-tablet-chromium/error-context.md

    Retry #1 ───────────────────────────────────────────────────────────────────────────────────────

    Error: expect(locator).toBeVisible() failed

    Locator: locator('a[href*="/auth/login"], a[href*="/login"], .login-link, [data-testid="login-link"]')
    Expected: visible
    Error: strict mode violation: locator('a[href*="/auth/login"], a[href*="/login"], .login-link, [data-testid="login-link"]') resolved to 2 elements:
        1) <a href="/en/auth/login" class="border-neon-cyan/50 text-neon-cyan hover:bg-neon-cyan/10 relative rounded-lg border bg-transparent px-4 py-2.5 font-mono text-sm font-semibold whitespace-nowrap transition-all duration-300 hover:shadow-[0_0_15px_rgba(0,255,245,0.2)]">Sign In</a> aka getByRole('navigation').getByText('Sign In')
        2) <a href="/en/auth/login" class="border-neon-cyan/50 text-neon-cyan active:bg-neon-cyan/10 mt-2 block min-h-11 rounded-lg border px-5 py-3 text-center font-mono text-sm font-semibold transition-all">Sign In</a> aka getByRole('link', { name: 'Sign In' })

    Call log:
      - Expect "toBeVisible" with timeout 5000ms
      - waiting for locator('a[href*="/auth/login"], a[href*="/login"], .login-link, [data-testid="login-link"]')


      466 |       // Navigate to login page
      467 |       const loginLink = browserPage.locator('a[href*="/auth/login"], a[href*="/login"], .login-link, [data-testid="login-link"]');
    > 468 |       await expect(loginLink).toBeVisible({ timeout: 5000 });
          |                               ^
      469 |       
      470 |       await loginLink.click();
      471 |       await expect(browserPage).toHaveURL(/\/auth\/login|\/login/, { timeout: 5000 });
        at /home/tbaltzakis/cloudless.gr/e2e/journeys/auth-journey.spec.ts:468:31

    attachment #1: screenshot (image/png) ──────────────────────────────────────────────────────────
    test-results/journeys-auth-journey-Auth-a7d4e-ld-work-correctly-on-tablet-chromium-retry1/test-failed-1.png
    ────────────────────────────────────────────────────────────────────────────────────────────────

    attachment #2: video (video/webm) ──────────────────────────────────────────────────────────────
    test-results/journeys-auth-journey-Auth-a7d4e-ld-work-correctly-on-tablet-chromium-retry1/video.webm
    ────────────────────────────────────────────────────────────────────────────────────────────────

    Error Context: test-results/journeys-auth-journey-Auth-a7d4e-ld-work-correctly-on-tablet-chromium-retry1/error-context.md

    attachment #4: trace (application/zip) ─────────────────────────────────────────────────────────
    test-results/journeys-auth-journey-Auth-a7d4e-ld-work-correctly-on-tablet-chromium-retry1/trace.zip
    Usage:

        npx playwright show-trace test-results/journeys-auth-journey-Auth-a7d4e-ld-work-correctly-on-tablet-chromium-retry1/trace.zip

    ────────────────────────────────────────────────────────────────────────────────────────────────

  178) [chromium] › e2e/journeys/auth-journey.spec.ts:496:9 › Authentication Journey › Responsive Design › should work correctly on desktop 

    Error: expect(locator).toBeVisible() failed

    Locator: locator('a[href*="/auth/login"], a[href*="/login"], .login-link, [data-testid="login-link"]')
    Expected: visible
    Error: strict mode violation: locator('a[href*="/auth/login"], a[href*="/login"], .login-link, [data-testid="login-link"]') resolved to 2 elements:
        1) <a href="/en/auth/login" class="border-neon-cyan/50 text-neon-cyan hover:bg-neon-cyan/10 relative rounded-lg border bg-transparent px-4 py-2.5 font-mono text-sm font-semibold whitespace-nowrap transition-all duration-300 hover:shadow-[0_0_15px_rgba(0,255,245,0.2)]">Sign In</a> aka getByRole('link', { name: 'Sign In' })
        2) <a href="/en/auth/login" class="border-neon-cyan/50 text-neon-cyan active:bg-neon-cyan/10 mt-2 block min-h-11 rounded-lg border px-5 py-3 text-center font-mono text-sm font-semibold transition-all">Sign In</a> aka getByText('Sign In').nth(1)

    Call log:
      - Expect "toBeVisible" with timeout 5000ms
      - waiting for locator('a[href*="/auth/login"], a[href*="/login"], .login-link, [data-testid="login-link"]')


      502 |       // Navigate to login page
      503 |       const loginLink = browserPage.locator('a[href*="/auth/login"], a[href*="/login"], .login-link, [data-testid="login-link"]');
    > 504 |       await expect(loginLink).toBeVisible({ timeout: 5000 });
          |                               ^
      505 |       
      506 |       await loginLink.click();
      507 |       await expect(browserPage).toHaveURL(/\/auth\/login|\/login/, { timeout: 5000 });
        at /home/tbaltzakis/cloudless.gr/e2e/journeys/auth-journey.spec.ts:504:31

    attachment #1: screenshot (image/png) ──────────────────────────────────────────────────────────
    test-results/journeys-auth-journey-Auth-847b3-d-work-correctly-on-desktop-chromium/test-failed-1.png
    ────────────────────────────────────────────────────────────────────────────────────────────────

    attachment #2: video (video/webm) ──────────────────────────────────────────────────────────────
    test-results/journeys-auth-journey-Auth-847b3-d-work-correctly-on-desktop-chromium/video.webm
    ────────────────────────────────────────────────────────────────────────────────────────────────

    Error Context: test-results/journeys-auth-journey-Auth-847b3-d-work-correctly-on-desktop-chromium/error-context.md

    Retry #1 ───────────────────────────────────────────────────────────────────────────────────────

    Error: expect(locator).toBeVisible() failed

    Locator: locator('a[href*="/auth/login"], a[href*="/login"], .login-link, [data-testid="login-link"]')
    Expected: visible
    Error: strict mode violation: locator('a[href*="/auth/login"], a[href*="/login"], .login-link, [data-testid="login-link"]') resolved to 2 elements:
        1) <a href="/en/auth/login" class="border-neon-cyan/50 text-neon-cyan hover:bg-neon-cyan/10 relative rounded-lg border bg-transparent px-4 py-2.5 font-mono text-sm font-semibold whitespace-nowrap transition-all duration-300 hover:shadow-[0_0_15px_rgba(0,255,245,0.2)]">Sign In</a> aka getByRole('link', { name: 'Sign In' })
        2) <a href="/en/auth/login" class="border-neon-cyan/50 text-neon-cyan active:bg-neon-cyan/10 mt-2 block min-h-11 rounded-lg border px-5 py-3 text-center font-mono text-sm font-semibold transition-all">Sign In</a> aka getByText('Sign In').nth(1)

    Call log:
      - Expect "toBeVisible" with timeout 5000ms
      - waiting for locator('a[href*="/auth/login"], a[href*="/login"], .login-link, [data-testid="login-link"]')


      502 |       // Navigate to login page
      503 |       const loginLink = browserPage.locator('a[href*="/auth/login"], a[href*="/login"], .login-link, [data-testid="login-link"]');
    > 504 |       await expect(loginLink).toBeVisible({ timeout: 5000 });
          |                               ^
      505 |       
      506 |       await loginLink.click();
      507 |       await expect(browserPage).toHaveURL(/\/auth\/login|\/login/, { timeout: 5000 });
        at /home/tbaltzakis/cloudless.gr/e2e/journeys/auth-journey.spec.ts:504:31

    attachment #1: screenshot (image/png) ──────────────────────────────────────────────────────────
    test-results/journeys-auth-journey-Auth-847b3-d-work-correctly-on-desktop-chromium-retry1/test-failed-1.png
    ────────────────────────────────────────────────────────────────────────────────────────────────

    attachment #2: video (video/webm) ──────────────────────────────────────────────────────────────
    test-results/journeys-auth-journey-Auth-847b3-d-work-correctly-on-desktop-chromium-retry1/video.webm
    ────────────────────────────────────────────────────────────────────────────────────────────────

    Error Context: test-results/journeys-auth-journey-Auth-847b3-d-work-correctly-on-desktop-chromium-retry1/error-context.md

    attachment #4: trace (application/zip) ─────────────────────────────────────────────────────────
    test-results/journeys-auth-journey-Auth-847b3-d-work-correctly-on-desktop-chromium-retry1/trace.zip
    Usage:

        npx playwright show-trace test-results/journeys-auth-journey-Auth-847b3-d-work-correctly-on-desktop-chromium-retry1/trace.zip

    ────────────────────────────────────────────────────────────────────────────────────────────────

  179) [chromium] › e2e/journeys/auth-journey.spec.ts:534:9 › Authentication Journey › Accessibility › should have accessible login form 

    Error: expect(locator).toBeVisible() failed

    Locator: locator('a[href*="/auth/login"], a[href*="/login"], .login-link, [data-testid="login-link"]')
    Expected: visible
    Error: strict mode violation: locator('a[href*="/auth/login"], a[href*="/login"], .login-link, [data-testid="login-link"]') resolved to 2 elements:
        1) <a href="/en/auth/login" class="border-neon-cyan/50 text-neon-cyan hover:bg-neon-cyan/10 relative rounded-lg border bg-transparent px-4 py-2.5 font-mono text-sm font-semibold whitespace-nowrap transition-all duration-300 hover:shadow-[0_0_15px_rgba(0,255,245,0.2)]">Sign In</a> aka getByRole('link', { name: 'Sign In' })
        2) <a href="/en/auth/login" class="border-neon-cyan/50 text-neon-cyan active:bg-neon-cyan/10 mt-2 block min-h-11 rounded-lg border px-5 py-3 text-center font-mono text-sm font-semibold transition-all">Sign In</a> aka getByText('Sign In').nth(1)

    Call log:
      - Expect "toBeVisible" with timeout 5000ms
      - waiting for locator('a[href*="/auth/login"], a[href*="/login"], .login-link, [data-testid="login-link"]')


      538 |       // Navigate to login page
      539 |       const loginLink = browserPage.locator('a[href*="/auth/login"], a[href*="/login"], .login-link, [data-testid="login-link"]');
    > 540 |       await expect(loginLink).toBeVisible({ timeout: 5000 });
          |                               ^
      541 |       
      542 |       await loginLink.click();
      543 |       await expect(browserPage).toHaveURL(/\/auth\/login|\/login/, { timeout: 5000 });
        at /home/tbaltzakis/cloudless.gr/e2e/journeys/auth-journey.spec.ts:540:31

    attachment #1: screenshot (image/png) ──────────────────────────────────────────────────────────
    test-results/journeys-auth-journey-Auth-0a102--have-accessible-login-form-chromium/test-failed-1.png
    ────────────────────────────────────────────────────────────────────────────────────────────────

    attachment #2: video (video/webm) ──────────────────────────────────────────────────────────────
    test-results/journeys-auth-journey-Auth-0a102--have-accessible-login-form-chromium/video.webm
    ────────────────────────────────────────────────────────────────────────────────────────────────

    Error Context: test-results/journeys-auth-journey-Auth-0a102--have-accessible-login-form-chromium/error-context.md

    Retry #1 ───────────────────────────────────────────────────────────────────────────────────────

    Error: expect(locator).toBeVisible() failed

    Locator: locator('a[href*="/auth/login"], a[href*="/login"], .login-link, [data-testid="login-link"]')
    Expected: visible
    Error: strict mode violation: locator('a[href*="/auth/login"], a[href*="/login"], .login-link, [data-testid="login-link"]') resolved to 2 elements:
        1) <a href="/en/auth/login" class="border-neon-cyan/50 text-neon-cyan hover:bg-neon-cyan/10 relative rounded-lg border bg-transparent px-4 py-2.5 font-mono text-sm font-semibold whitespace-nowrap transition-all duration-300 hover:shadow-[0_0_15px_rgba(0,255,245,0.2)]">Sign In</a> aka getByRole('link', { name: 'Sign In' })
        2) <a href="/en/auth/login" class="border-neon-cyan/50 text-neon-cyan active:bg-neon-cyan/10 mt-2 block min-h-11 rounded-lg border px-5 py-3 text-center font-mono text-sm font-semibold transition-all">Sign In</a> aka getByText('Sign In').nth(1)

    Call log:
      - Expect "toBeVisible" with timeout 5000ms
      - waiting for locator('a[href*="/auth/login"], a[href*="/login"], .login-link, [data-testid="login-link"]')


      538 |       // Navigate to login page
      539 |       const loginLink = browserPage.locator('a[href*="/auth/login"], a[href*="/login"], .login-link, [data-testid="login-link"]');
    > 540 |       await expect(loginLink).toBeVisible({ timeout: 5000 });
          |                               ^
      541 |       
      542 |       await loginLink.click();
      543 |       await expect(browserPage).toHaveURL(/\/auth\/login|\/login/, { timeout: 5000 });
        at /home/tbaltzakis/cloudless.gr/e2e/journeys/auth-journey.spec.ts:540:31

    attachment #1: screenshot (image/png) ──────────────────────────────────────────────────────────
    test-results/journeys-auth-journey-Auth-0a102--have-accessible-login-form-chromium-retry1/test-failed-1.png
    ────────────────────────────────────────────────────────────────────────────────────────────────

    attachment #2: video (video/webm) ──────────────────────────────────────────────────────────────
    test-results/journeys-auth-journey-Auth-0a102--have-accessible-login-form-chromium-retry1/video.webm
    ────────────────────────────────────────────────────────────────────────────────────────────────

    Error Context: test-results/journeys-auth-journey-Auth-0a102--have-accessible-login-form-chromium-retry1/error-context.md

    attachment #4: trace (application/zip) ─────────────────────────────────────────────────────────
    test-results/journeys-auth-journey-Auth-0a102--have-accessible-login-form-chromium-retry1/trace.zip
    Usage:

        npx playwright show-trace test-results/journeys-auth-journey-Auth-0a102--have-accessible-login-form-chromium-retry1/trace.zip

    ────────────────────────────────────────────────────────────────────────────────────────────────

  180) [chromium] › e2e/journeys/auth-journey.spec.ts:580:9 › Authentication Journey › Accessibility › should have accessible registration form 

    Error: expect(locator).toBeVisible() failed

    Locator:  locator('a[href*="/auth/register"], a[href*="/signup"], .register-link, [data-testid="register-link"], a:has-text("Sign Up")')
    Expected: visible
    Received: hidden
    Timeout:  5000ms

    Call log:
      - Expect "toBeVisible" with timeout 5000ms
      - waiting for locator('a[href*="/auth/register"], a[href*="/signup"], .register-link, [data-testid="register-link"], a:has-text("Sign Up")')
        14 × locator resolved to <a href="/en/auth/signup" class="hover:border-neon-cyan/30 hover:text-neon-cyan mt-2 block min-h-11 rounded-lg border border-slate-700 px-5 py-3 text-center font-mono text-sm font-semibold text-slate-300 transition-all">Sign Up</a>
           - unexpected value "hidden"


      584 |       // Navigate to registration page
      585 |       const registerLink = browserPage.locator('a[href*="/auth/register"], a[href*="/signup"], .register-link, [data-testid="register-link"], a:has-text("Sign Up")');
    > 586 |       await expect(registerLink).toBeVisible({ timeout: 5000 });
          |                                  ^
      587 |       
      588 |       await registerLink.click();
      589 |       await expect(browserPage).toHaveURL(/\/auth\/register|\/register|\/signup/, { timeout: 5000 });
        at /home/tbaltzakis/cloudless.gr/e2e/journeys/auth-journey.spec.ts:586:34

    attachment #1: screenshot (image/png) ──────────────────────────────────────────────────────────
    test-results/journeys-auth-journey-Auth-819c1-ccessible-registration-form-chromium/test-failed-1.png
    ────────────────────────────────────────────────────────────────────────────────────────────────

    attachment #2: video (video/webm) ──────────────────────────────────────────────────────────────
    test-results/journeys-auth-journey-Auth-819c1-ccessible-registration-form-chromium/video.webm
    ────────────────────────────────────────────────────────────────────────────────────────────────

    Error Context: test-results/journeys-auth-journey-Auth-819c1-ccessible-registration-form-chromium/error-context.md

    Retry #1 ───────────────────────────────────────────────────────────────────────────────────────

    Error: expect(locator).toBeVisible() failed

    Locator:  locator('a[href*="/auth/register"], a[href*="/signup"], .register-link, [data-testid="register-link"], a:has-text("Sign Up")')
    Expected: visible
    Received: hidden
    Timeout:  5000ms

    Call log:
      - Expect "toBeVisible" with timeout 5000ms
      - waiting for locator('a[href*="/auth/register"], a[href*="/signup"], .register-link, [data-testid="register-link"], a:has-text("Sign Up")')
        14 × locator resolved to <a href="/en/auth/signup" class="hover:border-neon-cyan/30 hover:text-neon-cyan mt-2 block min-h-11 rounded-lg border border-slate-700 px-5 py-3 text-center font-mono text-sm font-semibold text-slate-300 transition-all">Sign Up</a>
           - unexpected value "hidden"


      584 |       // Navigate to registration page
      585 |       const registerLink = browserPage.locator('a[href*="/auth/register"], a[href*="/signup"], .register-link, [data-testid="register-link"], a:has-text("Sign Up")');
    > 586 |       await expect(registerLink).toBeVisible({ timeout: 5000 });
          |                                  ^
      587 |       
      588 |       await registerLink.click();
      589 |       await expect(browserPage).toHaveURL(/\/auth\/register|\/register|\/signup/, { timeout: 5000 });
        at /home/tbaltzakis/cloudless.gr/e2e/journeys/auth-journey.spec.ts:586:34

    attachment #1: screenshot (image/png) ──────────────────────────────────────────────────────────
    test-results/journeys-auth-journey-Auth-819c1-ccessible-registration-form-chromium-retry1/test-failed-1.png
    ────────────────────────────────────────────────────────────────────────────────────────────────

    attachment #2: video (video/webm) ──────────────────────────────────────────────────────────────
    test-results/journeys-auth-journey-Auth-819c1-ccessible-registration-form-chromium-retry1/video.webm
    ────────────────────────────────────────────────────────────────────────────────────────────────

    Error Context: test-results/journeys-auth-journey-Auth-819c1-ccessible-registration-form-chromium-retry1/error-context.md

    attachment #4: trace (application/zip) ─────────────────────────────────────────────────────────
    test-results/journeys-auth-journey-Auth-819c1-ccessible-registration-form-chromium-retry1/trace.zip
    Usage:

        npx playwright show-trace test-results/journeys-auth-journey-Auth-819c1-ccessible-registration-form-chromium-retry1/trace.zip

    ────────────────────────────────────────────────────────────────────────────────────────────────

  181) [chromium] › e2e/journeys/auth-journey.spec.ts:648:9 › Authentication Journey › Performance › should load login page within reasonable time 

    Error: expect(locator).toBeVisible() failed

    Locator: locator('a[href*="/auth/login"], a[href*="/login"], .login-link, [data-testid="login-link"]')
    Expected: visible
    Error: strict mode violation: locator('a[href*="/auth/login"], a[href*="/login"], .login-link, [data-testid="login-link"]') resolved to 2 elements:
        1) <a href="/en/auth/login" class="border-neon-cyan/50 text-neon-cyan hover:bg-neon-cyan/10 relative rounded-lg border bg-transparent px-4 py-2.5 font-mono text-sm font-semibold whitespace-nowrap transition-all duration-300 hover:shadow-[0_0_15px_rgba(0,255,245,0.2)]">Sign In</a> aka getByRole('link', { name: 'Sign In' })
        2) <a href="/en/auth/login" class="border-neon-cyan/50 text-neon-cyan active:bg-neon-cyan/10 mt-2 block min-h-11 rounded-lg border px-5 py-3 text-center font-mono text-sm font-semibold transition-all">Sign In</a> aka getByText('Sign In').nth(1)

    Call log:
      - Expect "toBeVisible" with timeout 5000ms
      - waiting for locator('a[href*="/auth/login"], a[href*="/login"], .login-link, [data-testid="login-link"]')


      652 |       // Navigate to login page
      653 |       const loginLink = browserPage.locator('a[href*="/auth/login"], a[href*="/login"], .login-link, [data-testid="login-link"]');
    > 654 |       await expect(loginLink).toBeVisible({ timeout: 5000 });
          |                               ^
      655 |       
      656 |       await loginLink.click();
      657 |       await expect(browserPage).toHaveURL(/\/auth\/login|\/login/, { timeout: 5000 });
        at /home/tbaltzakis/cloudless.gr/e2e/journeys/auth-journey.spec.ts:654:31

    attachment #1: screenshot (image/png) ──────────────────────────────────────────────────────────
    test-results/journeys-auth-journey-Auth-f334d-page-within-reasonable-time-chromium/test-failed-1.png
    ────────────────────────────────────────────────────────────────────────────────────────────────

    attachment #2: video (video/webm) ──────────────────────────────────────────────────────────────
    test-results/journeys-auth-journey-Auth-f334d-page-within-reasonable-time-chromium/video.webm
    ────────────────────────────────────────────────────────────────────────────────────────────────

    Error Context: test-results/journeys-auth-journey-Auth-f334d-page-within-reasonable-time-chromium/error-context.md

    Retry #1 ───────────────────────────────────────────────────────────────────────────────────────

    Error: expect(locator).toBeVisible() failed

    Locator: locator('a[href*="/auth/login"], a[href*="/login"], .login-link, [data-testid="login-link"]')
    Expected: visible
    Error: strict mode violation: locator('a[href*="/auth/login"], a[href*="/login"], .login-link, [data-testid="login-link"]') resolved to 2 elements:
        1) <a href="/en/auth/login" class="border-neon-cyan/50 text-neon-cyan hover:bg-neon-cyan/10 relative rounded-lg border bg-transparent px-4 py-2.5 font-mono text-sm font-semibold whitespace-nowrap transition-all duration-300 hover:shadow-[0_0_15px_rgba(0,255,245,0.2)]">Sign In</a> aka getByRole('link', { name: 'Sign In' })
        2) <a href="/en/auth/login" class="border-neon-cyan/50 text-neon-cyan active:bg-neon-cyan/10 mt-2 block min-h-11 rounded-lg border px-5 py-3 text-center font-mono text-sm font-semibold transition-all">Sign In</a> aka getByText('Sign In').nth(1)

    Call log:
      - Expect "toBeVisible" with timeout 5000ms
      - waiting for locator('a[href*="/auth/login"], a[href*="/login"], .login-link, [data-testid="login-link"]')


      652 |       // Navigate to login page
      653 |       const loginLink = browserPage.locator('a[href*="/auth/login"], a[href*="/login"], .login-link, [data-testid="login-link"]');
    > 654 |       await expect(loginLink).toBeVisible({ timeout: 5000 });
          |                               ^
      655 |       
      656 |       await loginLink.click();
      657 |       await expect(browserPage).toHaveURL(/\/auth\/login|\/login/, { timeout: 5000 });
        at /home/tbaltzakis/cloudless.gr/e2e/journeys/auth-journey.spec.ts:654:31

    attachment #1: screenshot (image/png) ──────────────────────────────────────────────────────────
    test-results/journeys-auth-journey-Auth-f334d-page-within-reasonable-time-chromium-retry1/test-failed-1.png
    ────────────────────────────────────────────────────────────────────────────────────────────────

    attachment #2: video (video/webm) ──────────────────────────────────────────────────────────────
    test-results/journeys-auth-journey-Auth-f334d-page-within-reasonable-time-chromium-retry1/video.webm
    ────────────────────────────────────────────────────────────────────────────────────────────────

    Error Context: test-results/journeys-auth-journey-Auth-f334d-page-within-reasonable-time-chromium-retry1/error-context.md

    attachment #4: trace (application/zip) ─────────────────────────────────────────────────────────
    test-results/journeys-auth-journey-Auth-f334d-page-within-reasonable-time-chromium-retry1/trace.zip
    Usage:

        npx playwright show-trace test-results/journeys-auth-journey-Auth-f334d-page-within-reasonable-time-chromium-retry1/trace.zip

    ────────────────────────────────────────────────────────────────────────────────────────────────

  182) [chromium] › e2e/journeys/auth-journey.spec.ts:664:9 › Authentication Journey › Performance › should complete login process within reasonable time 

    Error: expect(locator).toBeVisible() failed

    Locator: locator('a[href*="/auth/login"], a[href*="/login"], .login-link, [data-testid="login-link"]')
    Expected: visible
    Error: strict mode violation: locator('a[href*="/auth/login"], a[href*="/login"], .login-link, [data-testid="login-link"]') resolved to 2 elements:
        1) <a href="/en/auth/login" class="border-neon-cyan/50 text-neon-cyan hover:bg-neon-cyan/10 relative rounded-lg border bg-transparent px-4 py-2.5 font-mono text-sm font-semibold whitespace-nowrap transition-all duration-300 hover:shadow-[0_0_15px_rgba(0,255,245,0.2)]">Sign In</a> aka getByRole('link', { name: 'Sign In' })
        2) <a href="/en/auth/login" class="border-neon-cyan/50 text-neon-cyan active:bg-neon-cyan/10 mt-2 block min-h-11 rounded-lg border px-5 py-3 text-center font-mono text-sm font-semibold transition-all">Sign In</a> aka getByText('Sign In').nth(1)

    Call log:
      - Expect "toBeVisible" with timeout 5000ms
      - waiting for locator('a[href*="/auth/login"], a[href*="/login"], .login-link, [data-testid="login-link"]')


      670 |       // Navigate to login page
      671 |       const loginLink = browserPage.locator('a[href*="/auth/login"], a[href*="/login"], .login-link, [data-testid="login-link"]');
    > 672 |       await expect(loginLink).toBeVisible({ timeout: 5000 });
          |                               ^
      673 |       
      674 |       await loginLink.click();
      675 |       await expect(browserPage).toHaveURL(/\/auth\/login|\/login/, { timeout: 5000 });
        at /home/tbaltzakis/cloudless.gr/e2e/journeys/auth-journey.spec.ts:672:31

    attachment #1: screenshot (image/png) ──────────────────────────────────────────────────────────
    test-results/journeys-auth-journey-Auth-e1039-cess-within-reasonable-time-chromium/test-failed-1.png
    ────────────────────────────────────────────────────────────────────────────────────────────────

    attachment #2: video (video/webm) ──────────────────────────────────────────────────────────────
    test-results/journeys-auth-journey-Auth-e1039-cess-within-reasonable-time-chromium/video.webm
    ────────────────────────────────────────────────────────────────────────────────────────────────

    Error Context: test-results/journeys-auth-journey-Auth-e1039-cess-within-reasonable-time-chromium/error-context.md

    Retry #1 ───────────────────────────────────────────────────────────────────────────────────────

    Error: expect(locator).toBeVisible() failed

    Locator: locator('a[href*="/auth/login"], a[href*="/login"], .login-link, [data-testid="login-link"]')
    Expected: visible
    Error: strict mode violation: locator('a[href*="/auth/login"], a[href*="/login"], .login-link, [data-testid="login-link"]') resolved to 2 elements:
        1) <a href="/en/auth/login" class="border-neon-cyan/50 text-neon-cyan hover:bg-neon-cyan/10 relative rounded-lg border bg-transparent px-4 py-2.5 font-mono text-sm font-semibold whitespace-nowrap transition-all duration-300 hover:shadow-[0_0_15px_rgba(0,255,245,0.2)]">Sign In</a> aka getByRole('link', { name: 'Sign In' })
        2) <a href="/en/auth/login" class="border-neon-cyan/50 text-neon-cyan active:bg-neon-cyan/10 mt-2 block min-h-11 rounded-lg border px-5 py-3 text-center font-mono text-sm font-semibold transition-all">Sign In</a> aka getByText('Sign In').nth(1)

    Call log:
      - Expect "toBeVisible" with timeout 5000ms
      - waiting for locator('a[href*="/auth/login"], a[href*="/login"], .login-link, [data-testid="login-link"]')


      670 |       // Navigate to login page
      671 |       const loginLink = browserPage.locator('a[href*="/auth/login"], a[href*="/login"], .login-link, [data-testid="login-link"]');
    > 672 |       await expect(loginLink).toBeVisible({ timeout: 5000 });
          |                               ^
      673 |       
      674 |       await loginLink.click();
      675 |       await expect(browserPage).toHaveURL(/\/auth\/login|\/login/, { timeout: 5000 });
        at /home/tbaltzakis/cloudless.gr/e2e/journeys/auth-journey.spec.ts:672:31

    attachment #1: screenshot (image/png) ──────────────────────────────────────────────────────────
    test-results/journeys-auth-journey-Auth-e1039-cess-within-reasonable-time-chromium-retry1/test-failed-1.png
    ────────────────────────────────────────────────────────────────────────────────────────────────

    attachment #2: video (video/webm) ──────────────────────────────────────────────────────────────
    test-results/journeys-auth-journey-Auth-e1039-cess-within-reasonable-time-chromium-retry1/video.webm
    ────────────────────────────────────────────────────────────────────────────────────────────────

    Error Context: test-results/journeys-auth-journey-Auth-e1039-cess-within-reasonable-time-chromium-retry1/error-context.md

    attachment #4: trace (application/zip) ─────────────────────────────────────────────────────────
    test-results/journeys-auth-journey-Auth-e1039-cess-within-reasonable-time-chromium-retry1/trace.zip
    Usage:

        npx playwright show-trace test-results/journeys-auth-journey-Auth-e1039-cess-within-reasonable-time-chromium-retry1/trace.zip

    ────────────────────────────────────────────────────────────────────────────────────────────────

  183) [chromium] › e2e/journeys/blog-journey.spec.ts:15:7 › Blog User Journey › should allow user to browse blog posts 

    TimeoutError: page.waitForSelector: Timeout 5000ms exceeded.
    Call log:
      - waiting for locator('.blog-post-item, .post-card') to be visible


      19 |     
      20 |     // Wait for blog posts to load
    > 21 |     await page.waitForSelector('.blog-post-item, .post-card', { timeout: 5000 });
         |                ^
      22 |     
      23 |     // Verify at least one post is visible
      24 |     const postItems = page.locator('.blog-post-item, .post-card');
        at /home/tbaltzakis/cloudless.gr/e2e/journeys/blog-journey.spec.ts:21:16

    attachment #1: screenshot (image/png) ──────────────────────────────────────────────────────────
    test-results/journeys-blog-journey-Blog-50ad1-w-user-to-browse-blog-posts-chromium/test-failed-1.png
    ────────────────────────────────────────────────────────────────────────────────────────────────

    attachment #2: video (video/webm) ──────────────────────────────────────────────────────────────
    test-results/journeys-blog-journey-Blog-50ad1-w-user-to-browse-blog-posts-chromium/video.webm
    ────────────────────────────────────────────────────────────────────────────────────────────────

    Error Context: test-results/journeys-blog-journey-Blog-50ad1-w-user-to-browse-blog-posts-chromium/error-context.md

    Retry #1 ───────────────────────────────────────────────────────────────────────────────────────

    TimeoutError: page.waitForSelector: Timeout 5000ms exceeded.
    Call log:
      - waiting for locator('.blog-post-item, .post-card') to be visible


      19 |     
      20 |     // Wait for blog posts to load
    > 21 |     await page.waitForSelector('.blog-post-item, .post-card', { timeout: 5000 });
         |                ^
      22 |     
      23 |     // Verify at least one post is visible
      24 |     const postItems = page.locator('.blog-post-item, .post-card');
        at /home/tbaltzakis/cloudless.gr/e2e/journeys/blog-journey.spec.ts:21:16

    attachment #1: screenshot (image/png) ──────────────────────────────────────────────────────────
    test-results/journeys-blog-journey-Blog-50ad1-w-user-to-browse-blog-posts-chromium-retry1/test-failed-1.png
    ────────────────────────────────────────────────────────────────────────────────────────────────

    attachment #2: video (video/webm) ──────────────────────────────────────────────────────────────
    test-results/journeys-blog-journey-Blog-50ad1-w-user-to-browse-blog-posts-chromium-retry1/video.webm
    ────────────────────────────────────────────────────────────────────────────────────────────────

    Error Context: test-results/journeys-blog-journey-Blog-50ad1-w-user-to-browse-blog-posts-chromium-retry1/error-context.md

    attachment #4: trace (application/zip) ─────────────────────────────────────────────────────────
    test-results/journeys-blog-journey-Blog-50ad1-w-user-to-browse-blog-posts-chromium-retry1/trace.zip
    Usage:

        npx playwright show-trace test-results/journeys-blog-journey-Blog-50ad1-w-user-to-browse-blog-posts-chromium-retry1/trace.zip

    ────────────────────────────────────────────────────────────────────────────────────────────────

  184) [chromium] › e2e/journeys/blog-journey.spec.ts:31:7 › Blog User Journey › should allow user to view individual blog post 

    TimeoutError: page.waitForSelector: Timeout 5000ms exceeded.
    Call log:
      - waiting for locator('.blog-post-item, .post-card') to be visible


      35 |     
      36 |     // Wait for blog posts to load
    > 37 |     await page.waitForSelector('.blog-post-item, .post-card', { timeout: 5000 });
         |                ^
      38 |     
      39 |     // Click on first post
      40 |     const firstPost = page.locator('.blog-post-item, .post-card').first();
        at /home/tbaltzakis/cloudless.gr/e2e/journeys/blog-journey.spec.ts:37:16

    attachment #1: screenshot (image/png) ──────────────────────────────────────────────────────────
    test-results/journeys-blog-journey-Blog-89d80-o-view-individual-blog-post-chromium/test-failed-1.png
    ────────────────────────────────────────────────────────────────────────────────────────────────

    attachment #2: video (video/webm) ──────────────────────────────────────────────────────────────
    test-results/journeys-blog-journey-Blog-89d80-o-view-individual-blog-post-chromium/video.webm
    ────────────────────────────────────────────────────────────────────────────────────────────────

    Error Context: test-results/journeys-blog-journey-Blog-89d80-o-view-individual-blog-post-chromium/error-context.md

    Retry #1 ───────────────────────────────────────────────────────────────────────────────────────

    TimeoutError: page.waitForSelector: Timeout 5000ms exceeded.
    Call log:
      - waiting for locator('.blog-post-item, .post-card') to be visible


      35 |     
      36 |     // Wait for blog posts to load
    > 37 |     await page.waitForSelector('.blog-post-item, .post-card', { timeout: 5000 });
         |                ^
      38 |     
      39 |     // Click on first post
      40 |     const firstPost = page.locator('.blog-post-item, .post-card').first();
        at /home/tbaltzakis/cloudless.gr/e2e/journeys/blog-journey.spec.ts:37:16

    attachment #1: screenshot (image/png) ──────────────────────────────────────────────────────────
    test-results/journeys-blog-journey-Blog-89d80-o-view-individual-blog-post-chromium-retry1/test-failed-1.png
    ────────────────────────────────────────────────────────────────────────────────────────────────

    attachment #2: video (video/webm) ──────────────────────────────────────────────────────────────
    test-results/journeys-blog-journey-Blog-89d80-o-view-individual-blog-post-chromium-retry1/video.webm
    ────────────────────────────────────────────────────────────────────────────────────────────────

    Error Context: test-results/journeys-blog-journey-Blog-89d80-o-view-individual-blog-post-chromium-retry1/error-context.md

    attachment #4: trace (application/zip) ─────────────────────────────────────────────────────────
    test-results/journeys-blog-journey-Blog-89d80-o-view-individual-blog-post-chromium-retry1/trace.zip
    Usage:

        npx playwright show-trace test-results/journeys-blog-journey-Blog-89d80-o-view-individual-blog-post-chromium-retry1/trace.zip

    ────────────────────────────────────────────────────────────────────────────────────────────────

  185) [chromium] › e2e/journeys/blog-journey.spec.ts:53:7 › Blog User Journey › should allow user to search blog posts 

    Error: expect(locator).toBeVisible() failed

    Locator:  locator('.search-results, .blog-post-item, .post-card, .no-results')
    Expected: visible
    Received: undefined

    Call log:
      - Expect "toBeVisible" with timeout 20000ms
      - waiting for locator('.search-results, .blog-post-item, .post-card, .no-results')
        - waiting for navigation to finish...
        - navigated to "http://localhost:4000/en/blog?q=test"
      - Protocol error (Runtime.evaluate): Internal server error, session closed.


      66 |       
      67 |       // Assert
    > 68 |       expect(page.locator('.search-results, .blog-post-item, .post-card, .no-results')).toBeVisible();
         |                                                                                         ^
      69 |     }
      70 |   });
      71 |
        at /home/tbaltzakis/cloudless.gr/e2e/journeys/blog-journey.spec.ts:68:89

    attachment #1: screenshot (image/png) ──────────────────────────────────────────────────────────
    test-results/journeys-blog-journey-Blog-2ada5-w-user-to-search-blog-posts-chromium/test-failed-1.png
    ────────────────────────────────────────────────────────────────────────────────────────────────

    Error Context: test-results/journeys-blog-journey-Blog-2ada5-w-user-to-search-blog-posts-chromium/error-context.md

    attachment #3: video (video/webm) ──────────────────────────────────────────────────────────────
    test-results/journeys-blog-journey-Blog-2ada5-w-user-to-search-blog-posts-chromium/video.webm
    ────────────────────────────────────────────────────────────────────────────────────────────────

    Retry #1 ───────────────────────────────────────────────────────────────────────────────────────

    Error: expect(locator).toBeVisible() failed

    Locator: locator('.search-results, .blog-post-item, .post-card, .no-results')
    Expected: visible
    Error: element(s) not found

    Call log:
      - Expect "toBeVisible" with timeout 20000ms
      - waiting for locator('.search-results, .blog-post-item, .post-card, .no-results')
        - waiting for navigation to finish...
        - navigated to "http://localhost:4000/en/blog?q=test"
      - Protocol error (Runtime.callFunctionOn): Internal server error, session closed.


      66 |       
      67 |       // Assert
    > 68 |       expect(page.locator('.search-results, .blog-post-item, .post-card, .no-results')).toBeVisible();
         |                                                                                         ^
      69 |     }
      70 |   });
      71 |
        at /home/tbaltzakis/cloudless.gr/e2e/journeys/blog-journey.spec.ts:68:89

    attachment #1: screenshot (image/png) ──────────────────────────────────────────────────────────
    test-results/journeys-blog-journey-Blog-2ada5-w-user-to-search-blog-posts-chromium-retry1/test-failed-1.png
    ────────────────────────────────────────────────────────────────────────────────────────────────

    Error Context: test-results/journeys-blog-journey-Blog-2ada5-w-user-to-search-blog-posts-chromium-retry1/error-context.md

    attachment #3: video (video/webm) ──────────────────────────────────────────────────────────────
    test-results/journeys-blog-journey-Blog-2ada5-w-user-to-search-blog-posts-chromium-retry1/video.webm
    ────────────────────────────────────────────────────────────────────────────────────────────────

    attachment #4: trace (application/zip) ─────────────────────────────────────────────────────────
    test-results/journeys-blog-journey-Blog-2ada5-w-user-to-search-blog-posts-chromium-retry1/trace.zip
    Usage:

        npx playwright show-trace test-results/journeys-blog-journey-Blog-2ada5-w-user-to-search-blog-posts-chromium-retry1/trace.zip

    ────────────────────────────────────────────────────────────────────────────────────────────────

  186) [chromium] › e2e/journeys/blog-journey.spec.ts:72:7 › Blog User Journey › should allow user to filter blog by category or tag 

    Error: expect(page).toHaveURL(expected) failed

    Expected pattern: /.*\/$/
    Received string:  "http://localhost:4000/en"
    Timeout: 20000ms

    Call log:
      - Expect "toHaveURL" with timeout 20000ms
        5 × locator resolved to <html lang="en" data-theme="light" data-scroll-behavior="smooth" class="instrumentsans_944ec18e-module__dt8kMq__variable worksans_7380d799-module__r5Z2ba__variable geistmono_8b618948-module__2Ink-W__variable h-full antialiased">…</html>
          - unexpected value "http://localhost:4000/en"
        38 × locator resolved to <html lang="en" data-theme="light" data-scroll-behavior="smooth" class="instrumentsans_944ec18e-module__dt8kMq__variable worksans_7380d799-module__r5Z2ba__variable geistmono_8b618948-module__2Ink-W__variable h-full antialiased lenis">…</html>
           - unexpected value "http://localhost:4000/en"


      10 |     // Start from homepage
      11 |     await page.goto("/");
    > 12 |     await expect(page).toHaveURL(/.*\/$/);
         |                        ^
      13 |   });
      14 |
      15 |   test("should allow user to browse blog posts", async ({ page }) => {
        at /home/tbaltzakis/cloudless.gr/e2e/journeys/blog-journey.spec.ts:12:24

    attachment #1: screenshot (image/png) ──────────────────────────────────────────────────────────
    test-results/journeys-blog-journey-Blog-eebe5-ter-blog-by-category-or-tag-chromium/test-failed-1.png
    ────────────────────────────────────────────────────────────────────────────────────────────────

    attachment #2: video (video/webm) ──────────────────────────────────────────────────────────────
    test-results/journeys-blog-journey-Blog-eebe5-ter-blog-by-category-or-tag-chromium/video.webm
    ────────────────────────────────────────────────────────────────────────────────────────────────

    Error Context: test-results/journeys-blog-journey-Blog-eebe5-ter-blog-by-category-or-tag-chromium/error-context.md

    Retry #1 ───────────────────────────────────────────────────────────────────────────────────────

    Error: expect(locator).toBeVisible() failed

    Locator: locator('.category-filter, .tag-filter, .filter-option, select')
    Expected: visible
    Error: element(s) not found

    Call log:
      - Expect "toBeVisible" with timeout 20000ms
      - waiting for locator('.category-filter, .tag-filter, .filter-option, select')
      - Test ended.


      76 |     
      77 |     // Assert
    > 78 |     expect(page.locator('.category-filter, .tag-filter, .filter-option, select')).toBeVisible();
         |                                                                                   ^
      79 |     
      80 |     // Arrange
      81 |     const filterElements = page.locator('.category-filter, .tag-filter, .filter-option, select');
        at /home/tbaltzakis/cloudless.gr/e2e/journeys/blog-journey.spec.ts:78:83

    attachment #1: screenshot (image/png) ──────────────────────────────────────────────────────────
    test-results/journeys-blog-journey-Blog-eebe5-ter-blog-by-category-or-tag-chromium-retry1/test-failed-1.png
    ────────────────────────────────────────────────────────────────────────────────────────────────

    Error Context: test-results/journeys-blog-journey-Blog-eebe5-ter-blog-by-category-or-tag-chromium-retry1/error-context.md

    attachment #3: video (video/webm) ──────────────────────────────────────────────────────────────
    test-results/journeys-blog-journey-Blog-eebe5-ter-blog-by-category-or-tag-chromium-retry1/video.webm
    ────────────────────────────────────────────────────────────────────────────────────────────────

    attachment #4: trace (application/zip) ─────────────────────────────────────────────────────────
    test-results/journeys-blog-journey-Blog-eebe5-ter-blog-by-category-or-tag-chromium-retry1/trace.zip
    Usage:

        npx playwright show-trace test-results/journeys-blog-journey-Blog-eebe5-ter-blog-by-category-or-tag-chromium-retry1/trace.zip

    ────────────────────────────────────────────────────────────────────────────────────────────────

  187) [chromium] › e2e/journeys/blog-journey.spec.ts:89:7 › Blog User Journey › should allow user to subscribe to blog newsletter 

    Error: expect(locator).toBeVisible() failed

    Locator: locator('text=Newsletter, text=Subscribe, input[name="email"]')
    Expected: visible
    Error: element(s) not found

    Call log:
      - Expect "toBeVisible" with timeout 20000ms
      - waiting for locator('text=Newsletter, text=Subscribe, input[name="email"]')
      - Protocol error (Runtime.callFunctionOn): Internal server error, session closed.


      89 |   test("should allow user to subscribe to blog newsletter", async ({ page }) => {
      90 |     // Assert
    > 91 |     expect(page.locator('text=Newsletter, text=Subscribe, input[name="email"]')).toBeVisible();
         |                                                                                  ^
      92 |     
      93 |     // Arrange
      94 |     const newsletterElements = page.locator('text=Newsletter, text=Subscribe, input[name="email"]');
        at /home/tbaltzakis/cloudless.gr/e2e/journeys/blog-journey.spec.ts:91:82

    Error Context: test-results/journeys-blog-journey-Blog-50533-ubscribe-to-blog-newsletter-chromium/error-context.md

    attachment #2: video (video/webm) ──────────────────────────────────────────────────────────────
    test-results/journeys-blog-journey-Blog-50533-ubscribe-to-blog-newsletter-chromium/video.webm
    ────────────────────────────────────────────────────────────────────────────────────────────────

    Retry #1 ───────────────────────────────────────────────────────────────────────────────────────

    Error: expect(locator).toBeVisible() failed

    Locator: locator('text=Newsletter, text=Subscribe, input[name="email"]')
    Expected: visible
    Error: element(s) not found

    Call log:
      - Expect "toBeVisible" with timeout 20000ms
      - waiting for locator('text=Newsletter, text=Subscribe, input[name="email"]')
        - waiting for navigation to finish...
        - navigated to "http://localhost:4000/en"
      - Test ended.


      89 |   test("should allow user to subscribe to blog newsletter", async ({ page }) => {
      90 |     // Assert
    > 91 |     expect(page.locator('text=Newsletter, text=Subscribe, input[name="email"]')).toBeVisible();
         |                                                                                  ^
      92 |     
      93 |     // Arrange
      94 |     const newsletterElements = page.locator('text=Newsletter, text=Subscribe, input[name="email"]');
        at /home/tbaltzakis/cloudless.gr/e2e/journeys/blog-journey.spec.ts:91:82

    attachment #1: screenshot (image/png) ──────────────────────────────────────────────────────────
    test-results/journeys-blog-journey-Blog-50533-ubscribe-to-blog-newsletter-chromium-retry1/test-failed-1.png
    ────────────────────────────────────────────────────────────────────────────────────────────────

    Error Context: test-results/journeys-blog-journey-Blog-50533-ubscribe-to-blog-newsletter-chromium-retry1/error-context.md

    attachment #3: video (video/webm) ──────────────────────────────────────────────────────────────
    test-results/journeys-blog-journey-Blog-50533-ubscribe-to-blog-newsletter-chromium-retry1/video.webm
    ────────────────────────────────────────────────────────────────────────────────────────────────

    attachment #4: trace (application/zip) ─────────────────────────────────────────────────────────
    test-results/journeys-blog-journey-Blog-50533-ubscribe-to-blog-newsletter-chromium-retry1/trace.zip
    Usage:

        npx playwright show-trace test-results/journeys-blog-journey-Blog-50533-ubscribe-to-blog-newsletter-chromium-retry1/trace.zip

    ────────────────────────────────────────────────────────────────────────────────────────────────

  188) [chromium] › e2e/journeys/contact-journey.spec.ts:15:7 › Contact User Journey › should allow user to navigate to contact page 

    Error: expect(locator).toBeVisible() failed

    Locator: locator('text=Contact, text=Contact Us, text=Get in touch')
    Expected: visible
    Timeout: 20000ms
    Error: element(s) not found

    Call log:
      - Expect "toBeVisible" with timeout 20000ms
      - waiting for locator('text=Contact, text=Contact Us, text=Get in touch')


      15 |   test("should allow user to navigate to contact page", async ({ page }) => {
      16 |     // Assert
    > 17 |     expect(page.locator('text=Contact, text=Contact Us, text=Get in touch')).toBeVisible();
         |                                                                              ^
      18 |     
      19 |     // Act
      20 |     await page.click('text=Contact, text=Contact Us, text=Get in touch');
        at /home/tbaltzakis/cloudless.gr/e2e/journeys/contact-journey.spec.ts:17:78

    Error: page.click: Test ended.
    Call log:
      - waiting for locator('text=Contact, text=Contact Us, text=Get in touch')
        - waiting for "http://localhost:4000/en" navigation to finish...
        - navigated to "http://localhost:4000/en"


      18 |     
      19 |     // Act
    > 20 |     await page.click('text=Contact, text=Contact Us, text=Get in touch');
         |                ^
      21 |     // Assert
      22 |     await expect(page).toHaveURL(/.*\/contact/);
      23 |   });
        at /home/tbaltzakis/cloudless.gr/e2e/journeys/contact-journey.spec.ts:20:16

    attachment #1: screenshot (image/png) ──────────────────────────────────────────────────────────
    test-results/journeys-contact-journey-C-b2d58-to-navigate-to-contact-page-chromium/test-failed-1.png
    ────────────────────────────────────────────────────────────────────────────────────────────────

    attachment #2: video (video/webm) ──────────────────────────────────────────────────────────────
    test-results/journeys-contact-journey-C-b2d58-to-navigate-to-contact-page-chromium/video.webm
    ────────────────────────────────────────────────────────────────────────────────────────────────

    Error Context: test-results/journeys-contact-journey-C-b2d58-to-navigate-to-contact-page-chromium/error-context.md

    Retry #1 ───────────────────────────────────────────────────────────────────────────────────────

    Error: expect(locator).toBeVisible() failed

    Locator: locator('text=Contact, text=Contact Us, text=Get in touch')
    Expected: visible
    Timeout: 20000ms
    Error: element(s) not found

    Call log:
      - Expect "toBeVisible" with timeout 20000ms
      - waiting for locator('text=Contact, text=Contact Us, text=Get in touch')
        - waiting for navigation to finish...
        - navigated to "http://localhost:4000/en"


      15 |   test("should allow user to navigate to contact page", async ({ page }) => {
      16 |     // Assert
    > 17 |     expect(page.locator('text=Contact, text=Contact Us, text=Get in touch')).toBeVisible();
         |                                                                              ^
      18 |     
      19 |     // Act
      20 |     await page.click('text=Contact, text=Contact Us, text=Get in touch');
        at /home/tbaltzakis/cloudless.gr/e2e/journeys/contact-journey.spec.ts:17:78

    Error: page.click: Test ended.
    Call log:
      - waiting for locator('text=Contact, text=Contact Us, text=Get in touch')
        - waiting for navigation to finish...
        - navigated to "http://localhost:4000/en"


      18 |     
      19 |     // Act
    > 20 |     await page.click('text=Contact, text=Contact Us, text=Get in touch');
         |                ^
      21 |     // Assert
      22 |     await expect(page).toHaveURL(/.*\/contact/);
      23 |   });
        at /home/tbaltzakis/cloudless.gr/e2e/journeys/contact-journey.spec.ts:20:16

    attachment #1: screenshot (image/png) ──────────────────────────────────────────────────────────
    test-results/journeys-contact-journey-C-b2d58-to-navigate-to-contact-page-chromium-retry1/test-failed-1.png
    ────────────────────────────────────────────────────────────────────────────────────────────────

    attachment #2: video (video/webm) ──────────────────────────────────────────────────────────────
    test-results/journeys-contact-journey-C-b2d58-to-navigate-to-contact-page-chromium-retry1/video.webm
    ────────────────────────────────────────────────────────────────────────────────────────────────

    Error Context: test-results/journeys-contact-journey-C-b2d58-to-navigate-to-contact-page-chromium-retry1/error-context.md

    attachment #4: trace (application/zip) ─────────────────────────────────────────────────────────
    test-results/journeys-contact-journey-C-b2d58-to-navigate-to-contact-page-chromium-retry1/trace.zip
    Usage:

        npx playwright show-trace test-results/journeys-contact-journey-C-b2d58-to-navigate-to-contact-page-chromium-retry1/trace.zip

    ────────────────────────────────────────────────────────────────────────────────────────────────

  189) [chromium] › e2e/journeys/contact-journey.spec.ts:25:7 › Contact User Journey › should display contact form with required fields 

    Error: page.goto: net::ERR_ABORTED at http://localhost:4000/contact
    Call log:
      - navigating to "http://localhost:4000/contact", waiting until "load"


      24 |
      25 |   test("should display contact form with required fields", async ({ page }) => {
    > 26 |     await page.goto("/contact");
         |                ^
      27 |     await expect(page).toHaveURL(/.*\/contact/);
      28 |     
      29 |     // Assert
        at /home/tbaltzakis/cloudless.gr/e2e/journeys/contact-journey.spec.ts:26:16

    attachment #1: screenshot (image/png) ──────────────────────────────────────────────────────────
    test-results/journeys-contact-journey-C-27086-t-form-with-required-fields-chromium/test-failed-1.png
    ────────────────────────────────────────────────────────────────────────────────────────────────

    attachment #2: video (video/webm) ──────────────────────────────────────────────────────────────
    test-results/journeys-contact-journey-C-27086-t-form-with-required-fields-chromium/video.webm
    ────────────────────────────────────────────────────────────────────────────────────────────────

    Error Context: test-results/journeys-contact-journey-C-27086-t-form-with-required-fields-chromium/error-context.md

    Retry #1 ───────────────────────────────────────────────────────────────────────────────────────

    Error: expect(locator).toBeVisible() failed

    Locator: locator('form')
    Expected: visible
    Timeout: 20000ms
    Error: element(s) not found

    Call log:
      - Expect "toBeVisible" with timeout 20000ms
      - waiting for locator('form')


      28 |     
      29 |     // Assert
    > 30 |     expect(page.locator('form')).toBeVisible();
         |                                  ^
      31 |     
      32 |     // Arrange
      33 |     const form = page.locator('form');
        at /home/tbaltzakis/cloudless.gr/e2e/journeys/contact-journey.spec.ts:30:34

    Error: expect(locator).toBeVisible() failed

    Locator: locator('form').locator('input[name="name"], input[name="your-name"], input[name="fullname"]')
    Expected: visible
    Timeout: 20000ms
    Error: element(s) not found

    Call log:
      - Expect "toBeVisible" with timeout 20000ms
      - waiting for locator('form').locator('input[name="name"], input[name="your-name"], input[name="fullname"]')


      33 |     const form = page.locator('form');
      34 |     // Assert
    > 35 |     await expect(form.locator('input[name="name"], input[name="your-name"], input[name="fullname"]')).toBeVisible();
         |                                                                                                       ^
      36 |     await expect(form.locator('input[name="email"], input[name="your-email"], input[name="email-address"]')).toBeVisible();
      37 |     await expect(form.locator('textarea[name="message"], textarea[name="your-message"], input[name="subject"]')).toBeVisible();
      38 |   });
        at /home/tbaltzakis/cloudless.gr/e2e/journeys/contact-journey.spec.ts:35:103

    attachment #1: screenshot (image/png) ──────────────────────────────────────────────────────────
    test-results/journeys-contact-journey-C-27086-t-form-with-required-fields-chromium-retry1/test-failed-1.png
    ────────────────────────────────────────────────────────────────────────────────────────────────

    attachment #2: video (video/webm) ──────────────────────────────────────────────────────────────
    test-results/journeys-contact-journey-C-27086-t-form-with-required-fields-chromium-retry1/video.webm
    ────────────────────────────────────────────────────────────────────────────────────────────────

    Error Context: test-results/journeys-contact-journey-C-27086-t-form-with-required-fields-chromium-retry1/error-context.md

    attachment #4: trace (application/zip) ─────────────────────────────────────────────────────────
    test-results/journeys-contact-journey-C-27086-t-form-with-required-fields-chromium-retry1/trace.zip
    Usage:

        npx playwright show-trace test-results/journeys-contact-journey-C-27086-t-form-with-required-fields-chromium-retry1/trace.zip

    ────────────────────────────────────────────────────────────────────────────────────────────────

  190) [chromium] › e2e/journeys/contact-journey.spec.ts:40:7 › Contact User Journey › should allow user to submit contact form with valid data 

    Error: page.goto: net::ERR_ABORTED at http://localhost:4000/contact
    Call log:
      - navigating to "http://localhost:4000/contact", waiting until "load"


      39 |
      40 |   test("should allow user to submit contact form with valid data", async ({ page }) => {
    > 41 |     await page.goto("/contact");
         |                ^
      42 |     await expect(page).toHaveURL(/.*\/contact/);
      43 |     
      44 |     // Arrange
        at /home/tbaltzakis/cloudless.gr/e2e/journeys/contact-journey.spec.ts:41:16

    attachment #1: video (video/webm) ──────────────────────────────────────────────────────────────
    test-results/journeys-contact-journey-C-0fada-ontact-form-with-valid-data-chromium/video.webm
    ────────────────────────────────────────────────────────────────────────────────────────────────

    Error Context: test-results/journeys-contact-journey-C-0fada-ontact-form-with-valid-data-chromium/error-context.md

    Retry #1 ───────────────────────────────────────────────────────────────────────────────────────

    Test timeout of 60000ms exceeded.

    Error: locator.fill: Test timeout of 60000ms exceeded.
    Call log:
      - waiting for locator('form').locator('input[name="name"], input[name="your-name"], input[name="fullname"]').first()


      44 |     // Arrange
      45 |     const form = page.locator('form');
    > 46 |     await form.locator('input[name="name"], input[name="your-name"], input[name="fullname"]').first().fill(`Test User ${Date.now()}`);
         |                                                                                                       ^
      47 |     await form.locator('input[name="email"], input[name="your-email"], input[name="email-address"]').first().fill(`test${Date.now()}@example.com`);
      48 |     await form.locator('textarea[name="message"], textarea[name="your-message"], input[name="subject"]').first().fill(`This is a test message from automated testing at ${new Date().toISOString()}`);
      49 |     
        at /home/tbaltzakis/cloudless.gr/e2e/journeys/contact-journey.spec.ts:46:103

    attachment #1: screenshot (image/png) ──────────────────────────────────────────────────────────
    test-results/journeys-contact-journey-C-0fada-ontact-form-with-valid-data-chromium-retry1/test-failed-1.png
    ────────────────────────────────────────────────────────────────────────────────────────────────

    attachment #2: video (video/webm) ──────────────────────────────────────────────────────────────
    test-results/journeys-contact-journey-C-0fada-ontact-form-with-valid-data-chromium-retry1/video.webm
    ────────────────────────────────────────────────────────────────────────────────────────────────

    Error Context: test-results/journeys-contact-journey-C-0fada-ontact-form-with-valid-data-chromium-retry1/error-context.md

    attachment #4: trace (application/zip) ─────────────────────────────────────────────────────────
    test-results/journeys-contact-journey-C-0fada-ontact-form-with-valid-data-chromium-retry1/trace.zip
    Usage:

        npx playwright show-trace test-results/journeys-contact-journey-C-0fada-ontact-form-with-valid-data-chromium-retry1/trace.zip

    ────────────────────────────────────────────────────────────────────────────────────────────────

  191) [chromium] › e2e/journeys/contact-journey.spec.ts:60:7 › Contact User Journey › should validate contact form data and show errors for invalid input 

    Error: page.goto: net::ERR_ABORTED at http://localhost:4000/contact
    Call log:
      - navigating to "http://localhost:4000/contact", waiting until "load"


      59 |
      60 |   test("should validate contact form data and show errors for invalid input", async ({ page }) => {
    > 61 |     await page.goto("/contact");
         |                ^
      62 |     await expect(page).toHaveURL(/.*\/contact/);
      63 |     
      64 |     // Arrange
        at /home/tbaltzakis/cloudless.gr/e2e/journeys/contact-journey.spec.ts:61:16

    attachment #1: video (video/webm) ──────────────────────────────────────────────────────────────
    test-results/journeys-contact-journey-C-9cb2e-ow-errors-for-invalid-input-chromium/video.webm
    ────────────────────────────────────────────────────────────────────────────────────────────────

    Error Context: test-results/journeys-contact-journey-C-9cb2e-ow-errors-for-invalid-input-chromium/error-context.md

    Retry #1 ───────────────────────────────────────────────────────────────────────────────────────

    Test timeout of 60000ms exceeded.

    Error: locator.click: Test timeout of 60000ms exceeded.
    Call log:
      - waiting for locator('form').locator('button:has-text("Send"), button:has-text("Submit"), button:has-text("Contact")').first()


      66 |     
      67 |     // Test with empty required fields
    > 68 |     await form.locator('button:has-text("Send"), button:has-text("Submit"), button:has-text("Contact")').first().click();
         |                                                                                                                  ^
      69 |     
      70 |     // Assert
      71 |     await page.waitForTimeout(1000);
        at /home/tbaltzakis/cloudless.gr/e2e/journeys/contact-journey.spec.ts:68:114

    attachment #1: screenshot (image/png) ──────────────────────────────────────────────────────────
    test-results/journeys-contact-journey-C-9cb2e-ow-errors-for-invalid-input-chromium-retry1/test-failed-1.png
    ────────────────────────────────────────────────────────────────────────────────────────────────

    attachment #2: video (video/webm) ──────────────────────────────────────────────────────────────
    test-results/journeys-contact-journey-C-9cb2e-ow-errors-for-invalid-input-chromium-retry1/video.webm
    ────────────────────────────────────────────────────────────────────────────────────────────────

    Error Context: test-results/journeys-contact-journey-C-9cb2e-ow-errors-for-invalid-input-chromium-retry1/error-context.md

    attachment #4: trace (application/zip) ─────────────────────────────────────────────────────────
    test-results/journeys-contact-journey-C-9cb2e-ow-errors-for-invalid-input-chromium-retry1/trace.zip
    Usage:

        npx playwright show-trace test-results/journeys-contact-journey-C-9cb2e-ow-errors-for-invalid-input-chromium-retry1/trace.zip

    ────────────────────────────────────────────────────────────────────────────────────────────────

  192) [chromium] › e2e/journeys/contact-journey.spec.ts:77:7 › Contact User Journey › should validate email format in contact form 

    Error: page.goto: net::ERR_ABORTED at http://localhost:4000/contact
    Call log:
      - navigating to "http://localhost:4000/contact", waiting until "load"


      76 |
      77 |   test("should validate email format in contact form", async ({ page }) => {
    > 78 |     await page.goto("/contact");
         |                ^
      79 |     await expect(page).toHaveURL(/.*\/contact/);
      80 |     
      81 |     // Arrange
        at /home/tbaltzakis/cloudless.gr/e2e/journeys/contact-journey.spec.ts:78:16

    attachment #1: video (video/webm) ──────────────────────────────────────────────────────────────
    test-results/journeys-contact-journey-C-47a90-mail-format-in-contact-form-chromium/video.webm
    ────────────────────────────────────────────────────────────────────────────────────────────────

    Error Context: test-results/journeys-contact-journey-C-47a90-mail-format-in-contact-form-chromium/error-context.md

    Retry #1 ───────────────────────────────────────────────────────────────────────────────────────

    Test timeout of 60000ms exceeded.

    Error: locator.fill: Test timeout of 60000ms exceeded.
    Call log:
      - waiting for locator('form').locator('input[name="name"], input[name="your-name"], input[name="fullname"]').first()


      81 |     // Arrange
      82 |     const form = page.locator('form');
    > 83 |     await form.locator('input[name="name"], input[name="your-name"], input[name="fullname"]').first().fill(`Test User ${Date.now()}`);
         |                                                                                                       ^
      84 |     await form.locator('input[name="email"], input[name="your-email"], input[name="email-address"]').first().fill(`invalid-email`);
      85 |     await form.locator('textarea[name="message"], textarea[name="your-message"], input[name="subject"]').first().fill(`Test message`);
      86 |     
        at /home/tbaltzakis/cloudless.gr/e2e/journeys/contact-journey.spec.ts:83:103

    attachment #1: screenshot (image/png) ──────────────────────────────────────────────────────────
    test-results/journeys-contact-journey-C-47a90-mail-format-in-contact-form-chromium-retry1/test-failed-1.png
    ────────────────────────────────────────────────────────────────────────────────────────────────

    attachment #2: video (video/webm) ──────────────────────────────────────────────────────────────
    test-results/journeys-contact-journey-C-47a90-mail-format-in-contact-form-chromium-retry1/video.webm
    ────────────────────────────────────────────────────────────────────────────────────────────────

    Error Context: test-results/journeys-contact-journey-C-47a90-mail-format-in-contact-form-chromium-retry1/error-context.md

    attachment #4: trace (application/zip) ─────────────────────────────────────────────────────────
    test-results/journeys-contact-journey-C-47a90-mail-format-in-contact-form-chromium-retry1/trace.zip
    Usage:

        npx playwright show-trace test-results/journeys-contact-journey-C-47a90-mail-format-in-contact-form-chromium-retry1/trace.zip

    ────────────────────────────────────────────────────────────────────────────────────────────────

  193) [chromium] › e2e/journeys/contact-journey.spec.ts:97:7 › Contact User Journey › should allow user to view contact information (phone, address, etc.) 

    Error: page.goto: net::ERR_ABORTED at http://localhost:4000/contact
    Call log:
      - navigating to "http://localhost:4000/contact", waiting until "load"


       96 |
       97 |   test("should allow user to view contact information (phone, address, etc.)", async ({ page }) => {
    >  98 |     await page.goto("/contact");
          |                ^
       99 |     await expect(page).toHaveURL(/.*\/contact/);
      100 |     
      101 |     // Look for contact info like phone, address, social links
        at /home/tbaltzakis/cloudless.gr/e2e/journeys/contact-journey.spec.ts:98:16

    attachment #1: video (video/webm) ──────────────────────────────────────────────────────────────
    test-results/journeys-contact-journey-C-d589f-ormation-phone-address-etc--chromium/video.webm
    ────────────────────────────────────────────────────────────────────────────────────────────────

    Error Context: test-results/journeys-contact-journey-C-d589f-ormation-phone-address-etc--chromium/error-context.md

    Retry #1 ───────────────────────────────────────────────────────────────────────────────────────

    Error: expect(locator).toBeVisible() failed

    Locator: locator('text=Phone, text=Call, text=Address, text=Location, text=Email, text=Follow us').first()
    Expected: visible
    Error: element(s) not found

    Call log:
      - Expect "toBeVisible" with timeout 20000ms
      - waiting for locator('text=Phone, text=Call, text=Address, text=Location, text=Email, text=Follow us').first()
      - Test ended.


      101 |     // Look for contact info like phone, address, social links
      102 |     const contactInfo = page.locator('text=Phone, text=Call, text=Address, text=Location, text=Email, text=Follow us');
    > 103 |     expect(contactInfo.first()).toBeVisible();
          |                                 ^
      104 |   });
      105 | });
        at /home/tbaltzakis/cloudless.gr/e2e/journeys/contact-journey.spec.ts:103:33

    attachment #1: screenshot (image/png) ──────────────────────────────────────────────────────────
    test-results/journeys-contact-journey-C-d589f-ormation-phone-address-etc--chromium-retry1/test-failed-1.png
    ────────────────────────────────────────────────────────────────────────────────────────────────

    Error Context: test-results/journeys-contact-journey-C-d589f-ormation-phone-address-etc--chromium-retry1/error-context.md

    attachment #3: video (video/webm) ──────────────────────────────────────────────────────────────
    test-results/journeys-contact-journey-C-d589f-ormation-phone-address-etc--chromium-retry1/video.webm
    ────────────────────────────────────────────────────────────────────────────────────────────────

    attachment #4: trace (application/zip) ─────────────────────────────────────────────────────────
    test-results/journeys-contact-journey-C-d589f-ormation-phone-address-etc--chromium-retry1/trace.zip
    Usage:

        npx playwright show-trace test-results/journeys-contact-journey-C-d589f-ormation-phone-address-etc--chromium-retry1/trace.zip

    ────────────────────────────────────────────────────────────────────────────────────────────────

  194) [chromium] › e2e/k3s/ecr-images.spec.ts:42:7 › ECR / container image health › Pi origin responds with the app's CSP (not a default nginx/k3s page) 

    Error: Pi origin missing CSP — serving default page instead of the app?

    expect(received).toContain(expected) // indexOf

    Expected substring: "frame-ancestors"
    Received string:    ""

      46 |     });
      47 |     const csp = r.headers()["content-security-policy"] ?? "";
    > 48 |     expect(csp, "Pi origin missing CSP — serving default page instead of the app?").toContain("frame-ancestors");
         |                                                                                     ^
      49 |   });
      50 | });
      51 |
        at /home/tbaltzakis/cloudless.gr/e2e/k3s/ecr-images.spec.ts:48:85

    attachment #1: screenshot (image/png) ──────────────────────────────────────────────────────────
    test-results/k3s-ecr-images-ECR-contain-cbc32-t-a-default-nginx-k3s-page--chromium/test-failed-1.png
    ────────────────────────────────────────────────────────────────────────────────────────────────

    attachment #2: video (video/webm) ──────────────────────────────────────────────────────────────
    test-results/k3s-ecr-images-ECR-contain-cbc32-t-a-default-nginx-k3s-page--chromium/video.webm
    ────────────────────────────────────────────────────────────────────────────────────────────────

    Error Context: test-results/k3s-ecr-images-ECR-contain-cbc32-t-a-default-nginx-k3s-page--chromium/error-context.md

    Retry #1 ───────────────────────────────────────────────────────────────────────────────────────

    Error: Pi origin missing CSP — serving default page instead of the app?

    expect(received).toContain(expected) // indexOf

    Expected substring: "frame-ancestors"
    Received string:    ""

      46 |     });
      47 |     const csp = r.headers()["content-security-policy"] ?? "";
    > 48 |     expect(csp, "Pi origin missing CSP — serving default page instead of the app?").toContain("frame-ancestors");
         |                                                                                     ^
      49 |   });
      50 | });
      51 |
        at /home/tbaltzakis/cloudless.gr/e2e/k3s/ecr-images.spec.ts:48:85

    attachment #1: screenshot (image/png) ──────────────────────────────────────────────────────────
    test-results/k3s-ecr-images-ECR-contain-cbc32-t-a-default-nginx-k3s-page--chromium-retry1/test-failed-1.png
    ────────────────────────────────────────────────────────────────────────────────────────────────

    attachment #2: video (video/webm) ──────────────────────────────────────────────────────────────
    test-results/k3s-ecr-images-ECR-contain-cbc32-t-a-default-nginx-k3s-page--chromium-retry1/video.webm
    ────────────────────────────────────────────────────────────────────────────────────────────────

    Error Context: test-results/k3s-ecr-images-ECR-contain-cbc32-t-a-default-nginx-k3s-page--chromium-retry1/error-context.md

    attachment #4: trace (application/zip) ─────────────────────────────────────────────────────────
    test-results/k3s-ecr-images-ECR-contain-cbc32-t-a-default-nginx-k3s-page--chromium-retry1/trace.zip
    Usage:

        npx playwright show-trace test-results/k3s-ecr-images-ECR-contain-cbc32-t-a-default-nginx-k3s-page--chromium-retry1/trace.zip

    ────────────────────────────────────────────────────────────────────────────────────────────────

  195) [chromium] › e2e/k3s/i18n-routes.spec.ts:30:7 › k3s i18n › / root redirects to a locale-prefixed path 

    Error: expect(received).toMatch(expected)

    Expected pattern: /\/(en|el|fr)(\/|$)/
    Received string:  "http://localhost:4000/"

      31 |     const r = await page.goto("/", { waitUntil: "domcontentloaded" });
      32 |     expect(r?.status()).toBeLessThan(400);
    > 33 |     expect(page.url()).toMatch(/\/(en|el|fr)(\/|$)/);
         |                        ^
      34 |   });
      35 |
      36 |   test("unknown locale returns 404 (not silently routed)", async ({ request }) => {
        at /home/tbaltzakis/cloudless.gr/e2e/k3s/i18n-routes.spec.ts:33:24

    attachment #1: screenshot (image/png) ──────────────────────────────────────────────────────────
    test-results/k3s-i18n-routes-k3s-i18n-r-bc3ae-s-to-a-locale-prefixed-path-chromium/test-failed-1.png
    ────────────────────────────────────────────────────────────────────────────────────────────────

    attachment #2: video (video/webm) ──────────────────────────────────────────────────────────────
    test-results/k3s-i18n-routes-k3s-i18n-r-bc3ae-s-to-a-locale-prefixed-path-chromium/video.webm
    ────────────────────────────────────────────────────────────────────────────────────────────────

    Error Context: test-results/k3s-i18n-routes-k3s-i18n-r-bc3ae-s-to-a-locale-prefixed-path-chromium/error-context.md

    Retry #1 ───────────────────────────────────────────────────────────────────────────────────────

    Error: expect(received).toMatch(expected)

    Expected pattern: /\/(en|el|fr)(\/|$)/
    Received string:  "http://localhost:4000/"

      31 |     const r = await page.goto("/", { waitUntil: "domcontentloaded" });
      32 |     expect(r?.status()).toBeLessThan(400);
    > 33 |     expect(page.url()).toMatch(/\/(en|el|fr)(\/|$)/);
         |                        ^
      34 |   });
      35 |
      36 |   test("unknown locale returns 404 (not silently routed)", async ({ request }) => {
        at /home/tbaltzakis/cloudless.gr/e2e/k3s/i18n-routes.spec.ts:33:24

    attachment #1: screenshot (image/png) ──────────────────────────────────────────────────────────
    test-results/k3s-i18n-routes-k3s-i18n-r-bc3ae-s-to-a-locale-prefixed-path-chromium-retry1/test-failed-1.png
    ────────────────────────────────────────────────────────────────────────────────────────────────

    attachment #2: video (video/webm) ──────────────────────────────────────────────────────────────
    test-results/k3s-i18n-routes-k3s-i18n-r-bc3ae-s-to-a-locale-prefixed-path-chromium-retry1/video.webm
    ────────────────────────────────────────────────────────────────────────────────────────────────

    Error Context: test-results/k3s-i18n-routes-k3s-i18n-r-bc3ae-s-to-a-locale-prefixed-path-chromium-retry1/error-context.md

    attachment #4: trace (application/zip) ─────────────────────────────────────────────────────────
    test-results/k3s-i18n-routes-k3s-i18n-r-bc3ae-s-to-a-locale-prefixed-path-chromium-retry1/trace.zip
    Usage:

        npx playwright show-trace test-results/k3s-i18n-routes-k3s-i18n-r-bc3ae-s-to-a-locale-prefixed-path-chromium-retry1/trace.zip

    ────────────────────────────────────────────────────────────────────────────────────────────────

  196) [chromium] › e2e/k3s/security-headers.spec.ts:26:7 › k3s security headers › X-Frame-Options DENY 

    Error: expect(received).toBe(expected) // Object.is equality

    Expected: "DENY"
    Received: undefined

      26 |   test("X-Frame-Options DENY", async ({ request }) => {
      27 |     const r = await request.get(URL);
    > 28 |     expect(r.headers()["x-frame-options"]).toBe("DENY");
         |                                            ^
      29 |   });
      30 |
      31 |   test("Referrer-Policy strict", async ({ request }) => {
        at /home/tbaltzakis/cloudless.gr/e2e/k3s/security-headers.spec.ts:28:44

    attachment #1: screenshot (image/png) ──────────────────────────────────────────────────────────
    test-results/k3s-security-headers-k3s-s-7568b-eaders-X-Frame-Options-DENY-chromium/test-failed-1.png
    ────────────────────────────────────────────────────────────────────────────────────────────────

    attachment #2: video (video/webm) ──────────────────────────────────────────────────────────────
    test-results/k3s-security-headers-k3s-s-7568b-eaders-X-Frame-Options-DENY-chromium/video.webm
    ────────────────────────────────────────────────────────────────────────────────────────────────

    Error Context: test-results/k3s-security-headers-k3s-s-7568b-eaders-X-Frame-Options-DENY-chromium/error-context.md

    Retry #1 ───────────────────────────────────────────────────────────────────────────────────────

    Error: expect(received).toBe(expected) // Object.is equality

    Expected: "DENY"
    Received: undefined

      26 |   test("X-Frame-Options DENY", async ({ request }) => {
      27 |     const r = await request.get(URL);
    > 28 |     expect(r.headers()["x-frame-options"]).toBe("DENY");
         |                                            ^
      29 |   });
      30 |
      31 |   test("Referrer-Policy strict", async ({ request }) => {
        at /home/tbaltzakis/cloudless.gr/e2e/k3s/security-headers.spec.ts:28:44

    attachment #1: screenshot (image/png) ──────────────────────────────────────────────────────────
    test-results/k3s-security-headers-k3s-s-7568b-eaders-X-Frame-Options-DENY-chromium-retry1/test-failed-1.png
    ────────────────────────────────────────────────────────────────────────────────────────────────

    attachment #2: video (video/webm) ──────────────────────────────────────────────────────────────
    test-results/k3s-security-headers-k3s-s-7568b-eaders-X-Frame-Options-DENY-chromium-retry1/video.webm
    ────────────────────────────────────────────────────────────────────────────────────────────────

    Error Context: test-results/k3s-security-headers-k3s-s-7568b-eaders-X-Frame-Options-DENY-chromium-retry1/error-context.md

    attachment #4: trace (application/zip) ─────────────────────────────────────────────────────────
    test-results/k3s-security-headers-k3s-s-7568b-eaders-X-Frame-Options-DENY-chromium-retry1/trace.zip
    Usage:

        npx playwright show-trace test-results/k3s-security-headers-k3s-s-7568b-eaders-X-Frame-Options-DENY-chromium-retry1/trace.zip

    ────────────────────────────────────────────────────────────────────────────────────────────────

  197) [chromium] › e2e/k3s/security-headers.spec.ts:31:7 › k3s security headers › Referrer-Policy strict 

    Error: expect(received).toBe(expected) // Object.is equality

    Expected: "strict-origin-when-cross-origin"
    Received: undefined

      31 |   test("Referrer-Policy strict", async ({ request }) => {
      32 |     const r = await request.get(URL);
    > 33 |     expect(r.headers()["referrer-policy"]).toBe("strict-origin-when-cross-origin");
         |                                            ^
      34 |   });
      35 |
      36 |   test("Permissions-Policy locks dangerous APIs", async ({ request }) => {
        at /home/tbaltzakis/cloudless.gr/e2e/k3s/security-headers.spec.ts:33:44

    attachment #1: screenshot (image/png) ──────────────────────────────────────────────────────────
    test-results/k3s-security-headers-k3s-s-f0405-ders-Referrer-Policy-strict-chromium/test-failed-1.png
    ────────────────────────────────────────────────────────────────────────────────────────────────

    attachment #2: video (video/webm) ──────────────────────────────────────────────────────────────
    test-results/k3s-security-headers-k3s-s-f0405-ders-Referrer-Policy-strict-chromium/video.webm
    ────────────────────────────────────────────────────────────────────────────────────────────────

    Error Context: test-results/k3s-security-headers-k3s-s-f0405-ders-Referrer-Policy-strict-chromium/error-context.md

    Retry #1 ───────────────────────────────────────────────────────────────────────────────────────

    Error: expect(received).toBe(expected) // Object.is equality

    Expected: "strict-origin-when-cross-origin"
    Received: undefined

      31 |   test("Referrer-Policy strict", async ({ request }) => {
      32 |     const r = await request.get(URL);
    > 33 |     expect(r.headers()["referrer-policy"]).toBe("strict-origin-when-cross-origin");
         |                                            ^
      34 |   });
      35 |
      36 |   test("Permissions-Policy locks dangerous APIs", async ({ request }) => {
        at /home/tbaltzakis/cloudless.gr/e2e/k3s/security-headers.spec.ts:33:44

    attachment #1: screenshot (image/png) ──────────────────────────────────────────────────────────
    test-results/k3s-security-headers-k3s-s-f0405-ders-Referrer-Policy-strict-chromium-retry1/test-failed-1.png
    ────────────────────────────────────────────────────────────────────────────────────────────────

    attachment #2: video (video/webm) ──────────────────────────────────────────────────────────────
    test-results/k3s-security-headers-k3s-s-f0405-ders-Referrer-Policy-strict-chromium-retry1/video.webm
    ────────────────────────────────────────────────────────────────────────────────────────────────

    Error Context: test-results/k3s-security-headers-k3s-s-f0405-ders-Referrer-Policy-strict-chromium-retry1/error-context.md

    attachment #4: trace (application/zip) ─────────────────────────────────────────────────────────
    test-results/k3s-security-headers-k3s-s-f0405-ders-Referrer-Policy-strict-chromium-retry1/trace.zip
    Usage:

        npx playwright show-trace test-results/k3s-security-headers-k3s-s-f0405-ders-Referrer-Policy-strict-chromium-retry1/trace.zip

    ────────────────────────────────────────────────────────────────────────────────────────────────

  198) [chromium] › e2e/k3s/security-headers.spec.ts:36:7 › k3s security headers › Permissions-Policy locks dangerous APIs 

    Error: expect(received).toContain(expected) // indexOf

    Expected substring: "camera=()"
    Received string:    ""

      37 |     const r = await request.get(URL);
      38 |     const pp = r.headers()["permissions-policy"] ?? "";
    > 39 |     expect(pp).toContain("camera=()");
         |                ^
      40 |     expect(pp).toContain("microphone=()");
      41 |     expect(pp).toContain("geolocation=()");
      42 |   });
        at /home/tbaltzakis/cloudless.gr/e2e/k3s/security-headers.spec.ts:39:16

    attachment #1: screenshot (image/png) ──────────────────────────────────────────────────────────
    test-results/k3s-security-headers-k3s-s-01510-Policy-locks-dangerous-APIs-chromium/test-failed-1.png
    ────────────────────────────────────────────────────────────────────────────────────────────────

    attachment #2: video (video/webm) ──────────────────────────────────────────────────────────────
    test-results/k3s-security-headers-k3s-s-01510-Policy-locks-dangerous-APIs-chromium/video.webm
    ────────────────────────────────────────────────────────────────────────────────────────────────

    Error Context: test-results/k3s-security-headers-k3s-s-01510-Policy-locks-dangerous-APIs-chromium/error-context.md

    Retry #1 ───────────────────────────────────────────────────────────────────────────────────────

    Error: expect(received).toContain(expected) // indexOf

    Expected substring: "camera=()"
    Received string:    ""

      37 |     const r = await request.get(URL);
      38 |     const pp = r.headers()["permissions-policy"] ?? "";
    > 39 |     expect(pp).toContain("camera=()");
         |                ^
      40 |     expect(pp).toContain("microphone=()");
      41 |     expect(pp).toContain("geolocation=()");
      42 |   });
        at /home/tbaltzakis/cloudless.gr/e2e/k3s/security-headers.spec.ts:39:16

    attachment #1: screenshot (image/png) ──────────────────────────────────────────────────────────
    test-results/k3s-security-headers-k3s-s-01510-Policy-locks-dangerous-APIs-chromium-retry1/test-failed-1.png
    ────────────────────────────────────────────────────────────────────────────────────────────────

    attachment #2: video (video/webm) ──────────────────────────────────────────────────────────────
    test-results/k3s-security-headers-k3s-s-01510-Policy-locks-dangerous-APIs-chromium-retry1/video.webm
    ────────────────────────────────────────────────────────────────────────────────────────────────

    Error Context: test-results/k3s-security-headers-k3s-s-01510-Policy-locks-dangerous-APIs-chromium-retry1/error-context.md

    attachment #4: trace (application/zip) ─────────────────────────────────────────────────────────
    test-results/k3s-security-headers-k3s-s-01510-Policy-locks-dangerous-APIs-chromium-retry1/trace.zip
    Usage:

        npx playwright show-trace test-results/k3s-security-headers-k3s-s-01510-Policy-locks-dangerous-APIs-chromium-retry1/trace.zip

    ────────────────────────────────────────────────────────────────────────────────────────────────

  199) [chromium] › e2e/k3s/security-headers.spec.ts:44:7 › k3s security headers › CSP (enforced) is set with required directives 

    Error: expected Content-Security-Policy header

    expect(received).toBeGreaterThan(expected)

    Expected: > 0
    Received:   0

      45 |     const r = await request.get(URL);
      46 |     const csp = r.headers()["content-security-policy"] ?? "";
    > 47 |     expect(csp.length, "expected Content-Security-Policy header").toBeGreaterThan(0);
         |                                                                   ^
      48 |     // Stamp a few known directives — these are pinned to the app's source
      49 |     // and would change only on a deliberate CSP edit.
      50 |     expect(csp).toContain("frame-ancestors 'none'");
        at /home/tbaltzakis/cloudless.gr/e2e/k3s/security-headers.spec.ts:47:67

    attachment #1: screenshot (image/png) ──────────────────────────────────────────────────────────
    test-results/k3s-security-headers-k3s-s-84a84-et-with-required-directives-chromium/test-failed-1.png
    ────────────────────────────────────────────────────────────────────────────────────────────────

    attachment #2: video (video/webm) ──────────────────────────────────────────────────────────────
    test-results/k3s-security-headers-k3s-s-84a84-et-with-required-directives-chromium/video.webm
    ────────────────────────────────────────────────────────────────────────────────────────────────

    Error Context: test-results/k3s-security-headers-k3s-s-84a84-et-with-required-directives-chromium/error-context.md

    Retry #1 ───────────────────────────────────────────────────────────────────────────────────────

    Error: expected Content-Security-Policy header

    expect(received).toBeGreaterThan(expected)

    Expected: > 0
    Received:   0

      45 |     const r = await request.get(URL);
      46 |     const csp = r.headers()["content-security-policy"] ?? "";
    > 47 |     expect(csp.length, "expected Content-Security-Policy header").toBeGreaterThan(0);
         |                                                                   ^
      48 |     // Stamp a few known directives — these are pinned to the app's source
      49 |     // and would change only on a deliberate CSP edit.
      50 |     expect(csp).toContain("frame-ancestors 'none'");
        at /home/tbaltzakis/cloudless.gr/e2e/k3s/security-headers.spec.ts:47:67

    attachment #1: screenshot (image/png) ──────────────────────────────────────────────────────────
    test-results/k3s-security-headers-k3s-s-84a84-et-with-required-directives-chromium-retry1/test-failed-1.png
    ────────────────────────────────────────────────────────────────────────────────────────────────

    attachment #2: video (video/webm) ──────────────────────────────────────────────────────────────
    test-results/k3s-security-headers-k3s-s-84a84-et-with-required-directives-chromium-retry1/video.webm
    ────────────────────────────────────────────────────────────────────────────────────────────────

    Error Context: test-results/k3s-security-headers-k3s-s-84a84-et-with-required-directives-chromium-retry1/error-context.md

    attachment #4: trace (application/zip) ─────────────────────────────────────────────────────────
    test-results/k3s-security-headers-k3s-s-84a84-et-with-required-directives-chromium-retry1/trace.zip
    Usage:

        npx playwright show-trace test-results/k3s-security-headers-k3s-s-84a84-et-with-required-directives-chromium-retry1/trace.zip

    ────────────────────────────────────────────────────────────────────────────────────────────────

  200) [chromium] › e2e/k3s/smoke.spec.ts:18:7 › k3s smoke › response carries expected security headers 

    Error: expect(received).toBe(expected) // Object.is equality

    Expected: "DENY"
    Received: undefined

      20 |     expect(r.headers["strict-transport-security"]).toBeTruthy();
      21 |     expect(r.headers["x-content-type-options"]).toBe("nosniff");
    > 22 |     expect(r.headers["x-frame-options"]).toBe("DENY");
         |                                          ^
      23 |     expect(r.headers["referrer-policy"]).toBe("strict-origin-when-cross-origin");
      24 |     expect(r.headers["permissions-policy"]).toContain("camera=()");
      25 |   });
        at /home/tbaltzakis/cloudless.gr/e2e/k3s/smoke.spec.ts:22:42

    attachment #1: screenshot (image/png) ──────────────────────────────────────────────────────────
    test-results/k3s-smoke-k3s-smoke-respon-c57a5-s-expected-security-headers-chromium/test-failed-1.png
    ────────────────────────────────────────────────────────────────────────────────────────────────

    attachment #2: video (video/webm) ──────────────────────────────────────────────────────────────
    test-results/k3s-smoke-k3s-smoke-respon-c57a5-s-expected-security-headers-chromium/video.webm
    ────────────────────────────────────────────────────────────────────────────────────────────────

    Error Context: test-results/k3s-smoke-k3s-smoke-respon-c57a5-s-expected-security-headers-chromium/error-context.md

    Retry #1 ───────────────────────────────────────────────────────────────────────────────────────

    Error: expect(received).toBe(expected) // Object.is equality

    Expected: "DENY"
    Received: undefined

      20 |     expect(r.headers["strict-transport-security"]).toBeTruthy();
      21 |     expect(r.headers["x-content-type-options"]).toBe("nosniff");
    > 22 |     expect(r.headers["x-frame-options"]).toBe("DENY");
         |                                          ^
      23 |     expect(r.headers["referrer-policy"]).toBe("strict-origin-when-cross-origin");
      24 |     expect(r.headers["permissions-policy"]).toContain("camera=()");
      25 |   });
        at /home/tbaltzakis/cloudless.gr/e2e/k3s/smoke.spec.ts:22:42

    attachment #1: screenshot (image/png) ──────────────────────────────────────────────────────────
    test-results/k3s-smoke-k3s-smoke-respon-c57a5-s-expected-security-headers-chromium-retry1/test-failed-1.png
    ────────────────────────────────────────────────────────────────────────────────────────────────

    attachment #2: video (video/webm) ──────────────────────────────────────────────────────────────
    test-results/k3s-smoke-k3s-smoke-respon-c57a5-s-expected-security-headers-chromium-retry1/video.webm
    ────────────────────────────────────────────────────────────────────────────────────────────────

    Error Context: test-results/k3s-smoke-k3s-smoke-respon-c57a5-s-expected-security-headers-chromium-retry1/error-context.md

    attachment #4: trace (application/zip) ─────────────────────────────────────────────────────────
    test-results/k3s-smoke-k3s-smoke-respon-c57a5-s-expected-security-headers-chromium-retry1/trace.zip
    Usage:

        npx playwright show-trace test-results/k3s-smoke-k3s-smoke-respon-c57a5-s-expected-security-headers-chromium-retry1/trace.zip

    ────────────────────────────────────────────────────────────────────────────────────────────────

  201) [chromium] › e2e/k3s/smoke.spec.ts:27:7 › k3s smoke › response signature is the cloudless.gr Next.js app 

    Error: expected app's CSP; got something else (proxy/LB error page?)

    expect(received).toBe(expected) // Object.is equality

    Expected: true
    Received: false

      30 |       isLikelyAppResponse(r.headers),
      31 |       "expected app's CSP; got something else (proxy/LB error page?)",
    > 32 |     ).toBe(true);
         |       ^
      33 |   });
      34 |
      35 |   test("homepage loads (i18n redirect to /en|/el|/fr)", async ({ page }) => {
        at /home/tbaltzakis/cloudless.gr/e2e/k3s/smoke.spec.ts:32:7

    attachment #1: screenshot (image/png) ──────────────────────────────────────────────────────────
    test-results/k3s-smoke-k3s-smoke-respon-c6e5b-he-cloudless-gr-Next-js-app-chromium/test-failed-1.png
    ────────────────────────────────────────────────────────────────────────────────────────────────

    attachment #2: video (video/webm) ──────────────────────────────────────────────────────────────
    test-results/k3s-smoke-k3s-smoke-respon-c6e5b-he-cloudless-gr-Next-js-app-chromium/video.webm
    ────────────────────────────────────────────────────────────────────────────────────────────────

    Error Context: test-results/k3s-smoke-k3s-smoke-respon-c6e5b-he-cloudless-gr-Next-js-app-chromium/error-context.md

    Retry #1 ───────────────────────────────────────────────────────────────────────────────────────

    Error: expected app's CSP; got something else (proxy/LB error page?)

    expect(received).toBe(expected) // Object.is equality

    Expected: true
    Received: false

      30 |       isLikelyAppResponse(r.headers),
      31 |       "expected app's CSP; got something else (proxy/LB error page?)",
    > 32 |     ).toBe(true);
         |       ^
      33 |   });
      34 |
      35 |   test("homepage loads (i18n redirect to /en|/el|/fr)", async ({ page }) => {
        at /home/tbaltzakis/cloudless.gr/e2e/k3s/smoke.spec.ts:32:7

    attachment #1: screenshot (image/png) ──────────────────────────────────────────────────────────
    test-results/k3s-smoke-k3s-smoke-respon-c6e5b-he-cloudless-gr-Next-js-app-chromium-retry1/test-failed-1.png
    ────────────────────────────────────────────────────────────────────────────────────────────────

    attachment #2: video (video/webm) ──────────────────────────────────────────────────────────────
    test-results/k3s-smoke-k3s-smoke-respon-c6e5b-he-cloudless-gr-Next-js-app-chromium-retry1/video.webm
    ────────────────────────────────────────────────────────────────────────────────────────────────

    Error Context: test-results/k3s-smoke-k3s-smoke-respon-c6e5b-he-cloudless-gr-Next-js-app-chromium-retry1/error-context.md

    attachment #4: trace (application/zip) ─────────────────────────────────────────────────────────
    test-results/k3s-smoke-k3s-smoke-respon-c6e5b-he-cloudless-gr-Next-js-app-chromium-retry1/trace.zip
    Usage:

        npx playwright show-trace test-results/k3s-smoke-k3s-smoke-respon-c6e5b-he-cloudless-gr-Next-js-app-chromium-retry1/trace.zip

    ────────────────────────────────────────────────────────────────────────────────────────────────

  202) [chromium] › e2e/k3s/smoke.spec.ts:35:7 › k3s smoke › homepage loads (i18n redirect to /en|/el|/fr) 

    Error: expect(received).toMatch(expected)

    Expected pattern: /\/(en|el|fr)(\/|$)/
    Received string:  "http://localhost:4000/"

      37 |     expect(r?.status(), "homepage navigation must succeed").toBeLessThan(400);
      38 |     // After i18n redirect, URL should land on a locale-prefixed path.
    > 39 |     expect(page.url()).toMatch(/\/(en|el|fr)(\/|$)/);
         |                        ^
      40 |   });
      41 |
      42 |   test("standby front door resolves to AWS range, not Pi LAN", async ({ request }) => {
        at /home/tbaltzakis/cloudless.gr/e2e/k3s/smoke.spec.ts:39:24

    attachment #1: screenshot (image/png) ──────────────────────────────────────────────────────────
    test-results/k3s-smoke-k3s-smoke-homepa-1129f--i18n-redirect-to-en-el-fr--chromium/test-failed-1.png
    ────────────────────────────────────────────────────────────────────────────────────────────────

    attachment #2: video (video/webm) ──────────────────────────────────────────────────────────────
    test-results/k3s-smoke-k3s-smoke-homepa-1129f--i18n-redirect-to-en-el-fr--chromium/video.webm
    ────────────────────────────────────────────────────────────────────────────────────────────────

    Error Context: test-results/k3s-smoke-k3s-smoke-homepa-1129f--i18n-redirect-to-en-el-fr--chromium/error-context.md

    Retry #1 ───────────────────────────────────────────────────────────────────────────────────────

    Error: expect(received).toMatch(expected)

    Expected pattern: /\/(en|el|fr)(\/|$)/
    Received string:  "http://localhost:4000/"

      37 |     expect(r?.status(), "homepage navigation must succeed").toBeLessThan(400);
      38 |     // After i18n redirect, URL should land on a locale-prefixed path.
    > 39 |     expect(page.url()).toMatch(/\/(en|el|fr)(\/|$)/);
         |                        ^
      40 |   });
      41 |
      42 |   test("standby front door resolves to AWS range, not Pi LAN", async ({ request }) => {
        at /home/tbaltzakis/cloudless.gr/e2e/k3s/smoke.spec.ts:39:24

    attachment #1: screenshot (image/png) ──────────────────────────────────────────────────────────
    test-results/k3s-smoke-k3s-smoke-homepa-1129f--i18n-redirect-to-en-el-fr--chromium-retry1/test-failed-1.png
    ────────────────────────────────────────────────────────────────────────────────────────────────

    attachment #2: video (video/webm) ──────────────────────────────────────────────────────────────
    test-results/k3s-smoke-k3s-smoke-homepa-1129f--i18n-redirect-to-en-el-fr--chromium-retry1/video.webm
    ────────────────────────────────────────────────────────────────────────────────────────────────

    Error Context: test-results/k3s-smoke-k3s-smoke-homepa-1129f--i18n-redirect-to-en-el-fr--chromium-retry1/error-context.md

    attachment #4: trace (application/zip) ─────────────────────────────────────────────────────────
    test-results/k3s-smoke-k3s-smoke-homepa-1129f--i18n-redirect-to-en-el-fr--chromium-retry1/trace.zip
    Usage:

        npx playwright show-trace test-results/k3s-smoke-k3s-smoke-homepa-1129f--i18n-redirect-to-en-el-fr--chromium-retry1/trace.zip

    ────────────────────────────────────────────────────────────────────────────────────────────────

  203) [chromium] › e2e/migrated/admin-api.spec.ts:37:9 › Admin API — auth-gated mounted routes › GET /api/admin/notion/blog rejects unauthenticated requests with 401/403 

    Error: expect(received).toContain(expected) // indexOf

    Expected value: 404
    Received array: [401, 403]

      37 |     test(`GET ${route} rejects unauthenticated requests with 401/403`, async ({ request }) => {
      38 |       const r = await request.get(route);
    > 39 |       expect([401, 403]).toContain(r.status());
         |                          ^
      40 |     });
      41 |   }
      42 | });
        at /home/tbaltzakis/cloudless.gr/e2e/migrated/admin-api.spec.ts:39:26

    Error Context: test-results/migrated-admin-api-Admin-A-f67a7-cated-requests-with-401-403-chromium/error-context.md

    Retry #1 ───────────────────────────────────────────────────────────────────────────────────────

    Error: expect(received).toContain(expected) // indexOf

    Expected value: 404
    Received array: [401, 403]

      37 |     test(`GET ${route} rejects unauthenticated requests with 401/403`, async ({ request }) => {
      38 |       const r = await request.get(route);
    > 39 |       expect([401, 403]).toContain(r.status());
         |                          ^
      40 |     });
      41 |   }
      42 | });
        at /home/tbaltzakis/cloudless.gr/e2e/migrated/admin-api.spec.ts:39:26

    Error Context: test-results/migrated-admin-api-Admin-A-f67a7-cated-requests-with-401-403-chromium-retry1/error-context.md

    attachment #2: trace (application/zip) ─────────────────────────────────────────────────────────
    test-results/migrated-admin-api-Admin-A-f67a7-cated-requests-with-401-403-chromium-retry1/trace.zip
    Usage:

        npx playwright show-trace test-results/migrated-admin-api-Admin-A-f67a7-cated-requests-with-401-403-chromium-retry1/trace.zip

    ────────────────────────────────────────────────────────────────────────────────────────────────

  204) [chromium] › e2e/migrated/admin-api.spec.ts:37:9 › Admin API — auth-gated mounted routes › GET /api/admin/notion/docs rejects unauthenticated requests with 401/403 

    Error: expect(received).toContain(expected) // indexOf

    Expected value: 404
    Received array: [401, 403]

      37 |     test(`GET ${route} rejects unauthenticated requests with 401/403`, async ({ request }) => {
      38 |       const r = await request.get(route);
    > 39 |       expect([401, 403]).toContain(r.status());
         |                          ^
      40 |     });
      41 |   }
      42 | });
        at /home/tbaltzakis/cloudless.gr/e2e/migrated/admin-api.spec.ts:39:26

    Error Context: test-results/migrated-admin-api-Admin-A-e38d2-cated-requests-with-401-403-chromium/error-context.md

    Retry #1 ───────────────────────────────────────────────────────────────────────────────────────

    Error: expect(received).toContain(expected) // indexOf

    Expected value: 404
    Received array: [401, 403]

      37 |     test(`GET ${route} rejects unauthenticated requests with 401/403`, async ({ request }) => {
      38 |       const r = await request.get(route);
    > 39 |       expect([401, 403]).toContain(r.status());
         |                          ^
      40 |     });
      41 |   }
      42 | });
        at /home/tbaltzakis/cloudless.gr/e2e/migrated/admin-api.spec.ts:39:26

    Error Context: test-results/migrated-admin-api-Admin-A-e38d2-cated-requests-with-401-403-chromium-retry1/error-context.md

    attachment #2: trace (application/zip) ─────────────────────────────────────────────────────────
    test-results/migrated-admin-api-Admin-A-e38d2-cated-requests-with-401-403-chromium-retry1/trace.zip
    Usage:

        npx playwright show-trace test-results/migrated-admin-api-Admin-A-e38d2-cated-requests-with-401-403-chromium-retry1/trace.zip

    ────────────────────────────────────────────────────────────────────────────────────────────────

  205) [chromium] › e2e/migrated/admin-api.spec.ts:37:9 › Admin API — auth-gated mounted routes › GET /api/admin/notion/submissions rejects unauthenticated requests with 401/403 

    Error: expect(received).toContain(expected) // indexOf

    Expected value: 200
    Received array: [401, 403]

      37 |     test(`GET ${route} rejects unauthenticated requests with 401/403`, async ({ request }) => {
      38 |       const r = await request.get(route);
    > 39 |       expect([401, 403]).toContain(r.status());
         |                          ^
      40 |     });
      41 |   }
      42 | });
        at /home/tbaltzakis/cloudless.gr/e2e/migrated/admin-api.spec.ts:39:26

    Error Context: test-results/migrated-admin-api-Admin-A-2677d-cated-requests-with-401-403-chromium/error-context.md

    Retry #1 ───────────────────────────────────────────────────────────────────────────────────────

    Error: expect(received).toContain(expected) // indexOf

    Expected value: 200
    Received array: [401, 403]

      37 |     test(`GET ${route} rejects unauthenticated requests with 401/403`, async ({ request }) => {
      38 |       const r = await request.get(route);
    > 39 |       expect([401, 403]).toContain(r.status());
         |                          ^
      40 |     });
      41 |   }
      42 | });
        at /home/tbaltzakis/cloudless.gr/e2e/migrated/admin-api.spec.ts:39:26

    Error Context: test-results/migrated-admin-api-Admin-A-2677d-cated-requests-with-401-403-chromium-retry1/error-context.md

    attachment #2: trace (application/zip) ─────────────────────────────────────────────────────────
    test-results/migrated-admin-api-Admin-A-2677d-cated-requests-with-401-403-chromium-retry1/trace.zip
    Usage:

        npx playwright show-trace test-results/migrated-admin-api-Admin-A-2677d-cated-requests-with-401-403-chromium-retry1/trace.zip

    ────────────────────────────────────────────────────────────────────────────────────────────────

  206) [chromium] › e2e/migrated/admin-api.spec.ts:37:9 › Admin API — auth-gated mounted routes › GET /api/admin/notion/tasks rejects unauthenticated requests with 401/403 

    Error: expect(received).toContain(expected) // indexOf

    Expected value: 200
    Received array: [401, 403]

      37 |     test(`GET ${route} rejects unauthenticated requests with 401/403`, async ({ request }) => {
      38 |       const r = await request.get(route);
    > 39 |       expect([401, 403]).toContain(r.status());
         |                          ^
      40 |     });
      41 |   }
      42 | });
        at /home/tbaltzakis/cloudless.gr/e2e/migrated/admin-api.spec.ts:39:26

    Error Context: test-results/migrated-admin-api-Admin-A-17cbe-cated-requests-with-401-403-chromium/error-context.md

    Retry #1 ───────────────────────────────────────────────────────────────────────────────────────

    Error: expect(received).toContain(expected) // indexOf

    Expected value: 200
    Received array: [401, 403]

      37 |     test(`GET ${route} rejects unauthenticated requests with 401/403`, async ({ request }) => {
      38 |       const r = await request.get(route);
    > 39 |       expect([401, 403]).toContain(r.status());
         |                          ^
      40 |     });
      41 |   }
      42 | });
        at /home/tbaltzakis/cloudless.gr/e2e/migrated/admin-api.spec.ts:39:26

    Error Context: test-results/migrated-admin-api-Admin-A-17cbe-cated-requests-with-401-403-chromium-retry1/error-context.md

    attachment #2: trace (application/zip) ─────────────────────────────────────────────────────────
    test-results/migrated-admin-api-Admin-A-17cbe-cated-requests-with-401-403-chromium-retry1/trace.zip
    Usage:

        npx playwright show-trace test-results/migrated-admin-api-Admin-A-17cbe-cated-requests-with-401-403-chromium-retry1/trace.zip

    ────────────────────────────────────────────────────────────────────────────────────────────────

  207) [chromium] › e2e/migrated/i18n-branches.spec.ts:50:7 › Locale negotiation branches › HTML lang attribute matches the served locale 

    Error: expect(received).toMatch(expected)

    Expected pattern: /^el/
    Received string:  "en"

      51 |     await page.goto("/el");
      52 |     const lang = await page.locator("html").getAttribute("lang");
    > 53 |     expect(lang).toMatch(/^el/);
         |                  ^
      54 |   });
      55 | });
      56 |
        at /home/tbaltzakis/cloudless.gr/e2e/migrated/i18n-branches.spec.ts:53:18

    attachment #1: screenshot (image/png) ──────────────────────────────────────────────────────────
    test-results/migrated-i18n-branches-Loc-dfbc5-e-matches-the-served-locale-chromium/test-failed-1.png
    ────────────────────────────────────────────────────────────────────────────────────────────────

    attachment #2: video (video/webm) ──────────────────────────────────────────────────────────────
    test-results/migrated-i18n-branches-Loc-dfbc5-e-matches-the-served-locale-chromium/video.webm
    ────────────────────────────────────────────────────────────────────────────────────────────────

    Error Context: test-results/migrated-i18n-branches-Loc-dfbc5-e-matches-the-served-locale-chromium/error-context.md

    Retry #1 ───────────────────────────────────────────────────────────────────────────────────────

    Error: expect(received).toMatch(expected)

    Expected pattern: /^el/
    Received string:  "en"

      51 |     await page.goto("/el");
      52 |     const lang = await page.locator("html").getAttribute("lang");
    > 53 |     expect(lang).toMatch(/^el/);
         |                  ^
      54 |   });
      55 | });
      56 |
        at /home/tbaltzakis/cloudless.gr/e2e/migrated/i18n-branches.spec.ts:53:18

    attachment #1: screenshot (image/png) ──────────────────────────────────────────────────────────
    test-results/migrated-i18n-branches-Loc-dfbc5-e-matches-the-served-locale-chromium-retry1/test-failed-1.png
    ────────────────────────────────────────────────────────────────────────────────────────────────

    attachment #2: video (video/webm) ──────────────────────────────────────────────────────────────
    test-results/migrated-i18n-branches-Loc-dfbc5-e-matches-the-served-locale-chromium-retry1/video.webm
    ────────────────────────────────────────────────────────────────────────────────────────────────

    Error Context: test-results/migrated-i18n-branches-Loc-dfbc5-e-matches-the-served-locale-chromium-retry1/error-context.md

    attachment #4: trace (application/zip) ─────────────────────────────────────────────────────────
    test-results/migrated-i18n-branches-Loc-dfbc5-e-matches-the-served-locale-chromium-retry1/trace.zip
    Usage:

        npx playwright show-trace test-results/migrated-i18n-branches-Loc-dfbc5-e-matches-the-served-locale-chromium-retry1/trace.zip

    ────────────────────────────────────────────────────────────────────────────────────────────────

  208) [chromium] › e2e/migrated/validation-branches.spec.ts:22:7 › Contact validation branches › rejects oversized message (10KB+) 

    Error: expect(received).toBe(expected) // Object.is equality

    Expected: true
    Received: false

      24 |       data: { name: `n-${rand()}`, email: `b-${rand()}@x.com`, message: "x".repeat(15000) },
      25 |     });
    > 26 |     expect(rejected(r.status())).toBe(true);
         |                                  ^
      27 |   });
      28 |
      29 |   test("rejects message containing only whitespace", async ({ request }) => {
        at /home/tbaltzakis/cloudless.gr/e2e/migrated/validation-branches.spec.ts:26:34

    Error Context: test-results/migrated-validation-branch-f2ca0-cts-oversized-message-10KB--chromium/error-context.md

    Retry #1 ───────────────────────────────────────────────────────────────────────────────────────

    Error: expect(received).toBe(expected) // Object.is equality

    Expected: true
    Received: false

      24 |       data: { name: `n-${rand()}`, email: `b-${rand()}@x.com`, message: "x".repeat(15000) },
      25 |     });
    > 26 |     expect(rejected(r.status())).toBe(true);
         |                                  ^
      27 |   });
      28 |
      29 |   test("rejects message containing only whitespace", async ({ request }) => {
        at /home/tbaltzakis/cloudless.gr/e2e/migrated/validation-branches.spec.ts:26:34

    Error Context: test-results/migrated-validation-branch-f2ca0-cts-oversized-message-10KB--chromium-retry1/error-context.md

    attachment #2: trace (application/zip) ─────────────────────────────────────────────────────────
    test-results/migrated-validation-branch-f2ca0-cts-oversized-message-10KB--chromium-retry1/trace.zip
    Usage:

        npx playwright show-trace test-results/migrated-validation-branch-f2ca0-cts-oversized-message-10KB--chromium-retry1/trace.zip

    ────────────────────────────────────────────────────────────────────────────────────────────────

  209) [chromium] › e2e/migrated/validation-branches.spec.ts:36:7 › Contact validation branches › rejects non-string field types 

    Error: expect(received).toBe(expected) // Object.is equality

    Expected: true
    Received: false

      38 |       data: { name: 42, email: `d-${rand()}@x.com`, message: ["a", "b"] },
      39 |     });
    > 40 |     expect(rejected(r.status())).toBe(true);
         |                                  ^
      41 |   });
      42 | });
      43 |
        at /home/tbaltzakis/cloudless.gr/e2e/migrated/validation-branches.spec.ts:40:34

    Error Context: test-results/migrated-validation-branch-ba439-ects-non-string-field-types-chromium/error-context.md

    Retry #1 ───────────────────────────────────────────────────────────────────────────────────────

    Error: expect(received).toBe(expected) // Object.is equality

    Expected: true
    Received: false

      38 |       data: { name: 42, email: `d-${rand()}@x.com`, message: ["a", "b"] },
      39 |     });
    > 40 |     expect(rejected(r.status())).toBe(true);
         |                                  ^
      41 |   });
      42 | });
      43 |
        at /home/tbaltzakis/cloudless.gr/e2e/migrated/validation-branches.spec.ts:40:34

    Error Context: test-results/migrated-validation-branch-ba439-ects-non-string-field-types-chromium-retry1/error-context.md

    attachment #2: trace (application/zip) ─────────────────────────────────────────────────────────
    test-results/migrated-validation-branch-ba439-ects-non-string-field-types-chromium-retry1/trace.zip
    Usage:

        npx playwright show-trace test-results/migrated-validation-branch-ba439-ects-non-string-field-types-chromium-retry1/trace.zip

    ────────────────────────────────────────────────────────────────────────────────────────────────

  210) [chromium] › e2e/notion-cms.spec.ts:39:7 › AppFlowy CMS — /blog › renders the blog header and search input 

    Error: expect(locator).toBeVisible() failed

    Locator: getByRole('heading', { name: /insights/i, level: 1 })
    Expected: visible
    Timeout: 20000ms
    Error: element(s) not found

    Call log:
      - Expect "toBeVisible" with timeout 20000ms
      - waiting for getByRole('heading', { name: /insights/i, level: 1 })


      41 |     await expect(
      42 |       page.getByRole("heading", { level: 1, name: /insights/i })
    > 43 |     ).toBeVisible();
         |       ^
      44 |     await expect(page.getByPlaceholder(/search posts/i)).toBeVisible();
      45 |   });
      46 |
        at /home/tbaltzakis/cloudless.gr/e2e/notion-cms.spec.ts:43:7

    attachment #1: screenshot (image/png) ──────────────────────────────────────────────────────────
    test-results/notion-cms-AppFlowy-CMS-—--d6236-log-header-and-search-input-chromium/test-failed-1.png
    ────────────────────────────────────────────────────────────────────────────────────────────────

    attachment #2: video (video/webm) ──────────────────────────────────────────────────────────────
    test-results/notion-cms-AppFlowy-CMS-—--d6236-log-header-and-search-input-chromium/video.webm
    ────────────────────────────────────────────────────────────────────────────────────────────────

    Error Context: test-results/notion-cms-AppFlowy-CMS-—--d6236-log-header-and-search-input-chromium/error-context.md

    Retry #1 ───────────────────────────────────────────────────────────────────────────────────────

    Error: expect(locator).toBeVisible() failed

    Locator: getByRole('heading', { name: /insights/i, level: 1 })
    Expected: visible
    Timeout: 20000ms
    Error: element(s) not found

    Call log:
      - Expect "toBeVisible" with timeout 20000ms
      - waiting for getByRole('heading', { name: /insights/i, level: 1 })


      41 |     await expect(
      42 |       page.getByRole("heading", { level: 1, name: /insights/i })
    > 43 |     ).toBeVisible();
         |       ^
      44 |     await expect(page.getByPlaceholder(/search posts/i)).toBeVisible();
      45 |   });
      46 |
        at /home/tbaltzakis/cloudless.gr/e2e/notion-cms.spec.ts:43:7

    attachment #1: screenshot (image/png) ──────────────────────────────────────────────────────────
    test-results/notion-cms-AppFlowy-CMS-—--d6236-log-header-and-search-input-chromium-retry1/test-failed-1.png
    ────────────────────────────────────────────────────────────────────────────────────────────────

    attachment #2: video (video/webm) ──────────────────────────────────────────────────────────────
    test-results/notion-cms-AppFlowy-CMS-—--d6236-log-header-and-search-input-chromium-retry1/video.webm
    ────────────────────────────────────────────────────────────────────────────────────────────────

    Error Context: test-results/notion-cms-AppFlowy-CMS-—--d6236-log-header-and-search-input-chromium-retry1/error-context.md

    attachment #4: trace (application/zip) ─────────────────────────────────────────────────────────
    test-results/notion-cms-AppFlowy-CMS-—--d6236-log-header-and-search-input-chromium-retry1/trace.zip
    Usage:

        npx playwright show-trace test-results/notion-cms-AppFlowy-CMS-—--d6236-log-header-and-search-input-chromium-retry1/trace.zip

    ────────────────────────────────────────────────────────────────────────────────────────────────

  211) [chromium] › e2e/notion-cms.spec.ts:47:7 › AppFlowy CMS — /blog › lists at least one post card linking to /blog/[slug] 

    Error: expect(received).toBeGreaterThan(expected)

    Expected: > 0
    Received:   0

      50 |       hasNot: page.locator('a[href$="/blog"]'),
      51 |     });
    > 52 |     expect(await postLinks.count()).toBeGreaterThan(0);
         |                                     ^
      53 |     await expect(postLinks.first()).toBeVisible();
      54 |   });
      55 |
        at /home/tbaltzakis/cloudless.gr/e2e/notion-cms.spec.ts:52:37

    attachment #1: screenshot (image/png) ──────────────────────────────────────────────────────────
    test-results/notion-cms-AppFlowy-CMS-—--cadae--card-linking-to-blog-slug--chromium/test-failed-1.png
    ────────────────────────────────────────────────────────────────────────────────────────────────

    attachment #2: video (video/webm) ──────────────────────────────────────────────────────────────
    test-results/notion-cms-AppFlowy-CMS-—--cadae--card-linking-to-blog-slug--chromium/video.webm
    ────────────────────────────────────────────────────────────────────────────────────────────────

    Error Context: test-results/notion-cms-AppFlowy-CMS-—--cadae--card-linking-to-blog-slug--chromium/error-context.md

    Retry #1 ───────────────────────────────────────────────────────────────────────────────────────

    Error: expect(received).toBeGreaterThan(expected)

    Expected: > 0
    Received:   0

      50 |       hasNot: page.locator('a[href$="/blog"]'),
      51 |     });
    > 52 |     expect(await postLinks.count()).toBeGreaterThan(0);
         |                                     ^
      53 |     await expect(postLinks.first()).toBeVisible();
      54 |   });
      55 |
        at /home/tbaltzakis/cloudless.gr/e2e/notion-cms.spec.ts:52:37

    attachment #1: screenshot (image/png) ──────────────────────────────────────────────────────────
    test-results/notion-cms-AppFlowy-CMS-—--cadae--card-linking-to-blog-slug--chromium-retry1/test-failed-1.png
    ────────────────────────────────────────────────────────────────────────────────────────────────

    attachment #2: video (video/webm) ──────────────────────────────────────────────────────────────
    test-results/notion-cms-AppFlowy-CMS-—--cadae--card-linking-to-blog-slug--chromium-retry1/video.webm
    ────────────────────────────────────────────────────────────────────────────────────────────────

    Error Context: test-results/notion-cms-AppFlowy-CMS-—--cadae--card-linking-to-blog-slug--chromium-retry1/error-context.md

    attachment #4: trace (application/zip) ─────────────────────────────────────────────────────────
    test-results/notion-cms-AppFlowy-CMS-—--cadae--card-linking-to-blog-slug--chromium-retry1/trace.zip
    Usage:

        npx playwright show-trace test-results/notion-cms-AppFlowy-CMS-—--cadae--card-linking-to-blog-slug--chromium-retry1/trace.zip

    ────────────────────────────────────────────────────────────────────────────────────────────────

  212) [chromium] › e2e/notion-cms.spec.ts:56:7 › AppFlowy CMS — /blog › search query is preserved in the input 

    Error: expect(locator).toHaveValue(expected) failed

    Locator: getByPlaceholder(/search posts/i)
    Expected: "cloud"
    Timeout: 20000ms
    Error: element(s) not found

    Call log:
      - Expect "toHaveValue" with timeout 20000ms
      - waiting for getByPlaceholder(/search posts/i)


      56 |   test("search query is preserved in the input", async ({ page }) => {
      57 |     await page.goto("/blog?q=cloud");
    > 58 |     await expect(page.getByPlaceholder(/search posts/i)).toHaveValue("cloud");
         |                                                          ^
      59 |   });
      60 |
      61 |   test("nonexistent search yields empty-state message", async ({ page }) => {
        at /home/tbaltzakis/cloudless.gr/e2e/notion-cms.spec.ts:58:58

    attachment #1: screenshot (image/png) ──────────────────────────────────────────────────────────
    test-results/notion-cms-AppFlowy-CMS-—--45d82-y-is-preserved-in-the-input-chromium/test-failed-1.png
    ────────────────────────────────────────────────────────────────────────────────────────────────

    attachment #2: video (video/webm) ──────────────────────────────────────────────────────────────
    test-results/notion-cms-AppFlowy-CMS-—--45d82-y-is-preserved-in-the-input-chromium/video.webm
    ────────────────────────────────────────────────────────────────────────────────────────────────

    Error Context: test-results/notion-cms-AppFlowy-CMS-—--45d82-y-is-preserved-in-the-input-chromium/error-context.md

    Retry #1 ───────────────────────────────────────────────────────────────────────────────────────

    Error: expect(locator).toHaveValue(expected) failed

    Locator: getByPlaceholder(/search posts/i)
    Expected: "cloud"
    Timeout: 20000ms
    Error: element(s) not found

    Call log:
      - Expect "toHaveValue" with timeout 20000ms
      - waiting for getByPlaceholder(/search posts/i)


      56 |   test("search query is preserved in the input", async ({ page }) => {
      57 |     await page.goto("/blog?q=cloud");
    > 58 |     await expect(page.getByPlaceholder(/search posts/i)).toHaveValue("cloud");
         |                                                          ^
      59 |   });
      60 |
      61 |   test("nonexistent search yields empty-state message", async ({ page }) => {
        at /home/tbaltzakis/cloudless.gr/e2e/notion-cms.spec.ts:58:58

    attachment #1: screenshot (image/png) ──────────────────────────────────────────────────────────
    test-results/notion-cms-AppFlowy-CMS-—--45d82-y-is-preserved-in-the-input-chromium-retry1/test-failed-1.png
    ────────────────────────────────────────────────────────────────────────────────────────────────

    attachment #2: video (video/webm) ──────────────────────────────────────────────────────────────
    test-results/notion-cms-AppFlowy-CMS-—--45d82-y-is-preserved-in-the-input-chromium-retry1/video.webm
    ────────────────────────────────────────────────────────────────────────────────────────────────

    Error Context: test-results/notion-cms-AppFlowy-CMS-—--45d82-y-is-preserved-in-the-input-chromium-retry1/error-context.md

    attachment #4: trace (application/zip) ─────────────────────────────────────────────────────────
    test-results/notion-cms-AppFlowy-CMS-—--45d82-y-is-preserved-in-the-input-chromium-retry1/trace.zip
    Usage:

        npx playwright show-trace test-results/notion-cms-AppFlowy-CMS-—--45d82-y-is-preserved-in-the-input-chromium-retry1/trace.zip

    ────────────────────────────────────────────────────────────────────────────────────────────────

  213) [chromium] › e2e/notion-cms.spec.ts:61:7 › AppFlowy CMS — /blog › nonexistent search yields empty-state message 

    Error: expect(locator).toBeVisible() failed

    Locator: getByText(/no posts found/i)
    Expected: visible
    Timeout: 20000ms
    Error: element(s) not found

    Call log:
      - Expect "toBeVisible" with timeout 20000ms
      - waiting for getByText(/no posts found/i)


      61 |   test("nonexistent search yields empty-state message", async ({ page }) => {
      62 |     await page.goto("/blog?q=zzz_no_such_post_xyz");
    > 63 |     await expect(page.getByText(/no posts found/i)).toBeVisible();
         |                                                     ^
      64 |   });
      65 | });
      66 |
        at /home/tbaltzakis/cloudless.gr/e2e/notion-cms.spec.ts:63:53

    attachment #1: screenshot (image/png) ──────────────────────────────────────────────────────────
    test-results/notion-cms-AppFlowy-CMS-—--994c5--yields-empty-state-message-chromium/test-failed-1.png
    ────────────────────────────────────────────────────────────────────────────────────────────────

    attachment #2: video (video/webm) ──────────────────────────────────────────────────────────────
    test-results/notion-cms-AppFlowy-CMS-—--994c5--yields-empty-state-message-chromium/video.webm
    ────────────────────────────────────────────────────────────────────────────────────────────────

    Error Context: test-results/notion-cms-AppFlowy-CMS-—--994c5--yields-empty-state-message-chromium/error-context.md

    Retry #1 ───────────────────────────────────────────────────────────────────────────────────────

    Error: expect(locator).toBeVisible() failed

    Locator: getByText(/no posts found/i)
    Expected: visible
    Timeout: 20000ms
    Error: element(s) not found

    Call log:
      - Expect "toBeVisible" with timeout 20000ms
      - waiting for getByText(/no posts found/i)


      61 |   test("nonexistent search yields empty-state message", async ({ page }) => {
      62 |     await page.goto("/blog?q=zzz_no_such_post_xyz");
    > 63 |     await expect(page.getByText(/no posts found/i)).toBeVisible();
         |                                                     ^
      64 |   });
      65 | });
      66 |
        at /home/tbaltzakis/cloudless.gr/e2e/notion-cms.spec.ts:63:53

    attachment #1: screenshot (image/png) ──────────────────────────────────────────────────────────
    test-results/notion-cms-AppFlowy-CMS-—--994c5--yields-empty-state-message-chromium-retry1/test-failed-1.png
    ────────────────────────────────────────────────────────────────────────────────────────────────

    attachment #2: video (video/webm) ──────────────────────────────────────────────────────────────
    test-results/notion-cms-AppFlowy-CMS-—--994c5--yields-empty-state-message-chromium-retry1/video.webm
    ────────────────────────────────────────────────────────────────────────────────────────────────

    Error Context: test-results/notion-cms-AppFlowy-CMS-—--994c5--yields-empty-state-message-chromium-retry1/error-context.md

    attachment #4: trace (application/zip) ─────────────────────────────────────────────────────────
    test-results/notion-cms-AppFlowy-CMS-—--994c5--yields-empty-state-message-chromium-retry1/trace.zip
    Usage:

        npx playwright show-trace test-results/notion-cms-AppFlowy-CMS-—--994c5--yields-empty-state-message-chromium-retry1/trace.zip

    ────────────────────────────────────────────────────────────────────────────────────────────────

  214) [chromium] › e2e/notion-cms.spec.ts:104:7 › AppFlowy CMS — /docs › renders the docs header and search input 

    Error: expect(locator).toBeVisible() failed

    Locator: getByRole('heading', { name: /documentation/i, level: 1 })
    Expected: visible
    Timeout: 15000ms
    Error: element(s) not found

    Call log:
      - Expect "toBeVisible" with timeout 15000ms
      - waiting for getByRole('heading', { name: /documentation/i, level: 1 })


      107 |     await expect(
      108 |       page.getByRole("heading", { level: 1, name: /documentation/i })
    > 109 |     ).toBeVisible({ timeout: 15000 });
          |       ^
      110 |     await expect(page.getByPlaceholder(/search docs/i)).toBeVisible({ timeout: 10000 });
      111 |   });
      112 |
        at /home/tbaltzakis/cloudless.gr/e2e/notion-cms.spec.ts:109:7

    attachment #1: screenshot (image/png) ──────────────────────────────────────────────────────────
    test-results/notion-cms-AppFlowy-CMS-—--a64c1-ocs-header-and-search-input-chromium/test-failed-1.png
    ────────────────────────────────────────────────────────────────────────────────────────────────

    attachment #2: video (video/webm) ──────────────────────────────────────────────────────────────
    test-results/notion-cms-AppFlowy-CMS-—--a64c1-ocs-header-and-search-input-chromium/video.webm
    ────────────────────────────────────────────────────────────────────────────────────────────────

    Error Context: test-results/notion-cms-AppFlowy-CMS-—--a64c1-ocs-header-and-search-input-chromium/error-context.md

    Retry #1 ───────────────────────────────────────────────────────────────────────────────────────

    Error: expect(locator).toBeVisible() failed

    Locator: getByRole('heading', { name: /documentation/i, level: 1 })
    Expected: visible
    Timeout: 15000ms
    Error: element(s) not found

    Call log:
      - Expect "toBeVisible" with timeout 15000ms
      - waiting for getByRole('heading', { name: /documentation/i, level: 1 })


      107 |     await expect(
      108 |       page.getByRole("heading", { level: 1, name: /documentation/i })
    > 109 |     ).toBeVisible({ timeout: 15000 });
          |       ^
      110 |     await expect(page.getByPlaceholder(/search docs/i)).toBeVisible({ timeout: 10000 });
      111 |   });
      112 |
        at /home/tbaltzakis/cloudless.gr/e2e/notion-cms.spec.ts:109:7

    attachment #1: screenshot (image/png) ──────────────────────────────────────────────────────────
    test-results/notion-cms-AppFlowy-CMS-—--a64c1-ocs-header-and-search-input-chromium-retry1/test-failed-1.png
    ────────────────────────────────────────────────────────────────────────────────────────────────

    attachment #2: video (video/webm) ──────────────────────────────────────────────────────────────
    test-results/notion-cms-AppFlowy-CMS-—--a64c1-ocs-header-and-search-input-chromium-retry1/video.webm
    ────────────────────────────────────────────────────────────────────────────────────────────────

    Error Context: test-results/notion-cms-AppFlowy-CMS-—--a64c1-ocs-header-and-search-input-chromium-retry1/error-context.md

    attachment #4: trace (application/zip) ─────────────────────────────────────────────────────────
    test-results/notion-cms-AppFlowy-CMS-—--a64c1-ocs-header-and-search-input-chromium-retry1/trace.zip
    Usage:

        npx playwright show-trace test-results/notion-cms-AppFlowy-CMS-—--a64c1-ocs-header-and-search-input-chromium-retry1/trace.zip

    ────────────────────────────────────────────────────────────────────────────────────────────────

  215) [chromium] › e2e/notion-cms.spec.ts:113:7 › AppFlowy CMS — /docs › renders either category headings or the empty state 

    Error: expect(locator).toBeVisible() failed

    Locator: getByRole('heading', { level: 2 }).or(getByText(/no documentation published yet|no docs match/i)).first()
    Expected: visible
    Timeout: 20000ms
    Error: element(s) not found

    Call log:
      - Expect "toBeVisible" with timeout 20000ms
      - waiting for getByRole('heading', { level: 2 }).or(getByText(/no documentation published yet|no docs match/i)).first()


      115 |     const categoryHeading = page.getByRole("heading", { level: 2 });
      116 |     const emptyState = page.getByText(/no documentation published yet|no docs match/i);
    > 117 |     await expect(categoryHeading.or(emptyState).first()).toBeVisible();
          |                                                          ^
      118 |   });
      119 |
      120 |   test("filtering with no matches shows the no-results state", async ({ page }) => {
        at /home/tbaltzakis/cloudless.gr/e2e/notion-cms.spec.ts:117:58

    attachment #1: screenshot (image/png) ──────────────────────────────────────────────────────────
    test-results/notion-cms-AppFlowy-CMS-—--0d8e6-headings-or-the-empty-state-chromium/test-failed-1.png
    ────────────────────────────────────────────────────────────────────────────────────────────────

    attachment #2: video (video/webm) ──────────────────────────────────────────────────────────────
    test-results/notion-cms-AppFlowy-CMS-—--0d8e6-headings-or-the-empty-state-chromium/video.webm
    ────────────────────────────────────────────────────────────────────────────────────────────────

    Error Context: test-results/notion-cms-AppFlowy-CMS-—--0d8e6-headings-or-the-empty-state-chromium/error-context.md

    Retry #1 ───────────────────────────────────────────────────────────────────────────────────────

    Error: expect(locator).toBeVisible() failed

    Locator: getByRole('heading', { level: 2 }).or(getByText(/no documentation published yet|no docs match/i)).first()
    Expected: visible
    Timeout: 20000ms
    Error: element(s) not found

    Call log:
      - Expect "toBeVisible" with timeout 20000ms
      - waiting for getByRole('heading', { level: 2 }).or(getByText(/no documentation published yet|no docs match/i)).first()


      115 |     const categoryHeading = page.getByRole("heading", { level: 2 });
      116 |     const emptyState = page.getByText(/no documentation published yet|no docs match/i);
    > 117 |     await expect(categoryHeading.or(emptyState).first()).toBeVisible();
          |                                                          ^
      118 |   });
      119 |
      120 |   test("filtering with no matches shows the no-results state", async ({ page }) => {
        at /home/tbaltzakis/cloudless.gr/e2e/notion-cms.spec.ts:117:58

    attachment #1: screenshot (image/png) ──────────────────────────────────────────────────────────
    test-results/notion-cms-AppFlowy-CMS-—--0d8e6-headings-or-the-empty-state-chromium-retry1/test-failed-1.png
    ────────────────────────────────────────────────────────────────────────────────────────────────

    attachment #2: video (video/webm) ──────────────────────────────────────────────────────────────
    test-results/notion-cms-AppFlowy-CMS-—--0d8e6-headings-or-the-empty-state-chromium-retry1/video.webm
    ────────────────────────────────────────────────────────────────────────────────────────────────

    Error Context: test-results/notion-cms-AppFlowy-CMS-—--0d8e6-headings-or-the-empty-state-chromium-retry1/error-context.md

    attachment #4: trace (application/zip) ─────────────────────────────────────────────────────────
    test-results/notion-cms-AppFlowy-CMS-—--0d8e6-headings-or-the-empty-state-chromium-retry1/trace.zip
    Usage:

        npx playwright show-trace test-results/notion-cms-AppFlowy-CMS-—--0d8e6-headings-or-the-empty-state-chromium-retry1/trace.zip

    ────────────────────────────────────────────────────────────────────────────────────────────────

  216) [chromium] › e2e/notion-cms.spec.ts:120:7 › AppFlowy CMS — /docs › filtering with no matches shows the no-results state 

    Error: expect(locator).toBeVisible() failed

    Locator: getByText(/no docs match your filters|no documentation published yet/i)
    Expected: visible
    Timeout: 15000ms
    Error: element(s) not found

    Call log:
      - Expect "toBeVisible" with timeout 15000ms
      - waiting for getByText(/no docs match your filters|no documentation published yet/i)


      123 |     await expect(
      124 |       page.getByText(/no docs match your filters|no documentation published yet/i)
    > 125 |     ).toBeVisible({ timeout: 15000 });
          |       ^
      126 |   });
      127 | });
      128 |
        at /home/tbaltzakis/cloudless.gr/e2e/notion-cms.spec.ts:125:7

    attachment #1: screenshot (image/png) ──────────────────────────────────────────────────────────
    test-results/notion-cms-AppFlowy-CMS-—--5d3c4--shows-the-no-results-state-chromium/test-failed-1.png
    ────────────────────────────────────────────────────────────────────────────────────────────────

    attachment #2: video (video/webm) ──────────────────────────────────────────────────────────────
    test-results/notion-cms-AppFlowy-CMS-—--5d3c4--shows-the-no-results-state-chromium/video.webm
    ────────────────────────────────────────────────────────────────────────────────────────────────

    Error Context: test-results/notion-cms-AppFlowy-CMS-—--5d3c4--shows-the-no-results-state-chromium/error-context.md

    Retry #1 ───────────────────────────────────────────────────────────────────────────────────────

    Error: expect(locator).toBeVisible() failed

    Locator: getByText(/no docs match your filters|no documentation published yet/i)
    Expected: visible
    Timeout: 15000ms
    Error: element(s) not found

    Call log:
      - Expect "toBeVisible" with timeout 15000ms
      - waiting for getByText(/no docs match your filters|no documentation published yet/i)


      123 |     await expect(
      124 |       page.getByText(/no docs match your filters|no documentation published yet/i)
    > 125 |     ).toBeVisible({ timeout: 15000 });
          |       ^
      126 |   });
      127 | });
      128 |
        at /home/tbaltzakis/cloudless.gr/e2e/notion-cms.spec.ts:125:7

    attachment #1: screenshot (image/png) ──────────────────────────────────────────────────────────
    test-results/notion-cms-AppFlowy-CMS-—--5d3c4--shows-the-no-results-state-chromium-retry1/test-failed-1.png
    ────────────────────────────────────────────────────────────────────────────────────────────────

    attachment #2: video (video/webm) ──────────────────────────────────────────────────────────────
    test-results/notion-cms-AppFlowy-CMS-—--5d3c4--shows-the-no-results-state-chromium-retry1/video.webm
    ────────────────────────────────────────────────────────────────────────────────────────────────

    Error Context: test-results/notion-cms-AppFlowy-CMS-—--5d3c4--shows-the-no-results-state-chromium-retry1/error-context.md

    attachment #4: trace (application/zip) ─────────────────────────────────────────────────────────
    test-results/notion-cms-AppFlowy-CMS-—--5d3c4--shows-the-no-results-state-chromium-retry1/trace.zip
    Usage:

        npx playwright show-trace test-results/notion-cms-AppFlowy-CMS-—--5d3c4--shows-the-no-results-state-chromium-retry1/trace.zip

    ────────────────────────────────────────────────────────────────────────────────────────────────

  217) [chromium] › e2e/notion-cms.spec.ts:353:7 › AppFlowy CMS — /api/case-studies contract › slug endpoint returns a case study or 404 when not found 

    Error: expect(received).toBe(expected) // Object.is equality

    Expected: 404
    Received: 502

      361 |       expect(typeof c.title).toBe("string");
      362 |     } else {
    > 363 |       expect(res.status()).toBe(404);
          |                            ^
      364 |     }
      365 |   });
      366 |
        at /home/tbaltzakis/cloudless.gr/e2e/notion-cms.spec.ts:363:28

    Error Context: test-results/notion-cms-AppFlowy-CMS-—--ed9b4-study-or-404-when-not-found-chromium/error-context.md

    Retry #1 ───────────────────────────────────────────────────────────────────────────────────────

    Error: expect(received).toBe(expected) // Object.is equality

    Expected: 404
    Received: 502

      361 |       expect(typeof c.title).toBe("string");
      362 |     } else {
    > 363 |       expect(res.status()).toBe(404);
          |                            ^
      364 |     }
      365 |   });
      366 |
        at /home/tbaltzakis/cloudless.gr/e2e/notion-cms.spec.ts:363:28

    Error Context: test-results/notion-cms-AppFlowy-CMS-—--ed9b4-study-or-404-when-not-found-chromium-retry1/error-context.md

    attachment #2: trace (application/zip) ─────────────────────────────────────────────────────────
    test-results/notion-cms-AppFlowy-CMS-—--ed9b4-study-or-404-when-not-found-chromium-retry1/trace.zip
    Usage:

        npx playwright show-trace test-results/notion-cms-AppFlowy-CMS-—--ed9b4-study-or-404-when-not-found-chromium-retry1/trace.zip

    ────────────────────────────────────────────────────────────────────────────────────────────────

  218) [chromium] › e2e/notion-cms.spec.ts:367:7 › AppFlowy CMS — /api/case-studies contract › unknown slug returns 404 

    Error: expect(received).toBe(expected) // Object.is equality

    Expected: 404
    Received: 502

      367 |   test("unknown slug returns 404", async ({ request }) => {
      368 |     const res = await request.get("/api/case-studies/no-such-case-study-xyz");
    > 369 |     expect(res.status()).toBe(404);
          |                          ^
      370 |   });
      371 | });
      372 |
        at /home/tbaltzakis/cloudless.gr/e2e/notion-cms.spec.ts:369:26

    Error Context: test-results/notion-cms-AppFlowy-CMS-—--917e4-ct-unknown-slug-returns-404-chromium/error-context.md

    Retry #1 ───────────────────────────────────────────────────────────────────────────────────────

    Error: expect(received).toBe(expected) // Object.is equality

    Expected: 404
    Received: 502

      367 |   test("unknown slug returns 404", async ({ request }) => {
      368 |     const res = await request.get("/api/case-studies/no-such-case-study-xyz");
    > 369 |     expect(res.status()).toBe(404);
          |                          ^
      370 |   });
      371 | });
      372 |
        at /home/tbaltzakis/cloudless.gr/e2e/notion-cms.spec.ts:369:26

    Error Context: test-results/notion-cms-AppFlowy-CMS-—--917e4-ct-unknown-slug-returns-404-chromium-retry1/error-context.md

    attachment #2: trace (application/zip) ─────────────────────────────────────────────────────────
    test-results/notion-cms-AppFlowy-CMS-—--917e4-ct-unknown-slug-returns-404-chromium-retry1/trace.zip
    Usage:

        npx playwright show-trace test-results/notion-cms-AppFlowy-CMS-—--917e4-ct-unknown-slug-returns-404-chromium-retry1/trace.zip

    ────────────────────────────────────────────────────────────────────────────────────────────────

  219) [chromium] › e2e/performance/core-web-vitals.spec.ts:190:7 › Page Load Times › dashboard page should load within reasonable time 

    Error: browserContext.addCookies: Cookie should have a valid expires, only -1 or a positive number for the unix timestamp in seconds is allowed

      190 |   test("dashboard page should load within reasonable time", async ({ page }) => {
      191 |     // Login first
    > 192 |     await page.context().addCookies([
          |                          ^
      193 |       {
      194 |         name: "session_token",
      195 |         value: "test-session-token",
        at /home/tbaltzakis/cloudless.gr/e2e/performance/core-web-vitals.spec.ts:192:26

    attachment #1: screenshot (image/png) ──────────────────────────────────────────────────────────
    test-results/performance-core-web-vital-7fd42-load-within-reasonable-time-chromium/test-failed-1.png
    ────────────────────────────────────────────────────────────────────────────────────────────────

    attachment #2: video (video/webm) ──────────────────────────────────────────────────────────────
    test-results/performance-core-web-vital-7fd42-load-within-reasonable-time-chromium/video.webm
    ────────────────────────────────────────────────────────────────────────────────────────────────

    Error Context: test-results/performance-core-web-vital-7fd42-load-within-reasonable-time-chromium/error-context.md

    Retry #1 ───────────────────────────────────────────────────────────────────────────────────────

    Error: browserContext.addCookies: Cookie should have a valid expires, only -1 or a positive number for the unix timestamp in seconds is allowed

      190 |   test("dashboard page should load within reasonable time", async ({ page }) => {
      191 |     // Login first
    > 192 |     await page.context().addCookies([
          |                          ^
      193 |       {
      194 |         name: "session_token",
      195 |         value: "test-session-token",
        at /home/tbaltzakis/cloudless.gr/e2e/performance/core-web-vitals.spec.ts:192:26

    attachment #1: screenshot (image/png) ──────────────────────────────────────────────────────────
    test-results/performance-core-web-vital-7fd42-load-within-reasonable-time-chromium-retry1/test-failed-1.png
    ────────────────────────────────────────────────────────────────────────────────────────────────

    attachment #2: video (video/webm) ──────────────────────────────────────────────────────────────
    test-results/performance-core-web-vital-7fd42-load-within-reasonable-time-chromium-retry1/video.webm
    ────────────────────────────────────────────────────────────────────────────────────────────────

    Error Context: test-results/performance-core-web-vital-7fd42-load-within-reasonable-time-chromium-retry1/error-context.md

    attachment #4: trace (application/zip) ─────────────────────────────────────────────────────────
    test-results/performance-core-web-vital-7fd42-load-within-reasonable-time-chromium-retry1/trace.zip
    Usage:

        npx playwright show-trace test-results/performance-core-web-vital-7fd42-load-within-reasonable-time-chromium-retry1/trace.zip

    ────────────────────────────────────────────────────────────────────────────────────────────────

  220) [chromium] › e2e/performance/core-web-vitals.spec.ts:212:7 › Page Load Times › admin page should load within reasonable time 

    Error: browserContext.addCookies: Cookie should have a valid expires, only -1 or a positive number for the unix timestamp in seconds is allowed

      212 |   test("admin page should load within reasonable time", async ({ page }) => {
      213 |     // Login as admin first
    > 214 |     await page.context().addCookies([
          |                          ^
      215 |       {
      216 |         name: "session_token",
      217 |         value: "test-admin-session-token",
        at /home/tbaltzakis/cloudless.gr/e2e/performance/core-web-vitals.spec.ts:214:26

    attachment #1: screenshot (image/png) ──────────────────────────────────────────────────────────
    test-results/performance-core-web-vital-aec28-load-within-reasonable-time-chromium/test-failed-1.png
    ────────────────────────────────────────────────────────────────────────────────────────────────

    attachment #2: video (video/webm) ──────────────────────────────────────────────────────────────
    test-results/performance-core-web-vital-aec28-load-within-reasonable-time-chromium/video.webm
    ────────────────────────────────────────────────────────────────────────────────────────────────

    Error Context: test-results/performance-core-web-vital-aec28-load-within-reasonable-time-chromium/error-context.md

    Retry #1 ───────────────────────────────────────────────────────────────────────────────────────

    Error: browserContext.addCookies: Cookie should have a valid expires, only -1 or a positive number for the unix timestamp in seconds is allowed

      212 |   test("admin page should load within reasonable time", async ({ page }) => {
      213 |     // Login as admin first
    > 214 |     await page.context().addCookies([
          |                          ^
      215 |       {
      216 |         name: "session_token",
      217 |         value: "test-admin-session-token",
        at /home/tbaltzakis/cloudless.gr/e2e/performance/core-web-vitals.spec.ts:214:26

    attachment #1: screenshot (image/png) ──────────────────────────────────────────────────────────
    test-results/performance-core-web-vital-aec28-load-within-reasonable-time-chromium-retry1/test-failed-1.png
    ────────────────────────────────────────────────────────────────────────────────────────────────

    attachment #2: video (video/webm) ──────────────────────────────────────────────────────────────
    test-results/performance-core-web-vital-aec28-load-within-reasonable-time-chromium-retry1/video.webm
    ────────────────────────────────────────────────────────────────────────────────────────────────

    Error Context: test-results/performance-core-web-vital-aec28-load-within-reasonable-time-chromium-retry1/error-context.md

    attachment #4: trace (application/zip) ─────────────────────────────────────────────────────────
    test-results/performance-core-web-vital-aec28-load-within-reasonable-time-chromium-retry1/trace.zip
    Usage:

        npx playwright show-trace test-results/performance-core-web-vital-aec28-load-within-reasonable-time-chromium-retry1/trace.zip

    ────────────────────────────────────────────────────────────────────────────────────────────────

  221) [chromium] › e2e/performance/core-web-vitals.spec.ts:236:7 › Resource Optimization › should optimize image loading 

    Error: expect(received).toBeGreaterThan(expected)

    Expected: > 0
    Received:   0

      275 |     // At least some images should be optimized
      276 |     // Note: This is a basic check - real optimization checking is more complex
    > 277 |     expect(imageOptimization.optimizedCount).toBeGreaterThan(0);
          |                                              ^
      278 |   });
      279 |   
      280 |   test("should minimize render-blocking resources", async ({ page }) => {
        at /home/tbaltzakis/cloudless.gr/e2e/performance/core-web-vitals.spec.ts:277:46

    attachment #1: screenshot (image/png) ──────────────────────────────────────────────────────────
    test-results/performance-core-web-vital-d8b5f-ould-optimize-image-loading-chromium/test-failed-1.png
    ────────────────────────────────────────────────────────────────────────────────────────────────

    attachment #2: video (video/webm) ──────────────────────────────────────────────────────────────
    test-results/performance-core-web-vital-d8b5f-ould-optimize-image-loading-chromium/video.webm
    ────────────────────────────────────────────────────────────────────────────────────────────────

    Error Context: test-results/performance-core-web-vital-d8b5f-ould-optimize-image-loading-chromium/error-context.md

    Retry #1 ───────────────────────────────────────────────────────────────────────────────────────

    Error: expect(received).toBeGreaterThan(expected)

    Expected: > 0
    Received:   0

      275 |     // At least some images should be optimized
      276 |     // Note: This is a basic check - real optimization checking is more complex
    > 277 |     expect(imageOptimization.optimizedCount).toBeGreaterThan(0);
          |                                              ^
      278 |   });
      279 |   
      280 |   test("should minimize render-blocking resources", async ({ page }) => {
        at /home/tbaltzakis/cloudless.gr/e2e/performance/core-web-vitals.spec.ts:277:46

    attachment #1: screenshot (image/png) ──────────────────────────────────────────────────────────
    test-results/performance-core-web-vital-d8b5f-ould-optimize-image-loading-chromium-retry1/test-failed-1.png
    ────────────────────────────────────────────────────────────────────────────────────────────────

    attachment #2: video (video/webm) ──────────────────────────────────────────────────────────────
    test-results/performance-core-web-vital-d8b5f-ould-optimize-image-loading-chromium-retry1/video.webm
    ────────────────────────────────────────────────────────────────────────────────────────────────

    Error Context: test-results/performance-core-web-vital-d8b5f-ould-optimize-image-loading-chromium-retry1/error-context.md

    attachment #4: trace (application/zip) ─────────────────────────────────────────────────────────
    test-results/performance-core-web-vital-d8b5f-ould-optimize-image-loading-chromium-retry1/trace.zip
    Usage:

        npx playwright show-trace test-results/performance-core-web-vital-d8b5f-ould-optimize-image-loading-chromium-retry1/trace.zip

    ────────────────────────────────────────────────────────────────────────────────────────────────

  222) [chromium] › e2e/performance/core-web-vitals.spec.ts:431:7 › Performance Budgets › should keep JavaScript size under budget 

    Error: expect(received).toBeLessThan(expected)

    Expected: < 512000
    Received:   804019

      447 |     
      448 |     // Should be under 500KB for JavaScript
    > 449 |     expect(jsSize).toBeLessThan(500 * 1024); // 500KB in bytes
          |                    ^
      450 |   });
      451 | });
        at /home/tbaltzakis/cloudless.gr/e2e/performance/core-web-vitals.spec.ts:449:20

    attachment #1: screenshot (image/png) ──────────────────────────────────────────────────────────
    test-results/performance-core-web-vital-57e95-avaScript-size-under-budget-chromium/test-failed-1.png
    ────────────────────────────────────────────────────────────────────────────────────────────────

    attachment #2: video (video/webm) ──────────────────────────────────────────────────────────────
    test-results/performance-core-web-vital-57e95-avaScript-size-under-budget-chromium/video.webm
    ────────────────────────────────────────────────────────────────────────────────────────────────

    Error Context: test-results/performance-core-web-vital-57e95-avaScript-size-under-budget-chromium/error-context.md

    Retry #1 ───────────────────────────────────────────────────────────────────────────────────────

    Error: expect(received).toBeLessThan(expected)

    Expected: < 512000
    Received:   804019

      447 |     
      448 |     // Should be under 500KB for JavaScript
    > 449 |     expect(jsSize).toBeLessThan(500 * 1024); // 500KB in bytes
          |                    ^
      450 |   });
      451 | });
        at /home/tbaltzakis/cloudless.gr/e2e/performance/core-web-vitals.spec.ts:449:20

    attachment #1: screenshot (image/png) ──────────────────────────────────────────────────────────
    test-results/performance-core-web-vital-57e95-avaScript-size-under-budget-chromium-retry1/test-failed-1.png
    ────────────────────────────────────────────────────────────────────────────────────────────────

    attachment #2: video (video/webm) ──────────────────────────────────────────────────────────────
    test-results/performance-core-web-vital-57e95-avaScript-size-under-budget-chromium-retry1/video.webm
    ────────────────────────────────────────────────────────────────────────────────────────────────

    Error Context: test-results/performance-core-web-vital-57e95-avaScript-size-under-budget-chromium-retry1/error-context.md

    attachment #4: trace (application/zip) ─────────────────────────────────────────────────────────
    test-results/performance-core-web-vital-57e95-avaScript-size-under-budget-chromium-retry1/trace.zip
    Usage:

        npx playwright show-trace test-results/performance-core-web-vital-57e95-avaScript-size-under-budget-chromium-retry1/trace.zip

    ────────────────────────────────────────────────────────────────────────────────────────────────

  223) [chromium] › e2e/performance.spec.ts:25:7 › SEO basics › homepage has exactly one H1 ────────

    Error: expect(received).toBe(expected) // Object.is equality

    Expected: 1
    Received: 0

      27 |     await page.waitForLoadState("domcontentloaded");
      28 |     const h1Count = await page.locator("h1").count();
    > 29 |     expect(h1Count).toBe(1);
         |                     ^
      30 |   });
      31 |
      32 |   test("all images have alt text", async ({ page }) => {
        at /home/tbaltzakis/cloudless.gr/e2e/performance.spec.ts:29:21

    attachment #1: screenshot (image/png) ──────────────────────────────────────────────────────────
    test-results/performance-SEO-basics-homepage-has-exactly-one-H1-chromium/test-failed-1.png
    ────────────────────────────────────────────────────────────────────────────────────────────────

    attachment #2: video (video/webm) ──────────────────────────────────────────────────────────────
    test-results/performance-SEO-basics-homepage-has-exactly-one-H1-chromium/video.webm
    ────────────────────────────────────────────────────────────────────────────────────────────────

    Error Context: test-results/performance-SEO-basics-homepage-has-exactly-one-H1-chromium/error-context.md

    Retry #1 ───────────────────────────────────────────────────────────────────────────────────────

    Error: expect(received).toBe(expected) // Object.is equality

    Expected: 1
    Received: 0

      27 |     await page.waitForLoadState("domcontentloaded");
      28 |     const h1Count = await page.locator("h1").count();
    > 29 |     expect(h1Count).toBe(1);
         |                     ^
      30 |   });
      31 |
      32 |   test("all images have alt text", async ({ page }) => {
        at /home/tbaltzakis/cloudless.gr/e2e/performance.spec.ts:29:21

    attachment #1: screenshot (image/png) ──────────────────────────────────────────────────────────
    test-results/performance-SEO-basics-homepage-has-exactly-one-H1-chromium-retry1/test-failed-1.png
    ────────────────────────────────────────────────────────────────────────────────────────────────

    attachment #2: video (video/webm) ──────────────────────────────────────────────────────────────
    test-results/performance-SEO-basics-homepage-has-exactly-one-H1-chromium-retry1/video.webm
    ────────────────────────────────────────────────────────────────────────────────────────────────

    Error Context: test-results/performance-SEO-basics-homepage-has-exactly-one-H1-chromium-retry1/error-context.md

    attachment #4: trace (application/zip) ─────────────────────────────────────────────────────────
    test-results/performance-SEO-basics-homepage-has-exactly-one-H1-chromium-retry1/trace.zip
    Usage:

        npx playwright show-trace test-results/performance-SEO-basics-homepage-has-exactly-one-H1-chromium-retry1/trace.zip

    ────────────────────────────────────────────────────────────────────────────────────────────────

  224) [chromium] › e2e/post-audit-coverage.spec.ts:18:7 › rate-limit cap — /api/contact (3 req/min/container) › 4th rapid same-IP submission is rejected (429 or 4xx) 

    Error: expected at least one 429 in rapid requests; got 200,200,200,200

    expect(received).toBe(expected) // Object.is equality

    Expected: true
    Received: false

      55 |       statuses.some(s => s === 429),
      56 |       `expected at least one 429 in rapid requests; got ${statuses.join(",")}`,
    > 57 |     ).toBe(true);
         |       ^
      58 |   });
      59 | });
      60 |
        at /home/tbaltzakis/cloudless.gr/e2e/post-audit-coverage.spec.ts:57:7

    Error Context: test-results/post-audit-coverage-rate-l-3145a-ion-is-rejected-429-or-4xx--chromium/error-context.md

    Retry #1 ───────────────────────────────────────────────────────────────────────────────────────

    Error: expected at least one 429 in rapid requests; got 200,200,200,200

    expect(received).toBe(expected) // Object.is equality

    Expected: true
    Received: false

      55 |       statuses.some(s => s === 429),
      56 |       `expected at least one 429 in rapid requests; got ${statuses.join(",")}`,
    > 57 |     ).toBe(true);
         |       ^
      58 |   });
      59 | });
      60 |
        at /home/tbaltzakis/cloudless.gr/e2e/post-audit-coverage.spec.ts:57:7

    Error Context: test-results/post-audit-coverage-rate-l-3145a-ion-is-rejected-429-or-4xx--chromium-retry1/error-context.md

    attachment #2: trace (application/zip) ─────────────────────────────────────────────────────────
    test-results/post-audit-coverage-rate-l-3145a-ion-is-rejected-429-or-4xx--chromium-retry1/trace.zip
    Usage:

        npx playwright show-trace test-results/post-audit-coverage-rate-l-3145a-ion-is-rejected-429-or-4xx--chromium-retry1/trace.zip

    ────────────────────────────────────────────────────────────────────────────────────────────────

  225) [chromium] › e2e/public-api-deep.spec.ts:30:7 › GET /api/case-studies/:slug — handles unknown slug (404 or empty 200) 

    Error: expect(received).toContain(expected) // indexOf

    Expected value: 502
    Received array: [200, 301, 302, 303, 307, 308, 400, 401, 404, 503]

      32 |     // 503 is the documented "integration not configured" response (e.g. the
      33 |     // docs API returns 503 when NOTION_API_KEY/NOTION_DOCS_DB_ID are unset).
    > 34 |     expect([200, 301, 302, 303, 307, 308, 400, 401, 404, 503]).toContain(r.status());
         |                                                                ^
      35 |   });
      36 | }
      37 |
        at /home/tbaltzakis/cloudless.gr/e2e/public-api-deep.spec.ts:34:64

    attachment #1: screenshot (image/png) ──────────────────────────────────────────────────────────
    test-results/public-api-deep-GET-api-ca-f266b-nown-slug-404-or-empty-200--chromium/test-failed-1.png
    ────────────────────────────────────────────────────────────────────────────────────────────────

    attachment #2: video (video/webm) ──────────────────────────────────────────────────────────────
    test-results/public-api-deep-GET-api-ca-f266b-nown-slug-404-or-empty-200--chromium/video.webm
    ────────────────────────────────────────────────────────────────────────────────────────────────

    Error Context: test-results/public-api-deep-GET-api-ca-f266b-nown-slug-404-or-empty-200--chromium/error-context.md

    Retry #1 ───────────────────────────────────────────────────────────────────────────────────────

    Error: expect(received).toContain(expected) // indexOf

    Expected value: 502
    Received array: [200, 301, 302, 303, 307, 308, 400, 401, 404, 503]

      32 |     // 503 is the documented "integration not configured" response (e.g. the
      33 |     // docs API returns 503 when NOTION_API_KEY/NOTION_DOCS_DB_ID are unset).
    > 34 |     expect([200, 301, 302, 303, 307, 308, 400, 401, 404, 503]).toContain(r.status());
         |                                                                ^
      35 |   });
      36 | }
      37 |
        at /home/tbaltzakis/cloudless.gr/e2e/public-api-deep.spec.ts:34:64

    attachment #1: screenshot (image/png) ──────────────────────────────────────────────────────────
    test-results/public-api-deep-GET-api-ca-f266b-nown-slug-404-or-empty-200--chromium-retry1/test-failed-1.png
    ────────────────────────────────────────────────────────────────────────────────────────────────

    attachment #2: video (video/webm) ──────────────────────────────────────────────────────────────
    test-results/public-api-deep-GET-api-ca-f266b-nown-slug-404-or-empty-200--chromium-retry1/video.webm
    ────────────────────────────────────────────────────────────────────────────────────────────────

    Error Context: test-results/public-api-deep-GET-api-ca-f266b-nown-slug-404-or-empty-200--chromium-retry1/error-context.md

    attachment #4: trace (application/zip) ─────────────────────────────────────────────────────────
    test-results/public-api-deep-GET-api-ca-f266b-nown-slug-404-or-empty-200--chromium-retry1/trace.zip
    Usage:

        npx playwright show-trace test-results/public-api-deep-GET-api-ca-f266b-nown-slug-404-or-empty-200--chromium-retry1/trace.zip

    ────────────────────────────────────────────────────────────────────────────────────────────────

  226) [chromium] › e2e/public-api-deep.spec.ts:201:5 › GET /api/case-studies/sample — handles slug lookup 

    Error: expect(received).toBeLessThan(expected)

    Expected: < 500
    Received:   502

      201 | test("GET /api/case-studies/sample — handles slug lookup", async ({ request }) => {
      202 |   const r = await request.get("/api/case-studies/sample");
    > 203 |   expect(r.status()).toBeLessThan(500);
          |                      ^
      204 | });
      205 |
      206 | test("GET /api/docs/getting-started — handles slug lookup", async ({ request }) => {
        at /home/tbaltzakis/cloudless.gr/e2e/public-api-deep.spec.ts:203:22

    attachment #1: screenshot (image/png) ──────────────────────────────────────────────────────────
    test-results/public-api-deep-GET-api-ca-f17d0-ample-—-handles-slug-lookup-chromium/test-failed-1.png
    ────────────────────────────────────────────────────────────────────────────────────────────────

    attachment #2: video (video/webm) ──────────────────────────────────────────────────────────────
    test-results/public-api-deep-GET-api-ca-f17d0-ample-—-handles-slug-lookup-chromium/video.webm
    ────────────────────────────────────────────────────────────────────────────────────────────────

    Error Context: test-results/public-api-deep-GET-api-ca-f17d0-ample-—-handles-slug-lookup-chromium/error-context.md

    Retry #1 ───────────────────────────────────────────────────────────────────────────────────────

    Error: expect(received).toBeLessThan(expected)

    Expected: < 500
    Received:   502

      201 | test("GET /api/case-studies/sample — handles slug lookup", async ({ request }) => {
      202 |   const r = await request.get("/api/case-studies/sample");
    > 203 |   expect(r.status()).toBeLessThan(500);
          |                      ^
      204 | });
      205 |
      206 | test("GET /api/docs/getting-started — handles slug lookup", async ({ request }) => {
        at /home/tbaltzakis/cloudless.gr/e2e/public-api-deep.spec.ts:203:22

    attachment #1: screenshot (image/png) ──────────────────────────────────────────────────────────
    test-results/public-api-deep-GET-api-ca-f17d0-ample-—-handles-slug-lookup-chromium-retry1/test-failed-1.png
    ────────────────────────────────────────────────────────────────────────────────────────────────

    attachment #2: video (video/webm) ──────────────────────────────────────────────────────────────
    test-results/public-api-deep-GET-api-ca-f17d0-ample-—-handles-slug-lookup-chromium-retry1/video.webm
    ────────────────────────────────────────────────────────────────────────────────────────────────

    Error Context: test-results/public-api-deep-GET-api-ca-f17d0-ample-—-handles-slug-lookup-chromium-retry1/error-context.md

    attachment #4: trace (application/zip) ─────────────────────────────────────────────────────────
    test-results/public-api-deep-GET-api-ca-f17d0-ample-—-handles-slug-lookup-chromium-retry1/trace.zip
    Usage:

        npx playwright show-trace test-results/public-api-deep-GET-api-ca-f17d0-ample-—-handles-slug-lookup-chromium-retry1/trace.zip

    ────────────────────────────────────────────────────────────────────────────────────────────────

  227) [chromium] › e2e/public-pages-audit.spec.ts:175:5 › root / redirects to a locale prefix ─────

    Error: expect(received).toMatch(expected)

    Expected pattern: /\/(en|el|fr|de)/
    Received string:  "http://localhost:4000/"

      176 |   const resp = await page.goto("/", { waitUntil: "domcontentloaded" });
      177 |   const url = page.url();
    > 178 |   expect(url).toMatch(/\/(en|el|fr|de)/);
          |               ^
      179 |   expect(resp?.status()).toBeLessThan(500);
      180 | });
      181 |
        at /home/tbaltzakis/cloudless.gr/e2e/public-pages-audit.spec.ts:178:15

    attachment #1: screenshot (image/png) ──────────────────────────────────────────────────────────
    test-results/public-pages-audit-root-redirects-to-a-locale-prefix-chromium/test-failed-1.png
    ────────────────────────────────────────────────────────────────────────────────────────────────

    attachment #2: video (video/webm) ──────────────────────────────────────────────────────────────
    test-results/public-pages-audit-root-redirects-to-a-locale-prefix-chromium/video.webm
    ────────────────────────────────────────────────────────────────────────────────────────────────

    Error Context: test-results/public-pages-audit-root-redirects-to-a-locale-prefix-chromium/error-context.md

    Error Context: test-results/public-pages-audit-root-redirects-to-a-locale-prefix-chromium/error-context.md

    Retry #1 ───────────────────────────────────────────────────────────────────────────────────────

    Error: expect(received).toMatch(expected)

    Expected pattern: /\/(en|el|fr|de)/
    Received string:  "http://localhost:4000/"

      176 |   const resp = await page.goto("/", { waitUntil: "domcontentloaded" });
      177 |   const url = page.url();
    > 178 |   expect(url).toMatch(/\/(en|el|fr|de)/);
          |               ^
      179 |   expect(resp?.status()).toBeLessThan(500);
      180 | });
      181 |
        at /home/tbaltzakis/cloudless.gr/e2e/public-pages-audit.spec.ts:178:15

    attachment #1: screenshot (image/png) ──────────────────────────────────────────────────────────
    test-results/public-pages-audit-root-redirects-to-a-locale-prefix-chromium-retry1/test-failed-1.png
    ────────────────────────────────────────────────────────────────────────────────────────────────

    attachment #2: video (video/webm) ──────────────────────────────────────────────────────────────
    test-results/public-pages-audit-root-redirects-to-a-locale-prefix-chromium-retry1/video.webm
    ────────────────────────────────────────────────────────────────────────────────────────────────

    Error Context: test-results/public-pages-audit-root-redirects-to-a-locale-prefix-chromium-retry1/error-context.md

    Error Context: test-results/public-pages-audit-root-redirects-to-a-locale-prefix-chromium-retry1/error-context.md

    attachment #5: trace (application/zip) ─────────────────────────────────────────────────────────
    test-results/public-pages-audit-root-redirects-to-a-locale-prefix-chromium-retry1/trace.zip
    Usage:

        npx playwright show-trace test-results/public-pages-audit-root-redirects-to-a-locale-prefix-chromium-retry1/trace.zip

    ────────────────────────────────────────────────────────────────────────────────────────────────

  228) [chromium] › e2e/remaining-coverage-deep.spec.mts:105:1 › GET / — root redirect or render ───

    Error: expect(received).toMatch(expected)

    Expected pattern: /\/(en|el|fr|de)/
    Received string:  "http://localhost:4000/"

      107 |   expect(resp?.status()).toBeLessThan(500);
      108 |   // After server resolves middleware locale redirect, we should be on a locale
    > 109 |   expect(page.url()).toMatch(/\/(en|el|fr|de)/);
          |                      ^
      110 | });
      111 |
      112 | test("GET /icons/[name] — generated icon served", async ({ request }) => {
        at /home/tbaltzakis/cloudless.gr/e2e/remaining-coverage-deep.spec.mts:109:22

    attachment #1: screenshot (image/png) ──────────────────────────────────────────────────────────
    test-results/remaining-coverage-deep-GET-—-root-redirect-or-render-chromium/test-failed-1.png
    ────────────────────────────────────────────────────────────────────────────────────────────────

    attachment #2: video (video/webm) ──────────────────────────────────────────────────────────────
    test-results/remaining-coverage-deep-GET-—-root-redirect-or-render-chromium/video.webm
    ────────────────────────────────────────────────────────────────────────────────────────────────

    Error Context: test-results/remaining-coverage-deep-GET-—-root-redirect-or-render-chromium/error-context.md

    Retry #1 ───────────────────────────────────────────────────────────────────────────────────────

    Error: expect(received).toMatch(expected)

    Expected pattern: /\/(en|el|fr|de)/
    Received string:  "http://localhost:4000/"

      107 |   expect(resp?.status()).toBeLessThan(500);
      108 |   // After server resolves middleware locale redirect, we should be on a locale
    > 109 |   expect(page.url()).toMatch(/\/(en|el|fr|de)/);
          |                      ^
      110 | });
      111 |
      112 | test("GET /icons/[name] — generated icon served", async ({ request }) => {
        at /home/tbaltzakis/cloudless.gr/e2e/remaining-coverage-deep.spec.mts:109:22

    attachment #1: screenshot (image/png) ──────────────────────────────────────────────────────────
    test-results/remaining-coverage-deep-GET-—-root-redirect-or-render-chromium-retry1/test-failed-1.png
    ────────────────────────────────────────────────────────────────────────────────────────────────

    attachment #2: video (video/webm) ──────────────────────────────────────────────────────────────
    test-results/remaining-coverage-deep-GET-—-root-redirect-or-render-chromium-retry1/video.webm
    ────────────────────────────────────────────────────────────────────────────────────────────────

    Error Context: test-results/remaining-coverage-deep-GET-—-root-redirect-or-render-chromium-retry1/error-context.md

    attachment #4: trace (application/zip) ─────────────────────────────────────────────────────────
    test-results/remaining-coverage-deep-GET-—-root-redirect-or-render-chromium-retry1/trace.zip
    Usage:

        npx playwright show-trace test-results/remaining-coverage-deep-GET-—-root-redirect-or-render-chromium-retry1/trace.zip

    ────────────────────────────────────────────────────────────────────────────────────────────────

  229) [chromium] › e2e/security-headers.spec.ts:18:7 › security headers — cloud › HSTS preload-eligible 

    Error: expect(received).toContain(expected) // indexOf

    Expected substring: "max-age="
    Received string:    ""

      19 |     const r = await request.get(PROBE);
      20 |     const hsts = r.headers()["strict-transport-security"] ?? "";
    > 21 |     expect(hsts).toContain("max-age=");
         |                  ^
      22 |     expect(hsts).toContain("includeSubDomains");
      23 |     expect(hsts).toContain("preload");
      24 |   });
        at /home/tbaltzakis/cloudless.gr/e2e/security-headers.spec.ts:21:18

    Error Context: test-results/security-headers-security--ee325-cloud-HSTS-preload-eligible-chromium/error-context.md

    Retry #1 ───────────────────────────────────────────────────────────────────────────────────────

    Error: expect(received).toContain(expected) // indexOf

    Expected substring: "max-age="
    Received string:    ""

      19 |     const r = await request.get(PROBE);
      20 |     const hsts = r.headers()["strict-transport-security"] ?? "";
    > 21 |     expect(hsts).toContain("max-age=");
         |                  ^
      22 |     expect(hsts).toContain("includeSubDomains");
      23 |     expect(hsts).toContain("preload");
      24 |   });
        at /home/tbaltzakis/cloudless.gr/e2e/security-headers.spec.ts:21:18

    Error Context: test-results/security-headers-security--ee325-cloud-HSTS-preload-eligible-chromium-retry1/error-context.md

    attachment #2: trace (application/zip) ─────────────────────────────────────────────────────────
    test-results/security-headers-security--ee325-cloud-HSTS-preload-eligible-chromium-retry1/trace.zip
    Usage:

        npx playwright show-trace test-results/security-headers-security--ee325-cloud-HSTS-preload-eligible-chromium-retry1/trace.zip

    ────────────────────────────────────────────────────────────────────────────────────────────────

  230) [chromium] › e2e/security-headers.spec.ts:26:7 › security headers — cloud › X-Content-Type-Options nosniff 

    Error: expect(received).toBe(expected) // Object.is equality

    Expected: "nosniff"
    Received: undefined

      26 |   test("X-Content-Type-Options nosniff", async ({ request }) => {
      27 |     const r = await request.get(PROBE);
    > 28 |     expect(r.headers()["x-content-type-options"]).toBe("nosniff");
         |                                                   ^
      29 |   });
      30 |
      31 |   test("X-Frame-Options DENY", async ({ request }) => {
        at /home/tbaltzakis/cloudless.gr/e2e/security-headers.spec.ts:28:51

    Error Context: test-results/security-headers-security--1b7ec-ontent-Type-Options-nosniff-chromium/error-context.md

    Retry #1 ───────────────────────────────────────────────────────────────────────────────────────

    Error: expect(received).toBe(expected) // Object.is equality

    Expected: "nosniff"
    Received: undefined

      26 |   test("X-Content-Type-Options nosniff", async ({ request }) => {
      27 |     const r = await request.get(PROBE);
    > 28 |     expect(r.headers()["x-content-type-options"]).toBe("nosniff");
         |                                                   ^
      29 |   });
      30 |
      31 |   test("X-Frame-Options DENY", async ({ request }) => {
        at /home/tbaltzakis/cloudless.gr/e2e/security-headers.spec.ts:28:51

    Error Context: test-results/security-headers-security--1b7ec-ontent-Type-Options-nosniff-chromium-retry1/error-context.md

    attachment #2: trace (application/zip) ─────────────────────────────────────────────────────────
    test-results/security-headers-security--1b7ec-ontent-Type-Options-nosniff-chromium-retry1/trace.zip
    Usage:

        npx playwright show-trace test-results/security-headers-security--1b7ec-ontent-Type-Options-nosniff-chromium-retry1/trace.zip

    ────────────────────────────────────────────────────────────────────────────────────────────────

  231) [chromium] › e2e/security-headers.spec.ts:31:7 › security headers — cloud › X-Frame-Options DENY 

    Error: expect(received).toBe(expected) // Object.is equality

    Expected: "DENY"
    Received: undefined

      31 |   test("X-Frame-Options DENY", async ({ request }) => {
      32 |     const r = await request.get(PROBE);
    > 33 |     expect(r.headers()["x-frame-options"]).toBe("DENY");
         |                                            ^
      34 |   });
      35 |
      36 |   test("Referrer-Policy strict", async ({ request }) => {
        at /home/tbaltzakis/cloudless.gr/e2e/security-headers.spec.ts:33:44

    Error Context: test-results/security-headers-security--2be3a--cloud-X-Frame-Options-DENY-chromium/error-context.md

    Retry #1 ───────────────────────────────────────────────────────────────────────────────────────

    Error: expect(received).toBe(expected) // Object.is equality

    Expected: "DENY"
    Received: undefined

      31 |   test("X-Frame-Options DENY", async ({ request }) => {
      32 |     const r = await request.get(PROBE);
    > 33 |     expect(r.headers()["x-frame-options"]).toBe("DENY");
         |                                            ^
      34 |   });
      35 |
      36 |   test("Referrer-Policy strict", async ({ request }) => {
        at /home/tbaltzakis/cloudless.gr/e2e/security-headers.spec.ts:33:44

    Error Context: test-results/security-headers-security--2be3a--cloud-X-Frame-Options-DENY-chromium-retry1/error-context.md

    attachment #2: trace (application/zip) ─────────────────────────────────────────────────────────
    test-results/security-headers-security--2be3a--cloud-X-Frame-Options-DENY-chromium-retry1/trace.zip
    Usage:

        npx playwright show-trace test-results/security-headers-security--2be3a--cloud-X-Frame-Options-DENY-chromium-retry1/trace.zip

    ────────────────────────────────────────────────────────────────────────────────────────────────

  232) [chromium] › e2e/security-headers.spec.ts:36:7 › security headers — cloud › Referrer-Policy strict 

    Error: expect(received).toBe(expected) // Object.is equality

    Expected: "strict-origin-when-cross-origin"
    Received: undefined

      36 |   test("Referrer-Policy strict", async ({ request }) => {
      37 |     const r = await request.get(PROBE);
    > 38 |     expect(r.headers()["referrer-policy"]).toBe("strict-origin-when-cross-origin");
         |                                            ^
      39 |   });
      40 |
      41 |   test("X-Powered-By header is suppressed", async ({ request }) => {
        at /home/tbaltzakis/cloudless.gr/e2e/security-headers.spec.ts:38:44

    Error Context: test-results/security-headers-security--afc25-loud-Referrer-Policy-strict-chromium/error-context.md

    Retry #1 ───────────────────────────────────────────────────────────────────────────────────────

    Error: expect(received).toBe(expected) // Object.is equality

    Expected: "strict-origin-when-cross-origin"
    Received: undefined

      36 |   test("Referrer-Policy strict", async ({ request }) => {
      37 |     const r = await request.get(PROBE);
    > 38 |     expect(r.headers()["referrer-policy"]).toBe("strict-origin-when-cross-origin");
         |                                            ^
      39 |   });
      40 |
      41 |   test("X-Powered-By header is suppressed", async ({ request }) => {
        at /home/tbaltzakis/cloudless.gr/e2e/security-headers.spec.ts:38:44

    Error Context: test-results/security-headers-security--afc25-loud-Referrer-Policy-strict-chromium-retry1/error-context.md

    attachment #2: trace (application/zip) ─────────────────────────────────────────────────────────
    test-results/security-headers-security--afc25-loud-Referrer-Policy-strict-chromium-retry1/trace.zip
    Usage:

        npx playwright show-trace test-results/security-headers-security--afc25-loud-Referrer-Policy-strict-chromium-retry1/trace.zip

    ────────────────────────────────────────────────────────────────────────────────────────────────

  233) [chromium] › e2e/security-headers.spec.ts:48:7 › security headers — cloud › Permissions-Policy hard-blocks 24 features (post-audit hardening) 

    Error: expected "accelerometer=()" in Permissions-Policy

    expect(received).toContain(expected) // indexOf

    Expected substring: "accelerometer=()"
    Received string:    ""

      65 |       "xr-spatial-tracking=()",
      66 |     ]) {
    > 67 |       expect(pp, `expected "${directive}" in Permissions-Policy`).toContain(directive);
         |                                                                   ^
      68 |     }
      69 |     // Legitimate features kept as (self) — make sure they DIDN'T get hard-blocked.
      70 |     expect(pp).toContain("payment=(self)");
        at /home/tbaltzakis/cloudless.gr/e2e/security-headers.spec.ts:67:67

    Error Context: test-results/security-headers-security--a7042-tures-post-audit-hardening--chromium/error-context.md

    Retry #1 ───────────────────────────────────────────────────────────────────────────────────────

    Error: expected "accelerometer=()" in Permissions-Policy

    expect(received).toContain(expected) // indexOf

    Expected substring: "accelerometer=()"
    Received string:    ""

      65 |       "xr-spatial-tracking=()",
      66 |     ]) {
    > 67 |       expect(pp, `expected "${directive}" in Permissions-Policy`).toContain(directive);
         |                                                                   ^
      68 |     }
      69 |     // Legitimate features kept as (self) — make sure they DIDN'T get hard-blocked.
      70 |     expect(pp).toContain("payment=(self)");
        at /home/tbaltzakis/cloudless.gr/e2e/security-headers.spec.ts:67:67

    Error Context: test-results/security-headers-security--a7042-tures-post-audit-hardening--chromium-retry1/error-context.md

    attachment #2: trace (application/zip) ─────────────────────────────────────────────────────────
    test-results/security-headers-security--a7042-tures-post-audit-hardening--chromium-retry1/trace.zip
    Usage:

        npx playwright show-trace test-results/security-headers-security--a7042-tures-post-audit-hardening--chromium-retry1/trace.zip

    ────────────────────────────────────────────────────────────────────────────────────────────────

  234) [chromium] › e2e/security-headers.spec.ts:74:7 › security headers — cloud › CSP header is set with all expected directives 

    Error: expected CSP header

    expect(received).toBeGreaterThan(expected)

    Expected: > 0
    Received:   0

      75 |     const r = await request.get(PROBE);
      76 |     const csp = r.headers()["content-security-policy"] ?? "";
    > 77 |     expect(csp.length, "expected CSP header").toBeGreaterThan(0);
         |                                               ^
      78 |     // Pinned directives — changes here are deliberate edits to src/proxy.ts.
      79 |     for (const piece of [
      80 |       "default-src 'self'",
        at /home/tbaltzakis/cloudless.gr/e2e/security-headers.spec.ts:77:47

    Error Context: test-results/security-headers-security--bd9d4-ith-all-expected-directives-chromium/error-context.md

    Retry #1 ───────────────────────────────────────────────────────────────────────────────────────

    Error: expected CSP header

    expect(received).toBeGreaterThan(expected)

    Expected: > 0
    Received:   0

      75 |     const r = await request.get(PROBE);
      76 |     const csp = r.headers()["content-security-policy"] ?? "";
    > 77 |     expect(csp.length, "expected CSP header").toBeGreaterThan(0);
         |                                               ^
      78 |     // Pinned directives — changes here are deliberate edits to src/proxy.ts.
      79 |     for (const piece of [
      80 |       "default-src 'self'",
        at /home/tbaltzakis/cloudless.gr/e2e/security-headers.spec.ts:77:47

    Error Context: test-results/security-headers-security--bd9d4-ith-all-expected-directives-chromium-retry1/error-context.md

    attachment #2: trace (application/zip) ─────────────────────────────────────────────────────────
    test-results/security-headers-security--bd9d4-ith-all-expected-directives-chromium-retry1/trace.zip
    Usage:

        npx playwright show-trace test-results/security-headers-security--bd9d4-ith-all-expected-directives-chromium-retry1/trace.zip

    ────────────────────────────────────────────────────────────────────────────────────────────────

  235) [chromium] › e2e/security-headers.spec.ts:93:7 › security headers — cloud › CSP allows Google Analytics and GTM hosts 

    Error: expect(received).toContain(expected) // indexOf

    Expected substring: "https://www.googletagmanager.com"
    Received string:    ""

       95 |     const csp = r.headers()["content-security-policy"] ?? "";
       96 |     // script-src must allow the GTM loader
    >  97 |     expect(csp).toContain("https://www.googletagmanager.com");
          |                 ^
       98 |     // connect-src must allow GA4 collection endpoints
       99 |     expect(csp).toContain("https://www.google-analytics.com");
      100 |     expect(csp).toContain("https://analytics.google.com");
        at /home/tbaltzakis/cloudless.gr/e2e/security-headers.spec.ts:97:17

    Error Context: test-results/security-headers-security--db6b5-gle-Analytics-and-GTM-hosts-chromium/error-context.md

    Retry #1 ───────────────────────────────────────────────────────────────────────────────────────

    Error: expect(received).toContain(expected) // indexOf

    Expected substring: "https://www.googletagmanager.com"
    Received string:    ""

       95 |     const csp = r.headers()["content-security-policy"] ?? "";
       96 |     // script-src must allow the GTM loader
    >  97 |     expect(csp).toContain("https://www.googletagmanager.com");
          |                 ^
       98 |     // connect-src must allow GA4 collection endpoints
       99 |     expect(csp).toContain("https://www.google-analytics.com");
      100 |     expect(csp).toContain("https://analytics.google.com");
        at /home/tbaltzakis/cloudless.gr/e2e/security-headers.spec.ts:97:17

    Error Context: test-results/security-headers-security--db6b5-gle-Analytics-and-GTM-hosts-chromium-retry1/error-context.md

    attachment #2: trace (application/zip) ─────────────────────────────────────────────────────────
    test-results/security-headers-security--db6b5-gle-Analytics-and-GTM-hosts-chromium-retry1/trace.zip
    Usage:

        npx playwright show-trace test-results/security-headers-security--db6b5-gle-Analytics-and-GTM-hosts-chromium-retry1/trace.zip

    ────────────────────────────────────────────────────────────────────────────────────────────────

  236) [chromium] › e2e/security-headers.spec.ts:103:7 › security headers — cloud › CSP allows LinkedIn Insight Tag hosts 

    Error: expect(received).toContain(expected) // indexOf

    Expected substring: "https://snap.licdn.com"
    Received string:    ""

      104 |     const r = await request.get(PROBE);
      105 |     const csp = r.headers()["content-security-policy"] ?? "";
    > 106 |     expect(csp).toContain("https://snap.licdn.com");
          |                 ^
      107 |     expect(csp).toContain("https://px.ads.linkedin.com");
      108 |   });
      109 |
        at /home/tbaltzakis/cloudless.gr/e2e/security-headers.spec.ts:106:17

    Error Context: test-results/security-headers-security--d6783--LinkedIn-Insight-Tag-hosts-chromium/error-context.md

    Retry #1 ───────────────────────────────────────────────────────────────────────────────────────

    Error: expect(received).toContain(expected) // indexOf

    Expected substring: "https://snap.licdn.com"
    Received string:    ""

      104 |     const r = await request.get(PROBE);
      105 |     const csp = r.headers()["content-security-policy"] ?? "";
    > 106 |     expect(csp).toContain("https://snap.licdn.com");
          |                 ^
      107 |     expect(csp).toContain("https://px.ads.linkedin.com");
      108 |   });
      109 |
        at /home/tbaltzakis/cloudless.gr/e2e/security-headers.spec.ts:106:17

    Error Context: test-results/security-headers-security--d6783--LinkedIn-Insight-Tag-hosts-chromium-retry1/error-context.md

    attachment #2: trace (application/zip) ─────────────────────────────────────────────────────────
    test-results/security-headers-security--d6783--LinkedIn-Insight-Tag-hosts-chromium-retry1/trace.zip
    Usage:

        npx playwright show-trace test-results/security-headers-security--d6783--LinkedIn-Insight-Tag-hosts-chromium-retry1/trace.zip

    ────────────────────────────────────────────────────────────────────────────────────────────────

  237) [chromium] › e2e/security-headers.spec.ts:110:7 › security headers — cloud › Report-To header advertises the csp-endpoint group 

    Error: expected Report-To header

    expect(received).not.toBe(expected) // Object.is equality

    Expected: not ""

      111 |     const r = await request.get(PROBE);
      112 |     const reportTo = r.headers()["report-to"] ?? "";
    > 113 |     expect(reportTo, "expected Report-To header").not.toBe("");
          |                                                       ^
      114 |     const parsed = JSON.parse(reportTo);
      115 |     expect(parsed.group).toBe("csp-endpoint");
      116 |     expect(parsed.endpoints).toHaveLength(1);
        at /home/tbaltzakis/cloudless.gr/e2e/security-headers.spec.ts:113:55

    Error Context: test-results/security-headers-security--782dc-ises-the-csp-endpoint-group-chromium/error-context.md

    Retry #1 ───────────────────────────────────────────────────────────────────────────────────────

    Error: expected Report-To header

    expect(received).not.toBe(expected) // Object.is equality

    Expected: not ""

      111 |     const r = await request.get(PROBE);
      112 |     const reportTo = r.headers()["report-to"] ?? "";
    > 113 |     expect(reportTo, "expected Report-To header").not.toBe("");
          |                                                       ^
      114 |     const parsed = JSON.parse(reportTo);
      115 |     expect(parsed.group).toBe("csp-endpoint");
      116 |     expect(parsed.endpoints).toHaveLength(1);
        at /home/tbaltzakis/cloudless.gr/e2e/security-headers.spec.ts:113:55

    Error Context: test-results/security-headers-security--782dc-ises-the-csp-endpoint-group-chromium-retry1/error-context.md

    attachment #2: trace (application/zip) ─────────────────────────────────────────────────────────
    test-results/security-headers-security--782dc-ises-the-csp-endpoint-group-chromium-retry1/trace.zip
    Usage:

        npx playwright show-trace test-results/security-headers-security--782dc-ises-the-csp-endpoint-group-chromium-retry1/trace.zip

    ────────────────────────────────────────────────────────────────────────────────────────────────

  238) [chromium] › e2e/test-mcp-servers.spec.mts:189:3 › OpenNext.js Configuration › open-next.config.ts exists and is valid 

    Error: Should have cachingStrategy or incrementalCache configuration

    expect(received).toBeTruthy()

    Received: false

      199 |       content.includes("cachingStrategy") || content.includes("incrementalCache"),
      200 |       "Should have cachingStrategy or incrementalCache configuration"
    > 201 |     ).toBeTruthy();
          |       ^
      202 |   });
      203 |
      204 |   test("Next.js version is compatible with OpenNext.js", async () => {
        at /home/tbaltzakis/cloudless.gr/e2e/test-mcp-servers.spec.mts:201:7

    Error Context: test-results/test-mcp-servers-OpenNext--d6717-nfig-ts-exists-and-is-valid-chromium/error-context.md

    Retry #1 ───────────────────────────────────────────────────────────────────────────────────────

    Error: Should have cachingStrategy or incrementalCache configuration

    expect(received).toBeTruthy()

    Received: false

      199 |       content.includes("cachingStrategy") || content.includes("incrementalCache"),
      200 |       "Should have cachingStrategy or incrementalCache configuration"
    > 201 |     ).toBeTruthy();
          |       ^
      202 |   });
      203 |
      204 |   test("Next.js version is compatible with OpenNext.js", async () => {
        at /home/tbaltzakis/cloudless.gr/e2e/test-mcp-servers.spec.mts:201:7

    Error Context: test-results/test-mcp-servers-OpenNext--d6717-nfig-ts-exists-and-is-valid-chromium-retry1/error-context.md

    attachment #2: trace (application/zip) ─────────────────────────────────────────────────────────
    test-results/test-mcp-servers-OpenNext--d6717-nfig-ts-exists-and-is-valid-chromium-retry1/trace.zip
    Usage:

        npx playwright show-trace test-results/test-mcp-servers-OpenNext--d6717-nfig-ts-exists-and-is-valid-chromium-retry1/trace.zip

    ────────────────────────────────────────────────────────────────────────────────────────────────

  239) [chromium] › e2e/theme-switcher.spec.ts:33:7 › ThemeSwitcher (desktop popover) › picking Light writes localStorage and applies data-theme=light 

    Test timeout of 60000ms exceeded.

    Error: locator.click: Test timeout of 60000ms exceeded.
    Call log:
      - waiting for getByRole('option', { name: /Light/i })


      36 |     await page.goto("/");
      37 |     await page.getByRole("button", { name: /Theme:/i }).click();
    > 38 |     await page.getByRole("option", { name: /Light/i }).click();
         |                                                        ^
      39 |
      40 |     const stored = await page.evaluate(
      41 |       (key) => window.localStorage.getItem(key),
        at /home/tbaltzakis/cloudless.gr/e2e/theme-switcher.spec.ts:38:56

    attachment #1: screenshot (image/png) ──────────────────────────────────────────────────────────
    test-results/theme-switcher-ThemeSwitch-387bf-nd-applies-data-theme-light-chromium/test-failed-1.png
    ────────────────────────────────────────────────────────────────────────────────────────────────

    attachment #2: video (video/webm) ──────────────────────────────────────────────────────────────
    test-results/theme-switcher-ThemeSwitch-387bf-nd-applies-data-theme-light-chromium/video.webm
    ────────────────────────────────────────────────────────────────────────────────────────────────

    Error Context: test-results/theme-switcher-ThemeSwitch-387bf-nd-applies-data-theme-light-chromium/error-context.md

    Retry #1 ───────────────────────────────────────────────────────────────────────────────────────

    Test timeout of 60000ms exceeded.

    Error: locator.click: Test timeout of 60000ms exceeded.
    Call log:
      - waiting for getByRole('option', { name: /Light/i })


      36 |     await page.goto("/");
      37 |     await page.getByRole("button", { name: /Theme:/i }).click();
    > 38 |     await page.getByRole("option", { name: /Light/i }).click();
         |                                                        ^
      39 |
      40 |     const stored = await page.evaluate(
      41 |       (key) => window.localStorage.getItem(key),
        at /home/tbaltzakis/cloudless.gr/e2e/theme-switcher.spec.ts:38:56

    attachment #1: screenshot (image/png) ──────────────────────────────────────────────────────────
    test-results/theme-switcher-ThemeSwitch-387bf-nd-applies-data-theme-light-chromium-retry1/test-failed-1.png
    ────────────────────────────────────────────────────────────────────────────────────────────────

    attachment #2: video (video/webm) ──────────────────────────────────────────────────────────────
    test-results/theme-switcher-ThemeSwitch-387bf-nd-applies-data-theme-light-chromium-retry1/video.webm
    ────────────────────────────────────────────────────────────────────────────────────────────────

    Error Context: test-results/theme-switcher-ThemeSwitch-387bf-nd-applies-data-theme-light-chromium-retry1/error-context.md

    attachment #4: trace (application/zip) ─────────────────────────────────────────────────────────
    test-results/theme-switcher-ThemeSwitch-387bf-nd-applies-data-theme-light-chromium-retry1/trace.zip
    Usage:

        npx playwright show-trace test-results/theme-switcher-ThemeSwitch-387bf-nd-applies-data-theme-light-chromium-retry1/trace.zip

    ────────────────────────────────────────────────────────────────────────────────────────────────

  240) [chromium] › e2e/ui/components/button.spec.ts:43:7 › Button Component › should have proper button states 

    Error: expect(received).toBe(expected) // Object.is equality

    Expected: "pointer"
    Received: "none"

      62 |         return window.getComputedStyle(el).cursor;
      63 |       });
    > 64 |       expect(cursor).toBe('pointer');
         |                      ^
      65 |       
      66 |       // Check focus outline (basic check)
      67 |       await button.focus();
        at /home/tbaltzakis/cloudless.gr/e2e/ui/components/button.spec.ts:64:22

    attachment #1: screenshot (image/png) ──────────────────────────────────────────────────────────
    test-results/ui-components-button-Butto-e63e6-d-have-proper-button-states-chromium/test-failed-1.png
    ────────────────────────────────────────────────────────────────────────────────────────────────

    attachment #2: video (video/webm) ──────────────────────────────────────────────────────────────
    test-results/ui-components-button-Butto-e63e6-d-have-proper-button-states-chromium/video.webm
    ────────────────────────────────────────────────────────────────────────────────────────────────

    Error Context: test-results/ui-components-button-Butto-e63e6-d-have-proper-button-states-chromium/error-context.md

    Retry #1 ───────────────────────────────────────────────────────────────────────────────────────

    Error: expect(received).toBe(expected) // Object.is equality

    Expected: "pointer"
    Received: "none"

      62 |         return window.getComputedStyle(el).cursor;
      63 |       });
    > 64 |       expect(cursor).toBe('pointer');
         |                      ^
      65 |       
      66 |       // Check focus outline (basic check)
      67 |       await button.focus();
        at /home/tbaltzakis/cloudless.gr/e2e/ui/components/button.spec.ts:64:22

    attachment #1: screenshot (image/png) ──────────────────────────────────────────────────────────
    test-results/ui-components-button-Butto-e63e6-d-have-proper-button-states-chromium-retry1/test-failed-1.png
    ────────────────────────────────────────────────────────────────────────────────────────────────

    attachment #2: video (video/webm) ──────────────────────────────────────────────────────────────
    test-results/ui-components-button-Butto-e63e6-d-have-proper-button-states-chromium-retry1/video.webm
    ────────────────────────────────────────────────────────────────────────────────────────────────

    Error Context: test-results/ui-components-button-Butto-e63e6-d-have-proper-button-states-chromium-retry1/error-context.md

    attachment #4: trace (application/zip) ─────────────────────────────────────────────────────────
    test-results/ui-components-button-Butto-e63e6-d-have-proper-button-states-chromium-retry1/trace.zip
    Usage:

        npx playwright show-trace test-results/ui-components-button-Butto-e63e6-d-have-proper-button-states-chromium-retry1/trace.zip

    ────────────────────────────────────────────────────────────────────────────────────────────────

  241) [chromium] › e2e/ui/components/button.spec.ts:76:7 › Button Component › should have accessible button labels 

    Error: expect(locator).toBeVisible() failed

    Locator:  locator('button, .btn').nth(3)
    Expected: visible
    Received: hidden
    Timeout:  20000ms

    Call log:
      - Expect "toBeVisible" with timeout 20000ms
      - waiting for locator('button, .btn').nth(3)
        42 × locator resolved to <button type="button" aria-expanded="false" aria-label="Toggle menu" class="text-neon-cyan p-2 lg:hidden">…</button>
           - unexpected value "hidden"


      85 |       const button = buttons.nth(i);
      86 |       
    > 87 |       await expect(button).toBeVisible();
         |                            ^
      88 |       await expect(button).toBeEnabled();
      89 |       
      90 |       // Check for accessible name (text content, aria-label, or aria-labelledby)
        at /home/tbaltzakis/cloudless.gr/e2e/ui/components/button.spec.ts:87:28

    attachment #1: screenshot (image/png) ──────────────────────────────────────────────────────────
    test-results/ui-components-button-Butto-6d8db-ve-accessible-button-labels-chromium/test-failed-1.png
    ────────────────────────────────────────────────────────────────────────────────────────────────

    attachment #2: video (video/webm) ──────────────────────────────────────────────────────────────
    test-results/ui-components-button-Butto-6d8db-ve-accessible-button-labels-chromium/video.webm
    ────────────────────────────────────────────────────────────────────────────────────────────────

    Error Context: test-results/ui-components-button-Butto-6d8db-ve-accessible-button-labels-chromium/error-context.md

    Retry #1 ───────────────────────────────────────────────────────────────────────────────────────

    Error: expect(locator).toBeVisible() failed

    Locator:  locator('button, .btn').nth(3)
    Expected: visible
    Received: hidden
    Timeout:  20000ms

    Call log:
      - Expect "toBeVisible" with timeout 20000ms
      - waiting for locator('button, .btn').nth(3)
        42 × locator resolved to <button type="button" aria-expanded="false" aria-label="Toggle menu" class="text-neon-cyan p-2 lg:hidden">…</button>
           - unexpected value "hidden"


      85 |       const button = buttons.nth(i);
      86 |       
    > 87 |       await expect(button).toBeVisible();
         |                            ^
      88 |       await expect(button).toBeEnabled();
      89 |       
      90 |       // Check for accessible name (text content, aria-label, or aria-labelledby)
        at /home/tbaltzakis/cloudless.gr/e2e/ui/components/button.spec.ts:87:28

    attachment #1: screenshot (image/png) ──────────────────────────────────────────────────────────
    test-results/ui-components-button-Butto-6d8db-ve-accessible-button-labels-chromium-retry1/test-failed-1.png
    ────────────────────────────────────────────────────────────────────────────────────────────────

    attachment #2: video (video/webm) ──────────────────────────────────────────────────────────────
    test-results/ui-components-button-Butto-6d8db-ve-accessible-button-labels-chromium-retry1/video.webm
    ────────────────────────────────────────────────────────────────────────────────────────────────

    Error Context: test-results/ui-components-button-Butto-6d8db-ve-accessible-button-labels-chromium-retry1/error-context.md

    attachment #4: trace (application/zip) ─────────────────────────────────────────────────────────
    test-results/ui-components-button-Butto-6d8db-ve-accessible-button-labels-chromium-retry1/trace.zip
    Usage:

        npx playwright show-trace test-results/ui-components-button-Butto-6d8db-ve-accessible-button-labels-chromium-retry1/trace.zip

    ────────────────────────────────────────────────────────────────────────────────────────────────

  242) [chromium] › e2e/ui/components/button.spec.ts:228:9 › Button Component › Responsive Design › should render correctly on mobile 

    Error: expect(locator).toBeVisible() failed

    Locator:  locator('button, .btn').first()
    Expected: visible
    Received: hidden
    Timeout:  20000ms

    Call log:
      - Expect "toBeVisible" with timeout 20000ms
      - waiting for locator('button, .btn').first()
        42 × locator resolved to <button aria-label="Open cart" class="relative p-2 text-slate-300 transition-colors hover:text-white">…</button>
           - unexpected value "hidden"


      240 |         const button = buttons.nth(i);
      241 |         
    > 242 |         await expect(button).toBeVisible();
          |                              ^
      243 |         await expect(button).toBeEnabled();
      244 |         
      245 |         // Check minimum touch target size (44x48px per WCAG)
        at /home/tbaltzakis/cloudless.gr/e2e/ui/components/button.spec.ts:242:30

    attachment #1: screenshot (image/png) ──────────────────────────────────────────────────────────
    test-results/ui-components-button-Butto-4bfe3--render-correctly-on-mobile-chromium/test-failed-1.png
    ────────────────────────────────────────────────────────────────────────────────────────────────

    attachment #2: video (video/webm) ──────────────────────────────────────────────────────────────
    test-results/ui-components-button-Butto-4bfe3--render-correctly-on-mobile-chromium/video.webm
    ────────────────────────────────────────────────────────────────────────────────────────────────

    Error Context: test-results/ui-components-button-Butto-4bfe3--render-correctly-on-mobile-chromium/error-context.md

    Retry #1 ───────────────────────────────────────────────────────────────────────────────────────

    Error: expect(locator).toBeVisible() failed

    Locator:  locator('button, .btn').first()
    Expected: visible
    Received: hidden
    Timeout:  20000ms

    Call log:
      - Expect "toBeVisible" with timeout 20000ms
      - waiting for locator('button, .btn').first()
        42 × locator resolved to <button aria-label="Open cart" class="relative p-2 text-slate-300 transition-colors hover:text-white">…</button>
           - unexpected value "hidden"


      240 |         const button = buttons.nth(i);
      241 |         
    > 242 |         await expect(button).toBeVisible();
          |                              ^
      243 |         await expect(button).toBeEnabled();
      244 |         
      245 |         // Check minimum touch target size (44x48px per WCAG)
        at /home/tbaltzakis/cloudless.gr/e2e/ui/components/button.spec.ts:242:30

    attachment #1: screenshot (image/png) ──────────────────────────────────────────────────────────
    test-results/ui-components-button-Butto-4bfe3--render-correctly-on-mobile-chromium-retry1/test-failed-1.png
    ────────────────────────────────────────────────────────────────────────────────────────────────

    attachment #2: video (video/webm) ──────────────────────────────────────────────────────────────
    test-results/ui-components-button-Butto-4bfe3--render-correctly-on-mobile-chromium-retry1/video.webm
    ────────────────────────────────────────────────────────────────────────────────────────────────

    Error Context: test-results/ui-components-button-Butto-4bfe3--render-correctly-on-mobile-chromium-retry1/error-context.md

    attachment #4: trace (application/zip) ─────────────────────────────────────────────────────────
    test-results/ui-components-button-Butto-4bfe3--render-correctly-on-mobile-chromium-retry1/trace.zip
    Usage:

        npx playwright show-trace test-results/ui-components-button-Butto-4bfe3--render-correctly-on-mobile-chromium-retry1/trace.zip

    ────────────────────────────────────────────────────────────────────────────────────────────────

  243) [chromium] › e2e/ui/components/button.spec.ts:257:9 › Button Component › Responsive Design › should render correctly on tablet 

    Error: expect(locator).toBeVisible() failed

    Locator:  locator('button, .btn').first()
    Expected: visible
    Received: hidden
    Timeout:  20000ms

    Call log:
      - Expect "toBeVisible" with timeout 20000ms
      - waiting for locator('button, .btn').first()
        42 × locator resolved to <button aria-label="Open cart" class="relative p-2 text-slate-300 transition-colors hover:text-white">…</button>
           - unexpected value "hidden"


      269 |         const button = buttons.nth(i);
      270 |         
    > 271 |         await expect(button).toBeVisible();
          |                              ^
      272 |         await expect(button).toBeEnabled();
      273 |       }
      274 |     });
        at /home/tbaltzakis/cloudless.gr/e2e/ui/components/button.spec.ts:271:30

    attachment #1: screenshot (image/png) ──────────────────────────────────────────────────────────
    test-results/ui-components-button-Butto-5ba72--render-correctly-on-tablet-chromium/test-failed-1.png
    ────────────────────────────────────────────────────────────────────────────────────────────────

    attachment #2: video (video/webm) ──────────────────────────────────────────────────────────────
    test-results/ui-components-button-Butto-5ba72--render-correctly-on-tablet-chromium/video.webm
    ────────────────────────────────────────────────────────────────────────────────────────────────

    Error Context: test-results/ui-components-button-Butto-5ba72--render-correctly-on-tablet-chromium/error-context.md

    Retry #1 ───────────────────────────────────────────────────────────────────────────────────────

    Error: expect(locator).toBeVisible() failed

    Locator:  locator('button, .btn').first()
    Expected: visible
    Received: hidden
    Timeout:  20000ms

    Call log:
      - Expect "toBeVisible" with timeout 20000ms
      - waiting for locator('button, .btn').first()
        42 × locator resolved to <button aria-label="Open cart" class="relative p-2 text-slate-300 transition-colors hover:text-white">…</button>
           - unexpected value "hidden"


      269 |         const button = buttons.nth(i);
      270 |         
    > 271 |         await expect(button).toBeVisible();
          |                              ^
      272 |         await expect(button).toBeEnabled();
      273 |       }
      274 |     });
        at /home/tbaltzakis/cloudless.gr/e2e/ui/components/button.spec.ts:271:30

    attachment #1: screenshot (image/png) ──────────────────────────────────────────────────────────
    test-results/ui-components-button-Butto-5ba72--render-correctly-on-tablet-chromium-retry1/test-failed-1.png
    ────────────────────────────────────────────────────────────────────────────────────────────────

    attachment #2: video (video/webm) ──────────────────────────────────────────────────────────────
    test-results/ui-components-button-Butto-5ba72--render-correctly-on-tablet-chromium-retry1/video.webm
    ────────────────────────────────────────────────────────────────────────────────────────────────

    Error Context: test-results/ui-components-button-Butto-5ba72--render-correctly-on-tablet-chromium-retry1/error-context.md

    attachment #4: trace (application/zip) ─────────────────────────────────────────────────────────
    test-results/ui-components-button-Butto-5ba72--render-correctly-on-tablet-chromium-retry1/trace.zip
    Usage:

        npx playwright show-trace test-results/ui-components-button-Butto-5ba72--render-correctly-on-tablet-chromium-retry1/trace.zip

    ────────────────────────────────────────────────────────────────────────────────────────────────

  244) [chromium] › e2e/ui/components/button.spec.ts:328:9 › Button Component › Accessibility › should have accessible names 

    Error: expect(locator).toBeVisible() failed

    Locator:  locator('button, .btn').nth(3)
    Expected: visible
    Received: hidden
    Timeout:  20000ms

    Call log:
      - Expect "toBeVisible" with timeout 20000ms
      - waiting for locator('button, .btn').nth(3)
        42 × locator resolved to <button type="button" aria-expanded="false" aria-label="Toggle menu" class="text-neon-cyan p-2 lg:hidden">…</button>
           - unexpected value "hidden"


      337 |         const button = buttons.nth(i);
      338 |         
    > 339 |         await expect(button).toBeVisible();
          |                              ^
      340 |         await expect(button).toBeEnabled();
      341 |         
      342 |         // Check for accessible name (text content, aria-label, or aria-labelledby)
        at /home/tbaltzakis/cloudless.gr/e2e/ui/components/button.spec.ts:339:30

    attachment #1: screenshot (image/png) ──────────────────────────────────────────────────────────
    test-results/ui-components-button-Butto-0c3cb-hould-have-accessible-names-chromium/test-failed-1.png
    ────────────────────────────────────────────────────────────────────────────────────────────────

    attachment #2: video (video/webm) ──────────────────────────────────────────────────────────────
    test-results/ui-components-button-Butto-0c3cb-hould-have-accessible-names-chromium/video.webm
    ────────────────────────────────────────────────────────────────────────────────────────────────

    Error Context: test-results/ui-components-button-Butto-0c3cb-hould-have-accessible-names-chromium/error-context.md

    Retry #1 ───────────────────────────────────────────────────────────────────────────────────────

    Error: expect(locator).toBeVisible() failed

    Locator:  locator('button, .btn').nth(3)
    Expected: visible
    Received: hidden
    Timeout:  20000ms

    Call log:
      - Expect "toBeVisible" with timeout 20000ms
      - waiting for locator('button, .btn').nth(3)
        42 × locator resolved to <button type="button" aria-expanded="false" aria-label="Toggle menu" class="text-neon-cyan p-2 lg:hidden">…</button>
           - unexpected value "hidden"


      337 |         const button = buttons.nth(i);
      338 |         
    > 339 |         await expect(button).toBeVisible();
          |                              ^
      340 |         await expect(button).toBeEnabled();
      341 |         
      342 |         // Check for accessible name (text content, aria-label, or aria-labelledby)
        at /home/tbaltzakis/cloudless.gr/e2e/ui/components/button.spec.ts:339:30

    attachment #1: screenshot (image/png) ──────────────────────────────────────────────────────────
    test-results/ui-components-button-Butto-0c3cb-hould-have-accessible-names-chromium-retry1/test-failed-1.png
    ────────────────────────────────────────────────────────────────────────────────────────────────

    attachment #2: video (video/webm) ──────────────────────────────────────────────────────────────
    test-results/ui-components-button-Butto-0c3cb-hould-have-accessible-names-chromium-retry1/video.webm
    ────────────────────────────────────────────────────────────────────────────────────────────────

    Error Context: test-results/ui-components-button-Butto-0c3cb-hould-have-accessible-names-chromium-retry1/error-context.md

    attachment #4: trace (application/zip) ─────────────────────────────────────────────────────────
    test-results/ui-components-button-Butto-0c3cb-hould-have-accessible-names-chromium-retry1/trace.zip
    Usage:

        npx playwright show-trace test-results/ui-components-button-Butto-0c3cb-hould-have-accessible-names-chromium-retry1/trace.zip

    ────────────────────────────────────────────────────────────────────────────────────────────────

  245) [chromium] › e2e/ui/components/button.spec.ts:360:9 › Button Component › Accessibility › should be keyboard accessible 

    TypeError: (0 , _test.expect)(...).toBeFocusable is not a function

      373 |         
      374 |         // Check that button is focusable
    > 375 |         await expect(button).toBeFocusable();
          |                              ^
      376 |         
      377 |         // Check that button can be activated with Enter key
      378 |         await button.focus();
        at /home/tbaltzakis/cloudless.gr/e2e/ui/components/button.spec.ts:375:30

    attachment #1: screenshot (image/png) ──────────────────────────────────────────────────────────
    test-results/ui-components-button-Butto-3a590-ould-be-keyboard-accessible-chromium/test-failed-1.png
    ────────────────────────────────────────────────────────────────────────────────────────────────

    attachment #2: video (video/webm) ──────────────────────────────────────────────────────────────
    test-results/ui-components-button-Butto-3a590-ould-be-keyboard-accessible-chromium/video.webm
    ────────────────────────────────────────────────────────────────────────────────────────────────

    Error Context: test-results/ui-components-button-Butto-3a590-ould-be-keyboard-accessible-chromium/error-context.md

    Retry #1 ───────────────────────────────────────────────────────────────────────────────────────

    TypeError: (0 , _test.expect)(...).toBeFocusable is not a function

      373 |         
      374 |         // Check that button is focusable
    > 375 |         await expect(button).toBeFocusable();
          |                              ^
      376 |         
      377 |         // Check that button can be activated with Enter key
      378 |         await button.focus();
        at /home/tbaltzakis/cloudless.gr/e2e/ui/components/button.spec.ts:375:30

    attachment #1: screenshot (image/png) ──────────────────────────────────────────────────────────
    test-results/ui-components-button-Butto-3a590-ould-be-keyboard-accessible-chromium-retry1/test-failed-1.png
    ────────────────────────────────────────────────────────────────────────────────────────────────

    attachment #2: video (video/webm) ──────────────────────────────────────────────────────────────
    test-results/ui-components-button-Butto-3a590-ould-be-keyboard-accessible-chromium-retry1/video.webm
    ────────────────────────────────────────────────────────────────────────────────────────────────

    Error Context: test-results/ui-components-button-Butto-3a590-ould-be-keyboard-accessible-chromium-retry1/error-context.md

    attachment #4: trace (application/zip) ─────────────────────────────────────────────────────────
    test-results/ui-components-button-Butto-3a590-ould-be-keyboard-accessible-chromium-retry1/trace.zip
    Usage:

        npx playwright show-trace test-results/ui-components-button-Butto-3a590-ould-be-keyboard-accessible-chromium-retry1/trace.zip

    ────────────────────────────────────────────────────────────────────────────────────────────────

  246) [chromium] › e2e/ui/components/card.spec.ts:21:7 › Card Component › should render card containers 

    Error: expect(received).toBeGreaterThan(expected)

    Expected: > 0
    Received:   0

      24 |     const count = await cards.count();
      25 |     
    > 26 |     expect(count).toBeGreaterThan(0);
         |                   ^
      27 |     
      28 |     // Check that at least one card is visible
      29 |     await expect(cards.first()).toBeVisible();
        at /home/tbaltzakis/cloudless.gr/e2e/ui/components/card.spec.ts:26:19

    attachment #1: screenshot (image/png) ──────────────────────────────────────────────────────────
    test-results/ui-components-card-Card-Co-cc3b8-ould-render-card-containers-chromium/test-failed-1.png
    ────────────────────────────────────────────────────────────────────────────────────────────────

    attachment #2: video (video/webm) ──────────────────────────────────────────────────────────────
    test-results/ui-components-card-Card-Co-cc3b8-ould-render-card-containers-chromium/video.webm
    ────────────────────────────────────────────────────────────────────────────────────────────────

    Error Context: test-results/ui-components-card-Card-Co-cc3b8-ould-render-card-containers-chromium/error-context.md

    Retry #1 ───────────────────────────────────────────────────────────────────────────────────────

    Error: expect(received).toBeGreaterThan(expected)

    Expected: > 0
    Received:   0

      24 |     const count = await cards.count();
      25 |     
    > 26 |     expect(count).toBeGreaterThan(0);
         |                   ^
      27 |     
      28 |     // Check that at least one card is visible
      29 |     await expect(cards.first()).toBeVisible();
        at /home/tbaltzakis/cloudless.gr/e2e/ui/components/card.spec.ts:26:19

    attachment #1: screenshot (image/png) ──────────────────────────────────────────────────────────
    test-results/ui-components-card-Card-Co-cc3b8-ould-render-card-containers-chromium-retry1/test-failed-1.png
    ────────────────────────────────────────────────────────────────────────────────────────────────

    attachment #2: video (video/webm) ──────────────────────────────────────────────────────────────
    test-results/ui-components-card-Card-Co-cc3b8-ould-render-card-containers-chromium-retry1/video.webm
    ────────────────────────────────────────────────────────────────────────────────────────────────

    Error Context: test-results/ui-components-card-Card-Co-cc3b8-ould-render-card-containers-chromium-retry1/error-context.md

    attachment #4: trace (application/zip) ─────────────────────────────────────────────────────────
    test-results/ui-components-card-Card-Co-cc3b8-ould-render-card-containers-chromium-retry1/trace.zip
    Usage:

        npx playwright show-trace test-results/ui-components-card-Card-Co-cc3b8-ould-render-card-containers-chromium-retry1/trace.zip

    ────────────────────────────────────────────────────────────────────────────────────────────────

  247) [chromium] › e2e/ui/components/card.spec.ts:32:7 › Card Component › should have proper card structure 

    Error: expect(received).toBeGreaterThan(expected)

    Expected: > 0
    Received:   0

      34 |     const count = await cards.count();
      35 |     
    > 36 |     expect(count).toBeGreaterThan(0);
         |                   ^
      37 |     
      38 |     // Check a sample of cards for structure
      39 |     const sampleSize = Math.min(3, count);
        at /home/tbaltzakis/cloudless.gr/e2e/ui/components/card.spec.ts:36:19

    attachment #1: screenshot (image/png) ──────────────────────────────────────────────────────────
    test-results/ui-components-card-Card-Co-9f1cf--have-proper-card-structure-chromium/test-failed-1.png
    ────────────────────────────────────────────────────────────────────────────────────────────────

    attachment #2: video (video/webm) ──────────────────────────────────────────────────────────────
    test-results/ui-components-card-Card-Co-9f1cf--have-proper-card-structure-chromium/video.webm
    ────────────────────────────────────────────────────────────────────────────────────────────────

    Error Context: test-results/ui-components-card-Card-Co-9f1cf--have-proper-card-structure-chromium/error-context.md

    Retry #1 ───────────────────────────────────────────────────────────────────────────────────────

    Error: expect(received).toBeGreaterThan(expected)

    Expected: > 0
    Received:   0

      34 |     const count = await cards.count();
      35 |     
    > 36 |     expect(count).toBeGreaterThan(0);
         |                   ^
      37 |     
      38 |     // Check a sample of cards for structure
      39 |     const sampleSize = Math.min(3, count);
        at /home/tbaltzakis/cloudless.gr/e2e/ui/components/card.spec.ts:36:19

    attachment #1: screenshot (image/png) ──────────────────────────────────────────────────────────
    test-results/ui-components-card-Card-Co-9f1cf--have-proper-card-structure-chromium-retry1/test-failed-1.png
    ────────────────────────────────────────────────────────────────────────────────────────────────

    attachment #2: video (video/webm) ──────────────────────────────────────────────────────────────
    test-results/ui-components-card-Card-Co-9f1cf--have-proper-card-structure-chromium-retry1/video.webm
    ────────────────────────────────────────────────────────────────────────────────────────────────

    Error Context: test-results/ui-components-card-Card-Co-9f1cf--have-proper-card-structure-chromium-retry1/error-context.md

    attachment #4: trace (application/zip) ─────────────────────────────────────────────────────────
    test-results/ui-components-card-Card-Co-9f1cf--have-proper-card-structure-chromium-retry1/trace.zip
    Usage:

        npx playwright show-trace test-results/ui-components-card-Card-Co-9f1cf--have-proper-card-structure-chromium-retry1/trace.zip

    ────────────────────────────────────────────────────────────────────────────────────────────────

  248) [chromium] › e2e/ui/components/card.spec.ts:66:7 › Card Component › should have accessible card content 

    Error: expect(received).toBeGreaterThan(expected)

    Expected: > 0
    Received:   0

      68 |     const count = await cards.count();
      69 |     
    > 70 |     expect(count).toBeGreaterThan(0);
         |                   ^
      71 |     
      72 |     // Check a sample of cards for accessibility
      73 |     const sampleSize = Math.min(3, count);
        at /home/tbaltzakis/cloudless.gr/e2e/ui/components/card.spec.ts:70:19

    attachment #1: screenshot (image/png) ──────────────────────────────────────────────────────────
    test-results/ui-components-card-Card-Co-e2984-ave-accessible-card-content-chromium/test-failed-1.png
    ────────────────────────────────────────────────────────────────────────────────────────────────

    attachment #2: video (video/webm) ──────────────────────────────────────────────────────────────
    test-results/ui-components-card-Card-Co-e2984-ave-accessible-card-content-chromium/video.webm
    ────────────────────────────────────────────────────────────────────────────────────────────────

    Error Context: test-results/ui-components-card-Card-Co-e2984-ave-accessible-card-content-chromium/error-context.md

    Retry #1 ───────────────────────────────────────────────────────────────────────────────────────

    Error: expect(received).toBeGreaterThan(expected)

    Expected: > 0
    Received:   0

      68 |     const count = await cards.count();
      69 |     
    > 70 |     expect(count).toBeGreaterThan(0);
         |                   ^
      71 |     
      72 |     // Check a sample of cards for accessibility
      73 |     const sampleSize = Math.min(3, count);
        at /home/tbaltzakis/cloudless.gr/e2e/ui/components/card.spec.ts:70:19

    attachment #1: screenshot (image/png) ──────────────────────────────────────────────────────────
    test-results/ui-components-card-Card-Co-e2984-ave-accessible-card-content-chromium-retry1/test-failed-1.png
    ────────────────────────────────────────────────────────────────────────────────────────────────

    attachment #2: video (video/webm) ──────────────────────────────────────────────────────────────
    test-results/ui-components-card-Card-Co-e2984-ave-accessible-card-content-chromium-retry1/video.webm
    ────────────────────────────────────────────────────────────────────────────────────────────────

    Error Context: test-results/ui-components-card-Card-Co-e2984-ave-accessible-card-content-chromium-retry1/error-context.md

    attachment #4: trace (application/zip) ─────────────────────────────────────────────────────────
    test-results/ui-components-card-Card-Co-e2984-ave-accessible-card-content-chromium-retry1/trace.zip
    Usage:

        npx playwright show-trace test-results/ui-components-card-Card-Co-e2984-ave-accessible-card-content-chromium-retry1/trace.zip

    ────────────────────────────────────────────────────────────────────────────────────────────────

  249) [chromium] › e2e/ui/components/card.spec.ts:216:9 › Card Component › Layout and Spacing › should have proper card spacing 

    Error: expect(received).toBeGreaterThan(expected)

    Expected: > 1
    Received:   0

      218 |       const count = await cards.count();
      219 |       
    > 220 |       expect(count).toBeGreaterThan(1); // Need at least 2 cards to check spacing
          |                     ^
      221 |       
      222 |       if (count > 1) {
      223 |         // Check spacing between first two cards
        at /home/tbaltzakis/cloudless.gr/e2e/ui/components/card.spec.ts:220:21

    attachment #1: screenshot (image/png) ──────────────────────────────────────────────────────────
    test-results/ui-components-card-Card-Co-b76ca-ld-have-proper-card-spacing-chromium/test-failed-1.png
    ────────────────────────────────────────────────────────────────────────────────────────────────

    attachment #2: video (video/webm) ──────────────────────────────────────────────────────────────
    test-results/ui-components-card-Card-Co-b76ca-ld-have-proper-card-spacing-chromium/video.webm
    ────────────────────────────────────────────────────────────────────────────────────────────────

    Error Context: test-results/ui-components-card-Card-Co-b76ca-ld-have-proper-card-spacing-chromium/error-context.md

    Retry #1 ───────────────────────────────────────────────────────────────────────────────────────

    Error: expect(received).toBeGreaterThan(expected)

    Expected: > 1
    Received:   0

      218 |       const count = await cards.count();
      219 |       
    > 220 |       expect(count).toBeGreaterThan(1); // Need at least 2 cards to check spacing
          |                     ^
      221 |       
      222 |       if (count > 1) {
      223 |         // Check spacing between first two cards
        at /home/tbaltzakis/cloudless.gr/e2e/ui/components/card.spec.ts:220:21

    attachment #1: screenshot (image/png) ──────────────────────────────────────────────────────────
    test-results/ui-components-card-Card-Co-b76ca-ld-have-proper-card-spacing-chromium-retry1/test-failed-1.png
    ────────────────────────────────────────────────────────────────────────────────────────────────

    attachment #2: video (video/webm) ──────────────────────────────────────────────────────────────
    test-results/ui-components-card-Card-Co-b76ca-ld-have-proper-card-spacing-chromium-retry1/video.webm
    ────────────────────────────────────────────────────────────────────────────────────────────────

    Error Context: test-results/ui-components-card-Card-Co-b76ca-ld-have-proper-card-spacing-chromium-retry1/error-context.md

    attachment #4: trace (application/zip) ─────────────────────────────────────────────────────────
    test-results/ui-components-card-Card-Co-b76ca-ld-have-proper-card-spacing-chromium-retry1/trace.zip
    Usage:

        npx playwright show-trace test-results/ui-components-card-Card-Co-b76ca-ld-have-proper-card-spacing-chromium-retry1/trace.zip

    ────────────────────────────────────────────────────────────────────────────────────────────────

  250) [chromium] › e2e/ui/components/card.spec.ts:280:9 › Card Component › Responsive Design › should render correctly on mobile 

    Error: expect(received).toBeGreaterThan(expected)

    Expected: > 0
    Received:   0

      285 |       const count = await cards.count();
      286 |       
    > 287 |       expect(count).toBeGreaterThan(0);
          |                     ^
      288 |       
      289 |       // Check a sample of cards for visibility and touch target size
      290 |       const sampleSize = Math.min(3, count);
        at /home/tbaltzakis/cloudless.gr/e2e/ui/components/card.spec.ts:287:21

    attachment #1: screenshot (image/png) ──────────────────────────────────────────────────────────
    test-results/ui-components-card-Card-Co-9627a--render-correctly-on-mobile-chromium/test-failed-1.png
    ────────────────────────────────────────────────────────────────────────────────────────────────

    attachment #2: video (video/webm) ──────────────────────────────────────────────────────────────
    test-results/ui-components-card-Card-Co-9627a--render-correctly-on-mobile-chromium/video.webm
    ────────────────────────────────────────────────────────────────────────────────────────────────

    Error Context: test-results/ui-components-card-Card-Co-9627a--render-correctly-on-mobile-chromium/error-context.md

    Retry #1 ───────────────────────────────────────────────────────────────────────────────────────

    Error: expect(received).toBeGreaterThan(expected)

    Expected: > 0
    Received:   0

      285 |       const count = await cards.count();
      286 |       
    > 287 |       expect(count).toBeGreaterThan(0);
          |                     ^
      288 |       
      289 |       // Check a sample of cards for visibility and touch target size
      290 |       const sampleSize = Math.min(3, count);
        at /home/tbaltzakis/cloudless.gr/e2e/ui/components/card.spec.ts:287:21

    attachment #1: screenshot (image/png) ──────────────────────────────────────────────────────────
    test-results/ui-components-card-Card-Co-9627a--render-correctly-on-mobile-chromium-retry1/test-failed-1.png
    ────────────────────────────────────────────────────────────────────────────────────────────────

    attachment #2: video (video/webm) ──────────────────────────────────────────────────────────────
    test-results/ui-components-card-Card-Co-9627a--render-correctly-on-mobile-chromium-retry1/video.webm
    ────────────────────────────────────────────────────────────────────────────────────────────────

    Error Context: test-results/ui-components-card-Card-Co-9627a--render-correctly-on-mobile-chromium-retry1/error-context.md

    attachment #4: trace (application/zip) ─────────────────────────────────────────────────────────
    test-results/ui-components-card-Card-Co-9627a--render-correctly-on-mobile-chromium-retry1/trace.zip
    Usage:

        npx playwright show-trace test-results/ui-components-card-Card-Co-9627a--render-correctly-on-mobile-chromium-retry1/trace.zip

    ────────────────────────────────────────────────────────────────────────────────────────────────

  251) [chromium] › e2e/ui/components/card.spec.ts:319:9 › Card Component › Responsive Design › should render correctly on tablet 

    Error: expect(received).toBeGreaterThan(expected)

    Expected: > 0
    Received:   0

      324 |       const count = await cards.count();
      325 |       
    > 326 |       expect(count).toBeGreaterThan(0);
          |                     ^
      327 |       
      328 |       // Check a sample of cards
      329 |       const sampleSize = Math.min(3, count);
        at /home/tbaltzakis/cloudless.gr/e2e/ui/components/card.spec.ts:326:21

    attachment #1: screenshot (image/png) ──────────────────────────────────────────────────────────
    test-results/ui-components-card-Card-Co-1c154--render-correctly-on-tablet-chromium/test-failed-1.png
    ────────────────────────────────────────────────────────────────────────────────────────────────

    attachment #2: video (video/webm) ──────────────────────────────────────────────────────────────
    test-results/ui-components-card-Card-Co-1c154--render-correctly-on-tablet-chromium/video.webm
    ────────────────────────────────────────────────────────────────────────────────────────────────

    Error Context: test-results/ui-components-card-Card-Co-1c154--render-correctly-on-tablet-chromium/error-context.md

    Retry #1 ───────────────────────────────────────────────────────────────────────────────────────

    Error: expect(received).toBeGreaterThan(expected)

    Expected: > 0
    Received:   0

      324 |       const count = await cards.count();
      325 |       
    > 326 |       expect(count).toBeGreaterThan(0);
          |                     ^
      327 |       
      328 |       // Check a sample of cards
      329 |       const sampleSize = Math.min(3, count);
        at /home/tbaltzakis/cloudless.gr/e2e/ui/components/card.spec.ts:326:21

    attachment #1: screenshot (image/png) ──────────────────────────────────────────────────────────
    test-results/ui-components-card-Card-Co-1c154--render-correctly-on-tablet-chromium-retry1/test-failed-1.png
    ────────────────────────────────────────────────────────────────────────────────────────────────

    attachment #2: video (video/webm) ──────────────────────────────────────────────────────────────
    test-results/ui-components-card-Card-Co-1c154--render-correctly-on-tablet-chromium-retry1/video.webm
    ────────────────────────────────────────────────────────────────────────────────────────────────

    Error Context: test-results/ui-components-card-Card-Co-1c154--render-correctly-on-tablet-chromium-retry1/error-context.md

    attachment #4: trace (application/zip) ─────────────────────────────────────────────────────────
    test-results/ui-components-card-Card-Co-1c154--render-correctly-on-tablet-chromium-retry1/trace.zip
    Usage:

        npx playwright show-trace test-results/ui-components-card-Card-Co-1c154--render-correctly-on-tablet-chromium-retry1/trace.zip

    ────────────────────────────────────────────────────────────────────────────────────────────────

  252) [chromium] › e2e/ui/components/card.spec.ts:348:9 › Card Component › Responsive Design › should render correctly on desktop 

    Error: expect(received).toBeGreaterThan(expected)

    Expected: > 0
    Received:   0

      353 |       const count = await cards.count();
      354 |       
    > 355 |       expect(count).toBeGreaterThan(0);
          |                     ^
      356 |       
      357 |       // Check a sample of cards
      358 |       const sampleSize = Math.min(3, count);
        at /home/tbaltzakis/cloudless.gr/e2e/ui/components/card.spec.ts:355:21

    attachment #1: screenshot (image/png) ──────────────────────────────────────────────────────────
    test-results/ui-components-card-Card-Co-a9aa5-render-correctly-on-desktop-chromium/test-failed-1.png
    ────────────────────────────────────────────────────────────────────────────────────────────────

    attachment #2: video (video/webm) ──────────────────────────────────────────────────────────────
    test-results/ui-components-card-Card-Co-a9aa5-render-correctly-on-desktop-chromium/video.webm
    ────────────────────────────────────────────────────────────────────────────────────────────────

    Error Context: test-results/ui-components-card-Card-Co-a9aa5-render-correctly-on-desktop-chromium/error-context.md

    Retry #1 ───────────────────────────────────────────────────────────────────────────────────────

    Error: expect(received).toBeGreaterThan(expected)

    Expected: > 0
    Received:   0

      353 |       const count = await cards.count();
      354 |       
    > 355 |       expect(count).toBeGreaterThan(0);
          |                     ^
      356 |       
      357 |       // Check a sample of cards
      358 |       const sampleSize = Math.min(3, count);
        at /home/tbaltzakis/cloudless.gr/e2e/ui/components/card.spec.ts:355:21

    attachment #1: screenshot (image/png) ──────────────────────────────────────────────────────────
    test-results/ui-components-card-Card-Co-a9aa5-render-correctly-on-desktop-chromium-retry1/test-failed-1.png
    ────────────────────────────────────────────────────────────────────────────────────────────────

    attachment #2: video (video/webm) ──────────────────────────────────────────────────────────────
    test-results/ui-components-card-Card-Co-a9aa5-render-correctly-on-desktop-chromium-retry1/video.webm
    ────────────────────────────────────────────────────────────────────────────────────────────────

    Error Context: test-results/ui-components-card-Card-Co-a9aa5-render-correctly-on-desktop-chromium-retry1/error-context.md

    attachment #4: trace (application/zip) ─────────────────────────────────────────────────────────
    test-results/ui-components-card-Card-Co-a9aa5-render-correctly-on-desktop-chromium-retry1/trace.zip
    Usage:

        npx playwright show-trace test-results/ui-components-card-Card-Co-a9aa5-render-correctly-on-desktop-chromium-retry1/trace.zip

    ────────────────────────────────────────────────────────────────────────────────────────────────

  253) [chromium] › e2e/ui/components/card.spec.ts:389:9 › Card Component › Accessibility › should have accessible card containers 

    Error: expect(received).toBeGreaterThan(expected)

    Expected: > 0
    Received:   0

      391 |       const count = await cards.count();
      392 |       
    > 393 |       expect(count).toBeGreaterThan(0);
          |                     ^
      394 |       
      395 |       // Check a sample of cards for accessibility
      396 |       const sampleSize = Math.min(3, count);
        at /home/tbaltzakis/cloudless.gr/e2e/ui/components/card.spec.ts:393:21

    attachment #1: screenshot (image/png) ──────────────────────────────────────────────────────────
    test-results/ui-components-card-Card-Co-dbb82--accessible-card-containers-chromium/test-failed-1.png
    ────────────────────────────────────────────────────────────────────────────────────────────────

    attachment #2: video (video/webm) ──────────────────────────────────────────────────────────────
    test-results/ui-components-card-Card-Co-dbb82--accessible-card-containers-chromium/video.webm
    ────────────────────────────────────────────────────────────────────────────────────────────────

    Error Context: test-results/ui-components-card-Card-Co-dbb82--accessible-card-containers-chromium/error-context.md

    Retry #1 ───────────────────────────────────────────────────────────────────────────────────────

    Error: expect(received).toBeGreaterThan(expected)

    Expected: > 0
    Received:   0

      391 |       const count = await cards.count();
      392 |       
    > 393 |       expect(count).toBeGreaterThan(0);
          |                     ^
      394 |       
      395 |       // Check a sample of cards for accessibility
      396 |       const sampleSize = Math.min(3, count);
        at /home/tbaltzakis/cloudless.gr/e2e/ui/components/card.spec.ts:393:21

    attachment #1: screenshot (image/png) ──────────────────────────────────────────────────────────
    test-results/ui-components-card-Card-Co-dbb82--accessible-card-containers-chromium-retry1/test-failed-1.png
    ────────────────────────────────────────────────────────────────────────────────────────────────

    attachment #2: video (video/webm) ──────────────────────────────────────────────────────────────
    test-results/ui-components-card-Card-Co-dbb82--accessible-card-containers-chromium-retry1/video.webm
    ────────────────────────────────────────────────────────────────────────────────────────────────

    Error Context: test-results/ui-components-card-Card-Co-dbb82--accessible-card-containers-chromium-retry1/error-context.md

    attachment #4: trace (application/zip) ─────────────────────────────────────────────────────────
    test-results/ui-components-card-Card-Co-dbb82--accessible-card-containers-chromium-retry1/trace.zip
    Usage:

        npx playwright show-trace test-results/ui-components-card-Card-Co-dbb82--accessible-card-containers-chromium-retry1/trace.zip

    ────────────────────────────────────────────────────────────────────────────────────────────────

  254) [chromium] › e2e/ui/components/card.spec.ts:418:9 › Card Component › Accessibility › should have accessible card headers 

    Error: expect(received).toBeGreaterThan(expected)

    Expected: > 0
    Received:   0

      420 |       const count = await cards.count();
      421 |       
    > 422 |       expect(count).toBeGreaterThan(0);
          |                     ^
      423 |       
      424 |       // Check a sample of cards for header accessibility
      425 |       const sampleSize = Math.min(3, count);
        at /home/tbaltzakis/cloudless.gr/e2e/ui/components/card.spec.ts:422:21

    attachment #1: screenshot (image/png) ──────────────────────────────────────────────────────────
    test-results/ui-components-card-Card-Co-fbe4f-ave-accessible-card-headers-chromium/test-failed-1.png
    ────────────────────────────────────────────────────────────────────────────────────────────────

    attachment #2: video (video/webm) ──────────────────────────────────────────────────────────────
    test-results/ui-components-card-Card-Co-fbe4f-ave-accessible-card-headers-chromium/video.webm
    ────────────────────────────────────────────────────────────────────────────────────────────────

    Error Context: test-results/ui-components-card-Card-Co-fbe4f-ave-accessible-card-headers-chromium/error-context.md

    Retry #1 ───────────────────────────────────────────────────────────────────────────────────────

    Error: expect(received).toBeGreaterThan(expected)

    Expected: > 0
    Received:   0

      420 |       const count = await cards.count();
      421 |       
    > 422 |       expect(count).toBeGreaterThan(0);
          |                     ^
      423 |       
      424 |       // Check a sample of cards for header accessibility
      425 |       const sampleSize = Math.min(3, count);
        at /home/tbaltzakis/cloudless.gr/e2e/ui/components/card.spec.ts:422:21

    attachment #1: screenshot (image/png) ──────────────────────────────────────────────────────────
    test-results/ui-components-card-Card-Co-fbe4f-ave-accessible-card-headers-chromium-retry1/test-failed-1.png
    ────────────────────────────────────────────────────────────────────────────────────────────────

    attachment #2: video (video/webm) ──────────────────────────────────────────────────────────────
    test-results/ui-components-card-Card-Co-fbe4f-ave-accessible-card-headers-chromium-retry1/video.webm
    ────────────────────────────────────────────────────────────────────────────────────────────────

    Error Context: test-results/ui-components-card-Card-Co-fbe4f-ave-accessible-card-headers-chromium-retry1/error-context.md

    attachment #4: trace (application/zip) ─────────────────────────────────────────────────────────
    test-results/ui-components-card-Card-Co-fbe4f-ave-accessible-card-headers-chromium-retry1/trace.zip
    Usage:

        npx playwright show-trace test-results/ui-components-card-Card-Co-fbe4f-ave-accessible-card-headers-chromium-retry1/trace.zip

    ────────────────────────────────────────────────────────────────────────────────────────────────

  255) [chromium] › e2e/ui/components/card.spec.ts:453:9 › Card Component › Accessibility › should have accessible card content 

    Error: expect(received).toBeGreaterThan(expected)

    Expected: > 0
    Received:   0

      455 |       const count = await cards.count();
      456 |       
    > 457 |       expect(count).toBeGreaterThan(0);
          |                     ^
      458 |       
      459 |       // Check a sample of cards for content accessibility
      460 |       const sampleSize = Math.min(3, count);
        at /home/tbaltzakis/cloudless.gr/e2e/ui/components/card.spec.ts:457:21

    attachment #1: screenshot (image/png) ──────────────────────────────────────────────────────────
    test-results/ui-components-card-Card-Co-354d3-ave-accessible-card-content-chromium/test-failed-1.png
    ────────────────────────────────────────────────────────────────────────────────────────────────

    attachment #2: video (video/webm) ──────────────────────────────────────────────────────────────
    test-results/ui-components-card-Card-Co-354d3-ave-accessible-card-content-chromium/video.webm
    ────────────────────────────────────────────────────────────────────────────────────────────────

    Error Context: test-results/ui-components-card-Card-Co-354d3-ave-accessible-card-content-chromium/error-context.md

    Retry #1 ───────────────────────────────────────────────────────────────────────────────────────

    Error: expect(received).toBeGreaterThan(expected)

    Expected: > 0
    Received:   0

      455 |       const count = await cards.count();
      456 |       
    > 457 |       expect(count).toBeGreaterThan(0);
          |                     ^
      458 |       
      459 |       // Check a sample of cards for content accessibility
      460 |       const sampleSize = Math.min(3, count);
        at /home/tbaltzakis/cloudless.gr/e2e/ui/components/card.spec.ts:457:21

    attachment #1: screenshot (image/png) ──────────────────────────────────────────────────────────
    test-results/ui-components-card-Card-Co-354d3-ave-accessible-card-content-chromium-retry1/test-failed-1.png
    ────────────────────────────────────────────────────────────────────────────────────────────────

    attachment #2: video (video/webm) ──────────────────────────────────────────────────────────────
    test-results/ui-components-card-Card-Co-354d3-ave-accessible-card-content-chromium-retry1/video.webm
    ────────────────────────────────────────────────────────────────────────────────────────────────

    Error Context: test-results/ui-components-card-Card-Co-354d3-ave-accessible-card-content-chromium-retry1/error-context.md

    attachment #4: trace (application/zip) ─────────────────────────────────────────────────────────
    test-results/ui-components-card-Card-Co-354d3-ave-accessible-card-content-chromium-retry1/trace.zip
    Usage:

        npx playwright show-trace test-results/ui-components-card-Card-Co-354d3-ave-accessible-card-content-chromium-retry1/trace.zip

    ────────────────────────────────────────────────────────────────────────────────────────────────

  256) [chromium] › e2e/ui/components/card.spec.ts:488:9 › Card Component › Accessibility › should have accessible card actions 

    Error: expect(received).toBeGreaterThan(expected)

    Expected: > 0
    Received:   0

      490 |       const count = await cards.count();
      491 |       
    > 492 |       expect(count).toBeGreaterThan(0);
          |                     ^
      493 |       
      494 |       // Check a sample of cards for action accessibility
      495 |       const sampleSize = Math.min(3, count);
        at /home/tbaltzakis/cloudless.gr/e2e/ui/components/card.spec.ts:492:21

    attachment #1: screenshot (image/png) ──────────────────────────────────────────────────────────
    test-results/ui-components-card-Card-Co-08333-ave-accessible-card-actions-chromium/test-failed-1.png
    ────────────────────────────────────────────────────────────────────────────────────────────────

    attachment #2: video (video/webm) ──────────────────────────────────────────────────────────────
    test-results/ui-components-card-Card-Co-08333-ave-accessible-card-actions-chromium/video.webm
    ────────────────────────────────────────────────────────────────────────────────────────────────

    Error Context: test-results/ui-components-card-Card-Co-08333-ave-accessible-card-actions-chromium/error-context.md

    Retry #1 ───────────────────────────────────────────────────────────────────────────────────────

    Error: expect(received).toBeGreaterThan(expected)

    Expected: > 0
    Received:   0

      490 |       const count = await cards.count();
      491 |       
    > 492 |       expect(count).toBeGreaterThan(0);
          |                     ^
      493 |       
      494 |       // Check a sample of cards for action accessibility
      495 |       const sampleSize = Math.min(3, count);
        at /home/tbaltzakis/cloudless.gr/e2e/ui/components/card.spec.ts:492:21

    attachment #1: screenshot (image/png) ──────────────────────────────────────────────────────────
    test-results/ui-components-card-Card-Co-08333-ave-accessible-card-actions-chromium-retry1/test-failed-1.png
    ────────────────────────────────────────────────────────────────────────────────────────────────

    attachment #2: video (video/webm) ──────────────────────────────────────────────────────────────
    test-results/ui-components-card-Card-Co-08333-ave-accessible-card-actions-chromium-retry1/video.webm
    ────────────────────────────────────────────────────────────────────────────────────────────────

    Error Context: test-results/ui-components-card-Card-Co-08333-ave-accessible-card-actions-chromium-retry1/error-context.md

    attachment #4: trace (application/zip) ─────────────────────────────────────────────────────────
    test-results/ui-components-card-Card-Co-08333-ave-accessible-card-actions-chromium-retry1/trace.zip
    Usage:

        npx playwright show-trace test-results/ui-components-card-Card-Co-08333-ave-accessible-card-actions-chromium-retry1/trace.zip

    ────────────────────────────────────────────────────────────────────────────────────────────────

  257) [chromium] › e2e/ui/components/footer.spec.ts:26:7 › Footer Component › should contain copyright information 

    Error: expect(locator).toBeVisible() failed

    Locator: footer, [data-testid="footer"], .footer >> .copyright, [data-testid="copyright"], small, text=/©/i
    Expected: visible
    Error: Unexpected token "=" while parsing css selector ".copyright, [data-testid="copyright"], small, text=/©/i". Did you mean to CSS.escape it?

    Call log:
      - Expect "toBeVisible" with timeout 20000ms
      - waiting for footer, [data-testid="footer"], .footer >> .copyright, [data-testid="copyright"], small, text=/©/i


      30 |     // Check for copyright text
      31 |     const copyright = footer.locator('.copyright, [data-testid="copyright"], small, text=/©/i');
    > 32 |     await expect(copyright).toBeVisible();
         |                             ^
      33 |     
      34 |     // Check that copyright contains year and company name
      35 |     const copyrightText = await copyright.textContent();
        at /home/tbaltzakis/cloudless.gr/e2e/ui/components/footer.spec.ts:32:29

    attachment #1: screenshot (image/png) ──────────────────────────────────────────────────────────
    test-results/ui-components-footer-Foote-d7842-ntain-copyright-information-chromium/test-failed-1.png
    ────────────────────────────────────────────────────────────────────────────────────────────────

    attachment #2: video (video/webm) ──────────────────────────────────────────────────────────────
    test-results/ui-components-footer-Foote-d7842-ntain-copyright-information-chromium/video.webm
    ────────────────────────────────────────────────────────────────────────────────────────────────

    Error Context: test-results/ui-components-footer-Foote-d7842-ntain-copyright-information-chromium/error-context.md

    Retry #1 ───────────────────────────────────────────────────────────────────────────────────────

    Error: expect(locator).toBeVisible() failed

    Locator: footer, [data-testid="footer"], .footer >> .copyright, [data-testid="copyright"], small, text=/©/i
    Expected: visible
    Error: Unexpected token "=" while parsing css selector ".copyright, [data-testid="copyright"], small, text=/©/i". Did you mean to CSS.escape it?

    Call log:
      - Expect "toBeVisible" with timeout 20000ms
      - waiting for footer, [data-testid="footer"], .footer >> .copyright, [data-testid="copyright"], small, text=/©/i


      30 |     // Check for copyright text
      31 |     const copyright = footer.locator('.copyright, [data-testid="copyright"], small, text=/©/i');
    > 32 |     await expect(copyright).toBeVisible();
         |                             ^
      33 |     
      34 |     // Check that copyright contains year and company name
      35 |     const copyrightText = await copyright.textContent();
        at /home/tbaltzakis/cloudless.gr/e2e/ui/components/footer.spec.ts:32:29

    attachment #1: screenshot (image/png) ──────────────────────────────────────────────────────────
    test-results/ui-components-footer-Foote-d7842-ntain-copyright-information-chromium-retry1/test-failed-1.png
    ────────────────────────────────────────────────────────────────────────────────────────────────

    attachment #2: video (video/webm) ──────────────────────────────────────────────────────────────
    test-results/ui-components-footer-Foote-d7842-ntain-copyright-information-chromium-retry1/video.webm
    ────────────────────────────────────────────────────────────────────────────────────────────────

    Error Context: test-results/ui-components-footer-Foote-d7842-ntain-copyright-information-chromium-retry1/error-context.md

    attachment #4: trace (application/zip) ─────────────────────────────────────────────────────────
    test-results/ui-components-footer-Foote-d7842-ntain-copyright-information-chromium-retry1/trace.zip
    Usage:

        npx playwright show-trace test-results/ui-components-footer-Foote-d7842-ntain-copyright-information-chromium-retry1/trace.zip

    ────────────────────────────────────────────────────────────────────────────────────────────────

  258) [chromium] › e2e/ui/components/footer.spec.ts:242:9 › Footer Component › Responsive Design › should render correctly on mobile 

    Error: expect(locator).toBeVisible() failed

    Locator: locator('footer, [data-testid="footer"], .footer').locator('.copyright, [data-testid="copyright"], small')
    Expected: visible
    Timeout: 20000ms
    Error: element(s) not found

    Call log:
      - Expect "toBeVisible" with timeout 20000ms
      - waiting for locator('footer, [data-testid="footer"], .footer').locator('.copyright, [data-testid="copyright"], small')


      249 |       // Check that copyright is visible
      250 |       const copyright = footer.locator('.copyright, [data-testid="copyright"], small');
    > 251 |       await expect(copyright).toBeVisible();
          |                               ^
      252 |       
      253 |       // Check that essential sections are visible (might be stacked)
      254 |       const newsletterSection = footer.locator('.newsletter, [data-testid="newsletter"]');
        at /home/tbaltzakis/cloudless.gr/e2e/ui/components/footer.spec.ts:251:31

    attachment #1: screenshot (image/png) ──────────────────────────────────────────────────────────
    test-results/ui-components-footer-Foote-ed28c--render-correctly-on-mobile-chromium/test-failed-1.png
    ────────────────────────────────────────────────────────────────────────────────────────────────

    attachment #2: video (video/webm) ──────────────────────────────────────────────────────────────
    test-results/ui-components-footer-Foote-ed28c--render-correctly-on-mobile-chromium/video.webm
    ────────────────────────────────────────────────────────────────────────────────────────────────

    Error Context: test-results/ui-components-footer-Foote-ed28c--render-correctly-on-mobile-chromium/error-context.md

    Retry #1 ───────────────────────────────────────────────────────────────────────────────────────

    Error: expect(locator).toBeVisible() failed

    Locator: locator('footer, [data-testid="footer"], .footer').locator('.copyright, [data-testid="copyright"], small')
    Expected: visible
    Timeout: 20000ms
    Error: element(s) not found

    Call log:
      - Expect "toBeVisible" with timeout 20000ms
      - waiting for locator('footer, [data-testid="footer"], .footer').locator('.copyright, [data-testid="copyright"], small')


      249 |       // Check that copyright is visible
      250 |       const copyright = footer.locator('.copyright, [data-testid="copyright"], small');
    > 251 |       await expect(copyright).toBeVisible();
          |                               ^
      252 |       
      253 |       // Check that essential sections are visible (might be stacked)
      254 |       const newsletterSection = footer.locator('.newsletter, [data-testid="newsletter"]');
        at /home/tbaltzakis/cloudless.gr/e2e/ui/components/footer.spec.ts:251:31

    attachment #1: screenshot (image/png) ──────────────────────────────────────────────────────────
    test-results/ui-components-footer-Foote-ed28c--render-correctly-on-mobile-chromium-retry1/test-failed-1.png
    ────────────────────────────────────────────────────────────────────────────────────────────────

    attachment #2: video (video/webm) ──────────────────────────────────────────────────────────────
    test-results/ui-components-footer-Foote-ed28c--render-correctly-on-mobile-chromium-retry1/video.webm
    ────────────────────────────────────────────────────────────────────────────────────────────────

    Error Context: test-results/ui-components-footer-Foote-ed28c--render-correctly-on-mobile-chromium-retry1/error-context.md

    attachment #4: trace (application/zip) ─────────────────────────────────────────────────────────
    test-results/ui-components-footer-Foote-ed28c--render-correctly-on-mobile-chromium-retry1/trace.zip
    Usage:

        npx playwright show-trace test-results/ui-components-footer-Foote-ed28c--render-correctly-on-mobile-chromium-retry1/trace.zip

    ────────────────────────────────────────────────────────────────────────────────────────────────

  259) [chromium] › e2e/ui/components/footer.spec.ts:265:9 › Footer Component › Responsive Design › should render correctly on tablet 

    Error: expect(locator).toBeVisible() failed

    Locator: locator('footer, [data-testid="footer"], .footer').locator('.copyright, [data-testid="copyright"], small')
    Expected: visible
    Timeout: 20000ms
    Error: element(s) not found

    Call log:
      - Expect "toBeVisible" with timeout 20000ms
      - waiting for locator('footer, [data-testid="footer"], .footer').locator('.copyright, [data-testid="copyright"], small')


      272 |       // Check that copyright is visible
      273 |       const copyright = footer.locator('.copyright, [data-testid="copyright"], small');
    > 274 |       await expect(copyright).toBeVisible();
          |                               ^
      275 |       
      276 |       // Check that navigation is visible
      277 |       const footerNav = footer.locator('nav, [data-testid="footer-nav"], .footer-nav');
        at /home/tbaltzakis/cloudless.gr/e2e/ui/components/footer.spec.ts:274:31

    attachment #1: screenshot (image/png) ──────────────────────────────────────────────────────────
    test-results/ui-components-footer-Foote-3169b--render-correctly-on-tablet-chromium/test-failed-1.png
    ────────────────────────────────────────────────────────────────────────────────────────────────

    attachment #2: video (video/webm) ──────────────────────────────────────────────────────────────
    test-results/ui-components-footer-Foote-3169b--render-correctly-on-tablet-chromium/video.webm
    ────────────────────────────────────────────────────────────────────────────────────────────────

    Error Context: test-results/ui-components-footer-Foote-3169b--render-correctly-on-tablet-chromium/error-context.md

    Retry #1 ───────────────────────────────────────────────────────────────────────────────────────

    Error: expect(locator).toBeVisible() failed

    Locator: locator('footer, [data-testid="footer"], .footer').locator('.copyright, [data-testid="copyright"], small')
    Expected: visible
    Timeout: 20000ms
    Error: element(s) not found

    Call log:
      - Expect "toBeVisible" with timeout 20000ms
      - waiting for locator('footer, [data-testid="footer"], .footer').locator('.copyright, [data-testid="copyright"], small')


      272 |       // Check that copyright is visible
      273 |       const copyright = footer.locator('.copyright, [data-testid="copyright"], small');
    > 274 |       await expect(copyright).toBeVisible();
          |                               ^
      275 |       
      276 |       // Check that navigation is visible
      277 |       const footerNav = footer.locator('nav, [data-testid="footer-nav"], .footer-nav');
        at /home/tbaltzakis/cloudless.gr/e2e/ui/components/footer.spec.ts:274:31

    attachment #1: screenshot (image/png) ──────────────────────────────────────────────────────────
    test-results/ui-components-footer-Foote-3169b--render-correctly-on-tablet-chromium-retry1/test-failed-1.png
    ────────────────────────────────────────────────────────────────────────────────────────────────

    attachment #2: video (video/webm) ──────────────────────────────────────────────────────────────
    test-results/ui-components-footer-Foote-3169b--render-correctly-on-tablet-chromium-retry1/video.webm
    ────────────────────────────────────────────────────────────────────────────────────────────────

    Error Context: test-results/ui-components-footer-Foote-3169b--render-correctly-on-tablet-chromium-retry1/error-context.md

    attachment #4: trace (application/zip) ─────────────────────────────────────────────────────────
    test-results/ui-components-footer-Foote-3169b--render-correctly-on-tablet-chromium-retry1/trace.zip
    Usage:

        npx playwright show-trace test-results/ui-components-footer-Foote-3169b--render-correctly-on-tablet-chromium-retry1/trace.zip

    ────────────────────────────────────────────────────────────────────────────────────────────────

  260) [chromium] › e2e/ui/components/footer.spec.ts:283:9 › Footer Component › Responsive Design › should render correctly on desktop 

    Error: page.goto: net::ERR_CONNECTION_REFUSED at http://localhost:4000/
    Call log:
      - navigating to "http://localhost:4000/", waiting until "load"


       at helpers/page-helpers.ts:13

      11 |
      12 |   async navigate(path: string) {
    > 13 |     await this.page.goto(path);
         |                     ^
      14 |     await this.page.waitForLoadState("networkidle");
      15 |   }
      16 |
        at BasePage.navigate (/home/tbaltzakis/cloudless.gr/e2e/helpers/page-helpers.ts:13:21)
        at /home/tbaltzakis/cloudless.gr/e2e/ui/components/footer.spec.ts:18:16

    attachment #1: screenshot (image/png) ──────────────────────────────────────────────────────────
    test-results/ui-components-footer-Foote-c35c7-render-correctly-on-desktop-chromium/test-failed-1.png
    ────────────────────────────────────────────────────────────────────────────────────────────────

    attachment #2: video (video/webm) ──────────────────────────────────────────────────────────────
    test-results/ui-components-footer-Foote-c35c7-render-correctly-on-desktop-chromium/video.webm
    ────────────────────────────────────────────────────────────────────────────────────────────────

    Error Context: test-results/ui-components-footer-Foote-c35c7-render-correctly-on-desktop-chromium/error-context.md

    Retry #1 ───────────────────────────────────────────────────────────────────────────────────────

    Error: page.goto: net::ERR_CONNECTION_REFUSED at http://localhost:4000/
    Call log:
      - navigating to "http://localhost:4000/", waiting until "load"


       at helpers/page-helpers.ts:13

      11 |
      12 |   async navigate(path: string) {
    > 13 |     await this.page.goto(path);
         |                     ^
      14 |     await this.page.waitForLoadState("networkidle");
      15 |   }
      16 |
        at BasePage.navigate (/home/tbaltzakis/cloudless.gr/e2e/helpers/page-helpers.ts:13:21)
        at /home/tbaltzakis/cloudless.gr/e2e/ui/components/footer.spec.ts:18:16

    attachment #1: screenshot (image/png) ──────────────────────────────────────────────────────────
    test-results/ui-components-footer-Foote-c35c7-render-correctly-on-desktop-chromium-retry1/test-failed-1.png
    ────────────────────────────────────────────────────────────────────────────────────────────────

    attachment #2: video (video/webm) ──────────────────────────────────────────────────────────────
    test-results/ui-components-footer-Foote-c35c7-render-correctly-on-desktop-chromium-retry1/video.webm
    ────────────────────────────────────────────────────────────────────────────────────────────────

    Error Context: test-results/ui-components-footer-Foote-c35c7-render-correctly-on-desktop-chromium-retry1/error-context.md

    attachment #4: trace (application/zip) ─────────────────────────────────────────────────────────
    test-results/ui-components-footer-Foote-c35c7-render-correctly-on-desktop-chromium-retry1/trace.zip
    Usage:

        npx playwright show-trace test-results/ui-components-footer-Foote-c35c7-render-correctly-on-desktop-chromium-retry1/trace.zip

    ────────────────────────────────────────────────────────────────────────────────────────────────

  261) [chromium] › e2e/ui/components/footer.spec.ts:311:9 › Footer Component › Accessibility › should have proper ARIA landmarks 

    Error: page.goto: net::ERR_CONNECTION_REFUSED at http://localhost:4000/
    Call log:
      - navigating to "http://localhost:4000/", waiting until "load"


       at helpers/page-helpers.ts:13

      11 |
      12 |   async navigate(path: string) {
    > 13 |     await this.page.goto(path);
         |                     ^
      14 |     await this.page.waitForLoadState("networkidle");
      15 |   }
      16 |
        at BasePage.navigate (/home/tbaltzakis/cloudless.gr/e2e/helpers/page-helpers.ts:13:21)
        at /home/tbaltzakis/cloudless.gr/e2e/ui/components/footer.spec.ts:18:16

    attachment #1: screenshot (image/png) ──────────────────────────────────────────────────────────
    test-results/ui-components-footer-Foote-33150--have-proper-ARIA-landmarks-chromium/test-failed-1.png
    ────────────────────────────────────────────────────────────────────────────────────────────────

    attachment #2: video (video/webm) ──────────────────────────────────────────────────────────────
    test-results/ui-components-footer-Foote-33150--have-proper-ARIA-landmarks-chromium/video.webm
    ────────────────────────────────────────────────────────────────────────────────────────────────

    Error Context: test-results/ui-components-footer-Foote-33150--have-proper-ARIA-landmarks-chromium/error-context.md

    Retry #1 ───────────────────────────────────────────────────────────────────────────────────────

    Error: page.goto: net::ERR_CONNECTION_REFUSED at http://localhost:4000/
    Call log:
      - navigating to "http://localhost:4000/", waiting until "load"


       at helpers/page-helpers.ts:13

      11 |
      12 |   async navigate(path: string) {
    > 13 |     await this.page.goto(path);
         |                     ^
      14 |     await this.page.waitForLoadState("networkidle");
      15 |   }
      16 |
        at BasePage.navigate (/home/tbaltzakis/cloudless.gr/e2e/helpers/page-helpers.ts:13:21)
        at /home/tbaltzakis/cloudless.gr/e2e/ui/components/footer.spec.ts:18:16

    attachment #1: screenshot (image/png) ──────────────────────────────────────────────────────────
    test-results/ui-components-footer-Foote-33150--have-proper-ARIA-landmarks-chromium-retry1/test-failed-1.png
    ────────────────────────────────────────────────────────────────────────────────────────────────

    attachment #2: video (video/webm) ──────────────────────────────────────────────────────────────
    test-results/ui-components-footer-Foote-33150--have-proper-ARIA-landmarks-chromium-retry1/video.webm
    ────────────────────────────────────────────────────────────────────────────────────────────────

    Error Context: test-results/ui-components-footer-Foote-33150--have-proper-ARIA-landmarks-chromium-retry1/error-context.md

    attachment #4: trace (application/zip) ─────────────────────────────────────────────────────────
    test-results/ui-components-footer-Foote-33150--have-proper-ARIA-landmarks-chromium-retry1/trace.zip
    Usage:

        npx playwright show-trace test-results/ui-components-footer-Foote-33150--have-proper-ARIA-landmarks-chromium-retry1/trace.zip

    ────────────────────────────────────────────────────────────────────────────────────────────────

  262) [chromium] › e2e/ui/components/footer.spec.ts:320:9 › Footer Component › Accessibility › should have accessible copyright text 

    Error: page.goto: net::ERR_CONNECTION_REFUSED at http://localhost:4000/
    Call log:
      - navigating to "http://localhost:4000/", waiting until "load"


       at helpers/page-helpers.ts:13

      11 |
      12 |   async navigate(path: string) {
    > 13 |     await this.page.goto(path);
         |                     ^
      14 |     await this.page.waitForLoadState("networkidle");
      15 |   }
      16 |
        at BasePage.navigate (/home/tbaltzakis/cloudless.gr/e2e/helpers/page-helpers.ts:13:21)
        at /home/tbaltzakis/cloudless.gr/e2e/ui/components/footer.spec.ts:18:16

    attachment #1: screenshot (image/png) ──────────────────────────────────────────────────────────
    test-results/ui-components-footer-Foote-a3df5-e-accessible-copyright-text-chromium/test-failed-1.png
    ────────────────────────────────────────────────────────────────────────────────────────────────

    attachment #2: video (video/webm) ──────────────────────────────────────────────────────────────
    test-results/ui-components-footer-Foote-a3df5-e-accessible-copyright-text-chromium/video.webm
    ────────────────────────────────────────────────────────────────────────────────────────────────

    Error Context: test-results/ui-components-footer-Foote-a3df5-e-accessible-copyright-text-chromium/error-context.md

    Retry #1 ───────────────────────────────────────────────────────────────────────────────────────

    Error: page.goto: net::ERR_CONNECTION_REFUSED at http://localhost:4000/
    Call log:
      - navigating to "http://localhost:4000/", waiting until "load"


       at helpers/page-helpers.ts:13

      11 |
      12 |   async navigate(path: string) {
    > 13 |     await this.page.goto(path);
         |                     ^
      14 |     await this.page.waitForLoadState("networkidle");
      15 |   }
      16 |
        at BasePage.navigate (/home/tbaltzakis/cloudless.gr/e2e/helpers/page-helpers.ts:13:21)
        at /home/tbaltzakis/cloudless.gr/e2e/ui/components/footer.spec.ts:18:16

    attachment #1: screenshot (image/png) ──────────────────────────────────────────────────────────
    test-results/ui-components-footer-Foote-a3df5-e-accessible-copyright-text-chromium-retry1/test-failed-1.png
    ────────────────────────────────────────────────────────────────────────────────────────────────

    attachment #2: video (video/webm) ──────────────────────────────────────────────────────────────
    test-results/ui-components-footer-Foote-a3df5-e-accessible-copyright-text-chromium-retry1/video.webm
    ────────────────────────────────────────────────────────────────────────────────────────────────

    Error Context: test-results/ui-components-footer-Foote-a3df5-e-accessible-copyright-text-chromium-retry1/error-context.md

    attachment #4: trace (application/zip) ─────────────────────────────────────────────────────────
    test-results/ui-components-footer-Foote-a3df5-e-accessible-copyright-text-chromium-retry1/trace.zip
    Usage:

        npx playwright show-trace test-results/ui-components-footer-Foote-a3df5-e-accessible-copyright-text-chromium-retry1/trace.zip

    ────────────────────────────────────────────────────────────────────────────────────────────────

  263) [chromium] › e2e/ui/components/footer.spec.ts:332:9 › Footer Component › Accessibility › should have accessible navigation links 

    Error: page.goto: net::ERR_CONNECTION_REFUSED at http://localhost:4000/
    Call log:
      - navigating to "http://localhost:4000/", waiting until "load"


       at helpers/page-helpers.ts:13

      11 |
      12 |   async navigate(path: string) {
    > 13 |     await this.page.goto(path);
         |                     ^
      14 |     await this.page.waitForLoadState("networkidle");
      15 |   }
      16 |
        at BasePage.navigate (/home/tbaltzakis/cloudless.gr/e2e/helpers/page-helpers.ts:13:21)
        at /home/tbaltzakis/cloudless.gr/e2e/ui/components/footer.spec.ts:18:16

    attachment #1: screenshot (image/png) ──────────────────────────────────────────────────────────
    test-results/ui-components-footer-Foote-83600-accessible-navigation-links-chromium/test-failed-1.png
    ────────────────────────────────────────────────────────────────────────────────────────────────

    attachment #2: video (video/webm) ──────────────────────────────────────────────────────────────
    test-results/ui-components-footer-Foote-83600-accessible-navigation-links-chromium/video.webm
    ────────────────────────────────────────────────────────────────────────────────────────────────

    Error Context: test-results/ui-components-footer-Foote-83600-accessible-navigation-links-chromium/error-context.md

    Retry #1 ───────────────────────────────────────────────────────────────────────────────────────

    Error: page.goto: net::ERR_CONNECTION_REFUSED at http://localhost:4000/
    Call log:
      - navigating to "http://localhost:4000/", waiting until "load"


       at helpers/page-helpers.ts:13

      11 |
      12 |   async navigate(path: string) {
    > 13 |     await this.page.goto(path);
         |                     ^
      14 |     await this.page.waitForLoadState("networkidle");
      15 |   }
      16 |
        at BasePage.navigate (/home/tbaltzakis/cloudless.gr/e2e/helpers/page-helpers.ts:13:21)
        at /home/tbaltzakis/cloudless.gr/e2e/ui/components/footer.spec.ts:18:16

    attachment #1: screenshot (image/png) ──────────────────────────────────────────────────────────
    test-results/ui-components-footer-Foote-83600-accessible-navigation-links-chromium-retry1/test-failed-1.png
    ────────────────────────────────────────────────────────────────────────────────────────────────

    attachment #2: video (video/webm) ──────────────────────────────────────────────────────────────
    test-results/ui-components-footer-Foote-83600-accessible-navigation-links-chromium-retry1/video.webm
    ────────────────────────────────────────────────────────────────────────────────────────────────

    Error Context: test-results/ui-components-footer-Foote-83600-accessible-navigation-links-chromium-retry1/error-context.md

    attachment #4: trace (application/zip) ─────────────────────────────────────────────────────────
    test-results/ui-components-footer-Foote-83600-accessible-navigation-links-chromium-retry1/trace.zip
    Usage:

        npx playwright show-trace test-results/ui-components-footer-Foote-83600-accessible-navigation-links-chromium-retry1/trace.zip

    ────────────────────────────────────────────────────────────────────────────────────────────────

  264) [chromium] › e2e/ui/components/footer.spec.ts:359:9 › Footer Component › Accessibility › should have accessible social media links 

    Error: page.goto: net::ERR_CONNECTION_REFUSED at http://localhost:4000/
    Call log:
      - navigating to "http://localhost:4000/", waiting until "load"


       at helpers/page-helpers.ts:13

      11 |
      12 |   async navigate(path: string) {
    > 13 |     await this.page.goto(path);
         |                     ^
      14 |     await this.page.waitForLoadState("networkidle");
      15 |   }
      16 |
        at BasePage.navigate (/home/tbaltzakis/cloudless.gr/e2e/helpers/page-helpers.ts:13:21)
        at /home/tbaltzakis/cloudless.gr/e2e/ui/components/footer.spec.ts:18:16

    attachment #1: screenshot (image/png) ──────────────────────────────────────────────────────────
    test-results/ui-components-footer-Foote-da6c3-cessible-social-media-links-chromium/test-failed-1.png
    ────────────────────────────────────────────────────────────────────────────────────────────────

    attachment #2: video (video/webm) ──────────────────────────────────────────────────────────────
    test-results/ui-components-footer-Foote-da6c3-cessible-social-media-links-chromium/video.webm
    ────────────────────────────────────────────────────────────────────────────────────────────────

    Error Context: test-results/ui-components-footer-Foote-da6c3-cessible-social-media-links-chromium/error-context.md

    Retry #1 ───────────────────────────────────────────────────────────────────────────────────────

    Error: page.goto: net::ERR_CONNECTION_REFUSED at http://localhost:4000/
    Call log:
      - navigating to "http://localhost:4000/", waiting until "load"


       at helpers/page-helpers.ts:13

      11 |
      12 |   async navigate(path: string) {
    > 13 |     await this.page.goto(path);
         |                     ^
      14 |     await this.page.waitForLoadState("networkidle");
      15 |   }
      16 |
        at BasePage.navigate (/home/tbaltzakis/cloudless.gr/e2e/helpers/page-helpers.ts:13:21)
        at /home/tbaltzakis/cloudless.gr/e2e/ui/components/footer.spec.ts:18:16

    attachment #1: screenshot (image/png) ──────────────────────────────────────────────────────────
    test-results/ui-components-footer-Foote-da6c3-cessible-social-media-links-chromium-retry1/test-failed-1.png
    ────────────────────────────────────────────────────────────────────────────────────────────────

    attachment #2: video (video/webm) ──────────────────────────────────────────────────────────────
    test-results/ui-components-footer-Foote-da6c3-cessible-social-media-links-chromium-retry1/video.webm
    ────────────────────────────────────────────────────────────────────────────────────────────────

    Error Context: test-results/ui-components-footer-Foote-da6c3-cessible-social-media-links-chromium-retry1/error-context.md

    attachment #4: trace (application/zip) ─────────────────────────────────────────────────────────
    test-results/ui-components-footer-Foote-da6c3-cessible-social-media-links-chromium-retry1/trace.zip
    Usage:

        npx playwright show-trace test-results/ui-components-footer-Foote-da6c3-cessible-social-media-links-chromium-retry1/trace.zip

    ────────────────────────────────────────────────────────────────────────────────────────────────

  265) [chromium] › e2e/ui/components/footer.spec.ts:387:9 › Footer Component › Accessibility › should have accessible newsletter form 

    Error: page.goto: net::ERR_CONNECTION_REFUSED at http://localhost:4000/
    Call log:
      - navigating to "http://localhost:4000/", waiting until "load"


       at helpers/page-helpers.ts:13

      11 |
      12 |   async navigate(path: string) {
    > 13 |     await this.page.goto(path);
         |                     ^
      14 |     await this.page.waitForLoadState("networkidle");
      15 |   }
      16 |
        at BasePage.navigate (/home/tbaltzakis/cloudless.gr/e2e/helpers/page-helpers.ts:13:21)
        at /home/tbaltzakis/cloudless.gr/e2e/ui/components/footer.spec.ts:18:16

    attachment #1: screenshot (image/png) ──────────────────────────────────────────────────────────
    test-results/ui-components-footer-Foote-30834--accessible-newsletter-form-chromium/test-failed-1.png
    ────────────────────────────────────────────────────────────────────────────────────────────────

    attachment #2: video (video/webm) ──────────────────────────────────────────────────────────────
    test-results/ui-components-footer-Foote-30834--accessible-newsletter-form-chromium/video.webm
    ────────────────────────────────────────────────────────────────────────────────────────────────

    Error Context: test-results/ui-components-footer-Foote-30834--accessible-newsletter-form-chromium/error-context.md

    Retry #1 ───────────────────────────────────────────────────────────────────────────────────────

    Error: page.goto: net::ERR_CONNECTION_REFUSED at http://localhost:4000/
    Call log:
      - navigating to "http://localhost:4000/", waiting until "load"


       at helpers/page-helpers.ts:13

      11 |
      12 |   async navigate(path: string) {
    > 13 |     await this.page.goto(path);
         |                     ^
      14 |     await this.page.waitForLoadState("networkidle");
      15 |   }
      16 |
        at BasePage.navigate (/home/tbaltzakis/cloudless.gr/e2e/helpers/page-helpers.ts:13:21)
        at /home/tbaltzakis/cloudless.gr/e2e/ui/components/footer.spec.ts:18:16

    attachment #1: screenshot (image/png) ──────────────────────────────────────────────────────────
    test-results/ui-components-footer-Foote-30834--accessible-newsletter-form-chromium-retry1/test-failed-1.png
    ────────────────────────────────────────────────────────────────────────────────────────────────

    attachment #2: video (video/webm) ──────────────────────────────────────────────────────────────
    test-results/ui-components-footer-Foote-30834--accessible-newsletter-form-chromium-retry1/video.webm
    ────────────────────────────────────────────────────────────────────────────────────────────────

    Error Context: test-results/ui-components-footer-Foote-30834--accessible-newsletter-form-chromium-retry1/error-context.md

    attachment #4: trace (application/zip) ─────────────────────────────────────────────────────────
    test-results/ui-components-footer-Foote-30834--accessible-newsletter-form-chromium-retry1/trace.zip
    Usage:

        npx playwright show-trace test-results/ui-components-footer-Foote-30834--accessible-newsletter-form-chromium-retry1/trace.zip

    ────────────────────────────────────────────────────────────────────────────────────────────────

  266) [chromium] › e2e/ui/components/footer.spec.ts:424:9 › Footer Component › Performance › should not cause layout shifts 

    Error: page.goto: net::ERR_CONNECTION_REFUSED at http://localhost:4000/
    Call log:
      - navigating to "http://localhost:4000/", waiting until "load"


       at helpers/page-helpers.ts:13

      11 |
      12 |   async navigate(path: string) {
    > 13 |     await this.page.goto(path);
         |                     ^
      14 |     await this.page.waitForLoadState("networkidle");
      15 |   }
      16 |
        at BasePage.navigate (/home/tbaltzakis/cloudless.gr/e2e/helpers/page-helpers.ts:13:21)
        at /home/tbaltzakis/cloudless.gr/e2e/ui/components/footer.spec.ts:18:16

    attachment #1: screenshot (image/png) ──────────────────────────────────────────────────────────
    test-results/ui-components-footer-Foote-e3325-uld-not-cause-layout-shifts-chromium/test-failed-1.png
    ────────────────────────────────────────────────────────────────────────────────────────────────

    attachment #2: video (video/webm) ──────────────────────────────────────────────────────────────
    test-results/ui-components-footer-Foote-e3325-uld-not-cause-layout-shifts-chromium/video.webm
    ────────────────────────────────────────────────────────────────────────────────────────────────

    Error Context: test-results/ui-components-footer-Foote-e3325-uld-not-cause-layout-shifts-chromium/error-context.md

    Retry #1 ───────────────────────────────────────────────────────────────────────────────────────

    Error: page.goto: net::ERR_CONNECTION_REFUSED at http://localhost:4000/
    Call log:
      - navigating to "http://localhost:4000/", waiting until "load"


       at helpers/page-helpers.ts:13

      11 |
      12 |   async navigate(path: string) {
    > 13 |     await this.page.goto(path);
         |                     ^
      14 |     await this.page.waitForLoadState("networkidle");
      15 |   }
      16 |
        at BasePage.navigate (/home/tbaltzakis/cloudless.gr/e2e/helpers/page-helpers.ts:13:21)
        at /home/tbaltzakis/cloudless.gr/e2e/ui/components/footer.spec.ts:18:16

    attachment #1: screenshot (image/png) ──────────────────────────────────────────────────────────
    test-results/ui-components-footer-Foote-e3325-uld-not-cause-layout-shifts-chromium-retry1/test-failed-1.png
    ────────────────────────────────────────────────────────────────────────────────────────────────

    attachment #2: video (video/webm) ──────────────────────────────────────────────────────────────
    test-results/ui-components-footer-Foote-e3325-uld-not-cause-layout-shifts-chromium-retry1/video.webm
    ────────────────────────────────────────────────────────────────────────────────────────────────

    Error Context: test-results/ui-components-footer-Foote-e3325-uld-not-cause-layout-shifts-chromium-retry1/error-context.md

    attachment #4: trace (application/zip) ─────────────────────────────────────────────────────────
    test-results/ui-components-footer-Foote-e3325-uld-not-cause-layout-shifts-chromium-retry1/trace.zip
    Usage:

        npx playwright show-trace test-results/ui-components-footer-Foote-e3325-uld-not-cause-layout-shifts-chromium-retry1/trace.zip

    ────────────────────────────────────────────────────────────────────────────────────────────────

  267) [chromium] › e2e/ui/components/header.spec.ts:23:7 › Header Component › should be visible on all pages 

    Error: page.goto: net::ERR_CONNECTION_REFUSED at http://localhost:4000/
    Call log:
      - navigating to "http://localhost:4000/", waiting until "load"


       at helpers/page-helpers.ts:13

      11 |
      12 |   async navigate(path: string) {
    > 13 |     await this.page.goto(path);
         |                     ^
      14 |     await this.page.waitForLoadState("networkidle");
      15 |   }
      16 |
        at BasePage.navigate (/home/tbaltzakis/cloudless.gr/e2e/helpers/page-helpers.ts:13:21)
        at /home/tbaltzakis/cloudless.gr/e2e/ui/components/header.spec.ts:20:16

    attachment #1: screenshot (image/png) ──────────────────────────────────────────────────────────
    test-results/ui-components-header-Heade-53522-uld-be-visible-on-all-pages-chromium/test-failed-1.png
    ────────────────────────────────────────────────────────────────────────────────────────────────

    attachment #2: video (video/webm) ──────────────────────────────────────────────────────────────
    test-results/ui-components-header-Heade-53522-uld-be-visible-on-all-pages-chromium/video.webm
    ────────────────────────────────────────────────────────────────────────────────────────────────

    Error Context: test-results/ui-components-header-Heade-53522-uld-be-visible-on-all-pages-chromium/error-context.md

    Retry #1 ───────────────────────────────────────────────────────────────────────────────────────

    Error: page.goto: net::ERR_CONNECTION_REFUSED at http://localhost:4000/
    Call log:
      - navigating to "http://localhost:4000/", waiting until "load"


       at helpers/page-helpers.ts:13

      11 |
      12 |   async navigate(path: string) {
    > 13 |     await this.page.goto(path);
         |                     ^
      14 |     await this.page.waitForLoadState("networkidle");
      15 |   }
      16 |
        at BasePage.navigate (/home/tbaltzakis/cloudless.gr/e2e/helpers/page-helpers.ts:13:21)
        at /home/tbaltzakis/cloudless.gr/e2e/ui/components/header.spec.ts:20:16

    attachment #1: screenshot (image/png) ──────────────────────────────────────────────────────────
    test-results/ui-components-header-Heade-53522-uld-be-visible-on-all-pages-chromium-retry1/test-failed-1.png
    ────────────────────────────────────────────────────────────────────────────────────────────────

    attachment #2: video (video/webm) ──────────────────────────────────────────────────────────────
    test-results/ui-components-header-Heade-53522-uld-be-visible-on-all-pages-chromium-retry1/video.webm
    ────────────────────────────────────────────────────────────────────────────────────────────────

    Error Context: test-results/ui-components-header-Heade-53522-uld-be-visible-on-all-pages-chromium-retry1/error-context.md

    attachment #4: trace (application/zip) ─────────────────────────────────────────────────────────
    test-results/ui-components-header-Heade-53522-uld-be-visible-on-all-pages-chromium-retry1/trace.zip
    Usage:

        npx playwright show-trace test-results/ui-components-header-Heade-53522-uld-be-visible-on-all-pages-chromium-retry1/trace.zip

    ────────────────────────────────────────────────────────────────────────────────────────────────

  268) [chromium] › e2e/ui/components/header.spec.ts:28:7 › Header Component › should contain logo/brand 

    Error: page.goto: net::ERR_CONNECTION_REFUSED at http://localhost:4000/
    Call log:
      - navigating to "http://localhost:4000/", waiting until "load"


       at helpers/page-helpers.ts:13

      11 |
      12 |   async navigate(path: string) {
    > 13 |     await this.page.goto(path);
         |                     ^
      14 |     await this.page.waitForLoadState("networkidle");
      15 |   }
      16 |
        at BasePage.navigate (/home/tbaltzakis/cloudless.gr/e2e/helpers/page-helpers.ts:13:21)
        at /home/tbaltzakis/cloudless.gr/e2e/ui/components/header.spec.ts:20:16

    attachment #1: screenshot (image/png) ──────────────────────────────────────────────────────────
    test-results/ui-components-header-Heade-6871e-t-should-contain-logo-brand-chromium/test-failed-1.png
    ────────────────────────────────────────────────────────────────────────────────────────────────

    attachment #2: video (video/webm) ──────────────────────────────────────────────────────────────
    test-results/ui-components-header-Heade-6871e-t-should-contain-logo-brand-chromium/video.webm
    ────────────────────────────────────────────────────────────────────────────────────────────────

    Error Context: test-results/ui-components-header-Heade-6871e-t-should-contain-logo-brand-chromium/error-context.md

    Retry #1 ───────────────────────────────────────────────────────────────────────────────────────

    Error: page.goto: net::ERR_CONNECTION_REFUSED at http://localhost:4000/
    Call log:
      - navigating to "http://localhost:4000/", waiting until "load"


       at helpers/page-helpers.ts:13

      11 |
      12 |   async navigate(path: string) {
    > 13 |     await this.page.goto(path);
         |                     ^
      14 |     await this.page.waitForLoadState("networkidle");
      15 |   }
      16 |
        at BasePage.navigate (/home/tbaltzakis/cloudless.gr/e2e/helpers/page-helpers.ts:13:21)
        at /home/tbaltzakis/cloudless.gr/e2e/ui/components/header.spec.ts:20:16

    attachment #1: screenshot (image/png) ──────────────────────────────────────────────────────────
    test-results/ui-components-header-Heade-6871e-t-should-contain-logo-brand-chromium-retry1/test-failed-1.png
    ────────────────────────────────────────────────────────────────────────────────────────────────

    attachment #2: video (video/webm) ──────────────────────────────────────────────────────────────
    test-results/ui-components-header-Heade-6871e-t-should-contain-logo-brand-chromium-retry1/video.webm
    ────────────────────────────────────────────────────────────────────────────────────────────────

    Error Context: test-results/ui-components-header-Heade-6871e-t-should-contain-logo-brand-chromium-retry1/error-context.md

    attachment #4: trace (application/zip) ─────────────────────────────────────────────────────────
    test-results/ui-components-header-Heade-6871e-t-should-contain-logo-brand-chromium-retry1/trace.zip
    Usage:

        npx playwright show-trace test-results/ui-components-header-Heade-6871e-t-should-contain-logo-brand-chromium-retry1/trace.zip

    ────────────────────────────────────────────────────────────────────────────────────────────────

  269) [chromium] › e2e/ui/components/header.spec.ts:41:7 › Header Component › should contain navigation menu 

    Error: page.goto: net::ERR_CONNECTION_REFUSED at http://localhost:4000/
    Call log:
      - navigating to "http://localhost:4000/", waiting until "load"


       at helpers/page-helpers.ts:13

      11 |
      12 |   async navigate(path: string) {
    > 13 |     await this.page.goto(path);
         |                     ^
      14 |     await this.page.waitForLoadState("networkidle");
      15 |   }
      16 |
        at BasePage.navigate (/home/tbaltzakis/cloudless.gr/e2e/helpers/page-helpers.ts:13:21)
        at /home/tbaltzakis/cloudless.gr/e2e/ui/components/header.spec.ts:20:16

    attachment #1: screenshot (image/png) ──────────────────────────────────────────────────────────
    test-results/ui-components-header-Heade-7fecb-uld-contain-navigation-menu-chromium/test-failed-1.png
    ────────────────────────────────────────────────────────────────────────────────────────────────

    attachment #2: video (video/webm) ──────────────────────────────────────────────────────────────
    test-results/ui-components-header-Heade-7fecb-uld-contain-navigation-menu-chromium/video.webm
    ────────────────────────────────────────────────────────────────────────────────────────────────

    Error Context: test-results/ui-components-header-Heade-7fecb-uld-contain-navigation-menu-chromium/error-context.md

    Retry #1 ───────────────────────────────────────────────────────────────────────────────────────

    Error: page.goto: net::ERR_CONNECTION_REFUSED at http://localhost:4000/
    Call log:
      - navigating to "http://localhost:4000/", waiting until "load"


       at helpers/page-helpers.ts:13

      11 |
      12 |   async navigate(path: string) {
    > 13 |     await this.page.goto(path);
         |                     ^
      14 |     await this.page.waitForLoadState("networkidle");
      15 |   }
      16 |
        at BasePage.navigate (/home/tbaltzakis/cloudless.gr/e2e/helpers/page-helpers.ts:13:21)
        at /home/tbaltzakis/cloudless.gr/e2e/ui/components/header.spec.ts:20:16

    attachment #1: screenshot (image/png) ──────────────────────────────────────────────────────────
    test-results/ui-components-header-Heade-7fecb-uld-contain-navigation-menu-chromium-retry1/test-failed-1.png
    ────────────────────────────────────────────────────────────────────────────────────────────────

    attachment #2: video (video/webm) ──────────────────────────────────────────────────────────────
    test-results/ui-components-header-Heade-7fecb-uld-contain-navigation-menu-chromium-retry1/video.webm
    ────────────────────────────────────────────────────────────────────────────────────────────────

    Error Context: test-results/ui-components-header-Heade-7fecb-uld-contain-navigation-menu-chromium-retry1/error-context.md

    attachment #4: trace (application/zip) ─────────────────────────────────────────────────────────
    test-results/ui-components-header-Heade-7fecb-uld-contain-navigation-menu-chromium-retry1/trace.zip
    Usage:

        npx playwright show-trace test-results/ui-components-header-Heade-7fecb-uld-contain-navigation-menu-chromium-retry1/trace.zip

    ────────────────────────────────────────────────────────────────────────────────────────────────

  270) [chromium] › e2e/ui/components/header.spec.ts:58:7 › Header Component › should have accessible navigation 

    Error: page.goto: net::ERR_CONNECTION_REFUSED at http://localhost:4000/
    Call log:
      - navigating to "http://localhost:4000/", waiting until "load"


       at helpers/page-helpers.ts:13

      11 |
      12 |   async navigate(path: string) {
    > 13 |     await this.page.goto(path);
         |                     ^
      14 |     await this.page.waitForLoadState("networkidle");
      15 |   }
      16 |
        at BasePage.navigate (/home/tbaltzakis/cloudless.gr/e2e/helpers/page-helpers.ts:13:21)
        at /home/tbaltzakis/cloudless.gr/e2e/ui/components/header.spec.ts:20:16

    attachment #1: screenshot (image/png) ──────────────────────────────────────────────────────────
    test-results/ui-components-header-Heade-02e22--have-accessible-navigation-chromium/test-failed-1.png
    ────────────────────────────────────────────────────────────────────────────────────────────────

    attachment #2: video (video/webm) ──────────────────────────────────────────────────────────────
    test-results/ui-components-header-Heade-02e22--have-accessible-navigation-chromium/video.webm
    ────────────────────────────────────────────────────────────────────────────────────────────────

    Error Context: test-results/ui-components-header-Heade-02e22--have-accessible-navigation-chromium/error-context.md

    Retry #1 ───────────────────────────────────────────────────────────────────────────────────────

    Error: page.goto: net::ERR_CONNECTION_REFUSED at http://localhost:4000/
    Call log:
      - navigating to "http://localhost:4000/", waiting until "load"


       at helpers/page-helpers.ts:13

      11 |
      12 |   async navigate(path: string) {
    > 13 |     await this.page.goto(path);
         |                     ^
      14 |     await this.page.waitForLoadState("networkidle");
      15 |   }
      16 |
        at BasePage.navigate (/home/tbaltzakis/cloudless.gr/e2e/helpers/page-helpers.ts:13:21)
        at /home/tbaltzakis/cloudless.gr/e2e/ui/components/header.spec.ts:20:16

    attachment #1: screenshot (image/png) ──────────────────────────────────────────────────────────
    test-results/ui-components-header-Heade-02e22--have-accessible-navigation-chromium-retry1/test-failed-1.png
    ────────────────────────────────────────────────────────────────────────────────────────────────

    attachment #2: video (video/webm) ──────────────────────────────────────────────────────────────
    test-results/ui-components-header-Heade-02e22--have-accessible-navigation-chromium-retry1/video.webm
    ────────────────────────────────────────────────────────────────────────────────────────────────

    Error Context: test-results/ui-components-header-Heade-02e22--have-accessible-navigation-chromium-retry1/error-context.md

    attachment #4: trace (application/zip) ─────────────────────────────────────────────────────────
    test-results/ui-components-header-Heade-02e22--have-accessible-navigation-chromium-retry1/trace.zip
    Usage:

        npx playwright show-trace test-results/ui-components-header-Heade-02e22--have-accessible-navigation-chromium-retry1/trace.zip

    ────────────────────────────────────────────────────────────────────────────────────────────────

  271) [chromium] › e2e/ui/components/header.spec.ts:90:9 › Header Component › Navigation Functionality › should navigate to services 

    Error: page.goto: net::ERR_CONNECTION_REFUSED at http://localhost:4000/
    Call log:
      - navigating to "http://localhost:4000/", waiting until "load"


       at helpers/page-helpers.ts:13

      11 |
      12 |   async navigate(path: string) {
    > 13 |     await this.page.goto(path);
         |                     ^
      14 |     await this.page.waitForLoadState("networkidle");
      15 |   }
      16 |
        at BasePage.navigate (/home/tbaltzakis/cloudless.gr/e2e/helpers/page-helpers.ts:13:21)
        at /home/tbaltzakis/cloudless.gr/e2e/ui/components/header.spec.ts:20:16

    attachment #1: screenshot (image/png) ──────────────────────────────────────────────────────────
    test-results/ui-components-header-Heade-7b728-should-navigate-to-services-chromium/test-failed-1.png
    ────────────────────────────────────────────────────────────────────────────────────────────────

    attachment #2: video (video/webm) ──────────────────────────────────────────────────────────────
    test-results/ui-components-header-Heade-7b728-should-navigate-to-services-chromium/video.webm
    ────────────────────────────────────────────────────────────────────────────────────────────────

    Error Context: test-results/ui-components-header-Heade-7b728-should-navigate-to-services-chromium/error-context.md

    Retry #1 ───────────────────────────────────────────────────────────────────────────────────────

    Error: page.goto: net::ERR_CONNECTION_REFUSED at http://localhost:4000/
    Call log:
      - navigating to "http://localhost:4000/", waiting until "load"


       at helpers/page-helpers.ts:13

      11 |
      12 |   async navigate(path: string) {
    > 13 |     await this.page.goto(path);
         |                     ^
      14 |     await this.page.waitForLoadState("networkidle");
      15 |   }
      16 |
        at BasePage.navigate (/home/tbaltzakis/cloudless.gr/e2e/helpers/page-helpers.ts:13:21)
        at /home/tbaltzakis/cloudless.gr/e2e/ui/components/header.spec.ts:20:16

    attachment #1: screenshot (image/png) ──────────────────────────────────────────────────────────
    test-results/ui-components-header-Heade-7b728-should-navigate-to-services-chromium-retry1/test-failed-1.png
    ────────────────────────────────────────────────────────────────────────────────────────────────

    attachment #2: video (video/webm) ──────────────────────────────────────────────────────────────
    test-results/ui-components-header-Heade-7b728-should-navigate-to-services-chromium-retry1/video.webm
    ────────────────────────────────────────────────────────────────────────────────────────────────

    Error Context: test-results/ui-components-header-Heade-7b728-should-navigate-to-services-chromium-retry1/error-context.md

    attachment #4: trace (application/zip) ─────────────────────────────────────────────────────────
    test-results/ui-components-header-Heade-7b728-should-navigate-to-services-chromium-retry1/trace.zip
    Usage:

        npx playwright show-trace test-results/ui-components-header-Heade-7b728-should-navigate-to-services-chromium-retry1/trace.zip

    ────────────────────────────────────────────────────────────────────────────────────────────────

  272) [chromium] › e2e/ui/components/header.spec.ts:101:9 › Header Component › Navigation Functionality › should navigate to store 

    Error: page.goto: net::ERR_CONNECTION_REFUSED at http://localhost:4000/
    Call log:
      - navigating to "http://localhost:4000/", waiting until "load"


       at helpers/page-helpers.ts:13

      11 |
      12 |   async navigate(path: string) {
    > 13 |     await this.page.goto(path);
         |                     ^
      14 |     await this.page.waitForLoadState("networkidle");
      15 |   }
      16 |
        at BasePage.navigate (/home/tbaltzakis/cloudless.gr/e2e/helpers/page-helpers.ts:13:21)
        at /home/tbaltzakis/cloudless.gr/e2e/ui/components/header.spec.ts:20:16

    attachment #1: screenshot (image/png) ──────────────────────────────────────────────────────────
    test-results/ui-components-header-Heade-d6453-ty-should-navigate-to-store-chromium/test-failed-1.png
    ────────────────────────────────────────────────────────────────────────────────────────────────

    attachment #2: video (video/webm) ──────────────────────────────────────────────────────────────
    test-results/ui-components-header-Heade-d6453-ty-should-navigate-to-store-chromium/video.webm
    ────────────────────────────────────────────────────────────────────────────────────────────────

    Error Context: test-results/ui-components-header-Heade-d6453-ty-should-navigate-to-store-chromium/error-context.md

    Retry #1 ───────────────────────────────────────────────────────────────────────────────────────

    Error: page.goto: net::ERR_CONNECTION_REFUSED at http://localhost:4000/
    Call log:
      - navigating to "http://localhost:4000/", waiting until "load"


       at helpers/page-helpers.ts:13

      11 |
      12 |   async navigate(path: string) {
    > 13 |     await this.page.goto(path);
         |                     ^
      14 |     await this.page.waitForLoadState("networkidle");
      15 |   }
      16 |
        at BasePage.navigate (/home/tbaltzakis/cloudless.gr/e2e/helpers/page-helpers.ts:13:21)
        at /home/tbaltzakis/cloudless.gr/e2e/ui/components/header.spec.ts:20:16

    attachment #1: screenshot (image/png) ──────────────────────────────────────────────────────────
    test-results/ui-components-header-Heade-d6453-ty-should-navigate-to-store-chromium-retry1/test-failed-1.png
    ────────────────────────────────────────────────────────────────────────────────────────────────

    attachment #2: video (video/webm) ──────────────────────────────────────────────────────────────
    test-results/ui-components-header-Heade-d6453-ty-should-navigate-to-store-chromium-retry1/video.webm
    ────────────────────────────────────────────────────────────────────────────────────────────────

    Error Context: test-results/ui-components-header-Heade-d6453-ty-should-navigate-to-store-chromium-retry1/error-context.md

    attachment #4: trace (application/zip) ─────────────────────────────────────────────────────────
    test-results/ui-components-header-Heade-d6453-ty-should-navigate-to-store-chromium-retry1/trace.zip
    Usage:

        npx playwright show-trace test-results/ui-components-header-Heade-d6453-ty-should-navigate-to-store-chromium-retry1/trace.zip

    ────────────────────────────────────────────────────────────────────────────────────────────────

  273) [chromium] › e2e/ui/components/header.spec.ts:112:9 › Header Component › Navigation Functionality › should navigate to blog 

    Error: page.goto: net::ERR_CONNECTION_REFUSED at http://localhost:4000/
    Call log:
      - navigating to "http://localhost:4000/", waiting until "load"


       at helpers/page-helpers.ts:13

      11 |
      12 |   async navigate(path: string) {
    > 13 |     await this.page.goto(path);
         |                     ^
      14 |     await this.page.waitForLoadState("networkidle");
      15 |   }
      16 |
        at BasePage.navigate (/home/tbaltzakis/cloudless.gr/e2e/helpers/page-helpers.ts:13:21)
        at /home/tbaltzakis/cloudless.gr/e2e/ui/components/header.spec.ts:20:16

    attachment #1: screenshot (image/png) ──────────────────────────────────────────────────────────
    test-results/ui-components-header-Heade-3e54e-ity-should-navigate-to-blog-chromium/test-failed-1.png
    ────────────────────────────────────────────────────────────────────────────────────────────────

    attachment #2: video (video/webm) ──────────────────────────────────────────────────────────────
    test-results/ui-components-header-Heade-3e54e-ity-should-navigate-to-blog-chromium/video.webm
    ────────────────────────────────────────────────────────────────────────────────────────────────

    Error Context: test-results/ui-components-header-Heade-3e54e-ity-should-navigate-to-blog-chromium/error-context.md

    Retry #1 ───────────────────────────────────────────────────────────────────────────────────────

    Error: page.goto: net::ERR_CONNECTION_REFUSED at http://localhost:4000/
    Call log:
      - navigating to "http://localhost:4000/", waiting until "load"


       at helpers/page-helpers.ts:13

      11 |
      12 |   async navigate(path: string) {
    > 13 |     await this.page.goto(path);
         |                     ^
      14 |     await this.page.waitForLoadState("networkidle");
      15 |   }
      16 |
        at BasePage.navigate (/home/tbaltzakis/cloudless.gr/e2e/helpers/page-helpers.ts:13:21)
        at /home/tbaltzakis/cloudless.gr/e2e/ui/components/header.spec.ts:20:16

    attachment #1: screenshot (image/png) ──────────────────────────────────────────────────────────
    test-results/ui-components-header-Heade-3e54e-ity-should-navigate-to-blog-chromium-retry1/test-failed-1.png
    ────────────────────────────────────────────────────────────────────────────────────────────────

    attachment #2: video (video/webm) ──────────────────────────────────────────────────────────────
    test-results/ui-components-header-Heade-3e54e-ity-should-navigate-to-blog-chromium-retry1/video.webm
    ────────────────────────────────────────────────────────────────────────────────────────────────

    Error Context: test-results/ui-components-header-Heade-3e54e-ity-should-navigate-to-blog-chromium-retry1/error-context.md

    attachment #4: trace (application/zip) ─────────────────────────────────────────────────────────
    test-results/ui-components-header-Heade-3e54e-ity-should-navigate-to-blog-chromium-retry1/trace.zip
    Usage:

        npx playwright show-trace test-results/ui-components-header-Heade-3e54e-ity-should-navigate-to-blog-chromium-retry1/trace.zip

    ────────────────────────────────────────────────────────────────────────────────────────────────

  274) [chromium] › e2e/ui/components/header.spec.ts:123:9 › Header Component › Navigation Functionality › should navigate to contact 

    Error: page.goto: net::ERR_CONNECTION_REFUSED at http://localhost:4000/
    Call log:
      - navigating to "http://localhost:4000/", waiting until "load"


       at helpers/page-helpers.ts:13

      11 |
      12 |   async navigate(path: string) {
    > 13 |     await this.page.goto(path);
         |                     ^
      14 |     await this.page.waitForLoadState("networkidle");
      15 |   }
      16 |
        at BasePage.navigate (/home/tbaltzakis/cloudless.gr/e2e/helpers/page-helpers.ts:13:21)
        at /home/tbaltzakis/cloudless.gr/e2e/ui/components/header.spec.ts:20:16

    attachment #1: screenshot (image/png) ──────────────────────────────────────────────────────────
    test-results/ui-components-header-Heade-570fa--should-navigate-to-contact-chromium/test-failed-1.png
    ────────────────────────────────────────────────────────────────────────────────────────────────

    attachment #2: video (video/webm) ──────────────────────────────────────────────────────────────
    test-results/ui-components-header-Heade-570fa--should-navigate-to-contact-chromium/video.webm
    ────────────────────────────────────────────────────────────────────────────────────────────────

    Error Context: test-results/ui-components-header-Heade-570fa--should-navigate-to-contact-chromium/error-context.md

    Retry #1 ───────────────────────────────────────────────────────────────────────────────────────

    Error: page.goto: net::ERR_CONNECTION_REFUSED at http://localhost:4000/
    Call log:
      - navigating to "http://localhost:4000/", waiting until "load"


       at helpers/page-helpers.ts:13

      11 |
      12 |   async navigate(path: string) {
    > 13 |     await this.page.goto(path);
         |                     ^
      14 |     await this.page.waitForLoadState("networkidle");
      15 |   }
      16 |
        at BasePage.navigate (/home/tbaltzakis/cloudless.gr/e2e/helpers/page-helpers.ts:13:21)
        at /home/tbaltzakis/cloudless.gr/e2e/ui/components/header.spec.ts:20:16

    attachment #1: screenshot (image/png) ──────────────────────────────────────────────────────────
    test-results/ui-components-header-Heade-570fa--should-navigate-to-contact-chromium-retry1/test-failed-1.png
    ────────────────────────────────────────────────────────────────────────────────────────────────

    attachment #2: video (video/webm) ──────────────────────────────────────────────────────────────
    test-results/ui-components-header-Heade-570fa--should-navigate-to-contact-chromium-retry1/video.webm
    ────────────────────────────────────────────────────────────────────────────────────────────────

    Error Context: test-results/ui-components-header-Heade-570fa--should-navigate-to-contact-chromium-retry1/error-context.md

    attachment #4: trace (application/zip) ─────────────────────────────────────────────────────────
    test-results/ui-components-header-Heade-570fa--should-navigate-to-contact-chromium-retry1/trace.zip
    Usage:

        npx playwright show-trace test-results/ui-components-header-Heade-570fa--should-navigate-to-contact-chromium-retry1/trace.zip

    ────────────────────────────────────────────────────────────────────────────────────────────────

  275) [chromium] › e2e/ui/components/header.spec.ts:134:9 › Header Component › Navigation Functionality › should navigate to homepage via logo 

    Error: page.goto: net::ERR_CONNECTION_REFUSED at http://localhost:4000/
    Call log:
      - navigating to "http://localhost:4000/", waiting until "load"


       at helpers/page-helpers.ts:13

      11 |
      12 |   async navigate(path: string) {
    > 13 |     await this.page.goto(path);
         |                     ^
      14 |     await this.page.waitForLoadState("networkidle");
      15 |   }
      16 |
        at BasePage.navigate (/home/tbaltzakis/cloudless.gr/e2e/helpers/page-helpers.ts:13:21)
        at /home/tbaltzakis/cloudless.gr/e2e/ui/components/header.spec.ts:20:16

    attachment #1: screenshot (image/png) ──────────────────────────────────────────────────────────
    test-results/ui-components-header-Heade-51eb2-vigate-to-homepage-via-logo-chromium/test-failed-1.png
    ────────────────────────────────────────────────────────────────────────────────────────────────

    attachment #2: video (video/webm) ──────────────────────────────────────────────────────────────
    test-results/ui-components-header-Heade-51eb2-vigate-to-homepage-via-logo-chromium/video.webm
    ────────────────────────────────────────────────────────────────────────────────────────────────

    Error Context: test-results/ui-components-header-Heade-51eb2-vigate-to-homepage-via-logo-chromium/error-context.md

    Retry #1 ───────────────────────────────────────────────────────────────────────────────────────

    Error: page.goto: net::ERR_CONNECTION_REFUSED at http://localhost:4000/
    Call log:
      - navigating to "http://localhost:4000/", waiting until "load"


       at helpers/page-helpers.ts:13

      11 |
      12 |   async navigate(path: string) {
    > 13 |     await this.page.goto(path);
         |                     ^
      14 |     await this.page.waitForLoadState("networkidle");
      15 |   }
      16 |
        at BasePage.navigate (/home/tbaltzakis/cloudless.gr/e2e/helpers/page-helpers.ts:13:21)
        at /home/tbaltzakis/cloudless.gr/e2e/ui/components/header.spec.ts:20:16

    attachment #1: screenshot (image/png) ──────────────────────────────────────────────────────────
    test-results/ui-components-header-Heade-51eb2-vigate-to-homepage-via-logo-chromium-retry1/test-failed-1.png
    ────────────────────────────────────────────────────────────────────────────────────────────────

    attachment #2: video (video/webm) ──────────────────────────────────────────────────────────────
    test-results/ui-components-header-Heade-51eb2-vigate-to-homepage-via-logo-chromium-retry1/video.webm
    ────────────────────────────────────────────────────────────────────────────────────────────────

    Error Context: test-results/ui-components-header-Heade-51eb2-vigate-to-homepage-via-logo-chromium-retry1/error-context.md

    attachment #4: trace (application/zip) ─────────────────────────────────────────────────────────
    test-results/ui-components-header-Heade-51eb2-vigate-to-homepage-via-logo-chromium-retry1/trace.zip
    Usage:

        npx playwright show-trace test-results/ui-components-header-Heade-51eb2-vigate-to-homepage-via-logo-chromium-retry1/trace.zip

    ────────────────────────────────────────────────────────────────────────────────────────────────

  276) [chromium] › e2e/ui/components/header.spec.ts:150:9 › Header Component › Authentication States › should show login/logout buttons when not authenticated 

    Error: page.goto: net::ERR_CONNECTION_REFUSED at http://localhost:4000/
    Call log:
      - navigating to "http://localhost:4000/", waiting until "load"


       at helpers/page-helpers.ts:13

      11 |
      12 |   async navigate(path: string) {
    > 13 |     await this.page.goto(path);
         |                     ^
      14 |     await this.page.waitForLoadState("networkidle");
      15 |   }
      16 |
        at BasePage.navigate (/home/tbaltzakis/cloudless.gr/e2e/helpers/page-helpers.ts:13:21)
        at /home/tbaltzakis/cloudless.gr/e2e/ui/components/header.spec.ts:20:16

    attachment #1: screenshot (image/png) ──────────────────────────────────────────────────────────
    test-results/ui-components-header-Heade-14c20-tons-when-not-authenticated-chromium/test-failed-1.png
    ────────────────────────────────────────────────────────────────────────────────────────────────

    attachment #2: video (video/webm) ──────────────────────────────────────────────────────────────
    test-results/ui-components-header-Heade-14c20-tons-when-not-authenticated-chromium/video.webm
    ────────────────────────────────────────────────────────────────────────────────────────────────

    Error Context: test-results/ui-components-header-Heade-14c20-tons-when-not-authenticated-chromium/error-context.md

    Retry #1 ───────────────────────────────────────────────────────────────────────────────────────

    Error: page.goto: net::ERR_CONNECTION_REFUSED at http://localhost:4000/
    Call log:
      - navigating to "http://localhost:4000/", waiting until "load"


       at helpers/page-helpers.ts:13

      11 |
      12 |   async navigate(path: string) {
    > 13 |     await this.page.goto(path);
         |                     ^
      14 |     await this.page.waitForLoadState("networkidle");
      15 |   }
      16 |
        at BasePage.navigate (/home/tbaltzakis/cloudless.gr/e2e/helpers/page-helpers.ts:13:21)
        at /home/tbaltzakis/cloudless.gr/e2e/ui/components/header.spec.ts:20:16

    attachment #1: screenshot (image/png) ──────────────────────────────────────────────────────────
    test-results/ui-components-header-Heade-14c20-tons-when-not-authenticated-chromium-retry1/test-failed-1.png
    ────────────────────────────────────────────────────────────────────────────────────────────────

    attachment #2: video (video/webm) ──────────────────────────────────────────────────────────────
    test-results/ui-components-header-Heade-14c20-tons-when-not-authenticated-chromium-retry1/video.webm
    ────────────────────────────────────────────────────────────────────────────────────────────────

    Error Context: test-results/ui-components-header-Heade-14c20-tons-when-not-authenticated-chromium-retry1/error-context.md

    attachment #4: trace (application/zip) ─────────────────────────────────────────────────────────
    test-results/ui-components-header-Heade-14c20-tons-when-not-authenticated-chromium-retry1/trace.zip
    Usage:

        npx playwright show-trace test-results/ui-components-header-Heade-14c20-tons-when-not-authenticated-chromium-retry1/trace.zip

    ────────────────────────────────────────────────────────────────────────────────────────────────

  277) [chromium] › e2e/ui/components/header.spec.ts:163:9 › Header Component › Authentication States › should show user menu when authenticated 

    Error: page.goto: net::ERR_CONNECTION_REFUSED at http://localhost:4000/
    Call log:
      - navigating to "http://localhost:4000/", waiting until "load"


       at helpers/page-helpers.ts:13

      11 |
      12 |   async navigate(path: string) {
    > 13 |     await this.page.goto(path);
         |                     ^
      14 |     await this.page.waitForLoadState("networkidle");
      15 |   }
      16 |
        at BasePage.navigate (/home/tbaltzakis/cloudless.gr/e2e/helpers/page-helpers.ts:13:21)
        at /home/tbaltzakis/cloudless.gr/e2e/ui/components/header.spec.ts:20:16

    attachment #1: screenshot (image/png) ──────────────────────────────────────────────────────────
    test-results/ui-components-header-Heade-11df5-ser-menu-when-authenticated-chromium/test-failed-1.png
    ────────────────────────────────────────────────────────────────────────────────────────────────

    attachment #2: video (video/webm) ──────────────────────────────────────────────────────────────
    test-results/ui-components-header-Heade-11df5-ser-menu-when-authenticated-chromium/video.webm
    ────────────────────────────────────────────────────────────────────────────────────────────────

    Error Context: test-results/ui-components-header-Heade-11df5-ser-menu-when-authenticated-chromium/error-context.md

    Retry #1 ───────────────────────────────────────────────────────────────────────────────────────

    Error: page.goto: net::ERR_CONNECTION_REFUSED at http://localhost:4000/
    Call log:
      - navigating to "http://localhost:4000/", waiting until "load"


       at helpers/page-helpers.ts:13

      11 |
      12 |   async navigate(path: string) {
    > 13 |     await this.page.goto(path);
         |                     ^
      14 |     await this.page.waitForLoadState("networkidle");
      15 |   }
      16 |
        at BasePage.navigate (/home/tbaltzakis/cloudless.gr/e2e/helpers/page-helpers.ts:13:21)
        at /home/tbaltzakis/cloudless.gr/e2e/ui/components/header.spec.ts:20:16

    attachment #1: screenshot (image/png) ──────────────────────────────────────────────────────────
    test-results/ui-components-header-Heade-11df5-ser-menu-when-authenticated-chromium-retry1/test-failed-1.png
    ────────────────────────────────────────────────────────────────────────────────────────────────

    attachment #2: video (video/webm) ──────────────────────────────────────────────────────────────
    test-results/ui-components-header-Heade-11df5-ser-menu-when-authenticated-chromium-retry1/video.webm
    ────────────────────────────────────────────────────────────────────────────────────────────────

    Error Context: test-results/ui-components-header-Heade-11df5-ser-menu-when-authenticated-chromium-retry1/error-context.md

    attachment #4: trace (application/zip) ─────────────────────────────────────────────────────────
    test-results/ui-components-header-Heade-11df5-ser-menu-when-authenticated-chromium-retry1/trace.zip
    Usage:

        npx playwright show-trace test-results/ui-components-header-Heade-11df5-ser-menu-when-authenticated-chromium-retry1/trace.zip

    ────────────────────────────────────────────────────────────────────────────────────────────────

  278) [chromium] › e2e/ui/components/header.spec.ts:189:9 › Header Component › Responsive Design › should render correctly on mobile 

    Error: page.goto: net::ERR_CONNECTION_REFUSED at http://localhost:4000/
    Call log:
      - navigating to "http://localhost:4000/", waiting until "load"


       at helpers/page-helpers.ts:13

      11 |
      12 |   async navigate(path: string) {
    > 13 |     await this.page.goto(path);
         |                     ^
      14 |     await this.page.waitForLoadState("networkidle");
      15 |   }
      16 |
        at BasePage.navigate (/home/tbaltzakis/cloudless.gr/e2e/helpers/page-helpers.ts:13:21)
        at /home/tbaltzakis/cloudless.gr/e2e/ui/components/header.spec.ts:20:16

    attachment #1: screenshot (image/png) ──────────────────────────────────────────────────────────
    test-results/ui-components-header-Heade-6fe6c--render-correctly-on-mobile-chromium/test-failed-1.png
    ────────────────────────────────────────────────────────────────────────────────────────────────

    attachment #2: video (video/webm) ──────────────────────────────────────────────────────────────
    test-results/ui-components-header-Heade-6fe6c--render-correctly-on-mobile-chromium/video.webm
    ────────────────────────────────────────────────────────────────────────────────────────────────

    Error Context: test-results/ui-components-header-Heade-6fe6c--render-correctly-on-mobile-chromium/error-context.md

    Retry #1 ───────────────────────────────────────────────────────────────────────────────────────

    Error: page.goto: net::ERR_CONNECTION_REFUSED at http://localhost:4000/
    Call log:
      - navigating to "http://localhost:4000/", waiting until "load"


       at helpers/page-helpers.ts:13

      11 |
      12 |   async navigate(path: string) {
    > 13 |     await this.page.goto(path);
         |                     ^
      14 |     await this.page.waitForLoadState("networkidle");
      15 |   }
      16 |
        at BasePage.navigate (/home/tbaltzakis/cloudless.gr/e2e/helpers/page-helpers.ts:13:21)
        at /home/tbaltzakis/cloudless.gr/e2e/ui/components/header.spec.ts:20:16

    attachment #1: screenshot (image/png) ──────────────────────────────────────────────────────────
    test-results/ui-components-header-Heade-6fe6c--render-correctly-on-mobile-chromium-retry1/test-failed-1.png
    ────────────────────────────────────────────────────────────────────────────────────────────────

    attachment #2: video (video/webm) ──────────────────────────────────────────────────────────────
    test-results/ui-components-header-Heade-6fe6c--render-correctly-on-mobile-chromium-retry1/video.webm
    ────────────────────────────────────────────────────────────────────────────────────────────────

    Error Context: test-results/ui-components-header-Heade-6fe6c--render-correctly-on-mobile-chromium-retry1/error-context.md

    attachment #4: trace (application/zip) ─────────────────────────────────────────────────────────
    test-results/ui-components-header-Heade-6fe6c--render-correctly-on-mobile-chromium-retry1/trace.zip
    Usage:

        npx playwright show-trace test-results/ui-components-header-Heade-6fe6c--render-correctly-on-mobile-chromium-retry1/trace.zip

    ────────────────────────────────────────────────────────────────────────────────────────────────

  279) [chromium] › e2e/ui/components/header.spec.ts:217:9 › Header Component › Responsive Design › should render correctly on tablet 

    Error: page.goto: net::ERR_CONNECTION_REFUSED at http://localhost:4000/
    Call log:
      - navigating to "http://localhost:4000/", waiting until "load"


       at helpers/page-helpers.ts:13

      11 |
      12 |   async navigate(path: string) {
    > 13 |     await this.page.goto(path);
         |                     ^
      14 |     await this.page.waitForLoadState("networkidle");
      15 |   }
      16 |
        at BasePage.navigate (/home/tbaltzakis/cloudless.gr/e2e/helpers/page-helpers.ts:13:21)
        at /home/tbaltzakis/cloudless.gr/e2e/ui/components/header.spec.ts:20:16

    attachment #1: screenshot (image/png) ──────────────────────────────────────────────────────────
    test-results/ui-components-header-Heade-8c624--render-correctly-on-tablet-chromium/test-failed-1.png
    ────────────────────────────────────────────────────────────────────────────────────────────────

    attachment #2: video (video/webm) ──────────────────────────────────────────────────────────────
    test-results/ui-components-header-Heade-8c624--render-correctly-on-tablet-chromium/video.webm
    ────────────────────────────────────────────────────────────────────────────────────────────────

    Error Context: test-results/ui-components-header-Heade-8c624--render-correctly-on-tablet-chromium/error-context.md

    Retry #1 ───────────────────────────────────────────────────────────────────────────────────────

    Error: page.goto: net::ERR_CONNECTION_REFUSED at http://localhost:4000/
    Call log:
      - navigating to "http://localhost:4000/", waiting until "load"


       at helpers/page-helpers.ts:13

      11 |
      12 |   async navigate(path: string) {
    > 13 |     await this.page.goto(path);
         |                     ^
      14 |     await this.page.waitForLoadState("networkidle");
      15 |   }
      16 |
        at BasePage.navigate (/home/tbaltzakis/cloudless.gr/e2e/helpers/page-helpers.ts:13:21)
        at /home/tbaltzakis/cloudless.gr/e2e/ui/components/header.spec.ts:20:16

    attachment #1: screenshot (image/png) ──────────────────────────────────────────────────────────
    test-results/ui-components-header-Heade-8c624--render-correctly-on-tablet-chromium-retry1/test-failed-1.png
    ────────────────────────────────────────────────────────────────────────────────────────────────

    attachment #2: video (video/webm) ──────────────────────────────────────────────────────────────
    test-results/ui-components-header-Heade-8c624--render-correctly-on-tablet-chromium-retry1/video.webm
    ────────────────────────────────────────────────────────────────────────────────────────────────

    Error Context: test-results/ui-components-header-Heade-8c624--render-correctly-on-tablet-chromium-retry1/error-context.md

    attachment #4: trace (application/zip) ─────────────────────────────────────────────────────────
    test-results/ui-components-header-Heade-8c624--render-correctly-on-tablet-chromium-retry1/trace.zip
    Usage:

        npx playwright show-trace test-results/ui-components-header-Heade-8c624--render-correctly-on-tablet-chromium-retry1/trace.zip

    ────────────────────────────────────────────────────────────────────────────────────────────────

  280) [chromium] › e2e/ui/components/header.spec.ts:237:9 › Header Component › Responsive Design › should render correctly on desktop 

    Error: page.goto: net::ERR_CONNECTION_REFUSED at http://localhost:4000/
    Call log:
      - navigating to "http://localhost:4000/", waiting until "load"


       at helpers/page-helpers.ts:13

      11 |
      12 |   async navigate(path: string) {
    > 13 |     await this.page.goto(path);
         |                     ^
      14 |     await this.page.waitForLoadState("networkidle");
      15 |   }
      16 |
        at BasePage.navigate (/home/tbaltzakis/cloudless.gr/e2e/helpers/page-helpers.ts:13:21)
        at /home/tbaltzakis/cloudless.gr/e2e/ui/components/header.spec.ts:20:16

    attachment #1: screenshot (image/png) ──────────────────────────────────────────────────────────
    test-results/ui-components-header-Heade-9ef17-render-correctly-on-desktop-chromium/test-failed-1.png
    ────────────────────────────────────────────────────────────────────────────────────────────────

    attachment #2: video (video/webm) ──────────────────────────────────────────────────────────────
    test-results/ui-components-header-Heade-9ef17-render-correctly-on-desktop-chromium/video.webm
    ────────────────────────────────────────────────────────────────────────────────────────────────

    Error Context: test-results/ui-components-header-Heade-9ef17-render-correctly-on-desktop-chromium/error-context.md

    Retry #1 ───────────────────────────────────────────────────────────────────────────────────────

    Error: page.goto: net::ERR_CONNECTION_REFUSED at http://localhost:4000/
    Call log:
      - navigating to "http://localhost:4000/", waiting until "load"


       at helpers/page-helpers.ts:13

      11 |
      12 |   async navigate(path: string) {
    > 13 |     await this.page.goto(path);
         |                     ^
      14 |     await this.page.waitForLoadState("networkidle");
      15 |   }
      16 |
        at BasePage.navigate (/home/tbaltzakis/cloudless.gr/e2e/helpers/page-helpers.ts:13:21)
        at /home/tbaltzakis/cloudless.gr/e2e/ui/components/header.spec.ts:20:16

    attachment #1: screenshot (image/png) ──────────────────────────────────────────────────────────
    test-results/ui-components-header-Heade-9ef17-render-correctly-on-desktop-chromium-retry1/test-failed-1.png
    ────────────────────────────────────────────────────────────────────────────────────────────────

    attachment #2: video (video/webm) ──────────────────────────────────────────────────────────────
    test-results/ui-components-header-Heade-9ef17-render-correctly-on-desktop-chromium-retry1/video.webm
    ────────────────────────────────────────────────────────────────────────────────────────────────

    Error Context: test-results/ui-components-header-Heade-9ef17-render-correctly-on-desktop-chromium-retry1/error-context.md

    attachment #4: trace (application/zip) ─────────────────────────────────────────────────────────
    test-results/ui-components-header-Heade-9ef17-render-correctly-on-desktop-chromium-retry1/trace.zip
    Usage:

        npx playwright show-trace test-results/ui-components-header-Heade-9ef17-render-correctly-on-desktop-chromium-retry1/trace.zip

    ────────────────────────────────────────────────────────────────────────────────────────────────

  281) [chromium] › e2e/ui/components/header.spec.ts:260:9 › Header Component › Accessibility › should have proper ARIA attributes 

    Error: page.goto: net::ERR_CONNECTION_REFUSED at http://localhost:4000/
    Call log:
      - navigating to "http://localhost:4000/", waiting until "load"


       at helpers/page-helpers.ts:13

      11 |
      12 |   async navigate(path: string) {
    > 13 |     await this.page.goto(path);
         |                     ^
      14 |     await this.page.waitForLoadState("networkidle");
      15 |   }
      16 |
        at BasePage.navigate (/home/tbaltzakis/cloudless.gr/e2e/helpers/page-helpers.ts:13:21)
        at /home/tbaltzakis/cloudless.gr/e2e/ui/components/header.spec.ts:20:16

    attachment #1: screenshot (image/png) ──────────────────────────────────────────────────────────
    test-results/ui-components-header-Heade-e2f5d-have-proper-ARIA-attributes-chromium/test-failed-1.png
    ────────────────────────────────────────────────────────────────────────────────────────────────

    attachment #2: video (video/webm) ──────────────────────────────────────────────────────────────
    test-results/ui-components-header-Heade-e2f5d-have-proper-ARIA-attributes-chromium/video.webm
    ────────────────────────────────────────────────────────────────────────────────────────────────

    Error Context: test-results/ui-components-header-Heade-e2f5d-have-proper-ARIA-attributes-chromium/error-context.md

    Retry #1 ───────────────────────────────────────────────────────────────────────────────────────

    Error: page.goto: net::ERR_CONNECTION_REFUSED at http://localhost:4000/
    Call log:
      - navigating to "http://localhost:4000/", waiting until "load"


       at helpers/page-helpers.ts:13

      11 |
      12 |   async navigate(path: string) {
    > 13 |     await this.page.goto(path);
         |                     ^
      14 |     await this.page.waitForLoadState("networkidle");
      15 |   }
      16 |
        at BasePage.navigate (/home/tbaltzakis/cloudless.gr/e2e/helpers/page-helpers.ts:13:21)
        at /home/tbaltzakis/cloudless.gr/e2e/ui/components/header.spec.ts:20:16

    attachment #1: screenshot (image/png) ──────────────────────────────────────────────────────────
    test-results/ui-components-header-Heade-e2f5d-have-proper-ARIA-attributes-chromium-retry1/test-failed-1.png
    ────────────────────────────────────────────────────────────────────────────────────────────────

    attachment #2: video (video/webm) ──────────────────────────────────────────────────────────────
    test-results/ui-components-header-Heade-e2f5d-have-proper-ARIA-attributes-chromium-retry1/video.webm
    ────────────────────────────────────────────────────────────────────────────────────────────────

    Error Context: test-results/ui-components-header-Heade-e2f5d-have-proper-ARIA-attributes-chromium-retry1/error-context.md

    attachment #4: trace (application/zip) ─────────────────────────────────────────────────────────
    test-results/ui-components-header-Heade-e2f5d-have-proper-ARIA-attributes-chromium-retry1/trace.zip
    Usage:

        npx playwright show-trace test-results/ui-components-header-Heade-e2f5d-have-proper-ARIA-attributes-chromium-retry1/trace.zip

    ────────────────────────────────────────────────────────────────────────────────────────────────

  282) [chromium] › e2e/ui/components/header.spec.ts:282:9 › Header Component › Accessibility › should have accessible logo/link 

    Error: page.goto: net::ERR_CONNECTION_REFUSED at http://localhost:4000/
    Call log:
      - navigating to "http://localhost:4000/", waiting until "load"


       at helpers/page-helpers.ts:13

      11 |
      12 |   async navigate(path: string) {
    > 13 |     await this.page.goto(path);
         |                     ^
      14 |     await this.page.waitForLoadState("networkidle");
      15 |   }
      16 |
        at BasePage.navigate (/home/tbaltzakis/cloudless.gr/e2e/helpers/page-helpers.ts:13:21)
        at /home/tbaltzakis/cloudless.gr/e2e/ui/components/header.spec.ts:20:16

    attachment #1: screenshot (image/png) ──────────────────────────────────────────────────────────
    test-results/ui-components-header-Heade-cac03-d-have-accessible-logo-link-chromium/test-failed-1.png
    ────────────────────────────────────────────────────────────────────────────────────────────────

    attachment #2: video (video/webm) ──────────────────────────────────────────────────────────────
    test-results/ui-components-header-Heade-cac03-d-have-accessible-logo-link-chromium/video.webm
    ────────────────────────────────────────────────────────────────────────────────────────────────

    Error Context: test-results/ui-components-header-Heade-cac03-d-have-accessible-logo-link-chromium/error-context.md

    Retry #1 ───────────────────────────────────────────────────────────────────────────────────────

    Error: page.goto: net::ERR_CONNECTION_REFUSED at http://localhost:4000/
    Call log:
      - navigating to "http://localhost:4000/", waiting until "load"


       at helpers/page-helpers.ts:13

      11 |
      12 |   async navigate(path: string) {
    > 13 |     await this.page.goto(path);
         |                     ^
      14 |     await this.page.waitForLoadState("networkidle");
      15 |   }
      16 |
        at BasePage.navigate (/home/tbaltzakis/cloudless.gr/e2e/helpers/page-helpers.ts:13:21)
        at /home/tbaltzakis/cloudless.gr/e2e/ui/components/header.spec.ts:20:16

    attachment #1: screenshot (image/png) ──────────────────────────────────────────────────────────
    test-results/ui-components-header-Heade-cac03-d-have-accessible-logo-link-chromium-retry1/test-failed-1.png
    ────────────────────────────────────────────────────────────────────────────────────────────────

    attachment #2: video (video/webm) ──────────────────────────────────────────────────────────────
    test-results/ui-components-header-Heade-cac03-d-have-accessible-logo-link-chromium-retry1/video.webm
    ────────────────────────────────────────────────────────────────────────────────────────────────

    Error Context: test-results/ui-components-header-Heade-cac03-d-have-accessible-logo-link-chromium-retry1/error-context.md

    attachment #4: trace (application/zip) ─────────────────────────────────────────────────────────
    test-results/ui-components-header-Heade-cac03-d-have-accessible-logo-link-chromium-retry1/trace.zip
    Usage:

        npx playwright show-trace test-results/ui-components-header-Heade-cac03-d-have-accessible-logo-link-chromium-retry1/trace.zip

    ────────────────────────────────────────────────────────────────────────────────────────────────

  283) [chromium] › e2e/ui/components/header.spec.ts:305:9 › Header Component › Accessibility › should have accessible navigation links 

    Error: page.goto: net::ERR_CONNECTION_REFUSED at http://localhost:4000/
    Call log:
      - navigating to "http://localhost:4000/", waiting until "load"


       at helpers/page-helpers.ts:13

      11 |
      12 |   async navigate(path: string) {
    > 13 |     await this.page.goto(path);
         |                     ^
      14 |     await this.page.waitForLoadState("networkidle");
      15 |   }
      16 |
        at BasePage.navigate (/home/tbaltzakis/cloudless.gr/e2e/helpers/page-helpers.ts:13:21)
        at /home/tbaltzakis/cloudless.gr/e2e/ui/components/header.spec.ts:20:16

    attachment #1: screenshot (image/png) ──────────────────────────────────────────────────────────
    test-results/ui-components-header-Heade-0ee27-accessible-navigation-links-chromium/test-failed-1.png
    ────────────────────────────────────────────────────────────────────────────────────────────────

    attachment #2: video (video/webm) ──────────────────────────────────────────────────────────────
    test-results/ui-components-header-Heade-0ee27-accessible-navigation-links-chromium/video.webm
    ────────────────────────────────────────────────────────────────────────────────────────────────

    Error Context: test-results/ui-components-header-Heade-0ee27-accessible-navigation-links-chromium/error-context.md

    Retry #1 ───────────────────────────────────────────────────────────────────────────────────────

    Error: page.goto: net::ERR_CONNECTION_REFUSED at http://localhost:4000/
    Call log:
      - navigating to "http://localhost:4000/", waiting until "load"


       at helpers/page-helpers.ts:13

      11 |
      12 |   async navigate(path: string) {
    > 13 |     await this.page.goto(path);
         |                     ^
      14 |     await this.page.waitForLoadState("networkidle");
      15 |   }
      16 |
        at BasePage.navigate (/home/tbaltzakis/cloudless.gr/e2e/helpers/page-helpers.ts:13:21)
        at /home/tbaltzakis/cloudless.gr/e2e/ui/components/header.spec.ts:20:16

    attachment #1: screenshot (image/png) ──────────────────────────────────────────────────────────
    test-results/ui-components-header-Heade-0ee27-accessible-navigation-links-chromium-retry1/test-failed-1.png
    ────────────────────────────────────────────────────────────────────────────────────────────────

    attachment #2: video (video/webm) ──────────────────────────────────────────────────────────────
    test-results/ui-components-header-Heade-0ee27-accessible-navigation-links-chromium-retry1/video.webm
    ────────────────────────────────────────────────────────────────────────────────────────────────

    Error Context: test-results/ui-components-header-Heade-0ee27-accessible-navigation-links-chromium-retry1/error-context.md

    attachment #4: trace (application/zip) ─────────────────────────────────────────────────────────
    test-results/ui-components-header-Heade-0ee27-accessible-navigation-links-chromium-retry1/trace.zip
    Usage:

        npx playwright show-trace test-results/ui-components-header-Heade-0ee27-accessible-navigation-links-chromium-retry1/trace.zip

    ────────────────────────────────────────────────────────────────────────────────────────────────

  284) [chromium] › e2e/ui/components/header.spec.ts:334:9 › Header Component › Performance › should not cause layout shifts 

    Error: page.goto: net::ERR_CONNECTION_REFUSED at http://localhost:4000/
    Call log:
      - navigating to "http://localhost:4000/", waiting until "load"


       at helpers/page-helpers.ts:13

      11 |
      12 |   async navigate(path: string) {
    > 13 |     await this.page.goto(path);
         |                     ^
      14 |     await this.page.waitForLoadState("networkidle");
      15 |   }
      16 |
        at BasePage.navigate (/home/tbaltzakis/cloudless.gr/e2e/helpers/page-helpers.ts:13:21)
        at /home/tbaltzakis/cloudless.gr/e2e/ui/components/header.spec.ts:20:16

    attachment #1: screenshot (image/png) ──────────────────────────────────────────────────────────
    test-results/ui-components-header-Heade-b18a0-uld-not-cause-layout-shifts-chromium/test-failed-1.png
    ────────────────────────────────────────────────────────────────────────────────────────────────

    attachment #2: video (video/webm) ──────────────────────────────────────────────────────────────
    test-results/ui-components-header-Heade-b18a0-uld-not-cause-layout-shifts-chromium/video.webm
    ────────────────────────────────────────────────────────────────────────────────────────────────

    Error Context: test-results/ui-components-header-Heade-b18a0-uld-not-cause-layout-shifts-chromium/error-context.md

    Retry #1 ───────────────────────────────────────────────────────────────────────────────────────

    Error: page.goto: net::ERR_CONNECTION_REFUSED at http://localhost:4000/
    Call log:
      - navigating to "http://localhost:4000/", waiting until "load"


       at helpers/page-helpers.ts:13

      11 |
      12 |   async navigate(path: string) {
    > 13 |     await this.page.goto(path);
         |                     ^
      14 |     await this.page.waitForLoadState("networkidle");
      15 |   }
      16 |
        at BasePage.navigate (/home/tbaltzakis/cloudless.gr/e2e/helpers/page-helpers.ts:13:21)
        at /home/tbaltzakis/cloudless.gr/e2e/ui/components/header.spec.ts:20:16

    attachment #1: screenshot (image/png) ──────────────────────────────────────────────────────────
    test-results/ui-components-header-Heade-b18a0-uld-not-cause-layout-shifts-chromium-retry1/test-failed-1.png
    ────────────────────────────────────────────────────────────────────────────────────────────────

    attachment #2: video (video/webm) ──────────────────────────────────────────────────────────────
    test-results/ui-components-header-Heade-b18a0-uld-not-cause-layout-shifts-chromium-retry1/video.webm
    ────────────────────────────────────────────────────────────────────────────────────────────────

    Error Context: test-results/ui-components-header-Heade-b18a0-uld-not-cause-layout-shifts-chromium-retry1/error-context.md

    attachment #4: trace (application/zip) ─────────────────────────────────────────────────────────
    test-results/ui-components-header-Heade-b18a0-uld-not-cause-layout-shifts-chromium-retry1/trace.zip
    Usage:

        npx playwright show-trace test-results/ui-components-header-Heade-b18a0-uld-not-cause-layout-shifts-chromium-retry1/trace.zip

    ────────────────────────────────────────────────────────────────────────────────────────────────

  285) [chromium] › e2e/ui/pages/blog.spec.ts:22:7 › Blog Page › should load successfully ──────────

    Error: page.goto: net::ERR_CONNECTION_REFUSED at http://localhost:4000/blog
    Call log:
      - navigating to "http://localhost:4000/blog", waiting until "load"


       at helpers/page-helpers.ts:13

      11 |
      12 |   async navigate(path: string) {
    > 13 |     await this.page.goto(path);
         |                     ^
      14 |     await this.page.waitForLoadState("networkidle");
      15 |   }
      16 |
        at BasePage.navigate (/home/tbaltzakis/cloudless.gr/e2e/helpers/page-helpers.ts:13:21)
        at /home/tbaltzakis/cloudless.gr/e2e/ui/pages/blog.spec.ts:19:16

    attachment #1: screenshot (image/png) ──────────────────────────────────────────────────────────
    test-results/ui-pages-blog-Blog-Page-should-load-successfully-chromium/test-failed-1.png
    ────────────────────────────────────────────────────────────────────────────────────────────────

    attachment #2: video (video/webm) ──────────────────────────────────────────────────────────────
    test-results/ui-pages-blog-Blog-Page-should-load-successfully-chromium/video.webm
    ────────────────────────────────────────────────────────────────────────────────────────────────

    Error Context: test-results/ui-pages-blog-Blog-Page-should-load-successfully-chromium/error-context.md

    Retry #1 ───────────────────────────────────────────────────────────────────────────────────────

    Error: page.goto: net::ERR_CONNECTION_REFUSED at http://localhost:4000/blog
    Call log:
      - navigating to "http://localhost:4000/blog", waiting until "load"


       at helpers/page-helpers.ts:13

      11 |
      12 |   async navigate(path: string) {
    > 13 |     await this.page.goto(path);
         |                     ^
      14 |     await this.page.waitForLoadState("networkidle");
      15 |   }
      16 |
        at BasePage.navigate (/home/tbaltzakis/cloudless.gr/e2e/helpers/page-helpers.ts:13:21)
        at /home/tbaltzakis/cloudless.gr/e2e/ui/pages/blog.spec.ts:19:16

    attachment #1: screenshot (image/png) ──────────────────────────────────────────────────────────
    test-results/ui-pages-blog-Blog-Page-should-load-successfully-chromium-retry1/test-failed-1.png
    ────────────────────────────────────────────────────────────────────────────────────────────────

    attachment #2: video (video/webm) ──────────────────────────────────────────────────────────────
    test-results/ui-pages-blog-Blog-Page-should-load-successfully-chromium-retry1/video.webm
    ────────────────────────────────────────────────────────────────────────────────────────────────

    Error Context: test-results/ui-pages-blog-Blog-Page-should-load-successfully-chromium-retry1/error-context.md

    attachment #4: trace (application/zip) ─────────────────────────────────────────────────────────
    test-results/ui-pages-blog-Blog-Page-should-load-successfully-chromium-retry1/trace.zip
    Usage:

        npx playwright show-trace test-results/ui-pages-blog-Blog-Page-should-load-successfully-chromium-retry1/trace.zip

    ────────────────────────────────────────────────────────────────────────────────────────────────

  286) [chromium] › e2e/ui/pages/blog.spec.ts:30:7 › Blog Page › should have blog posts grid or list 

    Error: page.goto: net::ERR_CONNECTION_REFUSED at http://localhost:4000/blog
    Call log:
      - navigating to "http://localhost:4000/blog", waiting until "load"


       at helpers/page-helpers.ts:13

      11 |
      12 |   async navigate(path: string) {
    > 13 |     await this.page.goto(path);
         |                     ^
      14 |     await this.page.waitForLoadState("networkidle");
      15 |   }
      16 |
        at BasePage.navigate (/home/tbaltzakis/cloudless.gr/e2e/helpers/page-helpers.ts:13:21)
        at /home/tbaltzakis/cloudless.gr/e2e/ui/pages/blog.spec.ts:19:16

    attachment #1: screenshot (image/png) ──────────────────────────────────────────────────────────
    test-results/ui-pages-blog-Blog-Page-should-have-blog-posts-grid-or-list-chromium/test-failed-1.png
    ────────────────────────────────────────────────────────────────────────────────────────────────

    attachment #2: video (video/webm) ──────────────────────────────────────────────────────────────
    test-results/ui-pages-blog-Blog-Page-should-have-blog-posts-grid-or-list-chromium/video.webm
    ────────────────────────────────────────────────────────────────────────────────────────────────

    Error Context: test-results/ui-pages-blog-Blog-Page-should-have-blog-posts-grid-or-list-chromium/error-context.md

    Retry #1 ───────────────────────────────────────────────────────────────────────────────────────

    Error: page.goto: net::ERR_CONNECTION_REFUSED at http://localhost:4000/blog
    Call log:
      - navigating to "http://localhost:4000/blog", waiting until "load"


       at helpers/page-helpers.ts:13

      11 |
      12 |   async navigate(path: string) {
    > 13 |     await this.page.goto(path);
         |                     ^
      14 |     await this.page.waitForLoadState("networkidle");
      15 |   }
      16 |
        at BasePage.navigate (/home/tbaltzakis/cloudless.gr/e2e/helpers/page-helpers.ts:13:21)
        at /home/tbaltzakis/cloudless.gr/e2e/ui/pages/blog.spec.ts:19:16

    attachment #1: screenshot (image/png) ──────────────────────────────────────────────────────────
    test-results/ui-pages-blog-Blog-Page-should-have-blog-posts-grid-or-list-chromium-retry1/test-failed-1.png
    ────────────────────────────────────────────────────────────────────────────────────────────────

    attachment #2: video (video/webm) ──────────────────────────────────────────────────────────────
    test-results/ui-pages-blog-Blog-Page-should-have-blog-posts-grid-or-list-chromium-retry1/video.webm
    ────────────────────────────────────────────────────────────────────────────────────────────────

    Error Context: test-results/ui-pages-blog-Blog-Page-should-have-blog-posts-grid-or-list-chromium-retry1/error-context.md

    attachment #4: trace (application/zip) ─────────────────────────────────────────────────────────
    test-results/ui-pages-blog-Blog-Page-should-have-blog-posts-grid-or-list-chromium-retry1/trace.zip
    Usage:

        npx playwright show-trace test-results/ui-pages-blog-Blog-Page-should-have-blog-posts-grid-or-list-chromium-retry1/trace.zip

    ────────────────────────────────────────────────────────────────────────────────────────────────

  287) [chromium] › e2e/ui/pages/blog.spec.ts:43:7 › Blog Page › should display blog post details ──

    Error: page.goto: net::ERR_CONNECTION_REFUSED at http://localhost:4000/blog
    Call log:
      - navigating to "http://localhost:4000/blog", waiting until "load"


       at helpers/page-helpers.ts:13

      11 |
      12 |   async navigate(path: string) {
    > 13 |     await this.page.goto(path);
         |                     ^
      14 |     await this.page.waitForLoadState("networkidle");
      15 |   }
      16 |
        at BasePage.navigate (/home/tbaltzakis/cloudless.gr/e2e/helpers/page-helpers.ts:13:21)
        at /home/tbaltzakis/cloudless.gr/e2e/ui/pages/blog.spec.ts:19:16

    attachment #1: screenshot (image/png) ──────────────────────────────────────────────────────────
    test-results/ui-pages-blog-Blog-Page-should-display-blog-post-details-chromium/test-failed-1.png
    ────────────────────────────────────────────────────────────────────────────────────────────────

    attachment #2: video (video/webm) ──────────────────────────────────────────────────────────────
    test-results/ui-pages-blog-Blog-Page-should-display-blog-post-details-chromium/video.webm
    ────────────────────────────────────────────────────────────────────────────────────────────────

    Error Context: test-results/ui-pages-blog-Blog-Page-should-display-blog-post-details-chromium/error-context.md

    Retry #1 ───────────────────────────────────────────────────────────────────────────────────────

    Error: page.goto: net::ERR_CONNECTION_REFUSED at http://localhost:4000/blog
    Call log:
      - navigating to "http://localhost:4000/blog", waiting until "load"


       at helpers/page-helpers.ts:13

      11 |
      12 |   async navigate(path: string) {
    > 13 |     await this.page.goto(path);
         |                     ^
      14 |     await this.page.waitForLoadState("networkidle");
      15 |   }
      16 |
        at BasePage.navigate (/home/tbaltzakis/cloudless.gr/e2e/helpers/page-helpers.ts:13:21)
        at /home/tbaltzakis/cloudless.gr/e2e/ui/pages/blog.spec.ts:19:16

    attachment #1: screenshot (image/png) ──────────────────────────────────────────────────────────
    test-results/ui-pages-blog-Blog-Page-should-display-blog-post-details-chromium-retry1/test-failed-1.png
    ────────────────────────────────────────────────────────────────────────────────────────────────

    attachment #2: video (video/webm) ──────────────────────────────────────────────────────────────
    test-results/ui-pages-blog-Blog-Page-should-display-blog-post-details-chromium-retry1/video.webm
    ────────────────────────────────────────────────────────────────────────────────────────────────

    Error Context: test-results/ui-pages-blog-Blog-Page-should-display-blog-post-details-chromium-retry1/error-context.md

    attachment #4: trace (application/zip) ─────────────────────────────────────────────────────────
    test-results/ui-pages-blog-Blog-Page-should-display-blog-post-details-chromium-retry1/trace.zip
    Usage:

        npx playwright show-trace test-results/ui-pages-blog-Blog-Page-should-display-blog-post-details-chromium-retry1/trace.zip

    ────────────────────────────────────────────────────────────────────────────────────────────────

  288) [chromium] › e2e/ui/pages/blog.spec.ts:70:7 › Blog Page › should have blog categories or tags 

    Error: page.goto: net::ERR_CONNECTION_REFUSED at http://localhost:4000/blog
    Call log:
      - navigating to "http://localhost:4000/blog", waiting until "load"


       at helpers/page-helpers.ts:13

      11 |
      12 |   async navigate(path: string) {
    > 13 |     await this.page.goto(path);
         |                     ^
      14 |     await this.page.waitForLoadState("networkidle");
      15 |   }
      16 |
        at BasePage.navigate (/home/tbaltzakis/cloudless.gr/e2e/helpers/page-helpers.ts:13:21)
        at /home/tbaltzakis/cloudless.gr/e2e/ui/pages/blog.spec.ts:19:16

    attachment #1: screenshot (image/png) ──────────────────────────────────────────────────────────
    test-results/ui-pages-blog-Blog-Page-should-have-blog-categories-or-tags-chromium/test-failed-1.png
    ────────────────────────────────────────────────────────────────────────────────────────────────

    attachment #2: video (video/webm) ──────────────────────────────────────────────────────────────
    test-results/ui-pages-blog-Blog-Page-should-have-blog-categories-or-tags-chromium/video.webm
    ────────────────────────────────────────────────────────────────────────────────────────────────

    Error Context: test-results/ui-pages-blog-Blog-Page-should-have-blog-categories-or-tags-chromium/error-context.md

    Retry #1 ───────────────────────────────────────────────────────────────────────────────────────

    Error: page.goto: net::ERR_CONNECTION_REFUSED at http://localhost:4000/blog
    Call log:
      - navigating to "http://localhost:4000/blog", waiting until "load"


       at helpers/page-helpers.ts:13

      11 |
      12 |   async navigate(path: string) {
    > 13 |     await this.page.goto(path);
         |                     ^
      14 |     await this.page.waitForLoadState("networkidle");
      15 |   }
      16 |
        at BasePage.navigate (/home/tbaltzakis/cloudless.gr/e2e/helpers/page-helpers.ts:13:21)
        at /home/tbaltzakis/cloudless.gr/e2e/ui/pages/blog.spec.ts:19:16

    attachment #1: screenshot (image/png) ──────────────────────────────────────────────────────────
    test-results/ui-pages-blog-Blog-Page-should-have-blog-categories-or-tags-chromium-retry1/test-failed-1.png
    ────────────────────────────────────────────────────────────────────────────────────────────────

    attachment #2: video (video/webm) ──────────────────────────────────────────────────────────────
    test-results/ui-pages-blog-Blog-Page-should-have-blog-categories-or-tags-chromium-retry1/video.webm
    ────────────────────────────────────────────────────────────────────────────────────────────────

    Error Context: test-results/ui-pages-blog-Blog-Page-should-have-blog-categories-or-tags-chromium-retry1/error-context.md

    attachment #4: trace (application/zip) ─────────────────────────────────────────────────────────
    test-results/ui-pages-blog-Blog-Page-should-have-blog-categories-or-tags-chromium-retry1/trace.zip
    Usage:

        npx playwright show-trace test-results/ui-pages-blog-Blog-Page-should-have-blog-categories-or-tags-chromium-retry1/trace.zip

    ────────────────────────────────────────────────────────────────────────────────────────────────

  289) [chromium] › e2e/ui/pages/blog.spec.ts:85:7 › Blog Page › should have pagination or load more functionality 

    Error: page.goto: net::ERR_CONNECTION_REFUSED at http://localhost:4000/blog
    Call log:
      - navigating to "http://localhost:4000/blog", waiting until "load"


       at helpers/page-helpers.ts:13

      11 |
      12 |   async navigate(path: string) {
    > 13 |     await this.page.goto(path);
         |                     ^
      14 |     await this.page.waitForLoadState("networkidle");
      15 |   }
      16 |
        at BasePage.navigate (/home/tbaltzakis/cloudless.gr/e2e/helpers/page-helpers.ts:13:21)
        at /home/tbaltzakis/cloudless.gr/e2e/ui/pages/blog.spec.ts:19:16

    attachment #1: screenshot (image/png) ──────────────────────────────────────────────────────────
    test-results/ui-pages-blog-Blog-Page-sh-818f1--or-load-more-functionality-chromium/test-failed-1.png
    ────────────────────────────────────────────────────────────────────────────────────────────────

    attachment #2: video (video/webm) ──────────────────────────────────────────────────────────────
    test-results/ui-pages-blog-Blog-Page-sh-818f1--or-load-more-functionality-chromium/video.webm
    ────────────────────────────────────────────────────────────────────────────────────────────────

    Error Context: test-results/ui-pages-blog-Blog-Page-sh-818f1--or-load-more-functionality-chromium/error-context.md

    Retry #1 ───────────────────────────────────────────────────────────────────────────────────────

    Error: page.goto: net::ERR_CONNECTION_REFUSED at http://localhost:4000/blog
    Call log:
      - navigating to "http://localhost:4000/blog", waiting until "load"


       at helpers/page-helpers.ts:13

      11 |
      12 |   async navigate(path: string) {
    > 13 |     await this.page.goto(path);
         |                     ^
      14 |     await this.page.waitForLoadState("networkidle");
      15 |   }
      16 |
        at BasePage.navigate (/home/tbaltzakis/cloudless.gr/e2e/helpers/page-helpers.ts:13:21)
        at /home/tbaltzakis/cloudless.gr/e2e/ui/pages/blog.spec.ts:19:16

    attachment #1: screenshot (image/png) ──────────────────────────────────────────────────────────
    test-results/ui-pages-blog-Blog-Page-sh-818f1--or-load-more-functionality-chromium-retry1/test-failed-1.png
    ────────────────────────────────────────────────────────────────────────────────────────────────

    attachment #2: video (video/webm) ──────────────────────────────────────────────────────────────
    test-results/ui-pages-blog-Blog-Page-sh-818f1--or-load-more-functionality-chromium-retry1/video.webm
    ────────────────────────────────────────────────────────────────────────────────────────────────

    Error Context: test-results/ui-pages-blog-Blog-Page-sh-818f1--or-load-more-functionality-chromium-retry1/error-context.md

    attachment #4: trace (application/zip) ─────────────────────────────────────────────────────────
    test-results/ui-pages-blog-Blog-Page-sh-818f1--or-load-more-functionality-chromium-retry1/trace.zip
    Usage:

        npx playwright show-trace test-results/ui-pages-blog-Blog-Page-sh-818f1--or-load-more-functionality-chromium-retry1/trace.zip

    ────────────────────────────────────────────────────────────────────────────────────────────────

  290) [chromium] › e2e/ui/pages/blog.spec.ts:95:7 › Blog Page › should have call-to-action for newsletter or subscription 

    Error: page.goto: net::ERR_CONNECTION_REFUSED at http://localhost:4000/blog
    Call log:
      - navigating to "http://localhost:4000/blog", waiting until "load"


       at helpers/page-helpers.ts:13

      11 |
      12 |   async navigate(path: string) {
    > 13 |     await this.page.goto(path);
         |                     ^
      14 |     await this.page.waitForLoadState("networkidle");
      15 |   }
      16 |
        at BasePage.navigate (/home/tbaltzakis/cloudless.gr/e2e/helpers/page-helpers.ts:13:21)
        at /home/tbaltzakis/cloudless.gr/e2e/ui/pages/blog.spec.ts:19:16

    attachment #1: screenshot (image/png) ──────────────────────────────────────────────────────────
    test-results/ui-pages-blog-Blog-Page-sh-68c17--newsletter-or-subscription-chromium/test-failed-1.png
    ────────────────────────────────────────────────────────────────────────────────────────────────

    attachment #2: video (video/webm) ──────────────────────────────────────────────────────────────
    test-results/ui-pages-blog-Blog-Page-sh-68c17--newsletter-or-subscription-chromium/video.webm
    ────────────────────────────────────────────────────────────────────────────────────────────────

    Error Context: test-results/ui-pages-blog-Blog-Page-sh-68c17--newsletter-or-subscription-chromium/error-context.md

    Retry #1 ───────────────────────────────────────────────────────────────────────────────────────

    Error: page.goto: net::ERR_CONNECTION_REFUSED at http://localhost:4000/blog
    Call log:
      - navigating to "http://localhost:4000/blog", waiting until "load"


       at helpers/page-helpers.ts:13

      11 |
      12 |   async navigate(path: string) {
    > 13 |     await this.page.goto(path);
         |                     ^
      14 |     await this.page.waitForLoadState("networkidle");
      15 |   }
      16 |
        at BasePage.navigate (/home/tbaltzakis/cloudless.gr/e2e/helpers/page-helpers.ts:13:21)
        at /home/tbaltzakis/cloudless.gr/e2e/ui/pages/blog.spec.ts:19:16

    attachment #1: screenshot (image/png) ──────────────────────────────────────────────────────────
    test-results/ui-pages-blog-Blog-Page-sh-68c17--newsletter-or-subscription-chromium-retry1/test-failed-1.png
    ────────────────────────────────────────────────────────────────────────────────────────────────

    attachment #2: video (video/webm) ──────────────────────────────────────────────────────────────
    test-results/ui-pages-blog-Blog-Page-sh-68c17--newsletter-or-subscription-chromium-retry1/video.webm
    ────────────────────────────────────────────────────────────────────────────────────────────────

    Error Context: test-results/ui-pages-blog-Blog-Page-sh-68c17--newsletter-or-subscription-chromium-retry1/error-context.md

    attachment #4: trace (application/zip) ─────────────────────────────────────────────────────────
    test-results/ui-pages-blog-Blog-Page-sh-68c17--newsletter-or-subscription-chromium-retry1/trace.zip
    Usage:

        npx playwright show-trace test-results/ui-pages-blog-Blog-Page-sh-68c17--newsletter-or-subscription-chromium-retry1/trace.zip

    ────────────────────────────────────────────────────────────────────────────────────────────────

  291) [chromium] › e2e/ui/pages/blog.spec.ts:115:9 › Blog Page › Authentication › should show login prompt for commenting when not authenticated 

    Error: page.goto: net::ERR_CONNECTION_REFUSED at http://localhost:4000/blog
    Call log:
      - navigating to "http://localhost:4000/blog", waiting until "load"


       at helpers/page-helpers.ts:13

      11 |
      12 |   async navigate(path: string) {
    > 13 |     await this.page.goto(path);
         |                     ^
      14 |     await this.page.waitForLoadState("networkidle");
      15 |   }
      16 |
        at BasePage.navigate (/home/tbaltzakis/cloudless.gr/e2e/helpers/page-helpers.ts:13:21)
        at /home/tbaltzakis/cloudless.gr/e2e/ui/pages/blog.spec.ts:19:16

    attachment #1: screenshot (image/png) ──────────────────────────────────────────────────────────
    test-results/ui-pages-blog-Blog-Page-Au-61e4d-ting-when-not-authenticated-chromium/test-failed-1.png
    ────────────────────────────────────────────────────────────────────────────────────────────────

    attachment #2: video (video/webm) ──────────────────────────────────────────────────────────────
    test-results/ui-pages-blog-Blog-Page-Au-61e4d-ting-when-not-authenticated-chromium/video.webm
    ────────────────────────────────────────────────────────────────────────────────────────────────

    Error Context: test-results/ui-pages-blog-Blog-Page-Au-61e4d-ting-when-not-authenticated-chromium/error-context.md

    Retry #1 ───────────────────────────────────────────────────────────────────────────────────────

    Error: page.goto: net::ERR_CONNECTION_REFUSED at http://localhost:4000/blog
    Call log:
      - navigating to "http://localhost:4000/blog", waiting until "load"


       at helpers/page-helpers.ts:13

      11 |
      12 |   async navigate(path: string) {
    > 13 |     await this.page.goto(path);
         |                     ^
      14 |     await this.page.waitForLoadState("networkidle");
      15 |   }
      16 |
        at BasePage.navigate (/home/tbaltzakis/cloudless.gr/e2e/helpers/page-helpers.ts:13:21)
        at /home/tbaltzakis/cloudless.gr/e2e/ui/pages/blog.spec.ts:19:16

    attachment #1: screenshot (image/png) ──────────────────────────────────────────────────────────
    test-results/ui-pages-blog-Blog-Page-Au-61e4d-ting-when-not-authenticated-chromium-retry1/test-failed-1.png
    ────────────────────────────────────────────────────────────────────────────────────────────────

    attachment #2: video (video/webm) ──────────────────────────────────────────────────────────────
    test-results/ui-pages-blog-Blog-Page-Au-61e4d-ting-when-not-authenticated-chromium-retry1/video.webm
    ────────────────────────────────────────────────────────────────────────────────────────────────

    Error Context: test-results/ui-pages-blog-Blog-Page-Au-61e4d-ting-when-not-authenticated-chromium-retry1/error-context.md

    attachment #4: trace (application/zip) ─────────────────────────────────────────────────────────
    test-results/ui-pages-blog-Blog-Page-Au-61e4d-ting-when-not-authenticated-chromium-retry1/trace.zip
    Usage:

        npx playwright show-trace test-results/ui-pages-blog-Blog-Page-Au-61e4d-ting-when-not-authenticated-chromium-retry1/trace.zip

    ────────────────────────────────────────────────────────────────────────────────────────────────

  292) [chromium] › e2e/ui/pages/blog.spec.ts:144:9 › Blog Page › Authentication › should allow authenticated users to comment 

    Error: page.goto: net::ERR_CONNECTION_REFUSED at http://localhost:4000/blog
    Call log:
      - navigating to "http://localhost:4000/blog", waiting until "load"


       at helpers/page-helpers.ts:13

      11 |
      12 |   async navigate(path: string) {
    > 13 |     await this.page.goto(path);
         |                     ^
      14 |     await this.page.waitForLoadState("networkidle");
      15 |   }
      16 |
        at BasePage.navigate (/home/tbaltzakis/cloudless.gr/e2e/helpers/page-helpers.ts:13:21)
        at /home/tbaltzakis/cloudless.gr/e2e/ui/pages/blog.spec.ts:19:16

    attachment #1: screenshot (image/png) ──────────────────────────────────────────────────────────
    test-results/ui-pages-blog-Blog-Page-Au-f9a89-henticated-users-to-comment-chromium/test-failed-1.png
    ────────────────────────────────────────────────────────────────────────────────────────────────

    attachment #2: video (video/webm) ──────────────────────────────────────────────────────────────
    test-results/ui-pages-blog-Blog-Page-Au-f9a89-henticated-users-to-comment-chromium/video.webm
    ────────────────────────────────────────────────────────────────────────────────────────────────

    Error Context: test-results/ui-pages-blog-Blog-Page-Au-f9a89-henticated-users-to-comment-chromium/error-context.md

    Retry #1 ───────────────────────────────────────────────────────────────────────────────────────

    Error: page.goto: net::ERR_CONNECTION_REFUSED at http://localhost:4000/blog
    Call log:
      - navigating to "http://localhost:4000/blog", waiting until "load"


       at helpers/page-helpers.ts:13

      11 |
      12 |   async navigate(path: string) {
    > 13 |     await this.page.goto(path);
         |                     ^
      14 |     await this.page.waitForLoadState("networkidle");
      15 |   }
      16 |
        at BasePage.navigate (/home/tbaltzakis/cloudless.gr/e2e/helpers/page-helpers.ts:13:21)
        at /home/tbaltzakis/cloudless.gr/e2e/ui/pages/blog.spec.ts:19:16

    attachment #1: screenshot (image/png) ──────────────────────────────────────────────────────────
    test-results/ui-pages-blog-Blog-Page-Au-f9a89-henticated-users-to-comment-chromium-retry1/test-failed-1.png
    ────────────────────────────────────────────────────────────────────────────────────────────────

    attachment #2: video (video/webm) ──────────────────────────────────────────────────────────────
    test-results/ui-pages-blog-Blog-Page-Au-f9a89-henticated-users-to-comment-chromium-retry1/video.webm
    ────────────────────────────────────────────────────────────────────────────────────────────────

    Error Context: test-results/ui-pages-blog-Blog-Page-Au-f9a89-henticated-users-to-comment-chromium-retry1/error-context.md

    attachment #4: trace (application/zip) ─────────────────────────────────────────────────────────
    test-results/ui-pages-blog-Blog-Page-Au-f9a89-henticated-users-to-comment-chromium-retry1/trace.zip
    Usage:

        npx playwright show-trace test-results/ui-pages-blog-Blog-Page-Au-f9a89-henticated-users-to-comment-chromium-retry1/trace.zip

    ────────────────────────────────────────────────────────────────────────────────────────────────

  293) [chromium] › e2e/ui/pages/blog.spec.ts:180:9 › Blog Page › Responsive Design › should render correctly on mobile 

    Error: page.goto: net::ERR_CONNECTION_REFUSED at http://localhost:4000/blog
    Call log:
      - navigating to "http://localhost:4000/blog", waiting until "load"


       at helpers/page-helpers.ts:13

      11 |
      12 |   async navigate(path: string) {
    > 13 |     await this.page.goto(path);
         |                     ^
      14 |     await this.page.waitForLoadState("networkidle");
      15 |   }
      16 |
        at BasePage.navigate (/home/tbaltzakis/cloudless.gr/e2e/helpers/page-helpers.ts:13:21)
        at /home/tbaltzakis/cloudless.gr/e2e/ui/pages/blog.spec.ts:19:16

    attachment #1: screenshot (image/png) ──────────────────────────────────────────────────────────
    test-results/ui-pages-blog-Blog-Page-Re-df7a2--render-correctly-on-mobile-chromium/test-failed-1.png
    ────────────────────────────────────────────────────────────────────────────────────────────────

    attachment #2: video (video/webm) ──────────────────────────────────────────────────────────────
    test-results/ui-pages-blog-Blog-Page-Re-df7a2--render-correctly-on-mobile-chromium/video.webm
    ────────────────────────────────────────────────────────────────────────────────────────────────

    Error Context: test-results/ui-pages-blog-Blog-Page-Re-df7a2--render-correctly-on-mobile-chromium/error-context.md

    Retry #1 ───────────────────────────────────────────────────────────────────────────────────────

    Error: page.goto: net::ERR_CONNECTION_REFUSED at http://localhost:4000/blog
    Call log:
      - navigating to "http://localhost:4000/blog", waiting until "load"


       at helpers/page-helpers.ts:13

      11 |
      12 |   async navigate(path: string) {
    > 13 |     await this.page.goto(path);
         |                     ^
      14 |     await this.page.waitForLoadState("networkidle");
      15 |   }
      16 |
        at BasePage.navigate (/home/tbaltzakis/cloudless.gr/e2e/helpers/page-helpers.ts:13:21)
        at /home/tbaltzakis/cloudless.gr/e2e/ui/pages/blog.spec.ts:19:16

    attachment #1: screenshot (image/png) ──────────────────────────────────────────────────────────
    test-results/ui-pages-blog-Blog-Page-Re-df7a2--render-correctly-on-mobile-chromium-retry1/test-failed-1.png
    ────────────────────────────────────────────────────────────────────────────────────────────────

    attachment #2: video (video/webm) ──────────────────────────────────────────────────────────────
    test-results/ui-pages-blog-Blog-Page-Re-df7a2--render-correctly-on-mobile-chromium-retry1/video.webm
    ────────────────────────────────────────────────────────────────────────────────────────────────

    Error Context: test-results/ui-pages-blog-Blog-Page-Re-df7a2--render-correctly-on-mobile-chromium-retry1/error-context.md

    attachment #4: trace (application/zip) ─────────────────────────────────────────────────────────
    test-results/ui-pages-blog-Blog-Page-Re-df7a2--render-correctly-on-mobile-chromium-retry1/trace.zip
    Usage:

        npx playwright show-trace test-results/ui-pages-blog-Blog-Page-Re-df7a2--render-correctly-on-mobile-chromium-retry1/trace.zip

    ────────────────────────────────────────────────────────────────────────────────────────────────

  294) [chromium] › e2e/ui/pages/blog.spec.ts:193:9 › Blog Page › Responsive Design › should render correctly on tablet 

    Error: page.goto: net::ERR_CONNECTION_REFUSED at http://localhost:4000/blog
    Call log:
      - navigating to "http://localhost:4000/blog", waiting until "load"


       at helpers/page-helpers.ts:13

      11 |
      12 |   async navigate(path: string) {
    > 13 |     await this.page.goto(path);
         |                     ^
      14 |     await this.page.waitForLoadState("networkidle");
      15 |   }
      16 |
        at BasePage.navigate (/home/tbaltzakis/cloudless.gr/e2e/helpers/page-helpers.ts:13:21)
        at /home/tbaltzakis/cloudless.gr/e2e/ui/pages/blog.spec.ts:19:16

    attachment #1: screenshot (image/png) ──────────────────────────────────────────────────────────
    test-results/ui-pages-blog-Blog-Page-Re-797b3--render-correctly-on-tablet-chromium/test-failed-1.png
    ────────────────────────────────────────────────────────────────────────────────────────────────

    attachment #2: video (video/webm) ──────────────────────────────────────────────────────────────
    test-results/ui-pages-blog-Blog-Page-Re-797b3--render-correctly-on-tablet-chromium/video.webm
    ────────────────────────────────────────────────────────────────────────────────────────────────

    Error Context: test-results/ui-pages-blog-Blog-Page-Re-797b3--render-correctly-on-tablet-chromium/error-context.md

    Retry #1 ───────────────────────────────────────────────────────────────────────────────────────

    Error: page.goto: net::ERR_CONNECTION_REFUSED at http://localhost:4000/blog
    Call log:
      - navigating to "http://localhost:4000/blog", waiting until "load"


       at helpers/page-helpers.ts:13

      11 |
      12 |   async navigate(path: string) {
    > 13 |     await this.page.goto(path);
         |                     ^
      14 |     await this.page.waitForLoadState("networkidle");
      15 |   }
      16 |
        at BasePage.navigate (/home/tbaltzakis/cloudless.gr/e2e/helpers/page-helpers.ts:13:21)
        at /home/tbaltzakis/cloudless.gr/e2e/ui/pages/blog.spec.ts:19:16

    attachment #1: screenshot (image/png) ──────────────────────────────────────────────────────────
    test-results/ui-pages-blog-Blog-Page-Re-797b3--render-correctly-on-tablet-chromium-retry1/test-failed-1.png
    ────────────────────────────────────────────────────────────────────────────────────────────────

    attachment #2: video (video/webm) ──────────────────────────────────────────────────────────────
    test-results/ui-pages-blog-Blog-Page-Re-797b3--render-correctly-on-tablet-chromium-retry1/video.webm
    ────────────────────────────────────────────────────────────────────────────────────────────────

    Error Context: test-results/ui-pages-blog-Blog-Page-Re-797b3--render-correctly-on-tablet-chromium-retry1/error-context.md

    attachment #4: trace (application/zip) ─────────────────────────────────────────────────────────
    test-results/ui-pages-blog-Blog-Page-Re-797b3--render-correctly-on-tablet-chromium-retry1/trace.zip
    Usage:

        npx playwright show-trace test-results/ui-pages-blog-Blog-Page-Re-797b3--render-correctly-on-tablet-chromium-retry1/trace.zip

    ────────────────────────────────────────────────────────────────────────────────────────────────

  295) [chromium] › e2e/ui/pages/blog.spec.ts:206:9 › Blog Page › Responsive Design › should render correctly on desktop 

    Error: page.goto: net::ERR_CONNECTION_REFUSED at http://localhost:4000/blog
    Call log:
      - navigating to "http://localhost:4000/blog", waiting until "load"


       at helpers/page-helpers.ts:13

      11 |
      12 |   async navigate(path: string) {
    > 13 |     await this.page.goto(path);
         |                     ^
      14 |     await this.page.waitForLoadState("networkidle");
      15 |   }
      16 |
        at BasePage.navigate (/home/tbaltzakis/cloudless.gr/e2e/helpers/page-helpers.ts:13:21)
        at /home/tbaltzakis/cloudless.gr/e2e/ui/pages/blog.spec.ts:19:16

    attachment #1: screenshot (image/png) ──────────────────────────────────────────────────────────
    test-results/ui-pages-blog-Blog-Page-Re-c9cb4-render-correctly-on-desktop-chromium/test-failed-1.png
    ────────────────────────────────────────────────────────────────────────────────────────────────

    attachment #2: video (video/webm) ──────────────────────────────────────────────────────────────
    test-results/ui-pages-blog-Blog-Page-Re-c9cb4-render-correctly-on-desktop-chromium/video.webm
    ────────────────────────────────────────────────────────────────────────────────────────────────

    Error Context: test-results/ui-pages-blog-Blog-Page-Re-c9cb4-render-correctly-on-desktop-chromium/error-context.md

    Retry #1 ───────────────────────────────────────────────────────────────────────────────────────

    Error: page.goto: net::ERR_CONNECTION_REFUSED at http://localhost:4000/blog
    Call log:
      - navigating to "http://localhost:4000/blog", waiting until "load"


       at helpers/page-helpers.ts:13

      11 |
      12 |   async navigate(path: string) {
    > 13 |     await this.page.goto(path);
         |                     ^
      14 |     await this.page.waitForLoadState("networkidle");
      15 |   }
      16 |
        at BasePage.navigate (/home/tbaltzakis/cloudless.gr/e2e/helpers/page-helpers.ts:13:21)
        at /home/tbaltzakis/cloudless.gr/e2e/ui/pages/blog.spec.ts:19:16

    attachment #1: screenshot (image/png) ──────────────────────────────────────────────────────────
    test-results/ui-pages-blog-Blog-Page-Re-c9cb4-render-correctly-on-desktop-chromium-retry1/test-failed-1.png
    ────────────────────────────────────────────────────────────────────────────────────────────────

    attachment #2: video (video/webm) ──────────────────────────────────────────────────────────────
    test-results/ui-pages-blog-Blog-Page-Re-c9cb4-render-correctly-on-desktop-chromium-retry1/video.webm
    ────────────────────────────────────────────────────────────────────────────────────────────────

    Error Context: test-results/ui-pages-blog-Blog-Page-Re-c9cb4-render-correctly-on-desktop-chromium-retry1/error-context.md

    attachment #4: trace (application/zip) ─────────────────────────────────────────────────────────
    test-results/ui-pages-blog-Blog-Page-Re-c9cb4-render-correctly-on-desktop-chromium-retry1/trace.zip
    Usage:

        npx playwright show-trace test-results/ui-pages-blog-Blog-Page-Re-c9cb4-render-correctly-on-desktop-chromium-retry1/trace.zip

    ────────────────────────────────────────────────────────────────────────────────────────────────

  296) [chromium] › e2e/ui/pages/blog.spec.ts:224:9 › Blog Page › Navigation › should navigate to homepage 

    Error: page.goto: net::ERR_CONNECTION_REFUSED at http://localhost:4000/blog
    Call log:
      - navigating to "http://localhost:4000/blog", waiting until "load"


       at helpers/page-helpers.ts:13

      11 |
      12 |   async navigate(path: string) {
    > 13 |     await this.page.goto(path);
         |                     ^
      14 |     await this.page.waitForLoadState("networkidle");
      15 |   }
      16 |
        at BasePage.navigate (/home/tbaltzakis/cloudless.gr/e2e/helpers/page-helpers.ts:13:21)
        at /home/tbaltzakis/cloudless.gr/e2e/ui/pages/blog.spec.ts:19:16

    attachment #1: screenshot (image/png) ──────────────────────────────────────────────────────────
    test-results/ui-pages-blog-Blog-Page-Na-465d7-should-navigate-to-homepage-chromium/test-failed-1.png
    ────────────────────────────────────────────────────────────────────────────────────────────────

    attachment #2: video (video/webm) ──────────────────────────────────────────────────────────────
    test-results/ui-pages-blog-Blog-Page-Na-465d7-should-navigate-to-homepage-chromium/video.webm
    ────────────────────────────────────────────────────────────────────────────────────────────────

    Error Context: test-results/ui-pages-blog-Blog-Page-Na-465d7-should-navigate-to-homepage-chromium/error-context.md

    Retry #1 ───────────────────────────────────────────────────────────────────────────────────────

    Error: page.goto: net::ERR_CONNECTION_REFUSED at http://localhost:4000/blog
    Call log:
      - navigating to "http://localhost:4000/blog", waiting until "load"


       at helpers/page-helpers.ts:13

      11 |
      12 |   async navigate(path: string) {
    > 13 |     await this.page.goto(path);
         |                     ^
      14 |     await this.page.waitForLoadState("networkidle");
      15 |   }
      16 |
        at BasePage.navigate (/home/tbaltzakis/cloudless.gr/e2e/helpers/page-helpers.ts:13:21)
        at /home/tbaltzakis/cloudless.gr/e2e/ui/pages/blog.spec.ts:19:16

    attachment #1: screenshot (image/png) ──────────────────────────────────────────────────────────
    test-results/ui-pages-blog-Blog-Page-Na-465d7-should-navigate-to-homepage-chromium-retry1/test-failed-1.png
    ────────────────────────────────────────────────────────────────────────────────────────────────

    attachment #2: video (video/webm) ──────────────────────────────────────────────────────────────
    test-results/ui-pages-blog-Blog-Page-Na-465d7-should-navigate-to-homepage-chromium-retry1/video.webm
    ────────────────────────────────────────────────────────────────────────────────────────────────

    Error Context: test-results/ui-pages-blog-Blog-Page-Na-465d7-should-navigate-to-homepage-chromium-retry1/error-context.md

    attachment #4: trace (application/zip) ─────────────────────────────────────────────────────────
    test-results/ui-pages-blog-Blog-Page-Na-465d7-should-navigate-to-homepage-chromium-retry1/trace.zip
    Usage:

        npx playwright show-trace test-results/ui-pages-blog-Blog-Page-Na-465d7-should-navigate-to-homepage-chromium-retry1/trace.zip

    ────────────────────────────────────────────────────────────────────────────────────────────────

  297) [chromium] › e2e/ui/pages/blog.spec.ts:232:9 › Blog Page › Navigation › should navigate to services 

    Error: page.goto: net::ERR_CONNECTION_REFUSED at http://localhost:4000/blog
    Call log:
      - navigating to "http://localhost:4000/blog", waiting until "load"


       at helpers/page-helpers.ts:13

      11 |
      12 |   async navigate(path: string) {
    > 13 |     await this.page.goto(path);
         |                     ^
      14 |     await this.page.waitForLoadState("networkidle");
      15 |   }
      16 |
        at BasePage.navigate (/home/tbaltzakis/cloudless.gr/e2e/helpers/page-helpers.ts:13:21)
        at /home/tbaltzakis/cloudless.gr/e2e/ui/pages/blog.spec.ts:19:16

    attachment #1: screenshot (image/png) ──────────────────────────────────────────────────────────
    test-results/ui-pages-blog-Blog-Page-Na-e7ca8-should-navigate-to-services-chromium/test-failed-1.png
    ────────────────────────────────────────────────────────────────────────────────────────────────

    attachment #2: video (video/webm) ──────────────────────────────────────────────────────────────
    test-results/ui-pages-blog-Blog-Page-Na-e7ca8-should-navigate-to-services-chromium/video.webm
    ────────────────────────────────────────────────────────────────────────────────────────────────

    Error Context: test-results/ui-pages-blog-Blog-Page-Na-e7ca8-should-navigate-to-services-chromium/error-context.md

    Retry #1 ───────────────────────────────────────────────────────────────────────────────────────

    Error: page.goto: net::ERR_CONNECTION_REFUSED at http://localhost:4000/blog
    Call log:
      - navigating to "http://localhost:4000/blog", waiting until "load"


       at helpers/page-helpers.ts:13

      11 |
      12 |   async navigate(path: string) {
    > 13 |     await this.page.goto(path);
         |                     ^
      14 |     await this.page.waitForLoadState("networkidle");
      15 |   }
      16 |
        at BasePage.navigate (/home/tbaltzakis/cloudless.gr/e2e/helpers/page-helpers.ts:13:21)
        at /home/tbaltzakis/cloudless.gr/e2e/ui/pages/blog.spec.ts:19:16

    attachment #1: screenshot (image/png) ──────────────────────────────────────────────────────────
    test-results/ui-pages-blog-Blog-Page-Na-e7ca8-should-navigate-to-services-chromium-retry1/test-failed-1.png
    ────────────────────────────────────────────────────────────────────────────────────────────────

    attachment #2: video (video/webm) ──────────────────────────────────────────────────────────────
    test-results/ui-pages-blog-Blog-Page-Na-e7ca8-should-navigate-to-services-chromium-retry1/video.webm
    ────────────────────────────────────────────────────────────────────────────────────────────────

    Error Context: test-results/ui-pages-blog-Blog-Page-Na-e7ca8-should-navigate-to-services-chromium-retry1/error-context.md

    attachment #4: trace (application/zip) ─────────────────────────────────────────────────────────
    test-results/ui-pages-blog-Blog-Page-Na-e7ca8-should-navigate-to-services-chromium-retry1/trace.zip
    Usage:

        npx playwright show-trace test-results/ui-pages-blog-Blog-Page-Na-e7ca8-should-navigate-to-services-chromium-retry1/trace.zip

    ────────────────────────────────────────────────────────────────────────────────────────────────

  298) [chromium] › e2e/ui/pages/blog.spec.ts:240:9 › Blog Page › Navigation › should navigate to store 

    Error: page.goto: net::ERR_CONNECTION_REFUSED at http://localhost:4000/blog
    Call log:
      - navigating to "http://localhost:4000/blog", waiting until "load"


       at helpers/page-helpers.ts:13

      11 |
      12 |   async navigate(path: string) {
    > 13 |     await this.page.goto(path);
         |                     ^
      14 |     await this.page.waitForLoadState("networkidle");
      15 |   }
      16 |
        at BasePage.navigate (/home/tbaltzakis/cloudless.gr/e2e/helpers/page-helpers.ts:13:21)
        at /home/tbaltzakis/cloudless.gr/e2e/ui/pages/blog.spec.ts:19:16

    attachment #1: screenshot (image/png) ──────────────────────────────────────────────────────────
    test-results/ui-pages-blog-Blog-Page-Navigation-should-navigate-to-store-chromium/test-failed-1.png
    ────────────────────────────────────────────────────────────────────────────────────────────────

    attachment #2: video (video/webm) ──────────────────────────────────────────────────────────────
    test-results/ui-pages-blog-Blog-Page-Navigation-should-navigate-to-store-chromium/video.webm
    ────────────────────────────────────────────────────────────────────────────────────────────────

    Error Context: test-results/ui-pages-blog-Blog-Page-Navigation-should-navigate-to-store-chromium/error-context.md

    Retry #1 ───────────────────────────────────────────────────────────────────────────────────────

    Error: page.goto: net::ERR_CONNECTION_REFUSED at http://localhost:4000/blog
    Call log:
      - navigating to "http://localhost:4000/blog", waiting until "load"


       at helpers/page-helpers.ts:13

      11 |
      12 |   async navigate(path: string) {
    > 13 |     await this.page.goto(path);
         |                     ^
      14 |     await this.page.waitForLoadState("networkidle");
      15 |   }
      16 |
        at BasePage.navigate (/home/tbaltzakis/cloudless.gr/e2e/helpers/page-helpers.ts:13:21)
        at /home/tbaltzakis/cloudless.gr/e2e/ui/pages/blog.spec.ts:19:16

    attachment #1: screenshot (image/png) ──────────────────────────────────────────────────────────
    test-results/ui-pages-blog-Blog-Page-Navigation-should-navigate-to-store-chromium-retry1/test-failed-1.png
    ────────────────────────────────────────────────────────────────────────────────────────────────

    attachment #2: video (video/webm) ──────────────────────────────────────────────────────────────
    test-results/ui-pages-blog-Blog-Page-Navigation-should-navigate-to-store-chromium-retry1/video.webm
    ────────────────────────────────────────────────────────────────────────────────────────────────

    Error Context: test-results/ui-pages-blog-Blog-Page-Navigation-should-navigate-to-store-chromium-retry1/error-context.md

    attachment #4: trace (application/zip) ─────────────────────────────────────────────────────────
    test-results/ui-pages-blog-Blog-Page-Navigation-should-navigate-to-store-chromium-retry1/trace.zip
    Usage:

        npx playwright show-trace test-results/ui-pages-blog-Blog-Page-Navigation-should-navigate-to-store-chromium-retry1/trace.zip

    ────────────────────────────────────────────────────────────────────────────────────────────────

  299) [chromium] › e2e/ui/pages/blog.spec.ts:248:9 › Blog Page › Navigation › should navigate to contact 

    Error: page.goto: net::ERR_CONNECTION_REFUSED at http://localhost:4000/blog
    Call log:
      - navigating to "http://localhost:4000/blog", waiting until "load"


       at helpers/page-helpers.ts:13

      11 |
      12 |   async navigate(path: string) {
    > 13 |     await this.page.goto(path);
         |                     ^
      14 |     await this.page.waitForLoadState("networkidle");
      15 |   }
      16 |
        at BasePage.navigate (/home/tbaltzakis/cloudless.gr/e2e/helpers/page-helpers.ts:13:21)
        at /home/tbaltzakis/cloudless.gr/e2e/ui/pages/blog.spec.ts:19:16

    attachment #1: screenshot (image/png) ──────────────────────────────────────────────────────────
    test-results/ui-pages-blog-Blog-Page-Na-64977--should-navigate-to-contact-chromium/test-failed-1.png
    ────────────────────────────────────────────────────────────────────────────────────────────────

    attachment #2: video (video/webm) ──────────────────────────────────────────────────────────────
    test-results/ui-pages-blog-Blog-Page-Na-64977--should-navigate-to-contact-chromium/video.webm
    ────────────────────────────────────────────────────────────────────────────────────────────────

    Error Context: test-results/ui-pages-blog-Blog-Page-Na-64977--should-navigate-to-contact-chromium/error-context.md

    Retry #1 ───────────────────────────────────────────────────────────────────────────────────────

    Error: page.goto: net::ERR_CONNECTION_REFUSED at http://localhost:4000/blog
    Call log:
      - navigating to "http://localhost:4000/blog", waiting until "load"


       at helpers/page-helpers.ts:13

      11 |
      12 |   async navigate(path: string) {
    > 13 |     await this.page.goto(path);
         |                     ^
      14 |     await this.page.waitForLoadState("networkidle");
      15 |   }
      16 |
        at BasePage.navigate (/home/tbaltzakis/cloudless.gr/e2e/helpers/page-helpers.ts:13:21)
        at /home/tbaltzakis/cloudless.gr/e2e/ui/pages/blog.spec.ts:19:16

    attachment #1: screenshot (image/png) ──────────────────────────────────────────────────────────
    test-results/ui-pages-blog-Blog-Page-Na-64977--should-navigate-to-contact-chromium-retry1/test-failed-1.png
    ────────────────────────────────────────────────────────────────────────────────────────────────

    attachment #2: video (video/webm) ──────────────────────────────────────────────────────────────
    test-results/ui-pages-blog-Blog-Page-Na-64977--should-navigate-to-contact-chromium-retry1/video.webm
    ────────────────────────────────────────────────────────────────────────────────────────────────

    Error Context: test-results/ui-pages-blog-Blog-Page-Na-64977--should-navigate-to-contact-chromium-retry1/error-context.md

    attachment #4: trace (application/zip) ─────────────────────────────────────────────────────────
    test-results/ui-pages-blog-Blog-Page-Na-64977--should-navigate-to-contact-chromium-retry1/trace.zip
    Usage:

        npx playwright show-trace test-results/ui-pages-blog-Blog-Page-Na-64977--should-navigate-to-contact-chromium-retry1/trace.zip

    ────────────────────────────────────────────────────────────────────────────────────────────────

  300) [chromium] › e2e/ui/pages/blog.spec.ts:256:9 › Blog Page › Navigation › should navigate to individual blog post 

    Error: page.goto: net::ERR_CONNECTION_REFUSED at http://localhost:4000/blog
    Call log:
      - navigating to "http://localhost:4000/blog", waiting until "load"


       at helpers/page-helpers.ts:13

      11 |
      12 |   async navigate(path: string) {
    > 13 |     await this.page.goto(path);
         |                     ^
      14 |     await this.page.waitForLoadState("networkidle");
      15 |   }
      16 |
        at BasePage.navigate (/home/tbaltzakis/cloudless.gr/e2e/helpers/page-helpers.ts:13:21)
        at /home/tbaltzakis/cloudless.gr/e2e/ui/pages/blog.spec.ts:19:16

    attachment #1: screenshot (image/png) ──────────────────────────────────────────────────────────
    test-results/ui-pages-blog-Blog-Page-Na-9ee9e-ate-to-individual-blog-post-chromium/test-failed-1.png
    ────────────────────────────────────────────────────────────────────────────────────────────────

    attachment #2: video (video/webm) ──────────────────────────────────────────────────────────────
    test-results/ui-pages-blog-Blog-Page-Na-9ee9e-ate-to-individual-blog-post-chromium/video.webm
    ────────────────────────────────────────────────────────────────────────────────────────────────

    Error Context: test-results/ui-pages-blog-Blog-Page-Na-9ee9e-ate-to-individual-blog-post-chromium/error-context.md

    Retry #1 ───────────────────────────────────────────────────────────────────────────────────────

    Error: page.goto: net::ERR_CONNECTION_REFUSED at http://localhost:4000/blog
    Call log:
      - navigating to "http://localhost:4000/blog", waiting until "load"


       at helpers/page-helpers.ts:13

      11 |
      12 |   async navigate(path: string) {
    > 13 |     await this.page.goto(path);
         |                     ^
      14 |     await this.page.waitForLoadState("networkidle");
      15 |   }
      16 |
        at BasePage.navigate (/home/tbaltzakis/cloudless.gr/e2e/helpers/page-helpers.ts:13:21)
        at /home/tbaltzakis/cloudless.gr/e2e/ui/pages/blog.spec.ts:19:16

    attachment #1: screenshot (image/png) ──────────────────────────────────────────────────────────
    test-results/ui-pages-blog-Blog-Page-Na-9ee9e-ate-to-individual-blog-post-chromium-retry1/test-failed-1.png
    ────────────────────────────────────────────────────────────────────────────────────────────────

    attachment #2: video (video/webm) ──────────────────────────────────────────────────────────────
    test-results/ui-pages-blog-Blog-Page-Na-9ee9e-ate-to-individual-blog-post-chromium-retry1/video.webm
    ────────────────────────────────────────────────────────────────────────────────────────────────

    Error Context: test-results/ui-pages-blog-Blog-Page-Na-9ee9e-ate-to-individual-blog-post-chromium-retry1/error-context.md

    attachment #4: trace (application/zip) ─────────────────────────────────────────────────────────
    test-results/ui-pages-blog-Blog-Page-Na-9ee9e-ate-to-individual-blog-post-chromium-retry1/trace.zip
    Usage:

        npx playwright show-trace test-results/ui-pages-blog-Blog-Page-Na-9ee9e-ate-to-individual-blog-post-chromium-retry1/trace.zip

    ────────────────────────────────────────────────────────────────────────────────────────────────

  301) [chromium] › e2e/ui/pages/blog.spec.ts:268:9 › Blog Page › Accessibility › should have proper language attribute 

    Error: page.goto: net::ERR_CONNECTION_REFUSED at http://localhost:4000/blog
    Call log:
      - navigating to "http://localhost:4000/blog", waiting until "load"


       at helpers/page-helpers.ts:13

      11 |
      12 |   async navigate(path: string) {
    > 13 |     await this.page.goto(path);
         |                     ^
      14 |     await this.page.waitForLoadState("networkidle");
      15 |   }
      16 |
        at BasePage.navigate (/home/tbaltzakis/cloudless.gr/e2e/helpers/page-helpers.ts:13:21)
        at /home/tbaltzakis/cloudless.gr/e2e/ui/pages/blog.spec.ts:19:16

    attachment #1: screenshot (image/png) ──────────────────────────────────────────────────────────
    test-results/ui-pages-blog-Blog-Page-Ac-5d049-e-proper-language-attribute-chromium/test-failed-1.png
    ────────────────────────────────────────────────────────────────────────────────────────────────

    attachment #2: video (video/webm) ──────────────────────────────────────────────────────────────
    test-results/ui-pages-blog-Blog-Page-Ac-5d049-e-proper-language-attribute-chromium/video.webm
    ────────────────────────────────────────────────────────────────────────────────────────────────

    Error Context: test-results/ui-pages-blog-Blog-Page-Ac-5d049-e-proper-language-attribute-chromium/error-context.md

    Retry #1 ───────────────────────────────────────────────────────────────────────────────────────

    Error: page.goto: net::ERR_CONNECTION_REFUSED at http://localhost:4000/blog
    Call log:
      - navigating to "http://localhost:4000/blog", waiting until "load"


       at helpers/page-helpers.ts:13

      11 |
      12 |   async navigate(path: string) {
    > 13 |     await this.page.goto(path);
         |                     ^
      14 |     await this.page.waitForLoadState("networkidle");
      15 |   }
      16 |
        at BasePage.navigate (/home/tbaltzakis/cloudless.gr/e2e/helpers/page-helpers.ts:13:21)
        at /home/tbaltzakis/cloudless.gr/e2e/ui/pages/blog.spec.ts:19:16

    attachment #1: screenshot (image/png) ──────────────────────────────────────────────────────────
    test-results/ui-pages-blog-Blog-Page-Ac-5d049-e-proper-language-attribute-chromium-retry1/test-failed-1.png
    ────────────────────────────────────────────────────────────────────────────────────────────────

    attachment #2: video (video/webm) ──────────────────────────────────────────────────────────────
    test-results/ui-pages-blog-Blog-Page-Ac-5d049-e-proper-language-attribute-chromium-retry1/video.webm
    ────────────────────────────────────────────────────────────────────────────────────────────────

    Error Context: test-results/ui-pages-blog-Blog-Page-Ac-5d049-e-proper-language-attribute-chromium-retry1/error-context.md

    attachment #4: trace (application/zip) ─────────────────────────────────────────────────────────
    test-results/ui-pages-blog-Blog-Page-Ac-5d049-e-proper-language-attribute-chromium-retry1/trace.zip
    Usage:

        npx playwright show-trace test-results/ui-pages-blog-Blog-Page-Ac-5d049-e-proper-language-attribute-chromium-retry1/trace.zip

    ────────────────────────────────────────────────────────────────────────────────────────────────

  302) [chromium] › e2e/ui/pages/blog.spec.ts:274:9 › Blog Page › Accessibility › should have proper heading structure 

    Error: page.goto: net::ERR_CONNECTION_REFUSED at http://localhost:4000/blog
    Call log:
      - navigating to "http://localhost:4000/blog", waiting until "load"


       at helpers/page-helpers.ts:13

      11 |
      12 |   async navigate(path: string) {
    > 13 |     await this.page.goto(path);
         |                     ^
      14 |     await this.page.waitForLoadState("networkidle");
      15 |   }
      16 |
        at BasePage.navigate (/home/tbaltzakis/cloudless.gr/e2e/helpers/page-helpers.ts:13:21)
        at /home/tbaltzakis/cloudless.gr/e2e/ui/pages/blog.spec.ts:19:16

    attachment #1: screenshot (image/png) ──────────────────────────────────────────────────────────
    test-results/ui-pages-blog-Blog-Page-Ac-a23c1-ve-proper-heading-structure-chromium/test-failed-1.png
    ────────────────────────────────────────────────────────────────────────────────────────────────

    attachment #2: video (video/webm) ──────────────────────────────────────────────────────────────
    test-results/ui-pages-blog-Blog-Page-Ac-a23c1-ve-proper-heading-structure-chromium/video.webm
    ────────────────────────────────────────────────────────────────────────────────────────────────

    Error Context: test-results/ui-pages-blog-Blog-Page-Ac-a23c1-ve-proper-heading-structure-chromium/error-context.md

    Retry #1 ───────────────────────────────────────────────────────────────────────────────────────

    Error: page.goto: net::ERR_CONNECTION_REFUSED at http://localhost:4000/blog
    Call log:
      - navigating to "http://localhost:4000/blog", waiting until "load"


       at helpers/page-helpers.ts:13

      11 |
      12 |   async navigate(path: string) {
    > 13 |     await this.page.goto(path);
         |                     ^
      14 |     await this.page.waitForLoadState("networkidle");
      15 |   }
      16 |
        at BasePage.navigate (/home/tbaltzakis/cloudless.gr/e2e/helpers/page-helpers.ts:13:21)
        at /home/tbaltzakis/cloudless.gr/e2e/ui/pages/blog.spec.ts:19:16

    attachment #1: screenshot (image/png) ──────────────────────────────────────────────────────────
    test-results/ui-pages-blog-Blog-Page-Ac-a23c1-ve-proper-heading-structure-chromium-retry1/test-failed-1.png
    ────────────────────────────────────────────────────────────────────────────────────────────────

    attachment #2: video (video/webm) ──────────────────────────────────────────────────────────────
    test-results/ui-pages-blog-Blog-Page-Ac-a23c1-ve-proper-heading-structure-chromium-retry1/video.webm
    ────────────────────────────────────────────────────────────────────────────────────────────────

    Error Context: test-results/ui-pages-blog-Blog-Page-Ac-a23c1-ve-proper-heading-structure-chromium-retry1/error-context.md

    attachment #4: trace (application/zip) ─────────────────────────────────────────────────────────
    test-results/ui-pages-blog-Blog-Page-Ac-a23c1-ve-proper-heading-structure-chromium-retry1/trace.zip
    Usage:

        npx playwright show-trace test-results/ui-pages-blog-Blog-Page-Ac-a23c1-ve-proper-heading-structure-chromium-retry1/trace.zip

    ────────────────────────────────────────────────────────────────────────────────────────────────

  303) [chromium] › e2e/ui/pages/blog.spec.ts:292:9 › Blog Page › Accessibility › should have accessible post elements 

    Error: page.goto: net::ERR_CONNECTION_REFUSED at http://localhost:4000/blog
    Call log:
      - navigating to "http://localhost:4000/blog", waiting until "load"


       at helpers/page-helpers.ts:13

      11 |
      12 |   async navigate(path: string) {
    > 13 |     await this.page.goto(path);
         |                     ^
      14 |     await this.page.waitForLoadState("networkidle");
      15 |   }
      16 |
        at BasePage.navigate (/home/tbaltzakis/cloudless.gr/e2e/helpers/page-helpers.ts:13:21)
        at /home/tbaltzakis/cloudless.gr/e2e/ui/pages/blog.spec.ts:19:16

    attachment #1: screenshot (image/png) ──────────────────────────────────────────────────────────
    test-results/ui-pages-blog-Blog-Page-Ac-74e43-ve-accessible-post-elements-chromium/test-failed-1.png
    ────────────────────────────────────────────────────────────────────────────────────────────────

    attachment #2: video (video/webm) ──────────────────────────────────────────────────────────────
    test-results/ui-pages-blog-Blog-Page-Ac-74e43-ve-accessible-post-elements-chromium/video.webm
    ────────────────────────────────────────────────────────────────────────────────────────────────

    Error Context: test-results/ui-pages-blog-Blog-Page-Ac-74e43-ve-accessible-post-elements-chromium/error-context.md

    Retry #1 ───────────────────────────────────────────────────────────────────────────────────────

    Error: page.goto: net::ERR_CONNECTION_REFUSED at http://localhost:4000/blog
    Call log:
      - navigating to "http://localhost:4000/blog", waiting until "load"


       at helpers/page-helpers.ts:13

      11 |
      12 |   async navigate(path: string) {
    > 13 |     await this.page.goto(path);
         |                     ^
      14 |     await this.page.waitForLoadState("networkidle");
      15 |   }
      16 |
        at BasePage.navigate (/home/tbaltzakis/cloudless.gr/e2e/helpers/page-helpers.ts:13:21)
        at /home/tbaltzakis/cloudless.gr/e2e/ui/pages/blog.spec.ts:19:16

    attachment #1: screenshot (image/png) ──────────────────────────────────────────────────────────
    test-results/ui-pages-blog-Blog-Page-Ac-74e43-ve-accessible-post-elements-chromium-retry1/test-failed-1.png
    ────────────────────────────────────────────────────────────────────────────────────────────────

    attachment #2: video (video/webm) ──────────────────────────────────────────────────────────────
    test-results/ui-pages-blog-Blog-Page-Ac-74e43-ve-accessible-post-elements-chromium-retry1/video.webm
    ────────────────────────────────────────────────────────────────────────────────────────────────

    Error Context: test-results/ui-pages-blog-Blog-Page-Ac-74e43-ve-accessible-post-elements-chromium-retry1/error-context.md

    attachment #4: trace (application/zip) ─────────────────────────────────────────────────────────
    test-results/ui-pages-blog-Blog-Page-Ac-74e43-ve-accessible-post-elements-chromium-retry1/trace.zip
    Usage:

        npx playwright show-trace test-results/ui-pages-blog-Blog-Page-Ac-74e43-ve-accessible-post-elements-chromium-retry1/trace.zip

    ────────────────────────────────────────────────────────────────────────────────────────────────

  304) [chromium] › e2e/ui/pages/blog.spec.ts:311:9 › Blog Page › Accessibility › should have accessible images with alt text 

    Error: page.goto: net::ERR_CONNECTION_REFUSED at http://localhost:4000/blog
    Call log:
      - navigating to "http://localhost:4000/blog", waiting until "load"


       at helpers/page-helpers.ts:13

      11 |
      12 |   async navigate(path: string) {
    > 13 |     await this.page.goto(path);
         |                     ^
      14 |     await this.page.waitForLoadState("networkidle");
      15 |   }
      16 |
        at BasePage.navigate (/home/tbaltzakis/cloudless.gr/e2e/helpers/page-helpers.ts:13:21)
        at /home/tbaltzakis/cloudless.gr/e2e/ui/pages/blog.spec.ts:19:16

    attachment #1: screenshot (image/png) ──────────────────────────────────────────────────────────
    test-results/ui-pages-blog-Blog-Page-Ac-b4162-ssible-images-with-alt-text-chromium/test-failed-1.png
    ────────────────────────────────────────────────────────────────────────────────────────────────

    attachment #2: video (video/webm) ──────────────────────────────────────────────────────────────
    test-results/ui-pages-blog-Blog-Page-Ac-b4162-ssible-images-with-alt-text-chromium/video.webm
    ────────────────────────────────────────────────────────────────────────────────────────────────

    Error Context: test-results/ui-pages-blog-Blog-Page-Ac-b4162-ssible-images-with-alt-text-chromium/error-context.md

    Retry #1 ───────────────────────────────────────────────────────────────────────────────────────

    Error: page.goto: net::ERR_CONNECTION_REFUSED at http://localhost:4000/blog
    Call log:
      - navigating to "http://localhost:4000/blog", waiting until "load"


       at helpers/page-helpers.ts:13

      11 |
      12 |   async navigate(path: string) {
    > 13 |     await this.page.goto(path);
         |                     ^
      14 |     await this.page.waitForLoadState("networkidle");
      15 |   }
      16 |
        at BasePage.navigate (/home/tbaltzakis/cloudless.gr/e2e/helpers/page-helpers.ts:13:21)
        at /home/tbaltzakis/cloudless.gr/e2e/ui/pages/blog.spec.ts:19:16

    attachment #1: screenshot (image/png) ──────────────────────────────────────────────────────────
    test-results/ui-pages-blog-Blog-Page-Ac-b4162-ssible-images-with-alt-text-chromium-retry1/test-failed-1.png
    ────────────────────────────────────────────────────────────────────────────────────────────────

    attachment #2: video (video/webm) ──────────────────────────────────────────────────────────────
    test-results/ui-pages-blog-Blog-Page-Ac-b4162-ssible-images-with-alt-text-chromium-retry1/video.webm
    ────────────────────────────────────────────────────────────────────────────────────────────────

    Error Context: test-results/ui-pages-blog-Blog-Page-Ac-b4162-ssible-images-with-alt-text-chromium-retry1/error-context.md

    attachment #4: trace (application/zip) ─────────────────────────────────────────────────────────
    test-results/ui-pages-blog-Blog-Page-Ac-b4162-ssible-images-with-alt-text-chromium-retry1/trace.zip
    Usage:

        npx playwright show-trace test-results/ui-pages-blog-Blog-Page-Ac-b4162-ssible-images-with-alt-text-chromium-retry1/trace.zip

    ────────────────────────────────────────────────────────────────────────────────────────────────

  305) [chromium] › e2e/ui/pages/blog.spec.ts:330:9 › Blog Page › Performance › should load within reasonable time 

    Error: page.goto: net::ERR_CONNECTION_REFUSED at http://localhost:4000/blog
    Call log:
      - navigating to "http://localhost:4000/blog", waiting until "load"


       at helpers/page-helpers.ts:13

      11 |
      12 |   async navigate(path: string) {
    > 13 |     await this.page.goto(path);
         |                     ^
      14 |     await this.page.waitForLoadState("networkidle");
      15 |   }
      16 |
        at BasePage.navigate (/home/tbaltzakis/cloudless.gr/e2e/helpers/page-helpers.ts:13:21)
        at /home/tbaltzakis/cloudless.gr/e2e/ui/pages/blog.spec.ts:19:16

    attachment #1: screenshot (image/png) ──────────────────────────────────────────────────────────
    test-results/ui-pages-blog-Blog-Page-Pe-3bd8b-load-within-reasonable-time-chromium/test-failed-1.png
    ────────────────────────────────────────────────────────────────────────────────────────────────

    attachment #2: video (video/webm) ──────────────────────────────────────────────────────────────
    test-results/ui-pages-blog-Blog-Page-Pe-3bd8b-load-within-reasonable-time-chromium/video.webm
    ────────────────────────────────────────────────────────────────────────────────────────────────

    Error Context: test-results/ui-pages-blog-Blog-Page-Pe-3bd8b-load-within-reasonable-time-chromium/error-context.md

    Retry #1 ───────────────────────────────────────────────────────────────────────────────────────

    Error: page.goto: net::ERR_CONNECTION_REFUSED at http://localhost:4000/blog
    Call log:
      - navigating to "http://localhost:4000/blog", waiting until "load"


       at helpers/page-helpers.ts:13

      11 |
      12 |   async navigate(path: string) {
    > 13 |     await this.page.goto(path);
         |                     ^
      14 |     await this.page.waitForLoadState("networkidle");
      15 |   }
      16 |
        at BasePage.navigate (/home/tbaltzakis/cloudless.gr/e2e/helpers/page-helpers.ts:13:21)
        at /home/tbaltzakis/cloudless.gr/e2e/ui/pages/blog.spec.ts:19:16

    attachment #1: screenshot (image/png) ──────────────────────────────────────────────────────────
    test-results/ui-pages-blog-Blog-Page-Pe-3bd8b-load-within-reasonable-time-chromium-retry1/test-failed-1.png
    ────────────────────────────────────────────────────────────────────────────────────────────────

    attachment #2: video (video/webm) ──────────────────────────────────────────────────────────────
    test-results/ui-pages-blog-Blog-Page-Pe-3bd8b-load-within-reasonable-time-chromium-retry1/video.webm
    ────────────────────────────────────────────────────────────────────────────────────────────────

    Error Context: test-results/ui-pages-blog-Blog-Page-Pe-3bd8b-load-within-reasonable-time-chromium-retry1/error-context.md

    attachment #4: trace (application/zip) ─────────────────────────────────────────────────────────
    test-results/ui-pages-blog-Blog-Page-Pe-3bd8b-load-within-reasonable-time-chromium-retry1/trace.zip
    Usage:

        npx playwright show-trace test-results/ui-pages-blog-Blog-Page-Pe-3bd8b-load-within-reasonable-time-chromium-retry1/trace.zip

    ────────────────────────────────────────────────────────────────────────────────────────────────

  306) [chromium] › e2e/ui/pages/contact.spec.ts:22:7 › Contact Page › should load successfully ────

    Error: page.goto: net::ERR_CONNECTION_REFUSED at http://localhost:4000/contact
    Call log:
      - navigating to "http://localhost:4000/contact", waiting until "load"


       at helpers/page-helpers.ts:13

      11 |
      12 |   async navigate(path: string) {
    > 13 |     await this.page.goto(path);
         |                     ^
      14 |     await this.page.waitForLoadState("networkidle");
      15 |   }
      16 |
        at BasePage.navigate (/home/tbaltzakis/cloudless.gr/e2e/helpers/page-helpers.ts:13:21)
        at /home/tbaltzakis/cloudless.gr/e2e/ui/pages/contact.spec.ts:19:16

    attachment #1: screenshot (image/png) ──────────────────────────────────────────────────────────
    test-results/ui-pages-contact-Contact-Page-should-load-successfully-chromium/test-failed-1.png
    ────────────────────────────────────────────────────────────────────────────────────────────────

    attachment #2: video (video/webm) ──────────────────────────────────────────────────────────────
    test-results/ui-pages-contact-Contact-Page-should-load-successfully-chromium/video.webm
    ────────────────────────────────────────────────────────────────────────────────────────────────

    Error Context: test-results/ui-pages-contact-Contact-Page-should-load-successfully-chromium/error-context.md

    Retry #1 ───────────────────────────────────────────────────────────────────────────────────────

    Error: page.goto: net::ERR_CONNECTION_REFUSED at http://localhost:4000/contact
    Call log:
      - navigating to "http://localhost:4000/contact", waiting until "load"


       at helpers/page-helpers.ts:13

      11 |
      12 |   async navigate(path: string) {
    > 13 |     await this.page.goto(path);
         |                     ^
      14 |     await this.page.waitForLoadState("networkidle");
      15 |   }
      16 |
        at BasePage.navigate (/home/tbaltzakis/cloudless.gr/e2e/helpers/page-helpers.ts:13:21)
        at /home/tbaltzakis/cloudless.gr/e2e/ui/pages/contact.spec.ts:19:16

    attachment #1: screenshot (image/png) ──────────────────────────────────────────────────────────
    test-results/ui-pages-contact-Contact-Page-should-load-successfully-chromium-retry1/test-failed-1.png
    ────────────────────────────────────────────────────────────────────────────────────────────────

    attachment #2: video (video/webm) ──────────────────────────────────────────────────────────────
    test-results/ui-pages-contact-Contact-Page-should-load-successfully-chromium-retry1/video.webm
    ────────────────────────────────────────────────────────────────────────────────────────────────

    Error Context: test-results/ui-pages-contact-Contact-Page-should-load-successfully-chromium-retry1/error-context.md

    attachment #4: trace (application/zip) ─────────────────────────────────────────────────────────
    test-results/ui-pages-contact-Contact-Page-should-load-successfully-chromium-retry1/trace.zip
    Usage:

        npx playwright show-trace test-results/ui-pages-contact-Contact-Page-should-load-successfully-chromium-retry1/trace.zip

    ────────────────────────────────────────────────────────────────────────────────────────────────

  307) [chromium] › e2e/ui/pages/contact.spec.ts:30:7 › Contact Page › should have contact form ────

    Error: page.goto: net::ERR_CONNECTION_REFUSED at http://localhost:4000/contact
    Call log:
      - navigating to "http://localhost:4000/contact", waiting until "load"


       at helpers/page-helpers.ts:13

      11 |
      12 |   async navigate(path: string) {
    > 13 |     await this.page.goto(path);
         |                     ^
      14 |     await this.page.waitForLoadState("networkidle");
      15 |   }
      16 |
        at BasePage.navigate (/home/tbaltzakis/cloudless.gr/e2e/helpers/page-helpers.ts:13:21)
        at /home/tbaltzakis/cloudless.gr/e2e/ui/pages/contact.spec.ts:19:16

    attachment #1: screenshot (image/png) ──────────────────────────────────────────────────────────
    test-results/ui-pages-contact-Contact-Page-should-have-contact-form-chromium/test-failed-1.png
    ────────────────────────────────────────────────────────────────────────────────────────────────

    attachment #2: video (video/webm) ──────────────────────────────────────────────────────────────
    test-results/ui-pages-contact-Contact-Page-should-have-contact-form-chromium/video.webm
    ────────────────────────────────────────────────────────────────────────────────────────────────

    Error Context: test-results/ui-pages-contact-Contact-Page-should-have-contact-form-chromium/error-context.md

    Retry #1 ───────────────────────────────────────────────────────────────────────────────────────

    Error: page.goto: net::ERR_CONNECTION_REFUSED at http://localhost:4000/contact
    Call log:
      - navigating to "http://localhost:4000/contact", waiting until "load"


       at helpers/page-helpers.ts:13

      11 |
      12 |   async navigate(path: string) {
    > 13 |     await this.page.goto(path);
         |                     ^
      14 |     await this.page.waitForLoadState("networkidle");
      15 |   }
      16 |
        at BasePage.navigate (/home/tbaltzakis/cloudless.gr/e2e/helpers/page-helpers.ts:13:21)
        at /home/tbaltzakis/cloudless.gr/e2e/ui/pages/contact.spec.ts:19:16

    attachment #1: screenshot (image/png) ──────────────────────────────────────────────────────────
    test-results/ui-pages-contact-Contact-Page-should-have-contact-form-chromium-retry1/test-failed-1.png
    ────────────────────────────────────────────────────────────────────────────────────────────────

    attachment #2: video (video/webm) ──────────────────────────────────────────────────────────────
    test-results/ui-pages-contact-Contact-Page-should-have-contact-form-chromium-retry1/video.webm
    ────────────────────────────────────────────────────────────────────────────────────────────────

    Error Context: test-results/ui-pages-contact-Contact-Page-should-have-contact-form-chromium-retry1/error-context.md

    attachment #4: trace (application/zip) ─────────────────────────────────────────────────────────
    test-results/ui-pages-contact-Contact-Page-should-have-contact-form-chromium-retry1/trace.zip
    Usage:

        npx playwright show-trace test-results/ui-pages-contact-Contact-Page-should-have-contact-form-chromium-retry1/trace.zip

    ────────────────────────────────────────────────────────────────────────────────────────────────

  308) [chromium] › e2e/ui/pages/contact.spec.ts:55:7 › Contact Page › should have contact information 

    Error: page.goto: net::ERR_CONNECTION_REFUSED at http://localhost:4000/contact
    Call log:
      - navigating to "http://localhost:4000/contact", waiting until "load"


       at helpers/page-helpers.ts:13

      11 |
      12 |   async navigate(path: string) {
    > 13 |     await this.page.goto(path);
         |                     ^
      14 |     await this.page.waitForLoadState("networkidle");
      15 |   }
      16 |
        at BasePage.navigate (/home/tbaltzakis/cloudless.gr/e2e/helpers/page-helpers.ts:13:21)
        at /home/tbaltzakis/cloudless.gr/e2e/ui/pages/contact.spec.ts:19:16

    attachment #1: screenshot (image/png) ──────────────────────────────────────────────────────────
    test-results/ui-pages-contact-Contact-P-8a5ce-ld-have-contact-information-chromium/test-failed-1.png
    ────────────────────────────────────────────────────────────────────────────────────────────────

    attachment #2: video (video/webm) ──────────────────────────────────────────────────────────────
    test-results/ui-pages-contact-Contact-P-8a5ce-ld-have-contact-information-chromium/video.webm
    ────────────────────────────────────────────────────────────────────────────────────────────────

    Error Context: test-results/ui-pages-contact-Contact-P-8a5ce-ld-have-contact-information-chromium/error-context.md

    Retry #1 ───────────────────────────────────────────────────────────────────────────────────────

    Error: page.goto: net::ERR_CONNECTION_REFUSED at http://localhost:4000/contact
    Call log:
      - navigating to "http://localhost:4000/contact", waiting until "load"


       at helpers/page-helpers.ts:13

      11 |
      12 |   async navigate(path: string) {
    > 13 |     await this.page.goto(path);
         |                     ^
      14 |     await this.page.waitForLoadState("networkidle");
      15 |   }
      16 |
        at BasePage.navigate (/home/tbaltzakis/cloudless.gr/e2e/helpers/page-helpers.ts:13:21)
        at /home/tbaltzakis/cloudless.gr/e2e/ui/pages/contact.spec.ts:19:16

    attachment #1: screenshot (image/png) ──────────────────────────────────────────────────────────
    test-results/ui-pages-contact-Contact-P-8a5ce-ld-have-contact-information-chromium-retry1/test-failed-1.png
    ────────────────────────────────────────────────────────────────────────────────────────────────

    attachment #2: video (video/webm) ──────────────────────────────────────────────────────────────
    test-results/ui-pages-contact-Contact-P-8a5ce-ld-have-contact-information-chromium-retry1/video.webm
    ────────────────────────────────────────────────────────────────────────────────────────────────

    Error Context: test-results/ui-pages-contact-Contact-P-8a5ce-ld-have-contact-information-chromium-retry1/error-context.md

    attachment #4: trace (application/zip) ─────────────────────────────────────────────────────────
    test-results/ui-pages-contact-Contact-P-8a5ce-ld-have-contact-information-chromium-retry1/trace.zip
    Usage:

        npx playwright show-trace test-results/ui-pages-contact-Contact-P-8a5ce-ld-have-contact-information-chromium-retry1/trace.zip

    ────────────────────────────────────────────────────────────────────────────────────────────────

  309) [chromium] › e2e/ui/pages/contact.spec.ts:76:7 › Contact Page › should have map or location information 

    Error: page.goto: net::ERR_CONNECTION_REFUSED at http://localhost:4000/contact
    Call log:
      - navigating to "http://localhost:4000/contact", waiting until "load"


       at helpers/page-helpers.ts:13

      11 |
      12 |   async navigate(path: string) {
    > 13 |     await this.page.goto(path);
         |                     ^
      14 |     await this.page.waitForLoadState("networkidle");
      15 |   }
      16 |
        at BasePage.navigate (/home/tbaltzakis/cloudless.gr/e2e/helpers/page-helpers.ts:13:21)
        at /home/tbaltzakis/cloudless.gr/e2e/ui/pages/contact.spec.ts:19:16

    attachment #1: screenshot (image/png) ──────────────────────────────────────────────────────────
    test-results/ui-pages-contact-Contact-P-0491b-map-or-location-information-chromium/test-failed-1.png
    ────────────────────────────────────────────────────────────────────────────────────────────────

    attachment #2: video (video/webm) ──────────────────────────────────────────────────────────────
    test-results/ui-pages-contact-Contact-P-0491b-map-or-location-information-chromium/video.webm
    ────────────────────────────────────────────────────────────────────────────────────────────────

    Error Context: test-results/ui-pages-contact-Contact-P-0491b-map-or-location-information-chromium/error-context.md

    Retry #1 ───────────────────────────────────────────────────────────────────────────────────────

    Error: page.goto: net::ERR_CONNECTION_REFUSED at http://localhost:4000/contact
    Call log:
      - navigating to "http://localhost:4000/contact", waiting until "load"


       at helpers/page-helpers.ts:13

      11 |
      12 |   async navigate(path: string) {
    > 13 |     await this.page.goto(path);
         |                     ^
      14 |     await this.page.waitForLoadState("networkidle");
      15 |   }
      16 |
        at BasePage.navigate (/home/tbaltzakis/cloudless.gr/e2e/helpers/page-helpers.ts:13:21)
        at /home/tbaltzakis/cloudless.gr/e2e/ui/pages/contact.spec.ts:19:16

    attachment #1: screenshot (image/png) ──────────────────────────────────────────────────────────
    test-results/ui-pages-contact-Contact-P-0491b-map-or-location-information-chromium-retry1/test-failed-1.png
    ────────────────────────────────────────────────────────────────────────────────────────────────

    attachment #2: video (video/webm) ──────────────────────────────────────────────────────────────
    test-results/ui-pages-contact-Contact-P-0491b-map-or-location-information-chromium-retry1/video.webm
    ────────────────────────────────────────────────────────────────────────────────────────────────

    Error Context: test-results/ui-pages-contact-Contact-P-0491b-map-or-location-information-chromium-retry1/error-context.md

    attachment #4: trace (application/zip) ─────────────────────────────────────────────────────────
    test-results/ui-pages-contact-Contact-P-0491b-map-or-location-information-chromium-retry1/trace.zip
    Usage:

        npx playwright show-trace test-results/ui-pages-contact-Contact-P-0491b-map-or-location-information-chromium-retry1/trace.zip

    ────────────────────────────────────────────────────────────────────────────────────────────────

  310) [chromium] › e2e/ui/pages/contact.spec.ts:87:7 › Contact Page › should have call-to-action for newsletter or consultation 

    Error: page.goto: net::ERR_CONNECTION_REFUSED at http://localhost:4000/contact
    Call log:
      - navigating to "http://localhost:4000/contact", waiting until "load"


       at helpers/page-helpers.ts:13

      11 |
      12 |   async navigate(path: string) {
    > 13 |     await this.page.goto(path);
         |                     ^
      14 |     await this.page.waitForLoadState("networkidle");
      15 |   }
      16 |
        at BasePage.navigate (/home/tbaltzakis/cloudless.gr/e2e/helpers/page-helpers.ts:13:21)
        at /home/tbaltzakis/cloudless.gr/e2e/ui/pages/contact.spec.ts:19:16

    attachment #1: screenshot (image/png) ──────────────────────────────────────────────────────────
    test-results/ui-pages-contact-Contact-P-16666--newsletter-or-consultation-chromium/test-failed-1.png
    ────────────────────────────────────────────────────────────────────────────────────────────────

    attachment #2: video (video/webm) ──────────────────────────────────────────────────────────────
    test-results/ui-pages-contact-Contact-P-16666--newsletter-or-consultation-chromium/video.webm
    ────────────────────────────────────────────────────────────────────────────────────────────────

    Error Context: test-results/ui-pages-contact-Contact-P-16666--newsletter-or-consultation-chromium/error-context.md

    Retry #1 ───────────────────────────────────────────────────────────────────────────────────────

    Error: page.goto: net::ERR_CONNECTION_REFUSED at http://localhost:4000/contact
    Call log:
      - navigating to "http://localhost:4000/contact", waiting until "load"


       at helpers/page-helpers.ts:13

      11 |
      12 |   async navigate(path: string) {
    > 13 |     await this.page.goto(path);
         |                     ^
      14 |     await this.page.waitForLoadState("networkidle");
      15 |   }
      16 |
        at BasePage.navigate (/home/tbaltzakis/cloudless.gr/e2e/helpers/page-helpers.ts:13:21)
        at /home/tbaltzakis/cloudless.gr/e2e/ui/pages/contact.spec.ts:19:16

    attachment #1: screenshot (image/png) ──────────────────────────────────────────────────────────
    test-results/ui-pages-contact-Contact-P-16666--newsletter-or-consultation-chromium-retry1/test-failed-1.png
    ────────────────────────────────────────────────────────────────────────────────────────────────

    attachment #2: video (video/webm) ──────────────────────────────────────────────────────────────
    test-results/ui-pages-contact-Contact-P-16666--newsletter-or-consultation-chromium-retry1/video.webm
    ────────────────────────────────────────────────────────────────────────────────────────────────

    Error Context: test-results/ui-pages-contact-Contact-P-16666--newsletter-or-consultation-chromium-retry1/error-context.md

    attachment #4: trace (application/zip) ─────────────────────────────────────────────────────────
    test-results/ui-pages-contact-Contact-P-16666--newsletter-or-consultation-chromium-retry1/trace.zip
    Usage:

        npx playwright show-trace test-results/ui-pages-contact-Contact-P-16666--newsletter-or-consultation-chromium-retry1/trace.zip

    ────────────────────────────────────────────────────────────────────────────────────────────────

  311) [chromium] › e2e/ui/pages/contact.spec.ts:103:9 › Contact Page › Form Validation › should show validation errors for empty required fields 

    Error: page.goto: net::ERR_CONNECTION_REFUSED at http://localhost:4000/contact
    Call log:
      - navigating to "http://localhost:4000/contact", waiting until "load"


       at helpers/page-helpers.ts:13

      11 |
      12 |   async navigate(path: string) {
    > 13 |     await this.page.goto(path);
         |                     ^
      14 |     await this.page.waitForLoadState("networkidle");
      15 |   }
      16 |
        at BasePage.navigate (/home/tbaltzakis/cloudless.gr/e2e/helpers/page-helpers.ts:13:21)
        at /home/tbaltzakis/cloudless.gr/e2e/ui/pages/contact.spec.ts:19:16

    attachment #1: screenshot (image/png) ──────────────────────────────────────────────────────────
    test-results/ui-pages-contact-Contact-P-8d98f-s-for-empty-required-fields-chromium/test-failed-1.png
    ────────────────────────────────────────────────────────────────────────────────────────────────

    attachment #2: video (video/webm) ──────────────────────────────────────────────────────────────
    test-results/ui-pages-contact-Contact-P-8d98f-s-for-empty-required-fields-chromium/video.webm
    ────────────────────────────────────────────────────────────────────────────────────────────────

    Error Context: test-results/ui-pages-contact-Contact-P-8d98f-s-for-empty-required-fields-chromium/error-context.md

    Retry #1 ───────────────────────────────────────────────────────────────────────────────────────

    Error: page.goto: net::ERR_CONNECTION_REFUSED at http://localhost:4000/contact
    Call log:
      - navigating to "http://localhost:4000/contact", waiting until "load"


       at helpers/page-helpers.ts:13

      11 |
      12 |   async navigate(path: string) {
    > 13 |     await this.page.goto(path);
         |                     ^
      14 |     await this.page.waitForLoadState("networkidle");
      15 |   }
      16 |
        at BasePage.navigate (/home/tbaltzakis/cloudless.gr/e2e/helpers/page-helpers.ts:13:21)
        at /home/tbaltzakis/cloudless.gr/e2e/ui/pages/contact.spec.ts:19:16

    attachment #1: screenshot (image/png) ──────────────────────────────────────────────────────────
    test-results/ui-pages-contact-Contact-P-8d98f-s-for-empty-required-fields-chromium-retry1/test-failed-1.png
    ────────────────────────────────────────────────────────────────────────────────────────────────

    attachment #2: video (video/webm) ──────────────────────────────────────────────────────────────
    test-results/ui-pages-contact-Contact-P-8d98f-s-for-empty-required-fields-chromium-retry1/video.webm
    ────────────────────────────────────────────────────────────────────────────────────────────────

    Error Context: test-results/ui-pages-contact-Contact-P-8d98f-s-for-empty-required-fields-chromium-retry1/error-context.md

    attachment #4: trace (application/zip) ─────────────────────────────────────────────────────────
    test-results/ui-pages-contact-Contact-P-8d98f-s-for-empty-required-fields-chromium-retry1/trace.zip
    Usage:

        npx playwright show-trace test-results/ui-pages-contact-Contact-P-8d98f-s-for-empty-required-fields-chromium-retry1/trace.zip

    ────────────────────────────────────────────────────────────────────────────────────────────────

  312) [chromium] › e2e/ui/pages/contact.spec.ts:120:9 › Contact Page › Form Validation › should show validation error for invalid email format 

    Error: page.goto: net::ERR_CONNECTION_REFUSED at http://localhost:4000/contact
    Call log:
      - navigating to "http://localhost:4000/contact", waiting until "load"


       at helpers/page-helpers.ts:13

      11 |
      12 |   async navigate(path: string) {
    > 13 |     await this.page.goto(path);
         |                     ^
      14 |     await this.page.waitForLoadState("networkidle");
      15 |   }
      16 |
        at BasePage.navigate (/home/tbaltzakis/cloudless.gr/e2e/helpers/page-helpers.ts:13:21)
        at /home/tbaltzakis/cloudless.gr/e2e/ui/pages/contact.spec.ts:19:16

    attachment #1: screenshot (image/png) ──────────────────────────────────────────────────────────
    test-results/ui-pages-contact-Contact-P-f110a-or-for-invalid-email-format-chromium/test-failed-1.png
    ────────────────────────────────────────────────────────────────────────────────────────────────

    attachment #2: video (video/webm) ──────────────────────────────────────────────────────────────
    test-results/ui-pages-contact-Contact-P-f110a-or-for-invalid-email-format-chromium/video.webm
    ────────────────────────────────────────────────────────────────────────────────────────────────

    Error Context: test-results/ui-pages-contact-Contact-P-f110a-or-for-invalid-email-format-chromium/error-context.md

    Retry #1 ───────────────────────────────────────────────────────────────────────────────────────

    Error: page.goto: net::ERR_CONNECTION_REFUSED at http://localhost:4000/contact
    Call log:
      - navigating to "http://localhost:4000/contact", waiting until "load"


       at helpers/page-helpers.ts:13

      11 |
      12 |   async navigate(path: string) {
    > 13 |     await this.page.goto(path);
         |                     ^
      14 |     await this.page.waitForLoadState("networkidle");
      15 |   }
      16 |
        at BasePage.navigate (/home/tbaltzakis/cloudless.gr/e2e/helpers/page-helpers.ts:13:21)
        at /home/tbaltzakis/cloudless.gr/e2e/ui/pages/contact.spec.ts:19:16

    attachment #1: screenshot (image/png) ──────────────────────────────────────────────────────────
    test-results/ui-pages-contact-Contact-P-f110a-or-for-invalid-email-format-chromium-retry1/test-failed-1.png
    ────────────────────────────────────────────────────────────────────────────────────────────────

    attachment #2: video (video/webm) ──────────────────────────────────────────────────────────────
    test-results/ui-pages-contact-Contact-P-f110a-or-for-invalid-email-format-chromium-retry1/video.webm
    ────────────────────────────────────────────────────────────────────────────────────────────────

    Error Context: test-results/ui-pages-contact-Contact-P-f110a-or-for-invalid-email-format-chromium-retry1/error-context.md

    attachment #4: trace (application/zip) ─────────────────────────────────────────────────────────
    test-results/ui-pages-contact-Contact-P-f110a-or-for-invalid-email-format-chromium-retry1/trace.zip
    Usage:

        npx playwright show-trace test-results/ui-pages-contact-Contact-P-f110a-or-for-invalid-email-format-chromium-retry1/trace.zip

    ────────────────────────────────────────────────────────────────────────────────────────────────

  313) [chromium] › e2e/ui/pages/contact.spec.ts:142:9 › Contact Page › Form Validation › should submit form successfully with valid data 

    Error: page.goto: net::ERR_CONNECTION_REFUSED at http://localhost:4000/contact
    Call log:
      - navigating to "http://localhost:4000/contact", waiting until "load"


       at helpers/page-helpers.ts:13

      11 |
      12 |   async navigate(path: string) {
    > 13 |     await this.page.goto(path);
         |                     ^
      14 |     await this.page.waitForLoadState("networkidle");
      15 |   }
      16 |
        at BasePage.navigate (/home/tbaltzakis/cloudless.gr/e2e/helpers/page-helpers.ts:13:21)
        at /home/tbaltzakis/cloudless.gr/e2e/ui/pages/contact.spec.ts:19:16

    attachment #1: screenshot (image/png) ──────────────────────────────────────────────────────────
    test-results/ui-pages-contact-Contact-P-af26c-uccessfully-with-valid-data-chromium/test-failed-1.png
    ────────────────────────────────────────────────────────────────────────────────────────────────

    attachment #2: video (video/webm) ──────────────────────────────────────────────────────────────
    test-results/ui-pages-contact-Contact-P-af26c-uccessfully-with-valid-data-chromium/video.webm
    ────────────────────────────────────────────────────────────────────────────────────────────────

    Error Context: test-results/ui-pages-contact-Contact-P-af26c-uccessfully-with-valid-data-chromium/error-context.md

    Retry #1 ───────────────────────────────────────────────────────────────────────────────────────

    Error: page.goto: net::ERR_CONNECTION_REFUSED at http://localhost:4000/contact
    Call log:
      - navigating to "http://localhost:4000/contact", waiting until "load"


       at helpers/page-helpers.ts:13

      11 |
      12 |   async navigate(path: string) {
    > 13 |     await this.page.goto(path);
         |                     ^
      14 |     await this.page.waitForLoadState("networkidle");
      15 |   }
      16 |
        at BasePage.navigate (/home/tbaltzakis/cloudless.gr/e2e/helpers/page-helpers.ts:13:21)
        at /home/tbaltzakis/cloudless.gr/e2e/ui/pages/contact.spec.ts:19:16

    attachment #1: screenshot (image/png) ──────────────────────────────────────────────────────────
    test-results/ui-pages-contact-Contact-P-af26c-uccessfully-with-valid-data-chromium-retry1/test-failed-1.png
    ────────────────────────────────────────────────────────────────────────────────────────────────

    attachment #2: video (video/webm) ──────────────────────────────────────────────────────────────
    test-results/ui-pages-contact-Contact-P-af26c-uccessfully-with-valid-data-chromium-retry1/video.webm
    ────────────────────────────────────────────────────────────────────────────────────────────────

    Error Context: test-results/ui-pages-contact-Contact-P-af26c-uccessfully-with-valid-data-chromium-retry1/error-context.md

    attachment #4: trace (application/zip) ─────────────────────────────────────────────────────────
    test-results/ui-pages-contact-Contact-P-af26c-uccessfully-with-valid-data-chromium-retry1/trace.zip
    Usage:

        npx playwright show-trace test-results/ui-pages-contact-Contact-P-af26c-uccessfully-with-valid-data-chromium-retry1/trace.zip

    ────────────────────────────────────────────────────────────────────────────────────────────────

  314) [chromium] › e2e/ui/pages/contact.spec.ts:169:9 › Contact Page › Authentication › should show authenticated user info when logged in 

    Error: page.goto: net::ERR_CONNECTION_REFUSED at http://localhost:4000/contact
    Call log:
      - navigating to "http://localhost:4000/contact", waiting until "load"


       at helpers/page-helpers.ts:13

      11 |
      12 |   async navigate(path: string) {
    > 13 |     await this.page.goto(path);
         |                     ^
      14 |     await this.page.waitForLoadState("networkidle");
      15 |   }
      16 |
        at BasePage.navigate (/home/tbaltzakis/cloudless.gr/e2e/helpers/page-helpers.ts:13:21)
        at /home/tbaltzakis/cloudless.gr/e2e/ui/pages/contact.spec.ts:19:16

    attachment #1: screenshot (image/png) ──────────────────────────────────────────────────────────
    test-results/ui-pages-contact-Contact-P-73434-ed-user-info-when-logged-in-chromium/test-failed-1.png
    ────────────────────────────────────────────────────────────────────────────────────────────────

    attachment #2: video (video/webm) ──────────────────────────────────────────────────────────────
    test-results/ui-pages-contact-Contact-P-73434-ed-user-info-when-logged-in-chromium/video.webm
    ────────────────────────────────────────────────────────────────────────────────────────────────

    Error Context: test-results/ui-pages-contact-Contact-P-73434-ed-user-info-when-logged-in-chromium/error-context.md

    Retry #1 ───────────────────────────────────────────────────────────────────────────────────────

    Error: page.goto: net::ERR_CONNECTION_REFUSED at http://localhost:4000/contact
    Call log:
      - navigating to "http://localhost:4000/contact", waiting until "load"


       at helpers/page-helpers.ts:13

      11 |
      12 |   async navigate(path: string) {
    > 13 |     await this.page.goto(path);
         |                     ^
      14 |     await this.page.waitForLoadState("networkidle");
      15 |   }
      16 |
        at BasePage.navigate (/home/tbaltzakis/cloudless.gr/e2e/helpers/page-helpers.ts:13:21)
        at /home/tbaltzakis/cloudless.gr/e2e/ui/pages/contact.spec.ts:19:16

    attachment #1: screenshot (image/png) ──────────────────────────────────────────────────────────
    test-results/ui-pages-contact-Contact-P-73434-ed-user-info-when-logged-in-chromium-retry1/test-failed-1.png
    ────────────────────────────────────────────────────────────────────────────────────────────────

    attachment #2: video (video/webm) ──────────────────────────────────────────────────────────────
    test-results/ui-pages-contact-Contact-P-73434-ed-user-info-when-logged-in-chromium-retry1/video.webm
    ────────────────────────────────────────────────────────────────────────────────────────────────

    Error Context: test-results/ui-pages-contact-Contact-P-73434-ed-user-info-when-logged-in-chromium-retry1/error-context.md

    attachment #4: trace (application/zip) ─────────────────────────────────────────────────────────
    test-results/ui-pages-contact-Contact-P-73434-ed-user-info-when-logged-in-chromium-retry1/trace.zip
    Usage:

        npx playwright show-trace test-results/ui-pages-contact-Contact-P-73434-ed-user-info-when-logged-in-chromium-retry1/trace.zip

    ────────────────────────────────────────────────────────────────────────────────────────────────

  315) [chromium] › e2e/ui/pages/contact.spec.ts:193:9 › Contact Page › Responsive Design › should render correctly on mobile 

    Error: page.goto: net::ERR_CONNECTION_REFUSED at http://localhost:4000/contact
    Call log:
      - navigating to "http://localhost:4000/contact", waiting until "load"


       at helpers/page-helpers.ts:13

      11 |
      12 |   async navigate(path: string) {
    > 13 |     await this.page.goto(path);
         |                     ^
      14 |     await this.page.waitForLoadState("networkidle");
      15 |   }
      16 |
        at BasePage.navigate (/home/tbaltzakis/cloudless.gr/e2e/helpers/page-helpers.ts:13:21)
        at /home/tbaltzakis/cloudless.gr/e2e/ui/pages/contact.spec.ts:19:16

    attachment #1: screenshot (image/png) ──────────────────────────────────────────────────────────
    test-results/ui-pages-contact-Contact-P-69998--render-correctly-on-mobile-chromium/test-failed-1.png
    ────────────────────────────────────────────────────────────────────────────────────────────────

    attachment #2: video (video/webm) ──────────────────────────────────────────────────────────────
    test-results/ui-pages-contact-Contact-P-69998--render-correctly-on-mobile-chromium/video.webm
    ────────────────────────────────────────────────────────────────────────────────────────────────

    Error Context: test-results/ui-pages-contact-Contact-P-69998--render-correctly-on-mobile-chromium/error-context.md

    Retry #1 ───────────────────────────────────────────────────────────────────────────────────────

    Error: page.goto: net::ERR_CONNECTION_REFUSED at http://localhost:4000/contact
    Call log:
      - navigating to "http://localhost:4000/contact", waiting until "load"


       at helpers/page-helpers.ts:13

      11 |
      12 |   async navigate(path: string) {
    > 13 |     await this.page.goto(path);
         |                     ^
      14 |     await this.page.waitForLoadState("networkidle");
      15 |   }
      16 |
        at BasePage.navigate (/home/tbaltzakis/cloudless.gr/e2e/helpers/page-helpers.ts:13:21)
        at /home/tbaltzakis/cloudless.gr/e2e/ui/pages/contact.spec.ts:19:16

    attachment #1: screenshot (image/png) ──────────────────────────────────────────────────────────
    test-results/ui-pages-contact-Contact-P-69998--render-correctly-on-mobile-chromium-retry1/test-failed-1.png
    ────────────────────────────────────────────────────────────────────────────────────────────────

    attachment #2: video (video/webm) ──────────────────────────────────────────────────────────────
    test-results/ui-pages-contact-Contact-P-69998--render-correctly-on-mobile-chromium-retry1/video.webm
    ────────────────────────────────────────────────────────────────────────────────────────────────

    Error Context: test-results/ui-pages-contact-Contact-P-69998--render-correctly-on-mobile-chromium-retry1/error-context.md

    attachment #4: trace (application/zip) ─────────────────────────────────────────────────────────
    test-results/ui-pages-contact-Contact-P-69998--render-correctly-on-mobile-chromium-retry1/trace.zip
    Usage:

        npx playwright show-trace test-results/ui-pages-contact-Contact-P-69998--render-correctly-on-mobile-chromium-retry1/trace.zip

    ────────────────────────────────────────────────────────────────────────────────────────────────

  316) [chromium] › e2e/ui/pages/contact.spec.ts:215:9 › Contact Page › Responsive Design › should render correctly on tablet 

    Error: page.goto: net::ERR_CONNECTION_REFUSED at http://localhost:4000/contact
    Call log:
      - navigating to "http://localhost:4000/contact", waiting until "load"


       at helpers/page-helpers.ts:13

      11 |
      12 |   async navigate(path: string) {
    > 13 |     await this.page.goto(path);
         |                     ^
      14 |     await this.page.waitForLoadState("networkidle");
      15 |   }
      16 |
        at BasePage.navigate (/home/tbaltzakis/cloudless.gr/e2e/helpers/page-helpers.ts:13:21)
        at /home/tbaltzakis/cloudless.gr/e2e/ui/pages/contact.spec.ts:19:16

    attachment #1: screenshot (image/png) ──────────────────────────────────────────────────────────
    test-results/ui-pages-contact-Contact-P-208f4--render-correctly-on-tablet-chromium/test-failed-1.png
    ────────────────────────────────────────────────────────────────────────────────────────────────

    attachment #2: video (video/webm) ──────────────────────────────────────────────────────────────
    test-results/ui-pages-contact-Contact-P-208f4--render-correctly-on-tablet-chromium/video.webm
    ────────────────────────────────────────────────────────────────────────────────────────────────

    Error Context: test-results/ui-pages-contact-Contact-P-208f4--render-correctly-on-tablet-chromium/error-context.md

    Retry #1 ───────────────────────────────────────────────────────────────────────────────────────

    Error: page.goto: net::ERR_CONNECTION_REFUSED at http://localhost:4000/contact
    Call log:
      - navigating to "http://localhost:4000/contact", waiting until "load"


       at helpers/page-helpers.ts:13

      11 |
      12 |   async navigate(path: string) {
    > 13 |     await this.page.goto(path);
         |                     ^
      14 |     await this.page.waitForLoadState("networkidle");
      15 |   }
      16 |
        at BasePage.navigate (/home/tbaltzakis/cloudless.gr/e2e/helpers/page-helpers.ts:13:21)
        at /home/tbaltzakis/cloudless.gr/e2e/ui/pages/contact.spec.ts:19:16

    attachment #1: screenshot (image/png) ──────────────────────────────────────────────────────────
    test-results/ui-pages-contact-Contact-P-208f4--render-correctly-on-tablet-chromium-retry1/test-failed-1.png
    ────────────────────────────────────────────────────────────────────────────────────────────────

    attachment #2: video (video/webm) ──────────────────────────────────────────────────────────────
    test-results/ui-pages-contact-Contact-P-208f4--render-correctly-on-tablet-chromium-retry1/video.webm
    ────────────────────────────────────────────────────────────────────────────────────────────────

    Error Context: test-results/ui-pages-contact-Contact-P-208f4--render-correctly-on-tablet-chromium-retry1/error-context.md

    attachment #4: trace (application/zip) ─────────────────────────────────────────────────────────
    test-results/ui-pages-contact-Contact-P-208f4--render-correctly-on-tablet-chromium-retry1/trace.zip
    Usage:

        npx playwright show-trace test-results/ui-pages-contact-Contact-P-208f4--render-correctly-on-tablet-chromium-retry1/trace.zip

    ────────────────────────────────────────────────────────────────────────────────────────────────

  317) [chromium] › e2e/ui/pages/contact.spec.ts:228:9 › Contact Page › Responsive Design › should render correctly on desktop 

    Error: page.goto: net::ERR_CONNECTION_REFUSED at http://localhost:4000/contact
    Call log:
      - navigating to "http://localhost:4000/contact", waiting until "load"


       at helpers/page-helpers.ts:13

      11 |
      12 |   async navigate(path: string) {
    > 13 |     await this.page.goto(path);
         |                     ^
      14 |     await this.page.waitForLoadState("networkidle");
      15 |   }
      16 |
        at BasePage.navigate (/home/tbaltzakis/cloudless.gr/e2e/helpers/page-helpers.ts:13:21)
        at /home/tbaltzakis/cloudless.gr/e2e/ui/pages/contact.spec.ts:19:16

    attachment #1: screenshot (image/png) ──────────────────────────────────────────────────────────
    test-results/ui-pages-contact-Contact-P-20e5c-render-correctly-on-desktop-chromium/test-failed-1.png
    ────────────────────────────────────────────────────────────────────────────────────────────────

    attachment #2: video (video/webm) ──────────────────────────────────────────────────────────────
    test-results/ui-pages-contact-Contact-P-20e5c-render-correctly-on-desktop-chromium/video.webm
    ────────────────────────────────────────────────────────────────────────────────────────────────

    Error Context: test-results/ui-pages-contact-Contact-P-20e5c-render-correctly-on-desktop-chromium/error-context.md

    Retry #1 ───────────────────────────────────────────────────────────────────────────────────────

    Error: page.goto: net::ERR_CONNECTION_REFUSED at http://localhost:4000/contact
    Call log:
      - navigating to "http://localhost:4000/contact", waiting until "load"


       at helpers/page-helpers.ts:13

      11 |
      12 |   async navigate(path: string) {
    > 13 |     await this.page.goto(path);
         |                     ^
      14 |     await this.page.waitForLoadState("networkidle");
      15 |   }
      16 |
        at BasePage.navigate (/home/tbaltzakis/cloudless.gr/e2e/helpers/page-helpers.ts:13:21)
        at /home/tbaltzakis/cloudless.gr/e2e/ui/pages/contact.spec.ts:19:16

    attachment #1: screenshot (image/png) ──────────────────────────────────────────────────────────
    test-results/ui-pages-contact-Contact-P-20e5c-render-correctly-on-desktop-chromium-retry1/test-failed-1.png
    ────────────────────────────────────────────────────────────────────────────────────────────────

    attachment #2: video (video/webm) ──────────────────────────────────────────────────────────────
    test-results/ui-pages-contact-Contact-P-20e5c-render-correctly-on-desktop-chromium-retry1/video.webm
    ────────────────────────────────────────────────────────────────────────────────────────────────

    Error Context: test-results/ui-pages-contact-Contact-P-20e5c-render-correctly-on-desktop-chromium-retry1/error-context.md

    attachment #4: trace (application/zip) ─────────────────────────────────────────────────────────
    test-results/ui-pages-contact-Contact-P-20e5c-render-correctly-on-desktop-chromium-retry1/trace.zip
    Usage:

        npx playwright show-trace test-results/ui-pages-contact-Contact-P-20e5c-render-correctly-on-desktop-chromium-retry1/trace.zip

    ────────────────────────────────────────────────────────────────────────────────────────────────

  318) [chromium] › e2e/ui/pages/contact.spec.ts:246:9 › Contact Page › Navigation › should navigate to homepage 

    Error: page.goto: net::ERR_CONNECTION_REFUSED at http://localhost:4000/contact
    Call log:
      - navigating to "http://localhost:4000/contact", waiting until "load"


       at helpers/page-helpers.ts:13

      11 |
      12 |   async navigate(path: string) {
    > 13 |     await this.page.goto(path);
         |                     ^
      14 |     await this.page.waitForLoadState("networkidle");
      15 |   }
      16 |
        at BasePage.navigate (/home/tbaltzakis/cloudless.gr/e2e/helpers/page-helpers.ts:13:21)
        at /home/tbaltzakis/cloudless.gr/e2e/ui/pages/contact.spec.ts:19:16

    attachment #1: screenshot (image/png) ──────────────────────────────────────────────────────────
    test-results/ui-pages-contact-Contact-P-303bc-should-navigate-to-homepage-chromium/test-failed-1.png
    ────────────────────────────────────────────────────────────────────────────────────────────────

    attachment #2: video (video/webm) ──────────────────────────────────────────────────────────────
    test-results/ui-pages-contact-Contact-P-303bc-should-navigate-to-homepage-chromium/video.webm
    ────────────────────────────────────────────────────────────────────────────────────────────────

    Error Context: test-results/ui-pages-contact-Contact-P-303bc-should-navigate-to-homepage-chromium/error-context.md

    Retry #1 ───────────────────────────────────────────────────────────────────────────────────────

    Error: page.goto: net::ERR_CONNECTION_REFUSED at http://localhost:4000/contact
    Call log:
      - navigating to "http://localhost:4000/contact", waiting until "load"


       at helpers/page-helpers.ts:13

      11 |
      12 |   async navigate(path: string) {
    > 13 |     await this.page.goto(path);
         |                     ^
      14 |     await this.page.waitForLoadState("networkidle");
      15 |   }
      16 |
        at BasePage.navigate (/home/tbaltzakis/cloudless.gr/e2e/helpers/page-helpers.ts:13:21)
        at /home/tbaltzakis/cloudless.gr/e2e/ui/pages/contact.spec.ts:19:16

    attachment #1: screenshot (image/png) ──────────────────────────────────────────────────────────
    test-results/ui-pages-contact-Contact-P-303bc-should-navigate-to-homepage-chromium-retry1/test-failed-1.png
    ────────────────────────────────────────────────────────────────────────────────────────────────

    attachment #2: video (video/webm) ──────────────────────────────────────────────────────────────
    test-results/ui-pages-contact-Contact-P-303bc-should-navigate-to-homepage-chromium-retry1/video.webm
    ────────────────────────────────────────────────────────────────────────────────────────────────

    Error Context: test-results/ui-pages-contact-Contact-P-303bc-should-navigate-to-homepage-chromium-retry1/error-context.md

    attachment #4: trace (application/zip) ─────────────────────────────────────────────────────────
    test-results/ui-pages-contact-Contact-P-303bc-should-navigate-to-homepage-chromium-retry1/trace.zip
    Usage:

        npx playwright show-trace test-results/ui-pages-contact-Contact-P-303bc-should-navigate-to-homepage-chromium-retry1/trace.zip

    ────────────────────────────────────────────────────────────────────────────────────────────────

  319) [chromium] › e2e/ui/pages/contact.spec.ts:254:9 › Contact Page › Navigation › should navigate to services 

    Error: page.goto: net::ERR_CONNECTION_REFUSED at http://localhost:4000/contact
    Call log:
      - navigating to "http://localhost:4000/contact", waiting until "load"


       at helpers/page-helpers.ts:13

      11 |
      12 |   async navigate(path: string) {
    > 13 |     await this.page.goto(path);
         |                     ^
      14 |     await this.page.waitForLoadState("networkidle");
      15 |   }
      16 |
        at BasePage.navigate (/home/tbaltzakis/cloudless.gr/e2e/helpers/page-helpers.ts:13:21)
        at /home/tbaltzakis/cloudless.gr/e2e/ui/pages/contact.spec.ts:19:16

    attachment #1: screenshot (image/png) ──────────────────────────────────────────────────────────
    test-results/ui-pages-contact-Contact-P-8d7cc-should-navigate-to-services-chromium/test-failed-1.png
    ────────────────────────────────────────────────────────────────────────────────────────────────

    attachment #2: video (video/webm) ──────────────────────────────────────────────────────────────
    test-results/ui-pages-contact-Contact-P-8d7cc-should-navigate-to-services-chromium/video.webm
    ────────────────────────────────────────────────────────────────────────────────────────────────

    Error Context: test-results/ui-pages-contact-Contact-P-8d7cc-should-navigate-to-services-chromium/error-context.md

    Retry #1 ───────────────────────────────────────────────────────────────────────────────────────

    Error: page.goto: net::ERR_CONNECTION_REFUSED at http://localhost:4000/contact
    Call log:
      - navigating to "http://localhost:4000/contact", waiting until "load"


       at helpers/page-helpers.ts:13

      11 |
      12 |   async navigate(path: string) {
    > 13 |     await this.page.goto(path);
         |                     ^
      14 |     await this.page.waitForLoadState("networkidle");
      15 |   }
      16 |
        at BasePage.navigate (/home/tbaltzakis/cloudless.gr/e2e/helpers/page-helpers.ts:13:21)
        at /home/tbaltzakis/cloudless.gr/e2e/ui/pages/contact.spec.ts:19:16

    attachment #1: screenshot (image/png) ──────────────────────────────────────────────────────────
    test-results/ui-pages-contact-Contact-P-8d7cc-should-navigate-to-services-chromium-retry1/test-failed-1.png
    ────────────────────────────────────────────────────────────────────────────────────────────────

    attachment #2: video (video/webm) ──────────────────────────────────────────────────────────────
    test-results/ui-pages-contact-Contact-P-8d7cc-should-navigate-to-services-chromium-retry1/video.webm
    ────────────────────────────────────────────────────────────────────────────────────────────────

    Error Context: test-results/ui-pages-contact-Contact-P-8d7cc-should-navigate-to-services-chromium-retry1/error-context.md

    attachment #4: trace (application/zip) ─────────────────────────────────────────────────────────
    test-results/ui-pages-contact-Contact-P-8d7cc-should-navigate-to-services-chromium-retry1/trace.zip
    Usage:

        npx playwright show-trace test-results/ui-pages-contact-Contact-P-8d7cc-should-navigate-to-services-chromium-retry1/trace.zip

    ────────────────────────────────────────────────────────────────────────────────────────────────

  320) [chromium] › e2e/ui/pages/contact.spec.ts:262:9 › Contact Page › Navigation › should navigate to store 

    Error: page.goto: net::ERR_CONNECTION_REFUSED at http://localhost:4000/contact
    Call log:
      - navigating to "http://localhost:4000/contact", waiting until "load"


       at helpers/page-helpers.ts:13

      11 |
      12 |   async navigate(path: string) {
    > 13 |     await this.page.goto(path);
         |                     ^
      14 |     await this.page.waitForLoadState("networkidle");
      15 |   }
      16 |
        at BasePage.navigate (/home/tbaltzakis/cloudless.gr/e2e/helpers/page-helpers.ts:13:21)
        at /home/tbaltzakis/cloudless.gr/e2e/ui/pages/contact.spec.ts:19:16

    attachment #1: screenshot (image/png) ──────────────────────────────────────────────────────────
    test-results/ui-pages-contact-Contact-P-6dc9e-on-should-navigate-to-store-chromium/test-failed-1.png
    ────────────────────────────────────────────────────────────────────────────────────────────────

    attachment #2: video (video/webm) ──────────────────────────────────────────────────────────────
    test-results/ui-pages-contact-Contact-P-6dc9e-on-should-navigate-to-store-chromium/video.webm
    ────────────────────────────────────────────────────────────────────────────────────────────────

    Error Context: test-results/ui-pages-contact-Contact-P-6dc9e-on-should-navigate-to-store-chromium/error-context.md

    Retry #1 ───────────────────────────────────────────────────────────────────────────────────────

    Error: page.goto: net::ERR_CONNECTION_REFUSED at http://localhost:4000/contact
    Call log:
      - navigating to "http://localhost:4000/contact", waiting until "load"


       at helpers/page-helpers.ts:13

      11 |
      12 |   async navigate(path: string) {
    > 13 |     await this.page.goto(path);
         |                     ^
      14 |     await this.page.waitForLoadState("networkidle");
      15 |   }
      16 |
        at BasePage.navigate (/home/tbaltzakis/cloudless.gr/e2e/helpers/page-helpers.ts:13:21)
        at /home/tbaltzakis/cloudless.gr/e2e/ui/pages/contact.spec.ts:19:16

    attachment #1: screenshot (image/png) ──────────────────────────────────────────────────────────
    test-results/ui-pages-contact-Contact-P-6dc9e-on-should-navigate-to-store-chromium-retry1/test-failed-1.png
    ────────────────────────────────────────────────────────────────────────────────────────────────

    attachment #2: video (video/webm) ──────────────────────────────────────────────────────────────
    test-results/ui-pages-contact-Contact-P-6dc9e-on-should-navigate-to-store-chromium-retry1/video.webm
    ────────────────────────────────────────────────────────────────────────────────────────────────

    Error Context: test-results/ui-pages-contact-Contact-P-6dc9e-on-should-navigate-to-store-chromium-retry1/error-context.md

    attachment #4: trace (application/zip) ─────────────────────────────────────────────────────────
    test-results/ui-pages-contact-Contact-P-6dc9e-on-should-navigate-to-store-chromium-retry1/trace.zip
    Usage:

        npx playwright show-trace test-results/ui-pages-contact-Contact-P-6dc9e-on-should-navigate-to-store-chromium-retry1/trace.zip

    ────────────────────────────────────────────────────────────────────────────────────────────────

  321) [chromium] › e2e/ui/pages/contact.spec.ts:270:9 › Contact Page › Navigation › should navigate to blog 

    Error: page.goto: net::ERR_CONNECTION_REFUSED at http://localhost:4000/contact
    Call log:
      - navigating to "http://localhost:4000/contact", waiting until "load"


       at helpers/page-helpers.ts:13

      11 |
      12 |   async navigate(path: string) {
    > 13 |     await this.page.goto(path);
         |                     ^
      14 |     await this.page.waitForLoadState("networkidle");
      15 |   }
      16 |
        at BasePage.navigate (/home/tbaltzakis/cloudless.gr/e2e/helpers/page-helpers.ts:13:21)
        at /home/tbaltzakis/cloudless.gr/e2e/ui/pages/contact.spec.ts:19:16

    attachment #1: screenshot (image/png) ──────────────────────────────────────────────────────────
    test-results/ui-pages-contact-Contact-P-28620-ion-should-navigate-to-blog-chromium/test-failed-1.png
    ────────────────────────────────────────────────────────────────────────────────────────────────

    attachment #2: video (video/webm) ──────────────────────────────────────────────────────────────
    test-results/ui-pages-contact-Contact-P-28620-ion-should-navigate-to-blog-chromium/video.webm
    ────────────────────────────────────────────────────────────────────────────────────────────────

    Error Context: test-results/ui-pages-contact-Contact-P-28620-ion-should-navigate-to-blog-chromium/error-context.md

    Retry #1 ───────────────────────────────────────────────────────────────────────────────────────

    Error: page.goto: net::ERR_CONNECTION_REFUSED at http://localhost:4000/contact
    Call log:
      - navigating to "http://localhost:4000/contact", waiting until "load"


       at helpers/page-helpers.ts:13

      11 |
      12 |   async navigate(path: string) {
    > 13 |     await this.page.goto(path);
         |                     ^
      14 |     await this.page.waitForLoadState("networkidle");
      15 |   }
      16 |
        at BasePage.navigate (/home/tbaltzakis/cloudless.gr/e2e/helpers/page-helpers.ts:13:21)
        at /home/tbaltzakis/cloudless.gr/e2e/ui/pages/contact.spec.ts:19:16

    attachment #1: screenshot (image/png) ──────────────────────────────────────────────────────────
    test-results/ui-pages-contact-Contact-P-28620-ion-should-navigate-to-blog-chromium-retry1/test-failed-1.png
    ────────────────────────────────────────────────────────────────────────────────────────────────

    attachment #2: video (video/webm) ──────────────────────────────────────────────────────────────
    test-results/ui-pages-contact-Contact-P-28620-ion-should-navigate-to-blog-chromium-retry1/video.webm
    ────────────────────────────────────────────────────────────────────────────────────────────────

    Error Context: test-results/ui-pages-contact-Contact-P-28620-ion-should-navigate-to-blog-chromium-retry1/error-context.md

    attachment #4: trace (application/zip) ─────────────────────────────────────────────────────────
    test-results/ui-pages-contact-Contact-P-28620-ion-should-navigate-to-blog-chromium-retry1/trace.zip
    Usage:

        npx playwright show-trace test-results/ui-pages-contact-Contact-P-28620-ion-should-navigate-to-blog-chromium-retry1/trace.zip

    ────────────────────────────────────────────────────────────────────────────────────────────────

  322) [chromium] › e2e/ui/pages/contact.spec.ts:280:9 › Contact Page › Accessibility › should have proper language attribute 

    Error: page.goto: net::ERR_CONNECTION_REFUSED at http://localhost:4000/contact
    Call log:
      - navigating to "http://localhost:4000/contact", waiting until "load"


       at helpers/page-helpers.ts:13

      11 |
      12 |   async navigate(path: string) {
    > 13 |     await this.page.goto(path);
         |                     ^
      14 |     await this.page.waitForLoadState("networkidle");
      15 |   }
      16 |
        at BasePage.navigate (/home/tbaltzakis/cloudless.gr/e2e/helpers/page-helpers.ts:13:21)
        at /home/tbaltzakis/cloudless.gr/e2e/ui/pages/contact.spec.ts:19:16

    attachment #1: screenshot (image/png) ──────────────────────────────────────────────────────────
    test-results/ui-pages-contact-Contact-P-ed9f0-e-proper-language-attribute-chromium/test-failed-1.png
    ────────────────────────────────────────────────────────────────────────────────────────────────

    attachment #2: video (video/webm) ──────────────────────────────────────────────────────────────
    test-results/ui-pages-contact-Contact-P-ed9f0-e-proper-language-attribute-chromium/video.webm
    ────────────────────────────────────────────────────────────────────────────────────────────────

    Error Context: test-results/ui-pages-contact-Contact-P-ed9f0-e-proper-language-attribute-chromium/error-context.md

    Retry #1 ───────────────────────────────────────────────────────────────────────────────────────

    Error: page.goto: net::ERR_CONNECTION_REFUSED at http://localhost:4000/contact
    Call log:
      - navigating to "http://localhost:4000/contact", waiting until "load"


       at helpers/page-helpers.ts:13

      11 |
      12 |   async navigate(path: string) {
    > 13 |     await this.page.goto(path);
         |                     ^
      14 |     await this.page.waitForLoadState("networkidle");
      15 |   }
      16 |
        at BasePage.navigate (/home/tbaltzakis/cloudless.gr/e2e/helpers/page-helpers.ts:13:21)
        at /home/tbaltzakis/cloudless.gr/e2e/ui/pages/contact.spec.ts:19:16

    attachment #1: screenshot (image/png) ──────────────────────────────────────────────────────────
    test-results/ui-pages-contact-Contact-P-ed9f0-e-proper-language-attribute-chromium-retry1/test-failed-1.png
    ────────────────────────────────────────────────────────────────────────────────────────────────

    attachment #2: video (video/webm) ──────────────────────────────────────────────────────────────
    test-results/ui-pages-contact-Contact-P-ed9f0-e-proper-language-attribute-chromium-retry1/video.webm
    ────────────────────────────────────────────────────────────────────────────────────────────────

    Error Context: test-results/ui-pages-contact-Contact-P-ed9f0-e-proper-language-attribute-chromium-retry1/error-context.md

    attachment #4: trace (application/zip) ─────────────────────────────────────────────────────────
    test-results/ui-pages-contact-Contact-P-ed9f0-e-proper-language-attribute-chromium-retry1/trace.zip
    Usage:

        npx playwright show-trace test-results/ui-pages-contact-Contact-P-ed9f0-e-proper-language-attribute-chromium-retry1/trace.zip

    ────────────────────────────────────────────────────────────────────────────────────────────────

  323) [chromium] › e2e/ui/pages/contact.spec.ts:286:9 › Contact Page › Accessibility › should have accessible form labels 

    Error: page.goto: net::ERR_CONNECTION_REFUSED at http://localhost:4000/contact
    Call log:
      - navigating to "http://localhost:4000/contact", waiting until "load"


       at helpers/page-helpers.ts:13

      11 |
      12 |   async navigate(path: string) {
    > 13 |     await this.page.goto(path);
         |                     ^
      14 |     await this.page.waitForLoadState("networkidle");
      15 |   }
      16 |
        at BasePage.navigate (/home/tbaltzakis/cloudless.gr/e2e/helpers/page-helpers.ts:13:21)
        at /home/tbaltzakis/cloudless.gr/e2e/ui/pages/contact.spec.ts:19:16

    attachment #1: screenshot (image/png) ──────────────────────────────────────────────────────────
    test-results/ui-pages-contact-Contact-P-16fba-have-accessible-form-labels-chromium/test-failed-1.png
    ────────────────────────────────────────────────────────────────────────────────────────────────

    attachment #2: video (video/webm) ──────────────────────────────────────────────────────────────
    test-results/ui-pages-contact-Contact-P-16fba-have-accessible-form-labels-chromium/video.webm
    ────────────────────────────────────────────────────────────────────────────────────────────────

    Error Context: test-results/ui-pages-contact-Contact-P-16fba-have-accessible-form-labels-chromium/error-context.md

    Retry #1 ───────────────────────────────────────────────────────────────────────────────────────

    Error: page.goto: net::ERR_CONNECTION_REFUSED at http://localhost:4000/contact
    Call log:
      - navigating to "http://localhost:4000/contact", waiting until "load"


       at helpers/page-helpers.ts:13

      11 |
      12 |   async navigate(path: string) {
    > 13 |     await this.page.goto(path);
         |                     ^
      14 |     await this.page.waitForLoadState("networkidle");
      15 |   }
      16 |
        at BasePage.navigate (/home/tbaltzakis/cloudless.gr/e2e/helpers/page-helpers.ts:13:21)
        at /home/tbaltzakis/cloudless.gr/e2e/ui/pages/contact.spec.ts:19:16

    attachment #1: screenshot (image/png) ──────────────────────────────────────────────────────────
    test-results/ui-pages-contact-Contact-P-16fba-have-accessible-form-labels-chromium-retry1/test-failed-1.png
    ────────────────────────────────────────────────────────────────────────────────────────────────

    attachment #2: video (video/webm) ──────────────────────────────────────────────────────────────
    test-results/ui-pages-contact-Contact-P-16fba-have-accessible-form-labels-chromium-retry1/video.webm
    ────────────────────────────────────────────────────────────────────────────────────────────────

    Error Context: test-results/ui-pages-contact-Contact-P-16fba-have-accessible-form-labels-chromium-retry1/error-context.md

    attachment #4: trace (application/zip) ─────────────────────────────────────────────────────────
    test-results/ui-pages-contact-Contact-P-16fba-have-accessible-form-labels-chromium-retry1/trace.zip
    Usage:

        npx playwright show-trace test-results/ui-pages-contact-Contact-P-16fba-have-accessible-form-labels-chromium-retry1/trace.zip

    ────────────────────────────────────────────────────────────────────────────────────────────────

  324) [chromium] › e2e/ui/pages/contact.spec.ts:318:9 › Contact Page › Accessibility › should have accessible buttons 

    Error: page.goto: net::ERR_CONNECTION_REFUSED at http://localhost:4000/contact
    Call log:
      - navigating to "http://localhost:4000/contact", waiting until "load"


       at helpers/page-helpers.ts:13

      11 |
      12 |   async navigate(path: string) {
    > 13 |     await this.page.goto(path);
         |                     ^
      14 |     await this.page.waitForLoadState("networkidle");
      15 |   }
      16 |
        at BasePage.navigate (/home/tbaltzakis/cloudless.gr/e2e/helpers/page-helpers.ts:13:21)
        at /home/tbaltzakis/cloudless.gr/e2e/ui/pages/contact.spec.ts:19:16

    attachment #1: screenshot (image/png) ──────────────────────────────────────────────────────────
    test-results/ui-pages-contact-Contact-P-724d1-uld-have-accessible-buttons-chromium/test-failed-1.png
    ────────────────────────────────────────────────────────────────────────────────────────────────

    attachment #2: video (video/webm) ──────────────────────────────────────────────────────────────
    test-results/ui-pages-contact-Contact-P-724d1-uld-have-accessible-buttons-chromium/video.webm
    ────────────────────────────────────────────────────────────────────────────────────────────────

    Error Context: test-results/ui-pages-contact-Contact-P-724d1-uld-have-accessible-buttons-chromium/error-context.md

    Retry #1 ───────────────────────────────────────────────────────────────────────────────────────

    Error: page.goto: net::ERR_CONNECTION_REFUSED at http://localhost:4000/contact
    Call log:
      - navigating to "http://localhost:4000/contact", waiting until "load"


       at helpers/page-helpers.ts:13

      11 |
      12 |   async navigate(path: string) {
    > 13 |     await this.page.goto(path);
         |                     ^
      14 |     await this.page.waitForLoadState("networkidle");
      15 |   }
      16 |
        at BasePage.navigate (/home/tbaltzakis/cloudless.gr/e2e/helpers/page-helpers.ts:13:21)
        at /home/tbaltzakis/cloudless.gr/e2e/ui/pages/contact.spec.ts:19:16

    attachment #1: screenshot (image/png) ──────────────────────────────────────────────────────────
    test-results/ui-pages-contact-Contact-P-724d1-uld-have-accessible-buttons-chromium-retry1/test-failed-1.png
    ────────────────────────────────────────────────────────────────────────────────────────────────

    attachment #2: video (video/webm) ──────────────────────────────────────────────────────────────
    test-results/ui-pages-contact-Contact-P-724d1-uld-have-accessible-buttons-chromium-retry1/video.webm
    ────────────────────────────────────────────────────────────────────────────────────────────────

    Error Context: test-results/ui-pages-contact-Contact-P-724d1-uld-have-accessible-buttons-chromium-retry1/error-context.md

    attachment #4: trace (application/zip) ─────────────────────────────────────────────────────────
    test-results/ui-pages-contact-Contact-P-724d1-uld-have-accessible-buttons-chromium-retry1/trace.zip
    Usage:

        npx playwright show-trace test-results/ui-pages-contact-Contact-P-724d1-uld-have-accessible-buttons-chromium-retry1/trace.zip

    ────────────────────────────────────────────────────────────────────────────────────────────────

  325) [chromium] › e2e/ui/pages/contact.spec.ts:338:9 › Contact Page › Accessibility › should have sufficient color contrast for form elements 

    Error: page.goto: net::ERR_CONNECTION_REFUSED at http://localhost:4000/contact
    Call log:
      - navigating to "http://localhost:4000/contact", waiting until "load"


       at helpers/page-helpers.ts:13

      11 |
      12 |   async navigate(path: string) {
    > 13 |     await this.page.goto(path);
         |                     ^
      14 |     await this.page.waitForLoadState("networkidle");
      15 |   }
      16 |
        at BasePage.navigate (/home/tbaltzakis/cloudless.gr/e2e/helpers/page-helpers.ts:13:21)
        at /home/tbaltzakis/cloudless.gr/e2e/ui/pages/contact.spec.ts:19:16

    attachment #1: screenshot (image/png) ──────────────────────────────────────────────────────────
    test-results/ui-pages-contact-Contact-P-352e0--contrast-for-form-elements-chromium/test-failed-1.png
    ────────────────────────────────────────────────────────────────────────────────────────────────

    attachment #2: video (video/webm) ──────────────────────────────────────────────────────────────
    test-results/ui-pages-contact-Contact-P-352e0--contrast-for-form-elements-chromium/video.webm
    ────────────────────────────────────────────────────────────────────────────────────────────────

    Error Context: test-results/ui-pages-contact-Contact-P-352e0--contrast-for-form-elements-chromium/error-context.md

    Retry #1 ───────────────────────────────────────────────────────────────────────────────────────

    Error: page.goto: net::ERR_CONNECTION_REFUSED at http://localhost:4000/contact
    Call log:
      - navigating to "http://localhost:4000/contact", waiting until "load"


       at helpers/page-helpers.ts:13

      11 |
      12 |   async navigate(path: string) {
    > 13 |     await this.page.goto(path);
         |                     ^
      14 |     await this.page.waitForLoadState("networkidle");
      15 |   }
      16 |
        at BasePage.navigate (/home/tbaltzakis/cloudless.gr/e2e/helpers/page-helpers.ts:13:21)
        at /home/tbaltzakis/cloudless.gr/e2e/ui/pages/contact.spec.ts:19:16

    attachment #1: screenshot (image/png) ──────────────────────────────────────────────────────────
    test-results/ui-pages-contact-Contact-P-352e0--contrast-for-form-elements-chromium-retry1/test-failed-1.png
    ────────────────────────────────────────────────────────────────────────────────────────────────

    attachment #2: video (video/webm) ──────────────────────────────────────────────────────────────
    test-results/ui-pages-contact-Contact-P-352e0--contrast-for-form-elements-chromium-retry1/video.webm
    ────────────────────────────────────────────────────────────────────────────────────────────────

    Error Context: test-results/ui-pages-contact-Contact-P-352e0--contrast-for-form-elements-chromium-retry1/error-context.md

    attachment #4: trace (application/zip) ─────────────────────────────────────────────────────────
    test-results/ui-pages-contact-Contact-P-352e0--contrast-for-form-elements-chromium-retry1/trace.zip
    Usage:

        npx playwright show-trace test-results/ui-pages-contact-Contact-P-352e0--contrast-for-form-elements-chromium-retry1/trace.zip

    ────────────────────────────────────────────────────────────────────────────────────────────────

  326) [chromium] › e2e/ui/pages/contact.spec.ts:357:9 › Contact Page › Performance › should load within reasonable time 

    Error: page.goto: net::ERR_CONNECTION_REFUSED at http://localhost:4000/contact
    Call log:
      - navigating to "http://localhost:4000/contact", waiting until "load"


       at helpers/page-helpers.ts:13

      11 |
      12 |   async navigate(path: string) {
    > 13 |     await this.page.goto(path);
         |                     ^
      14 |     await this.page.waitForLoadState("networkidle");
      15 |   }
      16 |
        at BasePage.navigate (/home/tbaltzakis/cloudless.gr/e2e/helpers/page-helpers.ts:13:21)
        at /home/tbaltzakis/cloudless.gr/e2e/ui/pages/contact.spec.ts:19:16

    attachment #1: screenshot (image/png) ──────────────────────────────────────────────────────────
    test-results/ui-pages-contact-Contact-P-56d72-load-within-reasonable-time-chromium/test-failed-1.png
    ────────────────────────────────────────────────────────────────────────────────────────────────

    attachment #2: video (video/webm) ──────────────────────────────────────────────────────────────
    test-results/ui-pages-contact-Contact-P-56d72-load-within-reasonable-time-chromium/video.webm
    ────────────────────────────────────────────────────────────────────────────────────────────────

    Error Context: test-results/ui-pages-contact-Contact-P-56d72-load-within-reasonable-time-chromium/error-context.md

    Retry #1 ───────────────────────────────────────────────────────────────────────────────────────

    Error: page.goto: net::ERR_CONNECTION_REFUSED at http://localhost:4000/contact
    Call log:
      - navigating to "http://localhost:4000/contact", waiting until "load"


       at helpers/page-helpers.ts:13

      11 |
      12 |   async navigate(path: string) {
    > 13 |     await this.page.goto(path);
         |                     ^
      14 |     await this.page.waitForLoadState("networkidle");
      15 |   }
      16 |
        at BasePage.navigate (/home/tbaltzakis/cloudless.gr/e2e/helpers/page-helpers.ts:13:21)
        at /home/tbaltzakis/cloudless.gr/e2e/ui/pages/contact.spec.ts:19:16

    attachment #1: screenshot (image/png) ──────────────────────────────────────────────────────────
    test-results/ui-pages-contact-Contact-P-56d72-load-within-reasonable-time-chromium-retry1/test-failed-1.png
    ────────────────────────────────────────────────────────────────────────────────────────────────

    attachment #2: video (video/webm) ──────────────────────────────────────────────────────────────
    test-results/ui-pages-contact-Contact-P-56d72-load-within-reasonable-time-chromium-retry1/video.webm
    ────────────────────────────────────────────────────────────────────────────────────────────────

    Error Context: test-results/ui-pages-contact-Contact-P-56d72-load-within-reasonable-time-chromium-retry1/error-context.md

    attachment #4: trace (application/zip) ─────────────────────────────────────────────────────────
    test-results/ui-pages-contact-Contact-P-56d72-load-within-reasonable-time-chromium-retry1/trace.zip
    Usage:

        npx playwright show-trace test-results/ui-pages-contact-Contact-P-56d72-load-within-reasonable-time-chromium-retry1/trace.zip

    ────────────────────────────────────────────────────────────────────────────────────────────────

  327) [chromium] › e2e/ui/pages/dashboard.spec.ts:26:7 › Dashboard Page › should load successfully 

    Error: page.goto: net::ERR_CONNECTION_REFUSED at http://localhost:4000/auth/login
    Call log:
      - navigating to "http://localhost:4000/auth/login", waiting until "load"


       at helpers/page-helpers.ts:77

      75 |
      76 |     // Fallback: UI-based login
    > 77 |     await this.page.goto("/auth/login");
         |                     ^
      78 |     await this.page.waitForSelector("form", { timeout: 5_000 });
      79 |     
      80 |     const emailInput = this.page.locator('input[name="email"], input[name="username"], input[type="email"]').first();
        at AuthenticatedPage.loginViaApi (/home/tbaltzakis/cloudless.gr/e2e/helpers/page-helpers.ts:77:21)
        at /home/tbaltzakis/cloudless.gr/e2e/ui/pages/dashboard.spec.ts:21:5

    attachment #1: screenshot (image/png) ──────────────────────────────────────────────────────────
    test-results/ui-pages-dashboard-Dashboard-Page-should-load-successfully-chromium/test-failed-1.png
    ────────────────────────────────────────────────────────────────────────────────────────────────

    attachment #2: video (video/webm) ──────────────────────────────────────────────────────────────
    test-results/ui-pages-dashboard-Dashboard-Page-should-load-successfully-chromium/video.webm
    ────────────────────────────────────────────────────────────────────────────────────────────────

    Error Context: test-results/ui-pages-dashboard-Dashboard-Page-should-load-successfully-chromium/error-context.md

    Retry #1 ───────────────────────────────────────────────────────────────────────────────────────

    Error: page.goto: net::ERR_CONNECTION_REFUSED at http://localhost:4000/auth/login
    Call log:
      - navigating to "http://localhost:4000/auth/login", waiting until "load"


       at helpers/page-helpers.ts:77

      75 |
      76 |     // Fallback: UI-based login
    > 77 |     await this.page.goto("/auth/login");
         |                     ^
      78 |     await this.page.waitForSelector("form", { timeout: 5_000 });
      79 |     
      80 |     const emailInput = this.page.locator('input[name="email"], input[name="username"], input[type="email"]').first();
        at AuthenticatedPage.loginViaApi (/home/tbaltzakis/cloudless.gr/e2e/helpers/page-helpers.ts:77:21)
        at /home/tbaltzakis/cloudless.gr/e2e/ui/pages/dashboard.spec.ts:21:5

    attachment #1: screenshot (image/png) ──────────────────────────────────────────────────────────
    test-results/ui-pages-dashboard-Dashboard-Page-should-load-successfully-chromium-retry1/test-failed-1.png
    ────────────────────────────────────────────────────────────────────────────────────────────────

    attachment #2: video (video/webm) ──────────────────────────────────────────────────────────────
    test-results/ui-pages-dashboard-Dashboard-Page-should-load-successfully-chromium-retry1/video.webm
    ────────────────────────────────────────────────────────────────────────────────────────────────

    Error Context: test-results/ui-pages-dashboard-Dashboard-Page-should-load-successfully-chromium-retry1/error-context.md

    attachment #4: trace (application/zip) ─────────────────────────────────────────────────────────
    test-results/ui-pages-dashboard-Dashboard-Page-should-load-successfully-chromium-retry1/trace.zip
    Usage:

        npx playwright show-trace test-results/ui-pages-dashboard-Dashboard-Page-should-load-successfully-chromium-retry1/trace.zip

    ────────────────────────────────────────────────────────────────────────────────────────────────

  328) [chromium] › e2e/ui/pages/dashboard.spec.ts:34:7 › Dashboard Page › should show user information 

    Error: page.goto: net::ERR_CONNECTION_REFUSED at http://localhost:4000/auth/login
    Call log:
      - navigating to "http://localhost:4000/auth/login", waiting until "load"


       at helpers/page-helpers.ts:77

      75 |
      76 |     // Fallback: UI-based login
    > 77 |     await this.page.goto("/auth/login");
         |                     ^
      78 |     await this.page.waitForSelector("form", { timeout: 5_000 });
      79 |     
      80 |     const emailInput = this.page.locator('input[name="email"], input[name="username"], input[type="email"]').first();
        at AuthenticatedPage.loginViaApi (/home/tbaltzakis/cloudless.gr/e2e/helpers/page-helpers.ts:77:21)
        at /home/tbaltzakis/cloudless.gr/e2e/ui/pages/dashboard.spec.ts:21:5

    attachment #1: screenshot (image/png) ──────────────────────────────────────────────────────────
    test-results/ui-pages-dashboard-Dashboa-e19b1-hould-show-user-information-chromium/test-failed-1.png
    ────────────────────────────────────────────────────────────────────────────────────────────────

    attachment #2: video (video/webm) ──────────────────────────────────────────────────────────────
    test-results/ui-pages-dashboard-Dashboa-e19b1-hould-show-user-information-chromium/video.webm
    ────────────────────────────────────────────────────────────────────────────────────────────────

    Error Context: test-results/ui-pages-dashboard-Dashboa-e19b1-hould-show-user-information-chromium/error-context.md

    Retry #1 ───────────────────────────────────────────────────────────────────────────────────────

    Error: page.goto: net::ERR_CONNECTION_REFUSED at http://localhost:4000/auth/login
    Call log:
      - navigating to "http://localhost:4000/auth/login", waiting until "load"


       at helpers/page-helpers.ts:77

      75 |
      76 |     // Fallback: UI-based login
    > 77 |     await this.page.goto("/auth/login");
         |                     ^
      78 |     await this.page.waitForSelector("form", { timeout: 5_000 });
      79 |     
      80 |     const emailInput = this.page.locator('input[name="email"], input[name="username"], input[type="email"]').first();
        at AuthenticatedPage.loginViaApi (/home/tbaltzakis/cloudless.gr/e2e/helpers/page-helpers.ts:77:21)
        at /home/tbaltzakis/cloudless.gr/e2e/ui/pages/dashboard.spec.ts:21:5

    attachment #1: screenshot (image/png) ──────────────────────────────────────────────────────────
    test-results/ui-pages-dashboard-Dashboa-e19b1-hould-show-user-information-chromium-retry1/test-failed-1.png
    ────────────────────────────────────────────────────────────────────────────────────────────────

    attachment #2: video (video/webm) ──────────────────────────────────────────────────────────────
    test-results/ui-pages-dashboard-Dashboa-e19b1-hould-show-user-information-chromium-retry1/video.webm
    ────────────────────────────────────────────────────────────────────────────────────────────────

    Error Context: test-results/ui-pages-dashboard-Dashboa-e19b1-hould-show-user-information-chromium-retry1/error-context.md

    attachment #4: trace (application/zip) ─────────────────────────────────────────────────────────
    test-results/ui-pages-dashboard-Dashboa-e19b1-hould-show-user-information-chromium-retry1/trace.zip
    Usage:

        npx playwright show-trace test-results/ui-pages-dashboard-Dashboa-e19b1-hould-show-user-information-chromium-retry1/trace.zip

    ────────────────────────────────────────────────────────────────────────────────────────────────

  329) [chromium] › e2e/ui/pages/dashboard.spec.ts:40:7 › Dashboard Page › should have navigation sidebar 

    Error: page.goto: net::ERR_CONNECTION_REFUSED at http://localhost:4000/auth/login
    Call log:
      - navigating to "http://localhost:4000/auth/login", waiting until "load"


       at helpers/page-helpers.ts:77

      75 |
      76 |     // Fallback: UI-based login
    > 77 |     await this.page.goto("/auth/login");
         |                     ^
      78 |     await this.page.waitForSelector("form", { timeout: 5_000 });
      79 |     
      80 |     const emailInput = this.page.locator('input[name="email"], input[name="username"], input[type="email"]').first();
        at AuthenticatedPage.loginViaApi (/home/tbaltzakis/cloudless.gr/e2e/helpers/page-helpers.ts:77:21)
        at /home/tbaltzakis/cloudless.gr/e2e/ui/pages/dashboard.spec.ts:21:5

    attachment #1: screenshot (image/png) ──────────────────────────────────────────────────────────
    test-results/ui-pages-dashboard-Dashboa-fc7e7-uld-have-navigation-sidebar-chromium/test-failed-1.png
    ────────────────────────────────────────────────────────────────────────────────────────────────

    attachment #2: video (video/webm) ──────────────────────────────────────────────────────────────
    test-results/ui-pages-dashboard-Dashboa-fc7e7-uld-have-navigation-sidebar-chromium/video.webm
    ────────────────────────────────────────────────────────────────────────────────────────────────

    Error Context: test-results/ui-pages-dashboard-Dashboa-fc7e7-uld-have-navigation-sidebar-chromium/error-context.md

    Retry #1 ───────────────────────────────────────────────────────────────────────────────────────

    Error: page.goto: net::ERR_CONNECTION_REFUSED at http://localhost:4000/auth/login
    Call log:
      - navigating to "http://localhost:4000/auth/login", waiting until "load"


       at helpers/page-helpers.ts:77

      75 |
      76 |     // Fallback: UI-based login
    > 77 |     await this.page.goto("/auth/login");
         |                     ^
      78 |     await this.page.waitForSelector("form", { timeout: 5_000 });
      79 |     
      80 |     const emailInput = this.page.locator('input[name="email"], input[name="username"], input[type="email"]').first();
        at AuthenticatedPage.loginViaApi (/home/tbaltzakis/cloudless.gr/e2e/helpers/page-helpers.ts:77:21)
        at /home/tbaltzakis/cloudless.gr/e2e/ui/pages/dashboard.spec.ts:21:5

    attachment #1: screenshot (image/png) ──────────────────────────────────────────────────────────
    test-results/ui-pages-dashboard-Dashboa-fc7e7-uld-have-navigation-sidebar-chromium-retry1/test-failed-1.png
    ────────────────────────────────────────────────────────────────────────────────────────────────

    attachment #2: video (video/webm) ──────────────────────────────────────────────────────────────
    test-results/ui-pages-dashboard-Dashboa-fc7e7-uld-have-navigation-sidebar-chromium-retry1/video.webm
    ────────────────────────────────────────────────────────────────────────────────────────────────

    Error Context: test-results/ui-pages-dashboard-Dashboa-fc7e7-uld-have-navigation-sidebar-chromium-retry1/error-context.md

    attachment #4: trace (application/zip) ─────────────────────────────────────────────────────────
    test-results/ui-pages-dashboard-Dashboa-fc7e7-uld-have-navigation-sidebar-chromium-retry1/trace.zip
    Usage:

        npx playwright show-trace test-results/ui-pages-dashboard-Dashboa-fc7e7-uld-have-navigation-sidebar-chromium-retry1/trace.zip

    ────────────────────────────────────────────────────────────────────────────────────────────────

  330) [chromium] › e2e/ui/pages/dashboard.spec.ts:51:7 › Dashboard Page › should have main content area 

    Error: page.goto: net::ERR_CONNECTION_REFUSED at http://localhost:4000/auth/login
    Call log:
      - navigating to "http://localhost:4000/auth/login", waiting until "load"


       at helpers/page-helpers.ts:77

      75 |
      76 |     // Fallback: UI-based login
    > 77 |     await this.page.goto("/auth/login");
         |                     ^
      78 |     await this.page.waitForSelector("form", { timeout: 5_000 });
      79 |     
      80 |     const emailInput = this.page.locator('input[name="email"], input[name="username"], input[type="email"]').first();
        at AuthenticatedPage.loginViaApi (/home/tbaltzakis/cloudless.gr/e2e/helpers/page-helpers.ts:77:21)
        at /home/tbaltzakis/cloudless.gr/e2e/ui/pages/dashboard.spec.ts:21:5

    attachment #1: screenshot (image/png) ──────────────────────────────────────────────────────────
    test-results/ui-pages-dashboard-Dashboa-3f099-ould-have-main-content-area-chromium/test-failed-1.png
    ────────────────────────────────────────────────────────────────────────────────────────────────

    attachment #2: video (video/webm) ──────────────────────────────────────────────────────────────
    test-results/ui-pages-dashboard-Dashboa-3f099-ould-have-main-content-area-chromium/video.webm
    ────────────────────────────────────────────────────────────────────────────────────────────────

    Error Context: test-results/ui-pages-dashboard-Dashboa-3f099-ould-have-main-content-area-chromium/error-context.md

    Retry #1 ───────────────────────────────────────────────────────────────────────────────────────

    Error: page.goto: net::ERR_CONNECTION_REFUSED at http://localhost:4000/auth/login
    Call log:
      - navigating to "http://localhost:4000/auth/login", waiting until "load"


       at helpers/page-helpers.ts:77

      75 |
      76 |     // Fallback: UI-based login
    > 77 |     await this.page.goto("/auth/login");
         |                     ^
      78 |     await this.page.waitForSelector("form", { timeout: 5_000 });
      79 |     
      80 |     const emailInput = this.page.locator('input[name="email"], input[name="username"], input[type="email"]').first();
        at AuthenticatedPage.loginViaApi (/home/tbaltzakis/cloudless.gr/e2e/helpers/page-helpers.ts:77:21)
        at /home/tbaltzakis/cloudless.gr/e2e/ui/pages/dashboard.spec.ts:21:5

    attachment #1: screenshot (image/png) ──────────────────────────────────────────────────────────
    test-results/ui-pages-dashboard-Dashboa-3f099-ould-have-main-content-area-chromium-retry1/test-failed-1.png
    ────────────────────────────────────────────────────────────────────────────────────────────────

    attachment #2: video (video/webm) ──────────────────────────────────────────────────────────────
    test-results/ui-pages-dashboard-Dashboa-3f099-ould-have-main-content-area-chromium-retry1/video.webm
    ────────────────────────────────────────────────────────────────────────────────────────────────

    Error Context: test-results/ui-pages-dashboard-Dashboa-3f099-ould-have-main-content-area-chromium-retry1/error-context.md

    attachment #4: trace (application/zip) ─────────────────────────────────────────────────────────
    test-results/ui-pages-dashboard-Dashboa-3f099-ould-have-main-content-area-chromium-retry1/trace.zip
    Usage:

        npx playwright show-trace test-results/ui-pages-dashboard-Dashboa-3f099-ould-have-main-content-area-chromium-retry1/trace.zip

    ────────────────────────────────────────────────────────────────────────────────────────────────

  331) [chromium] › e2e/ui/pages/dashboard.spec.ts:56:7 › Dashboard Page › should show overview widgets or cards 

    Error: page.goto: net::ERR_CONNECTION_REFUSED at http://localhost:4000/auth/login
    Call log:
      - navigating to "http://localhost:4000/auth/login", waiting until "load"


       at helpers/page-helpers.ts:77

      75 |
      76 |     // Fallback: UI-based login
    > 77 |     await this.page.goto("/auth/login");
         |                     ^
      78 |     await this.page.waitForSelector("form", { timeout: 5_000 });
      79 |     
      80 |     const emailInput = this.page.locator('input[name="email"], input[name="username"], input[type="email"]').first();
        at AuthenticatedPage.loginViaApi (/home/tbaltzakis/cloudless.gr/e2e/helpers/page-helpers.ts:77:21)
        at /home/tbaltzakis/cloudless.gr/e2e/ui/pages/dashboard.spec.ts:21:5

    attachment #1: screenshot (image/png) ──────────────────────────────────────────────────────────
    test-results/ui-pages-dashboard-Dashboa-0c678-w-overview-widgets-or-cards-chromium/test-failed-1.png
    ────────────────────────────────────────────────────────────────────────────────────────────────

    attachment #2: video (video/webm) ──────────────────────────────────────────────────────────────
    test-results/ui-pages-dashboard-Dashboa-0c678-w-overview-widgets-or-cards-chromium/video.webm
    ────────────────────────────────────────────────────────────────────────────────────────────────

    Error Context: test-results/ui-pages-dashboard-Dashboa-0c678-w-overview-widgets-or-cards-chromium/error-context.md

    Retry #1 ───────────────────────────────────────────────────────────────────────────────────────

    Error: page.goto: net::ERR_CONNECTION_REFUSED at http://localhost:4000/auth/login
    Call log:
      - navigating to "http://localhost:4000/auth/login", waiting until "load"


       at helpers/page-helpers.ts:77

      75 |
      76 |     // Fallback: UI-based login
    > 77 |     await this.page.goto("/auth/login");
         |                     ^
      78 |     await this.page.waitForSelector("form", { timeout: 5_000 });
      79 |     
      80 |     const emailInput = this.page.locator('input[name="email"], input[name="username"], input[type="email"]').first();
        at AuthenticatedPage.loginViaApi (/home/tbaltzakis/cloudless.gr/e2e/helpers/page-helpers.ts:77:21)
        at /home/tbaltzakis/cloudless.gr/e2e/ui/pages/dashboard.spec.ts:21:5

    attachment #1: screenshot (image/png) ──────────────────────────────────────────────────────────
    test-results/ui-pages-dashboard-Dashboa-0c678-w-overview-widgets-or-cards-chromium-retry1/test-failed-1.png
    ────────────────────────────────────────────────────────────────────────────────────────────────

    attachment #2: video (video/webm) ──────────────────────────────────────────────────────────────
    test-results/ui-pages-dashboard-Dashboa-0c678-w-overview-widgets-or-cards-chromium-retry1/video.webm
    ────────────────────────────────────────────────────────────────────────────────────────────────

    Error Context: test-results/ui-pages-dashboard-Dashboa-0c678-w-overview-widgets-or-cards-chromium-retry1/error-context.md

    attachment #4: trace (application/zip) ─────────────────────────────────────────────────────────
    test-results/ui-pages-dashboard-Dashboa-0c678-w-overview-widgets-or-cards-chromium-retry1/trace.zip
    Usage:

        npx playwright show-trace test-results/ui-pages-dashboard-Dashboa-0c678-w-overview-widgets-or-cards-chromium-retry1/trace.zip

    ────────────────────────────────────────────────────────────────────────────────────────────────

  332) [chromium] › e2e/ui/pages/dashboard.spec.ts:74:7 › Dashboard Page › should show recent activity or orders 

    Error: page.goto: net::ERR_CONNECTION_REFUSED at http://localhost:4000/auth/login
    Call log:
      - navigating to "http://localhost:4000/auth/login", waiting until "load"


       at helpers/page-helpers.ts:77

      75 |
      76 |     // Fallback: UI-based login
    > 77 |     await this.page.goto("/auth/login");
         |                     ^
      78 |     await this.page.waitForSelector("form", { timeout: 5_000 });
      79 |     
      80 |     const emailInput = this.page.locator('input[name="email"], input[name="username"], input[type="email"]').first();
        at AuthenticatedPage.loginViaApi (/home/tbaltzakis/cloudless.gr/e2e/helpers/page-helpers.ts:77:21)
        at /home/tbaltzakis/cloudless.gr/e2e/ui/pages/dashboard.spec.ts:21:5

    attachment #1: screenshot (image/png) ──────────────────────────────────────────────────────────
    test-results/ui-pages-dashboard-Dashboa-0d695-w-recent-activity-or-orders-chromium/test-failed-1.png
    ────────────────────────────────────────────────────────────────────────────────────────────────

    attachment #2: video (video/webm) ──────────────────────────────────────────────────────────────
    test-results/ui-pages-dashboard-Dashboa-0d695-w-recent-activity-or-orders-chromium/video.webm
    ────────────────────────────────────────────────────────────────────────────────────────────────

    Error Context: test-results/ui-pages-dashboard-Dashboa-0d695-w-recent-activity-or-orders-chromium/error-context.md

    Retry #1 ───────────────────────────────────────────────────────────────────────────────────────

    Error: page.goto: net::ERR_CONNECTION_REFUSED at http://localhost:4000/auth/login
    Call log:
      - navigating to "http://localhost:4000/auth/login", waiting until "load"


       at helpers/page-helpers.ts:77

      75 |
      76 |     // Fallback: UI-based login
    > 77 |     await this.page.goto("/auth/login");
         |                     ^
      78 |     await this.page.waitForSelector("form", { timeout: 5_000 });
      79 |     
      80 |     const emailInput = this.page.locator('input[name="email"], input[name="username"], input[type="email"]').first();
        at AuthenticatedPage.loginViaApi (/home/tbaltzakis/cloudless.gr/e2e/helpers/page-helpers.ts:77:21)
        at /home/tbaltzakis/cloudless.gr/e2e/ui/pages/dashboard.spec.ts:21:5

    attachment #1: screenshot (image/png) ──────────────────────────────────────────────────────────
    test-results/ui-pages-dashboard-Dashboa-0d695-w-recent-activity-or-orders-chromium-retry1/test-failed-1.png
    ────────────────────────────────────────────────────────────────────────────────────────────────

    attachment #2: video (video/webm) ──────────────────────────────────────────────────────────────
    test-results/ui-pages-dashboard-Dashboa-0d695-w-recent-activity-or-orders-chromium-retry1/video.webm
    ────────────────────────────────────────────────────────────────────────────────────────────────

    Error Context: test-results/ui-pages-dashboard-Dashboa-0d695-w-recent-activity-or-orders-chromium-retry1/error-context.md

    attachment #4: trace (application/zip) ─────────────────────────────────────────────────────────
    test-results/ui-pages-dashboard-Dashboa-0d695-w-recent-activity-or-orders-chromium-retry1/trace.zip
    Usage:

        npx playwright show-trace test-results/ui-pages-dashboard-Dashboa-0d695-w-recent-activity-or-orders-chromium-retry1/trace.zip

    ────────────────────────────────────────────────────────────────────────────────────────────────

  333) [chromium] › e2e/ui/pages/dashboard.spec.ts:90:9 › Dashboard Page › Navigation › should navigate to homepage 

    Error: page.goto: net::ERR_CONNECTION_REFUSED at http://localhost:4000/auth/login
    Call log:
      - navigating to "http://localhost:4000/auth/login", waiting until "load"


       at helpers/page-helpers.ts:77

      75 |
      76 |     // Fallback: UI-based login
    > 77 |     await this.page.goto("/auth/login");
         |                     ^
      78 |     await this.page.waitForSelector("form", { timeout: 5_000 });
      79 |     
      80 |     const emailInput = this.page.locator('input[name="email"], input[name="username"], input[type="email"]').first();
        at AuthenticatedPage.loginViaApi (/home/tbaltzakis/cloudless.gr/e2e/helpers/page-helpers.ts:77:21)
        at /home/tbaltzakis/cloudless.gr/e2e/ui/pages/dashboard.spec.ts:21:5

    attachment #1: screenshot (image/png) ──────────────────────────────────────────────────────────
    test-results/ui-pages-dashboard-Dashboa-28311-should-navigate-to-homepage-chromium/test-failed-1.png
    ────────────────────────────────────────────────────────────────────────────────────────────────

    attachment #2: video (video/webm) ──────────────────────────────────────────────────────────────
    test-results/ui-pages-dashboard-Dashboa-28311-should-navigate-to-homepage-chromium/video.webm
    ────────────────────────────────────────────────────────────────────────────────────────────────

    Error Context: test-results/ui-pages-dashboard-Dashboa-28311-should-navigate-to-homepage-chromium/error-context.md

    Retry #1 ───────────────────────────────────────────────────────────────────────────────────────

    Error: page.goto: net::ERR_CONNECTION_REFUSED at http://localhost:4000/auth/login
    Call log:
      - navigating to "http://localhost:4000/auth/login", waiting until "load"


       at helpers/page-helpers.ts:77

      75 |
      76 |     // Fallback: UI-based login
    > 77 |     await this.page.goto("/auth/login");
         |                     ^
      78 |     await this.page.waitForSelector("form", { timeout: 5_000 });
      79 |     
      80 |     const emailInput = this.page.locator('input[name="email"], input[name="username"], input[type="email"]').first();
        at AuthenticatedPage.loginViaApi (/home/tbaltzakis/cloudless.gr/e2e/helpers/page-helpers.ts:77:21)
        at /home/tbaltzakis/cloudless.gr/e2e/ui/pages/dashboard.spec.ts:21:5

    attachment #1: screenshot (image/png) ──────────────────────────────────────────────────────────
    test-results/ui-pages-dashboard-Dashboa-28311-should-navigate-to-homepage-chromium-retry1/test-failed-1.png
    ────────────────────────────────────────────────────────────────────────────────────────────────

    attachment #2: video (video/webm) ──────────────────────────────────────────────────────────────
    test-results/ui-pages-dashboard-Dashboa-28311-should-navigate-to-homepage-chromium-retry1/video.webm
    ────────────────────────────────────────────────────────────────────────────────────────────────

    Error Context: test-results/ui-pages-dashboard-Dashboa-28311-should-navigate-to-homepage-chromium-retry1/error-context.md

    attachment #4: trace (application/zip) ─────────────────────────────────────────────────────────
    test-results/ui-pages-dashboard-Dashboa-28311-should-navigate-to-homepage-chromium-retry1/trace.zip
    Usage:

        npx playwright show-trace test-results/ui-pages-dashboard-Dashboa-28311-should-navigate-to-homepage-chromium-retry1/trace.zip

    ────────────────────────────────────────────────────────────────────────────────────────────────

  334) [chromium] › e2e/ui/pages/dashboard.spec.ts:98:9 › Dashboard Page › Navigation › should navigate to services 

    Error: page.goto: net::ERR_CONNECTION_REFUSED at http://localhost:4000/auth/login
    Call log:
      - navigating to "http://localhost:4000/auth/login", waiting until "load"


       at helpers/page-helpers.ts:77

      75 |
      76 |     // Fallback: UI-based login
    > 77 |     await this.page.goto("/auth/login");
         |                     ^
      78 |     await this.page.waitForSelector("form", { timeout: 5_000 });
      79 |     
      80 |     const emailInput = this.page.locator('input[name="email"], input[name="username"], input[type="email"]').first();
        at AuthenticatedPage.loginViaApi (/home/tbaltzakis/cloudless.gr/e2e/helpers/page-helpers.ts:77:21)
        at /home/tbaltzakis/cloudless.gr/e2e/ui/pages/dashboard.spec.ts:21:5

    attachment #1: screenshot (image/png) ──────────────────────────────────────────────────────────
    test-results/ui-pages-dashboard-Dashboa-5b642-should-navigate-to-services-chromium/test-failed-1.png
    ────────────────────────────────────────────────────────────────────────────────────────────────

    attachment #2: video (video/webm) ──────────────────────────────────────────────────────────────
    test-results/ui-pages-dashboard-Dashboa-5b642-should-navigate-to-services-chromium/video.webm
    ────────────────────────────────────────────────────────────────────────────────────────────────

    Error Context: test-results/ui-pages-dashboard-Dashboa-5b642-should-navigate-to-services-chromium/error-context.md

    Retry #1 ───────────────────────────────────────────────────────────────────────────────────────

    Error: page.goto: net::ERR_CONNECTION_REFUSED at http://localhost:4000/auth/login
    Call log:
      - navigating to "http://localhost:4000/auth/login", waiting until "load"


       at helpers/page-helpers.ts:77

      75 |
      76 |     // Fallback: UI-based login
    > 77 |     await this.page.goto("/auth/login");
         |                     ^
      78 |     await this.page.waitForSelector("form", { timeout: 5_000 });
      79 |     
      80 |     const emailInput = this.page.locator('input[name="email"], input[name="username"], input[type="email"]').first();
        at AuthenticatedPage.loginViaApi (/home/tbaltzakis/cloudless.gr/e2e/helpers/page-helpers.ts:77:21)
        at /home/tbaltzakis/cloudless.gr/e2e/ui/pages/dashboard.spec.ts:21:5

    attachment #1: screenshot (image/png) ──────────────────────────────────────────────────────────
    test-results/ui-pages-dashboard-Dashboa-5b642-should-navigate-to-services-chromium-retry1/test-failed-1.png
    ────────────────────────────────────────────────────────────────────────────────────────────────

    attachment #2: video (video/webm) ──────────────────────────────────────────────────────────────
    test-results/ui-pages-dashboard-Dashboa-5b642-should-navigate-to-services-chromium-retry1/video.webm
    ────────────────────────────────────────────────────────────────────────────────────────────────

    Error Context: test-results/ui-pages-dashboard-Dashboa-5b642-should-navigate-to-services-chromium-retry1/error-context.md

    attachment #4: trace (application/zip) ─────────────────────────────────────────────────────────
    test-results/ui-pages-dashboard-Dashboa-5b642-should-navigate-to-services-chromium-retry1/trace.zip
    Usage:

        npx playwright show-trace test-results/ui-pages-dashboard-Dashboa-5b642-should-navigate-to-services-chromium-retry1/trace.zip

    ────────────────────────────────────────────────────────────────────────────────────────────────

  335) [chromium] › e2e/ui/pages/dashboard.spec.ts:106:9 › Dashboard Page › Navigation › should navigate to store 

    Error: page.goto: net::ERR_CONNECTION_REFUSED at http://localhost:4000/auth/login
    Call log:
      - navigating to "http://localhost:4000/auth/login", waiting until "load"


       at helpers/page-helpers.ts:77

      75 |
      76 |     // Fallback: UI-based login
    > 77 |     await this.page.goto("/auth/login");
         |                     ^
      78 |     await this.page.waitForSelector("form", { timeout: 5_000 });
      79 |     
      80 |     const emailInput = this.page.locator('input[name="email"], input[name="username"], input[type="email"]').first();
        at AuthenticatedPage.loginViaApi (/home/tbaltzakis/cloudless.gr/e2e/helpers/page-helpers.ts:77:21)
        at /home/tbaltzakis/cloudless.gr/e2e/ui/pages/dashboard.spec.ts:21:5

    attachment #1: screenshot (image/png) ──────────────────────────────────────────────────────────
    test-results/ui-pages-dashboard-Dashboa-0ee80-on-should-navigate-to-store-chromium/test-failed-1.png
    ────────────────────────────────────────────────────────────────────────────────────────────────

    attachment #2: video (video/webm) ──────────────────────────────────────────────────────────────
    test-results/ui-pages-dashboard-Dashboa-0ee80-on-should-navigate-to-store-chromium/video.webm
    ────────────────────────────────────────────────────────────────────────────────────────────────

    Error Context: test-results/ui-pages-dashboard-Dashboa-0ee80-on-should-navigate-to-store-chromium/error-context.md

    Retry #1 ───────────────────────────────────────────────────────────────────────────────────────

    Error: page.goto: net::ERR_CONNECTION_REFUSED at http://localhost:4000/auth/login
    Call log:
      - navigating to "http://localhost:4000/auth/login", waiting until "load"


       at helpers/page-helpers.ts:77

      75 |
      76 |     // Fallback: UI-based login
    > 77 |     await this.page.goto("/auth/login");
         |                     ^
      78 |     await this.page.waitForSelector("form", { timeout: 5_000 });
      79 |     
      80 |     const emailInput = this.page.locator('input[name="email"], input[name="username"], input[type="email"]').first();
        at AuthenticatedPage.loginViaApi (/home/tbaltzakis/cloudless.gr/e2e/helpers/page-helpers.ts:77:21)
        at /home/tbaltzakis/cloudless.gr/e2e/ui/pages/dashboard.spec.ts:21:5

    attachment #1: screenshot (image/png) ──────────────────────────────────────────────────────────
    test-results/ui-pages-dashboard-Dashboa-0ee80-on-should-navigate-to-store-chromium-retry1/test-failed-1.png
    ────────────────────────────────────────────────────────────────────────────────────────────────

    attachment #2: video (video/webm) ──────────────────────────────────────────────────────────────
    test-results/ui-pages-dashboard-Dashboa-0ee80-on-should-navigate-to-store-chromium-retry1/video.webm
    ────────────────────────────────────────────────────────────────────────────────────────────────

    Error Context: test-results/ui-pages-dashboard-Dashboa-0ee80-on-should-navigate-to-store-chromium-retry1/error-context.md

    attachment #4: trace (application/zip) ─────────────────────────────────────────────────────────
    test-results/ui-pages-dashboard-Dashboa-0ee80-on-should-navigate-to-store-chromium-retry1/trace.zip
    Usage:

        npx playwright show-trace test-results/ui-pages-dashboard-Dashboa-0ee80-on-should-navigate-to-store-chromium-retry1/trace.zip

    ────────────────────────────────────────────────────────────────────────────────────────────────

  336) [chromium] › e2e/ui/pages/dashboard.spec.ts:114:9 › Dashboard Page › Navigation › should navigate to blog 

    Error: page.goto: net::ERR_CONNECTION_REFUSED at http://localhost:4000/auth/login
    Call log:
      - navigating to "http://localhost:4000/auth/login", waiting until "load"


       at helpers/page-helpers.ts:77

      75 |
      76 |     // Fallback: UI-based login
    > 77 |     await this.page.goto("/auth/login");
         |                     ^
      78 |     await this.page.waitForSelector("form", { timeout: 5_000 });
      79 |     
      80 |     const emailInput = this.page.locator('input[name="email"], input[name="username"], input[type="email"]').first();
        at AuthenticatedPage.loginViaApi (/home/tbaltzakis/cloudless.gr/e2e/helpers/page-helpers.ts:77:21)
        at /home/tbaltzakis/cloudless.gr/e2e/ui/pages/dashboard.spec.ts:21:5

    attachment #1: screenshot (image/png) ──────────────────────────────────────────────────────────
    test-results/ui-pages-dashboard-Dashboa-5213f-ion-should-navigate-to-blog-chromium/test-failed-1.png
    ────────────────────────────────────────────────────────────────────────────────────────────────

    attachment #2: video (video/webm) ──────────────────────────────────────────────────────────────
    test-results/ui-pages-dashboard-Dashboa-5213f-ion-should-navigate-to-blog-chromium/video.webm
    ────────────────────────────────────────────────────────────────────────────────────────────────

    Error Context: test-results/ui-pages-dashboard-Dashboa-5213f-ion-should-navigate-to-blog-chromium/error-context.md

    Retry #1 ───────────────────────────────────────────────────────────────────────────────────────

    Error: page.goto: net::ERR_CONNECTION_REFUSED at http://localhost:4000/auth/login
    Call log:
      - navigating to "http://localhost:4000/auth/login", waiting until "load"


       at helpers/page-helpers.ts:77

      75 |
      76 |     // Fallback: UI-based login
    > 77 |     await this.page.goto("/auth/login");
         |                     ^
      78 |     await this.page.waitForSelector("form", { timeout: 5_000 });
      79 |     
      80 |     const emailInput = this.page.locator('input[name="email"], input[name="username"], input[type="email"]').first();
        at AuthenticatedPage.loginViaApi (/home/tbaltzakis/cloudless.gr/e2e/helpers/page-helpers.ts:77:21)
        at /home/tbaltzakis/cloudless.gr/e2e/ui/pages/dashboard.spec.ts:21:5

    attachment #1: screenshot (image/png) ──────────────────────────────────────────────────────────
    test-results/ui-pages-dashboard-Dashboa-5213f-ion-should-navigate-to-blog-chromium-retry1/test-failed-1.png
    ────────────────────────────────────────────────────────────────────────────────────────────────

    attachment #2: video (video/webm) ──────────────────────────────────────────────────────────────
    test-results/ui-pages-dashboard-Dashboa-5213f-ion-should-navigate-to-blog-chromium-retry1/video.webm
    ────────────────────────────────────────────────────────────────────────────────────────────────

    Error Context: test-results/ui-pages-dashboard-Dashboa-5213f-ion-should-navigate-to-blog-chromium-retry1/error-context.md

    attachment #4: trace (application/zip) ─────────────────────────────────────────────────────────
    test-results/ui-pages-dashboard-Dashboa-5213f-ion-should-navigate-to-blog-chromium-retry1/trace.zip
    Usage:

        npx playwright show-trace test-results/ui-pages-dashboard-Dashboa-5213f-ion-should-navigate-to-blog-chromium-retry1/trace.zip

    ────────────────────────────────────────────────────────────────────────────────────────────────

  337) [chromium] › e2e/ui/pages/dashboard.spec.ts:122:9 › Dashboard Page › Navigation › should navigate to contact 

    Error: page.goto: net::ERR_CONNECTION_REFUSED at http://localhost:4000/auth/login
    Call log:
      - navigating to "http://localhost:4000/auth/login", waiting until "load"


       at helpers/page-helpers.ts:77

      75 |
      76 |     // Fallback: UI-based login
    > 77 |     await this.page.goto("/auth/login");
         |                     ^
      78 |     await this.page.waitForSelector("form", { timeout: 5_000 });
      79 |     
      80 |     const emailInput = this.page.locator('input[name="email"], input[name="username"], input[type="email"]').first();
        at AuthenticatedPage.loginViaApi (/home/tbaltzakis/cloudless.gr/e2e/helpers/page-helpers.ts:77:21)
        at /home/tbaltzakis/cloudless.gr/e2e/ui/pages/dashboard.spec.ts:21:5

    attachment #1: screenshot (image/png) ──────────────────────────────────────────────────────────
    test-results/ui-pages-dashboard-Dashboa-87d02--should-navigate-to-contact-chromium/test-failed-1.png
    ────────────────────────────────────────────────────────────────────────────────────────────────

    attachment #2: video (video/webm) ──────────────────────────────────────────────────────────────
    test-results/ui-pages-dashboard-Dashboa-87d02--should-navigate-to-contact-chromium/video.webm
    ────────────────────────────────────────────────────────────────────────────────────────────────

    Error Context: test-results/ui-pages-dashboard-Dashboa-87d02--should-navigate-to-contact-chromium/error-context.md

    Retry #1 ───────────────────────────────────────────────────────────────────────────────────────

    Error: page.goto: net::ERR_CONNECTION_REFUSED at http://localhost:4000/auth/login
    Call log:
      - navigating to "http://localhost:4000/auth/login", waiting until "load"


       at helpers/page-helpers.ts:77

      75 |
      76 |     // Fallback: UI-based login
    > 77 |     await this.page.goto("/auth/login");
         |                     ^
      78 |     await this.page.waitForSelector("form", { timeout: 5_000 });
      79 |     
      80 |     const emailInput = this.page.locator('input[name="email"], input[name="username"], input[type="email"]').first();
        at AuthenticatedPage.loginViaApi (/home/tbaltzakis/cloudless.gr/e2e/helpers/page-helpers.ts:77:21)
        at /home/tbaltzakis/cloudless.gr/e2e/ui/pages/dashboard.spec.ts:21:5

    attachment #1: screenshot (image/png) ──────────────────────────────────────────────────────────
    test-results/ui-pages-dashboard-Dashboa-87d02--should-navigate-to-contact-chromium-retry1/test-failed-1.png
    ────────────────────────────────────────────────────────────────────────────────────────────────

    attachment #2: video (video/webm) ──────────────────────────────────────────────────────────────
    test-results/ui-pages-dashboard-Dashboa-87d02--should-navigate-to-contact-chromium-retry1/video.webm
    ────────────────────────────────────────────────────────────────────────────────────────────────

    Error Context: test-results/ui-pages-dashboard-Dashboa-87d02--should-navigate-to-contact-chromium-retry1/error-context.md

    attachment #4: trace (application/zip) ─────────────────────────────────────────────────────────
    test-results/ui-pages-dashboard-Dashboa-87d02--should-navigate-to-contact-chromium-retry1/trace.zip
    Usage:

        npx playwright show-trace test-results/ui-pages-dashboard-Dashboa-87d02--should-navigate-to-contact-chromium-retry1/trace.zip

    ────────────────────────────────────────────────────────────────────────────────────────────────

  338) [chromium] › e2e/ui/pages/dashboard.spec.ts:130:9 › Dashboard Page › Navigation › should navigate to profile 

    Error: page.goto: net::ERR_CONNECTION_REFUSED at http://localhost:4000/auth/login
    Call log:
      - navigating to "http://localhost:4000/auth/login", waiting until "load"


       at helpers/page-helpers.ts:77

      75 |
      76 |     // Fallback: UI-based login
    > 77 |     await this.page.goto("/auth/login");
         |                     ^
      78 |     await this.page.waitForSelector("form", { timeout: 5_000 });
      79 |     
      80 |     const emailInput = this.page.locator('input[name="email"], input[name="username"], input[type="email"]').first();
        at AuthenticatedPage.loginViaApi (/home/tbaltzakis/cloudless.gr/e2e/helpers/page-helpers.ts:77:21)
        at /home/tbaltzakis/cloudless.gr/e2e/ui/pages/dashboard.spec.ts:21:5

    attachment #1: screenshot (image/png) ──────────────────────────────────────────────────────────
    test-results/ui-pages-dashboard-Dashboa-3f191--should-navigate-to-profile-chromium/test-failed-1.png
    ────────────────────────────────────────────────────────────────────────────────────────────────

    attachment #2: video (video/webm) ──────────────────────────────────────────────────────────────
    test-results/ui-pages-dashboard-Dashboa-3f191--should-navigate-to-profile-chromium/video.webm
    ────────────────────────────────────────────────────────────────────────────────────────────────

    Error Context: test-results/ui-pages-dashboard-Dashboa-3f191--should-navigate-to-profile-chromium/error-context.md

    Retry #1 ───────────────────────────────────────────────────────────────────────────────────────

    Error: page.goto: net::ERR_CONNECTION_REFUSED at http://localhost:4000/auth/login
    Call log:
      - navigating to "http://localhost:4000/auth/login", waiting until "load"


       at helpers/page-helpers.ts:77

      75 |
      76 |     // Fallback: UI-based login
    > 77 |     await this.page.goto("/auth/login");
         |                     ^
      78 |     await this.page.waitForSelector("form", { timeout: 5_000 });
      79 |     
      80 |     const emailInput = this.page.locator('input[name="email"], input[name="username"], input[type="email"]').first();
        at AuthenticatedPage.loginViaApi (/home/tbaltzakis/cloudless.gr/e2e/helpers/page-helpers.ts:77:21)
        at /home/tbaltzakis/cloudless.gr/e2e/ui/pages/dashboard.spec.ts:21:5

    attachment #1: screenshot (image/png) ──────────────────────────────────────────────────────────
    test-results/ui-pages-dashboard-Dashboa-3f191--should-navigate-to-profile-chromium-retry1/test-failed-1.png
    ────────────────────────────────────────────────────────────────────────────────────────────────

    attachment #2: video (video/webm) ──────────────────────────────────────────────────────────────
    test-results/ui-pages-dashboard-Dashboa-3f191--should-navigate-to-profile-chromium-retry1/video.webm
    ────────────────────────────────────────────────────────────────────────────────────────────────

    Error Context: test-results/ui-pages-dashboard-Dashboa-3f191--should-navigate-to-profile-chromium-retry1/error-context.md

    attachment #4: trace (application/zip) ─────────────────────────────────────────────────────────
    test-results/ui-pages-dashboard-Dashboa-3f191--should-navigate-to-profile-chromium-retry1/trace.zip
    Usage:

        npx playwright show-trace test-results/ui-pages-dashboard-Dashboa-3f191--should-navigate-to-profile-chromium-retry1/trace.zip

    ────────────────────────────────────────────────────────────────────────────────────────────────

  339) [chromium] › e2e/ui/pages/dashboard.spec.ts:140:9 › Dashboard Page › Navigation › should navigate to settings 

    Error: page.goto: net::ERR_CONNECTION_REFUSED at http://localhost:4000/auth/login
    Call log:
      - navigating to "http://localhost:4000/auth/login", waiting until "load"


       at helpers/page-helpers.ts:77

      75 |
      76 |     // Fallback: UI-based login
    > 77 |     await this.page.goto("/auth/login");
         |                     ^
      78 |     await this.page.waitForSelector("form", { timeout: 5_000 });
      79 |     
      80 |     const emailInput = this.page.locator('input[name="email"], input[name="username"], input[type="email"]').first();
        at AuthenticatedPage.loginViaApi (/home/tbaltzakis/cloudless.gr/e2e/helpers/page-helpers.ts:77:21)
        at /home/tbaltzakis/cloudless.gr/e2e/ui/pages/dashboard.spec.ts:21:5

    attachment #1: screenshot (image/png) ──────────────────────────────────────────────────────────
    test-results/ui-pages-dashboard-Dashboa-fc3f1-should-navigate-to-settings-chromium/test-failed-1.png
    ────────────────────────────────────────────────────────────────────────────────────────────────

    attachment #2: video (video/webm) ──────────────────────────────────────────────────────────────
    test-results/ui-pages-dashboard-Dashboa-fc3f1-should-navigate-to-settings-chromium/video.webm
    ────────────────────────────────────────────────────────────────────────────────────────────────

    Error Context: test-results/ui-pages-dashboard-Dashboa-fc3f1-should-navigate-to-settings-chromium/error-context.md

    Retry #1 ───────────────────────────────────────────────────────────────────────────────────────

    Error: page.goto: net::ERR_CONNECTION_REFUSED at http://localhost:4000/auth/login
    Call log:
      - navigating to "http://localhost:4000/auth/login", waiting until "load"


       at helpers/page-helpers.ts:77

      75 |
      76 |     // Fallback: UI-based login
    > 77 |     await this.page.goto("/auth/login");
         |                     ^
      78 |     await this.page.waitForSelector("form", { timeout: 5_000 });
      79 |     
      80 |     const emailInput = this.page.locator('input[name="email"], input[name="username"], input[type="email"]').first();
        at AuthenticatedPage.loginViaApi (/home/tbaltzakis/cloudless.gr/e2e/helpers/page-helpers.ts:77:21)
        at /home/tbaltzakis/cloudless.gr/e2e/ui/pages/dashboard.spec.ts:21:5

    attachment #1: screenshot (image/png) ──────────────────────────────────────────────────────────
    test-results/ui-pages-dashboard-Dashboa-fc3f1-should-navigate-to-settings-chromium-retry1/test-failed-1.png
    ────────────────────────────────────────────────────────────────────────────────────────────────

    attachment #2: video (video/webm) ──────────────────────────────────────────────────────────────
    test-results/ui-pages-dashboard-Dashboa-fc3f1-should-navigate-to-settings-chromium-retry1/video.webm
    ────────────────────────────────────────────────────────────────────────────────────────────────

    Error Context: test-results/ui-pages-dashboard-Dashboa-fc3f1-should-navigate-to-settings-chromium-retry1/error-context.md

    attachment #4: trace (application/zip) ─────────────────────────────────────────────────────────
    test-results/ui-pages-dashboard-Dashboa-fc3f1-should-navigate-to-settings-chromium-retry1/trace.zip
    Usage:

        npx playwright show-trace test-results/ui-pages-dashboard-Dashboa-fc3f1-should-navigate-to-settings-chromium-retry1/trace.zip

    ────────────────────────────────────────────────────────────────────────────────────────────────

  340) [chromium] › e2e/ui/pages/dashboard.spec.ts:152:9 › Dashboard Page › Authentication › should redirect to login if not authenticated 

    Error: page.goto: net::ERR_CONNECTION_REFUSED at http://localhost:4000/auth/login
    Call log:
      - navigating to "http://localhost:4000/auth/login", waiting until "load"


       at helpers/page-helpers.ts:77

      75 |
      76 |     // Fallback: UI-based login
    > 77 |     await this.page.goto("/auth/login");
         |                     ^
      78 |     await this.page.waitForSelector("form", { timeout: 5_000 });
      79 |     
      80 |     const emailInput = this.page.locator('input[name="email"], input[name="username"], input[type="email"]').first();
        at AuthenticatedPage.loginViaApi (/home/tbaltzakis/cloudless.gr/e2e/helpers/page-helpers.ts:77:21)
        at /home/tbaltzakis/cloudless.gr/e2e/ui/pages/dashboard.spec.ts:21:5

    attachment #1: screenshot (image/png) ──────────────────────────────────────────────────────────
    test-results/ui-pages-dashboard-Dashboa-59927--login-if-not-authenticated-chromium/test-failed-1.png
    ────────────────────────────────────────────────────────────────────────────────────────────────

    attachment #2: video (video/webm) ──────────────────────────────────────────────────────────────
    test-results/ui-pages-dashboard-Dashboa-59927--login-if-not-authenticated-chromium/video.webm
    ────────────────────────────────────────────────────────────────────────────────────────────────

    Error Context: test-results/ui-pages-dashboard-Dashboa-59927--login-if-not-authenticated-chromium/error-context.md

    Retry #1 ───────────────────────────────────────────────────────────────────────────────────────

    Error: page.goto: net::ERR_CONNECTION_REFUSED at http://localhost:4000/auth/login
    Call log:
      - navigating to "http://localhost:4000/auth/login", waiting until "load"


       at helpers/page-helpers.ts:77

      75 |
      76 |     // Fallback: UI-based login
    > 77 |     await this.page.goto("/auth/login");
         |                     ^
      78 |     await this.page.waitForSelector("form", { timeout: 5_000 });
      79 |     
      80 |     const emailInput = this.page.locator('input[name="email"], input[name="username"], input[type="email"]').first();
        at AuthenticatedPage.loginViaApi (/home/tbaltzakis/cloudless.gr/e2e/helpers/page-helpers.ts:77:21)
        at /home/tbaltzakis/cloudless.gr/e2e/ui/pages/dashboard.spec.ts:21:5

    attachment #1: screenshot (image/png) ──────────────────────────────────────────────────────────
    test-results/ui-pages-dashboard-Dashboa-59927--login-if-not-authenticated-chromium-retry1/test-failed-1.png
    ────────────────────────────────────────────────────────────────────────────────────────────────

    attachment #2: video (video/webm) ──────────────────────────────────────────────────────────────
    test-results/ui-pages-dashboard-Dashboa-59927--login-if-not-authenticated-chromium-retry1/video.webm
    ────────────────────────────────────────────────────────────────────────────────────────────────

    Error Context: test-results/ui-pages-dashboard-Dashboa-59927--login-if-not-authenticated-chromium-retry1/error-context.md

    attachment #4: trace (application/zip) ─────────────────────────────────────────────────────────
    test-results/ui-pages-dashboard-Dashboa-59927--login-if-not-authenticated-chromium-retry1/trace.zip
    Usage:

        npx playwright show-trace test-results/ui-pages-dashboard-Dashboa-59927--login-if-not-authenticated-chromium-retry1/trace.zip

    ────────────────────────────────────────────────────────────────────────────────────────────────

  341) [chromium] › e2e/ui/pages/dashboard.spec.ts:165:9 › Dashboard Page › Responsive Design › should render correctly on mobile 

    Error: page.goto: net::ERR_CONNECTION_REFUSED at http://localhost:4000/auth/login
    Call log:
      - navigating to "http://localhost:4000/auth/login", waiting until "load"


       at helpers/page-helpers.ts:77

      75 |
      76 |     // Fallback: UI-based login
    > 77 |     await this.page.goto("/auth/login");
         |                     ^
      78 |     await this.page.waitForSelector("form", { timeout: 5_000 });
      79 |     
      80 |     const emailInput = this.page.locator('input[name="email"], input[name="username"], input[type="email"]').first();
        at AuthenticatedPage.loginViaApi (/home/tbaltzakis/cloudless.gr/e2e/helpers/page-helpers.ts:77:21)
        at /home/tbaltzakis/cloudless.gr/e2e/ui/pages/dashboard.spec.ts:21:5

    attachment #1: screenshot (image/png) ──────────────────────────────────────────────────────────
    test-results/ui-pages-dashboard-Dashboa-78083--render-correctly-on-mobile-chromium/test-failed-1.png
    ────────────────────────────────────────────────────────────────────────────────────────────────

    attachment #2: video (video/webm) ──────────────────────────────────────────────────────────────
    test-results/ui-pages-dashboard-Dashboa-78083--render-correctly-on-mobile-chromium/video.webm
    ────────────────────────────────────────────────────────────────────────────────────────────────

    Error Context: test-results/ui-pages-dashboard-Dashboa-78083--render-correctly-on-mobile-chromium/error-context.md

    Retry #1 ───────────────────────────────────────────────────────────────────────────────────────

    Error: page.goto: net::ERR_CONNECTION_REFUSED at http://localhost:4000/auth/login
    Call log:
      - navigating to "http://localhost:4000/auth/login", waiting until "load"


       at helpers/page-helpers.ts:77

      75 |
      76 |     // Fallback: UI-based login
    > 77 |     await this.page.goto("/auth/login");
         |                     ^
      78 |     await this.page.waitForSelector("form", { timeout: 5_000 });
      79 |     
      80 |     const emailInput = this.page.locator('input[name="email"], input[name="username"], input[type="email"]').first();
        at AuthenticatedPage.loginViaApi (/home/tbaltzakis/cloudless.gr/e2e/helpers/page-helpers.ts:77:21)
        at /home/tbaltzakis/cloudless.gr/e2e/ui/pages/dashboard.spec.ts:21:5

    attachment #1: screenshot (image/png) ──────────────────────────────────────────────────────────
    test-results/ui-pages-dashboard-Dashboa-78083--render-correctly-on-mobile-chromium-retry1/test-failed-1.png
    ────────────────────────────────────────────────────────────────────────────────────────────────

    attachment #2: video (video/webm) ──────────────────────────────────────────────────────────────
    test-results/ui-pages-dashboard-Dashboa-78083--render-correctly-on-mobile-chromium-retry1/video.webm
    ────────────────────────────────────────────────────────────────────────────────────────────────

    Error Context: test-results/ui-pages-dashboard-Dashboa-78083--render-correctly-on-mobile-chromium-retry1/error-context.md

    attachment #4: trace (application/zip) ─────────────────────────────────────────────────────────
    test-results/ui-pages-dashboard-Dashboa-78083--render-correctly-on-mobile-chromium-retry1/trace.zip
    Usage:

        npx playwright show-trace test-results/ui-pages-dashboard-Dashboa-78083--render-correctly-on-mobile-chromium-retry1/trace.zip

    ────────────────────────────────────────────────────────────────────────────────────────────────

  342) [chromium] › e2e/ui/pages/dashboard.spec.ts:194:9 › Dashboard Page › Responsive Design › should render correctly on tablet 

    Error: page.goto: net::ERR_CONNECTION_REFUSED at http://localhost:4000/auth/login
    Call log:
      - navigating to "http://localhost:4000/auth/login", waiting until "load"


       at helpers/page-helpers.ts:77

      75 |
      76 |     // Fallback: UI-based login
    > 77 |     await this.page.goto("/auth/login");
         |                     ^
      78 |     await this.page.waitForSelector("form", { timeout: 5_000 });
      79 |     
      80 |     const emailInput = this.page.locator('input[name="email"], input[name="username"], input[type="email"]').first();
        at AuthenticatedPage.loginViaApi (/home/tbaltzakis/cloudless.gr/e2e/helpers/page-helpers.ts:77:21)
        at /home/tbaltzakis/cloudless.gr/e2e/ui/pages/dashboard.spec.ts:21:5

    attachment #1: screenshot (image/png) ──────────────────────────────────────────────────────────
    test-results/ui-pages-dashboard-Dashboa-db3b3--render-correctly-on-tablet-chromium/test-failed-1.png
    ────────────────────────────────────────────────────────────────────────────────────────────────

    attachment #2: video (video/webm) ──────────────────────────────────────────────────────────────
    test-results/ui-pages-dashboard-Dashboa-db3b3--render-correctly-on-tablet-chromium/video.webm
    ────────────────────────────────────────────────────────────────────────────────────────────────

    Error Context: test-results/ui-pages-dashboard-Dashboa-db3b3--render-correctly-on-tablet-chromium/error-context.md

    Retry #1 ───────────────────────────────────────────────────────────────────────────────────────

    Error: page.goto: net::ERR_CONNECTION_REFUSED at http://localhost:4000/auth/login
    Call log:
      - navigating to "http://localhost:4000/auth/login", waiting until "load"


       at helpers/page-helpers.ts:77

      75 |
      76 |     // Fallback: UI-based login
    > 77 |     await this.page.goto("/auth/login");
         |                     ^
      78 |     await this.page.waitForSelector("form", { timeout: 5_000 });
      79 |     
      80 |     const emailInput = this.page.locator('input[name="email"], input[name="username"], input[type="email"]').first();
        at AuthenticatedPage.loginViaApi (/home/tbaltzakis/cloudless.gr/e2e/helpers/page-helpers.ts:77:21)
        at /home/tbaltzakis/cloudless.gr/e2e/ui/pages/dashboard.spec.ts:21:5

    attachment #1: screenshot (image/png) ──────────────────────────────────────────────────────────
    test-results/ui-pages-dashboard-Dashboa-db3b3--render-correctly-on-tablet-chromium-retry1/test-failed-1.png
    ────────────────────────────────────────────────────────────────────────────────────────────────

    attachment #2: video (video/webm) ──────────────────────────────────────────────────────────────
    test-results/ui-pages-dashboard-Dashboa-db3b3--render-correctly-on-tablet-chromium-retry1/video.webm
    ────────────────────────────────────────────────────────────────────────────────────────────────

    Error Context: test-results/ui-pages-dashboard-Dashboa-db3b3--render-correctly-on-tablet-chromium-retry1/error-context.md

    attachment #4: trace (application/zip) ─────────────────────────────────────────────────────────
    test-results/ui-pages-dashboard-Dashboa-db3b3--render-correctly-on-tablet-chromium-retry1/trace.zip
    Usage:

        npx playwright show-trace test-results/ui-pages-dashboard-Dashboa-db3b3--render-correctly-on-tablet-chromium-retry1/trace.zip

    ────────────────────────────────────────────────────────────────────────────────────────────────

  343) [chromium] › e2e/ui/pages/dashboard.spec.ts:211:9 › Dashboard Page › Responsive Design › should render correctly on desktop 

    Error: page.goto: net::ERR_CONNECTION_REFUSED at http://localhost:4000/auth/login
    Call log:
      - navigating to "http://localhost:4000/auth/login", waiting until "load"


       at helpers/page-helpers.ts:77

      75 |
      76 |     // Fallback: UI-based login
    > 77 |     await this.page.goto("/auth/login");
         |                     ^
      78 |     await this.page.waitForSelector("form", { timeout: 5_000 });
      79 |     
      80 |     const emailInput = this.page.locator('input[name="email"], input[name="username"], input[type="email"]').first();
        at AuthenticatedPage.loginViaApi (/home/tbaltzakis/cloudless.gr/e2e/helpers/page-helpers.ts:77:21)
        at /home/tbaltzakis/cloudless.gr/e2e/ui/pages/dashboard.spec.ts:21:5

    attachment #1: screenshot (image/png) ──────────────────────────────────────────────────────────
    test-results/ui-pages-dashboard-Dashboa-84775-render-correctly-on-desktop-chromium/test-failed-1.png
    ────────────────────────────────────────────────────────────────────────────────────────────────

    attachment #2: video (video/webm) ──────────────────────────────────────────────────────────────
    test-results/ui-pages-dashboard-Dashboa-84775-render-correctly-on-desktop-chromium/video.webm
    ────────────────────────────────────────────────────────────────────────────────────────────────

    Error Context: test-results/ui-pages-dashboard-Dashboa-84775-render-correctly-on-desktop-chromium/error-context.md

    Retry #1 ───────────────────────────────────────────────────────────────────────────────────────

    Error: page.goto: net::ERR_CONNECTION_REFUSED at http://localhost:4000/auth/login
    Call log:
      - navigating to "http://localhost:4000/auth/login", waiting until "load"


       at helpers/page-helpers.ts:77

      75 |
      76 |     // Fallback: UI-based login
    > 77 |     await this.page.goto("/auth/login");
         |                     ^
      78 |     await this.page.waitForSelector("form", { timeout: 5_000 });
      79 |     
      80 |     const emailInput = this.page.locator('input[name="email"], input[name="username"], input[type="email"]').first();
        at AuthenticatedPage.loginViaApi (/home/tbaltzakis/cloudless.gr/e2e/helpers/page-helpers.ts:77:21)
        at /home/tbaltzakis/cloudless.gr/e2e/ui/pages/dashboard.spec.ts:21:5

    attachment #1: screenshot (image/png) ──────────────────────────────────────────────────────────
    test-results/ui-pages-dashboard-Dashboa-84775-render-correctly-on-desktop-chromium-retry1/test-failed-1.png
    ────────────────────────────────────────────────────────────────────────────────────────────────

    attachment #2: video (video/webm) ──────────────────────────────────────────────────────────────
    test-results/ui-pages-dashboard-Dashboa-84775-render-correctly-on-desktop-chromium-retry1/video.webm
    ────────────────────────────────────────────────────────────────────────────────────────────────

    Error Context: test-results/ui-pages-dashboard-Dashboa-84775-render-correctly-on-desktop-chromium-retry1/error-context.md

    attachment #4: trace (application/zip) ─────────────────────────────────────────────────────────
    test-results/ui-pages-dashboard-Dashboa-84775-render-correctly-on-desktop-chromium-retry1/trace.zip
    Usage:

        npx playwright show-trace test-results/ui-pages-dashboard-Dashboa-84775-render-correctly-on-desktop-chromium-retry1/trace.zip

    ────────────────────────────────────────────────────────────────────────────────────────────────

  344) [chromium] › e2e/ui/pages/dashboard.spec.ts:240:9 › Dashboard Page › Accessibility › should have proper language attribute 

    Error: page.goto: net::ERR_CONNECTION_REFUSED at http://localhost:4000/auth/login
    Call log:
      - navigating to "http://localhost:4000/auth/login", waiting until "load"


       at helpers/page-helpers.ts:77

      75 |
      76 |     // Fallback: UI-based login
    > 77 |     await this.page.goto("/auth/login");
         |                     ^
      78 |     await this.page.waitForSelector("form", { timeout: 5_000 });
      79 |     
      80 |     const emailInput = this.page.locator('input[name="email"], input[name="username"], input[type="email"]').first();
        at AuthenticatedPage.loginViaApi (/home/tbaltzakis/cloudless.gr/e2e/helpers/page-helpers.ts:77:21)
        at /home/tbaltzakis/cloudless.gr/e2e/ui/pages/dashboard.spec.ts:21:5

    attachment #1: screenshot (image/png) ──────────────────────────────────────────────────────────
    test-results/ui-pages-dashboard-Dashboa-4f314-e-proper-language-attribute-chromium/test-failed-1.png
    ────────────────────────────────────────────────────────────────────────────────────────────────

    attachment #2: video (video/webm) ──────────────────────────────────────────────────────────────
    test-results/ui-pages-dashboard-Dashboa-4f314-e-proper-language-attribute-chromium/video.webm
    ────────────────────────────────────────────────────────────────────────────────────────────────

    Error Context: test-results/ui-pages-dashboard-Dashboa-4f314-e-proper-language-attribute-chromium/error-context.md

    Retry #1 ───────────────────────────────────────────────────────────────────────────────────────

    Error: page.goto: net::ERR_CONNECTION_REFUSED at http://localhost:4000/auth/login
    Call log:
      - navigating to "http://localhost:4000/auth/login", waiting until "load"


       at helpers/page-helpers.ts:77

      75 |
      76 |     // Fallback: UI-based login
    > 77 |     await this.page.goto("/auth/login");
         |                     ^
      78 |     await this.page.waitForSelector("form", { timeout: 5_000 });
      79 |     
      80 |     const emailInput = this.page.locator('input[name="email"], input[name="username"], input[type="email"]').first();
        at AuthenticatedPage.loginViaApi (/home/tbaltzakis/cloudless.gr/e2e/helpers/page-helpers.ts:77:21)
        at /home/tbaltzakis/cloudless.gr/e2e/ui/pages/dashboard.spec.ts:21:5

    attachment #1: screenshot (image/png) ──────────────────────────────────────────────────────────
    test-results/ui-pages-dashboard-Dashboa-4f314-e-proper-language-attribute-chromium-retry1/test-failed-1.png
    ────────────────────────────────────────────────────────────────────────────────────────────────

    attachment #2: video (video/webm) ──────────────────────────────────────────────────────────────
    test-results/ui-pages-dashboard-Dashboa-4f314-e-proper-language-attribute-chromium-retry1/video.webm
    ────────────────────────────────────────────────────────────────────────────────────────────────

    Error Context: test-results/ui-pages-dashboard-Dashboa-4f314-e-proper-language-attribute-chromium-retry1/error-context.md

    attachment #4: trace (application/zip) ─────────────────────────────────────────────────────────
    test-results/ui-pages-dashboard-Dashboa-4f314-e-proper-language-attribute-chromium-retry1/trace.zip
    Usage:

        npx playwright show-trace test-results/ui-pages-dashboard-Dashboa-4f314-e-proper-language-attribute-chromium-retry1/trace.zip

    ────────────────────────────────────────────────────────────────────────────────────────────────

  345) [chromium] › e2e/ui/pages/dashboard.spec.ts:246:9 › Dashboard Page › Accessibility › should have proper heading structure 

    Error: page.goto: net::ERR_CONNECTION_REFUSED at http://localhost:4000/auth/login
    Call log:
      - navigating to "http://localhost:4000/auth/login", waiting until "load"


       at helpers/page-helpers.ts:77

      75 |
      76 |     // Fallback: UI-based login
    > 77 |     await this.page.goto("/auth/login");
         |                     ^
      78 |     await this.page.waitForSelector("form", { timeout: 5_000 });
      79 |     
      80 |     const emailInput = this.page.locator('input[name="email"], input[name="username"], input[type="email"]').first();
        at AuthenticatedPage.loginViaApi (/home/tbaltzakis/cloudless.gr/e2e/helpers/page-helpers.ts:77:21)
        at /home/tbaltzakis/cloudless.gr/e2e/ui/pages/dashboard.spec.ts:21:5

    attachment #1: screenshot (image/png) ──────────────────────────────────────────────────────────
    test-results/ui-pages-dashboard-Dashboa-64aa4-ve-proper-heading-structure-chromium/test-failed-1.png
    ────────────────────────────────────────────────────────────────────────────────────────────────

    attachment #2: video (video/webm) ──────────────────────────────────────────────────────────────
    test-results/ui-pages-dashboard-Dashboa-64aa4-ve-proper-heading-structure-chromium/video.webm
    ────────────────────────────────────────────────────────────────────────────────────────────────

    Error Context: test-results/ui-pages-dashboard-Dashboa-64aa4-ve-proper-heading-structure-chromium/error-context.md

    Retry #1 ───────────────────────────────────────────────────────────────────────────────────────

    Error: page.goto: net::ERR_CONNECTION_REFUSED at http://localhost:4000/auth/login
    Call log:
      - navigating to "http://localhost:4000/auth/login", waiting until "load"


       at helpers/page-helpers.ts:77

      75 |
      76 |     // Fallback: UI-based login
    > 77 |     await this.page.goto("/auth/login");
         |                     ^
      78 |     await this.page.waitForSelector("form", { timeout: 5_000 });
      79 |     
      80 |     const emailInput = this.page.locator('input[name="email"], input[name="username"], input[type="email"]').first();
        at AuthenticatedPage.loginViaApi (/home/tbaltzakis/cloudless.gr/e2e/helpers/page-helpers.ts:77:21)
        at /home/tbaltzakis/cloudless.gr/e2e/ui/pages/dashboard.spec.ts:21:5

    attachment #1: screenshot (image/png) ──────────────────────────────────────────────────────────
    test-results/ui-pages-dashboard-Dashboa-64aa4-ve-proper-heading-structure-chromium-retry1/test-failed-1.png
    ────────────────────────────────────────────────────────────────────────────────────────────────

    attachment #2: video (video/webm) ──────────────────────────────────────────────────────────────
    test-results/ui-pages-dashboard-Dashboa-64aa4-ve-proper-heading-structure-chromium-retry1/video.webm
    ────────────────────────────────────────────────────────────────────────────────────────────────

    Error Context: test-results/ui-pages-dashboard-Dashboa-64aa4-ve-proper-heading-structure-chromium-retry1/error-context.md

    attachment #4: trace (application/zip) ─────────────────────────────────────────────────────────
    test-results/ui-pages-dashboard-Dashboa-64aa4-ve-proper-heading-structure-chromium-retry1/trace.zip
    Usage:

        npx playwright show-trace test-results/ui-pages-dashboard-Dashboa-64aa4-ve-proper-heading-structure-chromium-retry1/trace.zip

    ────────────────────────────────────────────────────────────────────────────────────────────────

  346) [chromium] › e2e/ui/pages/dashboard.spec.ts:264:9 › Dashboard Page › Accessibility › should have accessible navigation 

    Error: page.goto: net::ERR_CONNECTION_REFUSED at http://localhost:4000/auth/login
    Call log:
      - navigating to "http://localhost:4000/auth/login", waiting until "load"


       at helpers/page-helpers.ts:77

      75 |
      76 |     // Fallback: UI-based login
    > 77 |     await this.page.goto("/auth/login");
         |                     ^
      78 |     await this.page.waitForSelector("form", { timeout: 5_000 });
      79 |     
      80 |     const emailInput = this.page.locator('input[name="email"], input[name="username"], input[type="email"]').first();
        at AuthenticatedPage.loginViaApi (/home/tbaltzakis/cloudless.gr/e2e/helpers/page-helpers.ts:77:21)
        at /home/tbaltzakis/cloudless.gr/e2e/ui/pages/dashboard.spec.ts:21:5

    attachment #1: screenshot (image/png) ──────────────────────────────────────────────────────────
    test-results/ui-pages-dashboard-Dashboa-7f400--have-accessible-navigation-chromium/test-failed-1.png
    ────────────────────────────────────────────────────────────────────────────────────────────────

    attachment #2: video (video/webm) ──────────────────────────────────────────────────────────────
    test-results/ui-pages-dashboard-Dashboa-7f400--have-accessible-navigation-chromium/video.webm
    ────────────────────────────────────────────────────────────────────────────────────────────────

    Error Context: test-results/ui-pages-dashboard-Dashboa-7f400--have-accessible-navigation-chromium/error-context.md

    Retry #1 ───────────────────────────────────────────────────────────────────────────────────────

    Error: page.goto: net::ERR_CONNECTION_REFUSED at http://localhost:4000/auth/login
    Call log:
      - navigating to "http://localhost:4000/auth/login", waiting until "load"


       at helpers/page-helpers.ts:77

      75 |
      76 |     // Fallback: UI-based login
    > 77 |     await this.page.goto("/auth/login");
         |                     ^
      78 |     await this.page.waitForSelector("form", { timeout: 5_000 });
      79 |     
      80 |     const emailInput = this.page.locator('input[name="email"], input[name="username"], input[type="email"]').first();
        at AuthenticatedPage.loginViaApi (/home/tbaltzakis/cloudless.gr/e2e/helpers/page-helpers.ts:77:21)
        at /home/tbaltzakis/cloudless.gr/e2e/ui/pages/dashboard.spec.ts:21:5

    attachment #1: screenshot (image/png) ──────────────────────────────────────────────────────────
    test-results/ui-pages-dashboard-Dashboa-7f400--have-accessible-navigation-chromium-retry1/test-failed-1.png
    ────────────────────────────────────────────────────────────────────────────────────────────────

    attachment #2: video (video/webm) ──────────────────────────────────────────────────────────────
    test-results/ui-pages-dashboard-Dashboa-7f400--have-accessible-navigation-chromium-retry1/video.webm
    ────────────────────────────────────────────────────────────────────────────────────────────────

    Error Context: test-results/ui-pages-dashboard-Dashboa-7f400--have-accessible-navigation-chromium-retry1/error-context.md

    attachment #4: trace (application/zip) ─────────────────────────────────────────────────────────
    test-results/ui-pages-dashboard-Dashboa-7f400--have-accessible-navigation-chromium-retry1/trace.zip
    Usage:

        npx playwright show-trace test-results/ui-pages-dashboard-Dashboa-7f400--have-accessible-navigation-chromium-retry1/trace.zip

    ────────────────────────────────────────────────────────────────────────────────────────────────

  347) [chromium] › e2e/ui/pages/dashboard.spec.ts:315:9 › Dashboard Page › Accessibility › should have accessible widgets/cards 

    Error: page.goto: net::ERR_CONNECTION_REFUSED at http://localhost:4000/auth/login
    Call log:
      - navigating to "http://localhost:4000/auth/login", waiting until "load"


       at helpers/page-helpers.ts:77

      75 |
      76 |     // Fallback: UI-based login
    > 77 |     await this.page.goto("/auth/login");
         |                     ^
      78 |     await this.page.waitForSelector("form", { timeout: 5_000 });
      79 |     
      80 |     const emailInput = this.page.locator('input[name="email"], input[name="username"], input[type="email"]').first();
        at AuthenticatedPage.loginViaApi (/home/tbaltzakis/cloudless.gr/e2e/helpers/page-helpers.ts:77:21)
        at /home/tbaltzakis/cloudless.gr/e2e/ui/pages/dashboard.spec.ts:21:5

    attachment #1: screenshot (image/png) ──────────────────────────────────────────────────────────
    test-results/ui-pages-dashboard-Dashboa-7d162-ve-accessible-widgets-cards-chromium/test-failed-1.png
    ────────────────────────────────────────────────────────────────────────────────────────────────

    attachment #2: video (video/webm) ──────────────────────────────────────────────────────────────
    test-results/ui-pages-dashboard-Dashboa-7d162-ve-accessible-widgets-cards-chromium/video.webm
    ────────────────────────────────────────────────────────────────────────────────────────────────

    Error Context: test-results/ui-pages-dashboard-Dashboa-7d162-ve-accessible-widgets-cards-chromium/error-context.md

    Retry #1 ───────────────────────────────────────────────────────────────────────────────────────

    Error: page.goto: net::ERR_CONNECTION_REFUSED at http://localhost:4000/auth/login
    Call log:
      - navigating to "http://localhost:4000/auth/login", waiting until "load"


       at helpers/page-helpers.ts:77

      75 |
      76 |     // Fallback: UI-based login
    > 77 |     await this.page.goto("/auth/login");
         |                     ^
      78 |     await this.page.waitForSelector("form", { timeout: 5_000 });
      79 |     
      80 |     const emailInput = this.page.locator('input[name="email"], input[name="username"], input[type="email"]').first();
        at AuthenticatedPage.loginViaApi (/home/tbaltzakis/cloudless.gr/e2e/helpers/page-helpers.ts:77:21)
        at /home/tbaltzakis/cloudless.gr/e2e/ui/pages/dashboard.spec.ts:21:5

    attachment #1: screenshot (image/png) ──────────────────────────────────────────────────────────
    test-results/ui-pages-dashboard-Dashboa-7d162-ve-accessible-widgets-cards-chromium-retry1/test-failed-1.png
    ────────────────────────────────────────────────────────────────────────────────────────────────

    attachment #2: video (video/webm) ──────────────────────────────────────────────────────────────
    test-results/ui-pages-dashboard-Dashboa-7d162-ve-accessible-widgets-cards-chromium-retry1/video.webm
    ────────────────────────────────────────────────────────────────────────────────────────────────

    Error Context: test-results/ui-pages-dashboard-Dashboa-7d162-ve-accessible-widgets-cards-chromium-retry1/error-context.md

    attachment #4: trace (application/zip) ─────────────────────────────────────────────────────────
    test-results/ui-pages-dashboard-Dashboa-7d162-ve-accessible-widgets-cards-chromium-retry1/trace.zip
    Usage:

        npx playwright show-trace test-results/ui-pages-dashboard-Dashboa-7d162-ve-accessible-widgets-cards-chromium-retry1/trace.zip

    ────────────────────────────────────────────────────────────────────────────────────────────────

  348) [chromium] › e2e/ui/pages/dashboard.spec.ts:364:9 › Dashboard Page › Performance › should load within reasonable time 

    Error: page.goto: net::ERR_CONNECTION_REFUSED at http://localhost:4000/auth/login
    Call log:
      - navigating to "http://localhost:4000/auth/login", waiting until "load"


       at helpers/page-helpers.ts:77

      75 |
      76 |     // Fallback: UI-based login
    > 77 |     await this.page.goto("/auth/login");
         |                     ^
      78 |     await this.page.waitForSelector("form", { timeout: 5_000 });
      79 |     
      80 |     const emailInput = this.page.locator('input[name="email"], input[name="username"], input[type="email"]').first();
        at AuthenticatedPage.loginViaApi (/home/tbaltzakis/cloudless.gr/e2e/helpers/page-helpers.ts:77:21)
        at /home/tbaltzakis/cloudless.gr/e2e/ui/pages/dashboard.spec.ts:21:5

    attachment #1: screenshot (image/png) ──────────────────────────────────────────────────────────
    test-results/ui-pages-dashboard-Dashboa-7ea2c-load-within-reasonable-time-chromium/test-failed-1.png
    ────────────────────────────────────────────────────────────────────────────────────────────────

    attachment #2: video (video/webm) ──────────────────────────────────────────────────────────────
    test-results/ui-pages-dashboard-Dashboa-7ea2c-load-within-reasonable-time-chromium/video.webm
    ────────────────────────────────────────────────────────────────────────────────────────────────

    Error Context: test-results/ui-pages-dashboard-Dashboa-7ea2c-load-within-reasonable-time-chromium/error-context.md

    Retry #1 ───────────────────────────────────────────────────────────────────────────────────────

    Error: page.goto: net::ERR_CONNECTION_REFUSED at http://localhost:4000/auth/login
    Call log:
      - navigating to "http://localhost:4000/auth/login", waiting until "load"


       at helpers/page-helpers.ts:77

      75 |
      76 |     // Fallback: UI-based login
    > 77 |     await this.page.goto("/auth/login");
         |                     ^
      78 |     await this.page.waitForSelector("form", { timeout: 5_000 });
      79 |     
      80 |     const emailInput = this.page.locator('input[name="email"], input[name="username"], input[type="email"]').first();
        at AuthenticatedPage.loginViaApi (/home/tbaltzakis/cloudless.gr/e2e/helpers/page-helpers.ts:77:21)
        at /home/tbaltzakis/cloudless.gr/e2e/ui/pages/dashboard.spec.ts:21:5

    attachment #1: screenshot (image/png) ──────────────────────────────────────────────────────────
    test-results/ui-pages-dashboard-Dashboa-7ea2c-load-within-reasonable-time-chromium-retry1/test-failed-1.png
    ────────────────────────────────────────────────────────────────────────────────────────────────

    attachment #2: video (video/webm) ──────────────────────────────────────────────────────────────
    test-results/ui-pages-dashboard-Dashboa-7ea2c-load-within-reasonable-time-chromium-retry1/video.webm
    ────────────────────────────────────────────────────────────────────────────────────────────────

    Error Context: test-results/ui-pages-dashboard-Dashboa-7ea2c-load-within-reasonable-time-chromium-retry1/error-context.md

    attachment #4: trace (application/zip) ─────────────────────────────────────────────────────────
    test-results/ui-pages-dashboard-Dashboa-7ea2c-load-within-reasonable-time-chromium-retry1/trace.zip
    Usage:

        npx playwright show-trace test-results/ui-pages-dashboard-Dashboa-7ea2c-load-within-reasonable-time-chromium-retry1/trace.zip

    ────────────────────────────────────────────────────────────────────────────────────────────────

  349) [chromium] › e2e/ui/pages/homepage.spec.ts:20:7 › Homepage › should load successfully ───────

    Error: page.goto: net::ERR_CONNECTION_REFUSED at http://localhost:4000/
    Call log:
      - navigating to "http://localhost:4000/", waiting until "load"


       at helpers/page-helpers.ts:13

      11 |
      12 |   async navigate(path: string) {
    > 13 |     await this.page.goto(path);
         |                     ^
      14 |     await this.page.waitForLoadState("networkidle");
      15 |   }
      16 |
        at BasePage.navigate (/home/tbaltzakis/cloudless.gr/e2e/helpers/page-helpers.ts:13:21)
        at /home/tbaltzakis/cloudless.gr/e2e/ui/pages/homepage.spec.ts:17:16

    attachment #1: screenshot (image/png) ──────────────────────────────────────────────────────────
    test-results/ui-pages-homepage-Homepage-should-load-successfully-chromium/test-failed-1.png
    ────────────────────────────────────────────────────────────────────────────────────────────────

    attachment #2: video (video/webm) ──────────────────────────────────────────────────────────────
    test-results/ui-pages-homepage-Homepage-should-load-successfully-chromium/video.webm
    ────────────────────────────────────────────────────────────────────────────────────────────────

    Error Context: test-results/ui-pages-homepage-Homepage-should-load-successfully-chromium/error-context.md

    Retry #1 ───────────────────────────────────────────────────────────────────────────────────────

    Error: page.goto: net::ERR_CONNECTION_REFUSED at http://localhost:4000/
    Call log:
      - navigating to "http://localhost:4000/", waiting until "load"


       at helpers/page-helpers.ts:13

      11 |
      12 |   async navigate(path: string) {
    > 13 |     await this.page.goto(path);
         |                     ^
      14 |     await this.page.waitForLoadState("networkidle");
      15 |   }
      16 |
        at BasePage.navigate (/home/tbaltzakis/cloudless.gr/e2e/helpers/page-helpers.ts:13:21)
        at /home/tbaltzakis/cloudless.gr/e2e/ui/pages/homepage.spec.ts:17:16

    attachment #1: screenshot (image/png) ──────────────────────────────────────────────────────────
    test-results/ui-pages-homepage-Homepage-should-load-successfully-chromium-retry1/test-failed-1.png
    ────────────────────────────────────────────────────────────────────────────────────────────────

    attachment #2: video (video/webm) ──────────────────────────────────────────────────────────────
    test-results/ui-pages-homepage-Homepage-should-load-successfully-chromium-retry1/video.webm
    ────────────────────────────────────────────────────────────────────────────────────────────────

    Error Context: test-results/ui-pages-homepage-Homepage-should-load-successfully-chromium-retry1/error-context.md

    attachment #4: trace (application/zip) ─────────────────────────────────────────────────────────
    test-results/ui-pages-homepage-Homepage-should-load-successfully-chromium-retry1/trace.zip
    Usage:

        npx playwright show-trace test-results/ui-pages-homepage-Homepage-should-load-successfully-chromium-retry1/trace.zip

    ────────────────────────────────────────────────────────────────────────────────────────────────

  350) [chromium] › e2e/ui/pages/homepage.spec.ts:28:7 › Homepage › should have visible navigation ─

    Error: page.goto: net::ERR_CONNECTION_REFUSED at http://localhost:4000/
    Call log:
      - navigating to "http://localhost:4000/", waiting until "load"


       at helpers/page-helpers.ts:13

      11 |
      12 |   async navigate(path: string) {
    > 13 |     await this.page.goto(path);
         |                     ^
      14 |     await this.page.waitForLoadState("networkidle");
      15 |   }
      16 |
        at BasePage.navigate (/home/tbaltzakis/cloudless.gr/e2e/helpers/page-helpers.ts:13:21)
        at /home/tbaltzakis/cloudless.gr/e2e/ui/pages/homepage.spec.ts:17:16

    attachment #1: screenshot (image/png) ──────────────────────────────────────────────────────────
    test-results/ui-pages-homepage-Homepage-should-have-visible-navigation-chromium/test-failed-1.png
    ────────────────────────────────────────────────────────────────────────────────────────────────

    attachment #2: video (video/webm) ──────────────────────────────────────────────────────────────
    test-results/ui-pages-homepage-Homepage-should-have-visible-navigation-chromium/video.webm
    ────────────────────────────────────────────────────────────────────────────────────────────────

    Error Context: test-results/ui-pages-homepage-Homepage-should-have-visible-navigation-chromium/error-context.md

    Retry #1 ───────────────────────────────────────────────────────────────────────────────────────

    Error: page.goto: net::ERR_CONNECTION_REFUSED at http://localhost:4000/
    Call log:
      - navigating to "http://localhost:4000/", waiting until "load"


       at helpers/page-helpers.ts:13

      11 |
      12 |   async navigate(path: string) {
    > 13 |     await this.page.goto(path);
         |                     ^
      14 |     await this.page.waitForLoadState("networkidle");
      15 |   }
      16 |
        at BasePage.navigate (/home/tbaltzakis/cloudless.gr/e2e/helpers/page-helpers.ts:13:21)
        at /home/tbaltzakis/cloudless.gr/e2e/ui/pages/homepage.spec.ts:17:16

    attachment #1: screenshot (image/png) ──────────────────────────────────────────────────────────
    test-results/ui-pages-homepage-Homepage-should-have-visible-navigation-chromium-retry1/test-failed-1.png
    ────────────────────────────────────────────────────────────────────────────────────────────────

    attachment #2: video (video/webm) ──────────────────────────────────────────────────────────────
    test-results/ui-pages-homepage-Homepage-should-have-visible-navigation-chromium-retry1/video.webm
    ────────────────────────────────────────────────────────────────────────────────────────────────

    Error Context: test-results/ui-pages-homepage-Homepage-should-have-visible-navigation-chromium-retry1/error-context.md

    attachment #4: trace (application/zip) ─────────────────────────────────────────────────────────
    test-results/ui-pages-homepage-Homepage-should-have-visible-navigation-chromium-retry1/trace.zip
    Usage:

        npx playwright show-trace test-results/ui-pages-homepage-Homepage-should-have-visible-navigation-chromium-retry1/trace.zip

    ────────────────────────────────────────────────────────────────────────────────────────────────

  351) [chromium] › e2e/ui/pages/homepage.spec.ts:37:7 › Homepage › should have hero section with call-to-action 

    Error: page.goto: net::ERR_CONNECTION_REFUSED at http://localhost:4000/
    Call log:
      - navigating to "http://localhost:4000/", waiting until "load"


       at helpers/page-helpers.ts:13

      11 |
      12 |   async navigate(path: string) {
    > 13 |     await this.page.goto(path);
         |                     ^
      14 |     await this.page.waitForLoadState("networkidle");
      15 |   }
      16 |
        at BasePage.navigate (/home/tbaltzakis/cloudless.gr/e2e/helpers/page-helpers.ts:13:21)
        at /home/tbaltzakis/cloudless.gr/e2e/ui/pages/homepage.spec.ts:17:16

    attachment #1: screenshot (image/png) ──────────────────────────────────────────────────────────
    test-results/ui-pages-homepage-Homepage-5c107-section-with-call-to-action-chromium/test-failed-1.png
    ────────────────────────────────────────────────────────────────────────────────────────────────

    attachment #2: video (video/webm) ──────────────────────────────────────────────────────────────
    test-results/ui-pages-homepage-Homepage-5c107-section-with-call-to-action-chromium/video.webm
    ────────────────────────────────────────────────────────────────────────────────────────────────

    Error Context: test-results/ui-pages-homepage-Homepage-5c107-section-with-call-to-action-chromium/error-context.md

    Retry #1 ───────────────────────────────────────────────────────────────────────────────────────

    Error: page.goto: net::ERR_CONNECTION_REFUSED at http://localhost:4000/
    Call log:
      - navigating to "http://localhost:4000/", waiting until "load"


       at helpers/page-helpers.ts:13

      11 |
      12 |   async navigate(path: string) {
    > 13 |     await this.page.goto(path);
         |                     ^
      14 |     await this.page.waitForLoadState("networkidle");
      15 |   }
      16 |
        at BasePage.navigate (/home/tbaltzakis/cloudless.gr/e2e/helpers/page-helpers.ts:13:21)
        at /home/tbaltzakis/cloudless.gr/e2e/ui/pages/homepage.spec.ts:17:16

    attachment #1: screenshot (image/png) ──────────────────────────────────────────────────────────
    test-results/ui-pages-homepage-Homepage-5c107-section-with-call-to-action-chromium-retry1/test-failed-1.png
    ────────────────────────────────────────────────────────────────────────────────────────────────

    attachment #2: video (video/webm) ──────────────────────────────────────────────────────────────
    test-results/ui-pages-homepage-Homepage-5c107-section-with-call-to-action-chromium-retry1/video.webm
    ────────────────────────────────────────────────────────────────────────────────────────────────

    Error Context: test-results/ui-pages-homepage-Homepage-5c107-section-with-call-to-action-chromium-retry1/error-context.md

    attachment #4: trace (application/zip) ─────────────────────────────────────────────────────────
    test-results/ui-pages-homepage-Homepage-5c107-section-with-call-to-action-chromium-retry1/trace.zip
    Usage:

        npx playwright show-trace test-results/ui-pages-homepage-Homepage-5c107-section-with-call-to-action-chromium-retry1/trace.zip

    ────────────────────────────────────────────────────────────────────────────────────────────────

  352) [chromium] › e2e/ui/pages/homepage.spec.ts:50:7 › Homepage › should have services section ───

    Error: page.goto: net::ERR_CONNECTION_REFUSED at http://localhost:4000/
    Call log:
      - navigating to "http://localhost:4000/", waiting until "load"


       at helpers/page-helpers.ts:13

      11 |
      12 |   async navigate(path: string) {
    > 13 |     await this.page.goto(path);
         |                     ^
      14 |     await this.page.waitForLoadState("networkidle");
      15 |   }
      16 |
        at BasePage.navigate (/home/tbaltzakis/cloudless.gr/e2e/helpers/page-helpers.ts:13:21)
        at /home/tbaltzakis/cloudless.gr/e2e/ui/pages/homepage.spec.ts:17:16

    attachment #1: screenshot (image/png) ──────────────────────────────────────────────────────────
    test-results/ui-pages-homepage-Homepage-should-have-services-section-chromium/test-failed-1.png
    ────────────────────────────────────────────────────────────────────────────────────────────────

    attachment #2: video (video/webm) ──────────────────────────────────────────────────────────────
    test-results/ui-pages-homepage-Homepage-should-have-services-section-chromium/video.webm
    ────────────────────────────────────────────────────────────────────────────────────────────────

    Error Context: test-results/ui-pages-homepage-Homepage-should-have-services-section-chromium/error-context.md

    Retry #1 ───────────────────────────────────────────────────────────────────────────────────────

    Error: page.goto: net::ERR_CONNECTION_REFUSED at http://localhost:4000/
    Call log:
      - navigating to "http://localhost:4000/", waiting until "load"


       at helpers/page-helpers.ts:13

      11 |
      12 |   async navigate(path: string) {
    > 13 |     await this.page.goto(path);
         |                     ^
      14 |     await this.page.waitForLoadState("networkidle");
      15 |   }
      16 |
        at BasePage.navigate (/home/tbaltzakis/cloudless.gr/e2e/helpers/page-helpers.ts:13:21)
        at /home/tbaltzakis/cloudless.gr/e2e/ui/pages/homepage.spec.ts:17:16

    attachment #1: screenshot (image/png) ──────────────────────────────────────────────────────────
    test-results/ui-pages-homepage-Homepage-should-have-services-section-chromium-retry1/test-failed-1.png
    ────────────────────────────────────────────────────────────────────────────────────────────────

    attachment #2: video (video/webm) ──────────────────────────────────────────────────────────────
    test-results/ui-pages-homepage-Homepage-should-have-services-section-chromium-retry1/video.webm
    ────────────────────────────────────────────────────────────────────────────────────────────────

    Error Context: test-results/ui-pages-homepage-Homepage-should-have-services-section-chromium-retry1/error-context.md

    attachment #4: trace (application/zip) ─────────────────────────────────────────────────────────
    test-results/ui-pages-homepage-Homepage-should-have-services-section-chromium-retry1/trace.zip
    Usage:

        npx playwright show-trace test-results/ui-pages-homepage-Homepage-should-have-services-section-chromium-retry1/trace.zip

    ────────────────────────────────────────────────────────────────────────────────────────────────

  353) [chromium] › e2e/ui/pages/homepage.spec.ts:63:7 › Homepage › should have call-to-action section 

    Error: page.goto: net::ERR_CONNECTION_REFUSED at http://localhost:4000/
    Call log:
      - navigating to "http://localhost:4000/", waiting until "load"


       at helpers/page-helpers.ts:13

      11 |
      12 |   async navigate(path: string) {
    > 13 |     await this.page.goto(path);
         |                     ^
      14 |     await this.page.waitForLoadState("networkidle");
      15 |   }
      16 |
        at BasePage.navigate (/home/tbaltzakis/cloudless.gr/e2e/helpers/page-helpers.ts:13:21)
        at /home/tbaltzakis/cloudless.gr/e2e/ui/pages/homepage.spec.ts:17:16

    attachment #1: screenshot (image/png) ──────────────────────────────────────────────────────────
    test-results/ui-pages-homepage-Homepage-3b9b9-have-call-to-action-section-chromium/test-failed-1.png
    ────────────────────────────────────────────────────────────────────────────────────────────────

    attachment #2: video (video/webm) ──────────────────────────────────────────────────────────────
    test-results/ui-pages-homepage-Homepage-3b9b9-have-call-to-action-section-chromium/video.webm
    ────────────────────────────────────────────────────────────────────────────────────────────────

    Error Context: test-results/ui-pages-homepage-Homepage-3b9b9-have-call-to-action-section-chromium/error-context.md

    Retry #1 ───────────────────────────────────────────────────────────────────────────────────────

    Error: page.goto: net::ERR_CONNECTION_REFUSED at http://localhost:4000/
    Call log:
      - navigating to "http://localhost:4000/", waiting until "load"


       at helpers/page-helpers.ts:13

      11 |
      12 |   async navigate(path: string) {
    > 13 |     await this.page.goto(path);
         |                     ^
      14 |     await this.page.waitForLoadState("networkidle");
      15 |   }
      16 |
        at BasePage.navigate (/home/tbaltzakis/cloudless.gr/e2e/helpers/page-helpers.ts:13:21)
        at /home/tbaltzakis/cloudless.gr/e2e/ui/pages/homepage.spec.ts:17:16

    attachment #1: screenshot (image/png) ──────────────────────────────────────────────────────────
    test-results/ui-pages-homepage-Homepage-3b9b9-have-call-to-action-section-chromium-retry1/test-failed-1.png
    ────────────────────────────────────────────────────────────────────────────────────────────────

    attachment #2: video (video/webm) ──────────────────────────────────────────────────────────────
    test-results/ui-pages-homepage-Homepage-3b9b9-have-call-to-action-section-chromium-retry1/video.webm
    ────────────────────────────────────────────────────────────────────────────────────────────────

    Error Context: test-results/ui-pages-homepage-Homepage-3b9b9-have-call-to-action-section-chromium-retry1/error-context.md

    attachment #4: trace (application/zip) ─────────────────────────────────────────────────────────
    test-results/ui-pages-homepage-Homepage-3b9b9-have-call-to-action-section-chromium-retry1/trace.zip
    Usage:

        npx playwright show-trace test-results/ui-pages-homepage-Homepage-3b9b9-have-call-to-action-section-chromium-retry1/trace.zip

    ────────────────────────────────────────────────────────────────────────────────────────────────

  354) [chromium] › e2e/ui/pages/homepage.spec.ts:76:7 › Homepage › should have footer with links ──

    Error: page.goto: net::ERR_CONNECTION_REFUSED at http://localhost:4000/
    Call log:
      - navigating to "http://localhost:4000/", waiting until "load"


       at helpers/page-helpers.ts:13

      11 |
      12 |   async navigate(path: string) {
    > 13 |     await this.page.goto(path);
         |                     ^
      14 |     await this.page.waitForLoadState("networkidle");
      15 |   }
      16 |
        at BasePage.navigate (/home/tbaltzakis/cloudless.gr/e2e/helpers/page-helpers.ts:13:21)
        at /home/tbaltzakis/cloudless.gr/e2e/ui/pages/homepage.spec.ts:17:16

    attachment #1: screenshot (image/png) ──────────────────────────────────────────────────────────
    test-results/ui-pages-homepage-Homepage-should-have-footer-with-links-chromium/test-failed-1.png
    ────────────────────────────────────────────────────────────────────────────────────────────────

    attachment #2: video (video/webm) ──────────────────────────────────────────────────────────────
    test-results/ui-pages-homepage-Homepage-should-have-footer-with-links-chromium/video.webm
    ────────────────────────────────────────────────────────────────────────────────────────────────

    Error Context: test-results/ui-pages-homepage-Homepage-should-have-footer-with-links-chromium/error-context.md

    Retry #1 ───────────────────────────────────────────────────────────────────────────────────────

    Error: page.goto: net::ERR_CONNECTION_REFUSED at http://localhost:4000/
    Call log:
      - navigating to "http://localhost:4000/", waiting until "load"


       at helpers/page-helpers.ts:13

      11 |
      12 |   async navigate(path: string) {
    > 13 |     await this.page.goto(path);
         |                     ^
      14 |     await this.page.waitForLoadState("networkidle");
      15 |   }
      16 |
        at BasePage.navigate (/home/tbaltzakis/cloudless.gr/e2e/helpers/page-helpers.ts:13:21)
        at /home/tbaltzakis/cloudless.gr/e2e/ui/pages/homepage.spec.ts:17:16

    attachment #1: screenshot (image/png) ──────────────────────────────────────────────────────────
    test-results/ui-pages-homepage-Homepage-should-have-footer-with-links-chromium-retry1/test-failed-1.png
    ────────────────────────────────────────────────────────────────────────────────────────────────

    attachment #2: video (video/webm) ──────────────────────────────────────────────────────────────
    test-results/ui-pages-homepage-Homepage-should-have-footer-with-links-chromium-retry1/video.webm
    ────────────────────────────────────────────────────────────────────────────────────────────────

    Error Context: test-results/ui-pages-homepage-Homepage-should-have-footer-with-links-chromium-retry1/error-context.md

    attachment #4: trace (application/zip) ─────────────────────────────────────────────────────────
    test-results/ui-pages-homepage-Homepage-should-have-footer-with-links-chromium-retry1/trace.zip
    Usage:

        npx playwright show-trace test-results/ui-pages-homepage-Homepage-should-have-footer-with-links-chromium-retry1/trace.zip

    ────────────────────────────────────────────────────────────────────────────────────────────────

  355) [chromium] › e2e/ui/pages/homepage.spec.ts:93:7 › Homepage › should have accessible navigation 

    Error: page.goto: net::ERR_CONNECTION_REFUSED at http://localhost:4000/
    Call log:
      - navigating to "http://localhost:4000/", waiting until "load"


       at helpers/page-helpers.ts:13

      11 |
      12 |   async navigate(path: string) {
    > 13 |     await this.page.goto(path);
         |                     ^
      14 |     await this.page.waitForLoadState("networkidle");
      15 |   }
      16 |
        at BasePage.navigate (/home/tbaltzakis/cloudless.gr/e2e/helpers/page-helpers.ts:13:21)
        at /home/tbaltzakis/cloudless.gr/e2e/ui/pages/homepage.spec.ts:17:16

    attachment #1: screenshot (image/png) ──────────────────────────────────────────────────────────
    test-results/ui-pages-homepage-Homepage-should-have-accessible-navigation-chromium/test-failed-1.png
    ────────────────────────────────────────────────────────────────────────────────────────────────

    attachment #2: video (video/webm) ──────────────────────────────────────────────────────────────
    test-results/ui-pages-homepage-Homepage-should-have-accessible-navigation-chromium/video.webm
    ────────────────────────────────────────────────────────────────────────────────────────────────

    Error Context: test-results/ui-pages-homepage-Homepage-should-have-accessible-navigation-chromium/error-context.md

    Retry #1 ───────────────────────────────────────────────────────────────────────────────────────

    Error: page.goto: net::ERR_CONNECTION_REFUSED at http://localhost:4000/
    Call log:
      - navigating to "http://localhost:4000/", waiting until "load"


       at helpers/page-helpers.ts:13

      11 |
      12 |   async navigate(path: string) {
    > 13 |     await this.page.goto(path);
         |                     ^
      14 |     await this.page.waitForLoadState("networkidle");
      15 |   }
      16 |
        at BasePage.navigate (/home/tbaltzakis/cloudless.gr/e2e/helpers/page-helpers.ts:13:21)
        at /home/tbaltzakis/cloudless.gr/e2e/ui/pages/homepage.spec.ts:17:16

    attachment #1: screenshot (image/png) ──────────────────────────────────────────────────────────
    test-results/ui-pages-homepage-Homepage-should-have-accessible-navigation-chromium-retry1/test-failed-1.png
    ────────────────────────────────────────────────────────────────────────────────────────────────

    attachment #2: video (video/webm) ──────────────────────────────────────────────────────────────
    test-results/ui-pages-homepage-Homepage-should-have-accessible-navigation-chromium-retry1/video.webm
    ────────────────────────────────────────────────────────────────────────────────────────────────

    Error Context: test-results/ui-pages-homepage-Homepage-should-have-accessible-navigation-chromium-retry1/error-context.md

    attachment #4: trace (application/zip) ─────────────────────────────────────────────────────────
    test-results/ui-pages-homepage-Homepage-should-have-accessible-navigation-chromium-retry1/trace.zip
    Usage:

        npx playwright show-trace test-results/ui-pages-homepage-Homepage-should-have-accessible-navigation-chromium-retry1/trace.zip

    ────────────────────────────────────────────────────────────────────────────────────────────────

  356) [chromium] › e2e/ui/pages/homepage.spec.ts:110:9 › Homepage › Responsive Design › should render correctly on mobile 

    Error: page.goto: net::ERR_CONNECTION_REFUSED at http://localhost:4000/
    Call log:
      - navigating to "http://localhost:4000/", waiting until "load"


       at helpers/page-helpers.ts:13

      11 |
      12 |   async navigate(path: string) {
    > 13 |     await this.page.goto(path);
         |                     ^
      14 |     await this.page.waitForLoadState("networkidle");
      15 |   }
      16 |
        at BasePage.navigate (/home/tbaltzakis/cloudless.gr/e2e/helpers/page-helpers.ts:13:21)
        at /home/tbaltzakis/cloudless.gr/e2e/ui/pages/homepage.spec.ts:17:16

    attachment #1: screenshot (image/png) ──────────────────────────────────────────────────────────
    test-results/ui-pages-homepage-Homepage-5ae23--render-correctly-on-mobile-chromium/test-failed-1.png
    ────────────────────────────────────────────────────────────────────────────────────────────────

    attachment #2: video (video/webm) ──────────────────────────────────────────────────────────────
    test-results/ui-pages-homepage-Homepage-5ae23--render-correctly-on-mobile-chromium/video.webm
    ────────────────────────────────────────────────────────────────────────────────────────────────

    Error Context: test-results/ui-pages-homepage-Homepage-5ae23--render-correctly-on-mobile-chromium/error-context.md

    Retry #1 ───────────────────────────────────────────────────────────────────────────────────────

    Error: page.goto: net::ERR_CONNECTION_REFUSED at http://localhost:4000/
    Call log:
      - navigating to "http://localhost:4000/", waiting until "load"


       at helpers/page-helpers.ts:13

      11 |
      12 |   async navigate(path: string) {
    > 13 |     await this.page.goto(path);
         |                     ^
      14 |     await this.page.waitForLoadState("networkidle");
      15 |   }
      16 |
        at BasePage.navigate (/home/tbaltzakis/cloudless.gr/e2e/helpers/page-helpers.ts:13:21)
        at /home/tbaltzakis/cloudless.gr/e2e/ui/pages/homepage.spec.ts:17:16

    attachment #1: screenshot (image/png) ──────────────────────────────────────────────────────────
    test-results/ui-pages-homepage-Homepage-5ae23--render-correctly-on-mobile-chromium-retry1/test-failed-1.png
    ────────────────────────────────────────────────────────────────────────────────────────────────

    attachment #2: video (video/webm) ──────────────────────────────────────────────────────────────
    test-results/ui-pages-homepage-Homepage-5ae23--render-correctly-on-mobile-chromium-retry1/video.webm
    ────────────────────────────────────────────────────────────────────────────────────────────────

    Error Context: test-results/ui-pages-homepage-Homepage-5ae23--render-correctly-on-mobile-chromium-retry1/error-context.md

    attachment #4: trace (application/zip) ─────────────────────────────────────────────────────────
    test-results/ui-pages-homepage-Homepage-5ae23--render-correctly-on-mobile-chromium-retry1/trace.zip
    Usage:

        npx playwright show-trace test-results/ui-pages-homepage-Homepage-5ae23--render-correctly-on-mobile-chromium-retry1/trace.zip

    ────────────────────────────────────────────────────────────────────────────────────────────────

  357) [chromium] › e2e/ui/pages/homepage.spec.ts:135:9 › Homepage › Responsive Design › should render correctly on tablet 

    Error: page.goto: net::ERR_CONNECTION_REFUSED at http://localhost:4000/
    Call log:
      - navigating to "http://localhost:4000/", waiting until "load"


       at helpers/page-helpers.ts:13

      11 |
      12 |   async navigate(path: string) {
    > 13 |     await this.page.goto(path);
         |                     ^
      14 |     await this.page.waitForLoadState("networkidle");
      15 |   }
      16 |
        at BasePage.navigate (/home/tbaltzakis/cloudless.gr/e2e/helpers/page-helpers.ts:13:21)
        at /home/tbaltzakis/cloudless.gr/e2e/ui/pages/homepage.spec.ts:17:16

    attachment #1: screenshot (image/png) ──────────────────────────────────────────────────────────
    test-results/ui-pages-homepage-Homepage-1b992--render-correctly-on-tablet-chromium/test-failed-1.png
    ────────────────────────────────────────────────────────────────────────────────────────────────

    attachment #2: video (video/webm) ──────────────────────────────────────────────────────────────
    test-results/ui-pages-homepage-Homepage-1b992--render-correctly-on-tablet-chromium/video.webm
    ────────────────────────────────────────────────────────────────────────────────────────────────

    Error Context: test-results/ui-pages-homepage-Homepage-1b992--render-correctly-on-tablet-chromium/error-context.md

    Retry #1 ───────────────────────────────────────────────────────────────────────────────────────

    Error: page.goto: net::ERR_CONNECTION_REFUSED at http://localhost:4000/
    Call log:
      - navigating to "http://localhost:4000/", waiting until "load"


       at helpers/page-helpers.ts:13

      11 |
      12 |   async navigate(path: string) {
    > 13 |     await this.page.goto(path);
         |                     ^
      14 |     await this.page.waitForLoadState("networkidle");
      15 |   }
      16 |
        at BasePage.navigate (/home/tbaltzakis/cloudless.gr/e2e/helpers/page-helpers.ts:13:21)
        at /home/tbaltzakis/cloudless.gr/e2e/ui/pages/homepage.spec.ts:17:16

    attachment #1: screenshot (image/png) ──────────────────────────────────────────────────────────
    test-results/ui-pages-homepage-Homepage-1b992--render-correctly-on-tablet-chromium-retry1/test-failed-1.png
    ────────────────────────────────────────────────────────────────────────────────────────────────

    attachment #2: video (video/webm) ──────────────────────────────────────────────────────────────
    test-results/ui-pages-homepage-Homepage-1b992--render-correctly-on-tablet-chromium-retry1/video.webm
    ────────────────────────────────────────────────────────────────────────────────────────────────

    Error Context: test-results/ui-pages-homepage-Homepage-1b992--render-correctly-on-tablet-chromium-retry1/error-context.md

    attachment #4: trace (application/zip) ─────────────────────────────────────────────────────────
    test-results/ui-pages-homepage-Homepage-1b992--render-correctly-on-tablet-chromium-retry1/trace.zip
    Usage:

        npx playwright show-trace test-results/ui-pages-homepage-Homepage-1b992--render-correctly-on-tablet-chromium-retry1/trace.zip

    ────────────────────────────────────────────────────────────────────────────────────────────────

  358) [chromium] › e2e/ui/pages/homepage.spec.ts:148:9 › Homepage › Responsive Design › should render correctly on desktop 

    Error: page.goto: net::ERR_CONNECTION_REFUSED at http://localhost:4000/
    Call log:
      - navigating to "http://localhost:4000/", waiting until "load"


       at helpers/page-helpers.ts:13

      11 |
      12 |   async navigate(path: string) {
    > 13 |     await this.page.goto(path);
         |                     ^
      14 |     await this.page.waitForLoadState("networkidle");
      15 |   }
      16 |
        at BasePage.navigate (/home/tbaltzakis/cloudless.gr/e2e/helpers/page-helpers.ts:13:21)
        at /home/tbaltzakis/cloudless.gr/e2e/ui/pages/homepage.spec.ts:17:16

    attachment #1: screenshot (image/png) ──────────────────────────────────────────────────────────
    test-results/ui-pages-homepage-Homepage-c6626-render-correctly-on-desktop-chromium/test-failed-1.png
    ────────────────────────────────────────────────────────────────────────────────────────────────

    attachment #2: video (video/webm) ──────────────────────────────────────────────────────────────
    test-results/ui-pages-homepage-Homepage-c6626-render-correctly-on-desktop-chromium/video.webm
    ────────────────────────────────────────────────────────────────────────────────────────────────

    Error Context: test-results/ui-pages-homepage-Homepage-c6626-render-correctly-on-desktop-chromium/error-context.md

    Retry #1 ───────────────────────────────────────────────────────────────────────────────────────

    Error: page.goto: net::ERR_CONNECTION_REFUSED at http://localhost:4000/
    Call log:
      - navigating to "http://localhost:4000/", waiting until "load"


       at helpers/page-helpers.ts:13

      11 |
      12 |   async navigate(path: string) {
    > 13 |     await this.page.goto(path);
         |                     ^
      14 |     await this.page.waitForLoadState("networkidle");
      15 |   }
      16 |
        at BasePage.navigate (/home/tbaltzakis/cloudless.gr/e2e/helpers/page-helpers.ts:13:21)
        at /home/tbaltzakis/cloudless.gr/e2e/ui/pages/homepage.spec.ts:17:16

    attachment #1: screenshot (image/png) ──────────────────────────────────────────────────────────
    test-results/ui-pages-homepage-Homepage-c6626-render-correctly-on-desktop-chromium-retry1/test-failed-1.png
    ────────────────────────────────────────────────────────────────────────────────────────────────

    attachment #2: video (video/webm) ──────────────────────────────────────────────────────────────
    test-results/ui-pages-homepage-Homepage-c6626-render-correctly-on-desktop-chromium-retry1/video.webm
    ────────────────────────────────────────────────────────────────────────────────────────────────

    Error Context: test-results/ui-pages-homepage-Homepage-c6626-render-correctly-on-desktop-chromium-retry1/error-context.md

    attachment #4: trace (application/zip) ─────────────────────────────────────────────────────────
    test-results/ui-pages-homepage-Homepage-c6626-render-correctly-on-desktop-chromium-retry1/trace.zip
    Usage:

        npx playwright show-trace test-results/ui-pages-homepage-Homepage-c6626-render-correctly-on-desktop-chromium-retry1/trace.zip

    ────────────────────────────────────────────────────────────────────────────────────────────────

  359) [chromium] › e2e/ui/pages/homepage.spec.ts:170:9 › Homepage › Navigation › should navigate to services page 

    Error: page.goto: net::ERR_CONNECTION_REFUSED at http://localhost:4000/
    Call log:
      - navigating to "http://localhost:4000/", waiting until "load"


       at helpers/page-helpers.ts:13

      11 |
      12 |   async navigate(path: string) {
    > 13 |     await this.page.goto(path);
         |                     ^
      14 |     await this.page.waitForLoadState("networkidle");
      15 |   }
      16 |
        at BasePage.navigate (/home/tbaltzakis/cloudless.gr/e2e/helpers/page-helpers.ts:13:21)
        at /home/tbaltzakis/cloudless.gr/e2e/ui/pages/homepage.spec.ts:17:16

    attachment #1: screenshot (image/png) ──────────────────────────────────────────────────────────
    test-results/ui-pages-homepage-Homepage-1d235-d-navigate-to-services-page-chromium/test-failed-1.png
    ────────────────────────────────────────────────────────────────────────────────────────────────

    attachment #2: video (video/webm) ──────────────────────────────────────────────────────────────
    test-results/ui-pages-homepage-Homepage-1d235-d-navigate-to-services-page-chromium/video.webm
    ────────────────────────────────────────────────────────────────────────────────────────────────

    Error Context: test-results/ui-pages-homepage-Homepage-1d235-d-navigate-to-services-page-chromium/error-context.md

    Retry #1 ───────────────────────────────────────────────────────────────────────────────────────

    Error: page.goto: net::ERR_CONNECTION_REFUSED at http://localhost:4000/
    Call log:
      - navigating to "http://localhost:4000/", waiting until "load"


       at helpers/page-helpers.ts:13

      11 |
      12 |   async navigate(path: string) {
    > 13 |     await this.page.goto(path);
         |                     ^
      14 |     await this.page.waitForLoadState("networkidle");
      15 |   }
      16 |
        at BasePage.navigate (/home/tbaltzakis/cloudless.gr/e2e/helpers/page-helpers.ts:13:21)
        at /home/tbaltzakis/cloudless.gr/e2e/ui/pages/homepage.spec.ts:17:16

    attachment #1: screenshot (image/png) ──────────────────────────────────────────────────────────
    test-results/ui-pages-homepage-Homepage-1d235-d-navigate-to-services-page-chromium-retry1/test-failed-1.png
    ────────────────────────────────────────────────────────────────────────────────────────────────

    attachment #2: video (video/webm) ──────────────────────────────────────────────────────────────
    test-results/ui-pages-homepage-Homepage-1d235-d-navigate-to-services-page-chromium-retry1/video.webm
    ────────────────────────────────────────────────────────────────────────────────────────────────

    Error Context: test-results/ui-pages-homepage-Homepage-1d235-d-navigate-to-services-page-chromium-retry1/error-context.md

    attachment #4: trace (application/zip) ─────────────────────────────────────────────────────────
    test-results/ui-pages-homepage-Homepage-1d235-d-navigate-to-services-page-chromium-retry1/trace.zip
    Usage:

        npx playwright show-trace test-results/ui-pages-homepage-Homepage-1d235-d-navigate-to-services-page-chromium-retry1/trace.zip

    ────────────────────────────────────────────────────────────────────────────────────────────────

  360) [chromium] › e2e/ui/pages/homepage.spec.ts:178:9 › Homepage › Navigation › should navigate to store page 

    Error: page.goto: net::ERR_CONNECTION_REFUSED at http://localhost:4000/
    Call log:
      - navigating to "http://localhost:4000/", waiting until "load"


       at helpers/page-helpers.ts:13

      11 |
      12 |   async navigate(path: string) {
    > 13 |     await this.page.goto(path);
         |                     ^
      14 |     await this.page.waitForLoadState("networkidle");
      15 |   }
      16 |
        at BasePage.navigate (/home/tbaltzakis/cloudless.gr/e2e/helpers/page-helpers.ts:13:21)
        at /home/tbaltzakis/cloudless.gr/e2e/ui/pages/homepage.spec.ts:17:16

    attachment #1: screenshot (image/png) ──────────────────────────────────────────────────────────
    test-results/ui-pages-homepage-Homepage-7e0cc-ould-navigate-to-store-page-chromium/test-failed-1.png
    ────────────────────────────────────────────────────────────────────────────────────────────────

    attachment #2: video (video/webm) ──────────────────────────────────────────────────────────────
    test-results/ui-pages-homepage-Homepage-7e0cc-ould-navigate-to-store-page-chromium/video.webm
    ────────────────────────────────────────────────────────────────────────────────────────────────

    Error Context: test-results/ui-pages-homepage-Homepage-7e0cc-ould-navigate-to-store-page-chromium/error-context.md

    Retry #1 ───────────────────────────────────────────────────────────────────────────────────────

    Error: page.goto: net::ERR_CONNECTION_REFUSED at http://localhost:4000/
    Call log:
      - navigating to "http://localhost:4000/", waiting until "load"


       at helpers/page-helpers.ts:13

      11 |
      12 |   async navigate(path: string) {
    > 13 |     await this.page.goto(path);
         |                     ^
      14 |     await this.page.waitForLoadState("networkidle");
      15 |   }
      16 |
        at BasePage.navigate (/home/tbaltzakis/cloudless.gr/e2e/helpers/page-helpers.ts:13:21)
        at /home/tbaltzakis/cloudless.gr/e2e/ui/pages/homepage.spec.ts:17:16

    attachment #1: screenshot (image/png) ──────────────────────────────────────────────────────────
    test-results/ui-pages-homepage-Homepage-7e0cc-ould-navigate-to-store-page-chromium-retry1/test-failed-1.png
    ────────────────────────────────────────────────────────────────────────────────────────────────

    attachment #2: video (video/webm) ──────────────────────────────────────────────────────────────
    test-results/ui-pages-homepage-Homepage-7e0cc-ould-navigate-to-store-page-chromium-retry1/video.webm
    ────────────────────────────────────────────────────────────────────────────────────────────────

    Error Context: test-results/ui-pages-homepage-Homepage-7e0cc-ould-navigate-to-store-page-chromium-retry1/error-context.md

    attachment #4: trace (application/zip) ─────────────────────────────────────────────────────────
    test-results/ui-pages-homepage-Homepage-7e0cc-ould-navigate-to-store-page-chromium-retry1/trace.zip
    Usage:

        npx playwright show-trace test-results/ui-pages-homepage-Homepage-7e0cc-ould-navigate-to-store-page-chromium-retry1/trace.zip

    ────────────────────────────────────────────────────────────────────────────────────────────────

  361) [chromium] › e2e/ui/pages/homepage.spec.ts:186:9 › Homepage › Navigation › should navigate to blog page 

    Error: page.goto: net::ERR_CONNECTION_REFUSED at http://localhost:4000/
    Call log:
      - navigating to "http://localhost:4000/", waiting until "load"


       at helpers/page-helpers.ts:13

      11 |
      12 |   async navigate(path: string) {
    > 13 |     await this.page.goto(path);
         |                     ^
      14 |     await this.page.waitForLoadState("networkidle");
      15 |   }
      16 |
        at BasePage.navigate (/home/tbaltzakis/cloudless.gr/e2e/helpers/page-helpers.ts:13:21)
        at /home/tbaltzakis/cloudless.gr/e2e/ui/pages/homepage.spec.ts:17:16

    attachment #1: screenshot (image/png) ──────────────────────────────────────────────────────────
    test-results/ui-pages-homepage-Homepage-8126f-hould-navigate-to-blog-page-chromium/test-failed-1.png
    ────────────────────────────────────────────────────────────────────────────────────────────────

    attachment #2: video (video/webm) ──────────────────────────────────────────────────────────────
    test-results/ui-pages-homepage-Homepage-8126f-hould-navigate-to-blog-page-chromium/video.webm
    ────────────────────────────────────────────────────────────────────────────────────────────────

    Error Context: test-results/ui-pages-homepage-Homepage-8126f-hould-navigate-to-blog-page-chromium/error-context.md

    Retry #1 ───────────────────────────────────────────────────────────────────────────────────────

    Error: page.goto: net::ERR_CONNECTION_REFUSED at http://localhost:4000/
    Call log:
      - navigating to "http://localhost:4000/", waiting until "load"


       at helpers/page-helpers.ts:13

      11 |
      12 |   async navigate(path: string) {
    > 13 |     await this.page.goto(path);
         |                     ^
      14 |     await this.page.waitForLoadState("networkidle");
      15 |   }
      16 |
        at BasePage.navigate (/home/tbaltzakis/cloudless.gr/e2e/helpers/page-helpers.ts:13:21)
        at /home/tbaltzakis/cloudless.gr/e2e/ui/pages/homepage.spec.ts:17:16

    attachment #1: screenshot (image/png) ──────────────────────────────────────────────────────────
    test-results/ui-pages-homepage-Homepage-8126f-hould-navigate-to-blog-page-chromium-retry1/test-failed-1.png
    ────────────────────────────────────────────────────────────────────────────────────────────────

    attachment #2: video (video/webm) ──────────────────────────────────────────────────────────────
    test-results/ui-pages-homepage-Homepage-8126f-hould-navigate-to-blog-page-chromium-retry1/video.webm
    ────────────────────────────────────────────────────────────────────────────────────────────────

    Error Context: test-results/ui-pages-homepage-Homepage-8126f-hould-navigate-to-blog-page-chromium-retry1/error-context.md

    attachment #4: trace (application/zip) ─────────────────────────────────────────────────────────
    test-results/ui-pages-homepage-Homepage-8126f-hould-navigate-to-blog-page-chromium-retry1/trace.zip
    Usage:

        npx playwright show-trace test-results/ui-pages-homepage-Homepage-8126f-hould-navigate-to-blog-page-chromium-retry1/trace.zip

    ────────────────────────────────────────────────────────────────────────────────────────────────

  362) [chromium] › e2e/ui/pages/homepage.spec.ts:194:9 › Homepage › Navigation › should navigate to contact page 

    Error: page.goto: net::ERR_CONNECTION_REFUSED at http://localhost:4000/
    Call log:
      - navigating to "http://localhost:4000/", waiting until "load"


       at helpers/page-helpers.ts:13

      11 |
      12 |   async navigate(path: string) {
    > 13 |     await this.page.goto(path);
         |                     ^
      14 |     await this.page.waitForLoadState("networkidle");
      15 |   }
      16 |
        at BasePage.navigate (/home/tbaltzakis/cloudless.gr/e2e/helpers/page-helpers.ts:13:21)
        at /home/tbaltzakis/cloudless.gr/e2e/ui/pages/homepage.spec.ts:17:16

    attachment #1: screenshot (image/png) ──────────────────────────────────────────────────────────
    test-results/ui-pages-homepage-Homepage-fc2ab-ld-navigate-to-contact-page-chromium/test-failed-1.png
    ────────────────────────────────────────────────────────────────────────────────────────────────

    attachment #2: video (video/webm) ──────────────────────────────────────────────────────────────
    test-results/ui-pages-homepage-Homepage-fc2ab-ld-navigate-to-contact-page-chromium/video.webm
    ────────────────────────────────────────────────────────────────────────────────────────────────

    Error Context: test-results/ui-pages-homepage-Homepage-fc2ab-ld-navigate-to-contact-page-chromium/error-context.md

    Retry #1 ───────────────────────────────────────────────────────────────────────────────────────

    Error: page.goto: net::ERR_CONNECTION_REFUSED at http://localhost:4000/
    Call log:
      - navigating to "http://localhost:4000/", waiting until "load"


       at helpers/page-helpers.ts:13

      11 |
      12 |   async navigate(path: string) {
    > 13 |     await this.page.goto(path);
         |                     ^
      14 |     await this.page.waitForLoadState("networkidle");
      15 |   }
      16 |
        at BasePage.navigate (/home/tbaltzakis/cloudless.gr/e2e/helpers/page-helpers.ts:13:21)
        at /home/tbaltzakis/cloudless.gr/e2e/ui/pages/homepage.spec.ts:17:16

    attachment #1: screenshot (image/png) ──────────────────────────────────────────────────────────
    test-results/ui-pages-homepage-Homepage-fc2ab-ld-navigate-to-contact-page-chromium-retry1/test-failed-1.png
    ────────────────────────────────────────────────────────────────────────────────────────────────

    attachment #2: video (video/webm) ──────────────────────────────────────────────────────────────
    test-results/ui-pages-homepage-Homepage-fc2ab-ld-navigate-to-contact-page-chromium-retry1/video.webm
    ────────────────────────────────────────────────────────────────────────────────────────────────

    Error Context: test-results/ui-pages-homepage-Homepage-fc2ab-ld-navigate-to-contact-page-chromium-retry1/error-context.md

    attachment #4: trace (application/zip) ─────────────────────────────────────────────────────────
    test-results/ui-pages-homepage-Homepage-fc2ab-ld-navigate-to-contact-page-chromium-retry1/trace.zip
    Usage:

        npx playwright show-trace test-results/ui-pages-homepage-Homepage-fc2ab-ld-navigate-to-contact-page-chromium-retry1/trace.zip

    ────────────────────────────────────────────────────────────────────────────────────────────────

  363) [chromium] › e2e/ui/pages/homepage.spec.ts:204:9 › Homepage › Performance › should load within reasonable time 

    Error: page.goto: net::ERR_CONNECTION_REFUSED at http://localhost:4000/
    Call log:
      - navigating to "http://localhost:4000/", waiting until "load"


       at helpers/page-helpers.ts:13

      11 |
      12 |   async navigate(path: string) {
    > 13 |     await this.page.goto(path);
         |                     ^
      14 |     await this.page.waitForLoadState("networkidle");
      15 |   }
      16 |
        at BasePage.navigate (/home/tbaltzakis/cloudless.gr/e2e/helpers/page-helpers.ts:13:21)
        at /home/tbaltzakis/cloudless.gr/e2e/ui/pages/homepage.spec.ts:17:16

    attachment #1: screenshot (image/png) ──────────────────────────────────────────────────────────
    test-results/ui-pages-homepage-Homepage-25ab8-load-within-reasonable-time-chromium/test-failed-1.png
    ────────────────────────────────────────────────────────────────────────────────────────────────

    attachment #2: video (video/webm) ──────────────────────────────────────────────────────────────
    test-results/ui-pages-homepage-Homepage-25ab8-load-within-reasonable-time-chromium/video.webm
    ────────────────────────────────────────────────────────────────────────────────────────────────

    Error Context: test-results/ui-pages-homepage-Homepage-25ab8-load-within-reasonable-time-chromium/error-context.md

    Retry #1 ───────────────────────────────────────────────────────────────────────────────────────

    Error: page.goto: net::ERR_CONNECTION_REFUSED at http://localhost:4000/
    Call log:
      - navigating to "http://localhost:4000/", waiting until "load"


       at helpers/page-helpers.ts:13

      11 |
      12 |   async navigate(path: string) {
    > 13 |     await this.page.goto(path);
         |                     ^
      14 |     await this.page.waitForLoadState("networkidle");
      15 |   }
      16 |
        at BasePage.navigate (/home/tbaltzakis/cloudless.gr/e2e/helpers/page-helpers.ts:13:21)
        at /home/tbaltzakis/cloudless.gr/e2e/ui/pages/homepage.spec.ts:17:16

    attachment #1: screenshot (image/png) ──────────────────────────────────────────────────────────
    test-results/ui-pages-homepage-Homepage-25ab8-load-within-reasonable-time-chromium-retry1/test-failed-1.png
    ────────────────────────────────────────────────────────────────────────────────────────────────

    attachment #2: video (video/webm) ──────────────────────────────────────────────────────────────
    test-results/ui-pages-homepage-Homepage-25ab8-load-within-reasonable-time-chromium-retry1/video.webm
    ────────────────────────────────────────────────────────────────────────────────────────────────

    Error Context: test-results/ui-pages-homepage-Homepage-25ab8-load-within-reasonable-time-chromium-retry1/error-context.md

    attachment #4: trace (application/zip) ─────────────────────────────────────────────────────────
    test-results/ui-pages-homepage-Homepage-25ab8-load-within-reasonable-time-chromium-retry1/trace.zip
    Usage:

        npx playwright show-trace test-results/ui-pages-homepage-Homepage-25ab8-load-within-reasonable-time-chromium-retry1/trace.zip

    ────────────────────────────────────────────────────────────────────────────────────────────────

  364) [chromium] › e2e/ui/pages/homepage.spec.ts:227:9 › Homepage › Performance › should have reasonable page size 

    Error: page.goto: net::ERR_CONNECTION_REFUSED at http://localhost:4000/
    Call log:
      - navigating to "http://localhost:4000/", waiting until "load"


       at helpers/page-helpers.ts:13

      11 |
      12 |   async navigate(path: string) {
    > 13 |     await this.page.goto(path);
         |                     ^
      14 |     await this.page.waitForLoadState("networkidle");
      15 |   }
      16 |
        at BasePage.navigate (/home/tbaltzakis/cloudless.gr/e2e/helpers/page-helpers.ts:13:21)
        at /home/tbaltzakis/cloudless.gr/e2e/ui/pages/homepage.spec.ts:17:16

    attachment #1: screenshot (image/png) ──────────────────────────────────────────────────────────
    test-results/ui-pages-homepage-Homepage-f3bc1-d-have-reasonable-page-size-chromium/test-failed-1.png
    ────────────────────────────────────────────────────────────────────────────────────────────────

    attachment #2: video (video/webm) ──────────────────────────────────────────────────────────────
    test-results/ui-pages-homepage-Homepage-f3bc1-d-have-reasonable-page-size-chromium/video.webm
    ────────────────────────────────────────────────────────────────────────────────────────────────

    Error Context: test-results/ui-pages-homepage-Homepage-f3bc1-d-have-reasonable-page-size-chromium/error-context.md

    Retry #1 ───────────────────────────────────────────────────────────────────────────────────────

    Error: page.goto: net::ERR_CONNECTION_REFUSED at http://localhost:4000/
    Call log:
      - navigating to "http://localhost:4000/", waiting until "load"


       at helpers/page-helpers.ts:13

      11 |
      12 |   async navigate(path: string) {
    > 13 |     await this.page.goto(path);
         |                     ^
      14 |     await this.page.waitForLoadState("networkidle");
      15 |   }
      16 |
        at BasePage.navigate (/home/tbaltzakis/cloudless.gr/e2e/helpers/page-helpers.ts:13:21)
        at /home/tbaltzakis/cloudless.gr/e2e/ui/pages/homepage.spec.ts:17:16

    attachment #1: screenshot (image/png) ──────────────────────────────────────────────────────────
    test-results/ui-pages-homepage-Homepage-f3bc1-d-have-reasonable-page-size-chromium-retry1/test-failed-1.png
    ────────────────────────────────────────────────────────────────────────────────────────────────

    attachment #2: video (video/webm) ──────────────────────────────────────────────────────────────
    test-results/ui-pages-homepage-Homepage-f3bc1-d-have-reasonable-page-size-chromium-retry1/video.webm
    ────────────────────────────────────────────────────────────────────────────────────────────────

    Error Context: test-results/ui-pages-homepage-Homepage-f3bc1-d-have-reasonable-page-size-chromium-retry1/error-context.md

    attachment #4: trace (application/zip) ─────────────────────────────────────────────────────────
    test-results/ui-pages-homepage-Homepage-f3bc1-d-have-reasonable-page-size-chromium-retry1/trace.zip
    Usage:

        npx playwright show-trace test-results/ui-pages-homepage-Homepage-f3bc1-d-have-reasonable-page-size-chromium-retry1/trace.zip

    ────────────────────────────────────────────────────────────────────────────────────────────────

  365) [chromium] › e2e/ui/pages/homepage.spec.ts:246:9 › Homepage › Accessibility › should have proper language attribute 

    Error: page.goto: net::ERR_CONNECTION_REFUSED at http://localhost:4000/
    Call log:
      - navigating to "http://localhost:4000/", waiting until "load"


       at helpers/page-helpers.ts:13

      11 |
      12 |   async navigate(path: string) {
    > 13 |     await this.page.goto(path);
         |                     ^
      14 |     await this.page.waitForLoadState("networkidle");
      15 |   }
      16 |
        at BasePage.navigate (/home/tbaltzakis/cloudless.gr/e2e/helpers/page-helpers.ts:13:21)
        at /home/tbaltzakis/cloudless.gr/e2e/ui/pages/homepage.spec.ts:17:16

    attachment #1: screenshot (image/png) ──────────────────────────────────────────────────────────
    test-results/ui-pages-homepage-Homepage-194e3-e-proper-language-attribute-chromium/test-failed-1.png
    ────────────────────────────────────────────────────────────────────────────────────────────────

    attachment #2: video (video/webm) ──────────────────────────────────────────────────────────────
    test-results/ui-pages-homepage-Homepage-194e3-e-proper-language-attribute-chromium/video.webm
    ────────────────────────────────────────────────────────────────────────────────────────────────

    Error Context: test-results/ui-pages-homepage-Homepage-194e3-e-proper-language-attribute-chromium/error-context.md

    Retry #1 ───────────────────────────────────────────────────────────────────────────────────────

    Error: page.goto: net::ERR_CONNECTION_REFUSED at http://localhost:4000/
    Call log:
      - navigating to "http://localhost:4000/", waiting until "load"


       at helpers/page-helpers.ts:13

      11 |
      12 |   async navigate(path: string) {
    > 13 |     await this.page.goto(path);
         |                     ^
      14 |     await this.page.waitForLoadState("networkidle");
      15 |   }
      16 |
        at BasePage.navigate (/home/tbaltzakis/cloudless.gr/e2e/helpers/page-helpers.ts:13:21)
        at /home/tbaltzakis/cloudless.gr/e2e/ui/pages/homepage.spec.ts:17:16

    attachment #1: screenshot (image/png) ──────────────────────────────────────────────────────────
    test-results/ui-pages-homepage-Homepage-194e3-e-proper-language-attribute-chromium-retry1/test-failed-1.png
    ────────────────────────────────────────────────────────────────────────────────────────────────

    attachment #2: video (video/webm) ──────────────────────────────────────────────────────────────
    test-results/ui-pages-homepage-Homepage-194e3-e-proper-language-attribute-chromium-retry1/video.webm
    ────────────────────────────────────────────────────────────────────────────────────────────────

    Error Context: test-results/ui-pages-homepage-Homepage-194e3-e-proper-language-attribute-chromium-retry1/error-context.md

    attachment #4: trace (application/zip) ─────────────────────────────────────────────────────────
    test-results/ui-pages-homepage-Homepage-194e3-e-proper-language-attribute-chromium-retry1/trace.zip
    Usage:

        npx playwright show-trace test-results/ui-pages-homepage-Homepage-194e3-e-proper-language-attribute-chromium-retry1/trace.zip

    ────────────────────────────────────────────────────────────────────────────────────────────────

  366) [chromium] › e2e/ui/pages/homepage.spec.ts:252:9 › Homepage › Accessibility › should have proper character encoding 

    Error: page.goto: net::ERR_CONNECTION_REFUSED at http://localhost:4000/
    Call log:
      - navigating to "http://localhost:4000/", waiting until "load"


       at helpers/page-helpers.ts:13

      11 |
      12 |   async navigate(path: string) {
    > 13 |     await this.page.goto(path);
         |                     ^
      14 |     await this.page.waitForLoadState("networkidle");
      15 |   }
      16 |
        at BasePage.navigate (/home/tbaltzakis/cloudless.gr/e2e/helpers/page-helpers.ts:13:21)
        at /home/tbaltzakis/cloudless.gr/e2e/ui/pages/homepage.spec.ts:17:16

    attachment #1: screenshot (image/png) ──────────────────────────────────────────────────────────
    test-results/ui-pages-homepage-Homepage-76321-e-proper-character-encoding-chromium/test-failed-1.png
    ────────────────────────────────────────────────────────────────────────────────────────────────

    attachment #2: video (video/webm) ──────────────────────────────────────────────────────────────
    test-results/ui-pages-homepage-Homepage-76321-e-proper-character-encoding-chromium/video.webm
    ────────────────────────────────────────────────────────────────────────────────────────────────

    Error Context: test-results/ui-pages-homepage-Homepage-76321-e-proper-character-encoding-chromium/error-context.md

    Retry #1 ───────────────────────────────────────────────────────────────────────────────────────

    Error: page.goto: net::ERR_CONNECTION_REFUSED at http://localhost:4000/
    Call log:
      - navigating to "http://localhost:4000/", waiting until "load"


       at helpers/page-helpers.ts:13

      11 |
      12 |   async navigate(path: string) {
    > 13 |     await this.page.goto(path);
         |                     ^
      14 |     await this.page.waitForLoadState("networkidle");
      15 |   }
      16 |
        at BasePage.navigate (/home/tbaltzakis/cloudless.gr/e2e/helpers/page-helpers.ts:13:21)
        at /home/tbaltzakis/cloudless.gr/e2e/ui/pages/homepage.spec.ts:17:16

    attachment #1: screenshot (image/png) ──────────────────────────────────────────────────────────
    test-results/ui-pages-homepage-Homepage-76321-e-proper-character-encoding-chromium-retry1/test-failed-1.png
    ────────────────────────────────────────────────────────────────────────────────────────────────

    attachment #2: video (video/webm) ──────────────────────────────────────────────────────────────
    test-results/ui-pages-homepage-Homepage-76321-e-proper-character-encoding-chromium-retry1/video.webm
    ────────────────────────────────────────────────────────────────────────────────────────────────

    Error Context: test-results/ui-pages-homepage-Homepage-76321-e-proper-character-encoding-chromium-retry1/error-context.md

    attachment #4: trace (application/zip) ─────────────────────────────────────────────────────────
    test-results/ui-pages-homepage-Homepage-76321-e-proper-character-encoding-chromium-retry1/trace.zip
    Usage:

        npx playwright show-trace test-results/ui-pages-homepage-Homepage-76321-e-proper-character-encoding-chromium-retry1/trace.zip

    ────────────────────────────────────────────────────────────────────────────────────────────────

  367) [chromium] › e2e/ui/pages/homepage.spec.ts:260:9 › Homepage › Accessibility › should have viewport meta tag 

    Error: page.goto: net::ERR_CONNECTION_REFUSED at http://localhost:4000/
    Call log:
      - navigating to "http://localhost:4000/", waiting until "load"


       at helpers/page-helpers.ts:13

      11 |
      12 |   async navigate(path: string) {
    > 13 |     await this.page.goto(path);
         |                     ^
      14 |     await this.page.waitForLoadState("networkidle");
      15 |   }
      16 |
        at BasePage.navigate (/home/tbaltzakis/cloudless.gr/e2e/helpers/page-helpers.ts:13:21)
        at /home/tbaltzakis/cloudless.gr/e2e/ui/pages/homepage.spec.ts:17:16

    attachment #1: screenshot (image/png) ──────────────────────────────────────────────────────────
    test-results/ui-pages-homepage-Homepage-4f14c-ould-have-viewport-meta-tag-chromium/test-failed-1.png
    ────────────────────────────────────────────────────────────────────────────────────────────────

    attachment #2: video (video/webm) ──────────────────────────────────────────────────────────────
    test-results/ui-pages-homepage-Homepage-4f14c-ould-have-viewport-meta-tag-chromium/video.webm
    ────────────────────────────────────────────────────────────────────────────────────────────────

    Error Context: test-results/ui-pages-homepage-Homepage-4f14c-ould-have-viewport-meta-tag-chromium/error-context.md

    Retry #1 ───────────────────────────────────────────────────────────────────────────────────────

    Error: page.goto: net::ERR_CONNECTION_REFUSED at http://localhost:4000/
    Call log:
      - navigating to "http://localhost:4000/", waiting until "load"


       at helpers/page-helpers.ts:13

      11 |
      12 |   async navigate(path: string) {
    > 13 |     await this.page.goto(path);
         |                     ^
      14 |     await this.page.waitForLoadState("networkidle");
      15 |   }
      16 |
        at BasePage.navigate (/home/tbaltzakis/cloudless.gr/e2e/helpers/page-helpers.ts:13:21)
        at /home/tbaltzakis/cloudless.gr/e2e/ui/pages/homepage.spec.ts:17:16

    attachment #1: screenshot (image/png) ──────────────────────────────────────────────────────────
    test-results/ui-pages-homepage-Homepage-4f14c-ould-have-viewport-meta-tag-chromium-retry1/test-failed-1.png
    ────────────────────────────────────────────────────────────────────────────────────────────────

    attachment #2: video (video/webm) ──────────────────────────────────────────────────────────────
    test-results/ui-pages-homepage-Homepage-4f14c-ould-have-viewport-meta-tag-chromium-retry1/video.webm
    ────────────────────────────────────────────────────────────────────────────────────────────────

    Error Context: test-results/ui-pages-homepage-Homepage-4f14c-ould-have-viewport-meta-tag-chromium-retry1/error-context.md

    attachment #4: trace (application/zip) ─────────────────────────────────────────────────────────
    test-results/ui-pages-homepage-Homepage-4f14c-ould-have-viewport-meta-tag-chromium-retry1/trace.zip
    Usage:

        npx playwright show-trace test-results/ui-pages-homepage-Homepage-4f14c-ould-have-viewport-meta-tag-chromium-retry1/trace.zip

    ────────────────────────────────────────────────────────────────────────────────────────────────

  368) [chromium] › e2e/ui/pages/homepage.spec.ts:269:9 › Homepage › Accessibility › should have sufficient color contrast (basic check) 

    Error: page.goto: net::ERR_CONNECTION_REFUSED at http://localhost:4000/
    Call log:
      - navigating to "http://localhost:4000/", waiting until "load"


       at helpers/page-helpers.ts:13

      11 |
      12 |   async navigate(path: string) {
    > 13 |     await this.page.goto(path);
         |                     ^
      14 |     await this.page.waitForLoadState("networkidle");
      15 |   }
      16 |
        at BasePage.navigate (/home/tbaltzakis/cloudless.gr/e2e/helpers/page-helpers.ts:13:21)
        at /home/tbaltzakis/cloudless.gr/e2e/ui/pages/homepage.spec.ts:17:16

    attachment #1: screenshot (image/png) ──────────────────────────────────────────────────────────
    test-results/ui-pages-homepage-Homepage-7a2a0-color-contrast-basic-check--chromium/test-failed-1.png
    ────────────────────────────────────────────────────────────────────────────────────────────────

    attachment #2: video (video/webm) ──────────────────────────────────────────────────────────────
    test-results/ui-pages-homepage-Homepage-7a2a0-color-contrast-basic-check--chromium/video.webm
    ────────────────────────────────────────────────────────────────────────────────────────────────

    Error Context: test-results/ui-pages-homepage-Homepage-7a2a0-color-contrast-basic-check--chromium/error-context.md

    Retry #1 ───────────────────────────────────────────────────────────────────────────────────────

    Error: page.goto: net::ERR_CONNECTION_REFUSED at http://localhost:4000/
    Call log:
      - navigating to "http://localhost:4000/", waiting until "load"


       at helpers/page-helpers.ts:13

      11 |
      12 |   async navigate(path: string) {
    > 13 |     await this.page.goto(path);
         |                     ^
      14 |     await this.page.waitForLoadState("networkidle");
      15 |   }
      16 |
        at BasePage.navigate (/home/tbaltzakis/cloudless.gr/e2e/helpers/page-helpers.ts:13:21)
        at /home/tbaltzakis/cloudless.gr/e2e/ui/pages/homepage.spec.ts:17:16

    attachment #1: screenshot (image/png) ──────────────────────────────────────────────────────────
    test-results/ui-pages-homepage-Homepage-7a2a0-color-contrast-basic-check--chromium-retry1/test-failed-1.png
    ────────────────────────────────────────────────────────────────────────────────────────────────

    attachment #2: video (video/webm) ──────────────────────────────────────────────────────────────
    test-results/ui-pages-homepage-Homepage-7a2a0-color-contrast-basic-check--chromium-retry1/video.webm
    ────────────────────────────────────────────────────────────────────────────────────────────────

    Error Context: test-results/ui-pages-homepage-Homepage-7a2a0-color-contrast-basic-check--chromium-retry1/error-context.md

    attachment #4: trace (application/zip) ─────────────────────────────────────────────────────────
    test-results/ui-pages-homepage-Homepage-7a2a0-color-contrast-basic-check--chromium-retry1/trace.zip
    Usage:

        npx playwright show-trace test-results/ui-pages-homepage-Homepage-7a2a0-color-contrast-basic-check--chromium-retry1/trace.zip

    ────────────────────────────────────────────────────────────────────────────────────────────────

  369) [chromium] › e2e/ui/pages/homepage.spec.ts:292:9 › Homepage › SEO Basics › should have title tag 

    Error: page.goto: net::ERR_CONNECTION_REFUSED at http://localhost:4000/
    Call log:
      - navigating to "http://localhost:4000/", waiting until "load"


       at helpers/page-helpers.ts:13

      11 |
      12 |   async navigate(path: string) {
    > 13 |     await this.page.goto(path);
         |                     ^
      14 |     await this.page.waitForLoadState("networkidle");
      15 |   }
      16 |
        at BasePage.navigate (/home/tbaltzakis/cloudless.gr/e2e/helpers/page-helpers.ts:13:21)
        at /home/tbaltzakis/cloudless.gr/e2e/ui/pages/homepage.spec.ts:17:16

    attachment #1: screenshot (image/png) ──────────────────────────────────────────────────────────
    test-results/ui-pages-homepage-Homepage-SEO-Basics-should-have-title-tag-chromium/test-failed-1.png
    ────────────────────────────────────────────────────────────────────────────────────────────────

    attachment #2: video (video/webm) ──────────────────────────────────────────────────────────────
    test-results/ui-pages-homepage-Homepage-SEO-Basics-should-have-title-tag-chromium/video.webm
    ────────────────────────────────────────────────────────────────────────────────────────────────

    Error Context: test-results/ui-pages-homepage-Homepage-SEO-Basics-should-have-title-tag-chromium/error-context.md

    Retry #1 ───────────────────────────────────────────────────────────────────────────────────────

    Error: page.goto: net::ERR_CONNECTION_REFUSED at http://localhost:4000/
    Call log:
      - navigating to "http://localhost:4000/", waiting until "load"


       at helpers/page-helpers.ts:13

      11 |
      12 |   async navigate(path: string) {
    > 13 |     await this.page.goto(path);
         |                     ^
      14 |     await this.page.waitForLoadState("networkidle");
      15 |   }
      16 |
        at BasePage.navigate (/home/tbaltzakis/cloudless.gr/e2e/helpers/page-helpers.ts:13:21)
        at /home/tbaltzakis/cloudless.gr/e2e/ui/pages/homepage.spec.ts:17:16

    attachment #1: screenshot (image/png) ──────────────────────────────────────────────────────────
    test-results/ui-pages-homepage-Homepage-SEO-Basics-should-have-title-tag-chromium-retry1/test-failed-1.png
    ────────────────────────────────────────────────────────────────────────────────────────────────

    attachment #2: video (video/webm) ──────────────────────────────────────────────────────────────
    test-results/ui-pages-homepage-Homepage-SEO-Basics-should-have-title-tag-chromium-retry1/video.webm
    ────────────────────────────────────────────────────────────────────────────────────────────────

    Error Context: test-results/ui-pages-homepage-Homepage-SEO-Basics-should-have-title-tag-chromium-retry1/error-context.md

    attachment #4: trace (application/zip) ─────────────────────────────────────────────────────────
    test-results/ui-pages-homepage-Homepage-SEO-Basics-should-have-title-tag-chromium-retry1/trace.zip
    Usage:

        npx playwright show-trace test-results/ui-pages-homepage-Homepage-SEO-Basics-should-have-title-tag-chromium-retry1/trace.zip

    ────────────────────────────────────────────────────────────────────────────────────────────────

  370) [chromium] › e2e/ui/pages/homepage.spec.ts:299:9 › Homepage › SEO Basics › should have meta description 

    Error: page.goto: net::ERR_CONNECTION_REFUSED at http://localhost:4000/
    Call log:
      - navigating to "http://localhost:4000/", waiting until "load"


       at helpers/page-helpers.ts:13

      11 |
      12 |   async navigate(path: string) {
    > 13 |     await this.page.goto(path);
         |                     ^
      14 |     await this.page.waitForLoadState("networkidle");
      15 |   }
      16 |
        at BasePage.navigate (/home/tbaltzakis/cloudless.gr/e2e/helpers/page-helpers.ts:13:21)
        at /home/tbaltzakis/cloudless.gr/e2e/ui/pages/homepage.spec.ts:17:16

    attachment #1: screenshot (image/png) ──────────────────────────────────────────────────────────
    test-results/ui-pages-homepage-Homepage-0464f-hould-have-meta-description-chromium/test-failed-1.png
    ────────────────────────────────────────────────────────────────────────────────────────────────

    attachment #2: video (video/webm) ──────────────────────────────────────────────────────────────
    test-results/ui-pages-homepage-Homepage-0464f-hould-have-meta-description-chromium/video.webm
    ────────────────────────────────────────────────────────────────────────────────────────────────

    Error Context: test-results/ui-pages-homepage-Homepage-0464f-hould-have-meta-description-chromium/error-context.md

    Retry #1 ───────────────────────────────────────────────────────────────────────────────────────

    Error: page.goto: net::ERR_CONNECTION_REFUSED at http://localhost:4000/
    Call log:
      - navigating to "http://localhost:4000/", waiting until "load"


       at helpers/page-helpers.ts:13

      11 |
      12 |   async navigate(path: string) {
    > 13 |     await this.page.goto(path);
         |                     ^
      14 |     await this.page.waitForLoadState("networkidle");
      15 |   }
      16 |
        at BasePage.navigate (/home/tbaltzakis/cloudless.gr/e2e/helpers/page-helpers.ts:13:21)
        at /home/tbaltzakis/cloudless.gr/e2e/ui/pages/homepage.spec.ts:17:16

    attachment #1: screenshot (image/png) ──────────────────────────────────────────────────────────
    test-results/ui-pages-homepage-Homepage-0464f-hould-have-meta-description-chromium-retry1/test-failed-1.png
    ────────────────────────────────────────────────────────────────────────────────────────────────

    attachment #2: video (video/webm) ──────────────────────────────────────────────────────────────
    test-results/ui-pages-homepage-Homepage-0464f-hould-have-meta-description-chromium-retry1/video.webm
    ────────────────────────────────────────────────────────────────────────────────────────────────

    Error Context: test-results/ui-pages-homepage-Homepage-0464f-hould-have-meta-description-chromium-retry1/error-context.md

    attachment #4: trace (application/zip) ─────────────────────────────────────────────────────────
    test-results/ui-pages-homepage-Homepage-0464f-hould-have-meta-description-chromium-retry1/trace.zip
    Usage:

        npx playwright show-trace test-results/ui-pages-homepage-Homepage-0464f-hould-have-meta-description-chromium-retry1/trace.zip

    ────────────────────────────────────────────────────────────────────────────────────────────────

  371) [chromium] › e2e/ui/pages/homepage.spec.ts:309:9 › Homepage › SEO Basics › should have canonical URL 

    Error: page.goto: net::ERR_CONNECTION_REFUSED at http://localhost:4000/
    Call log:
      - navigating to "http://localhost:4000/", waiting until "load"


       at helpers/page-helpers.ts:13

      11 |
      12 |   async navigate(path: string) {
    > 13 |     await this.page.goto(path);
         |                     ^
      14 |     await this.page.waitForLoadState("networkidle");
      15 |   }
      16 |
        at BasePage.navigate (/home/tbaltzakis/cloudless.gr/e2e/helpers/page-helpers.ts:13:21)
        at /home/tbaltzakis/cloudless.gr/e2e/ui/pages/homepage.spec.ts:17:16

    attachment #1: screenshot (image/png) ──────────────────────────────────────────────────────────
    test-results/ui-pages-homepage-Homepage-22e57-s-should-have-canonical-URL-chromium/test-failed-1.png
    ────────────────────────────────────────────────────────────────────────────────────────────────

    attachment #2: video (video/webm) ──────────────────────────────────────────────────────────────
    test-results/ui-pages-homepage-Homepage-22e57-s-should-have-canonical-URL-chromium/video.webm
    ────────────────────────────────────────────────────────────────────────────────────────────────

    Error Context: test-results/ui-pages-homepage-Homepage-22e57-s-should-have-canonical-URL-chromium/error-context.md

    Retry #1 ───────────────────────────────────────────────────────────────────────────────────────

    Error: page.goto: net::ERR_CONNECTION_REFUSED at http://localhost:4000/
    Call log:
      - navigating to "http://localhost:4000/", waiting until "load"


       at helpers/page-helpers.ts:13

      11 |
      12 |   async navigate(path: string) {
    > 13 |     await this.page.goto(path);
         |                     ^
      14 |     await this.page.waitForLoadState("networkidle");
      15 |   }
      16 |
        at BasePage.navigate (/home/tbaltzakis/cloudless.gr/e2e/helpers/page-helpers.ts:13:21)
        at /home/tbaltzakis/cloudless.gr/e2e/ui/pages/homepage.spec.ts:17:16

    attachment #1: screenshot (image/png) ──────────────────────────────────────────────────────────
    test-results/ui-pages-homepage-Homepage-22e57-s-should-have-canonical-URL-chromium-retry1/test-failed-1.png
    ────────────────────────────────────────────────────────────────────────────────────────────────

    attachment #2: video (video/webm) ──────────────────────────────────────────────────────────────
    test-results/ui-pages-homepage-Homepage-22e57-s-should-have-canonical-URL-chromium-retry1/video.webm
    ────────────────────────────────────────────────────────────────────────────────────────────────

    Error Context: test-results/ui-pages-homepage-Homepage-22e57-s-should-have-canonical-URL-chromium-retry1/error-context.md

    attachment #4: trace (application/zip) ─────────────────────────────────────────────────────────
    test-results/ui-pages-homepage-Homepage-22e57-s-should-have-canonical-URL-chromium-retry1/trace.zip
    Usage:

        npx playwright show-trace test-results/ui-pages-homepage-Homepage-22e57-s-should-have-canonical-URL-chromium-retry1/trace.zip

    ────────────────────────────────────────────────────────────────────────────────────────────────

  372) [chromium] › e2e/ui/pages/homepage.spec.ts:319:9 › Homepage › SEO Basics › should have open graph tags 

    Error: page.goto: net::ERR_CONNECTION_REFUSED at http://localhost:4000/
    Call log:
      - navigating to "http://localhost:4000/", waiting until "load"


       at helpers/page-helpers.ts:13

      11 |
      12 |   async navigate(path: string) {
    > 13 |     await this.page.goto(path);
         |                     ^
      14 |     await this.page.waitForLoadState("networkidle");
      15 |   }
      16 |
        at BasePage.navigate (/home/tbaltzakis/cloudless.gr/e2e/helpers/page-helpers.ts:13:21)
        at /home/tbaltzakis/cloudless.gr/e2e/ui/pages/homepage.spec.ts:17:16

    attachment #1: screenshot (image/png) ──────────────────────────────────────────────────────────
    test-results/ui-pages-homepage-Homepage-160fe-should-have-open-graph-tags-chromium/test-failed-1.png
    ────────────────────────────────────────────────────────────────────────────────────────────────

    attachment #2: video (video/webm) ──────────────────────────────────────────────────────────────
    test-results/ui-pages-homepage-Homepage-160fe-should-have-open-graph-tags-chromium/video.webm
    ────────────────────────────────────────────────────────────────────────────────────────────────

    Error Context: test-results/ui-pages-homepage-Homepage-160fe-should-have-open-graph-tags-chromium/error-context.md

    Retry #1 ───────────────────────────────────────────────────────────────────────────────────────

    Error: page.goto: net::ERR_CONNECTION_REFUSED at http://localhost:4000/
    Call log:
      - navigating to "http://localhost:4000/", waiting until "load"


       at helpers/page-helpers.ts:13

      11 |
      12 |   async navigate(path: string) {
    > 13 |     await this.page.goto(path);
         |                     ^
      14 |     await this.page.waitForLoadState("networkidle");
      15 |   }
      16 |
        at BasePage.navigate (/home/tbaltzakis/cloudless.gr/e2e/helpers/page-helpers.ts:13:21)
        at /home/tbaltzakis/cloudless.gr/e2e/ui/pages/homepage.spec.ts:17:16

    attachment #1: screenshot (image/png) ──────────────────────────────────────────────────────────
    test-results/ui-pages-homepage-Homepage-160fe-should-have-open-graph-tags-chromium-retry1/test-failed-1.png
    ────────────────────────────────────────────────────────────────────────────────────────────────

    attachment #2: video (video/webm) ──────────────────────────────────────────────────────────────
    test-results/ui-pages-homepage-Homepage-160fe-should-have-open-graph-tags-chromium-retry1/video.webm
    ────────────────────────────────────────────────────────────────────────────────────────────────

    Error Context: test-results/ui-pages-homepage-Homepage-160fe-should-have-open-graph-tags-chromium-retry1/error-context.md

    attachment #4: trace (application/zip) ─────────────────────────────────────────────────────────
    test-results/ui-pages-homepage-Homepage-160fe-should-have-open-graph-tags-chromium-retry1/trace.zip
    Usage:

        npx playwright show-trace test-results/ui-pages-homepage-Homepage-160fe-should-have-open-graph-tags-chromium-retry1/trace.zip

    ────────────────────────────────────────────────────────────────────────────────────────────────

  373) [chromium] › e2e/ui/pages/services.spec.ts:22:7 › Services Page › should load successfully ──

    Error: page.goto: net::ERR_CONNECTION_REFUSED at http://localhost:4000/services
    Call log:
      - navigating to "http://localhost:4000/services", waiting until "load"


       at helpers/page-helpers.ts:13

      11 |
      12 |   async navigate(path: string) {
    > 13 |     await this.page.goto(path);
         |                     ^
      14 |     await this.page.waitForLoadState("networkidle");
      15 |   }
      16 |
        at BasePage.navigate (/home/tbaltzakis/cloudless.gr/e2e/helpers/page-helpers.ts:13:21)
        at /home/tbaltzakis/cloudless.gr/e2e/ui/pages/services.spec.ts:19:16

    attachment #1: screenshot (image/png) ──────────────────────────────────────────────────────────
    test-results/ui-pages-services-Services-Page-should-load-successfully-chromium/test-failed-1.png
    ────────────────────────────────────────────────────────────────────────────────────────────────

    attachment #2: video (video/webm) ──────────────────────────────────────────────────────────────
    test-results/ui-pages-services-Services-Page-should-load-successfully-chromium/video.webm
    ────────────────────────────────────────────────────────────────────────────────────────────────

    Error Context: test-results/ui-pages-services-Services-Page-should-load-successfully-chromium/error-context.md

    Retry #1 ───────────────────────────────────────────────────────────────────────────────────────

    Error: page.goto: net::ERR_CONNECTION_REFUSED at http://localhost:4000/services
    Call log:
      - navigating to "http://localhost:4000/services", waiting until "load"


       at helpers/page-helpers.ts:13

      11 |
      12 |   async navigate(path: string) {
    > 13 |     await this.page.goto(path);
         |                     ^
      14 |     await this.page.waitForLoadState("networkidle");
      15 |   }
      16 |
        at BasePage.navigate (/home/tbaltzakis/cloudless.gr/e2e/helpers/page-helpers.ts:13:21)
        at /home/tbaltzakis/cloudless.gr/e2e/ui/pages/services.spec.ts:19:16

    attachment #1: screenshot (image/png) ──────────────────────────────────────────────────────────
    test-results/ui-pages-services-Services-Page-should-load-successfully-chromium-retry1/test-failed-1.png
    ────────────────────────────────────────────────────────────────────────────────────────────────

    attachment #2: video (video/webm) ──────────────────────────────────────────────────────────────
    test-results/ui-pages-services-Services-Page-should-load-successfully-chromium-retry1/video.webm
    ────────────────────────────────────────────────────────────────────────────────────────────────

    Error Context: test-results/ui-pages-services-Services-Page-should-load-successfully-chromium-retry1/error-context.md

    attachment #4: trace (application/zip) ─────────────────────────────────────────────────────────
    test-results/ui-pages-services-Services-Page-should-load-successfully-chromium-retry1/trace.zip
    Usage:

        npx playwright show-trace test-results/ui-pages-services-Services-Page-should-load-successfully-chromium-retry1/trace.zip

    ────────────────────────────────────────────────────────────────────────────────────────────────

  374) [chromium] › e2e/ui/pages/services.spec.ts:30:7 › Services Page › should have services grid or list 

    Error: page.goto: net::ERR_CONNECTION_REFUSED at http://localhost:4000/services
    Call log:
      - navigating to "http://localhost:4000/services", waiting until "load"


       at helpers/page-helpers.ts:13

      11 |
      12 |   async navigate(path: string) {
    > 13 |     await this.page.goto(path);
         |                     ^
      14 |     await this.page.waitForLoadState("networkidle");
      15 |   }
      16 |
        at BasePage.navigate (/home/tbaltzakis/cloudless.gr/e2e/helpers/page-helpers.ts:13:21)
        at /home/tbaltzakis/cloudless.gr/e2e/ui/pages/services.spec.ts:19:16

    attachment #1: screenshot (image/png) ──────────────────────────────────────────────────────────
    test-results/ui-pages-services-Services-bb4ed--have-services-grid-or-list-chromium/test-failed-1.png
    ────────────────────────────────────────────────────────────────────────────────────────────────

    attachment #2: video (video/webm) ──────────────────────────────────────────────────────────────
    test-results/ui-pages-services-Services-bb4ed--have-services-grid-or-list-chromium/video.webm
    ────────────────────────────────────────────────────────────────────────────────────────────────

    Error Context: test-results/ui-pages-services-Services-bb4ed--have-services-grid-or-list-chromium/error-context.md

    Retry #1 ───────────────────────────────────────────────────────────────────────────────────────

    Error: page.goto: net::ERR_CONNECTION_REFUSED at http://localhost:4000/services
    Call log:
      - navigating to "http://localhost:4000/services", waiting until "load"


       at helpers/page-helpers.ts:13

      11 |
      12 |   async navigate(path: string) {
    > 13 |     await this.page.goto(path);
         |                     ^
      14 |     await this.page.waitForLoadState("networkidle");
      15 |   }
      16 |
        at BasePage.navigate (/home/tbaltzakis/cloudless.gr/e2e/helpers/page-helpers.ts:13:21)
        at /home/tbaltzakis/cloudless.gr/e2e/ui/pages/services.spec.ts:19:16

    attachment #1: screenshot (image/png) ──────────────────────────────────────────────────────────
    test-results/ui-pages-services-Services-bb4ed--have-services-grid-or-list-chromium-retry1/test-failed-1.png
    ────────────────────────────────────────────────────────────────────────────────────────────────

    attachment #2: video (video/webm) ──────────────────────────────────────────────────────────────
    test-results/ui-pages-services-Services-bb4ed--have-services-grid-or-list-chromium-retry1/video.webm
    ────────────────────────────────────────────────────────────────────────────────────────────────

    Error Context: test-results/ui-pages-services-Services-bb4ed--have-services-grid-or-list-chromium-retry1/error-context.md

    attachment #4: trace (application/zip) ─────────────────────────────────────────────────────────
    test-results/ui-pages-services-Services-bb4ed--have-services-grid-or-list-chromium-retry1/trace.zip
    Usage:

        npx playwright show-trace test-results/ui-pages-services-Services-bb4ed--have-services-grid-or-list-chromium-retry1/trace.zip

    ────────────────────────────────────────────────────────────────────────────────────────────────

  375) [chromium] › e2e/ui/pages/services.spec.ts:43:7 › Services Page › should display service details 

    Error: page.goto: net::ERR_CONNECTION_REFUSED at http://localhost:4000/services
    Call log:
      - navigating to "http://localhost:4000/services", waiting until "load"


       at helpers/page-helpers.ts:13

      11 |
      12 |   async navigate(path: string) {
    > 13 |     await this.page.goto(path);
         |                     ^
      14 |     await this.page.waitForLoadState("networkidle");
      15 |   }
      16 |
        at BasePage.navigate (/home/tbaltzakis/cloudless.gr/e2e/helpers/page-helpers.ts:13:21)
        at /home/tbaltzakis/cloudless.gr/e2e/ui/pages/services.spec.ts:19:16

    attachment #1: screenshot (image/png) ──────────────────────────────────────────────────────────
    test-results/ui-pages-services-Services-6b783-uld-display-service-details-chromium/test-failed-1.png
    ────────────────────────────────────────────────────────────────────────────────────────────────

    attachment #2: video (video/webm) ──────────────────────────────────────────────────────────────
    test-results/ui-pages-services-Services-6b783-uld-display-service-details-chromium/video.webm
    ────────────────────────────────────────────────────────────────────────────────────────────────

    Error Context: test-results/ui-pages-services-Services-6b783-uld-display-service-details-chromium/error-context.md

    Retry #1 ───────────────────────────────────────────────────────────────────────────────────────

    Error: page.goto: net::ERR_CONNECTION_REFUSED at http://localhost:4000/services
    Call log:
      - navigating to "http://localhost:4000/services", waiting until "load"


       at helpers/page-helpers.ts:13

      11 |
      12 |   async navigate(path: string) {
    > 13 |     await this.page.goto(path);
         |                     ^
      14 |     await this.page.waitForLoadState("networkidle");
      15 |   }
      16 |
        at BasePage.navigate (/home/tbaltzakis/cloudless.gr/e2e/helpers/page-helpers.ts:13:21)
        at /home/tbaltzakis/cloudless.gr/e2e/ui/pages/services.spec.ts:19:16

    attachment #1: screenshot (image/png) ──────────────────────────────────────────────────────────
    test-results/ui-pages-services-Services-6b783-uld-display-service-details-chromium-retry1/test-failed-1.png
    ────────────────────────────────────────────────────────────────────────────────────────────────

    attachment #2: video (video/webm) ──────────────────────────────────────────────────────────────
    test-results/ui-pages-services-Services-6b783-uld-display-service-details-chromium-retry1/video.webm
    ────────────────────────────────────────────────────────────────────────────────────────────────

    Error Context: test-results/ui-pages-services-Services-6b783-uld-display-service-details-chromium-retry1/error-context.md

    attachment #4: trace (application/zip) ─────────────────────────────────────────────────────────
    test-results/ui-pages-services-Services-6b783-uld-display-service-details-chromium-retry1/trace.zip
    Usage:

        npx playwright show-trace test-results/ui-pages-services-Services-6b783-uld-display-service-details-chromium-retry1/trace.zip

    ────────────────────────────────────────────────────────────────────────────────────────────────

  376) [chromium] › e2e/ui/pages/services.spec.ts:62:7 › Services Page › should have service categories or tags 

    Error: page.goto: net::ERR_CONNECTION_REFUSED at http://localhost:4000/services
    Call log:
      - navigating to "http://localhost:4000/services", waiting until "load"


       at helpers/page-helpers.ts:13

      11 |
      12 |   async navigate(path: string) {
    > 13 |     await this.page.goto(path);
         |                     ^
      14 |     await this.page.waitForLoadState("networkidle");
      15 |   }
      16 |
        at BasePage.navigate (/home/tbaltzakis/cloudless.gr/e2e/helpers/page-helpers.ts:13:21)
        at /home/tbaltzakis/cloudless.gr/e2e/ui/pages/services.spec.ts:19:16

    attachment #1: screenshot (image/png) ──────────────────────────────────────────────────────────
    test-results/ui-pages-services-Services-a0d38--service-categories-or-tags-chromium/test-failed-1.png
    ────────────────────────────────────────────────────────────────────────────────────────────────

    attachment #2: video (video/webm) ──────────────────────────────────────────────────────────────
    test-results/ui-pages-services-Services-a0d38--service-categories-or-tags-chromium/video.webm
    ────────────────────────────────────────────────────────────────────────────────────────────────

    Error Context: test-results/ui-pages-services-Services-a0d38--service-categories-or-tags-chromium/error-context.md

    Retry #1 ───────────────────────────────────────────────────────────────────────────────────────

    Error: page.goto: net::ERR_CONNECTION_REFUSED at http://localhost:4000/services
    Call log:
      - navigating to "http://localhost:4000/services", waiting until "load"


       at helpers/page-helpers.ts:13

      11 |
      12 |   async navigate(path: string) {
    > 13 |     await this.page.goto(path);
         |                     ^
      14 |     await this.page.waitForLoadState("networkidle");
      15 |   }
      16 |
        at BasePage.navigate (/home/tbaltzakis/cloudless.gr/e2e/helpers/page-helpers.ts:13:21)
        at /home/tbaltzakis/cloudless.gr/e2e/ui/pages/services.spec.ts:19:16

    attachment #1: screenshot (image/png) ──────────────────────────────────────────────────────────
    test-results/ui-pages-services-Services-a0d38--service-categories-or-tags-chromium-retry1/test-failed-1.png
    ────────────────────────────────────────────────────────────────────────────────────────────────

    attachment #2: video (video/webm) ──────────────────────────────────────────────────────────────
    test-results/ui-pages-services-Services-a0d38--service-categories-or-tags-chromium-retry1/video.webm
    ────────────────────────────────────────────────────────────────────────────────────────────────

    Error Context: test-results/ui-pages-services-Services-a0d38--service-categories-or-tags-chromium-retry1/error-context.md

    attachment #4: trace (application/zip) ─────────────────────────────────────────────────────────
    test-results/ui-pages-services-Services-a0d38--service-categories-or-tags-chromium-retry1/trace.zip
    Usage:

        npx playwright show-trace test-results/ui-pages-services-Services-a0d38--service-categories-or-tags-chromium-retry1/trace.zip

    ────────────────────────────────────────────────────────────────────────────────────────────────

  377) [chromium] › e2e/ui/pages/services.spec.ts:77:7 › Services Page › should have call-to-action for getting started 

    Error: page.goto: net::ERR_CONNECTION_REFUSED at http://localhost:4000/services
    Call log:
      - navigating to "http://localhost:4000/services", waiting until "load"


       at helpers/page-helpers.ts:13

      11 |
      12 |   async navigate(path: string) {
    > 13 |     await this.page.goto(path);
         |                     ^
      14 |     await this.page.waitForLoadState("networkidle");
      15 |   }
      16 |
        at BasePage.navigate (/home/tbaltzakis/cloudless.gr/e2e/helpers/page-helpers.ts:13:21)
        at /home/tbaltzakis/cloudless.gr/e2e/ui/pages/services.spec.ts:19:16

    attachment #1: screenshot (image/png) ──────────────────────────────────────────────────────────
    test-results/ui-pages-services-Services-1e983--action-for-getting-started-chromium/test-failed-1.png
    ────────────────────────────────────────────────────────────────────────────────────────────────

    attachment #2: video (video/webm) ──────────────────────────────────────────────────────────────
    test-results/ui-pages-services-Services-1e983--action-for-getting-started-chromium/video.webm
    ────────────────────────────────────────────────────────────────────────────────────────────────

    Error Context: test-results/ui-pages-services-Services-1e983--action-for-getting-started-chromium/error-context.md

    Retry #1 ───────────────────────────────────────────────────────────────────────────────────────

    Error: page.goto: net::ERR_CONNECTION_REFUSED at http://localhost:4000/services
    Call log:
      - navigating to "http://localhost:4000/services", waiting until "load"


       at helpers/page-helpers.ts:13

      11 |
      12 |   async navigate(path: string) {
    > 13 |     await this.page.goto(path);
         |                     ^
      14 |     await this.page.waitForLoadState("networkidle");
      15 |   }
      16 |
        at BasePage.navigate (/home/tbaltzakis/cloudless.gr/e2e/helpers/page-helpers.ts:13:21)
        at /home/tbaltzakis/cloudless.gr/e2e/ui/pages/services.spec.ts:19:16

    attachment #1: screenshot (image/png) ──────────────────────────────────────────────────────────
    test-results/ui-pages-services-Services-1e983--action-for-getting-started-chromium-retry1/test-failed-1.png
    ────────────────────────────────────────────────────────────────────────────────────────────────

    attachment #2: video (video/webm) ──────────────────────────────────────────────────────────────
    test-results/ui-pages-services-Services-1e983--action-for-getting-started-chromium-retry1/video.webm
    ────────────────────────────────────────────────────────────────────────────────────────────────

    Error Context: test-results/ui-pages-services-Services-1e983--action-for-getting-started-chromium-retry1/error-context.md

    attachment #4: trace (application/zip) ─────────────────────────────────────────────────────────
    test-results/ui-pages-services-Services-1e983--action-for-getting-started-chromium-retry1/trace.zip
    Usage:

        npx playwright show-trace test-results/ui-pages-services-Services-1e983--action-for-getting-started-chromium-retry1/trace.zip

    ────────────────────────────────────────────────────────────────────────────────────────────────

  378) [chromium] › e2e/ui/pages/services.spec.ts:95:9 › Services Page › Responsive Design › should render correctly on mobile 

    Error: page.goto: net::ERR_CONNECTION_REFUSED at http://localhost:4000/services
    Call log:
      - navigating to "http://localhost:4000/services", waiting until "load"


       at helpers/page-helpers.ts:13

      11 |
      12 |   async navigate(path: string) {
    > 13 |     await this.page.goto(path);
         |                     ^
      14 |     await this.page.waitForLoadState("networkidle");
      15 |   }
      16 |
        at BasePage.navigate (/home/tbaltzakis/cloudless.gr/e2e/helpers/page-helpers.ts:13:21)
        at /home/tbaltzakis/cloudless.gr/e2e/ui/pages/services.spec.ts:19:16

    attachment #1: screenshot (image/png) ──────────────────────────────────────────────────────────
    test-results/ui-pages-services-Services-66c91--render-correctly-on-mobile-chromium/test-failed-1.png
    ────────────────────────────────────────────────────────────────────────────────────────────────

    attachment #2: video (video/webm) ──────────────────────────────────────────────────────────────
    test-results/ui-pages-services-Services-66c91--render-correctly-on-mobile-chromium/video.webm
    ────────────────────────────────────────────────────────────────────────────────────────────────

    Error Context: test-results/ui-pages-services-Services-66c91--render-correctly-on-mobile-chromium/error-context.md

    Retry #1 ───────────────────────────────────────────────────────────────────────────────────────

    Error: page.goto: net::ERR_CONNECTION_REFUSED at http://localhost:4000/services
    Call log:
      - navigating to "http://localhost:4000/services", waiting until "load"


       at helpers/page-helpers.ts:13

      11 |
      12 |   async navigate(path: string) {
    > 13 |     await this.page.goto(path);
         |                     ^
      14 |     await this.page.waitForLoadState("networkidle");
      15 |   }
      16 |
        at BasePage.navigate (/home/tbaltzakis/cloudless.gr/e2e/helpers/page-helpers.ts:13:21)
        at /home/tbaltzakis/cloudless.gr/e2e/ui/pages/services.spec.ts:19:16

    attachment #1: screenshot (image/png) ──────────────────────────────────────────────────────────
    test-results/ui-pages-services-Services-66c91--render-correctly-on-mobile-chromium-retry1/test-failed-1.png
    ────────────────────────────────────────────────────────────────────────────────────────────────

    attachment #2: video (video/webm) ──────────────────────────────────────────────────────────────
    test-results/ui-pages-services-Services-66c91--render-correctly-on-mobile-chromium-retry1/video.webm
    ────────────────────────────────────────────────────────────────────────────────────────────────

    Error Context: test-results/ui-pages-services-Services-66c91--render-correctly-on-mobile-chromium-retry1/error-context.md

    attachment #4: trace (application/zip) ─────────────────────────────────────────────────────────
    test-results/ui-pages-services-Services-66c91--render-correctly-on-mobile-chromium-retry1/trace.zip
    Usage:

        npx playwright show-trace test-results/ui-pages-services-Services-66c91--render-correctly-on-mobile-chromium-retry1/trace.zip

    ────────────────────────────────────────────────────────────────────────────────────────────────

  379) [chromium] › e2e/ui/pages/services.spec.ts:108:9 › Services Page › Responsive Design › should render correctly on tablet 

    Error: page.goto: net::ERR_CONNECTION_REFUSED at http://localhost:4000/services
    Call log:
      - navigating to "http://localhost:4000/services", waiting until "load"


       at helpers/page-helpers.ts:13

      11 |
      12 |   async navigate(path: string) {
    > 13 |     await this.page.goto(path);
         |                     ^
      14 |     await this.page.waitForLoadState("networkidle");
      15 |   }
      16 |
        at BasePage.navigate (/home/tbaltzakis/cloudless.gr/e2e/helpers/page-helpers.ts:13:21)
        at /home/tbaltzakis/cloudless.gr/e2e/ui/pages/services.spec.ts:19:16

    attachment #1: screenshot (image/png) ──────────────────────────────────────────────────────────
    test-results/ui-pages-services-Services-a8d9b--render-correctly-on-tablet-chromium/test-failed-1.png
    ────────────────────────────────────────────────────────────────────────────────────────────────

    attachment #2: video (video/webm) ──────────────────────────────────────────────────────────────
    test-results/ui-pages-services-Services-a8d9b--render-correctly-on-tablet-chromium/video.webm
    ────────────────────────────────────────────────────────────────────────────────────────────────

    Error Context: test-results/ui-pages-services-Services-a8d9b--render-correctly-on-tablet-chromium/error-context.md

    Retry #1 ───────────────────────────────────────────────────────────────────────────────────────

    Error: page.goto: net::ERR_CONNECTION_REFUSED at http://localhost:4000/services
    Call log:
      - navigating to "http://localhost:4000/services", waiting until "load"


       at helpers/page-helpers.ts:13

      11 |
      12 |   async navigate(path: string) {
    > 13 |     await this.page.goto(path);
         |                     ^
      14 |     await this.page.waitForLoadState("networkidle");
      15 |   }
      16 |
        at BasePage.navigate (/home/tbaltzakis/cloudless.gr/e2e/helpers/page-helpers.ts:13:21)
        at /home/tbaltzakis/cloudless.gr/e2e/ui/pages/services.spec.ts:19:16

    attachment #1: screenshot (image/png) ──────────────────────────────────────────────────────────
    test-results/ui-pages-services-Services-a8d9b--render-correctly-on-tablet-chromium-retry1/test-failed-1.png
    ────────────────────────────────────────────────────────────────────────────────────────────────

    attachment #2: video (video/webm) ──────────────────────────────────────────────────────────────
    test-results/ui-pages-services-Services-a8d9b--render-correctly-on-tablet-chromium-retry1/video.webm
    ────────────────────────────────────────────────────────────────────────────────────────────────

    Error Context: test-results/ui-pages-services-Services-a8d9b--render-correctly-on-tablet-chromium-retry1/error-context.md

    attachment #4: trace (application/zip) ─────────────────────────────────────────────────────────
    test-results/ui-pages-services-Services-a8d9b--render-correctly-on-tablet-chromium-retry1/trace.zip
    Usage:

        npx playwright show-trace test-results/ui-pages-services-Services-a8d9b--render-correctly-on-tablet-chromium-retry1/trace.zip

    ────────────────────────────────────────────────────────────────────────────────────────────────

  380) [chromium] › e2e/ui/pages/services.spec.ts:121:9 › Services Page › Responsive Design › should render correctly on desktop 

    Error: page.goto: net::ERR_CONNECTION_REFUSED at http://localhost:4000/services
    Call log:
      - navigating to "http://localhost:4000/services", waiting until "load"


       at helpers/page-helpers.ts:13

      11 |
      12 |   async navigate(path: string) {
    > 13 |     await this.page.goto(path);
         |                     ^
      14 |     await this.page.waitForLoadState("networkidle");
      15 |   }
      16 |
        at BasePage.navigate (/home/tbaltzakis/cloudless.gr/e2e/helpers/page-helpers.ts:13:21)
        at /home/tbaltzakis/cloudless.gr/e2e/ui/pages/services.spec.ts:19:16

    attachment #1: screenshot (image/png) ──────────────────────────────────────────────────────────
    test-results/ui-pages-services-Services-fe29e-render-correctly-on-desktop-chromium/test-failed-1.png
    ────────────────────────────────────────────────────────────────────────────────────────────────

    attachment #2: video (video/webm) ──────────────────────────────────────────────────────────────
    test-results/ui-pages-services-Services-fe29e-render-correctly-on-desktop-chromium/video.webm
    ────────────────────────────────────────────────────────────────────────────────────────────────

    Error Context: test-results/ui-pages-services-Services-fe29e-render-correctly-on-desktop-chromium/error-context.md

    Retry #1 ───────────────────────────────────────────────────────────────────────────────────────

    Error: page.goto: net::ERR_CONNECTION_REFUSED at http://localhost:4000/services
    Call log:
      - navigating to "http://localhost:4000/services", waiting until "load"


       at helpers/page-helpers.ts:13

      11 |
      12 |   async navigate(path: string) {
    > 13 |     await this.page.goto(path);
         |                     ^
      14 |     await this.page.waitForLoadState("networkidle");
      15 |   }
      16 |
        at BasePage.navigate (/home/tbaltzakis/cloudless.gr/e2e/helpers/page-helpers.ts:13:21)
        at /home/tbaltzakis/cloudless.gr/e2e/ui/pages/services.spec.ts:19:16

    attachment #1: screenshot (image/png) ──────────────────────────────────────────────────────────
    test-results/ui-pages-services-Services-fe29e-render-correctly-on-desktop-chromium-retry1/test-failed-1.png
    ────────────────────────────────────────────────────────────────────────────────────────────────

    attachment #2: video (video/webm) ──────────────────────────────────────────────────────────────
    test-results/ui-pages-services-Services-fe29e-render-correctly-on-desktop-chromium-retry1/video.webm
    ────────────────────────────────────────────────────────────────────────────────────────────────

    Error Context: test-results/ui-pages-services-Services-fe29e-render-correctly-on-desktop-chromium-retry1/error-context.md

    attachment #4: trace (application/zip) ─────────────────────────────────────────────────────────
    test-results/ui-pages-services-Services-fe29e-render-correctly-on-desktop-chromium-retry1/trace.zip
    Usage:

        npx playwright show-trace test-results/ui-pages-services-Services-fe29e-render-correctly-on-desktop-chromium-retry1/trace.zip

    ────────────────────────────────────────────────────────────────────────────────────────────────

  381) [chromium] › e2e/ui/pages/services.spec.ts:140:9 › Services Page › Navigation › should navigate to homepage 

    Error: page.goto: net::ERR_CONNECTION_REFUSED at http://localhost:4000/services
    Call log:
      - navigating to "http://localhost:4000/services", waiting until "load"


       at helpers/page-helpers.ts:13

      11 |
      12 |   async navigate(path: string) {
    > 13 |     await this.page.goto(path);
         |                     ^
      14 |     await this.page.waitForLoadState("networkidle");
      15 |   }
      16 |
        at BasePage.navigate (/home/tbaltzakis/cloudless.gr/e2e/helpers/page-helpers.ts:13:21)
        at /home/tbaltzakis/cloudless.gr/e2e/ui/pages/services.spec.ts:19:16

    attachment #1: screenshot (image/png) ──────────────────────────────────────────────────────────
    test-results/ui-pages-services-Services-4d71d-should-navigate-to-homepage-chromium/test-failed-1.png
    ────────────────────────────────────────────────────────────────────────────────────────────────

    attachment #2: video (video/webm) ──────────────────────────────────────────────────────────────
    test-results/ui-pages-services-Services-4d71d-should-navigate-to-homepage-chromium/video.webm
    ────────────────────────────────────────────────────────────────────────────────────────────────

    Error Context: test-results/ui-pages-services-Services-4d71d-should-navigate-to-homepage-chromium/error-context.md

    Retry #1 ───────────────────────────────────────────────────────────────────────────────────────

    Error: page.goto: net::ERR_CONNECTION_REFUSED at http://localhost:4000/services
    Call log:
      - navigating to "http://localhost:4000/services", waiting until "load"


       at helpers/page-helpers.ts:13

      11 |
      12 |   async navigate(path: string) {
    > 13 |     await this.page.goto(path);
         |                     ^
      14 |     await this.page.waitForLoadState("networkidle");
      15 |   }
      16 |
        at BasePage.navigate (/home/tbaltzakis/cloudless.gr/e2e/helpers/page-helpers.ts:13:21)
        at /home/tbaltzakis/cloudless.gr/e2e/ui/pages/services.spec.ts:19:16

    attachment #1: screenshot (image/png) ──────────────────────────────────────────────────────────
    test-results/ui-pages-services-Services-4d71d-should-navigate-to-homepage-chromium-retry1/test-failed-1.png
    ────────────────────────────────────────────────────────────────────────────────────────────────

    attachment #2: video (video/webm) ──────────────────────────────────────────────────────────────
    test-results/ui-pages-services-Services-4d71d-should-navigate-to-homepage-chromium-retry1/video.webm
    ────────────────────────────────────────────────────────────────────────────────────────────────

    Error Context: test-results/ui-pages-services-Services-4d71d-should-navigate-to-homepage-chromium-retry1/error-context.md

    attachment #4: trace (application/zip) ─────────────────────────────────────────────────────────
    test-results/ui-pages-services-Services-4d71d-should-navigate-to-homepage-chromium-retry1/trace.zip
    Usage:

        npx playwright show-trace test-results/ui-pages-services-Services-4d71d-should-navigate-to-homepage-chromium-retry1/trace.zip

    ────────────────────────────────────────────────────────────────────────────────────────────────

  382) [chromium] › e2e/ui/pages/services.spec.ts:148:9 › Services Page › Navigation › should navigate to store 

    Error: page.goto: net::ERR_CONNECTION_REFUSED at http://localhost:4000/services
    Call log:
      - navigating to "http://localhost:4000/services", waiting until "load"


       at helpers/page-helpers.ts:13

      11 |
      12 |   async navigate(path: string) {
    > 13 |     await this.page.goto(path);
         |                     ^
      14 |     await this.page.waitForLoadState("networkidle");
      15 |   }
      16 |
        at BasePage.navigate (/home/tbaltzakis/cloudless.gr/e2e/helpers/page-helpers.ts:13:21)
        at /home/tbaltzakis/cloudless.gr/e2e/ui/pages/services.spec.ts:19:16

    attachment #1: screenshot (image/png) ──────────────────────────────────────────────────────────
    test-results/ui-pages-services-Services-a63b0-on-should-navigate-to-store-chromium/test-failed-1.png
    ────────────────────────────────────────────────────────────────────────────────────────────────

    attachment #2: video (video/webm) ──────────────────────────────────────────────────────────────
    test-results/ui-pages-services-Services-a63b0-on-should-navigate-to-store-chromium/video.webm
    ────────────────────────────────────────────────────────────────────────────────────────────────

    Error Context: test-results/ui-pages-services-Services-a63b0-on-should-navigate-to-store-chromium/error-context.md

    Retry #1 ───────────────────────────────────────────────────────────────────────────────────────

    Error: page.goto: net::ERR_CONNECTION_REFUSED at http://localhost:4000/services
    Call log:
      - navigating to "http://localhost:4000/services", waiting until "load"


       at helpers/page-helpers.ts:13

      11 |
      12 |   async navigate(path: string) {
    > 13 |     await this.page.goto(path);
         |                     ^
      14 |     await this.page.waitForLoadState("networkidle");
      15 |   }
      16 |
        at BasePage.navigate (/home/tbaltzakis/cloudless.gr/e2e/helpers/page-helpers.ts:13:21)
        at /home/tbaltzakis/cloudless.gr/e2e/ui/pages/services.spec.ts:19:16

    attachment #1: screenshot (image/png) ──────────────────────────────────────────────────────────
    test-results/ui-pages-services-Services-a63b0-on-should-navigate-to-store-chromium-retry1/test-failed-1.png
    ────────────────────────────────────────────────────────────────────────────────────────────────

    attachment #2: video (video/webm) ──────────────────────────────────────────────────────────────
    test-results/ui-pages-services-Services-a63b0-on-should-navigate-to-store-chromium-retry1/video.webm
    ────────────────────────────────────────────────────────────────────────────────────────────────

    Error Context: test-results/ui-pages-services-Services-a63b0-on-should-navigate-to-store-chromium-retry1/error-context.md

    attachment #4: trace (application/zip) ─────────────────────────────────────────────────────────
    test-results/ui-pages-services-Services-a63b0-on-should-navigate-to-store-chromium-retry1/trace.zip
    Usage:

        npx playwright show-trace test-results/ui-pages-services-Services-a63b0-on-should-navigate-to-store-chromium-retry1/trace.zip

    ────────────────────────────────────────────────────────────────────────────────────────────────

  383) [chromium] › e2e/ui/pages/services.spec.ts:156:9 › Services Page › Navigation › should navigate to blog 

    Error: page.goto: net::ERR_CONNECTION_REFUSED at http://localhost:4000/services
    Call log:
      - navigating to "http://localhost:4000/services", waiting until "load"


       at helpers/page-helpers.ts:13

      11 |
      12 |   async navigate(path: string) {
    > 13 |     await this.page.goto(path);
         |                     ^
      14 |     await this.page.waitForLoadState("networkidle");
      15 |   }
      16 |
        at BasePage.navigate (/home/tbaltzakis/cloudless.gr/e2e/helpers/page-helpers.ts:13:21)
        at /home/tbaltzakis/cloudless.gr/e2e/ui/pages/services.spec.ts:19:16

    attachment #1: screenshot (image/png) ──────────────────────────────────────────────────────────
    test-results/ui-pages-services-Services-18539-ion-should-navigate-to-blog-chromium/test-failed-1.png
    ────────────────────────────────────────────────────────────────────────────────────────────────

    attachment #2: video (video/webm) ──────────────────────────────────────────────────────────────
    test-results/ui-pages-services-Services-18539-ion-should-navigate-to-blog-chromium/video.webm
    ────────────────────────────────────────────────────────────────────────────────────────────────

    Error Context: test-results/ui-pages-services-Services-18539-ion-should-navigate-to-blog-chromium/error-context.md

    Retry #1 ───────────────────────────────────────────────────────────────────────────────────────

    Error: page.goto: net::ERR_CONNECTION_REFUSED at http://localhost:4000/services
    Call log:
      - navigating to "http://localhost:4000/services", waiting until "load"


       at helpers/page-helpers.ts:13

      11 |
      12 |   async navigate(path: string) {
    > 13 |     await this.page.goto(path);
         |                     ^
      14 |     await this.page.waitForLoadState("networkidle");
      15 |   }
      16 |
        at BasePage.navigate (/home/tbaltzakis/cloudless.gr/e2e/helpers/page-helpers.ts:13:21)
        at /home/tbaltzakis/cloudless.gr/e2e/ui/pages/services.spec.ts:19:16

    attachment #1: screenshot (image/png) ──────────────────────────────────────────────────────────
    test-results/ui-pages-services-Services-18539-ion-should-navigate-to-blog-chromium-retry1/test-failed-1.png
    ────────────────────────────────────────────────────────────────────────────────────────────────

    attachment #2: video (video/webm) ──────────────────────────────────────────────────────────────
    test-results/ui-pages-services-Services-18539-ion-should-navigate-to-blog-chromium-retry1/video.webm
    ────────────────────────────────────────────────────────────────────────────────────────────────

    Error Context: test-results/ui-pages-services-Services-18539-ion-should-navigate-to-blog-chromium-retry1/error-context.md

    attachment #4: trace (application/zip) ─────────────────────────────────────────────────────────
    test-results/ui-pages-services-Services-18539-ion-should-navigate-to-blog-chromium-retry1/trace.zip
    Usage:

        npx playwright show-trace test-results/ui-pages-services-Services-18539-ion-should-navigate-to-blog-chromium-retry1/trace.zip

    ────────────────────────────────────────────────────────────────────────────────────────────────

  384) [chromium] › e2e/ui/pages/services.spec.ts:164:9 › Services Page › Navigation › should navigate to contact 

    Error: page.goto: net::ERR_CONNECTION_REFUSED at http://localhost:4000/services
    Call log:
      - navigating to "http://localhost:4000/services", waiting until "load"


       at helpers/page-helpers.ts:13

      11 |
      12 |   async navigate(path: string) {
    > 13 |     await this.page.goto(path);
         |                     ^
      14 |     await this.page.waitForLoadState("networkidle");
      15 |   }
      16 |
        at BasePage.navigate (/home/tbaltzakis/cloudless.gr/e2e/helpers/page-helpers.ts:13:21)
        at /home/tbaltzakis/cloudless.gr/e2e/ui/pages/services.spec.ts:19:16

    attachment #1: screenshot (image/png) ──────────────────────────────────────────────────────────
    test-results/ui-pages-services-Services-4701a--should-navigate-to-contact-chromium/test-failed-1.png
    ────────────────────────────────────────────────────────────────────────────────────────────────

    attachment #2: video (video/webm) ──────────────────────────────────────────────────────────────
    test-results/ui-pages-services-Services-4701a--should-navigate-to-contact-chromium/video.webm
    ────────────────────────────────────────────────────────────────────────────────────────────────

    Error Context: test-results/ui-pages-services-Services-4701a--should-navigate-to-contact-chromium/error-context.md

    Retry #1 ───────────────────────────────────────────────────────────────────────────────────────

    Error: page.goto: net::ERR_CONNECTION_REFUSED at http://localhost:4000/services
    Call log:
      - navigating to "http://localhost:4000/services", waiting until "load"


       at helpers/page-helpers.ts:13

      11 |
      12 |   async navigate(path: string) {
    > 13 |     await this.page.goto(path);
         |                     ^
      14 |     await this.page.waitForLoadState("networkidle");
      15 |   }
      16 |
        at BasePage.navigate (/home/tbaltzakis/cloudless.gr/e2e/helpers/page-helpers.ts:13:21)
        at /home/tbaltzakis/cloudless.gr/e2e/ui/pages/services.spec.ts:19:16

    attachment #1: screenshot (image/png) ──────────────────────────────────────────────────────────
    test-results/ui-pages-services-Services-4701a--should-navigate-to-contact-chromium-retry1/test-failed-1.png
    ────────────────────────────────────────────────────────────────────────────────────────────────

    attachment #2: video (video/webm) ──────────────────────────────────────────────────────────────
    test-results/ui-pages-services-Services-4701a--should-navigate-to-contact-chromium-retry1/video.webm
    ────────────────────────────────────────────────────────────────────────────────────────────────

    Error Context: test-results/ui-pages-services-Services-4701a--should-navigate-to-contact-chromium-retry1/error-context.md

    attachment #4: trace (application/zip) ─────────────────────────────────────────────────────────
    test-results/ui-pages-services-Services-4701a--should-navigate-to-contact-chromium-retry1/trace.zip
    Usage:

        npx playwright show-trace test-results/ui-pages-services-Services-4701a--should-navigate-to-contact-chromium-retry1/trace.zip

    ────────────────────────────────────────────────────────────────────────────────────────────────

  385) [chromium] › e2e/ui/pages/services.spec.ts:174:9 › Services Page › Accessibility › should have proper language attribute 

    Error: page.goto: net::ERR_CONNECTION_REFUSED at http://localhost:4000/services
    Call log:
      - navigating to "http://localhost:4000/services", waiting until "load"


       at helpers/page-helpers.ts:13

      11 |
      12 |   async navigate(path: string) {
    > 13 |     await this.page.goto(path);
         |                     ^
      14 |     await this.page.waitForLoadState("networkidle");
      15 |   }
      16 |
        at BasePage.navigate (/home/tbaltzakis/cloudless.gr/e2e/helpers/page-helpers.ts:13:21)
        at /home/tbaltzakis/cloudless.gr/e2e/ui/pages/services.spec.ts:19:16

    attachment #1: screenshot (image/png) ──────────────────────────────────────────────────────────
    test-results/ui-pages-services-Services-227b7-e-proper-language-attribute-chromium/test-failed-1.png
    ────────────────────────────────────────────────────────────────────────────────────────────────

    attachment #2: video (video/webm) ──────────────────────────────────────────────────────────────
    test-results/ui-pages-services-Services-227b7-e-proper-language-attribute-chromium/video.webm
    ────────────────────────────────────────────────────────────────────────────────────────────────

    Error Context: test-results/ui-pages-services-Services-227b7-e-proper-language-attribute-chromium/error-context.md

    Retry #1 ───────────────────────────────────────────────────────────────────────────────────────

    Error: page.goto: net::ERR_CONNECTION_REFUSED at http://localhost:4000/services
    Call log:
      - navigating to "http://localhost:4000/services", waiting until "load"


       at helpers/page-helpers.ts:13

      11 |
      12 |   async navigate(path: string) {
    > 13 |     await this.page.goto(path);
         |                     ^
      14 |     await this.page.waitForLoadState("networkidle");
      15 |   }
      16 |
        at BasePage.navigate (/home/tbaltzakis/cloudless.gr/e2e/helpers/page-helpers.ts:13:21)
        at /home/tbaltzakis/cloudless.gr/e2e/ui/pages/services.spec.ts:19:16

    attachment #1: screenshot (image/png) ──────────────────────────────────────────────────────────
    test-results/ui-pages-services-Services-227b7-e-proper-language-attribute-chromium-retry1/test-failed-1.png
    ────────────────────────────────────────────────────────────────────────────────────────────────

    attachment #2: video (video/webm) ──────────────────────────────────────────────────────────────
    test-results/ui-pages-services-Services-227b7-e-proper-language-attribute-chromium-retry1/video.webm
    ────────────────────────────────────────────────────────────────────────────────────────────────

    Error Context: test-results/ui-pages-services-Services-227b7-e-proper-language-attribute-chromium-retry1/error-context.md

    attachment #4: trace (application/zip) ─────────────────────────────────────────────────────────
    test-results/ui-pages-services-Services-227b7-e-proper-language-attribute-chromium-retry1/trace.zip
    Usage:

        npx playwright show-trace test-results/ui-pages-services-Services-227b7-e-proper-language-attribute-chromium-retry1/trace.zip

    ────────────────────────────────────────────────────────────────────────────────────────────────

  386) [chromium] › e2e/ui/pages/services.spec.ts:180:9 › Services Page › Accessibility › should have proper heading structure 

    Error: page.goto: net::ERR_CONNECTION_REFUSED at http://localhost:4000/services
    Call log:
      - navigating to "http://localhost:4000/services", waiting until "load"


       at helpers/page-helpers.ts:13

      11 |
      12 |   async navigate(path: string) {
    > 13 |     await this.page.goto(path);
         |                     ^
      14 |     await this.page.waitForLoadState("networkidle");
      15 |   }
      16 |
        at BasePage.navigate (/home/tbaltzakis/cloudless.gr/e2e/helpers/page-helpers.ts:13:21)
        at /home/tbaltzakis/cloudless.gr/e2e/ui/pages/services.spec.ts:19:16

    attachment #1: screenshot (image/png) ──────────────────────────────────────────────────────────
    test-results/ui-pages-services-Services-ef6b2-ve-proper-heading-structure-chromium/test-failed-1.png
    ────────────────────────────────────────────────────────────────────────────────────────────────

    attachment #2: video (video/webm) ──────────────────────────────────────────────────────────────
    test-results/ui-pages-services-Services-ef6b2-ve-proper-heading-structure-chromium/video.webm
    ────────────────────────────────────────────────────────────────────────────────────────────────

    Error Context: test-results/ui-pages-services-Services-ef6b2-ve-proper-heading-structure-chromium/error-context.md

    Retry #1 ───────────────────────────────────────────────────────────────────────────────────────

    Error: page.goto: net::ERR_CONNECTION_REFUSED at http://localhost:4000/services
    Call log:
      - navigating to "http://localhost:4000/services", waiting until "load"


       at helpers/page-helpers.ts:13

      11 |
      12 |   async navigate(path: string) {
    > 13 |     await this.page.goto(path);
         |                     ^
      14 |     await this.page.waitForLoadState("networkidle");
      15 |   }
      16 |
        at BasePage.navigate (/home/tbaltzakis/cloudless.gr/e2e/helpers/page-helpers.ts:13:21)
        at /home/tbaltzakis/cloudless.gr/e2e/ui/pages/services.spec.ts:19:16

    attachment #1: screenshot (image/png) ──────────────────────────────────────────────────────────
    test-results/ui-pages-services-Services-ef6b2-ve-proper-heading-structure-chromium-retry1/test-failed-1.png
    ────────────────────────────────────────────────────────────────────────────────────────────────

    attachment #2: video (video/webm) ──────────────────────────────────────────────────────────────
    test-results/ui-pages-services-Services-ef6b2-ve-proper-heading-structure-chromium-retry1/video.webm
    ────────────────────────────────────────────────────────────────────────────────────────────────

    Error Context: test-results/ui-pages-services-Services-ef6b2-ve-proper-heading-structure-chromium-retry1/error-context.md

    attachment #4: trace (application/zip) ─────────────────────────────────────────────────────────
    test-results/ui-pages-services-Services-ef6b2-ve-proper-heading-structure-chromium-retry1/trace.zip
    Usage:

        npx playwright show-trace test-results/ui-pages-services-Services-ef6b2-ve-proper-heading-structure-chromium-retry1/trace.zip

    ────────────────────────────────────────────────────────────────────────────────────────────────

  387) [chromium] › e2e/ui/pages/services.spec.ts:198:9 › Services Page › Accessibility › should have accessible buttons and links 

    Error: page.goto: net::ERR_CONNECTION_REFUSED at http://localhost:4000/services
    Call log:
      - navigating to "http://localhost:4000/services", waiting until "load"


       at helpers/page-helpers.ts:13

      11 |
      12 |   async navigate(path: string) {
    > 13 |     await this.page.goto(path);
         |                     ^
      14 |     await this.page.waitForLoadState("networkidle");
      15 |   }
      16 |
        at BasePage.navigate (/home/tbaltzakis/cloudless.gr/e2e/helpers/page-helpers.ts:13:21)
        at /home/tbaltzakis/cloudless.gr/e2e/ui/pages/services.spec.ts:19:16

    attachment #1: screenshot (image/png) ──────────────────────────────────────────────────────────
    test-results/ui-pages-services-Services-a50fa-ccessible-buttons-and-links-chromium/test-failed-1.png
    ────────────────────────────────────────────────────────────────────────────────────────────────

    attachment #2: video (video/webm) ──────────────────────────────────────────────────────────────
    test-results/ui-pages-services-Services-a50fa-ccessible-buttons-and-links-chromium/video.webm
    ────────────────────────────────────────────────────────────────────────────────────────────────

    Error Context: test-results/ui-pages-services-Services-a50fa-ccessible-buttons-and-links-chromium/error-context.md

    Retry #1 ───────────────────────────────────────────────────────────────────────────────────────

    Error: page.goto: net::ERR_CONNECTION_REFUSED at http://localhost:4000/services
    Call log:
      - navigating to "http://localhost:4000/services", waiting until "load"


       at helpers/page-helpers.ts:13

      11 |
      12 |   async navigate(path: string) {
    > 13 |     await this.page.goto(path);
         |                     ^
      14 |     await this.page.waitForLoadState("networkidle");
      15 |   }
      16 |
        at BasePage.navigate (/home/tbaltzakis/cloudless.gr/e2e/helpers/page-helpers.ts:13:21)
        at /home/tbaltzakis/cloudless.gr/e2e/ui/pages/services.spec.ts:19:16

    attachment #1: screenshot (image/png) ──────────────────────────────────────────────────────────
    test-results/ui-pages-services-Services-a50fa-ccessible-buttons-and-links-chromium-retry1/test-failed-1.png
    ────────────────────────────────────────────────────────────────────────────────────────────────

    attachment #2: video (video/webm) ──────────────────────────────────────────────────────────────
    test-results/ui-pages-services-Services-a50fa-ccessible-buttons-and-links-chromium-retry1/video.webm
    ────────────────────────────────────────────────────────────────────────────────────────────────

    Error Context: test-results/ui-pages-services-Services-a50fa-ccessible-buttons-and-links-chromium-retry1/error-context.md

    attachment #4: trace (application/zip) ─────────────────────────────────────────────────────────
    test-results/ui-pages-services-Services-a50fa-ccessible-buttons-and-links-chromium-retry1/trace.zip
    Usage:

        npx playwright show-trace test-results/ui-pages-services-Services-a50fa-ccessible-buttons-and-links-chromium-retry1/trace.zip

    ────────────────────────────────────────────────────────────────────────────────────────────────

  388) [chromium] › e2e/ui/pages/services.spec.ts:220:9 › Services Page › Performance › should load within reasonable time 

    Error: page.goto: net::ERR_CONNECTION_REFUSED at http://localhost:4000/services
    Call log:
      - navigating to "http://localhost:4000/services", waiting until "load"


       at helpers/page-helpers.ts:13

      11 |
      12 |   async navigate(path: string) {
    > 13 |     await this.page.goto(path);
         |                     ^
      14 |     await this.page.waitForLoadState("networkidle");
      15 |   }
      16 |
        at BasePage.navigate (/home/tbaltzakis/cloudless.gr/e2e/helpers/page-helpers.ts:13:21)
        at /home/tbaltzakis/cloudless.gr/e2e/ui/pages/services.spec.ts:19:16

    attachment #1: screenshot (image/png) ──────────────────────────────────────────────────────────
    test-results/ui-pages-services-Services-da850-load-within-reasonable-time-chromium/test-failed-1.png
    ────────────────────────────────────────────────────────────────────────────────────────────────

    attachment #2: video (video/webm) ──────────────────────────────────────────────────────────────
    test-results/ui-pages-services-Services-da850-load-within-reasonable-time-chromium/video.webm
    ────────────────────────────────────────────────────────────────────────────────────────────────

    Error Context: test-results/ui-pages-services-Services-da850-load-within-reasonable-time-chromium/error-context.md

    Retry #1 ───────────────────────────────────────────────────────────────────────────────────────

    Error: page.goto: net::ERR_CONNECTION_REFUSED at http://localhost:4000/services
    Call log:
      - navigating to "http://localhost:4000/services", waiting until "load"


       at helpers/page-helpers.ts:13

      11 |
      12 |   async navigate(path: string) {
    > 13 |     await this.page.goto(path);
         |                     ^
      14 |     await this.page.waitForLoadState("networkidle");
      15 |   }
      16 |
        at BasePage.navigate (/home/tbaltzakis/cloudless.gr/e2e/helpers/page-helpers.ts:13:21)
        at /home/tbaltzakis/cloudless.gr/e2e/ui/pages/services.spec.ts:19:16

    attachment #1: screenshot (image/png) ──────────────────────────────────────────────────────────
    test-results/ui-pages-services-Services-da850-load-within-reasonable-time-chromium-retry1/test-failed-1.png
    ────────────────────────────────────────────────────────────────────────────────────────────────

    attachment #2: video (video/webm) ──────────────────────────────────────────────────────────────
    test-results/ui-pages-services-Services-da850-load-within-reasonable-time-chromium-retry1/video.webm
    ────────────────────────────────────────────────────────────────────────────────────────────────

    Error Context: test-results/ui-pages-services-Services-da850-load-within-reasonable-time-chromium-retry1/error-context.md

    attachment #4: trace (application/zip) ─────────────────────────────────────────────────────────
    test-results/ui-pages-services-Services-da850-load-within-reasonable-time-chromium-retry1/trace.zip
    Usage:

        npx playwright show-trace test-results/ui-pages-services-Services-da850-load-within-reasonable-time-chromium-retry1/trace.zip

    ────────────────────────────────────────────────────────────────────────────────────────────────

  389) [chromium] › e2e/ui/pages/store.spec.ts:22:7 › Store Page › should load successfully ────────

    Error: page.goto: net::ERR_CONNECTION_REFUSED at http://localhost:4000/store
    Call log:
      - navigating to "http://localhost:4000/store", waiting until "load"


       at helpers/page-helpers.ts:13

      11 |
      12 |   async navigate(path: string) {
    > 13 |     await this.page.goto(path);
         |                     ^
      14 |     await this.page.waitForLoadState("networkidle");
      15 |   }
      16 |
        at BasePage.navigate (/home/tbaltzakis/cloudless.gr/e2e/helpers/page-helpers.ts:13:21)
        at /home/tbaltzakis/cloudless.gr/e2e/ui/pages/store.spec.ts:19:16

    attachment #1: screenshot (image/png) ──────────────────────────────────────────────────────────
    test-results/ui-pages-store-Store-Page-should-load-successfully-chromium/test-failed-1.png
    ────────────────────────────────────────────────────────────────────────────────────────────────

    attachment #2: video (video/webm) ──────────────────────────────────────────────────────────────
    test-results/ui-pages-store-Store-Page-should-load-successfully-chromium/video.webm
    ────────────────────────────────────────────────────────────────────────────────────────────────

    Error Context: test-results/ui-pages-store-Store-Page-should-load-successfully-chromium/error-context.md

    Retry #1 ───────────────────────────────────────────────────────────────────────────────────────

    Error: page.goto: net::ERR_CONNECTION_REFUSED at http://localhost:4000/store
    Call log:
      - navigating to "http://localhost:4000/store", waiting until "load"


       at helpers/page-helpers.ts:13

      11 |
      12 |   async navigate(path: string) {
    > 13 |     await this.page.goto(path);
         |                     ^
      14 |     await this.page.waitForLoadState("networkidle");
      15 |   }
      16 |
        at BasePage.navigate (/home/tbaltzakis/cloudless.gr/e2e/helpers/page-helpers.ts:13:21)
        at /home/tbaltzakis/cloudless.gr/e2e/ui/pages/store.spec.ts:19:16

    attachment #1: screenshot (image/png) ──────────────────────────────────────────────────────────
    test-results/ui-pages-store-Store-Page-should-load-successfully-chromium-retry1/test-failed-1.png
    ────────────────────────────────────────────────────────────────────────────────────────────────

    attachment #2: video (video/webm) ──────────────────────────────────────────────────────────────
    test-results/ui-pages-store-Store-Page-should-load-successfully-chromium-retry1/video.webm
    ────────────────────────────────────────────────────────────────────────────────────────────────

    Error Context: test-results/ui-pages-store-Store-Page-should-load-successfully-chromium-retry1/error-context.md

    attachment #4: trace (application/zip) ─────────────────────────────────────────────────────────
    test-results/ui-pages-store-Store-Page-should-load-successfully-chromium-retry1/trace.zip
    Usage:

        npx playwright show-trace test-results/ui-pages-store-Store-Page-should-load-successfully-chromium-retry1/trace.zip

    ────────────────────────────────────────────────────────────────────────────────────────────────

  390) [chromium] › e2e/ui/pages/store.spec.ts:30:7 › Store Page › should have products grid or list 

    Error: page.goto: net::ERR_CONNECTION_REFUSED at http://localhost:4000/store
    Call log:
      - navigating to "http://localhost:4000/store", waiting until "load"


       at helpers/page-helpers.ts:13

      11 |
      12 |   async navigate(path: string) {
    > 13 |     await this.page.goto(path);
         |                     ^
      14 |     await this.page.waitForLoadState("networkidle");
      15 |   }
      16 |
        at BasePage.navigate (/home/tbaltzakis/cloudless.gr/e2e/helpers/page-helpers.ts:13:21)
        at /home/tbaltzakis/cloudless.gr/e2e/ui/pages/store.spec.ts:19:16

    attachment #1: screenshot (image/png) ──────────────────────────────────────────────────────────
    test-results/ui-pages-store-Store-Page-should-have-products-grid-or-list-chromium/test-failed-1.png
    ────────────────────────────────────────────────────────────────────────────────────────────────

    attachment #2: video (video/webm) ──────────────────────────────────────────────────────────────
    test-results/ui-pages-store-Store-Page-should-have-products-grid-or-list-chromium/video.webm
    ────────────────────────────────────────────────────────────────────────────────────────────────

    Error Context: test-results/ui-pages-store-Store-Page-should-have-products-grid-or-list-chromium/error-context.md

    Retry #1 ───────────────────────────────────────────────────────────────────────────────────────

    Error: page.goto: net::ERR_CONNECTION_REFUSED at http://localhost:4000/store
    Call log:
      - navigating to "http://localhost:4000/store", waiting until "load"


       at helpers/page-helpers.ts:13

      11 |
      12 |   async navigate(path: string) {
    > 13 |     await this.page.goto(path);
         |                     ^
      14 |     await this.page.waitForLoadState("networkidle");
      15 |   }
      16 |
        at BasePage.navigate (/home/tbaltzakis/cloudless.gr/e2e/helpers/page-helpers.ts:13:21)
        at /home/tbaltzakis/cloudless.gr/e2e/ui/pages/store.spec.ts:19:16

    attachment #1: screenshot (image/png) ──────────────────────────────────────────────────────────
    test-results/ui-pages-store-Store-Page-should-have-products-grid-or-list-chromium-retry1/test-failed-1.png
    ────────────────────────────────────────────────────────────────────────────────────────────────

    attachment #2: video (video/webm) ──────────────────────────────────────────────────────────────
    test-results/ui-pages-store-Store-Page-should-have-products-grid-or-list-chromium-retry1/video.webm
    ────────────────────────────────────────────────────────────────────────────────────────────────

    Error Context: test-results/ui-pages-store-Store-Page-should-have-products-grid-or-list-chromium-retry1/error-context.md

    attachment #4: trace (application/zip) ─────────────────────────────────────────────────────────
    test-results/ui-pages-store-Store-Page-should-have-products-grid-or-list-chromium-retry1/trace.zip
    Usage:

        npx playwright show-trace test-results/ui-pages-store-Store-Page-should-have-products-grid-or-list-chromium-retry1/trace.zip

    ────────────────────────────────────────────────────────────────────────────────────────────────

  391) [chromium] › e2e/ui/pages/store.spec.ts:61:7 › Store Page › should have product categories or filters 

    Error: page.goto: net::ERR_CONNECTION_REFUSED at http://localhost:4000/store
    Call log:
      - navigating to "http://localhost:4000/store", waiting until "load"


       at helpers/page-helpers.ts:13

      11 |
      12 |   async navigate(path: string) {
    > 13 |     await this.page.goto(path);
         |                     ^
      14 |     await this.page.waitForLoadState("networkidle");
      15 |   }
      16 |
        at BasePage.navigate (/home/tbaltzakis/cloudless.gr/e2e/helpers/page-helpers.ts:13:21)
        at /home/tbaltzakis/cloudless.gr/e2e/ui/pages/store.spec.ts:19:16

    attachment #1: screenshot (image/png) ──────────────────────────────────────────────────────────
    test-results/ui-pages-store-Store-Page--c4630-oduct-categories-or-filters-chromium/test-failed-1.png
    ────────────────────────────────────────────────────────────────────────────────────────────────

    attachment #2: video (video/webm) ──────────────────────────────────────────────────────────────
    test-results/ui-pages-store-Store-Page--c4630-oduct-categories-or-filters-chromium/video.webm
    ────────────────────────────────────────────────────────────────────────────────────────────────

    Error Context: test-results/ui-pages-store-Store-Page--c4630-oduct-categories-or-filters-chromium/error-context.md

    Retry #1 ───────────────────────────────────────────────────────────────────────────────────────

    Error: page.goto: net::ERR_CONNECTION_REFUSED at http://localhost:4000/store
    Call log:
      - navigating to "http://localhost:4000/store", waiting until "load"


       at helpers/page-helpers.ts:13

      11 |
      12 |   async navigate(path: string) {
    > 13 |     await this.page.goto(path);
         |                     ^
      14 |     await this.page.waitForLoadState("networkidle");
      15 |   }
      16 |
        at BasePage.navigate (/home/tbaltzakis/cloudless.gr/e2e/helpers/page-helpers.ts:13:21)
        at /home/tbaltzakis/cloudless.gr/e2e/ui/pages/store.spec.ts:19:16

    attachment #1: screenshot (image/png) ──────────────────────────────────────────────────────────
    test-results/ui-pages-store-Store-Page--c4630-oduct-categories-or-filters-chromium-retry1/test-failed-1.png
    ────────────────────────────────────────────────────────────────────────────────────────────────

    attachment #2: video (video/webm) ──────────────────────────────────────────────────────────────
    test-results/ui-pages-store-Store-Page--c4630-oduct-categories-or-filters-chromium-retry1/video.webm
    ────────────────────────────────────────────────────────────────────────────────────────────────

    Error Context: test-results/ui-pages-store-Store-Page--c4630-oduct-categories-or-filters-chromium-retry1/error-context.md

    attachment #4: trace (application/zip) ─────────────────────────────────────────────────────────
    test-results/ui-pages-store-Store-Page--c4630-oduct-categories-or-filters-chromium-retry1/trace.zip
    Usage:

        npx playwright show-trace test-results/ui-pages-store-Store-Page--c4630-oduct-categories-or-filters-chromium-retry1/trace.zip

    ────────────────────────────────────────────────────────────────────────────────────────────────

  392) [chromium] › e2e/ui/pages/store.spec.ts:71:7 › Store Page › should have shopping cart indicator 

    Error: page.goto: net::ERR_CONNECTION_REFUSED at http://localhost:4000/store
    Call log:
      - navigating to "http://localhost:4000/store", waiting until "load"


       at helpers/page-helpers.ts:13

      11 |
      12 |   async navigate(path: string) {
    > 13 |     await this.page.goto(path);
         |                     ^
      14 |     await this.page.waitForLoadState("networkidle");
      15 |   }
      16 |
        at BasePage.navigate (/home/tbaltzakis/cloudless.gr/e2e/helpers/page-helpers.ts:13:21)
        at /home/tbaltzakis/cloudless.gr/e2e/ui/pages/store.spec.ts:19:16

    attachment #1: screenshot (image/png) ──────────────────────────────────────────────────────────
    test-results/ui-pages-store-Store-Page--008d2-ave-shopping-cart-indicator-chromium/test-failed-1.png
    ────────────────────────────────────────────────────────────────────────────────────────────────

    attachment #2: video (video/webm) ──────────────────────────────────────────────────────────────
    test-results/ui-pages-store-Store-Page--008d2-ave-shopping-cart-indicator-chromium/video.webm
    ────────────────────────────────────────────────────────────────────────────────────────────────

    Error Context: test-results/ui-pages-store-Store-Page--008d2-ave-shopping-cart-indicator-chromium/error-context.md

    Retry #1 ───────────────────────────────────────────────────────────────────────────────────────

    Error: page.goto: net::ERR_CONNECTION_REFUSED at http://localhost:4000/store
    Call log:
      - navigating to "http://localhost:4000/store", waiting until "load"


       at helpers/page-helpers.ts:13

      11 |
      12 |   async navigate(path: string) {
    > 13 |     await this.page.goto(path);
         |                     ^
      14 |     await this.page.waitForLoadState("networkidle");
      15 |   }
      16 |
        at BasePage.navigate (/home/tbaltzakis/cloudless.gr/e2e/helpers/page-helpers.ts:13:21)
        at /home/tbaltzakis/cloudless.gr/e2e/ui/pages/store.spec.ts:19:16

    attachment #1: screenshot (image/png) ──────────────────────────────────────────────────────────
    test-results/ui-pages-store-Store-Page--008d2-ave-shopping-cart-indicator-chromium-retry1/test-failed-1.png
    ────────────────────────────────────────────────────────────────────────────────────────────────

    attachment #2: video (video/webm) ──────────────────────────────────────────────────────────────
    test-results/ui-pages-store-Store-Page--008d2-ave-shopping-cart-indicator-chromium-retry1/video.webm
    ────────────────────────────────────────────────────────────────────────────────────────────────

    Error Context: test-results/ui-pages-store-Store-Page--008d2-ave-shopping-cart-indicator-chromium-retry1/error-context.md

    attachment #4: trace (application/zip) ─────────────────────────────────────────────────────────
    test-results/ui-pages-store-Store-Page--008d2-ave-shopping-cart-indicator-chromium-retry1/trace.zip
    Usage:

        npx playwright show-trace test-results/ui-pages-store-Store-Page--008d2-ave-shopping-cart-indicator-chromium-retry1/trace.zip

    ────────────────────────────────────────────────────────────────────────────────────────────────

  393) [chromium] › e2e/ui/pages/store.spec.ts:80:7 › Store Page › should have call-to-action for featured products 

    Error: page.goto: net::ERR_CONNECTION_REFUSED at http://localhost:4000/store
    Call log:
      - navigating to "http://localhost:4000/store", waiting until "load"


       at helpers/page-helpers.ts:13

      11 |
      12 |   async navigate(path: string) {
    > 13 |     await this.page.goto(path);
         |                     ^
      14 |     await this.page.waitForLoadState("networkidle");
      15 |   }
      16 |
        at BasePage.navigate (/home/tbaltzakis/cloudless.gr/e2e/helpers/page-helpers.ts:13:21)
        at /home/tbaltzakis/cloudless.gr/e2e/ui/pages/store.spec.ts:19:16

    attachment #1: screenshot (image/png) ──────────────────────────────────────────────────────────
    test-results/ui-pages-store-Store-Page--bedbe-ction-for-featured-products-chromium/test-failed-1.png
    ────────────────────────────────────────────────────────────────────────────────────────────────

    attachment #2: video (video/webm) ──────────────────────────────────────────────────────────────
    test-results/ui-pages-store-Store-Page--bedbe-ction-for-featured-products-chromium/video.webm
    ────────────────────────────────────────────────────────────────────────────────────────────────

    Error Context: test-results/ui-pages-store-Store-Page--bedbe-ction-for-featured-products-chromium/error-context.md

    Retry #1 ───────────────────────────────────────────────────────────────────────────────────────

    Error: page.goto: net::ERR_CONNECTION_REFUSED at http://localhost:4000/store
    Call log:
      - navigating to "http://localhost:4000/store", waiting until "load"


       at helpers/page-helpers.ts:13

      11 |
      12 |   async navigate(path: string) {
    > 13 |     await this.page.goto(path);
         |                     ^
      14 |     await this.page.waitForLoadState("networkidle");
      15 |   }
      16 |
        at BasePage.navigate (/home/tbaltzakis/cloudless.gr/e2e/helpers/page-helpers.ts:13:21)
        at /home/tbaltzakis/cloudless.gr/e2e/ui/pages/store.spec.ts:19:16

    attachment #1: screenshot (image/png) ──────────────────────────────────────────────────────────
    test-results/ui-pages-store-Store-Page--bedbe-ction-for-featured-products-chromium-retry1/test-failed-1.png
    ────────────────────────────────────────────────────────────────────────────────────────────────

    attachment #2: video (video/webm) ──────────────────────────────────────────────────────────────
    test-results/ui-pages-store-Store-Page--bedbe-ction-for-featured-products-chromium-retry1/video.webm
    ────────────────────────────────────────────────────────────────────────────────────────────────

    Error Context: test-results/ui-pages-store-Store-Page--bedbe-ction-for-featured-products-chromium-retry1/error-context.md

    attachment #4: trace (application/zip) ─────────────────────────────────────────────────────────
    test-results/ui-pages-store-Store-Page--bedbe-ction-for-featured-products-chromium-retry1/trace.zip
    Usage:

        npx playwright show-trace test-results/ui-pages-store-Store-Page--bedbe-ction-for-featured-products-chromium-retry1/trace.zip

    ────────────────────────────────────────────────────────────────────────────────────────────────

  394) [chromium] › e2e/ui/pages/store.spec.ts:96:9 › Store Page › Authentication › should show login prompt for cart actions when not authenticated 

    Error: page.goto: net::ERR_CONNECTION_REFUSED at http://localhost:4000/store
    Call log:
      - navigating to "http://localhost:4000/store", waiting until "load"


       at helpers/page-helpers.ts:13

      11 |
      12 |   async navigate(path: string) {
    > 13 |     await this.page.goto(path);
         |                     ^
      14 |     await this.page.waitForLoadState("networkidle");
      15 |   }
      16 |
        at BasePage.navigate (/home/tbaltzakis/cloudless.gr/e2e/helpers/page-helpers.ts:13:21)
        at /home/tbaltzakis/cloudless.gr/e2e/ui/pages/store.spec.ts:19:16

    attachment #1: screenshot (image/png) ──────────────────────────────────────────────────────────
    test-results/ui-pages-store-Store-Page--25010-ions-when-not-authenticated-chromium/test-failed-1.png
    ────────────────────────────────────────────────────────────────────────────────────────────────

    attachment #2: video (video/webm) ──────────────────────────────────────────────────────────────
    test-results/ui-pages-store-Store-Page--25010-ions-when-not-authenticated-chromium/video.webm
    ────────────────────────────────────────────────────────────────────────────────────────────────

    Error Context: test-results/ui-pages-store-Store-Page--25010-ions-when-not-authenticated-chromium/error-context.md

    Retry #1 ───────────────────────────────────────────────────────────────────────────────────────

    Error: page.goto: net::ERR_CONNECTION_REFUSED at http://localhost:4000/store
    Call log:
      - navigating to "http://localhost:4000/store", waiting until "load"


       at helpers/page-helpers.ts:13

      11 |
      12 |   async navigate(path: string) {
    > 13 |     await this.page.goto(path);
         |                     ^
      14 |     await this.page.waitForLoadState("networkidle");
      15 |   }
      16 |
        at BasePage.navigate (/home/tbaltzakis/cloudless.gr/e2e/helpers/page-helpers.ts:13:21)
        at /home/tbaltzakis/cloudless.gr/e2e/ui/pages/store.spec.ts:19:16

    attachment #1: screenshot (image/png) ──────────────────────────────────────────────────────────
    test-results/ui-pages-store-Store-Page--25010-ions-when-not-authenticated-chromium-retry1/test-failed-1.png
    ────────────────────────────────────────────────────────────────────────────────────────────────

    attachment #2: video (video/webm) ──────────────────────────────────────────────────────────────
    test-results/ui-pages-store-Store-Page--25010-ions-when-not-authenticated-chromium-retry1/video.webm
    ────────────────────────────────────────────────────────────────────────────────────────────────

    Error Context: test-results/ui-pages-store-Store-Page--25010-ions-when-not-authenticated-chromium-retry1/error-context.md

    attachment #4: trace (application/zip) ─────────────────────────────────────────────────────────
    test-results/ui-pages-store-Store-Page--25010-ions-when-not-authenticated-chromium-retry1/trace.zip
    Usage:

        npx playwright show-trace test-results/ui-pages-store-Store-Page--25010-ions-when-not-authenticated-chromium-retry1/trace.zip

    ────────────────────────────────────────────────────────────────────────────────────────────────

  395) [chromium] › e2e/ui/pages/store.spec.ts:113:9 › Store Page › Authentication › should allow authenticated users to add to cart 

    Error: page.goto: net::ERR_CONNECTION_REFUSED at http://localhost:4000/store
    Call log:
      - navigating to "http://localhost:4000/store", waiting until "load"


       at helpers/page-helpers.ts:13

      11 |
      12 |   async navigate(path: string) {
    > 13 |     await this.page.goto(path);
         |                     ^
      14 |     await this.page.waitForLoadState("networkidle");
      15 |   }
      16 |
        at BasePage.navigate (/home/tbaltzakis/cloudless.gr/e2e/helpers/page-helpers.ts:13:21)
        at /home/tbaltzakis/cloudless.gr/e2e/ui/pages/store.spec.ts:19:16

    attachment #1: screenshot (image/png) ──────────────────────────────────────────────────────────
    test-results/ui-pages-store-Store-Page--de8a1-icated-users-to-add-to-cart-chromium/test-failed-1.png
    ────────────────────────────────────────────────────────────────────────────────────────────────

    attachment #2: video (video/webm) ──────────────────────────────────────────────────────────────
    test-results/ui-pages-store-Store-Page--de8a1-icated-users-to-add-to-cart-chromium/video.webm
    ────────────────────────────────────────────────────────────────────────────────────────────────

    Error Context: test-results/ui-pages-store-Store-Page--de8a1-icated-users-to-add-to-cart-chromium/error-context.md

    Retry #1 ───────────────────────────────────────────────────────────────────────────────────────

    Error: page.goto: net::ERR_CONNECTION_REFUSED at http://localhost:4000/store
    Call log:
      - navigating to "http://localhost:4000/store", waiting until "load"


       at helpers/page-helpers.ts:13

      11 |
      12 |   async navigate(path: string) {
    > 13 |     await this.page.goto(path);
         |                     ^
      14 |     await this.page.waitForLoadState("networkidle");
      15 |   }
      16 |
        at BasePage.navigate (/home/tbaltzakis/cloudless.gr/e2e/helpers/page-helpers.ts:13:21)
        at /home/tbaltzakis/cloudless.gr/e2e/ui/pages/store.spec.ts:19:16

    attachment #1: screenshot (image/png) ──────────────────────────────────────────────────────────
    test-results/ui-pages-store-Store-Page--de8a1-icated-users-to-add-to-cart-chromium-retry1/test-failed-1.png
    ────────────────────────────────────────────────────────────────────────────────────────────────

    attachment #2: video (video/webm) ──────────────────────────────────────────────────────────────
    test-results/ui-pages-store-Store-Page--de8a1-icated-users-to-add-to-cart-chromium-retry1/video.webm
    ────────────────────────────────────────────────────────────────────────────────────────────────

    Error Context: test-results/ui-pages-store-Store-Page--de8a1-icated-users-to-add-to-cart-chromium-retry1/error-context.md

    attachment #4: trace (application/zip) ─────────────────────────────────────────────────────────
    test-results/ui-pages-store-Store-Page--de8a1-icated-users-to-add-to-cart-chromium-retry1/trace.zip
    Usage:

        npx playwright show-trace test-results/ui-pages-store-Store-Page--de8a1-icated-users-to-add-to-cart-chromium-retry1/trace.zip

    ────────────────────────────────────────────────────────────────────────────────────────────────

  396) [chromium] › e2e/ui/pages/store.spec.ts:142:9 › Store Page › Responsive Design › should render correctly on mobile 

    Error: page.goto: net::ERR_CONNECTION_REFUSED at http://localhost:4000/store
    Call log:
      - navigating to "http://localhost:4000/store", waiting until "load"


       at helpers/page-helpers.ts:13

      11 |
      12 |   async navigate(path: string) {
    > 13 |     await this.page.goto(path);
         |                     ^
      14 |     await this.page.waitForLoadState("networkidle");
      15 |   }
      16 |
        at BasePage.navigate (/home/tbaltzakis/cloudless.gr/e2e/helpers/page-helpers.ts:13:21)
        at /home/tbaltzakis/cloudless.gr/e2e/ui/pages/store.spec.ts:19:16

    attachment #1: screenshot (image/png) ──────────────────────────────────────────────────────────
    test-results/ui-pages-store-Store-Page--c6573--render-correctly-on-mobile-chromium/test-failed-1.png
    ────────────────────────────────────────────────────────────────────────────────────────────────

    attachment #2: video (video/webm) ──────────────────────────────────────────────────────────────
    test-results/ui-pages-store-Store-Page--c6573--render-correctly-on-mobile-chromium/video.webm
    ────────────────────────────────────────────────────────────────────────────────────────────────

    Error Context: test-results/ui-pages-store-Store-Page--c6573--render-correctly-on-mobile-chromium/error-context.md

    Retry #1 ───────────────────────────────────────────────────────────────────────────────────────

    Error: page.goto: net::ERR_CONNECTION_REFUSED at http://localhost:4000/store
    Call log:
      - navigating to "http://localhost:4000/store", waiting until "load"


       at helpers/page-helpers.ts:13

      11 |
      12 |   async navigate(path: string) {
    > 13 |     await this.page.goto(path);
         |                     ^
      14 |     await this.page.waitForLoadState("networkidle");
      15 |   }
      16 |
        at BasePage.navigate (/home/tbaltzakis/cloudless.gr/e2e/helpers/page-helpers.ts:13:21)
        at /home/tbaltzakis/cloudless.gr/e2e/ui/pages/store.spec.ts:19:16

    attachment #1: screenshot (image/png) ──────────────────────────────────────────────────────────
    test-results/ui-pages-store-Store-Page--c6573--render-correctly-on-mobile-chromium-retry1/test-failed-1.png
    ────────────────────────────────────────────────────────────────────────────────────────────────

    attachment #2: video (video/webm) ──────────────────────────────────────────────────────────────
    test-results/ui-pages-store-Store-Page--c6573--render-correctly-on-mobile-chromium-retry1/video.webm
    ────────────────────────────────────────────────────────────────────────────────────────────────

    Error Context: test-results/ui-pages-store-Store-Page--c6573--render-correctly-on-mobile-chromium-retry1/error-context.md

    attachment #4: trace (application/zip) ─────────────────────────────────────────────────────────
    test-results/ui-pages-store-Store-Page--c6573--render-correctly-on-mobile-chromium-retry1/trace.zip
    Usage:

        npx playwright show-trace test-results/ui-pages-store-Store-Page--c6573--render-correctly-on-mobile-chromium-retry1/trace.zip

    ────────────────────────────────────────────────────────────────────────────────────────────────

  397) [chromium] › e2e/ui/pages/store.spec.ts:157:9 › Store Page › Responsive Design › should render correctly on tablet 

    Error: page.goto: net::ERR_CONNECTION_REFUSED at http://localhost:4000/store
    Call log:
      - navigating to "http://localhost:4000/store", waiting until "load"


       at helpers/page-helpers.ts:13

      11 |
      12 |   async navigate(path: string) {
    > 13 |     await this.page.goto(path);
         |                     ^
      14 |     await this.page.waitForLoadState("networkidle");
      15 |   }
      16 |
        at BasePage.navigate (/home/tbaltzakis/cloudless.gr/e2e/helpers/page-helpers.ts:13:21)
        at /home/tbaltzakis/cloudless.gr/e2e/ui/pages/store.spec.ts:19:16

    attachment #1: screenshot (image/png) ──────────────────────────────────────────────────────────
    test-results/ui-pages-store-Store-Page--81cc6--render-correctly-on-tablet-chromium/test-failed-1.png
    ────────────────────────────────────────────────────────────────────────────────────────────────

    attachment #2: video (video/webm) ──────────────────────────────────────────────────────────────
    test-results/ui-pages-store-Store-Page--81cc6--render-correctly-on-tablet-chromium/video.webm
    ────────────────────────────────────────────────────────────────────────────────────────────────

    Error Context: test-results/ui-pages-store-Store-Page--81cc6--render-correctly-on-tablet-chromium/error-context.md

    Retry #1 ───────────────────────────────────────────────────────────────────────────────────────

    Error: page.goto: net::ERR_CONNECTION_REFUSED at http://localhost:4000/store
    Call log:
      - navigating to "http://localhost:4000/store", waiting until "load"


       at helpers/page-helpers.ts:13

      11 |
      12 |   async navigate(path: string) {
    > 13 |     await this.page.goto(path);
         |                     ^
      14 |     await this.page.waitForLoadState("networkidle");
      15 |   }
      16 |
        at BasePage.navigate (/home/tbaltzakis/cloudless.gr/e2e/helpers/page-helpers.ts:13:21)
        at /home/tbaltzakis/cloudless.gr/e2e/ui/pages/store.spec.ts:19:16

    attachment #1: screenshot (image/png) ──────────────────────────────────────────────────────────
    test-results/ui-pages-store-Store-Page--81cc6--render-correctly-on-tablet-chromium-retry1/test-failed-1.png
    ────────────────────────────────────────────────────────────────────────────────────────────────

    attachment #2: video (video/webm) ──────────────────────────────────────────────────────────────
    test-results/ui-pages-store-Store-Page--81cc6--render-correctly-on-tablet-chromium-retry1/video.webm
    ────────────────────────────────────────────────────────────────────────────────────────────────

    Error Context: test-results/ui-pages-store-Store-Page--81cc6--render-correctly-on-tablet-chromium-retry1/error-context.md

    attachment #4: trace (application/zip) ─────────────────────────────────────────────────────────
    test-results/ui-pages-store-Store-Page--81cc6--render-correctly-on-tablet-chromium-retry1/trace.zip
    Usage:

        npx playwright show-trace test-results/ui-pages-store-Store-Page--81cc6--render-correctly-on-tablet-chromium-retry1/trace.zip

    ────────────────────────────────────────────────────────────────────────────────────────────────

  398) [chromium] › e2e/ui/pages/store.spec.ts:172:9 › Store Page › Responsive Design › should render correctly on desktop 

    Error: page.goto: net::ERR_CONNECTION_REFUSED at http://localhost:4000/store
    Call log:
      - navigating to "http://localhost:4000/store", waiting until "load"


       at helpers/page-helpers.ts:13

      11 |
      12 |   async navigate(path: string) {
    > 13 |     await this.page.goto(path);
         |                     ^
      14 |     await this.page.waitForLoadState("networkidle");
      15 |   }
      16 |
        at BasePage.navigate (/home/tbaltzakis/cloudless.gr/e2e/helpers/page-helpers.ts:13:21)
        at /home/tbaltzakis/cloudless.gr/e2e/ui/pages/store.spec.ts:19:16

    attachment #1: screenshot (image/png) ──────────────────────────────────────────────────────────
    test-results/ui-pages-store-Store-Page--d7827-render-correctly-on-desktop-chromium/test-failed-1.png
    ────────────────────────────────────────────────────────────────────────────────────────────────

    attachment #2: video (video/webm) ──────────────────────────────────────────────────────────────
    test-results/ui-pages-store-Store-Page--d7827-render-correctly-on-desktop-chromium/video.webm
    ────────────────────────────────────────────────────────────────────────────────────────────────

    Error Context: test-results/ui-pages-store-Store-Page--d7827-render-correctly-on-desktop-chromium/error-context.md

    Retry #1 ───────────────────────────────────────────────────────────────────────────────────────

    Error: page.goto: net::ERR_CONNECTION_REFUSED at http://localhost:4000/store
    Call log:
      - navigating to "http://localhost:4000/store", waiting until "load"


       at helpers/page-helpers.ts:13

      11 |
      12 |   async navigate(path: string) {
    > 13 |     await this.page.goto(path);
         |                     ^
      14 |     await this.page.waitForLoadState("networkidle");
      15 |   }
      16 |
        at BasePage.navigate (/home/tbaltzakis/cloudless.gr/e2e/helpers/page-helpers.ts:13:21)
        at /home/tbaltzakis/cloudless.gr/e2e/ui/pages/store.spec.ts:19:16

    attachment #1: screenshot (image/png) ──────────────────────────────────────────────────────────
    test-results/ui-pages-store-Store-Page--d7827-render-correctly-on-desktop-chromium-retry1/test-failed-1.png
    ────────────────────────────────────────────────────────────────────────────────────────────────

    attachment #2: video (video/webm) ──────────────────────────────────────────────────────────────
    test-results/ui-pages-store-Store-Page--d7827-render-correctly-on-desktop-chromium-retry1/video.webm
    ────────────────────────────────────────────────────────────────────────────────────────────────

    Error Context: test-results/ui-pages-store-Store-Page--d7827-render-correctly-on-desktop-chromium-retry1/error-context.md

    attachment #4: trace (application/zip) ─────────────────────────────────────────────────────────
    test-results/ui-pages-store-Store-Page--d7827-render-correctly-on-desktop-chromium-retry1/trace.zip
    Usage:

        npx playwright show-trace test-results/ui-pages-store-Store-Page--d7827-render-correctly-on-desktop-chromium-retry1/trace.zip

    ────────────────────────────────────────────────────────────────────────────────────────────────

  399) [chromium] › e2e/ui/pages/store.spec.ts:190:9 › Store Page › Navigation › should navigate to homepage 

    Error: page.goto: net::ERR_CONNECTION_REFUSED at http://localhost:4000/store
    Call log:
      - navigating to "http://localhost:4000/store", waiting until "load"


       at helpers/page-helpers.ts:13

      11 |
      12 |   async navigate(path: string) {
    > 13 |     await this.page.goto(path);
         |                     ^
      14 |     await this.page.waitForLoadState("networkidle");
      15 |   }
      16 |
        at BasePage.navigate (/home/tbaltzakis/cloudless.gr/e2e/helpers/page-helpers.ts:13:21)
        at /home/tbaltzakis/cloudless.gr/e2e/ui/pages/store.spec.ts:19:16

    attachment #1: screenshot (image/png) ──────────────────────────────────────────────────────────
    test-results/ui-pages-store-Store-Page--a562f-should-navigate-to-homepage-chromium/test-failed-1.png
    ────────────────────────────────────────────────────────────────────────────────────────────────

    attachment #2: video (video/webm) ──────────────────────────────────────────────────────────────
    test-results/ui-pages-store-Store-Page--a562f-should-navigate-to-homepage-chromium/video.webm
    ────────────────────────────────────────────────────────────────────────────────────────────────

    Error Context: test-results/ui-pages-store-Store-Page--a562f-should-navigate-to-homepage-chromium/error-context.md

    Retry #1 ───────────────────────────────────────────────────────────────────────────────────────

    Error: page.goto: net::ERR_CONNECTION_REFUSED at http://localhost:4000/store
    Call log:
      - navigating to "http://localhost:4000/store", waiting until "load"


       at helpers/page-helpers.ts:13

      11 |
      12 |   async navigate(path: string) {
    > 13 |     await this.page.goto(path);
         |                     ^
      14 |     await this.page.waitForLoadState("networkidle");
      15 |   }
      16 |
        at BasePage.navigate (/home/tbaltzakis/cloudless.gr/e2e/helpers/page-helpers.ts:13:21)
        at /home/tbaltzakis/cloudless.gr/e2e/ui/pages/store.spec.ts:19:16

    attachment #1: screenshot (image/png) ──────────────────────────────────────────────────────────
    test-results/ui-pages-store-Store-Page--a562f-should-navigate-to-homepage-chromium-retry1/test-failed-1.png
    ────────────────────────────────────────────────────────────────────────────────────────────────

    attachment #2: video (video/webm) ──────────────────────────────────────────────────────────────
    test-results/ui-pages-store-Store-Page--a562f-should-navigate-to-homepage-chromium-retry1/video.webm
    ────────────────────────────────────────────────────────────────────────────────────────────────

    Error Context: test-results/ui-pages-store-Store-Page--a562f-should-navigate-to-homepage-chromium-retry1/error-context.md

    attachment #4: trace (application/zip) ─────────────────────────────────────────────────────────
    test-results/ui-pages-store-Store-Page--a562f-should-navigate-to-homepage-chromium-retry1/trace.zip
    Usage:

        npx playwright show-trace test-results/ui-pages-store-Store-Page--a562f-should-navigate-to-homepage-chromium-retry1/trace.zip

    ────────────────────────────────────────────────────────────────────────────────────────────────

  400) [chromium] › e2e/ui/pages/store.spec.ts:198:9 › Store Page › Navigation › should navigate to services 

    Error: page.goto: net::ERR_CONNECTION_REFUSED at http://localhost:4000/store
    Call log:
      - navigating to "http://localhost:4000/store", waiting until "load"


       at helpers/page-helpers.ts:13

      11 |
      12 |   async navigate(path: string) {
    > 13 |     await this.page.goto(path);
         |                     ^
      14 |     await this.page.waitForLoadState("networkidle");
      15 |   }
      16 |
        at BasePage.navigate (/home/tbaltzakis/cloudless.gr/e2e/helpers/page-helpers.ts:13:21)
        at /home/tbaltzakis/cloudless.gr/e2e/ui/pages/store.spec.ts:19:16

    attachment #1: screenshot (image/png) ──────────────────────────────────────────────────────────
    test-results/ui-pages-store-Store-Page--296ad-should-navigate-to-services-chromium/test-failed-1.png
    ────────────────────────────────────────────────────────────────────────────────────────────────

    attachment #2: video (video/webm) ──────────────────────────────────────────────────────────────
    test-results/ui-pages-store-Store-Page--296ad-should-navigate-to-services-chromium/video.webm
    ────────────────────────────────────────────────────────────────────────────────────────────────

    Error Context: test-results/ui-pages-store-Store-Page--296ad-should-navigate-to-services-chromium/error-context.md

    Retry #1 ───────────────────────────────────────────────────────────────────────────────────────

    Error: page.goto: net::ERR_CONNECTION_REFUSED at http://localhost:4000/store
    Call log:
      - navigating to "http://localhost:4000/store", waiting until "load"


       at helpers/page-helpers.ts:13

      11 |
      12 |   async navigate(path: string) {
    > 13 |     await this.page.goto(path);
         |                     ^
      14 |     await this.page.waitForLoadState("networkidle");
      15 |   }
      16 |
        at BasePage.navigate (/home/tbaltzakis/cloudless.gr/e2e/helpers/page-helpers.ts:13:21)
        at /home/tbaltzakis/cloudless.gr/e2e/ui/pages/store.spec.ts:19:16

    attachment #1: screenshot (image/png) ──────────────────────────────────────────────────────────
    test-results/ui-pages-store-Store-Page--296ad-should-navigate-to-services-chromium-retry1/test-failed-1.png
    ────────────────────────────────────────────────────────────────────────────────────────────────

    attachment #2: video (video/webm) ──────────────────────────────────────────────────────────────
    test-results/ui-pages-store-Store-Page--296ad-should-navigate-to-services-chromium-retry1/video.webm
    ────────────────────────────────────────────────────────────────────────────────────────────────

    Error Context: test-results/ui-pages-store-Store-Page--296ad-should-navigate-to-services-chromium-retry1/error-context.md

    attachment #4: trace (application/zip) ─────────────────────────────────────────────────────────
    test-results/ui-pages-store-Store-Page--296ad-should-navigate-to-services-chromium-retry1/trace.zip
    Usage:

        npx playwright show-trace test-results/ui-pages-store-Store-Page--296ad-should-navigate-to-services-chromium-retry1/trace.zip

    ────────────────────────────────────────────────────────────────────────────────────────────────

  401) [chromium] › e2e/ui/pages/store.spec.ts:206:9 › Store Page › Navigation › should navigate to blog 

    Error: page.goto: net::ERR_CONNECTION_REFUSED at http://localhost:4000/store
    Call log:
      - navigating to "http://localhost:4000/store", waiting until "load"


       at helpers/page-helpers.ts:13

      11 |
      12 |   async navigate(path: string) {
    > 13 |     await this.page.goto(path);
         |                     ^
      14 |     await this.page.waitForLoadState("networkidle");
      15 |   }
      16 |
        at BasePage.navigate (/home/tbaltzakis/cloudless.gr/e2e/helpers/page-helpers.ts:13:21)
        at /home/tbaltzakis/cloudless.gr/e2e/ui/pages/store.spec.ts:19:16

    attachment #1: screenshot (image/png) ──────────────────────────────────────────────────────────
    test-results/ui-pages-store-Store-Page-Navigation-should-navigate-to-blog-chromium/test-failed-1.png
    ────────────────────────────────────────────────────────────────────────────────────────────────

    attachment #2: video (video/webm) ──────────────────────────────────────────────────────────────
    test-results/ui-pages-store-Store-Page-Navigation-should-navigate-to-blog-chromium/video.webm
    ────────────────────────────────────────────────────────────────────────────────────────────────

    Error Context: test-results/ui-pages-store-Store-Page-Navigation-should-navigate-to-blog-chromium/error-context.md

    Retry #1 ───────────────────────────────────────────────────────────────────────────────────────

    Error: page.goto: net::ERR_CONNECTION_REFUSED at http://localhost:4000/store
    Call log:
      - navigating to "http://localhost:4000/store", waiting until "load"


       at helpers/page-helpers.ts:13

      11 |
      12 |   async navigate(path: string) {
    > 13 |     await this.page.goto(path);
         |                     ^
      14 |     await this.page.waitForLoadState("networkidle");
      15 |   }
      16 |
        at BasePage.navigate (/home/tbaltzakis/cloudless.gr/e2e/helpers/page-helpers.ts:13:21)
        at /home/tbaltzakis/cloudless.gr/e2e/ui/pages/store.spec.ts:19:16

    attachment #1: screenshot (image/png) ──────────────────────────────────────────────────────────
    test-results/ui-pages-store-Store-Page-Navigation-should-navigate-to-blog-chromium-retry1/test-failed-1.png
    ────────────────────────────────────────────────────────────────────────────────────────────────

    attachment #2: video (video/webm) ──────────────────────────────────────────────────────────────
    test-results/ui-pages-store-Store-Page-Navigation-should-navigate-to-blog-chromium-retry1/video.webm
    ────────────────────────────────────────────────────────────────────────────────────────────────

    Error Context: test-results/ui-pages-store-Store-Page-Navigation-should-navigate-to-blog-chromium-retry1/error-context.md

    attachment #4: trace (application/zip) ─────────────────────────────────────────────────────────
    test-results/ui-pages-store-Store-Page-Navigation-should-navigate-to-blog-chromium-retry1/trace.zip
    Usage:

        npx playwright show-trace test-results/ui-pages-store-Store-Page-Navigation-should-navigate-to-blog-chromium-retry1/trace.zip

    ────────────────────────────────────────────────────────────────────────────────────────────────

  402) [chromium] › e2e/ui/pages/store.spec.ts:214:9 › Store Page › Navigation › should navigate to contact 

    Error: page.goto: net::ERR_CONNECTION_REFUSED at http://localhost:4000/store
    Call log:
      - navigating to "http://localhost:4000/store", waiting until "load"


       at helpers/page-helpers.ts:13

      11 |
      12 |   async navigate(path: string) {
    > 13 |     await this.page.goto(path);
         |                     ^
      14 |     await this.page.waitForLoadState("networkidle");
      15 |   }
      16 |
        at BasePage.navigate (/home/tbaltzakis/cloudless.gr/e2e/helpers/page-helpers.ts:13:21)
        at /home/tbaltzakis/cloudless.gr/e2e/ui/pages/store.spec.ts:19:16

    attachment #1: screenshot (image/png) ──────────────────────────────────────────────────────────
    test-results/ui-pages-store-Store-Page--79204--should-navigate-to-contact-chromium/test-failed-1.png
    ────────────────────────────────────────────────────────────────────────────────────────────────

    attachment #2: video (video/webm) ──────────────────────────────────────────────────────────────
    test-results/ui-pages-store-Store-Page--79204--should-navigate-to-contact-chromium/video.webm
    ────────────────────────────────────────────────────────────────────────────────────────────────

    Error Context: test-results/ui-pages-store-Store-Page--79204--should-navigate-to-contact-chromium/error-context.md

    Retry #1 ───────────────────────────────────────────────────────────────────────────────────────

    Error: page.goto: net::ERR_CONNECTION_REFUSED at http://localhost:4000/store
    Call log:
      - navigating to "http://localhost:4000/store", waiting until "load"


       at helpers/page-helpers.ts:13

      11 |
      12 |   async navigate(path: string) {
    > 13 |     await this.page.goto(path);
         |                     ^
      14 |     await this.page.waitForLoadState("networkidle");
      15 |   }
      16 |
        at BasePage.navigate (/home/tbaltzakis/cloudless.gr/e2e/helpers/page-helpers.ts:13:21)
        at /home/tbaltzakis/cloudless.gr/e2e/ui/pages/store.spec.ts:19:16

    attachment #1: screenshot (image/png) ──────────────────────────────────────────────────────────
    test-results/ui-pages-store-Store-Page--79204--should-navigate-to-contact-chromium-retry1/test-failed-1.png
    ────────────────────────────────────────────────────────────────────────────────────────────────

    attachment #2: video (video/webm) ──────────────────────────────────────────────────────────────
    test-results/ui-pages-store-Store-Page--79204--should-navigate-to-contact-chromium-retry1/video.webm
    ────────────────────────────────────────────────────────────────────────────────────────────────

    Error Context: test-results/ui-pages-store-Store-Page--79204--should-navigate-to-contact-chromium-retry1/error-context.md

    attachment #4: trace (application/zip) ─────────────────────────────────────────────────────────
    test-results/ui-pages-store-Store-Page--79204--should-navigate-to-contact-chromium-retry1/trace.zip
    Usage:

        npx playwright show-trace test-results/ui-pages-store-Store-Page--79204--should-navigate-to-contact-chromium-retry1/trace.zip

    ────────────────────────────────────────────────────────────────────────────────────────────────

  403) [chromium] › e2e/ui/pages/store.spec.ts:222:9 › Store Page › Navigation › should navigate to cart 

    Error: page.goto: net::ERR_CONNECTION_REFUSED at http://localhost:4000/store
    Call log:
      - navigating to "http://localhost:4000/store", waiting until "load"


       at helpers/page-helpers.ts:13

      11 |
      12 |   async navigate(path: string) {
    > 13 |     await this.page.goto(path);
         |                     ^
      14 |     await this.page.waitForLoadState("networkidle");
      15 |   }
      16 |
        at BasePage.navigate (/home/tbaltzakis/cloudless.gr/e2e/helpers/page-helpers.ts:13:21)
        at /home/tbaltzakis/cloudless.gr/e2e/ui/pages/store.spec.ts:19:16

    attachment #1: screenshot (image/png) ──────────────────────────────────────────────────────────
    test-results/ui-pages-store-Store-Page-Navigation-should-navigate-to-cart-chromium/test-failed-1.png
    ────────────────────────────────────────────────────────────────────────────────────────────────

    attachment #2: video (video/webm) ──────────────────────────────────────────────────────────────
    test-results/ui-pages-store-Store-Page-Navigation-should-navigate-to-cart-chromium/video.webm
    ────────────────────────────────────────────────────────────────────────────────────────────────

    Error Context: test-results/ui-pages-store-Store-Page-Navigation-should-navigate-to-cart-chromium/error-context.md

    Retry #1 ───────────────────────────────────────────────────────────────────────────────────────

    Error: page.goto: net::ERR_CONNECTION_REFUSED at http://localhost:4000/store
    Call log:
      - navigating to "http://localhost:4000/store", waiting until "load"


       at helpers/page-helpers.ts:13

      11 |
      12 |   async navigate(path: string) {
    > 13 |     await this.page.goto(path);
         |                     ^
      14 |     await this.page.waitForLoadState("networkidle");
      15 |   }
      16 |
        at BasePage.navigate (/home/tbaltzakis/cloudless.gr/e2e/helpers/page-helpers.ts:13:21)
        at /home/tbaltzakis/cloudless.gr/e2e/ui/pages/store.spec.ts:19:16

    attachment #1: screenshot (image/png) ──────────────────────────────────────────────────────────
    test-results/ui-pages-store-Store-Page-Navigation-should-navigate-to-cart-chromium-retry1/test-failed-1.png
    ────────────────────────────────────────────────────────────────────────────────────────────────

    attachment #2: video (video/webm) ──────────────────────────────────────────────────────────────
    test-results/ui-pages-store-Store-Page-Navigation-should-navigate-to-cart-chromium-retry1/video.webm
    ────────────────────────────────────────────────────────────────────────────────────────────────

    Error Context: test-results/ui-pages-store-Store-Page-Navigation-should-navigate-to-cart-chromium-retry1/error-context.md

    attachment #4: trace (application/zip) ─────────────────────────────────────────────────────────
    test-results/ui-pages-store-Store-Page-Navigation-should-navigate-to-cart-chromium-retry1/trace.zip
    Usage:

        npx playwright show-trace test-results/ui-pages-store-Store-Page-Navigation-should-navigate-to-cart-chromium-retry1/trace.zip

    ────────────────────────────────────────────────────────────────────────────────────────────────

  404) [chromium] › e2e/ui/pages/store.spec.ts:232:9 › Store Page › Accessibility › should have proper language attribute 

    Error: page.goto: net::ERR_CONNECTION_REFUSED at http://localhost:4000/store
    Call log:
      - navigating to "http://localhost:4000/store", waiting until "load"


       at helpers/page-helpers.ts:13

      11 |
      12 |   async navigate(path: string) {
    > 13 |     await this.page.goto(path);
         |                     ^
      14 |     await this.page.waitForLoadState("networkidle");
      15 |   }
      16 |
        at BasePage.navigate (/home/tbaltzakis/cloudless.gr/e2e/helpers/page-helpers.ts:13:21)
        at /home/tbaltzakis/cloudless.gr/e2e/ui/pages/store.spec.ts:19:16

    attachment #1: screenshot (image/png) ──────────────────────────────────────────────────────────
    test-results/ui-pages-store-Store-Page--1e540-e-proper-language-attribute-chromium/test-failed-1.png
    ────────────────────────────────────────────────────────────────────────────────────────────────

    attachment #2: video (video/webm) ──────────────────────────────────────────────────────────────
    test-results/ui-pages-store-Store-Page--1e540-e-proper-language-attribute-chromium/video.webm
    ────────────────────────────────────────────────────────────────────────────────────────────────

    Error Context: test-results/ui-pages-store-Store-Page--1e540-e-proper-language-attribute-chromium/error-context.md

    Retry #1 ───────────────────────────────────────────────────────────────────────────────────────

    Error: page.goto: net::ERR_CONNECTION_REFUSED at http://localhost:4000/store
    Call log:
      - navigating to "http://localhost:4000/store", waiting until "load"


       at helpers/page-helpers.ts:13

      11 |
      12 |   async navigate(path: string) {
    > 13 |     await this.page.goto(path);
         |                     ^
      14 |     await this.page.waitForLoadState("networkidle");
      15 |   }
      16 |
        at BasePage.navigate (/home/tbaltzakis/cloudless.gr/e2e/helpers/page-helpers.ts:13:21)
        at /home/tbaltzakis/cloudless.gr/e2e/ui/pages/store.spec.ts:19:16

    attachment #1: screenshot (image/png) ──────────────────────────────────────────────────────────
    test-results/ui-pages-store-Store-Page--1e540-e-proper-language-attribute-chromium-retry1/test-failed-1.png
    ────────────────────────────────────────────────────────────────────────────────────────────────

    attachment #2: video (video/webm) ──────────────────────────────────────────────────────────────
    test-results/ui-pages-store-Store-Page--1e540-e-proper-language-attribute-chromium-retry1/video.webm
    ────────────────────────────────────────────────────────────────────────────────────────────────

    Error Context: test-results/ui-pages-store-Store-Page--1e540-e-proper-language-attribute-chromium-retry1/error-context.md

    attachment #4: trace (application/zip) ─────────────────────────────────────────────────────────
    test-results/ui-pages-store-Store-Page--1e540-e-proper-language-attribute-chromium-retry1/trace.zip
    Usage:

        npx playwright show-trace test-results/ui-pages-store-Store-Page--1e540-e-proper-language-attribute-chromium-retry1/trace.zip

    ────────────────────────────────────────────────────────────────────────────────────────────────

  405) [chromium] › e2e/ui/pages/store.spec.ts:238:9 › Store Page › Accessibility › should have accessible product elements 

    Error: page.goto: net::ERR_CONNECTION_REFUSED at http://localhost:4000/store
    Call log:
      - navigating to "http://localhost:4000/store", waiting until "load"


       at helpers/page-helpers.ts:13

      11 |
      12 |   async navigate(path: string) {
    > 13 |     await this.page.goto(path);
         |                     ^
      14 |     await this.page.waitForLoadState("networkidle");
      15 |   }
      16 |
        at BasePage.navigate (/home/tbaltzakis/cloudless.gr/e2e/helpers/page-helpers.ts:13:21)
        at /home/tbaltzakis/cloudless.gr/e2e/ui/pages/store.spec.ts:19:16

    attachment #1: screenshot (image/png) ──────────────────────────────────────────────────────────
    test-results/ui-pages-store-Store-Page--eb38c-accessible-product-elements-chromium/test-failed-1.png
    ────────────────────────────────────────────────────────────────────────────────────────────────

    attachment #2: video (video/webm) ──────────────────────────────────────────────────────────────
    test-results/ui-pages-store-Store-Page--eb38c-accessible-product-elements-chromium/video.webm
    ────────────────────────────────────────────────────────────────────────────────────────────────

    Error Context: test-results/ui-pages-store-Store-Page--eb38c-accessible-product-elements-chromium/error-context.md

    Retry #1 ───────────────────────────────────────────────────────────────────────────────────────

    Error: page.goto: net::ERR_CONNECTION_REFUSED at http://localhost:4000/store
    Call log:
      - navigating to "http://localhost:4000/store", waiting until "load"


       at helpers/page-helpers.ts:13

      11 |
      12 |   async navigate(path: string) {
    > 13 |     await this.page.goto(path);
         |                     ^
      14 |     await this.page.waitForLoadState("networkidle");
      15 |   }
      16 |
        at BasePage.navigate (/home/tbaltzakis/cloudless.gr/e2e/helpers/page-helpers.ts:13:21)
        at /home/tbaltzakis/cloudless.gr/e2e/ui/pages/store.spec.ts:19:16

    attachment #1: screenshot (image/png) ──────────────────────────────────────────────────────────
    test-results/ui-pages-store-Store-Page--eb38c-accessible-product-elements-chromium-retry1/test-failed-1.png
    ────────────────────────────────────────────────────────────────────────────────────────────────

    attachment #2: video (video/webm) ──────────────────────────────────────────────────────────────
    test-results/ui-pages-store-Store-Page--eb38c-accessible-product-elements-chromium-retry1/video.webm
    ────────────────────────────────────────────────────────────────────────────────────────────────

    Error Context: test-results/ui-pages-store-Store-Page--eb38c-accessible-product-elements-chromium-retry1/error-context.md

    attachment #4: trace (application/zip) ─────────────────────────────────────────────────────────
    test-results/ui-pages-store-Store-Page--eb38c-accessible-product-elements-chromium-retry1/trace.zip
    Usage:

        npx playwright show-trace test-results/ui-pages-store-Store-Page--eb38c-accessible-product-elements-chromium-retry1/trace.zip

    ────────────────────────────────────────────────────────────────────────────────────────────────

  406) [chromium] › e2e/ui/pages/store.spec.ts:257:9 › Store Page › Accessibility › should have accessible buttons 

    Error: page.goto: net::ERR_CONNECTION_REFUSED at http://localhost:4000/store
    Call log:
      - navigating to "http://localhost:4000/store", waiting until "load"


       at helpers/page-helpers.ts:13

      11 |
      12 |   async navigate(path: string) {
    > 13 |     await this.page.goto(path);
         |                     ^
      14 |     await this.page.waitForLoadState("networkidle");
      15 |   }
      16 |
        at BasePage.navigate (/home/tbaltzakis/cloudless.gr/e2e/helpers/page-helpers.ts:13:21)
        at /home/tbaltzakis/cloudless.gr/e2e/ui/pages/store.spec.ts:19:16

    attachment #1: screenshot (image/png) ──────────────────────────────────────────────────────────
    test-results/ui-pages-store-Store-Page--3cfac-uld-have-accessible-buttons-chromium/test-failed-1.png
    ────────────────────────────────────────────────────────────────────────────────────────────────

    attachment #2: video (video/webm) ──────────────────────────────────────────────────────────────
    test-results/ui-pages-store-Store-Page--3cfac-uld-have-accessible-buttons-chromium/video.webm
    ────────────────────────────────────────────────────────────────────────────────────────────────

    Error Context: test-results/ui-pages-store-Store-Page--3cfac-uld-have-accessible-buttons-chromium/error-context.md

    Retry #1 ───────────────────────────────────────────────────────────────────────────────────────

    Error: page.goto: net::ERR_CONNECTION_REFUSED at http://localhost:4000/store
    Call log:
      - navigating to "http://localhost:4000/store", waiting until "load"


       at helpers/page-helpers.ts:13

      11 |
      12 |   async navigate(path: string) {
    > 13 |     await this.page.goto(path);
         |                     ^
      14 |     await this.page.waitForLoadState("networkidle");
      15 |   }
      16 |
        at BasePage.navigate (/home/tbaltzakis/cloudless.gr/e2e/helpers/page-helpers.ts:13:21)
        at /home/tbaltzakis/cloudless.gr/e2e/ui/pages/store.spec.ts:19:16

    attachment #1: screenshot (image/png) ──────────────────────────────────────────────────────────
    test-results/ui-pages-store-Store-Page--3cfac-uld-have-accessible-buttons-chromium-retry1/test-failed-1.png
    ────────────────────────────────────────────────────────────────────────────────────────────────

    attachment #2: video (video/webm) ──────────────────────────────────────────────────────────────
    test-results/ui-pages-store-Store-Page--3cfac-uld-have-accessible-buttons-chromium-retry1/video.webm
    ────────────────────────────────────────────────────────────────────────────────────────────────

    Error Context: test-results/ui-pages-store-Store-Page--3cfac-uld-have-accessible-buttons-chromium-retry1/error-context.md

    attachment #4: trace (application/zip) ─────────────────────────────────────────────────────────
    test-results/ui-pages-store-Store-Page--3cfac-uld-have-accessible-buttons-chromium-retry1/trace.zip
    Usage:

        npx playwright show-trace test-results/ui-pages-store-Store-Page--3cfac-uld-have-accessible-buttons-chromium-retry1/trace.zip

    ────────────────────────────────────────────────────────────────────────────────────────────────

  407) [chromium] › e2e/ui/pages/store.spec.ts:279:9 › Store Page › Performance › should load within reasonable time 

    Error: page.goto: net::ERR_CONNECTION_REFUSED at http://localhost:4000/store
    Call log:
      - navigating to "http://localhost:4000/store", waiting until "load"


       at helpers/page-helpers.ts:13

      11 |
      12 |   async navigate(path: string) {
    > 13 |     await this.page.goto(path);
         |                     ^
      14 |     await this.page.waitForLoadState("networkidle");
      15 |   }
      16 |
        at BasePage.navigate (/home/tbaltzakis/cloudless.gr/e2e/helpers/page-helpers.ts:13:21)
        at /home/tbaltzakis/cloudless.gr/e2e/ui/pages/store.spec.ts:19:16

    attachment #1: screenshot (image/png) ──────────────────────────────────────────────────────────
    test-results/ui-pages-store-Store-Page--bb6d1-load-within-reasonable-time-chromium/test-failed-1.png
    ────────────────────────────────────────────────────────────────────────────────────────────────

    attachment #2: video (video/webm) ──────────────────────────────────────────────────────────────
    test-results/ui-pages-store-Store-Page--bb6d1-load-within-reasonable-time-chromium/video.webm
    ────────────────────────────────────────────────────────────────────────────────────────────────

    Error Context: test-results/ui-pages-store-Store-Page--bb6d1-load-within-reasonable-time-chromium/error-context.md

    Retry #1 ───────────────────────────────────────────────────────────────────────────────────────

    Error: page.goto: net::ERR_CONNECTION_REFUSED at http://localhost:4000/store
    Call log:
      - navigating to "http://localhost:4000/store", waiting until "load"


       at helpers/page-helpers.ts:13

      11 |
      12 |   async navigate(path: string) {
    > 13 |     await this.page.goto(path);
         |                     ^
      14 |     await this.page.waitForLoadState("networkidle");
      15 |   }
      16 |
        at BasePage.navigate (/home/tbaltzakis/cloudless.gr/e2e/helpers/page-helpers.ts:13:21)
        at /home/tbaltzakis/cloudless.gr/e2e/ui/pages/store.spec.ts:19:16

    attachment #1: screenshot (image/png) ──────────────────────────────────────────────────────────
    test-results/ui-pages-store-Store-Page--bb6d1-load-within-reasonable-time-chromium-retry1/test-failed-1.png
    ────────────────────────────────────────────────────────────────────────────────────────────────

    attachment #2: video (video/webm) ──────────────────────────────────────────────────────────────
    test-results/ui-pages-store-Store-Page--bb6d1-load-within-reasonable-time-chromium-retry1/video.webm
    ────────────────────────────────────────────────────────────────────────────────────────────────

    Error Context: test-results/ui-pages-store-Store-Page--bb6d1-load-within-reasonable-time-chromium-retry1/error-context.md

    attachment #4: trace (application/zip) ─────────────────────────────────────────────────────────
    test-results/ui-pages-store-Store-Page--bb6d1-load-within-reasonable-time-chromium-retry1/trace.zip
    Usage:

        npx playwright show-trace test-results/ui-pages-store-Store-Page--bb6d1-load-within-reasonable-time-chromium-retry1/trace.zip

    ────────────────────────────────────────────────────────────────────────────────────────────────

  408) [chromium] › e2e/ui/pages/style.spec.ts:165:11 › Style System › Homepage Style › should have void background color 

    Error: page.goto: net::ERR_CONNECTION_REFUSED at http://localhost:4000/
    Call log:
      - navigating to "http://localhost:4000/", waiting until "load"


      158 |     test.describe(`${name} Style`, () => {
      159 |       test.beforeEach(async ({ page }) => {
    > 160 |         await page.goto(path);
          |                    ^
      161 |         // Wait for network idle to ensure styles are applied
      162 |         await page.waitForLoadState("networkidle");
      163 |       });
        at /home/tbaltzakis/cloudless.gr/e2e/ui/pages/style.spec.ts:160:20

    attachment #1: screenshot (image/png) ──────────────────────────────────────────────────────────
    test-results/ui-pages-style-Style-Syste-aaf9e--have-void-background-color-chromium/test-failed-1.png
    ────────────────────────────────────────────────────────────────────────────────────────────────

    attachment #2: video (video/webm) ──────────────────────────────────────────────────────────────
    test-results/ui-pages-style-Style-Syste-aaf9e--have-void-background-color-chromium/video.webm
    ────────────────────────────────────────────────────────────────────────────────────────────────

    Error Context: test-results/ui-pages-style-Style-Syste-aaf9e--have-void-background-color-chromium/error-context.md

    Retry #1 ───────────────────────────────────────────────────────────────────────────────────────

    Error: page.goto: net::ERR_CONNECTION_REFUSED at http://localhost:4000/
    Call log:
      - navigating to "http://localhost:4000/", waiting until "load"


      158 |     test.describe(`${name} Style`, () => {
      159 |       test.beforeEach(async ({ page }) => {
    > 160 |         await page.goto(path);
          |                    ^
      161 |         // Wait for network idle to ensure styles are applied
      162 |         await page.waitForLoadState("networkidle");
      163 |       });
        at /home/tbaltzakis/cloudless.gr/e2e/ui/pages/style.spec.ts:160:20

    attachment #1: screenshot (image/png) ──────────────────────────────────────────────────────────
    test-results/ui-pages-style-Style-Syste-aaf9e--have-void-background-color-chromium-retry1/test-failed-1.png
    ────────────────────────────────────────────────────────────────────────────────────────────────

    attachment #2: video (video/webm) ──────────────────────────────────────────────────────────────
    test-results/ui-pages-style-Style-Syste-aaf9e--have-void-background-color-chromium-retry1/video.webm
    ────────────────────────────────────────────────────────────────────────────────────────────────

    Error Context: test-results/ui-pages-style-Style-Syste-aaf9e--have-void-background-color-chromium-retry1/error-context.md

    attachment #4: trace (application/zip) ─────────────────────────────────────────────────────────
    test-results/ui-pages-style-Style-Syste-aaf9e--have-void-background-color-chromium-retry1/trace.zip
    Usage:

        npx playwright show-trace test-results/ui-pages-style-Style-Syste-aaf9e--have-void-background-color-chromium-retry1/trace.zip

    ────────────────────────────────────────────────────────────────────────────────────────────────

  409) [chromium] › e2e/ui/pages/style.spec.ts:170:11 › Style System › Homepage Style › should have correct heading font 

    Error: page.goto: net::ERR_CONNECTION_REFUSED at http://localhost:4000/
    Call log:
      - navigating to "http://localhost:4000/", waiting until "load"


      158 |     test.describe(`${name} Style`, () => {
      159 |       test.beforeEach(async ({ page }) => {
    > 160 |         await page.goto(path);
          |                    ^
      161 |         // Wait for network idle to ensure styles are applied
      162 |         await page.waitForLoadState("networkidle");
      163 |       });
        at /home/tbaltzakis/cloudless.gr/e2e/ui/pages/style.spec.ts:160:20

    attachment #1: screenshot (image/png) ──────────────────────────────────────────────────────────
    test-results/ui-pages-style-Style-Syste-b43fa-d-have-correct-heading-font-chromium/test-failed-1.png
    ────────────────────────────────────────────────────────────────────────────────────────────────

    attachment #2: video (video/webm) ──────────────────────────────────────────────────────────────
    test-results/ui-pages-style-Style-Syste-b43fa-d-have-correct-heading-font-chromium/video.webm
    ────────────────────────────────────────────────────────────────────────────────────────────────

    Error Context: test-results/ui-pages-style-Style-Syste-b43fa-d-have-correct-heading-font-chromium/error-context.md

    Retry #1 ───────────────────────────────────────────────────────────────────────────────────────

    Error: page.goto: net::ERR_CONNECTION_REFUSED at http://localhost:4000/
    Call log:
      - navigating to "http://localhost:4000/", waiting until "load"


      158 |     test.describe(`${name} Style`, () => {
      159 |       test.beforeEach(async ({ page }) => {
    > 160 |         await page.goto(path);
          |                    ^
      161 |         // Wait for network idle to ensure styles are applied
      162 |         await page.waitForLoadState("networkidle");
      163 |       });
        at /home/tbaltzakis/cloudless.gr/e2e/ui/pages/style.spec.ts:160:20

    attachment #1: screenshot (image/png) ──────────────────────────────────────────────────────────
    test-results/ui-pages-style-Style-Syste-b43fa-d-have-correct-heading-font-chromium-retry1/test-failed-1.png
    ────────────────────────────────────────────────────────────────────────────────────────────────

    attachment #2: video (video/webm) ──────────────────────────────────────────────────────────────
    test-results/ui-pages-style-Style-Syste-b43fa-d-have-correct-heading-font-chromium-retry1/video.webm
    ────────────────────────────────────────────────────────────────────────────────────────────────

    Error Context: test-results/ui-pages-style-Style-Syste-b43fa-d-have-correct-heading-font-chromium-retry1/error-context.md

    attachment #4: trace (application/zip) ─────────────────────────────────────────────────────────
    test-results/ui-pages-style-Style-Syste-b43fa-d-have-correct-heading-font-chromium-retry1/trace.zip
    Usage:

        npx playwright show-trace test-results/ui-pages-style-Style-Syste-b43fa-d-have-correct-heading-font-chromium-retry1/trace.zip

    ────────────────────────────────────────────────────────────────────────────────────────────────

  410) [chromium] › e2e/ui/pages/style.spec.ts:175:11 › Style System › Homepage Style › should have correct body font 

    Error: page.goto: net::ERR_CONNECTION_REFUSED at http://localhost:4000/
    Call log:
      - navigating to "http://localhost:4000/", waiting until "load"


      158 |     test.describe(`${name} Style`, () => {
      159 |       test.beforeEach(async ({ page }) => {
    > 160 |         await page.goto(path);
          |                    ^
      161 |         // Wait for network idle to ensure styles are applied
      162 |         await page.waitForLoadState("networkidle");
      163 |       });
        at /home/tbaltzakis/cloudless.gr/e2e/ui/pages/style.spec.ts:160:20

    attachment #1: screenshot (image/png) ──────────────────────────────────────────────────────────
    test-results/ui-pages-style-Style-Syste-cbdff-ould-have-correct-body-font-chromium/test-failed-1.png
    ────────────────────────────────────────────────────────────────────────────────────────────────

    attachment #2: video (video/webm) ──────────────────────────────────────────────────────────────
    test-results/ui-pages-style-Style-Syste-cbdff-ould-have-correct-body-font-chromium/video.webm
    ────────────────────────────────────────────────────────────────────────────────────────────────

    Error Context: test-results/ui-pages-style-Style-Syste-cbdff-ould-have-correct-body-font-chromium/error-context.md

    Retry #1 ───────────────────────────────────────────────────────────────────────────────────────

    Error: page.goto: net::ERR_CONNECTION_REFUSED at http://localhost:4000/
    Call log:
      - navigating to "http://localhost:4000/", waiting until "load"


      158 |     test.describe(`${name} Style`, () => {
      159 |       test.beforeEach(async ({ page }) => {
    > 160 |         await page.goto(path);
          |                    ^
      161 |         // Wait for network idle to ensure styles are applied
      162 |         await page.waitForLoadState("networkidle");
      163 |       });
        at /home/tbaltzakis/cloudless.gr/e2e/ui/pages/style.spec.ts:160:20

    attachment #1: screenshot (image/png) ──────────────────────────────────────────────────────────
    test-results/ui-pages-style-Style-Syste-cbdff-ould-have-correct-body-font-chromium-retry1/test-failed-1.png
    ────────────────────────────────────────────────────────────────────────────────────────────────

    attachment #2: video (video/webm) ──────────────────────────────────────────────────────────────
    test-results/ui-pages-style-Style-Syste-cbdff-ould-have-correct-body-font-chromium-retry1/video.webm
    ────────────────────────────────────────────────────────────────────────────────────────────────

    Error Context: test-results/ui-pages-style-Style-Syste-cbdff-ould-have-correct-body-font-chromium-retry1/error-context.md

    attachment #4: trace (application/zip) ─────────────────────────────────────────────────────────
    test-results/ui-pages-style-Style-Syste-cbdff-ould-have-correct-body-font-chromium-retry1/trace.zip
    Usage:

        npx playwright show-trace test-results/ui-pages-style-Style-Syste-cbdff-ould-have-correct-body-font-chromium-retry1/trace.zip

    ────────────────────────────────────────────────────────────────────────────────────────────────

  411) [chromium] › e2e/ui/pages/style.spec.ts:180:11 › Style System › Homepage Style › should have correct code font 

    Error: page.goto: net::ERR_CONNECTION_REFUSED at http://localhost:4000/
    Call log:
      - navigating to "http://localhost:4000/", waiting until "load"


      158 |     test.describe(`${name} Style`, () => {
      159 |       test.beforeEach(async ({ page }) => {
    > 160 |         await page.goto(path);
          |                    ^
      161 |         // Wait for network idle to ensure styles are applied
      162 |         await page.waitForLoadState("networkidle");
      163 |       });
        at /home/tbaltzakis/cloudless.gr/e2e/ui/pages/style.spec.ts:160:20

    attachment #1: screenshot (image/png) ──────────────────────────────────────────────────────────
    test-results/ui-pages-style-Style-Syste-f26ff-ould-have-correct-code-font-chromium/test-failed-1.png
    ────────────────────────────────────────────────────────────────────────────────────────────────

    attachment #2: video (video/webm) ──────────────────────────────────────────────────────────────
    test-results/ui-pages-style-Style-Syste-f26ff-ould-have-correct-code-font-chromium/video.webm
    ────────────────────────────────────────────────────────────────────────────────────────────────

    Error Context: test-results/ui-pages-style-Style-Syste-f26ff-ould-have-correct-code-font-chromium/error-context.md

    Retry #1 ───────────────────────────────────────────────────────────────────────────────────────

    Error: page.goto: net::ERR_CONNECTION_REFUSED at http://localhost:4000/
    Call log:
      - navigating to "http://localhost:4000/", waiting until "load"


      158 |     test.describe(`${name} Style`, () => {
      159 |       test.beforeEach(async ({ page }) => {
    > 160 |         await page.goto(path);
          |                    ^
      161 |         // Wait for network idle to ensure styles are applied
      162 |         await page.waitForLoadState("networkidle");
      163 |       });
        at /home/tbaltzakis/cloudless.gr/e2e/ui/pages/style.spec.ts:160:20

    attachment #1: screenshot (image/png) ──────────────────────────────────────────────────────────
    test-results/ui-pages-style-Style-Syste-f26ff-ould-have-correct-code-font-chromium-retry1/test-failed-1.png
    ────────────────────────────────────────────────────────────────────────────────────────────────

    attachment #2: video (video/webm) ──────────────────────────────────────────────────────────────
    test-results/ui-pages-style-Style-Syste-f26ff-ould-have-correct-code-font-chromium-retry1/video.webm
    ────────────────────────────────────────────────────────────────────────────────────────────────

    Error Context: test-results/ui-pages-style-Style-Syste-f26ff-ould-have-correct-code-font-chromium-retry1/error-context.md

    attachment #4: trace (application/zip) ─────────────────────────────────────────────────────────
    test-results/ui-pages-style-Style-Syste-f26ff-ould-have-correct-code-font-chromium-retry1/trace.zip
    Usage:

        npx playwright show-trace test-results/ui-pages-style-Style-Syste-f26ff-ould-have-correct-code-font-chromium-retry1/trace.zip

    ────────────────────────────────────────────────────────────────────────────────────────────────

  412) [chromium] › e2e/ui/pages/style.spec.ts:185:11 › Style System › Homepage Style › should have neon cyan accents 

    Error: page.goto: net::ERR_CONNECTION_REFUSED at http://localhost:4000/
    Call log:
      - navigating to "http://localhost:4000/", waiting until "load"


      158 |     test.describe(`${name} Style`, () => {
      159 |       test.beforeEach(async ({ page }) => {
    > 160 |         await page.goto(path);
          |                    ^
      161 |         // Wait for network idle to ensure styles are applied
      162 |         await page.waitForLoadState("networkidle");
      163 |       });
        at /home/tbaltzakis/cloudless.gr/e2e/ui/pages/style.spec.ts:160:20

    attachment #1: screenshot (image/png) ──────────────────────────────────────────────────────────
    test-results/ui-pages-style-Style-Syste-629ef-ould-have-neon-cyan-accents-chromium/test-failed-1.png
    ────────────────────────────────────────────────────────────────────────────────────────────────

    attachment #2: video (video/webm) ──────────────────────────────────────────────────────────────
    test-results/ui-pages-style-Style-Syste-629ef-ould-have-neon-cyan-accents-chromium/video.webm
    ────────────────────────────────────────────────────────────────────────────────────────────────

    Error Context: test-results/ui-pages-style-Style-Syste-629ef-ould-have-neon-cyan-accents-chromium/error-context.md

    Retry #1 ───────────────────────────────────────────────────────────────────────────────────────

    Error: page.goto: net::ERR_CONNECTION_REFUSED at http://localhost:4000/
    Call log:
      - navigating to "http://localhost:4000/", waiting until "load"


      158 |     test.describe(`${name} Style`, () => {
      159 |       test.beforeEach(async ({ page }) => {
    > 160 |         await page.goto(path);
          |                    ^
      161 |         // Wait for network idle to ensure styles are applied
      162 |         await page.waitForLoadState("networkidle");
      163 |       });
        at /home/tbaltzakis/cloudless.gr/e2e/ui/pages/style.spec.ts:160:20

    attachment #1: screenshot (image/png) ──────────────────────────────────────────────────────────
    test-results/ui-pages-style-Style-Syste-629ef-ould-have-neon-cyan-accents-chromium-retry1/test-failed-1.png
    ────────────────────────────────────────────────────────────────────────────────────────────────

    attachment #2: video (video/webm) ──────────────────────────────────────────────────────────────
    test-results/ui-pages-style-Style-Syste-629ef-ould-have-neon-cyan-accents-chromium-retry1/video.webm
    ────────────────────────────────────────────────────────────────────────────────────────────────

    Error Context: test-results/ui-pages-style-Style-Syste-629ef-ould-have-neon-cyan-accents-chromium-retry1/error-context.md

    attachment #4: trace (application/zip) ─────────────────────────────────────────────────────────
    test-results/ui-pages-style-Style-Syste-629ef-ould-have-neon-cyan-accents-chromium-retry1/trace.zip
    Usage:

        npx playwright show-trace test-results/ui-pages-style-Style-Syste-629ef-ould-have-neon-cyan-accents-chromium-retry1/trace.zip

    ────────────────────────────────────────────────────────────────────────────────────────────────

  413) [chromium] › e2e/ui/pages/style.spec.ts:219:11 › Style System › Homepage Style › should have neon magenta accents 

    Error: page.goto: net::ERR_CONNECTION_REFUSED at http://localhost:4000/
    Call log:
      - navigating to "http://localhost:4000/", waiting until "load"


      158 |     test.describe(`${name} Style`, () => {
      159 |       test.beforeEach(async ({ page }) => {
    > 160 |         await page.goto(path);
          |                    ^
      161 |         // Wait for network idle to ensure styles are applied
      162 |         await page.waitForLoadState("networkidle");
      163 |       });
        at /home/tbaltzakis/cloudless.gr/e2e/ui/pages/style.spec.ts:160:20

    attachment #1: screenshot (image/png) ──────────────────────────────────────────────────────────
    test-results/ui-pages-style-Style-Syste-93a51-d-have-neon-magenta-accents-chromium/test-failed-1.png
    ────────────────────────────────────────────────────────────────────────────────────────────────

    attachment #2: video (video/webm) ──────────────────────────────────────────────────────────────
    test-results/ui-pages-style-Style-Syste-93a51-d-have-neon-magenta-accents-chromium/video.webm
    ────────────────────────────────────────────────────────────────────────────────────────────────

    Error Context: test-results/ui-pages-style-Style-Syste-93a51-d-have-neon-magenta-accents-chromium/error-context.md

    Retry #1 ───────────────────────────────────────────────────────────────────────────────────────

    Error: page.goto: net::ERR_CONNECTION_REFUSED at http://localhost:4000/
    Call log:
      - navigating to "http://localhost:4000/", waiting until "load"


      158 |     test.describe(`${name} Style`, () => {
      159 |       test.beforeEach(async ({ page }) => {
    > 160 |         await page.goto(path);
          |                    ^
      161 |         // Wait for network idle to ensure styles are applied
      162 |         await page.waitForLoadState("networkidle");
      163 |       });
        at /home/tbaltzakis/cloudless.gr/e2e/ui/pages/style.spec.ts:160:20

    attachment #1: screenshot (image/png) ──────────────────────────────────────────────────────────
    test-results/ui-pages-style-Style-Syste-93a51-d-have-neon-magenta-accents-chromium-retry1/test-failed-1.png
    ────────────────────────────────────────────────────────────────────────────────────────────────

    attachment #2: video (video/webm) ──────────────────────────────────────────────────────────────
    test-results/ui-pages-style-Style-Syste-93a51-d-have-neon-magenta-accents-chromium-retry1/video.webm
    ────────────────────────────────────────────────────────────────────────────────────────────────

    Error Context: test-results/ui-pages-style-Style-Syste-93a51-d-have-neon-magenta-accents-chromium-retry1/error-context.md

    attachment #4: trace (application/zip) ─────────────────────────────────────────────────────────
    test-results/ui-pages-style-Style-Syste-93a51-d-have-neon-magenta-accents-chromium-retry1/trace.zip
    Usage:

        npx playwright show-trace test-results/ui-pages-style-Style-Syste-93a51-d-have-neon-magenta-accents-chromium-retry1/trace.zip

    ────────────────────────────────────────────────────────────────────────────────────────────────

  414) [chromium] › e2e/ui/pages/style.spec.ts:248:11 › Style System › Homepage Style › should have neon green accents 

    Error: page.goto: net::ERR_CONNECTION_REFUSED at http://localhost:4000/
    Call log:
      - navigating to "http://localhost:4000/", waiting until "load"


      158 |     test.describe(`${name} Style`, () => {
      159 |       test.beforeEach(async ({ page }) => {
    > 160 |         await page.goto(path);
          |                    ^
      161 |         // Wait for network idle to ensure styles are applied
      162 |         await page.waitForLoadState("networkidle");
      163 |       });
        at /home/tbaltzakis/cloudless.gr/e2e/ui/pages/style.spec.ts:160:20

    attachment #1: screenshot (image/png) ──────────────────────────────────────────────────────────
    test-results/ui-pages-style-Style-Syste-39e39-uld-have-neon-green-accents-chromium/test-failed-1.png
    ────────────────────────────────────────────────────────────────────────────────────────────────

    attachment #2: video (video/webm) ──────────────────────────────────────────────────────────────
    test-results/ui-pages-style-Style-Syste-39e39-uld-have-neon-green-accents-chromium/video.webm
    ────────────────────────────────────────────────────────────────────────────────────────────────

    Error Context: test-results/ui-pages-style-Style-Syste-39e39-uld-have-neon-green-accents-chromium/error-context.md

    Retry #1 ───────────────────────────────────────────────────────────────────────────────────────

    Error: page.goto: net::ERR_CONNECTION_REFUSED at http://localhost:4000/
    Call log:
      - navigating to "http://localhost:4000/", waiting until "load"


      158 |     test.describe(`${name} Style`, () => {
      159 |       test.beforeEach(async ({ page }) => {
    > 160 |         await page.goto(path);
          |                    ^
      161 |         // Wait for network idle to ensure styles are applied
      162 |         await page.waitForLoadState("networkidle");
      163 |       });
        at /home/tbaltzakis/cloudless.gr/e2e/ui/pages/style.spec.ts:160:20

    attachment #1: screenshot (image/png) ──────────────────────────────────────────────────────────
    test-results/ui-pages-style-Style-Syste-39e39-uld-have-neon-green-accents-chromium-retry1/test-failed-1.png
    ────────────────────────────────────────────────────────────────────────────────────────────────

    attachment #2: video (video/webm) ──────────────────────────────────────────────────────────────
    test-results/ui-pages-style-Style-Syste-39e39-uld-have-neon-green-accents-chromium-retry1/video.webm
    ────────────────────────────────────────────────────────────────────────────────────────────────

    Error Context: test-results/ui-pages-style-Style-Syste-39e39-uld-have-neon-green-accents-chromium-retry1/error-context.md

    attachment #4: trace (application/zip) ─────────────────────────────────────────────────────────
    test-results/ui-pages-style-Style-Syste-39e39-uld-have-neon-green-accents-chromium-retry1/trace.zip
    Usage:

        npx playwright show-trace test-results/ui-pages-style-Style-Syste-39e39-uld-have-neon-green-accents-chromium-retry1/trace.zip

    ────────────────────────────────────────────────────────────────────────────────────────────────

  415) [chromium] › e2e/ui/pages/style.spec.ts:276:11 › Style System › Homepage Style › should have neon blue accents 

    Error: page.goto: net::ERR_CONNECTION_REFUSED at http://localhost:4000/
    Call log:
      - navigating to "http://localhost:4000/", waiting until "load"


      158 |     test.describe(`${name} Style`, () => {
      159 |       test.beforeEach(async ({ page }) => {
    > 160 |         await page.goto(path);
          |                    ^
      161 |         // Wait for network idle to ensure styles are applied
      162 |         await page.waitForLoadState("networkidle");
      163 |       });
        at /home/tbaltzakis/cloudless.gr/e2e/ui/pages/style.spec.ts:160:20

    attachment #1: screenshot (image/png) ──────────────────────────────────────────────────────────
    test-results/ui-pages-style-Style-Syste-9c11f-ould-have-neon-blue-accents-chromium/test-failed-1.png
    ────────────────────────────────────────────────────────────────────────────────────────────────

    attachment #2: video (video/webm) ──────────────────────────────────────────────────────────────
    test-results/ui-pages-style-Style-Syste-9c11f-ould-have-neon-blue-accents-chromium/video.webm
    ────────────────────────────────────────────────────────────────────────────────────────────────

    Error Context: test-results/ui-pages-style-Style-Syste-9c11f-ould-have-neon-blue-accents-chromium/error-context.md

    Retry #1 ───────────────────────────────────────────────────────────────────────────────────────

    Error: page.goto: net::ERR_CONNECTION_REFUSED at http://localhost:4000/
    Call log:
      - navigating to "http://localhost:4000/", waiting until "load"


      158 |     test.describe(`${name} Style`, () => {
      159 |       test.beforeEach(async ({ page }) => {
    > 160 |         await page.goto(path);
          |                    ^
      161 |         // Wait for network idle to ensure styles are applied
      162 |         await page.waitForLoadState("networkidle");
      163 |       });
        at /home/tbaltzakis/cloudless.gr/e2e/ui/pages/style.spec.ts:160:20

    attachment #1: screenshot (image/png) ──────────────────────────────────────────────────────────
    test-results/ui-pages-style-Style-Syste-9c11f-ould-have-neon-blue-accents-chromium-retry1/test-failed-1.png
    ────────────────────────────────────────────────────────────────────────────────────────────────

    attachment #2: video (video/webm) ──────────────────────────────────────────────────────────────
    test-results/ui-pages-style-Style-Syste-9c11f-ould-have-neon-blue-accents-chromium-retry1/video.webm
    ────────────────────────────────────────────────────────────────────────────────────────────────

    Error Context: test-results/ui-pages-style-Style-Syste-9c11f-ould-have-neon-blue-accents-chromium-retry1/error-context.md

    attachment #4: trace (application/zip) ─────────────────────────────────────────────────────────
    test-results/ui-pages-style-Style-Syste-9c11f-ould-have-neon-blue-accents-chromium-retry1/trace.zip
    Usage:

        npx playwright show-trace test-results/ui-pages-style-Style-Syste-9c11f-ould-have-neon-blue-accents-chromium-retry1/trace.zip

    ────────────────────────────────────────────────────────────────────────────────────────────────

  416) [chromium] › e2e/ui/pages/style.spec.ts:306:15 › Style System › Homepage Style › Effects › should have scanlines effect applied 

    Error: page.goto: net::ERR_CONNECTION_REFUSED at http://localhost:4000/
    Call log:
      - navigating to "http://localhost:4000/", waiting until "load"


      158 |     test.describe(`${name} Style`, () => {
      159 |       test.beforeEach(async ({ page }) => {
    > 160 |         await page.goto(path);
          |                    ^
      161 |         // Wait for network idle to ensure styles are applied
      162 |         await page.waitForLoadState("networkidle");
      163 |       });
        at /home/tbaltzakis/cloudless.gr/e2e/ui/pages/style.spec.ts:160:20

    attachment #1: screenshot (image/png) ──────────────────────────────────────────────────────────
    test-results/ui-pages-style-Style-Syste-13917-ve-scanlines-effect-applied-chromium/test-failed-1.png
    ────────────────────────────────────────────────────────────────────────────────────────────────

    attachment #2: video (video/webm) ──────────────────────────────────────────────────────────────
    test-results/ui-pages-style-Style-Syste-13917-ve-scanlines-effect-applied-chromium/video.webm
    ────────────────────────────────────────────────────────────────────────────────────────────────

    Error Context: test-results/ui-pages-style-Style-Syste-13917-ve-scanlines-effect-applied-chromium/error-context.md

    Retry #1 ───────────────────────────────────────────────────────────────────────────────────────

    Error: page.goto: net::ERR_CONNECTION_REFUSED at http://localhost:4000/
    Call log:
      - navigating to "http://localhost:4000/", waiting until "load"


      158 |     test.describe(`${name} Style`, () => {
      159 |       test.beforeEach(async ({ page }) => {
    > 160 |         await page.goto(path);
          |                    ^
      161 |         // Wait for network idle to ensure styles are applied
      162 |         await page.waitForLoadState("networkidle");
      163 |       });
        at /home/tbaltzakis/cloudless.gr/e2e/ui/pages/style.spec.ts:160:20

    attachment #1: screenshot (image/png) ──────────────────────────────────────────────────────────
    test-results/ui-pages-style-Style-Syste-13917-ve-scanlines-effect-applied-chromium-retry1/test-failed-1.png
    ────────────────────────────────────────────────────────────────────────────────────────────────

    attachment #2: video (video/webm) ──────────────────────────────────────────────────────────────
    test-results/ui-pages-style-Style-Syste-13917-ve-scanlines-effect-applied-chromium-retry1/video.webm
    ────────────────────────────────────────────────────────────────────────────────────────────────

    Error Context: test-results/ui-pages-style-Style-Syste-13917-ve-scanlines-effect-applied-chromium-retry1/error-context.md

    attachment #4: trace (application/zip) ─────────────────────────────────────────────────────────
    test-results/ui-pages-style-Style-Syste-13917-ve-scanlines-effect-applied-chromium-retry1/trace.zip
    Usage:

        npx playwright show-trace test-results/ui-pages-style-Style-Syste-13917-ve-scanlines-effect-applied-chromium-retry1/trace.zip

    ────────────────────────────────────────────────────────────────────────────────────────────────

  417) [chromium] › e2e/ui/pages/style.spec.ts:306:15 › Style System › Homepage Style › Effects › should have cyber-grid effect applied 

    Error: page.goto: net::ERR_CONNECTION_REFUSED at http://localhost:4000/
    Call log:
      - navigating to "http://localhost:4000/", waiting until "load"


      158 |     test.describe(`${name} Style`, () => {
      159 |       test.beforeEach(async ({ page }) => {
    > 160 |         await page.goto(path);
          |                    ^
      161 |         // Wait for network idle to ensure styles are applied
      162 |         await page.waitForLoadState("networkidle");
      163 |       });
        at /home/tbaltzakis/cloudless.gr/e2e/ui/pages/style.spec.ts:160:20

    attachment #1: screenshot (image/png) ──────────────────────────────────────────────────────────
    test-results/ui-pages-style-Style-Syste-c8869-e-cyber-grid-effect-applied-chromium/test-failed-1.png
    ────────────────────────────────────────────────────────────────────────────────────────────────

    attachment #2: video (video/webm) ──────────────────────────────────────────────────────────────
    test-results/ui-pages-style-Style-Syste-c8869-e-cyber-grid-effect-applied-chromium/video.webm
    ────────────────────────────────────────────────────────────────────────────────────────────────

    Error Context: test-results/ui-pages-style-Style-Syste-c8869-e-cyber-grid-effect-applied-chromium/error-context.md

    Retry #1 ───────────────────────────────────────────────────────────────────────────────────────

    Error: page.goto: net::ERR_CONNECTION_REFUSED at http://localhost:4000/
    Call log:
      - navigating to "http://localhost:4000/", waiting until "load"


      158 |     test.describe(`${name} Style`, () => {
      159 |       test.beforeEach(async ({ page }) => {
    > 160 |         await page.goto(path);
          |                    ^
      161 |         // Wait for network idle to ensure styles are applied
      162 |         await page.waitForLoadState("networkidle");
      163 |       });
        at /home/tbaltzakis/cloudless.gr/e2e/ui/pages/style.spec.ts:160:20

    attachment #1: screenshot (image/png) ──────────────────────────────────────────────────────────
    test-results/ui-pages-style-Style-Syste-c8869-e-cyber-grid-effect-applied-chromium-retry1/test-failed-1.png
    ────────────────────────────────────────────────────────────────────────────────────────────────

    attachment #2: video (video/webm) ──────────────────────────────────────────────────────────────
    test-results/ui-pages-style-Style-Syste-c8869-e-cyber-grid-effect-applied-chromium-retry1/video.webm
    ────────────────────────────────────────────────────────────────────────────────────────────────

    Error Context: test-results/ui-pages-style-Style-Syste-c8869-e-cyber-grid-effect-applied-chromium-retry1/error-context.md

    attachment #4: trace (application/zip) ─────────────────────────────────────────────────────────
    test-results/ui-pages-style-Style-Syste-c8869-e-cyber-grid-effect-applied-chromium-retry1/trace.zip
    Usage:

        npx playwright show-trace test-results/ui-pages-style-Style-Syste-c8869-e-cyber-grid-effect-applied-chromium-retry1/trace.zip

    ────────────────────────────────────────────────────────────────────────────────────────────────

  418) [chromium] › e2e/ui/pages/style.spec.ts:306:15 › Style System › Homepage Style › Effects › should have neon-border effect applied 

    Error: page.goto: net::ERR_CONNECTION_REFUSED at http://localhost:4000/
    Call log:
      - navigating to "http://localhost:4000/", waiting until "load"


      158 |     test.describe(`${name} Style`, () => {
      159 |       test.beforeEach(async ({ page }) => {
    > 160 |         await page.goto(path);
          |                    ^
      161 |         // Wait for network idle to ensure styles are applied
      162 |         await page.waitForLoadState("networkidle");
      163 |       });
        at /home/tbaltzakis/cloudless.gr/e2e/ui/pages/style.spec.ts:160:20

    attachment #1: screenshot (image/png) ──────────────────────────────────────────────────────────
    test-results/ui-pages-style-Style-Syste-a5f50--neon-border-effect-applied-chromium/test-failed-1.png
    ────────────────────────────────────────────────────────────────────────────────────────────────

    attachment #2: video (video/webm) ──────────────────────────────────────────────────────────────
    test-results/ui-pages-style-Style-Syste-a5f50--neon-border-effect-applied-chromium/video.webm
    ────────────────────────────────────────────────────────────────────────────────────────────────

    Error Context: test-results/ui-pages-style-Style-Syste-a5f50--neon-border-effect-applied-chromium/error-context.md

    Retry #1 ───────────────────────────────────────────────────────────────────────────────────────

    Error: page.goto: net::ERR_CONNECTION_REFUSED at http://localhost:4000/
    Call log:
      - navigating to "http://localhost:4000/", waiting until "load"


      158 |     test.describe(`${name} Style`, () => {
      159 |       test.beforeEach(async ({ page }) => {
    > 160 |         await page.goto(path);
          |                    ^
      161 |         // Wait for network idle to ensure styles are applied
      162 |         await page.waitForLoadState("networkidle");
      163 |       });
        at /home/tbaltzakis/cloudless.gr/e2e/ui/pages/style.spec.ts:160:20

    attachment #1: screenshot (image/png) ──────────────────────────────────────────────────────────
    test-results/ui-pages-style-Style-Syste-a5f50--neon-border-effect-applied-chromium-retry1/test-failed-1.png
    ────────────────────────────────────────────────────────────────────────────────────────────────

    attachment #2: video (video/webm) ──────────────────────────────────────────────────────────────
    test-results/ui-pages-style-Style-Syste-a5f50--neon-border-effect-applied-chromium-retry1/video.webm
    ────────────────────────────────────────────────────────────────────────────────────────────────

    Error Context: test-results/ui-pages-style-Style-Syste-a5f50--neon-border-effect-applied-chromium-retry1/error-context.md

    attachment #4: trace (application/zip) ─────────────────────────────────────────────────────────
    test-results/ui-pages-style-Style-Syste-a5f50--neon-border-effect-applied-chromium-retry1/trace.zip
    Usage:

        npx playwright show-trace test-results/ui-pages-style-Style-Syste-a5f50--neon-border-effect-applied-chromium-retry1/trace.zip

    ────────────────────────────────────────────────────────────────────────────────────────────────

  419) [chromium] › e2e/ui/pages/style.spec.ts:306:15 › Style System › Homepage Style › Effects › should have glow-cyan effect applied 

    Error: page.goto: net::ERR_CONNECTION_REFUSED at http://localhost:4000/
    Call log:
      - navigating to "http://localhost:4000/", waiting until "load"


      158 |     test.describe(`${name} Style`, () => {
      159 |       test.beforeEach(async ({ page }) => {
    > 160 |         await page.goto(path);
          |                    ^
      161 |         // Wait for network idle to ensure styles are applied
      162 |         await page.waitForLoadState("networkidle");
      163 |       });
        at /home/tbaltzakis/cloudless.gr/e2e/ui/pages/style.spec.ts:160:20

    attachment #1: screenshot (image/png) ──────────────────────────────────────────────────────────
    test-results/ui-pages-style-Style-Syste-23e9e-ve-glow-cyan-effect-applied-chromium/test-failed-1.png
    ────────────────────────────────────────────────────────────────────────────────────────────────

    attachment #2: video (video/webm) ──────────────────────────────────────────────────────────────
    test-results/ui-pages-style-Style-Syste-23e9e-ve-glow-cyan-effect-applied-chromium/video.webm
    ────────────────────────────────────────────────────────────────────────────────────────────────

    Error Context: test-results/ui-pages-style-Style-Syste-23e9e-ve-glow-cyan-effect-applied-chromium/error-context.md

    Retry #1 ───────────────────────────────────────────────────────────────────────────────────────

    Error: page.goto: net::ERR_CONNECTION_REFUSED at http://localhost:4000/
    Call log:
      - navigating to "http://localhost:4000/", waiting until "load"


      158 |     test.describe(`${name} Style`, () => {
      159 |       test.beforeEach(async ({ page }) => {
    > 160 |         await page.goto(path);
          |                    ^
      161 |         // Wait for network idle to ensure styles are applied
      162 |         await page.waitForLoadState("networkidle");
      163 |       });
        at /home/tbaltzakis/cloudless.gr/e2e/ui/pages/style.spec.ts:160:20

    attachment #1: screenshot (image/png) ──────────────────────────────────────────────────────────
    test-results/ui-pages-style-Style-Syste-23e9e-ve-glow-cyan-effect-applied-chromium-retry1/test-failed-1.png
    ────────────────────────────────────────────────────────────────────────────────────────────────

    attachment #2: video (video/webm) ──────────────────────────────────────────────────────────────
    test-results/ui-pages-style-Style-Syste-23e9e-ve-glow-cyan-effect-applied-chromium-retry1/video.webm
    ────────────────────────────────────────────────────────────────────────────────────────────────

    Error Context: test-results/ui-pages-style-Style-Syste-23e9e-ve-glow-cyan-effect-applied-chromium-retry1/error-context.md

    attachment #4: trace (application/zip) ─────────────────────────────────────────────────────────
    test-results/ui-pages-style-Style-Syste-23e9e-ve-glow-cyan-effect-applied-chromium-retry1/trace.zip
    Usage:

        npx playwright show-trace test-results/ui-pages-style-Style-Syste-23e9e-ve-glow-cyan-effect-applied-chromium-retry1/trace.zip

    ────────────────────────────────────────────────────────────────────────────────────────────────

  420) [chromium] › e2e/ui/pages/style.spec.ts:306:15 › Style System › Homepage Style › Effects › should have dot-matrix effect applied 

    Error: page.goto: net::ERR_CONNECTION_REFUSED at http://localhost:4000/
    Call log:
      - navigating to "http://localhost:4000/", waiting until "load"


      158 |     test.describe(`${name} Style`, () => {
      159 |       test.beforeEach(async ({ page }) => {
    > 160 |         await page.goto(path);
          |                    ^
      161 |         // Wait for network idle to ensure styles are applied
      162 |         await page.waitForLoadState("networkidle");
      163 |       });
        at /home/tbaltzakis/cloudless.gr/e2e/ui/pages/style.spec.ts:160:20

    attachment #1: screenshot (image/png) ──────────────────────────────────────────────────────────
    test-results/ui-pages-style-Style-Syste-b3390-e-dot-matrix-effect-applied-chromium/test-failed-1.png
    ────────────────────────────────────────────────────────────────────────────────────────────────

    attachment #2: video (video/webm) ──────────────────────────────────────────────────────────────
    test-results/ui-pages-style-Style-Syste-b3390-e-dot-matrix-effect-applied-chromium/video.webm
    ────────────────────────────────────────────────────────────────────────────────────────────────

    Error Context: test-results/ui-pages-style-Style-Syste-b3390-e-dot-matrix-effect-applied-chromium/error-context.md

    Retry #1 ───────────────────────────────────────────────────────────────────────────────────────

    Error: page.goto: net::ERR_CONNECTION_REFUSED at http://localhost:4000/
    Call log:
      - navigating to "http://localhost:4000/", waiting until "load"


      158 |     test.describe(`${name} Style`, () => {
      159 |       test.beforeEach(async ({ page }) => {
    > 160 |         await page.goto(path);
          |                    ^
      161 |         // Wait for network idle to ensure styles are applied
      162 |         await page.waitForLoadState("networkidle");
      163 |       });
        at /home/tbaltzakis/cloudless.gr/e2e/ui/pages/style.spec.ts:160:20

    attachment #1: screenshot (image/png) ──────────────────────────────────────────────────────────
    test-results/ui-pages-style-Style-Syste-b3390-e-dot-matrix-effect-applied-chromium-retry1/test-failed-1.png
    ────────────────────────────────────────────────────────────────────────────────────────────────

    attachment #2: video (video/webm) ──────────────────────────────────────────────────────────────
    test-results/ui-pages-style-Style-Syste-b3390-e-dot-matrix-effect-applied-chromium-retry1/video.webm
    ────────────────────────────────────────────────────────────────────────────────────────────────

    Error Context: test-results/ui-pages-style-Style-Syste-b3390-e-dot-matrix-effect-applied-chromium-retry1/error-context.md

    attachment #4: trace (application/zip) ─────────────────────────────────────────────────────────
    test-results/ui-pages-style-Style-Syste-b3390-e-dot-matrix-effect-applied-chromium-retry1/trace.zip
    Usage:

        npx playwright show-trace test-results/ui-pages-style-Style-Syste-b3390-e-dot-matrix-effect-applied-chromium-retry1/trace.zip

    ────────────────────────────────────────────────────────────────────────────────────────────────

  421) [chromium] › e2e/ui/pages/style.spec.ts:313:13 › Style System › Homepage Style › Hover States › should show neon cyan on hover for interactive elements 

    Error: page.goto: net::ERR_CONNECTION_REFUSED at http://localhost:4000/
    Call log:
      - navigating to "http://localhost:4000/", waiting until "load"


      158 |     test.describe(`${name} Style`, () => {
      159 |       test.beforeEach(async ({ page }) => {
    > 160 |         await page.goto(path);
          |                    ^
      161 |         // Wait for network idle to ensure styles are applied
      162 |         await page.waitForLoadState("networkidle");
      163 |       });
        at /home/tbaltzakis/cloudless.gr/e2e/ui/pages/style.spec.ts:160:20

    attachment #1: screenshot (image/png) ──────────────────────────────────────────────────────────
    test-results/ui-pages-style-Style-Syste-2c56b-er-for-interactive-elements-chromium/test-failed-1.png
    ────────────────────────────────────────────────────────────────────────────────────────────────

    attachment #2: video (video/webm) ──────────────────────────────────────────────────────────────
    test-results/ui-pages-style-Style-Syste-2c56b-er-for-interactive-elements-chromium/video.webm
    ────────────────────────────────────────────────────────────────────────────────────────────────

    Error Context: test-results/ui-pages-style-Style-Syste-2c56b-er-for-interactive-elements-chromium/error-context.md

    Retry #1 ───────────────────────────────────────────────────────────────────────────────────────

    Error: page.goto: net::ERR_CONNECTION_REFUSED at http://localhost:4000/
    Call log:
      - navigating to "http://localhost:4000/", waiting until "load"


      158 |     test.describe(`${name} Style`, () => {
      159 |       test.beforeEach(async ({ page }) => {
    > 160 |         await page.goto(path);
          |                    ^
      161 |         // Wait for network idle to ensure styles are applied
      162 |         await page.waitForLoadState("networkidle");
      163 |       });
        at /home/tbaltzakis/cloudless.gr/e2e/ui/pages/style.spec.ts:160:20

    attachment #1: screenshot (image/png) ──────────────────────────────────────────────────────────
    test-results/ui-pages-style-Style-Syste-2c56b-er-for-interactive-elements-chromium-retry1/test-failed-1.png
    ────────────────────────────────────────────────────────────────────────────────────────────────

    attachment #2: video (video/webm) ──────────────────────────────────────────────────────────────
    test-results/ui-pages-style-Style-Syste-2c56b-er-for-interactive-elements-chromium-retry1/video.webm
    ────────────────────────────────────────────────────────────────────────────────────────────────

    Error Context: test-results/ui-pages-style-Style-Syste-2c56b-er-for-interactive-elements-chromium-retry1/error-context.md

    attachment #4: trace (application/zip) ─────────────────────────────────────────────────────────
    test-results/ui-pages-style-Style-Syste-2c56b-er-for-interactive-elements-chromium-retry1/trace.zip
    Usage:

        npx playwright show-trace test-results/ui-pages-style-Style-Syste-2c56b-er-for-interactive-elements-chromium-retry1/trace.zip

    ────────────────────────────────────────────────────────────────────────────────────────────────

  422) [chromium] › e2e/ui/pages/style.spec.ts:165:11 › Style System › Services Style › should have void background color 

    Error: page.goto: net::ERR_CONNECTION_REFUSED at http://localhost:4000/services
    Call log:
      - navigating to "http://localhost:4000/services", waiting until "load"


      158 |     test.describe(`${name} Style`, () => {
      159 |       test.beforeEach(async ({ page }) => {
    > 160 |         await page.goto(path);
          |                    ^
      161 |         // Wait for network idle to ensure styles are applied
      162 |         await page.waitForLoadState("networkidle");
      163 |       });
        at /home/tbaltzakis/cloudless.gr/e2e/ui/pages/style.spec.ts:160:20

    attachment #1: screenshot (image/png) ──────────────────────────────────────────────────────────
    test-results/ui-pages-style-Style-Syste-b523e--have-void-background-color-chromium/test-failed-1.png
    ────────────────────────────────────────────────────────────────────────────────────────────────

    attachment #2: video (video/webm) ──────────────────────────────────────────────────────────────
    test-results/ui-pages-style-Style-Syste-b523e--have-void-background-color-chromium/video.webm
    ────────────────────────────────────────────────────────────────────────────────────────────────

    Error Context: test-results/ui-pages-style-Style-Syste-b523e--have-void-background-color-chromium/error-context.md

    Retry #1 ───────────────────────────────────────────────────────────────────────────────────────

    Error: page.goto: net::ERR_CONNECTION_REFUSED at http://localhost:4000/services
    Call log:
      - navigating to "http://localhost:4000/services", waiting until "load"


      158 |     test.describe(`${name} Style`, () => {
      159 |       test.beforeEach(async ({ page }) => {
    > 160 |         await page.goto(path);
          |                    ^
      161 |         // Wait for network idle to ensure styles are applied
      162 |         await page.waitForLoadState("networkidle");
      163 |       });
        at /home/tbaltzakis/cloudless.gr/e2e/ui/pages/style.spec.ts:160:20

    attachment #1: screenshot (image/png) ──────────────────────────────────────────────────────────
    test-results/ui-pages-style-Style-Syste-b523e--have-void-background-color-chromium-retry1/test-failed-1.png
    ────────────────────────────────────────────────────────────────────────────────────────────────

    attachment #2: video (video/webm) ──────────────────────────────────────────────────────────────
    test-results/ui-pages-style-Style-Syste-b523e--have-void-background-color-chromium-retry1/video.webm
    ────────────────────────────────────────────────────────────────────────────────────────────────

    Error Context: test-results/ui-pages-style-Style-Syste-b523e--have-void-background-color-chromium-retry1/error-context.md

    attachment #4: trace (application/zip) ─────────────────────────────────────────────────────────
    test-results/ui-pages-style-Style-Syste-b523e--have-void-background-color-chromium-retry1/trace.zip
    Usage:

        npx playwright show-trace test-results/ui-pages-style-Style-Syste-b523e--have-void-background-color-chromium-retry1/trace.zip

    ────────────────────────────────────────────────────────────────────────────────────────────────

  423) [chromium] › e2e/ui/pages/style.spec.ts:170:11 › Style System › Services Style › should have correct heading font 

    Error: page.goto: net::ERR_CONNECTION_REFUSED at http://localhost:4000/services
    Call log:
      - navigating to "http://localhost:4000/services", waiting until "load"


      158 |     test.describe(`${name} Style`, () => {
      159 |       test.beforeEach(async ({ page }) => {
    > 160 |         await page.goto(path);
          |                    ^
      161 |         // Wait for network idle to ensure styles are applied
      162 |         await page.waitForLoadState("networkidle");
      163 |       });
        at /home/tbaltzakis/cloudless.gr/e2e/ui/pages/style.spec.ts:160:20

    attachment #1: screenshot (image/png) ──────────────────────────────────────────────────────────
    test-results/ui-pages-style-Style-Syste-84ff8-d-have-correct-heading-font-chromium/test-failed-1.png
    ────────────────────────────────────────────────────────────────────────────────────────────────

    attachment #2: video (video/webm) ──────────────────────────────────────────────────────────────
    test-results/ui-pages-style-Style-Syste-84ff8-d-have-correct-heading-font-chromium/video.webm
    ────────────────────────────────────────────────────────────────────────────────────────────────

    Error Context: test-results/ui-pages-style-Style-Syste-84ff8-d-have-correct-heading-font-chromium/error-context.md

    Retry #1 ───────────────────────────────────────────────────────────────────────────────────────

    Error: page.goto: net::ERR_CONNECTION_REFUSED at http://localhost:4000/services
    Call log:
      - navigating to "http://localhost:4000/services", waiting until "load"


      158 |     test.describe(`${name} Style`, () => {
      159 |       test.beforeEach(async ({ page }) => {
    > 160 |         await page.goto(path);
          |                    ^
      161 |         // Wait for network idle to ensure styles are applied
      162 |         await page.waitForLoadState("networkidle");
      163 |       });
        at /home/tbaltzakis/cloudless.gr/e2e/ui/pages/style.spec.ts:160:20

    attachment #1: screenshot (image/png) ──────────────────────────────────────────────────────────
    test-results/ui-pages-style-Style-Syste-84ff8-d-have-correct-heading-font-chromium-retry1/test-failed-1.png
    ────────────────────────────────────────────────────────────────────────────────────────────────

    attachment #2: video (video/webm) ──────────────────────────────────────────────────────────────
    test-results/ui-pages-style-Style-Syste-84ff8-d-have-correct-heading-font-chromium-retry1/video.webm
    ────────────────────────────────────────────────────────────────────────────────────────────────

    Error Context: test-results/ui-pages-style-Style-Syste-84ff8-d-have-correct-heading-font-chromium-retry1/error-context.md

    attachment #4: trace (application/zip) ─────────────────────────────────────────────────────────
    test-results/ui-pages-style-Style-Syste-84ff8-d-have-correct-heading-font-chromium-retry1/trace.zip
    Usage:

        npx playwright show-trace test-results/ui-pages-style-Style-Syste-84ff8-d-have-correct-heading-font-chromium-retry1/trace.zip

    ────────────────────────────────────────────────────────────────────────────────────────────────

  424) [chromium] › e2e/ui/pages/style.spec.ts:175:11 › Style System › Services Style › should have correct body font 

    Error: page.goto: net::ERR_CONNECTION_REFUSED at http://localhost:4000/services
    Call log:
      - navigating to "http://localhost:4000/services", waiting until "load"


      158 |     test.describe(`${name} Style`, () => {
      159 |       test.beforeEach(async ({ page }) => {
    > 160 |         await page.goto(path);
          |                    ^
      161 |         // Wait for network idle to ensure styles are applied
      162 |         await page.waitForLoadState("networkidle");
      163 |       });
        at /home/tbaltzakis/cloudless.gr/e2e/ui/pages/style.spec.ts:160:20

    attachment #1: screenshot (image/png) ──────────────────────────────────────────────────────────
    test-results/ui-pages-style-Style-Syste-26ecc-ould-have-correct-body-font-chromium/test-failed-1.png
    ────────────────────────────────────────────────────────────────────────────────────────────────

    attachment #2: video (video/webm) ──────────────────────────────────────────────────────────────
    test-results/ui-pages-style-Style-Syste-26ecc-ould-have-correct-body-font-chromium/video.webm
    ────────────────────────────────────────────────────────────────────────────────────────────────

    Error Context: test-results/ui-pages-style-Style-Syste-26ecc-ould-have-correct-body-font-chromium/error-context.md

    Retry #1 ───────────────────────────────────────────────────────────────────────────────────────

    Error: page.goto: net::ERR_CONNECTION_REFUSED at http://localhost:4000/services
    Call log:
      - navigating to "http://localhost:4000/services", waiting until "load"


      158 |     test.describe(`${name} Style`, () => {
      159 |       test.beforeEach(async ({ page }) => {
    > 160 |         await page.goto(path);
          |                    ^
      161 |         // Wait for network idle to ensure styles are applied
      162 |         await page.waitForLoadState("networkidle");
      163 |       });
        at /home/tbaltzakis/cloudless.gr/e2e/ui/pages/style.spec.ts:160:20

    attachment #1: screenshot (image/png) ──────────────────────────────────────────────────────────
    test-results/ui-pages-style-Style-Syste-26ecc-ould-have-correct-body-font-chromium-retry1/test-failed-1.png
    ────────────────────────────────────────────────────────────────────────────────────────────────

    attachment #2: video (video/webm) ──────────────────────────────────────────────────────────────
    test-results/ui-pages-style-Style-Syste-26ecc-ould-have-correct-body-font-chromium-retry1/video.webm
    ────────────────────────────────────────────────────────────────────────────────────────────────

    Error Context: test-results/ui-pages-style-Style-Syste-26ecc-ould-have-correct-body-font-chromium-retry1/error-context.md

    attachment #4: trace (application/zip) ─────────────────────────────────────────────────────────
    test-results/ui-pages-style-Style-Syste-26ecc-ould-have-correct-body-font-chromium-retry1/trace.zip
    Usage:

        npx playwright show-trace test-results/ui-pages-style-Style-Syste-26ecc-ould-have-correct-body-font-chromium-retry1/trace.zip

    ────────────────────────────────────────────────────────────────────────────────────────────────

  425) [chromium] › e2e/ui/pages/style.spec.ts:180:11 › Style System › Services Style › should have correct code font 

    Error: page.goto: net::ERR_CONNECTION_REFUSED at http://localhost:4000/services
    Call log:
      - navigating to "http://localhost:4000/services", waiting until "load"


      158 |     test.describe(`${name} Style`, () => {
      159 |       test.beforeEach(async ({ page }) => {
    > 160 |         await page.goto(path);
          |                    ^
      161 |         // Wait for network idle to ensure styles are applied
      162 |         await page.waitForLoadState("networkidle");
      163 |       });
        at /home/tbaltzakis/cloudless.gr/e2e/ui/pages/style.spec.ts:160:20

    attachment #1: screenshot (image/png) ──────────────────────────────────────────────────────────
    test-results/ui-pages-style-Style-Syste-d5fe6-ould-have-correct-code-font-chromium/test-failed-1.png
    ────────────────────────────────────────────────────────────────────────────────────────────────

    attachment #2: video (video/webm) ──────────────────────────────────────────────────────────────
    test-results/ui-pages-style-Style-Syste-d5fe6-ould-have-correct-code-font-chromium/video.webm
    ────────────────────────────────────────────────────────────────────────────────────────────────

    Error Context: test-results/ui-pages-style-Style-Syste-d5fe6-ould-have-correct-code-font-chromium/error-context.md

    Retry #1 ───────────────────────────────────────────────────────────────────────────────────────

    Error: page.goto: net::ERR_CONNECTION_REFUSED at http://localhost:4000/services
    Call log:
      - navigating to "http://localhost:4000/services", waiting until "load"


      158 |     test.describe(`${name} Style`, () => {
      159 |       test.beforeEach(async ({ page }) => {
    > 160 |         await page.goto(path);
          |                    ^
      161 |         // Wait for network idle to ensure styles are applied
      162 |         await page.waitForLoadState("networkidle");
      163 |       });
        at /home/tbaltzakis/cloudless.gr/e2e/ui/pages/style.spec.ts:160:20

    attachment #1: screenshot (image/png) ──────────────────────────────────────────────────────────
    test-results/ui-pages-style-Style-Syste-d5fe6-ould-have-correct-code-font-chromium-retry1/test-failed-1.png
    ────────────────────────────────────────────────────────────────────────────────────────────────

    attachment #2: video (video/webm) ──────────────────────────────────────────────────────────────
    test-results/ui-pages-style-Style-Syste-d5fe6-ould-have-correct-code-font-chromium-retry1/video.webm
    ────────────────────────────────────────────────────────────────────────────────────────────────

    Error Context: test-results/ui-pages-style-Style-Syste-d5fe6-ould-have-correct-code-font-chromium-retry1/error-context.md

    attachment #4: trace (application/zip) ─────────────────────────────────────────────────────────
    test-results/ui-pages-style-Style-Syste-d5fe6-ould-have-correct-code-font-chromium-retry1/trace.zip
    Usage:

        npx playwright show-trace test-results/ui-pages-style-Style-Syste-d5fe6-ould-have-correct-code-font-chromium-retry1/trace.zip

    ────────────────────────────────────────────────────────────────────────────────────────────────

  426) [chromium] › e2e/ui/pages/style.spec.ts:185:11 › Style System › Services Style › should have neon cyan accents 

    Error: page.goto: net::ERR_CONNECTION_REFUSED at http://localhost:4000/services
    Call log:
      - navigating to "http://localhost:4000/services", waiting until "load"


      158 |     test.describe(`${name} Style`, () => {
      159 |       test.beforeEach(async ({ page }) => {
    > 160 |         await page.goto(path);
          |                    ^
      161 |         // Wait for network idle to ensure styles are applied
      162 |         await page.waitForLoadState("networkidle");
      163 |       });
        at /home/tbaltzakis/cloudless.gr/e2e/ui/pages/style.spec.ts:160:20

    attachment #1: screenshot (image/png) ──────────────────────────────────────────────────────────
    test-results/ui-pages-style-Style-Syste-d8aac-ould-have-neon-cyan-accents-chromium/test-failed-1.png
    ────────────────────────────────────────────────────────────────────────────────────────────────

    attachment #2: video (video/webm) ──────────────────────────────────────────────────────────────
    test-results/ui-pages-style-Style-Syste-d8aac-ould-have-neon-cyan-accents-chromium/video.webm
    ────────────────────────────────────────────────────────────────────────────────────────────────

    Error Context: test-results/ui-pages-style-Style-Syste-d8aac-ould-have-neon-cyan-accents-chromium/error-context.md

    Retry #1 ───────────────────────────────────────────────────────────────────────────────────────

    Error: page.goto: net::ERR_CONNECTION_REFUSED at http://localhost:4000/services
    Call log:
      - navigating to "http://localhost:4000/services", waiting until "load"


      158 |     test.describe(`${name} Style`, () => {
      159 |       test.beforeEach(async ({ page }) => {
    > 160 |         await page.goto(path);
          |                    ^
      161 |         // Wait for network idle to ensure styles are applied
      162 |         await page.waitForLoadState("networkidle");
      163 |       });
        at /home/tbaltzakis/cloudless.gr/e2e/ui/pages/style.spec.ts:160:20

    attachment #1: screenshot (image/png) ──────────────────────────────────────────────────────────
    test-results/ui-pages-style-Style-Syste-d8aac-ould-have-neon-cyan-accents-chromium-retry1/test-failed-1.png
    ────────────────────────────────────────────────────────────────────────────────────────────────

    attachment #2: video (video/webm) ──────────────────────────────────────────────────────────────
    test-results/ui-pages-style-Style-Syste-d8aac-ould-have-neon-cyan-accents-chromium-retry1/video.webm
    ────────────────────────────────────────────────────────────────────────────────────────────────

    Error Context: test-results/ui-pages-style-Style-Syste-d8aac-ould-have-neon-cyan-accents-chromium-retry1/error-context.md

    attachment #4: trace (application/zip) ─────────────────────────────────────────────────────────
    test-results/ui-pages-style-Style-Syste-d8aac-ould-have-neon-cyan-accents-chromium-retry1/trace.zip
    Usage:

        npx playwright show-trace test-results/ui-pages-style-Style-Syste-d8aac-ould-have-neon-cyan-accents-chromium-retry1/trace.zip

    ────────────────────────────────────────────────────────────────────────────────────────────────

  427) [chromium] › e2e/ui/pages/style.spec.ts:219:11 › Style System › Services Style › should have neon magenta accents 

    Error: page.goto: net::ERR_CONNECTION_REFUSED at http://localhost:4000/services
    Call log:
      - navigating to "http://localhost:4000/services", waiting until "load"


      158 |     test.describe(`${name} Style`, () => {
      159 |       test.beforeEach(async ({ page }) => {
    > 160 |         await page.goto(path);
          |                    ^
      161 |         // Wait for network idle to ensure styles are applied
      162 |         await page.waitForLoadState("networkidle");
      163 |       });
        at /home/tbaltzakis/cloudless.gr/e2e/ui/pages/style.spec.ts:160:20

    attachment #1: screenshot (image/png) ──────────────────────────────────────────────────────────
    test-results/ui-pages-style-Style-Syste-d2105-d-have-neon-magenta-accents-chromium/test-failed-1.png
    ────────────────────────────────────────────────────────────────────────────────────────────────

    attachment #2: video (video/webm) ──────────────────────────────────────────────────────────────
    test-results/ui-pages-style-Style-Syste-d2105-d-have-neon-magenta-accents-chromium/video.webm
    ────────────────────────────────────────────────────────────────────────────────────────────────

    Error Context: test-results/ui-pages-style-Style-Syste-d2105-d-have-neon-magenta-accents-chromium/error-context.md

    Retry #1 ───────────────────────────────────────────────────────────────────────────────────────

    Error: page.goto: net::ERR_CONNECTION_REFUSED at http://localhost:4000/services
    Call log:
      - navigating to "http://localhost:4000/services", waiting until "load"


      158 |     test.describe(`${name} Style`, () => {
      159 |       test.beforeEach(async ({ page }) => {
    > 160 |         await page.goto(path);
          |                    ^
      161 |         // Wait for network idle to ensure styles are applied
      162 |         await page.waitForLoadState("networkidle");
      163 |       });
        at /home/tbaltzakis/cloudless.gr/e2e/ui/pages/style.spec.ts:160:20

    attachment #1: screenshot (image/png) ──────────────────────────────────────────────────────────
    test-results/ui-pages-style-Style-Syste-d2105-d-have-neon-magenta-accents-chromium-retry1/test-failed-1.png
    ────────────────────────────────────────────────────────────────────────────────────────────────

    attachment #2: video (video/webm) ──────────────────────────────────────────────────────────────
    test-results/ui-pages-style-Style-Syste-d2105-d-have-neon-magenta-accents-chromium-retry1/video.webm
    ────────────────────────────────────────────────────────────────────────────────────────────────

    Error Context: test-results/ui-pages-style-Style-Syste-d2105-d-have-neon-magenta-accents-chromium-retry1/error-context.md

    attachment #4: trace (application/zip) ─────────────────────────────────────────────────────────
    test-results/ui-pages-style-Style-Syste-d2105-d-have-neon-magenta-accents-chromium-retry1/trace.zip
    Usage:

        npx playwright show-trace test-results/ui-pages-style-Style-Syste-d2105-d-have-neon-magenta-accents-chromium-retry1/trace.zip

    ────────────────────────────────────────────────────────────────────────────────────────────────

  428) [chromium] › e2e/ui/pages/style.spec.ts:248:11 › Style System › Services Style › should have neon green accents 

    Error: page.goto: net::ERR_CONNECTION_REFUSED at http://localhost:4000/services
    Call log:
      - navigating to "http://localhost:4000/services", waiting until "load"


      158 |     test.describe(`${name} Style`, () => {
      159 |       test.beforeEach(async ({ page }) => {
    > 160 |         await page.goto(path);
          |                    ^
      161 |         // Wait for network idle to ensure styles are applied
      162 |         await page.waitForLoadState("networkidle");
      163 |       });
        at /home/tbaltzakis/cloudless.gr/e2e/ui/pages/style.spec.ts:160:20

    attachment #1: screenshot (image/png) ──────────────────────────────────────────────────────────
    test-results/ui-pages-style-Style-Syste-17d56-uld-have-neon-green-accents-chromium/test-failed-1.png
    ────────────────────────────────────────────────────────────────────────────────────────────────

    attachment #2: video (video/webm) ──────────────────────────────────────────────────────────────
    test-results/ui-pages-style-Style-Syste-17d56-uld-have-neon-green-accents-chromium/video.webm
    ────────────────────────────────────────────────────────────────────────────────────────────────

    Error Context: test-results/ui-pages-style-Style-Syste-17d56-uld-have-neon-green-accents-chromium/error-context.md

    Retry #1 ───────────────────────────────────────────────────────────────────────────────────────

    Error: page.goto: net::ERR_CONNECTION_REFUSED at http://localhost:4000/services
    Call log:
      - navigating to "http://localhost:4000/services", waiting until "load"


      158 |     test.describe(`${name} Style`, () => {
      159 |       test.beforeEach(async ({ page }) => {
    > 160 |         await page.goto(path);
          |                    ^
      161 |         // Wait for network idle to ensure styles are applied
      162 |         await page.waitForLoadState("networkidle");
      163 |       });
        at /home/tbaltzakis/cloudless.gr/e2e/ui/pages/style.spec.ts:160:20

    attachment #1: screenshot (image/png) ──────────────────────────────────────────────────────────
    test-results/ui-pages-style-Style-Syste-17d56-uld-have-neon-green-accents-chromium-retry1/test-failed-1.png
    ────────────────────────────────────────────────────────────────────────────────────────────────

    attachment #2: video (video/webm) ──────────────────────────────────────────────────────────────
    test-results/ui-pages-style-Style-Syste-17d56-uld-have-neon-green-accents-chromium-retry1/video.webm
    ────────────────────────────────────────────────────────────────────────────────────────────────

    Error Context: test-results/ui-pages-style-Style-Syste-17d56-uld-have-neon-green-accents-chromium-retry1/error-context.md

    attachment #4: trace (application/zip) ─────────────────────────────────────────────────────────
    test-results/ui-pages-style-Style-Syste-17d56-uld-have-neon-green-accents-chromium-retry1/trace.zip
    Usage:

        npx playwright show-trace test-results/ui-pages-style-Style-Syste-17d56-uld-have-neon-green-accents-chromium-retry1/trace.zip

    ────────────────────────────────────────────────────────────────────────────────────────────────

  429) [chromium] › e2e/ui/pages/style.spec.ts:276:11 › Style System › Services Style › should have neon blue accents 

    Error: page.goto: net::ERR_CONNECTION_REFUSED at http://localhost:4000/services
    Call log:
      - navigating to "http://localhost:4000/services", waiting until "load"


      158 |     test.describe(`${name} Style`, () => {
      159 |       test.beforeEach(async ({ page }) => {
    > 160 |         await page.goto(path);
          |                    ^
      161 |         // Wait for network idle to ensure styles are applied
      162 |         await page.waitForLoadState("networkidle");
      163 |       });
        at /home/tbaltzakis/cloudless.gr/e2e/ui/pages/style.spec.ts:160:20

    attachment #1: screenshot (image/png) ──────────────────────────────────────────────────────────
    test-results/ui-pages-style-Style-Syste-e5798-ould-have-neon-blue-accents-chromium/test-failed-1.png
    ────────────────────────────────────────────────────────────────────────────────────────────────

    attachment #2: video (video/webm) ──────────────────────────────────────────────────────────────
    test-results/ui-pages-style-Style-Syste-e5798-ould-have-neon-blue-accents-chromium/video.webm
    ────────────────────────────────────────────────────────────────────────────────────────────────

    Error Context: test-results/ui-pages-style-Style-Syste-e5798-ould-have-neon-blue-accents-chromium/error-context.md

    Retry #1 ───────────────────────────────────────────────────────────────────────────────────────

    Error: page.goto: net::ERR_CONNECTION_REFUSED at http://localhost:4000/services
    Call log:
      - navigating to "http://localhost:4000/services", waiting until "load"


      158 |     test.describe(`${name} Style`, () => {
      159 |       test.beforeEach(async ({ page }) => {
    > 160 |         await page.goto(path);
          |                    ^
      161 |         // Wait for network idle to ensure styles are applied
      162 |         await page.waitForLoadState("networkidle");
      163 |       });
        at /home/tbaltzakis/cloudless.gr/e2e/ui/pages/style.spec.ts:160:20

    attachment #1: screenshot (image/png) ──────────────────────────────────────────────────────────
    test-results/ui-pages-style-Style-Syste-e5798-ould-have-neon-blue-accents-chromium-retry1/test-failed-1.png
    ────────────────────────────────────────────────────────────────────────────────────────────────

    attachment #2: video (video/webm) ──────────────────────────────────────────────────────────────
    test-results/ui-pages-style-Style-Syste-e5798-ould-have-neon-blue-accents-chromium-retry1/video.webm
    ────────────────────────────────────────────────────────────────────────────────────────────────

    Error Context: test-results/ui-pages-style-Style-Syste-e5798-ould-have-neon-blue-accents-chromium-retry1/error-context.md

    attachment #4: trace (application/zip) ─────────────────────────────────────────────────────────
    test-results/ui-pages-style-Style-Syste-e5798-ould-have-neon-blue-accents-chromium-retry1/trace.zip
    Usage:

        npx playwright show-trace test-results/ui-pages-style-Style-Syste-e5798-ould-have-neon-blue-accents-chromium-retry1/trace.zip

    ────────────────────────────────────────────────────────────────────────────────────────────────

  430) [chromium] › e2e/ui/pages/style.spec.ts:306:15 › Style System › Services Style › Effects › should have scanlines effect applied 

    Error: page.goto: net::ERR_CONNECTION_REFUSED at http://localhost:4000/services
    Call log:
      - navigating to "http://localhost:4000/services", waiting until "load"


      158 |     test.describe(`${name} Style`, () => {
      159 |       test.beforeEach(async ({ page }) => {
    > 160 |         await page.goto(path);
          |                    ^
      161 |         // Wait for network idle to ensure styles are applied
      162 |         await page.waitForLoadState("networkidle");
      163 |       });
        at /home/tbaltzakis/cloudless.gr/e2e/ui/pages/style.spec.ts:160:20

    attachment #1: screenshot (image/png) ──────────────────────────────────────────────────────────
    test-results/ui-pages-style-Style-Syste-d4607-ve-scanlines-effect-applied-chromium/test-failed-1.png
    ────────────────────────────────────────────────────────────────────────────────────────────────

    attachment #2: video (video/webm) ──────────────────────────────────────────────────────────────
    test-results/ui-pages-style-Style-Syste-d4607-ve-scanlines-effect-applied-chromium/video.webm
    ────────────────────────────────────────────────────────────────────────────────────────────────

    Error Context: test-results/ui-pages-style-Style-Syste-d4607-ve-scanlines-effect-applied-chromium/error-context.md

    Retry #1 ───────────────────────────────────────────────────────────────────────────────────────

    Error: page.goto: net::ERR_CONNECTION_REFUSED at http://localhost:4000/services
    Call log:
      - navigating to "http://localhost:4000/services", waiting until "load"


      158 |     test.describe(`${name} Style`, () => {
      159 |       test.beforeEach(async ({ page }) => {
    > 160 |         await page.goto(path);
          |                    ^
      161 |         // Wait for network idle to ensure styles are applied
      162 |         await page.waitForLoadState("networkidle");
      163 |       });
        at /home/tbaltzakis/cloudless.gr/e2e/ui/pages/style.spec.ts:160:20

    attachment #1: screenshot (image/png) ──────────────────────────────────────────────────────────
    test-results/ui-pages-style-Style-Syste-d4607-ve-scanlines-effect-applied-chromium-retry1/test-failed-1.png
    ────────────────────────────────────────────────────────────────────────────────────────────────

    attachment #2: video (video/webm) ──────────────────────────────────────────────────────────────
    test-results/ui-pages-style-Style-Syste-d4607-ve-scanlines-effect-applied-chromium-retry1/video.webm
    ────────────────────────────────────────────────────────────────────────────────────────────────

    Error Context: test-results/ui-pages-style-Style-Syste-d4607-ve-scanlines-effect-applied-chromium-retry1/error-context.md

    attachment #4: trace (application/zip) ─────────────────────────────────────────────────────────
    test-results/ui-pages-style-Style-Syste-d4607-ve-scanlines-effect-applied-chromium-retry1/trace.zip
    Usage:

        npx playwright show-trace test-results/ui-pages-style-Style-Syste-d4607-ve-scanlines-effect-applied-chromium-retry1/trace.zip

    ────────────────────────────────────────────────────────────────────────────────────────────────

  431) [chromium] › e2e/ui/pages/style.spec.ts:306:15 › Style System › Services Style › Effects › should have cyber-grid effect applied 

    Error: page.goto: net::ERR_CONNECTION_REFUSED at http://localhost:4000/services
    Call log:
      - navigating to "http://localhost:4000/services", waiting until "load"


      158 |     test.describe(`${name} Style`, () => {
      159 |       test.beforeEach(async ({ page }) => {
    > 160 |         await page.goto(path);
          |                    ^
      161 |         // Wait for network idle to ensure styles are applied
      162 |         await page.waitForLoadState("networkidle");
      163 |       });
        at /home/tbaltzakis/cloudless.gr/e2e/ui/pages/style.spec.ts:160:20

    attachment #1: screenshot (image/png) ──────────────────────────────────────────────────────────
    test-results/ui-pages-style-Style-Syste-310cd-e-cyber-grid-effect-applied-chromium/test-failed-1.png
    ────────────────────────────────────────────────────────────────────────────────────────────────

    attachment #2: video (video/webm) ──────────────────────────────────────────────────────────────
    test-results/ui-pages-style-Style-Syste-310cd-e-cyber-grid-effect-applied-chromium/video.webm
    ────────────────────────────────────────────────────────────────────────────────────────────────

    Error Context: test-results/ui-pages-style-Style-Syste-310cd-e-cyber-grid-effect-applied-chromium/error-context.md

    Retry #1 ───────────────────────────────────────────────────────────────────────────────────────

    Error: page.goto: net::ERR_CONNECTION_REFUSED at http://localhost:4000/services
    Call log:
      - navigating to "http://localhost:4000/services", waiting until "load"


      158 |     test.describe(`${name} Style`, () => {
      159 |       test.beforeEach(async ({ page }) => {
    > 160 |         await page.goto(path);
          |                    ^
      161 |         // Wait for network idle to ensure styles are applied
      162 |         await page.waitForLoadState("networkidle");
      163 |       });
        at /home/tbaltzakis/cloudless.gr/e2e/ui/pages/style.spec.ts:160:20

    attachment #1: screenshot (image/png) ──────────────────────────────────────────────────────────
    test-results/ui-pages-style-Style-Syste-310cd-e-cyber-grid-effect-applied-chromium-retry1/test-failed-1.png
    ────────────────────────────────────────────────────────────────────────────────────────────────

    attachment #2: video (video/webm) ──────────────────────────────────────────────────────────────
    test-results/ui-pages-style-Style-Syste-310cd-e-cyber-grid-effect-applied-chromium-retry1/video.webm
    ────────────────────────────────────────────────────────────────────────────────────────────────

    Error Context: test-results/ui-pages-style-Style-Syste-310cd-e-cyber-grid-effect-applied-chromium-retry1/error-context.md

    attachment #4: trace (application/zip) ─────────────────────────────────────────────────────────
    test-results/ui-pages-style-Style-Syste-310cd-e-cyber-grid-effect-applied-chromium-retry1/trace.zip
    Usage:

        npx playwright show-trace test-results/ui-pages-style-Style-Syste-310cd-e-cyber-grid-effect-applied-chromium-retry1/trace.zip

    ────────────────────────────────────────────────────────────────────────────────────────────────

  432) [chromium] › e2e/ui/pages/style.spec.ts:306:15 › Style System › Services Style › Effects › should have neon-border effect applied 

    Error: page.goto: net::ERR_CONNECTION_REFUSED at http://localhost:4000/services
    Call log:
      - navigating to "http://localhost:4000/services", waiting until "load"


      158 |     test.describe(`${name} Style`, () => {
      159 |       test.beforeEach(async ({ page }) => {
    > 160 |         await page.goto(path);
          |                    ^
      161 |         // Wait for network idle to ensure styles are applied
      162 |         await page.waitForLoadState("networkidle");
      163 |       });
        at /home/tbaltzakis/cloudless.gr/e2e/ui/pages/style.spec.ts:160:20

    attachment #1: screenshot (image/png) ──────────────────────────────────────────────────────────
    test-results/ui-pages-style-Style-Syste-ea148--neon-border-effect-applied-chromium/test-failed-1.png
    ────────────────────────────────────────────────────────────────────────────────────────────────

    attachment #2: video (video/webm) ──────────────────────────────────────────────────────────────
    test-results/ui-pages-style-Style-Syste-ea148--neon-border-effect-applied-chromium/video.webm
    ────────────────────────────────────────────────────────────────────────────────────────────────

    Error Context: test-results/ui-pages-style-Style-Syste-ea148--neon-border-effect-applied-chromium/error-context.md

    Retry #1 ───────────────────────────────────────────────────────────────────────────────────────

    Error: page.goto: net::ERR_CONNECTION_REFUSED at http://localhost:4000/services
    Call log:
      - navigating to "http://localhost:4000/services", waiting until "load"


      158 |     test.describe(`${name} Style`, () => {
      159 |       test.beforeEach(async ({ page }) => {
    > 160 |         await page.goto(path);
          |                    ^
      161 |         // Wait for network idle to ensure styles are applied
      162 |         await page.waitForLoadState("networkidle");
      163 |       });
        at /home/tbaltzakis/cloudless.gr/e2e/ui/pages/style.spec.ts:160:20

    attachment #1: screenshot (image/png) ──────────────────────────────────────────────────────────
    test-results/ui-pages-style-Style-Syste-ea148--neon-border-effect-applied-chromium-retry1/test-failed-1.png
    ────────────────────────────────────────────────────────────────────────────────────────────────

    attachment #2: video (video/webm) ──────────────────────────────────────────────────────────────
    test-results/ui-pages-style-Style-Syste-ea148--neon-border-effect-applied-chromium-retry1/video.webm
    ────────────────────────────────────────────────────────────────────────────────────────────────

    Error Context: test-results/ui-pages-style-Style-Syste-ea148--neon-border-effect-applied-chromium-retry1/error-context.md

    attachment #4: trace (application/zip) ─────────────────────────────────────────────────────────
    test-results/ui-pages-style-Style-Syste-ea148--neon-border-effect-applied-chromium-retry1/trace.zip
    Usage:

        npx playwright show-trace test-results/ui-pages-style-Style-Syste-ea148--neon-border-effect-applied-chromium-retry1/trace.zip

    ────────────────────────────────────────────────────────────────────────────────────────────────

  433) [chromium] › e2e/ui/pages/style.spec.ts:306:15 › Style System › Services Style › Effects › should have glow-cyan effect applied 

    Error: page.goto: net::ERR_CONNECTION_REFUSED at http://localhost:4000/services
    Call log:
      - navigating to "http://localhost:4000/services", waiting until "load"


      158 |     test.describe(`${name} Style`, () => {
      159 |       test.beforeEach(async ({ page }) => {
    > 160 |         await page.goto(path);
          |                    ^
      161 |         // Wait for network idle to ensure styles are applied
      162 |         await page.waitForLoadState("networkidle");
      163 |       });
        at /home/tbaltzakis/cloudless.gr/e2e/ui/pages/style.spec.ts:160:20

    attachment #1: screenshot (image/png) ──────────────────────────────────────────────────────────
    test-results/ui-pages-style-Style-Syste-7564c-ve-glow-cyan-effect-applied-chromium/test-failed-1.png
    ────────────────────────────────────────────────────────────────────────────────────────────────

    attachment #2: video (video/webm) ──────────────────────────────────────────────────────────────
    test-results/ui-pages-style-Style-Syste-7564c-ve-glow-cyan-effect-applied-chromium/video.webm
    ────────────────────────────────────────────────────────────────────────────────────────────────

    Error Context: test-results/ui-pages-style-Style-Syste-7564c-ve-glow-cyan-effect-applied-chromium/error-context.md

    Retry #1 ───────────────────────────────────────────────────────────────────────────────────────

    Error: page.goto: net::ERR_CONNECTION_REFUSED at http://localhost:4000/services
    Call log:
      - navigating to "http://localhost:4000/services", waiting until "load"


      158 |     test.describe(`${name} Style`, () => {
      159 |       test.beforeEach(async ({ page }) => {
    > 160 |         await page.goto(path);
          |                    ^
      161 |         // Wait for network idle to ensure styles are applied
      162 |         await page.waitForLoadState("networkidle");
      163 |       });
        at /home/tbaltzakis/cloudless.gr/e2e/ui/pages/style.spec.ts:160:20

    attachment #1: screenshot (image/png) ──────────────────────────────────────────────────────────
    test-results/ui-pages-style-Style-Syste-7564c-ve-glow-cyan-effect-applied-chromium-retry1/test-failed-1.png
    ────────────────────────────────────────────────────────────────────────────────────────────────

    attachment #2: video (video/webm) ──────────────────────────────────────────────────────────────
    test-results/ui-pages-style-Style-Syste-7564c-ve-glow-cyan-effect-applied-chromium-retry1/video.webm
    ────────────────────────────────────────────────────────────────────────────────────────────────

    Error Context: test-results/ui-pages-style-Style-Syste-7564c-ve-glow-cyan-effect-applied-chromium-retry1/error-context.md

    attachment #4: trace (application/zip) ─────────────────────────────────────────────────────────
    test-results/ui-pages-style-Style-Syste-7564c-ve-glow-cyan-effect-applied-chromium-retry1/trace.zip
    Usage:

        npx playwright show-trace test-results/ui-pages-style-Style-Syste-7564c-ve-glow-cyan-effect-applied-chromium-retry1/trace.zip

    ────────────────────────────────────────────────────────────────────────────────────────────────

  434) [chromium] › e2e/ui/pages/style.spec.ts:306:15 › Style System › Services Style › Effects › should have dot-matrix effect applied 

    Error: page.goto: net::ERR_CONNECTION_REFUSED at http://localhost:4000/services
    Call log:
      - navigating to "http://localhost:4000/services", waiting until "load"


      158 |     test.describe(`${name} Style`, () => {
      159 |       test.beforeEach(async ({ page }) => {
    > 160 |         await page.goto(path);
          |                    ^
      161 |         // Wait for network idle to ensure styles are applied
      162 |         await page.waitForLoadState("networkidle");
      163 |       });
        at /home/tbaltzakis/cloudless.gr/e2e/ui/pages/style.spec.ts:160:20

    attachment #1: screenshot (image/png) ──────────────────────────────────────────────────────────
    test-results/ui-pages-style-Style-Syste-ebecd-e-dot-matrix-effect-applied-chromium/test-failed-1.png
    ────────────────────────────────────────────────────────────────────────────────────────────────

    attachment #2: video (video/webm) ──────────────────────────────────────────────────────────────
    test-results/ui-pages-style-Style-Syste-ebecd-e-dot-matrix-effect-applied-chromium/video.webm
    ────────────────────────────────────────────────────────────────────────────────────────────────

    Error Context: test-results/ui-pages-style-Style-Syste-ebecd-e-dot-matrix-effect-applied-chromium/error-context.md

    Retry #1 ───────────────────────────────────────────────────────────────────────────────────────

    Error: page.goto: net::ERR_CONNECTION_REFUSED at http://localhost:4000/services
    Call log:
      - navigating to "http://localhost:4000/services", waiting until "load"


      158 |     test.describe(`${name} Style`, () => {
      159 |       test.beforeEach(async ({ page }) => {
    > 160 |         await page.goto(path);
          |                    ^
      161 |         // Wait for network idle to ensure styles are applied
      162 |         await page.waitForLoadState("networkidle");
      163 |       });
        at /home/tbaltzakis/cloudless.gr/e2e/ui/pages/style.spec.ts:160:20

    attachment #1: screenshot (image/png) ──────────────────────────────────────────────────────────
    test-results/ui-pages-style-Style-Syste-ebecd-e-dot-matrix-effect-applied-chromium-retry1/test-failed-1.png
    ────────────────────────────────────────────────────────────────────────────────────────────────

    attachment #2: video (video/webm) ──────────────────────────────────────────────────────────────
    test-results/ui-pages-style-Style-Syste-ebecd-e-dot-matrix-effect-applied-chromium-retry1/video.webm
    ────────────────────────────────────────────────────────────────────────────────────────────────

    Error Context: test-results/ui-pages-style-Style-Syste-ebecd-e-dot-matrix-effect-applied-chromium-retry1/error-context.md

    attachment #4: trace (application/zip) ─────────────────────────────────────────────────────────
    test-results/ui-pages-style-Style-Syste-ebecd-e-dot-matrix-effect-applied-chromium-retry1/trace.zip
    Usage:

        npx playwright show-trace test-results/ui-pages-style-Style-Syste-ebecd-e-dot-matrix-effect-applied-chromium-retry1/trace.zip

    ────────────────────────────────────────────────────────────────────────────────────────────────

  435) [chromium] › e2e/ui/pages/style.spec.ts:313:13 › Style System › Services Style › Hover States › should show neon cyan on hover for interactive elements 

    Error: page.goto: net::ERR_CONNECTION_REFUSED at http://localhost:4000/services
    Call log:
      - navigating to "http://localhost:4000/services", waiting until "load"


      158 |     test.describe(`${name} Style`, () => {
      159 |       test.beforeEach(async ({ page }) => {
    > 160 |         await page.goto(path);
          |                    ^
      161 |         // Wait for network idle to ensure styles are applied
      162 |         await page.waitForLoadState("networkidle");
      163 |       });
        at /home/tbaltzakis/cloudless.gr/e2e/ui/pages/style.spec.ts:160:20

    attachment #1: screenshot (image/png) ──────────────────────────────────────────────────────────
    test-results/ui-pages-style-Style-Syste-6e2d7-er-for-interactive-elements-chromium/test-failed-1.png
    ────────────────────────────────────────────────────────────────────────────────────────────────

    attachment #2: video (video/webm) ──────────────────────────────────────────────────────────────
    test-results/ui-pages-style-Style-Syste-6e2d7-er-for-interactive-elements-chromium/video.webm
    ────────────────────────────────────────────────────────────────────────────────────────────────

    Error Context: test-results/ui-pages-style-Style-Syste-6e2d7-er-for-interactive-elements-chromium/error-context.md

    Retry #1 ───────────────────────────────────────────────────────────────────────────────────────

    Error: page.goto: net::ERR_CONNECTION_REFUSED at http://localhost:4000/services
    Call log:
      - navigating to "http://localhost:4000/services", waiting until "load"


      158 |     test.describe(`${name} Style`, () => {
      159 |       test.beforeEach(async ({ page }) => {
    > 160 |         await page.goto(path);
          |                    ^
      161 |         // Wait for network idle to ensure styles are applied
      162 |         await page.waitForLoadState("networkidle");
      163 |       });
        at /home/tbaltzakis/cloudless.gr/e2e/ui/pages/style.spec.ts:160:20

    attachment #1: screenshot (image/png) ──────────────────────────────────────────────────────────
    test-results/ui-pages-style-Style-Syste-6e2d7-er-for-interactive-elements-chromium-retry1/test-failed-1.png
    ────────────────────────────────────────────────────────────────────────────────────────────────

    attachment #2: video (video/webm) ──────────────────────────────────────────────────────────────
    test-results/ui-pages-style-Style-Syste-6e2d7-er-for-interactive-elements-chromium-retry1/video.webm
    ────────────────────────────────────────────────────────────────────────────────────────────────

    Error Context: test-results/ui-pages-style-Style-Syste-6e2d7-er-for-interactive-elements-chromium-retry1/error-context.md

    attachment #4: trace (application/zip) ─────────────────────────────────────────────────────────
    test-results/ui-pages-style-Style-Syste-6e2d7-er-for-interactive-elements-chromium-retry1/trace.zip
    Usage:

        npx playwright show-trace test-results/ui-pages-style-Style-Syste-6e2d7-er-for-interactive-elements-chromium-retry1/trace.zip

    ────────────────────────────────────────────────────────────────────────────────────────────────

  436) [chromium] › e2e/ui/pages/style.spec.ts:165:11 › Style System › Store Style › should have void background color 

    Error: page.goto: net::ERR_CONNECTION_REFUSED at http://localhost:4000/store
    Call log:
      - navigating to "http://localhost:4000/store", waiting until "load"


      158 |     test.describe(`${name} Style`, () => {
      159 |       test.beforeEach(async ({ page }) => {
    > 160 |         await page.goto(path);
          |                    ^
      161 |         // Wait for network idle to ensure styles are applied
      162 |         await page.waitForLoadState("networkidle");
      163 |       });
        at /home/tbaltzakis/cloudless.gr/e2e/ui/pages/style.spec.ts:160:20

    attachment #1: screenshot (image/png) ──────────────────────────────────────────────────────────
    test-results/ui-pages-style-Style-Syste-d7012--have-void-background-color-chromium/test-failed-1.png
    ────────────────────────────────────────────────────────────────────────────────────────────────

    attachment #2: video (video/webm) ──────────────────────────────────────────────────────────────
    test-results/ui-pages-style-Style-Syste-d7012--have-void-background-color-chromium/video.webm
    ────────────────────────────────────────────────────────────────────────────────────────────────

    Error Context: test-results/ui-pages-style-Style-Syste-d7012--have-void-background-color-chromium/error-context.md

    Retry #1 ───────────────────────────────────────────────────────────────────────────────────────

    Error: page.goto: net::ERR_CONNECTION_REFUSED at http://localhost:4000/store
    Call log:
      - navigating to "http://localhost:4000/store", waiting until "load"


      158 |     test.describe(`${name} Style`, () => {
      159 |       test.beforeEach(async ({ page }) => {
    > 160 |         await page.goto(path);
          |                    ^
      161 |         // Wait for network idle to ensure styles are applied
      162 |         await page.waitForLoadState("networkidle");
      163 |       });
        at /home/tbaltzakis/cloudless.gr/e2e/ui/pages/style.spec.ts:160:20

    attachment #1: screenshot (image/png) ──────────────────────────────────────────────────────────
    test-results/ui-pages-style-Style-Syste-d7012--have-void-background-color-chromium-retry1/test-failed-1.png
    ────────────────────────────────────────────────────────────────────────────────────────────────

    attachment #2: video (video/webm) ──────────────────────────────────────────────────────────────
    test-results/ui-pages-style-Style-Syste-d7012--have-void-background-color-chromium-retry1/video.webm
    ────────────────────────────────────────────────────────────────────────────────────────────────

    Error Context: test-results/ui-pages-style-Style-Syste-d7012--have-void-background-color-chromium-retry1/error-context.md

    attachment #4: trace (application/zip) ─────────────────────────────────────────────────────────
    test-results/ui-pages-style-Style-Syste-d7012--have-void-background-color-chromium-retry1/trace.zip
    Usage:

        npx playwright show-trace test-results/ui-pages-style-Style-Syste-d7012--have-void-background-color-chromium-retry1/trace.zip

    ────────────────────────────────────────────────────────────────────────────────────────────────

  437) [chromium] › e2e/ui/pages/style.spec.ts:170:11 › Style System › Store Style › should have correct heading font 

    Error: page.goto: net::ERR_CONNECTION_REFUSED at http://localhost:4000/store
    Call log:
      - navigating to "http://localhost:4000/store", waiting until "load"


      158 |     test.describe(`${name} Style`, () => {
      159 |       test.beforeEach(async ({ page }) => {
    > 160 |         await page.goto(path);
          |                    ^
      161 |         // Wait for network idle to ensure styles are applied
      162 |         await page.waitForLoadState("networkidle");
      163 |       });
        at /home/tbaltzakis/cloudless.gr/e2e/ui/pages/style.spec.ts:160:20

    attachment #1: screenshot (image/png) ──────────────────────────────────────────────────────────
    test-results/ui-pages-style-Style-Syste-5d99f-d-have-correct-heading-font-chromium/test-failed-1.png
    ────────────────────────────────────────────────────────────────────────────────────────────────

    attachment #2: video (video/webm) ──────────────────────────────────────────────────────────────
    test-results/ui-pages-style-Style-Syste-5d99f-d-have-correct-heading-font-chromium/video.webm
    ────────────────────────────────────────────────────────────────────────────────────────────────

    Error Context: test-results/ui-pages-style-Style-Syste-5d99f-d-have-correct-heading-font-chromium/error-context.md

    Retry #1 ───────────────────────────────────────────────────────────────────────────────────────

    Error: page.goto: net::ERR_CONNECTION_REFUSED at http://localhost:4000/store
    Call log:
      - navigating to "http://localhost:4000/store", waiting until "load"


      158 |     test.describe(`${name} Style`, () => {
      159 |       test.beforeEach(async ({ page }) => {
    > 160 |         await page.goto(path);
          |                    ^
      161 |         // Wait for network idle to ensure styles are applied
      162 |         await page.waitForLoadState("networkidle");
      163 |       });
        at /home/tbaltzakis/cloudless.gr/e2e/ui/pages/style.spec.ts:160:20

    attachment #1: screenshot (image/png) ──────────────────────────────────────────────────────────
    test-results/ui-pages-style-Style-Syste-5d99f-d-have-correct-heading-font-chromium-retry1/test-failed-1.png
    ────────────────────────────────────────────────────────────────────────────────────────────────

    attachment #2: video (video/webm) ──────────────────────────────────────────────────────────────
    test-results/ui-pages-style-Style-Syste-5d99f-d-have-correct-heading-font-chromium-retry1/video.webm
    ────────────────────────────────────────────────────────────────────────────────────────────────

    Error Context: test-results/ui-pages-style-Style-Syste-5d99f-d-have-correct-heading-font-chromium-retry1/error-context.md

    attachment #4: trace (application/zip) ─────────────────────────────────────────────────────────
    test-results/ui-pages-style-Style-Syste-5d99f-d-have-correct-heading-font-chromium-retry1/trace.zip
    Usage:

        npx playwright show-trace test-results/ui-pages-style-Style-Syste-5d99f-d-have-correct-heading-font-chromium-retry1/trace.zip

    ────────────────────────────────────────────────────────────────────────────────────────────────

  438) [chromium] › e2e/ui/pages/style.spec.ts:175:11 › Style System › Store Style › should have correct body font 

    Error: page.goto: net::ERR_CONNECTION_REFUSED at http://localhost:4000/store
    Call log:
      - navigating to "http://localhost:4000/store", waiting until "load"


      158 |     test.describe(`${name} Style`, () => {
      159 |       test.beforeEach(async ({ page }) => {
    > 160 |         await page.goto(path);
          |                    ^
      161 |         // Wait for network idle to ensure styles are applied
      162 |         await page.waitForLoadState("networkidle");
      163 |       });
        at /home/tbaltzakis/cloudless.gr/e2e/ui/pages/style.spec.ts:160:20

    attachment #1: screenshot (image/png) ──────────────────────────────────────────────────────────
    test-results/ui-pages-style-Style-Syste-5336b-ould-have-correct-body-font-chromium/test-failed-1.png
    ────────────────────────────────────────────────────────────────────────────────────────────────

    attachment #2: video (video/webm) ──────────────────────────────────────────────────────────────
    test-results/ui-pages-style-Style-Syste-5336b-ould-have-correct-body-font-chromium/video.webm
    ────────────────────────────────────────────────────────────────────────────────────────────────

    Error Context: test-results/ui-pages-style-Style-Syste-5336b-ould-have-correct-body-font-chromium/error-context.md

    Retry #1 ───────────────────────────────────────────────────────────────────────────────────────

    Error: page.goto: net::ERR_CONNECTION_REFUSED at http://localhost:4000/store
    Call log:
      - navigating to "http://localhost:4000/store", waiting until "load"


      158 |     test.describe(`${name} Style`, () => {
      159 |       test.beforeEach(async ({ page }) => {
    > 160 |         await page.goto(path);
          |                    ^
      161 |         // Wait for network idle to ensure styles are applied
      162 |         await page.waitForLoadState("networkidle");
      163 |       });
        at /home/tbaltzakis/cloudless.gr/e2e/ui/pages/style.spec.ts:160:20

    attachment #1: screenshot (image/png) ──────────────────────────────────────────────────────────
    test-results/ui-pages-style-Style-Syste-5336b-ould-have-correct-body-font-chromium-retry1/test-failed-1.png
    ────────────────────────────────────────────────────────────────────────────────────────────────

    attachment #2: video (video/webm) ──────────────────────────────────────────────────────────────
    test-results/ui-pages-style-Style-Syste-5336b-ould-have-correct-body-font-chromium-retry1/video.webm
    ────────────────────────────────────────────────────────────────────────────────────────────────

    Error Context: test-results/ui-pages-style-Style-Syste-5336b-ould-have-correct-body-font-chromium-retry1/error-context.md

    attachment #4: trace (application/zip) ─────────────────────────────────────────────────────────
    test-results/ui-pages-style-Style-Syste-5336b-ould-have-correct-body-font-chromium-retry1/trace.zip
    Usage:

        npx playwright show-trace test-results/ui-pages-style-Style-Syste-5336b-ould-have-correct-body-font-chromium-retry1/trace.zip

    ────────────────────────────────────────────────────────────────────────────────────────────────

  439) [chromium] › e2e/ui/pages/style.spec.ts:180:11 › Style System › Store Style › should have correct code font 

    Error: page.goto: net::ERR_CONNECTION_REFUSED at http://localhost:4000/store
    Call log:
      - navigating to "http://localhost:4000/store", waiting until "load"


      158 |     test.describe(`${name} Style`, () => {
      159 |       test.beforeEach(async ({ page }) => {
    > 160 |         await page.goto(path);
          |                    ^
      161 |         // Wait for network idle to ensure styles are applied
      162 |         await page.waitForLoadState("networkidle");
      163 |       });
        at /home/tbaltzakis/cloudless.gr/e2e/ui/pages/style.spec.ts:160:20

    attachment #1: screenshot (image/png) ──────────────────────────────────────────────────────────
    test-results/ui-pages-style-Style-Syste-62f71-ould-have-correct-code-font-chromium/test-failed-1.png
    ────────────────────────────────────────────────────────────────────────────────────────────────

    attachment #2: video (video/webm) ──────────────────────────────────────────────────────────────
    test-results/ui-pages-style-Style-Syste-62f71-ould-have-correct-code-font-chromium/video.webm
    ────────────────────────────────────────────────────────────────────────────────────────────────

    Error Context: test-results/ui-pages-style-Style-Syste-62f71-ould-have-correct-code-font-chromium/error-context.md

    Retry #1 ───────────────────────────────────────────────────────────────────────────────────────

    Error: page.goto: net::ERR_CONNECTION_REFUSED at http://localhost:4000/store
    Call log:
      - navigating to "http://localhost:4000/store", waiting until "load"


      158 |     test.describe(`${name} Style`, () => {
      159 |       test.beforeEach(async ({ page }) => {
    > 160 |         await page.goto(path);
          |                    ^
      161 |         // Wait for network idle to ensure styles are applied
      162 |         await page.waitForLoadState("networkidle");
      163 |       });
        at /home/tbaltzakis/cloudless.gr/e2e/ui/pages/style.spec.ts:160:20

    attachment #1: screenshot (image/png) ──────────────────────────────────────────────────────────
    test-results/ui-pages-style-Style-Syste-62f71-ould-have-correct-code-font-chromium-retry1/test-failed-1.png
    ────────────────────────────────────────────────────────────────────────────────────────────────

    attachment #2: video (video/webm) ──────────────────────────────────────────────────────────────
    test-results/ui-pages-style-Style-Syste-62f71-ould-have-correct-code-font-chromium-retry1/video.webm
    ────────────────────────────────────────────────────────────────────────────────────────────────

    Error Context: test-results/ui-pages-style-Style-Syste-62f71-ould-have-correct-code-font-chromium-retry1/error-context.md

    attachment #4: trace (application/zip) ─────────────────────────────────────────────────────────
    test-results/ui-pages-style-Style-Syste-62f71-ould-have-correct-code-font-chromium-retry1/trace.zip
    Usage:

        npx playwright show-trace test-results/ui-pages-style-Style-Syste-62f71-ould-have-correct-code-font-chromium-retry1/trace.zip

    ────────────────────────────────────────────────────────────────────────────────────────────────

  440) [chromium] › e2e/ui/pages/style.spec.ts:185:11 › Style System › Store Style › should have neon cyan accents 

    Error: page.goto: net::ERR_CONNECTION_REFUSED at http://localhost:4000/store
    Call log:
      - navigating to "http://localhost:4000/store", waiting until "load"


      158 |     test.describe(`${name} Style`, () => {
      159 |       test.beforeEach(async ({ page }) => {
    > 160 |         await page.goto(path);
          |                    ^
      161 |         // Wait for network idle to ensure styles are applied
      162 |         await page.waitForLoadState("networkidle");
      163 |       });
        at /home/tbaltzakis/cloudless.gr/e2e/ui/pages/style.spec.ts:160:20

    attachment #1: screenshot (image/png) ──────────────────────────────────────────────────────────
    test-results/ui-pages-style-Style-Syste-bb9a7-ould-have-neon-cyan-accents-chromium/test-failed-1.png
    ────────────────────────────────────────────────────────────────────────────────────────────────

    attachment #2: video (video/webm) ──────────────────────────────────────────────────────────────
    test-results/ui-pages-style-Style-Syste-bb9a7-ould-have-neon-cyan-accents-chromium/video.webm
    ────────────────────────────────────────────────────────────────────────────────────────────────

    Error Context: test-results/ui-pages-style-Style-Syste-bb9a7-ould-have-neon-cyan-accents-chromium/error-context.md

    Retry #1 ───────────────────────────────────────────────────────────────────────────────────────

    Error: page.goto: net::ERR_CONNECTION_REFUSED at http://localhost:4000/store
    Call log:
      - navigating to "http://localhost:4000/store", waiting until "load"


      158 |     test.describe(`${name} Style`, () => {
      159 |       test.beforeEach(async ({ page }) => {
    > 160 |         await page.goto(path);
          |                    ^
      161 |         // Wait for network idle to ensure styles are applied
      162 |         await page.waitForLoadState("networkidle");
      163 |       });
        at /home/tbaltzakis/cloudless.gr/e2e/ui/pages/style.spec.ts:160:20

    attachment #1: screenshot (image/png) ──────────────────────────────────────────────────────────
    test-results/ui-pages-style-Style-Syste-bb9a7-ould-have-neon-cyan-accents-chromium-retry1/test-failed-1.png
    ────────────────────────────────────────────────────────────────────────────────────────────────

    attachment #2: video (video/webm) ──────────────────────────────────────────────────────────────
    test-results/ui-pages-style-Style-Syste-bb9a7-ould-have-neon-cyan-accents-chromium-retry1/video.webm
    ────────────────────────────────────────────────────────────────────────────────────────────────

    Error Context: test-results/ui-pages-style-Style-Syste-bb9a7-ould-have-neon-cyan-accents-chromium-retry1/error-context.md

    attachment #4: trace (application/zip) ─────────────────────────────────────────────────────────
    test-results/ui-pages-style-Style-Syste-bb9a7-ould-have-neon-cyan-accents-chromium-retry1/trace.zip
    Usage:

        npx playwright show-trace test-results/ui-pages-style-Style-Syste-bb9a7-ould-have-neon-cyan-accents-chromium-retry1/trace.zip

    ────────────────────────────────────────────────────────────────────────────────────────────────

  441) [chromium] › e2e/ui/pages/style.spec.ts:219:11 › Style System › Store Style › should have neon magenta accents 

    Error: page.goto: net::ERR_CONNECTION_REFUSED at http://localhost:4000/store
    Call log:
      - navigating to "http://localhost:4000/store", waiting until "load"


      158 |     test.describe(`${name} Style`, () => {
      159 |       test.beforeEach(async ({ page }) => {
    > 160 |         await page.goto(path);
          |                    ^
      161 |         // Wait for network idle to ensure styles are applied
      162 |         await page.waitForLoadState("networkidle");
      163 |       });
        at /home/tbaltzakis/cloudless.gr/e2e/ui/pages/style.spec.ts:160:20

    attachment #1: screenshot (image/png) ──────────────────────────────────────────────────────────
    test-results/ui-pages-style-Style-Syste-c39a9-d-have-neon-magenta-accents-chromium/test-failed-1.png
    ────────────────────────────────────────────────────────────────────────────────────────────────

    attachment #2: video (video/webm) ──────────────────────────────────────────────────────────────
    test-results/ui-pages-style-Style-Syste-c39a9-d-have-neon-magenta-accents-chromium/video.webm
    ────────────────────────────────────────────────────────────────────────────────────────────────

    Error Context: test-results/ui-pages-style-Style-Syste-c39a9-d-have-neon-magenta-accents-chromium/error-context.md

    Retry #1 ───────────────────────────────────────────────────────────────────────────────────────

    Error: page.goto: net::ERR_CONNECTION_REFUSED at http://localhost:4000/store
    Call log:
      - navigating to "http://localhost:4000/store", waiting until "load"


      158 |     test.describe(`${name} Style`, () => {
      159 |       test.beforeEach(async ({ page }) => {
    > 160 |         await page.goto(path);
          |                    ^
      161 |         // Wait for network idle to ensure styles are applied
      162 |         await page.waitForLoadState("networkidle");
      163 |       });
        at /home/tbaltzakis/cloudless.gr/e2e/ui/pages/style.spec.ts:160:20

    attachment #1: screenshot (image/png) ──────────────────────────────────────────────────────────
    test-results/ui-pages-style-Style-Syste-c39a9-d-have-neon-magenta-accents-chromium-retry1/test-failed-1.png
    ────────────────────────────────────────────────────────────────────────────────────────────────

    attachment #2: video (video/webm) ──────────────────────────────────────────────────────────────
    test-results/ui-pages-style-Style-Syste-c39a9-d-have-neon-magenta-accents-chromium-retry1/video.webm
    ────────────────────────────────────────────────────────────────────────────────────────────────

    Error Context: test-results/ui-pages-style-Style-Syste-c39a9-d-have-neon-magenta-accents-chromium-retry1/error-context.md

    attachment #4: trace (application/zip) ─────────────────────────────────────────────────────────
    test-results/ui-pages-style-Style-Syste-c39a9-d-have-neon-magenta-accents-chromium-retry1/trace.zip
    Usage:

        npx playwright show-trace test-results/ui-pages-style-Style-Syste-c39a9-d-have-neon-magenta-accents-chromium-retry1/trace.zip

    ────────────────────────────────────────────────────────────────────────────────────────────────

  442) [chromium] › e2e/ui/pages/style.spec.ts:248:11 › Style System › Store Style › should have neon green accents 

    Error: page.goto: net::ERR_CONNECTION_REFUSED at http://localhost:4000/store
    Call log:
      - navigating to "http://localhost:4000/store", waiting until "load"


      158 |     test.describe(`${name} Style`, () => {
      159 |       test.beforeEach(async ({ page }) => {
    > 160 |         await page.goto(path);
          |                    ^
      161 |         // Wait for network idle to ensure styles are applied
      162 |         await page.waitForLoadState("networkidle");
      163 |       });
        at /home/tbaltzakis/cloudless.gr/e2e/ui/pages/style.spec.ts:160:20

    attachment #1: screenshot (image/png) ──────────────────────────────────────────────────────────
    test-results/ui-pages-style-Style-Syste-b0782-uld-have-neon-green-accents-chromium/test-failed-1.png
    ────────────────────────────────────────────────────────────────────────────────────────────────

    attachment #2: video (video/webm) ──────────────────────────────────────────────────────────────
    test-results/ui-pages-style-Style-Syste-b0782-uld-have-neon-green-accents-chromium/video.webm
    ────────────────────────────────────────────────────────────────────────────────────────────────

    Error Context: test-results/ui-pages-style-Style-Syste-b0782-uld-have-neon-green-accents-chromium/error-context.md

    Retry #1 ───────────────────────────────────────────────────────────────────────────────────────

    Error: page.goto: net::ERR_CONNECTION_REFUSED at http://localhost:4000/store
    Call log:
      - navigating to "http://localhost:4000/store", waiting until "load"


      158 |     test.describe(`${name} Style`, () => {
      159 |       test.beforeEach(async ({ page }) => {
    > 160 |         await page.goto(path);
          |                    ^
      161 |         // Wait for network idle to ensure styles are applied
      162 |         await page.waitForLoadState("networkidle");
      163 |       });
        at /home/tbaltzakis/cloudless.gr/e2e/ui/pages/style.spec.ts:160:20

    attachment #1: screenshot (image/png) ──────────────────────────────────────────────────────────
    test-results/ui-pages-style-Style-Syste-b0782-uld-have-neon-green-accents-chromium-retry1/test-failed-1.png
    ────────────────────────────────────────────────────────────────────────────────────────────────

    attachment #2: video (video/webm) ──────────────────────────────────────────────────────────────
    test-results/ui-pages-style-Style-Syste-b0782-uld-have-neon-green-accents-chromium-retry1/video.webm
    ────────────────────────────────────────────────────────────────────────────────────────────────

    Error Context: test-results/ui-pages-style-Style-Syste-b0782-uld-have-neon-green-accents-chromium-retry1/error-context.md

    attachment #4: trace (application/zip) ─────────────────────────────────────────────────────────
    test-results/ui-pages-style-Style-Syste-b0782-uld-have-neon-green-accents-chromium-retry1/trace.zip
    Usage:

        npx playwright show-trace test-results/ui-pages-style-Style-Syste-b0782-uld-have-neon-green-accents-chromium-retry1/trace.zip

    ────────────────────────────────────────────────────────────────────────────────────────────────

  443) [chromium] › e2e/ui/pages/style.spec.ts:276:11 › Style System › Store Style › should have neon blue accents 

    Error: page.goto: net::ERR_CONNECTION_REFUSED at http://localhost:4000/store
    Call log:
      - navigating to "http://localhost:4000/store", waiting until "load"


      158 |     test.describe(`${name} Style`, () => {
      159 |       test.beforeEach(async ({ page }) => {
    > 160 |         await page.goto(path);
          |                    ^
      161 |         // Wait for network idle to ensure styles are applied
      162 |         await page.waitForLoadState("networkidle");
      163 |       });
        at /home/tbaltzakis/cloudless.gr/e2e/ui/pages/style.spec.ts:160:20

    attachment #1: screenshot (image/png) ──────────────────────────────────────────────────────────
    test-results/ui-pages-style-Style-Syste-fc576-ould-have-neon-blue-accents-chromium/test-failed-1.png
    ────────────────────────────────────────────────────────────────────────────────────────────────

    attachment #2: video (video/webm) ──────────────────────────────────────────────────────────────
    test-results/ui-pages-style-Style-Syste-fc576-ould-have-neon-blue-accents-chromium/video.webm
    ────────────────────────────────────────────────────────────────────────────────────────────────

    Error Context: test-results/ui-pages-style-Style-Syste-fc576-ould-have-neon-blue-accents-chromium/error-context.md

    Retry #1 ───────────────────────────────────────────────────────────────────────────────────────

    Error: page.goto: net::ERR_CONNECTION_REFUSED at http://localhost:4000/store
    Call log:
      - navigating to "http://localhost:4000/store", waiting until "load"


      158 |     test.describe(`${name} Style`, () => {
      159 |       test.beforeEach(async ({ page }) => {
    > 160 |         await page.goto(path);
          |                    ^
      161 |         // Wait for network idle to ensure styles are applied
      162 |         await page.waitForLoadState("networkidle");
      163 |       });
        at /home/tbaltzakis/cloudless.gr/e2e/ui/pages/style.spec.ts:160:20

    attachment #1: screenshot (image/png) ──────────────────────────────────────────────────────────
    test-results/ui-pages-style-Style-Syste-fc576-ould-have-neon-blue-accents-chromium-retry1/test-failed-1.png
    ────────────────────────────────────────────────────────────────────────────────────────────────

    attachment #2: video (video/webm) ──────────────────────────────────────────────────────────────
    test-results/ui-pages-style-Style-Syste-fc576-ould-have-neon-blue-accents-chromium-retry1/video.webm
    ────────────────────────────────────────────────────────────────────────────────────────────────

    Error Context: test-results/ui-pages-style-Style-Syste-fc576-ould-have-neon-blue-accents-chromium-retry1/error-context.md

    attachment #4: trace (application/zip) ─────────────────────────────────────────────────────────
    test-results/ui-pages-style-Style-Syste-fc576-ould-have-neon-blue-accents-chromium-retry1/trace.zip
    Usage:

        npx playwright show-trace test-results/ui-pages-style-Style-Syste-fc576-ould-have-neon-blue-accents-chromium-retry1/trace.zip

    ────────────────────────────────────────────────────────────────────────────────────────────────

  444) [chromium] › e2e/ui/pages/style.spec.ts:306:15 › Style System › Store Style › Effects › should have scanlines effect applied 

    Error: page.goto: net::ERR_CONNECTION_REFUSED at http://localhost:4000/store
    Call log:
      - navigating to "http://localhost:4000/store", waiting until "load"


      158 |     test.describe(`${name} Style`, () => {
      159 |       test.beforeEach(async ({ page }) => {
    > 160 |         await page.goto(path);
          |                    ^
      161 |         // Wait for network idle to ensure styles are applied
      162 |         await page.waitForLoadState("networkidle");
      163 |       });
        at /home/tbaltzakis/cloudless.gr/e2e/ui/pages/style.spec.ts:160:20

    attachment #1: screenshot (image/png) ──────────────────────────────────────────────────────────
    test-results/ui-pages-style-Style-Syste-1c88c-ve-scanlines-effect-applied-chromium/test-failed-1.png
    ────────────────────────────────────────────────────────────────────────────────────────────────

    attachment #2: video (video/webm) ──────────────────────────────────────────────────────────────
    test-results/ui-pages-style-Style-Syste-1c88c-ve-scanlines-effect-applied-chromium/video.webm
    ────────────────────────────────────────────────────────────────────────────────────────────────

    Error Context: test-results/ui-pages-style-Style-Syste-1c88c-ve-scanlines-effect-applied-chromium/error-context.md

    Retry #1 ───────────────────────────────────────────────────────────────────────────────────────

    Error: page.goto: net::ERR_CONNECTION_REFUSED at http://localhost:4000/store
    Call log:
      - navigating to "http://localhost:4000/store", waiting until "load"


      158 |     test.describe(`${name} Style`, () => {
      159 |       test.beforeEach(async ({ page }) => {
    > 160 |         await page.goto(path);
          |                    ^
      161 |         // Wait for network idle to ensure styles are applied
      162 |         await page.waitForLoadState("networkidle");
      163 |       });
        at /home/tbaltzakis/cloudless.gr/e2e/ui/pages/style.spec.ts:160:20

    attachment #1: screenshot (image/png) ──────────────────────────────────────────────────────────
    test-results/ui-pages-style-Style-Syste-1c88c-ve-scanlines-effect-applied-chromium-retry1/test-failed-1.png
    ────────────────────────────────────────────────────────────────────────────────────────────────

    attachment #2: video (video/webm) ──────────────────────────────────────────────────────────────
    test-results/ui-pages-style-Style-Syste-1c88c-ve-scanlines-effect-applied-chromium-retry1/video.webm
    ────────────────────────────────────────────────────────────────────────────────────────────────

    Error Context: test-results/ui-pages-style-Style-Syste-1c88c-ve-scanlines-effect-applied-chromium-retry1/error-context.md

    attachment #4: trace (application/zip) ─────────────────────────────────────────────────────────
    test-results/ui-pages-style-Style-Syste-1c88c-ve-scanlines-effect-applied-chromium-retry1/trace.zip
    Usage:

        npx playwright show-trace test-results/ui-pages-style-Style-Syste-1c88c-ve-scanlines-effect-applied-chromium-retry1/trace.zip

    ────────────────────────────────────────────────────────────────────────────────────────────────

  445) [chromium] › e2e/ui/pages/style.spec.ts:306:15 › Style System › Store Style › Effects › should have cyber-grid effect applied 

    Error: page.goto: net::ERR_CONNECTION_REFUSED at http://localhost:4000/store
    Call log:
      - navigating to "http://localhost:4000/store", waiting until "load"


      158 |     test.describe(`${name} Style`, () => {
      159 |       test.beforeEach(async ({ page }) => {
    > 160 |         await page.goto(path);
          |                    ^
      161 |         // Wait for network idle to ensure styles are applied
      162 |         await page.waitForLoadState("networkidle");
      163 |       });
        at /home/tbaltzakis/cloudless.gr/e2e/ui/pages/style.spec.ts:160:20

    attachment #1: screenshot (image/png) ──────────────────────────────────────────────────────────
    test-results/ui-pages-style-Style-Syste-704e2-e-cyber-grid-effect-applied-chromium/test-failed-1.png
    ────────────────────────────────────────────────────────────────────────────────────────────────

    attachment #2: video (video/webm) ──────────────────────────────────────────────────────────────
    test-results/ui-pages-style-Style-Syste-704e2-e-cyber-grid-effect-applied-chromium/video.webm
    ────────────────────────────────────────────────────────────────────────────────────────────────

    Error Context: test-results/ui-pages-style-Style-Syste-704e2-e-cyber-grid-effect-applied-chromium/error-context.md

    Retry #1 ───────────────────────────────────────────────────────────────────────────────────────

    Error: page.goto: net::ERR_CONNECTION_REFUSED at http://localhost:4000/store
    Call log:
      - navigating to "http://localhost:4000/store", waiting until "load"


      158 |     test.describe(`${name} Style`, () => {
      159 |       test.beforeEach(async ({ page }) => {
    > 160 |         await page.goto(path);
          |                    ^
      161 |         // Wait for network idle to ensure styles are applied
      162 |         await page.waitForLoadState("networkidle");
      163 |       });
        at /home/tbaltzakis/cloudless.gr/e2e/ui/pages/style.spec.ts:160:20

    attachment #1: screenshot (image/png) ──────────────────────────────────────────────────────────
    test-results/ui-pages-style-Style-Syste-704e2-e-cyber-grid-effect-applied-chromium-retry1/test-failed-1.png
    ────────────────────────────────────────────────────────────────────────────────────────────────

    attachment #2: video (video/webm) ──────────────────────────────────────────────────────────────
    test-results/ui-pages-style-Style-Syste-704e2-e-cyber-grid-effect-applied-chromium-retry1/video.webm
    ────────────────────────────────────────────────────────────────────────────────────────────────

    Error Context: test-results/ui-pages-style-Style-Syste-704e2-e-cyber-grid-effect-applied-chromium-retry1/error-context.md

    attachment #4: trace (application/zip) ─────────────────────────────────────────────────────────
    test-results/ui-pages-style-Style-Syste-704e2-e-cyber-grid-effect-applied-chromium-retry1/trace.zip
    Usage:

        npx playwright show-trace test-results/ui-pages-style-Style-Syste-704e2-e-cyber-grid-effect-applied-chromium-retry1/trace.zip

    ────────────────────────────────────────────────────────────────────────────────────────────────

  446) [chromium] › e2e/ui/pages/style.spec.ts:306:15 › Style System › Store Style › Effects › should have neon-border effect applied 

    Error: page.goto: net::ERR_CONNECTION_REFUSED at http://localhost:4000/store
    Call log:
      - navigating to "http://localhost:4000/store", waiting until "load"


      158 |     test.describe(`${name} Style`, () => {
      159 |       test.beforeEach(async ({ page }) => {
    > 160 |         await page.goto(path);
          |                    ^
      161 |         // Wait for network idle to ensure styles are applied
      162 |         await page.waitForLoadState("networkidle");
      163 |       });
        at /home/tbaltzakis/cloudless.gr/e2e/ui/pages/style.spec.ts:160:20

    attachment #1: screenshot (image/png) ──────────────────────────────────────────────────────────
    test-results/ui-pages-style-Style-Syste-1aad1--neon-border-effect-applied-chromium/test-failed-1.png
    ────────────────────────────────────────────────────────────────────────────────────────────────

    attachment #2: video (video/webm) ──────────────────────────────────────────────────────────────
    test-results/ui-pages-style-Style-Syste-1aad1--neon-border-effect-applied-chromium/video.webm
    ────────────────────────────────────────────────────────────────────────────────────────────────

    Error Context: test-results/ui-pages-style-Style-Syste-1aad1--neon-border-effect-applied-chromium/error-context.md

    Retry #1 ───────────────────────────────────────────────────────────────────────────────────────

    Error: page.goto: net::ERR_CONNECTION_REFUSED at http://localhost:4000/store
    Call log:
      - navigating to "http://localhost:4000/store", waiting until "load"


      158 |     test.describe(`${name} Style`, () => {
      159 |       test.beforeEach(async ({ page }) => {
    > 160 |         await page.goto(path);
          |                    ^
      161 |         // Wait for network idle to ensure styles are applied
      162 |         await page.waitForLoadState("networkidle");
      163 |       });
        at /home/tbaltzakis/cloudless.gr/e2e/ui/pages/style.spec.ts:160:20

    attachment #1: screenshot (image/png) ──────────────────────────────────────────────────────────
    test-results/ui-pages-style-Style-Syste-1aad1--neon-border-effect-applied-chromium-retry1/test-failed-1.png
    ────────────────────────────────────────────────────────────────────────────────────────────────

    attachment #2: video (video/webm) ──────────────────────────────────────────────────────────────
    test-results/ui-pages-style-Style-Syste-1aad1--neon-border-effect-applied-chromium-retry1/video.webm
    ────────────────────────────────────────────────────────────────────────────────────────────────

    Error Context: test-results/ui-pages-style-Style-Syste-1aad1--neon-border-effect-applied-chromium-retry1/error-context.md

    attachment #4: trace (application/zip) ─────────────────────────────────────────────────────────
    test-results/ui-pages-style-Style-Syste-1aad1--neon-border-effect-applied-chromium-retry1/trace.zip
    Usage:

        npx playwright show-trace test-results/ui-pages-style-Style-Syste-1aad1--neon-border-effect-applied-chromium-retry1/trace.zip

    ────────────────────────────────────────────────────────────────────────────────────────────────

  447) [chromium] › e2e/ui/pages/style.spec.ts:306:15 › Style System › Store Style › Effects › should have glow-cyan effect applied 

    Error: page.goto: net::ERR_CONNECTION_REFUSED at http://localhost:4000/store
    Call log:
      - navigating to "http://localhost:4000/store", waiting until "load"


      158 |     test.describe(`${name} Style`, () => {
      159 |       test.beforeEach(async ({ page }) => {
    > 160 |         await page.goto(path);
          |                    ^
      161 |         // Wait for network idle to ensure styles are applied
      162 |         await page.waitForLoadState("networkidle");
      163 |       });
        at /home/tbaltzakis/cloudless.gr/e2e/ui/pages/style.spec.ts:160:20

    attachment #1: screenshot (image/png) ──────────────────────────────────────────────────────────
    test-results/ui-pages-style-Style-Syste-ea978-ve-glow-cyan-effect-applied-chromium/test-failed-1.png
    ────────────────────────────────────────────────────────────────────────────────────────────────

    attachment #2: video (video/webm) ──────────────────────────────────────────────────────────────
    test-results/ui-pages-style-Style-Syste-ea978-ve-glow-cyan-effect-applied-chromium/video.webm
    ────────────────────────────────────────────────────────────────────────────────────────────────

    Error Context: test-results/ui-pages-style-Style-Syste-ea978-ve-glow-cyan-effect-applied-chromium/error-context.md

    Retry #1 ───────────────────────────────────────────────────────────────────────────────────────

    Error: page.goto: net::ERR_CONNECTION_REFUSED at http://localhost:4000/store
    Call log:
      - navigating to "http://localhost:4000/store", waiting until "load"


      158 |     test.describe(`${name} Style`, () => {
      159 |       test.beforeEach(async ({ page }) => {
    > 160 |         await page.goto(path);
          |                    ^
      161 |         // Wait for network idle to ensure styles are applied
      162 |         await page.waitForLoadState("networkidle");
      163 |       });
        at /home/tbaltzakis/cloudless.gr/e2e/ui/pages/style.spec.ts:160:20

    attachment #1: screenshot (image/png) ──────────────────────────────────────────────────────────
    test-results/ui-pages-style-Style-Syste-ea978-ve-glow-cyan-effect-applied-chromium-retry1/test-failed-1.png
    ────────────────────────────────────────────────────────────────────────────────────────────────

    attachment #2: video (video/webm) ──────────────────────────────────────────────────────────────
    test-results/ui-pages-style-Style-Syste-ea978-ve-glow-cyan-effect-applied-chromium-retry1/video.webm
    ────────────────────────────────────────────────────────────────────────────────────────────────

    Error Context: test-results/ui-pages-style-Style-Syste-ea978-ve-glow-cyan-effect-applied-chromium-retry1/error-context.md

    attachment #4: trace (application/zip) ─────────────────────────────────────────────────────────
    test-results/ui-pages-style-Style-Syste-ea978-ve-glow-cyan-effect-applied-chromium-retry1/trace.zip
    Usage:

        npx playwright show-trace test-results/ui-pages-style-Style-Syste-ea978-ve-glow-cyan-effect-applied-chromium-retry1/trace.zip

    ────────────────────────────────────────────────────────────────────────────────────────────────

  448) [chromium] › e2e/ui/pages/style.spec.ts:306:15 › Style System › Store Style › Effects › should have dot-matrix effect applied 

    Error: page.goto: net::ERR_CONNECTION_REFUSED at http://localhost:4000/store
    Call log:
      - navigating to "http://localhost:4000/store", waiting until "load"


      158 |     test.describe(`${name} Style`, () => {
      159 |       test.beforeEach(async ({ page }) => {
    > 160 |         await page.goto(path);
          |                    ^
      161 |         // Wait for network idle to ensure styles are applied
      162 |         await page.waitForLoadState("networkidle");
      163 |       });
        at /home/tbaltzakis/cloudless.gr/e2e/ui/pages/style.spec.ts:160:20

    attachment #1: screenshot (image/png) ──────────────────────────────────────────────────────────
    test-results/ui-pages-style-Style-Syste-b2579-e-dot-matrix-effect-applied-chromium/test-failed-1.png
    ────────────────────────────────────────────────────────────────────────────────────────────────

    attachment #2: video (video/webm) ──────────────────────────────────────────────────────────────
    test-results/ui-pages-style-Style-Syste-b2579-e-dot-matrix-effect-applied-chromium/video.webm
    ────────────────────────────────────────────────────────────────────────────────────────────────

    Error Context: test-results/ui-pages-style-Style-Syste-b2579-e-dot-matrix-effect-applied-chromium/error-context.md

    Retry #1 ───────────────────────────────────────────────────────────────────────────────────────

    Error: page.goto: net::ERR_CONNECTION_REFUSED at http://localhost:4000/store
    Call log:
      - navigating to "http://localhost:4000/store", waiting until "load"


      158 |     test.describe(`${name} Style`, () => {
      159 |       test.beforeEach(async ({ page }) => {
    > 160 |         await page.goto(path);
          |                    ^
      161 |         // Wait for network idle to ensure styles are applied
      162 |         await page.waitForLoadState("networkidle");
      163 |       });
        at /home/tbaltzakis/cloudless.gr/e2e/ui/pages/style.spec.ts:160:20

    attachment #1: screenshot (image/png) ──────────────────────────────────────────────────────────
    test-results/ui-pages-style-Style-Syste-b2579-e-dot-matrix-effect-applied-chromium-retry1/test-failed-1.png
    ────────────────────────────────────────────────────────────────────────────────────────────────

    attachment #2: video (video/webm) ──────────────────────────────────────────────────────────────
    test-results/ui-pages-style-Style-Syste-b2579-e-dot-matrix-effect-applied-chromium-retry1/video.webm
    ────────────────────────────────────────────────────────────────────────────────────────────────

    Error Context: test-results/ui-pages-style-Style-Syste-b2579-e-dot-matrix-effect-applied-chromium-retry1/error-context.md

    attachment #4: trace (application/zip) ─────────────────────────────────────────────────────────
    test-results/ui-pages-style-Style-Syste-b2579-e-dot-matrix-effect-applied-chromium-retry1/trace.zip
    Usage:

        npx playwright show-trace test-results/ui-pages-style-Style-Syste-b2579-e-dot-matrix-effect-applied-chromium-retry1/trace.zip

    ────────────────────────────────────────────────────────────────────────────────────────────────

  449) [chromium] › e2e/ui/pages/style.spec.ts:313:13 › Style System › Store Style › Hover States › should show neon cyan on hover for interactive elements 

    Error: page.goto: net::ERR_CONNECTION_REFUSED at http://localhost:4000/store
    Call log:
      - navigating to "http://localhost:4000/store", waiting until "load"


      158 |     test.describe(`${name} Style`, () => {
      159 |       test.beforeEach(async ({ page }) => {
    > 160 |         await page.goto(path);
          |                    ^
      161 |         // Wait for network idle to ensure styles are applied
      162 |         await page.waitForLoadState("networkidle");
      163 |       });
        at /home/tbaltzakis/cloudless.gr/e2e/ui/pages/style.spec.ts:160:20

    attachment #1: screenshot (image/png) ──────────────────────────────────────────────────────────
    test-results/ui-pages-style-Style-Syste-ccfa2-er-for-interactive-elements-chromium/test-failed-1.png
    ────────────────────────────────────────────────────────────────────────────────────────────────

    attachment #2: video (video/webm) ──────────────────────────────────────────────────────────────
    test-results/ui-pages-style-Style-Syste-ccfa2-er-for-interactive-elements-chromium/video.webm
    ────────────────────────────────────────────────────────────────────────────────────────────────

    Error Context: test-results/ui-pages-style-Style-Syste-ccfa2-er-for-interactive-elements-chromium/error-context.md

    Retry #1 ───────────────────────────────────────────────────────────────────────────────────────

    Error: page.goto: net::ERR_CONNECTION_REFUSED at http://localhost:4000/store
    Call log:
      - navigating to "http://localhost:4000/store", waiting until "load"


      158 |     test.describe(`${name} Style`, () => {
      159 |       test.beforeEach(async ({ page }) => {
    > 160 |         await page.goto(path);
          |                    ^
      161 |         // Wait for network idle to ensure styles are applied
      162 |         await page.waitForLoadState("networkidle");
      163 |       });
        at /home/tbaltzakis/cloudless.gr/e2e/ui/pages/style.spec.ts:160:20

    attachment #1: screenshot (image/png) ──────────────────────────────────────────────────────────
    test-results/ui-pages-style-Style-Syste-ccfa2-er-for-interactive-elements-chromium-retry1/test-failed-1.png
    ────────────────────────────────────────────────────────────────────────────────────────────────

    attachment #2: video (video/webm) ──────────────────────────────────────────────────────────────
    test-results/ui-pages-style-Style-Syste-ccfa2-er-for-interactive-elements-chromium-retry1/video.webm
    ────────────────────────────────────────────────────────────────────────────────────────────────

    Error Context: test-results/ui-pages-style-Style-Syste-ccfa2-er-for-interactive-elements-chromium-retry1/error-context.md

    attachment #4: trace (application/zip) ─────────────────────────────────────────────────────────
    test-results/ui-pages-style-Style-Syste-ccfa2-er-for-interactive-elements-chromium-retry1/trace.zip
    Usage:

        npx playwright show-trace test-results/ui-pages-style-Style-Syste-ccfa2-er-for-interactive-elements-chromium-retry1/trace.zip

    ────────────────────────────────────────────────────────────────────────────────────────────────

  450) [chromium] › e2e/ui/pages/style.spec.ts:165:11 › Style System › Blog Style › should have void background color 

    Error: page.goto: net::ERR_CONNECTION_REFUSED at http://localhost:4000/blog
    Call log:
      - navigating to "http://localhost:4000/blog", waiting until "load"


      158 |     test.describe(`${name} Style`, () => {
      159 |       test.beforeEach(async ({ page }) => {
    > 160 |         await page.goto(path);
          |                    ^
      161 |         // Wait for network idle to ensure styles are applied
      162 |         await page.waitForLoadState("networkidle");
      163 |       });
        at /home/tbaltzakis/cloudless.gr/e2e/ui/pages/style.spec.ts:160:20

    attachment #1: screenshot (image/png) ──────────────────────────────────────────────────────────
    test-results/ui-pages-style-Style-Syste-b77e3--have-void-background-color-chromium/test-failed-1.png
    ────────────────────────────────────────────────────────────────────────────────────────────────

    attachment #2: video (video/webm) ──────────────────────────────────────────────────────────────
    test-results/ui-pages-style-Style-Syste-b77e3--have-void-background-color-chromium/video.webm
    ────────────────────────────────────────────────────────────────────────────────────────────────

    Error Context: test-results/ui-pages-style-Style-Syste-b77e3--have-void-background-color-chromium/error-context.md

    Retry #1 ───────────────────────────────────────────────────────────────────────────────────────

    Error: page.goto: net::ERR_CONNECTION_REFUSED at http://localhost:4000/blog
    Call log:
      - navigating to "http://localhost:4000/blog", waiting until "load"


      158 |     test.describe(`${name} Style`, () => {
      159 |       test.beforeEach(async ({ page }) => {
    > 160 |         await page.goto(path);
          |                    ^
      161 |         // Wait for network idle to ensure styles are applied
      162 |         await page.waitForLoadState("networkidle");
      163 |       });
        at /home/tbaltzakis/cloudless.gr/e2e/ui/pages/style.spec.ts:160:20

    attachment #1: screenshot (image/png) ──────────────────────────────────────────────────────────
    test-results/ui-pages-style-Style-Syste-b77e3--have-void-background-color-chromium-retry1/test-failed-1.png
    ────────────────────────────────────────────────────────────────────────────────────────────────

    attachment #2: video (video/webm) ──────────────────────────────────────────────────────────────
    test-results/ui-pages-style-Style-Syste-b77e3--have-void-background-color-chromium-retry1/video.webm
    ────────────────────────────────────────────────────────────────────────────────────────────────

    Error Context: test-results/ui-pages-style-Style-Syste-b77e3--have-void-background-color-chromium-retry1/error-context.md

    attachment #4: trace (application/zip) ─────────────────────────────────────────────────────────
    test-results/ui-pages-style-Style-Syste-b77e3--have-void-background-color-chromium-retry1/trace.zip
    Usage:

        npx playwright show-trace test-results/ui-pages-style-Style-Syste-b77e3--have-void-background-color-chromium-retry1/trace.zip

    ────────────────────────────────────────────────────────────────────────────────────────────────

  451) [chromium] › e2e/ui/pages/style.spec.ts:170:11 › Style System › Blog Style › should have correct heading font 

    Error: page.goto: net::ERR_CONNECTION_REFUSED at http://localhost:4000/blog
    Call log:
      - navigating to "http://localhost:4000/blog", waiting until "load"


      158 |     test.describe(`${name} Style`, () => {
      159 |       test.beforeEach(async ({ page }) => {
    > 160 |         await page.goto(path);
          |                    ^
      161 |         // Wait for network idle to ensure styles are applied
      162 |         await page.waitForLoadState("networkidle");
      163 |       });
        at /home/tbaltzakis/cloudless.gr/e2e/ui/pages/style.spec.ts:160:20

    attachment #1: screenshot (image/png) ──────────────────────────────────────────────────────────
    test-results/ui-pages-style-Style-Syste-93402-d-have-correct-heading-font-chromium/test-failed-1.png
    ────────────────────────────────────────────────────────────────────────────────────────────────

    attachment #2: video (video/webm) ──────────────────────────────────────────────────────────────
    test-results/ui-pages-style-Style-Syste-93402-d-have-correct-heading-font-chromium/video.webm
    ────────────────────────────────────────────────────────────────────────────────────────────────

    Error Context: test-results/ui-pages-style-Style-Syste-93402-d-have-correct-heading-font-chromium/error-context.md

    Retry #1 ───────────────────────────────────────────────────────────────────────────────────────

    Error: page.goto: net::ERR_CONNECTION_REFUSED at http://localhost:4000/blog
    Call log:
      - navigating to "http://localhost:4000/blog", waiting until "load"


      158 |     test.describe(`${name} Style`, () => {
      159 |       test.beforeEach(async ({ page }) => {
    > 160 |         await page.goto(path);
          |                    ^
      161 |         // Wait for network idle to ensure styles are applied
      162 |         await page.waitForLoadState("networkidle");
      163 |       });
        at /home/tbaltzakis/cloudless.gr/e2e/ui/pages/style.spec.ts:160:20

    attachment #1: screenshot (image/png) ──────────────────────────────────────────────────────────
    test-results/ui-pages-style-Style-Syste-93402-d-have-correct-heading-font-chromium-retry1/test-failed-1.png
    ────────────────────────────────────────────────────────────────────────────────────────────────

    attachment #2: video (video/webm) ──────────────────────────────────────────────────────────────
    test-results/ui-pages-style-Style-Syste-93402-d-have-correct-heading-font-chromium-retry1/video.webm
    ────────────────────────────────────────────────────────────────────────────────────────────────

    Error Context: test-results/ui-pages-style-Style-Syste-93402-d-have-correct-heading-font-chromium-retry1/error-context.md

    attachment #4: trace (application/zip) ─────────────────────────────────────────────────────────
    test-results/ui-pages-style-Style-Syste-93402-d-have-correct-heading-font-chromium-retry1/trace.zip
    Usage:

        npx playwright show-trace test-results/ui-pages-style-Style-Syste-93402-d-have-correct-heading-font-chromium-retry1/trace.zip

    ────────────────────────────────────────────────────────────────────────────────────────────────

  452) [chromium] › e2e/ui/pages/style.spec.ts:175:11 › Style System › Blog Style › should have correct body font 

    Error: page.goto: net::ERR_CONNECTION_REFUSED at http://localhost:4000/blog
    Call log:
      - navigating to "http://localhost:4000/blog", waiting until "load"


      158 |     test.describe(`${name} Style`, () => {
      159 |       test.beforeEach(async ({ page }) => {
    > 160 |         await page.goto(path);
          |                    ^
      161 |         // Wait for network idle to ensure styles are applied
      162 |         await page.waitForLoadState("networkidle");
      163 |       });
        at /home/tbaltzakis/cloudless.gr/e2e/ui/pages/style.spec.ts:160:20

    attachment #1: screenshot (image/png) ──────────────────────────────────────────────────────────
    test-results/ui-pages-style-Style-Syste-01f37-ould-have-correct-body-font-chromium/test-failed-1.png
    ────────────────────────────────────────────────────────────────────────────────────────────────

    attachment #2: video (video/webm) ──────────────────────────────────────────────────────────────
    test-results/ui-pages-style-Style-Syste-01f37-ould-have-correct-body-font-chromium/video.webm
    ────────────────────────────────────────────────────────────────────────────────────────────────

    Error Context: test-results/ui-pages-style-Style-Syste-01f37-ould-have-correct-body-font-chromium/error-context.md

    Retry #1 ───────────────────────────────────────────────────────────────────────────────────────

    Error: page.goto: net::ERR_CONNECTION_REFUSED at http://localhost:4000/blog
    Call log:
      - navigating to "http://localhost:4000/blog", waiting until "load"


      158 |     test.describe(`${name} Style`, () => {
      159 |       test.beforeEach(async ({ page }) => {
    > 160 |         await page.goto(path);
          |                    ^
      161 |         // Wait for network idle to ensure styles are applied
      162 |         await page.waitForLoadState("networkidle");
      163 |       });
        at /home/tbaltzakis/cloudless.gr/e2e/ui/pages/style.spec.ts:160:20

    attachment #1: screenshot (image/png) ──────────────────────────────────────────────────────────
    test-results/ui-pages-style-Style-Syste-01f37-ould-have-correct-body-font-chromium-retry1/test-failed-1.png
    ────────────────────────────────────────────────────────────────────────────────────────────────

    attachment #2: video (video/webm) ──────────────────────────────────────────────────────────────
    test-results/ui-pages-style-Style-Syste-01f37-ould-have-correct-body-font-chromium-retry1/video.webm
    ────────────────────────────────────────────────────────────────────────────────────────────────

    Error Context: test-results/ui-pages-style-Style-Syste-01f37-ould-have-correct-body-font-chromium-retry1/error-context.md

    attachment #4: trace (application/zip) ─────────────────────────────────────────────────────────
    test-results/ui-pages-style-Style-Syste-01f37-ould-have-correct-body-font-chromium-retry1/trace.zip
    Usage:

        npx playwright show-trace test-results/ui-pages-style-Style-Syste-01f37-ould-have-correct-body-font-chromium-retry1/trace.zip

    ────────────────────────────────────────────────────────────────────────────────────────────────

  453) [chromium] › e2e/ui/pages/style.spec.ts:180:11 › Style System › Blog Style › should have correct code font 

    Error: page.goto: net::ERR_CONNECTION_REFUSED at http://localhost:4000/blog
    Call log:
      - navigating to "http://localhost:4000/blog", waiting until "load"


      158 |     test.describe(`${name} Style`, () => {
      159 |       test.beforeEach(async ({ page }) => {
    > 160 |         await page.goto(path);
          |                    ^
      161 |         // Wait for network idle to ensure styles are applied
      162 |         await page.waitForLoadState("networkidle");
      163 |       });
        at /home/tbaltzakis/cloudless.gr/e2e/ui/pages/style.spec.ts:160:20

    attachment #1: screenshot (image/png) ──────────────────────────────────────────────────────────
    test-results/ui-pages-style-Style-Syste-a8688-ould-have-correct-code-font-chromium/test-failed-1.png
    ────────────────────────────────────────────────────────────────────────────────────────────────

    attachment #2: video (video/webm) ──────────────────────────────────────────────────────────────
    test-results/ui-pages-style-Style-Syste-a8688-ould-have-correct-code-font-chromium/video.webm
    ────────────────────────────────────────────────────────────────────────────────────────────────

    Error Context: test-results/ui-pages-style-Style-Syste-a8688-ould-have-correct-code-font-chromium/error-context.md

    Retry #1 ───────────────────────────────────────────────────────────────────────────────────────

    Error: page.goto: net::ERR_CONNECTION_REFUSED at http://localhost:4000/blog
    Call log:
      - navigating to "http://localhost:4000/blog", waiting until "load"


      158 |     test.describe(`${name} Style`, () => {
      159 |       test.beforeEach(async ({ page }) => {
    > 160 |         await page.goto(path);
          |                    ^
      161 |         // Wait for network idle to ensure styles are applied
      162 |         await page.waitForLoadState("networkidle");
      163 |       });
        at /home/tbaltzakis/cloudless.gr/e2e/ui/pages/style.spec.ts:160:20

    attachment #1: screenshot (image/png) ──────────────────────────────────────────────────────────
    test-results/ui-pages-style-Style-Syste-a8688-ould-have-correct-code-font-chromium-retry1/test-failed-1.png
    ────────────────────────────────────────────────────────────────────────────────────────────────

    attachment #2: video (video/webm) ──────────────────────────────────────────────────────────────
    test-results/ui-pages-style-Style-Syste-a8688-ould-have-correct-code-font-chromium-retry1/video.webm
    ────────────────────────────────────────────────────────────────────────────────────────────────

    Error Context: test-results/ui-pages-style-Style-Syste-a8688-ould-have-correct-code-font-chromium-retry1/error-context.md

    attachment #4: trace (application/zip) ─────────────────────────────────────────────────────────
    test-results/ui-pages-style-Style-Syste-a8688-ould-have-correct-code-font-chromium-retry1/trace.zip
    Usage:

        npx playwright show-trace test-results/ui-pages-style-Style-Syste-a8688-ould-have-correct-code-font-chromium-retry1/trace.zip

    ────────────────────────────────────────────────────────────────────────────────────────────────

  454) [chromium] › e2e/ui/pages/style.spec.ts:185:11 › Style System › Blog Style › should have neon cyan accents 

    Error: page.goto: net::ERR_CONNECTION_REFUSED at http://localhost:4000/blog
    Call log:
      - navigating to "http://localhost:4000/blog", waiting until "load"


      158 |     test.describe(`${name} Style`, () => {
      159 |       test.beforeEach(async ({ page }) => {
    > 160 |         await page.goto(path);
          |                    ^
      161 |         // Wait for network idle to ensure styles are applied
      162 |         await page.waitForLoadState("networkidle");
      163 |       });
        at /home/tbaltzakis/cloudless.gr/e2e/ui/pages/style.spec.ts:160:20

    attachment #1: screenshot (image/png) ──────────────────────────────────────────────────────────
    test-results/ui-pages-style-Style-Syste-31c66-ould-have-neon-cyan-accents-chromium/test-failed-1.png
    ────────────────────────────────────────────────────────────────────────────────────────────────

    attachment #2: video (video/webm) ──────────────────────────────────────────────────────────────
    test-results/ui-pages-style-Style-Syste-31c66-ould-have-neon-cyan-accents-chromium/video.webm
    ────────────────────────────────────────────────────────────────────────────────────────────────

    Error Context: test-results/ui-pages-style-Style-Syste-31c66-ould-have-neon-cyan-accents-chromium/error-context.md

    Retry #1 ───────────────────────────────────────────────────────────────────────────────────────

    Error: page.goto: net::ERR_CONNECTION_REFUSED at http://localhost:4000/blog
    Call log:
      - navigating to "http://localhost:4000/blog", waiting until "load"


      158 |     test.describe(`${name} Style`, () => {
      159 |       test.beforeEach(async ({ page }) => {
    > 160 |         await page.goto(path);
          |                    ^
      161 |         // Wait for network idle to ensure styles are applied
      162 |         await page.waitForLoadState("networkidle");
      163 |       });
        at /home/tbaltzakis/cloudless.gr/e2e/ui/pages/style.spec.ts:160:20

    attachment #1: screenshot (image/png) ──────────────────────────────────────────────────────────
    test-results/ui-pages-style-Style-Syste-31c66-ould-have-neon-cyan-accents-chromium-retry1/test-failed-1.png
    ────────────────────────────────────────────────────────────────────────────────────────────────

    attachment #2: video (video/webm) ──────────────────────────────────────────────────────────────
    test-results/ui-pages-style-Style-Syste-31c66-ould-have-neon-cyan-accents-chromium-retry1/video.webm
    ────────────────────────────────────────────────────────────────────────────────────────────────

    Error Context: test-results/ui-pages-style-Style-Syste-31c66-ould-have-neon-cyan-accents-chromium-retry1/error-context.md

    attachment #4: trace (application/zip) ─────────────────────────────────────────────────────────
    test-results/ui-pages-style-Style-Syste-31c66-ould-have-neon-cyan-accents-chromium-retry1/trace.zip
    Usage:

        npx playwright show-trace test-results/ui-pages-style-Style-Syste-31c66-ould-have-neon-cyan-accents-chromium-retry1/trace.zip

    ────────────────────────────────────────────────────────────────────────────────────────────────

  455) [chromium] › e2e/ui/pages/style.spec.ts:219:11 › Style System › Blog Style › should have neon magenta accents 

    Error: page.goto: net::ERR_CONNECTION_REFUSED at http://localhost:4000/blog
    Call log:
      - navigating to "http://localhost:4000/blog", waiting until "load"


      158 |     test.describe(`${name} Style`, () => {
      159 |       test.beforeEach(async ({ page }) => {
    > 160 |         await page.goto(path);
          |                    ^
      161 |         // Wait for network idle to ensure styles are applied
      162 |         await page.waitForLoadState("networkidle");
      163 |       });
        at /home/tbaltzakis/cloudless.gr/e2e/ui/pages/style.spec.ts:160:20

    attachment #1: screenshot (image/png) ──────────────────────────────────────────────────────────
    test-results/ui-pages-style-Style-Syste-dfe73-d-have-neon-magenta-accents-chromium/test-failed-1.png
    ────────────────────────────────────────────────────────────────────────────────────────────────

    attachment #2: video (video/webm) ──────────────────────────────────────────────────────────────
    test-results/ui-pages-style-Style-Syste-dfe73-d-have-neon-magenta-accents-chromium/video.webm
    ────────────────────────────────────────────────────────────────────────────────────────────────

    Error Context: test-results/ui-pages-style-Style-Syste-dfe73-d-have-neon-magenta-accents-chromium/error-context.md

    Retry #1 ───────────────────────────────────────────────────────────────────────────────────────

    Error: page.goto: net::ERR_CONNECTION_REFUSED at http://localhost:4000/blog
    Call log:
      - navigating to "http://localhost:4000/blog", waiting until "load"


      158 |     test.describe(`${name} Style`, () => {
      159 |       test.beforeEach(async ({ page }) => {
    > 160 |         await page.goto(path);
          |                    ^
      161 |         // Wait for network idle to ensure styles are applied
      162 |         await page.waitForLoadState("networkidle");
      163 |       });
        at /home/tbaltzakis/cloudless.gr/e2e/ui/pages/style.spec.ts:160:20

    attachment #1: screenshot (image/png) ──────────────────────────────────────────────────────────
    test-results/ui-pages-style-Style-Syste-dfe73-d-have-neon-magenta-accents-chromium-retry1/test-failed-1.png
    ────────────────────────────────────────────────────────────────────────────────────────────────

    attachment #2: video (video/webm) ──────────────────────────────────────────────────────────────
    test-results/ui-pages-style-Style-Syste-dfe73-d-have-neon-magenta-accents-chromium-retry1/video.webm
    ────────────────────────────────────────────────────────────────────────────────────────────────

    Error Context: test-results/ui-pages-style-Style-Syste-dfe73-d-have-neon-magenta-accents-chromium-retry1/error-context.md

    attachment #4: trace (application/zip) ─────────────────────────────────────────────────────────
    test-results/ui-pages-style-Style-Syste-dfe73-d-have-neon-magenta-accents-chromium-retry1/trace.zip
    Usage:

        npx playwright show-trace test-results/ui-pages-style-Style-Syste-dfe73-d-have-neon-magenta-accents-chromium-retry1/trace.zip

    ────────────────────────────────────────────────────────────────────────────────────────────────

  456) [chromium] › e2e/ui/pages/style.spec.ts:248:11 › Style System › Blog Style › should have neon green accents 

    Error: page.goto: net::ERR_CONNECTION_REFUSED at http://localhost:4000/blog
    Call log:
      - navigating to "http://localhost:4000/blog", waiting until "load"


      158 |     test.describe(`${name} Style`, () => {
      159 |       test.beforeEach(async ({ page }) => {
    > 160 |         await page.goto(path);
          |                    ^
      161 |         // Wait for network idle to ensure styles are applied
      162 |         await page.waitForLoadState("networkidle");
      163 |       });
        at /home/tbaltzakis/cloudless.gr/e2e/ui/pages/style.spec.ts:160:20

    attachment #1: screenshot (image/png) ──────────────────────────────────────────────────────────
    test-results/ui-pages-style-Style-Syste-c10bb-uld-have-neon-green-accents-chromium/test-failed-1.png
    ────────────────────────────────────────────────────────────────────────────────────────────────

    attachment #2: video (video/webm) ──────────────────────────────────────────────────────────────
    test-results/ui-pages-style-Style-Syste-c10bb-uld-have-neon-green-accents-chromium/video.webm
    ────────────────────────────────────────────────────────────────────────────────────────────────

    Error Context: test-results/ui-pages-style-Style-Syste-c10bb-uld-have-neon-green-accents-chromium/error-context.md

    Retry #1 ───────────────────────────────────────────────────────────────────────────────────────

    Error: page.goto: net::ERR_CONNECTION_REFUSED at http://localhost:4000/blog
    Call log:
      - navigating to "http://localhost:4000/blog", waiting until "load"


      158 |     test.describe(`${name} Style`, () => {
      159 |       test.beforeEach(async ({ page }) => {
    > 160 |         await page.goto(path);
          |                    ^
      161 |         // Wait for network idle to ensure styles are applied
      162 |         await page.waitForLoadState("networkidle");
      163 |       });
        at /home/tbaltzakis/cloudless.gr/e2e/ui/pages/style.spec.ts:160:20

    attachment #1: screenshot (image/png) ──────────────────────────────────────────────────────────
    test-results/ui-pages-style-Style-Syste-c10bb-uld-have-neon-green-accents-chromium-retry1/test-failed-1.png
    ────────────────────────────────────────────────────────────────────────────────────────────────

    attachment #2: video (video/webm) ──────────────────────────────────────────────────────────────
    test-results/ui-pages-style-Style-Syste-c10bb-uld-have-neon-green-accents-chromium-retry1/video.webm
    ────────────────────────────────────────────────────────────────────────────────────────────────

    Error Context: test-results/ui-pages-style-Style-Syste-c10bb-uld-have-neon-green-accents-chromium-retry1/error-context.md

    attachment #4: trace (application/zip) ─────────────────────────────────────────────────────────
    test-results/ui-pages-style-Style-Syste-c10bb-uld-have-neon-green-accents-chromium-retry1/trace.zip
    Usage:

        npx playwright show-trace test-results/ui-pages-style-Style-Syste-c10bb-uld-have-neon-green-accents-chromium-retry1/trace.zip

    ────────────────────────────────────────────────────────────────────────────────────────────────

  457) [chromium] › e2e/ui/pages/style.spec.ts:276:11 › Style System › Blog Style › should have neon blue accents 

    Error: page.goto: net::ERR_CONNECTION_REFUSED at http://localhost:4000/blog
    Call log:
      - navigating to "http://localhost:4000/blog", waiting until "load"


      158 |     test.describe(`${name} Style`, () => {
      159 |       test.beforeEach(async ({ page }) => {
    > 160 |         await page.goto(path);
          |                    ^
      161 |         // Wait for network idle to ensure styles are applied
      162 |         await page.waitForLoadState("networkidle");
      163 |       });
        at /home/tbaltzakis/cloudless.gr/e2e/ui/pages/style.spec.ts:160:20

    attachment #1: screenshot (image/png) ──────────────────────────────────────────────────────────
    test-results/ui-pages-style-Style-Syste-b3b28-ould-have-neon-blue-accents-chromium/test-failed-1.png
    ────────────────────────────────────────────────────────────────────────────────────────────────

    attachment #2: video (video/webm) ──────────────────────────────────────────────────────────────
    test-results/ui-pages-style-Style-Syste-b3b28-ould-have-neon-blue-accents-chromium/video.webm
    ────────────────────────────────────────────────────────────────────────────────────────────────

    Error Context: test-results/ui-pages-style-Style-Syste-b3b28-ould-have-neon-blue-accents-chromium/error-context.md

    Retry #1 ───────────────────────────────────────────────────────────────────────────────────────

    Error: page.goto: net::ERR_CONNECTION_REFUSED at http://localhost:4000/blog
    Call log:
      - navigating to "http://localhost:4000/blog", waiting until "load"


      158 |     test.describe(`${name} Style`, () => {
      159 |       test.beforeEach(async ({ page }) => {
    > 160 |         await page.goto(path);
          |                    ^
      161 |         // Wait for network idle to ensure styles are applied
      162 |         await page.waitForLoadState("networkidle");
      163 |       });
        at /home/tbaltzakis/cloudless.gr/e2e/ui/pages/style.spec.ts:160:20

    attachment #1: screenshot (image/png) ──────────────────────────────────────────────────────────
    test-results/ui-pages-style-Style-Syste-b3b28-ould-have-neon-blue-accents-chromium-retry1/test-failed-1.png
    ────────────────────────────────────────────────────────────────────────────────────────────────

    attachment #2: video (video/webm) ──────────────────────────────────────────────────────────────
    test-results/ui-pages-style-Style-Syste-b3b28-ould-have-neon-blue-accents-chromium-retry1/video.webm
    ────────────────────────────────────────────────────────────────────────────────────────────────

    Error Context: test-results/ui-pages-style-Style-Syste-b3b28-ould-have-neon-blue-accents-chromium-retry1/error-context.md

    attachment #4: trace (application/zip) ─────────────────────────────────────────────────────────
    test-results/ui-pages-style-Style-Syste-b3b28-ould-have-neon-blue-accents-chromium-retry1/trace.zip
    Usage:

        npx playwright show-trace test-results/ui-pages-style-Style-Syste-b3b28-ould-have-neon-blue-accents-chromium-retry1/trace.zip

    ────────────────────────────────────────────────────────────────────────────────────────────────

  458) [chromium] › e2e/ui/pages/style.spec.ts:306:15 › Style System › Blog Style › Effects › should have scanlines effect applied 

    Error: page.goto: net::ERR_CONNECTION_REFUSED at http://localhost:4000/blog
    Call log:
      - navigating to "http://localhost:4000/blog", waiting until "load"


      158 |     test.describe(`${name} Style`, () => {
      159 |       test.beforeEach(async ({ page }) => {
    > 160 |         await page.goto(path);
          |                    ^
      161 |         // Wait for network idle to ensure styles are applied
      162 |         await page.waitForLoadState("networkidle");
      163 |       });
        at /home/tbaltzakis/cloudless.gr/e2e/ui/pages/style.spec.ts:160:20

    attachment #1: screenshot (image/png) ──────────────────────────────────────────────────────────
    test-results/ui-pages-style-Style-Syste-95efa-ve-scanlines-effect-applied-chromium/test-failed-1.png
    ────────────────────────────────────────────────────────────────────────────────────────────────

    attachment #2: video (video/webm) ──────────────────────────────────────────────────────────────
    test-results/ui-pages-style-Style-Syste-95efa-ve-scanlines-effect-applied-chromium/video.webm
    ────────────────────────────────────────────────────────────────────────────────────────────────

    Error Context: test-results/ui-pages-style-Style-Syste-95efa-ve-scanlines-effect-applied-chromium/error-context.md

    Retry #1 ───────────────────────────────────────────────────────────────────────────────────────

    Error: page.goto: net::ERR_CONNECTION_REFUSED at http://localhost:4000/blog
    Call log:
      - navigating to "http://localhost:4000/blog", waiting until "load"


      158 |     test.describe(`${name} Style`, () => {
      159 |       test.beforeEach(async ({ page }) => {
    > 160 |         await page.goto(path);
          |                    ^
      161 |         // Wait for network idle to ensure styles are applied
      162 |         await page.waitForLoadState("networkidle");
      163 |       });
        at /home/tbaltzakis/cloudless.gr/e2e/ui/pages/style.spec.ts:160:20

    attachment #1: screenshot (image/png) ──────────────────────────────────────────────────────────
    test-results/ui-pages-style-Style-Syste-95efa-ve-scanlines-effect-applied-chromium-retry1/test-failed-1.png
    ────────────────────────────────────────────────────────────────────────────────────────────────

    attachment #2: video (video/webm) ──────────────────────────────────────────────────────────────
    test-results/ui-pages-style-Style-Syste-95efa-ve-scanlines-effect-applied-chromium-retry1/video.webm
    ────────────────────────────────────────────────────────────────────────────────────────────────

    Error Context: test-results/ui-pages-style-Style-Syste-95efa-ve-scanlines-effect-applied-chromium-retry1/error-context.md

    attachment #4: trace (application/zip) ─────────────────────────────────────────────────────────
    test-results/ui-pages-style-Style-Syste-95efa-ve-scanlines-effect-applied-chromium-retry1/trace.zip
    Usage:

        npx playwright show-trace test-results/ui-pages-style-Style-Syste-95efa-ve-scanlines-effect-applied-chromium-retry1/trace.zip

    ────────────────────────────────────────────────────────────────────────────────────────────────

  459) [chromium] › e2e/ui/pages/style.spec.ts:306:15 › Style System › Blog Style › Effects › should have cyber-grid effect applied 

    Error: page.goto: net::ERR_CONNECTION_REFUSED at http://localhost:4000/blog
    Call log:
      - navigating to "http://localhost:4000/blog", waiting until "load"


      158 |     test.describe(`${name} Style`, () => {
      159 |       test.beforeEach(async ({ page }) => {
    > 160 |         await page.goto(path);
          |                    ^
      161 |         // Wait for network idle to ensure styles are applied
      162 |         await page.waitForLoadState("networkidle");
      163 |       });
        at /home/tbaltzakis/cloudless.gr/e2e/ui/pages/style.spec.ts:160:20

    attachment #1: screenshot (image/png) ──────────────────────────────────────────────────────────
    test-results/ui-pages-style-Style-Syste-e6a12-e-cyber-grid-effect-applied-chromium/test-failed-1.png
    ────────────────────────────────────────────────────────────────────────────────────────────────

    attachment #2: video (video/webm) ──────────────────────────────────────────────────────────────
    test-results/ui-pages-style-Style-Syste-e6a12-e-cyber-grid-effect-applied-chromium/video.webm
    ────────────────────────────────────────────────────────────────────────────────────────────────

    Error Context: test-results/ui-pages-style-Style-Syste-e6a12-e-cyber-grid-effect-applied-chromium/error-context.md

    Retry #1 ───────────────────────────────────────────────────────────────────────────────────────

    Error: page.goto: net::ERR_CONNECTION_REFUSED at http://localhost:4000/blog
    Call log:
      - navigating to "http://localhost:4000/blog", waiting until "load"


      158 |     test.describe(`${name} Style`, () => {
      159 |       test.beforeEach(async ({ page }) => {
    > 160 |         await page.goto(path);
          |                    ^
      161 |         // Wait for network idle to ensure styles are applied
      162 |         await page.waitForLoadState("networkidle");
      163 |       });
        at /home/tbaltzakis/cloudless.gr/e2e/ui/pages/style.spec.ts:160:20

    attachment #1: screenshot (image/png) ──────────────────────────────────────────────────────────
    test-results/ui-pages-style-Style-Syste-e6a12-e-cyber-grid-effect-applied-chromium-retry1/test-failed-1.png
    ────────────────────────────────────────────────────────────────────────────────────────────────

    attachment #2: video (video/webm) ──────────────────────────────────────────────────────────────
    test-results/ui-pages-style-Style-Syste-e6a12-e-cyber-grid-effect-applied-chromium-retry1/video.webm
    ────────────────────────────────────────────────────────────────────────────────────────────────

    Error Context: test-results/ui-pages-style-Style-Syste-e6a12-e-cyber-grid-effect-applied-chromium-retry1/error-context.md

    attachment #4: trace (application/zip) ─────────────────────────────────────────────────────────
    test-results/ui-pages-style-Style-Syste-e6a12-e-cyber-grid-effect-applied-chromium-retry1/trace.zip
    Usage:

        npx playwright show-trace test-results/ui-pages-style-Style-Syste-e6a12-e-cyber-grid-effect-applied-chromium-retry1/trace.zip

    ────────────────────────────────────────────────────────────────────────────────────────────────

  460) [chromium] › e2e/ui/pages/style.spec.ts:306:15 › Style System › Blog Style › Effects › should have neon-border effect applied 

    Error: page.goto: net::ERR_CONNECTION_REFUSED at http://localhost:4000/blog
    Call log:
      - navigating to "http://localhost:4000/blog", waiting until "load"


      158 |     test.describe(`${name} Style`, () => {
      159 |       test.beforeEach(async ({ page }) => {
    > 160 |         await page.goto(path);
          |                    ^
      161 |         // Wait for network idle to ensure styles are applied
      162 |         await page.waitForLoadState("networkidle");
      163 |       });
        at /home/tbaltzakis/cloudless.gr/e2e/ui/pages/style.spec.ts:160:20

    attachment #1: screenshot (image/png) ──────────────────────────────────────────────────────────
    test-results/ui-pages-style-Style-Syste-55867--neon-border-effect-applied-chromium/test-failed-1.png
    ────────────────────────────────────────────────────────────────────────────────────────────────

    attachment #2: video (video/webm) ──────────────────────────────────────────────────────────────
    test-results/ui-pages-style-Style-Syste-55867--neon-border-effect-applied-chromium/video.webm
    ────────────────────────────────────────────────────────────────────────────────────────────────

    Error Context: test-results/ui-pages-style-Style-Syste-55867--neon-border-effect-applied-chromium/error-context.md

    Retry #1 ───────────────────────────────────────────────────────────────────────────────────────

    Error: page.goto: net::ERR_CONNECTION_REFUSED at http://localhost:4000/blog
    Call log:
      - navigating to "http://localhost:4000/blog", waiting until "load"


      158 |     test.describe(`${name} Style`, () => {
      159 |       test.beforeEach(async ({ page }) => {
    > 160 |         await page.goto(path);
          |                    ^
      161 |         // Wait for network idle to ensure styles are applied
      162 |         await page.waitForLoadState("networkidle");
      163 |       });
        at /home/tbaltzakis/cloudless.gr/e2e/ui/pages/style.spec.ts:160:20

    attachment #1: screenshot (image/png) ──────────────────────────────────────────────────────────
    test-results/ui-pages-style-Style-Syste-55867--neon-border-effect-applied-chromium-retry1/test-failed-1.png
    ────────────────────────────────────────────────────────────────────────────────────────────────

    attachment #2: video (video/webm) ──────────────────────────────────────────────────────────────
    test-results/ui-pages-style-Style-Syste-55867--neon-border-effect-applied-chromium-retry1/video.webm
    ────────────────────────────────────────────────────────────────────────────────────────────────

    Error Context: test-results/ui-pages-style-Style-Syste-55867--neon-border-effect-applied-chromium-retry1/error-context.md

    attachment #4: trace (application/zip) ─────────────────────────────────────────────────────────
    test-results/ui-pages-style-Style-Syste-55867--neon-border-effect-applied-chromium-retry1/trace.zip
    Usage:

        npx playwright show-trace test-results/ui-pages-style-Style-Syste-55867--neon-border-effect-applied-chromium-retry1/trace.zip

    ────────────────────────────────────────────────────────────────────────────────────────────────

  461) [chromium] › e2e/ui/pages/style.spec.ts:306:15 › Style System › Blog Style › Effects › should have glow-cyan effect applied 

    Error: page.goto: net::ERR_CONNECTION_REFUSED at http://localhost:4000/blog
    Call log:
      - navigating to "http://localhost:4000/blog", waiting until "load"


      158 |     test.describe(`${name} Style`, () => {
      159 |       test.beforeEach(async ({ page }) => {
    > 160 |         await page.goto(path);
          |                    ^
      161 |         // Wait for network idle to ensure styles are applied
      162 |         await page.waitForLoadState("networkidle");
      163 |       });
        at /home/tbaltzakis/cloudless.gr/e2e/ui/pages/style.spec.ts:160:20

    attachment #1: screenshot (image/png) ──────────────────────────────────────────────────────────
    test-results/ui-pages-style-Style-Syste-af799-ve-glow-cyan-effect-applied-chromium/test-failed-1.png
    ────────────────────────────────────────────────────────────────────────────────────────────────

    attachment #2: video (video/webm) ──────────────────────────────────────────────────────────────
    test-results/ui-pages-style-Style-Syste-af799-ve-glow-cyan-effect-applied-chromium/video.webm
    ────────────────────────────────────────────────────────────────────────────────────────────────

    Error Context: test-results/ui-pages-style-Style-Syste-af799-ve-glow-cyan-effect-applied-chromium/error-context.md

    Retry #1 ───────────────────────────────────────────────────────────────────────────────────────

    Error: page.goto: net::ERR_CONNECTION_REFUSED at http://localhost:4000/blog
    Call log:
      - navigating to "http://localhost:4000/blog", waiting until "load"


      158 |     test.describe(`${name} Style`, () => {
      159 |       test.beforeEach(async ({ page }) => {
    > 160 |         await page.goto(path);
          |                    ^
      161 |         // Wait for network idle to ensure styles are applied
      162 |         await page.waitForLoadState("networkidle");
      163 |       });
        at /home/tbaltzakis/cloudless.gr/e2e/ui/pages/style.spec.ts:160:20

    attachment #1: screenshot (image/png) ──────────────────────────────────────────────────────────
    test-results/ui-pages-style-Style-Syste-af799-ve-glow-cyan-effect-applied-chromium-retry1/test-failed-1.png
    ────────────────────────────────────────────────────────────────────────────────────────────────

    attachment #2: video (video/webm) ──────────────────────────────────────────────────────────────
    test-results/ui-pages-style-Style-Syste-af799-ve-glow-cyan-effect-applied-chromium-retry1/video.webm
    ────────────────────────────────────────────────────────────────────────────────────────────────

    Error Context: test-results/ui-pages-style-Style-Syste-af799-ve-glow-cyan-effect-applied-chromium-retry1/error-context.md

    attachment #4: trace (application/zip) ─────────────────────────────────────────────────────────
    test-results/ui-pages-style-Style-Syste-af799-ve-glow-cyan-effect-applied-chromium-retry1/trace.zip
    Usage:

        npx playwright show-trace test-results/ui-pages-style-Style-Syste-af799-ve-glow-cyan-effect-applied-chromium-retry1/trace.zip

    ────────────────────────────────────────────────────────────────────────────────────────────────

  462) [chromium] › e2e/ui/pages/style.spec.ts:306:15 › Style System › Blog Style › Effects › should have dot-matrix effect applied 

    Error: page.goto: net::ERR_CONNECTION_REFUSED at http://localhost:4000/blog
    Call log:
      - navigating to "http://localhost:4000/blog", waiting until "load"


      158 |     test.describe(`${name} Style`, () => {
      159 |       test.beforeEach(async ({ page }) => {
    > 160 |         await page.goto(path);
          |                    ^
      161 |         // Wait for network idle to ensure styles are applied
      162 |         await page.waitForLoadState("networkidle");
      163 |       });
        at /home/tbaltzakis/cloudless.gr/e2e/ui/pages/style.spec.ts:160:20

    attachment #1: screenshot (image/png) ──────────────────────────────────────────────────────────
    test-results/ui-pages-style-Style-Syste-67b28-e-dot-matrix-effect-applied-chromium/test-failed-1.png
    ────────────────────────────────────────────────────────────────────────────────────────────────

    attachment #2: video (video/webm) ──────────────────────────────────────────────────────────────
    test-results/ui-pages-style-Style-Syste-67b28-e-dot-matrix-effect-applied-chromium/video.webm
    ────────────────────────────────────────────────────────────────────────────────────────────────

    Error Context: test-results/ui-pages-style-Style-Syste-67b28-e-dot-matrix-effect-applied-chromium/error-context.md

    Retry #1 ───────────────────────────────────────────────────────────────────────────────────────

    Error: page.goto: net::ERR_CONNECTION_REFUSED at http://localhost:4000/blog
    Call log:
      - navigating to "http://localhost:4000/blog", waiting until "load"


      158 |     test.describe(`${name} Style`, () => {
      159 |       test.beforeEach(async ({ page }) => {
    > 160 |         await page.goto(path);
          |                    ^
      161 |         // Wait for network idle to ensure styles are applied
      162 |         await page.waitForLoadState("networkidle");
      163 |       });
        at /home/tbaltzakis/cloudless.gr/e2e/ui/pages/style.spec.ts:160:20

    attachment #1: screenshot (image/png) ──────────────────────────────────────────────────────────
    test-results/ui-pages-style-Style-Syste-67b28-e-dot-matrix-effect-applied-chromium-retry1/test-failed-1.png
    ────────────────────────────────────────────────────────────────────────────────────────────────

    attachment #2: video (video/webm) ──────────────────────────────────────────────────────────────
    test-results/ui-pages-style-Style-Syste-67b28-e-dot-matrix-effect-applied-chromium-retry1/video.webm
    ────────────────────────────────────────────────────────────────────────────────────────────────

    Error Context: test-results/ui-pages-style-Style-Syste-67b28-e-dot-matrix-effect-applied-chromium-retry1/error-context.md

    attachment #4: trace (application/zip) ─────────────────────────────────────────────────────────
    test-results/ui-pages-style-Style-Syste-67b28-e-dot-matrix-effect-applied-chromium-retry1/trace.zip
    Usage:

        npx playwright show-trace test-results/ui-pages-style-Style-Syste-67b28-e-dot-matrix-effect-applied-chromium-retry1/trace.zip

    ────────────────────────────────────────────────────────────────────────────────────────────────

  463) [chromium] › e2e/ui/pages/style.spec.ts:313:13 › Style System › Blog Style › Hover States › should show neon cyan on hover for interactive elements 

    Error: page.goto: net::ERR_CONNECTION_REFUSED at http://localhost:4000/blog
    Call log:
      - navigating to "http://localhost:4000/blog", waiting until "load"


      158 |     test.describe(`${name} Style`, () => {
      159 |       test.beforeEach(async ({ page }) => {
    > 160 |         await page.goto(path);
          |                    ^
      161 |         // Wait for network idle to ensure styles are applied
      162 |         await page.waitForLoadState("networkidle");
      163 |       });
        at /home/tbaltzakis/cloudless.gr/e2e/ui/pages/style.spec.ts:160:20

    attachment #1: screenshot (image/png) ──────────────────────────────────────────────────────────
    test-results/ui-pages-style-Style-Syste-4e405-er-for-interactive-elements-chromium/test-failed-1.png
    ────────────────────────────────────────────────────────────────────────────────────────────────

    attachment #2: video (video/webm) ──────────────────────────────────────────────────────────────
    test-results/ui-pages-style-Style-Syste-4e405-er-for-interactive-elements-chromium/video.webm
    ────────────────────────────────────────────────────────────────────────────────────────────────

    Error Context: test-results/ui-pages-style-Style-Syste-4e405-er-for-interactive-elements-chromium/error-context.md

    Retry #1 ───────────────────────────────────────────────────────────────────────────────────────

    Error: page.goto: net::ERR_CONNECTION_REFUSED at http://localhost:4000/blog
    Call log:
      - navigating to "http://localhost:4000/blog", waiting until "load"


      158 |     test.describe(`${name} Style`, () => {
      159 |       test.beforeEach(async ({ page }) => {
    > 160 |         await page.goto(path);
          |                    ^
      161 |         // Wait for network idle to ensure styles are applied
      162 |         await page.waitForLoadState("networkidle");
      163 |       });
        at /home/tbaltzakis/cloudless.gr/e2e/ui/pages/style.spec.ts:160:20

    attachment #1: screenshot (image/png) ──────────────────────────────────────────────────────────
    test-results/ui-pages-style-Style-Syste-4e405-er-for-interactive-elements-chromium-retry1/test-failed-1.png
    ────────────────────────────────────────────────────────────────────────────────────────────────

    attachment #2: video (video/webm) ──────────────────────────────────────────────────────────────
    test-results/ui-pages-style-Style-Syste-4e405-er-for-interactive-elements-chromium-retry1/video.webm
    ────────────────────────────────────────────────────────────────────────────────────────────────

    Error Context: test-results/ui-pages-style-Style-Syste-4e405-er-for-interactive-elements-chromium-retry1/error-context.md

    attachment #4: trace (application/zip) ─────────────────────────────────────────────────────────
    test-results/ui-pages-style-Style-Syste-4e405-er-for-interactive-elements-chromium-retry1/trace.zip
    Usage:

        npx playwright show-trace test-results/ui-pages-style-Style-Syste-4e405-er-for-interactive-elements-chromium-retry1/trace.zip

    ────────────────────────────────────────────────────────────────────────────────────────────────

  464) [chromium] › e2e/ui/pages/style.spec.ts:165:11 › Style System › Contact Style › should have void background color 

    Error: page.goto: net::ERR_CONNECTION_REFUSED at http://localhost:4000/contact
    Call log:
      - navigating to "http://localhost:4000/contact", waiting until "load"


      158 |     test.describe(`${name} Style`, () => {
      159 |       test.beforeEach(async ({ page }) => {
    > 160 |         await page.goto(path);
          |                    ^
      161 |         // Wait for network idle to ensure styles are applied
      162 |         await page.waitForLoadState("networkidle");
      163 |       });
        at /home/tbaltzakis/cloudless.gr/e2e/ui/pages/style.spec.ts:160:20

    attachment #1: screenshot (image/png) ──────────────────────────────────────────────────────────
    test-results/ui-pages-style-Style-Syste-eacb5--have-void-background-color-chromium/test-failed-1.png
    ────────────────────────────────────────────────────────────────────────────────────────────────

    attachment #2: video (video/webm) ──────────────────────────────────────────────────────────────
    test-results/ui-pages-style-Style-Syste-eacb5--have-void-background-color-chromium/video.webm
    ────────────────────────────────────────────────────────────────────────────────────────────────

    Error Context: test-results/ui-pages-style-Style-Syste-eacb5--have-void-background-color-chromium/error-context.md

    Retry #1 ───────────────────────────────────────────────────────────────────────────────────────

    Error: page.goto: net::ERR_CONNECTION_REFUSED at http://localhost:4000/contact
    Call log:
      - navigating to "http://localhost:4000/contact", waiting until "load"


      158 |     test.describe(`${name} Style`, () => {
      159 |       test.beforeEach(async ({ page }) => {
    > 160 |         await page.goto(path);
          |                    ^
      161 |         // Wait for network idle to ensure styles are applied
      162 |         await page.waitForLoadState("networkidle");
      163 |       });
        at /home/tbaltzakis/cloudless.gr/e2e/ui/pages/style.spec.ts:160:20

    attachment #1: screenshot (image/png) ──────────────────────────────────────────────────────────
    test-results/ui-pages-style-Style-Syste-eacb5--have-void-background-color-chromium-retry1/test-failed-1.png
    ────────────────────────────────────────────────────────────────────────────────────────────────

    attachment #2: video (video/webm) ──────────────────────────────────────────────────────────────
    test-results/ui-pages-style-Style-Syste-eacb5--have-void-background-color-chromium-retry1/video.webm
    ────────────────────────────────────────────────────────────────────────────────────────────────

    Error Context: test-results/ui-pages-style-Style-Syste-eacb5--have-void-background-color-chromium-retry1/error-context.md

    attachment #4: trace (application/zip) ─────────────────────────────────────────────────────────
    test-results/ui-pages-style-Style-Syste-eacb5--have-void-background-color-chromium-retry1/trace.zip
    Usage:

        npx playwright show-trace test-results/ui-pages-style-Style-Syste-eacb5--have-void-background-color-chromium-retry1/trace.zip

    ────────────────────────────────────────────────────────────────────────────────────────────────

  465) [chromium] › e2e/ui/pages/style.spec.ts:170:11 › Style System › Contact Style › should have correct heading font 

    Error: page.goto: net::ERR_CONNECTION_REFUSED at http://localhost:4000/contact
    Call log:
      - navigating to "http://localhost:4000/contact", waiting until "load"


      158 |     test.describe(`${name} Style`, () => {
      159 |       test.beforeEach(async ({ page }) => {
    > 160 |         await page.goto(path);
          |                    ^
      161 |         // Wait for network idle to ensure styles are applied
      162 |         await page.waitForLoadState("networkidle");
      163 |       });
        at /home/tbaltzakis/cloudless.gr/e2e/ui/pages/style.spec.ts:160:20

    attachment #1: screenshot (image/png) ──────────────────────────────────────────────────────────
    test-results/ui-pages-style-Style-Syste-17274-d-have-correct-heading-font-chromium/test-failed-1.png
    ────────────────────────────────────────────────────────────────────────────────────────────────

    attachment #2: video (video/webm) ──────────────────────────────────────────────────────────────
    test-results/ui-pages-style-Style-Syste-17274-d-have-correct-heading-font-chromium/video.webm
    ────────────────────────────────────────────────────────────────────────────────────────────────

    Error Context: test-results/ui-pages-style-Style-Syste-17274-d-have-correct-heading-font-chromium/error-context.md

    Retry #1 ───────────────────────────────────────────────────────────────────────────────────────

    Error: page.goto: net::ERR_CONNECTION_REFUSED at http://localhost:4000/contact
    Call log:
      - navigating to "http://localhost:4000/contact", waiting until "load"


      158 |     test.describe(`${name} Style`, () => {
      159 |       test.beforeEach(async ({ page }) => {
    > 160 |         await page.goto(path);
          |                    ^
      161 |         // Wait for network idle to ensure styles are applied
      162 |         await page.waitForLoadState("networkidle");
      163 |       });
        at /home/tbaltzakis/cloudless.gr/e2e/ui/pages/style.spec.ts:160:20

    attachment #1: screenshot (image/png) ──────────────────────────────────────────────────────────
    test-results/ui-pages-style-Style-Syste-17274-d-have-correct-heading-font-chromium-retry1/test-failed-1.png
    ────────────────────────────────────────────────────────────────────────────────────────────────

    attachment #2: video (video/webm) ──────────────────────────────────────────────────────────────
    test-results/ui-pages-style-Style-Syste-17274-d-have-correct-heading-font-chromium-retry1/video.webm
    ────────────────────────────────────────────────────────────────────────────────────────────────

    Error Context: test-results/ui-pages-style-Style-Syste-17274-d-have-correct-heading-font-chromium-retry1/error-context.md

    attachment #4: trace (application/zip) ─────────────────────────────────────────────────────────
    test-results/ui-pages-style-Style-Syste-17274-d-have-correct-heading-font-chromium-retry1/trace.zip
    Usage:

        npx playwright show-trace test-results/ui-pages-style-Style-Syste-17274-d-have-correct-heading-font-chromium-retry1/trace.zip

    ────────────────────────────────────────────────────────────────────────────────────────────────

  466) [chromium] › e2e/ui/pages/style.spec.ts:175:11 › Style System › Contact Style › should have correct body font 

    Error: page.goto: net::ERR_CONNECTION_REFUSED at http://localhost:4000/contact
    Call log:
      - navigating to "http://localhost:4000/contact", waiting until "load"


      158 |     test.describe(`${name} Style`, () => {
      159 |       test.beforeEach(async ({ page }) => {
    > 160 |         await page.goto(path);
          |                    ^
      161 |         // Wait for network idle to ensure styles are applied
      162 |         await page.waitForLoadState("networkidle");
      163 |       });
        at /home/tbaltzakis/cloudless.gr/e2e/ui/pages/style.spec.ts:160:20

    attachment #1: screenshot (image/png) ──────────────────────────────────────────────────────────
    test-results/ui-pages-style-Style-Syste-deb07-ould-have-correct-body-font-chromium/test-failed-1.png
    ────────────────────────────────────────────────────────────────────────────────────────────────

    attachment #2: video (video/webm) ──────────────────────────────────────────────────────────────
    test-results/ui-pages-style-Style-Syste-deb07-ould-have-correct-body-font-chromium/video.webm
    ────────────────────────────────────────────────────────────────────────────────────────────────

    Error Context: test-results/ui-pages-style-Style-Syste-deb07-ould-have-correct-body-font-chromium/error-context.md

    Retry #1 ───────────────────────────────────────────────────────────────────────────────────────

    Error: page.goto: net::ERR_CONNECTION_REFUSED at http://localhost:4000/contact
    Call log:
      - navigating to "http://localhost:4000/contact", waiting until "load"


      158 |     test.describe(`${name} Style`, () => {
      159 |       test.beforeEach(async ({ page }) => {
    > 160 |         await page.goto(path);
          |                    ^
      161 |         // Wait for network idle to ensure styles are applied
      162 |         await page.waitForLoadState("networkidle");
      163 |       });
        at /home/tbaltzakis/cloudless.gr/e2e/ui/pages/style.spec.ts:160:20

    attachment #1: screenshot (image/png) ──────────────────────────────────────────────────────────
    test-results/ui-pages-style-Style-Syste-deb07-ould-have-correct-body-font-chromium-retry1/test-failed-1.png
    ────────────────────────────────────────────────────────────────────────────────────────────────

    attachment #2: video (video/webm) ──────────────────────────────────────────────────────────────
    test-results/ui-pages-style-Style-Syste-deb07-ould-have-correct-body-font-chromium-retry1/video.webm
    ────────────────────────────────────────────────────────────────────────────────────────────────

    Error Context: test-results/ui-pages-style-Style-Syste-deb07-ould-have-correct-body-font-chromium-retry1/error-context.md

    attachment #4: trace (application/zip) ─────────────────────────────────────────────────────────
    test-results/ui-pages-style-Style-Syste-deb07-ould-have-correct-body-font-chromium-retry1/trace.zip
    Usage:

        npx playwright show-trace test-results/ui-pages-style-Style-Syste-deb07-ould-have-correct-body-font-chromium-retry1/trace.zip

    ────────────────────────────────────────────────────────────────────────────────────────────────

  467) [chromium] › e2e/ui/pages/style.spec.ts:180:11 › Style System › Contact Style › should have correct code font 

    Error: page.goto: net::ERR_CONNECTION_REFUSED at http://localhost:4000/contact
    Call log:
      - navigating to "http://localhost:4000/contact", waiting until "load"


      158 |     test.describe(`${name} Style`, () => {
      159 |       test.beforeEach(async ({ page }) => {
    > 160 |         await page.goto(path);
          |                    ^
      161 |         // Wait for network idle to ensure styles are applied
      162 |         await page.waitForLoadState("networkidle");
      163 |       });
        at /home/tbaltzakis/cloudless.gr/e2e/ui/pages/style.spec.ts:160:20

    attachment #1: screenshot (image/png) ──────────────────────────────────────────────────────────
    test-results/ui-pages-style-Style-Syste-9b6b9-ould-have-correct-code-font-chromium/test-failed-1.png
    ────────────────────────────────────────────────────────────────────────────────────────────────

    attachment #2: video (video/webm) ──────────────────────────────────────────────────────────────
    test-results/ui-pages-style-Style-Syste-9b6b9-ould-have-correct-code-font-chromium/video.webm
    ────────────────────────────────────────────────────────────────────────────────────────────────

    Error Context: test-results/ui-pages-style-Style-Syste-9b6b9-ould-have-correct-code-font-chromium/error-context.md

    Retry #1 ───────────────────────────────────────────────────────────────────────────────────────

    Error: page.goto: net::ERR_CONNECTION_REFUSED at http://localhost:4000/contact
    Call log:
      - navigating to "http://localhost:4000/contact", waiting until "load"


      158 |     test.describe(`${name} Style`, () => {
      159 |       test.beforeEach(async ({ page }) => {
    > 160 |         await page.goto(path);
          |                    ^
      161 |         // Wait for network idle to ensure styles are applied
      162 |         await page.waitForLoadState("networkidle");
      163 |       });
        at /home/tbaltzakis/cloudless.gr/e2e/ui/pages/style.spec.ts:160:20

    attachment #1: screenshot (image/png) ──────────────────────────────────────────────────────────
    test-results/ui-pages-style-Style-Syste-9b6b9-ould-have-correct-code-font-chromium-retry1/test-failed-1.png
    ────────────────────────────────────────────────────────────────────────────────────────────────

    attachment #2: video (video/webm) ──────────────────────────────────────────────────────────────
    test-results/ui-pages-style-Style-Syste-9b6b9-ould-have-correct-code-font-chromium-retry1/video.webm
    ────────────────────────────────────────────────────────────────────────────────────────────────

    Error Context: test-results/ui-pages-style-Style-Syste-9b6b9-ould-have-correct-code-font-chromium-retry1/error-context.md

    attachment #4: trace (application/zip) ─────────────────────────────────────────────────────────
    test-results/ui-pages-style-Style-Syste-9b6b9-ould-have-correct-code-font-chromium-retry1/trace.zip
    Usage:

        npx playwright show-trace test-results/ui-pages-style-Style-Syste-9b6b9-ould-have-correct-code-font-chromium-retry1/trace.zip

    ────────────────────────────────────────────────────────────────────────────────────────────────

  468) [chromium] › e2e/ui/pages/style.spec.ts:185:11 › Style System › Contact Style › should have neon cyan accents 

    Error: page.goto: net::ERR_CONNECTION_REFUSED at http://localhost:4000/contact
    Call log:
      - navigating to "http://localhost:4000/contact", waiting until "load"


      158 |     test.describe(`${name} Style`, () => {
      159 |       test.beforeEach(async ({ page }) => {
    > 160 |         await page.goto(path);
          |                    ^
      161 |         // Wait for network idle to ensure styles are applied
      162 |         await page.waitForLoadState("networkidle");
      163 |       });
        at /home/tbaltzakis/cloudless.gr/e2e/ui/pages/style.spec.ts:160:20

    attachment #1: screenshot (image/png) ──────────────────────────────────────────────────────────
    test-results/ui-pages-style-Style-Syste-1ca0f-ould-have-neon-cyan-accents-chromium/test-failed-1.png
    ────────────────────────────────────────────────────────────────────────────────────────────────

    attachment #2: video (video/webm) ──────────────────────────────────────────────────────────────
    test-results/ui-pages-style-Style-Syste-1ca0f-ould-have-neon-cyan-accents-chromium/video.webm
    ────────────────────────────────────────────────────────────────────────────────────────────────

    Error Context: test-results/ui-pages-style-Style-Syste-1ca0f-ould-have-neon-cyan-accents-chromium/error-context.md

    Retry #1 ───────────────────────────────────────────────────────────────────────────────────────

    Error: page.goto: net::ERR_CONNECTION_REFUSED at http://localhost:4000/contact
    Call log:
      - navigating to "http://localhost:4000/contact", waiting until "load"


      158 |     test.describe(`${name} Style`, () => {
      159 |       test.beforeEach(async ({ page }) => {
    > 160 |         await page.goto(path);
          |                    ^
      161 |         // Wait for network idle to ensure styles are applied
      162 |         await page.waitForLoadState("networkidle");
      163 |       });
        at /home/tbaltzakis/cloudless.gr/e2e/ui/pages/style.spec.ts:160:20

    attachment #1: screenshot (image/png) ──────────────────────────────────────────────────────────
    test-results/ui-pages-style-Style-Syste-1ca0f-ould-have-neon-cyan-accents-chromium-retry1/test-failed-1.png
    ────────────────────────────────────────────────────────────────────────────────────────────────

    attachment #2: video (video/webm) ──────────────────────────────────────────────────────────────
    test-results/ui-pages-style-Style-Syste-1ca0f-ould-have-neon-cyan-accents-chromium-retry1/video.webm
    ────────────────────────────────────────────────────────────────────────────────────────────────

    Error Context: test-results/ui-pages-style-Style-Syste-1ca0f-ould-have-neon-cyan-accents-chromium-retry1/error-context.md

    attachment #4: trace (application/zip) ─────────────────────────────────────────────────────────
    test-results/ui-pages-style-Style-Syste-1ca0f-ould-have-neon-cyan-accents-chromium-retry1/trace.zip
    Usage:

        npx playwright show-trace test-results/ui-pages-style-Style-Syste-1ca0f-ould-have-neon-cyan-accents-chromium-retry1/trace.zip

    ────────────────────────────────────────────────────────────────────────────────────────────────

  469) [chromium] › e2e/ui/pages/style.spec.ts:219:11 › Style System › Contact Style › should have neon magenta accents 

    Error: page.goto: net::ERR_CONNECTION_REFUSED at http://localhost:4000/contact
    Call log:
      - navigating to "http://localhost:4000/contact", waiting until "load"


      158 |     test.describe(`${name} Style`, () => {
      159 |       test.beforeEach(async ({ page }) => {
    > 160 |         await page.goto(path);
          |                    ^
      161 |         // Wait for network idle to ensure styles are applied
      162 |         await page.waitForLoadState("networkidle");
      163 |       });
        at /home/tbaltzakis/cloudless.gr/e2e/ui/pages/style.spec.ts:160:20

    attachment #1: screenshot (image/png) ──────────────────────────────────────────────────────────
    test-results/ui-pages-style-Style-Syste-f09f1-d-have-neon-magenta-accents-chromium/test-failed-1.png
    ────────────────────────────────────────────────────────────────────────────────────────────────

    attachment #2: video (video/webm) ──────────────────────────────────────────────────────────────
    test-results/ui-pages-style-Style-Syste-f09f1-d-have-neon-magenta-accents-chromium/video.webm
    ────────────────────────────────────────────────────────────────────────────────────────────────

    Error Context: test-results/ui-pages-style-Style-Syste-f09f1-d-have-neon-magenta-accents-chromium/error-context.md

    Retry #1 ───────────────────────────────────────────────────────────────────────────────────────

    Error: page.goto: net::ERR_CONNECTION_REFUSED at http://localhost:4000/contact
    Call log:
      - navigating to "http://localhost:4000/contact", waiting until "load"


      158 |     test.describe(`${name} Style`, () => {
      159 |       test.beforeEach(async ({ page }) => {
    > 160 |         await page.goto(path);
          |                    ^
      161 |         // Wait for network idle to ensure styles are applied
      162 |         await page.waitForLoadState("networkidle");
      163 |       });
        at /home/tbaltzakis/cloudless.gr/e2e/ui/pages/style.spec.ts:160:20

    attachment #1: screenshot (image/png) ──────────────────────────────────────────────────────────
    test-results/ui-pages-style-Style-Syste-f09f1-d-have-neon-magenta-accents-chromium-retry1/test-failed-1.png
    ────────────────────────────────────────────────────────────────────────────────────────────────

    attachment #2: video (video/webm) ──────────────────────────────────────────────────────────────
    test-results/ui-pages-style-Style-Syste-f09f1-d-have-neon-magenta-accents-chromium-retry1/video.webm
    ────────────────────────────────────────────────────────────────────────────────────────────────

    Error Context: test-results/ui-pages-style-Style-Syste-f09f1-d-have-neon-magenta-accents-chromium-retry1/error-context.md

    attachment #4: trace (application/zip) ─────────────────────────────────────────────────────────
    test-results/ui-pages-style-Style-Syste-f09f1-d-have-neon-magenta-accents-chromium-retry1/trace.zip
    Usage:

        npx playwright show-trace test-results/ui-pages-style-Style-Syste-f09f1-d-have-neon-magenta-accents-chromium-retry1/trace.zip

    ────────────────────────────────────────────────────────────────────────────────────────────────

  470) [chromium] › e2e/ui/pages/style.spec.ts:248:11 › Style System › Contact Style › should have neon green accents 

    Error: page.goto: net::ERR_CONNECTION_REFUSED at http://localhost:4000/contact
    Call log:
      - navigating to "http://localhost:4000/contact", waiting until "load"


      158 |     test.describe(`${name} Style`, () => {
      159 |       test.beforeEach(async ({ page }) => {
    > 160 |         await page.goto(path);
          |                    ^
      161 |         // Wait for network idle to ensure styles are applied
      162 |         await page.waitForLoadState("networkidle");
      163 |       });
        at /home/tbaltzakis/cloudless.gr/e2e/ui/pages/style.spec.ts:160:20

    attachment #1: screenshot (image/png) ──────────────────────────────────────────────────────────
    test-results/ui-pages-style-Style-Syste-4b6f2-uld-have-neon-green-accents-chromium/test-failed-1.png
    ────────────────────────────────────────────────────────────────────────────────────────────────

    attachment #2: video (video/webm) ──────────────────────────────────────────────────────────────
    test-results/ui-pages-style-Style-Syste-4b6f2-uld-have-neon-green-accents-chromium/video.webm
    ────────────────────────────────────────────────────────────────────────────────────────────────

    Error Context: test-results/ui-pages-style-Style-Syste-4b6f2-uld-have-neon-green-accents-chromium/error-context.md

    Retry #1 ───────────────────────────────────────────────────────────────────────────────────────

    Error: page.goto: net::ERR_CONNECTION_REFUSED at http://localhost:4000/contact
    Call log:
      - navigating to "http://localhost:4000/contact", waiting until "load"


      158 |     test.describe(`${name} Style`, () => {
      159 |       test.beforeEach(async ({ page }) => {
    > 160 |         await page.goto(path);
          |                    ^
      161 |         // Wait for network idle to ensure styles are applied
      162 |         await page.waitForLoadState("networkidle");
      163 |       });
        at /home/tbaltzakis/cloudless.gr/e2e/ui/pages/style.spec.ts:160:20

    attachment #1: screenshot (image/png) ──────────────────────────────────────────────────────────
    test-results/ui-pages-style-Style-Syste-4b6f2-uld-have-neon-green-accents-chromium-retry1/test-failed-1.png
    ────────────────────────────────────────────────────────────────────────────────────────────────

    attachment #2: video (video/webm) ──────────────────────────────────────────────────────────────
    test-results/ui-pages-style-Style-Syste-4b6f2-uld-have-neon-green-accents-chromium-retry1/video.webm
    ────────────────────────────────────────────────────────────────────────────────────────────────

    Error Context: test-results/ui-pages-style-Style-Syste-4b6f2-uld-have-neon-green-accents-chromium-retry1/error-context.md

    attachment #4: trace (application/zip) ─────────────────────────────────────────────────────────
    test-results/ui-pages-style-Style-Syste-4b6f2-uld-have-neon-green-accents-chromium-retry1/trace.zip
    Usage:

        npx playwright show-trace test-results/ui-pages-style-Style-Syste-4b6f2-uld-have-neon-green-accents-chromium-retry1/trace.zip

    ────────────────────────────────────────────────────────────────────────────────────────────────

  471) [chromium] › e2e/ui/pages/style.spec.ts:276:11 › Style System › Contact Style › should have neon blue accents 

    Error: page.goto: net::ERR_CONNECTION_REFUSED at http://localhost:4000/contact
    Call log:
      - navigating to "http://localhost:4000/contact", waiting until "load"


      158 |     test.describe(`${name} Style`, () => {
      159 |       test.beforeEach(async ({ page }) => {
    > 160 |         await page.goto(path);
          |                    ^
      161 |         // Wait for network idle to ensure styles are applied
      162 |         await page.waitForLoadState("networkidle");
      163 |       });
        at /home/tbaltzakis/cloudless.gr/e2e/ui/pages/style.spec.ts:160:20

    attachment #1: screenshot (image/png) ──────────────────────────────────────────────────────────
    test-results/ui-pages-style-Style-Syste-e3d04-ould-have-neon-blue-accents-chromium/test-failed-1.png
    ────────────────────────────────────────────────────────────────────────────────────────────────

    attachment #2: video (video/webm) ──────────────────────────────────────────────────────────────
    test-results/ui-pages-style-Style-Syste-e3d04-ould-have-neon-blue-accents-chromium/video.webm
    ────────────────────────────────────────────────────────────────────────────────────────────────

    Error Context: test-results/ui-pages-style-Style-Syste-e3d04-ould-have-neon-blue-accents-chromium/error-context.md

    Retry #1 ───────────────────────────────────────────────────────────────────────────────────────

    Error: page.goto: net::ERR_CONNECTION_REFUSED at http://localhost:4000/contact
    Call log:
      - navigating to "http://localhost:4000/contact", waiting until "load"


      158 |     test.describe(`${name} Style`, () => {
      159 |       test.beforeEach(async ({ page }) => {
    > 160 |         await page.goto(path);
          |                    ^
      161 |         // Wait for network idle to ensure styles are applied
      162 |         await page.waitForLoadState("networkidle");
      163 |       });
        at /home/tbaltzakis/cloudless.gr/e2e/ui/pages/style.spec.ts:160:20

    attachment #1: screenshot (image/png) ──────────────────────────────────────────────────────────
    test-results/ui-pages-style-Style-Syste-e3d04-ould-have-neon-blue-accents-chromium-retry1/test-failed-1.png
    ────────────────────────────────────────────────────────────────────────────────────────────────

    attachment #2: video (video/webm) ──────────────────────────────────────────────────────────────
    test-results/ui-pages-style-Style-Syste-e3d04-ould-have-neon-blue-accents-chromium-retry1/video.webm
    ────────────────────────────────────────────────────────────────────────────────────────────────

    Error Context: test-results/ui-pages-style-Style-Syste-e3d04-ould-have-neon-blue-accents-chromium-retry1/error-context.md

    attachment #4: trace (application/zip) ─────────────────────────────────────────────────────────
    test-results/ui-pages-style-Style-Syste-e3d04-ould-have-neon-blue-accents-chromium-retry1/trace.zip
    Usage:

        npx playwright show-trace test-results/ui-pages-style-Style-Syste-e3d04-ould-have-neon-blue-accents-chromium-retry1/trace.zip

    ────────────────────────────────────────────────────────────────────────────────────────────────

  472) [chromium] › e2e/ui/pages/style.spec.ts:306:15 › Style System › Contact Style › Effects › should have scanlines effect applied 

    Error: page.goto: net::ERR_CONNECTION_REFUSED at http://localhost:4000/contact
    Call log:
      - navigating to "http://localhost:4000/contact", waiting until "load"


      158 |     test.describe(`${name} Style`, () => {
      159 |       test.beforeEach(async ({ page }) => {
    > 160 |         await page.goto(path);
          |                    ^
      161 |         // Wait for network idle to ensure styles are applied
      162 |         await page.waitForLoadState("networkidle");
      163 |       });
        at /home/tbaltzakis/cloudless.gr/e2e/ui/pages/style.spec.ts:160:20

    attachment #1: screenshot (image/png) ──────────────────────────────────────────────────────────
    test-results/ui-pages-style-Style-Syste-0c39e-ve-scanlines-effect-applied-chromium/test-failed-1.png
    ────────────────────────────────────────────────────────────────────────────────────────────────

    attachment #2: video (video/webm) ──────────────────────────────────────────────────────────────
    test-results/ui-pages-style-Style-Syste-0c39e-ve-scanlines-effect-applied-chromium/video.webm
    ────────────────────────────────────────────────────────────────────────────────────────────────

    Error Context: test-results/ui-pages-style-Style-Syste-0c39e-ve-scanlines-effect-applied-chromium/error-context.md

    Retry #1 ───────────────────────────────────────────────────────────────────────────────────────

    Error: page.goto: net::ERR_CONNECTION_REFUSED at http://localhost:4000/contact
    Call log:
      - navigating to "http://localhost:4000/contact", waiting until "load"


      158 |     test.describe(`${name} Style`, () => {
      159 |       test.beforeEach(async ({ page }) => {
    > 160 |         await page.goto(path);
          |                    ^
      161 |         // Wait for network idle to ensure styles are applied
      162 |         await page.waitForLoadState("networkidle");
      163 |       });
        at /home/tbaltzakis/cloudless.gr/e2e/ui/pages/style.spec.ts:160:20

    attachment #1: screenshot (image/png) ──────────────────────────────────────────────────────────
    test-results/ui-pages-style-Style-Syste-0c39e-ve-scanlines-effect-applied-chromium-retry1/test-failed-1.png
    ────────────────────────────────────────────────────────────────────────────────────────────────

    attachment #2: video (video/webm) ──────────────────────────────────────────────────────────────
    test-results/ui-pages-style-Style-Syste-0c39e-ve-scanlines-effect-applied-chromium-retry1/video.webm
    ────────────────────────────────────────────────────────────────────────────────────────────────

    Error Context: test-results/ui-pages-style-Style-Syste-0c39e-ve-scanlines-effect-applied-chromium-retry1/error-context.md

    attachment #4: trace (application/zip) ─────────────────────────────────────────────────────────
    test-results/ui-pages-style-Style-Syste-0c39e-ve-scanlines-effect-applied-chromium-retry1/trace.zip
    Usage:

        npx playwright show-trace test-results/ui-pages-style-Style-Syste-0c39e-ve-scanlines-effect-applied-chromium-retry1/trace.zip

    ────────────────────────────────────────────────────────────────────────────────────────────────

  473) [chromium] › e2e/ui/pages/style.spec.ts:306:15 › Style System › Contact Style › Effects › should have cyber-grid effect applied 

    Error: page.goto: net::ERR_CONNECTION_REFUSED at http://localhost:4000/contact
    Call log:
      - navigating to "http://localhost:4000/contact", waiting until "load"


      158 |     test.describe(`${name} Style`, () => {
      159 |       test.beforeEach(async ({ page }) => {
    > 160 |         await page.goto(path);
          |                    ^
      161 |         // Wait for network idle to ensure styles are applied
      162 |         await page.waitForLoadState("networkidle");
      163 |       });
        at /home/tbaltzakis/cloudless.gr/e2e/ui/pages/style.spec.ts:160:20

    attachment #1: screenshot (image/png) ──────────────────────────────────────────────────────────
    test-results/ui-pages-style-Style-Syste-19e6a-e-cyber-grid-effect-applied-chromium/test-failed-1.png
    ────────────────────────────────────────────────────────────────────────────────────────────────

    attachment #2: video (video/webm) ──────────────────────────────────────────────────────────────
    test-results/ui-pages-style-Style-Syste-19e6a-e-cyber-grid-effect-applied-chromium/video.webm
    ────────────────────────────────────────────────────────────────────────────────────────────────

    Error Context: test-results/ui-pages-style-Style-Syste-19e6a-e-cyber-grid-effect-applied-chromium/error-context.md

    Retry #1 ───────────────────────────────────────────────────────────────────────────────────────

    Error: page.goto: net::ERR_CONNECTION_REFUSED at http://localhost:4000/contact
    Call log:
      - navigating to "http://localhost:4000/contact", waiting until "load"


      158 |     test.describe(`${name} Style`, () => {
      159 |       test.beforeEach(async ({ page }) => {
    > 160 |         await page.goto(path);
          |                    ^
      161 |         // Wait for network idle to ensure styles are applied
      162 |         await page.waitForLoadState("networkidle");
      163 |       });
        at /home/tbaltzakis/cloudless.gr/e2e/ui/pages/style.spec.ts:160:20

    attachment #1: screenshot (image/png) ──────────────────────────────────────────────────────────
    test-results/ui-pages-style-Style-Syste-19e6a-e-cyber-grid-effect-applied-chromium-retry1/test-failed-1.png
    ────────────────────────────────────────────────────────────────────────────────────────────────

    attachment #2: video (video/webm) ──────────────────────────────────────────────────────────────
    test-results/ui-pages-style-Style-Syste-19e6a-e-cyber-grid-effect-applied-chromium-retry1/video.webm
    ────────────────────────────────────────────────────────────────────────────────────────────────

    Error Context: test-results/ui-pages-style-Style-Syste-19e6a-e-cyber-grid-effect-applied-chromium-retry1/error-context.md

    attachment #4: trace (application/zip) ─────────────────────────────────────────────────────────
    test-results/ui-pages-style-Style-Syste-19e6a-e-cyber-grid-effect-applied-chromium-retry1/trace.zip
    Usage:

        npx playwright show-trace test-results/ui-pages-style-Style-Syste-19e6a-e-cyber-grid-effect-applied-chromium-retry1/trace.zip

    ────────────────────────────────────────────────────────────────────────────────────────────────

  474) [chromium] › e2e/ui/pages/style.spec.ts:306:15 › Style System › Contact Style › Effects › should have neon-border effect applied 

    Error: page.goto: net::ERR_CONNECTION_REFUSED at http://localhost:4000/contact
    Call log:
      - navigating to "http://localhost:4000/contact", waiting until "load"


      158 |     test.describe(`${name} Style`, () => {
      159 |       test.beforeEach(async ({ page }) => {
    > 160 |         await page.goto(path);
          |                    ^
      161 |         // Wait for network idle to ensure styles are applied
      162 |         await page.waitForLoadState("networkidle");
      163 |       });
        at /home/tbaltzakis/cloudless.gr/e2e/ui/pages/style.spec.ts:160:20

    attachment #1: screenshot (image/png) ──────────────────────────────────────────────────────────
    test-results/ui-pages-style-Style-Syste-3b956--neon-border-effect-applied-chromium/test-failed-1.png
    ────────────────────────────────────────────────────────────────────────────────────────────────

    attachment #2: video (video/webm) ──────────────────────────────────────────────────────────────
    test-results/ui-pages-style-Style-Syste-3b956--neon-border-effect-applied-chromium/video.webm
    ────────────────────────────────────────────────────────────────────────────────────────────────

    Error Context: test-results/ui-pages-style-Style-Syste-3b956--neon-border-effect-applied-chromium/error-context.md

    Retry #1 ───────────────────────────────────────────────────────────────────────────────────────

    Error: page.goto: net::ERR_CONNECTION_REFUSED at http://localhost:4000/contact
    Call log:
      - navigating to "http://localhost:4000/contact", waiting until "load"


      158 |     test.describe(`${name} Style`, () => {
      159 |       test.beforeEach(async ({ page }) => {
    > 160 |         await page.goto(path);
          |                    ^
      161 |         // Wait for network idle to ensure styles are applied
      162 |         await page.waitForLoadState("networkidle");
      163 |       });
        at /home/tbaltzakis/cloudless.gr/e2e/ui/pages/style.spec.ts:160:20

    attachment #1: screenshot (image/png) ──────────────────────────────────────────────────────────
    test-results/ui-pages-style-Style-Syste-3b956--neon-border-effect-applied-chromium-retry1/test-failed-1.png
    ────────────────────────────────────────────────────────────────────────────────────────────────

    attachment #2: video (video/webm) ──────────────────────────────────────────────────────────────
    test-results/ui-pages-style-Style-Syste-3b956--neon-border-effect-applied-chromium-retry1/video.webm
    ────────────────────────────────────────────────────────────────────────────────────────────────

    Error Context: test-results/ui-pages-style-Style-Syste-3b956--neon-border-effect-applied-chromium-retry1/error-context.md

    attachment #4: trace (application/zip) ─────────────────────────────────────────────────────────
    test-results/ui-pages-style-Style-Syste-3b956--neon-border-effect-applied-chromium-retry1/trace.zip
    Usage:

        npx playwright show-trace test-results/ui-pages-style-Style-Syste-3b956--neon-border-effect-applied-chromium-retry1/trace.zip

    ────────────────────────────────────────────────────────────────────────────────────────────────

  475) [chromium] › e2e/ui/pages/style.spec.ts:306:15 › Style System › Contact Style › Effects › should have glow-cyan effect applied 

    Error: page.goto: net::ERR_CONNECTION_REFUSED at http://localhost:4000/contact
    Call log:
      - navigating to "http://localhost:4000/contact", waiting until "load"


      158 |     test.describe(`${name} Style`, () => {
      159 |       test.beforeEach(async ({ page }) => {
    > 160 |         await page.goto(path);
          |                    ^
      161 |         // Wait for network idle to ensure styles are applied
      162 |         await page.waitForLoadState("networkidle");
      163 |       });
        at /home/tbaltzakis/cloudless.gr/e2e/ui/pages/style.spec.ts:160:20

    attachment #1: screenshot (image/png) ──────────────────────────────────────────────────────────
    test-results/ui-pages-style-Style-Syste-316cc-ve-glow-cyan-effect-applied-chromium/test-failed-1.png
    ────────────────────────────────────────────────────────────────────────────────────────────────

    attachment #2: video (video/webm) ──────────────────────────────────────────────────────────────
    test-results/ui-pages-style-Style-Syste-316cc-ve-glow-cyan-effect-applied-chromium/video.webm
    ────────────────────────────────────────────────────────────────────────────────────────────────

    Error Context: test-results/ui-pages-style-Style-Syste-316cc-ve-glow-cyan-effect-applied-chromium/error-context.md

    Retry #1 ───────────────────────────────────────────────────────────────────────────────────────

    Error: page.goto: net::ERR_CONNECTION_REFUSED at http://localhost:4000/contact
    Call log:
      - navigating to "http://localhost:4000/contact", waiting until "load"


      158 |     test.describe(`${name} Style`, () => {
      159 |       test.beforeEach(async ({ page }) => {
    > 160 |         await page.goto(path);
          |                    ^
      161 |         // Wait for network idle to ensure styles are applied
      162 |         await page.waitForLoadState("networkidle");
      163 |       });
        at /home/tbaltzakis/cloudless.gr/e2e/ui/pages/style.spec.ts:160:20

    attachment #1: screenshot (image/png) ──────────────────────────────────────────────────────────
    test-results/ui-pages-style-Style-Syste-316cc-ve-glow-cyan-effect-applied-chromium-retry1/test-failed-1.png
    ────────────────────────────────────────────────────────────────────────────────────────────────

    attachment #2: video (video/webm) ──────────────────────────────────────────────────────────────
    test-results/ui-pages-style-Style-Syste-316cc-ve-glow-cyan-effect-applied-chromium-retry1/video.webm
    ────────────────────────────────────────────────────────────────────────────────────────────────

    Error Context: test-results/ui-pages-style-Style-Syste-316cc-ve-glow-cyan-effect-applied-chromium-retry1/error-context.md

    attachment #4: trace (application/zip) ─────────────────────────────────────────────────────────
    test-results/ui-pages-style-Style-Syste-316cc-ve-glow-cyan-effect-applied-chromium-retry1/trace.zip
    Usage:

        npx playwright show-trace test-results/ui-pages-style-Style-Syste-316cc-ve-glow-cyan-effect-applied-chromium-retry1/trace.zip

    ────────────────────────────────────────────────────────────────────────────────────────────────

  476) [chromium] › e2e/ui/pages/style.spec.ts:306:15 › Style System › Contact Style › Effects › should have dot-matrix effect applied 

    Error: page.goto: net::ERR_CONNECTION_REFUSED at http://localhost:4000/contact
    Call log:
      - navigating to "http://localhost:4000/contact", waiting until "load"


      158 |     test.describe(`${name} Style`, () => {
      159 |       test.beforeEach(async ({ page }) => {
    > 160 |         await page.goto(path);
          |                    ^
      161 |         // Wait for network idle to ensure styles are applied
      162 |         await page.waitForLoadState("networkidle");
      163 |       });
        at /home/tbaltzakis/cloudless.gr/e2e/ui/pages/style.spec.ts:160:20

    attachment #1: screenshot (image/png) ──────────────────────────────────────────────────────────
    test-results/ui-pages-style-Style-Syste-bb461-e-dot-matrix-effect-applied-chromium/test-failed-1.png
    ────────────────────────────────────────────────────────────────────────────────────────────────

    attachment #2: video (video/webm) ──────────────────────────────────────────────────────────────
    test-results/ui-pages-style-Style-Syste-bb461-e-dot-matrix-effect-applied-chromium/video.webm
    ────────────────────────────────────────────────────────────────────────────────────────────────

    Error Context: test-results/ui-pages-style-Style-Syste-bb461-e-dot-matrix-effect-applied-chromium/error-context.md

    Retry #1 ───────────────────────────────────────────────────────────────────────────────────────

    Error: page.goto: net::ERR_CONNECTION_REFUSED at http://localhost:4000/contact
    Call log:
      - navigating to "http://localhost:4000/contact", waiting until "load"


      158 |     test.describe(`${name} Style`, () => {
      159 |       test.beforeEach(async ({ page }) => {
    > 160 |         await page.goto(path);
          |                    ^
      161 |         // Wait for network idle to ensure styles are applied
      162 |         await page.waitForLoadState("networkidle");
      163 |       });
        at /home/tbaltzakis/cloudless.gr/e2e/ui/pages/style.spec.ts:160:20

    attachment #1: screenshot (image/png) ──────────────────────────────────────────────────────────
    test-results/ui-pages-style-Style-Syste-bb461-e-dot-matrix-effect-applied-chromium-retry1/test-failed-1.png
    ────────────────────────────────────────────────────────────────────────────────────────────────

    attachment #2: video (video/webm) ──────────────────────────────────────────────────────────────
    test-results/ui-pages-style-Style-Syste-bb461-e-dot-matrix-effect-applied-chromium-retry1/video.webm
    ────────────────────────────────────────────────────────────────────────────────────────────────

    Error Context: test-results/ui-pages-style-Style-Syste-bb461-e-dot-matrix-effect-applied-chromium-retry1/error-context.md

    attachment #4: trace (application/zip) ─────────────────────────────────────────────────────────
    test-results/ui-pages-style-Style-Syste-bb461-e-dot-matrix-effect-applied-chromium-retry1/trace.zip
    Usage:

        npx playwright show-trace test-results/ui-pages-style-Style-Syste-bb461-e-dot-matrix-effect-applied-chromium-retry1/trace.zip

    ────────────────────────────────────────────────────────────────────────────────────────────────

  477) [chromium] › e2e/ui/pages/style.spec.ts:313:13 › Style System › Contact Style › Hover States › should show neon cyan on hover for interactive elements 

    Error: page.goto: net::ERR_CONNECTION_REFUSED at http://localhost:4000/contact
    Call log:
      - navigating to "http://localhost:4000/contact", waiting until "load"


      158 |     test.describe(`${name} Style`, () => {
      159 |       test.beforeEach(async ({ page }) => {
    > 160 |         await page.goto(path);
          |                    ^
      161 |         // Wait for network idle to ensure styles are applied
      162 |         await page.waitForLoadState("networkidle");
      163 |       });
        at /home/tbaltzakis/cloudless.gr/e2e/ui/pages/style.spec.ts:160:20

    attachment #1: screenshot (image/png) ──────────────────────────────────────────────────────────
    test-results/ui-pages-style-Style-Syste-274ea-er-for-interactive-elements-chromium/test-failed-1.png
    ────────────────────────────────────────────────────────────────────────────────────────────────

    attachment #2: video (video/webm) ──────────────────────────────────────────────────────────────
    test-results/ui-pages-style-Style-Syste-274ea-er-for-interactive-elements-chromium/video.webm
    ────────────────────────────────────────────────────────────────────────────────────────────────

    Error Context: test-results/ui-pages-style-Style-Syste-274ea-er-for-interactive-elements-chromium/error-context.md

    Retry #1 ───────────────────────────────────────────────────────────────────────────────────────

    Error: page.goto: net::ERR_CONNECTION_REFUSED at http://localhost:4000/contact
    Call log:
      - navigating to "http://localhost:4000/contact", waiting until "load"


      158 |     test.describe(`${name} Style`, () => {
      159 |       test.beforeEach(async ({ page }) => {
    > 160 |         await page.goto(path);
          |                    ^
      161 |         // Wait for network idle to ensure styles are applied
      162 |         await page.waitForLoadState("networkidle");
      163 |       });
        at /home/tbaltzakis/cloudless.gr/e2e/ui/pages/style.spec.ts:160:20

    attachment #1: screenshot (image/png) ──────────────────────────────────────────────────────────
    test-results/ui-pages-style-Style-Syste-274ea-er-for-interactive-elements-chromium-retry1/test-failed-1.png
    ────────────────────────────────────────────────────────────────────────────────────────────────

    attachment #2: video (video/webm) ──────────────────────────────────────────────────────────────
    test-results/ui-pages-style-Style-Syste-274ea-er-for-interactive-elements-chromium-retry1/video.webm
    ────────────────────────────────────────────────────────────────────────────────────────────────

    Error Context: test-results/ui-pages-style-Style-Syste-274ea-er-for-interactive-elements-chromium-retry1/error-context.md

    attachment #4: trace (application/zip) ─────────────────────────────────────────────────────────
    test-results/ui-pages-style-Style-Syste-274ea-er-for-interactive-elements-chromium-retry1/trace.zip
    Usage:

        npx playwright show-trace test-results/ui-pages-style-Style-Syste-274ea-er-for-interactive-elements-chromium-retry1/trace.zip

    ────────────────────────────────────────────────────────────────────────────────────────────────

  478) [chromium] › e2e/webhook-signatures.spec.ts:20:7 › webhook signature gates › /api/webhooks/stripe rejects missing signature header 

    Error: apiRequestContext.post: connect ECONNREFUSED ::1:4000
    Call log:
      - → POST http://localhost:4000/api/webhooks/stripe
        - user-agent: Mozilla/5.0 (Windows NT 10.0; Win64; x64) AppleWebKit/537.36 (KHTML, like Gecko) Chrome/151.0.7922.34 Safari/537.36
        - accept: */*
        - accept-encoding: gzip,deflate,br
        - Content-Type: application/json
        - content-length: 31

        at apiRequestContext.post: connect ECONNREFUSED ::1:4000
        at /home/tbaltzakis/cloudless.gr/e2e/webhook-signatures.spec.ts:21:29

    Error Context: test-results/webhook-signatures-webhook-89000-ts-missing-signature-header-chromium/error-context.md

    Retry #1 ───────────────────────────────────────────────────────────────────────────────────────

    Error: apiRequestContext.post: connect ECONNREFUSED ::1:4000
    Call log:
      - → POST http://localhost:4000/api/webhooks/stripe
        - user-agent: Mozilla/5.0 (Windows NT 10.0; Win64; x64) AppleWebKit/537.36 (KHTML, like Gecko) Chrome/151.0.7922.34 Safari/537.36
        - accept: */*
        - accept-encoding: gzip,deflate,br
        - Content-Type: application/json
        - content-length: 31

        at apiRequestContext.post: connect ECONNREFUSED ::1:4000
        at /home/tbaltzakis/cloudless.gr/e2e/webhook-signatures.spec.ts:21:29

    Error Context: test-results/webhook-signatures-webhook-89000-ts-missing-signature-header-chromium-retry1/error-context.md

    attachment #2: trace (application/zip) ─────────────────────────────────────────────────────────
    test-results/webhook-signatures-webhook-89000-ts-missing-signature-header-chromium-retry1/trace.zip
    Usage:

        npx playwright show-trace test-results/webhook-signatures-webhook-89000-ts-missing-signature-header-chromium-retry1/trace.zip

    ────────────────────────────────────────────────────────────────────────────────────────────────

  479) [chromium] › e2e/webhook-signatures.spec.ts:30:7 › webhook signature gates › /api/webhooks/stripe rejects invalid signature 

    Error: apiRequestContext.post: connect ECONNREFUSED ::1:4000
    Call log:
      - → POST http://localhost:4000/api/webhooks/stripe
        - user-agent: Mozilla/5.0 (Windows NT 10.0; Win64; x64) AppleWebKit/537.36 (KHTML, like Gecko) Chrome/151.0.7922.34 Safari/537.36
        - accept: */*
        - accept-encoding: gzip,deflate,br
        - Content-Type: application/json
        - stripe-signature: t=1,v1=0000000000000000000000000000000000000000000000000000000000000000
        - content-length: 31

        at apiRequestContext.post: connect ECONNREFUSED ::1:4000
        at /home/tbaltzakis/cloudless.gr/e2e/webhook-signatures.spec.ts:31:29

    Error Context: test-results/webhook-signatures-webhook-c9b86-e-rejects-invalid-signature-chromium/error-context.md

    Retry #1 ───────────────────────────────────────────────────────────────────────────────────────

    Error: apiRequestContext.post: connect ECONNREFUSED ::1:4000
    Call log:
      - → POST http://localhost:4000/api/webhooks/stripe
        - user-agent: Mozilla/5.0 (Windows NT 10.0; Win64; x64) AppleWebKit/537.36 (KHTML, like Gecko) Chrome/151.0.7922.34 Safari/537.36
        - accept: */*
        - accept-encoding: gzip,deflate,br
        - Content-Type: application/json
        - stripe-signature: t=1,v1=0000000000000000000000000000000000000000000000000000000000000000
        - content-length: 31

        at apiRequestContext.post: connect ECONNREFUSED ::1:4000
        at /home/tbaltzakis/cloudless.gr/e2e/webhook-signatures.spec.ts:31:29

    Error Context: test-results/webhook-signatures-webhook-c9b86-e-rejects-invalid-signature-chromium-retry1/error-context.md

    attachment #2: trace (application/zip) ─────────────────────────────────────────────────────────
    test-results/webhook-signatures-webhook-c9b86-e-rejects-invalid-signature-chromium-retry1/trace.zip
    Usage:

        npx playwright show-trace test-results/webhook-signatures-webhook-c9b86-e-rejects-invalid-signature-chromium-retry1/trace.zip

    ────────────────────────────────────────────────────────────────────────────────────────────────

  480) [chromium] › e2e/webhook-signatures.spec.ts:46:7 › webhook signature gates › /api/webhooks/notion rejects missing signature 

    Error: apiRequestContext.post: connect ECONNREFUSED ::1:4000
    Call log:
      - → POST http://localhost:4000/api/webhooks/notion
        - user-agent: Mozilla/5.0 (Windows NT 10.0; Win64; x64) AppleWebKit/537.36 (KHTML, like Gecko) Chrome/151.0.7922.34 Safari/537.36
        - accept: */*
        - accept-encoding: gzip,deflate,br
        - Content-Type: application/json
        - content-length: 31

        at apiRequestContext.post: connect ECONNREFUSED ::1:4000
        at /home/tbaltzakis/cloudless.gr/e2e/webhook-signatures.spec.ts:47:29

    Error Context: test-results/webhook-signatures-webhook-0d541-n-rejects-missing-signature-chromium/error-context.md

    Retry #1 ───────────────────────────────────────────────────────────────────────────────────────

    Error: apiRequestContext.post: connect ECONNREFUSED ::1:4000
    Call log:
      - → POST http://localhost:4000/api/webhooks/notion
        - user-agent: Mozilla/5.0 (Windows NT 10.0; Win64; x64) AppleWebKit/537.36 (KHTML, like Gecko) Chrome/151.0.7922.34 Safari/537.36
        - accept: */*
        - accept-encoding: gzip,deflate,br
        - Content-Type: application/json
        - content-length: 31

        at apiRequestContext.post: connect ECONNREFUSED ::1:4000
        at /home/tbaltzakis/cloudless.gr/e2e/webhook-signatures.spec.ts:47:29

    Error Context: test-results/webhook-signatures-webhook-0d541-n-rejects-missing-signature-chromium-retry1/error-context.md

    attachment #2: trace (application/zip) ─────────────────────────────────────────────────────────
    test-results/webhook-signatures-webhook-0d541-n-rejects-missing-signature-chromium-retry1/trace.zip
    Usage:

        npx playwright show-trace test-results/webhook-signatures-webhook-0d541-n-rejects-missing-signature-chromium-retry1/trace.zip

    ────────────────────────────────────────────────────────────────────────────────────────────────

  481) [chromium] › e2e/webhook-signatures.spec.ts:55:7 › webhook signature gates › /api/cron/* requires Bearer CRON_SECRET — rejects without auth 

    Error: apiRequestContext.get: connect ECONNREFUSED ::1:4000
    Call log:
      - → GET http://localhost:4000/api/cron/voice-brief
        - user-agent: Mozilla/5.0 (Windows NT 10.0; Win64; x64) AppleWebKit/537.36 (KHTML, like Gecko) Chrome/151.0.7922.34 Safari/537.36
        - accept: */*
        - accept-encoding: gzip,deflate,br

        at apiRequestContext.get: connect ECONNREFUSED ::1:4000
        at /home/tbaltzakis/cloudless.gr/e2e/webhook-signatures.spec.ts:58:29

    Error Context: test-results/webhook-signatures-webhook-743f8-CRET-—-rejects-without-auth-chromium/error-context.md

    Retry #1 ───────────────────────────────────────────────────────────────────────────────────────

    Error: apiRequestContext.get: connect ECONNREFUSED ::1:4000
    Call log:
      - → GET http://localhost:4000/api/cron/voice-brief
        - user-agent: Mozilla/5.0 (Windows NT 10.0; Win64; x64) AppleWebKit/537.36 (KHTML, like Gecko) Chrome/151.0.7922.34 Safari/537.36
        - accept: */*
        - accept-encoding: gzip,deflate,br

        at apiRequestContext.get: connect ECONNREFUSED ::1:4000
        at /home/tbaltzakis/cloudless.gr/e2e/webhook-signatures.spec.ts:58:29

    Error Context: test-results/webhook-signatures-webhook-743f8-CRET-—-rejects-without-auth-chromium-retry1/error-context.md

    attachment #2: trace (application/zip) ─────────────────────────────────────────────────────────
    test-results/webhook-signatures-webhook-743f8-CRET-—-rejects-without-auth-chromium-retry1/trace.zip
    Usage:

        npx playwright show-trace test-results/webhook-signatures-webhook-743f8-CRET-—-rejects-without-auth-chromium-retry1/trace.zip

    ────────────────────────────────────────────────────────────────────────────────────────────────

  482) [chromium] › e2e/webhook-signatures.spec.ts:62:7 › webhook signature gates › /api/cron/* rejects wrong Bearer token (constant-time compare path) 

    Error: apiRequestContext.get: connect ECONNREFUSED ::1:4000
    Call log:
      - → GET http://localhost:4000/api/cron/voice-brief
        - user-agent: Mozilla/5.0 (Windows NT 10.0; Win64; x64) AppleWebKit/537.36 (KHTML, like Gecko) Chrome/151.0.7922.34 Safari/537.36
        - accept: */*
        - accept-encoding: gzip,deflate,br
        - authorization: Bearer wrong-secret-value

        at apiRequestContext.get: connect ECONNREFUSED ::1:4000
        at /home/tbaltzakis/cloudless.gr/e2e/webhook-signatures.spec.ts:65:29

    Error Context: test-results/webhook-signatures-webhook-25994-constant-time-compare-path--chromium/error-context.md

    Retry #1 ───────────────────────────────────────────────────────────────────────────────────────

    Error: apiRequestContext.get: connect ECONNREFUSED ::1:4000
    Call log:
      - → GET http://localhost:4000/api/cron/voice-brief
        - user-agent: Mozilla/5.0 (Windows NT 10.0; Win64; x64) AppleWebKit/537.36 (KHTML, like Gecko) Chrome/151.0.7922.34 Safari/537.36
        - accept: */*
        - accept-encoding: gzip,deflate,br
        - authorization: Bearer wrong-secret-value

        at apiRequestContext.get: connect ECONNREFUSED ::1:4000
        at /home/tbaltzakis/cloudless.gr/e2e/webhook-signatures.spec.ts:65:29

    Error Context: test-results/webhook-signatures-webhook-25994-constant-time-compare-path--chromium-retry1/error-context.md

    attachment #2: trace (application/zip) ─────────────────────────────────────────────────────────
    test-results/webhook-signatures-webhook-25994-constant-time-compare-path--chromium-retry1/trace.zip
    Usage:

        npx playwright show-trace test-results/webhook-signatures-webhook-25994-constant-time-compare-path--chromium-retry1/trace.zip

    ────────────────────────────────────────────────────────────────────────────────────────────────

  483) [admin] › e2e/ui/pages/admin.spec.ts:24:7 › Admin Panel › should load successfully ──────────

    Error: page.goto: net::ERR_CONNECTION_REFUSED at http://localhost:4000/en/admin
    Call log:
      - navigating to "http://localhost:4000/en/admin", waiting until "load"


       at helpers/page-helpers.ts:13

      11 |
      12 |   async navigate(path: string) {
    > 13 |     await this.page.goto(path);
         |                     ^
      14 |     await this.page.waitForLoadState("networkidle");
      15 |   }
      16 |
        at BasePage.navigate (/home/tbaltzakis/cloudless.gr/e2e/helpers/page-helpers.ts:13:21)
        at /home/tbaltzakis/cloudless.gr/e2e/ui/pages/admin.spec.ts:21:16

    attachment #1: screenshot (image/png) ──────────────────────────────────────────────────────────
    test-results/ui-pages-admin-Admin-Panel-should-load-successfully-admin/test-failed-1.png
    ────────────────────────────────────────────────────────────────────────────────────────────────

    attachment #2: video (video/webm) ──────────────────────────────────────────────────────────────
    test-results/ui-pages-admin-Admin-Panel-should-load-successfully-admin/video.webm
    ────────────────────────────────────────────────────────────────────────────────────────────────

    Error Context: test-results/ui-pages-admin-Admin-Panel-should-load-successfully-admin/error-context.md

    Retry #1 ───────────────────────────────────────────────────────────────────────────────────────

    Error: page.goto: net::ERR_CONNECTION_REFUSED at http://localhost:4000/en/admin
    Call log:
      - navigating to "http://localhost:4000/en/admin", waiting until "load"


       at helpers/page-helpers.ts:13

      11 |
      12 |   async navigate(path: string) {
    > 13 |     await this.page.goto(path);
         |                     ^
      14 |     await this.page.waitForLoadState("networkidle");
      15 |   }
      16 |
        at BasePage.navigate (/home/tbaltzakis/cloudless.gr/e2e/helpers/page-helpers.ts:13:21)
        at /home/tbaltzakis/cloudless.gr/e2e/ui/pages/admin.spec.ts:21:16

    attachment #1: screenshot (image/png) ──────────────────────────────────────────────────────────
    test-results/ui-pages-admin-Admin-Panel-should-load-successfully-admin-retry1/test-failed-1.png
    ────────────────────────────────────────────────────────────────────────────────────────────────

    attachment #2: video (video/webm) ──────────────────────────────────────────────────────────────
    test-results/ui-pages-admin-Admin-Panel-should-load-successfully-admin-retry1/video.webm
    ────────────────────────────────────────────────────────────────────────────────────────────────

    Error Context: test-results/ui-pages-admin-Admin-Panel-should-load-successfully-admin-retry1/error-context.md

    attachment #4: trace (application/zip) ─────────────────────────────────────────────────────────
    test-results/ui-pages-admin-Admin-Panel-should-load-successfully-admin-retry1/trace.zip
    Usage:

        npx playwright show-trace test-results/ui-pages-admin-Admin-Panel-should-load-successfully-admin-retry1/trace.zip

    ────────────────────────────────────────────────────────────────────────────────────────────────

  484) [admin] › e2e/ui/pages/admin.spec.ts:32:7 › Admin Panel › should show admin user information 

    Error: page.goto: net::ERR_CONNECTION_REFUSED at http://localhost:4000/en/admin
    Call log:
      - navigating to "http://localhost:4000/en/admin", waiting until "load"


       at helpers/page-helpers.ts:13

      11 |
      12 |   async navigate(path: string) {
    > 13 |     await this.page.goto(path);
         |                     ^
      14 |     await this.page.waitForLoadState("networkidle");
      15 |   }
      16 |
        at BasePage.navigate (/home/tbaltzakis/cloudless.gr/e2e/helpers/page-helpers.ts:13:21)
        at /home/tbaltzakis/cloudless.gr/e2e/ui/pages/admin.spec.ts:21:16

    attachment #1: screenshot (image/png) ──────────────────────────────────────────────────────────
    test-results/ui-pages-admin-Admin-Panel-0de06-show-admin-user-information-admin/test-failed-1.png
    ────────────────────────────────────────────────────────────────────────────────────────────────

    attachment #2: video (video/webm) ──────────────────────────────────────────────────────────────
    test-results/ui-pages-admin-Admin-Panel-0de06-show-admin-user-information-admin/video.webm
    ────────────────────────────────────────────────────────────────────────────────────────────────

    Error Context: test-results/ui-pages-admin-Admin-Panel-0de06-show-admin-user-information-admin/error-context.md

    Retry #1 ───────────────────────────────────────────────────────────────────────────────────────

    Error: page.goto: net::ERR_CONNECTION_REFUSED at http://localhost:4000/en/admin
    Call log:
      - navigating to "http://localhost:4000/en/admin", waiting until "load"


       at helpers/page-helpers.ts:13

      11 |
      12 |   async navigate(path: string) {
    > 13 |     await this.page.goto(path);
         |                     ^
      14 |     await this.page.waitForLoadState("networkidle");
      15 |   }
      16 |
        at BasePage.navigate (/home/tbaltzakis/cloudless.gr/e2e/helpers/page-helpers.ts:13:21)
        at /home/tbaltzakis/cloudless.gr/e2e/ui/pages/admin.spec.ts:21:16

    attachment #1: screenshot (image/png) ──────────────────────────────────────────────────────────
    test-results/ui-pages-admin-Admin-Panel-0de06-show-admin-user-information-admin-retry1/test-failed-1.png
    ────────────────────────────────────────────────────────────────────────────────────────────────

    attachment #2: video (video/webm) ──────────────────────────────────────────────────────────────
    test-results/ui-pages-admin-Admin-Panel-0de06-show-admin-user-information-admin-retry1/video.webm
    ────────────────────────────────────────────────────────────────────────────────────────────────

    Error Context: test-results/ui-pages-admin-Admin-Panel-0de06-show-admin-user-information-admin-retry1/error-context.md

    attachment #4: trace (application/zip) ─────────────────────────────────────────────────────────
    test-results/ui-pages-admin-Admin-Panel-0de06-show-admin-user-information-admin-retry1/trace.zip
    Usage:

        npx playwright show-trace test-results/ui-pages-admin-Admin-Panel-0de06-show-admin-user-information-admin-retry1/trace.zip

    ────────────────────────────────────────────────────────────────────────────────────────────────

  485) [admin] › e2e/ui/pages/admin.spec.ts:39:7 › Admin Panel › should have admin navigation sidebar 

    Error: page.goto: net::ERR_CONNECTION_REFUSED at http://localhost:4000/en/admin
    Call log:
      - navigating to "http://localhost:4000/en/admin", waiting until "load"


       at helpers/page-helpers.ts:13

      11 |
      12 |   async navigate(path: string) {
    > 13 |     await this.page.goto(path);
         |                     ^
      14 |     await this.page.waitForLoadState("networkidle");
      15 |   }
      16 |
        at BasePage.navigate (/home/tbaltzakis/cloudless.gr/e2e/helpers/page-helpers.ts:13:21)
        at /home/tbaltzakis/cloudless.gr/e2e/ui/pages/admin.spec.ts:21:16

    attachment #1: screenshot (image/png) ──────────────────────────────────────────────────────────
    test-results/ui-pages-admin-Admin-Panel-a2437-ve-admin-navigation-sidebar-admin/test-failed-1.png
    ────────────────────────────────────────────────────────────────────────────────────────────────

    attachment #2: video (video/webm) ──────────────────────────────────────────────────────────────
    test-results/ui-pages-admin-Admin-Panel-a2437-ve-admin-navigation-sidebar-admin/video.webm
    ────────────────────────────────────────────────────────────────────────────────────────────────

    Error Context: test-results/ui-pages-admin-Admin-Panel-a2437-ve-admin-navigation-sidebar-admin/error-context.md

    Retry #1 ───────────────────────────────────────────────────────────────────────────────────────

    Error: page.goto: net::ERR_CONNECTION_REFUSED at http://localhost:4000/en/admin
    Call log:
      - navigating to "http://localhost:4000/en/admin", waiting until "load"


       at helpers/page-helpers.ts:13

      11 |
      12 |   async navigate(path: string) {
    > 13 |     await this.page.goto(path);
         |                     ^
      14 |     await this.page.waitForLoadState("networkidle");
      15 |   }
      16 |
        at BasePage.navigate (/home/tbaltzakis/cloudless.gr/e2e/helpers/page-helpers.ts:13:21)
        at /home/tbaltzakis/cloudless.gr/e2e/ui/pages/admin.spec.ts:21:16

    attachment #1: screenshot (image/png) ──────────────────────────────────────────────────────────
    test-results/ui-pages-admin-Admin-Panel-a2437-ve-admin-navigation-sidebar-admin-retry1/test-failed-1.png
    ────────────────────────────────────────────────────────────────────────────────────────────────

    attachment #2: video (video/webm) ──────────────────────────────────────────────────────────────
    test-results/ui-pages-admin-Admin-Panel-a2437-ve-admin-navigation-sidebar-admin-retry1/video.webm
    ────────────────────────────────────────────────────────────────────────────────────────────────

    Error Context: test-results/ui-pages-admin-Admin-Panel-a2437-ve-admin-navigation-sidebar-admin-retry1/error-context.md

    attachment #4: trace (application/zip) ─────────────────────────────────────────────────────────
    test-results/ui-pages-admin-Admin-Panel-a2437-ve-admin-navigation-sidebar-admin-retry1/trace.zip
    Usage:

        npx playwright show-trace test-results/ui-pages-admin-Admin-Panel-a2437-ve-admin-navigation-sidebar-admin-retry1/trace.zip

    ────────────────────────────────────────────────────────────────────────────────────────────────

  486) [admin] › e2e/ui/pages/admin.spec.ts:54:7 › Admin Panel › should have main content area ─────

    Error: page.goto: net::ERR_CONNECTION_REFUSED at http://localhost:4000/en/admin
    Call log:
      - navigating to "http://localhost:4000/en/admin", waiting until "load"


       at helpers/page-helpers.ts:13

      11 |
      12 |   async navigate(path: string) {
    > 13 |     await this.page.goto(path);
         |                     ^
      14 |     await this.page.waitForLoadState("networkidle");
      15 |   }
      16 |
        at BasePage.navigate (/home/tbaltzakis/cloudless.gr/e2e/helpers/page-helpers.ts:13:21)
        at /home/tbaltzakis/cloudless.gr/e2e/ui/pages/admin.spec.ts:21:16

    attachment #1: screenshot (image/png) ──────────────────────────────────────────────────────────
    test-results/ui-pages-admin-Admin-Panel-should-have-main-content-area-admin/test-failed-1.png
    ────────────────────────────────────────────────────────────────────────────────────────────────

    attachment #2: video (video/webm) ──────────────────────────────────────────────────────────────
    test-results/ui-pages-admin-Admin-Panel-should-have-main-content-area-admin/video.webm
    ────────────────────────────────────────────────────────────────────────────────────────────────

    Error Context: test-results/ui-pages-admin-Admin-Panel-should-have-main-content-area-admin/error-context.md

    Retry #1 ───────────────────────────────────────────────────────────────────────────────────────

    Error: page.goto: net::ERR_CONNECTION_REFUSED at http://localhost:4000/en/admin
    Call log:
      - navigating to "http://localhost:4000/en/admin", waiting until "load"


       at helpers/page-helpers.ts:13

      11 |
      12 |   async navigate(path: string) {
    > 13 |     await this.page.goto(path);
         |                     ^
      14 |     await this.page.waitForLoadState("networkidle");
      15 |   }
      16 |
        at BasePage.navigate (/home/tbaltzakis/cloudless.gr/e2e/helpers/page-helpers.ts:13:21)
        at /home/tbaltzakis/cloudless.gr/e2e/ui/pages/admin.spec.ts:21:16

    attachment #1: screenshot (image/png) ──────────────────────────────────────────────────────────
    test-results/ui-pages-admin-Admin-Panel-should-have-main-content-area-admin-retry1/test-failed-1.png
    ────────────────────────────────────────────────────────────────────────────────────────────────

    attachment #2: video (video/webm) ──────────────────────────────────────────────────────────────
    test-results/ui-pages-admin-Admin-Panel-should-have-main-content-area-admin-retry1/video.webm
    ────────────────────────────────────────────────────────────────────────────────────────────────

    Error Context: test-results/ui-pages-admin-Admin-Panel-should-have-main-content-area-admin-retry1/error-context.md

    attachment #4: trace (application/zip) ─────────────────────────────────────────────────────────
    test-results/ui-pages-admin-Admin-Panel-should-have-main-content-area-admin-retry1/trace.zip
    Usage:

        npx playwright show-trace test-results/ui-pages-admin-Admin-Panel-should-have-main-content-area-admin-retry1/trace.zip

    ────────────────────────────────────────────────────────────────────────────────────────────────

  487) [admin] › e2e/ui/pages/admin.spec.ts:59:7 › Admin Panel › should show admin overview widgets or cards 

    Error: page.goto: net::ERR_CONNECTION_REFUSED at http://localhost:4000/en/admin
    Call log:
      - navigating to "http://localhost:4000/en/admin", waiting until "load"


       at helpers/page-helpers.ts:13

      11 |
      12 |   async navigate(path: string) {
    > 13 |     await this.page.goto(path);
         |                     ^
      14 |     await this.page.waitForLoadState("networkidle");
      15 |   }
      16 |
        at BasePage.navigate (/home/tbaltzakis/cloudless.gr/e2e/helpers/page-helpers.ts:13:21)
        at /home/tbaltzakis/cloudless.gr/e2e/ui/pages/admin.spec.ts:21:16

    attachment #1: screenshot (image/png) ──────────────────────────────────────────────────────────
    test-results/ui-pages-admin-Admin-Panel-e02ca-n-overview-widgets-or-cards-admin/test-failed-1.png
    ────────────────────────────────────────────────────────────────────────────────────────────────

    attachment #2: video (video/webm) ──────────────────────────────────────────────────────────────
    test-results/ui-pages-admin-Admin-Panel-e02ca-n-overview-widgets-or-cards-admin/video.webm
    ────────────────────────────────────────────────────────────────────────────────────────────────

    Error Context: test-results/ui-pages-admin-Admin-Panel-e02ca-n-overview-widgets-or-cards-admin/error-context.md

    Retry #1 ───────────────────────────────────────────────────────────────────────────────────────

    Error: page.goto: net::ERR_CONNECTION_REFUSED at http://localhost:4000/en/admin
    Call log:
      - navigating to "http://localhost:4000/en/admin", waiting until "load"


       at helpers/page-helpers.ts:13

      11 |
      12 |   async navigate(path: string) {
    > 13 |     await this.page.goto(path);
         |                     ^
      14 |     await this.page.waitForLoadState("networkidle");
      15 |   }
      16 |
        at BasePage.navigate (/home/tbaltzakis/cloudless.gr/e2e/helpers/page-helpers.ts:13:21)
        at /home/tbaltzakis/cloudless.gr/e2e/ui/pages/admin.spec.ts:21:16

    attachment #1: screenshot (image/png) ──────────────────────────────────────────────────────────
    test-results/ui-pages-admin-Admin-Panel-e02ca-n-overview-widgets-or-cards-admin-retry1/test-failed-1.png
    ────────────────────────────────────────────────────────────────────────────────────────────────

    attachment #2: video (video/webm) ──────────────────────────────────────────────────────────────
    test-results/ui-pages-admin-Admin-Panel-e02ca-n-overview-widgets-or-cards-admin-retry1/video.webm
    ────────────────────────────────────────────────────────────────────────────────────────────────

    Error Context: test-results/ui-pages-admin-Admin-Panel-e02ca-n-overview-widgets-or-cards-admin-retry1/error-context.md

    attachment #4: trace (application/zip) ─────────────────────────────────────────────────────────
    test-results/ui-pages-admin-Admin-Panel-e02ca-n-overview-widgets-or-cards-admin-retry1/trace.zip
    Usage:

        npx playwright show-trace test-results/ui-pages-admin-Admin-Panel-e02ca-n-overview-widgets-or-cards-admin-retry1/trace.zip

    ────────────────────────────────────────────────────────────────────────────────────────────────

  488) [admin] › e2e/ui/pages/admin.spec.ts:71:7 › Admin Panel › should show action queue or stats ─

    Error: page.goto: net::ERR_CONNECTION_REFUSED at http://localhost:4000/en/admin
    Call log:
      - navigating to "http://localhost:4000/en/admin", waiting until "load"


       at helpers/page-helpers.ts:13

      11 |
      12 |   async navigate(path: string) {
    > 13 |     await this.page.goto(path);
         |                     ^
      14 |     await this.page.waitForLoadState("networkidle");
      15 |   }
      16 |
        at BasePage.navigate (/home/tbaltzakis/cloudless.gr/e2e/helpers/page-helpers.ts:13:21)
        at /home/tbaltzakis/cloudless.gr/e2e/ui/pages/admin.spec.ts:21:16

    attachment #1: screenshot (image/png) ──────────────────────────────────────────────────────────
    test-results/ui-pages-admin-Admin-Panel-should-show-action-queue-or-stats-admin/test-failed-1.png
    ────────────────────────────────────────────────────────────────────────────────────────────────

    attachment #2: video (video/webm) ──────────────────────────────────────────────────────────────
    test-results/ui-pages-admin-Admin-Panel-should-show-action-queue-or-stats-admin/video.webm
    ────────────────────────────────────────────────────────────────────────────────────────────────

    Error Context: test-results/ui-pages-admin-Admin-Panel-should-show-action-queue-or-stats-admin/error-context.md

    Retry #1 ───────────────────────────────────────────────────────────────────────────────────────

    Error: page.goto: net::ERR_CONNECTION_REFUSED at http://localhost:4000/en/admin
    Call log:
      - navigating to "http://localhost:4000/en/admin", waiting until "load"


       at helpers/page-helpers.ts:13

      11 |
      12 |   async navigate(path: string) {
    > 13 |     await this.page.goto(path);
         |                     ^
      14 |     await this.page.waitForLoadState("networkidle");
      15 |   }
      16 |
        at BasePage.navigate (/home/tbaltzakis/cloudless.gr/e2e/helpers/page-helpers.ts:13:21)
        at /home/tbaltzakis/cloudless.gr/e2e/ui/pages/admin.spec.ts:21:16

    attachment #1: screenshot (image/png) ──────────────────────────────────────────────────────────
    test-results/ui-pages-admin-Admin-Panel-should-show-action-queue-or-stats-admin-retry1/test-failed-1.png
    ────────────────────────────────────────────────────────────────────────────────────────────────

    attachment #2: video (video/webm) ──────────────────────────────────────────────────────────────
    test-results/ui-pages-admin-Admin-Panel-should-show-action-queue-or-stats-admin-retry1/video.webm
    ────────────────────────────────────────────────────────────────────────────────────────────────

    Error Context: test-results/ui-pages-admin-Admin-Panel-should-show-action-queue-or-stats-admin-retry1/error-context.md

    attachment #4: trace (application/zip) ─────────────────────────────────────────────────────────
    test-results/ui-pages-admin-Admin-Panel-should-show-action-queue-or-stats-admin-retry1/trace.zip
    Usage:

        npx playwright show-trace test-results/ui-pages-admin-Admin-Panel-should-show-action-queue-or-stats-admin-retry1/trace.zip

    ────────────────────────────────────────────────────────────────────────────────────────────────

  489) [admin] › e2e/ui/pages/admin.spec.ts:83:9 › Admin Panel › Navigation › should navigate to homepage 

    Error: page.goto: net::ERR_CONNECTION_REFUSED at http://localhost:4000/en/admin
    Call log:
      - navigating to "http://localhost:4000/en/admin", waiting until "load"


       at helpers/page-helpers.ts:13

      11 |
      12 |   async navigate(path: string) {
    > 13 |     await this.page.goto(path);
         |                     ^
      14 |     await this.page.waitForLoadState("networkidle");
      15 |   }
      16 |
        at BasePage.navigate (/home/tbaltzakis/cloudless.gr/e2e/helpers/page-helpers.ts:13:21)
        at /home/tbaltzakis/cloudless.gr/e2e/ui/pages/admin.spec.ts:21:16

    attachment #1: screenshot (image/png) ──────────────────────────────────────────────────────────
    test-results/ui-pages-admin-Admin-Panel-94671-should-navigate-to-homepage-admin/test-failed-1.png
    ────────────────────────────────────────────────────────────────────────────────────────────────

    attachment #2: video (video/webm) ──────────────────────────────────────────────────────────────
    test-results/ui-pages-admin-Admin-Panel-94671-should-navigate-to-homepage-admin/video.webm
    ────────────────────────────────────────────────────────────────────────────────────────────────

    Error Context: test-results/ui-pages-admin-Admin-Panel-94671-should-navigate-to-homepage-admin/error-context.md

    Retry #1 ───────────────────────────────────────────────────────────────────────────────────────

    Error: page.goto: net::ERR_CONNECTION_REFUSED at http://localhost:4000/en/admin
    Call log:
      - navigating to "http://localhost:4000/en/admin", waiting until "load"


       at helpers/page-helpers.ts:13

      11 |
      12 |   async navigate(path: string) {
    > 13 |     await this.page.goto(path);
         |                     ^
      14 |     await this.page.waitForLoadState("networkidle");
      15 |   }
      16 |
        at BasePage.navigate (/home/tbaltzakis/cloudless.gr/e2e/helpers/page-helpers.ts:13:21)
        at /home/tbaltzakis/cloudless.gr/e2e/ui/pages/admin.spec.ts:21:16

    attachment #1: screenshot (image/png) ──────────────────────────────────────────────────────────
    test-results/ui-pages-admin-Admin-Panel-94671-should-navigate-to-homepage-admin-retry1/test-failed-1.png
    ────────────────────────────────────────────────────────────────────────────────────────────────

    attachment #2: video (video/webm) ──────────────────────────────────────────────────────────────
    test-results/ui-pages-admin-Admin-Panel-94671-should-navigate-to-homepage-admin-retry1/video.webm
    ────────────────────────────────────────────────────────────────────────────────────────────────

    Error Context: test-results/ui-pages-admin-Admin-Panel-94671-should-navigate-to-homepage-admin-retry1/error-context.md

    attachment #4: trace (application/zip) ─────────────────────────────────────────────────────────
    test-results/ui-pages-admin-Admin-Panel-94671-should-navigate-to-homepage-admin-retry1/trace.zip
    Usage:

        npx playwright show-trace test-results/ui-pages-admin-Admin-Panel-94671-should-navigate-to-homepage-admin-retry1/trace.zip

    ────────────────────────────────────────────────────────────────────────────────────────────────

  490) [admin] › e2e/ui/pages/admin.spec.ts:93:9 › Admin Panel › Navigation › should navigate to dashboard 

    Error: page.goto: net::ERR_CONNECTION_REFUSED at http://localhost:4000/en/admin
    Call log:
      - navigating to "http://localhost:4000/en/admin", waiting until "load"


       at helpers/page-helpers.ts:13

      11 |
      12 |   async navigate(path: string) {
    > 13 |     await this.page.goto(path);
         |                     ^
      14 |     await this.page.waitForLoadState("networkidle");
      15 |   }
      16 |
        at BasePage.navigate (/home/tbaltzakis/cloudless.gr/e2e/helpers/page-helpers.ts:13:21)
        at /home/tbaltzakis/cloudless.gr/e2e/ui/pages/admin.spec.ts:21:16

    attachment #1: screenshot (image/png) ──────────────────────────────────────────────────────────
    test-results/ui-pages-admin-Admin-Panel-42c31-hould-navigate-to-dashboard-admin/test-failed-1.png
    ────────────────────────────────────────────────────────────────────────────────────────────────

    attachment #2: video (video/webm) ──────────────────────────────────────────────────────────────
    test-results/ui-pages-admin-Admin-Panel-42c31-hould-navigate-to-dashboard-admin/video.webm
    ────────────────────────────────────────────────────────────────────────────────────────────────

    Error Context: test-results/ui-pages-admin-Admin-Panel-42c31-hould-navigate-to-dashboard-admin/error-context.md

    Retry #1 ───────────────────────────────────────────────────────────────────────────────────────

    Error: page.goto: net::ERR_CONNECTION_REFUSED at http://localhost:4000/en/admin
    Call log:
      - navigating to "http://localhost:4000/en/admin", waiting until "load"


       at helpers/page-helpers.ts:13

      11 |
      12 |   async navigate(path: string) {
    > 13 |     await this.page.goto(path);
         |                     ^
      14 |     await this.page.waitForLoadState("networkidle");
      15 |   }
      16 |
        at BasePage.navigate (/home/tbaltzakis/cloudless.gr/e2e/helpers/page-helpers.ts:13:21)
        at /home/tbaltzakis/cloudless.gr/e2e/ui/pages/admin.spec.ts:21:16

    attachment #1: screenshot (image/png) ──────────────────────────────────────────────────────────
    test-results/ui-pages-admin-Admin-Panel-42c31-hould-navigate-to-dashboard-admin-retry1/test-failed-1.png
    ────────────────────────────────────────────────────────────────────────────────────────────────

    attachment #2: video (video/webm) ──────────────────────────────────────────────────────────────
    test-results/ui-pages-admin-Admin-Panel-42c31-hould-navigate-to-dashboard-admin-retry1/video.webm
    ────────────────────────────────────────────────────────────────────────────────────────────────

    Error Context: test-results/ui-pages-admin-Admin-Panel-42c31-hould-navigate-to-dashboard-admin-retry1/error-context.md

    attachment #4: trace (application/zip) ─────────────────────────────────────────────────────────
    test-results/ui-pages-admin-Admin-Panel-42c31-hould-navigate-to-dashboard-admin-retry1/trace.zip
    Usage:

        npx playwright show-trace test-results/ui-pages-admin-Admin-Panel-42c31-hould-navigate-to-dashboard-admin-retry1/trace.zip

    ────────────────────────────────────────────────────────────────────────────────────────────────

  491) [admin] › e2e/ui/pages/admin.spec.ts:100:9 › Admin Panel › Navigation › should navigate to users management 

    Error: page.goto: net::ERR_CONNECTION_REFUSED at http://localhost:4000/en/admin
    Call log:
      - navigating to "http://localhost:4000/en/admin", waiting until "load"


       at helpers/page-helpers.ts:13

      11 |
      12 |   async navigate(path: string) {
    > 13 |     await this.page.goto(path);
         |                     ^
      14 |     await this.page.waitForLoadState("networkidle");
      15 |   }
      16 |
        at BasePage.navigate (/home/tbaltzakis/cloudless.gr/e2e/helpers/page-helpers.ts:13:21)
        at /home/tbaltzakis/cloudless.gr/e2e/ui/pages/admin.spec.ts:21:16

    attachment #1: screenshot (image/png) ──────────────────────────────────────────────────────────
    test-results/ui-pages-admin-Admin-Panel-c63c9-avigate-to-users-management-admin/test-failed-1.png
    ────────────────────────────────────────────────────────────────────────────────────────────────

    attachment #2: video (video/webm) ──────────────────────────────────────────────────────────────
    test-results/ui-pages-admin-Admin-Panel-c63c9-avigate-to-users-management-admin/video.webm
    ────────────────────────────────────────────────────────────────────────────────────────────────

    Error Context: test-results/ui-pages-admin-Admin-Panel-c63c9-avigate-to-users-management-admin/error-context.md

    Retry #1 ───────────────────────────────────────────────────────────────────────────────────────

    Error: page.goto: net::ERR_CONNECTION_REFUSED at http://localhost:4000/en/admin
    Call log:
      - navigating to "http://localhost:4000/en/admin", waiting until "load"


       at helpers/page-helpers.ts:13

      11 |
      12 |   async navigate(path: string) {
    > 13 |     await this.page.goto(path);
         |                     ^
      14 |     await this.page.waitForLoadState("networkidle");
      15 |   }
      16 |
        at BasePage.navigate (/home/tbaltzakis/cloudless.gr/e2e/helpers/page-helpers.ts:13:21)
        at /home/tbaltzakis/cloudless.gr/e2e/ui/pages/admin.spec.ts:21:16

    attachment #1: screenshot (image/png) ──────────────────────────────────────────────────────────
    test-results/ui-pages-admin-Admin-Panel-c63c9-avigate-to-users-management-admin-retry1/test-failed-1.png
    ────────────────────────────────────────────────────────────────────────────────────────────────

    attachment #2: video (video/webm) ──────────────────────────────────────────────────────────────
    test-results/ui-pages-admin-Admin-Panel-c63c9-avigate-to-users-management-admin-retry1/video.webm
    ────────────────────────────────────────────────────────────────────────────────────────────────

    Error Context: test-results/ui-pages-admin-Admin-Panel-c63c9-avigate-to-users-management-admin-retry1/error-context.md

    attachment #4: trace (application/zip) ─────────────────────────────────────────────────────────
    test-results/ui-pages-admin-Admin-Panel-c63c9-avigate-to-users-management-admin-retry1/trace.zip
    Usage:

        npx playwright show-trace test-results/ui-pages-admin-Admin-Panel-c63c9-avigate-to-users-management-admin-retry1/trace.zip

    ────────────────────────────────────────────────────────────────────────────────────────────────

  492) [admin] › e2e/ui/pages/admin.spec.ts:110:9 › Admin Panel › Navigation › should navigate to orders management 

    Error: page.goto: net::ERR_CONNECTION_REFUSED at http://localhost:4000/en/admin
    Call log:
      - navigating to "http://localhost:4000/en/admin", waiting until "load"


       at helpers/page-helpers.ts:13

      11 |
      12 |   async navigate(path: string) {
    > 13 |     await this.page.goto(path);
         |                     ^
      14 |     await this.page.waitForLoadState("networkidle");
      15 |   }
      16 |
        at BasePage.navigate (/home/tbaltzakis/cloudless.gr/e2e/helpers/page-helpers.ts:13:21)
        at /home/tbaltzakis/cloudless.gr/e2e/ui/pages/admin.spec.ts:21:16

    attachment #1: screenshot (image/png) ──────────────────────────────────────────────────────────
    test-results/ui-pages-admin-Admin-Panel-982b4-vigate-to-orders-management-admin/test-failed-1.png
    ────────────────────────────────────────────────────────────────────────────────────────────────

    attachment #2: video (video/webm) ──────────────────────────────────────────────────────────────
    test-results/ui-pages-admin-Admin-Panel-982b4-vigate-to-orders-management-admin/video.webm
    ────────────────────────────────────────────────────────────────────────────────────────────────

    Error Context: test-results/ui-pages-admin-Admin-Panel-982b4-vigate-to-orders-management-admin/error-context.md

    Retry #1 ───────────────────────────────────────────────────────────────────────────────────────

    Error: page.goto: net::ERR_CONNECTION_REFUSED at http://localhost:4000/en/admin
    Call log:
      - navigating to "http://localhost:4000/en/admin", waiting until "load"


       at helpers/page-helpers.ts:13

      11 |
      12 |   async navigate(path: string) {
    > 13 |     await this.page.goto(path);
         |                     ^
      14 |     await this.page.waitForLoadState("networkidle");
      15 |   }
      16 |
        at BasePage.navigate (/home/tbaltzakis/cloudless.gr/e2e/helpers/page-helpers.ts:13:21)
        at /home/tbaltzakis/cloudless.gr/e2e/ui/pages/admin.spec.ts:21:16

    attachment #1: screenshot (image/png) ──────────────────────────────────────────────────────────
    test-results/ui-pages-admin-Admin-Panel-982b4-vigate-to-orders-management-admin-retry1/test-failed-1.png
    ────────────────────────────────────────────────────────────────────────────────────────────────

    attachment #2: video (video/webm) ──────────────────────────────────────────────────────────────
    test-results/ui-pages-admin-Admin-Panel-982b4-vigate-to-orders-management-admin-retry1/video.webm
    ────────────────────────────────────────────────────────────────────────────────────────────────

    Error Context: test-results/ui-pages-admin-Admin-Panel-982b4-vigate-to-orders-management-admin-retry1/error-context.md

    attachment #4: trace (application/zip) ─────────────────────────────────────────────────────────
    test-results/ui-pages-admin-Admin-Panel-982b4-vigate-to-orders-management-admin-retry1/trace.zip
    Usage:

        npx playwright show-trace test-results/ui-pages-admin-Admin-Panel-982b4-vigate-to-orders-management-admin-retry1/trace.zip

    ────────────────────────────────────────────────────────────────────────────────────────────────

  493) [admin] › e2e/ui/pages/admin.spec.ts:120:9 › Admin Panel › Navigation › should navigate to settings 

    Error: page.goto: net::ERR_CONNECTION_REFUSED at http://localhost:4000/en/admin
    Call log:
      - navigating to "http://localhost:4000/en/admin", waiting until "load"


       at helpers/page-helpers.ts:13

      11 |
      12 |   async navigate(path: string) {
    > 13 |     await this.page.goto(path);
         |                     ^
      14 |     await this.page.waitForLoadState("networkidle");
      15 |   }
      16 |
        at BasePage.navigate (/home/tbaltzakis/cloudless.gr/e2e/helpers/page-helpers.ts:13:21)
        at /home/tbaltzakis/cloudless.gr/e2e/ui/pages/admin.spec.ts:21:16

    attachment #1: screenshot (image/png) ──────────────────────────────────────────────────────────
    test-results/ui-pages-admin-Admin-Panel-729a8-should-navigate-to-settings-admin/test-failed-1.png
    ────────────────────────────────────────────────────────────────────────────────────────────────

    attachment #2: video (video/webm) ──────────────────────────────────────────────────────────────
    test-results/ui-pages-admin-Admin-Panel-729a8-should-navigate-to-settings-admin/video.webm
    ────────────────────────────────────────────────────────────────────────────────────────────────

    Error Context: test-results/ui-pages-admin-Admin-Panel-729a8-should-navigate-to-settings-admin/error-context.md

    Retry #1 ───────────────────────────────────────────────────────────────────────────────────────

    Error: page.goto: net::ERR_CONNECTION_REFUSED at http://localhost:4000/en/admin
    Call log:
      - navigating to "http://localhost:4000/en/admin", waiting until "load"


       at helpers/page-helpers.ts:13

      11 |
      12 |   async navigate(path: string) {
    > 13 |     await this.page.goto(path);
         |                     ^
      14 |     await this.page.waitForLoadState("networkidle");
      15 |   }
      16 |
        at BasePage.navigate (/home/tbaltzakis/cloudless.gr/e2e/helpers/page-helpers.ts:13:21)
        at /home/tbaltzakis/cloudless.gr/e2e/ui/pages/admin.spec.ts:21:16

    attachment #1: screenshot (image/png) ──────────────────────────────────────────────────────────
    test-results/ui-pages-admin-Admin-Panel-729a8-should-navigate-to-settings-admin-retry1/test-failed-1.png
    ────────────────────────────────────────────────────────────────────────────────────────────────

    attachment #2: video (video/webm) ──────────────────────────────────────────────────────────────
    test-results/ui-pages-admin-Admin-Panel-729a8-should-navigate-to-settings-admin-retry1/video.webm
    ────────────────────────────────────────────────────────────────────────────────────────────────

    Error Context: test-results/ui-pages-admin-Admin-Panel-729a8-should-navigate-to-settings-admin-retry1/error-context.md

    attachment #4: trace (application/zip) ─────────────────────────────────────────────────────────
    test-results/ui-pages-admin-Admin-Panel-729a8-should-navigate-to-settings-admin-retry1/trace.zip
    Usage:

        npx playwright show-trace test-results/ui-pages-admin-Admin-Panel-729a8-should-navigate-to-settings-admin-retry1/trace.zip

    ────────────────────────────────────────────────────────────────────────────────────────────────

  494) [admin] › e2e/ui/pages/admin.spec.ts:130:9 › Admin Panel › Navigation › should navigate to leads 

    Error: page.goto: net::ERR_CONNECTION_REFUSED at http://localhost:4000/en/admin
    Call log:
      - navigating to "http://localhost:4000/en/admin", waiting until "load"


       at helpers/page-helpers.ts:13

      11 |
      12 |   async navigate(path: string) {
    > 13 |     await this.page.goto(path);
         |                     ^
      14 |     await this.page.waitForLoadState("networkidle");
      15 |   }
      16 |
        at BasePage.navigate (/home/tbaltzakis/cloudless.gr/e2e/helpers/page-helpers.ts:13:21)
        at /home/tbaltzakis/cloudless.gr/e2e/ui/pages/admin.spec.ts:21:16

    attachment #1: screenshot (image/png) ──────────────────────────────────────────────────────────
    test-results/ui-pages-admin-Admin-Panel-cc73c-on-should-navigate-to-leads-admin/test-failed-1.png
    ────────────────────────────────────────────────────────────────────────────────────────────────

    attachment #2: video (video/webm) ──────────────────────────────────────────────────────────────
    test-results/ui-pages-admin-Admin-Panel-cc73c-on-should-navigate-to-leads-admin/video.webm
    ────────────────────────────────────────────────────────────────────────────────────────────────

    Error Context: test-results/ui-pages-admin-Admin-Panel-cc73c-on-should-navigate-to-leads-admin/error-context.md

    Retry #1 ───────────────────────────────────────────────────────────────────────────────────────

    Error: page.goto: net::ERR_CONNECTION_REFUSED at http://localhost:4000/en/admin
    Call log:
      - navigating to "http://localhost:4000/en/admin", waiting until "load"


       at helpers/page-helpers.ts:13

      11 |
      12 |   async navigate(path: string) {
    > 13 |     await this.page.goto(path);
         |                     ^
      14 |     await this.page.waitForLoadState("networkidle");
      15 |   }
      16 |
        at BasePage.navigate (/home/tbaltzakis/cloudless.gr/e2e/helpers/page-helpers.ts:13:21)
        at /home/tbaltzakis/cloudless.gr/e2e/ui/pages/admin.spec.ts:21:16

    attachment #1: screenshot (image/png) ──────────────────────────────────────────────────────────
    test-results/ui-pages-admin-Admin-Panel-cc73c-on-should-navigate-to-leads-admin-retry1/test-failed-1.png
    ────────────────────────────────────────────────────────────────────────────────────────────────

    attachment #2: video (video/webm) ──────────────────────────────────────────────────────────────
    test-results/ui-pages-admin-Admin-Panel-cc73c-on-should-navigate-to-leads-admin-retry1/video.webm
    ────────────────────────────────────────────────────────────────────────────────────────────────

    Error Context: test-results/ui-pages-admin-Admin-Panel-cc73c-on-should-navigate-to-leads-admin-retry1/error-context.md

    attachment #4: trace (application/zip) ─────────────────────────────────────────────────────────
    test-results/ui-pages-admin-Admin-Panel-cc73c-on-should-navigate-to-leads-admin-retry1/trace.zip
    Usage:

        npx playwright show-trace test-results/ui-pages-admin-Admin-Panel-cc73c-on-should-navigate-to-leads-admin-retry1/trace.zip

    ────────────────────────────────────────────────────────────────────────────────────────────────

  495) [admin] › e2e/ui/pages/admin.spec.ts:142:9 › Admin Panel › Authentication › should redirect to login if not authenticated 

    Error: page.goto: net::ERR_CONNECTION_REFUSED at http://localhost:4000/en/admin
    Call log:
      - navigating to "http://localhost:4000/en/admin", waiting until "load"


       at helpers/page-helpers.ts:13

      11 |
      12 |   async navigate(path: string) {
    > 13 |     await this.page.goto(path);
         |                     ^
      14 |     await this.page.waitForLoadState("networkidle");
      15 |   }
      16 |
        at BasePage.navigate (/home/tbaltzakis/cloudless.gr/e2e/helpers/page-helpers.ts:13:21)
        at /home/tbaltzakis/cloudless.gr/e2e/ui/pages/admin.spec.ts:21:16

    attachment #1: screenshot (image/png) ──────────────────────────────────────────────────────────
    test-results/ui-pages-admin-Admin-Panel-e635a--login-if-not-authenticated-admin/test-failed-1.png
    ────────────────────────────────────────────────────────────────────────────────────────────────

    attachment #2: video (video/webm) ──────────────────────────────────────────────────────────────
    test-results/ui-pages-admin-Admin-Panel-e635a--login-if-not-authenticated-admin/video.webm
    ────────────────────────────────────────────────────────────────────────────────────────────────

    Error Context: test-results/ui-pages-admin-Admin-Panel-e635a--login-if-not-authenticated-admin/error-context.md

    Retry #1 ───────────────────────────────────────────────────────────────────────────────────────

    Error: page.goto: net::ERR_CONNECTION_REFUSED at http://localhost:4000/en/admin
    Call log:
      - navigating to "http://localhost:4000/en/admin", waiting until "load"


       at helpers/page-helpers.ts:13

      11 |
      12 |   async navigate(path: string) {
    > 13 |     await this.page.goto(path);
         |                     ^
      14 |     await this.page.waitForLoadState("networkidle");
      15 |   }
      16 |
        at BasePage.navigate (/home/tbaltzakis/cloudless.gr/e2e/helpers/page-helpers.ts:13:21)
        at /home/tbaltzakis/cloudless.gr/e2e/ui/pages/admin.spec.ts:21:16

    attachment #1: screenshot (image/png) ──────────────────────────────────────────────────────────
    test-results/ui-pages-admin-Admin-Panel-e635a--login-if-not-authenticated-admin-retry1/test-failed-1.png
    ────────────────────────────────────────────────────────────────────────────────────────────────

    attachment #2: video (video/webm) ──────────────────────────────────────────────────────────────
    test-results/ui-pages-admin-Admin-Panel-e635a--login-if-not-authenticated-admin-retry1/video.webm
    ────────────────────────────────────────────────────────────────────────────────────────────────

    Error Context: test-results/ui-pages-admin-Admin-Panel-e635a--login-if-not-authenticated-admin-retry1/error-context.md

    attachment #4: trace (application/zip) ─────────────────────────────────────────────────────────
    test-results/ui-pages-admin-Admin-Panel-e635a--login-if-not-authenticated-admin-retry1/trace.zip
    Usage:

        npx playwright show-trace test-results/ui-pages-admin-Admin-Panel-e635a--login-if-not-authenticated-admin-retry1/trace.zip

    ────────────────────────────────────────────────────────────────────────────────────────────────

  496) [admin] › e2e/ui/pages/admin.spec.ts:149:9 › Admin Panel › Authentication › should redirect to dashboard if not admin 

    Error: page.goto: net::ERR_CONNECTION_REFUSED at http://localhost:4000/en/admin
    Call log:
      - navigating to "http://localhost:4000/en/admin", waiting until "load"


       at helpers/page-helpers.ts:13

      11 |
      12 |   async navigate(path: string) {
    > 13 |     await this.page.goto(path);
         |                     ^
      14 |     await this.page.waitForLoadState("networkidle");
      15 |   }
      16 |
        at BasePage.navigate (/home/tbaltzakis/cloudless.gr/e2e/helpers/page-helpers.ts:13:21)
        at /home/tbaltzakis/cloudless.gr/e2e/ui/pages/admin.spec.ts:21:16

    attachment #1: screenshot (image/png) ──────────────────────────────────────────────────────────
    test-results/ui-pages-admin-Admin-Panel-a0485-t-to-dashboard-if-not-admin-admin/test-failed-1.png
    ────────────────────────────────────────────────────────────────────────────────────────────────

    attachment #2: video (video/webm) ──────────────────────────────────────────────────────────────
    test-results/ui-pages-admin-Admin-Panel-a0485-t-to-dashboard-if-not-admin-admin/video.webm
    ────────────────────────────────────────────────────────────────────────────────────────────────

    Error Context: test-results/ui-pages-admin-Admin-Panel-a0485-t-to-dashboard-if-not-admin-admin/error-context.md

    Retry #1 ───────────────────────────────────────────────────────────────────────────────────────

    Error: page.goto: net::ERR_CONNECTION_REFUSED at http://localhost:4000/en/admin
    Call log:
      - navigating to "http://localhost:4000/en/admin", waiting until "load"


       at helpers/page-helpers.ts:13

      11 |
      12 |   async navigate(path: string) {
    > 13 |     await this.page.goto(path);
         |                     ^
      14 |     await this.page.waitForLoadState("networkidle");
      15 |   }
      16 |
        at BasePage.navigate (/home/tbaltzakis/cloudless.gr/e2e/helpers/page-helpers.ts:13:21)
        at /home/tbaltzakis/cloudless.gr/e2e/ui/pages/admin.spec.ts:21:16

    attachment #1: screenshot (image/png) ──────────────────────────────────────────────────────────
    test-results/ui-pages-admin-Admin-Panel-a0485-t-to-dashboard-if-not-admin-admin-retry1/test-failed-1.png
    ────────────────────────────────────────────────────────────────────────────────────────────────

    attachment #2: video (video/webm) ──────────────────────────────────────────────────────────────
    test-results/ui-pages-admin-Admin-Panel-a0485-t-to-dashboard-if-not-admin-admin-retry1/video.webm
    ────────────────────────────────────────────────────────────────────────────────────────────────

    Error Context: test-results/ui-pages-admin-Admin-Panel-a0485-t-to-dashboard-if-not-admin-admin-retry1/error-context.md

    attachment #4: trace (application/zip) ─────────────────────────────────────────────────────────
    test-results/ui-pages-admin-Admin-Panel-a0485-t-to-dashboard-if-not-admin-admin-retry1/trace.zip
    Usage:

        npx playwright show-trace test-results/ui-pages-admin-Admin-Panel-a0485-t-to-dashboard-if-not-admin-admin-retry1/trace.zip

    ────────────────────────────────────────────────────────────────────────────────────────────────

  497) [admin] › e2e/ui/pages/admin.spec.ts:157:9 › Admin Panel › Responsive Design › should render correctly on mobile 

    Error: page.goto: net::ERR_CONNECTION_REFUSED at http://localhost:4000/en/admin
    Call log:
      - navigating to "http://localhost:4000/en/admin", waiting until "load"


       at helpers/page-helpers.ts:13

      11 |
      12 |   async navigate(path: string) {
    > 13 |     await this.page.goto(path);
         |                     ^
      14 |     await this.page.waitForLoadState("networkidle");
      15 |   }
      16 |
        at BasePage.navigate (/home/tbaltzakis/cloudless.gr/e2e/helpers/page-helpers.ts:13:21)
        at /home/tbaltzakis/cloudless.gr/e2e/ui/pages/admin.spec.ts:21:16

    attachment #1: screenshot (image/png) ──────────────────────────────────────────────────────────
    test-results/ui-pages-admin-Admin-Panel-d3068--render-correctly-on-mobile-admin/test-failed-1.png
    ────────────────────────────────────────────────────────────────────────────────────────────────

    attachment #2: video (video/webm) ──────────────────────────────────────────────────────────────
    test-results/ui-pages-admin-Admin-Panel-d3068--render-correctly-on-mobile-admin/video.webm
    ────────────────────────────────────────────────────────────────────────────────────────────────

    Error Context: test-results/ui-pages-admin-Admin-Panel-d3068--render-correctly-on-mobile-admin/error-context.md

    Retry #1 ───────────────────────────────────────────────────────────────────────────────────────

    Error: page.goto: net::ERR_CONNECTION_REFUSED at http://localhost:4000/en/admin
    Call log:
      - navigating to "http://localhost:4000/en/admin", waiting until "load"


       at helpers/page-helpers.ts:13

      11 |
      12 |   async navigate(path: string) {
    > 13 |     await this.page.goto(path);
         |                     ^
      14 |     await this.page.waitForLoadState("networkidle");
      15 |   }
      16 |
        at BasePage.navigate (/home/tbaltzakis/cloudless.gr/e2e/helpers/page-helpers.ts:13:21)
        at /home/tbaltzakis/cloudless.gr/e2e/ui/pages/admin.spec.ts:21:16

    attachment #1: screenshot (image/png) ──────────────────────────────────────────────────────────
    test-results/ui-pages-admin-Admin-Panel-d3068--render-correctly-on-mobile-admin-retry1/test-failed-1.png
    ────────────────────────────────────────────────────────────────────────────────────────────────

    attachment #2: video (video/webm) ──────────────────────────────────────────────────────────────
    test-results/ui-pages-admin-Admin-Panel-d3068--render-correctly-on-mobile-admin-retry1/video.webm
    ────────────────────────────────────────────────────────────────────────────────────────────────

    Error Context: test-results/ui-pages-admin-Admin-Panel-d3068--render-correctly-on-mobile-admin-retry1/error-context.md

    attachment #4: trace (application/zip) ─────────────────────────────────────────────────────────
    test-results/ui-pages-admin-Admin-Panel-d3068--render-correctly-on-mobile-admin-retry1/trace.zip
    Usage:

        npx playwright show-trace test-results/ui-pages-admin-Admin-Panel-d3068--render-correctly-on-mobile-admin-retry1/trace.zip

    ────────────────────────────────────────────────────────────────────────────────────────────────

  498) [admin] › e2e/ui/pages/admin.spec.ts:187:9 › Admin Panel › Responsive Design › should render correctly on tablet 

    Error: page.goto: net::ERR_CONNECTION_REFUSED at http://localhost:4000/en/admin
    Call log:
      - navigating to "http://localhost:4000/en/admin", waiting until "load"


       at helpers/page-helpers.ts:13

      11 |
      12 |   async navigate(path: string) {
    > 13 |     await this.page.goto(path);
         |                     ^
      14 |     await this.page.waitForLoadState("networkidle");
      15 |   }
      16 |
        at BasePage.navigate (/home/tbaltzakis/cloudless.gr/e2e/helpers/page-helpers.ts:13:21)
        at /home/tbaltzakis/cloudless.gr/e2e/ui/pages/admin.spec.ts:21:16

    attachment #1: screenshot (image/png) ──────────────────────────────────────────────────────────
    test-results/ui-pages-admin-Admin-Panel-d5cf3--render-correctly-on-tablet-admin/test-failed-1.png
    ────────────────────────────────────────────────────────────────────────────────────────────────

    attachment #2: video (video/webm) ──────────────────────────────────────────────────────────────
    test-results/ui-pages-admin-Admin-Panel-d5cf3--render-correctly-on-tablet-admin/video.webm
    ────────────────────────────────────────────────────────────────────────────────────────────────

    Error Context: test-results/ui-pages-admin-Admin-Panel-d5cf3--render-correctly-on-tablet-admin/error-context.md

    Retry #1 ───────────────────────────────────────────────────────────────────────────────────────

    Error: page.goto: net::ERR_CONNECTION_REFUSED at http://localhost:4000/en/admin
    Call log:
      - navigating to "http://localhost:4000/en/admin", waiting until "load"


       at helpers/page-helpers.ts:13

      11 |
      12 |   async navigate(path: string) {
    > 13 |     await this.page.goto(path);
         |                     ^
      14 |     await this.page.waitForLoadState("networkidle");
      15 |   }
      16 |
        at BasePage.navigate (/home/tbaltzakis/cloudless.gr/e2e/helpers/page-helpers.ts:13:21)
        at /home/tbaltzakis/cloudless.gr/e2e/ui/pages/admin.spec.ts:21:16

    attachment #1: screenshot (image/png) ──────────────────────────────────────────────────────────
    test-results/ui-pages-admin-Admin-Panel-d5cf3--render-correctly-on-tablet-admin-retry1/test-failed-1.png
    ────────────────────────────────────────────────────────────────────────────────────────────────

    attachment #2: video (video/webm) ──────────────────────────────────────────────────────────────
    test-results/ui-pages-admin-Admin-Panel-d5cf3--render-correctly-on-tablet-admin-retry1/video.webm
    ────────────────────────────────────────────────────────────────────────────────────────────────

    Error Context: test-results/ui-pages-admin-Admin-Panel-d5cf3--render-correctly-on-tablet-admin-retry1/error-context.md

    attachment #4: trace (application/zip) ─────────────────────────────────────────────────────────
    test-results/ui-pages-admin-Admin-Panel-d5cf3--render-correctly-on-tablet-admin-retry1/trace.zip
    Usage:

        npx playwright show-trace test-results/ui-pages-admin-Admin-Panel-d5cf3--render-correctly-on-tablet-admin-retry1/trace.zip

    ────────────────────────────────────────────────────────────────────────────────────────────────

  499) [admin] › e2e/ui/pages/admin.spec.ts:219:9 › Admin Panel › Responsive Design › should render correctly on desktop 

    Error: page.goto: net::ERR_CONNECTION_REFUSED at http://localhost:4000/en/admin
    Call log:
      - navigating to "http://localhost:4000/en/admin", waiting until "load"


       at helpers/page-helpers.ts:13

      11 |
      12 |   async navigate(path: string) {
    > 13 |     await this.page.goto(path);
         |                     ^
      14 |     await this.page.waitForLoadState("networkidle");
      15 |   }
      16 |
        at BasePage.navigate (/home/tbaltzakis/cloudless.gr/e2e/helpers/page-helpers.ts:13:21)
        at /home/tbaltzakis/cloudless.gr/e2e/ui/pages/admin.spec.ts:21:16

    attachment #1: screenshot (image/png) ──────────────────────────────────────────────────────────
    test-results/ui-pages-admin-Admin-Panel-c8196-render-correctly-on-desktop-admin/test-failed-1.png
    ────────────────────────────────────────────────────────────────────────────────────────────────

    attachment #2: video (video/webm) ──────────────────────────────────────────────────────────────
    test-results/ui-pages-admin-Admin-Panel-c8196-render-correctly-on-desktop-admin/video.webm
    ────────────────────────────────────────────────────────────────────────────────────────────────

    Error Context: test-results/ui-pages-admin-Admin-Panel-c8196-render-correctly-on-desktop-admin/error-context.md

    Retry #1 ───────────────────────────────────────────────────────────────────────────────────────

    Error: page.goto: net::ERR_CONNECTION_REFUSED at http://localhost:4000/en/admin
    Call log:
      - navigating to "http://localhost:4000/en/admin", waiting until "load"


       at helpers/page-helpers.ts:13

      11 |
      12 |   async navigate(path: string) {
    > 13 |     await this.page.goto(path);
         |                     ^
      14 |     await this.page.waitForLoadState("networkidle");
      15 |   }
      16 |
        at BasePage.navigate (/home/tbaltzakis/cloudless.gr/e2e/helpers/page-helpers.ts:13:21)
        at /home/tbaltzakis/cloudless.gr/e2e/ui/pages/admin.spec.ts:21:16

    attachment #1: screenshot (image/png) ──────────────────────────────────────────────────────────
    test-results/ui-pages-admin-Admin-Panel-c8196-render-correctly-on-desktop-admin-retry1/test-failed-1.png
    ────────────────────────────────────────────────────────────────────────────────────────────────

    attachment #2: video (video/webm) ──────────────────────────────────────────────────────────────
    test-results/ui-pages-admin-Admin-Panel-c8196-render-correctly-on-desktop-admin-retry1/video.webm
    ────────────────────────────────────────────────────────────────────────────────────────────────

    Error Context: test-results/ui-pages-admin-Admin-Panel-c8196-render-correctly-on-desktop-admin-retry1/error-context.md

    attachment #4: trace (application/zip) ─────────────────────────────────────────────────────────
    test-results/ui-pages-admin-Admin-Panel-c8196-render-correctly-on-desktop-admin-retry1/trace.zip
    Usage:

        npx playwright show-trace test-results/ui-pages-admin-Admin-Panel-c8196-render-correctly-on-desktop-admin-retry1/trace.zip

    ────────────────────────────────────────────────────────────────────────────────────────────────

  500) [admin] › e2e/ui/pages/admin.spec.ts:248:9 › Admin Panel › Accessibility › should have proper language attribute 

    Error: page.goto: net::ERR_CONNECTION_REFUSED at http://localhost:4000/en/admin
    Call log:
      - navigating to "http://localhost:4000/en/admin", waiting until "load"


       at helpers/page-helpers.ts:13

      11 |
      12 |   async navigate(path: string) {
    > 13 |     await this.page.goto(path);
         |                     ^
      14 |     await this.page.waitForLoadState("networkidle");
      15 |   }
      16 |
        at BasePage.navigate (/home/tbaltzakis/cloudless.gr/e2e/helpers/page-helpers.ts:13:21)
        at /home/tbaltzakis/cloudless.gr/e2e/ui/pages/admin.spec.ts:21:16

    attachment #1: screenshot (image/png) ──────────────────────────────────────────────────────────
    test-results/ui-pages-admin-Admin-Panel-81a52-e-proper-language-attribute-admin/test-failed-1.png
    ────────────────────────────────────────────────────────────────────────────────────────────────

    attachment #2: video (video/webm) ──────────────────────────────────────────────────────────────
    test-results/ui-pages-admin-Admin-Panel-81a52-e-proper-language-attribute-admin/video.webm
    ────────────────────────────────────────────────────────────────────────────────────────────────

    Error Context: test-results/ui-pages-admin-Admin-Panel-81a52-e-proper-language-attribute-admin/error-context.md

    Retry #1 ───────────────────────────────────────────────────────────────────────────────────────

    Error: page.goto: net::ERR_CONNECTION_REFUSED at http://localhost:4000/en/admin
    Call log:
      - navigating to "http://localhost:4000/en/admin", waiting until "load"


       at helpers/page-helpers.ts:13

      11 |
      12 |   async navigate(path: string) {
    > 13 |     await this.page.goto(path);
         |                     ^
      14 |     await this.page.waitForLoadState("networkidle");
      15 |   }
      16 |
        at BasePage.navigate (/home/tbaltzakis/cloudless.gr/e2e/helpers/page-helpers.ts:13:21)
        at /home/tbaltzakis/cloudless.gr/e2e/ui/pages/admin.spec.ts:21:16

    attachment #1: screenshot (image/png) ──────────────────────────────────────────────────────────
    test-results/ui-pages-admin-Admin-Panel-81a52-e-proper-language-attribute-admin-retry1/test-failed-1.png
    ────────────────────────────────────────────────────────────────────────────────────────────────

    attachment #2: video (video/webm) ──────────────────────────────────────────────────────────────
    test-results/ui-pages-admin-Admin-Panel-81a52-e-proper-language-attribute-admin-retry1/video.webm
    ────────────────────────────────────────────────────────────────────────────────────────────────

    Error Context: test-results/ui-pages-admin-Admin-Panel-81a52-e-proper-language-attribute-admin-retry1/error-context.md

    attachment #4: trace (application/zip) ─────────────────────────────────────────────────────────
    test-results/ui-pages-admin-Admin-Panel-81a52-e-proper-language-attribute-admin-retry1/trace.zip
    Usage:

        npx playwright show-trace test-results/ui-pages-admin-Admin-Panel-81a52-e-proper-language-attribute-admin-retry1/trace.zip

    ────────────────────────────────────────────────────────────────────────────────────────────────

  501) [admin] › e2e/ui/pages/admin.spec.ts:254:9 › Admin Panel › Accessibility › should have proper heading structure 

    Error: page.goto: net::ERR_CONNECTION_REFUSED at http://localhost:4000/en/admin
    Call log:
      - navigating to "http://localhost:4000/en/admin", waiting until "load"


       at helpers/page-helpers.ts:13

      11 |
      12 |   async navigate(path: string) {
    > 13 |     await this.page.goto(path);
         |                     ^
      14 |     await this.page.waitForLoadState("networkidle");
      15 |   }
      16 |
        at BasePage.navigate (/home/tbaltzakis/cloudless.gr/e2e/helpers/page-helpers.ts:13:21)
        at /home/tbaltzakis/cloudless.gr/e2e/ui/pages/admin.spec.ts:21:16

    attachment #1: screenshot (image/png) ──────────────────────────────────────────────────────────
    test-results/ui-pages-admin-Admin-Panel-90d9b-ve-proper-heading-structure-admin/test-failed-1.png
    ────────────────────────────────────────────────────────────────────────────────────────────────

    attachment #2: video (video/webm) ──────────────────────────────────────────────────────────────
    test-results/ui-pages-admin-Admin-Panel-90d9b-ve-proper-heading-structure-admin/video.webm
    ────────────────────────────────────────────────────────────────────────────────────────────────

    Error Context: test-results/ui-pages-admin-Admin-Panel-90d9b-ve-proper-heading-structure-admin/error-context.md

    Retry #1 ───────────────────────────────────────────────────────────────────────────────────────

    Error: page.goto: net::ERR_CONNECTION_REFUSED at http://localhost:4000/en/admin
    Call log:
      - navigating to "http://localhost:4000/en/admin", waiting until "load"


       at helpers/page-helpers.ts:13

      11 |
      12 |   async navigate(path: string) {
    > 13 |     await this.page.goto(path);
         |                     ^
      14 |     await this.page.waitForLoadState("networkidle");
      15 |   }
      16 |
        at BasePage.navigate (/home/tbaltzakis/cloudless.gr/e2e/helpers/page-helpers.ts:13:21)
        at /home/tbaltzakis/cloudless.gr/e2e/ui/pages/admin.spec.ts:21:16

    attachment #1: screenshot (image/png) ──────────────────────────────────────────────────────────
    test-results/ui-pages-admin-Admin-Panel-90d9b-ve-proper-heading-structure-admin-retry1/test-failed-1.png
    ────────────────────────────────────────────────────────────────────────────────────────────────

    attachment #2: video (video/webm) ──────────────────────────────────────────────────────────────
    test-results/ui-pages-admin-Admin-Panel-90d9b-ve-proper-heading-structure-admin-retry1/video.webm
    ────────────────────────────────────────────────────────────────────────────────────────────────

    Error Context: test-results/ui-pages-admin-Admin-Panel-90d9b-ve-proper-heading-structure-admin-retry1/error-context.md

    attachment #4: trace (application/zip) ─────────────────────────────────────────────────────────
    test-results/ui-pages-admin-Admin-Panel-90d9b-ve-proper-heading-structure-admin-retry1/trace.zip
    Usage:

        npx playwright show-trace test-results/ui-pages-admin-Admin-Panel-90d9b-ve-proper-heading-structure-admin-retry1/trace.zip

    ────────────────────────────────────────────────────────────────────────────────────────────────

  502) [admin] › e2e/ui/pages/admin.spec.ts:272:9 › Admin Panel › Accessibility › should have accessible navigation 

    Error: page.goto: net::ERR_CONNECTION_REFUSED at http://localhost:4000/en/admin
    Call log:
      - navigating to "http://localhost:4000/en/admin", waiting until "load"


       at helpers/page-helpers.ts:13

      11 |
      12 |   async navigate(path: string) {
    > 13 |     await this.page.goto(path);
         |                     ^
      14 |     await this.page.waitForLoadState("networkidle");
      15 |   }
      16 |
        at BasePage.navigate (/home/tbaltzakis/cloudless.gr/e2e/helpers/page-helpers.ts:13:21)
        at /home/tbaltzakis/cloudless.gr/e2e/ui/pages/admin.spec.ts:21:16

    attachment #1: screenshot (image/png) ──────────────────────────────────────────────────────────
    test-results/ui-pages-admin-Admin-Panel-015cd--have-accessible-navigation-admin/test-failed-1.png
    ────────────────────────────────────────────────────────────────────────────────────────────────

    attachment #2: video (video/webm) ──────────────────────────────────────────────────────────────
    test-results/ui-pages-admin-Admin-Panel-015cd--have-accessible-navigation-admin/video.webm
    ────────────────────────────────────────────────────────────────────────────────────────────────

    Error Context: test-results/ui-pages-admin-Admin-Panel-015cd--have-accessible-navigation-admin/error-context.md

    Retry #1 ───────────────────────────────────────────────────────────────────────────────────────

    Error: page.goto: net::ERR_CONNECTION_REFUSED at http://localhost:4000/en/admin
    Call log:
      - navigating to "http://localhost:4000/en/admin", waiting until "load"


       at helpers/page-helpers.ts:13

      11 |
      12 |   async navigate(path: string) {
    > 13 |     await this.page.goto(path);
         |                     ^
      14 |     await this.page.waitForLoadState("networkidle");
      15 |   }
      16 |
        at BasePage.navigate (/home/tbaltzakis/cloudless.gr/e2e/helpers/page-helpers.ts:13:21)
        at /home/tbaltzakis/cloudless.gr/e2e/ui/pages/admin.spec.ts:21:16

    attachment #1: screenshot (image/png) ──────────────────────────────────────────────────────────
    test-results/ui-pages-admin-Admin-Panel-015cd--have-accessible-navigation-admin-retry1/test-failed-1.png
    ────────────────────────────────────────────────────────────────────────────────────────────────

    attachment #2: video (video/webm) ──────────────────────────────────────────────────────────────
    test-results/ui-pages-admin-Admin-Panel-015cd--have-accessible-navigation-admin-retry1/video.webm
    ────────────────────────────────────────────────────────────────────────────────────────────────

    Error Context: test-results/ui-pages-admin-Admin-Panel-015cd--have-accessible-navigation-admin-retry1/error-context.md

    attachment #4: trace (application/zip) ─────────────────────────────────────────────────────────
    test-results/ui-pages-admin-Admin-Panel-015cd--have-accessible-navigation-admin-retry1/trace.zip
    Usage:

        npx playwright show-trace test-results/ui-pages-admin-Admin-Panel-015cd--have-accessible-navigation-admin-retry1/trace.zip

    ────────────────────────────────────────────────────────────────────────────────────────────────

  503) [admin] › e2e/ui/pages/admin.spec.ts:313:9 › Admin Panel › Accessibility › should have accessible cards/quick actions 

    Error: page.goto: net::ERR_CONNECTION_REFUSED at http://localhost:4000/en/admin
    Call log:
      - navigating to "http://localhost:4000/en/admin", waiting until "load"


       at helpers/page-helpers.ts:13

      11 |
      12 |   async navigate(path: string) {
    > 13 |     await this.page.goto(path);
         |                     ^
      14 |     await this.page.waitForLoadState("networkidle");
      15 |   }
      16 |
        at BasePage.navigate (/home/tbaltzakis/cloudless.gr/e2e/helpers/page-helpers.ts:13:21)
        at /home/tbaltzakis/cloudless.gr/e2e/ui/pages/admin.spec.ts:21:16

    attachment #1: screenshot (image/png) ──────────────────────────────────────────────────────────
    test-results/ui-pages-admin-Admin-Panel-0a4ae-essible-cards-quick-actions-admin/test-failed-1.png
    ────────────────────────────────────────────────────────────────────────────────────────────────

    attachment #2: video (video/webm) ──────────────────────────────────────────────────────────────
    test-results/ui-pages-admin-Admin-Panel-0a4ae-essible-cards-quick-actions-admin/video.webm
    ────────────────────────────────────────────────────────────────────────────────────────────────

    Error Context: test-results/ui-pages-admin-Admin-Panel-0a4ae-essible-cards-quick-actions-admin/error-context.md

    Retry #1 ───────────────────────────────────────────────────────────────────────────────────────

    Error: page.goto: net::ERR_CONNECTION_REFUSED at http://localhost:4000/en/admin
    Call log:
      - navigating to "http://localhost:4000/en/admin", waiting until "load"


       at helpers/page-helpers.ts:13

      11 |
      12 |   async navigate(path: string) {
    > 13 |     await this.page.goto(path);
         |                     ^
      14 |     await this.page.waitForLoadState("networkidle");
      15 |   }
      16 |
        at BasePage.navigate (/home/tbaltzakis/cloudless.gr/e2e/helpers/page-helpers.ts:13:21)
        at /home/tbaltzakis/cloudless.gr/e2e/ui/pages/admin.spec.ts:21:16

    attachment #1: screenshot (image/png) ──────────────────────────────────────────────────────────
    test-results/ui-pages-admin-Admin-Panel-0a4ae-essible-cards-quick-actions-admin-retry1/test-failed-1.png
    ────────────────────────────────────────────────────────────────────────────────────────────────

    attachment #2: video (video/webm) ──────────────────────────────────────────────────────────────
    test-results/ui-pages-admin-Admin-Panel-0a4ae-essible-cards-quick-actions-admin-retry1/video.webm
    ────────────────────────────────────────────────────────────────────────────────────────────────

    Error Context: test-results/ui-pages-admin-Admin-Panel-0a4ae-essible-cards-quick-actions-admin-retry1/error-context.md

    attachment #4: trace (application/zip) ─────────────────────────────────────────────────────────
    test-results/ui-pages-admin-Admin-Panel-0a4ae-essible-cards-quick-actions-admin-retry1/trace.zip
    Usage:

        npx playwright show-trace test-results/ui-pages-admin-Admin-Panel-0a4ae-essible-cards-quick-actions-admin-retry1/trace.zip

    ────────────────────────────────────────────────────────────────────────────────────────────────

  504) [admin] › e2e/ui/pages/admin.spec.ts:361:9 › Admin Panel › Accessibility › should have accessible forms 

    Error: page.goto: net::ERR_CONNECTION_REFUSED at http://localhost:4000/en/admin
    Call log:
      - navigating to "http://localhost:4000/en/admin", waiting until "load"


       at helpers/page-helpers.ts:13

      11 |
      12 |   async navigate(path: string) {
    > 13 |     await this.page.goto(path);
         |                     ^
      14 |     await this.page.waitForLoadState("networkidle");
      15 |   }
      16 |
        at BasePage.navigate (/home/tbaltzakis/cloudless.gr/e2e/helpers/page-helpers.ts:13:21)
        at /home/tbaltzakis/cloudless.gr/e2e/ui/pages/admin.spec.ts:21:16

    attachment #1: screenshot (image/png) ──────────────────────────────────────────────────────────
    test-results/ui-pages-admin-Admin-Panel-3d6e2-hould-have-accessible-forms-admin/test-failed-1.png
    ────────────────────────────────────────────────────────────────────────────────────────────────

    attachment #2: video (video/webm) ──────────────────────────────────────────────────────────────
    test-results/ui-pages-admin-Admin-Panel-3d6e2-hould-have-accessible-forms-admin/video.webm
    ────────────────────────────────────────────────────────────────────────────────────────────────

    Error Context: test-results/ui-pages-admin-Admin-Panel-3d6e2-hould-have-accessible-forms-admin/error-context.md

    Retry #1 ───────────────────────────────────────────────────────────────────────────────────────

    Error: page.goto: net::ERR_CONNECTION_REFUSED at http://localhost:4000/en/admin
    Call log:
      - navigating to "http://localhost:4000/en/admin", waiting until "load"


       at helpers/page-helpers.ts:13

      11 |
      12 |   async navigate(path: string) {
    > 13 |     await this.page.goto(path);
         |                     ^
      14 |     await this.page.waitForLoadState("networkidle");
      15 |   }
      16 |
        at BasePage.navigate (/home/tbaltzakis/cloudless.gr/e2e/helpers/page-helpers.ts:13:21)
        at /home/tbaltzakis/cloudless.gr/e2e/ui/pages/admin.spec.ts:21:16

    attachment #1: screenshot (image/png) ──────────────────────────────────────────────────────────
    test-results/ui-pages-admin-Admin-Panel-3d6e2-hould-have-accessible-forms-admin-retry1/test-failed-1.png
    ────────────────────────────────────────────────────────────────────────────────────────────────

    attachment #2: video (video/webm) ──────────────────────────────────────────────────────────────
    test-results/ui-pages-admin-Admin-Panel-3d6e2-hould-have-accessible-forms-admin-retry1/video.webm
    ────────────────────────────────────────────────────────────────────────────────────────────────

    Error Context: test-results/ui-pages-admin-Admin-Panel-3d6e2-hould-have-accessible-forms-admin-retry1/error-context.md

    attachment #4: trace (application/zip) ─────────────────────────────────────────────────────────
    test-results/ui-pages-admin-Admin-Panel-3d6e2-hould-have-accessible-forms-admin-retry1/trace.zip
    Usage:

        npx playwright show-trace test-results/ui-pages-admin-Admin-Panel-3d6e2-hould-have-accessible-forms-admin-retry1/trace.zip

    ────────────────────────────────────────────────────────────────────────────────────────────────

  505) [admin] › e2e/ui/pages/admin.spec.ts:370:9 › Admin Panel › Performance › should load within reasonable time 

    Error: page.goto: net::ERR_CONNECTION_REFUSED at http://localhost:4000/en/admin
    Call log:
      - navigating to "http://localhost:4000/en/admin", waiting until "load"


       at helpers/page-helpers.ts:13

      11 |
      12 |   async navigate(path: string) {
    > 13 |     await this.page.goto(path);
         |                     ^
      14 |     await this.page.waitForLoadState("networkidle");
      15 |   }
      16 |
        at BasePage.navigate (/home/tbaltzakis/cloudless.gr/e2e/helpers/page-helpers.ts:13:21)
        at /home/tbaltzakis/cloudless.gr/e2e/ui/pages/admin.spec.ts:21:16

    attachment #1: screenshot (image/png) ──────────────────────────────────────────────────────────
    test-results/ui-pages-admin-Admin-Panel-c49a0-load-within-reasonable-time-admin/test-failed-1.png
    ────────────────────────────────────────────────────────────────────────────────────────────────

    attachment #2: video (video/webm) ──────────────────────────────────────────────────────────────
    test-results/ui-pages-admin-Admin-Panel-c49a0-load-within-reasonable-time-admin/video.webm
    ────────────────────────────────────────────────────────────────────────────────────────────────

    Error Context: test-results/ui-pages-admin-Admin-Panel-c49a0-load-within-reasonable-time-admin/error-context.md

    Retry #1 ───────────────────────────────────────────────────────────────────────────────────────

    Error: page.goto: net::ERR_CONNECTION_REFUSED at http://localhost:4000/en/admin
    Call log:
      - navigating to "http://localhost:4000/en/admin", waiting until "load"


       at helpers/page-helpers.ts:13

      11 |
      12 |   async navigate(path: string) {
    > 13 |     await this.page.goto(path);
         |                     ^
      14 |     await this.page.waitForLoadState("networkidle");
      15 |   }
      16 |
        at BasePage.navigate (/home/tbaltzakis/cloudless.gr/e2e/helpers/page-helpers.ts:13:21)
        at /home/tbaltzakis/cloudless.gr/e2e/ui/pages/admin.spec.ts:21:16

    attachment #1: screenshot (image/png) ──────────────────────────────────────────────────────────
    test-results/ui-pages-admin-Admin-Panel-c49a0-load-within-reasonable-time-admin-retry1/test-failed-1.png
    ────────────────────────────────────────────────────────────────────────────────────────────────

    attachment #2: video (video/webm) ──────────────────────────────────────────────────────────────
    test-results/ui-pages-admin-Admin-Panel-c49a0-load-within-reasonable-time-admin-retry1/video.webm
    ────────────────────────────────────────────────────────────────────────────────────────────────

    Error Context: test-results/ui-pages-admin-Admin-Panel-c49a0-load-within-reasonable-time-admin-retry1/error-context.md

    attachment #4: trace (application/zip) ─────────────────────────────────────────────────────────
    test-results/ui-pages-admin-Admin-Panel-c49a0-load-within-reasonable-time-admin-retry1/trace.zip
    Usage:

        npx playwright show-trace test-results/ui-pages-admin-Admin-Panel-c49a0-load-within-reasonable-time-admin-retry1/trace.zip

    ────────────────────────────────────────────────────────────────────────────────────────────────

  506) [mobile-chrome] › e2e/a11y/comprehensive-a11y.spec.ts:12:7 › Homepage Accessibility › should pass axe accessibility tests 

    Error: page.goto: net::ERR_CONNECTION_REFUSED at http://localhost:4000/en
    Call log:
      - navigating to "http://localhost:4000/en", waiting until "networkidle"


      12 | 		test("should pass axe accessibility tests", async ({ page }) => {
      13 | 			// Test the actual locale homepage instead of the root redirect
    > 14 | 			await page.goto("/en", { waitUntil: "networkidle" });
         | 			           ^
      15 | 			const results = await new AxeBuilder({ page }).analyze();
      16 | 			expect(results.violations).toEqual([]);
      17 | 		});
        at /home/tbaltzakis/cloudless.gr/e2e/a11y/comprehensive-a11y.spec.ts:14:15

    attachment #1: screenshot (image/png) ──────────────────────────────────────────────────────────
    test-results/a11y-comprehensive-a11y-Ho-a2f26-ass-axe-accessibility-tests-mobile-chrome/test-failed-1.png
    ────────────────────────────────────────────────────────────────────────────────────────────────

    attachment #2: video (video/webm) ──────────────────────────────────────────────────────────────
    test-results/a11y-comprehensive-a11y-Ho-a2f26-ass-axe-accessibility-tests-mobile-chrome/video.webm
    ────────────────────────────────────────────────────────────────────────────────────────────────

    Error Context: test-results/a11y-comprehensive-a11y-Ho-a2f26-ass-axe-accessibility-tests-mobile-chrome/error-context.md

    Retry #1 ───────────────────────────────────────────────────────────────────────────────────────

    Error: page.goto: net::ERR_CONNECTION_REFUSED at http://localhost:4000/en
    Call log:
      - navigating to "http://localhost:4000/en", waiting until "networkidle"


      12 | 		test("should pass axe accessibility tests", async ({ page }) => {
      13 | 			// Test the actual locale homepage instead of the root redirect
    > 14 | 			await page.goto("/en", { waitUntil: "networkidle" });
         | 			           ^
      15 | 			const results = await new AxeBuilder({ page }).analyze();
      16 | 			expect(results.violations).toEqual([]);
      17 | 		});
        at /home/tbaltzakis/cloudless.gr/e2e/a11y/comprehensive-a11y.spec.ts:14:15

    attachment #1: screenshot (image/png) ──────────────────────────────────────────────────────────
    test-results/a11y-comprehensive-a11y-Ho-a2f26-ass-axe-accessibility-tests-mobile-chrome-retry1/test-failed-1.png
    ────────────────────────────────────────────────────────────────────────────────────────────────

    attachment #2: video (video/webm) ──────────────────────────────────────────────────────────────
    test-results/a11y-comprehensive-a11y-Ho-a2f26-ass-axe-accessibility-tests-mobile-chrome-retry1/video.webm
    ────────────────────────────────────────────────────────────────────────────────────────────────

    Error Context: test-results/a11y-comprehensive-a11y-Ho-a2f26-ass-axe-accessibility-tests-mobile-chrome-retry1/error-context.md

    attachment #4: trace (application/zip) ─────────────────────────────────────────────────────────
    test-results/a11y-comprehensive-a11y-Ho-a2f26-ass-axe-accessibility-tests-mobile-chrome-retry1/trace.zip
    Usage:

        npx playwright show-trace test-results/a11y-comprehensive-a11y-Ho-a2f26-ass-axe-accessibility-tests-mobile-chrome-retry1/trace.zip

    ────────────────────────────────────────────────────────────────────────────────────────────────

  507) [mobile-chrome] › e2e/accessibility-admin-gaps.spec.ts:72:9 › Admin a11y: /en/admin/ai-generator › WCAG 2.1 AA — zero critical/serious violations 

    Error: page.goto: net::ERR_CONNECTION_REFUSED at http://localhost:4000/en/admin/ai-generator
    Call log:
      - navigating to "http://localhost:4000/en/admin/ai-generator", waiting until "domcontentloaded"


      71 |
      72 |     test("WCAG 2.1 AA — zero critical/serious violations", async ({ page }) => {
    > 73 |       const r = await page.goto(route, { waitUntil: "domcontentloaded" });
         |                            ^
      74 |       // If the page itself 5xx'd, the a11y check is moot — that's a
      75 |       // separate failure already caught by admin-pages-gaps-sweep.
      76 |       if (!r || r.status() >= 500) {
        at /home/tbaltzakis/cloudless.gr/e2e/accessibility-admin-gaps.spec.ts:73:28

    attachment #1: screenshot (image/png) ──────────────────────────────────────────────────────────
    test-results/accessibility-admin-gaps-A-fd608-critical-serious-violations-mobile-chrome/test-failed-1.png
    ────────────────────────────────────────────────────────────────────────────────────────────────

    attachment #2: video (video/webm) ──────────────────────────────────────────────────────────────
    test-results/accessibility-admin-gaps-A-fd608-critical-serious-violations-mobile-chrome/video.webm
    ────────────────────────────────────────────────────────────────────────────────────────────────

    Error Context: test-results/accessibility-admin-gaps-A-fd608-critical-serious-violations-mobile-chrome/error-context.md

    Retry #1 ───────────────────────────────────────────────────────────────────────────────────────

    Error: page.goto: net::ERR_CONNECTION_REFUSED at http://localhost:4000/en/admin/ai-generator
    Call log:
      - navigating to "http://localhost:4000/en/admin/ai-generator", waiting until "domcontentloaded"


      71 |
      72 |     test("WCAG 2.1 AA — zero critical/serious violations", async ({ page }) => {
    > 73 |       const r = await page.goto(route, { waitUntil: "domcontentloaded" });
         |                            ^
      74 |       // If the page itself 5xx'd, the a11y check is moot — that's a
      75 |       // separate failure already caught by admin-pages-gaps-sweep.
      76 |       if (!r || r.status() >= 500) {
        at /home/tbaltzakis/cloudless.gr/e2e/accessibility-admin-gaps.spec.ts:73:28

    attachment #1: screenshot (image/png) ──────────────────────────────────────────────────────────
    test-results/accessibility-admin-gaps-A-fd608-critical-serious-violations-mobile-chrome-retry1/test-failed-1.png
    ────────────────────────────────────────────────────────────────────────────────────────────────

    attachment #2: video (video/webm) ──────────────────────────────────────────────────────────────
    test-results/accessibility-admin-gaps-A-fd608-critical-serious-violations-mobile-chrome-retry1/video.webm
    ────────────────────────────────────────────────────────────────────────────────────────────────

    Error Context: test-results/accessibility-admin-gaps-A-fd608-critical-serious-violations-mobile-chrome-retry1/error-context.md

    attachment #4: trace (application/zip) ─────────────────────────────────────────────────────────
    test-results/accessibility-admin-gaps-A-fd608-critical-serious-violations-mobile-chrome-retry1/trace.zip
    Usage:

        npx playwright show-trace test-results/accessibility-admin-gaps-A-fd608-critical-serious-violations-mobile-chrome-retry1/trace.zip

    ────────────────────────────────────────────────────────────────────────────────────────────────

  508) [mobile-chrome] › e2e/accessibility.spec.ts:47:9 › Accessibility: / › WCAG 2.1 AA — zero critical/serious violations 

    Error: page.goto: net::ERR_CONNECTION_REFUSED at http://localhost:4000/
    Call log:
      - navigating to "http://localhost:4000/", waiting until "load"


      46 |   test.describe(`Accessibility: ${route}`, () => {
      47 |     test("WCAG 2.1 AA — zero critical/serious violations", async ({ page }) => {
    > 48 |       await page.goto(route);
         |                  ^
      49 |       await page.waitForSelector("main", { timeout: 10_000 });
      50 |
      51 |       const results = await new AxeBuilder({ page })
        at /home/tbaltzakis/cloudless.gr/e2e/accessibility.spec.ts:48:18

    attachment #1: screenshot (image/png) ──────────────────────────────────────────────────────────
    test-results/accessibility-Accessibilit-1e333-critical-serious-violations-mobile-chrome/test-failed-1.png
    ────────────────────────────────────────────────────────────────────────────────────────────────

    attachment #2: video (video/webm) ──────────────────────────────────────────────────────────────
    test-results/accessibility-Accessibilit-1e333-critical-serious-violations-mobile-chrome/video.webm
    ────────────────────────────────────────────────────────────────────────────────────────────────

    Error Context: test-results/accessibility-Accessibilit-1e333-critical-serious-violations-mobile-chrome/error-context.md

    Retry #1 ───────────────────────────────────────────────────────────────────────────────────────

    Error: page.goto: net::ERR_CONNECTION_REFUSED at http://localhost:4000/
    Call log:
      - navigating to "http://localhost:4000/", waiting until "load"


      46 |   test.describe(`Accessibility: ${route}`, () => {
      47 |     test("WCAG 2.1 AA — zero critical/serious violations", async ({ page }) => {
    > 48 |       await page.goto(route);
         |                  ^
      49 |       await page.waitForSelector("main", { timeout: 10_000 });
      50 |
      51 |       const results = await new AxeBuilder({ page })
        at /home/tbaltzakis/cloudless.gr/e2e/accessibility.spec.ts:48:18

    attachment #1: screenshot (image/png) ──────────────────────────────────────────────────────────
    test-results/accessibility-Accessibilit-1e333-critical-serious-violations-mobile-chrome-retry1/test-failed-1.png
    ────────────────────────────────────────────────────────────────────────────────────────────────

    attachment #2: video (video/webm) ──────────────────────────────────────────────────────────────
    test-results/accessibility-Accessibilit-1e333-critical-serious-violations-mobile-chrome-retry1/video.webm
    ────────────────────────────────────────────────────────────────────────────────────────────────

    Error Context: test-results/accessibility-Accessibilit-1e333-critical-serious-violations-mobile-chrome-retry1/error-context.md

    attachment #4: trace (application/zip) ─────────────────────────────────────────────────────────
    test-results/accessibility-Accessibilit-1e333-critical-serious-violations-mobile-chrome-retry1/trace.zip
    Usage:

        npx playwright show-trace test-results/accessibility-Accessibilit-1e333-critical-serious-violations-mobile-chrome-retry1/trace.zip

    ────────────────────────────────────────────────────────────────────────────────────────────────

  509) [mobile-chrome] › e2e/admin-api-deep.spec.mts:37:5 › Admin APIs unauthenticated › unauth GET /api/admin/ab-tests — returns 401/403/404 

    Error: apiRequestContext.get: connect ECONNREFUSED ::1:4000
    Call log:
      - → GET http://localhost:4000/api/admin/ab-tests
        - user-agent: Mozilla/5.0 (Linux; Android 14; Pixel 7) AppleWebKit/537.36 (KHTML, like Gecko) Chrome/151.0.7922.34 Mobile Safari/537.36
        - accept: */*
        - accept-encoding: gzip,deflate,br

        at apiRequestContext.get: connect ECONNREFUSED ::1:4000
        at /home/tbaltzakis/cloudless.gr/e2e/admin-api-deep.spec.mts:38:31

    attachment #1: screenshot (image/png) ──────────────────────────────────────────────────────────
    test-results/admin-api-deep-Admin-APIs--bee8f-tests-—-returns-401-403-404-mobile-chrome/test-failed-1.png
    ────────────────────────────────────────────────────────────────────────────────────────────────

    attachment #2: video (video/webm) ──────────────────────────────────────────────────────────────
    test-results/admin-api-deep-Admin-APIs--bee8f-tests-—-returns-401-403-404-mobile-chrome/video.webm
    ────────────────────────────────────────────────────────────────────────────────────────────────

    Error Context: test-results/admin-api-deep-Admin-APIs--bee8f-tests-—-returns-401-403-404-mobile-chrome/error-context.md

    Retry #1 ───────────────────────────────────────────────────────────────────────────────────────

    Error: apiRequestContext.get: connect ECONNREFUSED ::1:4000
    Call log:
      - → GET http://localhost:4000/api/admin/ab-tests
        - user-agent: Mozilla/5.0 (Linux; Android 14; Pixel 7) AppleWebKit/537.36 (KHTML, like Gecko) Chrome/151.0.7922.34 Mobile Safari/537.36
        - accept: */*
        - accept-encoding: gzip,deflate,br

        at apiRequestContext.get: connect ECONNREFUSED ::1:4000
        at /home/tbaltzakis/cloudless.gr/e2e/admin-api-deep.spec.mts:38:31

    attachment #1: screenshot (image/png) ──────────────────────────────────────────────────────────
    test-results/admin-api-deep-Admin-APIs--bee8f-tests-—-returns-401-403-404-mobile-chrome-retry1/test-failed-1.png
    ────────────────────────────────────────────────────────────────────────────────────────────────

    attachment #2: video (video/webm) ──────────────────────────────────────────────────────────────
    test-results/admin-api-deep-Admin-APIs--bee8f-tests-—-returns-401-403-404-mobile-chrome-retry1/video.webm
    ────────────────────────────────────────────────────────────────────────────────────────────────

    Error Context: test-results/admin-api-deep-Admin-APIs--bee8f-tests-—-returns-401-403-404-mobile-chrome-retry1/error-context.md

    attachment #4: trace (application/zip) ─────────────────────────────────────────────────────────
    test-results/admin-api-deep-Admin-APIs--bee8f-tests-—-returns-401-403-404-mobile-chrome-retry1/trace.zip
    Usage:

        npx playwright show-trace test-results/admin-api-deep-Admin-APIs--bee8f-tests-—-returns-401-403-404-mobile-chrome-retry1/trace.zip

    ────────────────────────────────────────────────────────────────────────────────────────────────

  510) [mobile-chrome] › e2e/admin-api-deep.spec.mts:37:5 › Admin APIs unauthenticated › unauth GET /api/admin/ai/analytics-orchestration — returns 401/403/404 

    Error: apiRequestContext.get: connect ECONNREFUSED ::1:4000
    Call log:
      - → GET http://localhost:4000/api/admin/ai/analytics-orchestration
        - user-agent: Mozilla/5.0 (Linux; Android 14; Pixel 7) AppleWebKit/537.36 (KHTML, like Gecko) Chrome/151.0.7922.34 Mobile Safari/537.36
        - accept: */*
        - accept-encoding: gzip,deflate,br

        at apiRequestContext.get: connect ECONNREFUSED ::1:4000
        at /home/tbaltzakis/cloudless.gr/e2e/admin-api-deep.spec.mts:38:31

    attachment #1: screenshot (image/png) ──────────────────────────────────────────────────────────
    test-results/admin-api-deep-Admin-APIs--fb1b1-ation-—-returns-401-403-404-mobile-chrome/test-failed-1.png
    ────────────────────────────────────────────────────────────────────────────────────────────────

    attachment #2: video (video/webm) ──────────────────────────────────────────────────────────────
    test-results/admin-api-deep-Admin-APIs--fb1b1-ation-—-returns-401-403-404-mobile-chrome/video.webm
    ────────────────────────────────────────────────────────────────────────────────────────────────

    Error Context: test-results/admin-api-deep-Admin-APIs--fb1b1-ation-—-returns-401-403-404-mobile-chrome/error-context.md

    Retry #1 ───────────────────────────────────────────────────────────────────────────────────────

    Error: apiRequestContext.get: connect ECONNREFUSED ::1:4000
    Call log:
      - → GET http://localhost:4000/api/admin/ai/analytics-orchestration
        - user-agent: Mozilla/5.0 (Linux; Android 14; Pixel 7) AppleWebKit/537.36 (KHTML, like Gecko) Chrome/151.0.7922.34 Mobile Safari/537.36
        - accept: */*
        - accept-encoding: gzip,deflate,br

        at apiRequestContext.get: connect ECONNREFUSED ::1:4000
        at /home/tbaltzakis/cloudless.gr/e2e/admin-api-deep.spec.mts:38:31

    attachment #1: screenshot (image/png) ──────────────────────────────────────────────────────────
    test-results/admin-api-deep-Admin-APIs--fb1b1-ation-—-returns-401-403-404-mobile-chrome-retry1/test-failed-1.png
    ────────────────────────────────────────────────────────────────────────────────────────────────

    attachment #2: video (video/webm) ──────────────────────────────────────────────────────────────
    test-results/admin-api-deep-Admin-APIs--fb1b1-ation-—-returns-401-403-404-mobile-chrome-retry1/video.webm
    ────────────────────────────────────────────────────────────────────────────────────────────────

    Error Context: test-results/admin-api-deep-Admin-APIs--fb1b1-ation-—-returns-401-403-404-mobile-chrome-retry1/error-context.md

    attachment #4: trace (application/zip) ─────────────────────────────────────────────────────────
    test-results/admin-api-deep-Admin-APIs--fb1b1-ation-—-returns-401-403-404-mobile-chrome-retry1/trace.zip
    Usage:

        npx playwright show-trace test-results/admin-api-deep-Admin-APIs--fb1b1-ation-—-returns-401-403-404-mobile-chrome-retry1/trace.zip

    ────────────────────────────────────────────────────────────────────────────────────────────────

  511) [mobile-chrome] › e2e/admin-api-deep.spec.mts:37:5 › Admin APIs unauthenticated › unauth GET /api/admin/ai/analytics-orchestration/pdf — returns 401/403/404 

    Error: apiRequestContext.get: connect ECONNREFUSED ::1:4000
    Call log:
      - → GET http://localhost:4000/api/admin/ai/analytics-orchestration/pdf
        - user-agent: Mozilla/5.0 (Linux; Android 14; Pixel 7) AppleWebKit/537.36 (KHTML, like Gecko) Chrome/151.0.7922.34 Mobile Safari/537.36
        - accept: */*
        - accept-encoding: gzip,deflate,br

        at apiRequestContext.get: connect ECONNREFUSED ::1:4000
        at /home/tbaltzakis/cloudless.gr/e2e/admin-api-deep.spec.mts:38:31

    attachment #1: screenshot (image/png) ──────────────────────────────────────────────────────────
    test-results/admin-api-deep-Admin-APIs--72b46-n-pdf-—-returns-401-403-404-mobile-chrome/test-failed-1.png
    ────────────────────────────────────────────────────────────────────────────────────────────────

    attachment #2: video (video/webm) ──────────────────────────────────────────────────────────────
    test-results/admin-api-deep-Admin-APIs--72b46-n-pdf-—-returns-401-403-404-mobile-chrome/video.webm
    ────────────────────────────────────────────────────────────────────────────────────────────────

    Error Context: test-results/admin-api-deep-Admin-APIs--72b46-n-pdf-—-returns-401-403-404-mobile-chrome/error-context.md

    Retry #1 ───────────────────────────────────────────────────────────────────────────────────────

    Error: apiRequestContext.get: connect ECONNREFUSED ::1:4000
    Call log:
      - → GET http://localhost:4000/api/admin/ai/analytics-orchestration/pdf
        - user-agent: Mozilla/5.0 (Linux; Android 14; Pixel 7) AppleWebKit/537.36 (KHTML, like Gecko) Chrome/151.0.7922.34 Mobile Safari/537.36
        - accept: */*
        - accept-encoding: gzip,deflate,br

        at apiRequestContext.get: connect ECONNREFUSED ::1:4000
        at /home/tbaltzakis/cloudless.gr/e2e/admin-api-deep.spec.mts:38:31

    attachment #1: screenshot (image/png) ──────────────────────────────────────────────────────────
    test-results/admin-api-deep-Admin-APIs--72b46-n-pdf-—-returns-401-403-404-mobile-chrome-retry1/test-failed-1.png
    ────────────────────────────────────────────────────────────────────────────────────────────────

    attachment #2: video (video/webm) ──────────────────────────────────────────────────────────────
    test-results/admin-api-deep-Admin-APIs--72b46-n-pdf-—-returns-401-403-404-mobile-chrome-retry1/video.webm
    ────────────────────────────────────────────────────────────────────────────────────────────────

    Error Context: test-results/admin-api-deep-Admin-APIs--72b46-n-pdf-—-returns-401-403-404-mobile-chrome-retry1/error-context.md

    attachment #4: trace (application/zip) ─────────────────────────────────────────────────────────
    test-results/admin-api-deep-Admin-APIs--72b46-n-pdf-—-returns-401-403-404-mobile-chrome-retry1/trace.zip
    Usage:

        npx playwright show-trace test-results/admin-api-deep-Admin-APIs--72b46-n-pdf-—-returns-401-403-404-mobile-chrome-retry1/trace.zip

    ────────────────────────────────────────────────────────────────────────────────────────────────

  512) [mobile-chrome] › e2e/admin-api-deep.spec.mts:37:5 › Admin APIs unauthenticated › unauth GET /api/admin/ai/audience — returns 401/403/404 

    Error: apiRequestContext.get: connect ECONNREFUSED ::1:4000
    Call log:
      - → GET http://localhost:4000/api/admin/ai/audience
        - user-agent: Mozilla/5.0 (Linux; Android 14; Pixel 7) AppleWebKit/537.36 (KHTML, like Gecko) Chrome/151.0.7922.34 Mobile Safari/537.36
        - accept: */*
        - accept-encoding: gzip,deflate,br

        at apiRequestContext.get: connect ECONNREFUSED ::1:4000
        at /home/tbaltzakis/cloudless.gr/e2e/admin-api-deep.spec.mts:38:31

    attachment #1: screenshot (image/png) ──────────────────────────────────────────────────────────
    test-results/admin-api-deep-Admin-APIs--4426a-ience-—-returns-401-403-404-mobile-chrome/test-failed-1.png
    ────────────────────────────────────────────────────────────────────────────────────────────────

    attachment #2: video (video/webm) ──────────────────────────────────────────────────────────────
    test-results/admin-api-deep-Admin-APIs--4426a-ience-—-returns-401-403-404-mobile-chrome/video.webm
    ────────────────────────────────────────────────────────────────────────────────────────────────

    Error Context: test-results/admin-api-deep-Admin-APIs--4426a-ience-—-returns-401-403-404-mobile-chrome/error-context.md

    Retry #1 ───────────────────────────────────────────────────────────────────────────────────────

    Error: apiRequestContext.get: connect ECONNREFUSED ::1:4000
    Call log:
      - → GET http://localhost:4000/api/admin/ai/audience
        - user-agent: Mozilla/5.0 (Linux; Android 14; Pixel 7) AppleWebKit/537.36 (KHTML, like Gecko) Chrome/151.0.7922.34 Mobile Safari/537.36
        - accept: */*
        - accept-encoding: gzip,deflate,br

        at apiRequestContext.get: connect ECONNREFUSED ::1:4000
        at /home/tbaltzakis/cloudless.gr/e2e/admin-api-deep.spec.mts:38:31

    attachment #1: screenshot (image/png) ──────────────────────────────────────────────────────────
    test-results/admin-api-deep-Admin-APIs--4426a-ience-—-returns-401-403-404-mobile-chrome-retry1/test-failed-1.png
    ────────────────────────────────────────────────────────────────────────────────────────────────

    attachment #2: video (video/webm) ──────────────────────────────────────────────────────────────
    test-results/admin-api-deep-Admin-APIs--4426a-ience-—-returns-401-403-404-mobile-chrome-retry1/video.webm
    ────────────────────────────────────────────────────────────────────────────────────────────────

    Error Context: test-results/admin-api-deep-Admin-APIs--4426a-ience-—-returns-401-403-404-mobile-chrome-retry1/error-context.md

    attachment #4: trace (application/zip) ─────────────────────────────────────────────────────────
    test-results/admin-api-deep-Admin-APIs--4426a-ience-—-returns-401-403-404-mobile-chrome-retry1/trace.zip
    Usage:

        npx playwright show-trace test-results/admin-api-deep-Admin-APIs--4426a-ience-—-returns-401-403-404-mobile-chrome-retry1/trace.zip

    ────────────────────────────────────────────────────────────────────────────────────────────────

  513) [mobile-chrome] › e2e/admin-api-deep.spec.mts:37:5 › Admin APIs unauthenticated › unauth GET /api/admin/ai/generate — returns 401/403/404 

    Error: apiRequestContext.get: connect ECONNREFUSED ::1:4000
    Call log:
      - → GET http://localhost:4000/api/admin/ai/generate
        - user-agent: Mozilla/5.0 (Linux; Android 14; Pixel 7) AppleWebKit/537.36 (KHTML, like Gecko) Chrome/151.0.7922.34 Mobile Safari/537.36
        - accept: */*
        - accept-encoding: gzip,deflate,br

        at apiRequestContext.get: connect ECONNREFUSED ::1:4000
        at /home/tbaltzakis/cloudless.gr/e2e/admin-api-deep.spec.mts:38:31

    attachment #1: screenshot (image/png) ──────────────────────────────────────────────────────────
    test-results/admin-api-deep-Admin-APIs--06e13-erate-—-returns-401-403-404-mobile-chrome/test-failed-1.png
    ────────────────────────────────────────────────────────────────────────────────────────────────

    attachment #2: video (video/webm) ──────────────────────────────────────────────────────────────
    test-results/admin-api-deep-Admin-APIs--06e13-erate-—-returns-401-403-404-mobile-chrome/video.webm
    ────────────────────────────────────────────────────────────────────────────────────────────────

    Error Context: test-results/admin-api-deep-Admin-APIs--06e13-erate-—-returns-401-403-404-mobile-chrome/error-context.md

    Retry #1 ───────────────────────────────────────────────────────────────────────────────────────

    Error: apiRequestContext.get: connect ECONNREFUSED ::1:4000
    Call log:
      - → GET http://localhost:4000/api/admin/ai/generate
        - user-agent: Mozilla/5.0 (Linux; Android 14; Pixel 7) AppleWebKit/537.36 (KHTML, like Gecko) Chrome/151.0.7922.34 Mobile Safari/537.36
        - accept: */*
        - accept-encoding: gzip,deflate,br

        at apiRequestContext.get: connect ECONNREFUSED ::1:4000
        at /home/tbaltzakis/cloudless.gr/e2e/admin-api-deep.spec.mts:38:31

    attachment #1: screenshot (image/png) ──────────────────────────────────────────────────────────
    test-results/admin-api-deep-Admin-APIs--06e13-erate-—-returns-401-403-404-mobile-chrome-retry1/test-failed-1.png
    ────────────────────────────────────────────────────────────────────────────────────────────────

    attachment #2: video (video/webm) ──────────────────────────────────────────────────────────────
    test-results/admin-api-deep-Admin-APIs--06e13-erate-—-returns-401-403-404-mobile-chrome-retry1/video.webm
    ────────────────────────────────────────────────────────────────────────────────────────────────

    Error Context: test-results/admin-api-deep-Admin-APIs--06e13-erate-—-returns-401-403-404-mobile-chrome-retry1/error-context.md

    attachment #4: trace (application/zip) ─────────────────────────────────────────────────────────
    test-results/admin-api-deep-Admin-APIs--06e13-erate-—-returns-401-403-404-mobile-chrome-retry1/trace.zip
    Usage:

        npx playwright show-trace test-results/admin-api-deep-Admin-APIs--06e13-erate-—-returns-401-403-404-mobile-chrome-retry1/trace.zip

    ────────────────────────────────────────────────────────────────────────────────────────────────

  514) [mobile-chrome] › e2e/admin-api-deep.spec.mts:37:5 › Admin APIs unauthenticated › unauth GET /api/admin/ai/campaign — returns 401/403/404 

    Error: apiRequestContext.get: connect ECONNREFUSED ::1:4000
    Call log:
      - → GET http://localhost:4000/api/admin/ai/campaign
        - user-agent: Mozilla/5.0 (Linux; Android 14; Pixel 7) AppleWebKit/537.36 (KHTML, like Gecko) Chrome/151.0.7922.34 Mobile Safari/537.36
        - accept: */*
        - accept-encoding: gzip,deflate,br

        at apiRequestContext.get: connect ECONNREFUSED ::1:4000
        at /home/tbaltzakis/cloudless.gr/e2e/admin-api-deep.spec.mts:38:31

    attachment #1: screenshot (image/png) ──────────────────────────────────────────────────────────
    test-results/admin-api-deep-Admin-APIs--9a144-paign-—-returns-401-403-404-mobile-chrome/test-failed-1.png
    ────────────────────────────────────────────────────────────────────────────────────────────────

    attachment #2: video (video/webm) ──────────────────────────────────────────────────────────────
    test-results/admin-api-deep-Admin-APIs--9a144-paign-—-returns-401-403-404-mobile-chrome/video.webm
    ────────────────────────────────────────────────────────────────────────────────────────────────

    Error Context: test-results/admin-api-deep-Admin-APIs--9a144-paign-—-returns-401-403-404-mobile-chrome/error-context.md

    Retry #1 ───────────────────────────────────────────────────────────────────────────────────────

    Error: apiRequestContext.get: connect ECONNREFUSED ::1:4000
    Call log:
      - → GET http://localhost:4000/api/admin/ai/campaign
        - user-agent: Mozilla/5.0 (Linux; Android 14; Pixel 7) AppleWebKit/537.36 (KHTML, like Gecko) Chrome/151.0.7922.34 Mobile Safari/537.36
        - accept: */*
        - accept-encoding: gzip,deflate,br

        at apiRequestContext.get: connect ECONNREFUSED ::1:4000
        at /home/tbaltzakis/cloudless.gr/e2e/admin-api-deep.spec.mts:38:31

    attachment #1: screenshot (image/png) ──────────────────────────────────────────────────────────
    test-results/admin-api-deep-Admin-APIs--9a144-paign-—-returns-401-403-404-mobile-chrome-retry1/test-failed-1.png
    ────────────────────────────────────────────────────────────────────────────────────────────────

    attachment #2: video (video/webm) ──────────────────────────────────────────────────────────────
    test-results/admin-api-deep-Admin-APIs--9a144-paign-—-returns-401-403-404-mobile-chrome-retry1/video.webm
    ────────────────────────────────────────────────────────────────────────────────────────────────

    Error Context: test-results/admin-api-deep-Admin-APIs--9a144-paign-—-returns-401-403-404-mobile-chrome-retry1/error-context.md

    attachment #4: trace (application/zip) ─────────────────────────────────────────────────────────
    test-results/admin-api-deep-Admin-APIs--9a144-paign-—-returns-401-403-404-mobile-chrome-retry1/trace.zip
    Usage:

        npx playwright show-trace test-results/admin-api-deep-Admin-APIs--9a144-paign-—-returns-401-403-404-mobile-chrome-retry1/trace.zip

    ────────────────────────────────────────────────────────────────────────────────────────────────

  515) [mobile-chrome] › e2e/admin-api-deep.spec.mts:37:5 › Admin APIs unauthenticated › unauth GET /api/admin/ai/copy — returns 401/403/404 

    Error: apiRequestContext.get: connect ECONNREFUSED ::1:4000
    Call log:
      - → GET http://localhost:4000/api/admin/ai/copy
        - user-agent: Mozilla/5.0 (Linux; Android 14; Pixel 7) AppleWebKit/537.36 (KHTML, like Gecko) Chrome/151.0.7922.34 Mobile Safari/537.36
        - accept: */*
        - accept-encoding: gzip,deflate,br

        at apiRequestContext.get: connect ECONNREFUSED ::1:4000
        at /home/tbaltzakis/cloudless.gr/e2e/admin-api-deep.spec.mts:38:31

    attachment #1: screenshot (image/png) ──────────────────────────────────────────────────────────
    test-results/admin-api-deep-Admin-APIs--cc227--copy-—-returns-401-403-404-mobile-chrome/test-failed-1.png
    ────────────────────────────────────────────────────────────────────────────────────────────────

    attachment #2: video (video/webm) ──────────────────────────────────────────────────────────────
    test-results/admin-api-deep-Admin-APIs--cc227--copy-—-returns-401-403-404-mobile-chrome/video.webm
    ────────────────────────────────────────────────────────────────────────────────────────────────

    Error Context: test-results/admin-api-deep-Admin-APIs--cc227--copy-—-returns-401-403-404-mobile-chrome/error-context.md

    Retry #1 ───────────────────────────────────────────────────────────────────────────────────────

    Error: apiRequestContext.get: connect ECONNREFUSED ::1:4000
    Call log:
      - → GET http://localhost:4000/api/admin/ai/copy
        - user-agent: Mozilla/5.0 (Linux; Android 14; Pixel 7) AppleWebKit/537.36 (KHTML, like Gecko) Chrome/151.0.7922.34 Mobile Safari/537.36
        - accept: */*
        - accept-encoding: gzip,deflate,br

        at apiRequestContext.get: connect ECONNREFUSED ::1:4000
        at /home/tbaltzakis/cloudless.gr/e2e/admin-api-deep.spec.mts:38:31

    attachment #1: screenshot (image/png) ──────────────────────────────────────────────────────────
    test-results/admin-api-deep-Admin-APIs--cc227--copy-—-returns-401-403-404-mobile-chrome-retry1/test-failed-1.png
    ────────────────────────────────────────────────────────────────────────────────────────────────

    attachment #2: video (video/webm) ──────────────────────────────────────────────────────────────
    test-results/admin-api-deep-Admin-APIs--cc227--copy-—-returns-401-403-404-mobile-chrome-retry1/video.webm
    ────────────────────────────────────────────────────────────────────────────────────────────────

    Error Context: test-results/admin-api-deep-Admin-APIs--cc227--copy-—-returns-401-403-404-mobile-chrome-retry1/error-context.md

    attachment #4: trace (application/zip) ─────────────────────────────────────────────────────────
    test-results/admin-api-deep-Admin-APIs--cc227--copy-—-returns-401-403-404-mobile-chrome-retry1/trace.zip
    Usage:

        npx playwright show-trace test-results/admin-api-deep-Admin-APIs--cc227--copy-—-returns-401-403-404-mobile-chrome-retry1/trace.zip

    ────────────────────────────────────────────────────────────────────────────────────────────────

  516) [mobile-chrome] › e2e/admin-api-deep.spec.mts:37:5 › Admin APIs unauthenticated › unauth GET /api/admin/ai/report-insights — returns 401/403/404 

    Error: apiRequestContext.get: connect ECONNREFUSED ::1:4000
    Call log:
      - → GET http://localhost:4000/api/admin/ai/report-insights
        - user-agent: Mozilla/5.0 (Linux; Android 14; Pixel 7) AppleWebKit/537.36 (KHTML, like Gecko) Chrome/151.0.7922.34 Mobile Safari/537.36
        - accept: */*
        - accept-encoding: gzip,deflate,br

        at apiRequestContext.get: connect ECONNREFUSED ::1:4000
        at /home/tbaltzakis/cloudless.gr/e2e/admin-api-deep.spec.mts:38:31

    attachment #1: screenshot (image/png) ──────────────────────────────────────────────────────────
    test-results/admin-api-deep-Admin-APIs--4d389-ights-—-returns-401-403-404-mobile-chrome/test-failed-1.png
    ────────────────────────────────────────────────────────────────────────────────────────────────

    attachment #2: video (video/webm) ──────────────────────────────────────────────────────────────
    test-results/admin-api-deep-Admin-APIs--4d389-ights-—-returns-401-403-404-mobile-chrome/video.webm
    ────────────────────────────────────────────────────────────────────────────────────────────────

    Error Context: test-results/admin-api-deep-Admin-APIs--4d389-ights-—-returns-401-403-404-mobile-chrome/error-context.md

    Retry #1 ───────────────────────────────────────────────────────────────────────────────────────

    Error: apiRequestContext.get: connect ECONNREFUSED ::1:4000
    Call log:
      - → GET http://localhost:4000/api/admin/ai/report-insights
        - user-agent: Mozilla/5.0 (Linux; Android 14; Pixel 7) AppleWebKit/537.36 (KHTML, like Gecko) Chrome/151.0.7922.34 Mobile Safari/537.36
        - accept: */*
        - accept-encoding: gzip,deflate,br

        at apiRequestContext.get: connect ECONNREFUSED ::1:4000
        at /home/tbaltzakis/cloudless.gr/e2e/admin-api-deep.spec.mts:38:31

    attachment #1: screenshot (image/png) ──────────────────────────────────────────────────────────
    test-results/admin-api-deep-Admin-APIs--4d389-ights-—-returns-401-403-404-mobile-chrome-retry1/test-failed-1.png
    ────────────────────────────────────────────────────────────────────────────────────────────────

    attachment #2: video (video/webm) ──────────────────────────────────────────────────────────────
    test-results/admin-api-deep-Admin-APIs--4d389-ights-—-returns-401-403-404-mobile-chrome-retry1/video.webm
    ────────────────────────────────────────────────────────────────────────────────────────────────

    Error Context: test-results/admin-api-deep-Admin-APIs--4d389-ights-—-returns-401-403-404-mobile-chrome-retry1/error-context.md

    attachment #4: trace (application/zip) ─────────────────────────────────────────────────────────
    test-results/admin-api-deep-Admin-APIs--4d389-ights-—-returns-401-403-404-mobile-chrome-retry1/trace.zip
    Usage:

        npx playwright show-trace test-results/admin-api-deep-Admin-APIs--4d389-ights-—-returns-401-403-404-mobile-chrome-retry1/trace.zip

    ────────────────────────────────────────────────────────────────────────────────────────────────

  517) [mobile-chrome] › e2e/admin-api-deep.spec.mts:37:5 › Admin APIs unauthenticated › unauth GET /api/admin/analytics/countries — returns 401/403/404 

    Error: apiRequestContext.get: connect ECONNREFUSED ::1:4000
    Call log:
      - → GET http://localhost:4000/api/admin/analytics/countries
        - user-agent: Mozilla/5.0 (Linux; Android 14; Pixel 7) AppleWebKit/537.36 (KHTML, like Gecko) Chrome/151.0.7922.34 Mobile Safari/537.36
        - accept: */*
        - accept-encoding: gzip,deflate,br

        at apiRequestContext.get: connect ECONNREFUSED ::1:4000
        at /home/tbaltzakis/cloudless.gr/e2e/admin-api-deep.spec.mts:38:31

    attachment #1: screenshot (image/png) ──────────────────────────────────────────────────────────
    test-results/admin-api-deep-Admin-APIs--b041d-tries-—-returns-401-403-404-mobile-chrome/test-failed-1.png
    ────────────────────────────────────────────────────────────────────────────────────────────────

    attachment #2: video (video/webm) ──────────────────────────────────────────────────────────────
    test-results/admin-api-deep-Admin-APIs--b041d-tries-—-returns-401-403-404-mobile-chrome/video.webm
    ────────────────────────────────────────────────────────────────────────────────────────────────

    Error Context: test-results/admin-api-deep-Admin-APIs--b041d-tries-—-returns-401-403-404-mobile-chrome/error-context.md

    Retry #1 ───────────────────────────────────────────────────────────────────────────────────────

    Error: apiRequestContext.get: connect ECONNREFUSED ::1:4000
    Call log:
      - → GET http://localhost:4000/api/admin/analytics/countries
        - user-agent: Mozilla/5.0 (Linux; Android 14; Pixel 7) AppleWebKit/537.36 (KHTML, like Gecko) Chrome/151.0.7922.34 Mobile Safari/537.36
        - accept: */*
        - accept-encoding: gzip,deflate,br

        at apiRequestContext.get: connect ECONNREFUSED ::1:4000
        at /home/tbaltzakis/cloudless.gr/e2e/admin-api-deep.spec.mts:38:31

    attachment #1: screenshot (image/png) ──────────────────────────────────────────────────────────
    test-results/admin-api-deep-Admin-APIs--b041d-tries-—-returns-401-403-404-mobile-chrome-retry1/test-failed-1.png
    ────────────────────────────────────────────────────────────────────────────────────────────────

    attachment #2: video (video/webm) ──────────────────────────────────────────────────────────────
    test-results/admin-api-deep-Admin-APIs--b041d-tries-—-returns-401-403-404-mobile-chrome-retry1/video.webm
    ────────────────────────────────────────────────────────────────────────────────────────────────

    Error Context: test-results/admin-api-deep-Admin-APIs--b041d-tries-—-returns-401-403-404-mobile-chrome-retry1/error-context.md

    attachment #4: trace (application/zip) ─────────────────────────────────────────────────────────
    test-results/admin-api-deep-Admin-APIs--b041d-tries-—-returns-401-403-404-mobile-chrome-retry1/trace.zip
    Usage:

        npx playwright show-trace test-results/admin-api-deep-Admin-APIs--b041d-tries-—-returns-401-403-404-mobile-chrome-retry1/trace.zip

    ────────────────────────────────────────────────────────────────────────────────────────────────

  518) [mobile-chrome] › e2e/admin-api-deep.spec.mts:37:5 › Admin APIs unauthenticated › unauth GET /api/admin/analytics/ctr-opportunities — returns 401/403/404 

    Error: apiRequestContext.get: connect ECONNREFUSED ::1:4000
    Call log:
      - → GET http://localhost:4000/api/admin/analytics/ctr-opportunities
        - user-agent: Mozilla/5.0 (Linux; Android 14; Pixel 7) AppleWebKit/537.36 (KHTML, like Gecko) Chrome/151.0.7922.34 Mobile Safari/537.36
        - accept: */*
        - accept-encoding: gzip,deflate,br

        at apiRequestContext.get: connect ECONNREFUSED ::1:4000
        at /home/tbaltzakis/cloudless.gr/e2e/admin-api-deep.spec.mts:38:31

    attachment #1: screenshot (image/png) ──────────────────────────────────────────────────────────
    test-results/admin-api-deep-Admin-APIs--8b92c-ities-—-returns-401-403-404-mobile-chrome/test-failed-1.png
    ────────────────────────────────────────────────────────────────────────────────────────────────

    attachment #2: video (video/webm) ──────────────────────────────────────────────────────────────
    test-results/admin-api-deep-Admin-APIs--8b92c-ities-—-returns-401-403-404-mobile-chrome/video.webm
    ────────────────────────────────────────────────────────────────────────────────────────────────

    Error Context: test-results/admin-api-deep-Admin-APIs--8b92c-ities-—-returns-401-403-404-mobile-chrome/error-context.md

    Retry #1 ───────────────────────────────────────────────────────────────────────────────────────

    Error: apiRequestContext.get: connect ECONNREFUSED ::1:4000
    Call log:
      - → GET http://localhost:4000/api/admin/analytics/ctr-opportunities
        - user-agent: Mozilla/5.0 (Linux; Android 14; Pixel 7) AppleWebKit/537.36 (KHTML, like Gecko) Chrome/151.0.7922.34 Mobile Safari/537.36
        - accept: */*
        - accept-encoding: gzip,deflate,br

        at apiRequestContext.get: connect ECONNREFUSED ::1:4000
        at /home/tbaltzakis/cloudless.gr/e2e/admin-api-deep.spec.mts:38:31

    attachment #1: screenshot (image/png) ──────────────────────────────────────────────────────────
    test-results/admin-api-deep-Admin-APIs--8b92c-ities-—-returns-401-403-404-mobile-chrome-retry1/test-failed-1.png
    ────────────────────────────────────────────────────────────────────────────────────────────────

    attachment #2: video (video/webm) ──────────────────────────────────────────────────────────────
    test-results/admin-api-deep-Admin-APIs--8b92c-ities-—-returns-401-403-404-mobile-chrome-retry1/video.webm
    ────────────────────────────────────────────────────────────────────────────────────────────────

    Error Context: test-results/admin-api-deep-Admin-APIs--8b92c-ities-—-returns-401-403-404-mobile-chrome-retry1/error-context.md

    attachment #4: trace (application/zip) ─────────────────────────────────────────────────────────
    test-results/admin-api-deep-Admin-APIs--8b92c-ities-—-returns-401-403-404-mobile-chrome-retry1/trace.zip
    Usage:

        npx playwright show-trace test-results/admin-api-deep-Admin-APIs--8b92c-ities-—-returns-401-403-404-mobile-chrome-retry1/trace.zip

    ────────────────────────────────────────────────────────────────────────────────────────────────

  519) [mobile-chrome] › e2e/admin-api-deep.spec.mts:37:5 › Admin APIs unauthenticated › unauth GET /api/admin/analytics/devices — returns 401/403/404 

    Error: apiRequestContext.get: connect ECONNREFUSED ::1:4000
    Call log:
      - → GET http://localhost:4000/api/admin/analytics/devices
        - user-agent: Mozilla/5.0 (Linux; Android 14; Pixel 7) AppleWebKit/537.36 (KHTML, like Gecko) Chrome/151.0.7922.34 Mobile Safari/537.36
        - accept: */*
        - accept-encoding: gzip,deflate,br

        at apiRequestContext.get: connect ECONNREFUSED ::1:4000
        at /home/tbaltzakis/cloudless.gr/e2e/admin-api-deep.spec.mts:38:31

    attachment #1: screenshot (image/png) ──────────────────────────────────────────────────────────
    test-results/admin-api-deep-Admin-APIs--8f2fc-vices-—-returns-401-403-404-mobile-chrome/test-failed-1.png
    ────────────────────────────────────────────────────────────────────────────────────────────────

    attachment #2: video (video/webm) ──────────────────────────────────────────────────────────────
    test-results/admin-api-deep-Admin-APIs--8f2fc-vices-—-returns-401-403-404-mobile-chrome/video.webm
    ────────────────────────────────────────────────────────────────────────────────────────────────

    Error Context: test-results/admin-api-deep-Admin-APIs--8f2fc-vices-—-returns-401-403-404-mobile-chrome/error-context.md

    Retry #1 ───────────────────────────────────────────────────────────────────────────────────────

    Error: apiRequestContext.get: connect ECONNREFUSED ::1:4000
    Call log:
      - → GET http://localhost:4000/api/admin/analytics/devices
        - user-agent: Mozilla/5.0 (Linux; Android 14; Pixel 7) AppleWebKit/537.36 (KHTML, like Gecko) Chrome/151.0.7922.34 Mobile Safari/537.36
        - accept: */*
        - accept-encoding: gzip,deflate,br

        at apiRequestContext.get: connect ECONNREFUSED ::1:4000
        at /home/tbaltzakis/cloudless.gr/e2e/admin-api-deep.spec.mts:38:31

    attachment #1: screenshot (image/png) ──────────────────────────────────────────────────────────
    test-results/admin-api-deep-Admin-APIs--8f2fc-vices-—-returns-401-403-404-mobile-chrome-retry1/test-failed-1.png
    ────────────────────────────────────────────────────────────────────────────────────────────────

    attachment #2: video (video/webm) ──────────────────────────────────────────────────────────────
    test-results/admin-api-deep-Admin-APIs--8f2fc-vices-—-returns-401-403-404-mobile-chrome-retry1/video.webm
    ────────────────────────────────────────────────────────────────────────────────────────────────

    Error Context: test-results/admin-api-deep-Admin-APIs--8f2fc-vices-—-returns-401-403-404-mobile-chrome-retry1/error-context.md

    attachment #4: trace (application/zip) ─────────────────────────────────────────────────────────
    test-results/admin-api-deep-Admin-APIs--8f2fc-vices-—-returns-401-403-404-mobile-chrome-retry1/trace.zip
    Usage:

        npx playwright show-trace test-results/admin-api-deep-Admin-APIs--8f2fc-vices-—-returns-401-403-404-mobile-chrome-retry1/trace.zip

    ────────────────────────────────────────────────────────────────────────────────────────────────

  520) [mobile-chrome] › e2e/admin-api-deep.spec.mts:37:5 › Admin APIs unauthenticated › unauth GET /api/admin/analytics/history — returns 401/403/404 

    Error: apiRequestContext.get: connect ECONNREFUSED ::1:4000
    Call log:
      - → GET http://localhost:4000/api/admin/analytics/history
        - user-agent: Mozilla/5.0 (Linux; Android 14; Pixel 7) AppleWebKit/537.36 (KHTML, like Gecko) Chrome/151.0.7922.34 Mobile Safari/537.36
        - accept: */*
        - accept-encoding: gzip,deflate,br

        at apiRequestContext.get: connect ECONNREFUSED ::1:4000
        at /home/tbaltzakis/cloudless.gr/e2e/admin-api-deep.spec.mts:38:31

    attachment #1: screenshot (image/png) ──────────────────────────────────────────────────────────
    test-results/admin-api-deep-Admin-APIs--8d8ef-story-—-returns-401-403-404-mobile-chrome/test-failed-1.png
    ────────────────────────────────────────────────────────────────────────────────────────────────

    attachment #2: video (video/webm) ──────────────────────────────────────────────────────────────
    test-results/admin-api-deep-Admin-APIs--8d8ef-story-—-returns-401-403-404-mobile-chrome/video.webm
    ────────────────────────────────────────────────────────────────────────────────────────────────

    Error Context: test-results/admin-api-deep-Admin-APIs--8d8ef-story-—-returns-401-403-404-mobile-chrome/error-context.md

    Retry #1 ───────────────────────────────────────────────────────────────────────────────────────

    Error: apiRequestContext.get: connect ECONNREFUSED ::1:4000
    Call log:
      - → GET http://localhost:4000/api/admin/analytics/history
        - user-agent: Mozilla/5.0 (Linux; Android 14; Pixel 7) AppleWebKit/537.36 (KHTML, like Gecko) Chrome/151.0.7922.34 Mobile Safari/537.36
        - accept: */*
        - accept-encoding: gzip,deflate,br

        at apiRequestContext.get: connect ECONNREFUSED ::1:4000
        at /home/tbaltzakis/cloudless.gr/e2e/admin-api-deep.spec.mts:38:31

    attachment #1: screenshot (image/png) ──────────────────────────────────────────────────────────
    test-results/admin-api-deep-Admin-APIs--8d8ef-story-—-returns-401-403-404-mobile-chrome-retry1/test-failed-1.png
    ────────────────────────────────────────────────────────────────────────────────────────────────

    attachment #2: video (video/webm) ──────────────────────────────────────────────────────────────
    test-results/admin-api-deep-Admin-APIs--8d8ef-story-—-returns-401-403-404-mobile-chrome-retry1/video.webm
    ────────────────────────────────────────────────────────────────────────────────────────────────

    Error Context: test-results/admin-api-deep-Admin-APIs--8d8ef-story-—-returns-401-403-404-mobile-chrome-retry1/error-context.md

    attachment #4: trace (application/zip) ─────────────────────────────────────────────────────────
    test-results/admin-api-deep-Admin-APIs--8d8ef-story-—-returns-401-403-404-mobile-chrome-retry1/trace.zip
    Usage:

        npx playwright show-trace test-results/admin-api-deep-Admin-APIs--8d8ef-story-—-returns-401-403-404-mobile-chrome-retry1/trace.zip

    ────────────────────────────────────────────────────────────────────────────────────────────────

  521) [mobile-chrome] › e2e/admin-api-deep.spec.mts:37:5 › Admin APIs unauthenticated › unauth GET /api/admin/analytics/keywords — returns 401/403/404 

    Error: apiRequestContext.get: connect ECONNREFUSED ::1:4000
    Call log:
      - → GET http://localhost:4000/api/admin/analytics/keywords
        - user-agent: Mozilla/5.0 (Linux; Android 14; Pixel 7) AppleWebKit/537.36 (KHTML, like Gecko) Chrome/151.0.7922.34 Mobile Safari/537.36
        - accept: */*
        - accept-encoding: gzip,deflate,br

        at apiRequestContext.get: connect ECONNREFUSED ::1:4000
        at /home/tbaltzakis/cloudless.gr/e2e/admin-api-deep.spec.mts:38:31

    attachment #1: screenshot (image/png) ──────────────────────────────────────────────────────────
    test-results/admin-api-deep-Admin-APIs--c5d8c-words-—-returns-401-403-404-mobile-chrome/test-failed-1.png
    ────────────────────────────────────────────────────────────────────────────────────────────────

    attachment #2: video (video/webm) ──────────────────────────────────────────────────────────────
    test-results/admin-api-deep-Admin-APIs--c5d8c-words-—-returns-401-403-404-mobile-chrome/video.webm
    ────────────────────────────────────────────────────────────────────────────────────────────────

    Error Context: test-results/admin-api-deep-Admin-APIs--c5d8c-words-—-returns-401-403-404-mobile-chrome/error-context.md

    Retry #1 ───────────────────────────────────────────────────────────────────────────────────────

    Error: apiRequestContext.get: connect ECONNREFUSED ::1:4000
    Call log:
      - → GET http://localhost:4000/api/admin/analytics/keywords
        - user-agent: Mozilla/5.0 (Linux; Android 14; Pixel 7) AppleWebKit/537.36 (KHTML, like Gecko) Chrome/151.0.7922.34 Mobile Safari/537.36
        - accept: */*
        - accept-encoding: gzip,deflate,br

        at apiRequestContext.get: connect ECONNREFUSED ::1:4000
        at /home/tbaltzakis/cloudless.gr/e2e/admin-api-deep.spec.mts:38:31

    attachment #1: screenshot (image/png) ──────────────────────────────────────────────────────────
    test-results/admin-api-deep-Admin-APIs--c5d8c-words-—-returns-401-403-404-mobile-chrome-retry1/test-failed-1.png
    ────────────────────────────────────────────────────────────────────────────────────────────────

    attachment #2: video (video/webm) ──────────────────────────────────────────────────────────────
    test-results/admin-api-deep-Admin-APIs--c5d8c-words-—-returns-401-403-404-mobile-chrome-retry1/video.webm
    ────────────────────────────────────────────────────────────────────────────────────────────────

    Error Context: test-results/admin-api-deep-Admin-APIs--c5d8c-words-—-returns-401-403-404-mobile-chrome-retry1/error-context.md

    attachment #4: trace (application/zip) ─────────────────────────────────────────────────────────
    test-results/admin-api-deep-Admin-APIs--c5d8c-words-—-returns-401-403-404-mobile-chrome-retry1/trace.zip
    Usage:

        npx playwright show-trace test-results/admin-api-deep-Admin-APIs--c5d8c-words-—-returns-401-403-404-mobile-chrome-retry1/trace.zip

    ────────────────────────────────────────────────────────────────────────────────────────────────

  522) [mobile-chrome] › e2e/admin-api-deep.spec.mts:37:5 › Admin APIs unauthenticated › unauth GET /api/admin/analytics/pages — returns 401/403/404 

    Error: apiRequestContext.get: connect ECONNREFUSED ::1:4000
    Call log:
      - → GET http://localhost:4000/api/admin/analytics/pages
        - user-agent: Mozilla/5.0 (Linux; Android 14; Pixel 7) AppleWebKit/537.36 (KHTML, like Gecko) Chrome/151.0.7922.34 Mobile Safari/537.36
        - accept: */*
        - accept-encoding: gzip,deflate,br

        at apiRequestContext.get: connect ECONNREFUSED ::1:4000
        at /home/tbaltzakis/cloudless.gr/e2e/admin-api-deep.spec.mts:38:31

    attachment #1: screenshot (image/png) ──────────────────────────────────────────────────────────
    test-results/admin-api-deep-Admin-APIs--a27fc-pages-—-returns-401-403-404-mobile-chrome/test-failed-1.png
    ────────────────────────────────────────────────────────────────────────────────────────────────

    attachment #2: video (video/webm) ──────────────────────────────────────────────────────────────
    test-results/admin-api-deep-Admin-APIs--a27fc-pages-—-returns-401-403-404-mobile-chrome/video.webm
    ────────────────────────────────────────────────────────────────────────────────────────────────

    Error Context: test-results/admin-api-deep-Admin-APIs--a27fc-pages-—-returns-401-403-404-mobile-chrome/error-context.md

    Retry #1 ───────────────────────────────────────────────────────────────────────────────────────

    Error: apiRequestContext.get: connect ECONNREFUSED ::1:4000
    Call log:
      - → GET http://localhost:4000/api/admin/analytics/pages
        - user-agent: Mozilla/5.0 (Linux; Android 14; Pixel 7) AppleWebKit/537.36 (KHTML, like Gecko) Chrome/151.0.7922.34 Mobile Safari/537.36
        - accept: */*
        - accept-encoding: gzip,deflate,br

        at apiRequestContext.get: connect ECONNREFUSED ::1:4000
        at /home/tbaltzakis/cloudless.gr/e2e/admin-api-deep.spec.mts:38:31

    attachment #1: screenshot (image/png) ──────────────────────────────────────────────────────────
    test-results/admin-api-deep-Admin-APIs--a27fc-pages-—-returns-401-403-404-mobile-chrome-retry1/test-failed-1.png
    ────────────────────────────────────────────────────────────────────────────────────────────────

    attachment #2: video (video/webm) ──────────────────────────────────────────────────────────────
    test-results/admin-api-deep-Admin-APIs--a27fc-pages-—-returns-401-403-404-mobile-chrome-retry1/video.webm
    ────────────────────────────────────────────────────────────────────────────────────────────────

    Error Context: test-results/admin-api-deep-Admin-APIs--a27fc-pages-—-returns-401-403-404-mobile-chrome-retry1/error-context.md

    attachment #4: trace (application/zip) ─────────────────────────────────────────────────────────
    test-results/admin-api-deep-Admin-APIs--a27fc-pages-—-returns-401-403-404-mobile-chrome-retry1/trace.zip
    Usage:

        npx playwright show-trace test-results/admin-api-deep-Admin-APIs--a27fc-pages-—-returns-401-403-404-mobile-chrome-retry1/trace.zip

    ────────────────────────────────────────────────────────────────────────────────────────────────

  523) [mobile-chrome] › e2e/admin-api-deep.spec.mts:37:5 › Admin APIs unauthenticated › unauth GET /api/admin/analytics/products — returns 401/403/404 

    Error: apiRequestContext.get: connect ECONNREFUSED ::1:4000
    Call log:
      - → GET http://localhost:4000/api/admin/analytics/products
        - user-agent: Mozilla/5.0 (Linux; Android 14; Pixel 7) AppleWebKit/537.36 (KHTML, like Gecko) Chrome/151.0.7922.34 Mobile Safari/537.36
        - accept: */*
        - accept-encoding: gzip,deflate,br

        at apiRequestContext.get: connect ECONNREFUSED ::1:4000
        at /home/tbaltzakis/cloudless.gr/e2e/admin-api-deep.spec.mts:38:31

    attachment #1: screenshot (image/png) ──────────────────────────────────────────────────────────
    test-results/admin-api-deep-Admin-APIs--754de-ducts-—-returns-401-403-404-mobile-chrome/test-failed-1.png
    ────────────────────────────────────────────────────────────────────────────────────────────────

    attachment #2: video (video/webm) ──────────────────────────────────────────────────────────────
    test-results/admin-api-deep-Admin-APIs--754de-ducts-—-returns-401-403-404-mobile-chrome/video.webm
    ────────────────────────────────────────────────────────────────────────────────────────────────

    Error Context: test-results/admin-api-deep-Admin-APIs--754de-ducts-—-returns-401-403-404-mobile-chrome/error-context.md

    Retry #1 ───────────────────────────────────────────────────────────────────────────────────────

    Error: apiRequestContext.get: connect ECONNREFUSED ::1:4000
    Call log:
      - → GET http://localhost:4000/api/admin/analytics/products
        - user-agent: Mozilla/5.0 (Linux; Android 14; Pixel 7) AppleWebKit/537.36 (KHTML, like Gecko) Chrome/151.0.7922.34 Mobile Safari/537.36
        - accept: */*
        - accept-encoding: gzip,deflate,br

        at apiRequestContext.get: connect ECONNREFUSED ::1:4000
        at /home/tbaltzakis/cloudless.gr/e2e/admin-api-deep.spec.mts:38:31

    attachment #1: screenshot (image/png) ──────────────────────────────────────────────────────────
    test-results/admin-api-deep-Admin-APIs--754de-ducts-—-returns-401-403-404-mobile-chrome-retry1/test-failed-1.png
    ────────────────────────────────────────────────────────────────────────────────────────────────

    attachment #2: video (video/webm) ──────────────────────────────────────────────────────────────
    test-results/admin-api-deep-Admin-APIs--754de-ducts-—-returns-401-403-404-mobile-chrome-retry1/video.webm
    ────────────────────────────────────────────────────────────────────────────────────────────────

    Error Context: test-results/admin-api-deep-Admin-APIs--754de-ducts-—-returns-401-403-404-mobile-chrome-retry1/error-context.md

    attachment #4: trace (application/zip) ─────────────────────────────────────────────────────────
    test-results/admin-api-deep-Admin-APIs--754de-ducts-—-returns-401-403-404-mobile-chrome-retry1/trace.zip
    Usage:

        npx playwright show-trace test-results/admin-api-deep-Admin-APIs--754de-ducts-—-returns-401-403-404-mobile-chrome-retry1/trace.zip

    ────────────────────────────────────────────────────────────────────────────────────────────────

  524) [mobile-chrome] › e2e/admin-api-deep.spec.mts:37:5 › Admin APIs unauthenticated › unauth GET /api/admin/analytics/query-pages — returns 401/403/404 

    Error: apiRequestContext.get: connect ECONNREFUSED ::1:4000
    Call log:
      - → GET http://localhost:4000/api/admin/analytics/query-pages
        - user-agent: Mozilla/5.0 (Linux; Android 14; Pixel 7) AppleWebKit/537.36 (KHTML, like Gecko) Chrome/151.0.7922.34 Mobile Safari/537.36
        - accept: */*
        - accept-encoding: gzip,deflate,br

        at apiRequestContext.get: connect ECONNREFUSED ::1:4000
        at /home/tbaltzakis/cloudless.gr/e2e/admin-api-deep.spec.mts:38:31

    attachment #1: screenshot (image/png) ──────────────────────────────────────────────────────────
    test-results/admin-api-deep-Admin-APIs--09f52-pages-—-returns-401-403-404-mobile-chrome/test-failed-1.png
    ────────────────────────────────────────────────────────────────────────────────────────────────

    attachment #2: video (video/webm) ──────────────────────────────────────────────────────────────
    test-results/admin-api-deep-Admin-APIs--09f52-pages-—-returns-401-403-404-mobile-chrome/video.webm
    ────────────────────────────────────────────────────────────────────────────────────────────────

    Error Context: test-results/admin-api-deep-Admin-APIs--09f52-pages-—-returns-401-403-404-mobile-chrome/error-context.md

    Retry #1 ───────────────────────────────────────────────────────────────────────────────────────

    Error: apiRequestContext.get: connect ECONNREFUSED ::1:4000
    Call log:
      - → GET http://localhost:4000/api/admin/analytics/query-pages
        - user-agent: Mozilla/5.0 (Linux; Android 14; Pixel 7) AppleWebKit/537.36 (KHTML, like Gecko) Chrome/151.0.7922.34 Mobile Safari/537.36
        - accept: */*
        - accept-encoding: gzip,deflate,br

        at apiRequestContext.get: connect ECONNREFUSED ::1:4000
        at /home/tbaltzakis/cloudless.gr/e2e/admin-api-deep.spec.mts:38:31

    attachment #1: screenshot (image/png) ──────────────────────────────────────────────────────────
    test-results/admin-api-deep-Admin-APIs--09f52-pages-—-returns-401-403-404-mobile-chrome-retry1/test-failed-1.png
    ────────────────────────────────────────────────────────────────────────────────────────────────

    attachment #2: video (video/webm) ──────────────────────────────────────────────────────────────
    test-results/admin-api-deep-Admin-APIs--09f52-pages-—-returns-401-403-404-mobile-chrome-retry1/video.webm
    ────────────────────────────────────────────────────────────────────────────────────────────────

    Error Context: test-results/admin-api-deep-Admin-APIs--09f52-pages-—-returns-401-403-404-mobile-chrome-retry1/error-context.md

    attachment #4: trace (application/zip) ─────────────────────────────────────────────────────────
    test-results/admin-api-deep-Admin-APIs--09f52-pages-—-returns-401-403-404-mobile-chrome-retry1/trace.zip
    Usage:

        npx playwright show-trace test-results/admin-api-deep-Admin-APIs--09f52-pages-—-returns-401-403-404-mobile-chrome-retry1/trace.zip

    ────────────────────────────────────────────────────────────────────────────────────────────────

  525) [mobile-chrome] › e2e/admin-api-deep.spec.mts:37:5 › Admin APIs unauthenticated › unauth GET /api/admin/analytics/search-intent — returns 401/403/404 

    Error: apiRequestContext.get: connect ECONNREFUSED ::1:4000
    Call log:
      - → GET http://localhost:4000/api/admin/analytics/search-intent
        - user-agent: Mozilla/5.0 (Linux; Android 14; Pixel 7) AppleWebKit/537.36 (KHTML, like Gecko) Chrome/151.0.7922.34 Mobile Safari/537.36
        - accept: */*
        - accept-encoding: gzip,deflate,br

        at apiRequestContext.get: connect ECONNREFUSED ::1:4000
        at /home/tbaltzakis/cloudless.gr/e2e/admin-api-deep.spec.mts:38:31

    attachment #1: screenshot (image/png) ──────────────────────────────────────────────────────────
    test-results/admin-api-deep-Admin-APIs--f99f3-ntent-—-returns-401-403-404-mobile-chrome/test-failed-1.png
    ────────────────────────────────────────────────────────────────────────────────────────────────

    attachment #2: video (video/webm) ──────────────────────────────────────────────────────────────
    test-results/admin-api-deep-Admin-APIs--f99f3-ntent-—-returns-401-403-404-mobile-chrome/video.webm
    ────────────────────────────────────────────────────────────────────────────────────────────────

    Error Context: test-results/admin-api-deep-Admin-APIs--f99f3-ntent-—-returns-401-403-404-mobile-chrome/error-context.md

    Retry #1 ───────────────────────────────────────────────────────────────────────────────────────

    Error: apiRequestContext.get: connect ECONNREFUSED ::1:4000
    Call log:
      - → GET http://localhost:4000/api/admin/analytics/search-intent
        - user-agent: Mozilla/5.0 (Linux; Android 14; Pixel 7) AppleWebKit/537.36 (KHTML, like Gecko) Chrome/151.0.7922.34 Mobile Safari/537.36
        - accept: */*
        - accept-encoding: gzip,deflate,br

        at apiRequestContext.get: connect ECONNREFUSED ::1:4000
        at /home/tbaltzakis/cloudless.gr/e2e/admin-api-deep.spec.mts:38:31

    attachment #1: screenshot (image/png) ──────────────────────────────────────────────────────────
    test-results/admin-api-deep-Admin-APIs--f99f3-ntent-—-returns-401-403-404-mobile-chrome-retry1/test-failed-1.png
    ────────────────────────────────────────────────────────────────────────────────────────────────

    attachment #2: video (video/webm) ──────────────────────────────────────────────────────────────
    test-results/admin-api-deep-Admin-APIs--f99f3-ntent-—-returns-401-403-404-mobile-chrome-retry1/video.webm
    ────────────────────────────────────────────────────────────────────────────────────────────────

    Error Context: test-results/admin-api-deep-Admin-APIs--f99f3-ntent-—-returns-401-403-404-mobile-chrome-retry1/error-context.md

    attachment #4: trace (application/zip) ─────────────────────────────────────────────────────────
    test-results/admin-api-deep-Admin-APIs--f99f3-ntent-—-returns-401-403-404-mobile-chrome-retry1/trace.zip
    Usage:

        npx playwright show-trace test-results/admin-api-deep-Admin-APIs--f99f3-ntent-—-returns-401-403-404-mobile-chrome-retry1/trace.zip

    ────────────────────────────────────────────────────────────────────────────────────────────────

  526) [mobile-chrome] › e2e/admin-api-deep.spec.mts:37:5 › Admin APIs unauthenticated › unauth GET /api/admin/analytics/seo — returns 401/403/404 

    Error: apiRequestContext.get: connect ECONNREFUSED ::1:4000
    Call log:
      - → GET http://localhost:4000/api/admin/analytics/seo
        - user-agent: Mozilla/5.0 (Linux; Android 14; Pixel 7) AppleWebKit/537.36 (KHTML, like Gecko) Chrome/151.0.7922.34 Mobile Safari/537.36
        - accept: */*
        - accept-encoding: gzip,deflate,br

        at apiRequestContext.get: connect ECONNREFUSED ::1:4000
        at /home/tbaltzakis/cloudless.gr/e2e/admin-api-deep.spec.mts:38:31

    attachment #1: screenshot (image/png) ──────────────────────────────────────────────────────────
    test-results/admin-api-deep-Admin-APIs--b10c6-s-seo-—-returns-401-403-404-mobile-chrome/test-failed-1.png
    ────────────────────────────────────────────────────────────────────────────────────────────────

    attachment #2: video (video/webm) ──────────────────────────────────────────────────────────────
    test-results/admin-api-deep-Admin-APIs--b10c6-s-seo-—-returns-401-403-404-mobile-chrome/video.webm
    ────────────────────────────────────────────────────────────────────────────────────────────────

    Error Context: test-results/admin-api-deep-Admin-APIs--b10c6-s-seo-—-returns-401-403-404-mobile-chrome/error-context.md

    Retry #1 ───────────────────────────────────────────────────────────────────────────────────────

    Error: apiRequestContext.get: connect ECONNREFUSED ::1:4000
    Call log:
      - → GET http://localhost:4000/api/admin/analytics/seo
        - user-agent: Mozilla/5.0 (Linux; Android 14; Pixel 7) AppleWebKit/537.36 (KHTML, like Gecko) Chrome/151.0.7922.34 Mobile Safari/537.36
        - accept: */*
        - accept-encoding: gzip,deflate,br

        at apiRequestContext.get: connect ECONNREFUSED ::1:4000
        at /home/tbaltzakis/cloudless.gr/e2e/admin-api-deep.spec.mts:38:31

    attachment #1: screenshot (image/png) ──────────────────────────────────────────────────────────
    test-results/admin-api-deep-Admin-APIs--b10c6-s-seo-—-returns-401-403-404-mobile-chrome-retry1/test-failed-1.png
    ────────────────────────────────────────────────────────────────────────────────────────────────

    attachment #2: video (video/webm) ──────────────────────────────────────────────────────────────
    test-results/admin-api-deep-Admin-APIs--b10c6-s-seo-—-returns-401-403-404-mobile-chrome-retry1/video.webm
    ────────────────────────────────────────────────────────────────────────────────────────────────

    Error Context: test-results/admin-api-deep-Admin-APIs--b10c6-s-seo-—-returns-401-403-404-mobile-chrome-retry1/error-context.md

    attachment #4: trace (application/zip) ─────────────────────────────────────────────────────────
    test-results/admin-api-deep-Admin-APIs--b10c6-s-seo-—-returns-401-403-404-mobile-chrome-retry1/trace.zip
    Usage:

        npx playwright show-trace test-results/admin-api-deep-Admin-APIs--b10c6-s-seo-—-returns-401-403-404-mobile-chrome-retry1/trace.zip

    ────────────────────────────────────────────────────────────────────────────────────────────────

  527) [mobile-chrome] › e2e/admin-api-deep.spec.mts:37:5 › Admin APIs unauthenticated › unauth GET /api/admin/analytics/unified — returns 401/403/404 

    Error: apiRequestContext.get: connect ECONNREFUSED ::1:4000
    Call log:
      - → GET http://localhost:4000/api/admin/analytics/unified
        - user-agent: Mozilla/5.0 (Linux; Android 14; Pixel 7) AppleWebKit/537.36 (KHTML, like Gecko) Chrome/151.0.7922.34 Mobile Safari/537.36
        - accept: */*
        - accept-encoding: gzip,deflate,br

        at apiRequestContext.get: connect ECONNREFUSED ::1:4000
        at /home/tbaltzakis/cloudless.gr/e2e/admin-api-deep.spec.mts:38:31

    attachment #1: screenshot (image/png) ──────────────────────────────────────────────────────────
    test-results/admin-api-deep-Admin-APIs--6e021-ified-—-returns-401-403-404-mobile-chrome/test-failed-1.png
    ────────────────────────────────────────────────────────────────────────────────────────────────

    attachment #2: video (video/webm) ──────────────────────────────────────────────────────────────
    test-results/admin-api-deep-Admin-APIs--6e021-ified-—-returns-401-403-404-mobile-chrome/video.webm
    ────────────────────────────────────────────────────────────────────────────────────────────────

    Error Context: test-results/admin-api-deep-Admin-APIs--6e021-ified-—-returns-401-403-404-mobile-chrome/error-context.md

    Retry #1 ───────────────────────────────────────────────────────────────────────────────────────

    Error: apiRequestContext.get: connect ECONNREFUSED ::1:4000
    Call log:
      - → GET http://localhost:4000/api/admin/analytics/unified
        - user-agent: Mozilla/5.0 (Linux; Android 14; Pixel 7) AppleWebKit/537.36 (KHTML, like Gecko) Chrome/151.0.7922.34 Mobile Safari/537.36
        - accept: */*
        - accept-encoding: gzip,deflate,br

        at apiRequestContext.get: connect ECONNREFUSED ::1:4000
        at /home/tbaltzakis/cloudless.gr/e2e/admin-api-deep.spec.mts:38:31

    attachment #1: screenshot (image/png) ──────────────────────────────────────────────────────────
    test-results/admin-api-deep-Admin-APIs--6e021-ified-—-returns-401-403-404-mobile-chrome-retry1/test-failed-1.png
    ────────────────────────────────────────────────────────────────────────────────────────────────

    attachment #2: video (video/webm) ──────────────────────────────────────────────────────────────
    test-results/admin-api-deep-Admin-APIs--6e021-ified-—-returns-401-403-404-mobile-chrome-retry1/video.webm
    ────────────────────────────────────────────────────────────────────────────────────────────────

    Error Context: test-results/admin-api-deep-Admin-APIs--6e021-ified-—-returns-401-403-404-mobile-chrome-retry1/error-context.md

    attachment #4: trace (application/zip) ─────────────────────────────────────────────────────────
    test-results/admin-api-deep-Admin-APIs--6e021-ified-—-returns-401-403-404-mobile-chrome-retry1/trace.zip
    Usage:

        npx playwright show-trace test-results/admin-api-deep-Admin-APIs--6e021-ified-—-returns-401-403-404-mobile-chrome-retry1/trace.zip

    ────────────────────────────────────────────────────────────────────────────────────────────────

  528) [mobile-chrome] › e2e/admin-api-deep.spec.mts:37:5 › Admin APIs unauthenticated › unauth GET /api/admin/analytics/web — returns 401/403/404 

    Error: apiRequestContext.get: connect ECONNREFUSED ::1:4000
    Call log:
      - → GET http://localhost:4000/api/admin/analytics/web
        - user-agent: Mozilla/5.0 (Linux; Android 14; Pixel 7) AppleWebKit/537.36 (KHTML, like Gecko) Chrome/151.0.7922.34 Mobile Safari/537.36
        - accept: */*
        - accept-encoding: gzip,deflate,br

        at apiRequestContext.get: connect ECONNREFUSED ::1:4000
        at /home/tbaltzakis/cloudless.gr/e2e/admin-api-deep.spec.mts:38:31

    attachment #1: screenshot (image/png) ──────────────────────────────────────────────────────────
    test-results/admin-api-deep-Admin-APIs--593c1-s-web-—-returns-401-403-404-mobile-chrome/test-failed-1.png
    ────────────────────────────────────────────────────────────────────────────────────────────────

    attachment #2: video (video/webm) ──────────────────────────────────────────────────────────────
    test-results/admin-api-deep-Admin-APIs--593c1-s-web-—-returns-401-403-404-mobile-chrome/video.webm
    ────────────────────────────────────────────────────────────────────────────────────────────────

    Error Context: test-results/admin-api-deep-Admin-APIs--593c1-s-web-—-returns-401-403-404-mobile-chrome/error-context.md

    Retry #1 ───────────────────────────────────────────────────────────────────────────────────────

    Error: apiRequestContext.get: connect ECONNREFUSED ::1:4000
    Call log:
      - → GET http://localhost:4000/api/admin/analytics/web
        - user-agent: Mozilla/5.0 (Linux; Android 14; Pixel 7) AppleWebKit/537.36 (KHTML, like Gecko) Chrome/151.0.7922.34 Mobile Safari/537.36
        - accept: */*
        - accept-encoding: gzip,deflate,br

        at apiRequestContext.get: connect ECONNREFUSED ::1:4000
        at /home/tbaltzakis/cloudless.gr/e2e/admin-api-deep.spec.mts:38:31

    attachment #1: screenshot (image/png) ──────────────────────────────────────────────────────────
    test-results/admin-api-deep-Admin-APIs--593c1-s-web-—-returns-401-403-404-mobile-chrome-retry1/test-failed-1.png
    ────────────────────────────────────────────────────────────────────────────────────────────────

    attachment #2: video (video/webm) ──────────────────────────────────────────────────────────────
    test-results/admin-api-deep-Admin-APIs--593c1-s-web-—-returns-401-403-404-mobile-chrome-retry1/video.webm
    ────────────────────────────────────────────────────────────────────────────────────────────────

    Error Context: test-results/admin-api-deep-Admin-APIs--593c1-s-web-—-returns-401-403-404-mobile-chrome-retry1/error-context.md

    attachment #4: trace (application/zip) ─────────────────────────────────────────────────────────
    test-results/admin-api-deep-Admin-APIs--593c1-s-web-—-returns-401-403-404-mobile-chrome-retry1/trace.zip
    Usage:

        npx playwright show-trace test-results/admin-api-deep-Admin-APIs--593c1-s-web-—-returns-401-403-404-mobile-chrome-retry1/trace.zip

    ────────────────────────────────────────────────────────────────────────────────────────────────

  529) [mobile-chrome] › e2e/admin-api-deep.spec.mts:37:5 › Admin APIs unauthenticated › unauth GET /api/admin/cache — returns 401/403/404 

    Error: apiRequestContext.get: connect ECONNREFUSED ::1:4000
    Call log:
      - → GET http://localhost:4000/api/admin/cache
        - user-agent: Mozilla/5.0 (Linux; Android 14; Pixel 7) AppleWebKit/537.36 (KHTML, like Gecko) Chrome/151.0.7922.34 Mobile Safari/537.36
        - accept: */*
        - accept-encoding: gzip,deflate,br

        at apiRequestContext.get: connect ECONNREFUSED ::1:4000
        at /home/tbaltzakis/cloudless.gr/e2e/admin-api-deep.spec.mts:38:31

    attachment #1: screenshot (image/png) ──────────────────────────────────────────────────────────
    test-results/admin-api-deep-Admin-APIs--421b7-cache-—-returns-401-403-404-mobile-chrome/test-failed-1.png
    ────────────────────────────────────────────────────────────────────────────────────────────────

    attachment #2: video (video/webm) ──────────────────────────────────────────────────────────────
    test-results/admin-api-deep-Admin-APIs--421b7-cache-—-returns-401-403-404-mobile-chrome/video.webm
    ────────────────────────────────────────────────────────────────────────────────────────────────

    Error Context: test-results/admin-api-deep-Admin-APIs--421b7-cache-—-returns-401-403-404-mobile-chrome/error-context.md

    Retry #1 ───────────────────────────────────────────────────────────────────────────────────────

    Error: apiRequestContext.get: connect ECONNREFUSED ::1:4000
    Call log:
      - → GET http://localhost:4000/api/admin/cache
        - user-agent: Mozilla/5.0 (Linux; Android 14; Pixel 7) AppleWebKit/537.36 (KHTML, like Gecko) Chrome/151.0.7922.34 Mobile Safari/537.36
        - accept: */*
        - accept-encoding: gzip,deflate,br

        at apiRequestContext.get: connect ECONNREFUSED ::1:4000
        at /home/tbaltzakis/cloudless.gr/e2e/admin-api-deep.spec.mts:38:31

    attachment #1: screenshot (image/png) ──────────────────────────────────────────────────────────
    test-results/admin-api-deep-Admin-APIs--421b7-cache-—-returns-401-403-404-mobile-chrome-retry1/test-failed-1.png
    ────────────────────────────────────────────────────────────────────────────────────────────────

    attachment #2: video (video/webm) ──────────────────────────────────────────────────────────────
    test-results/admin-api-deep-Admin-APIs--421b7-cache-—-returns-401-403-404-mobile-chrome-retry1/video.webm
    ────────────────────────────────────────────────────────────────────────────────────────────────

    Error Context: test-results/admin-api-deep-Admin-APIs--421b7-cache-—-returns-401-403-404-mobile-chrome-retry1/error-context.md

    attachment #4: trace (application/zip) ─────────────────────────────────────────────────────────
    test-results/admin-api-deep-Admin-APIs--421b7-cache-—-returns-401-403-404-mobile-chrome-retry1/trace.zip
    Usage:

        npx playwright show-trace test-results/admin-api-deep-Admin-APIs--421b7-cache-—-returns-401-403-404-mobile-chrome-retry1/trace.zip

    ────────────────────────────────────────────────────────────────────────────────────────────────

  530) [mobile-chrome] › e2e/admin-api-deep.spec.mts:37:5 › Admin APIs unauthenticated › unauth GET /api/admin/calendar — returns 401/403/404 

    Error: apiRequestContext.get: connect ECONNREFUSED ::1:4000
    Call log:
      - → GET http://localhost:4000/api/admin/calendar
        - user-agent: Mozilla/5.0 (Linux; Android 14; Pixel 7) AppleWebKit/537.36 (KHTML, like Gecko) Chrome/151.0.7922.34 Mobile Safari/537.36
        - accept: */*
        - accept-encoding: gzip,deflate,br

        at apiRequestContext.get: connect ECONNREFUSED ::1:4000
        at /home/tbaltzakis/cloudless.gr/e2e/admin-api-deep.spec.mts:38:31

    attachment #1: screenshot (image/png) ──────────────────────────────────────────────────────────
    test-results/admin-api-deep-Admin-APIs--6da34-endar-—-returns-401-403-404-mobile-chrome/test-failed-1.png
    ────────────────────────────────────────────────────────────────────────────────────────────────

    attachment #2: video (video/webm) ──────────────────────────────────────────────────────────────
    test-results/admin-api-deep-Admin-APIs--6da34-endar-—-returns-401-403-404-mobile-chrome/video.webm
    ────────────────────────────────────────────────────────────────────────────────────────────────

    Error Context: test-results/admin-api-deep-Admin-APIs--6da34-endar-—-returns-401-403-404-mobile-chrome/error-context.md

    Retry #1 ───────────────────────────────────────────────────────────────────────────────────────

    Error: apiRequestContext.get: connect ECONNREFUSED ::1:4000
    Call log:
      - → GET http://localhost:4000/api/admin/calendar
        - user-agent: Mozilla/5.0 (Linux; Android 14; Pixel 7) AppleWebKit/537.36 (KHTML, like Gecko) Chrome/151.0.7922.34 Mobile Safari/537.36
        - accept: */*
        - accept-encoding: gzip,deflate,br

        at apiRequestContext.get: connect ECONNREFUSED ::1:4000
        at /home/tbaltzakis/cloudless.gr/e2e/admin-api-deep.spec.mts:38:31

    attachment #1: screenshot (image/png) ──────────────────────────────────────────────────────────
    test-results/admin-api-deep-Admin-APIs--6da34-endar-—-returns-401-403-404-mobile-chrome-retry1/test-failed-1.png
    ────────────────────────────────────────────────────────────────────────────────────────────────

    attachment #2: video (video/webm) ──────────────────────────────────────────────────────────────
    test-results/admin-api-deep-Admin-APIs--6da34-endar-—-returns-401-403-404-mobile-chrome-retry1/video.webm
    ────────────────────────────────────────────────────────────────────────────────────────────────

    Error Context: test-results/admin-api-deep-Admin-APIs--6da34-endar-—-returns-401-403-404-mobile-chrome-retry1/error-context.md

    attachment #4: trace (application/zip) ─────────────────────────────────────────────────────────
    test-results/admin-api-deep-Admin-APIs--6da34-endar-—-returns-401-403-404-mobile-chrome-retry1/trace.zip
    Usage:

        npx playwright show-trace test-results/admin-api-deep-Admin-APIs--6da34-endar-—-returns-401-403-404-mobile-chrome-retry1/trace.zip

    ────────────────────────────────────────────────────────────────────────────────────────────────

  531) [mobile-chrome] › e2e/admin-api-deep.spec.mts:37:5 › Admin APIs unauthenticated › unauth GET /api/admin/calendar/create — returns 401/403/404 

    Error: apiRequestContext.get: connect ECONNREFUSED ::1:4000
    Call log:
      - → GET http://localhost:4000/api/admin/calendar/create
        - user-agent: Mozilla/5.0 (Linux; Android 14; Pixel 7) AppleWebKit/537.36 (KHTML, like Gecko) Chrome/151.0.7922.34 Mobile Safari/537.36
        - accept: */*
        - accept-encoding: gzip,deflate,br

        at apiRequestContext.get: connect ECONNREFUSED ::1:4000
        at /home/tbaltzakis/cloudless.gr/e2e/admin-api-deep.spec.mts:38:31

    attachment #1: screenshot (image/png) ──────────────────────────────────────────────────────────
    test-results/admin-api-deep-Admin-APIs--bcae6-reate-—-returns-401-403-404-mobile-chrome/test-failed-1.png
    ────────────────────────────────────────────────────────────────────────────────────────────────

    attachment #2: video (video/webm) ──────────────────────────────────────────────────────────────
    test-results/admin-api-deep-Admin-APIs--bcae6-reate-—-returns-401-403-404-mobile-chrome/video.webm
    ────────────────────────────────────────────────────────────────────────────────────────────────

    Error Context: test-results/admin-api-deep-Admin-APIs--bcae6-reate-—-returns-401-403-404-mobile-chrome/error-context.md

    Retry #1 ───────────────────────────────────────────────────────────────────────────────────────

    Error: apiRequestContext.get: connect ECONNREFUSED ::1:4000
    Call log:
      - → GET http://localhost:4000/api/admin/calendar/create
        - user-agent: Mozilla/5.0 (Linux; Android 14; Pixel 7) AppleWebKit/537.36 (KHTML, like Gecko) Chrome/151.0.7922.34 Mobile Safari/537.36
        - accept: */*
        - accept-encoding: gzip,deflate,br

        at apiRequestContext.get: connect ECONNREFUSED ::1:4000
        at /home/tbaltzakis/cloudless.gr/e2e/admin-api-deep.spec.mts:38:31

    attachment #1: screenshot (image/png) ──────────────────────────────────────────────────────────
    test-results/admin-api-deep-Admin-APIs--bcae6-reate-—-returns-401-403-404-mobile-chrome-retry1/test-failed-1.png
    ────────────────────────────────────────────────────────────────────────────────────────────────

    attachment #2: video (video/webm) ──────────────────────────────────────────────────────────────
    test-results/admin-api-deep-Admin-APIs--bcae6-reate-—-returns-401-403-404-mobile-chrome-retry1/video.webm
    ────────────────────────────────────────────────────────────────────────────────────────────────

    Error Context: test-results/admin-api-deep-Admin-APIs--bcae6-reate-—-returns-401-403-404-mobile-chrome-retry1/error-context.md

    attachment #4: trace (application/zip) ─────────────────────────────────────────────────────────
    test-results/admin-api-deep-Admin-APIs--bcae6-reate-—-returns-401-403-404-mobile-chrome-retry1/trace.zip
    Usage:

        npx playwright show-trace test-results/admin-api-deep-Admin-APIs--bcae6-reate-—-returns-401-403-404-mobile-chrome-retry1/trace.zip

    ────────────────────────────────────────────────────────────────────────────────────────────────

  532) [mobile-chrome] › e2e/admin-api-deep.spec.mts:37:5 › Admin APIs unauthenticated › unauth GET /api/admin/campaigns/google — returns 401/403/404 

    Error: apiRequestContext.get: connect ECONNREFUSED ::1:4000
    Call log:
      - → GET http://localhost:4000/api/admin/campaigns/google
        - user-agent: Mozilla/5.0 (Linux; Android 14; Pixel 7) AppleWebKit/537.36 (KHTML, like Gecko) Chrome/151.0.7922.34 Mobile Safari/537.36
        - accept: */*
        - accept-encoding: gzip,deflate,br

        at apiRequestContext.get: connect ECONNREFUSED ::1:4000
        at /home/tbaltzakis/cloudless.gr/e2e/admin-api-deep.spec.mts:38:31

    attachment #1: screenshot (image/png) ──────────────────────────────────────────────────────────
    test-results/admin-api-deep-Admin-APIs--ba8c7-oogle-—-returns-401-403-404-mobile-chrome/test-failed-1.png
    ────────────────────────────────────────────────────────────────────────────────────────────────

    attachment #2: video (video/webm) ──────────────────────────────────────────────────────────────
    test-results/admin-api-deep-Admin-APIs--ba8c7-oogle-—-returns-401-403-404-mobile-chrome/video.webm
    ────────────────────────────────────────────────────────────────────────────────────────────────

    Error Context: test-results/admin-api-deep-Admin-APIs--ba8c7-oogle-—-returns-401-403-404-mobile-chrome/error-context.md

    Retry #1 ───────────────────────────────────────────────────────────────────────────────────────

    Error: apiRequestContext.get: connect ECONNREFUSED ::1:4000
    Call log:
      - → GET http://localhost:4000/api/admin/campaigns/google
        - user-agent: Mozilla/5.0 (Linux; Android 14; Pixel 7) AppleWebKit/537.36 (KHTML, like Gecko) Chrome/151.0.7922.34 Mobile Safari/537.36
        - accept: */*
        - accept-encoding: gzip,deflate,br

        at apiRequestContext.get: connect ECONNREFUSED ::1:4000
        at /home/tbaltzakis/cloudless.gr/e2e/admin-api-deep.spec.mts:38:31

    attachment #1: screenshot (image/png) ──────────────────────────────────────────────────────────
    test-results/admin-api-deep-Admin-APIs--ba8c7-oogle-—-returns-401-403-404-mobile-chrome-retry1/test-failed-1.png
    ────────────────────────────────────────────────────────────────────────────────────────────────

    attachment #2: video (video/webm) ──────────────────────────────────────────────────────────────
    test-results/admin-api-deep-Admin-APIs--ba8c7-oogle-—-returns-401-403-404-mobile-chrome-retry1/video.webm
    ────────────────────────────────────────────────────────────────────────────────────────────────

    Error Context: test-results/admin-api-deep-Admin-APIs--ba8c7-oogle-—-returns-401-403-404-mobile-chrome-retry1/error-context.md

    attachment #4: trace (application/zip) ─────────────────────────────────────────────────────────
    test-results/admin-api-deep-Admin-APIs--ba8c7-oogle-—-returns-401-403-404-mobile-chrome-retry1/trace.zip
    Usage:

        npx playwright show-trace test-results/admin-api-deep-Admin-APIs--ba8c7-oogle-—-returns-401-403-404-mobile-chrome-retry1/trace.zip

    ────────────────────────────────────────────────────────────────────────────────────────────────

  533) [mobile-chrome] › e2e/admin-api-deep.spec.mts:37:5 › Admin APIs unauthenticated › unauth GET /api/admin/campaigns/google/insights — returns 401/403/404 

    Error: apiRequestContext.get: connect ECONNREFUSED ::1:4000
    Call log:
      - → GET http://localhost:4000/api/admin/campaigns/google/insights
        - user-agent: Mozilla/5.0 (Linux; Android 14; Pixel 7) AppleWebKit/537.36 (KHTML, like Gecko) Chrome/151.0.7922.34 Mobile Safari/537.36
        - accept: */*
        - accept-encoding: gzip,deflate,br

        at apiRequestContext.get: connect ECONNREFUSED ::1:4000
        at /home/tbaltzakis/cloudless.gr/e2e/admin-api-deep.spec.mts:38:31

    attachment #1: screenshot (image/png) ──────────────────────────────────────────────────────────
    test-results/admin-api-deep-Admin-APIs--7d9df-ights-—-returns-401-403-404-mobile-chrome/test-failed-1.png
    ────────────────────────────────────────────────────────────────────────────────────────────────

    attachment #2: video (video/webm) ──────────────────────────────────────────────────────────────
    test-results/admin-api-deep-Admin-APIs--7d9df-ights-—-returns-401-403-404-mobile-chrome/video.webm
    ────────────────────────────────────────────────────────────────────────────────────────────────

    Error Context: test-results/admin-api-deep-Admin-APIs--7d9df-ights-—-returns-401-403-404-mobile-chrome/error-context.md

    Retry #1 ───────────────────────────────────────────────────────────────────────────────────────

    Error: apiRequestContext.get: connect ECONNREFUSED ::1:4000
    Call log:
      - → GET http://localhost:4000/api/admin/campaigns/google/insights
        - user-agent: Mozilla/5.0 (Linux; Android 14; Pixel 7) AppleWebKit/537.36 (KHTML, like Gecko) Chrome/151.0.7922.34 Mobile Safari/537.36
        - accept: */*
        - accept-encoding: gzip,deflate,br

        at apiRequestContext.get: connect ECONNREFUSED ::1:4000
        at /home/tbaltzakis/cloudless.gr/e2e/admin-api-deep.spec.mts:38:31

    attachment #1: screenshot (image/png) ──────────────────────────────────────────────────────────
    test-results/admin-api-deep-Admin-APIs--7d9df-ights-—-returns-401-403-404-mobile-chrome-retry1/test-failed-1.png
    ────────────────────────────────────────────────────────────────────────────────────────────────

    attachment #2: video (video/webm) ──────────────────────────────────────────────────────────────
    test-results/admin-api-deep-Admin-APIs--7d9df-ights-—-returns-401-403-404-mobile-chrome-retry1/video.webm
    ────────────────────────────────────────────────────────────────────────────────────────────────

    Error Context: test-results/admin-api-deep-Admin-APIs--7d9df-ights-—-returns-401-403-404-mobile-chrome-retry1/error-context.md

    attachment #4: trace (application/zip) ─────────────────────────────────────────────────────────
    test-results/admin-api-deep-Admin-APIs--7d9df-ights-—-returns-401-403-404-mobile-chrome-retry1/trace.zip
    Usage:

        npx playwright show-trace test-results/admin-api-deep-Admin-APIs--7d9df-ights-—-returns-401-403-404-mobile-chrome-retry1/trace.zip

    ────────────────────────────────────────────────────────────────────────────────────────────────

  534) [mobile-chrome] › e2e/admin-api-deep.spec.mts:37:5 › Admin APIs unauthenticated › unauth GET /api/admin/campaigns/linkedin — returns 401/403/404 

    Error: apiRequestContext.get: connect ECONNREFUSED ::1:4000
    Call log:
      - → GET http://localhost:4000/api/admin/campaigns/linkedin
        - user-agent: Mozilla/5.0 (Linux; Android 14; Pixel 7) AppleWebKit/537.36 (KHTML, like Gecko) Chrome/151.0.7922.34 Mobile Safari/537.36
        - accept: */*
        - accept-encoding: gzip,deflate,br

        at apiRequestContext.get: connect ECONNREFUSED ::1:4000
        at /home/tbaltzakis/cloudless.gr/e2e/admin-api-deep.spec.mts:38:31

    attachment #1: screenshot (image/png) ──────────────────────────────────────────────────────────
    test-results/admin-api-deep-Admin-APIs--158c6-kedin-—-returns-401-403-404-mobile-chrome/test-failed-1.png
    ────────────────────────────────────────────────────────────────────────────────────────────────

    attachment #2: video (video/webm) ──────────────────────────────────────────────────────────────
    test-results/admin-api-deep-Admin-APIs--158c6-kedin-—-returns-401-403-404-mobile-chrome/video.webm
    ────────────────────────────────────────────────────────────────────────────────────────────────

    Error Context: test-results/admin-api-deep-Admin-APIs--158c6-kedin-—-returns-401-403-404-mobile-chrome/error-context.md

    Retry #1 ───────────────────────────────────────────────────────────────────────────────────────

    Error: apiRequestContext.get: connect ECONNREFUSED ::1:4000
    Call log:
      - → GET http://localhost:4000/api/admin/campaigns/linkedin
        - user-agent: Mozilla/5.0 (Linux; Android 14; Pixel 7) AppleWebKit/537.36 (KHTML, like Gecko) Chrome/151.0.7922.34 Mobile Safari/537.36
        - accept: */*
        - accept-encoding: gzip,deflate,br

        at apiRequestContext.get: connect ECONNREFUSED ::1:4000
        at /home/tbaltzakis/cloudless.gr/e2e/admin-api-deep.spec.mts:38:31

    attachment #1: screenshot (image/png) ──────────────────────────────────────────────────────────
    test-results/admin-api-deep-Admin-APIs--158c6-kedin-—-returns-401-403-404-mobile-chrome-retry1/test-failed-1.png
    ────────────────────────────────────────────────────────────────────────────────────────────────

    attachment #2: video (video/webm) ──────────────────────────────────────────────────────────────
    test-results/admin-api-deep-Admin-APIs--158c6-kedin-—-returns-401-403-404-mobile-chrome-retry1/video.webm
    ────────────────────────────────────────────────────────────────────────────────────────────────

    Error Context: test-results/admin-api-deep-Admin-APIs--158c6-kedin-—-returns-401-403-404-mobile-chrome-retry1/error-context.md

    attachment #4: trace (application/zip) ─────────────────────────────────────────────────────────
    test-results/admin-api-deep-Admin-APIs--158c6-kedin-—-returns-401-403-404-mobile-chrome-retry1/trace.zip
    Usage:

        npx playwright show-trace test-results/admin-api-deep-Admin-APIs--158c6-kedin-—-returns-401-403-404-mobile-chrome-retry1/trace.zip

    ────────────────────────────────────────────────────────────────────────────────────────────────

  535) [mobile-chrome] › e2e/admin-api-deep.spec.mts:37:5 › Admin APIs unauthenticated › unauth GET /api/admin/campaigns/linkedin/insights — returns 401/403/404 

    Error: apiRequestContext.get: connect ECONNREFUSED ::1:4000
    Call log:
      - → GET http://localhost:4000/api/admin/campaigns/linkedin/insights
        - user-agent: Mozilla/5.0 (Linux; Android 14; Pixel 7) AppleWebKit/537.36 (KHTML, like Gecko) Chrome/151.0.7922.34 Mobile Safari/537.36
        - accept: */*
        - accept-encoding: gzip,deflate,br

        at apiRequestContext.get: connect ECONNREFUSED ::1:4000
        at /home/tbaltzakis/cloudless.gr/e2e/admin-api-deep.spec.mts:38:31

    attachment #1: screenshot (image/png) ──────────────────────────────────────────────────────────
    test-results/admin-api-deep-Admin-APIs--9e313-ights-—-returns-401-403-404-mobile-chrome/test-failed-1.png
    ────────────────────────────────────────────────────────────────────────────────────────────────

    attachment #2: video (video/webm) ──────────────────────────────────────────────────────────────
    test-results/admin-api-deep-Admin-APIs--9e313-ights-—-returns-401-403-404-mobile-chrome/video.webm
    ────────────────────────────────────────────────────────────────────────────────────────────────

    Error Context: test-results/admin-api-deep-Admin-APIs--9e313-ights-—-returns-401-403-404-mobile-chrome/error-context.md

    Retry #1 ───────────────────────────────────────────────────────────────────────────────────────

    Error: apiRequestContext.get: connect ECONNREFUSED ::1:4000
    Call log:
      - → GET http://localhost:4000/api/admin/campaigns/linkedin/insights
        - user-agent: Mozilla/5.0 (Linux; Android 14; Pixel 7) AppleWebKit/537.36 (KHTML, like Gecko) Chrome/151.0.7922.34 Mobile Safari/537.36
        - accept: */*
        - accept-encoding: gzip,deflate,br

        at apiRequestContext.get: connect ECONNREFUSED ::1:4000
        at /home/tbaltzakis/cloudless.gr/e2e/admin-api-deep.spec.mts:38:31

    attachment #1: screenshot (image/png) ──────────────────────────────────────────────────────────
    test-results/admin-api-deep-Admin-APIs--9e313-ights-—-returns-401-403-404-mobile-chrome-retry1/test-failed-1.png
    ────────────────────────────────────────────────────────────────────────────────────────────────

    attachment #2: video (video/webm) ──────────────────────────────────────────────────────────────
    test-results/admin-api-deep-Admin-APIs--9e313-ights-—-returns-401-403-404-mobile-chrome-retry1/video.webm
    ────────────────────────────────────────────────────────────────────────────────────────────────

    Error Context: test-results/admin-api-deep-Admin-APIs--9e313-ights-—-returns-401-403-404-mobile-chrome-retry1/error-context.md

    attachment #4: trace (application/zip) ─────────────────────────────────────────────────────────
    test-results/admin-api-deep-Admin-APIs--9e313-ights-—-returns-401-403-404-mobile-chrome-retry1/trace.zip
    Usage:

        npx playwright show-trace test-results/admin-api-deep-Admin-APIs--9e313-ights-—-returns-401-403-404-mobile-chrome-retry1/trace.zip

    ────────────────────────────────────────────────────────────────────────────────────────────────

  536) [mobile-chrome] › e2e/admin-api-deep.spec.mts:37:5 › Admin APIs unauthenticated › unauth GET /api/admin/campaigns/tiktok — returns 401/403/404 

    Error: apiRequestContext.get: connect ECONNREFUSED ::1:4000
    Call log:
      - → GET http://localhost:4000/api/admin/campaigns/tiktok
        - user-agent: Mozilla/5.0 (Linux; Android 14; Pixel 7) AppleWebKit/537.36 (KHTML, like Gecko) Chrome/151.0.7922.34 Mobile Safari/537.36
        - accept: */*
        - accept-encoding: gzip,deflate,br

        at apiRequestContext.get: connect ECONNREFUSED ::1:4000
        at /home/tbaltzakis/cloudless.gr/e2e/admin-api-deep.spec.mts:38:31

    attachment #1: screenshot (image/png) ──────────────────────────────────────────────────────────
    test-results/admin-api-deep-Admin-APIs--9561d-iktok-—-returns-401-403-404-mobile-chrome/test-failed-1.png
    ────────────────────────────────────────────────────────────────────────────────────────────────

    attachment #2: video (video/webm) ──────────────────────────────────────────────────────────────
    test-results/admin-api-deep-Admin-APIs--9561d-iktok-—-returns-401-403-404-mobile-chrome/video.webm
    ────────────────────────────────────────────────────────────────────────────────────────────────

    Error Context: test-results/admin-api-deep-Admin-APIs--9561d-iktok-—-returns-401-403-404-mobile-chrome/error-context.md

    Retry #1 ───────────────────────────────────────────────────────────────────────────────────────

    Error: apiRequestContext.get: connect ECONNREFUSED ::1:4000
    Call log:
      - → GET http://localhost:4000/api/admin/campaigns/tiktok
        - user-agent: Mozilla/5.0 (Linux; Android 14; Pixel 7) AppleWebKit/537.36 (KHTML, like Gecko) Chrome/151.0.7922.34 Mobile Safari/537.36
        - accept: */*
        - accept-encoding: gzip,deflate,br

        at apiRequestContext.get: connect ECONNREFUSED ::1:4000
        at /home/tbaltzakis/cloudless.gr/e2e/admin-api-deep.spec.mts:38:31

    attachment #1: screenshot (image/png) ──────────────────────────────────────────────────────────
    test-results/admin-api-deep-Admin-APIs--9561d-iktok-—-returns-401-403-404-mobile-chrome-retry1/test-failed-1.png
    ────────────────────────────────────────────────────────────────────────────────────────────────

    attachment #2: video (video/webm) ──────────────────────────────────────────────────────────────
    test-results/admin-api-deep-Admin-APIs--9561d-iktok-—-returns-401-403-404-mobile-chrome-retry1/video.webm
    ────────────────────────────────────────────────────────────────────────────────────────────────

    Error Context: test-results/admin-api-deep-Admin-APIs--9561d-iktok-—-returns-401-403-404-mobile-chrome-retry1/error-context.md

    attachment #4: trace (application/zip) ─────────────────────────────────────────────────────────
    test-results/admin-api-deep-Admin-APIs--9561d-iktok-—-returns-401-403-404-mobile-chrome-retry1/trace.zip
    Usage:

        npx playwright show-trace test-results/admin-api-deep-Admin-APIs--9561d-iktok-—-returns-401-403-404-mobile-chrome-retry1/trace.zip

    ────────────────────────────────────────────────────────────────────────────────────────────────

  537) [mobile-chrome] › e2e/admin-api-deep.spec.mts:37:5 › Admin APIs unauthenticated › unauth GET /api/admin/campaigns/tiktok/insights — returns 401/403/404 

    Error: apiRequestContext.get: connect ECONNREFUSED ::1:4000
    Call log:
      - → GET http://localhost:4000/api/admin/campaigns/tiktok/insights
        - user-agent: Mozilla/5.0 (Linux; Android 14; Pixel 7) AppleWebKit/537.36 (KHTML, like Gecko) Chrome/151.0.7922.34 Mobile Safari/537.36
        - accept: */*
        - accept-encoding: gzip,deflate,br

        at apiRequestContext.get: connect ECONNREFUSED ::1:4000
        at /home/tbaltzakis/cloudless.gr/e2e/admin-api-deep.spec.mts:38:31

    attachment #1: screenshot (image/png) ──────────────────────────────────────────────────────────
    test-results/admin-api-deep-Admin-APIs--b4035-ights-—-returns-401-403-404-mobile-chrome/test-failed-1.png
    ────────────────────────────────────────────────────────────────────────────────────────────────

    attachment #2: video (video/webm) ──────────────────────────────────────────────────────────────
    test-results/admin-api-deep-Admin-APIs--b4035-ights-—-returns-401-403-404-mobile-chrome/video.webm
    ────────────────────────────────────────────────────────────────────────────────────────────────

    Error Context: test-results/admin-api-deep-Admin-APIs--b4035-ights-—-returns-401-403-404-mobile-chrome/error-context.md

    Retry #1 ───────────────────────────────────────────────────────────────────────────────────────

    Error: apiRequestContext.get: connect ECONNREFUSED ::1:4000
    Call log:
      - → GET http://localhost:4000/api/admin/campaigns/tiktok/insights
        - user-agent: Mozilla/5.0 (Linux; Android 14; Pixel 7) AppleWebKit/537.36 (KHTML, like Gecko) Chrome/151.0.7922.34 Mobile Safari/537.36
        - accept: */*
        - accept-encoding: gzip,deflate,br

        at apiRequestContext.get: connect ECONNREFUSED ::1:4000
        at /home/tbaltzakis/cloudless.gr/e2e/admin-api-deep.spec.mts:38:31

    attachment #1: screenshot (image/png) ──────────────────────────────────────────────────────────
    test-results/admin-api-deep-Admin-APIs--b4035-ights-—-returns-401-403-404-mobile-chrome-retry1/test-failed-1.png
    ────────────────────────────────────────────────────────────────────────────────────────────────

    attachment #2: video (video/webm) ──────────────────────────────────────────────────────────────
    test-results/admin-api-deep-Admin-APIs--b4035-ights-—-returns-401-403-404-mobile-chrome-retry1/video.webm
    ────────────────────────────────────────────────────────────────────────────────────────────────

    Error Context: test-results/admin-api-deep-Admin-APIs--b4035-ights-—-returns-401-403-404-mobile-chrome-retry1/error-context.md

    attachment #4: trace (application/zip) ─────────────────────────────────────────────────────────
    test-results/admin-api-deep-Admin-APIs--b4035-ights-—-returns-401-403-404-mobile-chrome-retry1/trace.zip
    Usage:

        npx playwright show-trace test-results/admin-api-deep-Admin-APIs--b4035-ights-—-returns-401-403-404-mobile-chrome-retry1/trace.zip

    ────────────────────────────────────────────────────────────────────────────────────────────────

  538) [mobile-chrome] › e2e/admin-api-deep.spec.mts:37:5 › Admin APIs unauthenticated › unauth GET /api/admin/campaigns/x — returns 401/403/404 

    Error: apiRequestContext.get: connect ECONNREFUSED ::1:4000
    Call log:
      - → GET http://localhost:4000/api/admin/campaigns/x
        - user-agent: Mozilla/5.0 (Linux; Android 14; Pixel 7) AppleWebKit/537.36 (KHTML, like Gecko) Chrome/151.0.7922.34 Mobile Safari/537.36
        - accept: */*
        - accept-encoding: gzip,deflate,br

        at apiRequestContext.get: connect ECONNREFUSED ::1:4000
        at /home/tbaltzakis/cloudless.gr/e2e/admin-api-deep.spec.mts:38:31

    attachment #1: screenshot (image/png) ──────────────────────────────────────────────────────────
    test-results/admin-api-deep-Admin-APIs--c0a72-gns-x-—-returns-401-403-404-mobile-chrome/test-failed-1.png
    ────────────────────────────────────────────────────────────────────────────────────────────────

    attachment #2: video (video/webm) ──────────────────────────────────────────────────────────────
    test-results/admin-api-deep-Admin-APIs--c0a72-gns-x-—-returns-401-403-404-mobile-chrome/video.webm
    ────────────────────────────────────────────────────────────────────────────────────────────────

    Error Context: test-results/admin-api-deep-Admin-APIs--c0a72-gns-x-—-returns-401-403-404-mobile-chrome/error-context.md

    Retry #1 ───────────────────────────────────────────────────────────────────────────────────────

    Error: apiRequestContext.get: connect ECONNREFUSED ::1:4000
    Call log:
      - → GET http://localhost:4000/api/admin/campaigns/x
        - user-agent: Mozilla/5.0 (Linux; Android 14; Pixel 7) AppleWebKit/537.36 (KHTML, like Gecko) Chrome/151.0.7922.34 Mobile Safari/537.36
        - accept: */*
        - accept-encoding: gzip,deflate,br

        at apiRequestContext.get: connect ECONNREFUSED ::1:4000
        at /home/tbaltzakis/cloudless.gr/e2e/admin-api-deep.spec.mts:38:31

    attachment #1: screenshot (image/png) ──────────────────────────────────────────────────────────
    test-results/admin-api-deep-Admin-APIs--c0a72-gns-x-—-returns-401-403-404-mobile-chrome-retry1/test-failed-1.png
    ────────────────────────────────────────────────────────────────────────────────────────────────

    attachment #2: video (video/webm) ──────────────────────────────────────────────────────────────
    test-results/admin-api-deep-Admin-APIs--c0a72-gns-x-—-returns-401-403-404-mobile-chrome-retry1/video.webm
    ────────────────────────────────────────────────────────────────────────────────────────────────

    Error Context: test-results/admin-api-deep-Admin-APIs--c0a72-gns-x-—-returns-401-403-404-mobile-chrome-retry1/error-context.md

    attachment #4: trace (application/zip) ─────────────────────────────────────────────────────────
    test-results/admin-api-deep-Admin-APIs--c0a72-gns-x-—-returns-401-403-404-mobile-chrome-retry1/trace.zip
    Usage:

        npx playwright show-trace test-results/admin-api-deep-Admin-APIs--c0a72-gns-x-—-returns-401-403-404-mobile-chrome-retry1/trace.zip

    ────────────────────────────────────────────────────────────────────────────────────────────────

  539) [mobile-chrome] › e2e/admin-api-deep.spec.mts:37:5 › Admin APIs unauthenticated › unauth GET /api/admin/campaigns/x/insights — returns 401/403/404 

    Error: apiRequestContext.get: connect ECONNREFUSED ::1:4000
    Call log:
      - → GET http://localhost:4000/api/admin/campaigns/x/insights
        - user-agent: Mozilla/5.0 (Linux; Android 14; Pixel 7) AppleWebKit/537.36 (KHTML, like Gecko) Chrome/151.0.7922.34 Mobile Safari/537.36
        - accept: */*
        - accept-encoding: gzip,deflate,br

        at apiRequestContext.get: connect ECONNREFUSED ::1:4000
        at /home/tbaltzakis/cloudless.gr/e2e/admin-api-deep.spec.mts:38:31

    attachment #1: screenshot (image/png) ──────────────────────────────────────────────────────────
    test-results/admin-api-deep-Admin-APIs--e0cec-ights-—-returns-401-403-404-mobile-chrome/test-failed-1.png
    ────────────────────────────────────────────────────────────────────────────────────────────────

    attachment #2: video (video/webm) ──────────────────────────────────────────────────────────────
    test-results/admin-api-deep-Admin-APIs--e0cec-ights-—-returns-401-403-404-mobile-chrome/video.webm
    ────────────────────────────────────────────────────────────────────────────────────────────────

    Error Context: test-results/admin-api-deep-Admin-APIs--e0cec-ights-—-returns-401-403-404-mobile-chrome/error-context.md

    Retry #1 ───────────────────────────────────────────────────────────────────────────────────────

    Error: apiRequestContext.get: connect ECONNREFUSED ::1:4000
    Call log:
      - → GET http://localhost:4000/api/admin/campaigns/x/insights
        - user-agent: Mozilla/5.0 (Linux; Android 14; Pixel 7) AppleWebKit/537.36 (KHTML, like Gecko) Chrome/151.0.7922.34 Mobile Safari/537.36
        - accept: */*
        - accept-encoding: gzip,deflate,br

        at apiRequestContext.get: connect ECONNREFUSED ::1:4000
        at /home/tbaltzakis/cloudless.gr/e2e/admin-api-deep.spec.mts:38:31

    attachment #1: screenshot (image/png) ──────────────────────────────────────────────────────────
    test-results/admin-api-deep-Admin-APIs--e0cec-ights-—-returns-401-403-404-mobile-chrome-retry1/test-failed-1.png
    ────────────────────────────────────────────────────────────────────────────────────────────────

    attachment #2: video (video/webm) ──────────────────────────────────────────────────────────────
    test-results/admin-api-deep-Admin-APIs--e0cec-ights-—-returns-401-403-404-mobile-chrome-retry1/video.webm
    ────────────────────────────────────────────────────────────────────────────────────────────────

    Error Context: test-results/admin-api-deep-Admin-APIs--e0cec-ights-—-returns-401-403-404-mobile-chrome-retry1/error-context.md

    attachment #4: trace (application/zip) ─────────────────────────────────────────────────────────
    test-results/admin-api-deep-Admin-APIs--e0cec-ights-—-returns-401-403-404-mobile-chrome-retry1/trace.zip
    Usage:

        npx playwright show-trace test-results/admin-api-deep-Admin-APIs--e0cec-ights-—-returns-401-403-404-mobile-chrome-retry1/trace.zip

    ────────────────────────────────────────────────────────────────────────────────────────────────

  540) [mobile-chrome] › e2e/admin-api-deep.spec.mts:37:5 › Admin APIs unauthenticated › unauth GET /api/admin/client-portals — returns 401/403/404 

    Error: apiRequestContext.get: connect ECONNREFUSED ::1:4000
    Call log:
      - → GET http://localhost:4000/api/admin/client-portals
        - user-agent: Mozilla/5.0 (Linux; Android 14; Pixel 7) AppleWebKit/537.36 (KHTML, like Gecko) Chrome/151.0.7922.34 Mobile Safari/537.36
        - accept: */*
        - accept-encoding: gzip,deflate,br

        at apiRequestContext.get: connect ECONNREFUSED ::1:4000
        at /home/tbaltzakis/cloudless.gr/e2e/admin-api-deep.spec.mts:38:31

    attachment #1: screenshot (image/png) ──────────────────────────────────────────────────────────
    test-results/admin-api-deep-Admin-APIs--9c859-rtals-—-returns-401-403-404-mobile-chrome/test-failed-1.png
    ────────────────────────────────────────────────────────────────────────────────────────────────

    attachment #2: video (video/webm) ──────────────────────────────────────────────────────────────
    test-results/admin-api-deep-Admin-APIs--9c859-rtals-—-returns-401-403-404-mobile-chrome/video.webm
    ────────────────────────────────────────────────────────────────────────────────────────────────

    Error Context: test-results/admin-api-deep-Admin-APIs--9c859-rtals-—-returns-401-403-404-mobile-chrome/error-context.md

    Retry #1 ───────────────────────────────────────────────────────────────────────────────────────

    Error: apiRequestContext.get: connect ECONNREFUSED ::1:4000
    Call log:
      - → GET http://localhost:4000/api/admin/client-portals
        - user-agent: Mozilla/5.0 (Linux; Android 14; Pixel 7) AppleWebKit/537.36 (KHTML, like Gecko) Chrome/151.0.7922.34 Mobile Safari/537.36
        - accept: */*
        - accept-encoding: gzip,deflate,br

        at apiRequestContext.get: connect ECONNREFUSED ::1:4000
        at /home/tbaltzakis/cloudless.gr/e2e/admin-api-deep.spec.mts:38:31

    attachment #1: screenshot (image/png) ──────────────────────────────────────────────────────────
    test-results/admin-api-deep-Admin-APIs--9c859-rtals-—-returns-401-403-404-mobile-chrome-retry1/test-failed-1.png
    ────────────────────────────────────────────────────────────────────────────────────────────────

    attachment #2: video (video/webm) ──────────────────────────────────────────────────────────────
    test-results/admin-api-deep-Admin-APIs--9c859-rtals-—-returns-401-403-404-mobile-chrome-retry1/video.webm
    ────────────────────────────────────────────────────────────────────────────────────────────────

    Error Context: test-results/admin-api-deep-Admin-APIs--9c859-rtals-—-returns-401-403-404-mobile-chrome-retry1/error-context.md

    attachment #4: trace (application/zip) ─────────────────────────────────────────────────────────
    test-results/admin-api-deep-Admin-APIs--9c859-rtals-—-returns-401-403-404-mobile-chrome-retry1/trace.zip
    Usage:

        npx playwright show-trace test-results/admin-api-deep-Admin-APIs--9c859-rtals-—-returns-401-403-404-mobile-chrome-retry1/trace.zip

    ────────────────────────────────────────────────────────────────────────────────────────────────

  541) [mobile-chrome] › e2e/admin-api-deep.spec.mts:37:5 › Admin APIs unauthenticated › unauth GET /api/admin/crm/companies — returns 401/403/404 

    Error: apiRequestContext.get: connect ECONNREFUSED ::1:4000
    Call log:
      - → GET http://localhost:4000/api/admin/crm/companies
        - user-agent: Mozilla/5.0 (Linux; Android 14; Pixel 7) AppleWebKit/537.36 (KHTML, like Gecko) Chrome/151.0.7922.34 Mobile Safari/537.36
        - accept: */*
        - accept-encoding: gzip,deflate,br

        at apiRequestContext.get: connect ECONNREFUSED ::1:4000
        at /home/tbaltzakis/cloudless.gr/e2e/admin-api-deep.spec.mts:38:31

    attachment #1: screenshot (image/png) ──────────────────────────────────────────────────────────
    test-results/admin-api-deep-Admin-APIs--90d5e-anies-—-returns-401-403-404-mobile-chrome/test-failed-1.png
    ────────────────────────────────────────────────────────────────────────────────────────────────

    attachment #2: video (video/webm) ──────────────────────────────────────────────────────────────
    test-results/admin-api-deep-Admin-APIs--90d5e-anies-—-returns-401-403-404-mobile-chrome/video.webm
    ────────────────────────────────────────────────────────────────────────────────────────────────

    Error Context: test-results/admin-api-deep-Admin-APIs--90d5e-anies-—-returns-401-403-404-mobile-chrome/error-context.md

    Retry #1 ───────────────────────────────────────────────────────────────────────────────────────

    Error: apiRequestContext.get: connect ECONNREFUSED ::1:4000
    Call log:
      - → GET http://localhost:4000/api/admin/crm/companies
        - user-agent: Mozilla/5.0 (Linux; Android 14; Pixel 7) AppleWebKit/537.36 (KHTML, like Gecko) Chrome/151.0.7922.34 Mobile Safari/537.36
        - accept: */*
        - accept-encoding: gzip,deflate,br

        at apiRequestContext.get: connect ECONNREFUSED ::1:4000
        at /home/tbaltzakis/cloudless.gr/e2e/admin-api-deep.spec.mts:38:31

    attachment #1: screenshot (image/png) ──────────────────────────────────────────────────────────
    test-results/admin-api-deep-Admin-APIs--90d5e-anies-—-returns-401-403-404-mobile-chrome-retry1/test-failed-1.png
    ────────────────────────────────────────────────────────────────────────────────────────────────

    attachment #2: video (video/webm) ──────────────────────────────────────────────────────────────
    test-results/admin-api-deep-Admin-APIs--90d5e-anies-—-returns-401-403-404-mobile-chrome-retry1/video.webm
    ────────────────────────────────────────────────────────────────────────────────────────────────

    Error Context: test-results/admin-api-deep-Admin-APIs--90d5e-anies-—-returns-401-403-404-mobile-chrome-retry1/error-context.md

    attachment #4: trace (application/zip) ─────────────────────────────────────────────────────────
    test-results/admin-api-deep-Admin-APIs--90d5e-anies-—-returns-401-403-404-mobile-chrome-retry1/trace.zip
    Usage:

        npx playwright show-trace test-results/admin-api-deep-Admin-APIs--90d5e-anies-—-returns-401-403-404-mobile-chrome-retry1/trace.zip

    ────────────────────────────────────────────────────────────────────────────────────────────────

  542) [mobile-chrome] › e2e/admin-api-deep.spec.mts:37:5 › Admin APIs unauthenticated › unauth GET /api/admin/crm/contacts — returns 401/403/404 

    Error: apiRequestContext.get: connect ECONNREFUSED ::1:4000
    Call log:
      - → GET http://localhost:4000/api/admin/crm/contacts
        - user-agent: Mozilla/5.0 (Linux; Android 14; Pixel 7) AppleWebKit/537.36 (KHTML, like Gecko) Chrome/151.0.7922.34 Mobile Safari/537.36
        - accept: */*
        - accept-encoding: gzip,deflate,br

        at apiRequestContext.get: connect ECONNREFUSED ::1:4000
        at /home/tbaltzakis/cloudless.gr/e2e/admin-api-deep.spec.mts:38:31

    attachment #1: screenshot (image/png) ──────────────────────────────────────────────────────────
    test-results/admin-api-deep-Admin-APIs--9a34e-tacts-—-returns-401-403-404-mobile-chrome/test-failed-1.png
    ────────────────────────────────────────────────────────────────────────────────────────────────

    attachment #2: video (video/webm) ──────────────────────────────────────────────────────────────
    test-results/admin-api-deep-Admin-APIs--9a34e-tacts-—-returns-401-403-404-mobile-chrome/video.webm
    ────────────────────────────────────────────────────────────────────────────────────────────────

    Error Context: test-results/admin-api-deep-Admin-APIs--9a34e-tacts-—-returns-401-403-404-mobile-chrome/error-context.md

    Retry #1 ───────────────────────────────────────────────────────────────────────────────────────

    Error: apiRequestContext.get: connect ECONNREFUSED ::1:4000
    Call log:
      - → GET http://localhost:4000/api/admin/crm/contacts
        - user-agent: Mozilla/5.0 (Linux; Android 14; Pixel 7) AppleWebKit/537.36 (KHTML, like Gecko) Chrome/151.0.7922.34 Mobile Safari/537.36
        - accept: */*
        - accept-encoding: gzip,deflate,br

        at apiRequestContext.get: connect ECONNREFUSED ::1:4000
        at /home/tbaltzakis/cloudless.gr/e2e/admin-api-deep.spec.mts:38:31

    attachment #1: screenshot (image/png) ──────────────────────────────────────────────────────────
    test-results/admin-api-deep-Admin-APIs--9a34e-tacts-—-returns-401-403-404-mobile-chrome-retry1/test-failed-1.png
    ────────────────────────────────────────────────────────────────────────────────────────────────

    attachment #2: video (video/webm) ──────────────────────────────────────────────────────────────
    test-results/admin-api-deep-Admin-APIs--9a34e-tacts-—-returns-401-403-404-mobile-chrome-retry1/video.webm
    ────────────────────────────────────────────────────────────────────────────────────────────────

    Error Context: test-results/admin-api-deep-Admin-APIs--9a34e-tacts-—-returns-401-403-404-mobile-chrome-retry1/error-context.md

    attachment #4: trace (application/zip) ─────────────────────────────────────────────────────────
    test-results/admin-api-deep-Admin-APIs--9a34e-tacts-—-returns-401-403-404-mobile-chrome-retry1/trace.zip
    Usage:

        npx playwright show-trace test-results/admin-api-deep-Admin-APIs--9a34e-tacts-—-returns-401-403-404-mobile-chrome-retry1/trace.zip

    ────────────────────────────────────────────────────────────────────────────────────────────────

  543) [mobile-chrome] › e2e/admin-api-deep.spec.mts:37:5 › Admin APIs unauthenticated › unauth GET /api/admin/crm/deals — returns 401/403/404 

    Error: apiRequestContext.get: connect ECONNREFUSED ::1:4000
    Call log:
      - → GET http://localhost:4000/api/admin/crm/deals
        - user-agent: Mozilla/5.0 (Linux; Android 14; Pixel 7) AppleWebKit/537.36 (KHTML, like Gecko) Chrome/151.0.7922.34 Mobile Safari/537.36
        - accept: */*
        - accept-encoding: gzip,deflate,br

        at apiRequestContext.get: connect ECONNREFUSED ::1:4000
        at /home/tbaltzakis/cloudless.gr/e2e/admin-api-deep.spec.mts:38:31

    attachment #1: screenshot (image/png) ──────────────────────────────────────────────────────────
    test-results/admin-api-deep-Admin-APIs--87149-deals-—-returns-401-403-404-mobile-chrome/test-failed-1.png
    ────────────────────────────────────────────────────────────────────────────────────────────────

    attachment #2: video (video/webm) ──────────────────────────────────────────────────────────────
    test-results/admin-api-deep-Admin-APIs--87149-deals-—-returns-401-403-404-mobile-chrome/video.webm
    ────────────────────────────────────────────────────────────────────────────────────────────────

    Error Context: test-results/admin-api-deep-Admin-APIs--87149-deals-—-returns-401-403-404-mobile-chrome/error-context.md

    Retry #1 ───────────────────────────────────────────────────────────────────────────────────────

    Error: apiRequestContext.get: connect ECONNREFUSED ::1:4000
    Call log:
      - → GET http://localhost:4000/api/admin/crm/deals
        - user-agent: Mozilla/5.0 (Linux; Android 14; Pixel 7) AppleWebKit/537.36 (KHTML, like Gecko) Chrome/151.0.7922.34 Mobile Safari/537.36
        - accept: */*
        - accept-encoding: gzip,deflate,br

        at apiRequestContext.get: connect ECONNREFUSED ::1:4000
        at /home/tbaltzakis/cloudless.gr/e2e/admin-api-deep.spec.mts:38:31

    attachment #1: screenshot (image/png) ──────────────────────────────────────────────────────────
    test-results/admin-api-deep-Admin-APIs--87149-deals-—-returns-401-403-404-mobile-chrome-retry1/test-failed-1.png
    ────────────────────────────────────────────────────────────────────────────────────────────────

    attachment #2: video (video/webm) ──────────────────────────────────────────────────────────────
    test-results/admin-api-deep-Admin-APIs--87149-deals-—-returns-401-403-404-mobile-chrome-retry1/video.webm
    ────────────────────────────────────────────────────────────────────────────────────────────────

    Error Context: test-results/admin-api-deep-Admin-APIs--87149-deals-—-returns-401-403-404-mobile-chrome-retry1/error-context.md

    attachment #4: trace (application/zip) ─────────────────────────────────────────────────────────
    test-results/admin-api-deep-Admin-APIs--87149-deals-—-returns-401-403-404-mobile-chrome-retry1/trace.zip
    Usage:

        npx playwright show-trace test-results/admin-api-deep-Admin-APIs--87149-deals-—-returns-401-403-404-mobile-chrome-retry1/trace.zip

    ────────────────────────────────────────────────────────────────────────────────────────────────

  544) [mobile-chrome] › e2e/admin-api-deep.spec.mts:37:5 › Admin APIs unauthenticated › unauth GET /api/admin/crm/owners — returns 401/403/404 

    Error: apiRequestContext.get: connect ECONNREFUSED ::1:4000
    Call log:
      - → GET http://localhost:4000/api/admin/crm/owners
        - user-agent: Mozilla/5.0 (Linux; Android 14; Pixel 7) AppleWebKit/537.36 (KHTML, like Gecko) Chrome/151.0.7922.34 Mobile Safari/537.36
        - accept: */*
        - accept-encoding: gzip,deflate,br

        at apiRequestContext.get: connect ECONNREFUSED ::1:4000
        at /home/tbaltzakis/cloudless.gr/e2e/admin-api-deep.spec.mts:38:31

    attachment #1: screenshot (image/png) ──────────────────────────────────────────────────────────
    test-results/admin-api-deep-Admin-APIs--f905a-wners-—-returns-401-403-404-mobile-chrome/test-failed-1.png
    ────────────────────────────────────────────────────────────────────────────────────────────────

    attachment #2: video (video/webm) ──────────────────────────────────────────────────────────────
    test-results/admin-api-deep-Admin-APIs--f905a-wners-—-returns-401-403-404-mobile-chrome/video.webm
    ────────────────────────────────────────────────────────────────────────────────────────────────

    Error Context: test-results/admin-api-deep-Admin-APIs--f905a-wners-—-returns-401-403-404-mobile-chrome/error-context.md

    Retry #1 ───────────────────────────────────────────────────────────────────────────────────────

    Error: apiRequestContext.get: connect ECONNREFUSED ::1:4000
    Call log:
      - → GET http://localhost:4000/api/admin/crm/owners
        - user-agent: Mozilla/5.0 (Linux; Android 14; Pixel 7) AppleWebKit/537.36 (KHTML, like Gecko) Chrome/151.0.7922.34 Mobile Safari/537.36
        - accept: */*
        - accept-encoding: gzip,deflate,br

        at apiRequestContext.get: connect ECONNREFUSED ::1:4000
        at /home/tbaltzakis/cloudless.gr/e2e/admin-api-deep.spec.mts:38:31

    attachment #1: screenshot (image/png) ──────────────────────────────────────────────────────────
    test-results/admin-api-deep-Admin-APIs--f905a-wners-—-returns-401-403-404-mobile-chrome-retry1/test-failed-1.png
    ────────────────────────────────────────────────────────────────────────────────────────────────

    attachment #2: video (video/webm) ──────────────────────────────────────────────────────────────
    test-results/admin-api-deep-Admin-APIs--f905a-wners-—-returns-401-403-404-mobile-chrome-retry1/video.webm
    ────────────────────────────────────────────────────────────────────────────────────────────────

    Error Context: test-results/admin-api-deep-Admin-APIs--f905a-wners-—-returns-401-403-404-mobile-chrome-retry1/error-context.md

    attachment #4: trace (application/zip) ─────────────────────────────────────────────────────────
    test-results/admin-api-deep-Admin-APIs--f905a-wners-—-returns-401-403-404-mobile-chrome-retry1/trace.zip
    Usage:

        npx playwright show-trace test-results/admin-api-deep-Admin-APIs--f905a-wners-—-returns-401-403-404-mobile-chrome-retry1/trace.zip

    ────────────────────────────────────────────────────────────────────────────────────────────────

  545) [mobile-chrome] › e2e/admin-api-deep.spec.mts:37:5 › Admin APIs unauthenticated › unauth GET /api/admin/crm/pipelines — returns 401/403/404 

    Error: apiRequestContext.get: connect ECONNREFUSED ::1:4000
    Call log:
      - → GET http://localhost:4000/api/admin/crm/pipelines
        - user-agent: Mozilla/5.0 (Linux; Android 14; Pixel 7) AppleWebKit/537.36 (KHTML, like Gecko) Chrome/151.0.7922.34 Mobile Safari/537.36
        - accept: */*
        - accept-encoding: gzip,deflate,br

        at apiRequestContext.get: connect ECONNREFUSED ::1:4000
        at /home/tbaltzakis/cloudless.gr/e2e/admin-api-deep.spec.mts:38:31

    attachment #1: screenshot (image/png) ──────────────────────────────────────────────────────────
    test-results/admin-api-deep-Admin-APIs--7f339-lines-—-returns-401-403-404-mobile-chrome/test-failed-1.png
    ────────────────────────────────────────────────────────────────────────────────────────────────

    attachment #2: video (video/webm) ──────────────────────────────────────────────────────────────
    test-results/admin-api-deep-Admin-APIs--7f339-lines-—-returns-401-403-404-mobile-chrome/video.webm
    ────────────────────────────────────────────────────────────────────────────────────────────────

    Error Context: test-results/admin-api-deep-Admin-APIs--7f339-lines-—-returns-401-403-404-mobile-chrome/error-context.md

    Retry #1 ───────────────────────────────────────────────────────────────────────────────────────

    Error: apiRequestContext.get: connect ECONNREFUSED ::1:4000
    Call log:
      - → GET http://localhost:4000/api/admin/crm/pipelines
        - user-agent: Mozilla/5.0 (Linux; Android 14; Pixel 7) AppleWebKit/537.36 (KHTML, like Gecko) Chrome/151.0.7922.34 Mobile Safari/537.36
        - accept: */*
        - accept-encoding: gzip,deflate,br

        at apiRequestContext.get: connect ECONNREFUSED ::1:4000
        at /home/tbaltzakis/cloudless.gr/e2e/admin-api-deep.spec.mts:38:31

    attachment #1: screenshot (image/png) ──────────────────────────────────────────────────────────
    test-results/admin-api-deep-Admin-APIs--7f339-lines-—-returns-401-403-404-mobile-chrome-retry1/test-failed-1.png
    ────────────────────────────────────────────────────────────────────────────────────────────────

    attachment #2: video (video/webm) ──────────────────────────────────────────────────────────────
    test-results/admin-api-deep-Admin-APIs--7f339-lines-—-returns-401-403-404-mobile-chrome-retry1/video.webm
    ────────────────────────────────────────────────────────────────────────────────────────────────

    Error Context: test-results/admin-api-deep-Admin-APIs--7f339-lines-—-returns-401-403-404-mobile-chrome-retry1/error-context.md

    attachment #4: trace (application/zip) ─────────────────────────────────────────────────────────
    test-results/admin-api-deep-Admin-APIs--7f339-lines-—-returns-401-403-404-mobile-chrome-retry1/trace.zip
    Usage:

        npx playwright show-trace test-results/admin-api-deep-Admin-APIs--7f339-lines-—-returns-401-403-404-mobile-chrome-retry1/trace.zip

    ────────────────────────────────────────────────────────────────────────────────────────────────

  546) [mobile-chrome] › e2e/admin-api-deep.spec.mts:37:5 › Admin APIs unauthenticated › unauth GET /api/admin/crm/tickets — returns 401/403/404 

    Error: apiRequestContext.get: connect ECONNREFUSED ::1:4000
    Call log:
      - → GET http://localhost:4000/api/admin/crm/tickets
        - user-agent: Mozilla/5.0 (Linux; Android 14; Pixel 7) AppleWebKit/537.36 (KHTML, like Gecko) Chrome/151.0.7922.34 Mobile Safari/537.36
        - accept: */*
        - accept-encoding: gzip,deflate,br

        at apiRequestContext.get: connect ECONNREFUSED ::1:4000
        at /home/tbaltzakis/cloudless.gr/e2e/admin-api-deep.spec.mts:38:31

    attachment #1: screenshot (image/png) ──────────────────────────────────────────────────────────
    test-results/admin-api-deep-Admin-APIs--a22be-ckets-—-returns-401-403-404-mobile-chrome/test-failed-1.png
    ────────────────────────────────────────────────────────────────────────────────────────────────

    attachment #2: video (video/webm) ──────────────────────────────────────────────────────────────
    test-results/admin-api-deep-Admin-APIs--a22be-ckets-—-returns-401-403-404-mobile-chrome/video.webm
    ────────────────────────────────────────────────────────────────────────────────────────────────

    Error Context: test-results/admin-api-deep-Admin-APIs--a22be-ckets-—-returns-401-403-404-mobile-chrome/error-context.md

    Retry #1 ───────────────────────────────────────────────────────────────────────────────────────

    Error: apiRequestContext.get: connect ECONNREFUSED ::1:4000
    Call log:
      - → GET http://localhost:4000/api/admin/crm/tickets
        - user-agent: Mozilla/5.0 (Linux; Android 14; Pixel 7) AppleWebKit/537.36 (KHTML, like Gecko) Chrome/151.0.7922.34 Mobile Safari/537.36
        - accept: */*
        - accept-encoding: gzip,deflate,br

        at apiRequestContext.get: connect ECONNREFUSED ::1:4000
        at /home/tbaltzakis/cloudless.gr/e2e/admin-api-deep.spec.mts:38:31

    attachment #1: screenshot (image/png) ──────────────────────────────────────────────────────────
    test-results/admin-api-deep-Admin-APIs--a22be-ckets-—-returns-401-403-404-mobile-chrome-retry1/test-failed-1.png
    ────────────────────────────────────────────────────────────────────────────────────────────────

    attachment #2: video (video/webm) ──────────────────────────────────────────────────────────────
    test-results/admin-api-deep-Admin-APIs--a22be-ckets-—-returns-401-403-404-mobile-chrome-retry1/video.webm
    ────────────────────────────────────────────────────────────────────────────────────────────────

    Error Context: test-results/admin-api-deep-Admin-APIs--a22be-ckets-—-returns-401-403-404-mobile-chrome-retry1/error-context.md

    attachment #4: trace (application/zip) ─────────────────────────────────────────────────────────
    test-results/admin-api-deep-Admin-APIs--a22be-ckets-—-returns-401-403-404-mobile-chrome-retry1/trace.zip
    Usage:

        npx playwright show-trace test-results/admin-api-deep-Admin-APIs--a22be-ckets-—-returns-401-403-404-mobile-chrome-retry1/trace.zip

    ────────────────────────────────────────────────────────────────────────────────────────────────

  547) [mobile-chrome] › e2e/admin-api-deep.spec.mts:37:5 › Admin APIs unauthenticated › unauth GET /api/admin/email/automations — returns 401/403/404 

    Error: apiRequestContext.get: connect ECONNREFUSED ::1:4000
    Call log:
      - → GET http://localhost:4000/api/admin/email/automations
        - user-agent: Mozilla/5.0 (Linux; Android 14; Pixel 7) AppleWebKit/537.36 (KHTML, like Gecko) Chrome/151.0.7922.34 Mobile Safari/537.36
        - accept: */*
        - accept-encoding: gzip,deflate,br

        at apiRequestContext.get: connect ECONNREFUSED ::1:4000
        at /home/tbaltzakis/cloudless.gr/e2e/admin-api-deep.spec.mts:38:31

    attachment #1: screenshot (image/png) ──────────────────────────────────────────────────────────
    test-results/admin-api-deep-Admin-APIs--6d18d-tions-—-returns-401-403-404-mobile-chrome/test-failed-1.png
    ────────────────────────────────────────────────────────────────────────────────────────────────

    attachment #2: video (video/webm) ──────────────────────────────────────────────────────────────
    test-results/admin-api-deep-Admin-APIs--6d18d-tions-—-returns-401-403-404-mobile-chrome/video.webm
    ────────────────────────────────────────────────────────────────────────────────────────────────

    Error Context: test-results/admin-api-deep-Admin-APIs--6d18d-tions-—-returns-401-403-404-mobile-chrome/error-context.md

    Retry #1 ───────────────────────────────────────────────────────────────────────────────────────

    Error: apiRequestContext.get: connect ECONNREFUSED ::1:4000
    Call log:
      - → GET http://localhost:4000/api/admin/email/automations
        - user-agent: Mozilla/5.0 (Linux; Android 14; Pixel 7) AppleWebKit/537.36 (KHTML, like Gecko) Chrome/151.0.7922.34 Mobile Safari/537.36
        - accept: */*
        - accept-encoding: gzip,deflate,br

        at apiRequestContext.get: connect ECONNREFUSED ::1:4000
        at /home/tbaltzakis/cloudless.gr/e2e/admin-api-deep.spec.mts:38:31

    attachment #1: screenshot (image/png) ──────────────────────────────────────────────────────────
    test-results/admin-api-deep-Admin-APIs--6d18d-tions-—-returns-401-403-404-mobile-chrome-retry1/test-failed-1.png
    ────────────────────────────────────────────────────────────────────────────────────────────────

    attachment #2: video (video/webm) ──────────────────────────────────────────────────────────────
    test-results/admin-api-deep-Admin-APIs--6d18d-tions-—-returns-401-403-404-mobile-chrome-retry1/video.webm
    ────────────────────────────────────────────────────────────────────────────────────────────────

    Error Context: test-results/admin-api-deep-Admin-APIs--6d18d-tions-—-returns-401-403-404-mobile-chrome-retry1/error-context.md

    attachment #4: trace (application/zip) ─────────────────────────────────────────────────────────
    test-results/admin-api-deep-Admin-APIs--6d18d-tions-—-returns-401-403-404-mobile-chrome-retry1/trace.zip
    Usage:

        npx playwright show-trace test-results/admin-api-deep-Admin-APIs--6d18d-tions-—-returns-401-403-404-mobile-chrome-retry1/trace.zip

    ────────────────────────────────────────────────────────────────────────────────────────────────

  548) [mobile-chrome] › e2e/admin-api-deep.spec.mts:37:5 › Admin APIs unauthenticated › unauth GET /api/admin/email/campaigns — returns 401/403/404 

    Error: apiRequestContext.get: connect ECONNREFUSED ::1:4000
    Call log:
      - → GET http://localhost:4000/api/admin/email/campaigns
        - user-agent: Mozilla/5.0 (Linux; Android 14; Pixel 7) AppleWebKit/537.36 (KHTML, like Gecko) Chrome/151.0.7922.34 Mobile Safari/537.36
        - accept: */*
        - accept-encoding: gzip,deflate,br

        at apiRequestContext.get: connect ECONNREFUSED ::1:4000
        at /home/tbaltzakis/cloudless.gr/e2e/admin-api-deep.spec.mts:38:31

    attachment #1: screenshot (image/png) ──────────────────────────────────────────────────────────
    test-results/admin-api-deep-Admin-APIs--47c7b-aigns-—-returns-401-403-404-mobile-chrome/test-failed-1.png
    ────────────────────────────────────────────────────────────────────────────────────────────────

    attachment #2: video (video/webm) ──────────────────────────────────────────────────────────────
    test-results/admin-api-deep-Admin-APIs--47c7b-aigns-—-returns-401-403-404-mobile-chrome/video.webm
    ────────────────────────────────────────────────────────────────────────────────────────────────

    Error Context: test-results/admin-api-deep-Admin-APIs--47c7b-aigns-—-returns-401-403-404-mobile-chrome/error-context.md

    Retry #1 ───────────────────────────────────────────────────────────────────────────────────────

    Error: apiRequestContext.get: connect ECONNREFUSED ::1:4000
    Call log:
      - → GET http://localhost:4000/api/admin/email/campaigns
        - user-agent: Mozilla/5.0 (Linux; Android 14; Pixel 7) AppleWebKit/537.36 (KHTML, like Gecko) Chrome/151.0.7922.34 Mobile Safari/537.36
        - accept: */*
        - accept-encoding: gzip,deflate,br

        at apiRequestContext.get: connect ECONNREFUSED ::1:4000
        at /home/tbaltzakis/cloudless.gr/e2e/admin-api-deep.spec.mts:38:31

    attachment #1: screenshot (image/png) ──────────────────────────────────────────────────────────
    test-results/admin-api-deep-Admin-APIs--47c7b-aigns-—-returns-401-403-404-mobile-chrome-retry1/test-failed-1.png
    ────────────────────────────────────────────────────────────────────────────────────────────────

    attachment #2: video (video/webm) ──────────────────────────────────────────────────────────────
    test-results/admin-api-deep-Admin-APIs--47c7b-aigns-—-returns-401-403-404-mobile-chrome-retry1/video.webm
    ────────────────────────────────────────────────────────────────────────────────────────────────

    Error Context: test-results/admin-api-deep-Admin-APIs--47c7b-aigns-—-returns-401-403-404-mobile-chrome-retry1/error-context.md

    attachment #4: trace (application/zip) ─────────────────────────────────────────────────────────
    test-results/admin-api-deep-Admin-APIs--47c7b-aigns-—-returns-401-403-404-mobile-chrome-retry1/trace.zip
    Usage:

        npx playwright show-trace test-results/admin-api-deep-Admin-APIs--47c7b-aigns-—-returns-401-403-404-mobile-chrome-retry1/trace.zip

    ────────────────────────────────────────────────────────────────────────────────────────────────

  549) [mobile-chrome] › e2e/admin-api-deep.spec.mts:37:5 › Admin APIs unauthenticated › unauth GET /api/admin/email/contacts — returns 401/403/404 

    Error: apiRequestContext.get: connect ECONNREFUSED ::1:4000
    Call log:
      - → GET http://localhost:4000/api/admin/email/contacts
        - user-agent: Mozilla/5.0 (Linux; Android 14; Pixel 7) AppleWebKit/537.36 (KHTML, like Gecko) Chrome/151.0.7922.34 Mobile Safari/537.36
        - accept: */*
        - accept-encoding: gzip,deflate,br

        at apiRequestContext.get: connect ECONNREFUSED ::1:4000
        at /home/tbaltzakis/cloudless.gr/e2e/admin-api-deep.spec.mts:38:31

    attachment #1: screenshot (image/png) ──────────────────────────────────────────────────────────
    test-results/admin-api-deep-Admin-APIs--78fbe-tacts-—-returns-401-403-404-mobile-chrome/test-failed-1.png
    ────────────────────────────────────────────────────────────────────────────────────────────────

    attachment #2: video (video/webm) ──────────────────────────────────────────────────────────────
    test-results/admin-api-deep-Admin-APIs--78fbe-tacts-—-returns-401-403-404-mobile-chrome/video.webm
    ────────────────────────────────────────────────────────────────────────────────────────────────

    Error Context: test-results/admin-api-deep-Admin-APIs--78fbe-tacts-—-returns-401-403-404-mobile-chrome/error-context.md

    Retry #1 ───────────────────────────────────────────────────────────────────────────────────────

    Error: apiRequestContext.get: connect ECONNREFUSED ::1:4000
    Call log:
      - → GET http://localhost:4000/api/admin/email/contacts
        - user-agent: Mozilla/5.0 (Linux; Android 14; Pixel 7) AppleWebKit/537.36 (KHTML, like Gecko) Chrome/151.0.7922.34 Mobile Safari/537.36
        - accept: */*
        - accept-encoding: gzip,deflate,br

        at apiRequestContext.get: connect ECONNREFUSED ::1:4000
        at /home/tbaltzakis/cloudless.gr/e2e/admin-api-deep.spec.mts:38:31

    attachment #1: screenshot (image/png) ──────────────────────────────────────────────────────────
    test-results/admin-api-deep-Admin-APIs--78fbe-tacts-—-returns-401-403-404-mobile-chrome-retry1/test-failed-1.png
    ────────────────────────────────────────────────────────────────────────────────────────────────

    attachment #2: video (video/webm) ──────────────────────────────────────────────────────────────
    test-results/admin-api-deep-Admin-APIs--78fbe-tacts-—-returns-401-403-404-mobile-chrome-retry1/video.webm
    ────────────────────────────────────────────────────────────────────────────────────────────────

    Error Context: test-results/admin-api-deep-Admin-APIs--78fbe-tacts-—-returns-401-403-404-mobile-chrome-retry1/error-context.md

    attachment #4: trace (application/zip) ─────────────────────────────────────────────────────────
    test-results/admin-api-deep-Admin-APIs--78fbe-tacts-—-returns-401-403-404-mobile-chrome-retry1/trace.zip
    Usage:

        npx playwright show-trace test-results/admin-api-deep-Admin-APIs--78fbe-tacts-—-returns-401-403-404-mobile-chrome-retry1/trace.zip

    ────────────────────────────────────────────────────────────────────────────────────────────────

  550) [mobile-chrome] › e2e/admin-api-deep.spec.mts:37:5 › Admin APIs unauthenticated › unauth GET /api/admin/email/lists — returns 401/403/404 

    Error: apiRequestContext.get: connect ECONNREFUSED ::1:4000
    Call log:
      - → GET http://localhost:4000/api/admin/email/lists
        - user-agent: Mozilla/5.0 (Linux; Android 14; Pixel 7) AppleWebKit/537.36 (KHTML, like Gecko) Chrome/151.0.7922.34 Mobile Safari/537.36
        - accept: */*
        - accept-encoding: gzip,deflate,br

        at apiRequestContext.get: connect ECONNREFUSED ::1:4000
        at /home/tbaltzakis/cloudless.gr/e2e/admin-api-deep.spec.mts:38:31

    attachment #1: screenshot (image/png) ──────────────────────────────────────────────────────────
    test-results/admin-api-deep-Admin-APIs--10475-lists-—-returns-401-403-404-mobile-chrome/test-failed-1.png
    ────────────────────────────────────────────────────────────────────────────────────────────────

    attachment #2: video (video/webm) ──────────────────────────────────────────────────────────────
    test-results/admin-api-deep-Admin-APIs--10475-lists-—-returns-401-403-404-mobile-chrome/video.webm
    ────────────────────────────────────────────────────────────────────────────────────────────────

    Error Context: test-results/admin-api-deep-Admin-APIs--10475-lists-—-returns-401-403-404-mobile-chrome/error-context.md

    Retry #1 ───────────────────────────────────────────────────────────────────────────────────────

    Error: apiRequestContext.get: connect ECONNREFUSED ::1:4000
    Call log:
      - → GET http://localhost:4000/api/admin/email/lists
        - user-agent: Mozilla/5.0 (Linux; Android 14; Pixel 7) AppleWebKit/537.36 (KHTML, like Gecko) Chrome/151.0.7922.34 Mobile Safari/537.36
        - accept: */*
        - accept-encoding: gzip,deflate,br

        at apiRequestContext.get: connect ECONNREFUSED ::1:4000
        at /home/tbaltzakis/cloudless.gr/e2e/admin-api-deep.spec.mts:38:31

    attachment #1: screenshot (image/png) ──────────────────────────────────────────────────────────
    test-results/admin-api-deep-Admin-APIs--10475-lists-—-returns-401-403-404-mobile-chrome-retry1/test-failed-1.png
    ────────────────────────────────────────────────────────────────────────────────────────────────

    attachment #2: video (video/webm) ──────────────────────────────────────────────────────────────
    test-results/admin-api-deep-Admin-APIs--10475-lists-—-returns-401-403-404-mobile-chrome-retry1/video.webm
    ────────────────────────────────────────────────────────────────────────────────────────────────

    Error Context: test-results/admin-api-deep-Admin-APIs--10475-lists-—-returns-401-403-404-mobile-chrome-retry1/error-context.md

    attachment #4: trace (application/zip) ─────────────────────────────────────────────────────────
    test-results/admin-api-deep-Admin-APIs--10475-lists-—-returns-401-403-404-mobile-chrome-retry1/trace.zip
    Usage:

        npx playwright show-trace test-results/admin-api-deep-Admin-APIs--10475-lists-—-returns-401-403-404-mobile-chrome-retry1/trace.zip

    ────────────────────────────────────────────────────────────────────────────────────────────────

  551) [mobile-chrome] › e2e/admin-api-deep.spec.mts:37:5 › Admin APIs unauthenticated › unauth GET /api/admin/email/stats — returns 401/403/404 

    Error: apiRequestContext.get: connect ECONNREFUSED ::1:4000
    Call log:
      - → GET http://localhost:4000/api/admin/email/stats
        - user-agent: Mozilla/5.0 (Linux; Android 14; Pixel 7) AppleWebKit/537.36 (KHTML, like Gecko) Chrome/151.0.7922.34 Mobile Safari/537.36
        - accept: */*
        - accept-encoding: gzip,deflate,br

        at apiRequestContext.get: connect ECONNREFUSED ::1:4000
        at /home/tbaltzakis/cloudless.gr/e2e/admin-api-deep.spec.mts:38:31

    attachment #1: screenshot (image/png) ──────────────────────────────────────────────────────────
    test-results/admin-api-deep-Admin-APIs--6ad1c-stats-—-returns-401-403-404-mobile-chrome/test-failed-1.png
    ────────────────────────────────────────────────────────────────────────────────────────────────

    attachment #2: video (video/webm) ──────────────────────────────────────────────────────────────
    test-results/admin-api-deep-Admin-APIs--6ad1c-stats-—-returns-401-403-404-mobile-chrome/video.webm
    ────────────────────────────────────────────────────────────────────────────────────────────────

    Error Context: test-results/admin-api-deep-Admin-APIs--6ad1c-stats-—-returns-401-403-404-mobile-chrome/error-context.md

    Retry #1 ───────────────────────────────────────────────────────────────────────────────────────

    Error: apiRequestContext.get: connect ECONNREFUSED ::1:4000
    Call log:
      - → GET http://localhost:4000/api/admin/email/stats
        - user-agent: Mozilla/5.0 (Linux; Android 14; Pixel 7) AppleWebKit/537.36 (KHTML, like Gecko) Chrome/151.0.7922.34 Mobile Safari/537.36
        - accept: */*
        - accept-encoding: gzip,deflate,br

        at apiRequestContext.get: connect ECONNREFUSED ::1:4000
        at /home/tbaltzakis/cloudless.gr/e2e/admin-api-deep.spec.mts:38:31

    attachment #1: screenshot (image/png) ──────────────────────────────────────────────────────────
    test-results/admin-api-deep-Admin-APIs--6ad1c-stats-—-returns-401-403-404-mobile-chrome-retry1/test-failed-1.png
    ────────────────────────────────────────────────────────────────────────────────────────────────

    attachment #2: video (video/webm) ──────────────────────────────────────────────────────────────
    test-results/admin-api-deep-Admin-APIs--6ad1c-stats-—-returns-401-403-404-mobile-chrome-retry1/video.webm
    ────────────────────────────────────────────────────────────────────────────────────────────────

    Error Context: test-results/admin-api-deep-Admin-APIs--6ad1c-stats-—-returns-401-403-404-mobile-chrome-retry1/error-context.md

    attachment #4: trace (application/zip) ─────────────────────────────────────────────────────────
    test-results/admin-api-deep-Admin-APIs--6ad1c-stats-—-returns-401-403-404-mobile-chrome-retry1/trace.zip
    Usage:

        npx playwright show-trace test-results/admin-api-deep-Admin-APIs--6ad1c-stats-—-returns-401-403-404-mobile-chrome-retry1/trace.zip

    ────────────────────────────────────────────────────────────────────────────────────────────────

  552) [mobile-chrome] › e2e/admin-api-deep.spec.mts:37:5 › Admin APIs unauthenticated › unauth GET /api/admin/esp32 — returns 401/403/404 

    Error: apiRequestContext.get: connect ECONNREFUSED ::1:4000
    Call log:
      - → GET http://localhost:4000/api/admin/esp32
        - user-agent: Mozilla/5.0 (Linux; Android 14; Pixel 7) AppleWebKit/537.36 (KHTML, like Gecko) Chrome/151.0.7922.34 Mobile Safari/537.36
        - accept: */*
        - accept-encoding: gzip,deflate,br

        at apiRequestContext.get: connect ECONNREFUSED ::1:4000
        at /home/tbaltzakis/cloudless.gr/e2e/admin-api-deep.spec.mts:38:31

    attachment #1: screenshot (image/png) ──────────────────────────────────────────────────────────
    test-results/admin-api-deep-Admin-APIs--c4b4c-esp32-—-returns-401-403-404-mobile-chrome/test-failed-1.png
    ────────────────────────────────────────────────────────────────────────────────────────────────

    attachment #2: video (video/webm) ──────────────────────────────────────────────────────────────
    test-results/admin-api-deep-Admin-APIs--c4b4c-esp32-—-returns-401-403-404-mobile-chrome/video.webm
    ────────────────────────────────────────────────────────────────────────────────────────────────

    Error Context: test-results/admin-api-deep-Admin-APIs--c4b4c-esp32-—-returns-401-403-404-mobile-chrome/error-context.md

    Retry #1 ───────────────────────────────────────────────────────────────────────────────────────

    Error: apiRequestContext.get: connect ECONNREFUSED ::1:4000
    Call log:
      - → GET http://localhost:4000/api/admin/esp32
        - user-agent: Mozilla/5.0 (Linux; Android 14; Pixel 7) AppleWebKit/537.36 (KHTML, like Gecko) Chrome/151.0.7922.34 Mobile Safari/537.36
        - accept: */*
        - accept-encoding: gzip,deflate,br

        at apiRequestContext.get: connect ECONNREFUSED ::1:4000
        at /home/tbaltzakis/cloudless.gr/e2e/admin-api-deep.spec.mts:38:31

    attachment #1: screenshot (image/png) ──────────────────────────────────────────────────────────
    test-results/admin-api-deep-Admin-APIs--c4b4c-esp32-—-returns-401-403-404-mobile-chrome-retry1/test-failed-1.png
    ────────────────────────────────────────────────────────────────────────────────────────────────

    attachment #2: video (video/webm) ──────────────────────────────────────────────────────────────
    test-results/admin-api-deep-Admin-APIs--c4b4c-esp32-—-returns-401-403-404-mobile-chrome-retry1/video.webm
    ────────────────────────────────────────────────────────────────────────────────────────────────

    Error Context: test-results/admin-api-deep-Admin-APIs--c4b4c-esp32-—-returns-401-403-404-mobile-chrome-retry1/error-context.md

    attachment #4: trace (application/zip) ─────────────────────────────────────────────────────────
    test-results/admin-api-deep-Admin-APIs--c4b4c-esp32-—-returns-401-403-404-mobile-chrome-retry1/trace.zip
    Usage:

        npx playwright show-trace test-results/admin-api-deep-Admin-APIs--c4b4c-esp32-—-returns-401-403-404-mobile-chrome-retry1/trace.zip

    ────────────────────────────────────────────────────────────────────────────────────────────────

  553) [mobile-chrome] › e2e/admin-api-deep.spec.mts:37:5 › Admin APIs unauthenticated › unauth GET /api/admin/esp32/notion-sync — returns 401/403/404 

    Error: apiRequestContext.get: connect ECONNREFUSED ::1:4000
    Call log:
      - → GET http://localhost:4000/api/admin/esp32/notion-sync
        - user-agent: Mozilla/5.0 (Linux; Android 14; Pixel 7) AppleWebKit/537.36 (KHTML, like Gecko) Chrome/151.0.7922.34 Mobile Safari/537.36
        - accept: */*
        - accept-encoding: gzip,deflate,br

        at apiRequestContext.get: connect ECONNREFUSED ::1:4000
        at /home/tbaltzakis/cloudless.gr/e2e/admin-api-deep.spec.mts:38:31

    attachment #1: screenshot (image/png) ──────────────────────────────────────────────────────────
    test-results/admin-api-deep-Admin-APIs--58e1e--sync-—-returns-401-403-404-mobile-chrome/test-failed-1.png
    ────────────────────────────────────────────────────────────────────────────────────────────────

    attachment #2: video (video/webm) ──────────────────────────────────────────────────────────────
    test-results/admin-api-deep-Admin-APIs--58e1e--sync-—-returns-401-403-404-mobile-chrome/video.webm
    ────────────────────────────────────────────────────────────────────────────────────────────────

    Error Context: test-results/admin-api-deep-Admin-APIs--58e1e--sync-—-returns-401-403-404-mobile-chrome/error-context.md

    Retry #1 ───────────────────────────────────────────────────────────────────────────────────────

    Error: apiRequestContext.get: connect ECONNREFUSED ::1:4000
    Call log:
      - → GET http://localhost:4000/api/admin/esp32/notion-sync
        - user-agent: Mozilla/5.0 (Linux; Android 14; Pixel 7) AppleWebKit/537.36 (KHTML, like Gecko) Chrome/151.0.7922.34 Mobile Safari/537.36
        - accept: */*
        - accept-encoding: gzip,deflate,br

        at apiRequestContext.get: connect ECONNREFUSED ::1:4000
        at /home/tbaltzakis/cloudless.gr/e2e/admin-api-deep.spec.mts:38:31

    attachment #1: screenshot (image/png) ──────────────────────────────────────────────────────────
    test-results/admin-api-deep-Admin-APIs--58e1e--sync-—-returns-401-403-404-mobile-chrome-retry1/test-failed-1.png
    ────────────────────────────────────────────────────────────────────────────────────────────────

    attachment #2: video (video/webm) ──────────────────────────────────────────────────────────────
    test-results/admin-api-deep-Admin-APIs--58e1e--sync-—-returns-401-403-404-mobile-chrome-retry1/video.webm
    ────────────────────────────────────────────────────────────────────────────────────────────────

    Error Context: test-results/admin-api-deep-Admin-APIs--58e1e--sync-—-returns-401-403-404-mobile-chrome-retry1/error-context.md

    attachment #4: trace (application/zip) ─────────────────────────────────────────────────────────
    test-results/admin-api-deep-Admin-APIs--58e1e--sync-—-returns-401-403-404-mobile-chrome-retry1/trace.zip
    Usage:

        npx playwright show-trace test-results/admin-api-deep-Admin-APIs--58e1e--sync-—-returns-401-403-404-mobile-chrome-retry1/trace.zip

    ────────────────────────────────────────────────────────────────────────────────────────────────

  554) [mobile-chrome] › e2e/admin-api-deep.spec.mts:37:5 › Admin APIs unauthenticated › unauth GET /api/admin/integrations/status — returns 401/403/404 

    Error: apiRequestContext.get: connect ECONNREFUSED ::1:4000
    Call log:
      - → GET http://localhost:4000/api/admin/integrations/status
        - user-agent: Mozilla/5.0 (Linux; Android 14; Pixel 7) AppleWebKit/537.36 (KHTML, like Gecko) Chrome/151.0.7922.34 Mobile Safari/537.36
        - accept: */*
        - accept-encoding: gzip,deflate,br

        at apiRequestContext.get: connect ECONNREFUSED ::1:4000
        at /home/tbaltzakis/cloudless.gr/e2e/admin-api-deep.spec.mts:38:31

    attachment #1: screenshot (image/png) ──────────────────────────────────────────────────────────
    test-results/admin-api-deep-Admin-APIs--21b1e-tatus-—-returns-401-403-404-mobile-chrome/test-failed-1.png
    ────────────────────────────────────────────────────────────────────────────────────────────────

    attachment #2: video (video/webm) ──────────────────────────────────────────────────────────────
    test-results/admin-api-deep-Admin-APIs--21b1e-tatus-—-returns-401-403-404-mobile-chrome/video.webm
    ────────────────────────────────────────────────────────────────────────────────────────────────

    Error Context: test-results/admin-api-deep-Admin-APIs--21b1e-tatus-—-returns-401-403-404-mobile-chrome/error-context.md

    Retry #1 ───────────────────────────────────────────────────────────────────────────────────────

    Error: apiRequestContext.get: connect ECONNREFUSED ::1:4000
    Call log:
      - → GET http://localhost:4000/api/admin/integrations/status
        - user-agent: Mozilla/5.0 (Linux; Android 14; Pixel 7) AppleWebKit/537.36 (KHTML, like Gecko) Chrome/151.0.7922.34 Mobile Safari/537.36
        - accept: */*
        - accept-encoding: gzip,deflate,br

        at apiRequestContext.get: connect ECONNREFUSED ::1:4000
        at /home/tbaltzakis/cloudless.gr/e2e/admin-api-deep.spec.mts:38:31

    attachment #1: screenshot (image/png) ──────────────────────────────────────────────────────────
    test-results/admin-api-deep-Admin-APIs--21b1e-tatus-—-returns-401-403-404-mobile-chrome-retry1/test-failed-1.png
    ────────────────────────────────────────────────────────────────────────────────────────────────

    attachment #2: video (video/webm) ──────────────────────────────────────────────────────────────
    test-results/admin-api-deep-Admin-APIs--21b1e-tatus-—-returns-401-403-404-mobile-chrome-retry1/video.webm
    ────────────────────────────────────────────────────────────────────────────────────────────────

    Error Context: test-results/admin-api-deep-Admin-APIs--21b1e-tatus-—-returns-401-403-404-mobile-chrome-retry1/error-context.md

    attachment #4: trace (application/zip) ─────────────────────────────────────────────────────────
    test-results/admin-api-deep-Admin-APIs--21b1e-tatus-—-returns-401-403-404-mobile-chrome-retry1/trace.zip
    Usage:

        npx playwright show-trace test-results/admin-api-deep-Admin-APIs--21b1e-tatus-—-returns-401-403-404-mobile-chrome-retry1/trace.zip

    ────────────────────────────────────────────────────────────────────────────────────────────────

  555) [mobile-chrome] › e2e/admin-api-deep.spec.mts:37:5 › Admin APIs unauthenticated › unauth GET /api/admin/kpi — returns 401/403/404 

    Error: apiRequestContext.get: connect ECONNREFUSED ::1:4000
    Call log:
      - → GET http://localhost:4000/api/admin/kpi
        - user-agent: Mozilla/5.0 (Linux; Android 14; Pixel 7) AppleWebKit/537.36 (KHTML, like Gecko) Chrome/151.0.7922.34 Mobile Safari/537.36
        - accept: */*
        - accept-encoding: gzip,deflate,br

        at apiRequestContext.get: connect ECONNREFUSED ::1:4000
        at /home/tbaltzakis/cloudless.gr/e2e/admin-api-deep.spec.mts:38:31

    attachment #1: screenshot (image/png) ──────────────────────────────────────────────────────────
    test-results/admin-api-deep-Admin-APIs--6b108-n-kpi-—-returns-401-403-404-mobile-chrome/test-failed-1.png
    ────────────────────────────────────────────────────────────────────────────────────────────────

    attachment #2: video (video/webm) ──────────────────────────────────────────────────────────────
    test-results/admin-api-deep-Admin-APIs--6b108-n-kpi-—-returns-401-403-404-mobile-chrome/video.webm
    ────────────────────────────────────────────────────────────────────────────────────────────────

    Error Context: test-results/admin-api-deep-Admin-APIs--6b108-n-kpi-—-returns-401-403-404-mobile-chrome/error-context.md

    Retry #1 ───────────────────────────────────────────────────────────────────────────────────────

    Error: apiRequestContext.get: connect ECONNREFUSED ::1:4000
    Call log:
      - → GET http://localhost:4000/api/admin/kpi
        - user-agent: Mozilla/5.0 (Linux; Android 14; Pixel 7) AppleWebKit/537.36 (KHTML, like Gecko) Chrome/151.0.7922.34 Mobile Safari/537.36
        - accept: */*
        - accept-encoding: gzip,deflate,br

        at apiRequestContext.get: connect ECONNREFUSED ::1:4000
        at /home/tbaltzakis/cloudless.gr/e2e/admin-api-deep.spec.mts:38:31

    attachment #1: screenshot (image/png) ──────────────────────────────────────────────────────────
    test-results/admin-api-deep-Admin-APIs--6b108-n-kpi-—-returns-401-403-404-mobile-chrome-retry1/test-failed-1.png
    ────────────────────────────────────────────────────────────────────────────────────────────────

    attachment #2: video (video/webm) ──────────────────────────────────────────────────────────────
    test-results/admin-api-deep-Admin-APIs--6b108-n-kpi-—-returns-401-403-404-mobile-chrome-retry1/video.webm
    ────────────────────────────────────────────────────────────────────────────────────────────────

    Error Context: test-results/admin-api-deep-Admin-APIs--6b108-n-kpi-—-returns-401-403-404-mobile-chrome-retry1/error-context.md

    attachment #4: trace (application/zip) ─────────────────────────────────────────────────────────
    test-results/admin-api-deep-Admin-APIs--6b108-n-kpi-—-returns-401-403-404-mobile-chrome-retry1/trace.zip
    Usage:

        npx playwright show-trace test-results/admin-api-deep-Admin-APIs--6b108-n-kpi-—-returns-401-403-404-mobile-chrome-retry1/trace.zip

    ────────────────────────────────────────────────────────────────────────────────────────────────

  556) [mobile-chrome] › e2e/admin-api-deep.spec.mts:37:5 › Admin APIs unauthenticated › unauth GET /api/admin/notifications — returns 401/403/404 

    Error: apiRequestContext.get: connect ECONNREFUSED ::1:4000
    Call log:
      - → GET http://localhost:4000/api/admin/notifications
        - user-agent: Mozilla/5.0 (Linux; Android 14; Pixel 7) AppleWebKit/537.36 (KHTML, like Gecko) Chrome/151.0.7922.34 Mobile Safari/537.36
        - accept: */*
        - accept-encoding: gzip,deflate,br

        at apiRequestContext.get: connect ECONNREFUSED ::1:4000
        at /home/tbaltzakis/cloudless.gr/e2e/admin-api-deep.spec.mts:38:31

    attachment #1: screenshot (image/png) ──────────────────────────────────────────────────────────
    test-results/admin-api-deep-Admin-APIs--810e2-tions-—-returns-401-403-404-mobile-chrome/test-failed-1.png
    ────────────────────────────────────────────────────────────────────────────────────────────────

    attachment #2: video (video/webm) ──────────────────────────────────────────────────────────────
    test-results/admin-api-deep-Admin-APIs--810e2-tions-—-returns-401-403-404-mobile-chrome/video.webm
    ────────────────────────────────────────────────────────────────────────────────────────────────

    Error Context: test-results/admin-api-deep-Admin-APIs--810e2-tions-—-returns-401-403-404-mobile-chrome/error-context.md

    Retry #1 ───────────────────────────────────────────────────────────────────────────────────────

    Error: apiRequestContext.get: connect ECONNREFUSED ::1:4000
    Call log:
      - → GET http://localhost:4000/api/admin/notifications
        - user-agent: Mozilla/5.0 (Linux; Android 14; Pixel 7) AppleWebKit/537.36 (KHTML, like Gecko) Chrome/151.0.7922.34 Mobile Safari/537.36
        - accept: */*
        - accept-encoding: gzip,deflate,br

        at apiRequestContext.get: connect ECONNREFUSED ::1:4000
        at /home/tbaltzakis/cloudless.gr/e2e/admin-api-deep.spec.mts:38:31

    attachment #1: screenshot (image/png) ──────────────────────────────────────────────────────────
    test-results/admin-api-deep-Admin-APIs--810e2-tions-—-returns-401-403-404-mobile-chrome-retry1/test-failed-1.png
    ────────────────────────────────────────────────────────────────────────────────────────────────

    attachment #2: video (video/webm) ──────────────────────────────────────────────────────────────
    test-results/admin-api-deep-Admin-APIs--810e2-tions-—-returns-401-403-404-mobile-chrome-retry1/video.webm
    ────────────────────────────────────────────────────────────────────────────────────────────────

    Error Context: test-results/admin-api-deep-Admin-APIs--810e2-tions-—-returns-401-403-404-mobile-chrome-retry1/error-context.md

    attachment #4: trace (application/zip) ─────────────────────────────────────────────────────────
    test-results/admin-api-deep-Admin-APIs--810e2-tions-—-returns-401-403-404-mobile-chrome-retry1/trace.zip
    Usage:

        npx playwright show-trace test-results/admin-api-deep-Admin-APIs--810e2-tions-—-returns-401-403-404-mobile-chrome-retry1/trace.zip

    ────────────────────────────────────────────────────────────────────────────────────────────────

  557) [mobile-chrome] › e2e/admin-api-deep.spec.mts:37:5 › Admin APIs unauthenticated › unauth GET /api/admin/notifications/test — returns 401/403/404 

    Error: apiRequestContext.get: connect ECONNREFUSED ::1:4000
    Call log:
      - → GET http://localhost:4000/api/admin/notifications/test
        - user-agent: Mozilla/5.0 (Linux; Android 14; Pixel 7) AppleWebKit/537.36 (KHTML, like Gecko) Chrome/151.0.7922.34 Mobile Safari/537.36
        - accept: */*
        - accept-encoding: gzip,deflate,br

        at apiRequestContext.get: connect ECONNREFUSED ::1:4000
        at /home/tbaltzakis/cloudless.gr/e2e/admin-api-deep.spec.mts:38:31

    attachment #1: screenshot (image/png) ──────────────────────────────────────────────────────────
    test-results/admin-api-deep-Admin-APIs--0369a--test-—-returns-401-403-404-mobile-chrome/test-failed-1.png
    ────────────────────────────────────────────────────────────────────────────────────────────────

    attachment #2: video (video/webm) ──────────────────────────────────────────────────────────────
    test-results/admin-api-deep-Admin-APIs--0369a--test-—-returns-401-403-404-mobile-chrome/video.webm
    ────────────────────────────────────────────────────────────────────────────────────────────────

    Error Context: test-results/admin-api-deep-Admin-APIs--0369a--test-—-returns-401-403-404-mobile-chrome/error-context.md

    Retry #1 ───────────────────────────────────────────────────────────────────────────────────────

    Error: apiRequestContext.get: connect ECONNREFUSED ::1:4000
    Call log:
      - → GET http://localhost:4000/api/admin/notifications/test
        - user-agent: Mozilla/5.0 (Linux; Android 14; Pixel 7) AppleWebKit/537.36 (KHTML, like Gecko) Chrome/151.0.7922.34 Mobile Safari/537.36
        - accept: */*
        - accept-encoding: gzip,deflate,br

        at apiRequestContext.get: connect ECONNREFUSED ::1:4000
        at /home/tbaltzakis/cloudless.gr/e2e/admin-api-deep.spec.mts:38:31

    attachment #1: screenshot (image/png) ──────────────────────────────────────────────────────────
    test-results/admin-api-deep-Admin-APIs--0369a--test-—-returns-401-403-404-mobile-chrome-retry1/test-failed-1.png
    ────────────────────────────────────────────────────────────────────────────────────────────────

    attachment #2: video (video/webm) ──────────────────────────────────────────────────────────────
    test-results/admin-api-deep-Admin-APIs--0369a--test-—-returns-401-403-404-mobile-chrome-retry1/video.webm
    ────────────────────────────────────────────────────────────────────────────────────────────────

    Error Context: test-results/admin-api-deep-Admin-APIs--0369a--test-—-returns-401-403-404-mobile-chrome-retry1/error-context.md

    attachment #4: trace (application/zip) ─────────────────────────────────────────────────────────
    test-results/admin-api-deep-Admin-APIs--0369a--test-—-returns-401-403-404-mobile-chrome-retry1/trace.zip
    Usage:

        npx playwright show-trace test-results/admin-api-deep-Admin-APIs--0369a--test-—-returns-401-403-404-mobile-chrome-retry1/trace.zip

    ────────────────────────────────────────────────────────────────────────────────────────────────

  558) [mobile-chrome] › e2e/admin-api-deep.spec.mts:37:5 › Admin APIs unauthenticated › unauth GET /api/admin/notion/analytics — returns 401/403/404 

    Error: apiRequestContext.get: connect ECONNREFUSED ::1:4000
    Call log:
      - → GET http://localhost:4000/api/admin/notion/analytics
        - user-agent: Mozilla/5.0 (Linux; Android 14; Pixel 7) AppleWebKit/537.36 (KHTML, like Gecko) Chrome/151.0.7922.34 Mobile Safari/537.36
        - accept: */*
        - accept-encoding: gzip,deflate,br

        at apiRequestContext.get: connect ECONNREFUSED ::1:4000
        at /home/tbaltzakis/cloudless.gr/e2e/admin-api-deep.spec.mts:38:31

    attachment #1: screenshot (image/png) ──────────────────────────────────────────────────────────
    test-results/admin-api-deep-Admin-APIs--1b8c0-ytics-—-returns-401-403-404-mobile-chrome/test-failed-1.png
    ────────────────────────────────────────────────────────────────────────────────────────────────

    attachment #2: video (video/webm) ──────────────────────────────────────────────────────────────
    test-results/admin-api-deep-Admin-APIs--1b8c0-ytics-—-returns-401-403-404-mobile-chrome/video.webm
    ────────────────────────────────────────────────────────────────────────────────────────────────

    Error Context: test-results/admin-api-deep-Admin-APIs--1b8c0-ytics-—-returns-401-403-404-mobile-chrome/error-context.md

    Retry #1 ───────────────────────────────────────────────────────────────────────────────────────

    Error: apiRequestContext.get: connect ECONNREFUSED ::1:4000
    Call log:
      - → GET http://localhost:4000/api/admin/notion/analytics
        - user-agent: Mozilla/5.0 (Linux; Android 14; Pixel 7) AppleWebKit/537.36 (KHTML, like Gecko) Chrome/151.0.7922.34 Mobile Safari/537.36
        - accept: */*
        - accept-encoding: gzip,deflate,br

        at apiRequestContext.get: connect ECONNREFUSED ::1:4000
        at /home/tbaltzakis/cloudless.gr/e2e/admin-api-deep.spec.mts:38:31

    attachment #1: screenshot (image/png) ──────────────────────────────────────────────────────────
    test-results/admin-api-deep-Admin-APIs--1b8c0-ytics-—-returns-401-403-404-mobile-chrome-retry1/test-failed-1.png
    ────────────────────────────────────────────────────────────────────────────────────────────────

    attachment #2: video (video/webm) ──────────────────────────────────────────────────────────────
    test-results/admin-api-deep-Admin-APIs--1b8c0-ytics-—-returns-401-403-404-mobile-chrome-retry1/video.webm
    ────────────────────────────────────────────────────────────────────────────────────────────────

    Error Context: test-results/admin-api-deep-Admin-APIs--1b8c0-ytics-—-returns-401-403-404-mobile-chrome-retry1/error-context.md

    attachment #4: trace (application/zip) ─────────────────────────────────────────────────────────
    test-results/admin-api-deep-Admin-APIs--1b8c0-ytics-—-returns-401-403-404-mobile-chrome-retry1/trace.zip
    Usage:

        npx playwright show-trace test-results/admin-api-deep-Admin-APIs--1b8c0-ytics-—-returns-401-403-404-mobile-chrome-retry1/trace.zip

    ────────────────────────────────────────────────────────────────────────────────────────────────

  559) [mobile-chrome] › e2e/admin-api-deep.spec.mts:37:5 › Admin APIs unauthenticated › unauth GET /api/admin/notion/blog — returns 401/403/404 

    Error: apiRequestContext.get: connect ECONNREFUSED ::1:4000
    Call log:
      - → GET http://localhost:4000/api/admin/notion/blog
        - user-agent: Mozilla/5.0 (Linux; Android 14; Pixel 7) AppleWebKit/537.36 (KHTML, like Gecko) Chrome/151.0.7922.34 Mobile Safari/537.36
        - accept: */*
        - accept-encoding: gzip,deflate,br

        at apiRequestContext.get: connect ECONNREFUSED ::1:4000
        at /home/tbaltzakis/cloudless.gr/e2e/admin-api-deep.spec.mts:38:31

    attachment #1: screenshot (image/png) ──────────────────────────────────────────────────────────
    test-results/admin-api-deep-Admin-APIs--91333--blog-—-returns-401-403-404-mobile-chrome/test-failed-1.png
    ────────────────────────────────────────────────────────────────────────────────────────────────

    attachment #2: video (video/webm) ──────────────────────────────────────────────────────────────
    test-results/admin-api-deep-Admin-APIs--91333--blog-—-returns-401-403-404-mobile-chrome/video.webm
    ────────────────────────────────────────────────────────────────────────────────────────────────

    Error Context: test-results/admin-api-deep-Admin-APIs--91333--blog-—-returns-401-403-404-mobile-chrome/error-context.md

    Retry #1 ───────────────────────────────────────────────────────────────────────────────────────

    Error: apiRequestContext.get: connect ECONNREFUSED ::1:4000
    Call log:
      - → GET http://localhost:4000/api/admin/notion/blog
        - user-agent: Mozilla/5.0 (Linux; Android 14; Pixel 7) AppleWebKit/537.36 (KHTML, like Gecko) Chrome/151.0.7922.34 Mobile Safari/537.36
        - accept: */*
        - accept-encoding: gzip,deflate,br

        at apiRequestContext.get: connect ECONNREFUSED ::1:4000
        at /home/tbaltzakis/cloudless.gr/e2e/admin-api-deep.spec.mts:38:31

    attachment #1: screenshot (image/png) ──────────────────────────────────────────────────────────
    test-results/admin-api-deep-Admin-APIs--91333--blog-—-returns-401-403-404-mobile-chrome-retry1/test-failed-1.png
    ────────────────────────────────────────────────────────────────────────────────────────────────

    attachment #2: video (video/webm) ──────────────────────────────────────────────────────────────
    test-results/admin-api-deep-Admin-APIs--91333--blog-—-returns-401-403-404-mobile-chrome-retry1/video.webm
    ────────────────────────────────────────────────────────────────────────────────────────────────

    Error Context: test-results/admin-api-deep-Admin-APIs--91333--blog-—-returns-401-403-404-mobile-chrome-retry1/error-context.md

    attachment #4: trace (application/zip) ─────────────────────────────────────────────────────────
    test-results/admin-api-deep-Admin-APIs--91333--blog-—-returns-401-403-404-mobile-chrome-retry1/trace.zip
    Usage:

        npx playwright show-trace test-results/admin-api-deep-Admin-APIs--91333--blog-—-returns-401-403-404-mobile-chrome-retry1/trace.zip

    ────────────────────────────────────────────────────────────────────────────────────────────────

  560) [mobile-chrome] › e2e/admin-api-deep.spec.mts:37:5 › Admin APIs unauthenticated › unauth GET /api/admin/notion/comments — returns 401/403/404 

    Error: apiRequestContext.get: connect ECONNREFUSED ::1:4000
    Call log:
      - → GET http://localhost:4000/api/admin/notion/comments
        - user-agent: Mozilla/5.0 (Linux; Android 14; Pixel 7) AppleWebKit/537.36 (KHTML, like Gecko) Chrome/151.0.7922.34 Mobile Safari/537.36
        - accept: */*
        - accept-encoding: gzip,deflate,br

        at apiRequestContext.get: connect ECONNREFUSED ::1:4000
        at /home/tbaltzakis/cloudless.gr/e2e/admin-api-deep.spec.mts:38:31

    attachment #1: screenshot (image/png) ──────────────────────────────────────────────────────────
    test-results/admin-api-deep-Admin-APIs--15444-ments-—-returns-401-403-404-mobile-chrome/test-failed-1.png
    ────────────────────────────────────────────────────────────────────────────────────────────────

    attachment #2: video (video/webm) ──────────────────────────────────────────────────────────────
    test-results/admin-api-deep-Admin-APIs--15444-ments-—-returns-401-403-404-mobile-chrome/video.webm
    ────────────────────────────────────────────────────────────────────────────────────────────────

    Error Context: test-results/admin-api-deep-Admin-APIs--15444-ments-—-returns-401-403-404-mobile-chrome/error-context.md

    Retry #1 ───────────────────────────────────────────────────────────────────────────────────────

    Error: apiRequestContext.get: connect ECONNREFUSED ::1:4000
    Call log:
      - → GET http://localhost:4000/api/admin/notion/comments
        - user-agent: Mozilla/5.0 (Linux; Android 14; Pixel 7) AppleWebKit/537.36 (KHTML, like Gecko) Chrome/151.0.7922.34 Mobile Safari/537.36
        - accept: */*
        - accept-encoding: gzip,deflate,br

        at apiRequestContext.get: connect ECONNREFUSED ::1:4000
        at /home/tbaltzakis/cloudless.gr/e2e/admin-api-deep.spec.mts:38:31

    attachment #1: screenshot (image/png) ──────────────────────────────────────────────────────────
    test-results/admin-api-deep-Admin-APIs--15444-ments-—-returns-401-403-404-mobile-chrome-retry1/test-failed-1.png
    ────────────────────────────────────────────────────────────────────────────────────────────────

    attachment #2: video (video/webm) ──────────────────────────────────────────────────────────────
    test-results/admin-api-deep-Admin-APIs--15444-ments-—-returns-401-403-404-mobile-chrome-retry1/video.webm
    ────────────────────────────────────────────────────────────────────────────────────────────────

    Error Context: test-results/admin-api-deep-Admin-APIs--15444-ments-—-returns-401-403-404-mobile-chrome-retry1/error-context.md

    attachment #4: trace (application/zip) ─────────────────────────────────────────────────────────
    test-results/admin-api-deep-Admin-APIs--15444-ments-—-returns-401-403-404-mobile-chrome-retry1/trace.zip
    Usage:

        npx playwright show-trace test-results/admin-api-deep-Admin-APIs--15444-ments-—-returns-401-403-404-mobile-chrome-retry1/trace.zip

    ────────────────────────────────────────────────────────────────────────────────────────────────

  561) [mobile-chrome] › e2e/admin-api-deep.spec.mts:37:5 › Admin APIs unauthenticated › unauth GET /api/admin/notion/docs — returns 401/403/404 

    Error: apiRequestContext.get: connect ECONNREFUSED ::1:4000
    Call log:
      - → GET http://localhost:4000/api/admin/notion/docs
        - user-agent: Mozilla/5.0 (Linux; Android 14; Pixel 7) AppleWebKit/537.36 (KHTML, like Gecko) Chrome/151.0.7922.34 Mobile Safari/537.36
        - accept: */*
        - accept-encoding: gzip,deflate,br

        at apiRequestContext.get: connect ECONNREFUSED ::1:4000
        at /home/tbaltzakis/cloudless.gr/e2e/admin-api-deep.spec.mts:38:31

    attachment #1: screenshot (image/png) ──────────────────────────────────────────────────────────
    test-results/admin-api-deep-Admin-APIs--0c50d--docs-—-returns-401-403-404-mobile-chrome/test-failed-1.png
    ────────────────────────────────────────────────────────────────────────────────────────────────

    attachment #2: video (video/webm) ──────────────────────────────────────────────────────────────
    test-results/admin-api-deep-Admin-APIs--0c50d--docs-—-returns-401-403-404-mobile-chrome/video.webm
    ────────────────────────────────────────────────────────────────────────────────────────────────

    Error Context: test-results/admin-api-deep-Admin-APIs--0c50d--docs-—-returns-401-403-404-mobile-chrome/error-context.md

    Retry #1 ───────────────────────────────────────────────────────────────────────────────────────

    Error: apiRequestContext.get: connect ECONNREFUSED ::1:4000
    Call log:
      - → GET http://localhost:4000/api/admin/notion/docs
        - user-agent: Mozilla/5.0 (Linux; Android 14; Pixel 7) AppleWebKit/537.36 (KHTML, like Gecko) Chrome/151.0.7922.34 Mobile Safari/537.36
        - accept: */*
        - accept-encoding: gzip,deflate,br

        at apiRequestContext.get: connect ECONNREFUSED ::1:4000
        at /home/tbaltzakis/cloudless.gr/e2e/admin-api-deep.spec.mts:38:31

    attachment #1: screenshot (image/png) ──────────────────────────────────────────────────────────
    test-results/admin-api-deep-Admin-APIs--0c50d--docs-—-returns-401-403-404-mobile-chrome-retry1/test-failed-1.png
    ────────────────────────────────────────────────────────────────────────────────────────────────

    attachment #2: video (video/webm) ──────────────────────────────────────────────────────────────
    test-results/admin-api-deep-Admin-APIs--0c50d--docs-—-returns-401-403-404-mobile-chrome-retry1/video.webm
    ────────────────────────────────────────────────────────────────────────────────────────────────

    Error Context: test-results/admin-api-deep-Admin-APIs--0c50d--docs-—-returns-401-403-404-mobile-chrome-retry1/error-context.md

    attachment #4: trace (application/zip) ─────────────────────────────────────────────────────────
    test-results/admin-api-deep-Admin-APIs--0c50d--docs-—-returns-401-403-404-mobile-chrome-retry1/trace.zip
    Usage:

        npx playwright show-trace test-results/admin-api-deep-Admin-APIs--0c50d--docs-—-returns-401-403-404-mobile-chrome-retry1/trace.zip

    ────────────────────────────────────────────────────────────────────────────────────────────────

  562) [mobile-chrome] › e2e/admin-api-deep.spec.mts:37:5 › Admin APIs unauthenticated › unauth GET /api/admin/notion/projects — returns 401/403/404 

    Error: apiRequestContext.get: connect ECONNREFUSED ::1:4000
    Call log:
      - → GET http://localhost:4000/api/admin/notion/projects
        - user-agent: Mozilla/5.0 (Linux; Android 14; Pixel 7) AppleWebKit/537.36 (KHTML, like Gecko) Chrome/151.0.7922.34 Mobile Safari/537.36
        - accept: */*
        - accept-encoding: gzip,deflate,br

        at apiRequestContext.get: connect ECONNREFUSED ::1:4000
        at /home/tbaltzakis/cloudless.gr/e2e/admin-api-deep.spec.mts:38:31

    attachment #1: screenshot (image/png) ──────────────────────────────────────────────────────────
    test-results/admin-api-deep-Admin-APIs--729c8-jects-—-returns-401-403-404-mobile-chrome/test-failed-1.png
    ────────────────────────────────────────────────────────────────────────────────────────────────

    attachment #2: video (video/webm) ──────────────────────────────────────────────────────────────
    test-results/admin-api-deep-Admin-APIs--729c8-jects-—-returns-401-403-404-mobile-chrome/video.webm
    ────────────────────────────────────────────────────────────────────────────────────────────────

    Error Context: test-results/admin-api-deep-Admin-APIs--729c8-jects-—-returns-401-403-404-mobile-chrome/error-context.md

    Retry #1 ───────────────────────────────────────────────────────────────────────────────────────

    Error: apiRequestContext.get: connect ECONNREFUSED ::1:4000
    Call log:
      - → GET http://localhost:4000/api/admin/notion/projects
        - user-agent: Mozilla/5.0 (Linux; Android 14; Pixel 7) AppleWebKit/537.36 (KHTML, like Gecko) Chrome/151.0.7922.34 Mobile Safari/537.36
        - accept: */*
        - accept-encoding: gzip,deflate,br

        at apiRequestContext.get: connect ECONNREFUSED ::1:4000
        at /home/tbaltzakis/cloudless.gr/e2e/admin-api-deep.spec.mts:38:31

    attachment #1: screenshot (image/png) ──────────────────────────────────────────────────────────
    test-results/admin-api-deep-Admin-APIs--729c8-jects-—-returns-401-403-404-mobile-chrome-retry1/test-failed-1.png
    ────────────────────────────────────────────────────────────────────────────────────────────────

    attachment #2: video (video/webm) ──────────────────────────────────────────────────────────────
    test-results/admin-api-deep-Admin-APIs--729c8-jects-—-returns-401-403-404-mobile-chrome-retry1/video.webm
    ────────────────────────────────────────────────────────────────────────────────────────────────

    Error Context: test-results/admin-api-deep-Admin-APIs--729c8-jects-—-returns-401-403-404-mobile-chrome-retry1/error-context.md

    attachment #4: trace (application/zip) ─────────────────────────────────────────────────────────
    test-results/admin-api-deep-Admin-APIs--729c8-jects-—-returns-401-403-404-mobile-chrome-retry1/trace.zip
    Usage:

        npx playwright show-trace test-results/admin-api-deep-Admin-APIs--729c8-jects-—-returns-401-403-404-mobile-chrome-retry1/trace.zip

    ────────────────────────────────────────────────────────────────────────────────────────────────

  563) [mobile-chrome] › e2e/admin-api-deep.spec.mts:37:5 › Admin APIs unauthenticated › unauth GET /api/admin/notion/search — returns 401/403/404 

    Error: apiRequestContext.get: connect ECONNREFUSED ::1:4000
    Call log:
      - → GET http://localhost:4000/api/admin/notion/search
        - user-agent: Mozilla/5.0 (Linux; Android 14; Pixel 7) AppleWebKit/537.36 (KHTML, like Gecko) Chrome/151.0.7922.34 Mobile Safari/537.36
        - accept: */*
        - accept-encoding: gzip,deflate,br

        at apiRequestContext.get: connect ECONNREFUSED ::1:4000
        at /home/tbaltzakis/cloudless.gr/e2e/admin-api-deep.spec.mts:38:31

    attachment #1: screenshot (image/png) ──────────────────────────────────────────────────────────
    test-results/admin-api-deep-Admin-APIs--c1af2-earch-—-returns-401-403-404-mobile-chrome/test-failed-1.png
    ────────────────────────────────────────────────────────────────────────────────────────────────

    attachment #2: video (video/webm) ──────────────────────────────────────────────────────────────
    test-results/admin-api-deep-Admin-APIs--c1af2-earch-—-returns-401-403-404-mobile-chrome/video.webm
    ────────────────────────────────────────────────────────────────────────────────────────────────

    Error Context: test-results/admin-api-deep-Admin-APIs--c1af2-earch-—-returns-401-403-404-mobile-chrome/error-context.md

    Retry #1 ───────────────────────────────────────────────────────────────────────────────────────

    Error: apiRequestContext.get: connect ECONNREFUSED ::1:4000
    Call log:
      - → GET http://localhost:4000/api/admin/notion/search
        - user-agent: Mozilla/5.0 (Linux; Android 14; Pixel 7) AppleWebKit/537.36 (KHTML, like Gecko) Chrome/151.0.7922.34 Mobile Safari/537.36
        - accept: */*
        - accept-encoding: gzip,deflate,br

        at apiRequestContext.get: connect ECONNREFUSED ::1:4000
        at /home/tbaltzakis/cloudless.gr/e2e/admin-api-deep.spec.mts:38:31

    attachment #1: screenshot (image/png) ──────────────────────────────────────────────────────────
    test-results/admin-api-deep-Admin-APIs--c1af2-earch-—-returns-401-403-404-mobile-chrome-retry1/test-failed-1.png
    ────────────────────────────────────────────────────────────────────────────────────────────────

    attachment #2: video (video/webm) ──────────────────────────────────────────────────────────────
    test-results/admin-api-deep-Admin-APIs--c1af2-earch-—-returns-401-403-404-mobile-chrome-retry1/video.webm
    ────────────────────────────────────────────────────────────────────────────────────────────────

    Error Context: test-results/admin-api-deep-Admin-APIs--c1af2-earch-—-returns-401-403-404-mobile-chrome-retry1/error-context.md

    attachment #4: trace (application/zip) ─────────────────────────────────────────────────────────
    test-results/admin-api-deep-Admin-APIs--c1af2-earch-—-returns-401-403-404-mobile-chrome-retry1/trace.zip
    Usage:

        npx playwright show-trace test-results/admin-api-deep-Admin-APIs--c1af2-earch-—-returns-401-403-404-mobile-chrome-retry1/trace.zip

    ────────────────────────────────────────────────────────────────────────────────────────────────

  564) [mobile-chrome] › e2e/admin-api-deep.spec.mts:37:5 › Admin APIs unauthenticated › unauth GET /api/admin/notion/status — returns 401/403/404 

    Error: apiRequestContext.get: connect ECONNREFUSED ::1:4000
    Call log:
      - → GET http://localhost:4000/api/admin/notion/status
        - user-agent: Mozilla/5.0 (Linux; Android 14; Pixel 7) AppleWebKit/537.36 (KHTML, like Gecko) Chrome/151.0.7922.34 Mobile Safari/537.36
        - accept: */*
        - accept-encoding: gzip,deflate,br

        at apiRequestContext.get: connect ECONNREFUSED ::1:4000
        at /home/tbaltzakis/cloudless.gr/e2e/admin-api-deep.spec.mts:38:31

    attachment #1: screenshot (image/png) ──────────────────────────────────────────────────────────
    test-results/admin-api-deep-Admin-APIs--6da80-tatus-—-returns-401-403-404-mobile-chrome/test-failed-1.png
    ────────────────────────────────────────────────────────────────────────────────────────────────

    attachment #2: video (video/webm) ──────────────────────────────────────────────────────────────
    test-results/admin-api-deep-Admin-APIs--6da80-tatus-—-returns-401-403-404-mobile-chrome/video.webm
    ────────────────────────────────────────────────────────────────────────────────────────────────

    Error Context: test-results/admin-api-deep-Admin-APIs--6da80-tatus-—-returns-401-403-404-mobile-chrome/error-context.md

    Retry #1 ───────────────────────────────────────────────────────────────────────────────────────

    Error: apiRequestContext.get: connect ECONNREFUSED ::1:4000
    Call log:
      - → GET http://localhost:4000/api/admin/notion/status
        - user-agent: Mozilla/5.0 (Linux; Android 14; Pixel 7) AppleWebKit/537.36 (KHTML, like Gecko) Chrome/151.0.7922.34 Mobile Safari/537.36
        - accept: */*
        - accept-encoding: gzip,deflate,br

        at apiRequestContext.get: connect ECONNREFUSED ::1:4000
        at /home/tbaltzakis/cloudless.gr/e2e/admin-api-deep.spec.mts:38:31

    attachment #1: screenshot (image/png) ──────────────────────────────────────────────────────────
    test-results/admin-api-deep-Admin-APIs--6da80-tatus-—-returns-401-403-404-mobile-chrome-retry1/test-failed-1.png
    ────────────────────────────────────────────────────────────────────────────────────────────────

    attachment #2: video (video/webm) ──────────────────────────────────────────────────────────────
    test-results/admin-api-deep-Admin-APIs--6da80-tatus-—-returns-401-403-404-mobile-chrome-retry1/video.webm
    ────────────────────────────────────────────────────────────────────────────────────────────────

    Error Context: test-results/admin-api-deep-Admin-APIs--6da80-tatus-—-returns-401-403-404-mobile-chrome-retry1/error-context.md

    attachment #4: trace (application/zip) ─────────────────────────────────────────────────────────
    test-results/admin-api-deep-Admin-APIs--6da80-tatus-—-returns-401-403-404-mobile-chrome-retry1/trace.zip
    Usage:

        npx playwright show-trace test-results/admin-api-deep-Admin-APIs--6da80-tatus-—-returns-401-403-404-mobile-chrome-retry1/trace.zip

    ────────────────────────────────────────────────────────────────────────────────────────────────

  565) [mobile-chrome] › e2e/admin-api-deep.spec.mts:37:5 › Admin APIs unauthenticated › unauth GET /api/admin/notion/submissions — returns 401/403/404 

    Error: apiRequestContext.get: connect ECONNREFUSED ::1:4000
    Call log:
      - → GET http://localhost:4000/api/admin/notion/submissions
        - user-agent: Mozilla/5.0 (Linux; Android 14; Pixel 7) AppleWebKit/537.36 (KHTML, like Gecko) Chrome/151.0.7922.34 Mobile Safari/537.36
        - accept: */*
        - accept-encoding: gzip,deflate,br

        at apiRequestContext.get: connect ECONNREFUSED ::1:4000
        at /home/tbaltzakis/cloudless.gr/e2e/admin-api-deep.spec.mts:38:31

    attachment #1: screenshot (image/png) ──────────────────────────────────────────────────────────
    test-results/admin-api-deep-Admin-APIs--27769-sions-—-returns-401-403-404-mobile-chrome/test-failed-1.png
    ────────────────────────────────────────────────────────────────────────────────────────────────

    attachment #2: video (video/webm) ──────────────────────────────────────────────────────────────
    test-results/admin-api-deep-Admin-APIs--27769-sions-—-returns-401-403-404-mobile-chrome/video.webm
    ────────────────────────────────────────────────────────────────────────────────────────────────

    Error Context: test-results/admin-api-deep-Admin-APIs--27769-sions-—-returns-401-403-404-mobile-chrome/error-context.md

    Retry #1 ───────────────────────────────────────────────────────────────────────────────────────

    Error: apiRequestContext.get: connect ECONNREFUSED ::1:4000
    Call log:
      - → GET http://localhost:4000/api/admin/notion/submissions
        - user-agent: Mozilla/5.0 (Linux; Android 14; Pixel 7) AppleWebKit/537.36 (KHTML, like Gecko) Chrome/151.0.7922.34 Mobile Safari/537.36
        - accept: */*
        - accept-encoding: gzip,deflate,br

        at apiRequestContext.get: connect ECONNREFUSED ::1:4000
        at /home/tbaltzakis/cloudless.gr/e2e/admin-api-deep.spec.mts:38:31

    attachment #1: screenshot (image/png) ──────────────────────────────────────────────────────────
    test-results/admin-api-deep-Admin-APIs--27769-sions-—-returns-401-403-404-mobile-chrome-retry1/test-failed-1.png
    ────────────────────────────────────────────────────────────────────────────────────────────────

    attachment #2: video (video/webm) ──────────────────────────────────────────────────────────────
    test-results/admin-api-deep-Admin-APIs--27769-sions-—-returns-401-403-404-mobile-chrome-retry1/video.webm
    ────────────────────────────────────────────────────────────────────────────────────────────────

    Error Context: test-results/admin-api-deep-Admin-APIs--27769-sions-—-returns-401-403-404-mobile-chrome-retry1/error-context.md

    attachment #4: trace (application/zip) ─────────────────────────────────────────────────────────
    test-results/admin-api-deep-Admin-APIs--27769-sions-—-returns-401-403-404-mobile-chrome-retry1/trace.zip
    Usage:

        npx playwright show-trace test-results/admin-api-deep-Admin-APIs--27769-sions-—-returns-401-403-404-mobile-chrome-retry1/trace.zip

    ────────────────────────────────────────────────────────────────────────────────────────────────

  566) [mobile-chrome] › e2e/admin-api-deep.spec.mts:37:5 › Admin APIs unauthenticated › unauth GET /api/admin/notion/tasks — returns 401/403/404 

    Error: apiRequestContext.get: connect ECONNREFUSED ::1:4000
    Call log:
      - → GET http://localhost:4000/api/admin/notion/tasks
        - user-agent: Mozilla/5.0 (Linux; Android 14; Pixel 7) AppleWebKit/537.36 (KHTML, like Gecko) Chrome/151.0.7922.34 Mobile Safari/537.36
        - accept: */*
        - accept-encoding: gzip,deflate,br

        at apiRequestContext.get: connect ECONNREFUSED ::1:4000
        at /home/tbaltzakis/cloudless.gr/e2e/admin-api-deep.spec.mts:38:31

    attachment #1: screenshot (image/png) ──────────────────────────────────────────────────────────
    test-results/admin-api-deep-Admin-APIs--24954-tasks-—-returns-401-403-404-mobile-chrome/test-failed-1.png
    ────────────────────────────────────────────────────────────────────────────────────────────────

    attachment #2: video (video/webm) ──────────────────────────────────────────────────────────────
    test-results/admin-api-deep-Admin-APIs--24954-tasks-—-returns-401-403-404-mobile-chrome/video.webm
    ────────────────────────────────────────────────────────────────────────────────────────────────

    Error Context: test-results/admin-api-deep-Admin-APIs--24954-tasks-—-returns-401-403-404-mobile-chrome/error-context.md

    Retry #1 ───────────────────────────────────────────────────────────────────────────────────────

    Error: apiRequestContext.get: connect ECONNREFUSED ::1:4000
    Call log:
      - → GET http://localhost:4000/api/admin/notion/tasks
        - user-agent: Mozilla/5.0 (Linux; Android 14; Pixel 7) AppleWebKit/537.36 (KHTML, like Gecko) Chrome/151.0.7922.34 Mobile Safari/537.36
        - accept: */*
        - accept-encoding: gzip,deflate,br

        at apiRequestContext.get: connect ECONNREFUSED ::1:4000
        at /home/tbaltzakis/cloudless.gr/e2e/admin-api-deep.spec.mts:38:31

    attachment #1: screenshot (image/png) ──────────────────────────────────────────────────────────
    test-results/admin-api-deep-Admin-APIs--24954-tasks-—-returns-401-403-404-mobile-chrome-retry1/test-failed-1.png
    ────────────────────────────────────────────────────────────────────────────────────────────────

    attachment #2: video (video/webm) ──────────────────────────────────────────────────────────────
    test-results/admin-api-deep-Admin-APIs--24954-tasks-—-returns-401-403-404-mobile-chrome-retry1/video.webm
    ────────────────────────────────────────────────────────────────────────────────────────────────

    Error Context: test-results/admin-api-deep-Admin-APIs--24954-tasks-—-returns-401-403-404-mobile-chrome-retry1/error-context.md

    attachment #4: trace (application/zip) ─────────────────────────────────────────────────────────
    test-results/admin-api-deep-Admin-APIs--24954-tasks-—-returns-401-403-404-mobile-chrome-retry1/trace.zip
    Usage:

        npx playwright show-trace test-results/admin-api-deep-Admin-APIs--24954-tasks-—-returns-401-403-404-mobile-chrome-retry1/trace.zip

    ────────────────────────────────────────────────────────────────────────────────────────────────

  567) [mobile-chrome] › e2e/admin-api-deep.spec.mts:37:5 › Admin APIs unauthenticated › unauth GET /api/admin/oauth/tiktok — returns 401/403/404 

    Error: apiRequestContext.get: connect ECONNREFUSED ::1:4000
    Call log:
      - → GET http://localhost:4000/api/admin/oauth/tiktok
        - user-agent: Mozilla/5.0 (Linux; Android 14; Pixel 7) AppleWebKit/537.36 (KHTML, like Gecko) Chrome/151.0.7922.34 Mobile Safari/537.36
        - accept: */*
        - accept-encoding: gzip,deflate,br

        at apiRequestContext.get: connect ECONNREFUSED ::1:4000
        at /home/tbaltzakis/cloudless.gr/e2e/admin-api-deep.spec.mts:38:31

    attachment #1: screenshot (image/png) ──────────────────────────────────────────────────────────
    test-results/admin-api-deep-Admin-APIs--f1321-iktok-—-returns-401-403-404-mobile-chrome/test-failed-1.png
    ────────────────────────────────────────────────────────────────────────────────────────────────

    attachment #2: video (video/webm) ──────────────────────────────────────────────────────────────
    test-results/admin-api-deep-Admin-APIs--f1321-iktok-—-returns-401-403-404-mobile-chrome/video.webm
    ────────────────────────────────────────────────────────────────────────────────────────────────

    Error Context: test-results/admin-api-deep-Admin-APIs--f1321-iktok-—-returns-401-403-404-mobile-chrome/error-context.md

    Retry #1 ───────────────────────────────────────────────────────────────────────────────────────

    Error: apiRequestContext.get: connect ECONNREFUSED ::1:4000
    Call log:
      - → GET http://localhost:4000/api/admin/oauth/tiktok
        - user-agent: Mozilla/5.0 (Linux; Android 14; Pixel 7) AppleWebKit/537.36 (KHTML, like Gecko) Chrome/151.0.7922.34 Mobile Safari/537.36
        - accept: */*
        - accept-encoding: gzip,deflate,br

        at apiRequestContext.get: connect ECONNREFUSED ::1:4000
        at /home/tbaltzakis/cloudless.gr/e2e/admin-api-deep.spec.mts:38:31

    attachment #1: screenshot (image/png) ──────────────────────────────────────────────────────────
    test-results/admin-api-deep-Admin-APIs--f1321-iktok-—-returns-401-403-404-mobile-chrome-retry1/test-failed-1.png
    ────────────────────────────────────────────────────────────────────────────────────────────────

    attachment #2: video (video/webm) ──────────────────────────────────────────────────────────────
    test-results/admin-api-deep-Admin-APIs--f1321-iktok-—-returns-401-403-404-mobile-chrome-retry1/video.webm
    ────────────────────────────────────────────────────────────────────────────────────────────────

    Error Context: test-results/admin-api-deep-Admin-APIs--f1321-iktok-—-returns-401-403-404-mobile-chrome-retry1/error-context.md

    attachment #4: trace (application/zip) ─────────────────────────────────────────────────────────
    test-results/admin-api-deep-Admin-APIs--f1321-iktok-—-returns-401-403-404-mobile-chrome-retry1/trace.zip
    Usage:

        npx playwright show-trace test-results/admin-api-deep-Admin-APIs--f1321-iktok-—-returns-401-403-404-mobile-chrome-retry1/trace.zip

    ────────────────────────────────────────────────────────────────────────────────────────────────

  568) [mobile-chrome] › e2e/admin-api-deep.spec.mts:37:5 › Admin APIs unauthenticated › unauth GET /api/admin/oauth/tiktok/callback — returns 401/403/404 

    Error: apiRequestContext.get: connect ECONNREFUSED ::1:4000
    Call log:
      - → GET http://localhost:4000/api/admin/oauth/tiktok/callback
        - user-agent: Mozilla/5.0 (Linux; Android 14; Pixel 7) AppleWebKit/537.36 (KHTML, like Gecko) Chrome/151.0.7922.34 Mobile Safari/537.36
        - accept: */*
        - accept-encoding: gzip,deflate,br

        at apiRequestContext.get: connect ECONNREFUSED ::1:4000
        at /home/tbaltzakis/cloudless.gr/e2e/admin-api-deep.spec.mts:38:31

    attachment #1: screenshot (image/png) ──────────────────────────────────────────────────────────
    test-results/admin-api-deep-Admin-APIs--3e5cc-lback-—-returns-401-403-404-mobile-chrome/test-failed-1.png
    ────────────────────────────────────────────────────────────────────────────────────────────────

    attachment #2: video (video/webm) ──────────────────────────────────────────────────────────────
    test-results/admin-api-deep-Admin-APIs--3e5cc-lback-—-returns-401-403-404-mobile-chrome/video.webm
    ────────────────────────────────────────────────────────────────────────────────────────────────

    Error Context: test-results/admin-api-deep-Admin-APIs--3e5cc-lback-—-returns-401-403-404-mobile-chrome/error-context.md

    Retry #1 ───────────────────────────────────────────────────────────────────────────────────────

    Error: apiRequestContext.get: connect ECONNREFUSED ::1:4000
    Call log:
      - → GET http://localhost:4000/api/admin/oauth/tiktok/callback
        - user-agent: Mozilla/5.0 (Linux; Android 14; Pixel 7) AppleWebKit/537.36 (KHTML, like Gecko) Chrome/151.0.7922.34 Mobile Safari/537.36
        - accept: */*
        - accept-encoding: gzip,deflate,br

        at apiRequestContext.get: connect ECONNREFUSED ::1:4000
        at /home/tbaltzakis/cloudless.gr/e2e/admin-api-deep.spec.mts:38:31

    attachment #1: screenshot (image/png) ──────────────────────────────────────────────────────────
    test-results/admin-api-deep-Admin-APIs--3e5cc-lback-—-returns-401-403-404-mobile-chrome-retry1/test-failed-1.png
    ────────────────────────────────────────────────────────────────────────────────────────────────

    attachment #2: video (video/webm) ──────────────────────────────────────────────────────────────
    test-results/admin-api-deep-Admin-APIs--3e5cc-lback-—-returns-401-403-404-mobile-chrome-retry1/video.webm
    ────────────────────────────────────────────────────────────────────────────────────────────────

    Error Context: test-results/admin-api-deep-Admin-APIs--3e5cc-lback-—-returns-401-403-404-mobile-chrome-retry1/error-context.md

    attachment #4: trace (application/zip) ─────────────────────────────────────────────────────────
    test-results/admin-api-deep-Admin-APIs--3e5cc-lback-—-returns-401-403-404-mobile-chrome-retry1/trace.zip
    Usage:

        npx playwright show-trace test-results/admin-api-deep-Admin-APIs--3e5cc-lback-—-returns-401-403-404-mobile-chrome-retry1/trace.zip

    ────────────────────────────────────────────────────────────────────────────────────────────────

  569) [mobile-chrome] › e2e/admin-api-deep.spec.mts:37:5 › Admin APIs unauthenticated › unauth GET /api/admin/ops/errors — returns 401/403/404 

    Error: apiRequestContext.get: connect ECONNREFUSED ::1:4000
    Call log:
      - → GET http://localhost:4000/api/admin/ops/errors
        - user-agent: Mozilla/5.0 (Linux; Android 14; Pixel 7) AppleWebKit/537.36 (KHTML, like Gecko) Chrome/151.0.7922.34 Mobile Safari/537.36
        - accept: */*
        - accept-encoding: gzip,deflate,br

        at apiRequestContext.get: connect ECONNREFUSED ::1:4000
        at /home/tbaltzakis/cloudless.gr/e2e/admin-api-deep.spec.mts:38:31

    attachment #1: screenshot (image/png) ──────────────────────────────────────────────────────────
    test-results/admin-api-deep-Admin-APIs--6127a-rrors-—-returns-401-403-404-mobile-chrome/test-failed-1.png
    ────────────────────────────────────────────────────────────────────────────────────────────────

    attachment #2: video (video/webm) ──────────────────────────────────────────────────────────────
    test-results/admin-api-deep-Admin-APIs--6127a-rrors-—-returns-401-403-404-mobile-chrome/video.webm
    ────────────────────────────────────────────────────────────────────────────────────────────────

    Error Context: test-results/admin-api-deep-Admin-APIs--6127a-rrors-—-returns-401-403-404-mobile-chrome/error-context.md

    Retry #1 ───────────────────────────────────────────────────────────────────────────────────────

    Error: apiRequestContext.get: connect ECONNREFUSED ::1:4000
    Call log:
      - → GET http://localhost:4000/api/admin/ops/errors
        - user-agent: Mozilla/5.0 (Linux; Android 14; Pixel 7) AppleWebKit/537.36 (KHTML, like Gecko) Chrome/151.0.7922.34 Mobile Safari/537.36
        - accept: */*
        - accept-encoding: gzip,deflate,br

        at apiRequestContext.get: connect ECONNREFUSED ::1:4000
        at /home/tbaltzakis/cloudless.gr/e2e/admin-api-deep.spec.mts:38:31

    attachment #1: screenshot (image/png) ──────────────────────────────────────────────────────────
    test-results/admin-api-deep-Admin-APIs--6127a-rrors-—-returns-401-403-404-mobile-chrome-retry1/test-failed-1.png
    ────────────────────────────────────────────────────────────────────────────────────────────────

    attachment #2: video (video/webm) ──────────────────────────────────────────────────────────────
    test-results/admin-api-deep-Admin-APIs--6127a-rrors-—-returns-401-403-404-mobile-chrome-retry1/video.webm
    ────────────────────────────────────────────────────────────────────────────────────────────────

    Error Context: test-results/admin-api-deep-Admin-APIs--6127a-rrors-—-returns-401-403-404-mobile-chrome-retry1/error-context.md

    attachment #4: trace (application/zip) ─────────────────────────────────────────────────────────
    test-results/admin-api-deep-Admin-APIs--6127a-rrors-—-returns-401-403-404-mobile-chrome-retry1/trace.zip
    Usage:

        npx playwright show-trace test-results/admin-api-deep-Admin-APIs--6127a-rrors-—-returns-401-403-404-mobile-chrome-retry1/trace.zip

    ────────────────────────────────────────────────────────────────────────────────────────────────

  570) [mobile-chrome] › e2e/admin-api-deep.spec.mts:37:5 › Admin APIs unauthenticated › unauth GET /api/admin/ops/monitor — returns 401/403/404 

    Error: apiRequestContext.get: connect ECONNREFUSED ::1:4000
    Call log:
      - → GET http://localhost:4000/api/admin/ops/monitor
        - user-agent: Mozilla/5.0 (Linux; Android 14; Pixel 7) AppleWebKit/537.36 (KHTML, like Gecko) Chrome/151.0.7922.34 Mobile Safari/537.36
        - accept: */*
        - accept-encoding: gzip,deflate,br

        at apiRequestContext.get: connect ECONNREFUSED ::1:4000
        at /home/tbaltzakis/cloudless.gr/e2e/admin-api-deep.spec.mts:38:31

    attachment #1: screenshot (image/png) ──────────────────────────────────────────────────────────
    test-results/admin-api-deep-Admin-APIs--45198-nitor-—-returns-401-403-404-mobile-chrome/test-failed-1.png
    ────────────────────────────────────────────────────────────────────────────────────────────────

    attachment #2: video (video/webm) ──────────────────────────────────────────────────────────────
    test-results/admin-api-deep-Admin-APIs--45198-nitor-—-returns-401-403-404-mobile-chrome/video.webm
    ────────────────────────────────────────────────────────────────────────────────────────────────

    Error Context: test-results/admin-api-deep-Admin-APIs--45198-nitor-—-returns-401-403-404-mobile-chrome/error-context.md

    Retry #1 ───────────────────────────────────────────────────────────────────────────────────────

    Error: apiRequestContext.get: connect ECONNREFUSED ::1:4000
    Call log:
      - → GET http://localhost:4000/api/admin/ops/monitor
        - user-agent: Mozilla/5.0 (Linux; Android 14; Pixel 7) AppleWebKit/537.36 (KHTML, like Gecko) Chrome/151.0.7922.34 Mobile Safari/537.36
        - accept: */*
        - accept-encoding: gzip,deflate,br

        at apiRequestContext.get: connect ECONNREFUSED ::1:4000
        at /home/tbaltzakis/cloudless.gr/e2e/admin-api-deep.spec.mts:38:31

    attachment #1: screenshot (image/png) ──────────────────────────────────────────────────────────
    test-results/admin-api-deep-Admin-APIs--45198-nitor-—-returns-401-403-404-mobile-chrome-retry1/test-failed-1.png
    ────────────────────────────────────────────────────────────────────────────────────────────────

    attachment #2: video (video/webm) ──────────────────────────────────────────────────────────────
    test-results/admin-api-deep-Admin-APIs--45198-nitor-—-returns-401-403-404-mobile-chrome-retry1/video.webm
    ────────────────────────────────────────────────────────────────────────────────────────────────

    Error Context: test-results/admin-api-deep-Admin-APIs--45198-nitor-—-returns-401-403-404-mobile-chrome-retry1/error-context.md

    attachment #4: trace (application/zip) ─────────────────────────────────────────────────────────
    test-results/admin-api-deep-Admin-APIs--45198-nitor-—-returns-401-403-404-mobile-chrome-retry1/trace.zip
    Usage:

        npx playwright show-trace test-results/admin-api-deep-Admin-APIs--45198-nitor-—-returns-401-403-404-mobile-chrome-retry1/trace.zip

    ────────────────────────────────────────────────────────────────────────────────────────────────

  571) [mobile-chrome] › e2e/admin-api-deep.spec.mts:37:5 › Admin APIs unauthenticated › unauth GET /api/admin/orders — returns 401/403/404 

    Error: apiRequestContext.get: connect ECONNREFUSED ::1:4000
    Call log:
      - → GET http://localhost:4000/api/admin/orders
        - user-agent: Mozilla/5.0 (Linux; Android 14; Pixel 7) AppleWebKit/537.36 (KHTML, like Gecko) Chrome/151.0.7922.34 Mobile Safari/537.36
        - accept: */*
        - accept-encoding: gzip,deflate,br

        at apiRequestContext.get: connect ECONNREFUSED ::1:4000
        at /home/tbaltzakis/cloudless.gr/e2e/admin-api-deep.spec.mts:38:31

    attachment #1: screenshot (image/png) ──────────────────────────────────────────────────────────
    test-results/admin-api-deep-Admin-APIs--c0fcc-rders-—-returns-401-403-404-mobile-chrome/test-failed-1.png
    ────────────────────────────────────────────────────────────────────────────────────────────────

    attachment #2: video (video/webm) ──────────────────────────────────────────────────────────────
    test-results/admin-api-deep-Admin-APIs--c0fcc-rders-—-returns-401-403-404-mobile-chrome/video.webm
    ────────────────────────────────────────────────────────────────────────────────────────────────

    Error Context: test-results/admin-api-deep-Admin-APIs--c0fcc-rders-—-returns-401-403-404-mobile-chrome/error-context.md

    Retry #1 ───────────────────────────────────────────────────────────────────────────────────────

    Error: apiRequestContext.get: connect ECONNREFUSED ::1:4000
    Call log:
      - → GET http://localhost:4000/api/admin/orders
        - user-agent: Mozilla/5.0 (Linux; Android 14; Pixel 7) AppleWebKit/537.36 (KHTML, like Gecko) Chrome/151.0.7922.34 Mobile Safari/537.36
        - accept: */*
        - accept-encoding: gzip,deflate,br

        at apiRequestContext.get: connect ECONNREFUSED ::1:4000
        at /home/tbaltzakis/cloudless.gr/e2e/admin-api-deep.spec.mts:38:31

    attachment #1: screenshot (image/png) ──────────────────────────────────────────────────────────
    test-results/admin-api-deep-Admin-APIs--c0fcc-rders-—-returns-401-403-404-mobile-chrome-retry1/test-failed-1.png
    ────────────────────────────────────────────────────────────────────────────────────────────────

    attachment #2: video (video/webm) ──────────────────────────────────────────────────────────────
    test-results/admin-api-deep-Admin-APIs--c0fcc-rders-—-returns-401-403-404-mobile-chrome-retry1/video.webm
    ────────────────────────────────────────────────────────────────────────────────────────────────

    Error Context: test-results/admin-api-deep-Admin-APIs--c0fcc-rders-—-returns-401-403-404-mobile-chrome-retry1/error-context.md

    attachment #4: trace (application/zip) ─────────────────────────────────────────────────────────
    test-results/admin-api-deep-Admin-APIs--c0fcc-rders-—-returns-401-403-404-mobile-chrome-retry1/trace.zip
    Usage:

        npx playwright show-trace test-results/admin-api-deep-Admin-APIs--c0fcc-rders-—-returns-401-403-404-mobile-chrome-retry1/trace.zip

    ────────────────────────────────────────────────────────────────────────────────────────────────

  572) [mobile-chrome] › e2e/admin-api-deep.spec.mts:37:5 › Admin APIs unauthenticated › unauth GET /api/admin/pending-clients — returns 401/403/404 

    Error: apiRequestContext.get: connect ECONNREFUSED ::1:4000
    Call log:
      - → GET http://localhost:4000/api/admin/pending-clients
        - user-agent: Mozilla/5.0 (Linux; Android 14; Pixel 7) AppleWebKit/537.36 (KHTML, like Gecko) Chrome/151.0.7922.34 Mobile Safari/537.36
        - accept: */*
        - accept-encoding: gzip,deflate,br

        at apiRequestContext.get: connect ECONNREFUSED ::1:4000
        at /home/tbaltzakis/cloudless.gr/e2e/admin-api-deep.spec.mts:38:31

    attachment #1: screenshot (image/png) ──────────────────────────────────────────────────────────
    test-results/admin-api-deep-Admin-APIs--d2371-ients-—-returns-401-403-404-mobile-chrome/test-failed-1.png
    ────────────────────────────────────────────────────────────────────────────────────────────────

    attachment #2: video (video/webm) ──────────────────────────────────────────────────────────────
    test-results/admin-api-deep-Admin-APIs--d2371-ients-—-returns-401-403-404-mobile-chrome/video.webm
    ────────────────────────────────────────────────────────────────────────────────────────────────

    Error Context: test-results/admin-api-deep-Admin-APIs--d2371-ients-—-returns-401-403-404-mobile-chrome/error-context.md

    Retry #1 ───────────────────────────────────────────────────────────────────────────────────────

    Error: apiRequestContext.get: connect ECONNREFUSED ::1:4000
    Call log:
      - → GET http://localhost:4000/api/admin/pending-clients
        - user-agent: Mozilla/5.0 (Linux; Android 14; Pixel 7) AppleWebKit/537.36 (KHTML, like Gecko) Chrome/151.0.7922.34 Mobile Safari/537.36
        - accept: */*
        - accept-encoding: gzip,deflate,br

        at apiRequestContext.get: connect ECONNREFUSED ::1:4000
        at /home/tbaltzakis/cloudless.gr/e2e/admin-api-deep.spec.mts:38:31

    attachment #1: screenshot (image/png) ──────────────────────────────────────────────────────────
    test-results/admin-api-deep-Admin-APIs--d2371-ients-—-returns-401-403-404-mobile-chrome-retry1/test-failed-1.png
    ────────────────────────────────────────────────────────────────────────────────────────────────

    attachment #2: video (video/webm) ──────────────────────────────────────────────────────────────
    test-results/admin-api-deep-Admin-APIs--d2371-ients-—-returns-401-403-404-mobile-chrome-retry1/video.webm
    ────────────────────────────────────────────────────────────────────────────────────────────────

    Error Context: test-results/admin-api-deep-Admin-APIs--d2371-ients-—-returns-401-403-404-mobile-chrome-retry1/error-context.md

    attachment #4: trace (application/zip) ─────────────────────────────────────────────────────────
    test-results/admin-api-deep-Admin-APIs--d2371-ients-—-returns-401-403-404-mobile-chrome-retry1/trace.zip
    Usage:

        npx playwright show-trace test-results/admin-api-deep-Admin-APIs--d2371-ients-—-returns-401-403-404-mobile-chrome-retry1/trace.zip

    ────────────────────────────────────────────────────────────────────────────────────────────────

  573) [mobile-chrome] › e2e/admin-api-deep.spec.mts:37:5 › Admin APIs unauthenticated › unauth GET /api/admin/pipeline/board — returns 401/403/404 

    Error: apiRequestContext.get: connect ECONNREFUSED ::1:4000
    Call log:
      - → GET http://localhost:4000/api/admin/pipeline/board
        - user-agent: Mozilla/5.0 (Linux; Android 14; Pixel 7) AppleWebKit/537.36 (KHTML, like Gecko) Chrome/151.0.7922.34 Mobile Safari/537.36
        - accept: */*
        - accept-encoding: gzip,deflate,br

        at apiRequestContext.get: connect ECONNREFUSED ::1:4000
        at /home/tbaltzakis/cloudless.gr/e2e/admin-api-deep.spec.mts:38:31

    attachment #1: screenshot (image/png) ──────────────────────────────────────────────────────────
    test-results/admin-api-deep-Admin-APIs--9ea73-board-—-returns-401-403-404-mobile-chrome/test-failed-1.png
    ────────────────────────────────────────────────────────────────────────────────────────────────

    attachment #2: video (video/webm) ──────────────────────────────────────────────────────────────
    test-results/admin-api-deep-Admin-APIs--9ea73-board-—-returns-401-403-404-mobile-chrome/video.webm
    ────────────────────────────────────────────────────────────────────────────────────────────────

    Error Context: test-results/admin-api-deep-Admin-APIs--9ea73-board-—-returns-401-403-404-mobile-chrome/error-context.md

    Retry #1 ───────────────────────────────────────────────────────────────────────────────────────

    Error: apiRequestContext.get: connect ECONNREFUSED ::1:4000
    Call log:
      - → GET http://localhost:4000/api/admin/pipeline/board
        - user-agent: Mozilla/5.0 (Linux; Android 14; Pixel 7) AppleWebKit/537.36 (KHTML, like Gecko) Chrome/151.0.7922.34 Mobile Safari/537.36
        - accept: */*
        - accept-encoding: gzip,deflate,br

        at apiRequestContext.get: connect ECONNREFUSED ::1:4000
        at /home/tbaltzakis/cloudless.gr/e2e/admin-api-deep.spec.mts:38:31

    attachment #1: screenshot (image/png) ──────────────────────────────────────────────────────────
    test-results/admin-api-deep-Admin-APIs--9ea73-board-—-returns-401-403-404-mobile-chrome-retry1/test-failed-1.png
    ────────────────────────────────────────────────────────────────────────────────────────────────

    attachment #2: video (video/webm) ──────────────────────────────────────────────────────────────
    test-results/admin-api-deep-Admin-APIs--9ea73-board-—-returns-401-403-404-mobile-chrome-retry1/video.webm
    ────────────────────────────────────────────────────────────────────────────────────────────────

    Error Context: test-results/admin-api-deep-Admin-APIs--9ea73-board-—-returns-401-403-404-mobile-chrome-retry1/error-context.md

    attachment #4: trace (application/zip) ─────────────────────────────────────────────────────────
    test-results/admin-api-deep-Admin-APIs--9ea73-board-—-returns-401-403-404-mobile-chrome-retry1/trace.zip
    Usage:

        npx playwright show-trace test-results/admin-api-deep-Admin-APIs--9ea73-board-—-returns-401-403-404-mobile-chrome-retry1/trace.zip

    ────────────────────────────────────────────────────────────────────────────────────────────────

  574) [mobile-chrome] › e2e/admin-api-deep.spec.mts:37:5 › Admin APIs unauthenticated › unauth GET /api/admin/pipeline/stats — returns 401/403/404 

    Error: apiRequestContext.get: connect ECONNREFUSED ::1:4000
    Call log:
      - → GET http://localhost:4000/api/admin/pipeline/stats
        - user-agent: Mozilla/5.0 (Linux; Android 14; Pixel 7) AppleWebKit/537.36 (KHTML, like Gecko) Chrome/151.0.7922.34 Mobile Safari/537.36
        - accept: */*
        - accept-encoding: gzip,deflate,br

        at apiRequestContext.get: connect ECONNREFUSED ::1:4000
        at /home/tbaltzakis/cloudless.gr/e2e/admin-api-deep.spec.mts:38:31

    attachment #1: screenshot (image/png) ──────────────────────────────────────────────────────────
    test-results/admin-api-deep-Admin-APIs--6a3f6-stats-—-returns-401-403-404-mobile-chrome/test-failed-1.png
    ────────────────────────────────────────────────────────────────────────────────────────────────

    attachment #2: video (video/webm) ──────────────────────────────────────────────────────────────
    test-results/admin-api-deep-Admin-APIs--6a3f6-stats-—-returns-401-403-404-mobile-chrome/video.webm
    ────────────────────────────────────────────────────────────────────────────────────────────────

    Error Context: test-results/admin-api-deep-Admin-APIs--6a3f6-stats-—-returns-401-403-404-mobile-chrome/error-context.md

    Retry #1 ───────────────────────────────────────────────────────────────────────────────────────

    Error: apiRequestContext.get: connect ECONNREFUSED ::1:4000
    Call log:
      - → GET http://localhost:4000/api/admin/pipeline/stats
        - user-agent: Mozilla/5.0 (Linux; Android 14; Pixel 7) AppleWebKit/537.36 (KHTML, like Gecko) Chrome/151.0.7922.34 Mobile Safari/537.36
        - accept: */*
        - accept-encoding: gzip,deflate,br

        at apiRequestContext.get: connect ECONNREFUSED ::1:4000
        at /home/tbaltzakis/cloudless.gr/e2e/admin-api-deep.spec.mts:38:31

    attachment #1: screenshot (image/png) ──────────────────────────────────────────────────────────
    test-results/admin-api-deep-Admin-APIs--6a3f6-stats-—-returns-401-403-404-mobile-chrome-retry1/test-failed-1.png
    ────────────────────────────────────────────────────────────────────────────────────────────────

    attachment #2: video (video/webm) ──────────────────────────────────────────────────────────────
    test-results/admin-api-deep-Admin-APIs--6a3f6-stats-—-returns-401-403-404-mobile-chrome-retry1/video.webm
    ────────────────────────────────────────────────────────────────────────────────────────────────

    Error Context: test-results/admin-api-deep-Admin-APIs--6a3f6-stats-—-returns-401-403-404-mobile-chrome-retry1/error-context.md

    attachment #4: trace (application/zip) ─────────────────────────────────────────────────────────
    test-results/admin-api-deep-Admin-APIs--6a3f6-stats-—-returns-401-403-404-mobile-chrome-retry1/trace.zip
    Usage:

        npx playwright show-trace test-results/admin-api-deep-Admin-APIs--6a3f6-stats-—-returns-401-403-404-mobile-chrome-retry1/trace.zip

    ────────────────────────────────────────────────────────────────────────────────────────────────

  575) [mobile-chrome] › e2e/admin-api-deep.spec.mts:37:5 › Admin APIs unauthenticated › unauth GET /api/admin/reports — returns 401/403/404 

    Error: apiRequestContext.get: connect ECONNREFUSED ::1:4000
    Call log:
      - → GET http://localhost:4000/api/admin/reports
        - user-agent: Mozilla/5.0 (Linux; Android 14; Pixel 7) AppleWebKit/537.36 (KHTML, like Gecko) Chrome/151.0.7922.34 Mobile Safari/537.36
        - accept: */*
        - accept-encoding: gzip,deflate,br

        at apiRequestContext.get: connect ECONNREFUSED ::1:4000
        at /home/tbaltzakis/cloudless.gr/e2e/admin-api-deep.spec.mts:38:31

    attachment #1: screenshot (image/png) ──────────────────────────────────────────────────────────
    test-results/admin-api-deep-Admin-APIs--5c6c3-ports-—-returns-401-403-404-mobile-chrome/test-failed-1.png
    ────────────────────────────────────────────────────────────────────────────────────────────────

    attachment #2: video (video/webm) ──────────────────────────────────────────────────────────────
    test-results/admin-api-deep-Admin-APIs--5c6c3-ports-—-returns-401-403-404-mobile-chrome/video.webm
    ────────────────────────────────────────────────────────────────────────────────────────────────

    Error Context: test-results/admin-api-deep-Admin-APIs--5c6c3-ports-—-returns-401-403-404-mobile-chrome/error-context.md

    Retry #1 ───────────────────────────────────────────────────────────────────────────────────────

    Error: apiRequestContext.get: connect ECONNREFUSED ::1:4000
    Call log:
      - → GET http://localhost:4000/api/admin/reports
        - user-agent: Mozilla/5.0 (Linux; Android 14; Pixel 7) AppleWebKit/537.36 (KHTML, like Gecko) Chrome/151.0.7922.34 Mobile Safari/537.36
        - accept: */*
        - accept-encoding: gzip,deflate,br

        at apiRequestContext.get: connect ECONNREFUSED ::1:4000
        at /home/tbaltzakis/cloudless.gr/e2e/admin-api-deep.spec.mts:38:31

    attachment #1: screenshot (image/png) ──────────────────────────────────────────────────────────
    test-results/admin-api-deep-Admin-APIs--5c6c3-ports-—-returns-401-403-404-mobile-chrome-retry1/test-failed-1.png
    ────────────────────────────────────────────────────────────────────────────────────────────────

    attachment #2: video (video/webm) ──────────────────────────────────────────────────────────────
    test-results/admin-api-deep-Admin-APIs--5c6c3-ports-—-returns-401-403-404-mobile-chrome-retry1/video.webm
    ────────────────────────────────────────────────────────────────────────────────────────────────

    Error Context: test-results/admin-api-deep-Admin-APIs--5c6c3-ports-—-returns-401-403-404-mobile-chrome-retry1/error-context.md

    attachment #4: trace (application/zip) ─────────────────────────────────────────────────────────
    test-results/admin-api-deep-Admin-APIs--5c6c3-ports-—-returns-401-403-404-mobile-chrome-retry1/trace.zip
    Usage:

        npx playwright show-trace test-results/admin-api-deep-Admin-APIs--5c6c3-ports-—-returns-401-403-404-mobile-chrome-retry1/trace.zip

    ────────────────────────────────────────────────────────────────────────────────────────────────

  576) [mobile-chrome] › e2e/admin-api-deep.spec.mts:37:5 › Admin APIs unauthenticated › unauth GET /api/admin/reports/generate — returns 401/403/404 

    Error: apiRequestContext.get: connect ECONNREFUSED ::1:4000
    Call log:
      - → GET http://localhost:4000/api/admin/reports/generate
        - user-agent: Mozilla/5.0 (Linux; Android 14; Pixel 7) AppleWebKit/537.36 (KHTML, like Gecko) Chrome/151.0.7922.34 Mobile Safari/537.36
        - accept: */*
        - accept-encoding: gzip,deflate,br

        at apiRequestContext.get: connect ECONNREFUSED ::1:4000
        at /home/tbaltzakis/cloudless.gr/e2e/admin-api-deep.spec.mts:38:31

    attachment #1: screenshot (image/png) ──────────────────────────────────────────────────────────
    test-results/admin-api-deep-Admin-APIs--cffda-erate-—-returns-401-403-404-mobile-chrome/test-failed-1.png
    ────────────────────────────────────────────────────────────────────────────────────────────────

    attachment #2: video (video/webm) ──────────────────────────────────────────────────────────────
    test-results/admin-api-deep-Admin-APIs--cffda-erate-—-returns-401-403-404-mobile-chrome/video.webm
    ────────────────────────────────────────────────────────────────────────────────────────────────

    Error Context: test-results/admin-api-deep-Admin-APIs--cffda-erate-—-returns-401-403-404-mobile-chrome/error-context.md

    Retry #1 ───────────────────────────────────────────────────────────────────────────────────────

    Error: apiRequestContext.get: connect ECONNREFUSED ::1:4000
    Call log:
      - → GET http://localhost:4000/api/admin/reports/generate
        - user-agent: Mozilla/5.0 (Linux; Android 14; Pixel 7) AppleWebKit/537.36 (KHTML, like Gecko) Chrome/151.0.7922.34 Mobile Safari/537.36
        - accept: */*
        - accept-encoding: gzip,deflate,br

        at apiRequestContext.get: connect ECONNREFUSED ::1:4000
        at /home/tbaltzakis/cloudless.gr/e2e/admin-api-deep.spec.mts:38:31

    attachment #1: screenshot (image/png) ──────────────────────────────────────────────────────────
    test-results/admin-api-deep-Admin-APIs--cffda-erate-—-returns-401-403-404-mobile-chrome-retry1/test-failed-1.png
    ────────────────────────────────────────────────────────────────────────────────────────────────

    attachment #2: video (video/webm) ──────────────────────────────────────────────────────────────
    test-results/admin-api-deep-Admin-APIs--cffda-erate-—-returns-401-403-404-mobile-chrome-retry1/video.webm
    ────────────────────────────────────────────────────────────────────────────────────────────────

    Error Context: test-results/admin-api-deep-Admin-APIs--cffda-erate-—-returns-401-403-404-mobile-chrome-retry1/error-context.md

    attachment #4: trace (application/zip) ─────────────────────────────────────────────────────────
    test-results/admin-api-deep-Admin-APIs--cffda-erate-—-returns-401-403-404-mobile-chrome-retry1/trace.zip
    Usage:

        npx playwright show-trace test-results/admin-api-deep-Admin-APIs--cffda-erate-—-returns-401-403-404-mobile-chrome-retry1/trace.zip

    ────────────────────────────────────────────────────────────────────────────────────────────────

  577) [mobile-chrome] › e2e/admin-api-deep.spec.mts:37:5 › Admin APIs unauthenticated › unauth GET /api/admin/subscriptions — returns 401/403/404 

    Error: apiRequestContext.get: connect ECONNREFUSED ::1:4000
    Call log:
      - → GET http://localhost:4000/api/admin/subscriptions
        - user-agent: Mozilla/5.0 (Linux; Android 14; Pixel 7) AppleWebKit/537.36 (KHTML, like Gecko) Chrome/151.0.7922.34 Mobile Safari/537.36
        - accept: */*
        - accept-encoding: gzip,deflate,br

        at apiRequestContext.get: connect ECONNREFUSED ::1:4000
        at /home/tbaltzakis/cloudless.gr/e2e/admin-api-deep.spec.mts:38:31

    attachment #1: screenshot (image/png) ──────────────────────────────────────────────────────────
    test-results/admin-api-deep-Admin-APIs--7fc4c-tions-—-returns-401-403-404-mobile-chrome/test-failed-1.png
    ────────────────────────────────────────────────────────────────────────────────────────────────

    attachment #2: video (video/webm) ──────────────────────────────────────────────────────────────
    test-results/admin-api-deep-Admin-APIs--7fc4c-tions-—-returns-401-403-404-mobile-chrome/video.webm
    ────────────────────────────────────────────────────────────────────────────────────────────────

    Error Context: test-results/admin-api-deep-Admin-APIs--7fc4c-tions-—-returns-401-403-404-mobile-chrome/error-context.md

    Retry #1 ───────────────────────────────────────────────────────────────────────────────────────

    Error: apiRequestContext.get: connect ECONNREFUSED ::1:4000
    Call log:
      - → GET http://localhost:4000/api/admin/subscriptions
        - user-agent: Mozilla/5.0 (Linux; Android 14; Pixel 7) AppleWebKit/537.36 (KHTML, like Gecko) Chrome/151.0.7922.34 Mobile Safari/537.36
        - accept: */*
        - accept-encoding: gzip,deflate,br

        at apiRequestContext.get: connect ECONNREFUSED ::1:4000
        at /home/tbaltzakis/cloudless.gr/e2e/admin-api-deep.spec.mts:38:31

    attachment #1: screenshot (image/png) ──────────────────────────────────────────────────────────
    test-results/admin-api-deep-Admin-APIs--7fc4c-tions-—-returns-401-403-404-mobile-chrome-retry1/test-failed-1.png
    ────────────────────────────────────────────────────────────────────────────────────────────────

    attachment #2: video (video/webm) ──────────────────────────────────────────────────────────────
    test-results/admin-api-deep-Admin-APIs--7fc4c-tions-—-returns-401-403-404-mobile-chrome-retry1/video.webm
    ────────────────────────────────────────────────────────────────────────────────────────────────

    Error Context: test-results/admin-api-deep-Admin-APIs--7fc4c-tions-—-returns-401-403-404-mobile-chrome-retry1/error-context.md

    attachment #4: trace (application/zip) ─────────────────────────────────────────────────────────
    test-results/admin-api-deep-Admin-APIs--7fc4c-tions-—-returns-401-403-404-mobile-chrome-retry1/trace.zip
    Usage:

        npx playwright show-trace test-results/admin-api-deep-Admin-APIs--7fc4c-tions-—-returns-401-403-404-mobile-chrome-retry1/trace.zip

    ────────────────────────────────────────────────────────────────────────────────────────────────

  578) [mobile-chrome] › e2e/admin-api-deep.spec.mts:37:5 › Admin APIs unauthenticated › unauth GET /api/admin/users — returns 401/403/404 

    Error: apiRequestContext.get: connect ECONNREFUSED ::1:4000
    Call log:
      - → GET http://localhost:4000/api/admin/users
        - user-agent: Mozilla/5.0 (Linux; Android 14; Pixel 7) AppleWebKit/537.36 (KHTML, like Gecko) Chrome/151.0.7922.34 Mobile Safari/537.36
        - accept: */*
        - accept-encoding: gzip,deflate,br

        at apiRequestContext.get: connect ECONNREFUSED ::1:4000
        at /home/tbaltzakis/cloudless.gr/e2e/admin-api-deep.spec.mts:38:31

    attachment #1: screenshot (image/png) ──────────────────────────────────────────────────────────
    test-results/admin-api-deep-Admin-APIs--17978-users-—-returns-401-403-404-mobile-chrome/test-failed-1.png
    ────────────────────────────────────────────────────────────────────────────────────────────────

    attachment #2: video (video/webm) ──────────────────────────────────────────────────────────────
    test-results/admin-api-deep-Admin-APIs--17978-users-—-returns-401-403-404-mobile-chrome/video.webm
    ────────────────────────────────────────────────────────────────────────────────────────────────

    Error Context: test-results/admin-api-deep-Admin-APIs--17978-users-—-returns-401-403-404-mobile-chrome/error-context.md

    Retry #1 ───────────────────────────────────────────────────────────────────────────────────────

    Error: apiRequestContext.get: connect ECONNREFUSED ::1:4000
    Call log:
      - → GET http://localhost:4000/api/admin/users
        - user-agent: Mozilla/5.0 (Linux; Android 14; Pixel 7) AppleWebKit/537.36 (KHTML, like Gecko) Chrome/151.0.7922.34 Mobile Safari/537.36
        - accept: */*
        - accept-encoding: gzip,deflate,br

        at apiRequestContext.get: connect ECONNREFUSED ::1:4000
        at /home/tbaltzakis/cloudless.gr/e2e/admin-api-deep.spec.mts:38:31

    attachment #1: screenshot (image/png) ──────────────────────────────────────────────────────────
    test-results/admin-api-deep-Admin-APIs--17978-users-—-returns-401-403-404-mobile-chrome-retry1/test-failed-1.png
    ────────────────────────────────────────────────────────────────────────────────────────────────

    attachment #2: video (video/webm) ──────────────────────────────────────────────────────────────
    test-results/admin-api-deep-Admin-APIs--17978-users-—-returns-401-403-404-mobile-chrome-retry1/video.webm
    ────────────────────────────────────────────────────────────────────────────────────────────────

    Error Context: test-results/admin-api-deep-Admin-APIs--17978-users-—-returns-401-403-404-mobile-chrome-retry1/error-context.md

    attachment #4: trace (application/zip) ─────────────────────────────────────────────────────────
    test-results/admin-api-deep-Admin-APIs--17978-users-—-returns-401-403-404-mobile-chrome-retry1/trace.zip
    Usage:

        npx playwright show-trace test-results/admin-api-deep-Admin-APIs--17978-users-—-returns-401-403-404-mobile-chrome-retry1/trace.zip

    ────────────────────────────────────────────────────────────────────────────────────────────────

  579) [mobile-chrome] › e2e/admin-api-deep.spec.mts:37:5 › Admin APIs unauthenticated › unauth GET /api/admin/voice-brief — returns 401/403/404 

    Error: apiRequestContext.get: connect ECONNREFUSED ::1:4000
    Call log:
      - → GET http://localhost:4000/api/admin/voice-brief
        - user-agent: Mozilla/5.0 (Linux; Android 14; Pixel 7) AppleWebKit/537.36 (KHTML, like Gecko) Chrome/151.0.7922.34 Mobile Safari/537.36
        - accept: */*
        - accept-encoding: gzip,deflate,br

        at apiRequestContext.get: connect ECONNREFUSED ::1:4000
        at /home/tbaltzakis/cloudless.gr/e2e/admin-api-deep.spec.mts:38:31

    attachment #1: screenshot (image/png) ──────────────────────────────────────────────────────────
    test-results/admin-api-deep-Admin-APIs--292d2-brief-—-returns-401-403-404-mobile-chrome/test-failed-1.png
    ────────────────────────────────────────────────────────────────────────────────────────────────

    attachment #2: video (video/webm) ──────────────────────────────────────────────────────────────
    test-results/admin-api-deep-Admin-APIs--292d2-brief-—-returns-401-403-404-mobile-chrome/video.webm
    ────────────────────────────────────────────────────────────────────────────────────────────────

    Error Context: test-results/admin-api-deep-Admin-APIs--292d2-brief-—-returns-401-403-404-mobile-chrome/error-context.md

    Retry #1 ───────────────────────────────────────────────────────────────────────────────────────

    Error: apiRequestContext.get: connect ECONNREFUSED ::1:4000
    Call log:
      - → GET http://localhost:4000/api/admin/voice-brief
        - user-agent: Mozilla/5.0 (Linux; Android 14; Pixel 7) AppleWebKit/537.36 (KHTML, like Gecko) Chrome/151.0.7922.34 Mobile Safari/537.36
        - accept: */*
        - accept-encoding: gzip,deflate,br

        at apiRequestContext.get: connect ECONNREFUSED ::1:4000
        at /home/tbaltzakis/cloudless.gr/e2e/admin-api-deep.spec.mts:38:31

    attachment #1: screenshot (image/png) ──────────────────────────────────────────────────────────
    test-results/admin-api-deep-Admin-APIs--292d2-brief-—-returns-401-403-404-mobile-chrome-retry1/test-failed-1.png
    ────────────────────────────────────────────────────────────────────────────────────────────────

    attachment #2: video (video/webm) ──────────────────────────────────────────────────────────────
    test-results/admin-api-deep-Admin-APIs--292d2-brief-—-returns-401-403-404-mobile-chrome-retry1/video.webm
    ────────────────────────────────────────────────────────────────────────────────────────────────

    Error Context: test-results/admin-api-deep-Admin-APIs--292d2-brief-—-returns-401-403-404-mobile-chrome-retry1/error-context.md

    attachment #4: trace (application/zip) ─────────────────────────────────────────────────────────
    test-results/admin-api-deep-Admin-APIs--292d2-brief-—-returns-401-403-404-mobile-chrome-retry1/trace.zip
    Usage:

        npx playwright show-trace test-results/admin-api-deep-Admin-APIs--292d2-brief-—-returns-401-403-404-mobile-chrome-retry1/trace.zip

    ────────────────────────────────────────────────────────────────────────────────────────────────

  580) [mobile-chrome] › e2e/admin-api-deep.spec.mts:37:5 › Admin APIs unauthenticated › unauth GET /api/admin/workspaces — returns 401/403/404 

    Error: apiRequestContext.get: connect ECONNREFUSED ::1:4000
    Call log:
      - → GET http://localhost:4000/api/admin/workspaces
        - user-agent: Mozilla/5.0 (Linux; Android 14; Pixel 7) AppleWebKit/537.36 (KHTML, like Gecko) Chrome/151.0.7922.34 Mobile Safari/537.36
        - accept: */*
        - accept-encoding: gzip,deflate,br

        at apiRequestContext.get: connect ECONNREFUSED ::1:4000
        at /home/tbaltzakis/cloudless.gr/e2e/admin-api-deep.spec.mts:38:31

    attachment #1: screenshot (image/png) ──────────────────────────────────────────────────────────
    test-results/admin-api-deep-Admin-APIs--c0167-paces-—-returns-401-403-404-mobile-chrome/test-failed-1.png
    ────────────────────────────────────────────────────────────────────────────────────────────────

    attachment #2: video (video/webm) ──────────────────────────────────────────────────────────────
    test-results/admin-api-deep-Admin-APIs--c0167-paces-—-returns-401-403-404-mobile-chrome/video.webm
    ────────────────────────────────────────────────────────────────────────────────────────────────

    Error Context: test-results/admin-api-deep-Admin-APIs--c0167-paces-—-returns-401-403-404-mobile-chrome/error-context.md

    Retry #1 ───────────────────────────────────────────────────────────────────────────────────────

    Error: apiRequestContext.get: connect ECONNREFUSED ::1:4000
    Call log:
      - → GET http://localhost:4000/api/admin/workspaces
        - user-agent: Mozilla/5.0 (Linux; Android 14; Pixel 7) AppleWebKit/537.36 (KHTML, like Gecko) Chrome/151.0.7922.34 Mobile Safari/537.36
        - accept: */*
        - accept-encoding: gzip,deflate,br

        at apiRequestContext.get: connect ECONNREFUSED ::1:4000
        at /home/tbaltzakis/cloudless.gr/e2e/admin-api-deep.spec.mts:38:31

    attachment #1: screenshot (image/png) ──────────────────────────────────────────────────────────
    test-results/admin-api-deep-Admin-APIs--c0167-paces-—-returns-401-403-404-mobile-chrome-retry1/test-failed-1.png
    ────────────────────────────────────────────────────────────────────────────────────────────────

    attachment #2: video (video/webm) ──────────────────────────────────────────────────────────────
    test-results/admin-api-deep-Admin-APIs--c0167-paces-—-returns-401-403-404-mobile-chrome-retry1/video.webm
    ────────────────────────────────────────────────────────────────────────────────────────────────

    Error Context: test-results/admin-api-deep-Admin-APIs--c0167-paces-—-returns-401-403-404-mobile-chrome-retry1/error-context.md

    attachment #4: trace (application/zip) ─────────────────────────────────────────────────────────
    test-results/admin-api-deep-Admin-APIs--c0167-paces-—-returns-401-403-404-mobile-chrome-retry1/trace.zip
    Usage:

        npx playwright show-trace test-results/admin-api-deep-Admin-APIs--c0167-paces-—-returns-401-403-404-mobile-chrome-retry1/trace.zip

    ────────────────────────────────────────────────────────────────────────────────────────────────

  581) [mobile-chrome] › e2e/admin-api-deep.spec.mts:37:5 › Admin APIs unauthenticated › unauth GET /api/admin/calendar/sample-id — returns 401/403/404 

    Error: apiRequestContext.get: connect ECONNREFUSED ::1:4000
    Call log:
      - → GET http://localhost:4000/api/admin/calendar/sample-id
        - user-agent: Mozilla/5.0 (Linux; Android 14; Pixel 7) AppleWebKit/537.36 (KHTML, like Gecko) Chrome/151.0.7922.34 Mobile Safari/537.36
        - accept: */*
        - accept-encoding: gzip,deflate,br

        at apiRequestContext.get: connect ECONNREFUSED ::1:4000
        at /home/tbaltzakis/cloudless.gr/e2e/admin-api-deep.spec.mts:38:31

    attachment #1: screenshot (image/png) ──────────────────────────────────────────────────────────
    test-results/admin-api-deep-Admin-APIs--dd7e5-le-id-—-returns-401-403-404-mobile-chrome/test-failed-1.png
    ────────────────────────────────────────────────────────────────────────────────────────────────

    attachment #2: video (video/webm) ──────────────────────────────────────────────────────────────
    test-results/admin-api-deep-Admin-APIs--dd7e5-le-id-—-returns-401-403-404-mobile-chrome/video.webm
    ────────────────────────────────────────────────────────────────────────────────────────────────

    Error Context: test-results/admin-api-deep-Admin-APIs--dd7e5-le-id-—-returns-401-403-404-mobile-chrome/error-context.md

    Retry #1 ───────────────────────────────────────────────────────────────────────────────────────

    Error: apiRequestContext.get: connect ECONNREFUSED ::1:4000
    Call log:
      - → GET http://localhost:4000/api/admin/calendar/sample-id
        - user-agent: Mozilla/5.0 (Linux; Android 14; Pixel 7) AppleWebKit/537.36 (KHTML, like Gecko) Chrome/151.0.7922.34 Mobile Safari/537.36
        - accept: */*
        - accept-encoding: gzip,deflate,br

        at apiRequestContext.get: connect ECONNREFUSED ::1:4000
        at /home/tbaltzakis/cloudless.gr/e2e/admin-api-deep.spec.mts:38:31

    attachment #1: screenshot (image/png) ──────────────────────────────────────────────────────────
    test-results/admin-api-deep-Admin-APIs--dd7e5-le-id-—-returns-401-403-404-mobile-chrome-retry1/test-failed-1.png
    ────────────────────────────────────────────────────────────────────────────────────────────────

    attachment #2: video (video/webm) ──────────────────────────────────────────────────────────────
    test-results/admin-api-deep-Admin-APIs--dd7e5-le-id-—-returns-401-403-404-mobile-chrome-retry1/video.webm
    ────────────────────────────────────────────────────────────────────────────────────────────────

    Error Context: test-results/admin-api-deep-Admin-APIs--dd7e5-le-id-—-returns-401-403-404-mobile-chrome-retry1/error-context.md

    attachment #4: trace (application/zip) ─────────────────────────────────────────────────────────
    test-results/admin-api-deep-Admin-APIs--dd7e5-le-id-—-returns-401-403-404-mobile-chrome-retry1/trace.zip
    Usage:

        npx playwright show-trace test-results/admin-api-deep-Admin-APIs--dd7e5-le-id-—-returns-401-403-404-mobile-chrome-retry1/trace.zip

    ────────────────────────────────────────────────────────────────────────────────────────────────

  582) [mobile-chrome] › e2e/admin-api-deep.spec.mts:37:5 › Admin APIs unauthenticated › unauth GET /api/admin/email/campaigns/sample-id — returns 401/403/404 

    Error: apiRequestContext.get: connect ECONNREFUSED ::1:4000
    Call log:
      - → GET http://localhost:4000/api/admin/email/campaigns/sample-id
        - user-agent: Mozilla/5.0 (Linux; Android 14; Pixel 7) AppleWebKit/537.36 (KHTML, like Gecko) Chrome/151.0.7922.34 Mobile Safari/537.36
        - accept: */*
        - accept-encoding: gzip,deflate,br

        at apiRequestContext.get: connect ECONNREFUSED ::1:4000
        at /home/tbaltzakis/cloudless.gr/e2e/admin-api-deep.spec.mts:38:31

    attachment #1: screenshot (image/png) ──────────────────────────────────────────────────────────
    test-results/admin-api-deep-Admin-APIs--03411-le-id-—-returns-401-403-404-mobile-chrome/test-failed-1.png
    ────────────────────────────────────────────────────────────────────────────────────────────────

    attachment #2: video (video/webm) ──────────────────────────────────────────────────────────────
    test-results/admin-api-deep-Admin-APIs--03411-le-id-—-returns-401-403-404-mobile-chrome/video.webm
    ────────────────────────────────────────────────────────────────────────────────────────────────

    Error Context: test-results/admin-api-deep-Admin-APIs--03411-le-id-—-returns-401-403-404-mobile-chrome/error-context.md

    Retry #1 ───────────────────────────────────────────────────────────────────────────────────────

    Error: apiRequestContext.get: connect ECONNREFUSED ::1:4000
    Call log:
      - → GET http://localhost:4000/api/admin/email/campaigns/sample-id
        - user-agent: Mozilla/5.0 (Linux; Android 14; Pixel 7) AppleWebKit/537.36 (KHTML, like Gecko) Chrome/151.0.7922.34 Mobile Safari/537.36
        - accept: */*
        - accept-encoding: gzip,deflate,br

        at apiRequestContext.get: connect ECONNREFUSED ::1:4000
        at /home/tbaltzakis/cloudless.gr/e2e/admin-api-deep.spec.mts:38:31

    attachment #1: screenshot (image/png) ──────────────────────────────────────────────────────────
    test-results/admin-api-deep-Admin-APIs--03411-le-id-—-returns-401-403-404-mobile-chrome-retry1/test-failed-1.png
    ────────────────────────────────────────────────────────────────────────────────────────────────

    attachment #2: video (video/webm) ──────────────────────────────────────────────────────────────
    test-results/admin-api-deep-Admin-APIs--03411-le-id-—-returns-401-403-404-mobile-chrome-retry1/video.webm
    ────────────────────────────────────────────────────────────────────────────────────────────────

    Error Context: test-results/admin-api-deep-Admin-APIs--03411-le-id-—-returns-401-403-404-mobile-chrome-retry1/error-context.md

    attachment #4: trace (application/zip) ─────────────────────────────────────────────────────────
    test-results/admin-api-deep-Admin-APIs--03411-le-id-—-returns-401-403-404-mobile-chrome-retry1/trace.zip
    Usage:

        npx playwright show-trace test-results/admin-api-deep-Admin-APIs--03411-le-id-—-returns-401-403-404-mobile-chrome-retry1/trace.zip

    ────────────────────────────────────────────────────────────────────────────────────────────────

  583) [mobile-chrome] › e2e/admin-api-deep.spec.mts:37:5 › Admin APIs unauthenticated › unauth GET /api/admin/ops/errors/sample-id — returns 401/403/404 

    Error: apiRequestContext.get: connect ECONNREFUSED ::1:4000
    Call log:
      - → GET http://localhost:4000/api/admin/ops/errors/sample-id
        - user-agent: Mozilla/5.0 (Linux; Android 14; Pixel 7) AppleWebKit/537.36 (KHTML, like Gecko) Chrome/151.0.7922.34 Mobile Safari/537.36
        - accept: */*
        - accept-encoding: gzip,deflate,br

        at apiRequestContext.get: connect ECONNREFUSED ::1:4000
        at /home/tbaltzakis/cloudless.gr/e2e/admin-api-deep.spec.mts:38:31

    attachment #1: screenshot (image/png) ──────────────────────────────────────────────────────────
    test-results/admin-api-deep-Admin-APIs--e5acd-le-id-—-returns-401-403-404-mobile-chrome/test-failed-1.png
    ────────────────────────────────────────────────────────────────────────────────────────────────

    attachment #2: video (video/webm) ──────────────────────────────────────────────────────────────
    test-results/admin-api-deep-Admin-APIs--e5acd-le-id-—-returns-401-403-404-mobile-chrome/video.webm
    ────────────────────────────────────────────────────────────────────────────────────────────────

    Error Context: test-results/admin-api-deep-Admin-APIs--e5acd-le-id-—-returns-401-403-404-mobile-chrome/error-context.md

    Retry #1 ───────────────────────────────────────────────────────────────────────────────────────

    Error: apiRequestContext.get: connect ECONNREFUSED ::1:4000
    Call log:
      - → GET http://localhost:4000/api/admin/ops/errors/sample-id
        - user-agent: Mozilla/5.0 (Linux; Android 14; Pixel 7) AppleWebKit/537.36 (KHTML, like Gecko) Chrome/151.0.7922.34 Mobile Safari/537.36
        - accept: */*
        - accept-encoding: gzip,deflate,br

        at apiRequestContext.get: connect ECONNREFUSED ::1:4000
        at /home/tbaltzakis/cloudless.gr/e2e/admin-api-deep.spec.mts:38:31

    attachment #1: screenshot (image/png) ──────────────────────────────────────────────────────────
    test-results/admin-api-deep-Admin-APIs--e5acd-le-id-—-returns-401-403-404-mobile-chrome-retry1/test-failed-1.png
    ────────────────────────────────────────────────────────────────────────────────────────────────

    attachment #2: video (video/webm) ──────────────────────────────────────────────────────────────
    test-results/admin-api-deep-Admin-APIs--e5acd-le-id-—-returns-401-403-404-mobile-chrome-retry1/video.webm
    ────────────────────────────────────────────────────────────────────────────────────────────────

    Error Context: test-results/admin-api-deep-Admin-APIs--e5acd-le-id-—-returns-401-403-404-mobile-chrome-retry1/error-context.md

    attachment #4: trace (application/zip) ─────────────────────────────────────────────────────────
    test-results/admin-api-deep-Admin-APIs--e5acd-le-id-—-returns-401-403-404-mobile-chrome-retry1/trace.zip
    Usage:

        npx playwright show-trace test-results/admin-api-deep-Admin-APIs--e5acd-le-id-—-returns-401-403-404-mobile-chrome-retry1/trace.zip

    ────────────────────────────────────────────────────────────────────────────────────────────────

  584) [mobile-chrome] › e2e/admin-api-deep.spec.mts:37:5 › Admin APIs unauthenticated › unauth GET /api/admin/pipeline/deals/sample-id/move — returns 401/403/404 

    Error: apiRequestContext.get: connect ECONNREFUSED ::1:4000
    Call log:
      - → GET http://localhost:4000/api/admin/pipeline/deals/sample-id/move
        - user-agent: Mozilla/5.0 (Linux; Android 14; Pixel 7) AppleWebKit/537.36 (KHTML, like Gecko) Chrome/151.0.7922.34 Mobile Safari/537.36
        - accept: */*
        - accept-encoding: gzip,deflate,br

        at apiRequestContext.get: connect ECONNREFUSED ::1:4000
        at /home/tbaltzakis/cloudless.gr/e2e/admin-api-deep.spec.mts:38:31

    attachment #1: screenshot (image/png) ──────────────────────────────────────────────────────────
    test-results/admin-api-deep-Admin-APIs--15358--move-—-returns-401-403-404-mobile-chrome/test-failed-1.png
    ────────────────────────────────────────────────────────────────────────────────────────────────

    attachment #2: video (video/webm) ──────────────────────────────────────────────────────────────
    test-results/admin-api-deep-Admin-APIs--15358--move-—-returns-401-403-404-mobile-chrome/video.webm
    ────────────────────────────────────────────────────────────────────────────────────────────────

    Error Context: test-results/admin-api-deep-Admin-APIs--15358--move-—-returns-401-403-404-mobile-chrome/error-context.md

    Retry #1 ───────────────────────────────────────────────────────────────────────────────────────

    Error: apiRequestContext.get: connect ECONNREFUSED ::1:4000
    Call log:
      - → GET http://localhost:4000/api/admin/pipeline/deals/sample-id/move
        - user-agent: Mozilla/5.0 (Linux; Android 14; Pixel 7) AppleWebKit/537.36 (KHTML, like Gecko) Chrome/151.0.7922.34 Mobile Safari/537.36
        - accept: */*
        - accept-encoding: gzip,deflate,br

        at apiRequestContext.get: connect ECONNREFUSED ::1:4000
        at /home/tbaltzakis/cloudless.gr/e2e/admin-api-deep.spec.mts:38:31

    attachment #1: screenshot (image/png) ──────────────────────────────────────────────────────────
    test-results/admin-api-deep-Admin-APIs--15358--move-—-returns-401-403-404-mobile-chrome-retry1/test-failed-1.png
    ────────────────────────────────────────────────────────────────────────────────────────────────

    attachment #2: video (video/webm) ──────────────────────────────────────────────────────────────
    test-results/admin-api-deep-Admin-APIs--15358--move-—-returns-401-403-404-mobile-chrome-retry1/video.webm
    ────────────────────────────────────────────────────────────────────────────────────────────────

    Error Context: test-results/admin-api-deep-Admin-APIs--15358--move-—-returns-401-403-404-mobile-chrome-retry1/error-context.md

    attachment #4: trace (application/zip) ─────────────────────────────────────────────────────────
    test-results/admin-api-deep-Admin-APIs--15358--move-—-returns-401-403-404-mobile-chrome-retry1/trace.zip
    Usage:

        npx playwright show-trace test-results/admin-api-deep-Admin-APIs--15358--move-—-returns-401-403-404-mobile-chrome-retry1/trace.zip

    ────────────────────────────────────────────────────────────────────────────────────────────────

  585) [mobile-chrome] › e2e/admin-api-deep.spec.mts:37:5 › Admin APIs unauthenticated › unauth GET /api/admin/pipeline/deals/sample-id/notes — returns 401/403/404 

    Error: apiRequestContext.get: connect ECONNREFUSED ::1:4000
    Call log:
      - → GET http://localhost:4000/api/admin/pipeline/deals/sample-id/notes
        - user-agent: Mozilla/5.0 (Linux; Android 14; Pixel 7) AppleWebKit/537.36 (KHTML, like Gecko) Chrome/151.0.7922.34 Mobile Safari/537.36
        - accept: */*
        - accept-encoding: gzip,deflate,br

        at apiRequestContext.get: connect ECONNREFUSED ::1:4000
        at /home/tbaltzakis/cloudless.gr/e2e/admin-api-deep.spec.mts:38:31

    attachment #1: screenshot (image/png) ──────────────────────────────────────────────────────────
    test-results/admin-api-deep-Admin-APIs--8719a-notes-—-returns-401-403-404-mobile-chrome/test-failed-1.png
    ────────────────────────────────────────────────────────────────────────────────────────────────

    attachment #2: video (video/webm) ──────────────────────────────────────────────────────────────
    test-results/admin-api-deep-Admin-APIs--8719a-notes-—-returns-401-403-404-mobile-chrome/video.webm
    ────────────────────────────────────────────────────────────────────────────────────────────────

    Error Context: test-results/admin-api-deep-Admin-APIs--8719a-notes-—-returns-401-403-404-mobile-chrome/error-context.md

    Retry #1 ───────────────────────────────────────────────────────────────────────────────────────

    Error: apiRequestContext.get: connect ECONNREFUSED ::1:4000
    Call log:
      - → GET http://localhost:4000/api/admin/pipeline/deals/sample-id/notes
        - user-agent: Mozilla/5.0 (Linux; Android 14; Pixel 7) AppleWebKit/537.36 (KHTML, like Gecko) Chrome/151.0.7922.34 Mobile Safari/537.36
        - accept: */*
        - accept-encoding: gzip,deflate,br

        at apiRequestContext.get: connect ECONNREFUSED ::1:4000
        at /home/tbaltzakis/cloudless.gr/e2e/admin-api-deep.spec.mts:38:31

    attachment #1: screenshot (image/png) ──────────────────────────────────────────────────────────
    test-results/admin-api-deep-Admin-APIs--8719a-notes-—-returns-401-403-404-mobile-chrome-retry1/test-failed-1.png
    ────────────────────────────────────────────────────────────────────────────────────────────────

    attachment #2: video (video/webm) ──────────────────────────────────────────────────────────────
    test-results/admin-api-deep-Admin-APIs--8719a-notes-—-returns-401-403-404-mobile-chrome-retry1/video.webm
    ────────────────────────────────────────────────────────────────────────────────────────────────

    Error Context: test-results/admin-api-deep-Admin-APIs--8719a-notes-—-returns-401-403-404-mobile-chrome-retry1/error-context.md

    attachment #4: trace (application/zip) ─────────────────────────────────────────────────────────
    test-results/admin-api-deep-Admin-APIs--8719a-notes-—-returns-401-403-404-mobile-chrome-retry1/trace.zip
    Usage:

        npx playwright show-trace test-results/admin-api-deep-Admin-APIs--8719a-notes-—-returns-401-403-404-mobile-chrome-retry1/trace.zip

    ────────────────────────────────────────────────────────────────────────────────────────────────

  586) [mobile-chrome] › e2e/admin-api-deep.spec.mts:37:5 › Admin APIs unauthenticated › unauth GET /api/admin/reports/sample-id — returns 401/403/404 

    Error: apiRequestContext.get: connect ECONNREFUSED ::1:4000
    Call log:
      - → GET http://localhost:4000/api/admin/reports/sample-id
        - user-agent: Mozilla/5.0 (Linux; Android 14; Pixel 7) AppleWebKit/537.36 (KHTML, like Gecko) Chrome/151.0.7922.34 Mobile Safari/537.36
        - accept: */*
        - accept-encoding: gzip,deflate,br

        at apiRequestContext.get: connect ECONNREFUSED ::1:4000
        at /home/tbaltzakis/cloudless.gr/e2e/admin-api-deep.spec.mts:38:31

    attachment #1: screenshot (image/png) ──────────────────────────────────────────────────────────
    test-results/admin-api-deep-Admin-APIs--ae304-le-id-—-returns-401-403-404-mobile-chrome/test-failed-1.png
    ────────────────────────────────────────────────────────────────────────────────────────────────

    attachment #2: video (video/webm) ──────────────────────────────────────────────────────────────
    test-results/admin-api-deep-Admin-APIs--ae304-le-id-—-returns-401-403-404-mobile-chrome/video.webm
    ────────────────────────────────────────────────────────────────────────────────────────────────

    Error Context: test-results/admin-api-deep-Admin-APIs--ae304-le-id-—-returns-401-403-404-mobile-chrome/error-context.md

    Retry #1 ───────────────────────────────────────────────────────────────────────────────────────

    Error: apiRequestContext.get: connect ECONNREFUSED ::1:4000
    Call log:
      - → GET http://localhost:4000/api/admin/reports/sample-id
        - user-agent: Mozilla/5.0 (Linux; Android 14; Pixel 7) AppleWebKit/537.36 (KHTML, like Gecko) Chrome/151.0.7922.34 Mobile Safari/537.36
        - accept: */*
        - accept-encoding: gzip,deflate,br

        at apiRequestContext.get: connect ECONNREFUSED ::1:4000
        at /home/tbaltzakis/cloudless.gr/e2e/admin-api-deep.spec.mts:38:31

    attachment #1: screenshot (image/png) ──────────────────────────────────────────────────────────
    test-results/admin-api-deep-Admin-APIs--ae304-le-id-—-returns-401-403-404-mobile-chrome-retry1/test-failed-1.png
    ────────────────────────────────────────────────────────────────────────────────────────────────

    attachment #2: video (video/webm) ──────────────────────────────────────────────────────────────
    test-results/admin-api-deep-Admin-APIs--ae304-le-id-—-returns-401-403-404-mobile-chrome-retry1/video.webm
    ────────────────────────────────────────────────────────────────────────────────────────────────

    Error Context: test-results/admin-api-deep-Admin-APIs--ae304-le-id-—-returns-401-403-404-mobile-chrome-retry1/error-context.md

    attachment #4: trace (application/zip) ─────────────────────────────────────────────────────────
    test-results/admin-api-deep-Admin-APIs--ae304-le-id-—-returns-401-403-404-mobile-chrome-retry1/trace.zip
    Usage:

        npx playwright show-trace test-results/admin-api-deep-Admin-APIs--ae304-le-id-—-returns-401-403-404-mobile-chrome-retry1/trace.zip

    ────────────────────────────────────────────────────────────────────────────────────────────────

  587) [mobile-chrome] › e2e/admin-api-deep.spec.mts:37:5 › Admin APIs unauthenticated › unauth GET /api/admin/reports/sample-id/pdf — returns 401/403/404 

    Error: apiRequestContext.get: connect ECONNREFUSED ::1:4000
    Call log:
      - → GET http://localhost:4000/api/admin/reports/sample-id/pdf
        - user-agent: Mozilla/5.0 (Linux; Android 14; Pixel 7) AppleWebKit/537.36 (KHTML, like Gecko) Chrome/151.0.7922.34 Mobile Safari/537.36
        - accept: */*
        - accept-encoding: gzip,deflate,br

        at apiRequestContext.get: connect ECONNREFUSED ::1:4000
        at /home/tbaltzakis/cloudless.gr/e2e/admin-api-deep.spec.mts:38:31

    attachment #1: screenshot (image/png) ──────────────────────────────────────────────────────────
    test-results/admin-api-deep-Admin-APIs--d4dce-d-pdf-—-returns-401-403-404-mobile-chrome/test-failed-1.png
    ────────────────────────────────────────────────────────────────────────────────────────────────

    attachment #2: video (video/webm) ──────────────────────────────────────────────────────────────
    test-results/admin-api-deep-Admin-APIs--d4dce-d-pdf-—-returns-401-403-404-mobile-chrome/video.webm
    ────────────────────────────────────────────────────────────────────────────────────────────────

    Error Context: test-results/admin-api-deep-Admin-APIs--d4dce-d-pdf-—-returns-401-403-404-mobile-chrome/error-context.md

    Retry #1 ───────────────────────────────────────────────────────────────────────────────────────

    Error: apiRequestContext.get: connect ECONNREFUSED ::1:4000
    Call log:
      - → GET http://localhost:4000/api/admin/reports/sample-id/pdf
        - user-agent: Mozilla/5.0 (Linux; Android 14; Pixel 7) AppleWebKit/537.36 (KHTML, like Gecko) Chrome/151.0.7922.34 Mobile Safari/537.36
        - accept: */*
        - accept-encoding: gzip,deflate,br

        at apiRequestContext.get: connect ECONNREFUSED ::1:4000
        at /home/tbaltzakis/cloudless.gr/e2e/admin-api-deep.spec.mts:38:31

    attachment #1: screenshot (image/png) ──────────────────────────────────────────────────────────
    test-results/admin-api-deep-Admin-APIs--d4dce-d-pdf-—-returns-401-403-404-mobile-chrome-retry1/test-failed-1.png
    ────────────────────────────────────────────────────────────────────────────────────────────────

    attachment #2: video (video/webm) ──────────────────────────────────────────────────────────────
    test-results/admin-api-deep-Admin-APIs--d4dce-d-pdf-—-returns-401-403-404-mobile-chrome-retry1/video.webm
    ────────────────────────────────────────────────────────────────────────────────────────────────

    Error Context: test-results/admin-api-deep-Admin-APIs--d4dce-d-pdf-—-returns-401-403-404-mobile-chrome-retry1/error-context.md

    attachment #4: trace (application/zip) ─────────────────────────────────────────────────────────
    test-results/admin-api-deep-Admin-APIs--d4dce-d-pdf-—-returns-401-403-404-mobile-chrome-retry1/trace.zip
    Usage:

        npx playwright show-trace test-results/admin-api-deep-Admin-APIs--d4dce-d-pdf-—-returns-401-403-404-mobile-chrome-retry1/trace.zip

    ────────────────────────────────────────────────────────────────────────────────────────────────

  588) [mobile-chrome] › e2e/admin-api-deep.spec.mts:44:3 › Admin APIs unauthenticated › unauth GET with garbage Bearer token still rejected 

    Error: apiRequestContext.get: connect ECONNREFUSED ::1:4000
    Call log:
      - → GET http://localhost:4000/api/admin/users
        - user-agent: Mozilla/5.0 (Linux; Android 14; Pixel 7) AppleWebKit/537.36 (KHTML, like Gecko) Chrome/151.0.7922.34 Mobile Safari/537.36
        - accept: */*
        - accept-encoding: gzip,deflate,br
        - Authorization: Bearer garbage

        at apiRequestContext.get: connect ECONNREFUSED ::1:4000
        at /home/tbaltzakis/cloudless.gr/e2e/admin-api-deep.spec.mts:45:29

    attachment #1: screenshot (image/png) ──────────────────────────────────────────────────────────
    test-results/admin-api-deep-Admin-APIs--e6b69-Bearer-token-still-rejected-mobile-chrome/test-failed-1.png
    ────────────────────────────────────────────────────────────────────────────────────────────────

    attachment #2: video (video/webm) ──────────────────────────────────────────────────────────────
    test-results/admin-api-deep-Admin-APIs--e6b69-Bearer-token-still-rejected-mobile-chrome/video.webm
    ────────────────────────────────────────────────────────────────────────────────────────────────

    Error Context: test-results/admin-api-deep-Admin-APIs--e6b69-Bearer-token-still-rejected-mobile-chrome/error-context.md

    Retry #1 ───────────────────────────────────────────────────────────────────────────────────────

    Error: apiRequestContext.get: connect ECONNREFUSED ::1:4000
    Call log:
      - → GET http://localhost:4000/api/admin/users
        - user-agent: Mozilla/5.0 (Linux; Android 14; Pixel 7) AppleWebKit/537.36 (KHTML, like Gecko) Chrome/151.0.7922.34 Mobile Safari/537.36
        - accept: */*
        - accept-encoding: gzip,deflate,br
        - Authorization: Bearer garbage

        at apiRequestContext.get: connect ECONNREFUSED ::1:4000
        at /home/tbaltzakis/cloudless.gr/e2e/admin-api-deep.spec.mts:45:29

    attachment #1: screenshot (image/png) ──────────────────────────────────────────────────────────
    test-results/admin-api-deep-Admin-APIs--e6b69-Bearer-token-still-rejected-mobile-chrome-retry1/test-failed-1.png
    ────────────────────────────────────────────────────────────────────────────────────────────────

    attachment #2: video (video/webm) ──────────────────────────────────────────────────────────────
    test-results/admin-api-deep-Admin-APIs--e6b69-Bearer-token-still-rejected-mobile-chrome-retry1/video.webm
    ────────────────────────────────────────────────────────────────────────────────────────────────

    Error Context: test-results/admin-api-deep-Admin-APIs--e6b69-Bearer-token-still-rejected-mobile-chrome-retry1/error-context.md

    attachment #4: trace (application/zip) ─────────────────────────────────────────────────────────
    test-results/admin-api-deep-Admin-APIs--e6b69-Bearer-token-still-rejected-mobile-chrome-retry1/trace.zip
    Usage:

        npx playwright show-trace test-results/admin-api-deep-Admin-APIs--e6b69-Bearer-token-still-rejected-mobile-chrome-retry1/trace.zip

    ────────────────────────────────────────────────────────────────────────────────────────────────

  589) [mobile-chrome] › e2e/admin-api-deep.spec.mts:66:5 › Admin APIs authenticated › auth GET /api/admin/ab-tests — non-5xx 

    Error: apiRequestContext.get: connect ECONNREFUSED ::1:4000
    Call log:
      - → GET http://localhost:4000/api/admin/ab-tests
        - user-agent: Mozilla/5.0 (Linux; Android 14; Pixel 7) AppleWebKit/537.36 (KHTML, like Gecko) Chrome/151.0.7922.34 Mobile Safari/537.36
        - accept: */*
        - accept-encoding: gzip,deflate,br
        - cookie: e2e_admin=1

        at apiRequestContext.get: connect ECONNREFUSED ::1:4000
        at /home/tbaltzakis/cloudless.gr/e2e/admin-api-deep.spec.mts:67:31

    attachment #1: screenshot (image/png) ──────────────────────────────────────────────────────────
    test-results/admin-api-deep-Admin-APIs--9144f-pi-admin-ab-tests-—-non-5xx-mobile-chrome/test-failed-1.png
    ────────────────────────────────────────────────────────────────────────────────────────────────

    attachment #2: video (video/webm) ──────────────────────────────────────────────────────────────
    test-results/admin-api-deep-Admin-APIs--9144f-pi-admin-ab-tests-—-non-5xx-mobile-chrome/video.webm
    ────────────────────────────────────────────────────────────────────────────────────────────────

    Error Context: test-results/admin-api-deep-Admin-APIs--9144f-pi-admin-ab-tests-—-non-5xx-mobile-chrome/error-context.md

    Retry #1 ───────────────────────────────────────────────────────────────────────────────────────

    Error: apiRequestContext.get: connect ECONNREFUSED ::1:4000
    Call log:
      - → GET http://localhost:4000/api/admin/ab-tests
        - user-agent: Mozilla/5.0 (Linux; Android 14; Pixel 7) AppleWebKit/537.36 (KHTML, like Gecko) Chrome/151.0.7922.34 Mobile Safari/537.36
        - accept: */*
        - accept-encoding: gzip,deflate,br
        - cookie: e2e_admin=1

        at apiRequestContext.get: connect ECONNREFUSED ::1:4000
        at /home/tbaltzakis/cloudless.gr/e2e/admin-api-deep.spec.mts:67:31

    attachment #1: screenshot (image/png) ──────────────────────────────────────────────────────────
    test-results/admin-api-deep-Admin-APIs--9144f-pi-admin-ab-tests-—-non-5xx-mobile-chrome-retry1/test-failed-1.png
    ────────────────────────────────────────────────────────────────────────────────────────────────

    attachment #2: video (video/webm) ──────────────────────────────────────────────────────────────
    test-results/admin-api-deep-Admin-APIs--9144f-pi-admin-ab-tests-—-non-5xx-mobile-chrome-retry1/video.webm
    ────────────────────────────────────────────────────────────────────────────────────────────────

    Error Context: test-results/admin-api-deep-Admin-APIs--9144f-pi-admin-ab-tests-—-non-5xx-mobile-chrome-retry1/error-context.md

    attachment #4: trace (application/zip) ─────────────────────────────────────────────────────────
    test-results/admin-api-deep-Admin-APIs--9144f-pi-admin-ab-tests-—-non-5xx-mobile-chrome-retry1/trace.zip
    Usage:

        npx playwright show-trace test-results/admin-api-deep-Admin-APIs--9144f-pi-admin-ab-tests-—-non-5xx-mobile-chrome-retry1/trace.zip

    ────────────────────────────────────────────────────────────────────────────────────────────────

  590) [mobile-chrome] › e2e/admin-api-deep.spec.mts:66:5 › Admin APIs authenticated › auth GET /api/admin/ai/analytics-orchestration — non-5xx 

    Error: apiRequestContext.get: connect ECONNREFUSED ::1:4000
    Call log:
      - → GET http://localhost:4000/api/admin/ai/analytics-orchestration
        - user-agent: Mozilla/5.0 (Linux; Android 14; Pixel 7) AppleWebKit/537.36 (KHTML, like Gecko) Chrome/151.0.7922.34 Mobile Safari/537.36
        - accept: */*
        - accept-encoding: gzip,deflate,br
        - cookie: e2e_admin=1

        at apiRequestContext.get: connect ECONNREFUSED ::1:4000
        at /home/tbaltzakis/cloudless.gr/e2e/admin-api-deep.spec.mts:67:31

    attachment #1: screenshot (image/png) ──────────────────────────────────────────────────────────
    test-results/admin-api-deep-Admin-APIs--f4886-ics-orchestration-—-non-5xx-mobile-chrome/test-failed-1.png
    ────────────────────────────────────────────────────────────────────────────────────────────────

    attachment #2: video (video/webm) ──────────────────────────────────────────────────────────────
    test-results/admin-api-deep-Admin-APIs--f4886-ics-orchestration-—-non-5xx-mobile-chrome/video.webm
    ────────────────────────────────────────────────────────────────────────────────────────────────

    Error Context: test-results/admin-api-deep-Admin-APIs--f4886-ics-orchestration-—-non-5xx-mobile-chrome/error-context.md

    Retry #1 ───────────────────────────────────────────────────────────────────────────────────────

    Error: apiRequestContext.get: connect ECONNREFUSED ::1:4000
    Call log:
      - → GET http://localhost:4000/api/admin/ai/analytics-orchestration
        - user-agent: Mozilla/5.0 (Linux; Android 14; Pixel 7) AppleWebKit/537.36 (KHTML, like Gecko) Chrome/151.0.7922.34 Mobile Safari/537.36
        - accept: */*
        - accept-encoding: gzip,deflate,br
        - cookie: e2e_admin=1

        at apiRequestContext.get: connect ECONNREFUSED ::1:4000
        at /home/tbaltzakis/cloudless.gr/e2e/admin-api-deep.spec.mts:67:31

    attachment #1: screenshot (image/png) ──────────────────────────────────────────────────────────
    test-results/admin-api-deep-Admin-APIs--f4886-ics-orchestration-—-non-5xx-mobile-chrome-retry1/test-failed-1.png
    ────────────────────────────────────────────────────────────────────────────────────────────────

    attachment #2: video (video/webm) ──────────────────────────────────────────────────────────────
    test-results/admin-api-deep-Admin-APIs--f4886-ics-orchestration-—-non-5xx-mobile-chrome-retry1/video.webm
    ────────────────────────────────────────────────────────────────────────────────────────────────

    Error Context: test-results/admin-api-deep-Admin-APIs--f4886-ics-orchestration-—-non-5xx-mobile-chrome-retry1/error-context.md

    attachment #4: trace (application/zip) ─────────────────────────────────────────────────────────
    test-results/admin-api-deep-Admin-APIs--f4886-ics-orchestration-—-non-5xx-mobile-chrome-retry1/trace.zip
    Usage:

        npx playwright show-trace test-results/admin-api-deep-Admin-APIs--f4886-ics-orchestration-—-non-5xx-mobile-chrome-retry1/trace.zip

    ────────────────────────────────────────────────────────────────────────────────────────────────

  591) [mobile-chrome] › e2e/admin-api-deep.spec.mts:66:5 › Admin APIs authenticated › auth GET /api/admin/ai/analytics-orchestration/pdf — non-5xx 

    Error: apiRequestContext.get: connect ECONNREFUSED ::1:4000
    Call log:
      - → GET http://localhost:4000/api/admin/ai/analytics-orchestration/pdf
        - user-agent: Mozilla/5.0 (Linux; Android 14; Pixel 7) AppleWebKit/537.36 (KHTML, like Gecko) Chrome/151.0.7922.34 Mobile Safari/537.36
        - accept: */*
        - accept-encoding: gzip,deflate,br
        - cookie: e2e_admin=1

        at apiRequestContext.get: connect ECONNREFUSED ::1:4000
        at /home/tbaltzakis/cloudless.gr/e2e/admin-api-deep.spec.mts:67:31

    attachment #1: screenshot (image/png) ──────────────────────────────────────────────────────────
    test-results/admin-api-deep-Admin-APIs--17a66-orchestration-pdf-—-non-5xx-mobile-chrome/test-failed-1.png
    ────────────────────────────────────────────────────────────────────────────────────────────────

    attachment #2: video (video/webm) ──────────────────────────────────────────────────────────────
    test-results/admin-api-deep-Admin-APIs--17a66-orchestration-pdf-—-non-5xx-mobile-chrome/video.webm
    ────────────────────────────────────────────────────────────────────────────────────────────────

    Error Context: test-results/admin-api-deep-Admin-APIs--17a66-orchestration-pdf-—-non-5xx-mobile-chrome/error-context.md

    Retry #1 ───────────────────────────────────────────────────────────────────────────────────────

    Error: apiRequestContext.get: connect ECONNREFUSED ::1:4000
    Call log:
      - → GET http://localhost:4000/api/admin/ai/analytics-orchestration/pdf
        - user-agent: Mozilla/5.0 (Linux; Android 14; Pixel 7) AppleWebKit/537.36 (KHTML, like Gecko) Chrome/151.0.7922.34 Mobile Safari/537.36
        - accept: */*
        - accept-encoding: gzip,deflate,br
        - cookie: e2e_admin=1

        at apiRequestContext.get: connect ECONNREFUSED ::1:4000
        at /home/tbaltzakis/cloudless.gr/e2e/admin-api-deep.spec.mts:67:31

    attachment #1: screenshot (image/png) ──────────────────────────────────────────────────────────
    test-results/admin-api-deep-Admin-APIs--17a66-orchestration-pdf-—-non-5xx-mobile-chrome-retry1/test-failed-1.png
    ────────────────────────────────────────────────────────────────────────────────────────────────

    attachment #2: video (video/webm) ──────────────────────────────────────────────────────────────
    test-results/admin-api-deep-Admin-APIs--17a66-orchestration-pdf-—-non-5xx-mobile-chrome-retry1/video.webm
    ────────────────────────────────────────────────────────────────────────────────────────────────

    Error Context: test-results/admin-api-deep-Admin-APIs--17a66-orchestration-pdf-—-non-5xx-mobile-chrome-retry1/error-context.md

    attachment #4: trace (application/zip) ─────────────────────────────────────────────────────────
    test-results/admin-api-deep-Admin-APIs--17a66-orchestration-pdf-—-non-5xx-mobile-chrome-retry1/trace.zip
    Usage:

        npx playwright show-trace test-results/admin-api-deep-Admin-APIs--17a66-orchestration-pdf-—-non-5xx-mobile-chrome-retry1/trace.zip

    ────────────────────────────────────────────────────────────────────────────────────────────────

  592) [mobile-chrome] › e2e/admin-api-deep.spec.mts:66:5 › Admin APIs authenticated › auth GET /api/admin/ai/audience — non-5xx 

    Error: apiRequestContext.get: connect ECONNREFUSED ::1:4000
    Call log:
      - → GET http://localhost:4000/api/admin/ai/audience
        - user-agent: Mozilla/5.0 (Linux; Android 14; Pixel 7) AppleWebKit/537.36 (KHTML, like Gecko) Chrome/151.0.7922.34 Mobile Safari/537.36
        - accept: */*
        - accept-encoding: gzip,deflate,br
        - cookie: e2e_admin=1

        at apiRequestContext.get: connect ECONNREFUSED ::1:4000
        at /home/tbaltzakis/cloudless.gr/e2e/admin-api-deep.spec.mts:67:31

    attachment #1: screenshot (image/png) ──────────────────────────────────────────────────────────
    test-results/admin-api-deep-Admin-APIs--9fc97-admin-ai-audience-—-non-5xx-mobile-chrome/test-failed-1.png
    ────────────────────────────────────────────────────────────────────────────────────────────────

    attachment #2: video (video/webm) ──────────────────────────────────────────────────────────────
    test-results/admin-api-deep-Admin-APIs--9fc97-admin-ai-audience-—-non-5xx-mobile-chrome/video.webm
    ────────────────────────────────────────────────────────────────────────────────────────────────

    Error Context: test-results/admin-api-deep-Admin-APIs--9fc97-admin-ai-audience-—-non-5xx-mobile-chrome/error-context.md

    Retry #1 ───────────────────────────────────────────────────────────────────────────────────────

    Error: apiRequestContext.get: connect ECONNREFUSED ::1:4000
    Call log:
      - → GET http://localhost:4000/api/admin/ai/audience
        - user-agent: Mozilla/5.0 (Linux; Android 14; Pixel 7) AppleWebKit/537.36 (KHTML, like Gecko) Chrome/151.0.7922.34 Mobile Safari/537.36
        - accept: */*
        - accept-encoding: gzip,deflate,br
        - cookie: e2e_admin=1

        at apiRequestContext.get: connect ECONNREFUSED ::1:4000
        at /home/tbaltzakis/cloudless.gr/e2e/admin-api-deep.spec.mts:67:31

    attachment #1: screenshot (image/png) ──────────────────────────────────────────────────────────
    test-results/admin-api-deep-Admin-APIs--9fc97-admin-ai-audience-—-non-5xx-mobile-chrome-retry1/test-failed-1.png
    ────────────────────────────────────────────────────────────────────────────────────────────────

    attachment #2: video (video/webm) ──────────────────────────────────────────────────────────────
    test-results/admin-api-deep-Admin-APIs--9fc97-admin-ai-audience-—-non-5xx-mobile-chrome-retry1/video.webm
    ────────────────────────────────────────────────────────────────────────────────────────────────

    Error Context: test-results/admin-api-deep-Admin-APIs--9fc97-admin-ai-audience-—-non-5xx-mobile-chrome-retry1/error-context.md

    attachment #4: trace (application/zip) ─────────────────────────────────────────────────────────
    test-results/admin-api-deep-Admin-APIs--9fc97-admin-ai-audience-—-non-5xx-mobile-chrome-retry1/trace.zip
    Usage:

        npx playwright show-trace test-results/admin-api-deep-Admin-APIs--9fc97-admin-ai-audience-—-non-5xx-mobile-chrome-retry1/trace.zip

    ────────────────────────────────────────────────────────────────────────────────────────────────

  593) [mobile-chrome] › e2e/admin-api-deep.spec.mts:66:5 › Admin APIs authenticated › auth GET /api/admin/ai/generate — non-5xx 

    Error: apiRequestContext.get: connect ECONNREFUSED ::1:4000
    Call log:
      - → GET http://localhost:4000/api/admin/ai/generate
        - user-agent: Mozilla/5.0 (Linux; Android 14; Pixel 7) AppleWebKit/537.36 (KHTML, like Gecko) Chrome/151.0.7922.34 Mobile Safari/537.36
        - accept: */*
        - accept-encoding: gzip,deflate,br
        - cookie: e2e_admin=1

        at apiRequestContext.get: connect ECONNREFUSED ::1:4000
        at /home/tbaltzakis/cloudless.gr/e2e/admin-api-deep.spec.mts:67:31

    attachment #1: screenshot (image/png) ──────────────────────────────────────────────────────────
    test-results/admin-api-deep-Admin-APIs--ac459-admin-ai-generate-—-non-5xx-mobile-chrome/test-failed-1.png
    ────────────────────────────────────────────────────────────────────────────────────────────────

    attachment #2: video (video/webm) ──────────────────────────────────────────────────────────────
    test-results/admin-api-deep-Admin-APIs--ac459-admin-ai-generate-—-non-5xx-mobile-chrome/video.webm
    ────────────────────────────────────────────────────────────────────────────────────────────────

    Error Context: test-results/admin-api-deep-Admin-APIs--ac459-admin-ai-generate-—-non-5xx-mobile-chrome/error-context.md

    Retry #1 ───────────────────────────────────────────────────────────────────────────────────────

    Error: apiRequestContext.get: connect ECONNREFUSED ::1:4000
    Call log:
      - → GET http://localhost:4000/api/admin/ai/generate
        - user-agent: Mozilla/5.0 (Linux; Android 14; Pixel 7) AppleWebKit/537.36 (KHTML, like Gecko) Chrome/151.0.7922.34 Mobile Safari/537.36
        - accept: */*
        - accept-encoding: gzip,deflate,br
        - cookie: e2e_admin=1

        at apiRequestContext.get: connect ECONNREFUSED ::1:4000
        at /home/tbaltzakis/cloudless.gr/e2e/admin-api-deep.spec.mts:67:31

    attachment #1: screenshot (image/png) ──────────────────────────────────────────────────────────
    test-results/admin-api-deep-Admin-APIs--ac459-admin-ai-generate-—-non-5xx-mobile-chrome-retry1/test-failed-1.png
    ────────────────────────────────────────────────────────────────────────────────────────────────

    attachment #2: video (video/webm) ──────────────────────────────────────────────────────────────
    test-results/admin-api-deep-Admin-APIs--ac459-admin-ai-generate-—-non-5xx-mobile-chrome-retry1/video.webm
    ────────────────────────────────────────────────────────────────────────────────────────────────

    Error Context: test-results/admin-api-deep-Admin-APIs--ac459-admin-ai-generate-—-non-5xx-mobile-chrome-retry1/error-context.md

    attachment #4: trace (application/zip) ─────────────────────────────────────────────────────────
    test-results/admin-api-deep-Admin-APIs--ac459-admin-ai-generate-—-non-5xx-mobile-chrome-retry1/trace.zip
    Usage:

        npx playwright show-trace test-results/admin-api-deep-Admin-APIs--ac459-admin-ai-generate-—-non-5xx-mobile-chrome-retry1/trace.zip

    ────────────────────────────────────────────────────────────────────────────────────────────────

  594) [mobile-chrome] › e2e/admin-api-deep.spec.mts:66:5 › Admin APIs authenticated › auth GET /api/admin/ai/campaign — non-5xx 

    Error: apiRequestContext.get: connect ECONNREFUSED ::1:4000
    Call log:
      - → GET http://localhost:4000/api/admin/ai/campaign
        - user-agent: Mozilla/5.0 (Linux; Android 14; Pixel 7) AppleWebKit/537.36 (KHTML, like Gecko) Chrome/151.0.7922.34 Mobile Safari/537.36
        - accept: */*
        - accept-encoding: gzip,deflate,br
        - cookie: e2e_admin=1

        at apiRequestContext.get: connect ECONNREFUSED ::1:4000
        at /home/tbaltzakis/cloudless.gr/e2e/admin-api-deep.spec.mts:67:31

    attachment #1: screenshot (image/png) ──────────────────────────────────────────────────────────
    test-results/admin-api-deep-Admin-APIs--22ddb-admin-ai-campaign-—-non-5xx-mobile-chrome/test-failed-1.png
    ────────────────────────────────────────────────────────────────────────────────────────────────

    attachment #2: video (video/webm) ──────────────────────────────────────────────────────────────
    test-results/admin-api-deep-Admin-APIs--22ddb-admin-ai-campaign-—-non-5xx-mobile-chrome/video.webm
    ────────────────────────────────────────────────────────────────────────────────────────────────

    Error Context: test-results/admin-api-deep-Admin-APIs--22ddb-admin-ai-campaign-—-non-5xx-mobile-chrome/error-context.md

    Retry #1 ───────────────────────────────────────────────────────────────────────────────────────

    Error: apiRequestContext.get: connect ECONNREFUSED ::1:4000
    Call log:
      - → GET http://localhost:4000/api/admin/ai/campaign
        - user-agent: Mozilla/5.0 (Linux; Android 14; Pixel 7) AppleWebKit/537.36 (KHTML, like Gecko) Chrome/151.0.7922.34 Mobile Safari/537.36
        - accept: */*
        - accept-encoding: gzip,deflate,br
        - cookie: e2e_admin=1

        at apiRequestContext.get: connect ECONNREFUSED ::1:4000
        at /home/tbaltzakis/cloudless.gr/e2e/admin-api-deep.spec.mts:67:31

    attachment #1: screenshot (image/png) ──────────────────────────────────────────────────────────
    test-results/admin-api-deep-Admin-APIs--22ddb-admin-ai-campaign-—-non-5xx-mobile-chrome-retry1/test-failed-1.png
    ────────────────────────────────────────────────────────────────────────────────────────────────

    attachment #2: video (video/webm) ──────────────────────────────────────────────────────────────
    test-results/admin-api-deep-Admin-APIs--22ddb-admin-ai-campaign-—-non-5xx-mobile-chrome-retry1/video.webm
    ────────────────────────────────────────────────────────────────────────────────────────────────

    Error Context: test-results/admin-api-deep-Admin-APIs--22ddb-admin-ai-campaign-—-non-5xx-mobile-chrome-retry1/error-context.md

    attachment #4: trace (application/zip) ─────────────────────────────────────────────────────────
    test-results/admin-api-deep-Admin-APIs--22ddb-admin-ai-campaign-—-non-5xx-mobile-chrome-retry1/trace.zip
    Usage:

        npx playwright show-trace test-results/admin-api-deep-Admin-APIs--22ddb-admin-ai-campaign-—-non-5xx-mobile-chrome-retry1/trace.zip

    ────────────────────────────────────────────────────────────────────────────────────────────────

  595) [mobile-chrome] › e2e/admin-api-deep.spec.mts:66:5 › Admin APIs authenticated › auth GET /api/admin/ai/copy — non-5xx 

    Error: apiRequestContext.get: connect ECONNREFUSED ::1:4000
    Call log:
      - → GET http://localhost:4000/api/admin/ai/copy
        - user-agent: Mozilla/5.0 (Linux; Android 14; Pixel 7) AppleWebKit/537.36 (KHTML, like Gecko) Chrome/151.0.7922.34 Mobile Safari/537.36
        - accept: */*
        - accept-encoding: gzip,deflate,br
        - cookie: e2e_admin=1

        at apiRequestContext.get: connect ECONNREFUSED ::1:4000
        at /home/tbaltzakis/cloudless.gr/e2e/admin-api-deep.spec.mts:67:31

    attachment #1: screenshot (image/png) ──────────────────────────────────────────────────────────
    test-results/admin-api-deep-Admin-APIs--76f44-api-admin-ai-copy-—-non-5xx-mobile-chrome/test-failed-1.png
    ────────────────────────────────────────────────────────────────────────────────────────────────

    attachment #2: video (video/webm) ──────────────────────────────────────────────────────────────
    test-results/admin-api-deep-Admin-APIs--76f44-api-admin-ai-copy-—-non-5xx-mobile-chrome/video.webm
    ────────────────────────────────────────────────────────────────────────────────────────────────

    Error Context: test-results/admin-api-deep-Admin-APIs--76f44-api-admin-ai-copy-—-non-5xx-mobile-chrome/error-context.md

    Retry #1 ───────────────────────────────────────────────────────────────────────────────────────

    Error: apiRequestContext.get: connect ECONNREFUSED ::1:4000
    Call log:
      - → GET http://localhost:4000/api/admin/ai/copy
        - user-agent: Mozilla/5.0 (Linux; Android 14; Pixel 7) AppleWebKit/537.36 (KHTML, like Gecko) Chrome/151.0.7922.34 Mobile Safari/537.36
        - accept: */*
        - accept-encoding: gzip,deflate,br
        - cookie: e2e_admin=1

        at apiRequestContext.get: connect ECONNREFUSED ::1:4000
        at /home/tbaltzakis/cloudless.gr/e2e/admin-api-deep.spec.mts:67:31

    attachment #1: screenshot (image/png) ──────────────────────────────────────────────────────────
    test-results/admin-api-deep-Admin-APIs--76f44-api-admin-ai-copy-—-non-5xx-mobile-chrome-retry1/test-failed-1.png
    ────────────────────────────────────────────────────────────────────────────────────────────────

    attachment #2: video (video/webm) ──────────────────────────────────────────────────────────────
    test-results/admin-api-deep-Admin-APIs--76f44-api-admin-ai-copy-—-non-5xx-mobile-chrome-retry1/video.webm
    ────────────────────────────────────────────────────────────────────────────────────────────────

    Error Context: test-results/admin-api-deep-Admin-APIs--76f44-api-admin-ai-copy-—-non-5xx-mobile-chrome-retry1/error-context.md

    attachment #4: trace (application/zip) ─────────────────────────────────────────────────────────
    test-results/admin-api-deep-Admin-APIs--76f44-api-admin-ai-copy-—-non-5xx-mobile-chrome-retry1/trace.zip
    Usage:

        npx playwright show-trace test-results/admin-api-deep-Admin-APIs--76f44-api-admin-ai-copy-—-non-5xx-mobile-chrome-retry1/trace.zip

    ────────────────────────────────────────────────────────────────────────────────────────────────

  596) [mobile-chrome] › e2e/admin-api-deep.spec.mts:66:5 › Admin APIs authenticated › auth GET /api/admin/ai/report-insights — non-5xx 

    Error: apiRequestContext.get: connect ECONNREFUSED ::1:4000
    Call log:
      - → GET http://localhost:4000/api/admin/ai/report-insights
        - user-agent: Mozilla/5.0 (Linux; Android 14; Pixel 7) AppleWebKit/537.36 (KHTML, like Gecko) Chrome/151.0.7922.34 Mobile Safari/537.36
        - accept: */*
        - accept-encoding: gzip,deflate,br
        - cookie: e2e_admin=1

        at apiRequestContext.get: connect ECONNREFUSED ::1:4000
        at /home/tbaltzakis/cloudless.gr/e2e/admin-api-deep.spec.mts:67:31

    attachment #1: screenshot (image/png) ──────────────────────────────────────────────────────────
    test-results/admin-api-deep-Admin-APIs--25305-i-report-insights-—-non-5xx-mobile-chrome/test-failed-1.png
    ────────────────────────────────────────────────────────────────────────────────────────────────

    attachment #2: video (video/webm) ──────────────────────────────────────────────────────────────
    test-results/admin-api-deep-Admin-APIs--25305-i-report-insights-—-non-5xx-mobile-chrome/video.webm
    ────────────────────────────────────────────────────────────────────────────────────────────────

    Error Context: test-results/admin-api-deep-Admin-APIs--25305-i-report-insights-—-non-5xx-mobile-chrome/error-context.md

    Retry #1 ───────────────────────────────────────────────────────────────────────────────────────

    Error: apiRequestContext.get: connect ECONNREFUSED ::1:4000
    Call log:
      - → GET http://localhost:4000/api/admin/ai/report-insights
        - user-agent: Mozilla/5.0 (Linux; Android 14; Pixel 7) AppleWebKit/537.36 (KHTML, like Gecko) Chrome/151.0.7922.34 Mobile Safari/537.36
        - accept: */*
        - accept-encoding: gzip,deflate,br
        - cookie: e2e_admin=1

        at apiRequestContext.get: connect ECONNREFUSED ::1:4000
        at /home/tbaltzakis/cloudless.gr/e2e/admin-api-deep.spec.mts:67:31

    attachment #1: screenshot (image/png) ──────────────────────────────────────────────────────────
    test-results/admin-api-deep-Admin-APIs--25305-i-report-insights-—-non-5xx-mobile-chrome-retry1/test-failed-1.png
    ────────────────────────────────────────────────────────────────────────────────────────────────

    attachment #2: video (video/webm) ──────────────────────────────────────────────────────────────
    test-results/admin-api-deep-Admin-APIs--25305-i-report-insights-—-non-5xx-mobile-chrome-retry1/video.webm
    ────────────────────────────────────────────────────────────────────────────────────────────────

    Error Context: test-results/admin-api-deep-Admin-APIs--25305-i-report-insights-—-non-5xx-mobile-chrome-retry1/error-context.md

    attachment #4: trace (application/zip) ─────────────────────────────────────────────────────────
    test-results/admin-api-deep-Admin-APIs--25305-i-report-insights-—-non-5xx-mobile-chrome-retry1/trace.zip
    Usage:

        npx playwright show-trace test-results/admin-api-deep-Admin-APIs--25305-i-report-insights-—-non-5xx-mobile-chrome-retry1/trace.zip

    ────────────────────────────────────────────────────────────────────────────────────────────────

  597) [mobile-chrome] › e2e/admin-api-deep.spec.mts:66:5 › Admin APIs authenticated › auth GET /api/admin/analytics/countries — non-5xx 

    Error: apiRequestContext.get: connect ECONNREFUSED ::1:4000
    Call log:
      - → GET http://localhost:4000/api/admin/analytics/countries
        - user-agent: Mozilla/5.0 (Linux; Android 14; Pixel 7) AppleWebKit/537.36 (KHTML, like Gecko) Chrome/151.0.7922.34 Mobile Safari/537.36
        - accept: */*
        - accept-encoding: gzip,deflate,br
        - cookie: e2e_admin=1

        at apiRequestContext.get: connect ECONNREFUSED ::1:4000
        at /home/tbaltzakis/cloudless.gr/e2e/admin-api-deep.spec.mts:67:31

    attachment #1: screenshot (image/png) ──────────────────────────────────────────────────────────
    test-results/admin-api-deep-Admin-APIs--0428a-alytics-countries-—-non-5xx-mobile-chrome/test-failed-1.png
    ────────────────────────────────────────────────────────────────────────────────────────────────

    attachment #2: video (video/webm) ──────────────────────────────────────────────────────────────
    test-results/admin-api-deep-Admin-APIs--0428a-alytics-countries-—-non-5xx-mobile-chrome/video.webm
    ────────────────────────────────────────────────────────────────────────────────────────────────

    Error Context: test-results/admin-api-deep-Admin-APIs--0428a-alytics-countries-—-non-5xx-mobile-chrome/error-context.md

    Retry #1 ───────────────────────────────────────────────────────────────────────────────────────

    Error: apiRequestContext.get: connect ECONNREFUSED ::1:4000
    Call log:
      - → GET http://localhost:4000/api/admin/analytics/countries
        - user-agent: Mozilla/5.0 (Linux; Android 14; Pixel 7) AppleWebKit/537.36 (KHTML, like Gecko) Chrome/151.0.7922.34 Mobile Safari/537.36
        - accept: */*
        - accept-encoding: gzip,deflate,br
        - cookie: e2e_admin=1

        at apiRequestContext.get: connect ECONNREFUSED ::1:4000
        at /home/tbaltzakis/cloudless.gr/e2e/admin-api-deep.spec.mts:67:31

    attachment #1: screenshot (image/png) ──────────────────────────────────────────────────────────
    test-results/admin-api-deep-Admin-APIs--0428a-alytics-countries-—-non-5xx-mobile-chrome-retry1/test-failed-1.png
    ────────────────────────────────────────────────────────────────────────────────────────────────

    attachment #2: video (video/webm) ──────────────────────────────────────────────────────────────
    test-results/admin-api-deep-Admin-APIs--0428a-alytics-countries-—-non-5xx-mobile-chrome-retry1/video.webm
    ────────────────────────────────────────────────────────────────────────────────────────────────

    Error Context: test-results/admin-api-deep-Admin-APIs--0428a-alytics-countries-—-non-5xx-mobile-chrome-retry1/error-context.md

    attachment #4: trace (application/zip) ─────────────────────────────────────────────────────────
    test-results/admin-api-deep-Admin-APIs--0428a-alytics-countries-—-non-5xx-mobile-chrome-retry1/trace.zip
    Usage:

        npx playwright show-trace test-results/admin-api-deep-Admin-APIs--0428a-alytics-countries-—-non-5xx-mobile-chrome-retry1/trace.zip

    ────────────────────────────────────────────────────────────────────────────────────────────────

  598) [mobile-chrome] › e2e/admin-api-deep.spec.mts:66:5 › Admin APIs authenticated › auth GET /api/admin/analytics/ctr-opportunities — non-5xx 

    Error: apiRequestContext.get: connect ECONNREFUSED ::1:4000
    Call log:
      - → GET http://localhost:4000/api/admin/analytics/ctr-opportunities
        - user-agent: Mozilla/5.0 (Linux; Android 14; Pixel 7) AppleWebKit/537.36 (KHTML, like Gecko) Chrome/151.0.7922.34 Mobile Safari/537.36
        - accept: */*
        - accept-encoding: gzip,deflate,br
        - cookie: e2e_admin=1

        at apiRequestContext.get: connect ECONNREFUSED ::1:4000
        at /home/tbaltzakis/cloudless.gr/e2e/admin-api-deep.spec.mts:67:31

    attachment #1: screenshot (image/png) ──────────────────────────────────────────────────────────
    test-results/admin-api-deep-Admin-APIs--3f5a8-ctr-opportunities-—-non-5xx-mobile-chrome/test-failed-1.png
    ────────────────────────────────────────────────────────────────────────────────────────────────

    attachment #2: video (video/webm) ──────────────────────────────────────────────────────────────
    test-results/admin-api-deep-Admin-APIs--3f5a8-ctr-opportunities-—-non-5xx-mobile-chrome/video.webm
    ────────────────────────────────────────────────────────────────────────────────────────────────

    Error Context: test-results/admin-api-deep-Admin-APIs--3f5a8-ctr-opportunities-—-non-5xx-mobile-chrome/error-context.md

    Retry #1 ───────────────────────────────────────────────────────────────────────────────────────

    Error: apiRequestContext.get: connect ECONNREFUSED ::1:4000
    Call log:
      - → GET http://localhost:4000/api/admin/analytics/ctr-opportunities
        - user-agent: Mozilla/5.0 (Linux; Android 14; Pixel 7) AppleWebKit/537.36 (KHTML, like Gecko) Chrome/151.0.7922.34 Mobile Safari/537.36
        - accept: */*
        - accept-encoding: gzip,deflate,br
        - cookie: e2e_admin=1

        at apiRequestContext.get: connect ECONNREFUSED ::1:4000
        at /home/tbaltzakis/cloudless.gr/e2e/admin-api-deep.spec.mts:67:31

    attachment #1: screenshot (image/png) ──────────────────────────────────────────────────────────
    test-results/admin-api-deep-Admin-APIs--3f5a8-ctr-opportunities-—-non-5xx-mobile-chrome-retry1/test-failed-1.png
    ────────────────────────────────────────────────────────────────────────────────────────────────

    attachment #2: video (video/webm) ──────────────────────────────────────────────────────────────
    test-results/admin-api-deep-Admin-APIs--3f5a8-ctr-opportunities-—-non-5xx-mobile-chrome-retry1/video.webm
    ────────────────────────────────────────────────────────────────────────────────────────────────

    Error Context: test-results/admin-api-deep-Admin-APIs--3f5a8-ctr-opportunities-—-non-5xx-mobile-chrome-retry1/error-context.md

    attachment #4: trace (application/zip) ─────────────────────────────────────────────────────────
    test-results/admin-api-deep-Admin-APIs--3f5a8-ctr-opportunities-—-non-5xx-mobile-chrome-retry1/trace.zip
    Usage:

        npx playwright show-trace test-results/admin-api-deep-Admin-APIs--3f5a8-ctr-opportunities-—-non-5xx-mobile-chrome-retry1/trace.zip

    ────────────────────────────────────────────────────────────────────────────────────────────────

  599) [mobile-chrome] › e2e/admin-api-deep.spec.mts:66:5 › Admin APIs authenticated › auth GET /api/admin/analytics/devices — non-5xx 

    Error: apiRequestContext.get: connect ECONNREFUSED ::1:4000
    Call log:
      - → GET http://localhost:4000/api/admin/analytics/devices
        - user-agent: Mozilla/5.0 (Linux; Android 14; Pixel 7) AppleWebKit/537.36 (KHTML, like Gecko) Chrome/151.0.7922.34 Mobile Safari/537.36
        - accept: */*
        - accept-encoding: gzip,deflate,br
        - cookie: e2e_admin=1

        at apiRequestContext.get: connect ECONNREFUSED ::1:4000
        at /home/tbaltzakis/cloudless.gr/e2e/admin-api-deep.spec.mts:67:31

    attachment #1: screenshot (image/png) ──────────────────────────────────────────────────────────
    test-results/admin-api-deep-Admin-APIs--4e84d-analytics-devices-—-non-5xx-mobile-chrome/test-failed-1.png
    ────────────────────────────────────────────────────────────────────────────────────────────────

    attachment #2: video (video/webm) ──────────────────────────────────────────────────────────────
    test-results/admin-api-deep-Admin-APIs--4e84d-analytics-devices-—-non-5xx-mobile-chrome/video.webm
    ────────────────────────────────────────────────────────────────────────────────────────────────

    Error Context: test-results/admin-api-deep-Admin-APIs--4e84d-analytics-devices-—-non-5xx-mobile-chrome/error-context.md

    Retry #1 ───────────────────────────────────────────────────────────────────────────────────────

    Error: apiRequestContext.get: connect ECONNREFUSED ::1:4000
    Call log:
      - → GET http://localhost:4000/api/admin/analytics/devices
        - user-agent: Mozilla/5.0 (Linux; Android 14; Pixel 7) AppleWebKit/537.36 (KHTML, like Gecko) Chrome/151.0.7922.34 Mobile Safari/537.36
        - accept: */*
        - accept-encoding: gzip,deflate,br
        - cookie: e2e_admin=1

        at apiRequestContext.get: connect ECONNREFUSED ::1:4000
        at /home/tbaltzakis/cloudless.gr/e2e/admin-api-deep.spec.mts:67:31

    attachment #1: screenshot (image/png) ──────────────────────────────────────────────────────────
    test-results/admin-api-deep-Admin-APIs--4e84d-analytics-devices-—-non-5xx-mobile-chrome-retry1/test-failed-1.png
    ────────────────────────────────────────────────────────────────────────────────────────────────

    attachment #2: video (video/webm) ──────────────────────────────────────────────────────────────
    test-results/admin-api-deep-Admin-APIs--4e84d-analytics-devices-—-non-5xx-mobile-chrome-retry1/video.webm
    ────────────────────────────────────────────────────────────────────────────────────────────────

    Error Context: test-results/admin-api-deep-Admin-APIs--4e84d-analytics-devices-—-non-5xx-mobile-chrome-retry1/error-context.md

    attachment #4: trace (application/zip) ─────────────────────────────────────────────────────────
    test-results/admin-api-deep-Admin-APIs--4e84d-analytics-devices-—-non-5xx-mobile-chrome-retry1/trace.zip
    Usage:

        npx playwright show-trace test-results/admin-api-deep-Admin-APIs--4e84d-analytics-devices-—-non-5xx-mobile-chrome-retry1/trace.zip

    ────────────────────────────────────────────────────────────────────────────────────────────────

  600) [mobile-chrome] › e2e/admin-api-deep.spec.mts:66:5 › Admin APIs authenticated › auth GET /api/admin/analytics/history — non-5xx 

    Error: apiRequestContext.get: connect ECONNREFUSED ::1:4000
    Call log:
      - → GET http://localhost:4000/api/admin/analytics/history
        - user-agent: Mozilla/5.0 (Linux; Android 14; Pixel 7) AppleWebKit/537.36 (KHTML, like Gecko) Chrome/151.0.7922.34 Mobile Safari/537.36
        - accept: */*
        - accept-encoding: gzip,deflate,br
        - cookie: e2e_admin=1

        at apiRequestContext.get: connect ECONNREFUSED ::1:4000
        at /home/tbaltzakis/cloudless.gr/e2e/admin-api-deep.spec.mts:67:31

    attachment #1: screenshot (image/png) ──────────────────────────────────────────────────────────
    test-results/admin-api-deep-Admin-APIs--174b7-analytics-history-—-non-5xx-mobile-chrome/test-failed-1.png
    ────────────────────────────────────────────────────────────────────────────────────────────────

    attachment #2: video (video/webm) ──────────────────────────────────────────────────────────────
    test-results/admin-api-deep-Admin-APIs--174b7-analytics-history-—-non-5xx-mobile-chrome/video.webm
    ────────────────────────────────────────────────────────────────────────────────────────────────

    Error Context: test-results/admin-api-deep-Admin-APIs--174b7-analytics-history-—-non-5xx-mobile-chrome/error-context.md

    Retry #1 ───────────────────────────────────────────────────────────────────────────────────────

    Error: apiRequestContext.get: connect ECONNREFUSED ::1:4000
    Call log:
      - → GET http://localhost:4000/api/admin/analytics/history
        - user-agent: Mozilla/5.0 (Linux; Android 14; Pixel 7) AppleWebKit/537.36 (KHTML, like Gecko) Chrome/151.0.7922.34 Mobile Safari/537.36
        - accept: */*
        - accept-encoding: gzip,deflate,br
        - cookie: e2e_admin=1

        at apiRequestContext.get: connect ECONNREFUSED ::1:4000
        at /home/tbaltzakis/cloudless.gr/e2e/admin-api-deep.spec.mts:67:31

    attachment #1: screenshot (image/png) ──────────────────────────────────────────────────────────
    test-results/admin-api-deep-Admin-APIs--174b7-analytics-history-—-non-5xx-mobile-chrome-retry1/test-failed-1.png
    ────────────────────────────────────────────────────────────────────────────────────────────────

    attachment #2: video (video/webm) ──────────────────────────────────────────────────────────────
    test-results/admin-api-deep-Admin-APIs--174b7-analytics-history-—-non-5xx-mobile-chrome-retry1/video.webm
    ────────────────────────────────────────────────────────────────────────────────────────────────

    Error Context: test-results/admin-api-deep-Admin-APIs--174b7-analytics-history-—-non-5xx-mobile-chrome-retry1/error-context.md

    attachment #4: trace (application/zip) ─────────────────────────────────────────────────────────
    test-results/admin-api-deep-Admin-APIs--174b7-analytics-history-—-non-5xx-mobile-chrome-retry1/trace.zip
    Usage:

        npx playwright show-trace test-results/admin-api-deep-Admin-APIs--174b7-analytics-history-—-non-5xx-mobile-chrome-retry1/trace.zip

    ────────────────────────────────────────────────────────────────────────────────────────────────

  601) [mobile-chrome] › e2e/admin-api-deep.spec.mts:66:5 › Admin APIs authenticated › auth GET /api/admin/analytics/keywords — non-5xx 

    Error: apiRequestContext.get: connect ECONNREFUSED ::1:4000
    Call log:
      - → GET http://localhost:4000/api/admin/analytics/keywords
        - user-agent: Mozilla/5.0 (Linux; Android 14; Pixel 7) AppleWebKit/537.36 (KHTML, like Gecko) Chrome/151.0.7922.34 Mobile Safari/537.36
        - accept: */*
        - accept-encoding: gzip,deflate,br
        - cookie: e2e_admin=1

        at apiRequestContext.get: connect ECONNREFUSED ::1:4000
        at /home/tbaltzakis/cloudless.gr/e2e/admin-api-deep.spec.mts:67:31

    attachment #1: screenshot (image/png) ──────────────────────────────────────────────────────────
    test-results/admin-api-deep-Admin-APIs--c8c93-nalytics-keywords-—-non-5xx-mobile-chrome/test-failed-1.png
    ────────────────────────────────────────────────────────────────────────────────────────────────

    attachment #2: video (video/webm) ──────────────────────────────────────────────────────────────
    test-results/admin-api-deep-Admin-APIs--c8c93-nalytics-keywords-—-non-5xx-mobile-chrome/video.webm
    ────────────────────────────────────────────────────────────────────────────────────────────────

    Error Context: test-results/admin-api-deep-Admin-APIs--c8c93-nalytics-keywords-—-non-5xx-mobile-chrome/error-context.md

    Retry #1 ───────────────────────────────────────────────────────────────────────────────────────

    Error: apiRequestContext.get: connect ECONNREFUSED ::1:4000
    Call log:
      - → GET http://localhost:4000/api/admin/analytics/keywords
        - user-agent: Mozilla/5.0 (Linux; Android 14; Pixel 7) AppleWebKit/537.36 (KHTML, like Gecko) Chrome/151.0.7922.34 Mobile Safari/537.36
        - accept: */*
        - accept-encoding: gzip,deflate,br
        - cookie: e2e_admin=1

        at apiRequestContext.get: connect ECONNREFUSED ::1:4000
        at /home/tbaltzakis/cloudless.gr/e2e/admin-api-deep.spec.mts:67:31

    attachment #1: screenshot (image/png) ──────────────────────────────────────────────────────────
    test-results/admin-api-deep-Admin-APIs--c8c93-nalytics-keywords-—-non-5xx-mobile-chrome-retry1/test-failed-1.png
    ────────────────────────────────────────────────────────────────────────────────────────────────

    attachment #2: video (video/webm) ──────────────────────────────────────────────────────────────
    test-results/admin-api-deep-Admin-APIs--c8c93-nalytics-keywords-—-non-5xx-mobile-chrome-retry1/video.webm
    ────────────────────────────────────────────────────────────────────────────────────────────────

    Error Context: test-results/admin-api-deep-Admin-APIs--c8c93-nalytics-keywords-—-non-5xx-mobile-chrome-retry1/error-context.md

    attachment #4: trace (application/zip) ─────────────────────────────────────────────────────────
    test-results/admin-api-deep-Admin-APIs--c8c93-nalytics-keywords-—-non-5xx-mobile-chrome-retry1/trace.zip
    Usage:

        npx playwright show-trace test-results/admin-api-deep-Admin-APIs--c8c93-nalytics-keywords-—-non-5xx-mobile-chrome-retry1/trace.zip

    ────────────────────────────────────────────────────────────────────────────────────────────────

  602) [mobile-chrome] › e2e/admin-api-deep.spec.mts:66:5 › Admin APIs authenticated › auth GET /api/admin/analytics/pages — non-5xx 

    Error: apiRequestContext.get: connect ECONNREFUSED ::1:4000
    Call log:
      - → GET http://localhost:4000/api/admin/analytics/pages
        - user-agent: Mozilla/5.0 (Linux; Android 14; Pixel 7) AppleWebKit/537.36 (KHTML, like Gecko) Chrome/151.0.7922.34 Mobile Safari/537.36
        - accept: */*
        - accept-encoding: gzip,deflate,br
        - cookie: e2e_admin=1

        at apiRequestContext.get: connect ECONNREFUSED ::1:4000
        at /home/tbaltzakis/cloudless.gr/e2e/admin-api-deep.spec.mts:67:31

    attachment #1: screenshot (image/png) ──────────────────────────────────────────────────────────
    test-results/admin-api-deep-Admin-APIs--e8a3a-n-analytics-pages-—-non-5xx-mobile-chrome/test-failed-1.png
    ────────────────────────────────────────────────────────────────────────────────────────────────

    attachment #2: video (video/webm) ──────────────────────────────────────────────────────────────
    test-results/admin-api-deep-Admin-APIs--e8a3a-n-analytics-pages-—-non-5xx-mobile-chrome/video.webm
    ────────────────────────────────────────────────────────────────────────────────────────────────

    Error Context: test-results/admin-api-deep-Admin-APIs--e8a3a-n-analytics-pages-—-non-5xx-mobile-chrome/error-context.md

    Retry #1 ───────────────────────────────────────────────────────────────────────────────────────

    Error: apiRequestContext.get: connect ECONNREFUSED ::1:4000
    Call log:
      - → GET http://localhost:4000/api/admin/analytics/pages
        - user-agent: Mozilla/5.0 (Linux; Android 14; Pixel 7) AppleWebKit/537.36 (KHTML, like Gecko) Chrome/151.0.7922.34 Mobile Safari/537.36
        - accept: */*
        - accept-encoding: gzip,deflate,br
        - cookie: e2e_admin=1

        at apiRequestContext.get: connect ECONNREFUSED ::1:4000
        at /home/tbaltzakis/cloudless.gr/e2e/admin-api-deep.spec.mts:67:31

    attachment #1: screenshot (image/png) ──────────────────────────────────────────────────────────
    test-results/admin-api-deep-Admin-APIs--e8a3a-n-analytics-pages-—-non-5xx-mobile-chrome-retry1/test-failed-1.png
    ────────────────────────────────────────────────────────────────────────────────────────────────

    attachment #2: video (video/webm) ──────────────────────────────────────────────────────────────
    test-results/admin-api-deep-Admin-APIs--e8a3a-n-analytics-pages-—-non-5xx-mobile-chrome-retry1/video.webm
    ────────────────────────────────────────────────────────────────────────────────────────────────

    Error Context: test-results/admin-api-deep-Admin-APIs--e8a3a-n-analytics-pages-—-non-5xx-mobile-chrome-retry1/error-context.md

    attachment #4: trace (application/zip) ─────────────────────────────────────────────────────────
    test-results/admin-api-deep-Admin-APIs--e8a3a-n-analytics-pages-—-non-5xx-mobile-chrome-retry1/trace.zip
    Usage:

        npx playwright show-trace test-results/admin-api-deep-Admin-APIs--e8a3a-n-analytics-pages-—-non-5xx-mobile-chrome-retry1/trace.zip

    ────────────────────────────────────────────────────────────────────────────────────────────────

  603) [mobile-chrome] › e2e/admin-api-deep.spec.mts:66:5 › Admin APIs authenticated › auth GET /api/admin/analytics/products — non-5xx 

    Error: apiRequestContext.get: connect ECONNREFUSED ::1:4000
    Call log:
      - → GET http://localhost:4000/api/admin/analytics/products
        - user-agent: Mozilla/5.0 (Linux; Android 14; Pixel 7) AppleWebKit/537.36 (KHTML, like Gecko) Chrome/151.0.7922.34 Mobile Safari/537.36
        - accept: */*
        - accept-encoding: gzip,deflate,br
        - cookie: e2e_admin=1

        at apiRequestContext.get: connect ECONNREFUSED ::1:4000
        at /home/tbaltzakis/cloudless.gr/e2e/admin-api-deep.spec.mts:67:31

    attachment #1: screenshot (image/png) ──────────────────────────────────────────────────────────
    test-results/admin-api-deep-Admin-APIs--850fa-nalytics-products-—-non-5xx-mobile-chrome/test-failed-1.png
    ────────────────────────────────────────────────────────────────────────────────────────────────

    attachment #2: video (video/webm) ──────────────────────────────────────────────────────────────
    test-results/admin-api-deep-Admin-APIs--850fa-nalytics-products-—-non-5xx-mobile-chrome/video.webm
    ────────────────────────────────────────────────────────────────────────────────────────────────

    Error Context: test-results/admin-api-deep-Admin-APIs--850fa-nalytics-products-—-non-5xx-mobile-chrome/error-context.md

    Retry #1 ───────────────────────────────────────────────────────────────────────────────────────

    Error: apiRequestContext.get: connect ECONNREFUSED ::1:4000
    Call log:
      - → GET http://localhost:4000/api/admin/analytics/products
        - user-agent: Mozilla/5.0 (Linux; Android 14; Pixel 7) AppleWebKit/537.36 (KHTML, like Gecko) Chrome/151.0.7922.34 Mobile Safari/537.36
        - accept: */*
        - accept-encoding: gzip,deflate,br
        - cookie: e2e_admin=1

        at apiRequestContext.get: connect ECONNREFUSED ::1:4000
        at /home/tbaltzakis/cloudless.gr/e2e/admin-api-deep.spec.mts:67:31

    attachment #1: screenshot (image/png) ──────────────────────────────────────────────────────────
    test-results/admin-api-deep-Admin-APIs--850fa-nalytics-products-—-non-5xx-mobile-chrome-retry1/test-failed-1.png
    ────────────────────────────────────────────────────────────────────────────────────────────────

    attachment #2: video (video/webm) ──────────────────────────────────────────────────────────────
    test-results/admin-api-deep-Admin-APIs--850fa-nalytics-products-—-non-5xx-mobile-chrome-retry1/video.webm
    ────────────────────────────────────────────────────────────────────────────────────────────────

    Error Context: test-results/admin-api-deep-Admin-APIs--850fa-nalytics-products-—-non-5xx-mobile-chrome-retry1/error-context.md

    attachment #4: trace (application/zip) ─────────────────────────────────────────────────────────
    test-results/admin-api-deep-Admin-APIs--850fa-nalytics-products-—-non-5xx-mobile-chrome-retry1/trace.zip
    Usage:

        npx playwright show-trace test-results/admin-api-deep-Admin-APIs--850fa-nalytics-products-—-non-5xx-mobile-chrome-retry1/trace.zip

    ────────────────────────────────────────────────────────────────────────────────────────────────

  604) [mobile-chrome] › e2e/admin-api-deep.spec.mts:66:5 › Admin APIs authenticated › auth GET /api/admin/analytics/query-pages — non-5xx 

    Error: apiRequestContext.get: connect ECONNREFUSED ::1:4000
    Call log:
      - → GET http://localhost:4000/api/admin/analytics/query-pages
        - user-agent: Mozilla/5.0 (Linux; Android 14; Pixel 7) AppleWebKit/537.36 (KHTML, like Gecko) Chrome/151.0.7922.34 Mobile Safari/537.36
        - accept: */*
        - accept-encoding: gzip,deflate,br
        - cookie: e2e_admin=1

        at apiRequestContext.get: connect ECONNREFUSED ::1:4000
        at /home/tbaltzakis/cloudless.gr/e2e/admin-api-deep.spec.mts:67:31

    attachment #1: screenshot (image/png) ──────────────────────────────────────────────────────────
    test-results/admin-api-deep-Admin-APIs--1286c-ytics-query-pages-—-non-5xx-mobile-chrome/test-failed-1.png
    ────────────────────────────────────────────────────────────────────────────────────────────────

    attachment #2: video (video/webm) ──────────────────────────────────────────────────────────────
    test-results/admin-api-deep-Admin-APIs--1286c-ytics-query-pages-—-non-5xx-mobile-chrome/video.webm
    ────────────────────────────────────────────────────────────────────────────────────────────────

    Error Context: test-results/admin-api-deep-Admin-APIs--1286c-ytics-query-pages-—-non-5xx-mobile-chrome/error-context.md

    Retry #1 ───────────────────────────────────────────────────────────────────────────────────────

    Error: apiRequestContext.get: connect ECONNREFUSED ::1:4000
    Call log:
      - → GET http://localhost:4000/api/admin/analytics/query-pages
        - user-agent: Mozilla/5.0 (Linux; Android 14; Pixel 7) AppleWebKit/537.36 (KHTML, like Gecko) Chrome/151.0.7922.34 Mobile Safari/537.36
        - accept: */*
        - accept-encoding: gzip,deflate,br
        - cookie: e2e_admin=1

        at apiRequestContext.get: connect ECONNREFUSED ::1:4000
        at /home/tbaltzakis/cloudless.gr/e2e/admin-api-deep.spec.mts:67:31

    attachment #1: screenshot (image/png) ──────────────────────────────────────────────────────────
    test-results/admin-api-deep-Admin-APIs--1286c-ytics-query-pages-—-non-5xx-mobile-chrome-retry1/test-failed-1.png
    ────────────────────────────────────────────────────────────────────────────────────────────────

    attachment #2: video (video/webm) ──────────────────────────────────────────────────────────────
    test-results/admin-api-deep-Admin-APIs--1286c-ytics-query-pages-—-non-5xx-mobile-chrome-retry1/video.webm
    ────────────────────────────────────────────────────────────────────────────────────────────────

    Error Context: test-results/admin-api-deep-Admin-APIs--1286c-ytics-query-pages-—-non-5xx-mobile-chrome-retry1/error-context.md

    attachment #4: trace (application/zip) ─────────────────────────────────────────────────────────
    test-results/admin-api-deep-Admin-APIs--1286c-ytics-query-pages-—-non-5xx-mobile-chrome-retry1/trace.zip
    Usage:

        npx playwright show-trace test-results/admin-api-deep-Admin-APIs--1286c-ytics-query-pages-—-non-5xx-mobile-chrome-retry1/trace.zip

    ────────────────────────────────────────────────────────────────────────────────────────────────

  605) [mobile-chrome] › e2e/admin-api-deep.spec.mts:66:5 › Admin APIs authenticated › auth GET /api/admin/analytics/search-intent — non-5xx 

    Error: apiRequestContext.get: connect ECONNREFUSED ::1:4000
    Call log:
      - → GET http://localhost:4000/api/admin/analytics/search-intent
        - user-agent: Mozilla/5.0 (Linux; Android 14; Pixel 7) AppleWebKit/537.36 (KHTML, like Gecko) Chrome/151.0.7922.34 Mobile Safari/537.36
        - accept: */*
        - accept-encoding: gzip,deflate,br
        - cookie: e2e_admin=1

        at apiRequestContext.get: connect ECONNREFUSED ::1:4000
        at /home/tbaltzakis/cloudless.gr/e2e/admin-api-deep.spec.mts:67:31

    attachment #1: screenshot (image/png) ──────────────────────────────────────────────────────────
    test-results/admin-api-deep-Admin-APIs--ae79d-ics-search-intent-—-non-5xx-mobile-chrome/test-failed-1.png
    ────────────────────────────────────────────────────────────────────────────────────────────────

    attachment #2: video (video/webm) ──────────────────────────────────────────────────────────────
    test-results/admin-api-deep-Admin-APIs--ae79d-ics-search-intent-—-non-5xx-mobile-chrome/video.webm
    ────────────────────────────────────────────────────────────────────────────────────────────────

    Error Context: test-results/admin-api-deep-Admin-APIs--ae79d-ics-search-intent-—-non-5xx-mobile-chrome/error-context.md

    Retry #1 ───────────────────────────────────────────────────────────────────────────────────────

    Error: apiRequestContext.get: connect ECONNREFUSED ::1:4000
    Call log:
      - → GET http://localhost:4000/api/admin/analytics/search-intent
        - user-agent: Mozilla/5.0 (Linux; Android 14; Pixel 7) AppleWebKit/537.36 (KHTML, like Gecko) Chrome/151.0.7922.34 Mobile Safari/537.36
        - accept: */*
        - accept-encoding: gzip,deflate,br
        - cookie: e2e_admin=1

        at apiRequestContext.get: connect ECONNREFUSED ::1:4000
        at /home/tbaltzakis/cloudless.gr/e2e/admin-api-deep.spec.mts:67:31

    attachment #1: screenshot (image/png) ──────────────────────────────────────────────────────────
    test-results/admin-api-deep-Admin-APIs--ae79d-ics-search-intent-—-non-5xx-mobile-chrome-retry1/test-failed-1.png
    ────────────────────────────────────────────────────────────────────────────────────────────────

    attachment #2: video (video/webm) ──────────────────────────────────────────────────────────────
    test-results/admin-api-deep-Admin-APIs--ae79d-ics-search-intent-—-non-5xx-mobile-chrome-retry1/video.webm
    ────────────────────────────────────────────────────────────────────────────────────────────────

    Error Context: test-results/admin-api-deep-Admin-APIs--ae79d-ics-search-intent-—-non-5xx-mobile-chrome-retry1/error-context.md

    attachment #4: trace (application/zip) ─────────────────────────────────────────────────────────
    test-results/admin-api-deep-Admin-APIs--ae79d-ics-search-intent-—-non-5xx-mobile-chrome-retry1/trace.zip
    Usage:

        npx playwright show-trace test-results/admin-api-deep-Admin-APIs--ae79d-ics-search-intent-—-non-5xx-mobile-chrome-retry1/trace.zip

    ────────────────────────────────────────────────────────────────────────────────────────────────

  606) [mobile-chrome] › e2e/admin-api-deep.spec.mts:66:5 › Admin APIs authenticated › auth GET /api/admin/analytics/seo — non-5xx 

    Error: apiRequestContext.get: connect ECONNREFUSED ::1:4000
    Call log:
      - → GET http://localhost:4000/api/admin/analytics/seo
        - user-agent: Mozilla/5.0 (Linux; Android 14; Pixel 7) AppleWebKit/537.36 (KHTML, like Gecko) Chrome/151.0.7922.34 Mobile Safari/537.36
        - accept: */*
        - accept-encoding: gzip,deflate,br
        - cookie: e2e_admin=1

        at apiRequestContext.get: connect ECONNREFUSED ::1:4000
        at /home/tbaltzakis/cloudless.gr/e2e/admin-api-deep.spec.mts:67:31

    attachment #1: screenshot (image/png) ──────────────────────────────────────────────────────────
    test-results/admin-api-deep-Admin-APIs--83e58-min-analytics-seo-—-non-5xx-mobile-chrome/test-failed-1.png
    ────────────────────────────────────────────────────────────────────────────────────────────────

    attachment #2: video (video/webm) ──────────────────────────────────────────────────────────────
    test-results/admin-api-deep-Admin-APIs--83e58-min-analytics-seo-—-non-5xx-mobile-chrome/video.webm
    ────────────────────────────────────────────────────────────────────────────────────────────────

    Error Context: test-results/admin-api-deep-Admin-APIs--83e58-min-analytics-seo-—-non-5xx-mobile-chrome/error-context.md

    Retry #1 ───────────────────────────────────────────────────────────────────────────────────────

    Error: apiRequestContext.get: connect ECONNREFUSED ::1:4000
    Call log:
      - → GET http://localhost:4000/api/admin/analytics/seo
        - user-agent: Mozilla/5.0 (Linux; Android 14; Pixel 7) AppleWebKit/537.36 (KHTML, like Gecko) Chrome/151.0.7922.34 Mobile Safari/537.36
        - accept: */*
        - accept-encoding: gzip,deflate,br
        - cookie: e2e_admin=1

        at apiRequestContext.get: connect ECONNREFUSED ::1:4000
        at /home/tbaltzakis/cloudless.gr/e2e/admin-api-deep.spec.mts:67:31

    attachment #1: screenshot (image/png) ──────────────────────────────────────────────────────────
    test-results/admin-api-deep-Admin-APIs--83e58-min-analytics-seo-—-non-5xx-mobile-chrome-retry1/test-failed-1.png
    ────────────────────────────────────────────────────────────────────────────────────────────────

    attachment #2: video (video/webm) ──────────────────────────────────────────────────────────────
    test-results/admin-api-deep-Admin-APIs--83e58-min-analytics-seo-—-non-5xx-mobile-chrome-retry1/video.webm
    ────────────────────────────────────────────────────────────────────────────────────────────────

    Error Context: test-results/admin-api-deep-Admin-APIs--83e58-min-analytics-seo-—-non-5xx-mobile-chrome-retry1/error-context.md

    attachment #4: trace (application/zip) ─────────────────────────────────────────────────────────
    test-results/admin-api-deep-Admin-APIs--83e58-min-analytics-seo-—-non-5xx-mobile-chrome-retry1/trace.zip
    Usage:

        npx playwright show-trace test-results/admin-api-deep-Admin-APIs--83e58-min-analytics-seo-—-non-5xx-mobile-chrome-retry1/trace.zip

    ────────────────────────────────────────────────────────────────────────────────────────────────

  607) [mobile-chrome] › e2e/admin-api-deep.spec.mts:66:5 › Admin APIs authenticated › auth GET /api/admin/analytics/unified — non-5xx 

    Error: apiRequestContext.get: connect ECONNREFUSED ::1:4000
    Call log:
      - → GET http://localhost:4000/api/admin/analytics/unified
        - user-agent: Mozilla/5.0 (Linux; Android 14; Pixel 7) AppleWebKit/537.36 (KHTML, like Gecko) Chrome/151.0.7922.34 Mobile Safari/537.36
        - accept: */*
        - accept-encoding: gzip,deflate,br
        - cookie: e2e_admin=1

        at apiRequestContext.get: connect ECONNREFUSED ::1:4000
        at /home/tbaltzakis/cloudless.gr/e2e/admin-api-deep.spec.mts:67:31

    attachment #1: screenshot (image/png) ──────────────────────────────────────────────────────────
    test-results/admin-api-deep-Admin-APIs--389fb-analytics-unified-—-non-5xx-mobile-chrome/test-failed-1.png
    ────────────────────────────────────────────────────────────────────────────────────────────────

    attachment #2: video (video/webm) ──────────────────────────────────────────────────────────────
    test-results/admin-api-deep-Admin-APIs--389fb-analytics-unified-—-non-5xx-mobile-chrome/video.webm
    ────────────────────────────────────────────────────────────────────────────────────────────────

    Error Context: test-results/admin-api-deep-Admin-APIs--389fb-analytics-unified-—-non-5xx-mobile-chrome/error-context.md

    Retry #1 ───────────────────────────────────────────────────────────────────────────────────────

    Error: apiRequestContext.get: connect ECONNREFUSED ::1:4000
    Call log:
      - → GET http://localhost:4000/api/admin/analytics/unified
        - user-agent: Mozilla/5.0 (Linux; Android 14; Pixel 7) AppleWebKit/537.36 (KHTML, like Gecko) Chrome/151.0.7922.34 Mobile Safari/537.36
        - accept: */*
        - accept-encoding: gzip,deflate,br
        - cookie: e2e_admin=1

        at apiRequestContext.get: connect ECONNREFUSED ::1:4000
        at /home/tbaltzakis/cloudless.gr/e2e/admin-api-deep.spec.mts:67:31

    attachment #1: screenshot (image/png) ──────────────────────────────────────────────────────────
    test-results/admin-api-deep-Admin-APIs--389fb-analytics-unified-—-non-5xx-mobile-chrome-retry1/test-failed-1.png
    ────────────────────────────────────────────────────────────────────────────────────────────────

    attachment #2: video (video/webm) ──────────────────────────────────────────────────────────────
    test-results/admin-api-deep-Admin-APIs--389fb-analytics-unified-—-non-5xx-mobile-chrome-retry1/video.webm
    ────────────────────────────────────────────────────────────────────────────────────────────────

    Error Context: test-results/admin-api-deep-Admin-APIs--389fb-analytics-unified-—-non-5xx-mobile-chrome-retry1/error-context.md

    attachment #4: trace (application/zip) ─────────────────────────────────────────────────────────
    test-results/admin-api-deep-Admin-APIs--389fb-analytics-unified-—-non-5xx-mobile-chrome-retry1/trace.zip
    Usage:

        npx playwright show-trace test-results/admin-api-deep-Admin-APIs--389fb-analytics-unified-—-non-5xx-mobile-chrome-retry1/trace.zip

    ────────────────────────────────────────────────────────────────────────────────────────────────

  608) [mobile-chrome] › e2e/admin-api-deep.spec.mts:66:5 › Admin APIs authenticated › auth GET /api/admin/analytics/web — non-5xx 

    Error: apiRequestContext.get: connect ECONNREFUSED ::1:4000
    Call log:
      - → GET http://localhost:4000/api/admin/analytics/web
        - user-agent: Mozilla/5.0 (Linux; Android 14; Pixel 7) AppleWebKit/537.36 (KHTML, like Gecko) Chrome/151.0.7922.34 Mobile Safari/537.36
        - accept: */*
        - accept-encoding: gzip,deflate,br
        - cookie: e2e_admin=1

        at apiRequestContext.get: connect ECONNREFUSED ::1:4000
        at /home/tbaltzakis/cloudless.gr/e2e/admin-api-deep.spec.mts:67:31

    attachment #1: screenshot (image/png) ──────────────────────────────────────────────────────────
    test-results/admin-api-deep-Admin-APIs--1aa42-min-analytics-web-—-non-5xx-mobile-chrome/test-failed-1.png
    ────────────────────────────────────────────────────────────────────────────────────────────────

    attachment #2: video (video/webm) ──────────────────────────────────────────────────────────────
    test-results/admin-api-deep-Admin-APIs--1aa42-min-analytics-web-—-non-5xx-mobile-chrome/video.webm
    ────────────────────────────────────────────────────────────────────────────────────────────────

    Error Context: test-results/admin-api-deep-Admin-APIs--1aa42-min-analytics-web-—-non-5xx-mobile-chrome/error-context.md

    Retry #1 ───────────────────────────────────────────────────────────────────────────────────────

    Error: apiRequestContext.get: connect ECONNREFUSED ::1:4000
    Call log:
      - → GET http://localhost:4000/api/admin/analytics/web
        - user-agent: Mozilla/5.0 (Linux; Android 14; Pixel 7) AppleWebKit/537.36 (KHTML, like Gecko) Chrome/151.0.7922.34 Mobile Safari/537.36
        - accept: */*
        - accept-encoding: gzip,deflate,br
        - cookie: e2e_admin=1

        at apiRequestContext.get: connect ECONNREFUSED ::1:4000
        at /home/tbaltzakis/cloudless.gr/e2e/admin-api-deep.spec.mts:67:31

    attachment #1: screenshot (image/png) ──────────────────────────────────────────────────────────
    test-results/admin-api-deep-Admin-APIs--1aa42-min-analytics-web-—-non-5xx-mobile-chrome-retry1/test-failed-1.png
    ────────────────────────────────────────────────────────────────────────────────────────────────

    attachment #2: video (video/webm) ──────────────────────────────────────────────────────────────
    test-results/admin-api-deep-Admin-APIs--1aa42-min-analytics-web-—-non-5xx-mobile-chrome-retry1/video.webm
    ────────────────────────────────────────────────────────────────────────────────────────────────

    Error Context: test-results/admin-api-deep-Admin-APIs--1aa42-min-analytics-web-—-non-5xx-mobile-chrome-retry1/error-context.md

    attachment #4: trace (application/zip) ─────────────────────────────────────────────────────────
    test-results/admin-api-deep-Admin-APIs--1aa42-min-analytics-web-—-non-5xx-mobile-chrome-retry1/trace.zip
    Usage:

        npx playwright show-trace test-results/admin-api-deep-Admin-APIs--1aa42-min-analytics-web-—-non-5xx-mobile-chrome-retry1/trace.zip

    ────────────────────────────────────────────────────────────────────────────────────────────────

  609) [mobile-chrome] › e2e/admin-api-deep.spec.mts:66:5 › Admin APIs authenticated › auth GET /api/admin/cache — non-5xx 

    Error: apiRequestContext.get: connect ECONNREFUSED ::1:4000
    Call log:
      - → GET http://localhost:4000/api/admin/cache
        - user-agent: Mozilla/5.0 (Linux; Android 14; Pixel 7) AppleWebKit/537.36 (KHTML, like Gecko) Chrome/151.0.7922.34 Mobile Safari/537.36
        - accept: */*
        - accept-encoding: gzip,deflate,br
        - cookie: e2e_admin=1

        at apiRequestContext.get: connect ECONNREFUSED ::1:4000
        at /home/tbaltzakis/cloudless.gr/e2e/admin-api-deep.spec.mts:67:31

    attachment #1: screenshot (image/png) ──────────────────────────────────────────────────────────
    test-results/admin-api-deep-Admin-APIs--53d9d-T-api-admin-cache-—-non-5xx-mobile-chrome/test-failed-1.png
    ────────────────────────────────────────────────────────────────────────────────────────────────

    attachment #2: video (video/webm) ──────────────────────────────────────────────────────────────
    test-results/admin-api-deep-Admin-APIs--53d9d-T-api-admin-cache-—-non-5xx-mobile-chrome/video.webm
    ────────────────────────────────────────────────────────────────────────────────────────────────

    Error Context: test-results/admin-api-deep-Admin-APIs--53d9d-T-api-admin-cache-—-non-5xx-mobile-chrome/error-context.md

    Retry #1 ───────────────────────────────────────────────────────────────────────────────────────

    Error: apiRequestContext.get: connect ECONNREFUSED ::1:4000
    Call log:
      - → GET http://localhost:4000/api/admin/cache
        - user-agent: Mozilla/5.0 (Linux; Android 14; Pixel 7) AppleWebKit/537.36 (KHTML, like Gecko) Chrome/151.0.7922.34 Mobile Safari/537.36
        - accept: */*
        - accept-encoding: gzip,deflate,br
        - cookie: e2e_admin=1

        at apiRequestContext.get: connect ECONNREFUSED ::1:4000
        at /home/tbaltzakis/cloudless.gr/e2e/admin-api-deep.spec.mts:67:31

    attachment #1: screenshot (image/png) ──────────────────────────────────────────────────────────
    test-results/admin-api-deep-Admin-APIs--53d9d-T-api-admin-cache-—-non-5xx-mobile-chrome-retry1/test-failed-1.png
    ────────────────────────────────────────────────────────────────────────────────────────────────

    attachment #2: video (video/webm) ──────────────────────────────────────────────────────────────
    test-results/admin-api-deep-Admin-APIs--53d9d-T-api-admin-cache-—-non-5xx-mobile-chrome-retry1/video.webm
    ────────────────────────────────────────────────────────────────────────────────────────────────

    Error Context: test-results/admin-api-deep-Admin-APIs--53d9d-T-api-admin-cache-—-non-5xx-mobile-chrome-retry1/error-context.md

    attachment #4: trace (application/zip) ─────────────────────────────────────────────────────────
    test-results/admin-api-deep-Admin-APIs--53d9d-T-api-admin-cache-—-non-5xx-mobile-chrome-retry1/trace.zip
    Usage:

        npx playwright show-trace test-results/admin-api-deep-Admin-APIs--53d9d-T-api-admin-cache-—-non-5xx-mobile-chrome-retry1/trace.zip

    ────────────────────────────────────────────────────────────────────────────────────────────────

  610) [mobile-chrome] › e2e/admin-api-deep.spec.mts:66:5 › Admin APIs authenticated › auth GET /api/admin/calendar — non-5xx 

    Error: apiRequestContext.get: connect ECONNREFUSED ::1:4000
    Call log:
      - → GET http://localhost:4000/api/admin/calendar
        - user-agent: Mozilla/5.0 (Linux; Android 14; Pixel 7) AppleWebKit/537.36 (KHTML, like Gecko) Chrome/151.0.7922.34 Mobile Safari/537.36
        - accept: */*
        - accept-encoding: gzip,deflate,br
        - cookie: e2e_admin=1

        at apiRequestContext.get: connect ECONNREFUSED ::1:4000
        at /home/tbaltzakis/cloudless.gr/e2e/admin-api-deep.spec.mts:67:31

    attachment #1: screenshot (image/png) ──────────────────────────────────────────────────────────
    test-results/admin-api-deep-Admin-APIs--f74a0-pi-admin-calendar-—-non-5xx-mobile-chrome/test-failed-1.png
    ────────────────────────────────────────────────────────────────────────────────────────────────

    attachment #2: video (video/webm) ──────────────────────────────────────────────────────────────
    test-results/admin-api-deep-Admin-APIs--f74a0-pi-admin-calendar-—-non-5xx-mobile-chrome/video.webm
    ────────────────────────────────────────────────────────────────────────────────────────────────

    Error Context: test-results/admin-api-deep-Admin-APIs--f74a0-pi-admin-calendar-—-non-5xx-mobile-chrome/error-context.md

    Retry #1 ───────────────────────────────────────────────────────────────────────────────────────

    Error: apiRequestContext.get: connect ECONNREFUSED ::1:4000
    Call log:
      - → GET http://localhost:4000/api/admin/calendar
        - user-agent: Mozilla/5.0 (Linux; Android 14; Pixel 7) AppleWebKit/537.36 (KHTML, like Gecko) Chrome/151.0.7922.34 Mobile Safari/537.36
        - accept: */*
        - accept-encoding: gzip,deflate,br
        - cookie: e2e_admin=1

        at apiRequestContext.get: connect ECONNREFUSED ::1:4000
        at /home/tbaltzakis/cloudless.gr/e2e/admin-api-deep.spec.mts:67:31

    attachment #1: screenshot (image/png) ──────────────────────────────────────────────────────────
    test-results/admin-api-deep-Admin-APIs--f74a0-pi-admin-calendar-—-non-5xx-mobile-chrome-retry1/test-failed-1.png
    ────────────────────────────────────────────────────────────────────────────────────────────────

    attachment #2: video (video/webm) ──────────────────────────────────────────────────────────────
    test-results/admin-api-deep-Admin-APIs--f74a0-pi-admin-calendar-—-non-5xx-mobile-chrome-retry1/video.webm
    ────────────────────────────────────────────────────────────────────────────────────────────────

    Error Context: test-results/admin-api-deep-Admin-APIs--f74a0-pi-admin-calendar-—-non-5xx-mobile-chrome-retry1/error-context.md

    attachment #4: trace (application/zip) ─────────────────────────────────────────────────────────
    test-results/admin-api-deep-Admin-APIs--f74a0-pi-admin-calendar-—-non-5xx-mobile-chrome-retry1/trace.zip
    Usage:

        npx playwright show-trace test-results/admin-api-deep-Admin-APIs--f74a0-pi-admin-calendar-—-non-5xx-mobile-chrome-retry1/trace.zip

    ────────────────────────────────────────────────────────────────────────────────────────────────

  611) [mobile-chrome] › e2e/admin-api-deep.spec.mts:66:5 › Admin APIs authenticated › auth GET /api/admin/calendar/create — non-5xx 

    Error: apiRequestContext.get: connect ECONNREFUSED ::1:4000
    Call log:
      - → GET http://localhost:4000/api/admin/calendar/create
        - user-agent: Mozilla/5.0 (Linux; Android 14; Pixel 7) AppleWebKit/537.36 (KHTML, like Gecko) Chrome/151.0.7922.34 Mobile Safari/537.36
        - accept: */*
        - accept-encoding: gzip,deflate,br
        - cookie: e2e_admin=1

        at apiRequestContext.get: connect ECONNREFUSED ::1:4000
        at /home/tbaltzakis/cloudless.gr/e2e/admin-api-deep.spec.mts:67:31

    attachment #1: screenshot (image/png) ──────────────────────────────────────────────────────────
    test-results/admin-api-deep-Admin-APIs--ffa7f-n-calendar-create-—-non-5xx-mobile-chrome/test-failed-1.png
    ────────────────────────────────────────────────────────────────────────────────────────────────

    attachment #2: video (video/webm) ──────────────────────────────────────────────────────────────
    test-results/admin-api-deep-Admin-APIs--ffa7f-n-calendar-create-—-non-5xx-mobile-chrome/video.webm
    ────────────────────────────────────────────────────────────────────────────────────────────────

    Error Context: test-results/admin-api-deep-Admin-APIs--ffa7f-n-calendar-create-—-non-5xx-mobile-chrome/error-context.md

    Retry #1 ───────────────────────────────────────────────────────────────────────────────────────

    Error: apiRequestContext.get: connect ECONNREFUSED ::1:4000
    Call log:
      - → GET http://localhost:4000/api/admin/calendar/create
        - user-agent: Mozilla/5.0 (Linux; Android 14; Pixel 7) AppleWebKit/537.36 (KHTML, like Gecko) Chrome/151.0.7922.34 Mobile Safari/537.36
        - accept: */*
        - accept-encoding: gzip,deflate,br
        - cookie: e2e_admin=1

        at apiRequestContext.get: connect ECONNREFUSED ::1:4000
        at /home/tbaltzakis/cloudless.gr/e2e/admin-api-deep.spec.mts:67:31

    attachment #1: screenshot (image/png) ──────────────────────────────────────────────────────────
    test-results/admin-api-deep-Admin-APIs--ffa7f-n-calendar-create-—-non-5xx-mobile-chrome-retry1/test-failed-1.png
    ────────────────────────────────────────────────────────────────────────────────────────────────

    attachment #2: video (video/webm) ──────────────────────────────────────────────────────────────
    test-results/admin-api-deep-Admin-APIs--ffa7f-n-calendar-create-—-non-5xx-mobile-chrome-retry1/video.webm
    ────────────────────────────────────────────────────────────────────────────────────────────────

    Error Context: test-results/admin-api-deep-Admin-APIs--ffa7f-n-calendar-create-—-non-5xx-mobile-chrome-retry1/error-context.md

    attachment #4: trace (application/zip) ─────────────────────────────────────────────────────────
    test-results/admin-api-deep-Admin-APIs--ffa7f-n-calendar-create-—-non-5xx-mobile-chrome-retry1/trace.zip
    Usage:

        npx playwright show-trace test-results/admin-api-deep-Admin-APIs--ffa7f-n-calendar-create-—-non-5xx-mobile-chrome-retry1/trace.zip

    ────────────────────────────────────────────────────────────────────────────────────────────────

  612) [mobile-chrome] › e2e/admin-api-deep.spec.mts:66:5 › Admin APIs authenticated › auth GET /api/admin/campaigns/google — non-5xx 

    Error: apiRequestContext.get: connect ECONNREFUSED ::1:4000
    Call log:
      - → GET http://localhost:4000/api/admin/campaigns/google
        - user-agent: Mozilla/5.0 (Linux; Android 14; Pixel 7) AppleWebKit/537.36 (KHTML, like Gecko) Chrome/151.0.7922.34 Mobile Safari/537.36
        - accept: */*
        - accept-encoding: gzip,deflate,br
        - cookie: e2e_admin=1

        at apiRequestContext.get: connect ECONNREFUSED ::1:4000
        at /home/tbaltzakis/cloudless.gr/e2e/admin-api-deep.spec.mts:67:31

    attachment #1: screenshot (image/png) ──────────────────────────────────────────────────────────
    test-results/admin-api-deep-Admin-APIs--f93d0--campaigns-google-—-non-5xx-mobile-chrome/test-failed-1.png
    ────────────────────────────────────────────────────────────────────────────────────────────────

    attachment #2: video (video/webm) ──────────────────────────────────────────────────────────────
    test-results/admin-api-deep-Admin-APIs--f93d0--campaigns-google-—-non-5xx-mobile-chrome/video.webm
    ────────────────────────────────────────────────────────────────────────────────────────────────

    Error Context: test-results/admin-api-deep-Admin-APIs--f93d0--campaigns-google-—-non-5xx-mobile-chrome/error-context.md

    Retry #1 ───────────────────────────────────────────────────────────────────────────────────────

    Error: apiRequestContext.get: connect ECONNREFUSED ::1:4000
    Call log:
      - → GET http://localhost:4000/api/admin/campaigns/google
        - user-agent: Mozilla/5.0 (Linux; Android 14; Pixel 7) AppleWebKit/537.36 (KHTML, like Gecko) Chrome/151.0.7922.34 Mobile Safari/537.36
        - accept: */*
        - accept-encoding: gzip,deflate,br
        - cookie: e2e_admin=1

        at apiRequestContext.get: connect ECONNREFUSED ::1:4000
        at /home/tbaltzakis/cloudless.gr/e2e/admin-api-deep.spec.mts:67:31

    attachment #1: screenshot (image/png) ──────────────────────────────────────────────────────────
    test-results/admin-api-deep-Admin-APIs--f93d0--campaigns-google-—-non-5xx-mobile-chrome-retry1/test-failed-1.png
    ────────────────────────────────────────────────────────────────────────────────────────────────

    attachment #2: video (video/webm) ──────────────────────────────────────────────────────────────
    test-results/admin-api-deep-Admin-APIs--f93d0--campaigns-google-—-non-5xx-mobile-chrome-retry1/video.webm
    ────────────────────────────────────────────────────────────────────────────────────────────────

    Error Context: test-results/admin-api-deep-Admin-APIs--f93d0--campaigns-google-—-non-5xx-mobile-chrome-retry1/error-context.md

    attachment #4: trace (application/zip) ─────────────────────────────────────────────────────────
    test-results/admin-api-deep-Admin-APIs--f93d0--campaigns-google-—-non-5xx-mobile-chrome-retry1/trace.zip
    Usage:

        npx playwright show-trace test-results/admin-api-deep-Admin-APIs--f93d0--campaigns-google-—-non-5xx-mobile-chrome-retry1/trace.zip

    ────────────────────────────────────────────────────────────────────────────────────────────────

  613) [mobile-chrome] › e2e/admin-api-deep.spec.mts:66:5 › Admin APIs authenticated › auth GET /api/admin/campaigns/google/insights — non-5xx 

    Error: apiRequestContext.get: connect ECONNREFUSED ::1:4000
    Call log:
      - → GET http://localhost:4000/api/admin/campaigns/google/insights
        - user-agent: Mozilla/5.0 (Linux; Android 14; Pixel 7) AppleWebKit/537.36 (KHTML, like Gecko) Chrome/151.0.7922.34 Mobile Safari/537.36
        - accept: */*
        - accept-encoding: gzip,deflate,br
        - cookie: e2e_admin=1

        at apiRequestContext.get: connect ECONNREFUSED ::1:4000
        at /home/tbaltzakis/cloudless.gr/e2e/admin-api-deep.spec.mts:67:31

    attachment #1: screenshot (image/png) ──────────────────────────────────────────────────────────
    test-results/admin-api-deep-Admin-APIs--b9d61-s-google-insights-—-non-5xx-mobile-chrome/test-failed-1.png
    ────────────────────────────────────────────────────────────────────────────────────────────────

    attachment #2: video (video/webm) ──────────────────────────────────────────────────────────────
    test-results/admin-api-deep-Admin-APIs--b9d61-s-google-insights-—-non-5xx-mobile-chrome/video.webm
    ────────────────────────────────────────────────────────────────────────────────────────────────

    Error Context: test-results/admin-api-deep-Admin-APIs--b9d61-s-google-insights-—-non-5xx-mobile-chrome/error-context.md

    Retry #1 ───────────────────────────────────────────────────────────────────────────────────────

    Error: apiRequestContext.get: connect ECONNREFUSED ::1:4000
    Call log:
      - → GET http://localhost:4000/api/admin/campaigns/google/insights
        - user-agent: Mozilla/5.0 (Linux; Android 14; Pixel 7) AppleWebKit/537.36 (KHTML, like Gecko) Chrome/151.0.7922.34 Mobile Safari/537.36
        - accept: */*
        - accept-encoding: gzip,deflate,br
        - cookie: e2e_admin=1

        at apiRequestContext.get: connect ECONNREFUSED ::1:4000
        at /home/tbaltzakis/cloudless.gr/e2e/admin-api-deep.spec.mts:67:31

    attachment #1: screenshot (image/png) ──────────────────────────────────────────────────────────
    test-results/admin-api-deep-Admin-APIs--b9d61-s-google-insights-—-non-5xx-mobile-chrome-retry1/test-failed-1.png
    ────────────────────────────────────────────────────────────────────────────────────────────────

    attachment #2: video (video/webm) ──────────────────────────────────────────────────────────────
    test-results/admin-api-deep-Admin-APIs--b9d61-s-google-insights-—-non-5xx-mobile-chrome-retry1/video.webm
    ────────────────────────────────────────────────────────────────────────────────────────────────

    Error Context: test-results/admin-api-deep-Admin-APIs--b9d61-s-google-insights-—-non-5xx-mobile-chrome-retry1/error-context.md

    attachment #4: trace (application/zip) ─────────────────────────────────────────────────────────
    test-results/admin-api-deep-Admin-APIs--b9d61-s-google-insights-—-non-5xx-mobile-chrome-retry1/trace.zip
    Usage:

        npx playwright show-trace test-results/admin-api-deep-Admin-APIs--b9d61-s-google-insights-—-non-5xx-mobile-chrome-retry1/trace.zip

    ────────────────────────────────────────────────────────────────────────────────────────────────

  614) [mobile-chrome] › e2e/admin-api-deep.spec.mts:66:5 › Admin APIs authenticated › auth GET /api/admin/campaigns/linkedin — non-5xx 

    Error: apiRequestContext.get: connect ECONNREFUSED ::1:4000
    Call log:
      - → GET http://localhost:4000/api/admin/campaigns/linkedin
        - user-agent: Mozilla/5.0 (Linux; Android 14; Pixel 7) AppleWebKit/537.36 (KHTML, like Gecko) Chrome/151.0.7922.34 Mobile Safari/537.36
        - accept: */*
        - accept-encoding: gzip,deflate,br
        - cookie: e2e_admin=1

        at apiRequestContext.get: connect ECONNREFUSED ::1:4000
        at /home/tbaltzakis/cloudless.gr/e2e/admin-api-deep.spec.mts:67:31

    attachment #1: screenshot (image/png) ──────────────────────────────────────────────────────────
    test-results/admin-api-deep-Admin-APIs--070c1-ampaigns-linkedin-—-non-5xx-mobile-chrome/test-failed-1.png
    ────────────────────────────────────────────────────────────────────────────────────────────────

    attachment #2: video (video/webm) ──────────────────────────────────────────────────────────────
    test-results/admin-api-deep-Admin-APIs--070c1-ampaigns-linkedin-—-non-5xx-mobile-chrome/video.webm
    ────────────────────────────────────────────────────────────────────────────────────────────────

    Error Context: test-results/admin-api-deep-Admin-APIs--070c1-ampaigns-linkedin-—-non-5xx-mobile-chrome/error-context.md

    Retry #1 ───────────────────────────────────────────────────────────────────────────────────────

    Error: apiRequestContext.get: connect ECONNREFUSED ::1:4000
    Call log:
      - → GET http://localhost:4000/api/admin/campaigns/linkedin
        - user-agent: Mozilla/5.0 (Linux; Android 14; Pixel 7) AppleWebKit/537.36 (KHTML, like Gecko) Chrome/151.0.7922.34 Mobile Safari/537.36
        - accept: */*
        - accept-encoding: gzip,deflate,br
        - cookie: e2e_admin=1

        at apiRequestContext.get: connect ECONNREFUSED ::1:4000
        at /home/tbaltzakis/cloudless.gr/e2e/admin-api-deep.spec.mts:67:31

    attachment #1: screenshot (image/png) ──────────────────────────────────────────────────────────
    test-results/admin-api-deep-Admin-APIs--070c1-ampaigns-linkedin-—-non-5xx-mobile-chrome-retry1/test-failed-1.png
    ────────────────────────────────────────────────────────────────────────────────────────────────

    attachment #2: video (video/webm) ──────────────────────────────────────────────────────────────
    test-results/admin-api-deep-Admin-APIs--070c1-ampaigns-linkedin-—-non-5xx-mobile-chrome-retry1/video.webm
    ────────────────────────────────────────────────────────────────────────────────────────────────

    Error Context: test-results/admin-api-deep-Admin-APIs--070c1-ampaigns-linkedin-—-non-5xx-mobile-chrome-retry1/error-context.md

    attachment #4: trace (application/zip) ─────────────────────────────────────────────────────────
    test-results/admin-api-deep-Admin-APIs--070c1-ampaigns-linkedin-—-non-5xx-mobile-chrome-retry1/trace.zip
    Usage:

        npx playwright show-trace test-results/admin-api-deep-Admin-APIs--070c1-ampaigns-linkedin-—-non-5xx-mobile-chrome-retry1/trace.zip

    ────────────────────────────────────────────────────────────────────────────────────────────────

  615) [mobile-chrome] › e2e/admin-api-deep.spec.mts:66:5 › Admin APIs authenticated › auth GET /api/admin/campaigns/linkedin/insights — non-5xx 

    Error: apiRequestContext.get: connect ECONNREFUSED ::1:4000
    Call log:
      - → GET http://localhost:4000/api/admin/campaigns/linkedin/insights
        - user-agent: Mozilla/5.0 (Linux; Android 14; Pixel 7) AppleWebKit/537.36 (KHTML, like Gecko) Chrome/151.0.7922.34 Mobile Safari/537.36
        - accept: */*
        - accept-encoding: gzip,deflate,br
        - cookie: e2e_admin=1

        at apiRequestContext.get: connect ECONNREFUSED ::1:4000
        at /home/tbaltzakis/cloudless.gr/e2e/admin-api-deep.spec.mts:67:31

    attachment #1: screenshot (image/png) ──────────────────────────────────────────────────────────
    test-results/admin-api-deep-Admin-APIs--e8821-linkedin-insights-—-non-5xx-mobile-chrome/test-failed-1.png
    ────────────────────────────────────────────────────────────────────────────────────────────────

    attachment #2: video (video/webm) ──────────────────────────────────────────────────────────────
    test-results/admin-api-deep-Admin-APIs--e8821-linkedin-insights-—-non-5xx-mobile-chrome/video.webm
    ────────────────────────────────────────────────────────────────────────────────────────────────

    Error Context: test-results/admin-api-deep-Admin-APIs--e8821-linkedin-insights-—-non-5xx-mobile-chrome/error-context.md

    Retry #1 ───────────────────────────────────────────────────────────────────────────────────────

    Error: apiRequestContext.get: connect ECONNREFUSED ::1:4000
    Call log:
      - → GET http://localhost:4000/api/admin/campaigns/linkedin/insights
        - user-agent: Mozilla/5.0 (Linux; Android 14; Pixel 7) AppleWebKit/537.36 (KHTML, like Gecko) Chrome/151.0.7922.34 Mobile Safari/537.36
        - accept: */*
        - accept-encoding: gzip,deflate,br
        - cookie: e2e_admin=1

        at apiRequestContext.get: connect ECONNREFUSED ::1:4000
        at /home/tbaltzakis/cloudless.gr/e2e/admin-api-deep.spec.mts:67:31

    attachment #1: screenshot (image/png) ──────────────────────────────────────────────────────────
    test-results/admin-api-deep-Admin-APIs--e8821-linkedin-insights-—-non-5xx-mobile-chrome-retry1/test-failed-1.png
    ────────────────────────────────────────────────────────────────────────────────────────────────

    attachment #2: video (video/webm) ──────────────────────────────────────────────────────────────
    test-results/admin-api-deep-Admin-APIs--e8821-linkedin-insights-—-non-5xx-mobile-chrome-retry1/video.webm
    ────────────────────────────────────────────────────────────────────────────────────────────────

    Error Context: test-results/admin-api-deep-Admin-APIs--e8821-linkedin-insights-—-non-5xx-mobile-chrome-retry1/error-context.md

    attachment #4: trace (application/zip) ─────────────────────────────────────────────────────────
    test-results/admin-api-deep-Admin-APIs--e8821-linkedin-insights-—-non-5xx-mobile-chrome-retry1/trace.zip
    Usage:

        npx playwright show-trace test-results/admin-api-deep-Admin-APIs--e8821-linkedin-insights-—-non-5xx-mobile-chrome-retry1/trace.zip

    ────────────────────────────────────────────────────────────────────────────────────────────────

  616) [mobile-chrome] › e2e/admin-api-deep.spec.mts:66:5 › Admin APIs authenticated › auth GET /api/admin/campaigns/tiktok — non-5xx 

    Error: apiRequestContext.get: connect ECONNREFUSED ::1:4000
    Call log:
      - → GET http://localhost:4000/api/admin/campaigns/tiktok
        - user-agent: Mozilla/5.0 (Linux; Android 14; Pixel 7) AppleWebKit/537.36 (KHTML, like Gecko) Chrome/151.0.7922.34 Mobile Safari/537.36
        - accept: */*
        - accept-encoding: gzip,deflate,br
        - cookie: e2e_admin=1

        at apiRequestContext.get: connect ECONNREFUSED ::1:4000
        at /home/tbaltzakis/cloudless.gr/e2e/admin-api-deep.spec.mts:67:31

    attachment #1: screenshot (image/png) ──────────────────────────────────────────────────────────
    test-results/admin-api-deep-Admin-APIs--bad45--campaigns-tiktok-—-non-5xx-mobile-chrome/test-failed-1.png
    ────────────────────────────────────────────────────────────────────────────────────────────────

    attachment #2: video (video/webm) ──────────────────────────────────────────────────────────────
    test-results/admin-api-deep-Admin-APIs--bad45--campaigns-tiktok-—-non-5xx-mobile-chrome/video.webm
    ────────────────────────────────────────────────────────────────────────────────────────────────

    Error Context: test-results/admin-api-deep-Admin-APIs--bad45--campaigns-tiktok-—-non-5xx-mobile-chrome/error-context.md

    Retry #1 ───────────────────────────────────────────────────────────────────────────────────────

    Error: apiRequestContext.get: connect ECONNREFUSED ::1:4000
    Call log:
      - → GET http://localhost:4000/api/admin/campaigns/tiktok
        - user-agent: Mozilla/5.0 (Linux; Android 14; Pixel 7) AppleWebKit/537.36 (KHTML, like Gecko) Chrome/151.0.7922.34 Mobile Safari/537.36
        - accept: */*
        - accept-encoding: gzip,deflate,br
        - cookie: e2e_admin=1

        at apiRequestContext.get: connect ECONNREFUSED ::1:4000
        at /home/tbaltzakis/cloudless.gr/e2e/admin-api-deep.spec.mts:67:31

    attachment #1: screenshot (image/png) ──────────────────────────────────────────────────────────
    test-results/admin-api-deep-Admin-APIs--bad45--campaigns-tiktok-—-non-5xx-mobile-chrome-retry1/test-failed-1.png
    ────────────────────────────────────────────────────────────────────────────────────────────────

    attachment #2: video (video/webm) ──────────────────────────────────────────────────────────────
    test-results/admin-api-deep-Admin-APIs--bad45--campaigns-tiktok-—-non-5xx-mobile-chrome-retry1/video.webm
    ────────────────────────────────────────────────────────────────────────────────────────────────

    Error Context: test-results/admin-api-deep-Admin-APIs--bad45--campaigns-tiktok-—-non-5xx-mobile-chrome-retry1/error-context.md

    attachment #4: trace (application/zip) ─────────────────────────────────────────────────────────
    test-results/admin-api-deep-Admin-APIs--bad45--campaigns-tiktok-—-non-5xx-mobile-chrome-retry1/trace.zip
    Usage:

        npx playwright show-trace test-results/admin-api-deep-Admin-APIs--bad45--campaigns-tiktok-—-non-5xx-mobile-chrome-retry1/trace.zip

    ────────────────────────────────────────────────────────────────────────────────────────────────

  617) [mobile-chrome] › e2e/admin-api-deep.spec.mts:66:5 › Admin APIs authenticated › auth GET /api/admin/campaigns/tiktok/insights — non-5xx 

    Error: apiRequestContext.get: connect ECONNREFUSED ::1:4000
    Call log:
      - → GET http://localhost:4000/api/admin/campaigns/tiktok/insights
        - user-agent: Mozilla/5.0 (Linux; Android 14; Pixel 7) AppleWebKit/537.36 (KHTML, like Gecko) Chrome/151.0.7922.34 Mobile Safari/537.36
        - accept: */*
        - accept-encoding: gzip,deflate,br
        - cookie: e2e_admin=1

        at apiRequestContext.get: connect ECONNREFUSED ::1:4000
        at /home/tbaltzakis/cloudless.gr/e2e/admin-api-deep.spec.mts:67:31

    attachment #1: screenshot (image/png) ──────────────────────────────────────────────────────────
    test-results/admin-api-deep-Admin-APIs--851d9-s-tiktok-insights-—-non-5xx-mobile-chrome/test-failed-1.png
    ────────────────────────────────────────────────────────────────────────────────────────────────

    attachment #2: video (video/webm) ──────────────────────────────────────────────────────────────
    test-results/admin-api-deep-Admin-APIs--851d9-s-tiktok-insights-—-non-5xx-mobile-chrome/video.webm
    ────────────────────────────────────────────────────────────────────────────────────────────────

    Error Context: test-results/admin-api-deep-Admin-APIs--851d9-s-tiktok-insights-—-non-5xx-mobile-chrome/error-context.md

    Retry #1 ───────────────────────────────────────────────────────────────────────────────────────

    Error: apiRequestContext.get: connect ECONNREFUSED ::1:4000
    Call log:
      - → GET http://localhost:4000/api/admin/campaigns/tiktok/insights
        - user-agent: Mozilla/5.0 (Linux; Android 14; Pixel 7) AppleWebKit/537.36 (KHTML, like Gecko) Chrome/151.0.7922.34 Mobile Safari/537.36
        - accept: */*
        - accept-encoding: gzip,deflate,br
        - cookie: e2e_admin=1

        at apiRequestContext.get: connect ECONNREFUSED ::1:4000
        at /home/tbaltzakis/cloudless.gr/e2e/admin-api-deep.spec.mts:67:31

    attachment #1: screenshot (image/png) ──────────────────────────────────────────────────────────
    test-results/admin-api-deep-Admin-APIs--851d9-s-tiktok-insights-—-non-5xx-mobile-chrome-retry1/test-failed-1.png
    ────────────────────────────────────────────────────────────────────────────────────────────────

    attachment #2: video (video/webm) ──────────────────────────────────────────────────────────────
    test-results/admin-api-deep-Admin-APIs--851d9-s-tiktok-insights-—-non-5xx-mobile-chrome-retry1/video.webm
    ────────────────────────────────────────────────────────────────────────────────────────────────

    Error Context: test-results/admin-api-deep-Admin-APIs--851d9-s-tiktok-insights-—-non-5xx-mobile-chrome-retry1/error-context.md

    attachment #4: trace (application/zip) ─────────────────────────────────────────────────────────
    test-results/admin-api-deep-Admin-APIs--851d9-s-tiktok-insights-—-non-5xx-mobile-chrome-retry1/trace.zip
    Usage:

        npx playwright show-trace test-results/admin-api-deep-Admin-APIs--851d9-s-tiktok-insights-—-non-5xx-mobile-chrome-retry1/trace.zip

    ────────────────────────────────────────────────────────────────────────────────────────────────

  618) [mobile-chrome] › e2e/admin-api-deep.spec.mts:66:5 › Admin APIs authenticated › auth GET /api/admin/campaigns/x — non-5xx 

    Error: apiRequestContext.get: connect ECONNREFUSED ::1:4000
    Call log:
      - → GET http://localhost:4000/api/admin/campaigns/x
        - user-agent: Mozilla/5.0 (Linux; Android 14; Pixel 7) AppleWebKit/537.36 (KHTML, like Gecko) Chrome/151.0.7922.34 Mobile Safari/537.36
        - accept: */*
        - accept-encoding: gzip,deflate,br
        - cookie: e2e_admin=1

        at apiRequestContext.get: connect ECONNREFUSED ::1:4000
        at /home/tbaltzakis/cloudless.gr/e2e/admin-api-deep.spec.mts:67:31

    attachment #1: screenshot (image/png) ──────────────────────────────────────────────────────────
    test-results/admin-api-deep-Admin-APIs--132f2-admin-campaigns-x-—-non-5xx-mobile-chrome/test-failed-1.png
    ────────────────────────────────────────────────────────────────────────────────────────────────

    attachment #2: video (video/webm) ──────────────────────────────────────────────────────────────
    test-results/admin-api-deep-Admin-APIs--132f2-admin-campaigns-x-—-non-5xx-mobile-chrome/video.webm
    ────────────────────────────────────────────────────────────────────────────────────────────────

    Error Context: test-results/admin-api-deep-Admin-APIs--132f2-admin-campaigns-x-—-non-5xx-mobile-chrome/error-context.md

    Retry #1 ───────────────────────────────────────────────────────────────────────────────────────

    Error: apiRequestContext.get: connect ECONNREFUSED ::1:4000
    Call log:
      - → GET http://localhost:4000/api/admin/campaigns/x
        - user-agent: Mozilla/5.0 (Linux; Android 14; Pixel 7) AppleWebKit/537.36 (KHTML, like Gecko) Chrome/151.0.7922.34 Mobile Safari/537.36
        - accept: */*
        - accept-encoding: gzip,deflate,br
        - cookie: e2e_admin=1

        at apiRequestContext.get: connect ECONNREFUSED ::1:4000
        at /home/tbaltzakis/cloudless.gr/e2e/admin-api-deep.spec.mts:67:31

    attachment #1: screenshot (image/png) ──────────────────────────────────────────────────────────
    test-results/admin-api-deep-Admin-APIs--132f2-admin-campaigns-x-—-non-5xx-mobile-chrome-retry1/test-failed-1.png
    ────────────────────────────────────────────────────────────────────────────────────────────────

    attachment #2: video (video/webm) ──────────────────────────────────────────────────────────────
    test-results/admin-api-deep-Admin-APIs--132f2-admin-campaigns-x-—-non-5xx-mobile-chrome-retry1/video.webm
    ────────────────────────────────────────────────────────────────────────────────────────────────

    Error Context: test-results/admin-api-deep-Admin-APIs--132f2-admin-campaigns-x-—-non-5xx-mobile-chrome-retry1/error-context.md

    attachment #4: trace (application/zip) ─────────────────────────────────────────────────────────
    test-results/admin-api-deep-Admin-APIs--132f2-admin-campaigns-x-—-non-5xx-mobile-chrome-retry1/trace.zip
    Usage:

        npx playwright show-trace test-results/admin-api-deep-Admin-APIs--132f2-admin-campaigns-x-—-non-5xx-mobile-chrome-retry1/trace.zip

    ────────────────────────────────────────────────────────────────────────────────────────────────

  619) [mobile-chrome] › e2e/admin-api-deep.spec.mts:66:5 › Admin APIs authenticated › auth GET /api/admin/campaigns/x/insights — non-5xx 

    Error: apiRequestContext.get: connect ECONNREFUSED ::1:4000
    Call log:
      - → GET http://localhost:4000/api/admin/campaigns/x/insights
        - user-agent: Mozilla/5.0 (Linux; Android 14; Pixel 7) AppleWebKit/537.36 (KHTML, like Gecko) Chrome/151.0.7922.34 Mobile Safari/537.36
        - accept: */*
        - accept-encoding: gzip,deflate,br
        - cookie: e2e_admin=1

        at apiRequestContext.get: connect ECONNREFUSED ::1:4000
        at /home/tbaltzakis/cloudless.gr/e2e/admin-api-deep.spec.mts:67:31

    attachment #1: screenshot (image/png) ──────────────────────────────────────────────────────────
    test-results/admin-api-deep-Admin-APIs--9bde1-paigns-x-insights-—-non-5xx-mobile-chrome/test-failed-1.png
    ────────────────────────────────────────────────────────────────────────────────────────────────

    attachment #2: video (video/webm) ──────────────────────────────────────────────────────────────
    test-results/admin-api-deep-Admin-APIs--9bde1-paigns-x-insights-—-non-5xx-mobile-chrome/video.webm
    ────────────────────────────────────────────────────────────────────────────────────────────────

    Error Context: test-results/admin-api-deep-Admin-APIs--9bde1-paigns-x-insights-—-non-5xx-mobile-chrome/error-context.md

    Retry #1 ───────────────────────────────────────────────────────────────────────────────────────

    Error: apiRequestContext.get: connect ECONNREFUSED ::1:4000
    Call log:
      - → GET http://localhost:4000/api/admin/campaigns/x/insights
        - user-agent: Mozilla/5.0 (Linux; Android 14; Pixel 7) AppleWebKit/537.36 (KHTML, like Gecko) Chrome/151.0.7922.34 Mobile Safari/537.36
        - accept: */*
        - accept-encoding: gzip,deflate,br
        - cookie: e2e_admin=1

        at apiRequestContext.get: connect ECONNREFUSED ::1:4000
        at /home/tbaltzakis/cloudless.gr/e2e/admin-api-deep.spec.mts:67:31

    attachment #1: screenshot (image/png) ──────────────────────────────────────────────────────────
    test-results/admin-api-deep-Admin-APIs--9bde1-paigns-x-insights-—-non-5xx-mobile-chrome-retry1/test-failed-1.png
    ────────────────────────────────────────────────────────────────────────────────────────────────

    attachment #2: video (video/webm) ──────────────────────────────────────────────────────────────
    test-results/admin-api-deep-Admin-APIs--9bde1-paigns-x-insights-—-non-5xx-mobile-chrome-retry1/video.webm
    ────────────────────────────────────────────────────────────────────────────────────────────────

    Error Context: test-results/admin-api-deep-Admin-APIs--9bde1-paigns-x-insights-—-non-5xx-mobile-chrome-retry1/error-context.md

    attachment #4: trace (application/zip) ─────────────────────────────────────────────────────────
    test-results/admin-api-deep-Admin-APIs--9bde1-paigns-x-insights-—-non-5xx-mobile-chrome-retry1/trace.zip
    Usage:

        npx playwright show-trace test-results/admin-api-deep-Admin-APIs--9bde1-paigns-x-insights-—-non-5xx-mobile-chrome-retry1/trace.zip

    ────────────────────────────────────────────────────────────────────────────────────────────────

  620) [mobile-chrome] › e2e/admin-api-deep.spec.mts:66:5 › Admin APIs authenticated › auth GET /api/admin/client-portals — non-5xx 

    Error: apiRequestContext.get: connect ECONNREFUSED ::1:4000
    Call log:
      - → GET http://localhost:4000/api/admin/client-portals
        - user-agent: Mozilla/5.0 (Linux; Android 14; Pixel 7) AppleWebKit/537.36 (KHTML, like Gecko) Chrome/151.0.7922.34 Mobile Safari/537.36
        - accept: */*
        - accept-encoding: gzip,deflate,br
        - cookie: e2e_admin=1

        at apiRequestContext.get: connect ECONNREFUSED ::1:4000
        at /home/tbaltzakis/cloudless.gr/e2e/admin-api-deep.spec.mts:67:31

    attachment #1: screenshot (image/png) ──────────────────────────────────────────────────────────
    test-results/admin-api-deep-Admin-APIs--4a29c-in-client-portals-—-non-5xx-mobile-chrome/test-failed-1.png
    ────────────────────────────────────────────────────────────────────────────────────────────────

    attachment #2: video (video/webm) ──────────────────────────────────────────────────────────────
    test-results/admin-api-deep-Admin-APIs--4a29c-in-client-portals-—-non-5xx-mobile-chrome/video.webm
    ────────────────────────────────────────────────────────────────────────────────────────────────

    Error Context: test-results/admin-api-deep-Admin-APIs--4a29c-in-client-portals-—-non-5xx-mobile-chrome/error-context.md

    Retry #1 ───────────────────────────────────────────────────────────────────────────────────────

    Error: apiRequestContext.get: connect ECONNREFUSED ::1:4000
    Call log:
      - → GET http://localhost:4000/api/admin/client-portals
        - user-agent: Mozilla/5.0 (Linux; Android 14; Pixel 7) AppleWebKit/537.36 (KHTML, like Gecko) Chrome/151.0.7922.34 Mobile Safari/537.36
        - accept: */*
        - accept-encoding: gzip,deflate,br
        - cookie: e2e_admin=1

        at apiRequestContext.get: connect ECONNREFUSED ::1:4000
        at /home/tbaltzakis/cloudless.gr/e2e/admin-api-deep.spec.mts:67:31

    attachment #1: screenshot (image/png) ──────────────────────────────────────────────────────────
    test-results/admin-api-deep-Admin-APIs--4a29c-in-client-portals-—-non-5xx-mobile-chrome-retry1/test-failed-1.png
    ────────────────────────────────────────────────────────────────────────────────────────────────

    attachment #2: video (video/webm) ──────────────────────────────────────────────────────────────
    test-results/admin-api-deep-Admin-APIs--4a29c-in-client-portals-—-non-5xx-mobile-chrome-retry1/video.webm
    ────────────────────────────────────────────────────────────────────────────────────────────────

    Error Context: test-results/admin-api-deep-Admin-APIs--4a29c-in-client-portals-—-non-5xx-mobile-chrome-retry1/error-context.md

    attachment #4: trace (application/zip) ─────────────────────────────────────────────────────────
    test-results/admin-api-deep-Admin-APIs--4a29c-in-client-portals-—-non-5xx-mobile-chrome-retry1/trace.zip
    Usage:

        npx playwright show-trace test-results/admin-api-deep-Admin-APIs--4a29c-in-client-portals-—-non-5xx-mobile-chrome-retry1/trace.zip

    ────────────────────────────────────────────────────────────────────────────────────────────────

  621) [mobile-chrome] › e2e/admin-api-deep.spec.mts:66:5 › Admin APIs authenticated › auth GET /api/admin/crm/companies — non-5xx 

    Error: apiRequestContext.get: connect ECONNREFUSED ::1:4000
    Call log:
      - → GET http://localhost:4000/api/admin/crm/companies
        - user-agent: Mozilla/5.0 (Linux; Android 14; Pixel 7) AppleWebKit/537.36 (KHTML, like Gecko) Chrome/151.0.7922.34 Mobile Safari/537.36
        - accept: */*
        - accept-encoding: gzip,deflate,br
        - cookie: e2e_admin=1

        at apiRequestContext.get: connect ECONNREFUSED ::1:4000
        at /home/tbaltzakis/cloudless.gr/e2e/admin-api-deep.spec.mts:67:31

    attachment #1: screenshot (image/png) ──────────────────────────────────────────────────────────
    test-results/admin-api-deep-Admin-APIs--c1720-min-crm-companies-—-non-5xx-mobile-chrome/test-failed-1.png
    ────────────────────────────────────────────────────────────────────────────────────────────────

    attachment #2: video (video/webm) ──────────────────────────────────────────────────────────────
    test-results/admin-api-deep-Admin-APIs--c1720-min-crm-companies-—-non-5xx-mobile-chrome/video.webm
    ────────────────────────────────────────────────────────────────────────────────────────────────

    Error Context: test-results/admin-api-deep-Admin-APIs--c1720-min-crm-companies-—-non-5xx-mobile-chrome/error-context.md

    Retry #1 ───────────────────────────────────────────────────────────────────────────────────────

    Error: apiRequestContext.get: connect ECONNREFUSED ::1:4000
    Call log:
      - → GET http://localhost:4000/api/admin/crm/companies
        - user-agent: Mozilla/5.0 (Linux; Android 14; Pixel 7) AppleWebKit/537.36 (KHTML, like Gecko) Chrome/151.0.7922.34 Mobile Safari/537.36
        - accept: */*
        - accept-encoding: gzip,deflate,br
        - cookie: e2e_admin=1

        at apiRequestContext.get: connect ECONNREFUSED ::1:4000
        at /home/tbaltzakis/cloudless.gr/e2e/admin-api-deep.spec.mts:67:31

    attachment #1: screenshot (image/png) ──────────────────────────────────────────────────────────
    test-results/admin-api-deep-Admin-APIs--c1720-min-crm-companies-—-non-5xx-mobile-chrome-retry1/test-failed-1.png
    ────────────────────────────────────────────────────────────────────────────────────────────────

    attachment #2: video (video/webm) ──────────────────────────────────────────────────────────────
    test-results/admin-api-deep-Admin-APIs--c1720-min-crm-companies-—-non-5xx-mobile-chrome-retry1/video.webm
    ────────────────────────────────────────────────────────────────────────────────────────────────

    Error Context: test-results/admin-api-deep-Admin-APIs--c1720-min-crm-companies-—-non-5xx-mobile-chrome-retry1/error-context.md

    attachment #4: trace (application/zip) ─────────────────────────────────────────────────────────
    test-results/admin-api-deep-Admin-APIs--c1720-min-crm-companies-—-non-5xx-mobile-chrome-retry1/trace.zip
    Usage:

        npx playwright show-trace test-results/admin-api-deep-Admin-APIs--c1720-min-crm-companies-—-non-5xx-mobile-chrome-retry1/trace.zip

    ────────────────────────────────────────────────────────────────────────────────────────────────

  622) [mobile-chrome] › e2e/admin-api-deep.spec.mts:66:5 › Admin APIs authenticated › auth GET /api/admin/crm/contacts — non-5xx 

    Error: apiRequestContext.get: connect ECONNREFUSED ::1:4000
    Call log:
      - → GET http://localhost:4000/api/admin/crm/contacts
        - user-agent: Mozilla/5.0 (Linux; Android 14; Pixel 7) AppleWebKit/537.36 (KHTML, like Gecko) Chrome/151.0.7922.34 Mobile Safari/537.36
        - accept: */*
        - accept-encoding: gzip,deflate,br
        - cookie: e2e_admin=1

        at apiRequestContext.get: connect ECONNREFUSED ::1:4000
        at /home/tbaltzakis/cloudless.gr/e2e/admin-api-deep.spec.mts:67:31

    attachment #1: screenshot (image/png) ──────────────────────────────────────────────────────────
    test-results/admin-api-deep-Admin-APIs--afc58-dmin-crm-contacts-—-non-5xx-mobile-chrome/test-failed-1.png
    ────────────────────────────────────────────────────────────────────────────────────────────────

    attachment #2: video (video/webm) ──────────────────────────────────────────────────────────────
    test-results/admin-api-deep-Admin-APIs--afc58-dmin-crm-contacts-—-non-5xx-mobile-chrome/video.webm
    ────────────────────────────────────────────────────────────────────────────────────────────────

    Error Context: test-results/admin-api-deep-Admin-APIs--afc58-dmin-crm-contacts-—-non-5xx-mobile-chrome/error-context.md

    Retry #1 ───────────────────────────────────────────────────────────────────────────────────────

    Error: apiRequestContext.get: connect ECONNREFUSED ::1:4000
    Call log:
      - → GET http://localhost:4000/api/admin/crm/contacts
        - user-agent: Mozilla/5.0 (Linux; Android 14; Pixel 7) AppleWebKit/537.36 (KHTML, like Gecko) Chrome/151.0.7922.34 Mobile Safari/537.36
        - accept: */*
        - accept-encoding: gzip,deflate,br
        - cookie: e2e_admin=1

        at apiRequestContext.get: connect ECONNREFUSED ::1:4000
        at /home/tbaltzakis/cloudless.gr/e2e/admin-api-deep.spec.mts:67:31

    attachment #1: screenshot (image/png) ──────────────────────────────────────────────────────────
    test-results/admin-api-deep-Admin-APIs--afc58-dmin-crm-contacts-—-non-5xx-mobile-chrome-retry1/test-failed-1.png
    ────────────────────────────────────────────────────────────────────────────────────────────────

    attachment #2: video (video/webm) ──────────────────────────────────────────────────────────────
    test-results/admin-api-deep-Admin-APIs--afc58-dmin-crm-contacts-—-non-5xx-mobile-chrome-retry1/video.webm
    ────────────────────────────────────────────────────────────────────────────────────────────────

    Error Context: test-results/admin-api-deep-Admin-APIs--afc58-dmin-crm-contacts-—-non-5xx-mobile-chrome-retry1/error-context.md

    attachment #4: trace (application/zip) ─────────────────────────────────────────────────────────
    test-results/admin-api-deep-Admin-APIs--afc58-dmin-crm-contacts-—-non-5xx-mobile-chrome-retry1/trace.zip
    Usage:

        npx playwright show-trace test-results/admin-api-deep-Admin-APIs--afc58-dmin-crm-contacts-—-non-5xx-mobile-chrome-retry1/trace.zip

    ────────────────────────────────────────────────────────────────────────────────────────────────

  623) [mobile-chrome] › e2e/admin-api-deep.spec.mts:66:5 › Admin APIs authenticated › auth GET /api/admin/crm/deals — non-5xx 

    Error: apiRequestContext.get: connect ECONNREFUSED ::1:4000
    Call log:
      - → GET http://localhost:4000/api/admin/crm/deals
        - user-agent: Mozilla/5.0 (Linux; Android 14; Pixel 7) AppleWebKit/537.36 (KHTML, like Gecko) Chrome/151.0.7922.34 Mobile Safari/537.36
        - accept: */*
        - accept-encoding: gzip,deflate,br
        - cookie: e2e_admin=1

        at apiRequestContext.get: connect ECONNREFUSED ::1:4000
        at /home/tbaltzakis/cloudless.gr/e2e/admin-api-deep.spec.mts:67:31

    attachment #1: screenshot (image/png) ──────────────────────────────────────────────────────────
    test-results/admin-api-deep-Admin-APIs--03a24-i-admin-crm-deals-—-non-5xx-mobile-chrome/test-failed-1.png
    ────────────────────────────────────────────────────────────────────────────────────────────────

    attachment #2: video (video/webm) ──────────────────────────────────────────────────────────────
    test-results/admin-api-deep-Admin-APIs--03a24-i-admin-crm-deals-—-non-5xx-mobile-chrome/video.webm
    ────────────────────────────────────────────────────────────────────────────────────────────────

    Error Context: test-results/admin-api-deep-Admin-APIs--03a24-i-admin-crm-deals-—-non-5xx-mobile-chrome/error-context.md

    Retry #1 ───────────────────────────────────────────────────────────────────────────────────────

    Error: apiRequestContext.get: connect ECONNREFUSED ::1:4000
    Call log:
      - → GET http://localhost:4000/api/admin/crm/deals
        - user-agent: Mozilla/5.0 (Linux; Android 14; Pixel 7) AppleWebKit/537.36 (KHTML, like Gecko) Chrome/151.0.7922.34 Mobile Safari/537.36
        - accept: */*
        - accept-encoding: gzip,deflate,br
        - cookie: e2e_admin=1

        at apiRequestContext.get: connect ECONNREFUSED ::1:4000
        at /home/tbaltzakis/cloudless.gr/e2e/admin-api-deep.spec.mts:67:31

    attachment #1: screenshot (image/png) ──────────────────────────────────────────────────────────
    test-results/admin-api-deep-Admin-APIs--03a24-i-admin-crm-deals-—-non-5xx-mobile-chrome-retry1/test-failed-1.png
    ────────────────────────────────────────────────────────────────────────────────────────────────

    attachment #2: video (video/webm) ──────────────────────────────────────────────────────────────
    test-results/admin-api-deep-Admin-APIs--03a24-i-admin-crm-deals-—-non-5xx-mobile-chrome-retry1/video.webm
    ────────────────────────────────────────────────────────────────────────────────────────────────

    Error Context: test-results/admin-api-deep-Admin-APIs--03a24-i-admin-crm-deals-—-non-5xx-mobile-chrome-retry1/error-context.md

    attachment #4: trace (application/zip) ─────────────────────────────────────────────────────────
    test-results/admin-api-deep-Admin-APIs--03a24-i-admin-crm-deals-—-non-5xx-mobile-chrome-retry1/trace.zip
    Usage:

        npx playwright show-trace test-results/admin-api-deep-Admin-APIs--03a24-i-admin-crm-deals-—-non-5xx-mobile-chrome-retry1/trace.zip

    ────────────────────────────────────────────────────────────────────────────────────────────────

  624) [mobile-chrome] › e2e/admin-api-deep.spec.mts:66:5 › Admin APIs authenticated › auth GET /api/admin/crm/owners — non-5xx 

    Error: apiRequestContext.get: connect ECONNREFUSED ::1:4000
    Call log:
      - → GET http://localhost:4000/api/admin/crm/owners
        - user-agent: Mozilla/5.0 (Linux; Android 14; Pixel 7) AppleWebKit/537.36 (KHTML, like Gecko) Chrome/151.0.7922.34 Mobile Safari/537.36
        - accept: */*
        - accept-encoding: gzip,deflate,br
        - cookie: e2e_admin=1

        at apiRequestContext.get: connect ECONNREFUSED ::1:4000
        at /home/tbaltzakis/cloudless.gr/e2e/admin-api-deep.spec.mts:67:31

    attachment #1: screenshot (image/png) ──────────────────────────────────────────────────────────
    test-results/admin-api-deep-Admin-APIs--12e57--admin-crm-owners-—-non-5xx-mobile-chrome/test-failed-1.png
    ────────────────────────────────────────────────────────────────────────────────────────────────

    attachment #2: video (video/webm) ──────────────────────────────────────────────────────────────
    test-results/admin-api-deep-Admin-APIs--12e57--admin-crm-owners-—-non-5xx-mobile-chrome/video.webm
    ────────────────────────────────────────────────────────────────────────────────────────────────

    Error Context: test-results/admin-api-deep-Admin-APIs--12e57--admin-crm-owners-—-non-5xx-mobile-chrome/error-context.md

    Retry #1 ───────────────────────────────────────────────────────────────────────────────────────

    Error: apiRequestContext.get: connect ECONNREFUSED ::1:4000
    Call log:
      - → GET http://localhost:4000/api/admin/crm/owners
        - user-agent: Mozilla/5.0 (Linux; Android 14; Pixel 7) AppleWebKit/537.36 (KHTML, like Gecko) Chrome/151.0.7922.34 Mobile Safari/537.36
        - accept: */*
        - accept-encoding: gzip,deflate,br
        - cookie: e2e_admin=1

        at apiRequestContext.get: connect ECONNREFUSED ::1:4000
        at /home/tbaltzakis/cloudless.gr/e2e/admin-api-deep.spec.mts:67:31

    attachment #1: screenshot (image/png) ──────────────────────────────────────────────────────────
    test-results/admin-api-deep-Admin-APIs--12e57--admin-crm-owners-—-non-5xx-mobile-chrome-retry1/test-failed-1.png
    ────────────────────────────────────────────────────────────────────────────────────────────────

    attachment #2: video (video/webm) ──────────────────────────────────────────────────────────────
    test-results/admin-api-deep-Admin-APIs--12e57--admin-crm-owners-—-non-5xx-mobile-chrome-retry1/video.webm
    ────────────────────────────────────────────────────────────────────────────────────────────────

    Error Context: test-results/admin-api-deep-Admin-APIs--12e57--admin-crm-owners-—-non-5xx-mobile-chrome-retry1/error-context.md

    attachment #4: trace (application/zip) ─────────────────────────────────────────────────────────
    test-results/admin-api-deep-Admin-APIs--12e57--admin-crm-owners-—-non-5xx-mobile-chrome-retry1/trace.zip
    Usage:

        npx playwright show-trace test-results/admin-api-deep-Admin-APIs--12e57--admin-crm-owners-—-non-5xx-mobile-chrome-retry1/trace.zip

    ────────────────────────────────────────────────────────────────────────────────────────────────

  625) [mobile-chrome] › e2e/admin-api-deep.spec.mts:66:5 › Admin APIs authenticated › auth GET /api/admin/crm/pipelines — non-5xx 

    Error: apiRequestContext.get: connect ECONNREFUSED ::1:4000
    Call log:
      - → GET http://localhost:4000/api/admin/crm/pipelines
        - user-agent: Mozilla/5.0 (Linux; Android 14; Pixel 7) AppleWebKit/537.36 (KHTML, like Gecko) Chrome/151.0.7922.34 Mobile Safari/537.36
        - accept: */*
        - accept-encoding: gzip,deflate,br
        - cookie: e2e_admin=1

        at apiRequestContext.get: connect ECONNREFUSED ::1:4000
        at /home/tbaltzakis/cloudless.gr/e2e/admin-api-deep.spec.mts:67:31

    attachment #1: screenshot (image/png) ──────────────────────────────────────────────────────────
    test-results/admin-api-deep-Admin-APIs--1d1ff-min-crm-pipelines-—-non-5xx-mobile-chrome/test-failed-1.png
    ────────────────────────────────────────────────────────────────────────────────────────────────

    attachment #2: video (video/webm) ──────────────────────────────────────────────────────────────
    test-results/admin-api-deep-Admin-APIs--1d1ff-min-crm-pipelines-—-non-5xx-mobile-chrome/video.webm
    ────────────────────────────────────────────────────────────────────────────────────────────────

    Error Context: test-results/admin-api-deep-Admin-APIs--1d1ff-min-crm-pipelines-—-non-5xx-mobile-chrome/error-context.md

    Retry #1 ───────────────────────────────────────────────────────────────────────────────────────

    Error: apiRequestContext.get: connect ECONNREFUSED ::1:4000
    Call log:
      - → GET http://localhost:4000/api/admin/crm/pipelines
        - user-agent: Mozilla/5.0 (Linux; Android 14; Pixel 7) AppleWebKit/537.36 (KHTML, like Gecko) Chrome/151.0.7922.34 Mobile Safari/537.36
        - accept: */*
        - accept-encoding: gzip,deflate,br
        - cookie: e2e_admin=1

        at apiRequestContext.get: connect ECONNREFUSED ::1:4000
        at /home/tbaltzakis/cloudless.gr/e2e/admin-api-deep.spec.mts:67:31

    attachment #1: screenshot (image/png) ──────────────────────────────────────────────────────────
    test-results/admin-api-deep-Admin-APIs--1d1ff-min-crm-pipelines-—-non-5xx-mobile-chrome-retry1/test-failed-1.png
    ────────────────────────────────────────────────────────────────────────────────────────────────

    attachment #2: video (video/webm) ──────────────────────────────────────────────────────────────
    test-results/admin-api-deep-Admin-APIs--1d1ff-min-crm-pipelines-—-non-5xx-mobile-chrome-retry1/video.webm
    ────────────────────────────────────────────────────────────────────────────────────────────────

    Error Context: test-results/admin-api-deep-Admin-APIs--1d1ff-min-crm-pipelines-—-non-5xx-mobile-chrome-retry1/error-context.md

    attachment #4: trace (application/zip) ─────────────────────────────────────────────────────────
    test-results/admin-api-deep-Admin-APIs--1d1ff-min-crm-pipelines-—-non-5xx-mobile-chrome-retry1/trace.zip
    Usage:

        npx playwright show-trace test-results/admin-api-deep-Admin-APIs--1d1ff-min-crm-pipelines-—-non-5xx-mobile-chrome-retry1/trace.zip

    ────────────────────────────────────────────────────────────────────────────────────────────────

  626) [mobile-chrome] › e2e/admin-api-deep.spec.mts:66:5 › Admin APIs authenticated › auth GET /api/admin/crm/tickets — non-5xx 

    Error: apiRequestContext.get: connect ECONNREFUSED ::1:4000
    Call log:
      - → GET http://localhost:4000/api/admin/crm/tickets
        - user-agent: Mozilla/5.0 (Linux; Android 14; Pixel 7) AppleWebKit/537.36 (KHTML, like Gecko) Chrome/151.0.7922.34 Mobile Safari/537.36
        - accept: */*
        - accept-encoding: gzip,deflate,br
        - cookie: e2e_admin=1

        at apiRequestContext.get: connect ECONNREFUSED ::1:4000
        at /home/tbaltzakis/cloudless.gr/e2e/admin-api-deep.spec.mts:67:31

    attachment #1: screenshot (image/png) ──────────────────────────────────────────────────────────
    test-results/admin-api-deep-Admin-APIs--e1e9c-admin-crm-tickets-—-non-5xx-mobile-chrome/test-failed-1.png
    ────────────────────────────────────────────────────────────────────────────────────────────────

    attachment #2: video (video/webm) ──────────────────────────────────────────────────────────────
    test-results/admin-api-deep-Admin-APIs--e1e9c-admin-crm-tickets-—-non-5xx-mobile-chrome/video.webm
    ────────────────────────────────────────────────────────────────────────────────────────────────

    Error Context: test-results/admin-api-deep-Admin-APIs--e1e9c-admin-crm-tickets-—-non-5xx-mobile-chrome/error-context.md

    Retry #1 ───────────────────────────────────────────────────────────────────────────────────────

    Error: apiRequestContext.get: connect ECONNREFUSED ::1:4000
    Call log:
      - → GET http://localhost:4000/api/admin/crm/tickets
        - user-agent: Mozilla/5.0 (Linux; Android 14; Pixel 7) AppleWebKit/537.36 (KHTML, like Gecko) Chrome/151.0.7922.34 Mobile Safari/537.36
        - accept: */*
        - accept-encoding: gzip,deflate,br
        - cookie: e2e_admin=1

        at apiRequestContext.get: connect ECONNREFUSED ::1:4000
        at /home/tbaltzakis/cloudless.gr/e2e/admin-api-deep.spec.mts:67:31

    attachment #1: screenshot (image/png) ──────────────────────────────────────────────────────────
    test-results/admin-api-deep-Admin-APIs--e1e9c-admin-crm-tickets-—-non-5xx-mobile-chrome-retry1/test-failed-1.png
    ────────────────────────────────────────────────────────────────────────────────────────────────

    attachment #2: video (video/webm) ──────────────────────────────────────────────────────────────
    test-results/admin-api-deep-Admin-APIs--e1e9c-admin-crm-tickets-—-non-5xx-mobile-chrome-retry1/video.webm
    ────────────────────────────────────────────────────────────────────────────────────────────────

    Error Context: test-results/admin-api-deep-Admin-APIs--e1e9c-admin-crm-tickets-—-non-5xx-mobile-chrome-retry1/error-context.md

    attachment #4: trace (application/zip) ─────────────────────────────────────────────────────────
    test-results/admin-api-deep-Admin-APIs--e1e9c-admin-crm-tickets-—-non-5xx-mobile-chrome-retry1/trace.zip
    Usage:

        npx playwright show-trace test-results/admin-api-deep-Admin-APIs--e1e9c-admin-crm-tickets-—-non-5xx-mobile-chrome-retry1/trace.zip

    ────────────────────────────────────────────────────────────────────────────────────────────────

  627) [mobile-chrome] › e2e/admin-api-deep.spec.mts:66:5 › Admin APIs authenticated › auth GET /api/admin/email/automations — non-5xx 

    Error: apiRequestContext.get: connect ECONNREFUSED ::1:4000
    Call log:
      - → GET http://localhost:4000/api/admin/email/automations
        - user-agent: Mozilla/5.0 (Linux; Android 14; Pixel 7) AppleWebKit/537.36 (KHTML, like Gecko) Chrome/151.0.7922.34 Mobile Safari/537.36
        - accept: */*
        - accept-encoding: gzip,deflate,br
        - cookie: e2e_admin=1

        at apiRequestContext.get: connect ECONNREFUSED ::1:4000
        at /home/tbaltzakis/cloudless.gr/e2e/admin-api-deep.spec.mts:67:31

    attachment #1: screenshot (image/png) ──────────────────────────────────────────────────────────
    test-results/admin-api-deep-Admin-APIs--905c7-email-automations-—-non-5xx-mobile-chrome/test-failed-1.png
    ────────────────────────────────────────────────────────────────────────────────────────────────

    attachment #2: video (video/webm) ──────────────────────────────────────────────────────────────
    test-results/admin-api-deep-Admin-APIs--905c7-email-automations-—-non-5xx-mobile-chrome/video.webm
    ────────────────────────────────────────────────────────────────────────────────────────────────

    Error Context: test-results/admin-api-deep-Admin-APIs--905c7-email-automations-—-non-5xx-mobile-chrome/error-context.md

    Retry #1 ───────────────────────────────────────────────────────────────────────────────────────

    Error: apiRequestContext.get: connect ECONNREFUSED ::1:4000
    Call log:
      - → GET http://localhost:4000/api/admin/email/automations
        - user-agent: Mozilla/5.0 (Linux; Android 14; Pixel 7) AppleWebKit/537.36 (KHTML, like Gecko) Chrome/151.0.7922.34 Mobile Safari/537.36
        - accept: */*
        - accept-encoding: gzip,deflate,br
        - cookie: e2e_admin=1

        at apiRequestContext.get: connect ECONNREFUSED ::1:4000
        at /home/tbaltzakis/cloudless.gr/e2e/admin-api-deep.spec.mts:67:31

    attachment #1: screenshot (image/png) ──────────────────────────────────────────────────────────
    test-results/admin-api-deep-Admin-APIs--905c7-email-automations-—-non-5xx-mobile-chrome-retry1/test-failed-1.png
    ────────────────────────────────────────────────────────────────────────────────────────────────

    attachment #2: video (video/webm) ──────────────────────────────────────────────────────────────
    test-results/admin-api-deep-Admin-APIs--905c7-email-automations-—-non-5xx-mobile-chrome-retry1/video.webm
    ────────────────────────────────────────────────────────────────────────────────────────────────

    Error Context: test-results/admin-api-deep-Admin-APIs--905c7-email-automations-—-non-5xx-mobile-chrome-retry1/error-context.md

    attachment #4: trace (application/zip) ─────────────────────────────────────────────────────────
    test-results/admin-api-deep-Admin-APIs--905c7-email-automations-—-non-5xx-mobile-chrome-retry1/trace.zip
    Usage:

        npx playwright show-trace test-results/admin-api-deep-Admin-APIs--905c7-email-automations-—-non-5xx-mobile-chrome-retry1/trace.zip

    ────────────────────────────────────────────────────────────────────────────────────────────────

  628) [mobile-chrome] › e2e/admin-api-deep.spec.mts:66:5 › Admin APIs authenticated › auth GET /api/admin/email/campaigns — non-5xx 

    Error: apiRequestContext.get: connect ECONNREFUSED ::1:4000
    Call log:
      - → GET http://localhost:4000/api/admin/email/campaigns
        - user-agent: Mozilla/5.0 (Linux; Android 14; Pixel 7) AppleWebKit/537.36 (KHTML, like Gecko) Chrome/151.0.7922.34 Mobile Safari/537.36
        - accept: */*
        - accept-encoding: gzip,deflate,br
        - cookie: e2e_admin=1

        at apiRequestContext.get: connect ECONNREFUSED ::1:4000
        at /home/tbaltzakis/cloudless.gr/e2e/admin-api-deep.spec.mts:67:31

    attachment #1: screenshot (image/png) ──────────────────────────────────────────────────────────
    test-results/admin-api-deep-Admin-APIs--4e3d7-n-email-campaigns-—-non-5xx-mobile-chrome/test-failed-1.png
    ────────────────────────────────────────────────────────────────────────────────────────────────

    attachment #2: video (video/webm) ──────────────────────────────────────────────────────────────
    test-results/admin-api-deep-Admin-APIs--4e3d7-n-email-campaigns-—-non-5xx-mobile-chrome/video.webm
    ────────────────────────────────────────────────────────────────────────────────────────────────

    Error Context: test-results/admin-api-deep-Admin-APIs--4e3d7-n-email-campaigns-—-non-5xx-mobile-chrome/error-context.md

    Retry #1 ───────────────────────────────────────────────────────────────────────────────────────

    Error: apiRequestContext.get: connect ECONNREFUSED ::1:4000
    Call log:
      - → GET http://localhost:4000/api/admin/email/campaigns
        - user-agent: Mozilla/5.0 (Linux; Android 14; Pixel 7) AppleWebKit/537.36 (KHTML, like Gecko) Chrome/151.0.7922.34 Mobile Safari/537.36
        - accept: */*
        - accept-encoding: gzip,deflate,br
        - cookie: e2e_admin=1

        at apiRequestContext.get: connect ECONNREFUSED ::1:4000
        at /home/tbaltzakis/cloudless.gr/e2e/admin-api-deep.spec.mts:67:31

    attachment #1: screenshot (image/png) ──────────────────────────────────────────────────────────
    test-results/admin-api-deep-Admin-APIs--4e3d7-n-email-campaigns-—-non-5xx-mobile-chrome-retry1/test-failed-1.png
    ────────────────────────────────────────────────────────────────────────────────────────────────

    attachment #2: video (video/webm) ──────────────────────────────────────────────────────────────
    test-results/admin-api-deep-Admin-APIs--4e3d7-n-email-campaigns-—-non-5xx-mobile-chrome-retry1/video.webm
    ────────────────────────────────────────────────────────────────────────────────────────────────

    Error Context: test-results/admin-api-deep-Admin-APIs--4e3d7-n-email-campaigns-—-non-5xx-mobile-chrome-retry1/error-context.md

    attachment #4: trace (application/zip) ─────────────────────────────────────────────────────────
    test-results/admin-api-deep-Admin-APIs--4e3d7-n-email-campaigns-—-non-5xx-mobile-chrome-retry1/trace.zip
    Usage:

        npx playwright show-trace test-results/admin-api-deep-Admin-APIs--4e3d7-n-email-campaigns-—-non-5xx-mobile-chrome-retry1/trace.zip

    ────────────────────────────────────────────────────────────────────────────────────────────────

  629) [mobile-chrome] › e2e/admin-api-deep.spec.mts:66:5 › Admin APIs authenticated › auth GET /api/admin/email/contacts — non-5xx 

    Error: apiRequestContext.get: connect ECONNREFUSED ::1:4000
    Call log:
      - → GET http://localhost:4000/api/admin/email/contacts
        - user-agent: Mozilla/5.0 (Linux; Android 14; Pixel 7) AppleWebKit/537.36 (KHTML, like Gecko) Chrome/151.0.7922.34 Mobile Safari/537.36
        - accept: */*
        - accept-encoding: gzip,deflate,br
        - cookie: e2e_admin=1

        at apiRequestContext.get: connect ECONNREFUSED ::1:4000
        at /home/tbaltzakis/cloudless.gr/e2e/admin-api-deep.spec.mts:67:31

    attachment #1: screenshot (image/png) ──────────────────────────────────────────────────────────
    test-results/admin-api-deep-Admin-APIs--7782d-in-email-contacts-—-non-5xx-mobile-chrome/test-failed-1.png
    ────────────────────────────────────────────────────────────────────────────────────────────────

    attachment #2: video (video/webm) ──────────────────────────────────────────────────────────────
    test-results/admin-api-deep-Admin-APIs--7782d-in-email-contacts-—-non-5xx-mobile-chrome/video.webm
    ────────────────────────────────────────────────────────────────────────────────────────────────

    Error Context: test-results/admin-api-deep-Admin-APIs--7782d-in-email-contacts-—-non-5xx-mobile-chrome/error-context.md

    Retry #1 ───────────────────────────────────────────────────────────────────────────────────────

    Error: apiRequestContext.get: connect ECONNREFUSED ::1:4000
    Call log:
      - → GET http://localhost:4000/api/admin/email/contacts
        - user-agent: Mozilla/5.0 (Linux; Android 14; Pixel 7) AppleWebKit/537.36 (KHTML, like Gecko) Chrome/151.0.7922.34 Mobile Safari/537.36
        - accept: */*
        - accept-encoding: gzip,deflate,br
        - cookie: e2e_admin=1

        at apiRequestContext.get: connect ECONNREFUSED ::1:4000
        at /home/tbaltzakis/cloudless.gr/e2e/admin-api-deep.spec.mts:67:31

    attachment #1: screenshot (image/png) ──────────────────────────────────────────────────────────
    test-results/admin-api-deep-Admin-APIs--7782d-in-email-contacts-—-non-5xx-mobile-chrome-retry1/test-failed-1.png
    ────────────────────────────────────────────────────────────────────────────────────────────────

    attachment #2: video (video/webm) ──────────────────────────────────────────────────────────────
    test-results/admin-api-deep-Admin-APIs--7782d-in-email-contacts-—-non-5xx-mobile-chrome-retry1/video.webm
    ────────────────────────────────────────────────────────────────────────────────────────────────

    Error Context: test-results/admin-api-deep-Admin-APIs--7782d-in-email-contacts-—-non-5xx-mobile-chrome-retry1/error-context.md

    attachment #4: trace (application/zip) ─────────────────────────────────────────────────────────
    test-results/admin-api-deep-Admin-APIs--7782d-in-email-contacts-—-non-5xx-mobile-chrome-retry1/trace.zip
    Usage:

        npx playwright show-trace test-results/admin-api-deep-Admin-APIs--7782d-in-email-contacts-—-non-5xx-mobile-chrome-retry1/trace.zip

    ────────────────────────────────────────────────────────────────────────────────────────────────

  630) [mobile-chrome] › e2e/admin-api-deep.spec.mts:66:5 › Admin APIs authenticated › auth GET /api/admin/email/lists — non-5xx 

    Error: apiRequestContext.get: connect ECONNREFUSED ::1:4000
    Call log:
      - → GET http://localhost:4000/api/admin/email/lists
        - user-agent: Mozilla/5.0 (Linux; Android 14; Pixel 7) AppleWebKit/537.36 (KHTML, like Gecko) Chrome/151.0.7922.34 Mobile Safari/537.36
        - accept: */*
        - accept-encoding: gzip,deflate,br
        - cookie: e2e_admin=1

        at apiRequestContext.get: connect ECONNREFUSED ::1:4000
        at /home/tbaltzakis/cloudless.gr/e2e/admin-api-deep.spec.mts:67:31

    attachment #1: screenshot (image/png) ──────────────────────────────────────────────────────────
    test-results/admin-api-deep-Admin-APIs--f3370-admin-email-lists-—-non-5xx-mobile-chrome/test-failed-1.png
    ────────────────────────────────────────────────────────────────────────────────────────────────

    attachment #2: video (video/webm) ──────────────────────────────────────────────────────────────
    test-results/admin-api-deep-Admin-APIs--f3370-admin-email-lists-—-non-5xx-mobile-chrome/video.webm
    ────────────────────────────────────────────────────────────────────────────────────────────────

    Error Context: test-results/admin-api-deep-Admin-APIs--f3370-admin-email-lists-—-non-5xx-mobile-chrome/error-context.md

    Retry #1 ───────────────────────────────────────────────────────────────────────────────────────

    Error: apiRequestContext.get: connect ECONNREFUSED ::1:4000
    Call log:
      - → GET http://localhost:4000/api/admin/email/lists
        - user-agent: Mozilla/5.0 (Linux; Android 14; Pixel 7) AppleWebKit/537.36 (KHTML, like Gecko) Chrome/151.0.7922.34 Mobile Safari/537.36
        - accept: */*
        - accept-encoding: gzip,deflate,br
        - cookie: e2e_admin=1

        at apiRequestContext.get: connect ECONNREFUSED ::1:4000
        at /home/tbaltzakis/cloudless.gr/e2e/admin-api-deep.spec.mts:67:31

    attachment #1: screenshot (image/png) ──────────────────────────────────────────────────────────
    test-results/admin-api-deep-Admin-APIs--f3370-admin-email-lists-—-non-5xx-mobile-chrome-retry1/test-failed-1.png
    ────────────────────────────────────────────────────────────────────────────────────────────────

    attachment #2: video (video/webm) ──────────────────────────────────────────────────────────────
    test-results/admin-api-deep-Admin-APIs--f3370-admin-email-lists-—-non-5xx-mobile-chrome-retry1/video.webm
    ────────────────────────────────────────────────────────────────────────────────────────────────

    Error Context: test-results/admin-api-deep-Admin-APIs--f3370-admin-email-lists-—-non-5xx-mobile-chrome-retry1/error-context.md

    attachment #4: trace (application/zip) ─────────────────────────────────────────────────────────
    test-results/admin-api-deep-Admin-APIs--f3370-admin-email-lists-—-non-5xx-mobile-chrome-retry1/trace.zip
    Usage:

        npx playwright show-trace test-results/admin-api-deep-Admin-APIs--f3370-admin-email-lists-—-non-5xx-mobile-chrome-retry1/trace.zip

    ────────────────────────────────────────────────────────────────────────────────────────────────

  631) [mobile-chrome] › e2e/admin-api-deep.spec.mts:66:5 › Admin APIs authenticated › auth GET /api/admin/email/stats — non-5xx 

    Error: apiRequestContext.get: connect ECONNREFUSED ::1:4000
    Call log:
      - → GET http://localhost:4000/api/admin/email/stats
        - user-agent: Mozilla/5.0 (Linux; Android 14; Pixel 7) AppleWebKit/537.36 (KHTML, like Gecko) Chrome/151.0.7922.34 Mobile Safari/537.36
        - accept: */*
        - accept-encoding: gzip,deflate,br
        - cookie: e2e_admin=1

        at apiRequestContext.get: connect ECONNREFUSED ::1:4000
        at /home/tbaltzakis/cloudless.gr/e2e/admin-api-deep.spec.mts:67:31

    attachment #1: screenshot (image/png) ──────────────────────────────────────────────────────────
    test-results/admin-api-deep-Admin-APIs--bf34d-admin-email-stats-—-non-5xx-mobile-chrome/test-failed-1.png
    ────────────────────────────────────────────────────────────────────────────────────────────────

    attachment #2: video (video/webm) ──────────────────────────────────────────────────────────────
    test-results/admin-api-deep-Admin-APIs--bf34d-admin-email-stats-—-non-5xx-mobile-chrome/video.webm
    ────────────────────────────────────────────────────────────────────────────────────────────────

    Error Context: test-results/admin-api-deep-Admin-APIs--bf34d-admin-email-stats-—-non-5xx-mobile-chrome/error-context.md

    Retry #1 ───────────────────────────────────────────────────────────────────────────────────────

    Error: apiRequestContext.get: connect ECONNREFUSED ::1:4000
    Call log:
      - → GET http://localhost:4000/api/admin/email/stats
        - user-agent: Mozilla/5.0 (Linux; Android 14; Pixel 7) AppleWebKit/537.36 (KHTML, like Gecko) Chrome/151.0.7922.34 Mobile Safari/537.36
        - accept: */*
        - accept-encoding: gzip,deflate,br
        - cookie: e2e_admin=1

        at apiRequestContext.get: connect ECONNREFUSED ::1:4000
        at /home/tbaltzakis/cloudless.gr/e2e/admin-api-deep.spec.mts:67:31

    attachment #1: screenshot (image/png) ──────────────────────────────────────────────────────────
    test-results/admin-api-deep-Admin-APIs--bf34d-admin-email-stats-—-non-5xx-mobile-chrome-retry1/test-failed-1.png
    ────────────────────────────────────────────────────────────────────────────────────────────────

    attachment #2: video (video/webm) ──────────────────────────────────────────────────────────────
    test-results/admin-api-deep-Admin-APIs--bf34d-admin-email-stats-—-non-5xx-mobile-chrome-retry1/video.webm
    ────────────────────────────────────────────────────────────────────────────────────────────────

    Error Context: test-results/admin-api-deep-Admin-APIs--bf34d-admin-email-stats-—-non-5xx-mobile-chrome-retry1/error-context.md

    attachment #4: trace (application/zip) ─────────────────────────────────────────────────────────
    test-results/admin-api-deep-Admin-APIs--bf34d-admin-email-stats-—-non-5xx-mobile-chrome-retry1/trace.zip
    Usage:

        npx playwright show-trace test-results/admin-api-deep-Admin-APIs--bf34d-admin-email-stats-—-non-5xx-mobile-chrome-retry1/trace.zip

    ────────────────────────────────────────────────────────────────────────────────────────────────

  632) [mobile-chrome] › e2e/admin-api-deep.spec.mts:66:5 › Admin APIs authenticated › auth GET /api/admin/esp32 — non-5xx 

    Error: apiRequestContext.get: connect ECONNREFUSED ::1:4000
    Call log:
      - → GET http://localhost:4000/api/admin/esp32
        - user-agent: Mozilla/5.0 (Linux; Android 14; Pixel 7) AppleWebKit/537.36 (KHTML, like Gecko) Chrome/151.0.7922.34 Mobile Safari/537.36
        - accept: */*
        - accept-encoding: gzip,deflate,br
        - cookie: e2e_admin=1

        at apiRequestContext.get: connect ECONNREFUSED ::1:4000
        at /home/tbaltzakis/cloudless.gr/e2e/admin-api-deep.spec.mts:67:31

    attachment #1: screenshot (image/png) ──────────────────────────────────────────────────────────
    test-results/admin-api-deep-Admin-APIs--99bfb-T-api-admin-esp32-—-non-5xx-mobile-chrome/test-failed-1.png
    ────────────────────────────────────────────────────────────────────────────────────────────────

    attachment #2: video (video/webm) ──────────────────────────────────────────────────────────────
    test-results/admin-api-deep-Admin-APIs--99bfb-T-api-admin-esp32-—-non-5xx-mobile-chrome/video.webm
    ────────────────────────────────────────────────────────────────────────────────────────────────

    Error Context: test-results/admin-api-deep-Admin-APIs--99bfb-T-api-admin-esp32-—-non-5xx-mobile-chrome/error-context.md

    Retry #1 ───────────────────────────────────────────────────────────────────────────────────────

    Error: apiRequestContext.get: connect ECONNREFUSED ::1:4000
    Call log:
      - → GET http://localhost:4000/api/admin/esp32
        - user-agent: Mozilla/5.0 (Linux; Android 14; Pixel 7) AppleWebKit/537.36 (KHTML, like Gecko) Chrome/151.0.7922.34 Mobile Safari/537.36
        - accept: */*
        - accept-encoding: gzip,deflate,br
        - cookie: e2e_admin=1

        at apiRequestContext.get: connect ECONNREFUSED ::1:4000
        at /home/tbaltzakis/cloudless.gr/e2e/admin-api-deep.spec.mts:67:31

    attachment #1: screenshot (image/png) ──────────────────────────────────────────────────────────
    test-results/admin-api-deep-Admin-APIs--99bfb-T-api-admin-esp32-—-non-5xx-mobile-chrome-retry1/test-failed-1.png
    ────────────────────────────────────────────────────────────────────────────────────────────────

    attachment #2: video (video/webm) ──────────────────────────────────────────────────────────────
    test-results/admin-api-deep-Admin-APIs--99bfb-T-api-admin-esp32-—-non-5xx-mobile-chrome-retry1/video.webm
    ────────────────────────────────────────────────────────────────────────────────────────────────

    Error Context: test-results/admin-api-deep-Admin-APIs--99bfb-T-api-admin-esp32-—-non-5xx-mobile-chrome-retry1/error-context.md

    attachment #4: trace (application/zip) ─────────────────────────────────────────────────────────
    test-results/admin-api-deep-Admin-APIs--99bfb-T-api-admin-esp32-—-non-5xx-mobile-chrome-retry1/trace.zip
    Usage:

        npx playwright show-trace test-results/admin-api-deep-Admin-APIs--99bfb-T-api-admin-esp32-—-non-5xx-mobile-chrome-retry1/trace.zip

    ────────────────────────────────────────────────────────────────────────────────────────────────

  633) [mobile-chrome] › e2e/admin-api-deep.spec.mts:66:5 › Admin APIs authenticated › auth GET /api/admin/esp32/notion-sync — non-5xx 

    Error: apiRequestContext.get: connect ECONNREFUSED ::1:4000
    Call log:
      - → GET http://localhost:4000/api/admin/esp32/notion-sync
        - user-agent: Mozilla/5.0 (Linux; Android 14; Pixel 7) AppleWebKit/537.36 (KHTML, like Gecko) Chrome/151.0.7922.34 Mobile Safari/537.36
        - accept: */*
        - accept-encoding: gzip,deflate,br
        - cookie: e2e_admin=1

        at apiRequestContext.get: connect ECONNREFUSED ::1:4000
        at /home/tbaltzakis/cloudless.gr/e2e/admin-api-deep.spec.mts:67:31

    attachment #1: screenshot (image/png) ──────────────────────────────────────────────────────────
    test-results/admin-api-deep-Admin-APIs--a29b0-esp32-notion-sync-—-non-5xx-mobile-chrome/test-failed-1.png
    ────────────────────────────────────────────────────────────────────────────────────────────────

    attachment #2: video (video/webm) ──────────────────────────────────────────────────────────────
    test-results/admin-api-deep-Admin-APIs--a29b0-esp32-notion-sync-—-non-5xx-mobile-chrome/video.webm
    ────────────────────────────────────────────────────────────────────────────────────────────────

    Error Context: test-results/admin-api-deep-Admin-APIs--a29b0-esp32-notion-sync-—-non-5xx-mobile-chrome/error-context.md

    Retry #1 ───────────────────────────────────────────────────────────────────────────────────────

    Error: apiRequestContext.get: connect ECONNREFUSED ::1:4000
    Call log:
      - → GET http://localhost:4000/api/admin/esp32/notion-sync
        - user-agent: Mozilla/5.0 (Linux; Android 14; Pixel 7) AppleWebKit/537.36 (KHTML, like Gecko) Chrome/151.0.7922.34 Mobile Safari/537.36
        - accept: */*
        - accept-encoding: gzip,deflate,br
        - cookie: e2e_admin=1

        at apiRequestContext.get: connect ECONNREFUSED ::1:4000
        at /home/tbaltzakis/cloudless.gr/e2e/admin-api-deep.spec.mts:67:31

    attachment #1: screenshot (image/png) ──────────────────────────────────────────────────────────
    test-results/admin-api-deep-Admin-APIs--a29b0-esp32-notion-sync-—-non-5xx-mobile-chrome-retry1/test-failed-1.png
    ────────────────────────────────────────────────────────────────────────────────────────────────

    attachment #2: video (video/webm) ──────────────────────────────────────────────────────────────
    test-results/admin-api-deep-Admin-APIs--a29b0-esp32-notion-sync-—-non-5xx-mobile-chrome-retry1/video.webm
    ────────────────────────────────────────────────────────────────────────────────────────────────

    Error Context: test-results/admin-api-deep-Admin-APIs--a29b0-esp32-notion-sync-—-non-5xx-mobile-chrome-retry1/error-context.md

    attachment #4: trace (application/zip) ─────────────────────────────────────────────────────────
    test-results/admin-api-deep-Admin-APIs--a29b0-esp32-notion-sync-—-non-5xx-mobile-chrome-retry1/trace.zip
    Usage:

        npx playwright show-trace test-results/admin-api-deep-Admin-APIs--a29b0-esp32-notion-sync-—-non-5xx-mobile-chrome-retry1/trace.zip

    ────────────────────────────────────────────────────────────────────────────────────────────────

  634) [mobile-chrome] › e2e/admin-api-deep.spec.mts:66:5 › Admin APIs authenticated › auth GET /api/admin/integrations/status — non-5xx 

    Error: apiRequestContext.get: connect ECONNREFUSED ::1:4000
    Call log:
      - → GET http://localhost:4000/api/admin/integrations/status
        - user-agent: Mozilla/5.0 (Linux; Android 14; Pixel 7) AppleWebKit/537.36 (KHTML, like Gecko) Chrome/151.0.7922.34 Mobile Safari/537.36
        - accept: */*
        - accept-encoding: gzip,deflate,br
        - cookie: e2e_admin=1

        at apiRequestContext.get: connect ECONNREFUSED ::1:4000
        at /home/tbaltzakis/cloudless.gr/e2e/admin-api-deep.spec.mts:67:31

    attachment #1: screenshot (image/png) ──────────────────────────────────────────────────────────
    test-results/admin-api-deep-Admin-APIs--8702b-tegrations-status-—-non-5xx-mobile-chrome/test-failed-1.png
    ────────────────────────────────────────────────────────────────────────────────────────────────

    attachment #2: video (video/webm) ──────────────────────────────────────────────────────────────
    test-results/admin-api-deep-Admin-APIs--8702b-tegrations-status-—-non-5xx-mobile-chrome/video.webm
    ────────────────────────────────────────────────────────────────────────────────────────────────

    Error Context: test-results/admin-api-deep-Admin-APIs--8702b-tegrations-status-—-non-5xx-mobile-chrome/error-context.md

    Retry #1 ───────────────────────────────────────────────────────────────────────────────────────

    Error: apiRequestContext.get: connect ECONNREFUSED ::1:4000
    Call log:
      - → GET http://localhost:4000/api/admin/integrations/status
        - user-agent: Mozilla/5.0 (Linux; Android 14; Pixel 7) AppleWebKit/537.36 (KHTML, like Gecko) Chrome/151.0.7922.34 Mobile Safari/537.36
        - accept: */*
        - accept-encoding: gzip,deflate,br
        - cookie: e2e_admin=1

        at apiRequestContext.get: connect ECONNREFUSED ::1:4000
        at /home/tbaltzakis/cloudless.gr/e2e/admin-api-deep.spec.mts:67:31

    attachment #1: screenshot (image/png) ──────────────────────────────────────────────────────────
    test-results/admin-api-deep-Admin-APIs--8702b-tegrations-status-—-non-5xx-mobile-chrome-retry1/test-failed-1.png
    ────────────────────────────────────────────────────────────────────────────────────────────────

    attachment #2: video (video/webm) ──────────────────────────────────────────────────────────────
    test-results/admin-api-deep-Admin-APIs--8702b-tegrations-status-—-non-5xx-mobile-chrome-retry1/video.webm
    ────────────────────────────────────────────────────────────────────────────────────────────────

    Error Context: test-results/admin-api-deep-Admin-APIs--8702b-tegrations-status-—-non-5xx-mobile-chrome-retry1/error-context.md

    attachment #4: trace (application/zip) ─────────────────────────────────────────────────────────
    test-results/admin-api-deep-Admin-APIs--8702b-tegrations-status-—-non-5xx-mobile-chrome-retry1/trace.zip
    Usage:

        npx playwright show-trace test-results/admin-api-deep-Admin-APIs--8702b-tegrations-status-—-non-5xx-mobile-chrome-retry1/trace.zip

    ────────────────────────────────────────────────────────────────────────────────────────────────

  635) [mobile-chrome] › e2e/admin-api-deep.spec.mts:66:5 › Admin APIs authenticated › auth GET /api/admin/kpi — non-5xx 

    Error: apiRequestContext.get: connect ECONNREFUSED ::1:4000
    Call log:
      - → GET http://localhost:4000/api/admin/kpi
        - user-agent: Mozilla/5.0 (Linux; Android 14; Pixel 7) AppleWebKit/537.36 (KHTML, like Gecko) Chrome/151.0.7922.34 Mobile Safari/537.36
        - accept: */*
        - accept-encoding: gzip,deflate,br
        - cookie: e2e_admin=1

        at apiRequestContext.get: connect ECONNREFUSED ::1:4000
        at /home/tbaltzakis/cloudless.gr/e2e/admin-api-deep.spec.mts:67:31

    attachment #1: screenshot (image/png) ──────────────────────────────────────────────────────────
    test-results/admin-api-deep-Admin-APIs--1da13-GET-api-admin-kpi-—-non-5xx-mobile-chrome/test-failed-1.png
    ────────────────────────────────────────────────────────────────────────────────────────────────

    attachment #2: video (video/webm) ──────────────────────────────────────────────────────────────
    test-results/admin-api-deep-Admin-APIs--1da13-GET-api-admin-kpi-—-non-5xx-mobile-chrome/video.webm
    ────────────────────────────────────────────────────────────────────────────────────────────────

    Error Context: test-results/admin-api-deep-Admin-APIs--1da13-GET-api-admin-kpi-—-non-5xx-mobile-chrome/error-context.md

    Retry #1 ───────────────────────────────────────────────────────────────────────────────────────

    Error: apiRequestContext.get: connect ECONNREFUSED ::1:4000
    Call log:
      - → GET http://localhost:4000/api/admin/kpi
        - user-agent: Mozilla/5.0 (Linux; Android 14; Pixel 7) AppleWebKit/537.36 (KHTML, like Gecko) Chrome/151.0.7922.34 Mobile Safari/537.36
        - accept: */*
        - accept-encoding: gzip,deflate,br
        - cookie: e2e_admin=1

        at apiRequestContext.get: connect ECONNREFUSED ::1:4000
        at /home/tbaltzakis/cloudless.gr/e2e/admin-api-deep.spec.mts:67:31

    attachment #1: screenshot (image/png) ──────────────────────────────────────────────────────────
    test-results/admin-api-deep-Admin-APIs--1da13-GET-api-admin-kpi-—-non-5xx-mobile-chrome-retry1/test-failed-1.png
    ────────────────────────────────────────────────────────────────────────────────────────────────

    attachment #2: video (video/webm) ──────────────────────────────────────────────────────────────
    test-results/admin-api-deep-Admin-APIs--1da13-GET-api-admin-kpi-—-non-5xx-mobile-chrome-retry1/video.webm
    ────────────────────────────────────────────────────────────────────────────────────────────────

    Error Context: test-results/admin-api-deep-Admin-APIs--1da13-GET-api-admin-kpi-—-non-5xx-mobile-chrome-retry1/error-context.md

    attachment #4: trace (application/zip) ─────────────────────────────────────────────────────────
    test-results/admin-api-deep-Admin-APIs--1da13-GET-api-admin-kpi-—-non-5xx-mobile-chrome-retry1/trace.zip
    Usage:

        npx playwright show-trace test-results/admin-api-deep-Admin-APIs--1da13-GET-api-admin-kpi-—-non-5xx-mobile-chrome-retry1/trace.zip

    ────────────────────────────────────────────────────────────────────────────────────────────────

  636) [mobile-chrome] › e2e/admin-api-deep.spec.mts:66:5 › Admin APIs authenticated › auth GET /api/admin/notifications — non-5xx 

    Error: apiRequestContext.get: connect ECONNREFUSED ::1:4000
    Call log:
      - → GET http://localhost:4000/api/admin/notifications
        - user-agent: Mozilla/5.0 (Linux; Android 14; Pixel 7) AppleWebKit/537.36 (KHTML, like Gecko) Chrome/151.0.7922.34 Mobile Safari/537.36
        - accept: */*
        - accept-encoding: gzip,deflate,br
        - cookie: e2e_admin=1

        at apiRequestContext.get: connect ECONNREFUSED ::1:4000
        at /home/tbaltzakis/cloudless.gr/e2e/admin-api-deep.spec.mts:67:31

    attachment #1: screenshot (image/png) ──────────────────────────────────────────────────────────
    test-results/admin-api-deep-Admin-APIs--b5ff2-min-notifications-—-non-5xx-mobile-chrome/test-failed-1.png
    ────────────────────────────────────────────────────────────────────────────────────────────────

    attachment #2: video (video/webm) ──────────────────────────────────────────────────────────────
    test-results/admin-api-deep-Admin-APIs--b5ff2-min-notifications-—-non-5xx-mobile-chrome/video.webm
    ────────────────────────────────────────────────────────────────────────────────────────────────

    Error Context: test-results/admin-api-deep-Admin-APIs--b5ff2-min-notifications-—-non-5xx-mobile-chrome/error-context.md

    Retry #1 ───────────────────────────────────────────────────────────────────────────────────────

    Error: apiRequestContext.get: connect ECONNREFUSED ::1:4000
    Call log:
      - → GET http://localhost:4000/api/admin/notifications
        - user-agent: Mozilla/5.0 (Linux; Android 14; Pixel 7) AppleWebKit/537.36 (KHTML, like Gecko) Chrome/151.0.7922.34 Mobile Safari/537.36
        - accept: */*
        - accept-encoding: gzip,deflate,br
        - cookie: e2e_admin=1

        at apiRequestContext.get: connect ECONNREFUSED ::1:4000
        at /home/tbaltzakis/cloudless.gr/e2e/admin-api-deep.spec.mts:67:31

    attachment #1: screenshot (image/png) ──────────────────────────────────────────────────────────
    test-results/admin-api-deep-Admin-APIs--b5ff2-min-notifications-—-non-5xx-mobile-chrome-retry1/test-failed-1.png
    ────────────────────────────────────────────────────────────────────────────────────────────────

    attachment #2: video (video/webm) ──────────────────────────────────────────────────────────────
    test-results/admin-api-deep-Admin-APIs--b5ff2-min-notifications-—-non-5xx-mobile-chrome-retry1/video.webm
    ────────────────────────────────────────────────────────────────────────────────────────────────

    Error Context: test-results/admin-api-deep-Admin-APIs--b5ff2-min-notifications-—-non-5xx-mobile-chrome-retry1/error-context.md

    attachment #4: trace (application/zip) ─────────────────────────────────────────────────────────
    test-results/admin-api-deep-Admin-APIs--b5ff2-min-notifications-—-non-5xx-mobile-chrome-retry1/trace.zip
    Usage:

        npx playwright show-trace test-results/admin-api-deep-Admin-APIs--b5ff2-min-notifications-—-non-5xx-mobile-chrome-retry1/trace.zip

    ────────────────────────────────────────────────────────────────────────────────────────────────

  637) [mobile-chrome] › e2e/admin-api-deep.spec.mts:66:5 › Admin APIs authenticated › auth GET /api/admin/notifications/test — non-5xx 

    Error: apiRequestContext.get: connect ECONNREFUSED ::1:4000
    Call log:
      - → GET http://localhost:4000/api/admin/notifications/test
        - user-agent: Mozilla/5.0 (Linux; Android 14; Pixel 7) AppleWebKit/537.36 (KHTML, like Gecko) Chrome/151.0.7922.34 Mobile Safari/537.36
        - accept: */*
        - accept-encoding: gzip,deflate,br
        - cookie: e2e_admin=1

        at apiRequestContext.get: connect ECONNREFUSED ::1:4000
        at /home/tbaltzakis/cloudless.gr/e2e/admin-api-deep.spec.mts:67:31

    attachment #1: screenshot (image/png) ──────────────────────────────────────────────────────────
    test-results/admin-api-deep-Admin-APIs--42aa5-otifications-test-—-non-5xx-mobile-chrome/test-failed-1.png
    ────────────────────────────────────────────────────────────────────────────────────────────────

    attachment #2: video (video/webm) ──────────────────────────────────────────────────────────────
    test-results/admin-api-deep-Admin-APIs--42aa5-otifications-test-—-non-5xx-mobile-chrome/video.webm
    ────────────────────────────────────────────────────────────────────────────────────────────────

    Error Context: test-results/admin-api-deep-Admin-APIs--42aa5-otifications-test-—-non-5xx-mobile-chrome/error-context.md

    Retry #1 ───────────────────────────────────────────────────────────────────────────────────────

    Error: apiRequestContext.get: connect ECONNREFUSED ::1:4000
    Call log:
      - → GET http://localhost:4000/api/admin/notifications/test
        - user-agent: Mozilla/5.0 (Linux; Android 14; Pixel 7) AppleWebKit/537.36 (KHTML, like Gecko) Chrome/151.0.7922.34 Mobile Safari/537.36
        - accept: */*
        - accept-encoding: gzip,deflate,br
        - cookie: e2e_admin=1

        at apiRequestContext.get: connect ECONNREFUSED ::1:4000
        at /home/tbaltzakis/cloudless.gr/e2e/admin-api-deep.spec.mts:67:31

    attachment #1: screenshot (image/png) ──────────────────────────────────────────────────────────
    test-results/admin-api-deep-Admin-APIs--42aa5-otifications-test-—-non-5xx-mobile-chrome-retry1/test-failed-1.png
    ────────────────────────────────────────────────────────────────────────────────────────────────

    attachment #2: video (video/webm) ──────────────────────────────────────────────────────────────
    test-results/admin-api-deep-Admin-APIs--42aa5-otifications-test-—-non-5xx-mobile-chrome-retry1/video.webm
    ────────────────────────────────────────────────────────────────────────────────────────────────

    Error Context: test-results/admin-api-deep-Admin-APIs--42aa5-otifications-test-—-non-5xx-mobile-chrome-retry1/error-context.md

    attachment #4: trace (application/zip) ─────────────────────────────────────────────────────────
    test-results/admin-api-deep-Admin-APIs--42aa5-otifications-test-—-non-5xx-mobile-chrome-retry1/trace.zip
    Usage:

        npx playwright show-trace test-results/admin-api-deep-Admin-APIs--42aa5-otifications-test-—-non-5xx-mobile-chrome-retry1/trace.zip

    ────────────────────────────────────────────────────────────────────────────────────────────────

  638) [mobile-chrome] › e2e/admin-api-deep.spec.mts:66:5 › Admin APIs authenticated › auth GET /api/admin/notion/analytics — non-5xx 

    Error: apiRequestContext.get: connect ECONNREFUSED ::1:4000
    Call log:
      - → GET http://localhost:4000/api/admin/notion/analytics
        - user-agent: Mozilla/5.0 (Linux; Android 14; Pixel 7) AppleWebKit/537.36 (KHTML, like Gecko) Chrome/151.0.7922.34 Mobile Safari/537.36
        - accept: */*
        - accept-encoding: gzip,deflate,br
        - cookie: e2e_admin=1

        at apiRequestContext.get: connect ECONNREFUSED ::1:4000
        at /home/tbaltzakis/cloudless.gr/e2e/admin-api-deep.spec.mts:67:31

    attachment #1: screenshot (image/png) ──────────────────────────────────────────────────────────
    test-results/admin-api-deep-Admin-APIs--32e1b--notion-analytics-—-non-5xx-mobile-chrome/test-failed-1.png
    ────────────────────────────────────────────────────────────────────────────────────────────────

    attachment #2: video (video/webm) ──────────────────────────────────────────────────────────────
    test-results/admin-api-deep-Admin-APIs--32e1b--notion-analytics-—-non-5xx-mobile-chrome/video.webm
    ────────────────────────────────────────────────────────────────────────────────────────────────

    Error Context: test-results/admin-api-deep-Admin-APIs--32e1b--notion-analytics-—-non-5xx-mobile-chrome/error-context.md

    Retry #1 ───────────────────────────────────────────────────────────────────────────────────────

    Error: apiRequestContext.get: connect ECONNREFUSED ::1:4000
    Call log:
      - → GET http://localhost:4000/api/admin/notion/analytics
        - user-agent: Mozilla/5.0 (Linux; Android 14; Pixel 7) AppleWebKit/537.36 (KHTML, like Gecko) Chrome/151.0.7922.34 Mobile Safari/537.36
        - accept: */*
        - accept-encoding: gzip,deflate,br
        - cookie: e2e_admin=1

        at apiRequestContext.get: connect ECONNREFUSED ::1:4000
        at /home/tbaltzakis/cloudless.gr/e2e/admin-api-deep.spec.mts:67:31

    attachment #1: screenshot (image/png) ──────────────────────────────────────────────────────────
    test-results/admin-api-deep-Admin-APIs--32e1b--notion-analytics-—-non-5xx-mobile-chrome-retry1/test-failed-1.png
    ────────────────────────────────────────────────────────────────────────────────────────────────

    attachment #2: video (video/webm) ──────────────────────────────────────────────────────────────
    test-results/admin-api-deep-Admin-APIs--32e1b--notion-analytics-—-non-5xx-mobile-chrome-retry1/video.webm
    ────────────────────────────────────────────────────────────────────────────────────────────────

    Error Context: test-results/admin-api-deep-Admin-APIs--32e1b--notion-analytics-—-non-5xx-mobile-chrome-retry1/error-context.md

    attachment #4: trace (application/zip) ─────────────────────────────────────────────────────────
    test-results/admin-api-deep-Admin-APIs--32e1b--notion-analytics-—-non-5xx-mobile-chrome-retry1/trace.zip
    Usage:

        npx playwright show-trace test-results/admin-api-deep-Admin-APIs--32e1b--notion-analytics-—-non-5xx-mobile-chrome-retry1/trace.zip

    ────────────────────────────────────────────────────────────────────────────────────────────────

  639) [mobile-chrome] › e2e/admin-api-deep.spec.mts:66:5 › Admin APIs authenticated › auth GET /api/admin/notion/blog — non-5xx 

    Error: apiRequestContext.get: connect ECONNREFUSED ::1:4000
    Call log:
      - → GET http://localhost:4000/api/admin/notion/blog
        - user-agent: Mozilla/5.0 (Linux; Android 14; Pixel 7) AppleWebKit/537.36 (KHTML, like Gecko) Chrome/151.0.7922.34 Mobile Safari/537.36
        - accept: */*
        - accept-encoding: gzip,deflate,br
        - cookie: e2e_admin=1

        at apiRequestContext.get: connect ECONNREFUSED ::1:4000
        at /home/tbaltzakis/cloudless.gr/e2e/admin-api-deep.spec.mts:67:31

    attachment #1: screenshot (image/png) ──────────────────────────────────────────────────────────
    test-results/admin-api-deep-Admin-APIs--edfb8-admin-notion-blog-—-non-5xx-mobile-chrome/test-failed-1.png
    ────────────────────────────────────────────────────────────────────────────────────────────────

    attachment #2: video (video/webm) ──────────────────────────────────────────────────────────────
    test-results/admin-api-deep-Admin-APIs--edfb8-admin-notion-blog-—-non-5xx-mobile-chrome/video.webm
    ────────────────────────────────────────────────────────────────────────────────────────────────

    Error Context: test-results/admin-api-deep-Admin-APIs--edfb8-admin-notion-blog-—-non-5xx-mobile-chrome/error-context.md

    Retry #1 ───────────────────────────────────────────────────────────────────────────────────────

    Error: apiRequestContext.get: connect ECONNREFUSED ::1:4000
    Call log:
      - → GET http://localhost:4000/api/admin/notion/blog
        - user-agent: Mozilla/5.0 (Linux; Android 14; Pixel 7) AppleWebKit/537.36 (KHTML, like Gecko) Chrome/151.0.7922.34 Mobile Safari/537.36
        - accept: */*
        - accept-encoding: gzip,deflate,br
        - cookie: e2e_admin=1

        at apiRequestContext.get: connect ECONNREFUSED ::1:4000
        at /home/tbaltzakis/cloudless.gr/e2e/admin-api-deep.spec.mts:67:31

    attachment #1: screenshot (image/png) ──────────────────────────────────────────────────────────
    test-results/admin-api-deep-Admin-APIs--edfb8-admin-notion-blog-—-non-5xx-mobile-chrome-retry1/test-failed-1.png
    ────────────────────────────────────────────────────────────────────────────────────────────────

    attachment #2: video (video/webm) ──────────────────────────────────────────────────────────────
    test-results/admin-api-deep-Admin-APIs--edfb8-admin-notion-blog-—-non-5xx-mobile-chrome-retry1/video.webm
    ────────────────────────────────────────────────────────────────────────────────────────────────

    Error Context: test-results/admin-api-deep-Admin-APIs--edfb8-admin-notion-blog-—-non-5xx-mobile-chrome-retry1/error-context.md

    attachment #4: trace (application/zip) ─────────────────────────────────────────────────────────
    test-results/admin-api-deep-Admin-APIs--edfb8-admin-notion-blog-—-non-5xx-mobile-chrome-retry1/trace.zip
    Usage:

        npx playwright show-trace test-results/admin-api-deep-Admin-APIs--edfb8-admin-notion-blog-—-non-5xx-mobile-chrome-retry1/trace.zip

    ────────────────────────────────────────────────────────────────────────────────────────────────

  640) [mobile-chrome] › e2e/admin-api-deep.spec.mts:66:5 › Admin APIs authenticated › auth GET /api/admin/notion/comments — non-5xx 

    Error: apiRequestContext.get: connect ECONNREFUSED ::1:4000
    Call log:
      - → GET http://localhost:4000/api/admin/notion/comments
        - user-agent: Mozilla/5.0 (Linux; Android 14; Pixel 7) AppleWebKit/537.36 (KHTML, like Gecko) Chrome/151.0.7922.34 Mobile Safari/537.36
        - accept: */*
        - accept-encoding: gzip,deflate,br
        - cookie: e2e_admin=1

        at apiRequestContext.get: connect ECONNREFUSED ::1:4000
        at /home/tbaltzakis/cloudless.gr/e2e/admin-api-deep.spec.mts:67:31

    attachment #1: screenshot (image/png) ──────────────────────────────────────────────────────────
    test-results/admin-api-deep-Admin-APIs--2c30b-n-notion-comments-—-non-5xx-mobile-chrome/test-failed-1.png
    ────────────────────────────────────────────────────────────────────────────────────────────────

    attachment #2: video (video/webm) ──────────────────────────────────────────────────────────────
    test-results/admin-api-deep-Admin-APIs--2c30b-n-notion-comments-—-non-5xx-mobile-chrome/video.webm
    ────────────────────────────────────────────────────────────────────────────────────────────────

    Error Context: test-results/admin-api-deep-Admin-APIs--2c30b-n-notion-comments-—-non-5xx-mobile-chrome/error-context.md

    Retry #1 ───────────────────────────────────────────────────────────────────────────────────────

    Error: apiRequestContext.get: connect ECONNREFUSED ::1:4000
    Call log:
      - → GET http://localhost:4000/api/admin/notion/comments
        - user-agent: Mozilla/5.0 (Linux; Android 14; Pixel 7) AppleWebKit/537.36 (KHTML, like Gecko) Chrome/151.0.7922.34 Mobile Safari/537.36
        - accept: */*
        - accept-encoding: gzip,deflate,br
        - cookie: e2e_admin=1

        at apiRequestContext.get: connect ECONNREFUSED ::1:4000
        at /home/tbaltzakis/cloudless.gr/e2e/admin-api-deep.spec.mts:67:31

    attachment #1: screenshot (image/png) ──────────────────────────────────────────────────────────
    test-results/admin-api-deep-Admin-APIs--2c30b-n-notion-comments-—-non-5xx-mobile-chrome-retry1/test-failed-1.png
    ────────────────────────────────────────────────────────────────────────────────────────────────

    attachment #2: video (video/webm) ──────────────────────────────────────────────────────────────
    test-results/admin-api-deep-Admin-APIs--2c30b-n-notion-comments-—-non-5xx-mobile-chrome-retry1/video.webm
    ────────────────────────────────────────────────────────────────────────────────────────────────

    Error Context: test-results/admin-api-deep-Admin-APIs--2c30b-n-notion-comments-—-non-5xx-mobile-chrome-retry1/error-context.md

    attachment #4: trace (application/zip) ─────────────────────────────────────────────────────────
    test-results/admin-api-deep-Admin-APIs--2c30b-n-notion-comments-—-non-5xx-mobile-chrome-retry1/trace.zip
    Usage:

        npx playwright show-trace test-results/admin-api-deep-Admin-APIs--2c30b-n-notion-comments-—-non-5xx-mobile-chrome-retry1/trace.zip

    ────────────────────────────────────────────────────────────────────────────────────────────────

  641) [mobile-chrome] › e2e/admin-api-deep.spec.mts:66:5 › Admin APIs authenticated › auth GET /api/admin/notion/docs — non-5xx 

    Error: apiRequestContext.get: connect ECONNREFUSED ::1:4000
    Call log:
      - → GET http://localhost:4000/api/admin/notion/docs
        - user-agent: Mozilla/5.0 (Linux; Android 14; Pixel 7) AppleWebKit/537.36 (KHTML, like Gecko) Chrome/151.0.7922.34 Mobile Safari/537.36
        - accept: */*
        - accept-encoding: gzip,deflate,br
        - cookie: e2e_admin=1

        at apiRequestContext.get: connect ECONNREFUSED ::1:4000
        at /home/tbaltzakis/cloudless.gr/e2e/admin-api-deep.spec.mts:67:31

    attachment #1: screenshot (image/png) ──────────────────────────────────────────────────────────
    test-results/admin-api-deep-Admin-APIs--0e668-admin-notion-docs-—-non-5xx-mobile-chrome/test-failed-1.png
    ────────────────────────────────────────────────────────────────────────────────────────────────

    attachment #2: video (video/webm) ──────────────────────────────────────────────────────────────
    test-results/admin-api-deep-Admin-APIs--0e668-admin-notion-docs-—-non-5xx-mobile-chrome/video.webm
    ────────────────────────────────────────────────────────────────────────────────────────────────

    Error Context: test-results/admin-api-deep-Admin-APIs--0e668-admin-notion-docs-—-non-5xx-mobile-chrome/error-context.md

    Retry #1 ───────────────────────────────────────────────────────────────────────────────────────

    Error: apiRequestContext.get: connect ECONNREFUSED ::1:4000
    Call log:
      - → GET http://localhost:4000/api/admin/notion/docs
        - user-agent: Mozilla/5.0 (Linux; Android 14; Pixel 7) AppleWebKit/537.36 (KHTML, like Gecko) Chrome/151.0.7922.34 Mobile Safari/537.36
        - accept: */*
        - accept-encoding: gzip,deflate,br
        - cookie: e2e_admin=1

        at apiRequestContext.get: connect ECONNREFUSED ::1:4000
        at /home/tbaltzakis/cloudless.gr/e2e/admin-api-deep.spec.mts:67:31

    attachment #1: screenshot (image/png) ──────────────────────────────────────────────────────────
    test-results/admin-api-deep-Admin-APIs--0e668-admin-notion-docs-—-non-5xx-mobile-chrome-retry1/test-failed-1.png
    ────────────────────────────────────────────────────────────────────────────────────────────────

    attachment #2: video (video/webm) ──────────────────────────────────────────────────────────────
    test-results/admin-api-deep-Admin-APIs--0e668-admin-notion-docs-—-non-5xx-mobile-chrome-retry1/video.webm
    ────────────────────────────────────────────────────────────────────────────────────────────────

    Error Context: test-results/admin-api-deep-Admin-APIs--0e668-admin-notion-docs-—-non-5xx-mobile-chrome-retry1/error-context.md

    attachment #4: trace (application/zip) ─────────────────────────────────────────────────────────
    test-results/admin-api-deep-Admin-APIs--0e668-admin-notion-docs-—-non-5xx-mobile-chrome-retry1/trace.zip
    Usage:

        npx playwright show-trace test-results/admin-api-deep-Admin-APIs--0e668-admin-notion-docs-—-non-5xx-mobile-chrome-retry1/trace.zip

    ────────────────────────────────────────────────────────────────────────────────────────────────

  642) [mobile-chrome] › e2e/admin-api-deep.spec.mts:66:5 › Admin APIs authenticated › auth GET /api/admin/notion/projects — non-5xx 

    Error: apiRequestContext.get: connect ECONNREFUSED ::1:4000
    Call log:
      - → GET http://localhost:4000/api/admin/notion/projects
        - user-agent: Mozilla/5.0 (Linux; Android 14; Pixel 7) AppleWebKit/537.36 (KHTML, like Gecko) Chrome/151.0.7922.34 Mobile Safari/537.36
        - accept: */*
        - accept-encoding: gzip,deflate,br
        - cookie: e2e_admin=1

        at apiRequestContext.get: connect ECONNREFUSED ::1:4000
        at /home/tbaltzakis/cloudless.gr/e2e/admin-api-deep.spec.mts:67:31

    attachment #1: screenshot (image/png) ──────────────────────────────────────────────────────────
    test-results/admin-api-deep-Admin-APIs--2b79c-n-notion-projects-—-non-5xx-mobile-chrome/test-failed-1.png
    ────────────────────────────────────────────────────────────────────────────────────────────────

    attachment #2: video (video/webm) ──────────────────────────────────────────────────────────────
    test-results/admin-api-deep-Admin-APIs--2b79c-n-notion-projects-—-non-5xx-mobile-chrome/video.webm
    ────────────────────────────────────────────────────────────────────────────────────────────────

    Error Context: test-results/admin-api-deep-Admin-APIs--2b79c-n-notion-projects-—-non-5xx-mobile-chrome/error-context.md

    Retry #1 ───────────────────────────────────────────────────────────────────────────────────────

    Error: apiRequestContext.get: connect ECONNREFUSED ::1:4000
    Call log:
      - → GET http://localhost:4000/api/admin/notion/projects
        - user-agent: Mozilla/5.0 (Linux; Android 14; Pixel 7) AppleWebKit/537.36 (KHTML, like Gecko) Chrome/151.0.7922.34 Mobile Safari/537.36
        - accept: */*
        - accept-encoding: gzip,deflate,br
        - cookie: e2e_admin=1

        at apiRequestContext.get: connect ECONNREFUSED ::1:4000
        at /home/tbaltzakis/cloudless.gr/e2e/admin-api-deep.spec.mts:67:31

    attachment #1: screenshot (image/png) ──────────────────────────────────────────────────────────
    test-results/admin-api-deep-Admin-APIs--2b79c-n-notion-projects-—-non-5xx-mobile-chrome-retry1/test-failed-1.png
    ────────────────────────────────────────────────────────────────────────────────────────────────

    attachment #2: video (video/webm) ──────────────────────────────────────────────────────────────
    test-results/admin-api-deep-Admin-APIs--2b79c-n-notion-projects-—-non-5xx-mobile-chrome-retry1/video.webm
    ────────────────────────────────────────────────────────────────────────────────────────────────

    Error Context: test-results/admin-api-deep-Admin-APIs--2b79c-n-notion-projects-—-non-5xx-mobile-chrome-retry1/error-context.md

    attachment #4: trace (application/zip) ─────────────────────────────────────────────────────────
    test-results/admin-api-deep-Admin-APIs--2b79c-n-notion-projects-—-non-5xx-mobile-chrome-retry1/trace.zip
    Usage:

        npx playwright show-trace test-results/admin-api-deep-Admin-APIs--2b79c-n-notion-projects-—-non-5xx-mobile-chrome-retry1/trace.zip

    ────────────────────────────────────────────────────────────────────────────────────────────────

  643) [mobile-chrome] › e2e/admin-api-deep.spec.mts:66:5 › Admin APIs authenticated › auth GET /api/admin/notion/search — non-5xx 

    Error: apiRequestContext.get: connect ECONNREFUSED ::1:4000
    Call log:
      - → GET http://localhost:4000/api/admin/notion/search
        - user-agent: Mozilla/5.0 (Linux; Android 14; Pixel 7) AppleWebKit/537.36 (KHTML, like Gecko) Chrome/151.0.7922.34 Mobile Safari/537.36
        - accept: */*
        - accept-encoding: gzip,deflate,br
        - cookie: e2e_admin=1

        at apiRequestContext.get: connect ECONNREFUSED ::1:4000
        at /home/tbaltzakis/cloudless.gr/e2e/admin-api-deep.spec.mts:67:31

    attachment #1: screenshot (image/png) ──────────────────────────────────────────────────────────
    test-results/admin-api-deep-Admin-APIs--83dbd-min-notion-search-—-non-5xx-mobile-chrome/test-failed-1.png
    ────────────────────────────────────────────────────────────────────────────────────────────────

    attachment #2: video (video/webm) ──────────────────────────────────────────────────────────────
    test-results/admin-api-deep-Admin-APIs--83dbd-min-notion-search-—-non-5xx-mobile-chrome/video.webm
    ────────────────────────────────────────────────────────────────────────────────────────────────

    Error Context: test-results/admin-api-deep-Admin-APIs--83dbd-min-notion-search-—-non-5xx-mobile-chrome/error-context.md

    Retry #1 ───────────────────────────────────────────────────────────────────────────────────────

    Error: apiRequestContext.get: connect ECONNREFUSED ::1:4000
    Call log:
      - → GET http://localhost:4000/api/admin/notion/search
        - user-agent: Mozilla/5.0 (Linux; Android 14; Pixel 7) AppleWebKit/537.36 (KHTML, like Gecko) Chrome/151.0.7922.34 Mobile Safari/537.36
        - accept: */*
        - accept-encoding: gzip,deflate,br
        - cookie: e2e_admin=1

        at apiRequestContext.get: connect ECONNREFUSED ::1:4000
        at /home/tbaltzakis/cloudless.gr/e2e/admin-api-deep.spec.mts:67:31

    attachment #1: screenshot (image/png) ──────────────────────────────────────────────────────────
    test-results/admin-api-deep-Admin-APIs--83dbd-min-notion-search-—-non-5xx-mobile-chrome-retry1/test-failed-1.png
    ────────────────────────────────────────────────────────────────────────────────────────────────

    attachment #2: video (video/webm) ──────────────────────────────────────────────────────────────
    test-results/admin-api-deep-Admin-APIs--83dbd-min-notion-search-—-non-5xx-mobile-chrome-retry1/video.webm
    ────────────────────────────────────────────────────────────────────────────────────────────────

    Error Context: test-results/admin-api-deep-Admin-APIs--83dbd-min-notion-search-—-non-5xx-mobile-chrome-retry1/error-context.md

    attachment #4: trace (application/zip) ─────────────────────────────────────────────────────────
    test-results/admin-api-deep-Admin-APIs--83dbd-min-notion-search-—-non-5xx-mobile-chrome-retry1/trace.zip
    Usage:

        npx playwright show-trace test-results/admin-api-deep-Admin-APIs--83dbd-min-notion-search-—-non-5xx-mobile-chrome-retry1/trace.zip

    ────────────────────────────────────────────────────────────────────────────────────────────────

  644) [mobile-chrome] › e2e/admin-api-deep.spec.mts:66:5 › Admin APIs authenticated › auth GET /api/admin/notion/status — non-5xx 

    Error: apiRequestContext.get: connect ECONNREFUSED ::1:4000
    Call log:
      - → GET http://localhost:4000/api/admin/notion/status
        - user-agent: Mozilla/5.0 (Linux; Android 14; Pixel 7) AppleWebKit/537.36 (KHTML, like Gecko) Chrome/151.0.7922.34 Mobile Safari/537.36
        - accept: */*
        - accept-encoding: gzip,deflate,br
        - cookie: e2e_admin=1

        at apiRequestContext.get: connect ECONNREFUSED ::1:4000
        at /home/tbaltzakis/cloudless.gr/e2e/admin-api-deep.spec.mts:67:31

    attachment #1: screenshot (image/png) ──────────────────────────────────────────────────────────
    test-results/admin-api-deep-Admin-APIs--1738d-min-notion-status-—-non-5xx-mobile-chrome/test-failed-1.png
    ────────────────────────────────────────────────────────────────────────────────────────────────

    attachment #2: video (video/webm) ──────────────────────────────────────────────────────────────
    test-results/admin-api-deep-Admin-APIs--1738d-min-notion-status-—-non-5xx-mobile-chrome/video.webm
    ────────────────────────────────────────────────────────────────────────────────────────────────

    Error Context: test-results/admin-api-deep-Admin-APIs--1738d-min-notion-status-—-non-5xx-mobile-chrome/error-context.md

    Retry #1 ───────────────────────────────────────────────────────────────────────────────────────

    Error: apiRequestContext.get: connect ECONNREFUSED ::1:4000
    Call log:
      - → GET http://localhost:4000/api/admin/notion/status
        - user-agent: Mozilla/5.0 (Linux; Android 14; Pixel 7) AppleWebKit/537.36 (KHTML, like Gecko) Chrome/151.0.7922.34 Mobile Safari/537.36
        - accept: */*
        - accept-encoding: gzip,deflate,br
        - cookie: e2e_admin=1

        at apiRequestContext.get: connect ECONNREFUSED ::1:4000
        at /home/tbaltzakis/cloudless.gr/e2e/admin-api-deep.spec.mts:67:31

    attachment #1: screenshot (image/png) ──────────────────────────────────────────────────────────
    test-results/admin-api-deep-Admin-APIs--1738d-min-notion-status-—-non-5xx-mobile-chrome-retry1/test-failed-1.png
    ────────────────────────────────────────────────────────────────────────────────────────────────

    attachment #2: video (video/webm) ──────────────────────────────────────────────────────────────
    test-results/admin-api-deep-Admin-APIs--1738d-min-notion-status-—-non-5xx-mobile-chrome-retry1/video.webm
    ────────────────────────────────────────────────────────────────────────────────────────────────

    Error Context: test-results/admin-api-deep-Admin-APIs--1738d-min-notion-status-—-non-5xx-mobile-chrome-retry1/error-context.md

    attachment #4: trace (application/zip) ─────────────────────────────────────────────────────────
    test-results/admin-api-deep-Admin-APIs--1738d-min-notion-status-—-non-5xx-mobile-chrome-retry1/trace.zip
    Usage:

        npx playwright show-trace test-results/admin-api-deep-Admin-APIs--1738d-min-notion-status-—-non-5xx-mobile-chrome-retry1/trace.zip

    ────────────────────────────────────────────────────────────────────────────────────────────────

  645) [mobile-chrome] › e2e/admin-api-deep.spec.mts:66:5 › Admin APIs authenticated › auth GET /api/admin/notion/submissions — non-5xx 

    Error: apiRequestContext.get: connect ECONNREFUSED ::1:4000
    Call log:
      - → GET http://localhost:4000/api/admin/notion/submissions
        - user-agent: Mozilla/5.0 (Linux; Android 14; Pixel 7) AppleWebKit/537.36 (KHTML, like Gecko) Chrome/151.0.7922.34 Mobile Safari/537.36
        - accept: */*
        - accept-encoding: gzip,deflate,br
        - cookie: e2e_admin=1

        at apiRequestContext.get: connect ECONNREFUSED ::1:4000
        at /home/tbaltzakis/cloudless.gr/e2e/admin-api-deep.spec.mts:67:31

    attachment #1: screenshot (image/png) ──────────────────────────────────────────────────────────
    test-results/admin-api-deep-Admin-APIs--ad0d3-otion-submissions-—-non-5xx-mobile-chrome/test-failed-1.png
    ────────────────────────────────────────────────────────────────────────────────────────────────

    attachment #2: video (video/webm) ──────────────────────────────────────────────────────────────
    test-results/admin-api-deep-Admin-APIs--ad0d3-otion-submissions-—-non-5xx-mobile-chrome/video.webm
    ────────────────────────────────────────────────────────────────────────────────────────────────

    Error Context: test-results/admin-api-deep-Admin-APIs--ad0d3-otion-submissions-—-non-5xx-mobile-chrome/error-context.md

    Retry #1 ───────────────────────────────────────────────────────────────────────────────────────

    Error: apiRequestContext.get: connect ECONNREFUSED ::1:4000
    Call log:
      - → GET http://localhost:4000/api/admin/notion/submissions
        - user-agent: Mozilla/5.0 (Linux; Android 14; Pixel 7) AppleWebKit/537.36 (KHTML, like Gecko) Chrome/151.0.7922.34 Mobile Safari/537.36
        - accept: */*
        - accept-encoding: gzip,deflate,br
        - cookie: e2e_admin=1

        at apiRequestContext.get: connect ECONNREFUSED ::1:4000
        at /home/tbaltzakis/cloudless.gr/e2e/admin-api-deep.spec.mts:67:31

    attachment #1: screenshot (image/png) ──────────────────────────────────────────────────────────
    test-results/admin-api-deep-Admin-APIs--ad0d3-otion-submissions-—-non-5xx-mobile-chrome-retry1/test-failed-1.png
    ────────────────────────────────────────────────────────────────────────────────────────────────

    attachment #2: video (video/webm) ──────────────────────────────────────────────────────────────
    test-results/admin-api-deep-Admin-APIs--ad0d3-otion-submissions-—-non-5xx-mobile-chrome-retry1/video.webm
    ────────────────────────────────────────────────────────────────────────────────────────────────

    Error Context: test-results/admin-api-deep-Admin-APIs--ad0d3-otion-submissions-—-non-5xx-mobile-chrome-retry1/error-context.md

    attachment #4: trace (application/zip) ─────────────────────────────────────────────────────────
    test-results/admin-api-deep-Admin-APIs--ad0d3-otion-submissions-—-non-5xx-mobile-chrome-retry1/trace.zip
    Usage:

        npx playwright show-trace test-results/admin-api-deep-Admin-APIs--ad0d3-otion-submissions-—-non-5xx-mobile-chrome-retry1/trace.zip

    ────────────────────────────────────────────────────────────────────────────────────────────────

  646) [mobile-chrome] › e2e/admin-api-deep.spec.mts:66:5 › Admin APIs authenticated › auth GET /api/admin/notion/tasks — non-5xx 

    Error: apiRequestContext.get: connect ECONNREFUSED ::1:4000
    Call log:
      - → GET http://localhost:4000/api/admin/notion/tasks
        - user-agent: Mozilla/5.0 (Linux; Android 14; Pixel 7) AppleWebKit/537.36 (KHTML, like Gecko) Chrome/151.0.7922.34 Mobile Safari/537.36
        - accept: */*
        - accept-encoding: gzip,deflate,br
        - cookie: e2e_admin=1

        at apiRequestContext.get: connect ECONNREFUSED ::1:4000
        at /home/tbaltzakis/cloudless.gr/e2e/admin-api-deep.spec.mts:67:31

    attachment #1: screenshot (image/png) ──────────────────────────────────────────────────────────
    test-results/admin-api-deep-Admin-APIs--22059-dmin-notion-tasks-—-non-5xx-mobile-chrome/test-failed-1.png
    ────────────────────────────────────────────────────────────────────────────────────────────────

    attachment #2: video (video/webm) ──────────────────────────────────────────────────────────────
    test-results/admin-api-deep-Admin-APIs--22059-dmin-notion-tasks-—-non-5xx-mobile-chrome/video.webm
    ────────────────────────────────────────────────────────────────────────────────────────────────

    Error Context: test-results/admin-api-deep-Admin-APIs--22059-dmin-notion-tasks-—-non-5xx-mobile-chrome/error-context.md

    Retry #1 ───────────────────────────────────────────────────────────────────────────────────────

    Error: apiRequestContext.get: connect ECONNREFUSED ::1:4000
    Call log:
      - → GET http://localhost:4000/api/admin/notion/tasks
        - user-agent: Mozilla/5.0 (Linux; Android 14; Pixel 7) AppleWebKit/537.36 (KHTML, like Gecko) Chrome/151.0.7922.34 Mobile Safari/537.36
        - accept: */*
        - accept-encoding: gzip,deflate,br
        - cookie: e2e_admin=1

        at apiRequestContext.get: connect ECONNREFUSED ::1:4000
        at /home/tbaltzakis/cloudless.gr/e2e/admin-api-deep.spec.mts:67:31

    attachment #1: screenshot (image/png) ──────────────────────────────────────────────────────────
    test-results/admin-api-deep-Admin-APIs--22059-dmin-notion-tasks-—-non-5xx-mobile-chrome-retry1/test-failed-1.png
    ────────────────────────────────────────────────────────────────────────────────────────────────

    attachment #2: video (video/webm) ──────────────────────────────────────────────────────────────
    test-results/admin-api-deep-Admin-APIs--22059-dmin-notion-tasks-—-non-5xx-mobile-chrome-retry1/video.webm
    ────────────────────────────────────────────────────────────────────────────────────────────────

    Error Context: test-results/admin-api-deep-Admin-APIs--22059-dmin-notion-tasks-—-non-5xx-mobile-chrome-retry1/error-context.md

    attachment #4: trace (application/zip) ─────────────────────────────────────────────────────────
    test-results/admin-api-deep-Admin-APIs--22059-dmin-notion-tasks-—-non-5xx-mobile-chrome-retry1/trace.zip
    Usage:

        npx playwright show-trace test-results/admin-api-deep-Admin-APIs--22059-dmin-notion-tasks-—-non-5xx-mobile-chrome-retry1/trace.zip

    ────────────────────────────────────────────────────────────────────────────────────────────────

  647) [mobile-chrome] › e2e/admin-api-deep.spec.mts:66:5 › Admin APIs authenticated › auth GET /api/admin/oauth/tiktok — non-5xx 

    Error: apiRequestContext.get: connect ECONNREFUSED ::1:4000
    Call log:
      - → GET http://localhost:4000/api/admin/oauth/tiktok
        - user-agent: Mozilla/5.0 (Linux; Android 14; Pixel 7) AppleWebKit/537.36 (KHTML, like Gecko) Chrome/151.0.7922.34 Mobile Safari/537.36
        - accept: */*
        - accept-encoding: gzip,deflate,br
        - cookie: e2e_admin=1

        at apiRequestContext.get: connect ECONNREFUSED ::1:4000
        at /home/tbaltzakis/cloudless.gr/e2e/admin-api-deep.spec.mts:67:31

    attachment #1: screenshot (image/png) ──────────────────────────────────────────────────────────
    test-results/admin-api-deep-Admin-APIs--78864-dmin-oauth-tiktok-—-non-5xx-mobile-chrome/test-failed-1.png
    ────────────────────────────────────────────────────────────────────────────────────────────────

    attachment #2: video (video/webm) ──────────────────────────────────────────────────────────────
    test-results/admin-api-deep-Admin-APIs--78864-dmin-oauth-tiktok-—-non-5xx-mobile-chrome/video.webm
    ────────────────────────────────────────────────────────────────────────────────────────────────

    Error Context: test-results/admin-api-deep-Admin-APIs--78864-dmin-oauth-tiktok-—-non-5xx-mobile-chrome/error-context.md

    Retry #1 ───────────────────────────────────────────────────────────────────────────────────────

    Error: apiRequestContext.get: connect ECONNREFUSED ::1:4000
    Call log:
      - → GET http://localhost:4000/api/admin/oauth/tiktok
        - user-agent: Mozilla/5.0 (Linux; Android 14; Pixel 7) AppleWebKit/537.36 (KHTML, like Gecko) Chrome/151.0.7922.34 Mobile Safari/537.36
        - accept: */*
        - accept-encoding: gzip,deflate,br
        - cookie: e2e_admin=1

        at apiRequestContext.get: connect ECONNREFUSED ::1:4000
        at /home/tbaltzakis/cloudless.gr/e2e/admin-api-deep.spec.mts:67:31

    attachment #1: screenshot (image/png) ──────────────────────────────────────────────────────────
    test-results/admin-api-deep-Admin-APIs--78864-dmin-oauth-tiktok-—-non-5xx-mobile-chrome-retry1/test-failed-1.png
    ────────────────────────────────────────────────────────────────────────────────────────────────

    attachment #2: video (video/webm) ──────────────────────────────────────────────────────────────
    test-results/admin-api-deep-Admin-APIs--78864-dmin-oauth-tiktok-—-non-5xx-mobile-chrome-retry1/video.webm
    ────────────────────────────────────────────────────────────────────────────────────────────────

    Error Context: test-results/admin-api-deep-Admin-APIs--78864-dmin-oauth-tiktok-—-non-5xx-mobile-chrome-retry1/error-context.md

    attachment #4: trace (application/zip) ─────────────────────────────────────────────────────────
    test-results/admin-api-deep-Admin-APIs--78864-dmin-oauth-tiktok-—-non-5xx-mobile-chrome-retry1/trace.zip
    Usage:

        npx playwright show-trace test-results/admin-api-deep-Admin-APIs--78864-dmin-oauth-tiktok-—-non-5xx-mobile-chrome-retry1/trace.zip

    ────────────────────────────────────────────────────────────────────────────────────────────────

  648) [mobile-chrome] › e2e/admin-api-deep.spec.mts:66:5 › Admin APIs authenticated › auth GET /api/admin/oauth/tiktok/callback — non-5xx 

    Error: apiRequestContext.get: connect ECONNREFUSED ::1:4000
    Call log:
      - → GET http://localhost:4000/api/admin/oauth/tiktok/callback
        - user-agent: Mozilla/5.0 (Linux; Android 14; Pixel 7) AppleWebKit/537.36 (KHTML, like Gecko) Chrome/151.0.7922.34 Mobile Safari/537.36
        - accept: */*
        - accept-encoding: gzip,deflate,br
        - cookie: e2e_admin=1

        at apiRequestContext.get: connect ECONNREFUSED ::1:4000
        at /home/tbaltzakis/cloudless.gr/e2e/admin-api-deep.spec.mts:67:31

    attachment #1: screenshot (image/png) ──────────────────────────────────────────────────────────
    test-results/admin-api-deep-Admin-APIs--cbb1e-h-tiktok-callback-—-non-5xx-mobile-chrome/test-failed-1.png
    ────────────────────────────────────────────────────────────────────────────────────────────────

    attachment #2: video (video/webm) ──────────────────────────────────────────────────────────────
    test-results/admin-api-deep-Admin-APIs--cbb1e-h-tiktok-callback-—-non-5xx-mobile-chrome/video.webm
    ────────────────────────────────────────────────────────────────────────────────────────────────

    Error Context: test-results/admin-api-deep-Admin-APIs--cbb1e-h-tiktok-callback-—-non-5xx-mobile-chrome/error-context.md

    Retry #1 ───────────────────────────────────────────────────────────────────────────────────────

    Error: apiRequestContext.get: connect ECONNREFUSED ::1:4000
    Call log:
      - → GET http://localhost:4000/api/admin/oauth/tiktok/callback
        - user-agent: Mozilla/5.0 (Linux; Android 14; Pixel 7) AppleWebKit/537.36 (KHTML, like Gecko) Chrome/151.0.7922.34 Mobile Safari/537.36
        - accept: */*
        - accept-encoding: gzip,deflate,br
        - cookie: e2e_admin=1

        at apiRequestContext.get: connect ECONNREFUSED ::1:4000
        at /home/tbaltzakis/cloudless.gr/e2e/admin-api-deep.spec.mts:67:31

    attachment #1: screenshot (image/png) ──────────────────────────────────────────────────────────
    test-results/admin-api-deep-Admin-APIs--cbb1e-h-tiktok-callback-—-non-5xx-mobile-chrome-retry1/test-failed-1.png
    ────────────────────────────────────────────────────────────────────────────────────────────────

    attachment #2: video (video/webm) ──────────────────────────────────────────────────────────────
    test-results/admin-api-deep-Admin-APIs--cbb1e-h-tiktok-callback-—-non-5xx-mobile-chrome-retry1/video.webm
    ────────────────────────────────────────────────────────────────────────────────────────────────

    Error Context: test-results/admin-api-deep-Admin-APIs--cbb1e-h-tiktok-callback-—-non-5xx-mobile-chrome-retry1/error-context.md

    attachment #4: trace (application/zip) ─────────────────────────────────────────────────────────
    test-results/admin-api-deep-Admin-APIs--cbb1e-h-tiktok-callback-—-non-5xx-mobile-chrome-retry1/trace.zip
    Usage:

        npx playwright show-trace test-results/admin-api-deep-Admin-APIs--cbb1e-h-tiktok-callback-—-non-5xx-mobile-chrome-retry1/trace.zip

    ────────────────────────────────────────────────────────────────────────────────────────────────

  649) [mobile-chrome] › e2e/admin-api-deep.spec.mts:66:5 › Admin APIs authenticated › auth GET /api/admin/ops/errors — non-5xx 

    Error: apiRequestContext.get: connect ECONNREFUSED ::1:4000
    Call log:
      - → GET http://localhost:4000/api/admin/ops/errors
        - user-agent: Mozilla/5.0 (Linux; Android 14; Pixel 7) AppleWebKit/537.36 (KHTML, like Gecko) Chrome/151.0.7922.34 Mobile Safari/537.36
        - accept: */*
        - accept-encoding: gzip,deflate,br
        - cookie: e2e_admin=1

        at apiRequestContext.get: connect ECONNREFUSED ::1:4000
        at /home/tbaltzakis/cloudless.gr/e2e/admin-api-deep.spec.mts:67:31

    attachment #1: screenshot (image/png) ──────────────────────────────────────────────────────────
    test-results/admin-api-deep-Admin-APIs--4b791--admin-ops-errors-—-non-5xx-mobile-chrome/test-failed-1.png
    ────────────────────────────────────────────────────────────────────────────────────────────────

    attachment #2: video (video/webm) ──────────────────────────────────────────────────────────────
    test-results/admin-api-deep-Admin-APIs--4b791--admin-ops-errors-—-non-5xx-mobile-chrome/video.webm
    ────────────────────────────────────────────────────────────────────────────────────────────────

    Error Context: test-results/admin-api-deep-Admin-APIs--4b791--admin-ops-errors-—-non-5xx-mobile-chrome/error-context.md

    Retry #1 ───────────────────────────────────────────────────────────────────────────────────────

    Error: apiRequestContext.get: connect ECONNREFUSED ::1:4000
    Call log:
      - → GET http://localhost:4000/api/admin/ops/errors
        - user-agent: Mozilla/5.0 (Linux; Android 14; Pixel 7) AppleWebKit/537.36 (KHTML, like Gecko) Chrome/151.0.7922.34 Mobile Safari/537.36
        - accept: */*
        - accept-encoding: gzip,deflate,br
        - cookie: e2e_admin=1

        at apiRequestContext.get: connect ECONNREFUSED ::1:4000
        at /home/tbaltzakis/cloudless.gr/e2e/admin-api-deep.spec.mts:67:31

    attachment #1: screenshot (image/png) ──────────────────────────────────────────────────────────
    test-results/admin-api-deep-Admin-APIs--4b791--admin-ops-errors-—-non-5xx-mobile-chrome-retry1/test-failed-1.png
    ────────────────────────────────────────────────────────────────────────────────────────────────

    attachment #2: video (video/webm) ──────────────────────────────────────────────────────────────
    test-results/admin-api-deep-Admin-APIs--4b791--admin-ops-errors-—-non-5xx-mobile-chrome-retry1/video.webm
    ────────────────────────────────────────────────────────────────────────────────────────────────

    Error Context: test-results/admin-api-deep-Admin-APIs--4b791--admin-ops-errors-—-non-5xx-mobile-chrome-retry1/error-context.md

    attachment #4: trace (application/zip) ─────────────────────────────────────────────────────────
    test-results/admin-api-deep-Admin-APIs--4b791--admin-ops-errors-—-non-5xx-mobile-chrome-retry1/trace.zip
    Usage:

        npx playwright show-trace test-results/admin-api-deep-Admin-APIs--4b791--admin-ops-errors-—-non-5xx-mobile-chrome-retry1/trace.zip

    ────────────────────────────────────────────────────────────────────────────────────────────────

  650) [mobile-chrome] › e2e/admin-api-deep.spec.mts:66:5 › Admin APIs authenticated › auth GET /api/admin/ops/monitor — non-5xx 

    Error: apiRequestContext.get: connect ECONNREFUSED ::1:4000
    Call log:
      - → GET http://localhost:4000/api/admin/ops/monitor
        - user-agent: Mozilla/5.0 (Linux; Android 14; Pixel 7) AppleWebKit/537.36 (KHTML, like Gecko) Chrome/151.0.7922.34 Mobile Safari/537.36
        - accept: */*
        - accept-encoding: gzip,deflate,br
        - cookie: e2e_admin=1

        at apiRequestContext.get: connect ECONNREFUSED ::1:4000
        at /home/tbaltzakis/cloudless.gr/e2e/admin-api-deep.spec.mts:67:31

    attachment #1: screenshot (image/png) ──────────────────────────────────────────────────────────
    test-results/admin-api-deep-Admin-APIs--2a5cd-admin-ops-monitor-—-non-5xx-mobile-chrome/test-failed-1.png
    ────────────────────────────────────────────────────────────────────────────────────────────────

    attachment #2: video (video/webm) ──────────────────────────────────────────────────────────────
    test-results/admin-api-deep-Admin-APIs--2a5cd-admin-ops-monitor-—-non-5xx-mobile-chrome/video.webm
    ────────────────────────────────────────────────────────────────────────────────────────────────

    Error Context: test-results/admin-api-deep-Admin-APIs--2a5cd-admin-ops-monitor-—-non-5xx-mobile-chrome/error-context.md

    Retry #1 ───────────────────────────────────────────────────────────────────────────────────────

    Error: apiRequestContext.get: connect ECONNREFUSED ::1:4000
    Call log:
      - → GET http://localhost:4000/api/admin/ops/monitor
        - user-agent: Mozilla/5.0 (Linux; Android 14; Pixel 7) AppleWebKit/537.36 (KHTML, like Gecko) Chrome/151.0.7922.34 Mobile Safari/537.36
        - accept: */*
        - accept-encoding: gzip,deflate,br
        - cookie: e2e_admin=1

        at apiRequestContext.get: connect ECONNREFUSED ::1:4000
        at /home/tbaltzakis/cloudless.gr/e2e/admin-api-deep.spec.mts:67:31

    attachment #1: screenshot (image/png) ──────────────────────────────────────────────────────────
    test-results/admin-api-deep-Admin-APIs--2a5cd-admin-ops-monitor-—-non-5xx-mobile-chrome-retry1/test-failed-1.png
    ────────────────────────────────────────────────────────────────────────────────────────────────

    attachment #2: video (video/webm) ──────────────────────────────────────────────────────────────
    test-results/admin-api-deep-Admin-APIs--2a5cd-admin-ops-monitor-—-non-5xx-mobile-chrome-retry1/video.webm
    ────────────────────────────────────────────────────────────────────────────────────────────────

    Error Context: test-results/admin-api-deep-Admin-APIs--2a5cd-admin-ops-monitor-—-non-5xx-mobile-chrome-retry1/error-context.md

    attachment #4: trace (application/zip) ─────────────────────────────────────────────────────────
    test-results/admin-api-deep-Admin-APIs--2a5cd-admin-ops-monitor-—-non-5xx-mobile-chrome-retry1/trace.zip
    Usage:

        npx playwright show-trace test-results/admin-api-deep-Admin-APIs--2a5cd-admin-ops-monitor-—-non-5xx-mobile-chrome-retry1/trace.zip

    ────────────────────────────────────────────────────────────────────────────────────────────────

  651) [mobile-chrome] › e2e/admin-api-deep.spec.mts:66:5 › Admin APIs authenticated › auth GET /api/admin/orders — non-5xx 

    Error: apiRequestContext.get: connect ECONNREFUSED ::1:4000
    Call log:
      - → GET http://localhost:4000/api/admin/orders
        - user-agent: Mozilla/5.0 (Linux; Android 14; Pixel 7) AppleWebKit/537.36 (KHTML, like Gecko) Chrome/151.0.7922.34 Mobile Safari/537.36
        - accept: */*
        - accept-encoding: gzip,deflate,br
        - cookie: e2e_admin=1

        at apiRequestContext.get: connect ECONNREFUSED ::1:4000
        at /home/tbaltzakis/cloudless.gr/e2e/admin-api-deep.spec.mts:67:31

    attachment #1: screenshot (image/png) ──────────────────────────────────────────────────────────
    test-results/admin-api-deep-Admin-APIs--14d84--api-admin-orders-—-non-5xx-mobile-chrome/test-failed-1.png
    ────────────────────────────────────────────────────────────────────────────────────────────────

    attachment #2: video (video/webm) ──────────────────────────────────────────────────────────────
    test-results/admin-api-deep-Admin-APIs--14d84--api-admin-orders-—-non-5xx-mobile-chrome/video.webm
    ────────────────────────────────────────────────────────────────────────────────────────────────

    Error Context: test-results/admin-api-deep-Admin-APIs--14d84--api-admin-orders-—-non-5xx-mobile-chrome/error-context.md

    Retry #1 ───────────────────────────────────────────────────────────────────────────────────────

    Error: apiRequestContext.get: connect ECONNREFUSED ::1:4000
    Call log:
      - → GET http://localhost:4000/api/admin/orders
        - user-agent: Mozilla/5.0 (Linux; Android 14; Pixel 7) AppleWebKit/537.36 (KHTML, like Gecko) Chrome/151.0.7922.34 Mobile Safari/537.36
        - accept: */*
        - accept-encoding: gzip,deflate,br
        - cookie: e2e_admin=1

        at apiRequestContext.get: connect ECONNREFUSED ::1:4000
        at /home/tbaltzakis/cloudless.gr/e2e/admin-api-deep.spec.mts:67:31

    attachment #1: screenshot (image/png) ──────────────────────────────────────────────────────────
    test-results/admin-api-deep-Admin-APIs--14d84--api-admin-orders-—-non-5xx-mobile-chrome-retry1/test-failed-1.png
    ────────────────────────────────────────────────────────────────────────────────────────────────

    attachment #2: video (video/webm) ──────────────────────────────────────────────────────────────
    test-results/admin-api-deep-Admin-APIs--14d84--api-admin-orders-—-non-5xx-mobile-chrome-retry1/video.webm
    ────────────────────────────────────────────────────────────────────────────────────────────────

    Error Context: test-results/admin-api-deep-Admin-APIs--14d84--api-admin-orders-—-non-5xx-mobile-chrome-retry1/error-context.md

    attachment #4: trace (application/zip) ─────────────────────────────────────────────────────────
    test-results/admin-api-deep-Admin-APIs--14d84--api-admin-orders-—-non-5xx-mobile-chrome-retry1/trace.zip
    Usage:

        npx playwright show-trace test-results/admin-api-deep-Admin-APIs--14d84--api-admin-orders-—-non-5xx-mobile-chrome-retry1/trace.zip

    ────────────────────────────────────────────────────────────────────────────────────────────────

  652) [mobile-chrome] › e2e/admin-api-deep.spec.mts:66:5 › Admin APIs authenticated › auth GET /api/admin/pending-clients — non-5xx 

    Error: apiRequestContext.get: connect ECONNREFUSED ::1:4000
    Call log:
      - → GET http://localhost:4000/api/admin/pending-clients
        - user-agent: Mozilla/5.0 (Linux; Android 14; Pixel 7) AppleWebKit/537.36 (KHTML, like Gecko) Chrome/151.0.7922.34 Mobile Safari/537.36
        - accept: */*
        - accept-encoding: gzip,deflate,br
        - cookie: e2e_admin=1

        at apiRequestContext.get: connect ECONNREFUSED ::1:4000
        at /home/tbaltzakis/cloudless.gr/e2e/admin-api-deep.spec.mts:67:31

    attachment #1: screenshot (image/png) ──────────────────────────────────────────────────────────
    test-results/admin-api-deep-Admin-APIs--57182-n-pending-clients-—-non-5xx-mobile-chrome/test-failed-1.png
    ────────────────────────────────────────────────────────────────────────────────────────────────

    attachment #2: video (video/webm) ──────────────────────────────────────────────────────────────
    test-results/admin-api-deep-Admin-APIs--57182-n-pending-clients-—-non-5xx-mobile-chrome/video.webm
    ────────────────────────────────────────────────────────────────────────────────────────────────

    Error Context: test-results/admin-api-deep-Admin-APIs--57182-n-pending-clients-—-non-5xx-mobile-chrome/error-context.md

    Retry #1 ───────────────────────────────────────────────────────────────────────────────────────

    Error: apiRequestContext.get: connect ECONNREFUSED ::1:4000
    Call log:
      - → GET http://localhost:4000/api/admin/pending-clients
        - user-agent: Mozilla/5.0 (Linux; Android 14; Pixel 7) AppleWebKit/537.36 (KHTML, like Gecko) Chrome/151.0.7922.34 Mobile Safari/537.36
        - accept: */*
        - accept-encoding: gzip,deflate,br
        - cookie: e2e_admin=1

        at apiRequestContext.get: connect ECONNREFUSED ::1:4000
        at /home/tbaltzakis/cloudless.gr/e2e/admin-api-deep.spec.mts:67:31

    attachment #1: screenshot (image/png) ──────────────────────────────────────────────────────────
    test-results/admin-api-deep-Admin-APIs--57182-n-pending-clients-—-non-5xx-mobile-chrome-retry1/test-failed-1.png
    ────────────────────────────────────────────────────────────────────────────────────────────────

    attachment #2: video (video/webm) ──────────────────────────────────────────────────────────────
    test-results/admin-api-deep-Admin-APIs--57182-n-pending-clients-—-non-5xx-mobile-chrome-retry1/video.webm
    ────────────────────────────────────────────────────────────────────────────────────────────────

    Error Context: test-results/admin-api-deep-Admin-APIs--57182-n-pending-clients-—-non-5xx-mobile-chrome-retry1/error-context.md

    attachment #4: trace (application/zip) ─────────────────────────────────────────────────────────
    test-results/admin-api-deep-Admin-APIs--57182-n-pending-clients-—-non-5xx-mobile-chrome-retry1/trace.zip
    Usage:

        npx playwright show-trace test-results/admin-api-deep-Admin-APIs--57182-n-pending-clients-—-non-5xx-mobile-chrome-retry1/trace.zip

    ────────────────────────────────────────────────────────────────────────────────────────────────

  653) [mobile-chrome] › e2e/admin-api-deep.spec.mts:66:5 › Admin APIs authenticated › auth GET /api/admin/pipeline/board — non-5xx 

    Error: apiRequestContext.get: connect ECONNREFUSED ::1:4000
    Call log:
      - → GET http://localhost:4000/api/admin/pipeline/board
        - user-agent: Mozilla/5.0 (Linux; Android 14; Pixel 7) AppleWebKit/537.36 (KHTML, like Gecko) Chrome/151.0.7922.34 Mobile Safari/537.36
        - accept: */*
        - accept-encoding: gzip,deflate,br
        - cookie: e2e_admin=1

        at apiRequestContext.get: connect ECONNREFUSED ::1:4000
        at /home/tbaltzakis/cloudless.gr/e2e/admin-api-deep.spec.mts:67:31

    attachment #1: screenshot (image/png) ──────────────────────────────────────────────────────────
    test-results/admin-api-deep-Admin-APIs--50217-in-pipeline-board-—-non-5xx-mobile-chrome/test-failed-1.png
    ────────────────────────────────────────────────────────────────────────────────────────────────

    attachment #2: video (video/webm) ──────────────────────────────────────────────────────────────
    test-results/admin-api-deep-Admin-APIs--50217-in-pipeline-board-—-non-5xx-mobile-chrome/video.webm
    ────────────────────────────────────────────────────────────────────────────────────────────────

    Error Context: test-results/admin-api-deep-Admin-APIs--50217-in-pipeline-board-—-non-5xx-mobile-chrome/error-context.md

    Retry #1 ───────────────────────────────────────────────────────────────────────────────────────

    Error: apiRequestContext.get: connect ECONNREFUSED ::1:4000
    Call log:
      - → GET http://localhost:4000/api/admin/pipeline/board
        - user-agent: Mozilla/5.0 (Linux; Android 14; Pixel 7) AppleWebKit/537.36 (KHTML, like Gecko) Chrome/151.0.7922.34 Mobile Safari/537.36
        - accept: */*
        - accept-encoding: gzip,deflate,br
        - cookie: e2e_admin=1

        at apiRequestContext.get: connect ECONNREFUSED ::1:4000
        at /home/tbaltzakis/cloudless.gr/e2e/admin-api-deep.spec.mts:67:31

    attachment #1: screenshot (image/png) ──────────────────────────────────────────────────────────
    test-results/admin-api-deep-Admin-APIs--50217-in-pipeline-board-—-non-5xx-mobile-chrome-retry1/test-failed-1.png
    ────────────────────────────────────────────────────────────────────────────────────────────────

    attachment #2: video (video/webm) ──────────────────────────────────────────────────────────────
    test-results/admin-api-deep-Admin-APIs--50217-in-pipeline-board-—-non-5xx-mobile-chrome-retry1/video.webm
    ────────────────────────────────────────────────────────────────────────────────────────────────

    Error Context: test-results/admin-api-deep-Admin-APIs--50217-in-pipeline-board-—-non-5xx-mobile-chrome-retry1/error-context.md

    attachment #4: trace (application/zip) ─────────────────────────────────────────────────────────
    test-results/admin-api-deep-Admin-APIs--50217-in-pipeline-board-—-non-5xx-mobile-chrome-retry1/trace.zip
    Usage:

        npx playwright show-trace test-results/admin-api-deep-Admin-APIs--50217-in-pipeline-board-—-non-5xx-mobile-chrome-retry1/trace.zip

    ────────────────────────────────────────────────────────────────────────────────────────────────

  654) [mobile-chrome] › e2e/admin-api-deep.spec.mts:66:5 › Admin APIs authenticated › auth GET /api/admin/pipeline/stats — non-5xx 

    Error: apiRequestContext.get: connect ECONNREFUSED ::1:4000
    Call log:
      - → GET http://localhost:4000/api/admin/pipeline/stats
        - user-agent: Mozilla/5.0 (Linux; Android 14; Pixel 7) AppleWebKit/537.36 (KHTML, like Gecko) Chrome/151.0.7922.34 Mobile Safari/537.36
        - accept: */*
        - accept-encoding: gzip,deflate,br
        - cookie: e2e_admin=1

        at apiRequestContext.get: connect ECONNREFUSED ::1:4000
        at /home/tbaltzakis/cloudless.gr/e2e/admin-api-deep.spec.mts:67:31

    attachment #1: screenshot (image/png) ──────────────────────────────────────────────────────────
    test-results/admin-api-deep-Admin-APIs--7914c-in-pipeline-stats-—-non-5xx-mobile-chrome/test-failed-1.png
    ────────────────────────────────────────────────────────────────────────────────────────────────

    attachment #2: video (video/webm) ──────────────────────────────────────────────────────────────
    test-results/admin-api-deep-Admin-APIs--7914c-in-pipeline-stats-—-non-5xx-mobile-chrome/video.webm
    ────────────────────────────────────────────────────────────────────────────────────────────────

    Error Context: test-results/admin-api-deep-Admin-APIs--7914c-in-pipeline-stats-—-non-5xx-mobile-chrome/error-context.md

    Retry #1 ───────────────────────────────────────────────────────────────────────────────────────

    Error: apiRequestContext.get: connect ECONNREFUSED ::1:4000
    Call log:
      - → GET http://localhost:4000/api/admin/pipeline/stats
        - user-agent: Mozilla/5.0 (Linux; Android 14; Pixel 7) AppleWebKit/537.36 (KHTML, like Gecko) Chrome/151.0.7922.34 Mobile Safari/537.36
        - accept: */*
        - accept-encoding: gzip,deflate,br
        - cookie: e2e_admin=1

        at apiRequestContext.get: connect ECONNREFUSED ::1:4000
        at /home/tbaltzakis/cloudless.gr/e2e/admin-api-deep.spec.mts:67:31

    attachment #1: screenshot (image/png) ──────────────────────────────────────────────────────────
    test-results/admin-api-deep-Admin-APIs--7914c-in-pipeline-stats-—-non-5xx-mobile-chrome-retry1/test-failed-1.png
    ────────────────────────────────────────────────────────────────────────────────────────────────

    attachment #2: video (video/webm) ──────────────────────────────────────────────────────────────
    test-results/admin-api-deep-Admin-APIs--7914c-in-pipeline-stats-—-non-5xx-mobile-chrome-retry1/video.webm
    ────────────────────────────────────────────────────────────────────────────────────────────────

    Error Context: test-results/admin-api-deep-Admin-APIs--7914c-in-pipeline-stats-—-non-5xx-mobile-chrome-retry1/error-context.md

    attachment #4: trace (application/zip) ─────────────────────────────────────────────────────────
    test-results/admin-api-deep-Admin-APIs--7914c-in-pipeline-stats-—-non-5xx-mobile-chrome-retry1/trace.zip
    Usage:

        npx playwright show-trace test-results/admin-api-deep-Admin-APIs--7914c-in-pipeline-stats-—-non-5xx-mobile-chrome-retry1/trace.zip

    ────────────────────────────────────────────────────────────────────────────────────────────────

  655) [mobile-chrome] › e2e/admin-api-deep.spec.mts:66:5 › Admin APIs authenticated › auth GET /api/admin/reports — non-5xx 

    Error: apiRequestContext.get: connect ECONNREFUSED ::1:4000
    Call log:
      - → GET http://localhost:4000/api/admin/reports
        - user-agent: Mozilla/5.0 (Linux; Android 14; Pixel 7) AppleWebKit/537.36 (KHTML, like Gecko) Chrome/151.0.7922.34 Mobile Safari/537.36
        - accept: */*
        - accept-encoding: gzip,deflate,br
        - cookie: e2e_admin=1

        at apiRequestContext.get: connect ECONNREFUSED ::1:4000
        at /home/tbaltzakis/cloudless.gr/e2e/admin-api-deep.spec.mts:67:31

    attachment #1: screenshot (image/png) ──────────────────────────────────────────────────────────
    test-results/admin-api-deep-Admin-APIs--b767e-api-admin-reports-—-non-5xx-mobile-chrome/test-failed-1.png
    ────────────────────────────────────────────────────────────────────────────────────────────────

    attachment #2: video (video/webm) ──────────────────────────────────────────────────────────────
    test-results/admin-api-deep-Admin-APIs--b767e-api-admin-reports-—-non-5xx-mobile-chrome/video.webm
    ────────────────────────────────────────────────────────────────────────────────────────────────

    Error Context: test-results/admin-api-deep-Admin-APIs--b767e-api-admin-reports-—-non-5xx-mobile-chrome/error-context.md

    Retry #1 ───────────────────────────────────────────────────────────────────────────────────────

    Error: apiRequestContext.get: connect ECONNREFUSED ::1:4000
    Call log:
      - → GET http://localhost:4000/api/admin/reports
        - user-agent: Mozilla/5.0 (Linux; Android 14; Pixel 7) AppleWebKit/537.36 (KHTML, like Gecko) Chrome/151.0.7922.34 Mobile Safari/537.36
        - accept: */*
        - accept-encoding: gzip,deflate,br
        - cookie: e2e_admin=1

        at apiRequestContext.get: connect ECONNREFUSED ::1:4000
        at /home/tbaltzakis/cloudless.gr/e2e/admin-api-deep.spec.mts:67:31

    attachment #1: screenshot (image/png) ──────────────────────────────────────────────────────────
    test-results/admin-api-deep-Admin-APIs--b767e-api-admin-reports-—-non-5xx-mobile-chrome-retry1/test-failed-1.png
    ────────────────────────────────────────────────────────────────────────────────────────────────

    attachment #2: video (video/webm) ──────────────────────────────────────────────────────────────
    test-results/admin-api-deep-Admin-APIs--b767e-api-admin-reports-—-non-5xx-mobile-chrome-retry1/video.webm
    ────────────────────────────────────────────────────────────────────────────────────────────────

    Error Context: test-results/admin-api-deep-Admin-APIs--b767e-api-admin-reports-—-non-5xx-mobile-chrome-retry1/error-context.md

    attachment #4: trace (application/zip) ─────────────────────────────────────────────────────────
    test-results/admin-api-deep-Admin-APIs--b767e-api-admin-reports-—-non-5xx-mobile-chrome-retry1/trace.zip
    Usage:

        npx playwright show-trace test-results/admin-api-deep-Admin-APIs--b767e-api-admin-reports-—-non-5xx-mobile-chrome-retry1/trace.zip

    ────────────────────────────────────────────────────────────────────────────────────────────────

  656) [mobile-chrome] › e2e/admin-api-deep.spec.mts:66:5 › Admin APIs authenticated › auth GET /api/admin/reports/generate — non-5xx 

    Error: apiRequestContext.get: connect ECONNREFUSED ::1:4000
    Call log:
      - → GET http://localhost:4000/api/admin/reports/generate
        - user-agent: Mozilla/5.0 (Linux; Android 14; Pixel 7) AppleWebKit/537.36 (KHTML, like Gecko) Chrome/151.0.7922.34 Mobile Safari/537.36
        - accept: */*
        - accept-encoding: gzip,deflate,br
        - cookie: e2e_admin=1

        at apiRequestContext.get: connect ECONNREFUSED ::1:4000
        at /home/tbaltzakis/cloudless.gr/e2e/admin-api-deep.spec.mts:67:31

    attachment #1: screenshot (image/png) ──────────────────────────────────────────────────────────
    test-results/admin-api-deep-Admin-APIs--3630f--reports-generate-—-non-5xx-mobile-chrome/test-failed-1.png
    ────────────────────────────────────────────────────────────────────────────────────────────────

    attachment #2: video (video/webm) ──────────────────────────────────────────────────────────────
    test-results/admin-api-deep-Admin-APIs--3630f--reports-generate-—-non-5xx-mobile-chrome/video.webm
    ────────────────────────────────────────────────────────────────────────────────────────────────

    Error Context: test-results/admin-api-deep-Admin-APIs--3630f--reports-generate-—-non-5xx-mobile-chrome/error-context.md

    Retry #1 ───────────────────────────────────────────────────────────────────────────────────────

    Error: apiRequestContext.get: connect ECONNREFUSED ::1:4000
    Call log:
      - → GET http://localhost:4000/api/admin/reports/generate
        - user-agent: Mozilla/5.0 (Linux; Android 14; Pixel 7) AppleWebKit/537.36 (KHTML, like Gecko) Chrome/151.0.7922.34 Mobile Safari/537.36
        - accept: */*
        - accept-encoding: gzip,deflate,br
        - cookie: e2e_admin=1

        at apiRequestContext.get: connect ECONNREFUSED ::1:4000
        at /home/tbaltzakis/cloudless.gr/e2e/admin-api-deep.spec.mts:67:31

    attachment #1: screenshot (image/png) ──────────────────────────────────────────────────────────
    test-results/admin-api-deep-Admin-APIs--3630f--reports-generate-—-non-5xx-mobile-chrome-retry1/test-failed-1.png
    ────────────────────────────────────────────────────────────────────────────────────────────────

    attachment #2: video (video/webm) ──────────────────────────────────────────────────────────────
    test-results/admin-api-deep-Admin-APIs--3630f--reports-generate-—-non-5xx-mobile-chrome-retry1/video.webm
    ────────────────────────────────────────────────────────────────────────────────────────────────

    Error Context: test-results/admin-api-deep-Admin-APIs--3630f--reports-generate-—-non-5xx-mobile-chrome-retry1/error-context.md

    attachment #4: trace (application/zip) ─────────────────────────────────────────────────────────
    test-results/admin-api-deep-Admin-APIs--3630f--reports-generate-—-non-5xx-mobile-chrome-retry1/trace.zip
    Usage:

        npx playwright show-trace test-results/admin-api-deep-Admin-APIs--3630f--reports-generate-—-non-5xx-mobile-chrome-retry1/trace.zip

    ────────────────────────────────────────────────────────────────────────────────────────────────

  657) [mobile-chrome] › e2e/admin-api-deep.spec.mts:66:5 › Admin APIs authenticated › auth GET /api/admin/subscriptions — non-5xx 

    Error: apiRequestContext.get: connect ECONNREFUSED ::1:4000
    Call log:
      - → GET http://localhost:4000/api/admin/subscriptions
        - user-agent: Mozilla/5.0 (Linux; Android 14; Pixel 7) AppleWebKit/537.36 (KHTML, like Gecko) Chrome/151.0.7922.34 Mobile Safari/537.36
        - accept: */*
        - accept-encoding: gzip,deflate,br
        - cookie: e2e_admin=1

        at apiRequestContext.get: connect ECONNREFUSED ::1:4000
        at /home/tbaltzakis/cloudless.gr/e2e/admin-api-deep.spec.mts:67:31

    attachment #1: screenshot (image/png) ──────────────────────────────────────────────────────────
    test-results/admin-api-deep-Admin-APIs--e8f4f-min-subscriptions-—-non-5xx-mobile-chrome/test-failed-1.png
    ────────────────────────────────────────────────────────────────────────────────────────────────

    attachment #2: video (video/webm) ──────────────────────────────────────────────────────────────
    test-results/admin-api-deep-Admin-APIs--e8f4f-min-subscriptions-—-non-5xx-mobile-chrome/video.webm
    ────────────────────────────────────────────────────────────────────────────────────────────────

    Error Context: test-results/admin-api-deep-Admin-APIs--e8f4f-min-subscriptions-—-non-5xx-mobile-chrome/error-context.md

    Retry #1 ───────────────────────────────────────────────────────────────────────────────────────

    Error: apiRequestContext.get: connect ECONNREFUSED ::1:4000
    Call log:
      - → GET http://localhost:4000/api/admin/subscriptions
        - user-agent: Mozilla/5.0 (Linux; Android 14; Pixel 7) AppleWebKit/537.36 (KHTML, like Gecko) Chrome/151.0.7922.34 Mobile Safari/537.36
        - accept: */*
        - accept-encoding: gzip,deflate,br
        - cookie: e2e_admin=1

        at apiRequestContext.get: connect ECONNREFUSED ::1:4000
        at /home/tbaltzakis/cloudless.gr/e2e/admin-api-deep.spec.mts:67:31

    attachment #1: screenshot (image/png) ──────────────────────────────────────────────────────────
    test-results/admin-api-deep-Admin-APIs--e8f4f-min-subscriptions-—-non-5xx-mobile-chrome-retry1/test-failed-1.png
    ────────────────────────────────────────────────────────────────────────────────────────────────

    attachment #2: video (video/webm) ──────────────────────────────────────────────────────────────
    test-results/admin-api-deep-Admin-APIs--e8f4f-min-subscriptions-—-non-5xx-mobile-chrome-retry1/video.webm
    ────────────────────────────────────────────────────────────────────────────────────────────────

    Error Context: test-results/admin-api-deep-Admin-APIs--e8f4f-min-subscriptions-—-non-5xx-mobile-chrome-retry1/error-context.md

    attachment #4: trace (application/zip) ─────────────────────────────────────────────────────────
    test-results/admin-api-deep-Admin-APIs--e8f4f-min-subscriptions-—-non-5xx-mobile-chrome-retry1/trace.zip
    Usage:

        npx playwright show-trace test-results/admin-api-deep-Admin-APIs--e8f4f-min-subscriptions-—-non-5xx-mobile-chrome-retry1/trace.zip

    ────────────────────────────────────────────────────────────────────────────────────────────────

  658) [mobile-chrome] › e2e/admin-api-deep.spec.mts:66:5 › Admin APIs authenticated › auth GET /api/admin/users — non-5xx 

    Error: apiRequestContext.get: connect ECONNREFUSED ::1:4000
    Call log:
      - → GET http://localhost:4000/api/admin/users
        - user-agent: Mozilla/5.0 (Linux; Android 14; Pixel 7) AppleWebKit/537.36 (KHTML, like Gecko) Chrome/151.0.7922.34 Mobile Safari/537.36
        - accept: */*
        - accept-encoding: gzip,deflate,br
        - cookie: e2e_admin=1

        at apiRequestContext.get: connect ECONNREFUSED ::1:4000
        at /home/tbaltzakis/cloudless.gr/e2e/admin-api-deep.spec.mts:67:31

    attachment #1: screenshot (image/png) ──────────────────────────────────────────────────────────
    test-results/admin-api-deep-Admin-APIs--60029-T-api-admin-users-—-non-5xx-mobile-chrome/test-failed-1.png
    ────────────────────────────────────────────────────────────────────────────────────────────────

    attachment #2: video (video/webm) ──────────────────────────────────────────────────────────────
    test-results/admin-api-deep-Admin-APIs--60029-T-api-admin-users-—-non-5xx-mobile-chrome/video.webm
    ────────────────────────────────────────────────────────────────────────────────────────────────

    Error Context: test-results/admin-api-deep-Admin-APIs--60029-T-api-admin-users-—-non-5xx-mobile-chrome/error-context.md

    Retry #1 ───────────────────────────────────────────────────────────────────────────────────────

    Error: apiRequestContext.get: connect ECONNREFUSED ::1:4000
    Call log:
      - → GET http://localhost:4000/api/admin/users
        - user-agent: Mozilla/5.0 (Linux; Android 14; Pixel 7) AppleWebKit/537.36 (KHTML, like Gecko) Chrome/151.0.7922.34 Mobile Safari/537.36
        - accept: */*
        - accept-encoding: gzip,deflate,br
        - cookie: e2e_admin=1

        at apiRequestContext.get: connect ECONNREFUSED ::1:4000
        at /home/tbaltzakis/cloudless.gr/e2e/admin-api-deep.spec.mts:67:31

    attachment #1: screenshot (image/png) ──────────────────────────────────────────────────────────
    test-results/admin-api-deep-Admin-APIs--60029-T-api-admin-users-—-non-5xx-mobile-chrome-retry1/test-failed-1.png
    ────────────────────────────────────────────────────────────────────────────────────────────────

    attachment #2: video (video/webm) ──────────────────────────────────────────────────────────────
    test-results/admin-api-deep-Admin-APIs--60029-T-api-admin-users-—-non-5xx-mobile-chrome-retry1/video.webm
    ────────────────────────────────────────────────────────────────────────────────────────────────

    Error Context: test-results/admin-api-deep-Admin-APIs--60029-T-api-admin-users-—-non-5xx-mobile-chrome-retry1/error-context.md

    attachment #4: trace (application/zip) ─────────────────────────────────────────────────────────
    test-results/admin-api-deep-Admin-APIs--60029-T-api-admin-users-—-non-5xx-mobile-chrome-retry1/trace.zip
    Usage:

        npx playwright show-trace test-results/admin-api-deep-Admin-APIs--60029-T-api-admin-users-—-non-5xx-mobile-chrome-retry1/trace.zip

    ────────────────────────────────────────────────────────────────────────────────────────────────

  659) [mobile-chrome] › e2e/admin-api-deep.spec.mts:66:5 › Admin APIs authenticated › auth GET /api/admin/voice-brief — non-5xx 

    Error: apiRequestContext.get: connect ECONNREFUSED ::1:4000
    Call log:
      - → GET http://localhost:4000/api/admin/voice-brief
        - user-agent: Mozilla/5.0 (Linux; Android 14; Pixel 7) AppleWebKit/537.36 (KHTML, like Gecko) Chrome/151.0.7922.34 Mobile Safari/537.36
        - accept: */*
        - accept-encoding: gzip,deflate,br
        - cookie: e2e_admin=1

        at apiRequestContext.get: connect ECONNREFUSED ::1:4000
        at /home/tbaltzakis/cloudless.gr/e2e/admin-api-deep.spec.mts:67:31

    attachment #1: screenshot (image/png) ──────────────────────────────────────────────────────────
    test-results/admin-api-deep-Admin-APIs--5a1c8-admin-voice-brief-—-non-5xx-mobile-chrome/test-failed-1.png
    ────────────────────────────────────────────────────────────────────────────────────────────────

    attachment #2: video (video/webm) ──────────────────────────────────────────────────────────────
    test-results/admin-api-deep-Admin-APIs--5a1c8-admin-voice-brief-—-non-5xx-mobile-chrome/video.webm
    ────────────────────────────────────────────────────────────────────────────────────────────────

    Error Context: test-results/admin-api-deep-Admin-APIs--5a1c8-admin-voice-brief-—-non-5xx-mobile-chrome/error-context.md

    Retry #1 ───────────────────────────────────────────────────────────────────────────────────────

    Error: apiRequestContext.get: connect ECONNREFUSED ::1:4000
    Call log:
      - → GET http://localhost:4000/api/admin/voice-brief
        - user-agent: Mozilla/5.0 (Linux; Android 14; Pixel 7) AppleWebKit/537.36 (KHTML, like Gecko) Chrome/151.0.7922.34 Mobile Safari/537.36
        - accept: */*
        - accept-encoding: gzip,deflate,br
        - cookie: e2e_admin=1

        at apiRequestContext.get: connect ECONNREFUSED ::1:4000
        at /home/tbaltzakis/cloudless.gr/e2e/admin-api-deep.spec.mts:67:31

    attachment #1: screenshot (image/png) ──────────────────────────────────────────────────────────
    test-results/admin-api-deep-Admin-APIs--5a1c8-admin-voice-brief-—-non-5xx-mobile-chrome-retry1/test-failed-1.png
    ────────────────────────────────────────────────────────────────────────────────────────────────

    attachment #2: video (video/webm) ──────────────────────────────────────────────────────────────
    test-results/admin-api-deep-Admin-APIs--5a1c8-admin-voice-brief-—-non-5xx-mobile-chrome-retry1/video.webm
    ────────────────────────────────────────────────────────────────────────────────────────────────

    Error Context: test-results/admin-api-deep-Admin-APIs--5a1c8-admin-voice-brief-—-non-5xx-mobile-chrome-retry1/error-context.md

    attachment #4: trace (application/zip) ─────────────────────────────────────────────────────────
    test-results/admin-api-deep-Admin-APIs--5a1c8-admin-voice-brief-—-non-5xx-mobile-chrome-retry1/trace.zip
    Usage:

        npx playwright show-trace test-results/admin-api-deep-Admin-APIs--5a1c8-admin-voice-brief-—-non-5xx-mobile-chrome-retry1/trace.zip

    ────────────────────────────────────────────────────────────────────────────────────────────────

  660) [mobile-chrome] › e2e/admin-api-deep.spec.mts:66:5 › Admin APIs authenticated › auth GET /api/admin/workspaces — non-5xx 

    Error: apiRequestContext.get: connect ECONNREFUSED ::1:4000
    Call log:
      - → GET http://localhost:4000/api/admin/workspaces
        - user-agent: Mozilla/5.0 (Linux; Android 14; Pixel 7) AppleWebKit/537.36 (KHTML, like Gecko) Chrome/151.0.7922.34 Mobile Safari/537.36
        - accept: */*
        - accept-encoding: gzip,deflate,br
        - cookie: e2e_admin=1

        at apiRequestContext.get: connect ECONNREFUSED ::1:4000
        at /home/tbaltzakis/cloudless.gr/e2e/admin-api-deep.spec.mts:67:31

    attachment #1: screenshot (image/png) ──────────────────────────────────────────────────────────
    test-results/admin-api-deep-Admin-APIs--89b4f--admin-workspaces-—-non-5xx-mobile-chrome/test-failed-1.png
    ────────────────────────────────────────────────────────────────────────────────────────────────

    attachment #2: video (video/webm) ──────────────────────────────────────────────────────────────
    test-results/admin-api-deep-Admin-APIs--89b4f--admin-workspaces-—-non-5xx-mobile-chrome/video.webm
    ────────────────────────────────────────────────────────────────────────────────────────────────

    Error Context: test-results/admin-api-deep-Admin-APIs--89b4f--admin-workspaces-—-non-5xx-mobile-chrome/error-context.md

    Retry #1 ───────────────────────────────────────────────────────────────────────────────────────

    Error: apiRequestContext.get: connect ECONNREFUSED ::1:4000
    Call log:
      - → GET http://localhost:4000/api/admin/workspaces
        - user-agent: Mozilla/5.0 (Linux; Android 14; Pixel 7) AppleWebKit/537.36 (KHTML, like Gecko) Chrome/151.0.7922.34 Mobile Safari/537.36
        - accept: */*
        - accept-encoding: gzip,deflate,br
        - cookie: e2e_admin=1

        at apiRequestContext.get: connect ECONNREFUSED ::1:4000
        at /home/tbaltzakis/cloudless.gr/e2e/admin-api-deep.spec.mts:67:31

    attachment #1: screenshot (image/png) ──────────────────────────────────────────────────────────
    test-results/admin-api-deep-Admin-APIs--89b4f--admin-workspaces-—-non-5xx-mobile-chrome-retry1/test-failed-1.png
    ────────────────────────────────────────────────────────────────────────────────────────────────

    attachment #2: video (video/webm) ──────────────────────────────────────────────────────────────
    test-results/admin-api-deep-Admin-APIs--89b4f--admin-workspaces-—-non-5xx-mobile-chrome-retry1/video.webm
    ────────────────────────────────────────────────────────────────────────────────────────────────

    Error Context: test-results/admin-api-deep-Admin-APIs--89b4f--admin-workspaces-—-non-5xx-mobile-chrome-retry1/error-context.md

    attachment #4: trace (application/zip) ─────────────────────────────────────────────────────────
    test-results/admin-api-deep-Admin-APIs--89b4f--admin-workspaces-—-non-5xx-mobile-chrome-retry1/trace.zip
    Usage:

        npx playwright show-trace test-results/admin-api-deep-Admin-APIs--89b4f--admin-workspaces-—-non-5xx-mobile-chrome-retry1/trace.zip

    ────────────────────────────────────────────────────────────────────────────────────────────────

  661) [mobile-chrome] › e2e/admin-api-deep.spec.mts:66:5 › Admin APIs authenticated › auth GET /api/admin/calendar/sample-id — non-5xx 

    Error: apiRequestContext.get: connect ECONNREFUSED ::1:4000
    Call log:
      - → GET http://localhost:4000/api/admin/calendar/sample-id
        - user-agent: Mozilla/5.0 (Linux; Android 14; Pixel 7) AppleWebKit/537.36 (KHTML, like Gecko) Chrome/151.0.7922.34 Mobile Safari/537.36
        - accept: */*
        - accept-encoding: gzip,deflate,br
        - cookie: e2e_admin=1

        at apiRequestContext.get: connect ECONNREFUSED ::1:4000
        at /home/tbaltzakis/cloudless.gr/e2e/admin-api-deep.spec.mts:67:31

    attachment #1: screenshot (image/png) ──────────────────────────────────────────────────────────
    test-results/admin-api-deep-Admin-APIs--56d93-alendar-sample-id-—-non-5xx-mobile-chrome/test-failed-1.png
    ────────────────────────────────────────────────────────────────────────────────────────────────

    attachment #2: video (video/webm) ──────────────────────────────────────────────────────────────
    test-results/admin-api-deep-Admin-APIs--56d93-alendar-sample-id-—-non-5xx-mobile-chrome/video.webm
    ────────────────────────────────────────────────────────────────────────────────────────────────

    Error Context: test-results/admin-api-deep-Admin-APIs--56d93-alendar-sample-id-—-non-5xx-mobile-chrome/error-context.md

    Retry #1 ───────────────────────────────────────────────────────────────────────────────────────

    Error: apiRequestContext.get: connect ECONNREFUSED ::1:4000
    Call log:
      - → GET http://localhost:4000/api/admin/calendar/sample-id
        - user-agent: Mozilla/5.0 (Linux; Android 14; Pixel 7) AppleWebKit/537.36 (KHTML, like Gecko) Chrome/151.0.7922.34 Mobile Safari/537.36
        - accept: */*
        - accept-encoding: gzip,deflate,br
        - cookie: e2e_admin=1

        at apiRequestContext.get: connect ECONNREFUSED ::1:4000
        at /home/tbaltzakis/cloudless.gr/e2e/admin-api-deep.spec.mts:67:31

    attachment #1: screenshot (image/png) ──────────────────────────────────────────────────────────
    test-results/admin-api-deep-Admin-APIs--56d93-alendar-sample-id-—-non-5xx-mobile-chrome-retry1/test-failed-1.png
    ────────────────────────────────────────────────────────────────────────────────────────────────

    attachment #2: video (video/webm) ──────────────────────────────────────────────────────────────
    test-results/admin-api-deep-Admin-APIs--56d93-alendar-sample-id-—-non-5xx-mobile-chrome-retry1/video.webm
    ────────────────────────────────────────────────────────────────────────────────────────────────

    Error Context: test-results/admin-api-deep-Admin-APIs--56d93-alendar-sample-id-—-non-5xx-mobile-chrome-retry1/error-context.md

    attachment #4: trace (application/zip) ─────────────────────────────────────────────────────────
    test-results/admin-api-deep-Admin-APIs--56d93-alendar-sample-id-—-non-5xx-mobile-chrome-retry1/trace.zip
    Usage:

        npx playwright show-trace test-results/admin-api-deep-Admin-APIs--56d93-alendar-sample-id-—-non-5xx-mobile-chrome-retry1/trace.zip

    ────────────────────────────────────────────────────────────────────────────────────────────────

  662) [mobile-chrome] › e2e/admin-api-deep.spec.mts:66:5 › Admin APIs authenticated › auth GET /api/admin/email/campaigns/sample-id — non-5xx 

    Error: apiRequestContext.get: connect ECONNREFUSED ::1:4000
    Call log:
      - → GET http://localhost:4000/api/admin/email/campaigns/sample-id
        - user-agent: Mozilla/5.0 (Linux; Android 14; Pixel 7) AppleWebKit/537.36 (KHTML, like Gecko) Chrome/151.0.7922.34 Mobile Safari/537.36
        - accept: */*
        - accept-encoding: gzip,deflate,br
        - cookie: e2e_admin=1

        at apiRequestContext.get: connect ECONNREFUSED ::1:4000
        at /home/tbaltzakis/cloudless.gr/e2e/admin-api-deep.spec.mts:67:31

    attachment #1: screenshot (image/png) ──────────────────────────────────────────────────────────
    test-results/admin-api-deep-Admin-APIs--77e21-mpaigns-sample-id-—-non-5xx-mobile-chrome/test-failed-1.png
    ────────────────────────────────────────────────────────────────────────────────────────────────

    attachment #2: video (video/webm) ──────────────────────────────────────────────────────────────
    test-results/admin-api-deep-Admin-APIs--77e21-mpaigns-sample-id-—-non-5xx-mobile-chrome/video.webm
    ────────────────────────────────────────────────────────────────────────────────────────────────

    Error Context: test-results/admin-api-deep-Admin-APIs--77e21-mpaigns-sample-id-—-non-5xx-mobile-chrome/error-context.md

    Retry #1 ───────────────────────────────────────────────────────────────────────────────────────

    Error: apiRequestContext.get: connect ECONNREFUSED ::1:4000
    Call log:
      - → GET http://localhost:4000/api/admin/email/campaigns/sample-id
        - user-agent: Mozilla/5.0 (Linux; Android 14; Pixel 7) AppleWebKit/537.36 (KHTML, like Gecko) Chrome/151.0.7922.34 Mobile Safari/537.36
        - accept: */*
        - accept-encoding: gzip,deflate,br
        - cookie: e2e_admin=1

        at apiRequestContext.get: connect ECONNREFUSED ::1:4000
        at /home/tbaltzakis/cloudless.gr/e2e/admin-api-deep.spec.mts:67:31

    attachment #1: screenshot (image/png) ──────────────────────────────────────────────────────────
    test-results/admin-api-deep-Admin-APIs--77e21-mpaigns-sample-id-—-non-5xx-mobile-chrome-retry1/test-failed-1.png
    ────────────────────────────────────────────────────────────────────────────────────────────────

    attachment #2: video (video/webm) ──────────────────────────────────────────────────────────────
    test-results/admin-api-deep-Admin-APIs--77e21-mpaigns-sample-id-—-non-5xx-mobile-chrome-retry1/video.webm
    ────────────────────────────────────────────────────────────────────────────────────────────────

    Error Context: test-results/admin-api-deep-Admin-APIs--77e21-mpaigns-sample-id-—-non-5xx-mobile-chrome-retry1/error-context.md

    attachment #4: trace (application/zip) ─────────────────────────────────────────────────────────
    test-results/admin-api-deep-Admin-APIs--77e21-mpaigns-sample-id-—-non-5xx-mobile-chrome-retry1/trace.zip
    Usage:

        npx playwright show-trace test-results/admin-api-deep-Admin-APIs--77e21-mpaigns-sample-id-—-non-5xx-mobile-chrome-retry1/trace.zip

    ────────────────────────────────────────────────────────────────────────────────────────────────

  663) [mobile-chrome] › e2e/admin-api-deep.spec.mts:66:5 › Admin APIs authenticated › auth GET /api/admin/ops/errors/sample-id — non-5xx 

    Error: apiRequestContext.get: connect ECONNREFUSED ::1:4000
    Call log:
      - → GET http://localhost:4000/api/admin/ops/errors/sample-id
        - user-agent: Mozilla/5.0 (Linux; Android 14; Pixel 7) AppleWebKit/537.36 (KHTML, like Gecko) Chrome/151.0.7922.34 Mobile Safari/537.36
        - accept: */*
        - accept-encoding: gzip,deflate,br
        - cookie: e2e_admin=1

        at apiRequestContext.get: connect ECONNREFUSED ::1:4000
        at /home/tbaltzakis/cloudless.gr/e2e/admin-api-deep.spec.mts:67:31

    attachment #1: screenshot (image/png) ──────────────────────────────────────────────────────────
    test-results/admin-api-deep-Admin-APIs--c9aea--errors-sample-id-—-non-5xx-mobile-chrome/test-failed-1.png
    ────────────────────────────────────────────────────────────────────────────────────────────────

    attachment #2: video (video/webm) ──────────────────────────────────────────────────────────────
    test-results/admin-api-deep-Admin-APIs--c9aea--errors-sample-id-—-non-5xx-mobile-chrome/video.webm
    ────────────────────────────────────────────────────────────────────────────────────────────────

    Error Context: test-results/admin-api-deep-Admin-APIs--c9aea--errors-sample-id-—-non-5xx-mobile-chrome/error-context.md

    Retry #1 ───────────────────────────────────────────────────────────────────────────────────────

    Error: apiRequestContext.get: connect ECONNREFUSED ::1:4000
    Call log:
      - → GET http://localhost:4000/api/admin/ops/errors/sample-id
        - user-agent: Mozilla/5.0 (Linux; Android 14; Pixel 7) AppleWebKit/537.36 (KHTML, like Gecko) Chrome/151.0.7922.34 Mobile Safari/537.36
        - accept: */*
        - accept-encoding: gzip,deflate,br
        - cookie: e2e_admin=1

        at apiRequestContext.get: connect ECONNREFUSED ::1:4000
        at /home/tbaltzakis/cloudless.gr/e2e/admin-api-deep.spec.mts:67:31

    attachment #1: screenshot (image/png) ──────────────────────────────────────────────────────────
    test-results/admin-api-deep-Admin-APIs--c9aea--errors-sample-id-—-non-5xx-mobile-chrome-retry1/test-failed-1.png
    ────────────────────────────────────────────────────────────────────────────────────────────────

    attachment #2: video (video/webm) ──────────────────────────────────────────────────────────────
    test-results/admin-api-deep-Admin-APIs--c9aea--errors-sample-id-—-non-5xx-mobile-chrome-retry1/video.webm
    ────────────────────────────────────────────────────────────────────────────────────────────────

    Error Context: test-results/admin-api-deep-Admin-APIs--c9aea--errors-sample-id-—-non-5xx-mobile-chrome-retry1/error-context.md

    attachment #4: trace (application/zip) ─────────────────────────────────────────────────────────
    test-results/admin-api-deep-Admin-APIs--c9aea--errors-sample-id-—-non-5xx-mobile-chrome-retry1/trace.zip
    Usage:

        npx playwright show-trace test-results/admin-api-deep-Admin-APIs--c9aea--errors-sample-id-—-non-5xx-mobile-chrome-retry1/trace.zip

    ────────────────────────────────────────────────────────────────────────────────────────────────

  664) [mobile-chrome] › e2e/admin-api-deep.spec.mts:66:5 › Admin APIs authenticated › auth GET /api/admin/pipeline/deals/sample-id/move — non-5xx 

    Error: apiRequestContext.get: connect ECONNREFUSED ::1:4000
    Call log:
      - → GET http://localhost:4000/api/admin/pipeline/deals/sample-id/move
        - user-agent: Mozilla/5.0 (Linux; Android 14; Pixel 7) AppleWebKit/537.36 (KHTML, like Gecko) Chrome/151.0.7922.34 Mobile Safari/537.36
        - accept: */*
        - accept-encoding: gzip,deflate,br
        - cookie: e2e_admin=1

        at apiRequestContext.get: connect ECONNREFUSED ::1:4000
        at /home/tbaltzakis/cloudless.gr/e2e/admin-api-deep.spec.mts:67:31

    attachment #1: screenshot (image/png) ──────────────────────────────────────────────────────────
    test-results/admin-api-deep-Admin-APIs--b82e5-ls-sample-id-move-—-non-5xx-mobile-chrome/test-failed-1.png
    ────────────────────────────────────────────────────────────────────────────────────────────────

    attachment #2: video (video/webm) ──────────────────────────────────────────────────────────────
    test-results/admin-api-deep-Admin-APIs--b82e5-ls-sample-id-move-—-non-5xx-mobile-chrome/video.webm
    ────────────────────────────────────────────────────────────────────────────────────────────────

    Error Context: test-results/admin-api-deep-Admin-APIs--b82e5-ls-sample-id-move-—-non-5xx-mobile-chrome/error-context.md

    Retry #1 ───────────────────────────────────────────────────────────────────────────────────────

    Error: apiRequestContext.get: connect ECONNREFUSED ::1:4000
    Call log:
      - → GET http://localhost:4000/api/admin/pipeline/deals/sample-id/move
        - user-agent: Mozilla/5.0 (Linux; Android 14; Pixel 7) AppleWebKit/537.36 (KHTML, like Gecko) Chrome/151.0.7922.34 Mobile Safari/537.36
        - accept: */*
        - accept-encoding: gzip,deflate,br
        - cookie: e2e_admin=1

        at apiRequestContext.get: connect ECONNREFUSED ::1:4000
        at /home/tbaltzakis/cloudless.gr/e2e/admin-api-deep.spec.mts:67:31

    attachment #1: screenshot (image/png) ──────────────────────────────────────────────────────────
    test-results/admin-api-deep-Admin-APIs--b82e5-ls-sample-id-move-—-non-5xx-mobile-chrome-retry1/test-failed-1.png
    ────────────────────────────────────────────────────────────────────────────────────────────────

    attachment #2: video (video/webm) ──────────────────────────────────────────────────────────────
    test-results/admin-api-deep-Admin-APIs--b82e5-ls-sample-id-move-—-non-5xx-mobile-chrome-retry1/video.webm
    ────────────────────────────────────────────────────────────────────────────────────────────────

    Error Context: test-results/admin-api-deep-Admin-APIs--b82e5-ls-sample-id-move-—-non-5xx-mobile-chrome-retry1/error-context.md

    attachment #4: trace (application/zip) ─────────────────────────────────────────────────────────
    test-results/admin-api-deep-Admin-APIs--b82e5-ls-sample-id-move-—-non-5xx-mobile-chrome-retry1/trace.zip
    Usage:

        npx playwright show-trace test-results/admin-api-deep-Admin-APIs--b82e5-ls-sample-id-move-—-non-5xx-mobile-chrome-retry1/trace.zip

    ────────────────────────────────────────────────────────────────────────────────────────────────

  665) [mobile-chrome] › e2e/admin-api-deep.spec.mts:66:5 › Admin APIs authenticated › auth GET /api/admin/pipeline/deals/sample-id/notes — non-5xx 

    Error: apiRequestContext.get: connect ECONNREFUSED ::1:4000
    Call log:
      - → GET http://localhost:4000/api/admin/pipeline/deals/sample-id/notes
        - user-agent: Mozilla/5.0 (Linux; Android 14; Pixel 7) AppleWebKit/537.36 (KHTML, like Gecko) Chrome/151.0.7922.34 Mobile Safari/537.36
        - accept: */*
        - accept-encoding: gzip,deflate,br
        - cookie: e2e_admin=1

        at apiRequestContext.get: connect ECONNREFUSED ::1:4000
        at /home/tbaltzakis/cloudless.gr/e2e/admin-api-deep.spec.mts:67:31

    attachment #1: screenshot (image/png) ──────────────────────────────────────────────────────────
    test-results/admin-api-deep-Admin-APIs--72185-s-sample-id-notes-—-non-5xx-mobile-chrome/test-failed-1.png
    ────────────────────────────────────────────────────────────────────────────────────────────────

    attachment #2: video (video/webm) ──────────────────────────────────────────────────────────────
    test-results/admin-api-deep-Admin-APIs--72185-s-sample-id-notes-—-non-5xx-mobile-chrome/video.webm
    ────────────────────────────────────────────────────────────────────────────────────────────────

    Error Context: test-results/admin-api-deep-Admin-APIs--72185-s-sample-id-notes-—-non-5xx-mobile-chrome/error-context.md

    Retry #1 ───────────────────────────────────────────────────────────────────────────────────────

    Error: apiRequestContext.get: connect ECONNREFUSED ::1:4000
    Call log:
      - → GET http://localhost:4000/api/admin/pipeline/deals/sample-id/notes
        - user-agent: Mozilla/5.0 (Linux; Android 14; Pixel 7) AppleWebKit/537.36 (KHTML, like Gecko) Chrome/151.0.7922.34 Mobile Safari/537.36
        - accept: */*
        - accept-encoding: gzip,deflate,br
        - cookie: e2e_admin=1

        at apiRequestContext.get: connect ECONNREFUSED ::1:4000
        at /home/tbaltzakis/cloudless.gr/e2e/admin-api-deep.spec.mts:67:31

    attachment #1: screenshot (image/png) ──────────────────────────────────────────────────────────
    test-results/admin-api-deep-Admin-APIs--72185-s-sample-id-notes-—-non-5xx-mobile-chrome-retry1/test-failed-1.png
    ────────────────────────────────────────────────────────────────────────────────────────────────

    attachment #2: video (video/webm) ──────────────────────────────────────────────────────────────
    test-results/admin-api-deep-Admin-APIs--72185-s-sample-id-notes-—-non-5xx-mobile-chrome-retry1/video.webm
    ────────────────────────────────────────────────────────────────────────────────────────────────

    Error Context: test-results/admin-api-deep-Admin-APIs--72185-s-sample-id-notes-—-non-5xx-mobile-chrome-retry1/error-context.md

    attachment #4: trace (application/zip) ─────────────────────────────────────────────────────────
    test-results/admin-api-deep-Admin-APIs--72185-s-sample-id-notes-—-non-5xx-mobile-chrome-retry1/trace.zip
    Usage:

        npx playwright show-trace test-results/admin-api-deep-Admin-APIs--72185-s-sample-id-notes-—-non-5xx-mobile-chrome-retry1/trace.zip

    ────────────────────────────────────────────────────────────────────────────────────────────────

  666) [mobile-chrome] › e2e/admin-api-deep.spec.mts:66:5 › Admin APIs authenticated › auth GET /api/admin/reports/sample-id — non-5xx 

    Error: apiRequestContext.get: connect ECONNREFUSED ::1:4000
    Call log:
      - → GET http://localhost:4000/api/admin/reports/sample-id
        - user-agent: Mozilla/5.0 (Linux; Android 14; Pixel 7) AppleWebKit/537.36 (KHTML, like Gecko) Chrome/151.0.7922.34 Mobile Safari/537.36
        - accept: */*
        - accept-encoding: gzip,deflate,br
        - cookie: e2e_admin=1

        at apiRequestContext.get: connect ECONNREFUSED ::1:4000
        at /home/tbaltzakis/cloudless.gr/e2e/admin-api-deep.spec.mts:67:31

    attachment #1: screenshot (image/png) ──────────────────────────────────────────────────────────
    test-results/admin-api-deep-Admin-APIs--f8e42-reports-sample-id-—-non-5xx-mobile-chrome/test-failed-1.png
    ────────────────────────────────────────────────────────────────────────────────────────────────

    attachment #2: video (video/webm) ──────────────────────────────────────────────────────────────
    test-results/admin-api-deep-Admin-APIs--f8e42-reports-sample-id-—-non-5xx-mobile-chrome/video.webm
    ────────────────────────────────────────────────────────────────────────────────────────────────

    Error Context: test-results/admin-api-deep-Admin-APIs--f8e42-reports-sample-id-—-non-5xx-mobile-chrome/error-context.md

    Retry #1 ───────────────────────────────────────────────────────────────────────────────────────

    Error: apiRequestContext.get: connect ECONNREFUSED ::1:4000
    Call log:
      - → GET http://localhost:4000/api/admin/reports/sample-id
        - user-agent: Mozilla/5.0 (Linux; Android 14; Pixel 7) AppleWebKit/537.36 (KHTML, like Gecko) Chrome/151.0.7922.34 Mobile Safari/537.36
        - accept: */*
        - accept-encoding: gzip,deflate,br
        - cookie: e2e_admin=1

        at apiRequestContext.get: connect ECONNREFUSED ::1:4000
        at /home/tbaltzakis/cloudless.gr/e2e/admin-api-deep.spec.mts:67:31

    attachment #1: screenshot (image/png) ──────────────────────────────────────────────────────────
    test-results/admin-api-deep-Admin-APIs--f8e42-reports-sample-id-—-non-5xx-mobile-chrome-retry1/test-failed-1.png
    ────────────────────────────────────────────────────────────────────────────────────────────────

    attachment #2: video (video/webm) ──────────────────────────────────────────────────────────────
    test-results/admin-api-deep-Admin-APIs--f8e42-reports-sample-id-—-non-5xx-mobile-chrome-retry1/video.webm
    ────────────────────────────────────────────────────────────────────────────────────────────────

    Error Context: test-results/admin-api-deep-Admin-APIs--f8e42-reports-sample-id-—-non-5xx-mobile-chrome-retry1/error-context.md

    attachment #4: trace (application/zip) ─────────────────────────────────────────────────────────
    test-results/admin-api-deep-Admin-APIs--f8e42-reports-sample-id-—-non-5xx-mobile-chrome-retry1/trace.zip
    Usage:

        npx playwright show-trace test-results/admin-api-deep-Admin-APIs--f8e42-reports-sample-id-—-non-5xx-mobile-chrome-retry1/trace.zip

    ────────────────────────────────────────────────────────────────────────────────────────────────

  667) [mobile-chrome] › e2e/admin-api-deep.spec.mts:66:5 › Admin APIs authenticated › auth GET /api/admin/reports/sample-id/pdf — non-5xx 

    Error: apiRequestContext.get: connect ECONNREFUSED ::1:4000
    Call log:
      - → GET http://localhost:4000/api/admin/reports/sample-id/pdf
        - user-agent: Mozilla/5.0 (Linux; Android 14; Pixel 7) AppleWebKit/537.36 (KHTML, like Gecko) Chrome/151.0.7922.34 Mobile Safari/537.36
        - accept: */*
        - accept-encoding: gzip,deflate,br
        - cookie: e2e_admin=1

        at apiRequestContext.get: connect ECONNREFUSED ::1:4000
        at /home/tbaltzakis/cloudless.gr/e2e/admin-api-deep.spec.mts:67:31

    attachment #1: screenshot (image/png) ──────────────────────────────────────────────────────────
    test-results/admin-api-deep-Admin-APIs--519ff-rts-sample-id-pdf-—-non-5xx-mobile-chrome/test-failed-1.png
    ────────────────────────────────────────────────────────────────────────────────────────────────

    attachment #2: video (video/webm) ──────────────────────────────────────────────────────────────
    test-results/admin-api-deep-Admin-APIs--519ff-rts-sample-id-pdf-—-non-5xx-mobile-chrome/video.webm
    ────────────────────────────────────────────────────────────────────────────────────────────────

    Error Context: test-results/admin-api-deep-Admin-APIs--519ff-rts-sample-id-pdf-—-non-5xx-mobile-chrome/error-context.md

    Retry #1 ───────────────────────────────────────────────────────────────────────────────────────

    Error: apiRequestContext.get: connect ECONNREFUSED ::1:4000
    Call log:
      - → GET http://localhost:4000/api/admin/reports/sample-id/pdf
        - user-agent: Mozilla/5.0 (Linux; Android 14; Pixel 7) AppleWebKit/537.36 (KHTML, like Gecko) Chrome/151.0.7922.34 Mobile Safari/537.36
        - accept: */*
        - accept-encoding: gzip,deflate,br
        - cookie: e2e_admin=1

        at apiRequestContext.get: connect ECONNREFUSED ::1:4000
        at /home/tbaltzakis/cloudless.gr/e2e/admin-api-deep.spec.mts:67:31

    attachment #1: screenshot (image/png) ──────────────────────────────────────────────────────────
    test-results/admin-api-deep-Admin-APIs--519ff-rts-sample-id-pdf-—-non-5xx-mobile-chrome-retry1/test-failed-1.png
    ────────────────────────────────────────────────────────────────────────────────────────────────

    attachment #2: video (video/webm) ──────────────────────────────────────────────────────────────
    test-results/admin-api-deep-Admin-APIs--519ff-rts-sample-id-pdf-—-non-5xx-mobile-chrome-retry1/video.webm
    ────────────────────────────────────────────────────────────────────────────────────────────────

    Error Context: test-results/admin-api-deep-Admin-APIs--519ff-rts-sample-id-pdf-—-non-5xx-mobile-chrome-retry1/error-context.md

    attachment #4: trace (application/zip) ─────────────────────────────────────────────────────────
    test-results/admin-api-deep-Admin-APIs--519ff-rts-sample-id-pdf-—-non-5xx-mobile-chrome-retry1/trace.zip
    Usage:

        npx playwright show-trace test-results/admin-api-deep-Admin-APIs--519ff-rts-sample-id-pdf-—-non-5xx-mobile-chrome-retry1/trace.zip

    ────────────────────────────────────────────────────────────────────────────────────────────────

  668) [mobile-chrome] › e2e/admin-api-sweep.spec.ts:13:7 › Admin API route sweep (authenticated) › GET /api/admin/ab-tests 

    Error: apiRequestContext.get: connect ECONNREFUSED ::1:4000
    Call log:
      - → GET http://localhost:4000/api/admin/ab-tests
        - user-agent: Mozilla/5.0 (Linux; Android 14; Pixel 7) AppleWebKit/537.36 (KHTML, like Gecko) Chrome/151.0.7922.34 Mobile Safari/537.36
        - accept: */*
        - accept-encoding: gzip,deflate,br
        - authorization: Bearer e2e-admin-token-do-not-use-in-prod

        at apiRequestContext.get: connect ECONNREFUSED ::1:4000
        at Object.get (/home/tbaltzakis/cloudless.gr/e2e/_internal/admin-fixture.ts:8:35)
        at /home/tbaltzakis/cloudless.gr/e2e/admin-api-sweep.spec.ts:15:23

    Error Context: test-results/admin-api-sweep-Admin-API--97386-ated-GET-api-admin-ab-tests-mobile-chrome/error-context.md

    Retry #1 ───────────────────────────────────────────────────────────────────────────────────────

    Error: apiRequestContext.get: connect ECONNREFUSED ::1:4000
    Call log:
      - → GET http://localhost:4000/api/admin/ab-tests
        - user-agent: Mozilla/5.0 (Linux; Android 14; Pixel 7) AppleWebKit/537.36 (KHTML, like Gecko) Chrome/151.0.7922.34 Mobile Safari/537.36
        - accept: */*
        - accept-encoding: gzip,deflate,br
        - authorization: Bearer e2e-admin-token-do-not-use-in-prod

        at apiRequestContext.get: connect ECONNREFUSED ::1:4000
        at Object.get (/home/tbaltzakis/cloudless.gr/e2e/_internal/admin-fixture.ts:8:35)
        at /home/tbaltzakis/cloudless.gr/e2e/admin-api-sweep.spec.ts:15:23

    Error Context: test-results/admin-api-sweep-Admin-API--97386-ated-GET-api-admin-ab-tests-mobile-chrome-retry1/error-context.md

    attachment #2: trace (application/zip) ─────────────────────────────────────────────────────────
    test-results/admin-api-sweep-Admin-API--97386-ated-GET-api-admin-ab-tests-mobile-chrome-retry1/trace.zip
    Usage:

        npx playwright show-trace test-results/admin-api-sweep-Admin-API--97386-ated-GET-api-admin-ab-tests-mobile-chrome-retry1/trace.zip

    ────────────────────────────────────────────────────────────────────────────────────────────────

  669) [mobile-chrome] › e2e/admin-api-sweep.spec.ts:21:7 › Admin API route sweep (authenticated) › GET /api/admin/ai/analytics-orchestration 

    Error: apiRequestContext.get: connect ECONNREFUSED ::1:4000
    Call log:
      - → GET http://localhost:4000/api/admin/ai/analytics-orchestration
        - user-agent: Mozilla/5.0 (Linux; Android 14; Pixel 7) AppleWebKit/537.36 (KHTML, like Gecko) Chrome/151.0.7922.34 Mobile Safari/537.36
        - accept: */*
        - accept-encoding: gzip,deflate,br
        - authorization: Bearer e2e-admin-token-do-not-use-in-prod

        at apiRequestContext.get: connect ECONNREFUSED ::1:4000
        at Object.get (/home/tbaltzakis/cloudless.gr/e2e/_internal/admin-fixture.ts:8:35)
        at /home/tbaltzakis/cloudless.gr/e2e/admin-api-sweep.spec.ts:23:23

    Error Context: test-results/admin-api-sweep-Admin-API--1fb22--ai-analytics-orchestration-mobile-chrome/error-context.md

    Retry #1 ───────────────────────────────────────────────────────────────────────────────────────

    Error: apiRequestContext.get: connect ECONNREFUSED ::1:4000
    Call log:
      - → GET http://localhost:4000/api/admin/ai/analytics-orchestration
        - user-agent: Mozilla/5.0 (Linux; Android 14; Pixel 7) AppleWebKit/537.36 (KHTML, like Gecko) Chrome/151.0.7922.34 Mobile Safari/537.36
        - accept: */*
        - accept-encoding: gzip,deflate,br
        - authorization: Bearer e2e-admin-token-do-not-use-in-prod

        at apiRequestContext.get: connect ECONNREFUSED ::1:4000
        at Object.get (/home/tbaltzakis/cloudless.gr/e2e/_internal/admin-fixture.ts:8:35)
        at /home/tbaltzakis/cloudless.gr/e2e/admin-api-sweep.spec.ts:23:23

    Error Context: test-results/admin-api-sweep-Admin-API--1fb22--ai-analytics-orchestration-mobile-chrome-retry1/error-context.md

    attachment #2: trace (application/zip) ─────────────────────────────────────────────────────────
    test-results/admin-api-sweep-Admin-API--1fb22--ai-analytics-orchestration-mobile-chrome-retry1/trace.zip
    Usage:

        npx playwright show-trace test-results/admin-api-sweep-Admin-API--1fb22--ai-analytics-orchestration-mobile-chrome-retry1/trace.zip

    ────────────────────────────────────────────────────────────────────────────────────────────────

  670) [mobile-chrome] › e2e/admin-api-sweep.spec.ts:29:7 › Admin API route sweep (authenticated) › GET /api/admin/ai/analytics-orchestration/pdf 

    Error: apiRequestContext.get: connect ECONNREFUSED ::1:4000
    Call log:
      - → GET http://localhost:4000/api/admin/ai/analytics-orchestration/pdf
        - user-agent: Mozilla/5.0 (Linux; Android 14; Pixel 7) AppleWebKit/537.36 (KHTML, like Gecko) Chrome/151.0.7922.34 Mobile Safari/537.36
        - accept: */*
        - accept-encoding: gzip,deflate,br
        - authorization: Bearer e2e-admin-token-do-not-use-in-prod

        at apiRequestContext.get: connect ECONNREFUSED ::1:4000
        at Object.get (/home/tbaltzakis/cloudless.gr/e2e/_internal/admin-fixture.ts:8:35)
        at /home/tbaltzakis/cloudless.gr/e2e/admin-api-sweep.spec.ts:31:23

    Error Context: test-results/admin-api-sweep-Admin-API--d08a4-analytics-orchestration-pdf-mobile-chrome/error-context.md

    Retry #1 ───────────────────────────────────────────────────────────────────────────────────────

    Error: apiRequestContext.get: connect ECONNREFUSED ::1:4000
    Call log:
      - → GET http://localhost:4000/api/admin/ai/analytics-orchestration/pdf
        - user-agent: Mozilla/5.0 (Linux; Android 14; Pixel 7) AppleWebKit/537.36 (KHTML, like Gecko) Chrome/151.0.7922.34 Mobile Safari/537.36
        - accept: */*
        - accept-encoding: gzip,deflate,br
        - authorization: Bearer e2e-admin-token-do-not-use-in-prod

        at apiRequestContext.get: connect ECONNREFUSED ::1:4000
        at Object.get (/home/tbaltzakis/cloudless.gr/e2e/_internal/admin-fixture.ts:8:35)
        at /home/tbaltzakis/cloudless.gr/e2e/admin-api-sweep.spec.ts:31:23

    Error Context: test-results/admin-api-sweep-Admin-API--d08a4-analytics-orchestration-pdf-mobile-chrome-retry1/error-context.md

    attachment #2: trace (application/zip) ─────────────────────────────────────────────────────────
    test-results/admin-api-sweep-Admin-API--d08a4-analytics-orchestration-pdf-mobile-chrome-retry1/trace.zip
    Usage:

        npx playwright show-trace test-results/admin-api-sweep-Admin-API--d08a4-analytics-orchestration-pdf-mobile-chrome-retry1/trace.zip

    ────────────────────────────────────────────────────────────────────────────────────────────────

  671) [mobile-chrome] › e2e/admin-api-sweep.spec.ts:37:7 › Admin API route sweep (authenticated) › GET /api/admin/ai/audience 

    Error: apiRequestContext.get: connect ECONNREFUSED ::1:4000
    Call log:
      - → GET http://localhost:4000/api/admin/ai/audience
        - user-agent: Mozilla/5.0 (Linux; Android 14; Pixel 7) AppleWebKit/537.36 (KHTML, like Gecko) Chrome/151.0.7922.34 Mobile Safari/537.36
        - accept: */*
        - accept-encoding: gzip,deflate,br
        - authorization: Bearer e2e-admin-token-do-not-use-in-prod

        at apiRequestContext.get: connect ECONNREFUSED ::1:4000
        at Object.get (/home/tbaltzakis/cloudless.gr/e2e/_internal/admin-fixture.ts:8:35)
        at /home/tbaltzakis/cloudless.gr/e2e/admin-api-sweep.spec.ts:39:23

    Error Context: test-results/admin-api-sweep-Admin-API--efc8e-d-GET-api-admin-ai-audience-mobile-chrome/error-context.md

    Retry #1 ───────────────────────────────────────────────────────────────────────────────────────

    Error: apiRequestContext.get: connect ECONNREFUSED ::1:4000
    Call log:
      - → GET http://localhost:4000/api/admin/ai/audience
        - user-agent: Mozilla/5.0 (Linux; Android 14; Pixel 7) AppleWebKit/537.36 (KHTML, like Gecko) Chrome/151.0.7922.34 Mobile Safari/537.36
        - accept: */*
        - accept-encoding: gzip,deflate,br
        - authorization: Bearer e2e-admin-token-do-not-use-in-prod

        at apiRequestContext.get: connect ECONNREFUSED ::1:4000
        at Object.get (/home/tbaltzakis/cloudless.gr/e2e/_internal/admin-fixture.ts:8:35)
        at /home/tbaltzakis/cloudless.gr/e2e/admin-api-sweep.spec.ts:39:23

    Error Context: test-results/admin-api-sweep-Admin-API--efc8e-d-GET-api-admin-ai-audience-mobile-chrome-retry1/error-context.md

    attachment #2: trace (application/zip) ─────────────────────────────────────────────────────────
    test-results/admin-api-sweep-Admin-API--efc8e-d-GET-api-admin-ai-audience-mobile-chrome-retry1/trace.zip
    Usage:

        npx playwright show-trace test-results/admin-api-sweep-Admin-API--efc8e-d-GET-api-admin-ai-audience-mobile-chrome-retry1/trace.zip

    ────────────────────────────────────────────────────────────────────────────────────────────────

  672) [mobile-chrome] › e2e/admin-api-sweep.spec.ts:45:7 › Admin API route sweep (authenticated) › GET /api/admin/ai/campaign 

    Error: apiRequestContext.get: connect ECONNREFUSED ::1:4000
    Call log:
      - → GET http://localhost:4000/api/admin/ai/campaign
        - user-agent: Mozilla/5.0 (Linux; Android 14; Pixel 7) AppleWebKit/537.36 (KHTML, like Gecko) Chrome/151.0.7922.34 Mobile Safari/537.36
        - accept: */*
        - accept-encoding: gzip,deflate,br
        - authorization: Bearer e2e-admin-token-do-not-use-in-prod

        at apiRequestContext.get: connect ECONNREFUSED ::1:4000
        at Object.get (/home/tbaltzakis/cloudless.gr/e2e/_internal/admin-fixture.ts:8:35)
        at /home/tbaltzakis/cloudless.gr/e2e/admin-api-sweep.spec.ts:47:23

    Error Context: test-results/admin-api-sweep-Admin-API--c6153-d-GET-api-admin-ai-campaign-mobile-chrome/error-context.md

    Retry #1 ───────────────────────────────────────────────────────────────────────────────────────

    Error: apiRequestContext.get: connect ECONNREFUSED ::1:4000
    Call log:
      - → GET http://localhost:4000/api/admin/ai/campaign
        - user-agent: Mozilla/5.0 (Linux; Android 14; Pixel 7) AppleWebKit/537.36 (KHTML, like Gecko) Chrome/151.0.7922.34 Mobile Safari/537.36
        - accept: */*
        - accept-encoding: gzip,deflate,br
        - authorization: Bearer e2e-admin-token-do-not-use-in-prod

        at apiRequestContext.get: connect ECONNREFUSED ::1:4000
        at Object.get (/home/tbaltzakis/cloudless.gr/e2e/_internal/admin-fixture.ts:8:35)
        at /home/tbaltzakis/cloudless.gr/e2e/admin-api-sweep.spec.ts:47:23

    Error Context: test-results/admin-api-sweep-Admin-API--c6153-d-GET-api-admin-ai-campaign-mobile-chrome-retry1/error-context.md

    attachment #2: trace (application/zip) ─────────────────────────────────────────────────────────
    test-results/admin-api-sweep-Admin-API--c6153-d-GET-api-admin-ai-campaign-mobile-chrome-retry1/trace.zip
    Usage:

        npx playwright show-trace test-results/admin-api-sweep-Admin-API--c6153-d-GET-api-admin-ai-campaign-mobile-chrome-retry1/trace.zip

    ────────────────────────────────────────────────────────────────────────────────────────────────

  673) [mobile-chrome] › e2e/admin-api-sweep.spec.ts:53:7 › Admin API route sweep (authenticated) › GET /api/admin/ai/copy 

    Error: apiRequestContext.get: connect ECONNREFUSED ::1:4000
    Call log:
      - → GET http://localhost:4000/api/admin/ai/copy
        - user-agent: Mozilla/5.0 (Linux; Android 14; Pixel 7) AppleWebKit/537.36 (KHTML, like Gecko) Chrome/151.0.7922.34 Mobile Safari/537.36
        - accept: */*
        - accept-encoding: gzip,deflate,br
        - authorization: Bearer e2e-admin-token-do-not-use-in-prod

        at apiRequestContext.get: connect ECONNREFUSED ::1:4000
        at Object.get (/home/tbaltzakis/cloudless.gr/e2e/_internal/admin-fixture.ts:8:35)
        at /home/tbaltzakis/cloudless.gr/e2e/admin-api-sweep.spec.ts:55:23

    Error Context: test-results/admin-api-sweep-Admin-API--0a110-cated-GET-api-admin-ai-copy-mobile-chrome/error-context.md

    Retry #1 ───────────────────────────────────────────────────────────────────────────────────────

    Error: apiRequestContext.get: connect ECONNREFUSED ::1:4000
    Call log:
      - → GET http://localhost:4000/api/admin/ai/copy
        - user-agent: Mozilla/5.0 (Linux; Android 14; Pixel 7) AppleWebKit/537.36 (KHTML, like Gecko) Chrome/151.0.7922.34 Mobile Safari/537.36
        - accept: */*
        - accept-encoding: gzip,deflate,br
        - authorization: Bearer e2e-admin-token-do-not-use-in-prod

        at apiRequestContext.get: connect ECONNREFUSED ::1:4000
        at Object.get (/home/tbaltzakis/cloudless.gr/e2e/_internal/admin-fixture.ts:8:35)
        at /home/tbaltzakis/cloudless.gr/e2e/admin-api-sweep.spec.ts:55:23

    Error Context: test-results/admin-api-sweep-Admin-API--0a110-cated-GET-api-admin-ai-copy-mobile-chrome-retry1/error-context.md

    attachment #2: trace (application/zip) ─────────────────────────────────────────────────────────
    test-results/admin-api-sweep-Admin-API--0a110-cated-GET-api-admin-ai-copy-mobile-chrome-retry1/trace.zip
    Usage:

        npx playwright show-trace test-results/admin-api-sweep-Admin-API--0a110-cated-GET-api-admin-ai-copy-mobile-chrome-retry1/trace.zip

    ────────────────────────────────────────────────────────────────────────────────────────────────

  674) [mobile-chrome] › e2e/admin-api-sweep.spec.ts:61:7 › Admin API route sweep (authenticated) › GET /api/admin/ai/report-insights 

    Error: apiRequestContext.get: connect ECONNREFUSED ::1:4000
    Call log:
      - → GET http://localhost:4000/api/admin/ai/report-insights
        - user-agent: Mozilla/5.0 (Linux; Android 14; Pixel 7) AppleWebKit/537.36 (KHTML, like Gecko) Chrome/151.0.7922.34 Mobile Safari/537.36
        - accept: */*
        - accept-encoding: gzip,deflate,br
        - authorization: Bearer e2e-admin-token-do-not-use-in-prod

        at apiRequestContext.get: connect ECONNREFUSED ::1:4000
        at Object.get (/home/tbaltzakis/cloudless.gr/e2e/_internal/admin-fixture.ts:8:35)
        at /home/tbaltzakis/cloudless.gr/e2e/admin-api-sweep.spec.ts:63:23

    Error Context: test-results/admin-api-sweep-Admin-API--96748-pi-admin-ai-report-insights-mobile-chrome/error-context.md

    Retry #1 ───────────────────────────────────────────────────────────────────────────────────────

    Error: apiRequestContext.get: connect ECONNREFUSED ::1:4000
    Call log:
      - → GET http://localhost:4000/api/admin/ai/report-insights
        - user-agent: Mozilla/5.0 (Linux; Android 14; Pixel 7) AppleWebKit/537.36 (KHTML, like Gecko) Chrome/151.0.7922.34 Mobile Safari/537.36
        - accept: */*
        - accept-encoding: gzip,deflate,br
        - authorization: Bearer e2e-admin-token-do-not-use-in-prod

        at apiRequestContext.get: connect ECONNREFUSED ::1:4000
        at Object.get (/home/tbaltzakis/cloudless.gr/e2e/_internal/admin-fixture.ts:8:35)
        at /home/tbaltzakis/cloudless.gr/e2e/admin-api-sweep.spec.ts:63:23

    Error Context: test-results/admin-api-sweep-Admin-API--96748-pi-admin-ai-report-insights-mobile-chrome-retry1/error-context.md

    attachment #2: trace (application/zip) ─────────────────────────────────────────────────────────
    test-results/admin-api-sweep-Admin-API--96748-pi-admin-ai-report-insights-mobile-chrome-retry1/trace.zip
    Usage:

        npx playwright show-trace test-results/admin-api-sweep-Admin-API--96748-pi-admin-ai-report-insights-mobile-chrome-retry1/trace.zip

    ────────────────────────────────────────────────────────────────────────────────────────────────

  675) [mobile-chrome] › e2e/admin-api-sweep.spec.ts:69:7 › Admin API route sweep (authenticated) › GET /api/admin/analytics/countries 

    Error: apiRequestContext.get: connect ECONNREFUSED ::1:4000
    Call log:
      - → GET http://localhost:4000/api/admin/analytics/countries
        - user-agent: Mozilla/5.0 (Linux; Android 14; Pixel 7) AppleWebKit/537.36 (KHTML, like Gecko) Chrome/151.0.7922.34 Mobile Safari/537.36
        - accept: */*
        - accept-encoding: gzip,deflate,br
        - authorization: Bearer e2e-admin-token-do-not-use-in-prod

        at apiRequestContext.get: connect ECONNREFUSED ::1:4000
        at Object.get (/home/tbaltzakis/cloudless.gr/e2e/_internal/admin-fixture.ts:8:35)
        at /home/tbaltzakis/cloudless.gr/e2e/admin-api-sweep.spec.ts:71:23

    Error Context: test-results/admin-api-sweep-Admin-API--770da-i-admin-analytics-countries-mobile-chrome/error-context.md

    Retry #1 ───────────────────────────────────────────────────────────────────────────────────────

    Error: apiRequestContext.get: connect ECONNREFUSED ::1:4000
    Call log:
      - → GET http://localhost:4000/api/admin/analytics/countries
        - user-agent: Mozilla/5.0 (Linux; Android 14; Pixel 7) AppleWebKit/537.36 (KHTML, like Gecko) Chrome/151.0.7922.34 Mobile Safari/537.36
        - accept: */*
        - accept-encoding: gzip,deflate,br
        - authorization: Bearer e2e-admin-token-do-not-use-in-prod

        at apiRequestContext.get: connect ECONNREFUSED ::1:4000
        at Object.get (/home/tbaltzakis/cloudless.gr/e2e/_internal/admin-fixture.ts:8:35)
        at /home/tbaltzakis/cloudless.gr/e2e/admin-api-sweep.spec.ts:71:23

    Error Context: test-results/admin-api-sweep-Admin-API--770da-i-admin-analytics-countries-mobile-chrome-retry1/error-context.md

    attachment #2: trace (application/zip) ─────────────────────────────────────────────────────────
    test-results/admin-api-sweep-Admin-API--770da-i-admin-analytics-countries-mobile-chrome-retry1/trace.zip
    Usage:

        npx playwright show-trace test-results/admin-api-sweep-Admin-API--770da-i-admin-analytics-countries-mobile-chrome-retry1/trace.zip

    ────────────────────────────────────────────────────────────────────────────────────────────────

  676) [mobile-chrome] › e2e/admin-api-sweep.spec.ts:77:7 › Admin API route sweep (authenticated) › GET /api/admin/analytics/ctr-opportunities 

    Error: apiRequestContext.get: connect ECONNREFUSED ::1:4000
    Call log:
      - → GET http://localhost:4000/api/admin/analytics/ctr-opportunities
        - user-agent: Mozilla/5.0 (Linux; Android 14; Pixel 7) AppleWebKit/537.36 (KHTML, like Gecko) Chrome/151.0.7922.34 Mobile Safari/537.36
        - accept: */*
        - accept-encoding: gzip,deflate,br
        - authorization: Bearer e2e-admin-token-do-not-use-in-prod

        at apiRequestContext.get: connect ECONNREFUSED ::1:4000
        at Object.get (/home/tbaltzakis/cloudless.gr/e2e/_internal/admin-fixture.ts:8:35)
        at /home/tbaltzakis/cloudless.gr/e2e/admin-api-sweep.spec.ts:79:23

    Error Context: test-results/admin-api-sweep-Admin-API--19c51-analytics-ctr-opportunities-mobile-chrome/error-context.md

    Retry #1 ───────────────────────────────────────────────────────────────────────────────────────

    Error: apiRequestContext.get: connect ECONNREFUSED ::1:4000
    Call log:
      - → GET http://localhost:4000/api/admin/analytics/ctr-opportunities
        - user-agent: Mozilla/5.0 (Linux; Android 14; Pixel 7) AppleWebKit/537.36 (KHTML, like Gecko) Chrome/151.0.7922.34 Mobile Safari/537.36
        - accept: */*
        - accept-encoding: gzip,deflate,br
        - authorization: Bearer e2e-admin-token-do-not-use-in-prod

        at apiRequestContext.get: connect ECONNREFUSED ::1:4000
        at Object.get (/home/tbaltzakis/cloudless.gr/e2e/_internal/admin-fixture.ts:8:35)
        at /home/tbaltzakis/cloudless.gr/e2e/admin-api-sweep.spec.ts:79:23

    Error Context: test-results/admin-api-sweep-Admin-API--19c51-analytics-ctr-opportunities-mobile-chrome-retry1/error-context.md

    attachment #2: trace (application/zip) ─────────────────────────────────────────────────────────
    test-results/admin-api-sweep-Admin-API--19c51-analytics-ctr-opportunities-mobile-chrome-retry1/trace.zip
    Usage:

        npx playwright show-trace test-results/admin-api-sweep-Admin-API--19c51-analytics-ctr-opportunities-mobile-chrome-retry1/trace.zip

    ────────────────────────────────────────────────────────────────────────────────────────────────

  677) [mobile-chrome] › e2e/admin-api-sweep.spec.ts:85:7 › Admin API route sweep (authenticated) › GET /api/admin/analytics/devices 

    Error: apiRequestContext.get: connect ECONNREFUSED ::1:4000
    Call log:
      - → GET http://localhost:4000/api/admin/analytics/devices
        - user-agent: Mozilla/5.0 (Linux; Android 14; Pixel 7) AppleWebKit/537.36 (KHTML, like Gecko) Chrome/151.0.7922.34 Mobile Safari/537.36
        - accept: */*
        - accept-encoding: gzip,deflate,br
        - authorization: Bearer e2e-admin-token-do-not-use-in-prod

        at apiRequestContext.get: connect ECONNREFUSED ::1:4000
        at Object.get (/home/tbaltzakis/cloudless.gr/e2e/_internal/admin-fixture.ts:8:35)
        at /home/tbaltzakis/cloudless.gr/e2e/admin-api-sweep.spec.ts:87:23

    Error Context: test-results/admin-api-sweep-Admin-API--3d3ab-api-admin-analytics-devices-mobile-chrome/error-context.md

    Retry #1 ───────────────────────────────────────────────────────────────────────────────────────

    Error: apiRequestContext.get: connect ECONNREFUSED ::1:4000
    Call log:
      - → GET http://localhost:4000/api/admin/analytics/devices
        - user-agent: Mozilla/5.0 (Linux; Android 14; Pixel 7) AppleWebKit/537.36 (KHTML, like Gecko) Chrome/151.0.7922.34 Mobile Safari/537.36
        - accept: */*
        - accept-encoding: gzip,deflate,br
        - authorization: Bearer e2e-admin-token-do-not-use-in-prod

        at apiRequestContext.get: connect ECONNREFUSED ::1:4000
        at Object.get (/home/tbaltzakis/cloudless.gr/e2e/_internal/admin-fixture.ts:8:35)
        at /home/tbaltzakis/cloudless.gr/e2e/admin-api-sweep.spec.ts:87:23

    Error Context: test-results/admin-api-sweep-Admin-API--3d3ab-api-admin-analytics-devices-mobile-chrome-retry1/error-context.md

    attachment #2: trace (application/zip) ─────────────────────────────────────────────────────────
    test-results/admin-api-sweep-Admin-API--3d3ab-api-admin-analytics-devices-mobile-chrome-retry1/trace.zip
    Usage:

        npx playwright show-trace test-results/admin-api-sweep-Admin-API--3d3ab-api-admin-analytics-devices-mobile-chrome-retry1/trace.zip

    ────────────────────────────────────────────────────────────────────────────────────────────────

  678) [mobile-chrome] › e2e/admin-api-sweep.spec.ts:93:7 › Admin API route sweep (authenticated) › GET /api/admin/analytics/history 

    Error: apiRequestContext.get: connect ECONNREFUSED ::1:4000
    Call log:
      - → GET http://localhost:4000/api/admin/analytics/history
        - user-agent: Mozilla/5.0 (Linux; Android 14; Pixel 7) AppleWebKit/537.36 (KHTML, like Gecko) Chrome/151.0.7922.34 Mobile Safari/537.36
        - accept: */*
        - accept-encoding: gzip,deflate,br
        - authorization: Bearer e2e-admin-token-do-not-use-in-prod

        at apiRequestContext.get: connect ECONNREFUSED ::1:4000
        at Object.get (/home/tbaltzakis/cloudless.gr/e2e/_internal/admin-fixture.ts:8:35)
        at /home/tbaltzakis/cloudless.gr/e2e/admin-api-sweep.spec.ts:95:23

    Error Context: test-results/admin-api-sweep-Admin-API--18c3b-api-admin-analytics-history-mobile-chrome/error-context.md

    Retry #1 ───────────────────────────────────────────────────────────────────────────────────────

    Error: apiRequestContext.get: connect ECONNREFUSED ::1:4000
    Call log:
      - → GET http://localhost:4000/api/admin/analytics/history
        - user-agent: Mozilla/5.0 (Linux; Android 14; Pixel 7) AppleWebKit/537.36 (KHTML, like Gecko) Chrome/151.0.7922.34 Mobile Safari/537.36
        - accept: */*
        - accept-encoding: gzip,deflate,br
        - authorization: Bearer e2e-admin-token-do-not-use-in-prod

        at apiRequestContext.get: connect ECONNREFUSED ::1:4000
        at Object.get (/home/tbaltzakis/cloudless.gr/e2e/_internal/admin-fixture.ts:8:35)
        at /home/tbaltzakis/cloudless.gr/e2e/admin-api-sweep.spec.ts:95:23

    Error Context: test-results/admin-api-sweep-Admin-API--18c3b-api-admin-analytics-history-mobile-chrome-retry1/error-context.md

    attachment #2: trace (application/zip) ─────────────────────────────────────────────────────────
    test-results/admin-api-sweep-Admin-API--18c3b-api-admin-analytics-history-mobile-chrome-retry1/trace.zip
    Usage:

        npx playwright show-trace test-results/admin-api-sweep-Admin-API--18c3b-api-admin-analytics-history-mobile-chrome-retry1/trace.zip

    ────────────────────────────────────────────────────────────────────────────────────────────────

  679) [mobile-chrome] › e2e/admin-api-sweep.spec.ts:101:7 › Admin API route sweep (authenticated) › GET /api/admin/analytics/keywords 

    Error: apiRequestContext.get: connect ECONNREFUSED ::1:4000
    Call log:
      - → GET http://localhost:4000/api/admin/analytics/keywords
        - user-agent: Mozilla/5.0 (Linux; Android 14; Pixel 7) AppleWebKit/537.36 (KHTML, like Gecko) Chrome/151.0.7922.34 Mobile Safari/537.36
        - accept: */*
        - accept-encoding: gzip,deflate,br
        - authorization: Bearer e2e-admin-token-do-not-use-in-prod

        at apiRequestContext.get: connect ECONNREFUSED ::1:4000
        at Object.get (/home/tbaltzakis/cloudless.gr/e2e/_internal/admin-fixture.ts:8:35)
        at /home/tbaltzakis/cloudless.gr/e2e/admin-api-sweep.spec.ts:103:23

    Error Context: test-results/admin-api-sweep-Admin-API--bf852-pi-admin-analytics-keywords-mobile-chrome/error-context.md

    Retry #1 ───────────────────────────────────────────────────────────────────────────────────────

    Error: apiRequestContext.get: connect ECONNREFUSED ::1:4000
    Call log:
      - → GET http://localhost:4000/api/admin/analytics/keywords
        - user-agent: Mozilla/5.0 (Linux; Android 14; Pixel 7) AppleWebKit/537.36 (KHTML, like Gecko) Chrome/151.0.7922.34 Mobile Safari/537.36
        - accept: */*
        - accept-encoding: gzip,deflate,br
        - authorization: Bearer e2e-admin-token-do-not-use-in-prod

        at apiRequestContext.get: connect ECONNREFUSED ::1:4000
        at Object.get (/home/tbaltzakis/cloudless.gr/e2e/_internal/admin-fixture.ts:8:35)
        at /home/tbaltzakis/cloudless.gr/e2e/admin-api-sweep.spec.ts:103:23

    Error Context: test-results/admin-api-sweep-Admin-API--bf852-pi-admin-analytics-keywords-mobile-chrome-retry1/error-context.md

    attachment #2: trace (application/zip) ─────────────────────────────────────────────────────────
    test-results/admin-api-sweep-Admin-API--bf852-pi-admin-analytics-keywords-mobile-chrome-retry1/trace.zip
    Usage:

        npx playwright show-trace test-results/admin-api-sweep-Admin-API--bf852-pi-admin-analytics-keywords-mobile-chrome-retry1/trace.zip

    ────────────────────────────────────────────────────────────────────────────────────────────────

  680) [mobile-chrome] › e2e/admin-api-sweep.spec.ts:109:7 › Admin API route sweep (authenticated) › GET /api/admin/analytics/pages 

    Error: apiRequestContext.get: connect ECONNREFUSED ::1:4000
    Call log:
      - → GET http://localhost:4000/api/admin/analytics/pages
        - user-agent: Mozilla/5.0 (Linux; Android 14; Pixel 7) AppleWebKit/537.36 (KHTML, like Gecko) Chrome/151.0.7922.34 Mobile Safari/537.36
        - accept: */*
        - accept-encoding: gzip,deflate,br
        - authorization: Bearer e2e-admin-token-do-not-use-in-prod

        at apiRequestContext.get: connect ECONNREFUSED ::1:4000
        at Object.get (/home/tbaltzakis/cloudless.gr/e2e/_internal/admin-fixture.ts:8:35)
        at /home/tbaltzakis/cloudless.gr/e2e/admin-api-sweep.spec.ts:111:23

    Error Context: test-results/admin-api-sweep-Admin-API--23c3a-T-api-admin-analytics-pages-mobile-chrome/error-context.md

    Retry #1 ───────────────────────────────────────────────────────────────────────────────────────

    Error: apiRequestContext.get: connect ECONNREFUSED ::1:4000
    Call log:
      - → GET http://localhost:4000/api/admin/analytics/pages
        - user-agent: Mozilla/5.0 (Linux; Android 14; Pixel 7) AppleWebKit/537.36 (KHTML, like Gecko) Chrome/151.0.7922.34 Mobile Safari/537.36
        - accept: */*
        - accept-encoding: gzip,deflate,br
        - authorization: Bearer e2e-admin-token-do-not-use-in-prod

        at apiRequestContext.get: connect ECONNREFUSED ::1:4000
        at Object.get (/home/tbaltzakis/cloudless.gr/e2e/_internal/admin-fixture.ts:8:35)
        at /home/tbaltzakis/cloudless.gr/e2e/admin-api-sweep.spec.ts:111:23

    Error Context: test-results/admin-api-sweep-Admin-API--23c3a-T-api-admin-analytics-pages-mobile-chrome-retry1/error-context.md

    attachment #2: trace (application/zip) ─────────────────────────────────────────────────────────
    test-results/admin-api-sweep-Admin-API--23c3a-T-api-admin-analytics-pages-mobile-chrome-retry1/trace.zip
    Usage:

        npx playwright show-trace test-results/admin-api-sweep-Admin-API--23c3a-T-api-admin-analytics-pages-mobile-chrome-retry1/trace.zip

    ────────────────────────────────────────────────────────────────────────────────────────────────

  681) [mobile-chrome] › e2e/admin-api-sweep.spec.ts:117:7 › Admin API route sweep (authenticated) › GET /api/admin/analytics/products 

    Error: apiRequestContext.get: connect ECONNREFUSED ::1:4000
    Call log:
      - → GET http://localhost:4000/api/admin/analytics/products
        - user-agent: Mozilla/5.0 (Linux; Android 14; Pixel 7) AppleWebKit/537.36 (KHTML, like Gecko) Chrome/151.0.7922.34 Mobile Safari/537.36
        - accept: */*
        - accept-encoding: gzip,deflate,br
        - authorization: Bearer e2e-admin-token-do-not-use-in-prod

        at apiRequestContext.get: connect ECONNREFUSED ::1:4000
        at Object.get (/home/tbaltzakis/cloudless.gr/e2e/_internal/admin-fixture.ts:8:35)
        at /home/tbaltzakis/cloudless.gr/e2e/admin-api-sweep.spec.ts:119:23

    Error Context: test-results/admin-api-sweep-Admin-API--d9163-pi-admin-analytics-products-mobile-chrome/error-context.md

    Retry #1 ───────────────────────────────────────────────────────────────────────────────────────

    Error: apiRequestContext.get: connect ECONNREFUSED ::1:4000
    Call log:
      - → GET http://localhost:4000/api/admin/analytics/products
        - user-agent: Mozilla/5.0 (Linux; Android 14; Pixel 7) AppleWebKit/537.36 (KHTML, like Gecko) Chrome/151.0.7922.34 Mobile Safari/537.36
        - accept: */*
        - accept-encoding: gzip,deflate,br
        - authorization: Bearer e2e-admin-token-do-not-use-in-prod

        at apiRequestContext.get: connect ECONNREFUSED ::1:4000
        at Object.get (/home/tbaltzakis/cloudless.gr/e2e/_internal/admin-fixture.ts:8:35)
        at /home/tbaltzakis/cloudless.gr/e2e/admin-api-sweep.spec.ts:119:23

    Error Context: test-results/admin-api-sweep-Admin-API--d9163-pi-admin-analytics-products-mobile-chrome-retry1/error-context.md

    attachment #2: trace (application/zip) ─────────────────────────────────────────────────────────
    test-results/admin-api-sweep-Admin-API--d9163-pi-admin-analytics-products-mobile-chrome-retry1/trace.zip
    Usage:

        npx playwright show-trace test-results/admin-api-sweep-Admin-API--d9163-pi-admin-analytics-products-mobile-chrome-retry1/trace.zip

    ────────────────────────────────────────────────────────────────────────────────────────────────

  682) [mobile-chrome] › e2e/admin-api-sweep.spec.ts:125:7 › Admin API route sweep (authenticated) › GET /api/admin/analytics/query-pages 

    Error: apiRequestContext.get: connect ECONNREFUSED ::1:4000
    Call log:
      - → GET http://localhost:4000/api/admin/analytics/query-pages
        - user-agent: Mozilla/5.0 (Linux; Android 14; Pixel 7) AppleWebKit/537.36 (KHTML, like Gecko) Chrome/151.0.7922.34 Mobile Safari/537.36
        - accept: */*
        - accept-encoding: gzip,deflate,br
        - authorization: Bearer e2e-admin-token-do-not-use-in-prod

        at apiRequestContext.get: connect ECONNREFUSED ::1:4000
        at Object.get (/home/tbaltzakis/cloudless.gr/e2e/_internal/admin-fixture.ts:8:35)
        at /home/tbaltzakis/cloudless.gr/e2e/admin-api-sweep.spec.ts:127:23

    Error Context: test-results/admin-api-sweep-Admin-API--c1818-admin-analytics-query-pages-mobile-chrome/error-context.md

    Retry #1 ───────────────────────────────────────────────────────────────────────────────────────

    Error: apiRequestContext.get: connect ECONNREFUSED ::1:4000
    Call log:
      - → GET http://localhost:4000/api/admin/analytics/query-pages
        - user-agent: Mozilla/5.0 (Linux; Android 14; Pixel 7) AppleWebKit/537.36 (KHTML, like Gecko) Chrome/151.0.7922.34 Mobile Safari/537.36
        - accept: */*
        - accept-encoding: gzip,deflate,br
        - authorization: Bearer e2e-admin-token-do-not-use-in-prod

        at apiRequestContext.get: connect ECONNREFUSED ::1:4000
        at Object.get (/home/tbaltzakis/cloudless.gr/e2e/_internal/admin-fixture.ts:8:35)
        at /home/tbaltzakis/cloudless.gr/e2e/admin-api-sweep.spec.ts:127:23

    Error Context: test-results/admin-api-sweep-Admin-API--c1818-admin-analytics-query-pages-mobile-chrome-retry1/error-context.md

    attachment #2: trace (application/zip) ─────────────────────────────────────────────────────────
    test-results/admin-api-sweep-Admin-API--c1818-admin-analytics-query-pages-mobile-chrome-retry1/trace.zip
    Usage:

        npx playwright show-trace test-results/admin-api-sweep-Admin-API--c1818-admin-analytics-query-pages-mobile-chrome-retry1/trace.zip

    ────────────────────────────────────────────────────────────────────────────────────────────────

  683) [mobile-chrome] › e2e/admin-api-sweep.spec.ts:133:7 › Admin API route sweep (authenticated) › GET /api/admin/analytics/search-intent 

    Error: apiRequestContext.get: connect ECONNREFUSED ::1:4000
    Call log:
      - → GET http://localhost:4000/api/admin/analytics/search-intent
        - user-agent: Mozilla/5.0 (Linux; Android 14; Pixel 7) AppleWebKit/537.36 (KHTML, like Gecko) Chrome/151.0.7922.34 Mobile Safari/537.36
        - accept: */*
        - accept-encoding: gzip,deflate,br
        - authorization: Bearer e2e-admin-token-do-not-use-in-prod

        at apiRequestContext.get: connect ECONNREFUSED ::1:4000
        at Object.get (/home/tbaltzakis/cloudless.gr/e2e/_internal/admin-fixture.ts:8:35)
        at /home/tbaltzakis/cloudless.gr/e2e/admin-api-sweep.spec.ts:135:23

    Error Context: test-results/admin-api-sweep-Admin-API--ec431-min-analytics-search-intent-mobile-chrome/error-context.md

    Retry #1 ───────────────────────────────────────────────────────────────────────────────────────

    Error: apiRequestContext.get: connect ECONNREFUSED ::1:4000
    Call log:
      - → GET http://localhost:4000/api/admin/analytics/search-intent
        - user-agent: Mozilla/5.0 (Linux; Android 14; Pixel 7) AppleWebKit/537.36 (KHTML, like Gecko) Chrome/151.0.7922.34 Mobile Safari/537.36
        - accept: */*
        - accept-encoding: gzip,deflate,br
        - authorization: Bearer e2e-admin-token-do-not-use-in-prod

        at apiRequestContext.get: connect ECONNREFUSED ::1:4000
        at Object.get (/home/tbaltzakis/cloudless.gr/e2e/_internal/admin-fixture.ts:8:35)
        at /home/tbaltzakis/cloudless.gr/e2e/admin-api-sweep.spec.ts:135:23

    Error Context: test-results/admin-api-sweep-Admin-API--ec431-min-analytics-search-intent-mobile-chrome-retry1/error-context.md

    attachment #2: trace (application/zip) ─────────────────────────────────────────────────────────
    test-results/admin-api-sweep-Admin-API--ec431-min-analytics-search-intent-mobile-chrome-retry1/trace.zip
    Usage:

        npx playwright show-trace test-results/admin-api-sweep-Admin-API--ec431-min-analytics-search-intent-mobile-chrome-retry1/trace.zip

    ────────────────────────────────────────────────────────────────────────────────────────────────

  684) [mobile-chrome] › e2e/admin-api-sweep.spec.ts:141:7 › Admin API route sweep (authenticated) › GET /api/admin/analytics/seo 

    Error: apiRequestContext.get: connect ECONNREFUSED ::1:4000
    Call log:
      - → GET http://localhost:4000/api/admin/analytics/seo
        - user-agent: Mozilla/5.0 (Linux; Android 14; Pixel 7) AppleWebKit/537.36 (KHTML, like Gecko) Chrome/151.0.7922.34 Mobile Safari/537.36
        - accept: */*
        - accept-encoding: gzip,deflate,br
        - authorization: Bearer e2e-admin-token-do-not-use-in-prod

        at apiRequestContext.get: connect ECONNREFUSED ::1:4000
        at Object.get (/home/tbaltzakis/cloudless.gr/e2e/_internal/admin-fixture.ts:8:35)
        at /home/tbaltzakis/cloudless.gr/e2e/admin-api-sweep.spec.ts:143:23

    Error Context: test-results/admin-api-sweep-Admin-API--226e4-GET-api-admin-analytics-seo-mobile-chrome/error-context.md

    Retry #1 ───────────────────────────────────────────────────────────────────────────────────────

    Error: apiRequestContext.get: connect ECONNREFUSED ::1:4000
    Call log:
      - → GET http://localhost:4000/api/admin/analytics/seo
        - user-agent: Mozilla/5.0 (Linux; Android 14; Pixel 7) AppleWebKit/537.36 (KHTML, like Gecko) Chrome/151.0.7922.34 Mobile Safari/537.36
        - accept: */*
        - accept-encoding: gzip,deflate,br
        - authorization: Bearer e2e-admin-token-do-not-use-in-prod

        at apiRequestContext.get: connect ECONNREFUSED ::1:4000
        at Object.get (/home/tbaltzakis/cloudless.gr/e2e/_internal/admin-fixture.ts:8:35)
        at /home/tbaltzakis/cloudless.gr/e2e/admin-api-sweep.spec.ts:143:23

    Error Context: test-results/admin-api-sweep-Admin-API--226e4-GET-api-admin-analytics-seo-mobile-chrome-retry1/error-context.md

    attachment #2: trace (application/zip) ─────────────────────────────────────────────────────────
    test-results/admin-api-sweep-Admin-API--226e4-GET-api-admin-analytics-seo-mobile-chrome-retry1/trace.zip
    Usage:

        npx playwright show-trace test-results/admin-api-sweep-Admin-API--226e4-GET-api-admin-analytics-seo-mobile-chrome-retry1/trace.zip

    ────────────────────────────────────────────────────────────────────────────────────────────────

  685) [mobile-chrome] › e2e/admin-api-sweep.spec.ts:149:7 › Admin API route sweep (authenticated) › GET /api/admin/analytics/unified 

    Error: apiRequestContext.get: connect ECONNREFUSED ::1:4000
    Call log:
      - → GET http://localhost:4000/api/admin/analytics/unified
        - user-agent: Mozilla/5.0 (Linux; Android 14; Pixel 7) AppleWebKit/537.36 (KHTML, like Gecko) Chrome/151.0.7922.34 Mobile Safari/537.36
        - accept: */*
        - accept-encoding: gzip,deflate,br
        - authorization: Bearer e2e-admin-token-do-not-use-in-prod

        at apiRequestContext.get: connect ECONNREFUSED ::1:4000
        at Object.get (/home/tbaltzakis/cloudless.gr/e2e/_internal/admin-fixture.ts:8:35)
        at /home/tbaltzakis/cloudless.gr/e2e/admin-api-sweep.spec.ts:151:23

    Error Context: test-results/admin-api-sweep-Admin-API--a2187-api-admin-analytics-unified-mobile-chrome/error-context.md

    Retry #1 ───────────────────────────────────────────────────────────────────────────────────────

    Error: apiRequestContext.get: connect ECONNREFUSED ::1:4000
    Call log:
      - → GET http://localhost:4000/api/admin/analytics/unified
        - user-agent: Mozilla/5.0 (Linux; Android 14; Pixel 7) AppleWebKit/537.36 (KHTML, like Gecko) Chrome/151.0.7922.34 Mobile Safari/537.36
        - accept: */*
        - accept-encoding: gzip,deflate,br
        - authorization: Bearer e2e-admin-token-do-not-use-in-prod

        at apiRequestContext.get: connect ECONNREFUSED ::1:4000
        at Object.get (/home/tbaltzakis/cloudless.gr/e2e/_internal/admin-fixture.ts:8:35)
        at /home/tbaltzakis/cloudless.gr/e2e/admin-api-sweep.spec.ts:151:23

    Error Context: test-results/admin-api-sweep-Admin-API--a2187-api-admin-analytics-unified-mobile-chrome-retry1/error-context.md

    attachment #2: trace (application/zip) ─────────────────────────────────────────────────────────
    test-results/admin-api-sweep-Admin-API--a2187-api-admin-analytics-unified-mobile-chrome-retry1/trace.zip
    Usage:

        npx playwright show-trace test-results/admin-api-sweep-Admin-API--a2187-api-admin-analytics-unified-mobile-chrome-retry1/trace.zip

    ────────────────────────────────────────────────────────────────────────────────────────────────

  686) [mobile-chrome] › e2e/admin-api-sweep.spec.ts:157:7 › Admin API route sweep (authenticated) › GET /api/admin/analytics/web 

    Error: apiRequestContext.get: connect ECONNREFUSED ::1:4000
    Call log:
      - → GET http://localhost:4000/api/admin/analytics/web
        - user-agent: Mozilla/5.0 (Linux; Android 14; Pixel 7) AppleWebKit/537.36 (KHTML, like Gecko) Chrome/151.0.7922.34 Mobile Safari/537.36
        - accept: */*
        - accept-encoding: gzip,deflate,br
        - authorization: Bearer e2e-admin-token-do-not-use-in-prod

        at apiRequestContext.get: connect ECONNREFUSED ::1:4000
        at Object.get (/home/tbaltzakis/cloudless.gr/e2e/_internal/admin-fixture.ts:8:35)
        at /home/tbaltzakis/cloudless.gr/e2e/admin-api-sweep.spec.ts:159:23

    Error Context: test-results/admin-api-sweep-Admin-API--4d156-GET-api-admin-analytics-web-mobile-chrome/error-context.md

    Retry #1 ───────────────────────────────────────────────────────────────────────────────────────

    Error: apiRequestContext.get: connect ECONNREFUSED ::1:4000
    Call log:
      - → GET http://localhost:4000/api/admin/analytics/web
        - user-agent: Mozilla/5.0 (Linux; Android 14; Pixel 7) AppleWebKit/537.36 (KHTML, like Gecko) Chrome/151.0.7922.34 Mobile Safari/537.36
        - accept: */*
        - accept-encoding: gzip,deflate,br
        - authorization: Bearer e2e-admin-token-do-not-use-in-prod

        at apiRequestContext.get: connect ECONNREFUSED ::1:4000
        at Object.get (/home/tbaltzakis/cloudless.gr/e2e/_internal/admin-fixture.ts:8:35)
        at /home/tbaltzakis/cloudless.gr/e2e/admin-api-sweep.spec.ts:159:23

    Error Context: test-results/admin-api-sweep-Admin-API--4d156-GET-api-admin-analytics-web-mobile-chrome-retry1/error-context.md

    attachment #2: trace (application/zip) ─────────────────────────────────────────────────────────
    test-results/admin-api-sweep-Admin-API--4d156-GET-api-admin-analytics-web-mobile-chrome-retry1/trace.zip
    Usage:

        npx playwright show-trace test-results/admin-api-sweep-Admin-API--4d156-GET-api-admin-analytics-web-mobile-chrome-retry1/trace.zip

    ────────────────────────────────────────────────────────────────────────────────────────────────

  687) [mobile-chrome] › e2e/admin-api-sweep.spec.ts:165:7 › Admin API route sweep (authenticated) › GET /api/admin/cache 

    Error: apiRequestContext.get: connect ECONNREFUSED ::1:4000
    Call log:
      - → GET http://localhost:4000/api/admin/cache
        - user-agent: Mozilla/5.0 (Linux; Android 14; Pixel 7) AppleWebKit/537.36 (KHTML, like Gecko) Chrome/151.0.7922.34 Mobile Safari/537.36
        - accept: */*
        - accept-encoding: gzip,deflate,br
        - authorization: Bearer e2e-admin-token-do-not-use-in-prod

        at apiRequestContext.get: connect ECONNREFUSED ::1:4000
        at Object.get (/home/tbaltzakis/cloudless.gr/e2e/_internal/admin-fixture.ts:8:35)
        at /home/tbaltzakis/cloudless.gr/e2e/admin-api-sweep.spec.ts:167:23

    Error Context: test-results/admin-api-sweep-Admin-API--ff770-ticated-GET-api-admin-cache-mobile-chrome/error-context.md

    Retry #1 ───────────────────────────────────────────────────────────────────────────────────────

    Error: apiRequestContext.get: connect ECONNREFUSED ::1:4000
    Call log:
      - → GET http://localhost:4000/api/admin/cache
        - user-agent: Mozilla/5.0 (Linux; Android 14; Pixel 7) AppleWebKit/537.36 (KHTML, like Gecko) Chrome/151.0.7922.34 Mobile Safari/537.36
        - accept: */*
        - accept-encoding: gzip,deflate,br
        - authorization: Bearer e2e-admin-token-do-not-use-in-prod

        at apiRequestContext.get: connect ECONNREFUSED ::1:4000
        at Object.get (/home/tbaltzakis/cloudless.gr/e2e/_internal/admin-fixture.ts:8:35)
        at /home/tbaltzakis/cloudless.gr/e2e/admin-api-sweep.spec.ts:167:23

    Error Context: test-results/admin-api-sweep-Admin-API--ff770-ticated-GET-api-admin-cache-mobile-chrome-retry1/error-context.md

    attachment #2: trace (application/zip) ─────────────────────────────────────────────────────────
    test-results/admin-api-sweep-Admin-API--ff770-ticated-GET-api-admin-cache-mobile-chrome-retry1/trace.zip
    Usage:

        npx playwright show-trace test-results/admin-api-sweep-Admin-API--ff770-ticated-GET-api-admin-cache-mobile-chrome-retry1/trace.zip

    ────────────────────────────────────────────────────────────────────────────────────────────────

  688) [mobile-chrome] › e2e/admin-api-sweep.spec.ts:173:7 › Admin API route sweep (authenticated) › GET /api/admin/calendar 

    Error: apiRequestContext.get: connect ECONNREFUSED ::1:4000
    Call log:
      - → GET http://localhost:4000/api/admin/calendar
        - user-agent: Mozilla/5.0 (Linux; Android 14; Pixel 7) AppleWebKit/537.36 (KHTML, like Gecko) Chrome/151.0.7922.34 Mobile Safari/537.36
        - accept: */*
        - accept-encoding: gzip,deflate,br
        - authorization: Bearer e2e-admin-token-do-not-use-in-prod

        at apiRequestContext.get: connect ECONNREFUSED ::1:4000
        at Object.get (/home/tbaltzakis/cloudless.gr/e2e/_internal/admin-fixture.ts:8:35)
        at /home/tbaltzakis/cloudless.gr/e2e/admin-api-sweep.spec.ts:175:23

    Error Context: test-results/admin-api-sweep-Admin-API--07b23-ated-GET-api-admin-calendar-mobile-chrome/error-context.md

    Retry #1 ───────────────────────────────────────────────────────────────────────────────────────

    Error: apiRequestContext.get: connect ECONNREFUSED ::1:4000
    Call log:
      - → GET http://localhost:4000/api/admin/calendar
        - user-agent: Mozilla/5.0 (Linux; Android 14; Pixel 7) AppleWebKit/537.36 (KHTML, like Gecko) Chrome/151.0.7922.34 Mobile Safari/537.36
        - accept: */*
        - accept-encoding: gzip,deflate,br
        - authorization: Bearer e2e-admin-token-do-not-use-in-prod

        at apiRequestContext.get: connect ECONNREFUSED ::1:4000
        at Object.get (/home/tbaltzakis/cloudless.gr/e2e/_internal/admin-fixture.ts:8:35)
        at /home/tbaltzakis/cloudless.gr/e2e/admin-api-sweep.spec.ts:175:23

    Error Context: test-results/admin-api-sweep-Admin-API--07b23-ated-GET-api-admin-calendar-mobile-chrome-retry1/error-context.md

    attachment #2: trace (application/zip) ─────────────────────────────────────────────────────────
    test-results/admin-api-sweep-Admin-API--07b23-ated-GET-api-admin-calendar-mobile-chrome-retry1/trace.zip
    Usage:

        npx playwright show-trace test-results/admin-api-sweep-Admin-API--07b23-ated-GET-api-admin-calendar-mobile-chrome-retry1/trace.zip

    ────────────────────────────────────────────────────────────────────────────────────────────────

  689) [mobile-chrome] › e2e/admin-api-sweep.spec.ts:181:7 › Admin API route sweep (authenticated) › GET /api/admin/calendar/create 

    Error: apiRequestContext.get: connect ECONNREFUSED ::1:4000
    Call log:
      - → GET http://localhost:4000/api/admin/calendar/create
        - user-agent: Mozilla/5.0 (Linux; Android 14; Pixel 7) AppleWebKit/537.36 (KHTML, like Gecko) Chrome/151.0.7922.34 Mobile Safari/537.36
        - accept: */*
        - accept-encoding: gzip,deflate,br
        - authorization: Bearer e2e-admin-token-do-not-use-in-prod

        at apiRequestContext.get: connect ECONNREFUSED ::1:4000
        at Object.get (/home/tbaltzakis/cloudless.gr/e2e/_internal/admin-fixture.ts:8:35)
        at /home/tbaltzakis/cloudless.gr/e2e/admin-api-sweep.spec.ts:183:23

    Error Context: test-results/admin-api-sweep-Admin-API--ad0b2-T-api-admin-calendar-create-mobile-chrome/error-context.md

    Retry #1 ───────────────────────────────────────────────────────────────────────────────────────

    Error: apiRequestContext.get: connect ECONNREFUSED ::1:4000
    Call log:
      - → GET http://localhost:4000/api/admin/calendar/create
        - user-agent: Mozilla/5.0 (Linux; Android 14; Pixel 7) AppleWebKit/537.36 (KHTML, like Gecko) Chrome/151.0.7922.34 Mobile Safari/537.36
        - accept: */*
        - accept-encoding: gzip,deflate,br
        - authorization: Bearer e2e-admin-token-do-not-use-in-prod

        at apiRequestContext.get: connect ECONNREFUSED ::1:4000
        at Object.get (/home/tbaltzakis/cloudless.gr/e2e/_internal/admin-fixture.ts:8:35)
        at /home/tbaltzakis/cloudless.gr/e2e/admin-api-sweep.spec.ts:183:23

    Error Context: test-results/admin-api-sweep-Admin-API--ad0b2-T-api-admin-calendar-create-mobile-chrome-retry1/error-context.md

    attachment #2: trace (application/zip) ─────────────────────────────────────────────────────────
    test-results/admin-api-sweep-Admin-API--ad0b2-T-api-admin-calendar-create-mobile-chrome-retry1/trace.zip
    Usage:

        npx playwright show-trace test-results/admin-api-sweep-Admin-API--ad0b2-T-api-admin-calendar-create-mobile-chrome-retry1/trace.zip

    ────────────────────────────────────────────────────────────────────────────────────────────────

  690) [mobile-chrome] › e2e/admin-api-sweep.spec.ts:189:7 › Admin API route sweep (authenticated) › GET /api/admin/campaigns/google 

    Error: apiRequestContext.get: connect ECONNREFUSED ::1:4000
    Call log:
      - → GET http://localhost:4000/api/admin/campaigns/google
        - user-agent: Mozilla/5.0 (Linux; Android 14; Pixel 7) AppleWebKit/537.36 (KHTML, like Gecko) Chrome/151.0.7922.34 Mobile Safari/537.36
        - accept: */*
        - accept-encoding: gzip,deflate,br
        - authorization: Bearer e2e-admin-token-do-not-use-in-prod

        at apiRequestContext.get: connect ECONNREFUSED ::1:4000
        at Object.get (/home/tbaltzakis/cloudless.gr/e2e/_internal/admin-fixture.ts:8:35)
        at /home/tbaltzakis/cloudless.gr/e2e/admin-api-sweep.spec.ts:191:23

    Error Context: test-results/admin-api-sweep-Admin-API--dd6fe--api-admin-campaigns-google-mobile-chrome/error-context.md

    Retry #1 ───────────────────────────────────────────────────────────────────────────────────────

    Error: apiRequestContext.get: connect ECONNREFUSED ::1:4000
    Call log:
      - → GET http://localhost:4000/api/admin/campaigns/google
        - user-agent: Mozilla/5.0 (Linux; Android 14; Pixel 7) AppleWebKit/537.36 (KHTML, like Gecko) Chrome/151.0.7922.34 Mobile Safari/537.36
        - accept: */*
        - accept-encoding: gzip,deflate,br
        - authorization: Bearer e2e-admin-token-do-not-use-in-prod

        at apiRequestContext.get: connect ECONNREFUSED ::1:4000
        at Object.get (/home/tbaltzakis/cloudless.gr/e2e/_internal/admin-fixture.ts:8:35)
        at /home/tbaltzakis/cloudless.gr/e2e/admin-api-sweep.spec.ts:191:23

    Error Context: test-results/admin-api-sweep-Admin-API--dd6fe--api-admin-campaigns-google-mobile-chrome-retry1/error-context.md

    attachment #2: trace (application/zip) ─────────────────────────────────────────────────────────
    test-results/admin-api-sweep-Admin-API--dd6fe--api-admin-campaigns-google-mobile-chrome-retry1/trace.zip
    Usage:

        npx playwright show-trace test-results/admin-api-sweep-Admin-API--dd6fe--api-admin-campaigns-google-mobile-chrome-retry1/trace.zip

    ────────────────────────────────────────────────────────────────────────────────────────────────

  691) [mobile-chrome] › e2e/admin-api-sweep.spec.ts:197:7 › Admin API route sweep (authenticated) › GET /api/admin/campaigns/google/insights 

    Error: apiRequestContext.get: connect ECONNREFUSED ::1:4000
    Call log:
      - → GET http://localhost:4000/api/admin/campaigns/google/insights
        - user-agent: Mozilla/5.0 (Linux; Android 14; Pixel 7) AppleWebKit/537.36 (KHTML, like Gecko) Chrome/151.0.7922.34 Mobile Safari/537.36
        - accept: */*
        - accept-encoding: gzip,deflate,br
        - authorization: Bearer e2e-admin-token-do-not-use-in-prod

        at apiRequestContext.get: connect ECONNREFUSED ::1:4000
        at Object.get (/home/tbaltzakis/cloudless.gr/e2e/_internal/admin-fixture.ts:8:35)
        at /home/tbaltzakis/cloudless.gr/e2e/admin-api-sweep.spec.ts:199:23

    Error Context: test-results/admin-api-sweep-Admin-API--2aee5-n-campaigns-google-insights-mobile-chrome/error-context.md

    Retry #1 ───────────────────────────────────────────────────────────────────────────────────────

    Error: apiRequestContext.get: connect ECONNREFUSED ::1:4000
    Call log:
      - → GET http://localhost:4000/api/admin/campaigns/google/insights
        - user-agent: Mozilla/5.0 (Linux; Android 14; Pixel 7) AppleWebKit/537.36 (KHTML, like Gecko) Chrome/151.0.7922.34 Mobile Safari/537.36
        - accept: */*
        - accept-encoding: gzip,deflate,br
        - authorization: Bearer e2e-admin-token-do-not-use-in-prod

        at apiRequestContext.get: connect ECONNREFUSED ::1:4000
        at Object.get (/home/tbaltzakis/cloudless.gr/e2e/_internal/admin-fixture.ts:8:35)
        at /home/tbaltzakis/cloudless.gr/e2e/admin-api-sweep.spec.ts:199:23

    Error Context: test-results/admin-api-sweep-Admin-API--2aee5-n-campaigns-google-insights-mobile-chrome-retry1/error-context.md

    attachment #2: trace (application/zip) ─────────────────────────────────────────────────────────
    test-results/admin-api-sweep-Admin-API--2aee5-n-campaigns-google-insights-mobile-chrome-retry1/trace.zip
    Usage:

        npx playwright show-trace test-results/admin-api-sweep-Admin-API--2aee5-n-campaigns-google-insights-mobile-chrome-retry1/trace.zip

    ────────────────────────────────────────────────────────────────────────────────────────────────

  692) [mobile-chrome] › e2e/admin-api-sweep.spec.ts:205:7 › Admin API route sweep (authenticated) › GET /api/admin/campaigns/linkedin 

    Error: apiRequestContext.get: connect ECONNREFUSED ::1:4000
    Call log:
      - → GET http://localhost:4000/api/admin/campaigns/linkedin
        - user-agent: Mozilla/5.0 (Linux; Android 14; Pixel 7) AppleWebKit/537.36 (KHTML, like Gecko) Chrome/151.0.7922.34 Mobile Safari/537.36
        - accept: */*
        - accept-encoding: gzip,deflate,br
        - authorization: Bearer e2e-admin-token-do-not-use-in-prod

        at apiRequestContext.get: connect ECONNREFUSED ::1:4000
        at Object.get (/home/tbaltzakis/cloudless.gr/e2e/_internal/admin-fixture.ts:8:35)
        at /home/tbaltzakis/cloudless.gr/e2e/admin-api-sweep.spec.ts:207:23

    Error Context: test-results/admin-api-sweep-Admin-API--599a2-pi-admin-campaigns-linkedin-mobile-chrome/error-context.md

    Retry #1 ───────────────────────────────────────────────────────────────────────────────────────

    Error: apiRequestContext.get: connect ECONNREFUSED ::1:4000
    Call log:
      - → GET http://localhost:4000/api/admin/campaigns/linkedin
        - user-agent: Mozilla/5.0 (Linux; Android 14; Pixel 7) AppleWebKit/537.36 (KHTML, like Gecko) Chrome/151.0.7922.34 Mobile Safari/537.36
        - accept: */*
        - accept-encoding: gzip,deflate,br
        - authorization: Bearer e2e-admin-token-do-not-use-in-prod

        at apiRequestContext.get: connect ECONNREFUSED ::1:4000
        at Object.get (/home/tbaltzakis/cloudless.gr/e2e/_internal/admin-fixture.ts:8:35)
        at /home/tbaltzakis/cloudless.gr/e2e/admin-api-sweep.spec.ts:207:23

    Error Context: test-results/admin-api-sweep-Admin-API--599a2-pi-admin-campaigns-linkedin-mobile-chrome-retry1/error-context.md

    attachment #2: trace (application/zip) ─────────────────────────────────────────────────────────
    test-results/admin-api-sweep-Admin-API--599a2-pi-admin-campaigns-linkedin-mobile-chrome-retry1/trace.zip
    Usage:

        npx playwright show-trace test-results/admin-api-sweep-Admin-API--599a2-pi-admin-campaigns-linkedin-mobile-chrome-retry1/trace.zip

    ────────────────────────────────────────────────────────────────────────────────────────────────

  693) [mobile-chrome] › e2e/admin-api-sweep.spec.ts:213:7 › Admin API route sweep (authenticated) › GET /api/admin/campaigns/linkedin/insights 

    Error: apiRequestContext.get: connect ECONNREFUSED ::1:4000
    Call log:
      - → GET http://localhost:4000/api/admin/campaigns/linkedin/insights
        - user-agent: Mozilla/5.0 (Linux; Android 14; Pixel 7) AppleWebKit/537.36 (KHTML, like Gecko) Chrome/151.0.7922.34 Mobile Safari/537.36
        - accept: */*
        - accept-encoding: gzip,deflate,br
        - authorization: Bearer e2e-admin-token-do-not-use-in-prod

        at apiRequestContext.get: connect ECONNREFUSED ::1:4000
        at Object.get (/home/tbaltzakis/cloudless.gr/e2e/_internal/admin-fixture.ts:8:35)
        at /home/tbaltzakis/cloudless.gr/e2e/admin-api-sweep.spec.ts:215:23

    Error Context: test-results/admin-api-sweep-Admin-API--28511-campaigns-linkedin-insights-mobile-chrome/error-context.md

    Retry #1 ───────────────────────────────────────────────────────────────────────────────────────

    Error: apiRequestContext.get: connect ECONNREFUSED ::1:4000
    Call log:
      - → GET http://localhost:4000/api/admin/campaigns/linkedin/insights
        - user-agent: Mozilla/5.0 (Linux; Android 14; Pixel 7) AppleWebKit/537.36 (KHTML, like Gecko) Chrome/151.0.7922.34 Mobile Safari/537.36
        - accept: */*
        - accept-encoding: gzip,deflate,br
        - authorization: Bearer e2e-admin-token-do-not-use-in-prod

        at apiRequestContext.get: connect ECONNREFUSED ::1:4000
        at Object.get (/home/tbaltzakis/cloudless.gr/e2e/_internal/admin-fixture.ts:8:35)
        at /home/tbaltzakis/cloudless.gr/e2e/admin-api-sweep.spec.ts:215:23

    Error Context: test-results/admin-api-sweep-Admin-API--28511-campaigns-linkedin-insights-mobile-chrome-retry1/error-context.md

    attachment #2: trace (application/zip) ─────────────────────────────────────────────────────────
    test-results/admin-api-sweep-Admin-API--28511-campaigns-linkedin-insights-mobile-chrome-retry1/trace.zip
    Usage:

        npx playwright show-trace test-results/admin-api-sweep-Admin-API--28511-campaigns-linkedin-insights-mobile-chrome-retry1/trace.zip

    ────────────────────────────────────────────────────────────────────────────────────────────────

  694) [mobile-chrome] › e2e/admin-api-sweep.spec.ts:221:7 › Admin API route sweep (authenticated) › GET /api/admin/campaigns/tiktok 

    Error: apiRequestContext.get: connect ECONNREFUSED ::1:4000
    Call log:
      - → GET http://localhost:4000/api/admin/campaigns/tiktok
        - user-agent: Mozilla/5.0 (Linux; Android 14; Pixel 7) AppleWebKit/537.36 (KHTML, like Gecko) Chrome/151.0.7922.34 Mobile Safari/537.36
        - accept: */*
        - accept-encoding: gzip,deflate,br
        - authorization: Bearer e2e-admin-token-do-not-use-in-prod

        at apiRequestContext.get: connect ECONNREFUSED ::1:4000
        at Object.get (/home/tbaltzakis/cloudless.gr/e2e/_internal/admin-fixture.ts:8:35)
        at /home/tbaltzakis/cloudless.gr/e2e/admin-api-sweep.spec.ts:223:23

    Error Context: test-results/admin-api-sweep-Admin-API--f1a10--api-admin-campaigns-tiktok-mobile-chrome/error-context.md

    Retry #1 ───────────────────────────────────────────────────────────────────────────────────────

    Error: apiRequestContext.get: connect ECONNREFUSED ::1:4000
    Call log:
      - → GET http://localhost:4000/api/admin/campaigns/tiktok
        - user-agent: Mozilla/5.0 (Linux; Android 14; Pixel 7) AppleWebKit/537.36 (KHTML, like Gecko) Chrome/151.0.7922.34 Mobile Safari/537.36
        - accept: */*
        - accept-encoding: gzip,deflate,br
        - authorization: Bearer e2e-admin-token-do-not-use-in-prod

        at apiRequestContext.get: connect ECONNREFUSED ::1:4000
        at Object.get (/home/tbaltzakis/cloudless.gr/e2e/_internal/admin-fixture.ts:8:35)
        at /home/tbaltzakis/cloudless.gr/e2e/admin-api-sweep.spec.ts:223:23

    Error Context: test-results/admin-api-sweep-Admin-API--f1a10--api-admin-campaigns-tiktok-mobile-chrome-retry1/error-context.md

    attachment #2: trace (application/zip) ─────────────────────────────────────────────────────────
    test-results/admin-api-sweep-Admin-API--f1a10--api-admin-campaigns-tiktok-mobile-chrome-retry1/trace.zip
    Usage:

        npx playwright show-trace test-results/admin-api-sweep-Admin-API--f1a10--api-admin-campaigns-tiktok-mobile-chrome-retry1/trace.zip

    ────────────────────────────────────────────────────────────────────────────────────────────────

  695) [mobile-chrome] › e2e/admin-api-sweep.spec.ts:229:7 › Admin API route sweep (authenticated) › GET /api/admin/campaigns/tiktok/insights 

    Error: apiRequestContext.get: connect ECONNREFUSED ::1:4000
    Call log:
      - → GET http://localhost:4000/api/admin/campaigns/tiktok/insights
        - user-agent: Mozilla/5.0 (Linux; Android 14; Pixel 7) AppleWebKit/537.36 (KHTML, like Gecko) Chrome/151.0.7922.34 Mobile Safari/537.36
        - accept: */*
        - accept-encoding: gzip,deflate,br
        - authorization: Bearer e2e-admin-token-do-not-use-in-prod

        at apiRequestContext.get: connect ECONNREFUSED ::1:4000
        at Object.get (/home/tbaltzakis/cloudless.gr/e2e/_internal/admin-fixture.ts:8:35)
        at /home/tbaltzakis/cloudless.gr/e2e/admin-api-sweep.spec.ts:231:23

    Error Context: test-results/admin-api-sweep-Admin-API--b7e65-n-campaigns-tiktok-insights-mobile-chrome/error-context.md

    Retry #1 ───────────────────────────────────────────────────────────────────────────────────────

    Error: apiRequestContext.get: connect ECONNREFUSED ::1:4000
    Call log:
      - → GET http://localhost:4000/api/admin/campaigns/tiktok/insights
        - user-agent: Mozilla/5.0 (Linux; Android 14; Pixel 7) AppleWebKit/537.36 (KHTML, like Gecko) Chrome/151.0.7922.34 Mobile Safari/537.36
        - accept: */*
        - accept-encoding: gzip,deflate,br
        - authorization: Bearer e2e-admin-token-do-not-use-in-prod

        at apiRequestContext.get: connect ECONNREFUSED ::1:4000
        at Object.get (/home/tbaltzakis/cloudless.gr/e2e/_internal/admin-fixture.ts:8:35)
        at /home/tbaltzakis/cloudless.gr/e2e/admin-api-sweep.spec.ts:231:23

    Error Context: test-results/admin-api-sweep-Admin-API--b7e65-n-campaigns-tiktok-insights-mobile-chrome-retry1/error-context.md

    attachment #2: trace (application/zip) ─────────────────────────────────────────────────────────
    test-results/admin-api-sweep-Admin-API--b7e65-n-campaigns-tiktok-insights-mobile-chrome-retry1/trace.zip
    Usage:

        npx playwright show-trace test-results/admin-api-sweep-Admin-API--b7e65-n-campaigns-tiktok-insights-mobile-chrome-retry1/trace.zip

    ────────────────────────────────────────────────────────────────────────────────────────────────

  696) [mobile-chrome] › e2e/admin-api-sweep.spec.ts:237:7 › Admin API route sweep (authenticated) › GET /api/admin/campaigns/x 

    Error: apiRequestContext.get: connect ECONNREFUSED ::1:4000
    Call log:
      - → GET http://localhost:4000/api/admin/campaigns/x
        - user-agent: Mozilla/5.0 (Linux; Android 14; Pixel 7) AppleWebKit/537.36 (KHTML, like Gecko) Chrome/151.0.7922.34 Mobile Safari/537.36
        - accept: */*
        - accept-encoding: gzip,deflate,br
        - authorization: Bearer e2e-admin-token-do-not-use-in-prod

        at apiRequestContext.get: connect ECONNREFUSED ::1:4000
        at Object.get (/home/tbaltzakis/cloudless.gr/e2e/_internal/admin-fixture.ts:8:35)
        at /home/tbaltzakis/cloudless.gr/e2e/admin-api-sweep.spec.ts:239:23

    Error Context: test-results/admin-api-sweep-Admin-API--c247b-d-GET-api-admin-campaigns-x-mobile-chrome/error-context.md

    Retry #1 ───────────────────────────────────────────────────────────────────────────────────────

    Error: apiRequestContext.get: connect ECONNREFUSED ::1:4000
    Call log:
      - → GET http://localhost:4000/api/admin/campaigns/x
        - user-agent: Mozilla/5.0 (Linux; Android 14; Pixel 7) AppleWebKit/537.36 (KHTML, like Gecko) Chrome/151.0.7922.34 Mobile Safari/537.36
        - accept: */*
        - accept-encoding: gzip,deflate,br
        - authorization: Bearer e2e-admin-token-do-not-use-in-prod

        at apiRequestContext.get: connect ECONNREFUSED ::1:4000
        at Object.get (/home/tbaltzakis/cloudless.gr/e2e/_internal/admin-fixture.ts:8:35)
        at /home/tbaltzakis/cloudless.gr/e2e/admin-api-sweep.spec.ts:239:23

    Error Context: test-results/admin-api-sweep-Admin-API--c247b-d-GET-api-admin-campaigns-x-mobile-chrome-retry1/error-context.md

    attachment #2: trace (application/zip) ─────────────────────────────────────────────────────────
    test-results/admin-api-sweep-Admin-API--c247b-d-GET-api-admin-campaigns-x-mobile-chrome-retry1/trace.zip
    Usage:

        npx playwright show-trace test-results/admin-api-sweep-Admin-API--c247b-d-GET-api-admin-campaigns-x-mobile-chrome-retry1/trace.zip

    ────────────────────────────────────────────────────────────────────────────────────────────────

  697) [mobile-chrome] › e2e/admin-api-sweep.spec.ts:245:7 › Admin API route sweep (authenticated) › GET /api/admin/campaigns/x/insights 

    Error: apiRequestContext.get: connect ECONNREFUSED ::1:4000
    Call log:
      - → GET http://localhost:4000/api/admin/campaigns/x/insights
        - user-agent: Mozilla/5.0 (Linux; Android 14; Pixel 7) AppleWebKit/537.36 (KHTML, like Gecko) Chrome/151.0.7922.34 Mobile Safari/537.36
        - accept: */*
        - accept-encoding: gzip,deflate,br
        - authorization: Bearer e2e-admin-token-do-not-use-in-prod

        at apiRequestContext.get: connect ECONNREFUSED ::1:4000
        at Object.get (/home/tbaltzakis/cloudless.gr/e2e/_internal/admin-fixture.ts:8:35)
        at /home/tbaltzakis/cloudless.gr/e2e/admin-api-sweep.spec.ts:247:23

    Error Context: test-results/admin-api-sweep-Admin-API--a90b9--admin-campaigns-x-insights-mobile-chrome/error-context.md

    Retry #1 ───────────────────────────────────────────────────────────────────────────────────────

    Error: apiRequestContext.get: connect ECONNREFUSED ::1:4000
    Call log:
      - → GET http://localhost:4000/api/admin/campaigns/x/insights
        - user-agent: Mozilla/5.0 (Linux; Android 14; Pixel 7) AppleWebKit/537.36 (KHTML, like Gecko) Chrome/151.0.7922.34 Mobile Safari/537.36
        - accept: */*
        - accept-encoding: gzip,deflate,br
        - authorization: Bearer e2e-admin-token-do-not-use-in-prod

        at apiRequestContext.get: connect ECONNREFUSED ::1:4000
        at Object.get (/home/tbaltzakis/cloudless.gr/e2e/_internal/admin-fixture.ts:8:35)
        at /home/tbaltzakis/cloudless.gr/e2e/admin-api-sweep.spec.ts:247:23

    Error Context: test-results/admin-api-sweep-Admin-API--a90b9--admin-campaigns-x-insights-mobile-chrome-retry1/error-context.md

    attachment #2: trace (application/zip) ─────────────────────────────────────────────────────────
    test-results/admin-api-sweep-Admin-API--a90b9--admin-campaigns-x-insights-mobile-chrome-retry1/trace.zip
    Usage:

        npx playwright show-trace test-results/admin-api-sweep-Admin-API--a90b9--admin-campaigns-x-insights-mobile-chrome-retry1/trace.zip

    ────────────────────────────────────────────────────────────────────────────────────────────────

  698) [mobile-chrome] › e2e/admin-api-sweep.spec.ts:253:7 › Admin API route sweep (authenticated) › GET /api/admin/client-portals 

    Error: apiRequestContext.get: connect ECONNREFUSED ::1:4000
    Call log:
      - → GET http://localhost:4000/api/admin/client-portals
        - user-agent: Mozilla/5.0 (Linux; Android 14; Pixel 7) AppleWebKit/537.36 (KHTML, like Gecko) Chrome/151.0.7922.34 Mobile Safari/537.36
        - accept: */*
        - accept-encoding: gzip,deflate,br
        - authorization: Bearer e2e-admin-token-do-not-use-in-prod

        at apiRequestContext.get: connect ECONNREFUSED ::1:4000
        at Object.get (/home/tbaltzakis/cloudless.gr/e2e/_internal/admin-fixture.ts:8:35)
        at /home/tbaltzakis/cloudless.gr/e2e/admin-api-sweep.spec.ts:255:23

    Error Context: test-results/admin-api-sweep-Admin-API--38ce2-ET-api-admin-client-portals-mobile-chrome/error-context.md

    Retry #1 ───────────────────────────────────────────────────────────────────────────────────────

    Error: apiRequestContext.get: connect ECONNREFUSED ::1:4000
    Call log:
      - → GET http://localhost:4000/api/admin/client-portals
        - user-agent: Mozilla/5.0 (Linux; Android 14; Pixel 7) AppleWebKit/537.36 (KHTML, like Gecko) Chrome/151.0.7922.34 Mobile Safari/537.36
        - accept: */*
        - accept-encoding: gzip,deflate,br
        - authorization: Bearer e2e-admin-token-do-not-use-in-prod

        at apiRequestContext.get: connect ECONNREFUSED ::1:4000
        at Object.get (/home/tbaltzakis/cloudless.gr/e2e/_internal/admin-fixture.ts:8:35)
        at /home/tbaltzakis/cloudless.gr/e2e/admin-api-sweep.spec.ts:255:23

    Error Context: test-results/admin-api-sweep-Admin-API--38ce2-ET-api-admin-client-portals-mobile-chrome-retry1/error-context.md

    attachment #2: trace (application/zip) ─────────────────────────────────────────────────────────
    test-results/admin-api-sweep-Admin-API--38ce2-ET-api-admin-client-portals-mobile-chrome-retry1/trace.zip
    Usage:

        npx playwright show-trace test-results/admin-api-sweep-Admin-API--38ce2-ET-api-admin-client-portals-mobile-chrome-retry1/trace.zip

    ────────────────────────────────────────────────────────────────────────────────────────────────

  699) [mobile-chrome] › e2e/admin-api-sweep.spec.ts:261:7 › Admin API route sweep (authenticated) › GET /api/admin/crm/companies 

    Error: apiRequestContext.get: connect ECONNREFUSED ::1:4000
    Call log:
      - → GET http://localhost:4000/api/admin/crm/companies
        - user-agent: Mozilla/5.0 (Linux; Android 14; Pixel 7) AppleWebKit/537.36 (KHTML, like Gecko) Chrome/151.0.7922.34 Mobile Safari/537.36
        - accept: */*
        - accept-encoding: gzip,deflate,br
        - authorization: Bearer e2e-admin-token-do-not-use-in-prod

        at apiRequestContext.get: connect ECONNREFUSED ::1:4000
        at Object.get (/home/tbaltzakis/cloudless.gr/e2e/_internal/admin-fixture.ts:8:35)
        at /home/tbaltzakis/cloudless.gr/e2e/admin-api-sweep.spec.ts:263:23

    Error Context: test-results/admin-api-sweep-Admin-API--9f342-GET-api-admin-crm-companies-mobile-chrome/error-context.md

    Retry #1 ───────────────────────────────────────────────────────────────────────────────────────

    Error: apiRequestContext.get: connect ECONNREFUSED ::1:4000
    Call log:
      - → GET http://localhost:4000/api/admin/crm/companies
        - user-agent: Mozilla/5.0 (Linux; Android 14; Pixel 7) AppleWebKit/537.36 (KHTML, like Gecko) Chrome/151.0.7922.34 Mobile Safari/537.36
        - accept: */*
        - accept-encoding: gzip,deflate,br
        - authorization: Bearer e2e-admin-token-do-not-use-in-prod

        at apiRequestContext.get: connect ECONNREFUSED ::1:4000
        at Object.get (/home/tbaltzakis/cloudless.gr/e2e/_internal/admin-fixture.ts:8:35)
        at /home/tbaltzakis/cloudless.gr/e2e/admin-api-sweep.spec.ts:263:23

    Error Context: test-results/admin-api-sweep-Admin-API--9f342-GET-api-admin-crm-companies-mobile-chrome-retry1/error-context.md

    attachment #2: trace (application/zip) ─────────────────────────────────────────────────────────
    test-results/admin-api-sweep-Admin-API--9f342-GET-api-admin-crm-companies-mobile-chrome-retry1/trace.zip
    Usage:

        npx playwright show-trace test-results/admin-api-sweep-Admin-API--9f342-GET-api-admin-crm-companies-mobile-chrome-retry1/trace.zip

    ────────────────────────────────────────────────────────────────────────────────────────────────

  700) [mobile-chrome] › e2e/admin-api-sweep.spec.ts:269:7 › Admin API route sweep (authenticated) › GET /api/admin/crm/contacts 

    Error: apiRequestContext.get: connect ECONNREFUSED ::1:4000
    Call log:
      - → GET http://localhost:4000/api/admin/crm/contacts
        - user-agent: Mozilla/5.0 (Linux; Android 14; Pixel 7) AppleWebKit/537.36 (KHTML, like Gecko) Chrome/151.0.7922.34 Mobile Safari/537.36
        - accept: */*
        - accept-encoding: gzip,deflate,br
        - authorization: Bearer e2e-admin-token-do-not-use-in-prod

        at apiRequestContext.get: connect ECONNREFUSED ::1:4000
        at Object.get (/home/tbaltzakis/cloudless.gr/e2e/_internal/admin-fixture.ts:8:35)
        at /home/tbaltzakis/cloudless.gr/e2e/admin-api-sweep.spec.ts:271:23

    Error Context: test-results/admin-api-sweep-Admin-API--08d55--GET-api-admin-crm-contacts-mobile-chrome/error-context.md

    Retry #1 ───────────────────────────────────────────────────────────────────────────────────────

    Error: apiRequestContext.get: connect ECONNREFUSED ::1:4000
    Call log:
      - → GET http://localhost:4000/api/admin/crm/contacts
        - user-agent: Mozilla/5.0 (Linux; Android 14; Pixel 7) AppleWebKit/537.36 (KHTML, like Gecko) Chrome/151.0.7922.34 Mobile Safari/537.36
        - accept: */*
        - accept-encoding: gzip,deflate,br
        - authorization: Bearer e2e-admin-token-do-not-use-in-prod

        at apiRequestContext.get: connect ECONNREFUSED ::1:4000
        at Object.get (/home/tbaltzakis/cloudless.gr/e2e/_internal/admin-fixture.ts:8:35)
        at /home/tbaltzakis/cloudless.gr/e2e/admin-api-sweep.spec.ts:271:23

    Error Context: test-results/admin-api-sweep-Admin-API--08d55--GET-api-admin-crm-contacts-mobile-chrome-retry1/error-context.md

    attachment #2: trace (application/zip) ─────────────────────────────────────────────────────────
    test-results/admin-api-sweep-Admin-API--08d55--GET-api-admin-crm-contacts-mobile-chrome-retry1/trace.zip
    Usage:

        npx playwright show-trace test-results/admin-api-sweep-Admin-API--08d55--GET-api-admin-crm-contacts-mobile-chrome-retry1/trace.zip

    ────────────────────────────────────────────────────────────────────────────────────────────────

  701) [mobile-chrome] › e2e/admin-api-sweep.spec.ts:277:7 › Admin API route sweep (authenticated) › GET /api/admin/crm/deals 

    Error: apiRequestContext.get: connect ECONNREFUSED ::1:4000
    Call log:
      - → GET http://localhost:4000/api/admin/crm/deals
        - user-agent: Mozilla/5.0 (Linux; Android 14; Pixel 7) AppleWebKit/537.36 (KHTML, like Gecko) Chrome/151.0.7922.34 Mobile Safari/537.36
        - accept: */*
        - accept-encoding: gzip,deflate,br
        - authorization: Bearer e2e-admin-token-do-not-use-in-prod

        at apiRequestContext.get: connect ECONNREFUSED ::1:4000
        at Object.get (/home/tbaltzakis/cloudless.gr/e2e/_internal/admin-fixture.ts:8:35)
        at /home/tbaltzakis/cloudless.gr/e2e/admin-api-sweep.spec.ts:279:23

    Error Context: test-results/admin-api-sweep-Admin-API--333e2-ted-GET-api-admin-crm-deals-mobile-chrome/error-context.md

    Retry #1 ───────────────────────────────────────────────────────────────────────────────────────

    Error: apiRequestContext.get: connect ECONNREFUSED ::1:4000
    Call log:
      - → GET http://localhost:4000/api/admin/crm/deals
        - user-agent: Mozilla/5.0 (Linux; Android 14; Pixel 7) AppleWebKit/537.36 (KHTML, like Gecko) Chrome/151.0.7922.34 Mobile Safari/537.36
        - accept: */*
        - accept-encoding: gzip,deflate,br
        - authorization: Bearer e2e-admin-token-do-not-use-in-prod

        at apiRequestContext.get: connect ECONNREFUSED ::1:4000
        at Object.get (/home/tbaltzakis/cloudless.gr/e2e/_internal/admin-fixture.ts:8:35)
        at /home/tbaltzakis/cloudless.gr/e2e/admin-api-sweep.spec.ts:279:23

    Error Context: test-results/admin-api-sweep-Admin-API--333e2-ted-GET-api-admin-crm-deals-mobile-chrome-retry1/error-context.md

    attachment #2: trace (application/zip) ─────────────────────────────────────────────────────────
    test-results/admin-api-sweep-Admin-API--333e2-ted-GET-api-admin-crm-deals-mobile-chrome-retry1/trace.zip
    Usage:

        npx playwright show-trace test-results/admin-api-sweep-Admin-API--333e2-ted-GET-api-admin-crm-deals-mobile-chrome-retry1/trace.zip

    ────────────────────────────────────────────────────────────────────────────────────────────────

  702) [mobile-chrome] › e2e/admin-api-sweep.spec.ts:285:7 › Admin API route sweep (authenticated) › GET /api/admin/crm/owners 

    Error: apiRequestContext.get: connect ECONNREFUSED ::1:4000
    Call log:
      - → GET http://localhost:4000/api/admin/crm/owners
        - user-agent: Mozilla/5.0 (Linux; Android 14; Pixel 7) AppleWebKit/537.36 (KHTML, like Gecko) Chrome/151.0.7922.34 Mobile Safari/537.36
        - accept: */*
        - accept-encoding: gzip,deflate,br
        - authorization: Bearer e2e-admin-token-do-not-use-in-prod

        at apiRequestContext.get: connect ECONNREFUSED ::1:4000
        at Object.get (/home/tbaltzakis/cloudless.gr/e2e/_internal/admin-fixture.ts:8:35)
        at /home/tbaltzakis/cloudless.gr/e2e/admin-api-sweep.spec.ts:287:23

    Error Context: test-results/admin-api-sweep-Admin-API--7cb1f-ed-GET-api-admin-crm-owners-mobile-chrome/error-context.md

    Retry #1 ───────────────────────────────────────────────────────────────────────────────────────

    Error: apiRequestContext.get: connect ECONNREFUSED ::1:4000
    Call log:
      - → GET http://localhost:4000/api/admin/crm/owners
        - user-agent: Mozilla/5.0 (Linux; Android 14; Pixel 7) AppleWebKit/537.36 (KHTML, like Gecko) Chrome/151.0.7922.34 Mobile Safari/537.36
        - accept: */*
        - accept-encoding: gzip,deflate,br
        - authorization: Bearer e2e-admin-token-do-not-use-in-prod

        at apiRequestContext.get: connect ECONNREFUSED ::1:4000
        at Object.get (/home/tbaltzakis/cloudless.gr/e2e/_internal/admin-fixture.ts:8:35)
        at /home/tbaltzakis/cloudless.gr/e2e/admin-api-sweep.spec.ts:287:23

    Error Context: test-results/admin-api-sweep-Admin-API--7cb1f-ed-GET-api-admin-crm-owners-mobile-chrome-retry1/error-context.md

    attachment #2: trace (application/zip) ─────────────────────────────────────────────────────────
    test-results/admin-api-sweep-Admin-API--7cb1f-ed-GET-api-admin-crm-owners-mobile-chrome-retry1/trace.zip
    Usage:

        npx playwright show-trace test-results/admin-api-sweep-Admin-API--7cb1f-ed-GET-api-admin-crm-owners-mobile-chrome-retry1/trace.zip

    ────────────────────────────────────────────────────────────────────────────────────────────────

  703) [mobile-chrome] › e2e/admin-api-sweep.spec.ts:293:7 › Admin API route sweep (authenticated) › GET /api/admin/crm/pipelines 

    Error: apiRequestContext.get: connect ECONNREFUSED ::1:4000
    Call log:
      - → GET http://localhost:4000/api/admin/crm/pipelines
        - user-agent: Mozilla/5.0 (Linux; Android 14; Pixel 7) AppleWebKit/537.36 (KHTML, like Gecko) Chrome/151.0.7922.34 Mobile Safari/537.36
        - accept: */*
        - accept-encoding: gzip,deflate,br
        - authorization: Bearer e2e-admin-token-do-not-use-in-prod

        at apiRequestContext.get: connect ECONNREFUSED ::1:4000
        at Object.get (/home/tbaltzakis/cloudless.gr/e2e/_internal/admin-fixture.ts:8:35)
        at /home/tbaltzakis/cloudless.gr/e2e/admin-api-sweep.spec.ts:295:23

    Error Context: test-results/admin-api-sweep-Admin-API--727c0-GET-api-admin-crm-pipelines-mobile-chrome/error-context.md

    Retry #1 ───────────────────────────────────────────────────────────────────────────────────────

    Error: apiRequestContext.get: connect ECONNREFUSED ::1:4000
    Call log:
      - → GET http://localhost:4000/api/admin/crm/pipelines
        - user-agent: Mozilla/5.0 (Linux; Android 14; Pixel 7) AppleWebKit/537.36 (KHTML, like Gecko) Chrome/151.0.7922.34 Mobile Safari/537.36
        - accept: */*
        - accept-encoding: gzip,deflate,br
        - authorization: Bearer e2e-admin-token-do-not-use-in-prod

        at apiRequestContext.get: connect ECONNREFUSED ::1:4000
        at Object.get (/home/tbaltzakis/cloudless.gr/e2e/_internal/admin-fixture.ts:8:35)
        at /home/tbaltzakis/cloudless.gr/e2e/admin-api-sweep.spec.ts:295:23

    Error Context: test-results/admin-api-sweep-Admin-API--727c0-GET-api-admin-crm-pipelines-mobile-chrome-retry1/error-context.md

    attachment #2: trace (application/zip) ─────────────────────────────────────────────────────────
    test-results/admin-api-sweep-Admin-API--727c0-GET-api-admin-crm-pipelines-mobile-chrome-retry1/trace.zip
    Usage:

        npx playwright show-trace test-results/admin-api-sweep-Admin-API--727c0-GET-api-admin-crm-pipelines-mobile-chrome-retry1/trace.zip

    ────────────────────────────────────────────────────────────────────────────────────────────────

  704) [mobile-chrome] › e2e/admin-api-sweep.spec.ts:301:7 › Admin API route sweep (authenticated) › GET /api/admin/crm/tickets 

    Error: apiRequestContext.get: connect ECONNREFUSED ::1:4000
    Call log:
      - → GET http://localhost:4000/api/admin/crm/tickets
        - user-agent: Mozilla/5.0 (Linux; Android 14; Pixel 7) AppleWebKit/537.36 (KHTML, like Gecko) Chrome/151.0.7922.34 Mobile Safari/537.36
        - accept: */*
        - accept-encoding: gzip,deflate,br
        - authorization: Bearer e2e-admin-token-do-not-use-in-prod

        at apiRequestContext.get: connect ECONNREFUSED ::1:4000
        at Object.get (/home/tbaltzakis/cloudless.gr/e2e/_internal/admin-fixture.ts:8:35)
        at /home/tbaltzakis/cloudless.gr/e2e/admin-api-sweep.spec.ts:303:23

    Error Context: test-results/admin-api-sweep-Admin-API--5b1e6-d-GET-api-admin-crm-tickets-mobile-chrome/error-context.md

    Retry #1 ───────────────────────────────────────────────────────────────────────────────────────

    Error: apiRequestContext.get: connect ECONNREFUSED ::1:4000
    Call log:
      - → GET http://localhost:4000/api/admin/crm/tickets
        - user-agent: Mozilla/5.0 (Linux; Android 14; Pixel 7) AppleWebKit/537.36 (KHTML, like Gecko) Chrome/151.0.7922.34 Mobile Safari/537.36
        - accept: */*
        - accept-encoding: gzip,deflate,br
        - authorization: Bearer e2e-admin-token-do-not-use-in-prod

        at apiRequestContext.get: connect ECONNREFUSED ::1:4000
        at Object.get (/home/tbaltzakis/cloudless.gr/e2e/_internal/admin-fixture.ts:8:35)
        at /home/tbaltzakis/cloudless.gr/e2e/admin-api-sweep.spec.ts:303:23

    Error Context: test-results/admin-api-sweep-Admin-API--5b1e6-d-GET-api-admin-crm-tickets-mobile-chrome-retry1/error-context.md

    attachment #2: trace (application/zip) ─────────────────────────────────────────────────────────
    test-results/admin-api-sweep-Admin-API--5b1e6-d-GET-api-admin-crm-tickets-mobile-chrome-retry1/trace.zip
    Usage:

        npx playwright show-trace test-results/admin-api-sweep-Admin-API--5b1e6-d-GET-api-admin-crm-tickets-mobile-chrome-retry1/trace.zip

    ────────────────────────────────────────────────────────────────────────────────────────────────

  705) [mobile-chrome] › e2e/admin-api-sweep.spec.ts:309:7 › Admin API route sweep (authenticated) › GET /api/admin/email/automations 

    Error: apiRequestContext.get: connect ECONNREFUSED ::1:4000
    Call log:
      - → GET http://localhost:4000/api/admin/email/automations
        - user-agent: Mozilla/5.0 (Linux; Android 14; Pixel 7) AppleWebKit/537.36 (KHTML, like Gecko) Chrome/151.0.7922.34 Mobile Safari/537.36
        - accept: */*
        - accept-encoding: gzip,deflate,br
        - authorization: Bearer e2e-admin-token-do-not-use-in-prod

        at apiRequestContext.get: connect ECONNREFUSED ::1:4000
        at Object.get (/home/tbaltzakis/cloudless.gr/e2e/_internal/admin-fixture.ts:8:35)
        at /home/tbaltzakis/cloudless.gr/e2e/admin-api-sweep.spec.ts:311:23

    Error Context: test-results/admin-api-sweep-Admin-API--74c91-api-admin-email-automations-mobile-chrome/error-context.md

    Retry #1 ───────────────────────────────────────────────────────────────────────────────────────

    Error: apiRequestContext.get: connect ECONNREFUSED ::1:4000
    Call log:
      - → GET http://localhost:4000/api/admin/email/automations
        - user-agent: Mozilla/5.0 (Linux; Android 14; Pixel 7) AppleWebKit/537.36 (KHTML, like Gecko) Chrome/151.0.7922.34 Mobile Safari/537.36
        - accept: */*
        - accept-encoding: gzip,deflate,br
        - authorization: Bearer e2e-admin-token-do-not-use-in-prod

        at apiRequestContext.get: connect ECONNREFUSED ::1:4000
        at Object.get (/home/tbaltzakis/cloudless.gr/e2e/_internal/admin-fixture.ts:8:35)
        at /home/tbaltzakis/cloudless.gr/e2e/admin-api-sweep.spec.ts:311:23

    Error Context: test-results/admin-api-sweep-Admin-API--74c91-api-admin-email-automations-mobile-chrome-retry1/error-context.md

    attachment #2: trace (application/zip) ─────────────────────────────────────────────────────────
    test-results/admin-api-sweep-Admin-API--74c91-api-admin-email-automations-mobile-chrome-retry1/trace.zip
    Usage:

        npx playwright show-trace test-results/admin-api-sweep-Admin-API--74c91-api-admin-email-automations-mobile-chrome-retry1/trace.zip

    ────────────────────────────────────────────────────────────────────────────────────────────────

  706) [mobile-chrome] › e2e/admin-api-sweep.spec.ts:317:7 › Admin API route sweep (authenticated) › GET /api/admin/email/campaigns 

    Error: apiRequestContext.get: connect ECONNREFUSED ::1:4000
    Call log:
      - → GET http://localhost:4000/api/admin/email/campaigns
        - user-agent: Mozilla/5.0 (Linux; Android 14; Pixel 7) AppleWebKit/537.36 (KHTML, like Gecko) Chrome/151.0.7922.34 Mobile Safari/537.36
        - accept: */*
        - accept-encoding: gzip,deflate,br
        - authorization: Bearer e2e-admin-token-do-not-use-in-prod

        at apiRequestContext.get: connect ECONNREFUSED ::1:4000
        at Object.get (/home/tbaltzakis/cloudless.gr/e2e/_internal/admin-fixture.ts:8:35)
        at /home/tbaltzakis/cloudless.gr/e2e/admin-api-sweep.spec.ts:319:23

    Error Context: test-results/admin-api-sweep-Admin-API--f9dee-T-api-admin-email-campaigns-mobile-chrome/error-context.md

    Retry #1 ───────────────────────────────────────────────────────────────────────────────────────

    Error: apiRequestContext.get: connect ECONNREFUSED ::1:4000
    Call log:
      - → GET http://localhost:4000/api/admin/email/campaigns
        - user-agent: Mozilla/5.0 (Linux; Android 14; Pixel 7) AppleWebKit/537.36 (KHTML, like Gecko) Chrome/151.0.7922.34 Mobile Safari/537.36
        - accept: */*
        - accept-encoding: gzip,deflate,br
        - authorization: Bearer e2e-admin-token-do-not-use-in-prod

        at apiRequestContext.get: connect ECONNREFUSED ::1:4000
        at Object.get (/home/tbaltzakis/cloudless.gr/e2e/_internal/admin-fixture.ts:8:35)
        at /home/tbaltzakis/cloudless.gr/e2e/admin-api-sweep.spec.ts:319:23

    Error Context: test-results/admin-api-sweep-Admin-API--f9dee-T-api-admin-email-campaigns-mobile-chrome-retry1/error-context.md

    attachment #2: trace (application/zip) ─────────────────────────────────────────────────────────
    test-results/admin-api-sweep-Admin-API--f9dee-T-api-admin-email-campaigns-mobile-chrome-retry1/trace.zip
    Usage:

        npx playwright show-trace test-results/admin-api-sweep-Admin-API--f9dee-T-api-admin-email-campaigns-mobile-chrome-retry1/trace.zip

    ────────────────────────────────────────────────────────────────────────────────────────────────

  707) [mobile-chrome] › e2e/admin-api-sweep.spec.ts:325:7 › Admin API route sweep (authenticated) › GET /api/admin/email/contacts 

    Error: apiRequestContext.get: connect ECONNREFUSED ::1:4000
    Call log:
      - → GET http://localhost:4000/api/admin/email/contacts
        - user-agent: Mozilla/5.0 (Linux; Android 14; Pixel 7) AppleWebKit/537.36 (KHTML, like Gecko) Chrome/151.0.7922.34 Mobile Safari/537.36
        - accept: */*
        - accept-encoding: gzip,deflate,br
        - authorization: Bearer e2e-admin-token-do-not-use-in-prod

        at apiRequestContext.get: connect ECONNREFUSED ::1:4000
        at Object.get (/home/tbaltzakis/cloudless.gr/e2e/_internal/admin-fixture.ts:8:35)
        at /home/tbaltzakis/cloudless.gr/e2e/admin-api-sweep.spec.ts:327:23

    Error Context: test-results/admin-api-sweep-Admin-API--3ecaf-ET-api-admin-email-contacts-mobile-chrome/error-context.md

    Retry #1 ───────────────────────────────────────────────────────────────────────────────────────

    Error: apiRequestContext.get: connect ECONNREFUSED ::1:4000
    Call log:
      - → GET http://localhost:4000/api/admin/email/contacts
        - user-agent: Mozilla/5.0 (Linux; Android 14; Pixel 7) AppleWebKit/537.36 (KHTML, like Gecko) Chrome/151.0.7922.34 Mobile Safari/537.36
        - accept: */*
        - accept-encoding: gzip,deflate,br
        - authorization: Bearer e2e-admin-token-do-not-use-in-prod

        at apiRequestContext.get: connect ECONNREFUSED ::1:4000
        at Object.get (/home/tbaltzakis/cloudless.gr/e2e/_internal/admin-fixture.ts:8:35)
        at /home/tbaltzakis/cloudless.gr/e2e/admin-api-sweep.spec.ts:327:23

    Error Context: test-results/admin-api-sweep-Admin-API--3ecaf-ET-api-admin-email-contacts-mobile-chrome-retry1/error-context.md

    attachment #2: trace (application/zip) ─────────────────────────────────────────────────────────
    test-results/admin-api-sweep-Admin-API--3ecaf-ET-api-admin-email-contacts-mobile-chrome-retry1/trace.zip
    Usage:

        npx playwright show-trace test-results/admin-api-sweep-Admin-API--3ecaf-ET-api-admin-email-contacts-mobile-chrome-retry1/trace.zip

    ────────────────────────────────────────────────────────────────────────────────────────────────

  708) [mobile-chrome] › e2e/admin-api-sweep.spec.ts:333:7 › Admin API route sweep (authenticated) › GET /api/admin/email/lists 

    Error: apiRequestContext.get: connect ECONNREFUSED ::1:4000
    Call log:
      - → GET http://localhost:4000/api/admin/email/lists
        - user-agent: Mozilla/5.0 (Linux; Android 14; Pixel 7) AppleWebKit/537.36 (KHTML, like Gecko) Chrome/151.0.7922.34 Mobile Safari/537.36
        - accept: */*
        - accept-encoding: gzip,deflate,br
        - authorization: Bearer e2e-admin-token-do-not-use-in-prod

        at apiRequestContext.get: connect ECONNREFUSED ::1:4000
        at Object.get (/home/tbaltzakis/cloudless.gr/e2e/_internal/admin-fixture.ts:8:35)
        at /home/tbaltzakis/cloudless.gr/e2e/admin-api-sweep.spec.ts:335:23

    Error Context: test-results/admin-api-sweep-Admin-API--8c942-d-GET-api-admin-email-lists-mobile-chrome/error-context.md

    Retry #1 ───────────────────────────────────────────────────────────────────────────────────────

    Error: apiRequestContext.get: connect ECONNREFUSED ::1:4000
    Call log:
      - → GET http://localhost:4000/api/admin/email/lists
        - user-agent: Mozilla/5.0 (Linux; Android 14; Pixel 7) AppleWebKit/537.36 (KHTML, like Gecko) Chrome/151.0.7922.34 Mobile Safari/537.36
        - accept: */*
        - accept-encoding: gzip,deflate,br
        - authorization: Bearer e2e-admin-token-do-not-use-in-prod

        at apiRequestContext.get: connect ECONNREFUSED ::1:4000
        at Object.get (/home/tbaltzakis/cloudless.gr/e2e/_internal/admin-fixture.ts:8:35)
        at /home/tbaltzakis/cloudless.gr/e2e/admin-api-sweep.spec.ts:335:23

    Error Context: test-results/admin-api-sweep-Admin-API--8c942-d-GET-api-admin-email-lists-mobile-chrome-retry1/error-context.md

    attachment #2: trace (application/zip) ─────────────────────────────────────────────────────────
    test-results/admin-api-sweep-Admin-API--8c942-d-GET-api-admin-email-lists-mobile-chrome-retry1/trace.zip
    Usage:

        npx playwright show-trace test-results/admin-api-sweep-Admin-API--8c942-d-GET-api-admin-email-lists-mobile-chrome-retry1/trace.zip

    ────────────────────────────────────────────────────────────────────────────────────────────────

  709) [mobile-chrome] › e2e/admin-api-sweep.spec.ts:341:7 › Admin API route sweep (authenticated) › GET /api/admin/email/stats 

    Error: apiRequestContext.get: connect ECONNREFUSED ::1:4000
    Call log:
      - → GET http://localhost:4000/api/admin/email/stats
        - user-agent: Mozilla/5.0 (Linux; Android 14; Pixel 7) AppleWebKit/537.36 (KHTML, like Gecko) Chrome/151.0.7922.34 Mobile Safari/537.36
        - accept: */*
        - accept-encoding: gzip,deflate,br
        - authorization: Bearer e2e-admin-token-do-not-use-in-prod

        at apiRequestContext.get: connect ECONNREFUSED ::1:4000
        at Object.get (/home/tbaltzakis/cloudless.gr/e2e/_internal/admin-fixture.ts:8:35)
        at /home/tbaltzakis/cloudless.gr/e2e/admin-api-sweep.spec.ts:343:23

    Error Context: test-results/admin-api-sweep-Admin-API--99da0-d-GET-api-admin-email-stats-mobile-chrome/error-context.md

    Retry #1 ───────────────────────────────────────────────────────────────────────────────────────

    Error: apiRequestContext.get: connect ECONNREFUSED ::1:4000
    Call log:
      - → GET http://localhost:4000/api/admin/email/stats
        - user-agent: Mozilla/5.0 (Linux; Android 14; Pixel 7) AppleWebKit/537.36 (KHTML, like Gecko) Chrome/151.0.7922.34 Mobile Safari/537.36
        - accept: */*
        - accept-encoding: gzip,deflate,br
        - authorization: Bearer e2e-admin-token-do-not-use-in-prod

        at apiRequestContext.get: connect ECONNREFUSED ::1:4000
        at Object.get (/home/tbaltzakis/cloudless.gr/e2e/_internal/admin-fixture.ts:8:35)
        at /home/tbaltzakis/cloudless.gr/e2e/admin-api-sweep.spec.ts:343:23

    Error Context: test-results/admin-api-sweep-Admin-API--99da0-d-GET-api-admin-email-stats-mobile-chrome-retry1/error-context.md

    attachment #2: trace (application/zip) ─────────────────────────────────────────────────────────
    test-results/admin-api-sweep-Admin-API--99da0-d-GET-api-admin-email-stats-mobile-chrome-retry1/trace.zip
    Usage:

        npx playwright show-trace test-results/admin-api-sweep-Admin-API--99da0-d-GET-api-admin-email-stats-mobile-chrome-retry1/trace.zip

    ────────────────────────────────────────────────────────────────────────────────────────────────

  710) [mobile-chrome] › e2e/admin-api-sweep.spec.ts:349:7 › Admin API route sweep (authenticated) › GET /api/admin/esp32 

    Error: apiRequestContext.get: connect ECONNREFUSED ::1:4000
    Call log:
      - → GET http://localhost:4000/api/admin/esp32
        - user-agent: Mozilla/5.0 (Linux; Android 14; Pixel 7) AppleWebKit/537.36 (KHTML, like Gecko) Chrome/151.0.7922.34 Mobile Safari/537.36
        - accept: */*
        - accept-encoding: gzip,deflate,br
        - authorization: Bearer e2e-admin-token-do-not-use-in-prod

        at apiRequestContext.get: connect ECONNREFUSED ::1:4000
        at Object.get (/home/tbaltzakis/cloudless.gr/e2e/_internal/admin-fixture.ts:8:35)
        at /home/tbaltzakis/cloudless.gr/e2e/admin-api-sweep.spec.ts:351:23

    Error Context: test-results/admin-api-sweep-Admin-API--c569f-ticated-GET-api-admin-esp32-mobile-chrome/error-context.md

    Retry #1 ───────────────────────────────────────────────────────────────────────────────────────

    Error: apiRequestContext.get: connect ECONNREFUSED ::1:4000
    Call log:
      - → GET http://localhost:4000/api/admin/esp32
        - user-agent: Mozilla/5.0 (Linux; Android 14; Pixel 7) AppleWebKit/537.36 (KHTML, like Gecko) Chrome/151.0.7922.34 Mobile Safari/537.36
        - accept: */*
        - accept-encoding: gzip,deflate,br
        - authorization: Bearer e2e-admin-token-do-not-use-in-prod

        at apiRequestContext.get: connect ECONNREFUSED ::1:4000
        at Object.get (/home/tbaltzakis/cloudless.gr/e2e/_internal/admin-fixture.ts:8:35)
        at /home/tbaltzakis/cloudless.gr/e2e/admin-api-sweep.spec.ts:351:23

    Error Context: test-results/admin-api-sweep-Admin-API--c569f-ticated-GET-api-admin-esp32-mobile-chrome-retry1/error-context.md

    attachment #2: trace (application/zip) ─────────────────────────────────────────────────────────
    test-results/admin-api-sweep-Admin-API--c569f-ticated-GET-api-admin-esp32-mobile-chrome-retry1/trace.zip
    Usage:

        npx playwright show-trace test-results/admin-api-sweep-Admin-API--c569f-ticated-GET-api-admin-esp32-mobile-chrome-retry1/trace.zip

    ────────────────────────────────────────────────────────────────────────────────────────────────

  711) [mobile-chrome] › e2e/admin-api-sweep.spec.ts:357:7 › Admin API route sweep (authenticated) › GET /api/admin/esp32/notion-sync 

    Error: apiRequestContext.get: connect ECONNREFUSED ::1:4000
    Call log:
      - → GET http://localhost:4000/api/admin/esp32/notion-sync
        - user-agent: Mozilla/5.0 (Linux; Android 14; Pixel 7) AppleWebKit/537.36 (KHTML, like Gecko) Chrome/151.0.7922.34 Mobile Safari/537.36
        - accept: */*
        - accept-encoding: gzip,deflate,br
        - authorization: Bearer e2e-admin-token-do-not-use-in-prod

        at apiRequestContext.get: connect ECONNREFUSED ::1:4000
        at Object.get (/home/tbaltzakis/cloudless.gr/e2e/_internal/admin-fixture.ts:8:35)
        at /home/tbaltzakis/cloudless.gr/e2e/admin-api-sweep.spec.ts:359:23

    Error Context: test-results/admin-api-sweep-Admin-API--44d0d-api-admin-esp32-notion-sync-mobile-chrome/error-context.md

    Retry #1 ───────────────────────────────────────────────────────────────────────────────────────

    Error: apiRequestContext.get: connect ECONNREFUSED ::1:4000
    Call log:
      - → GET http://localhost:4000/api/admin/esp32/notion-sync
        - user-agent: Mozilla/5.0 (Linux; Android 14; Pixel 7) AppleWebKit/537.36 (KHTML, like Gecko) Chrome/151.0.7922.34 Mobile Safari/537.36
        - accept: */*
        - accept-encoding: gzip,deflate,br
        - authorization: Bearer e2e-admin-token-do-not-use-in-prod

        at apiRequestContext.get: connect ECONNREFUSED ::1:4000
        at Object.get (/home/tbaltzakis/cloudless.gr/e2e/_internal/admin-fixture.ts:8:35)
        at /home/tbaltzakis/cloudless.gr/e2e/admin-api-sweep.spec.ts:359:23

    Error Context: test-results/admin-api-sweep-Admin-API--44d0d-api-admin-esp32-notion-sync-mobile-chrome-retry1/error-context.md

    attachment #2: trace (application/zip) ─────────────────────────────────────────────────────────
    test-results/admin-api-sweep-Admin-API--44d0d-api-admin-esp32-notion-sync-mobile-chrome-retry1/trace.zip
    Usage:

        npx playwright show-trace test-results/admin-api-sweep-Admin-API--44d0d-api-admin-esp32-notion-sync-mobile-chrome-retry1/trace.zip

    ────────────────────────────────────────────────────────────────────────────────────────────────

  712) [mobile-chrome] › e2e/admin-api-sweep.spec.ts:365:7 › Admin API route sweep (authenticated) › GET /api/admin/integrations/status 

    Error: apiRequestContext.get: connect ECONNREFUSED ::1:4000
    Call log:
      - → GET http://localhost:4000/api/admin/integrations/status
        - user-agent: Mozilla/5.0 (Linux; Android 14; Pixel 7) AppleWebKit/537.36 (KHTML, like Gecko) Chrome/151.0.7922.34 Mobile Safari/537.36
        - accept: */*
        - accept-encoding: gzip,deflate,br
        - authorization: Bearer e2e-admin-token-do-not-use-in-prod

        at apiRequestContext.get: connect ECONNREFUSED ::1:4000
        at Object.get (/home/tbaltzakis/cloudless.gr/e2e/_internal/admin-fixture.ts:8:35)
        at /home/tbaltzakis/cloudless.gr/e2e/admin-api-sweep.spec.ts:367:23

    Error Context: test-results/admin-api-sweep-Admin-API--71c1b-i-admin-integrations-status-mobile-chrome/error-context.md

    Retry #1 ───────────────────────────────────────────────────────────────────────────────────────

    Error: apiRequestContext.get: connect ECONNREFUSED ::1:4000
    Call log:
      - → GET http://localhost:4000/api/admin/integrations/status
        - user-agent: Mozilla/5.0 (Linux; Android 14; Pixel 7) AppleWebKit/537.36 (KHTML, like Gecko) Chrome/151.0.7922.34 Mobile Safari/537.36
        - accept: */*
        - accept-encoding: gzip,deflate,br
        - authorization: Bearer e2e-admin-token-do-not-use-in-prod

        at apiRequestContext.get: connect ECONNREFUSED ::1:4000
        at Object.get (/home/tbaltzakis/cloudless.gr/e2e/_internal/admin-fixture.ts:8:35)
        at /home/tbaltzakis/cloudless.gr/e2e/admin-api-sweep.spec.ts:367:23

    Error Context: test-results/admin-api-sweep-Admin-API--71c1b-i-admin-integrations-status-mobile-chrome-retry1/error-context.md

    attachment #2: trace (application/zip) ─────────────────────────────────────────────────────────
    test-results/admin-api-sweep-Admin-API--71c1b-i-admin-integrations-status-mobile-chrome-retry1/trace.zip
    Usage:

        npx playwright show-trace test-results/admin-api-sweep-Admin-API--71c1b-i-admin-integrations-status-mobile-chrome-retry1/trace.zip

    ────────────────────────────────────────────────────────────────────────────────────────────────

  713) [mobile-chrome] › e2e/admin-api-sweep.spec.ts:373:7 › Admin API route sweep (authenticated) › GET /api/admin/kpi 

    Error: apiRequestContext.get: connect ECONNREFUSED ::1:4000
    Call log:
      - → GET http://localhost:4000/api/admin/kpi
        - user-agent: Mozilla/5.0 (Linux; Android 14; Pixel 7) AppleWebKit/537.36 (KHTML, like Gecko) Chrome/151.0.7922.34 Mobile Safari/537.36
        - accept: */*
        - accept-encoding: gzip,deflate,br
        - authorization: Bearer e2e-admin-token-do-not-use-in-prod

        at apiRequestContext.get: connect ECONNREFUSED ::1:4000
        at Object.get (/home/tbaltzakis/cloudless.gr/e2e/_internal/admin-fixture.ts:8:35)
        at /home/tbaltzakis/cloudless.gr/e2e/admin-api-sweep.spec.ts:375:23

    Error Context: test-results/admin-api-sweep-Admin-API--d3bd3-enticated-GET-api-admin-kpi-mobile-chrome/error-context.md

    Retry #1 ───────────────────────────────────────────────────────────────────────────────────────

    Error: apiRequestContext.get: connect ECONNREFUSED ::1:4000
    Call log:
      - → GET http://localhost:4000/api/admin/kpi
        - user-agent: Mozilla/5.0 (Linux; Android 14; Pixel 7) AppleWebKit/537.36 (KHTML, like Gecko) Chrome/151.0.7922.34 Mobile Safari/537.36
        - accept: */*
        - accept-encoding: gzip,deflate,br
        - authorization: Bearer e2e-admin-token-do-not-use-in-prod

        at apiRequestContext.get: connect ECONNREFUSED ::1:4000
        at Object.get (/home/tbaltzakis/cloudless.gr/e2e/_internal/admin-fixture.ts:8:35)
        at /home/tbaltzakis/cloudless.gr/e2e/admin-api-sweep.spec.ts:375:23

    Error Context: test-results/admin-api-sweep-Admin-API--d3bd3-enticated-GET-api-admin-kpi-mobile-chrome-retry1/error-context.md

    attachment #2: trace (application/zip) ─────────────────────────────────────────────────────────
    test-results/admin-api-sweep-Admin-API--d3bd3-enticated-GET-api-admin-kpi-mobile-chrome-retry1/trace.zip
    Usage:

        npx playwright show-trace test-results/admin-api-sweep-Admin-API--d3bd3-enticated-GET-api-admin-kpi-mobile-chrome-retry1/trace.zip

    ────────────────────────────────────────────────────────────────────────────────────────────────

  714) [mobile-chrome] › e2e/admin-api-sweep.spec.ts:381:7 › Admin API route sweep (authenticated) › GET /api/admin/notifications 

    Error: apiRequestContext.get: connect ECONNREFUSED ::1:4000
    Call log:
      - → GET http://localhost:4000/api/admin/notifications
        - user-agent: Mozilla/5.0 (Linux; Android 14; Pixel 7) AppleWebKit/537.36 (KHTML, like Gecko) Chrome/151.0.7922.34 Mobile Safari/537.36
        - accept: */*
        - accept-encoding: gzip,deflate,br
        - authorization: Bearer e2e-admin-token-do-not-use-in-prod

        at apiRequestContext.get: connect ECONNREFUSED ::1:4000
        at Object.get (/home/tbaltzakis/cloudless.gr/e2e/_internal/admin-fixture.ts:8:35)
        at /home/tbaltzakis/cloudless.gr/e2e/admin-api-sweep.spec.ts:383:23

    Error Context: test-results/admin-api-sweep-Admin-API--a6bdf-GET-api-admin-notifications-mobile-chrome/error-context.md

    Retry #1 ───────────────────────────────────────────────────────────────────────────────────────

    Error: apiRequestContext.get: connect ECONNREFUSED ::1:4000
    Call log:
      - → GET http://localhost:4000/api/admin/notifications
        - user-agent: Mozilla/5.0 (Linux; Android 14; Pixel 7) AppleWebKit/537.36 (KHTML, like Gecko) Chrome/151.0.7922.34 Mobile Safari/537.36
        - accept: */*
        - accept-encoding: gzip,deflate,br
        - authorization: Bearer e2e-admin-token-do-not-use-in-prod

        at apiRequestContext.get: connect ECONNREFUSED ::1:4000
        at Object.get (/home/tbaltzakis/cloudless.gr/e2e/_internal/admin-fixture.ts:8:35)
        at /home/tbaltzakis/cloudless.gr/e2e/admin-api-sweep.spec.ts:383:23

    Error Context: test-results/admin-api-sweep-Admin-API--a6bdf-GET-api-admin-notifications-mobile-chrome-retry1/error-context.md

    attachment #2: trace (application/zip) ─────────────────────────────────────────────────────────
    test-results/admin-api-sweep-Admin-API--a6bdf-GET-api-admin-notifications-mobile-chrome-retry1/trace.zip
    Usage:

        npx playwright show-trace test-results/admin-api-sweep-Admin-API--a6bdf-GET-api-admin-notifications-mobile-chrome-retry1/trace.zip

    ────────────────────────────────────────────────────────────────────────────────────────────────

  715) [mobile-chrome] › e2e/admin-api-sweep.spec.ts:389:7 › Admin API route sweep (authenticated) › GET /api/admin/notifications/test 

    Error: apiRequestContext.get: connect ECONNREFUSED ::1:4000
    Call log:
      - → GET http://localhost:4000/api/admin/notifications/test
        - user-agent: Mozilla/5.0 (Linux; Android 14; Pixel 7) AppleWebKit/537.36 (KHTML, like Gecko) Chrome/151.0.7922.34 Mobile Safari/537.36
        - accept: */*
        - accept-encoding: gzip,deflate,br
        - authorization: Bearer e2e-admin-token-do-not-use-in-prod

        at apiRequestContext.get: connect ECONNREFUSED ::1:4000
        at Object.get (/home/tbaltzakis/cloudless.gr/e2e/_internal/admin-fixture.ts:8:35)
        at /home/tbaltzakis/cloudless.gr/e2e/admin-api-sweep.spec.ts:391:23

    Error Context: test-results/admin-api-sweep-Admin-API--a4b35-pi-admin-notifications-test-mobile-chrome/error-context.md

    Retry #1 ───────────────────────────────────────────────────────────────────────────────────────

    Error: apiRequestContext.get: connect ECONNREFUSED ::1:4000
    Call log:
      - → GET http://localhost:4000/api/admin/notifications/test
        - user-agent: Mozilla/5.0 (Linux; Android 14; Pixel 7) AppleWebKit/537.36 (KHTML, like Gecko) Chrome/151.0.7922.34 Mobile Safari/537.36
        - accept: */*
        - accept-encoding: gzip,deflate,br
        - authorization: Bearer e2e-admin-token-do-not-use-in-prod

        at apiRequestContext.get: connect ECONNREFUSED ::1:4000
        at Object.get (/home/tbaltzakis/cloudless.gr/e2e/_internal/admin-fixture.ts:8:35)
        at /home/tbaltzakis/cloudless.gr/e2e/admin-api-sweep.spec.ts:391:23

    Error Context: test-results/admin-api-sweep-Admin-API--a4b35-pi-admin-notifications-test-mobile-chrome-retry1/error-context.md

    attachment #2: trace (application/zip) ─────────────────────────────────────────────────────────
    test-results/admin-api-sweep-Admin-API--a4b35-pi-admin-notifications-test-mobile-chrome-retry1/trace.zip
    Usage:

        npx playwright show-trace test-results/admin-api-sweep-Admin-API--a4b35-pi-admin-notifications-test-mobile-chrome-retry1/trace.zip

    ────────────────────────────────────────────────────────────────────────────────────────────────

  716) [mobile-chrome] › e2e/admin-api-sweep.spec.ts:397:7 › Admin API route sweep (authenticated) › GET /api/admin/notion/analytics 

    Error: apiRequestContext.get: connect ECONNREFUSED ::1:4000
    Call log:
      - → GET http://localhost:4000/api/admin/notion/analytics
        - user-agent: Mozilla/5.0 (Linux; Android 14; Pixel 7) AppleWebKit/537.36 (KHTML, like Gecko) Chrome/151.0.7922.34 Mobile Safari/537.36
        - accept: */*
        - accept-encoding: gzip,deflate,br
        - authorization: Bearer e2e-admin-token-do-not-use-in-prod

        at apiRequestContext.get: connect ECONNREFUSED ::1:4000
        at Object.get (/home/tbaltzakis/cloudless.gr/e2e/_internal/admin-fixture.ts:8:35)
        at /home/tbaltzakis/cloudless.gr/e2e/admin-api-sweep.spec.ts:399:23

    Error Context: test-results/admin-api-sweep-Admin-API--67cb3--api-admin-notion-analytics-mobile-chrome/error-context.md

    Retry #1 ───────────────────────────────────────────────────────────────────────────────────────

    Error: apiRequestContext.get: connect ECONNREFUSED ::1:4000
    Call log:
      - → GET http://localhost:4000/api/admin/notion/analytics
        - user-agent: Mozilla/5.0 (Linux; Android 14; Pixel 7) AppleWebKit/537.36 (KHTML, like Gecko) Chrome/151.0.7922.34 Mobile Safari/537.36
        - accept: */*
        - accept-encoding: gzip,deflate,br
        - authorization: Bearer e2e-admin-token-do-not-use-in-prod

        at apiRequestContext.get: connect ECONNREFUSED ::1:4000
        at Object.get (/home/tbaltzakis/cloudless.gr/e2e/_internal/admin-fixture.ts:8:35)
        at /home/tbaltzakis/cloudless.gr/e2e/admin-api-sweep.spec.ts:399:23

    Error Context: test-results/admin-api-sweep-Admin-API--67cb3--api-admin-notion-analytics-mobile-chrome-retry1/error-context.md

    attachment #2: trace (application/zip) ─────────────────────────────────────────────────────────
    test-results/admin-api-sweep-Admin-API--67cb3--api-admin-notion-analytics-mobile-chrome-retry1/trace.zip
    Usage:

        npx playwright show-trace test-results/admin-api-sweep-Admin-API--67cb3--api-admin-notion-analytics-mobile-chrome-retry1/trace.zip

    ────────────────────────────────────────────────────────────────────────────────────────────────

  717) [mobile-chrome] › e2e/admin-api-sweep.spec.ts:405:7 › Admin API route sweep (authenticated) › GET /api/admin/notion/blog 

    Error: apiRequestContext.get: connect ECONNREFUSED ::1:4000
    Call log:
      - → GET http://localhost:4000/api/admin/notion/blog
        - user-agent: Mozilla/5.0 (Linux; Android 14; Pixel 7) AppleWebKit/537.36 (KHTML, like Gecko) Chrome/151.0.7922.34 Mobile Safari/537.36
        - accept: */*
        - accept-encoding: gzip,deflate,br
        - authorization: Bearer e2e-admin-token-do-not-use-in-prod

        at apiRequestContext.get: connect ECONNREFUSED ::1:4000
        at Object.get (/home/tbaltzakis/cloudless.gr/e2e/_internal/admin-fixture.ts:8:35)
        at /home/tbaltzakis/cloudless.gr/e2e/admin-api-sweep.spec.ts:407:23

    Error Context: test-results/admin-api-sweep-Admin-API--5f1e7-d-GET-api-admin-notion-blog-mobile-chrome/error-context.md

    Retry #1 ───────────────────────────────────────────────────────────────────────────────────────

    Error: apiRequestContext.get: connect ECONNREFUSED ::1:4000
    Call log:
      - → GET http://localhost:4000/api/admin/notion/blog
        - user-agent: Mozilla/5.0 (Linux; Android 14; Pixel 7) AppleWebKit/537.36 (KHTML, like Gecko) Chrome/151.0.7922.34 Mobile Safari/537.36
        - accept: */*
        - accept-encoding: gzip,deflate,br
        - authorization: Bearer e2e-admin-token-do-not-use-in-prod

        at apiRequestContext.get: connect ECONNREFUSED ::1:4000
        at Object.get (/home/tbaltzakis/cloudless.gr/e2e/_internal/admin-fixture.ts:8:35)
        at /home/tbaltzakis/cloudless.gr/e2e/admin-api-sweep.spec.ts:407:23

    Error Context: test-results/admin-api-sweep-Admin-API--5f1e7-d-GET-api-admin-notion-blog-mobile-chrome-retry1/error-context.md

    attachment #2: trace (application/zip) ─────────────────────────────────────────────────────────
    test-results/admin-api-sweep-Admin-API--5f1e7-d-GET-api-admin-notion-blog-mobile-chrome-retry1/trace.zip
    Usage:

        npx playwright show-trace test-results/admin-api-sweep-Admin-API--5f1e7-d-GET-api-admin-notion-blog-mobile-chrome-retry1/trace.zip

    ────────────────────────────────────────────────────────────────────────────────────────────────

  718) [mobile-chrome] › e2e/admin-api-sweep.spec.ts:413:7 › Admin API route sweep (authenticated) › GET /api/admin/notion/comments 

    Error: apiRequestContext.get: connect ECONNREFUSED ::1:4000
    Call log:
      - → GET http://localhost:4000/api/admin/notion/comments
        - user-agent: Mozilla/5.0 (Linux; Android 14; Pixel 7) AppleWebKit/537.36 (KHTML, like Gecko) Chrome/151.0.7922.34 Mobile Safari/537.36
        - accept: */*
        - accept-encoding: gzip,deflate,br
        - authorization: Bearer e2e-admin-token-do-not-use-in-prod

        at apiRequestContext.get: connect ECONNREFUSED ::1:4000
        at Object.get (/home/tbaltzakis/cloudless.gr/e2e/_internal/admin-fixture.ts:8:35)
        at /home/tbaltzakis/cloudless.gr/e2e/admin-api-sweep.spec.ts:415:23

    Error Context: test-results/admin-api-sweep-Admin-API--6596f-T-api-admin-notion-comments-mobile-chrome/error-context.md

    Retry #1 ───────────────────────────────────────────────────────────────────────────────────────

    Error: apiRequestContext.get: connect ECONNREFUSED ::1:4000
    Call log:
      - → GET http://localhost:4000/api/admin/notion/comments
        - user-agent: Mozilla/5.0 (Linux; Android 14; Pixel 7) AppleWebKit/537.36 (KHTML, like Gecko) Chrome/151.0.7922.34 Mobile Safari/537.36
        - accept: */*
        - accept-encoding: gzip,deflate,br
        - authorization: Bearer e2e-admin-token-do-not-use-in-prod

        at apiRequestContext.get: connect ECONNREFUSED ::1:4000
        at Object.get (/home/tbaltzakis/cloudless.gr/e2e/_internal/admin-fixture.ts:8:35)
        at /home/tbaltzakis/cloudless.gr/e2e/admin-api-sweep.spec.ts:415:23

    Error Context: test-results/admin-api-sweep-Admin-API--6596f-T-api-admin-notion-comments-mobile-chrome-retry1/error-context.md

    attachment #2: trace (application/zip) ─────────────────────────────────────────────────────────
    test-results/admin-api-sweep-Admin-API--6596f-T-api-admin-notion-comments-mobile-chrome-retry1/trace.zip
    Usage:

        npx playwright show-trace test-results/admin-api-sweep-Admin-API--6596f-T-api-admin-notion-comments-mobile-chrome-retry1/trace.zip

    ────────────────────────────────────────────────────────────────────────────────────────────────

  719) [mobile-chrome] › e2e/admin-api-sweep.spec.ts:421:7 › Admin API route sweep (authenticated) › GET /api/admin/notion/docs 

    Error: apiRequestContext.get: connect ECONNREFUSED ::1:4000
    Call log:
      - → GET http://localhost:4000/api/admin/notion/docs
        - user-agent: Mozilla/5.0 (Linux; Android 14; Pixel 7) AppleWebKit/537.36 (KHTML, like Gecko) Chrome/151.0.7922.34 Mobile Safari/537.36
        - accept: */*
        - accept-encoding: gzip,deflate,br
        - authorization: Bearer e2e-admin-token-do-not-use-in-prod

        at apiRequestContext.get: connect ECONNREFUSED ::1:4000
        at Object.get (/home/tbaltzakis/cloudless.gr/e2e/_internal/admin-fixture.ts:8:35)
        at /home/tbaltzakis/cloudless.gr/e2e/admin-api-sweep.spec.ts:423:23

    Error Context: test-results/admin-api-sweep-Admin-API--a64a5-d-GET-api-admin-notion-docs-mobile-chrome/error-context.md

    Retry #1 ───────────────────────────────────────────────────────────────────────────────────────

    Error: apiRequestContext.get: connect ECONNREFUSED ::1:4000
    Call log:
      - → GET http://localhost:4000/api/admin/notion/docs
        - user-agent: Mozilla/5.0 (Linux; Android 14; Pixel 7) AppleWebKit/537.36 (KHTML, like Gecko) Chrome/151.0.7922.34 Mobile Safari/537.36
        - accept: */*
        - accept-encoding: gzip,deflate,br
        - authorization: Bearer e2e-admin-token-do-not-use-in-prod

        at apiRequestContext.get: connect ECONNREFUSED ::1:4000
        at Object.get (/home/tbaltzakis/cloudless.gr/e2e/_internal/admin-fixture.ts:8:35)
        at /home/tbaltzakis/cloudless.gr/e2e/admin-api-sweep.spec.ts:423:23

    Error Context: test-results/admin-api-sweep-Admin-API--a64a5-d-GET-api-admin-notion-docs-mobile-chrome-retry1/error-context.md

    attachment #2: trace (application/zip) ─────────────────────────────────────────────────────────
    test-results/admin-api-sweep-Admin-API--a64a5-d-GET-api-admin-notion-docs-mobile-chrome-retry1/trace.zip
    Usage:

        npx playwright show-trace test-results/admin-api-sweep-Admin-API--a64a5-d-GET-api-admin-notion-docs-mobile-chrome-retry1/trace.zip

    ────────────────────────────────────────────────────────────────────────────────────────────────

  720) [mobile-chrome] › e2e/admin-api-sweep.spec.ts:429:7 › Admin API route sweep (authenticated) › GET /api/admin/notion/projects 

    Error: apiRequestContext.get: connect ECONNREFUSED ::1:4000
    Call log:
      - → GET http://localhost:4000/api/admin/notion/projects
        - user-agent: Mozilla/5.0 (Linux; Android 14; Pixel 7) AppleWebKit/537.36 (KHTML, like Gecko) Chrome/151.0.7922.34 Mobile Safari/537.36
        - accept: */*
        - accept-encoding: gzip,deflate,br
        - authorization: Bearer e2e-admin-token-do-not-use-in-prod

        at apiRequestContext.get: connect ECONNREFUSED ::1:4000
        at Object.get (/home/tbaltzakis/cloudless.gr/e2e/_internal/admin-fixture.ts:8:35)
        at /home/tbaltzakis/cloudless.gr/e2e/admin-api-sweep.spec.ts:431:23

    Error Context: test-results/admin-api-sweep-Admin-API--93ff3-T-api-admin-notion-projects-mobile-chrome/error-context.md

    Retry #1 ───────────────────────────────────────────────────────────────────────────────────────

    Error: apiRequestContext.get: connect ECONNREFUSED ::1:4000
    Call log:
      - → GET http://localhost:4000/api/admin/notion/projects
        - user-agent: Mozilla/5.0 (Linux; Android 14; Pixel 7) AppleWebKit/537.36 (KHTML, like Gecko) Chrome/151.0.7922.34 Mobile Safari/537.36
        - accept: */*
        - accept-encoding: gzip,deflate,br
        - authorization: Bearer e2e-admin-token-do-not-use-in-prod

        at apiRequestContext.get: connect ECONNREFUSED ::1:4000
        at Object.get (/home/tbaltzakis/cloudless.gr/e2e/_internal/admin-fixture.ts:8:35)
        at /home/tbaltzakis/cloudless.gr/e2e/admin-api-sweep.spec.ts:431:23

    Error Context: test-results/admin-api-sweep-Admin-API--93ff3-T-api-admin-notion-projects-mobile-chrome-retry1/error-context.md

    attachment #2: trace (application/zip) ─────────────────────────────────────────────────────────
    test-results/admin-api-sweep-Admin-API--93ff3-T-api-admin-notion-projects-mobile-chrome-retry1/trace.zip
    Usage:

        npx playwright show-trace test-results/admin-api-sweep-Admin-API--93ff3-T-api-admin-notion-projects-mobile-chrome-retry1/trace.zip

    ────────────────────────────────────────────────────────────────────────────────────────────────

  721) [mobile-chrome] › e2e/admin-api-sweep.spec.ts:437:7 › Admin API route sweep (authenticated) › GET /api/admin/notion/search 

    Error: apiRequestContext.get: connect ECONNREFUSED ::1:4000
    Call log:
      - → GET http://localhost:4000/api/admin/notion/search
        - user-agent: Mozilla/5.0 (Linux; Android 14; Pixel 7) AppleWebKit/537.36 (KHTML, like Gecko) Chrome/151.0.7922.34 Mobile Safari/537.36
        - accept: */*
        - accept-encoding: gzip,deflate,br
        - authorization: Bearer e2e-admin-token-do-not-use-in-prod

        at apiRequestContext.get: connect ECONNREFUSED ::1:4000
        at Object.get (/home/tbaltzakis/cloudless.gr/e2e/_internal/admin-fixture.ts:8:35)
        at /home/tbaltzakis/cloudless.gr/e2e/admin-api-sweep.spec.ts:439:23

    Error Context: test-results/admin-api-sweep-Admin-API--9981c-GET-api-admin-notion-search-mobile-chrome/error-context.md

    Retry #1 ───────────────────────────────────────────────────────────────────────────────────────

    Error: apiRequestContext.get: connect ECONNREFUSED ::1:4000
    Call log:
      - → GET http://localhost:4000/api/admin/notion/search
        - user-agent: Mozilla/5.0 (Linux; Android 14; Pixel 7) AppleWebKit/537.36 (KHTML, like Gecko) Chrome/151.0.7922.34 Mobile Safari/537.36
        - accept: */*
        - accept-encoding: gzip,deflate,br
        - authorization: Bearer e2e-admin-token-do-not-use-in-prod

        at apiRequestContext.get: connect ECONNREFUSED ::1:4000
        at Object.get (/home/tbaltzakis/cloudless.gr/e2e/_internal/admin-fixture.ts:8:35)
        at /home/tbaltzakis/cloudless.gr/e2e/admin-api-sweep.spec.ts:439:23

    Error Context: test-results/admin-api-sweep-Admin-API--9981c-GET-api-admin-notion-search-mobile-chrome-retry1/error-context.md

    attachment #2: trace (application/zip) ─────────────────────────────────────────────────────────
    test-results/admin-api-sweep-Admin-API--9981c-GET-api-admin-notion-search-mobile-chrome-retry1/trace.zip
    Usage:

        npx playwright show-trace test-results/admin-api-sweep-Admin-API--9981c-GET-api-admin-notion-search-mobile-chrome-retry1/trace.zip

    ────────────────────────────────────────────────────────────────────────────────────────────────

  722) [mobile-chrome] › e2e/admin-api-sweep.spec.ts:445:7 › Admin API route sweep (authenticated) › GET /api/admin/notion/status 

    Error: apiRequestContext.get: connect ECONNREFUSED ::1:4000
    Call log:
      - → GET http://localhost:4000/api/admin/notion/status
        - user-agent: Mozilla/5.0 (Linux; Android 14; Pixel 7) AppleWebKit/537.36 (KHTML, like Gecko) Chrome/151.0.7922.34 Mobile Safari/537.36
        - accept: */*
        - accept-encoding: gzip,deflate,br
        - authorization: Bearer e2e-admin-token-do-not-use-in-prod

        at apiRequestContext.get: connect ECONNREFUSED ::1:4000
        at Object.get (/home/tbaltzakis/cloudless.gr/e2e/_internal/admin-fixture.ts:8:35)
        at /home/tbaltzakis/cloudless.gr/e2e/admin-api-sweep.spec.ts:447:23

    Error Context: test-results/admin-api-sweep-Admin-API--73404-GET-api-admin-notion-status-mobile-chrome/error-context.md

    Retry #1 ───────────────────────────────────────────────────────────────────────────────────────

    Error: apiRequestContext.get: connect ECONNREFUSED ::1:4000
    Call log:
      - → GET http://localhost:4000/api/admin/notion/status
        - user-agent: Mozilla/5.0 (Linux; Android 14; Pixel 7) AppleWebKit/537.36 (KHTML, like Gecko) Chrome/151.0.7922.34 Mobile Safari/537.36
        - accept: */*
        - accept-encoding: gzip,deflate,br
        - authorization: Bearer e2e-admin-token-do-not-use-in-prod

        at apiRequestContext.get: connect ECONNREFUSED ::1:4000
        at Object.get (/home/tbaltzakis/cloudless.gr/e2e/_internal/admin-fixture.ts:8:35)
        at /home/tbaltzakis/cloudless.gr/e2e/admin-api-sweep.spec.ts:447:23

    Error Context: test-results/admin-api-sweep-Admin-API--73404-GET-api-admin-notion-status-mobile-chrome-retry1/error-context.md

    attachment #2: trace (application/zip) ─────────────────────────────────────────────────────────
    test-results/admin-api-sweep-Admin-API--73404-GET-api-admin-notion-status-mobile-chrome-retry1/trace.zip
    Usage:

        npx playwright show-trace test-results/admin-api-sweep-Admin-API--73404-GET-api-admin-notion-status-mobile-chrome-retry1/trace.zip

    ────────────────────────────────────────────────────────────────────────────────────────────────

  723) [mobile-chrome] › e2e/admin-api-sweep.spec.ts:453:7 › Admin API route sweep (authenticated) › GET /api/admin/notion/submissions 

    Error: apiRequestContext.get: connect ECONNREFUSED ::1:4000
    Call log:
      - → GET http://localhost:4000/api/admin/notion/submissions
        - user-agent: Mozilla/5.0 (Linux; Android 14; Pixel 7) AppleWebKit/537.36 (KHTML, like Gecko) Chrome/151.0.7922.34 Mobile Safari/537.36
        - accept: */*
        - accept-encoding: gzip,deflate,br
        - authorization: Bearer e2e-admin-token-do-not-use-in-prod

        at apiRequestContext.get: connect ECONNREFUSED ::1:4000
        at Object.get (/home/tbaltzakis/cloudless.gr/e2e/_internal/admin-fixture.ts:8:35)
        at /home/tbaltzakis/cloudless.gr/e2e/admin-api-sweep.spec.ts:455:23

    Error Context: test-results/admin-api-sweep-Admin-API--1dcf2-pi-admin-notion-submissions-mobile-chrome/error-context.md

    Retry #1 ───────────────────────────────────────────────────────────────────────────────────────

    Error: apiRequestContext.get: connect ECONNREFUSED ::1:4000
    Call log:
      - → GET http://localhost:4000/api/admin/notion/submissions
        - user-agent: Mozilla/5.0 (Linux; Android 14; Pixel 7) AppleWebKit/537.36 (KHTML, like Gecko) Chrome/151.0.7922.34 Mobile Safari/537.36
        - accept: */*
        - accept-encoding: gzip,deflate,br
        - authorization: Bearer e2e-admin-token-do-not-use-in-prod

        at apiRequestContext.get: connect ECONNREFUSED ::1:4000
        at Object.get (/home/tbaltzakis/cloudless.gr/e2e/_internal/admin-fixture.ts:8:35)
        at /home/tbaltzakis/cloudless.gr/e2e/admin-api-sweep.spec.ts:455:23

    Error Context: test-results/admin-api-sweep-Admin-API--1dcf2-pi-admin-notion-submissions-mobile-chrome-retry1/error-context.md

    attachment #2: trace (application/zip) ─────────────────────────────────────────────────────────
    test-results/admin-api-sweep-Admin-API--1dcf2-pi-admin-notion-submissions-mobile-chrome-retry1/trace.zip
    Usage:

        npx playwright show-trace test-results/admin-api-sweep-Admin-API--1dcf2-pi-admin-notion-submissions-mobile-chrome-retry1/trace.zip

    ────────────────────────────────────────────────────────────────────────────────────────────────

  724) [mobile-chrome] › e2e/admin-api-sweep.spec.ts:461:7 › Admin API route sweep (authenticated) › GET /api/admin/notion/tasks 

    Error: apiRequestContext.get: connect ECONNREFUSED ::1:4000
    Call log:
      - → GET http://localhost:4000/api/admin/notion/tasks
        - user-agent: Mozilla/5.0 (Linux; Android 14; Pixel 7) AppleWebKit/537.36 (KHTML, like Gecko) Chrome/151.0.7922.34 Mobile Safari/537.36
        - accept: */*
        - accept-encoding: gzip,deflate,br
        - authorization: Bearer e2e-admin-token-do-not-use-in-prod

        at apiRequestContext.get: connect ECONNREFUSED ::1:4000
        at Object.get (/home/tbaltzakis/cloudless.gr/e2e/_internal/admin-fixture.ts:8:35)
        at /home/tbaltzakis/cloudless.gr/e2e/admin-api-sweep.spec.ts:463:23

    Error Context: test-results/admin-api-sweep-Admin-API--6504c--GET-api-admin-notion-tasks-mobile-chrome/error-context.md

    Retry #1 ───────────────────────────────────────────────────────────────────────────────────────

    Error: apiRequestContext.get: connect ECONNREFUSED ::1:4000
    Call log:
      - → GET http://localhost:4000/api/admin/notion/tasks
        - user-agent: Mozilla/5.0 (Linux; Android 14; Pixel 7) AppleWebKit/537.36 (KHTML, like Gecko) Chrome/151.0.7922.34 Mobile Safari/537.36
        - accept: */*
        - accept-encoding: gzip,deflate,br
        - authorization: Bearer e2e-admin-token-do-not-use-in-prod

        at apiRequestContext.get: connect ECONNREFUSED ::1:4000
        at Object.get (/home/tbaltzakis/cloudless.gr/e2e/_internal/admin-fixture.ts:8:35)
        at /home/tbaltzakis/cloudless.gr/e2e/admin-api-sweep.spec.ts:463:23

    Error Context: test-results/admin-api-sweep-Admin-API--6504c--GET-api-admin-notion-tasks-mobile-chrome-retry1/error-context.md

    attachment #2: trace (application/zip) ─────────────────────────────────────────────────────────
    test-results/admin-api-sweep-Admin-API--6504c--GET-api-admin-notion-tasks-mobile-chrome-retry1/trace.zip
    Usage:

        npx playwright show-trace test-results/admin-api-sweep-Admin-API--6504c--GET-api-admin-notion-tasks-mobile-chrome-retry1/trace.zip

    ────────────────────────────────────────────────────────────────────────────────────────────────

  725) [mobile-chrome] › e2e/admin-api-sweep.spec.ts:469:7 › Admin API route sweep (authenticated) › GET /api/admin/ops/errors 

    Error: apiRequestContext.get: connect ECONNREFUSED ::1:4000
    Call log:
      - → GET http://localhost:4000/api/admin/ops/errors
        - user-agent: Mozilla/5.0 (Linux; Android 14; Pixel 7) AppleWebKit/537.36 (KHTML, like Gecko) Chrome/151.0.7922.34 Mobile Safari/537.36
        - accept: */*
        - accept-encoding: gzip,deflate,br
        - authorization: Bearer e2e-admin-token-do-not-use-in-prod

        at apiRequestContext.get: connect ECONNREFUSED ::1:4000
        at Object.get (/home/tbaltzakis/cloudless.gr/e2e/_internal/admin-fixture.ts:8:35)
        at /home/tbaltzakis/cloudless.gr/e2e/admin-api-sweep.spec.ts:471:23

    Error Context: test-results/admin-api-sweep-Admin-API--f0468-ed-GET-api-admin-ops-errors-mobile-chrome/error-context.md

    Retry #1 ───────────────────────────────────────────────────────────────────────────────────────

    Error: apiRequestContext.get: connect ECONNREFUSED ::1:4000
    Call log:
      - → GET http://localhost:4000/api/admin/ops/errors
        - user-agent: Mozilla/5.0 (Linux; Android 14; Pixel 7) AppleWebKit/537.36 (KHTML, like Gecko) Chrome/151.0.7922.34 Mobile Safari/537.36
        - accept: */*
        - accept-encoding: gzip,deflate,br
        - authorization: Bearer e2e-admin-token-do-not-use-in-prod

        at apiRequestContext.get: connect ECONNREFUSED ::1:4000
        at Object.get (/home/tbaltzakis/cloudless.gr/e2e/_internal/admin-fixture.ts:8:35)
        at /home/tbaltzakis/cloudless.gr/e2e/admin-api-sweep.spec.ts:471:23

    Error Context: test-results/admin-api-sweep-Admin-API--f0468-ed-GET-api-admin-ops-errors-mobile-chrome-retry1/error-context.md

    attachment #2: trace (application/zip) ─────────────────────────────────────────────────────────
    test-results/admin-api-sweep-Admin-API--f0468-ed-GET-api-admin-ops-errors-mobile-chrome-retry1/trace.zip
    Usage:

        npx playwright show-trace test-results/admin-api-sweep-Admin-API--f0468-ed-GET-api-admin-ops-errors-mobile-chrome-retry1/trace.zip

    ────────────────────────────────────────────────────────────────────────────────────────────────

  726) [mobile-chrome] › e2e/admin-api-sweep.spec.ts:477:7 › Admin API route sweep (authenticated) › GET /api/admin/ops/monitor 

    Error: apiRequestContext.get: connect ECONNREFUSED ::1:4000
    Call log:
      - → GET http://localhost:4000/api/admin/ops/monitor
        - user-agent: Mozilla/5.0 (Linux; Android 14; Pixel 7) AppleWebKit/537.36 (KHTML, like Gecko) Chrome/151.0.7922.34 Mobile Safari/537.36
        - accept: */*
        - accept-encoding: gzip,deflate,br
        - authorization: Bearer e2e-admin-token-do-not-use-in-prod

        at apiRequestContext.get: connect ECONNREFUSED ::1:4000
        at Object.get (/home/tbaltzakis/cloudless.gr/e2e/_internal/admin-fixture.ts:8:35)
        at /home/tbaltzakis/cloudless.gr/e2e/admin-api-sweep.spec.ts:479:23

    Error Context: test-results/admin-api-sweep-Admin-API--51b36-d-GET-api-admin-ops-monitor-mobile-chrome/error-context.md

    Retry #1 ───────────────────────────────────────────────────────────────────────────────────────

    Error: apiRequestContext.get: connect ECONNREFUSED ::1:4000
    Call log:
      - → GET http://localhost:4000/api/admin/ops/monitor
        - user-agent: Mozilla/5.0 (Linux; Android 14; Pixel 7) AppleWebKit/537.36 (KHTML, like Gecko) Chrome/151.0.7922.34 Mobile Safari/537.36
        - accept: */*
        - accept-encoding: gzip,deflate,br
        - authorization: Bearer e2e-admin-token-do-not-use-in-prod

        at apiRequestContext.get: connect ECONNREFUSED ::1:4000
        at Object.get (/home/tbaltzakis/cloudless.gr/e2e/_internal/admin-fixture.ts:8:35)
        at /home/tbaltzakis/cloudless.gr/e2e/admin-api-sweep.spec.ts:479:23

    Error Context: test-results/admin-api-sweep-Admin-API--51b36-d-GET-api-admin-ops-monitor-mobile-chrome-retry1/error-context.md

    attachment #2: trace (application/zip) ─────────────────────────────────────────────────────────
    test-results/admin-api-sweep-Admin-API--51b36-d-GET-api-admin-ops-monitor-mobile-chrome-retry1/trace.zip
    Usage:

        npx playwright show-trace test-results/admin-api-sweep-Admin-API--51b36-d-GET-api-admin-ops-monitor-mobile-chrome-retry1/trace.zip

    ────────────────────────────────────────────────────────────────────────────────────────────────

  727) [mobile-chrome] › e2e/admin-api-sweep.spec.ts:485:7 › Admin API route sweep (authenticated) › GET /api/admin/orders 

    Error: apiRequestContext.get: connect ECONNREFUSED ::1:4000
    Call log:
      - → GET http://localhost:4000/api/admin/orders
        - user-agent: Mozilla/5.0 (Linux; Android 14; Pixel 7) AppleWebKit/537.36 (KHTML, like Gecko) Chrome/151.0.7922.34 Mobile Safari/537.36
        - accept: */*
        - accept-encoding: gzip,deflate,br
        - authorization: Bearer e2e-admin-token-do-not-use-in-prod

        at apiRequestContext.get: connect ECONNREFUSED ::1:4000
        at Object.get (/home/tbaltzakis/cloudless.gr/e2e/_internal/admin-fixture.ts:8:35)
        at /home/tbaltzakis/cloudless.gr/e2e/admin-api-sweep.spec.ts:487:23

    Error Context: test-results/admin-api-sweep-Admin-API--f03a8-icated-GET-api-admin-orders-mobile-chrome/error-context.md

    Retry #1 ───────────────────────────────────────────────────────────────────────────────────────

    Error: apiRequestContext.get: connect ECONNREFUSED ::1:4000
    Call log:
      - → GET http://localhost:4000/api/admin/orders
        - user-agent: Mozilla/5.0 (Linux; Android 14; Pixel 7) AppleWebKit/537.36 (KHTML, like Gecko) Chrome/151.0.7922.34 Mobile Safari/537.36
        - accept: */*
        - accept-encoding: gzip,deflate,br
        - authorization: Bearer e2e-admin-token-do-not-use-in-prod

        at apiRequestContext.get: connect ECONNREFUSED ::1:4000
        at Object.get (/home/tbaltzakis/cloudless.gr/e2e/_internal/admin-fixture.ts:8:35)
        at /home/tbaltzakis/cloudless.gr/e2e/admin-api-sweep.spec.ts:487:23

    Error Context: test-results/admin-api-sweep-Admin-API--f03a8-icated-GET-api-admin-orders-mobile-chrome-retry1/error-context.md

    attachment #2: trace (application/zip) ─────────────────────────────────────────────────────────
    test-results/admin-api-sweep-Admin-API--f03a8-icated-GET-api-admin-orders-mobile-chrome-retry1/trace.zip
    Usage:

        npx playwright show-trace test-results/admin-api-sweep-Admin-API--f03a8-icated-GET-api-admin-orders-mobile-chrome-retry1/trace.zip

    ────────────────────────────────────────────────────────────────────────────────────────────────

  728) [mobile-chrome] › e2e/admin-api-sweep.spec.ts:493:7 › Admin API route sweep (authenticated) › GET /api/admin/pending-clients 

    Error: apiRequestContext.get: connect ECONNREFUSED ::1:4000
    Call log:
      - → GET http://localhost:4000/api/admin/pending-clients
        - user-agent: Mozilla/5.0 (Linux; Android 14; Pixel 7) AppleWebKit/537.36 (KHTML, like Gecko) Chrome/151.0.7922.34 Mobile Safari/537.36
        - accept: */*
        - accept-encoding: gzip,deflate,br
        - authorization: Bearer e2e-admin-token-do-not-use-in-prod

        at apiRequestContext.get: connect ECONNREFUSED ::1:4000
        at Object.get (/home/tbaltzakis/cloudless.gr/e2e/_internal/admin-fixture.ts:8:35)
        at /home/tbaltzakis/cloudless.gr/e2e/admin-api-sweep.spec.ts:495:23

    Error Context: test-results/admin-api-sweep-Admin-API--ddf18-T-api-admin-pending-clients-mobile-chrome/error-context.md

    Retry #1 ───────────────────────────────────────────────────────────────────────────────────────

    Error: apiRequestContext.get: connect ECONNREFUSED ::1:4000
    Call log:
      - → GET http://localhost:4000/api/admin/pending-clients
        - user-agent: Mozilla/5.0 (Linux; Android 14; Pixel 7) AppleWebKit/537.36 (KHTML, like Gecko) Chrome/151.0.7922.34 Mobile Safari/537.36
        - accept: */*
        - accept-encoding: gzip,deflate,br
        - authorization: Bearer e2e-admin-token-do-not-use-in-prod

        at apiRequestContext.get: connect ECONNREFUSED ::1:4000
        at Object.get (/home/tbaltzakis/cloudless.gr/e2e/_internal/admin-fixture.ts:8:35)
        at /home/tbaltzakis/cloudless.gr/e2e/admin-api-sweep.spec.ts:495:23

    Error Context: test-results/admin-api-sweep-Admin-API--ddf18-T-api-admin-pending-clients-mobile-chrome-retry1/error-context.md

    attachment #2: trace (application/zip) ─────────────────────────────────────────────────────────
    test-results/admin-api-sweep-Admin-API--ddf18-T-api-admin-pending-clients-mobile-chrome-retry1/trace.zip
    Usage:

        npx playwright show-trace test-results/admin-api-sweep-Admin-API--ddf18-T-api-admin-pending-clients-mobile-chrome-retry1/trace.zip

    ────────────────────────────────────────────────────────────────────────────────────────────────

  729) [mobile-chrome] › e2e/admin-api-sweep.spec.ts:501:7 › Admin API route sweep (authenticated) › GET /api/admin/pipeline/board 

    Error: apiRequestContext.get: connect ECONNREFUSED ::1:4000
    Call log:
      - → GET http://localhost:4000/api/admin/pipeline/board
        - user-agent: Mozilla/5.0 (Linux; Android 14; Pixel 7) AppleWebKit/537.36 (KHTML, like Gecko) Chrome/151.0.7922.34 Mobile Safari/537.36
        - accept: */*
        - accept-encoding: gzip,deflate,br
        - authorization: Bearer e2e-admin-token-do-not-use-in-prod

        at apiRequestContext.get: connect ECONNREFUSED ::1:4000
        at Object.get (/home/tbaltzakis/cloudless.gr/e2e/_internal/admin-fixture.ts:8:35)
        at /home/tbaltzakis/cloudless.gr/e2e/admin-api-sweep.spec.ts:503:23

    Error Context: test-results/admin-api-sweep-Admin-API--eb64e-ET-api-admin-pipeline-board-mobile-chrome/error-context.md

    Retry #1 ───────────────────────────────────────────────────────────────────────────────────────

    Error: apiRequestContext.get: connect ECONNREFUSED ::1:4000
    Call log:
      - → GET http://localhost:4000/api/admin/pipeline/board
        - user-agent: Mozilla/5.0 (Linux; Android 14; Pixel 7) AppleWebKit/537.36 (KHTML, like Gecko) Chrome/151.0.7922.34 Mobile Safari/537.36
        - accept: */*
        - accept-encoding: gzip,deflate,br
        - authorization: Bearer e2e-admin-token-do-not-use-in-prod

        at apiRequestContext.get: connect ECONNREFUSED ::1:4000
        at Object.get (/home/tbaltzakis/cloudless.gr/e2e/_internal/admin-fixture.ts:8:35)
        at /home/tbaltzakis/cloudless.gr/e2e/admin-api-sweep.spec.ts:503:23

    Error Context: test-results/admin-api-sweep-Admin-API--eb64e-ET-api-admin-pipeline-board-mobile-chrome-retry1/error-context.md

    attachment #2: trace (application/zip) ─────────────────────────────────────────────────────────
    test-results/admin-api-sweep-Admin-API--eb64e-ET-api-admin-pipeline-board-mobile-chrome-retry1/trace.zip
    Usage:

        npx playwright show-trace test-results/admin-api-sweep-Admin-API--eb64e-ET-api-admin-pipeline-board-mobile-chrome-retry1/trace.zip

    ────────────────────────────────────────────────────────────────────────────────────────────────

  730) [mobile-chrome] › e2e/admin-api-sweep.spec.ts:509:7 › Admin API route sweep (authenticated) › GET /api/admin/pipeline/stats 

    Error: apiRequestContext.get: connect ECONNREFUSED ::1:4000
    Call log:
      - → GET http://localhost:4000/api/admin/pipeline/stats
        - user-agent: Mozilla/5.0 (Linux; Android 14; Pixel 7) AppleWebKit/537.36 (KHTML, like Gecko) Chrome/151.0.7922.34 Mobile Safari/537.36
        - accept: */*
        - accept-encoding: gzip,deflate,br
        - authorization: Bearer e2e-admin-token-do-not-use-in-prod

        at apiRequestContext.get: connect ECONNREFUSED ::1:4000
        at Object.get (/home/tbaltzakis/cloudless.gr/e2e/_internal/admin-fixture.ts:8:35)
        at /home/tbaltzakis/cloudless.gr/e2e/admin-api-sweep.spec.ts:511:23

    Error Context: test-results/admin-api-sweep-Admin-API--1bc58-ET-api-admin-pipeline-stats-mobile-chrome/error-context.md

    Retry #1 ───────────────────────────────────────────────────────────────────────────────────────

    Error: apiRequestContext.get: connect ECONNREFUSED ::1:4000
    Call log:
      - → GET http://localhost:4000/api/admin/pipeline/stats
        - user-agent: Mozilla/5.0 (Linux; Android 14; Pixel 7) AppleWebKit/537.36 (KHTML, like Gecko) Chrome/151.0.7922.34 Mobile Safari/537.36
        - accept: */*
        - accept-encoding: gzip,deflate,br
        - authorization: Bearer e2e-admin-token-do-not-use-in-prod

        at apiRequestContext.get: connect ECONNREFUSED ::1:4000
        at Object.get (/home/tbaltzakis/cloudless.gr/e2e/_internal/admin-fixture.ts:8:35)
        at /home/tbaltzakis/cloudless.gr/e2e/admin-api-sweep.spec.ts:511:23

    Error Context: test-results/admin-api-sweep-Admin-API--1bc58-ET-api-admin-pipeline-stats-mobile-chrome-retry1/error-context.md

    attachment #2: trace (application/zip) ─────────────────────────────────────────────────────────
    test-results/admin-api-sweep-Admin-API--1bc58-ET-api-admin-pipeline-stats-mobile-chrome-retry1/trace.zip
    Usage:

        npx playwright show-trace test-results/admin-api-sweep-Admin-API--1bc58-ET-api-admin-pipeline-stats-mobile-chrome-retry1/trace.zip

    ────────────────────────────────────────────────────────────────────────────────────────────────

  731) [mobile-chrome] › e2e/admin-api-sweep.spec.ts:517:7 › Admin API route sweep (authenticated) › GET /api/admin/reports 

    Error: apiRequestContext.get: connect ECONNREFUSED ::1:4000
    Call log:
      - → GET http://localhost:4000/api/admin/reports
        - user-agent: Mozilla/5.0 (Linux; Android 14; Pixel 7) AppleWebKit/537.36 (KHTML, like Gecko) Chrome/151.0.7922.34 Mobile Safari/537.36
        - accept: */*
        - accept-encoding: gzip,deflate,br
        - authorization: Bearer e2e-admin-token-do-not-use-in-prod

        at apiRequestContext.get: connect ECONNREFUSED ::1:4000
        at Object.get (/home/tbaltzakis/cloudless.gr/e2e/_internal/admin-fixture.ts:8:35)
        at /home/tbaltzakis/cloudless.gr/e2e/admin-api-sweep.spec.ts:519:23

    Error Context: test-results/admin-api-sweep-Admin-API--42598-cated-GET-api-admin-reports-mobile-chrome/error-context.md

    Retry #1 ───────────────────────────────────────────────────────────────────────────────────────

    Error: apiRequestContext.get: connect ECONNREFUSED ::1:4000
    Call log:
      - → GET http://localhost:4000/api/admin/reports
        - user-agent: Mozilla/5.0 (Linux; Android 14; Pixel 7) AppleWebKit/537.36 (KHTML, like Gecko) Chrome/151.0.7922.34 Mobile Safari/537.36
        - accept: */*
        - accept-encoding: gzip,deflate,br
        - authorization: Bearer e2e-admin-token-do-not-use-in-prod

        at apiRequestContext.get: connect ECONNREFUSED ::1:4000
        at Object.get (/home/tbaltzakis/cloudless.gr/e2e/_internal/admin-fixture.ts:8:35)
        at /home/tbaltzakis/cloudless.gr/e2e/admin-api-sweep.spec.ts:519:23

    Error Context: test-results/admin-api-sweep-Admin-API--42598-cated-GET-api-admin-reports-mobile-chrome-retry1/error-context.md

    attachment #2: trace (application/zip) ─────────────────────────────────────────────────────────
    test-results/admin-api-sweep-Admin-API--42598-cated-GET-api-admin-reports-mobile-chrome-retry1/trace.zip
    Usage:

        npx playwright show-trace test-results/admin-api-sweep-Admin-API--42598-cated-GET-api-admin-reports-mobile-chrome-retry1/trace.zip

    ────────────────────────────────────────────────────────────────────────────────────────────────

  732) [mobile-chrome] › e2e/admin-api-sweep.spec.ts:525:7 › Admin API route sweep (authenticated) › GET /api/admin/reports/generate 

    Error: apiRequestContext.get: connect ECONNREFUSED ::1:4000
    Call log:
      - → GET http://localhost:4000/api/admin/reports/generate
        - user-agent: Mozilla/5.0 (Linux; Android 14; Pixel 7) AppleWebKit/537.36 (KHTML, like Gecko) Chrome/151.0.7922.34 Mobile Safari/537.36
        - accept: */*
        - accept-encoding: gzip,deflate,br
        - authorization: Bearer e2e-admin-token-do-not-use-in-prod

        at apiRequestContext.get: connect ECONNREFUSED ::1:4000
        at Object.get (/home/tbaltzakis/cloudless.gr/e2e/_internal/admin-fixture.ts:8:35)
        at /home/tbaltzakis/cloudless.gr/e2e/admin-api-sweep.spec.ts:527:23

    Error Context: test-results/admin-api-sweep-Admin-API--30edf--api-admin-reports-generate-mobile-chrome/error-context.md

    Retry #1 ───────────────────────────────────────────────────────────────────────────────────────

    Error: apiRequestContext.get: connect ECONNREFUSED ::1:4000
    Call log:
      - → GET http://localhost:4000/api/admin/reports/generate
        - user-agent: Mozilla/5.0 (Linux; Android 14; Pixel 7) AppleWebKit/537.36 (KHTML, like Gecko) Chrome/151.0.7922.34 Mobile Safari/537.36
        - accept: */*
        - accept-encoding: gzip,deflate,br
        - authorization: Bearer e2e-admin-token-do-not-use-in-prod

        at apiRequestContext.get: connect ECONNREFUSED ::1:4000
        at Object.get (/home/tbaltzakis/cloudless.gr/e2e/_internal/admin-fixture.ts:8:35)
        at /home/tbaltzakis/cloudless.gr/e2e/admin-api-sweep.spec.ts:527:23

    Error Context: test-results/admin-api-sweep-Admin-API--30edf--api-admin-reports-generate-mobile-chrome-retry1/error-context.md

    attachment #2: trace (application/zip) ─────────────────────────────────────────────────────────
    test-results/admin-api-sweep-Admin-API--30edf--api-admin-reports-generate-mobile-chrome-retry1/trace.zip
    Usage:

        npx playwright show-trace test-results/admin-api-sweep-Admin-API--30edf--api-admin-reports-generate-mobile-chrome-retry1/trace.zip

    ────────────────────────────────────────────────────────────────────────────────────────────────

  733) [mobile-chrome] › e2e/admin-api-sweep.spec.ts:533:7 › Admin API route sweep (authenticated) › GET /api/admin/subscriptions 

    Error: apiRequestContext.get: connect ECONNREFUSED ::1:4000
    Call log:
      - → GET http://localhost:4000/api/admin/subscriptions
        - user-agent: Mozilla/5.0 (Linux; Android 14; Pixel 7) AppleWebKit/537.36 (KHTML, like Gecko) Chrome/151.0.7922.34 Mobile Safari/537.36
        - accept: */*
        - accept-encoding: gzip,deflate,br
        - authorization: Bearer e2e-admin-token-do-not-use-in-prod

        at apiRequestContext.get: connect ECONNREFUSED ::1:4000
        at Object.get (/home/tbaltzakis/cloudless.gr/e2e/_internal/admin-fixture.ts:8:35)
        at /home/tbaltzakis/cloudless.gr/e2e/admin-api-sweep.spec.ts:535:23

    Error Context: test-results/admin-api-sweep-Admin-API--55e3c-GET-api-admin-subscriptions-mobile-chrome/error-context.md

    Retry #1 ───────────────────────────────────────────────────────────────────────────────────────

    Error: apiRequestContext.get: connect ECONNREFUSED ::1:4000
    Call log:
      - → GET http://localhost:4000/api/admin/subscriptions
        - user-agent: Mozilla/5.0 (Linux; Android 14; Pixel 7) AppleWebKit/537.36 (KHTML, like Gecko) Chrome/151.0.7922.34 Mobile Safari/537.36
        - accept: */*
        - accept-encoding: gzip,deflate,br
        - authorization: Bearer e2e-admin-token-do-not-use-in-prod

        at apiRequestContext.get: connect ECONNREFUSED ::1:4000
        at Object.get (/home/tbaltzakis/cloudless.gr/e2e/_internal/admin-fixture.ts:8:35)
        at /home/tbaltzakis/cloudless.gr/e2e/admin-api-sweep.spec.ts:535:23

    Error Context: test-results/admin-api-sweep-Admin-API--55e3c-GET-api-admin-subscriptions-mobile-chrome-retry1/error-context.md

    attachment #2: trace (application/zip) ─────────────────────────────────────────────────────────
    test-results/admin-api-sweep-Admin-API--55e3c-GET-api-admin-subscriptions-mobile-chrome-retry1/trace.zip
    Usage:

        npx playwright show-trace test-results/admin-api-sweep-Admin-API--55e3c-GET-api-admin-subscriptions-mobile-chrome-retry1/trace.zip

    ────────────────────────────────────────────────────────────────────────────────────────────────

  734) [mobile-chrome] › e2e/admin-api-sweep.spec.ts:541:7 › Admin API route sweep (authenticated) › GET /api/admin/users 

    Error: apiRequestContext.get: connect ECONNREFUSED ::1:4000
    Call log:
      - → GET http://localhost:4000/api/admin/users
        - user-agent: Mozilla/5.0 (Linux; Android 14; Pixel 7) AppleWebKit/537.36 (KHTML, like Gecko) Chrome/151.0.7922.34 Mobile Safari/537.36
        - accept: */*
        - accept-encoding: gzip,deflate,br
        - authorization: Bearer e2e-admin-token-do-not-use-in-prod

        at apiRequestContext.get: connect ECONNREFUSED ::1:4000
        at Object.get (/home/tbaltzakis/cloudless.gr/e2e/_internal/admin-fixture.ts:8:35)
        at /home/tbaltzakis/cloudless.gr/e2e/admin-api-sweep.spec.ts:543:23

    Error Context: test-results/admin-api-sweep-Admin-API--b1abc-ticated-GET-api-admin-users-mobile-chrome/error-context.md

    Retry #1 ───────────────────────────────────────────────────────────────────────────────────────

    Error: apiRequestContext.get: connect ECONNREFUSED ::1:4000
    Call log:
      - → GET http://localhost:4000/api/admin/users
        - user-agent: Mozilla/5.0 (Linux; Android 14; Pixel 7) AppleWebKit/537.36 (KHTML, like Gecko) Chrome/151.0.7922.34 Mobile Safari/537.36
        - accept: */*
        - accept-encoding: gzip,deflate,br
        - authorization: Bearer e2e-admin-token-do-not-use-in-prod

        at apiRequestContext.get: connect ECONNREFUSED ::1:4000
        at Object.get (/home/tbaltzakis/cloudless.gr/e2e/_internal/admin-fixture.ts:8:35)
        at /home/tbaltzakis/cloudless.gr/e2e/admin-api-sweep.spec.ts:543:23

    Error Context: test-results/admin-api-sweep-Admin-API--b1abc-ticated-GET-api-admin-users-mobile-chrome-retry1/error-context.md

    attachment #2: trace (application/zip) ─────────────────────────────────────────────────────────
    test-results/admin-api-sweep-Admin-API--b1abc-ticated-GET-api-admin-users-mobile-chrome-retry1/trace.zip
    Usage:

        npx playwright show-trace test-results/admin-api-sweep-Admin-API--b1abc-ticated-GET-api-admin-users-mobile-chrome-retry1/trace.zip

    ────────────────────────────────────────────────────────────────────────────────────────────────

  735) [mobile-chrome] › e2e/admin-api-sweep.spec.ts:549:7 › Admin API route sweep (authenticated) › GET /api/admin/voice-brief 

    Error: apiRequestContext.get: connect ECONNREFUSED ::1:4000
    Call log:
      - → GET http://localhost:4000/api/admin/voice-brief
        - user-agent: Mozilla/5.0 (Linux; Android 14; Pixel 7) AppleWebKit/537.36 (KHTML, like Gecko) Chrome/151.0.7922.34 Mobile Safari/537.36
        - accept: */*
        - accept-encoding: gzip,deflate,br
        - authorization: Bearer e2e-admin-token-do-not-use-in-prod

        at apiRequestContext.get: connect ECONNREFUSED ::1:4000
        at Object.get (/home/tbaltzakis/cloudless.gr/e2e/_internal/admin-fixture.ts:8:35)
        at /home/tbaltzakis/cloudless.gr/e2e/admin-api-sweep.spec.ts:551:23

    Error Context: test-results/admin-api-sweep-Admin-API--fa799-d-GET-api-admin-voice-brief-mobile-chrome/error-context.md

    Retry #1 ───────────────────────────────────────────────────────────────────────────────────────

    Error: apiRequestContext.get: connect ECONNREFUSED ::1:4000
    Call log:
      - → GET http://localhost:4000/api/admin/voice-brief
        - user-agent: Mozilla/5.0 (Linux; Android 14; Pixel 7) AppleWebKit/537.36 (KHTML, like Gecko) Chrome/151.0.7922.34 Mobile Safari/537.36
        - accept: */*
        - accept-encoding: gzip,deflate,br
        - authorization: Bearer e2e-admin-token-do-not-use-in-prod

        at apiRequestContext.get: connect ECONNREFUSED ::1:4000
        at Object.get (/home/tbaltzakis/cloudless.gr/e2e/_internal/admin-fixture.ts:8:35)
        at /home/tbaltzakis/cloudless.gr/e2e/admin-api-sweep.spec.ts:551:23

    Error Context: test-results/admin-api-sweep-Admin-API--fa799-d-GET-api-admin-voice-brief-mobile-chrome-retry1/error-context.md

    attachment #2: trace (application/zip) ─────────────────────────────────────────────────────────
    test-results/admin-api-sweep-Admin-API--fa799-d-GET-api-admin-voice-brief-mobile-chrome-retry1/trace.zip
    Usage:

        npx playwright show-trace test-results/admin-api-sweep-Admin-API--fa799-d-GET-api-admin-voice-brief-mobile-chrome-retry1/trace.zip

    ────────────────────────────────────────────────────────────────────────────────────────────────

  736) [mobile-chrome] › e2e/admin-api-sweep.spec.ts:557:7 › Admin API route sweep (authenticated) › GET /api/admin/workspaces 

    Error: apiRequestContext.get: connect ECONNREFUSED ::1:4000
    Call log:
      - → GET http://localhost:4000/api/admin/workspaces
        - user-agent: Mozilla/5.0 (Linux; Android 14; Pixel 7) AppleWebKit/537.36 (KHTML, like Gecko) Chrome/151.0.7922.34 Mobile Safari/537.36
        - accept: */*
        - accept-encoding: gzip,deflate,br
        - authorization: Bearer e2e-admin-token-do-not-use-in-prod

        at apiRequestContext.get: connect ECONNREFUSED ::1:4000
        at Object.get (/home/tbaltzakis/cloudless.gr/e2e/_internal/admin-fixture.ts:8:35)
        at /home/tbaltzakis/cloudless.gr/e2e/admin-api-sweep.spec.ts:559:23

    Error Context: test-results/admin-api-sweep-Admin-API--c954c-ed-GET-api-admin-workspaces-mobile-chrome/error-context.md

    Retry #1 ───────────────────────────────────────────────────────────────────────────────────────

    Error: apiRequestContext.get: connect ECONNREFUSED ::1:4000
    Call log:
      - → GET http://localhost:4000/api/admin/workspaces
        - user-agent: Mozilla/5.0 (Linux; Android 14; Pixel 7) AppleWebKit/537.36 (KHTML, like Gecko) Chrome/151.0.7922.34 Mobile Safari/537.36
        - accept: */*
        - accept-encoding: gzip,deflate,br
        - authorization: Bearer e2e-admin-token-do-not-use-in-prod

        at apiRequestContext.get: connect ECONNREFUSED ::1:4000
        at Object.get (/home/tbaltzakis/cloudless.gr/e2e/_internal/admin-fixture.ts:8:35)
        at /home/tbaltzakis/cloudless.gr/e2e/admin-api-sweep.spec.ts:559:23

    Error Context: test-results/admin-api-sweep-Admin-API--c954c-ed-GET-api-admin-workspaces-mobile-chrome-retry1/error-context.md

    attachment #2: trace (application/zip) ─────────────────────────────────────────────────────────
    test-results/admin-api-sweep-Admin-API--c954c-ed-GET-api-admin-workspaces-mobile-chrome-retry1/trace.zip
    Usage:

        npx playwright show-trace test-results/admin-api-sweep-Admin-API--c954c-ed-GET-api-admin-workspaces-mobile-chrome-retry1/trace.zip

    ────────────────────────────────────────────────────────────────────────────────────────────────

  737) [mobile-chrome] › e2e/admin-appflowy-cms-api.spec.ts:69:9 › Admin AppFlowy CMS APIs — unauthenticated › GET /api/admin/appflowy/case-studies rejects anon 

    Error: apiRequestContext.get: connect ECONNREFUSED ::1:4000
    Call log:
      - → GET http://localhost:4000/api/admin/appflowy/case-studies
        - user-agent: Mozilla/5.0 (Linux; Android 14; Pixel 7) AppleWebKit/537.36 (KHTML, like Gecko) Chrome/151.0.7922.34 Mobile Safari/537.36
        - accept: */*
        - accept-encoding: gzip,deflate,br

        at apiRequestContext.get: connect ECONNREFUSED ::1:4000
        at /home/tbaltzakis/cloudless.gr/e2e/admin-appflowy-cms-api.spec.ts:70:31

    Error Context: test-results/admin-appflowy-cms-api-Adm-690fc-y-case-studies-rejects-anon-mobile-chrome/error-context.md

    Retry #1 ───────────────────────────────────────────────────────────────────────────────────────

    Error: apiRequestContext.get: connect ECONNREFUSED ::1:4000
    Call log:
      - → GET http://localhost:4000/api/admin/appflowy/case-studies
        - user-agent: Mozilla/5.0 (Linux; Android 14; Pixel 7) AppleWebKit/537.36 (KHTML, like Gecko) Chrome/151.0.7922.34 Mobile Safari/537.36
        - accept: */*
        - accept-encoding: gzip,deflate,br

        at apiRequestContext.get: connect ECONNREFUSED ::1:4000
        at /home/tbaltzakis/cloudless.gr/e2e/admin-appflowy-cms-api.spec.ts:70:31

    Error Context: test-results/admin-appflowy-cms-api-Adm-690fc-y-case-studies-rejects-anon-mobile-chrome-retry1/error-context.md

    attachment #2: trace (application/zip) ─────────────────────────────────────────────────────────
    test-results/admin-appflowy-cms-api-Adm-690fc-y-case-studies-rejects-anon-mobile-chrome-retry1/trace.zip
    Usage:

        npx playwright show-trace test-results/admin-appflowy-cms-api-Adm-690fc-y-case-studies-rejects-anon-mobile-chrome-retry1/trace.zip

    ────────────────────────────────────────────────────────────────────────────────────────────────

  738) [mobile-chrome] › e2e/admin-appflowy-cms-api.spec.ts:74:9 › Admin AppFlowy CMS APIs — unauthenticated › POST /api/admin/appflowy/case-studies rejects anon 

    Error: apiRequestContext.post: connect ECONNREFUSED ::1:4000
    Call log:
      - → POST http://localhost:4000/api/admin/appflowy/case-studies
        - user-agent: Mozilla/5.0 (Linux; Android 14; Pixel 7) AppleWebKit/537.36 (KHTML, like Gecko) Chrome/151.0.7922.34 Mobile Safari/537.36
        - accept: */*
        - accept-encoding: gzip,deflate,br
        - content-type: application/json
        - content-length: 31

        at apiRequestContext.post: connect ECONNREFUSED ::1:4000
        at /home/tbaltzakis/cloudless.gr/e2e/admin-appflowy-cms-api.spec.ts:75:31

    Error Context: test-results/admin-appflowy-cms-api-Adm-c4556-y-case-studies-rejects-anon-mobile-chrome/error-context.md

    Retry #1 ───────────────────────────────────────────────────────────────────────────────────────

    Error: apiRequestContext.post: connect ECONNREFUSED ::1:4000
    Call log:
      - → POST http://localhost:4000/api/admin/appflowy/case-studies
        - user-agent: Mozilla/5.0 (Linux; Android 14; Pixel 7) AppleWebKit/537.36 (KHTML, like Gecko) Chrome/151.0.7922.34 Mobile Safari/537.36
        - accept: */*
        - accept-encoding: gzip,deflate,br
        - content-type: application/json
        - content-length: 31

        at apiRequestContext.post: connect ECONNREFUSED ::1:4000
        at /home/tbaltzakis/cloudless.gr/e2e/admin-appflowy-cms-api.spec.ts:75:31

    Error Context: test-results/admin-appflowy-cms-api-Adm-c4556-y-case-studies-rejects-anon-mobile-chrome-retry1/error-context.md

    attachment #2: trace (application/zip) ─────────────────────────────────────────────────────────
    test-results/admin-appflowy-cms-api-Adm-c4556-y-case-studies-rejects-anon-mobile-chrome-retry1/trace.zip
    Usage:

        npx playwright show-trace test-results/admin-appflowy-cms-api-Adm-c4556-y-case-studies-rejects-anon-mobile-chrome-retry1/trace.zip

    ────────────────────────────────────────────────────────────────────────────────────────────────

  739) [mobile-chrome] › e2e/admin-appflowy-cms-api.spec.ts:84:9 › Admin AppFlowy CMS APIs — unauthenticated › PATCH /api/admin/appflowy/case-studies rejects anon 

    Error: apiRequestContext.patch: connect ECONNREFUSED ::1:4000
    Call log:
      - → PATCH http://localhost:4000/api/admin/appflowy/case-studies
        - user-agent: Mozilla/5.0 (Linux; Android 14; Pixel 7) AppleWebKit/537.36 (KHTML, like Gecko) Chrome/151.0.7922.34 Mobile Safari/537.36
        - accept: */*
        - accept-encoding: gzip,deflate,br
        - content-type: application/json
        - content-length: 14

        at apiRequestContext.patch: connect ECONNREFUSED ::1:4000
        at /home/tbaltzakis/cloudless.gr/e2e/admin-appflowy-cms-api.spec.ts:85:31

    Error Context: test-results/admin-appflowy-cms-api-Adm-12b67-y-case-studies-rejects-anon-mobile-chrome/error-context.md

    Retry #1 ───────────────────────────────────────────────────────────────────────────────────────

    Error: apiRequestContext.patch: connect ECONNREFUSED ::1:4000
    Call log:
      - → PATCH http://localhost:4000/api/admin/appflowy/case-studies
        - user-agent: Mozilla/5.0 (Linux; Android 14; Pixel 7) AppleWebKit/537.36 (KHTML, like Gecko) Chrome/151.0.7922.34 Mobile Safari/537.36
        - accept: */*
        - accept-encoding: gzip,deflate,br
        - content-type: application/json
        - content-length: 14

        at apiRequestContext.patch: connect ECONNREFUSED ::1:4000
        at /home/tbaltzakis/cloudless.gr/e2e/admin-appflowy-cms-api.spec.ts:85:31

    Error Context: test-results/admin-appflowy-cms-api-Adm-12b67-y-case-studies-rejects-anon-mobile-chrome-retry1/error-context.md

    attachment #2: trace (application/zip) ─────────────────────────────────────────────────────────
    test-results/admin-appflowy-cms-api-Adm-12b67-y-case-studies-rejects-anon-mobile-chrome-retry1/trace.zip
    Usage:

        npx playwright show-trace test-results/admin-appflowy-cms-api-Adm-12b67-y-case-studies-rejects-anon-mobile-chrome-retry1/trace.zip

    ────────────────────────────────────────────────────────────────────────────────────────────────

  740) [mobile-chrome] › e2e/admin-appflowy-cms-api.spec.ts:97:9 › Admin AppFlowy CMS APIs — unauthenticated › DELETE /api/admin/appflowy/case-studies rejects anon 

    Error: apiRequestContext.delete: connect ECONNREFUSED ::1:4000
    Call log:
      - → DELETE http://localhost:4000/api/admin/appflowy/case-studies?pageId=x
        - user-agent: Mozilla/5.0 (Linux; Android 14; Pixel 7) AppleWebKit/537.36 (KHTML, like Gecko) Chrome/151.0.7922.34 Mobile Safari/537.36
        - accept: */*
        - accept-encoding: gzip,deflate,br

        at apiRequestContext.delete: connect ECONNREFUSED ::1:4000
        at /home/tbaltzakis/cloudless.gr/e2e/admin-appflowy-cms-api.spec.ts:98:37

    Error Context: test-results/admin-appflowy-cms-api-Adm-b9109-y-case-studies-rejects-anon-mobile-chrome/error-context.md

    Retry #1 ───────────────────────────────────────────────────────────────────────────────────────

    Error: apiRequestContext.delete: connect ECONNREFUSED ::1:4000
    Call log:
      - → DELETE http://localhost:4000/api/admin/appflowy/case-studies?pageId=x
        - user-agent: Mozilla/5.0 (Linux; Android 14; Pixel 7) AppleWebKit/537.36 (KHTML, like Gecko) Chrome/151.0.7922.34 Mobile Safari/537.36
        - accept: */*
        - accept-encoding: gzip,deflate,br

        at apiRequestContext.delete: connect ECONNREFUSED ::1:4000
        at /home/tbaltzakis/cloudless.gr/e2e/admin-appflowy-cms-api.spec.ts:98:37

    Error Context: test-results/admin-appflowy-cms-api-Adm-b9109-y-case-studies-rejects-anon-mobile-chrome-retry1/error-context.md

    attachment #2: trace (application/zip) ─────────────────────────────────────────────────────────
    test-results/admin-appflowy-cms-api-Adm-b9109-y-case-studies-rejects-anon-mobile-chrome-retry1/trace.zip
    Usage:

        npx playwright show-trace test-results/admin-appflowy-cms-api-Adm-b9109-y-case-studies-rejects-anon-mobile-chrome-retry1/trace.zip

    ────────────────────────────────────────────────────────────────────────────────────────────────

  741) [mobile-chrome] › e2e/admin-appflowy-cms-api.spec.ts:69:9 › Admin AppFlowy CMS APIs — unauthenticated › GET /api/admin/appflowy/faqs rejects anon 

    Error: apiRequestContext.get: connect ECONNREFUSED ::1:4000
    Call log:
      - → GET http://localhost:4000/api/admin/appflowy/faqs
        - user-agent: Mozilla/5.0 (Linux; Android 14; Pixel 7) AppleWebKit/537.36 (KHTML, like Gecko) Chrome/151.0.7922.34 Mobile Safari/537.36
        - accept: */*
        - accept-encoding: gzip,deflate,br

        at apiRequestContext.get: connect ECONNREFUSED ::1:4000
        at /home/tbaltzakis/cloudless.gr/e2e/admin-appflowy-cms-api.spec.ts:70:31

    Error Context: test-results/admin-appflowy-cms-api-Adm-2c287--appflowy-faqs-rejects-anon-mobile-chrome/error-context.md

    Retry #1 ───────────────────────────────────────────────────────────────────────────────────────

    Error: apiRequestContext.get: connect ECONNREFUSED ::1:4000
    Call log:
      - → GET http://localhost:4000/api/admin/appflowy/faqs
        - user-agent: Mozilla/5.0 (Linux; Android 14; Pixel 7) AppleWebKit/537.36 (KHTML, like Gecko) Chrome/151.0.7922.34 Mobile Safari/537.36
        - accept: */*
        - accept-encoding: gzip,deflate,br

        at apiRequestContext.get: connect ECONNREFUSED ::1:4000
        at /home/tbaltzakis/cloudless.gr/e2e/admin-appflowy-cms-api.spec.ts:70:31

    Error Context: test-results/admin-appflowy-cms-api-Adm-2c287--appflowy-faqs-rejects-anon-mobile-chrome-retry1/error-context.md

    attachment #2: trace (application/zip) ─────────────────────────────────────────────────────────
    test-results/admin-appflowy-cms-api-Adm-2c287--appflowy-faqs-rejects-anon-mobile-chrome-retry1/trace.zip
    Usage:

        npx playwright show-trace test-results/admin-appflowy-cms-api-Adm-2c287--appflowy-faqs-rejects-anon-mobile-chrome-retry1/trace.zip

    ────────────────────────────────────────────────────────────────────────────────────────────────

  742) [mobile-chrome] › e2e/admin-appflowy-cms-api.spec.ts:74:9 › Admin AppFlowy CMS APIs — unauthenticated › POST /api/admin/appflowy/faqs rejects anon 

    Error: apiRequestContext.post: connect ECONNREFUSED ::1:4000
    Call log:
      - → POST http://localhost:4000/api/admin/appflowy/faqs
        - user-agent: Mozilla/5.0 (Linux; Android 14; Pixel 7) AppleWebKit/537.36 (KHTML, like Gecko) Chrome/151.0.7922.34 Mobile Safari/537.36
        - accept: */*
        - accept-encoding: gzip,deflate,br
        - content-type: application/json
        - content-length: 34

        at apiRequestContext.post: connect ECONNREFUSED ::1:4000
        at /home/tbaltzakis/cloudless.gr/e2e/admin-appflowy-cms-api.spec.ts:75:31

    Error Context: test-results/admin-appflowy-cms-api-Adm-9c84a--appflowy-faqs-rejects-anon-mobile-chrome/error-context.md

    Retry #1 ───────────────────────────────────────────────────────────────────────────────────────

    Error: apiRequestContext.post: connect ECONNREFUSED ::1:4000
    Call log:
      - → POST http://localhost:4000/api/admin/appflowy/faqs
        - user-agent: Mozilla/5.0 (Linux; Android 14; Pixel 7) AppleWebKit/537.36 (KHTML, like Gecko) Chrome/151.0.7922.34 Mobile Safari/537.36
        - accept: */*
        - accept-encoding: gzip,deflate,br
        - content-type: application/json
        - content-length: 34

        at apiRequestContext.post: connect ECONNREFUSED ::1:4000
        at /home/tbaltzakis/cloudless.gr/e2e/admin-appflowy-cms-api.spec.ts:75:31

    Error Context: test-results/admin-appflowy-cms-api-Adm-9c84a--appflowy-faqs-rejects-anon-mobile-chrome-retry1/error-context.md

    attachment #2: trace (application/zip) ─────────────────────────────────────────────────────────
    test-results/admin-appflowy-cms-api-Adm-9c84a--appflowy-faqs-rejects-anon-mobile-chrome-retry1/trace.zip
    Usage:

        npx playwright show-trace test-results/admin-appflowy-cms-api-Adm-9c84a--appflowy-faqs-rejects-anon-mobile-chrome-retry1/trace.zip

    ────────────────────────────────────────────────────────────────────────────────────────────────

  743) [mobile-chrome] › e2e/admin-appflowy-cms-api.spec.ts:84:9 › Admin AppFlowy CMS APIs — unauthenticated › PATCH /api/admin/appflowy/faqs rejects anon 

    Error: apiRequestContext.patch: connect ECONNREFUSED ::1:4000
    Call log:
      - → PATCH http://localhost:4000/api/admin/appflowy/faqs
        - user-agent: Mozilla/5.0 (Linux; Android 14; Pixel 7) AppleWebKit/537.36 (KHTML, like Gecko) Chrome/151.0.7922.34 Mobile Safari/537.36
        - accept: */*
        - accept-encoding: gzip,deflate,br
        - content-type: application/json
        - content-length: 14

        at apiRequestContext.patch: connect ECONNREFUSED ::1:4000
        at /home/tbaltzakis/cloudless.gr/e2e/admin-appflowy-cms-api.spec.ts:85:31

    Error Context: test-results/admin-appflowy-cms-api-Adm-53fc9--appflowy-faqs-rejects-anon-mobile-chrome/error-context.md

    Retry #1 ───────────────────────────────────────────────────────────────────────────────────────

    Error: apiRequestContext.patch: connect ECONNREFUSED ::1:4000
    Call log:
      - → PATCH http://localhost:4000/api/admin/appflowy/faqs
        - user-agent: Mozilla/5.0 (Linux; Android 14; Pixel 7) AppleWebKit/537.36 (KHTML, like Gecko) Chrome/151.0.7922.34 Mobile Safari/537.36
        - accept: */*
        - accept-encoding: gzip,deflate,br
        - content-type: application/json
        - content-length: 14

        at apiRequestContext.patch: connect ECONNREFUSED ::1:4000
        at /home/tbaltzakis/cloudless.gr/e2e/admin-appflowy-cms-api.spec.ts:85:31

    Error Context: test-results/admin-appflowy-cms-api-Adm-53fc9--appflowy-faqs-rejects-anon-mobile-chrome-retry1/error-context.md

    attachment #2: trace (application/zip) ─────────────────────────────────────────────────────────
    test-results/admin-appflowy-cms-api-Adm-53fc9--appflowy-faqs-rejects-anon-mobile-chrome-retry1/trace.zip
    Usage:

        npx playwright show-trace test-results/admin-appflowy-cms-api-Adm-53fc9--appflowy-faqs-rejects-anon-mobile-chrome-retry1/trace.zip

    ────────────────────────────────────────────────────────────────────────────────────────────────

  744) [mobile-chrome] › e2e/admin-appflowy-cms-api.spec.ts:97:9 › Admin AppFlowy CMS APIs — unauthenticated › DELETE /api/admin/appflowy/faqs rejects anon 

    Error: apiRequestContext.delete: connect ECONNREFUSED ::1:4000
    Call log:
      - → DELETE http://localhost:4000/api/admin/appflowy/faqs?pageId=x
        - user-agent: Mozilla/5.0 (Linux; Android 14; Pixel 7) AppleWebKit/537.36 (KHTML, like Gecko) Chrome/151.0.7922.34 Mobile Safari/537.36
        - accept: */*
        - accept-encoding: gzip,deflate,br

        at apiRequestContext.delete: connect ECONNREFUSED ::1:4000
        at /home/tbaltzakis/cloudless.gr/e2e/admin-appflowy-cms-api.spec.ts:98:37

    Error Context: test-results/admin-appflowy-cms-api-Adm-db756--appflowy-faqs-rejects-anon-mobile-chrome/error-context.md

    Retry #1 ───────────────────────────────────────────────────────────────────────────────────────

    Error: apiRequestContext.delete: connect ECONNREFUSED ::1:4000
    Call log:
      - → DELETE http://localhost:4000/api/admin/appflowy/faqs?pageId=x
        - user-agent: Mozilla/5.0 (Linux; Android 14; Pixel 7) AppleWebKit/537.36 (KHTML, like Gecko) Chrome/151.0.7922.34 Mobile Safari/537.36
        - accept: */*
        - accept-encoding: gzip,deflate,br

        at apiRequestContext.delete: connect ECONNREFUSED ::1:4000
        at /home/tbaltzakis/cloudless.gr/e2e/admin-appflowy-cms-api.spec.ts:98:37

    Error Context: test-results/admin-appflowy-cms-api-Adm-db756--appflowy-faqs-rejects-anon-mobile-chrome-retry1/error-context.md

    attachment #2: trace (application/zip) ─────────────────────────────────────────────────────────
    test-results/admin-appflowy-cms-api-Adm-db756--appflowy-faqs-rejects-anon-mobile-chrome-retry1/trace.zip
    Usage:

        npx playwright show-trace test-results/admin-appflowy-cms-api-Adm-db756--appflowy-faqs-rejects-anon-mobile-chrome-retry1/trace.zip

    ────────────────────────────────────────────────────────────────────────────────────────────────

  745) [mobile-chrome] › e2e/admin-appflowy-cms-api.spec.ts:69:9 › Admin AppFlowy CMS APIs — unauthenticated › GET /api/admin/appflowy/services rejects anon 

    Error: apiRequestContext.get: connect ECONNREFUSED ::1:4000
    Call log:
      - → GET http://localhost:4000/api/admin/appflowy/services
        - user-agent: Mozilla/5.0 (Linux; Android 14; Pixel 7) AppleWebKit/537.36 (KHTML, like Gecko) Chrome/151.0.7922.34 Mobile Safari/537.36
        - accept: */*
        - accept-encoding: gzip,deflate,br

        at apiRequestContext.get: connect ECONNREFUSED ::1:4000
        at /home/tbaltzakis/cloudless.gr/e2e/admin-appflowy-cms-api.spec.ts:70:31

    Error Context: test-results/admin-appflowy-cms-api-Adm-ad53b-flowy-services-rejects-anon-mobile-chrome/error-context.md

    Retry #1 ───────────────────────────────────────────────────────────────────────────────────────

    Error: apiRequestContext.get: connect ECONNREFUSED ::1:4000
    Call log:
      - → GET http://localhost:4000/api/admin/appflowy/services
        - user-agent: Mozilla/5.0 (Linux; Android 14; Pixel 7) AppleWebKit/537.36 (KHTML, like Gecko) Chrome/151.0.7922.34 Mobile Safari/537.36
        - accept: */*
        - accept-encoding: gzip,deflate,br

        at apiRequestContext.get: connect ECONNREFUSED ::1:4000
        at /home/tbaltzakis/cloudless.gr/e2e/admin-appflowy-cms-api.spec.ts:70:31

    Error Context: test-results/admin-appflowy-cms-api-Adm-ad53b-flowy-services-rejects-anon-mobile-chrome-retry1/error-context.md

    attachment #2: trace (application/zip) ─────────────────────────────────────────────────────────
    test-results/admin-appflowy-cms-api-Adm-ad53b-flowy-services-rejects-anon-mobile-chrome-retry1/trace.zip
    Usage:

        npx playwright show-trace test-results/admin-appflowy-cms-api-Adm-ad53b-flowy-services-rejects-anon-mobile-chrome-retry1/trace.zip

    ────────────────────────────────────────────────────────────────────────────────────────────────

  746) [mobile-chrome] › e2e/admin-appflowy-cms-api.spec.ts:74:9 › Admin AppFlowy CMS APIs — unauthenticated › POST /api/admin/appflowy/services rejects anon 

    Error: apiRequestContext.post: connect ECONNREFUSED ::1:4000
    Call log:
      - → POST http://localhost:4000/api/admin/appflowy/services
        - user-agent: Mozilla/5.0 (Linux; Android 14; Pixel 7) AppleWebKit/537.36 (KHTML, like Gecko) Chrome/151.0.7922.34 Mobile Safari/537.36
        - accept: */*
        - accept-encoding: gzip,deflate,br
        - content-type: application/json
        - content-length: 27

        at apiRequestContext.post: connect ECONNREFUSED ::1:4000
        at /home/tbaltzakis/cloudless.gr/e2e/admin-appflowy-cms-api.spec.ts:75:31

    Error Context: test-results/admin-appflowy-cms-api-Adm-d396f-flowy-services-rejects-anon-mobile-chrome/error-context.md

    Retry #1 ───────────────────────────────────────────────────────────────────────────────────────

    Error: apiRequestContext.post: connect ECONNREFUSED ::1:4000
    Call log:
      - → POST http://localhost:4000/api/admin/appflowy/services
        - user-agent: Mozilla/5.0 (Linux; Android 14; Pixel 7) AppleWebKit/537.36 (KHTML, like Gecko) Chrome/151.0.7922.34 Mobile Safari/537.36
        - accept: */*
        - accept-encoding: gzip,deflate,br
        - content-type: application/json
        - content-length: 27

        at apiRequestContext.post: connect ECONNREFUSED ::1:4000
        at /home/tbaltzakis/cloudless.gr/e2e/admin-appflowy-cms-api.spec.ts:75:31

    Error Context: test-results/admin-appflowy-cms-api-Adm-d396f-flowy-services-rejects-anon-mobile-chrome-retry1/error-context.md

    attachment #2: trace (application/zip) ─────────────────────────────────────────────────────────
    test-results/admin-appflowy-cms-api-Adm-d396f-flowy-services-rejects-anon-mobile-chrome-retry1/trace.zip
    Usage:

        npx playwright show-trace test-results/admin-appflowy-cms-api-Adm-d396f-flowy-services-rejects-anon-mobile-chrome-retry1/trace.zip

    ────────────────────────────────────────────────────────────────────────────────────────────────

  747) [mobile-chrome] › e2e/admin-appflowy-cms-api.spec.ts:84:9 › Admin AppFlowy CMS APIs — unauthenticated › PATCH /api/admin/appflowy/services rejects anon 

    Error: apiRequestContext.patch: connect ECONNREFUSED ::1:4000
    Call log:
      - → PATCH http://localhost:4000/api/admin/appflowy/services
        - user-agent: Mozilla/5.0 (Linux; Android 14; Pixel 7) AppleWebKit/537.36 (KHTML, like Gecko) Chrome/151.0.7922.34 Mobile Safari/537.36
        - accept: */*
        - accept-encoding: gzip,deflate,br
        - content-type: application/json
        - content-length: 14

        at apiRequestContext.patch: connect ECONNREFUSED ::1:4000
        at /home/tbaltzakis/cloudless.gr/e2e/admin-appflowy-cms-api.spec.ts:85:31

    Error Context: test-results/admin-appflowy-cms-api-Adm-22eb5-flowy-services-rejects-anon-mobile-chrome/error-context.md

    Retry #1 ───────────────────────────────────────────────────────────────────────────────────────

    Error: apiRequestContext.patch: connect ECONNREFUSED ::1:4000
    Call log:
      - → PATCH http://localhost:4000/api/admin/appflowy/services
        - user-agent: Mozilla/5.0 (Linux; Android 14; Pixel 7) AppleWebKit/537.36 (KHTML, like Gecko) Chrome/151.0.7922.34 Mobile Safari/537.36
        - accept: */*
        - accept-encoding: gzip,deflate,br
        - content-type: application/json
        - content-length: 14

        at apiRequestContext.patch: connect ECONNREFUSED ::1:4000
        at /home/tbaltzakis/cloudless.gr/e2e/admin-appflowy-cms-api.spec.ts:85:31

    Error Context: test-results/admin-appflowy-cms-api-Adm-22eb5-flowy-services-rejects-anon-mobile-chrome-retry1/error-context.md

    attachment #2: trace (application/zip) ─────────────────────────────────────────────────────────
    test-results/admin-appflowy-cms-api-Adm-22eb5-flowy-services-rejects-anon-mobile-chrome-retry1/trace.zip
    Usage:

        npx playwright show-trace test-results/admin-appflowy-cms-api-Adm-22eb5-flowy-services-rejects-anon-mobile-chrome-retry1/trace.zip

    ────────────────────────────────────────────────────────────────────────────────────────────────

  748) [mobile-chrome] › e2e/admin-appflowy-cms-api.spec.ts:97:9 › Admin AppFlowy CMS APIs — unauthenticated › DELETE /api/admin/appflowy/services rejects anon 

    Error: apiRequestContext.delete: connect ECONNREFUSED ::1:4000
    Call log:
      - → DELETE http://localhost:4000/api/admin/appflowy/services?pageId=x
        - user-agent: Mozilla/5.0 (Linux; Android 14; Pixel 7) AppleWebKit/537.36 (KHTML, like Gecko) Chrome/151.0.7922.34 Mobile Safari/537.36
        - accept: */*
        - accept-encoding: gzip,deflate,br

        at apiRequestContext.delete: connect ECONNREFUSED ::1:4000
        at /home/tbaltzakis/cloudless.gr/e2e/admin-appflowy-cms-api.spec.ts:98:37

    Error Context: test-results/admin-appflowy-cms-api-Adm-8ef1c-flowy-services-rejects-anon-mobile-chrome/error-context.md

    Retry #1 ───────────────────────────────────────────────────────────────────────────────────────

    Error: apiRequestContext.delete: connect ECONNREFUSED ::1:4000
    Call log:
      - → DELETE http://localhost:4000/api/admin/appflowy/services?pageId=x
        - user-agent: Mozilla/5.0 (Linux; Android 14; Pixel 7) AppleWebKit/537.36 (KHTML, like Gecko) Chrome/151.0.7922.34 Mobile Safari/537.36
        - accept: */*
        - accept-encoding: gzip,deflate,br

        at apiRequestContext.delete: connect ECONNREFUSED ::1:4000
        at /home/tbaltzakis/cloudless.gr/e2e/admin-appflowy-cms-api.spec.ts:98:37

    Error Context: test-results/admin-appflowy-cms-api-Adm-8ef1c-flowy-services-rejects-anon-mobile-chrome-retry1/error-context.md

    attachment #2: trace (application/zip) ─────────────────────────────────────────────────────────
    test-results/admin-appflowy-cms-api-Adm-8ef1c-flowy-services-rejects-anon-mobile-chrome-retry1/trace.zip
    Usage:

        npx playwright show-trace test-results/admin-appflowy-cms-api-Adm-8ef1c-flowy-services-rejects-anon-mobile-chrome-retry1/trace.zip

    ────────────────────────────────────────────────────────────────────────────────────────────────

  749) [mobile-chrome] › e2e/admin-appflowy-cms-api.spec.ts:69:9 › Admin AppFlowy CMS APIs — unauthenticated › GET /api/admin/appflowy/testimonials rejects anon 

    Error: apiRequestContext.get: connect ECONNREFUSED ::1:4000
    Call log:
      - → GET http://localhost:4000/api/admin/appflowy/testimonials
        - user-agent: Mozilla/5.0 (Linux; Android 14; Pixel 7) AppleWebKit/537.36 (KHTML, like Gecko) Chrome/151.0.7922.34 Mobile Safari/537.36
        - accept: */*
        - accept-encoding: gzip,deflate,br

        at apiRequestContext.get: connect ECONNREFUSED ::1:4000
        at /home/tbaltzakis/cloudless.gr/e2e/admin-appflowy-cms-api.spec.ts:70:31

    Error Context: test-results/admin-appflowy-cms-api-Adm-a8467-y-testimonials-rejects-anon-mobile-chrome/error-context.md

    Retry #1 ───────────────────────────────────────────────────────────────────────────────────────

    Error: apiRequestContext.get: connect ECONNREFUSED ::1:4000
    Call log:
      - → GET http://localhost:4000/api/admin/appflowy/testimonials
        - user-agent: Mozilla/5.0 (Linux; Android 14; Pixel 7) AppleWebKit/537.36 (KHTML, like Gecko) Chrome/151.0.7922.34 Mobile Safari/537.36
        - accept: */*
        - accept-encoding: gzip,deflate,br

        at apiRequestContext.get: connect ECONNREFUSED ::1:4000
        at /home/tbaltzakis/cloudless.gr/e2e/admin-appflowy-cms-api.spec.ts:70:31

    Error Context: test-results/admin-appflowy-cms-api-Adm-a8467-y-testimonials-rejects-anon-mobile-chrome-retry1/error-context.md

    attachment #2: trace (application/zip) ─────────────────────────────────────────────────────────
    test-results/admin-appflowy-cms-api-Adm-a8467-y-testimonials-rejects-anon-mobile-chrome-retry1/trace.zip
    Usage:

        npx playwright show-trace test-results/admin-appflowy-cms-api-Adm-a8467-y-testimonials-rejects-anon-mobile-chrome-retry1/trace.zip

    ────────────────────────────────────────────────────────────────────────────────────────────────

  750) [mobile-chrome] › e2e/admin-appflowy-cms-api.spec.ts:74:9 › Admin AppFlowy CMS APIs — unauthenticated › POST /api/admin/appflowy/testimonials rejects anon 

    Error: apiRequestContext.post: connect ECONNREFUSED ::1:4000
    Call log:
      - → POST http://localhost:4000/api/admin/appflowy/testimonials
        - user-agent: Mozilla/5.0 (Linux; Android 14; Pixel 7) AppleWebKit/537.36 (KHTML, like Gecko) Chrome/151.0.7922.34 Mobile Safari/537.36
        - accept: */*
        - accept-encoding: gzip,deflate,br
        - content-type: application/json
        - content-length: 50

        at apiRequestContext.post: connect ECONNREFUSED ::1:4000
        at /home/tbaltzakis/cloudless.gr/e2e/admin-appflowy-cms-api.spec.ts:75:31

    Error Context: test-results/admin-appflowy-cms-api-Adm-2b714-y-testimonials-rejects-anon-mobile-chrome/error-context.md

    Retry #1 ───────────────────────────────────────────────────────────────────────────────────────

    Error: apiRequestContext.post: connect ECONNREFUSED ::1:4000
    Call log:
      - → POST http://localhost:4000/api/admin/appflowy/testimonials
        - user-agent: Mozilla/5.0 (Linux; Android 14; Pixel 7) AppleWebKit/537.36 (KHTML, like Gecko) Chrome/151.0.7922.34 Mobile Safari/537.36
        - accept: */*
        - accept-encoding: gzip,deflate,br
        - content-type: application/json
        - content-length: 50

        at apiRequestContext.post: connect ECONNREFUSED ::1:4000
        at /home/tbaltzakis/cloudless.gr/e2e/admin-appflowy-cms-api.spec.ts:75:31

    Error Context: test-results/admin-appflowy-cms-api-Adm-2b714-y-testimonials-rejects-anon-mobile-chrome-retry1/error-context.md

    attachment #2: trace (application/zip) ─────────────────────────────────────────────────────────
    test-results/admin-appflowy-cms-api-Adm-2b714-y-testimonials-rejects-anon-mobile-chrome-retry1/trace.zip
    Usage:

        npx playwright show-trace test-results/admin-appflowy-cms-api-Adm-2b714-y-testimonials-rejects-anon-mobile-chrome-retry1/trace.zip

    ────────────────────────────────────────────────────────────────────────────────────────────────

  751) [mobile-chrome] › e2e/admin-appflowy-cms-api.spec.ts:84:9 › Admin AppFlowy CMS APIs — unauthenticated › PATCH /api/admin/appflowy/testimonials rejects anon 

    Error: apiRequestContext.patch: connect ECONNREFUSED ::1:4000
    Call log:
      - → PATCH http://localhost:4000/api/admin/appflowy/testimonials
        - user-agent: Mozilla/5.0 (Linux; Android 14; Pixel 7) AppleWebKit/537.36 (KHTML, like Gecko) Chrome/151.0.7922.34 Mobile Safari/537.36
        - accept: */*
        - accept-encoding: gzip,deflate,br
        - content-type: application/json
        - content-length: 14

        at apiRequestContext.patch: connect ECONNREFUSED ::1:4000
        at /home/tbaltzakis/cloudless.gr/e2e/admin-appflowy-cms-api.spec.ts:85:31

    Error Context: test-results/admin-appflowy-cms-api-Adm-8fea8-y-testimonials-rejects-anon-mobile-chrome/error-context.md

    Retry #1 ───────────────────────────────────────────────────────────────────────────────────────

    Error: apiRequestContext.patch: connect ECONNREFUSED ::1:4000
    Call log:
      - → PATCH http://localhost:4000/api/admin/appflowy/testimonials
        - user-agent: Mozilla/5.0 (Linux; Android 14; Pixel 7) AppleWebKit/537.36 (KHTML, like Gecko) Chrome/151.0.7922.34 Mobile Safari/537.36
        - accept: */*
        - accept-encoding: gzip,deflate,br
        - content-type: application/json
        - content-length: 14

        at apiRequestContext.patch: connect ECONNREFUSED ::1:4000
        at /home/tbaltzakis/cloudless.gr/e2e/admin-appflowy-cms-api.spec.ts:85:31

    Error Context: test-results/admin-appflowy-cms-api-Adm-8fea8-y-testimonials-rejects-anon-mobile-chrome-retry1/error-context.md

    attachment #2: trace (application/zip) ─────────────────────────────────────────────────────────
    test-results/admin-appflowy-cms-api-Adm-8fea8-y-testimonials-rejects-anon-mobile-chrome-retry1/trace.zip
    Usage:

        npx playwright show-trace test-results/admin-appflowy-cms-api-Adm-8fea8-y-testimonials-rejects-anon-mobile-chrome-retry1/trace.zip

    ────────────────────────────────────────────────────────────────────────────────────────────────

  752) [mobile-chrome] › e2e/admin-appflowy-cms-api.spec.ts:97:9 › Admin AppFlowy CMS APIs — unauthenticated › DELETE /api/admin/appflowy/testimonials rejects anon 

    Error: apiRequestContext.delete: connect ECONNREFUSED ::1:4000
    Call log:
      - → DELETE http://localhost:4000/api/admin/appflowy/testimonials?pageId=x
        - user-agent: Mozilla/5.0 (Linux; Android 14; Pixel 7) AppleWebKit/537.36 (KHTML, like Gecko) Chrome/151.0.7922.34 Mobile Safari/537.36
        - accept: */*
        - accept-encoding: gzip,deflate,br

        at apiRequestContext.delete: connect ECONNREFUSED ::1:4000
        at /home/tbaltzakis/cloudless.gr/e2e/admin-appflowy-cms-api.spec.ts:98:37

    Error Context: test-results/admin-appflowy-cms-api-Adm-7b046-y-testimonials-rejects-anon-mobile-chrome/error-context.md

    Retry #1 ───────────────────────────────────────────────────────────────────────────────────────

    Error: apiRequestContext.delete: connect ECONNREFUSED ::1:4000
    Call log:
      - → DELETE http://localhost:4000/api/admin/appflowy/testimonials?pageId=x
        - user-agent: Mozilla/5.0 (Linux; Android 14; Pixel 7) AppleWebKit/537.36 (KHTML, like Gecko) Chrome/151.0.7922.34 Mobile Safari/537.36
        - accept: */*
        - accept-encoding: gzip,deflate,br

        at apiRequestContext.delete: connect ECONNREFUSED ::1:4000
        at /home/tbaltzakis/cloudless.gr/e2e/admin-appflowy-cms-api.spec.ts:98:37

    Error Context: test-results/admin-appflowy-cms-api-Adm-7b046-y-testimonials-rejects-anon-mobile-chrome-retry1/error-context.md

    attachment #2: trace (application/zip) ─────────────────────────────────────────────────────────
    test-results/admin-appflowy-cms-api-Adm-7b046-y-testimonials-rejects-anon-mobile-chrome-retry1/trace.zip
    Usage:

        npx playwright show-trace test-results/admin-appflowy-cms-api-Adm-7b046-y-testimonials-rejects-anon-mobile-chrome-retry1/trace.zip

    ────────────────────────────────────────────────────────────────────────────────────────────────

  753) [mobile-chrome] › e2e/admin-appflowy-cms-api.spec.ts:105:7 › Admin AppFlowy CMS APIs — unauthenticated › Bearer with garbage token still rejected 

    Error: apiRequestContext.get: connect ECONNREFUSED ::1:4000
    Call log:
      - → GET http://localhost:4000/api/admin/appflowy/case-studies
        - user-agent: Mozilla/5.0 (Linux; Android 14; Pixel 7) AppleWebKit/537.36 (KHTML, like Gecko) Chrome/151.0.7922.34 Mobile Safari/537.36
        - accept: */*
        - accept-encoding: gzip,deflate,br
        - Authorization: Bearer garbage

        at apiRequestContext.get: connect ECONNREFUSED ::1:4000
        at /home/tbaltzakis/cloudless.gr/e2e/admin-appflowy-cms-api.spec.ts:106:29

    Error Context: test-results/admin-appflowy-cms-api-Adm-8a222-arbage-token-still-rejected-mobile-chrome/error-context.md

    Retry #1 ───────────────────────────────────────────────────────────────────────────────────────

    Error: apiRequestContext.get: connect ECONNREFUSED ::1:4000
    Call log:
      - → GET http://localhost:4000/api/admin/appflowy/case-studies
        - user-agent: Mozilla/5.0 (Linux; Android 14; Pixel 7) AppleWebKit/537.36 (KHTML, like Gecko) Chrome/151.0.7922.34 Mobile Safari/537.36
        - accept: */*
        - accept-encoding: gzip,deflate,br
        - Authorization: Bearer garbage

        at apiRequestContext.get: connect ECONNREFUSED ::1:4000
        at /home/tbaltzakis/cloudless.gr/e2e/admin-appflowy-cms-api.spec.ts:106:29

    Error Context: test-results/admin-appflowy-cms-api-Adm-8a222-arbage-token-still-rejected-mobile-chrome-retry1/error-context.md

    attachment #2: trace (application/zip) ─────────────────────────────────────────────────────────
    test-results/admin-appflowy-cms-api-Adm-8a222-arbage-token-still-rejected-mobile-chrome-retry1/trace.zip
    Usage:

        npx playwright show-trace test-results/admin-appflowy-cms-api-Adm-8a222-arbage-token-still-rejected-mobile-chrome-retry1/trace.zip

    ────────────────────────────────────────────────────────────────────────────────────────────────

  754) [mobile-chrome] › e2e/admin-appflowy-cms-api.spec.ts:116:9 › Admin AppFlowy CMS APIs — authenticated › GET /api/admin/appflowy/case-studies passes auth gate and matches shape when 200 

    Error: apiRequestContext.get: connect ECONNREFUSED ::1:4000
    Call log:
      - → GET http://localhost:4000/api/admin/appflowy/case-studies
        - user-agent: Mozilla/5.0 (Linux; Android 14; Pixel 7) AppleWebKit/537.36 (KHTML, like Gecko) Chrome/151.0.7922.34 Mobile Safari/537.36
        - accept: */*
        - accept-encoding: gzip,deflate,br
        - authorization: Bearer e2e-admin-token-do-not-use-in-prod

        at apiRequestContext.get: connect ECONNREFUSED ::1:4000
        at Object.get (/home/tbaltzakis/cloudless.gr/e2e/_internal/admin-fixture.ts:8:35)
        at /home/tbaltzakis/cloudless.gr/e2e/admin-appflowy-cms-api.spec.ts:118:25

    Error Context: test-results/admin-appflowy-cms-api-Adm-be96b--and-matches-shape-when-200-mobile-chrome/error-context.md

    Retry #1 ───────────────────────────────────────────────────────────────────────────────────────

    Error: apiRequestContext.get: connect ECONNREFUSED ::1:4000
    Call log:
      - → GET http://localhost:4000/api/admin/appflowy/case-studies
        - user-agent: Mozilla/5.0 (Linux; Android 14; Pixel 7) AppleWebKit/537.36 (KHTML, like Gecko) Chrome/151.0.7922.34 Mobile Safari/537.36
        - accept: */*
        - accept-encoding: gzip,deflate,br
        - authorization: Bearer e2e-admin-token-do-not-use-in-prod

        at apiRequestContext.get: connect ECONNREFUSED ::1:4000
        at Object.get (/home/tbaltzakis/cloudless.gr/e2e/_internal/admin-fixture.ts:8:35)
        at /home/tbaltzakis/cloudless.gr/e2e/admin-appflowy-cms-api.spec.ts:118:25

    Error Context: test-results/admin-appflowy-cms-api-Adm-be96b--and-matches-shape-when-200-mobile-chrome-retry1/error-context.md

    attachment #2: trace (application/zip) ─────────────────────────────────────────────────────────
    test-results/admin-appflowy-cms-api-Adm-be96b--and-matches-shape-when-200-mobile-chrome-retry1/trace.zip
    Usage:

        npx playwright show-trace test-results/admin-appflowy-cms-api-Adm-be96b--and-matches-shape-when-200-mobile-chrome-retry1/trace.zip

    ────────────────────────────────────────────────────────────────────────────────────────────────

  755) [mobile-chrome] › e2e/admin-appflowy-cms-api.spec.ts:138:9 › Admin AppFlowy CMS APIs — authenticated › POST /api/admin/appflowy/case-studies rejects invalid JSON (AppFlowy admin contract) 

    Error: apiRequestContext.post: connect ECONNREFUSED ::1:4000
    Call log:
      - → POST http://localhost:4000/api/admin/appflowy/case-studies
        - user-agent: Mozilla/5.0 (Linux; Android 14; Pixel 7) AppleWebKit/537.36 (KHTML, like Gecko) Chrome/151.0.7922.34 Mobile Safari/537.36
        - accept: */*
        - accept-encoding: gzip,deflate,br
        - content-type: application/json
        - authorization: Bearer e2e-admin-token-do-not-use-in-prod
        - content-length: 11

        at apiRequestContext.post: connect ECONNREFUSED ::1:4000
        at /home/tbaltzakis/cloudless.gr/e2e/admin-appflowy-cms-api.spec.ts:139:31

    Error Context: test-results/admin-appflowy-cms-api-Adm-77444-ON-AppFlowy-admin-contract--mobile-chrome/error-context.md

    Retry #1 ───────────────────────────────────────────────────────────────────────────────────────

    Error: apiRequestContext.post: connect ECONNREFUSED ::1:4000
    Call log:
      - → POST http://localhost:4000/api/admin/appflowy/case-studies
        - user-agent: Mozilla/5.0 (Linux; Android 14; Pixel 7) AppleWebKit/537.36 (KHTML, like Gecko) Chrome/151.0.7922.34 Mobile Safari/537.36
        - accept: */*
        - accept-encoding: gzip,deflate,br
        - content-type: application/json
        - authorization: Bearer e2e-admin-token-do-not-use-in-prod
        - content-length: 11

        at apiRequestContext.post: connect ECONNREFUSED ::1:4000
        at /home/tbaltzakis/cloudless.gr/e2e/admin-appflowy-cms-api.spec.ts:139:31

    Error Context: test-results/admin-appflowy-cms-api-Adm-77444-ON-AppFlowy-admin-contract--mobile-chrome-retry1/error-context.md

    attachment #2: trace (application/zip) ─────────────────────────────────────────────────────────
    test-results/admin-appflowy-cms-api-Adm-77444-ON-AppFlowy-admin-contract--mobile-chrome-retry1/trace.zip
    Usage:

        npx playwright show-trace test-results/admin-appflowy-cms-api-Adm-77444-ON-AppFlowy-admin-contract--mobile-chrome-retry1/trace.zip

    ────────────────────────────────────────────────────────────────────────────────────────────────

  756) [mobile-chrome] › e2e/admin-appflowy-cms-api.spec.ts:156:9 › Admin AppFlowy CMS APIs — authenticated › POST /api/admin/appflowy/case-studies rejects body missing required field (AppFlowy contract) 

    Error: apiRequestContext.post: connect ECONNREFUSED ::1:4000
    Call log:
      - → POST http://localhost:4000/api/admin/appflowy/case-studies
        - user-agent: Mozilla/5.0 (Linux; Android 14; Pixel 7) AppleWebKit/537.36 (KHTML, like Gecko) Chrome/151.0.7922.34 Mobile Safari/537.36
        - accept: */*
        - accept-encoding: gzip,deflate,br
        - authorization: Bearer e2e-admin-token-do-not-use-in-prod
        - content-type: application/json
        - content-length: 15

        at apiRequestContext.post: connect ECONNREFUSED ::1:4000
        at Object.post (/home/tbaltzakis/cloudless.gr/e2e/_internal/admin-fixture.ts:10:15)
        at /home/tbaltzakis/cloudless.gr/e2e/admin-appflowy-cms-api.spec.ts:158:25

    Error Context: test-results/admin-appflowy-cms-api-Adm-c97f1-ed-field-AppFlowy-contract--mobile-chrome/error-context.md

    Retry #1 ───────────────────────────────────────────────────────────────────────────────────────

    Error: apiRequestContext.post: connect ECONNREFUSED ::1:4000
    Call log:
      - → POST http://localhost:4000/api/admin/appflowy/case-studies
        - user-agent: Mozilla/5.0 (Linux; Android 14; Pixel 7) AppleWebKit/537.36 (KHTML, like Gecko) Chrome/151.0.7922.34 Mobile Safari/537.36
        - accept: */*
        - accept-encoding: gzip,deflate,br
        - authorization: Bearer e2e-admin-token-do-not-use-in-prod
        - content-type: application/json
        - content-length: 15

        at apiRequestContext.post: connect ECONNREFUSED ::1:4000
        at Object.post (/home/tbaltzakis/cloudless.gr/e2e/_internal/admin-fixture.ts:10:15)
        at /home/tbaltzakis/cloudless.gr/e2e/admin-appflowy-cms-api.spec.ts:158:25

    Error Context: test-results/admin-appflowy-cms-api-Adm-c97f1-ed-field-AppFlowy-contract--mobile-chrome-retry1/error-context.md

    attachment #2: trace (application/zip) ─────────────────────────────────────────────────────────
    test-results/admin-appflowy-cms-api-Adm-c97f1-ed-field-AppFlowy-contract--mobile-chrome-retry1/trace.zip
    Usage:

        npx playwright show-trace test-results/admin-appflowy-cms-api-Adm-c97f1-ed-field-AppFlowy-contract--mobile-chrome-retry1/trace.zip

    ────────────────────────────────────────────────────────────────────────────────────────────────

  757) [mobile-chrome] › e2e/admin-appflowy-cms-api.spec.ts:166:9 › Admin AppFlowy CMS APIs — authenticated › PATCH /api/admin/appflowy/case-studies handles missing pageId (AppFlowy contract) 

    Error: apiRequestContext.patch: connect ECONNREFUSED ::1:4000
    Call log:
      - → PATCH http://localhost:4000/api/admin/appflowy/case-studies
        - user-agent: Mozilla/5.0 (Linux; Android 14; Pixel 7) AppleWebKit/537.36 (KHTML, like Gecko) Chrome/151.0.7922.34 Mobile Safari/537.36
        - accept: */*
        - accept-encoding: gzip,deflate,br
        - authorization: Bearer e2e-admin-token-do-not-use-in-prod
        - content-type: application/json
        - content-length: 26

        at apiRequestContext.patch: connect ECONNREFUSED ::1:4000
        at Object.patch (/home/tbaltzakis/cloudless.gr/e2e/_internal/admin-fixture.ts:31:15)
        at /home/tbaltzakis/cloudless.gr/e2e/admin-appflowy-cms-api.spec.ts:168:25

    Error Context: test-results/admin-appflowy-cms-api-Adm-bca03-g-pageId-AppFlowy-contract--mobile-chrome/error-context.md

    Retry #1 ───────────────────────────────────────────────────────────────────────────────────────

    Error: apiRequestContext.patch: connect ECONNREFUSED ::1:4000
    Call log:
      - → PATCH http://localhost:4000/api/admin/appflowy/case-studies
        - user-agent: Mozilla/5.0 (Linux; Android 14; Pixel 7) AppleWebKit/537.36 (KHTML, like Gecko) Chrome/151.0.7922.34 Mobile Safari/537.36
        - accept: */*
        - accept-encoding: gzip,deflate,br
        - authorization: Bearer e2e-admin-token-do-not-use-in-prod
        - content-type: application/json
        - content-length: 26

        at apiRequestContext.patch: connect ECONNREFUSED ::1:4000
        at Object.patch (/home/tbaltzakis/cloudless.gr/e2e/_internal/admin-fixture.ts:31:15)
        at /home/tbaltzakis/cloudless.gr/e2e/admin-appflowy-cms-api.spec.ts:168:25

    Error Context: test-results/admin-appflowy-cms-api-Adm-bca03-g-pageId-AppFlowy-contract--mobile-chrome-retry1/error-context.md

    attachment #2: trace (application/zip) ─────────────────────────────────────────────────────────
    test-results/admin-appflowy-cms-api-Adm-bca03-g-pageId-AppFlowy-contract--mobile-chrome-retry1/trace.zip
    Usage:

        npx playwright show-trace test-results/admin-appflowy-cms-api-Adm-bca03-g-pageId-AppFlowy-contract--mobile-chrome-retry1/trace.zip

    ────────────────────────────────────────────────────────────────────────────────────────────────

  758) [mobile-chrome] › e2e/admin-appflowy-cms-api.spec.ts:178:9 › Admin AppFlowy CMS APIs — authenticated › DELETE /api/admin/appflowy/case-studies is routed to AppFlowy UI (501 expected) 

    Error: apiRequestContext.delete: connect ECONNREFUSED ::1:4000
    Call log:
      - → DELETE http://localhost:4000/api/admin/appflowy/case-studies
        - user-agent: Mozilla/5.0 (Linux; Android 14; Pixel 7) AppleWebKit/537.36 (KHTML, like Gecko) Chrome/151.0.7922.34 Mobile Safari/537.36
        - accept: */*
        - accept-encoding: gzip,deflate,br
        - authorization: Bearer e2e-admin-token-do-not-use-in-prod

        at apiRequestContext.delete: connect ECONNREFUSED ::1:4000
        at Object.delete (/home/tbaltzakis/cloudless.gr/e2e/_internal/admin-fixture.ts:29:21)
        at /home/tbaltzakis/cloudless.gr/e2e/admin-appflowy-cms-api.spec.ts:180:31

    Error Context: test-results/admin-appflowy-cms-api-Adm-b8ab8-o-AppFlowy-UI-501-expected--mobile-chrome/error-context.md

    Retry #1 ───────────────────────────────────────────────────────────────────────────────────────

    Error: apiRequestContext.delete: connect ECONNREFUSED ::1:4000
    Call log:
      - → DELETE http://localhost:4000/api/admin/appflowy/case-studies
        - user-agent: Mozilla/5.0 (Linux; Android 14; Pixel 7) AppleWebKit/537.36 (KHTML, like Gecko) Chrome/151.0.7922.34 Mobile Safari/537.36
        - accept: */*
        - accept-encoding: gzip,deflate,br
        - authorization: Bearer e2e-admin-token-do-not-use-in-prod

        at apiRequestContext.delete: connect ECONNREFUSED ::1:4000
        at Object.delete (/home/tbaltzakis/cloudless.gr/e2e/_internal/admin-fixture.ts:29:21)
        at /home/tbaltzakis/cloudless.gr/e2e/admin-appflowy-cms-api.spec.ts:180:31

    Error Context: test-results/admin-appflowy-cms-api-Adm-b8ab8-o-AppFlowy-UI-501-expected--mobile-chrome-retry1/error-context.md

    attachment #2: trace (application/zip) ─────────────────────────────────────────────────────────
    test-results/admin-appflowy-cms-api-Adm-b8ab8-o-AppFlowy-UI-501-expected--mobile-chrome-retry1/trace.zip
    Usage:

        npx playwright show-trace test-results/admin-appflowy-cms-api-Adm-b8ab8-o-AppFlowy-UI-501-expected--mobile-chrome-retry1/trace.zip

    ────────────────────────────────────────────────────────────────────────────────────────────────

  759) [mobile-chrome] › e2e/admin-appflowy-cms-api.spec.ts:116:9 › Admin AppFlowy CMS APIs — authenticated › GET /api/admin/appflowy/faqs passes auth gate and matches shape when 200 

    Error: apiRequestContext.get: connect ECONNREFUSED ::1:4000
    Call log:
      - → GET http://localhost:4000/api/admin/appflowy/faqs
        - user-agent: Mozilla/5.0 (Linux; Android 14; Pixel 7) AppleWebKit/537.36 (KHTML, like Gecko) Chrome/151.0.7922.34 Mobile Safari/537.36
        - accept: */*
        - accept-encoding: gzip,deflate,br
        - authorization: Bearer e2e-admin-token-do-not-use-in-prod

        at apiRequestContext.get: connect ECONNREFUSED ::1:4000
        at Object.get (/home/tbaltzakis/cloudless.gr/e2e/_internal/admin-fixture.ts:8:35)
        at /home/tbaltzakis/cloudless.gr/e2e/admin-appflowy-cms-api.spec.ts:118:25

    Error Context: test-results/admin-appflowy-cms-api-Adm-20d74--and-matches-shape-when-200-mobile-chrome/error-context.md

    Retry #1 ───────────────────────────────────────────────────────────────────────────────────────

    Error: apiRequestContext.get: connect ECONNREFUSED ::1:4000
    Call log:
      - → GET http://localhost:4000/api/admin/appflowy/faqs
        - user-agent: Mozilla/5.0 (Linux; Android 14; Pixel 7) AppleWebKit/537.36 (KHTML, like Gecko) Chrome/151.0.7922.34 Mobile Safari/537.36
        - accept: */*
        - accept-encoding: gzip,deflate,br
        - authorization: Bearer e2e-admin-token-do-not-use-in-prod

        at apiRequestContext.get: connect ECONNREFUSED ::1:4000
        at Object.get (/home/tbaltzakis/cloudless.gr/e2e/_internal/admin-fixture.ts:8:35)
        at /home/tbaltzakis/cloudless.gr/e2e/admin-appflowy-cms-api.spec.ts:118:25

    Error Context: test-results/admin-appflowy-cms-api-Adm-20d74--and-matches-shape-when-200-mobile-chrome-retry1/error-context.md

    attachment #2: trace (application/zip) ─────────────────────────────────────────────────────────
    test-results/admin-appflowy-cms-api-Adm-20d74--and-matches-shape-when-200-mobile-chrome-retry1/trace.zip
    Usage:

        npx playwright show-trace test-results/admin-appflowy-cms-api-Adm-20d74--and-matches-shape-when-200-mobile-chrome-retry1/trace.zip

    ────────────────────────────────────────────────────────────────────────────────────────────────

  760) [mobile-chrome] › e2e/admin-appflowy-cms-api.spec.ts:138:9 › Admin AppFlowy CMS APIs — authenticated › POST /api/admin/appflowy/faqs rejects invalid JSON (AppFlowy admin contract) 

    Error: apiRequestContext.post: connect ECONNREFUSED ::1:4000
    Call log:
      - → POST http://localhost:4000/api/admin/appflowy/faqs
        - user-agent: Mozilla/5.0 (Linux; Android 14; Pixel 7) AppleWebKit/537.36 (KHTML, like Gecko) Chrome/151.0.7922.34 Mobile Safari/537.36
        - accept: */*
        - accept-encoding: gzip,deflate,br
        - content-type: application/json
        - authorization: Bearer e2e-admin-token-do-not-use-in-prod
        - content-length: 11

        at apiRequestContext.post: connect ECONNREFUSED ::1:4000
        at /home/tbaltzakis/cloudless.gr/e2e/admin-appflowy-cms-api.spec.ts:139:31

    Error Context: test-results/admin-appflowy-cms-api-Adm-a1b9a-ON-AppFlowy-admin-contract--mobile-chrome/error-context.md

    Retry #1 ───────────────────────────────────────────────────────────────────────────────────────

    Error: apiRequestContext.post: connect ECONNREFUSED ::1:4000
    Call log:
      - → POST http://localhost:4000/api/admin/appflowy/faqs
        - user-agent: Mozilla/5.0 (Linux; Android 14; Pixel 7) AppleWebKit/537.36 (KHTML, like Gecko) Chrome/151.0.7922.34 Mobile Safari/537.36
        - accept: */*
        - accept-encoding: gzip,deflate,br
        - content-type: application/json
        - authorization: Bearer e2e-admin-token-do-not-use-in-prod
        - content-length: 11

        at apiRequestContext.post: connect ECONNREFUSED ::1:4000
        at /home/tbaltzakis/cloudless.gr/e2e/admin-appflowy-cms-api.spec.ts:139:31

    Error Context: test-results/admin-appflowy-cms-api-Adm-a1b9a-ON-AppFlowy-admin-contract--mobile-chrome-retry1/error-context.md

    attachment #2: trace (application/zip) ─────────────────────────────────────────────────────────
    test-results/admin-appflowy-cms-api-Adm-a1b9a-ON-AppFlowy-admin-contract--mobile-chrome-retry1/trace.zip
    Usage:

        npx playwright show-trace test-results/admin-appflowy-cms-api-Adm-a1b9a-ON-AppFlowy-admin-contract--mobile-chrome-retry1/trace.zip

    ────────────────────────────────────────────────────────────────────────────────────────────────

  761) [mobile-chrome] › e2e/admin-appflowy-cms-api.spec.ts:156:9 › Admin AppFlowy CMS APIs — authenticated › POST /api/admin/appflowy/faqs rejects body missing required field (AppFlowy contract) 

    Error: apiRequestContext.post: connect ECONNREFUSED ::1:4000
    Call log:
      - → POST http://localhost:4000/api/admin/appflowy/faqs
        - user-agent: Mozilla/5.0 (Linux; Android 14; Pixel 7) AppleWebKit/537.36 (KHTML, like Gecko) Chrome/151.0.7922.34 Mobile Safari/537.36
        - accept: */*
        - accept-encoding: gzip,deflate,br
        - authorization: Bearer e2e-admin-token-do-not-use-in-prod
        - content-type: application/json
        - content-length: 29

        at apiRequestContext.post: connect ECONNREFUSED ::1:4000
        at Object.post (/home/tbaltzakis/cloudless.gr/e2e/_internal/admin-fixture.ts:10:15)
        at /home/tbaltzakis/cloudless.gr/e2e/admin-appflowy-cms-api.spec.ts:158:25

    Error Context: test-results/admin-appflowy-cms-api-Adm-d8648-ed-field-AppFlowy-contract--mobile-chrome/error-context.md

    Retry #1 ───────────────────────────────────────────────────────────────────────────────────────

    Error: apiRequestContext.post: connect ECONNREFUSED ::1:4000
    Call log:
      - → POST http://localhost:4000/api/admin/appflowy/faqs
        - user-agent: Mozilla/5.0 (Linux; Android 14; Pixel 7) AppleWebKit/537.36 (KHTML, like Gecko) Chrome/151.0.7922.34 Mobile Safari/537.36
        - accept: */*
        - accept-encoding: gzip,deflate,br
        - authorization: Bearer e2e-admin-token-do-not-use-in-prod
        - content-type: application/json
        - content-length: 29

        at apiRequestContext.post: connect ECONNREFUSED ::1:4000
        at Object.post (/home/tbaltzakis/cloudless.gr/e2e/_internal/admin-fixture.ts:10:15)
        at /home/tbaltzakis/cloudless.gr/e2e/admin-appflowy-cms-api.spec.ts:158:25

    Error Context: test-results/admin-appflowy-cms-api-Adm-d8648-ed-field-AppFlowy-contract--mobile-chrome-retry1/error-context.md

    attachment #2: trace (application/zip) ─────────────────────────────────────────────────────────
    test-results/admin-appflowy-cms-api-Adm-d8648-ed-field-AppFlowy-contract--mobile-chrome-retry1/trace.zip
    Usage:

        npx playwright show-trace test-results/admin-appflowy-cms-api-Adm-d8648-ed-field-AppFlowy-contract--mobile-chrome-retry1/trace.zip

    ────────────────────────────────────────────────────────────────────────────────────────────────

  762) [mobile-chrome] › e2e/admin-appflowy-cms-api.spec.ts:166:9 › Admin AppFlowy CMS APIs — authenticated › PATCH /api/admin/appflowy/faqs handles missing pageId (AppFlowy contract) 

    Error: apiRequestContext.patch: connect ECONNREFUSED ::1:4000
    Call log:
      - → PATCH http://localhost:4000/api/admin/appflowy/faqs
        - user-agent: Mozilla/5.0 (Linux; Android 14; Pixel 7) AppleWebKit/537.36 (KHTML, like Gecko) Chrome/151.0.7922.34 Mobile Safari/537.36
        - accept: */*
        - accept-encoding: gzip,deflate,br
        - authorization: Bearer e2e-admin-token-do-not-use-in-prod
        - content-type: application/json
        - content-length: 26

        at apiRequestContext.patch: connect ECONNREFUSED ::1:4000
        at Object.patch (/home/tbaltzakis/cloudless.gr/e2e/_internal/admin-fixture.ts:31:15)
        at /home/tbaltzakis/cloudless.gr/e2e/admin-appflowy-cms-api.spec.ts:168:25

    Error Context: test-results/admin-appflowy-cms-api-Adm-c49f3-g-pageId-AppFlowy-contract--mobile-chrome/error-context.md

    Retry #1 ───────────────────────────────────────────────────────────────────────────────────────

    Error: apiRequestContext.patch: connect ECONNREFUSED ::1:4000
    Call log:
      - → PATCH http://localhost:4000/api/admin/appflowy/faqs
        - user-agent: Mozilla/5.0 (Linux; Android 14; Pixel 7) AppleWebKit/537.36 (KHTML, like Gecko) Chrome/151.0.7922.34 Mobile Safari/537.36
        - accept: */*
        - accept-encoding: gzip,deflate,br
        - authorization: Bearer e2e-admin-token-do-not-use-in-prod
        - content-type: application/json
        - content-length: 26

        at apiRequestContext.patch: connect ECONNREFUSED ::1:4000
        at Object.patch (/home/tbaltzakis/cloudless.gr/e2e/_internal/admin-fixture.ts:31:15)
        at /home/tbaltzakis/cloudless.gr/e2e/admin-appflowy-cms-api.spec.ts:168:25

    Error Context: test-results/admin-appflowy-cms-api-Adm-c49f3-g-pageId-AppFlowy-contract--mobile-chrome-retry1/error-context.md

    attachment #2: trace (application/zip) ─────────────────────────────────────────────────────────
    test-results/admin-appflowy-cms-api-Adm-c49f3-g-pageId-AppFlowy-contract--mobile-chrome-retry1/trace.zip
    Usage:

        npx playwright show-trace test-results/admin-appflowy-cms-api-Adm-c49f3-g-pageId-AppFlowy-contract--mobile-chrome-retry1/trace.zip

    ────────────────────────────────────────────────────────────────────────────────────────────────

  763) [mobile-chrome] › e2e/admin-appflowy-cms-api.spec.ts:178:9 › Admin AppFlowy CMS APIs — authenticated › DELETE /api/admin/appflowy/faqs is routed to AppFlowy UI (501 expected) 

    Error: apiRequestContext.delete: connect ECONNREFUSED ::1:4000
    Call log:
      - → DELETE http://localhost:4000/api/admin/appflowy/faqs
        - user-agent: Mozilla/5.0 (Linux; Android 14; Pixel 7) AppleWebKit/537.36 (KHTML, like Gecko) Chrome/151.0.7922.34 Mobile Safari/537.36
        - accept: */*
        - accept-encoding: gzip,deflate,br
        - authorization: Bearer e2e-admin-token-do-not-use-in-prod

        at apiRequestContext.delete: connect ECONNREFUSED ::1:4000
        at Object.delete (/home/tbaltzakis/cloudless.gr/e2e/_internal/admin-fixture.ts:29:21)
        at /home/tbaltzakis/cloudless.gr/e2e/admin-appflowy-cms-api.spec.ts:180:31

    Error Context: test-results/admin-appflowy-cms-api-Adm-adbad-o-AppFlowy-UI-501-expected--mobile-chrome/error-context.md

    Retry #1 ───────────────────────────────────────────────────────────────────────────────────────

    Error: apiRequestContext.delete: connect ECONNREFUSED ::1:4000
    Call log:
      - → DELETE http://localhost:4000/api/admin/appflowy/faqs
        - user-agent: Mozilla/5.0 (Linux; Android 14; Pixel 7) AppleWebKit/537.36 (KHTML, like Gecko) Chrome/151.0.7922.34 Mobile Safari/537.36
        - accept: */*
        - accept-encoding: gzip,deflate,br
        - authorization: Bearer e2e-admin-token-do-not-use-in-prod

        at apiRequestContext.delete: connect ECONNREFUSED ::1:4000
        at Object.delete (/home/tbaltzakis/cloudless.gr/e2e/_internal/admin-fixture.ts:29:21)
        at /home/tbaltzakis/cloudless.gr/e2e/admin-appflowy-cms-api.spec.ts:180:31

    Error Context: test-results/admin-appflowy-cms-api-Adm-adbad-o-AppFlowy-UI-501-expected--mobile-chrome-retry1/error-context.md

    attachment #2: trace (application/zip) ─────────────────────────────────────────────────────────
    test-results/admin-appflowy-cms-api-Adm-adbad-o-AppFlowy-UI-501-expected--mobile-chrome-retry1/trace.zip
    Usage:

        npx playwright show-trace test-results/admin-appflowy-cms-api-Adm-adbad-o-AppFlowy-UI-501-expected--mobile-chrome-retry1/trace.zip

    ────────────────────────────────────────────────────────────────────────────────────────────────

  764) [mobile-chrome] › e2e/admin-appflowy-cms-api.spec.ts:116:9 › Admin AppFlowy CMS APIs — authenticated › GET /api/admin/appflowy/services passes auth gate and matches shape when 200 

    Error: apiRequestContext.get: connect ECONNREFUSED ::1:4000
    Call log:
      - → GET http://localhost:4000/api/admin/appflowy/services
        - user-agent: Mozilla/5.0 (Linux; Android 14; Pixel 7) AppleWebKit/537.36 (KHTML, like Gecko) Chrome/151.0.7922.34 Mobile Safari/537.36
        - accept: */*
        - accept-encoding: gzip,deflate,br
        - authorization: Bearer e2e-admin-token-do-not-use-in-prod

        at apiRequestContext.get: connect ECONNREFUSED ::1:4000
        at Object.get (/home/tbaltzakis/cloudless.gr/e2e/_internal/admin-fixture.ts:8:35)
        at /home/tbaltzakis/cloudless.gr/e2e/admin-appflowy-cms-api.spec.ts:118:25

    Error Context: test-results/admin-appflowy-cms-api-Adm-43897--and-matches-shape-when-200-mobile-chrome/error-context.md

    Retry #1 ───────────────────────────────────────────────────────────────────────────────────────

    Error: apiRequestContext.get: connect ECONNREFUSED ::1:4000
    Call log:
      - → GET http://localhost:4000/api/admin/appflowy/services
        - user-agent: Mozilla/5.0 (Linux; Android 14; Pixel 7) AppleWebKit/537.36 (KHTML, like Gecko) Chrome/151.0.7922.34 Mobile Safari/537.36
        - accept: */*
        - accept-encoding: gzip,deflate,br
        - authorization: Bearer e2e-admin-token-do-not-use-in-prod

        at apiRequestContext.get: connect ECONNREFUSED ::1:4000
        at Object.get (/home/tbaltzakis/cloudless.gr/e2e/_internal/admin-fixture.ts:8:35)
        at /home/tbaltzakis/cloudless.gr/e2e/admin-appflowy-cms-api.spec.ts:118:25

    Error Context: test-results/admin-appflowy-cms-api-Adm-43897--and-matches-shape-when-200-mobile-chrome-retry1/error-context.md

    attachment #2: trace (application/zip) ─────────────────────────────────────────────────────────
    test-results/admin-appflowy-cms-api-Adm-43897--and-matches-shape-when-200-mobile-chrome-retry1/trace.zip
    Usage:

        npx playwright show-trace test-results/admin-appflowy-cms-api-Adm-43897--and-matches-shape-when-200-mobile-chrome-retry1/trace.zip

    ────────────────────────────────────────────────────────────────────────────────────────────────

  765) [mobile-chrome] › e2e/admin-appflowy-cms-api.spec.ts:138:9 › Admin AppFlowy CMS APIs — authenticated › POST /api/admin/appflowy/services rejects invalid JSON (AppFlowy admin contract) 

    Error: apiRequestContext.post: connect ECONNREFUSED ::1:4000
    Call log:
      - → POST http://localhost:4000/api/admin/appflowy/services
        - user-agent: Mozilla/5.0 (Linux; Android 14; Pixel 7) AppleWebKit/537.36 (KHTML, like Gecko) Chrome/151.0.7922.34 Mobile Safari/537.36
        - accept: */*
        - accept-encoding: gzip,deflate,br
        - content-type: application/json
        - authorization: Bearer e2e-admin-token-do-not-use-in-prod
        - content-length: 11

        at apiRequestContext.post: connect ECONNREFUSED ::1:4000
        at /home/tbaltzakis/cloudless.gr/e2e/admin-appflowy-cms-api.spec.ts:139:31

    Error Context: test-results/admin-appflowy-cms-api-Adm-e07a1-ON-AppFlowy-admin-contract--mobile-chrome/error-context.md

    Retry #1 ───────────────────────────────────────────────────────────────────────────────────────

    Error: apiRequestContext.post: connect ECONNREFUSED ::1:4000
    Call log:
      - → POST http://localhost:4000/api/admin/appflowy/services
        - user-agent: Mozilla/5.0 (Linux; Android 14; Pixel 7) AppleWebKit/537.36 (KHTML, like Gecko) Chrome/151.0.7922.34 Mobile Safari/537.36
        - accept: */*
        - accept-encoding: gzip,deflate,br
        - content-type: application/json
        - authorization: Bearer e2e-admin-token-do-not-use-in-prod
        - content-length: 11

        at apiRequestContext.post: connect ECONNREFUSED ::1:4000
        at /home/tbaltzakis/cloudless.gr/e2e/admin-appflowy-cms-api.spec.ts:139:31

    Error Context: test-results/admin-appflowy-cms-api-Adm-e07a1-ON-AppFlowy-admin-contract--mobile-chrome-retry1/error-context.md

    attachment #2: trace (application/zip) ─────────────────────────────────────────────────────────
    test-results/admin-appflowy-cms-api-Adm-e07a1-ON-AppFlowy-admin-contract--mobile-chrome-retry1/trace.zip
    Usage:

        npx playwright show-trace test-results/admin-appflowy-cms-api-Adm-e07a1-ON-AppFlowy-admin-contract--mobile-chrome-retry1/trace.zip

    ────────────────────────────────────────────────────────────────────────────────────────────────

  766) [mobile-chrome] › e2e/admin-appflowy-cms-api.spec.ts:156:9 › Admin AppFlowy CMS APIs — authenticated › POST /api/admin/appflowy/services rejects body missing required field (AppFlowy contract) 

    Error: apiRequestContext.post: connect ECONNREFUSED ::1:4000
    Call log:
      - → POST http://localhost:4000/api/admin/appflowy/services
        - user-agent: Mozilla/5.0 (Linux; Android 14; Pixel 7) AppleWebKit/537.36 (KHTML, like Gecko) Chrome/151.0.7922.34 Mobile Safari/537.36
        - accept: */*
        - accept-encoding: gzip,deflate,br
        - authorization: Bearer e2e-admin-token-do-not-use-in-prod
        - content-type: application/json
        - content-length: 31

        at apiRequestContext.post: connect ECONNREFUSED ::1:4000
        at Object.post (/home/tbaltzakis/cloudless.gr/e2e/_internal/admin-fixture.ts:10:15)
        at /home/tbaltzakis/cloudless.gr/e2e/admin-appflowy-cms-api.spec.ts:158:25

    Error Context: test-results/admin-appflowy-cms-api-Adm-9f937-ed-field-AppFlowy-contract--mobile-chrome/error-context.md

    Retry #1 ───────────────────────────────────────────────────────────────────────────────────────

    Error: apiRequestContext.post: connect ECONNREFUSED ::1:4000
    Call log:
      - → POST http://localhost:4000/api/admin/appflowy/services
        - user-agent: Mozilla/5.0 (Linux; Android 14; Pixel 7) AppleWebKit/537.36 (KHTML, like Gecko) Chrome/151.0.7922.34 Mobile Safari/537.36
        - accept: */*
        - accept-encoding: gzip,deflate,br
        - authorization: Bearer e2e-admin-token-do-not-use-in-prod
        - content-type: application/json
        - content-length: 31

        at apiRequestContext.post: connect ECONNREFUSED ::1:4000
        at Object.post (/home/tbaltzakis/cloudless.gr/e2e/_internal/admin-fixture.ts:10:15)
        at /home/tbaltzakis/cloudless.gr/e2e/admin-appflowy-cms-api.spec.ts:158:25

    Error Context: test-results/admin-appflowy-cms-api-Adm-9f937-ed-field-AppFlowy-contract--mobile-chrome-retry1/error-context.md

    attachment #2: trace (application/zip) ─────────────────────────────────────────────────────────
    test-results/admin-appflowy-cms-api-Adm-9f937-ed-field-AppFlowy-contract--mobile-chrome-retry1/trace.zip
    Usage:

        npx playwright show-trace test-results/admin-appflowy-cms-api-Adm-9f937-ed-field-AppFlowy-contract--mobile-chrome-retry1/trace.zip

    ────────────────────────────────────────────────────────────────────────────────────────────────

  767) [mobile-chrome] › e2e/admin-appflowy-cms-api.spec.ts:166:9 › Admin AppFlowy CMS APIs — authenticated › PATCH /api/admin/appflowy/services handles missing pageId (AppFlowy contract) 

    Error: apiRequestContext.patch: connect ECONNREFUSED ::1:4000
    Call log:
      - → PATCH http://localhost:4000/api/admin/appflowy/services
        - user-agent: Mozilla/5.0 (Linux; Android 14; Pixel 7) AppleWebKit/537.36 (KHTML, like Gecko) Chrome/151.0.7922.34 Mobile Safari/537.36
        - accept: */*
        - accept-encoding: gzip,deflate,br
        - authorization: Bearer e2e-admin-token-do-not-use-in-prod
        - content-type: application/json
        - content-length: 26

        at apiRequestContext.patch: connect ECONNREFUSED ::1:4000
        at Object.patch (/home/tbaltzakis/cloudless.gr/e2e/_internal/admin-fixture.ts:31:15)
        at /home/tbaltzakis/cloudless.gr/e2e/admin-appflowy-cms-api.spec.ts:168:25

    Error Context: test-results/admin-appflowy-cms-api-Adm-4fec6-g-pageId-AppFlowy-contract--mobile-chrome/error-context.md

    Retry #1 ───────────────────────────────────────────────────────────────────────────────────────

    Error: apiRequestContext.patch: connect ECONNREFUSED ::1:4000
    Call log:
      - → PATCH http://localhost:4000/api/admin/appflowy/services
        - user-agent: Mozilla/5.0 (Linux; Android 14; Pixel 7) AppleWebKit/537.36 (KHTML, like Gecko) Chrome/151.0.7922.34 Mobile Safari/537.36
        - accept: */*
        - accept-encoding: gzip,deflate,br
        - authorization: Bearer e2e-admin-token-do-not-use-in-prod
        - content-type: application/json
        - content-length: 26

        at apiRequestContext.patch: connect ECONNREFUSED ::1:4000
        at Object.patch (/home/tbaltzakis/cloudless.gr/e2e/_internal/admin-fixture.ts:31:15)
        at /home/tbaltzakis/cloudless.gr/e2e/admin-appflowy-cms-api.spec.ts:168:25

    Error Context: test-results/admin-appflowy-cms-api-Adm-4fec6-g-pageId-AppFlowy-contract--mobile-chrome-retry1/error-context.md

    attachment #2: trace (application/zip) ─────────────────────────────────────────────────────────
    test-results/admin-appflowy-cms-api-Adm-4fec6-g-pageId-AppFlowy-contract--mobile-chrome-retry1/trace.zip
    Usage:

        npx playwright show-trace test-results/admin-appflowy-cms-api-Adm-4fec6-g-pageId-AppFlowy-contract--mobile-chrome-retry1/trace.zip

    ────────────────────────────────────────────────────────────────────────────────────────────────

  768) [mobile-chrome] › e2e/admin-appflowy-cms-api.spec.ts:178:9 › Admin AppFlowy CMS APIs — authenticated › DELETE /api/admin/appflowy/services is routed to AppFlowy UI (501 expected) 

    Error: apiRequestContext.delete: connect ECONNREFUSED ::1:4000
    Call log:
      - → DELETE http://localhost:4000/api/admin/appflowy/services
        - user-agent: Mozilla/5.0 (Linux; Android 14; Pixel 7) AppleWebKit/537.36 (KHTML, like Gecko) Chrome/151.0.7922.34 Mobile Safari/537.36
        - accept: */*
        - accept-encoding: gzip,deflate,br
        - authorization: Bearer e2e-admin-token-do-not-use-in-prod

        at apiRequestContext.delete: connect ECONNREFUSED ::1:4000
        at Object.delete (/home/tbaltzakis/cloudless.gr/e2e/_internal/admin-fixture.ts:29:21)
        at /home/tbaltzakis/cloudless.gr/e2e/admin-appflowy-cms-api.spec.ts:180:31

    Error Context: test-results/admin-appflowy-cms-api-Adm-d16e2-o-AppFlowy-UI-501-expected--mobile-chrome/error-context.md

    Retry #1 ───────────────────────────────────────────────────────────────────────────────────────

    Error: apiRequestContext.delete: connect ECONNREFUSED ::1:4000
    Call log:
      - → DELETE http://localhost:4000/api/admin/appflowy/services
        - user-agent: Mozilla/5.0 (Linux; Android 14; Pixel 7) AppleWebKit/537.36 (KHTML, like Gecko) Chrome/151.0.7922.34 Mobile Safari/537.36
        - accept: */*
        - accept-encoding: gzip,deflate,br
        - authorization: Bearer e2e-admin-token-do-not-use-in-prod

        at apiRequestContext.delete: connect ECONNREFUSED ::1:4000
        at Object.delete (/home/tbaltzakis/cloudless.gr/e2e/_internal/admin-fixture.ts:29:21)
        at /home/tbaltzakis/cloudless.gr/e2e/admin-appflowy-cms-api.spec.ts:180:31

    Error Context: test-results/admin-appflowy-cms-api-Adm-d16e2-o-AppFlowy-UI-501-expected--mobile-chrome-retry1/error-context.md

    attachment #2: trace (application/zip) ─────────────────────────────────────────────────────────
    test-results/admin-appflowy-cms-api-Adm-d16e2-o-AppFlowy-UI-501-expected--mobile-chrome-retry1/trace.zip
    Usage:

        npx playwright show-trace test-results/admin-appflowy-cms-api-Adm-d16e2-o-AppFlowy-UI-501-expected--mobile-chrome-retry1/trace.zip

    ────────────────────────────────────────────────────────────────────────────────────────────────

  769) [mobile-chrome] › e2e/admin-appflowy-cms-api.spec.ts:116:9 › Admin AppFlowy CMS APIs — authenticated › GET /api/admin/appflowy/testimonials passes auth gate and matches shape when 200 

    Error: apiRequestContext.get: connect ECONNREFUSED ::1:4000
    Call log:
      - → GET http://localhost:4000/api/admin/appflowy/testimonials
        - user-agent: Mozilla/5.0 (Linux; Android 14; Pixel 7) AppleWebKit/537.36 (KHTML, like Gecko) Chrome/151.0.7922.34 Mobile Safari/537.36
        - accept: */*
        - accept-encoding: gzip,deflate,br
        - authorization: Bearer e2e-admin-token-do-not-use-in-prod

        at apiRequestContext.get: connect ECONNREFUSED ::1:4000
        at Object.get (/home/tbaltzakis/cloudless.gr/e2e/_internal/admin-fixture.ts:8:35)
        at /home/tbaltzakis/cloudless.gr/e2e/admin-appflowy-cms-api.spec.ts:118:25

    Error Context: test-results/admin-appflowy-cms-api-Adm-34e12--and-matches-shape-when-200-mobile-chrome/error-context.md

    Retry #1 ───────────────────────────────────────────────────────────────────────────────────────

    Error: apiRequestContext.get: connect ECONNREFUSED ::1:4000
    Call log:
      - → GET http://localhost:4000/api/admin/appflowy/testimonials
        - user-agent: Mozilla/5.0 (Linux; Android 14; Pixel 7) AppleWebKit/537.36 (KHTML, like Gecko) Chrome/151.0.7922.34 Mobile Safari/537.36
        - accept: */*
        - accept-encoding: gzip,deflate,br
        - authorization: Bearer e2e-admin-token-do-not-use-in-prod

        at apiRequestContext.get: connect ECONNREFUSED ::1:4000
        at Object.get (/home/tbaltzakis/cloudless.gr/e2e/_internal/admin-fixture.ts:8:35)
        at /home/tbaltzakis/cloudless.gr/e2e/admin-appflowy-cms-api.spec.ts:118:25

    Error Context: test-results/admin-appflowy-cms-api-Adm-34e12--and-matches-shape-when-200-mobile-chrome-retry1/error-context.md

    attachment #2: trace (application/zip) ─────────────────────────────────────────────────────────
    test-results/admin-appflowy-cms-api-Adm-34e12--and-matches-shape-when-200-mobile-chrome-retry1/trace.zip
    Usage:

        npx playwright show-trace test-results/admin-appflowy-cms-api-Adm-34e12--and-matches-shape-when-200-mobile-chrome-retry1/trace.zip

    ────────────────────────────────────────────────────────────────────────────────────────────────

  770) [mobile-chrome] › e2e/admin-appflowy-cms-api.spec.ts:138:9 › Admin AppFlowy CMS APIs — authenticated › POST /api/admin/appflowy/testimonials rejects invalid JSON (AppFlowy admin contract) 

    Error: apiRequestContext.post: connect ECONNREFUSED ::1:4000
    Call log:
      - → POST http://localhost:4000/api/admin/appflowy/testimonials
        - user-agent: Mozilla/5.0 (Linux; Android 14; Pixel 7) AppleWebKit/537.36 (KHTML, like Gecko) Chrome/151.0.7922.34 Mobile Safari/537.36
        - accept: */*
        - accept-encoding: gzip,deflate,br
        - content-type: application/json
        - authorization: Bearer e2e-admin-token-do-not-use-in-prod
        - content-length: 11

        at apiRequestContext.post: connect ECONNREFUSED ::1:4000
        at /home/tbaltzakis/cloudless.gr/e2e/admin-appflowy-cms-api.spec.ts:139:31

    Error Context: test-results/admin-appflowy-cms-api-Adm-05c63-ON-AppFlowy-admin-contract--mobile-chrome/error-context.md

    Retry #1 ───────────────────────────────────────────────────────────────────────────────────────

    Error: apiRequestContext.post: connect ECONNREFUSED ::1:4000
    Call log:
      - → POST http://localhost:4000/api/admin/appflowy/testimonials
        - user-agent: Mozilla/5.0 (Linux; Android 14; Pixel 7) AppleWebKit/537.36 (KHTML, like Gecko) Chrome/151.0.7922.34 Mobile Safari/537.36
        - accept: */*
        - accept-encoding: gzip,deflate,br
        - content-type: application/json
        - authorization: Bearer e2e-admin-token-do-not-use-in-prod
        - content-length: 11

        at apiRequestContext.post: connect ECONNREFUSED ::1:4000
        at /home/tbaltzakis/cloudless.gr/e2e/admin-appflowy-cms-api.spec.ts:139:31

    Error Context: test-results/admin-appflowy-cms-api-Adm-05c63-ON-AppFlowy-admin-contract--mobile-chrome-retry1/error-context.md

    attachment #2: trace (application/zip) ─────────────────────────────────────────────────────────
    test-results/admin-appflowy-cms-api-Adm-05c63-ON-AppFlowy-admin-contract--mobile-chrome-retry1/trace.zip
    Usage:

        npx playwright show-trace test-results/admin-appflowy-cms-api-Adm-05c63-ON-AppFlowy-admin-contract--mobile-chrome-retry1/trace.zip

    ────────────────────────────────────────────────────────────────────────────────────────────────

  771) [mobile-chrome] › e2e/admin-appflowy-cms-api.spec.ts:156:9 › Admin AppFlowy CMS APIs — authenticated › POST /api/admin/appflowy/testimonials rejects body missing required field (AppFlowy contract) 

    Error: apiRequestContext.post: connect ECONNREFUSED ::1:4000
    Call log:
      - → POST http://localhost:4000/api/admin/appflowy/testimonials
        - user-agent: Mozilla/5.0 (Linux; Android 14; Pixel 7) AppleWebKit/537.36 (KHTML, like Gecko) Chrome/151.0.7922.34 Mobile Safari/537.36
        - accept: */*
        - accept-encoding: gzip,deflate,br
        - authorization: Bearer e2e-admin-token-do-not-use-in-prod
        - content-type: application/json
        - content-length: 24

        at apiRequestContext.post: connect ECONNREFUSED ::1:4000
        at Object.post (/home/tbaltzakis/cloudless.gr/e2e/_internal/admin-fixture.ts:10:15)
        at /home/tbaltzakis/cloudless.gr/e2e/admin-appflowy-cms-api.spec.ts:158:25

    Error Context: test-results/admin-appflowy-cms-api-Adm-77a6f-ed-field-AppFlowy-contract--mobile-chrome/error-context.md

    Retry #1 ───────────────────────────────────────────────────────────────────────────────────────

    Error: apiRequestContext.post: connect ECONNREFUSED ::1:4000
    Call log:
      - → POST http://localhost:4000/api/admin/appflowy/testimonials
        - user-agent: Mozilla/5.0 (Linux; Android 14; Pixel 7) AppleWebKit/537.36 (KHTML, like Gecko) Chrome/151.0.7922.34 Mobile Safari/537.36
        - accept: */*
        - accept-encoding: gzip,deflate,br
        - authorization: Bearer e2e-admin-token-do-not-use-in-prod
        - content-type: application/json
        - content-length: 24

        at apiRequestContext.post: connect ECONNREFUSED ::1:4000
        at Object.post (/home/tbaltzakis/cloudless.gr/e2e/_internal/admin-fixture.ts:10:15)
        at /home/tbaltzakis/cloudless.gr/e2e/admin-appflowy-cms-api.spec.ts:158:25

    Error Context: test-results/admin-appflowy-cms-api-Adm-77a6f-ed-field-AppFlowy-contract--mobile-chrome-retry1/error-context.md

    attachment #2: trace (application/zip) ─────────────────────────────────────────────────────────
    test-results/admin-appflowy-cms-api-Adm-77a6f-ed-field-AppFlowy-contract--mobile-chrome-retry1/trace.zip
    Usage:

        npx playwright show-trace test-results/admin-appflowy-cms-api-Adm-77a6f-ed-field-AppFlowy-contract--mobile-chrome-retry1/trace.zip

    ────────────────────────────────────────────────────────────────────────────────────────────────

  772) [mobile-chrome] › e2e/admin-appflowy-cms-api.spec.ts:166:9 › Admin AppFlowy CMS APIs — authenticated › PATCH /api/admin/appflowy/testimonials handles missing pageId (AppFlowy contract) 

    Error: apiRequestContext.patch: connect ECONNREFUSED ::1:4000
    Call log:
      - → PATCH http://localhost:4000/api/admin/appflowy/testimonials
        - user-agent: Mozilla/5.0 (Linux; Android 14; Pixel 7) AppleWebKit/537.36 (KHTML, like Gecko) Chrome/151.0.7922.34 Mobile Safari/537.36
        - accept: */*
        - accept-encoding: gzip,deflate,br
        - authorization: Bearer e2e-admin-token-do-not-use-in-prod
        - content-type: application/json
        - content-length: 26

        at apiRequestContext.patch: connect ECONNREFUSED ::1:4000
        at Object.patch (/home/tbaltzakis/cloudless.gr/e2e/_internal/admin-fixture.ts:31:15)
        at /home/tbaltzakis/cloudless.gr/e2e/admin-appflowy-cms-api.spec.ts:168:25

    Error Context: test-results/admin-appflowy-cms-api-Adm-6bb98-g-pageId-AppFlowy-contract--mobile-chrome/error-context.md

    Retry #1 ───────────────────────────────────────────────────────────────────────────────────────

    Error: apiRequestContext.patch: connect ECONNREFUSED ::1:4000
    Call log:
      - → PATCH http://localhost:4000/api/admin/appflowy/testimonials
        - user-agent: Mozilla/5.0 (Linux; Android 14; Pixel 7) AppleWebKit/537.36 (KHTML, like Gecko) Chrome/151.0.7922.34 Mobile Safari/537.36
        - accept: */*
        - accept-encoding: gzip,deflate,br
        - authorization: Bearer e2e-admin-token-do-not-use-in-prod
        - content-type: application/json
        - content-length: 26

        at apiRequestContext.patch: connect ECONNREFUSED ::1:4000
        at Object.patch (/home/tbaltzakis/cloudless.gr/e2e/_internal/admin-fixture.ts:31:15)
        at /home/tbaltzakis/cloudless.gr/e2e/admin-appflowy-cms-api.spec.ts:168:25

    Error Context: test-results/admin-appflowy-cms-api-Adm-6bb98-g-pageId-AppFlowy-contract--mobile-chrome-retry1/error-context.md

    attachment #2: trace (application/zip) ─────────────────────────────────────────────────────────
    test-results/admin-appflowy-cms-api-Adm-6bb98-g-pageId-AppFlowy-contract--mobile-chrome-retry1/trace.zip
    Usage:

        npx playwright show-trace test-results/admin-appflowy-cms-api-Adm-6bb98-g-pageId-AppFlowy-contract--mobile-chrome-retry1/trace.zip

    ────────────────────────────────────────────────────────────────────────────────────────────────

  773) [mobile-chrome] › e2e/admin-appflowy-cms-api.spec.ts:178:9 › Admin AppFlowy CMS APIs — authenticated › DELETE /api/admin/appflowy/testimonials is routed to AppFlowy UI (501 expected) 

    Error: apiRequestContext.delete: connect ECONNREFUSED ::1:4000
    Call log:
      - → DELETE http://localhost:4000/api/admin/appflowy/testimonials
        - user-agent: Mozilla/5.0 (Linux; Android 14; Pixel 7) AppleWebKit/537.36 (KHTML, like Gecko) Chrome/151.0.7922.34 Mobile Safari/537.36
        - accept: */*
        - accept-encoding: gzip,deflate,br
        - authorization: Bearer e2e-admin-token-do-not-use-in-prod

        at apiRequestContext.delete: connect ECONNREFUSED ::1:4000
        at Object.delete (/home/tbaltzakis/cloudless.gr/e2e/_internal/admin-fixture.ts:29:21)
        at /home/tbaltzakis/cloudless.gr/e2e/admin-appflowy-cms-api.spec.ts:180:31

    Error Context: test-results/admin-appflowy-cms-api-Adm-13af4-o-AppFlowy-UI-501-expected--mobile-chrome/error-context.md

    Retry #1 ───────────────────────────────────────────────────────────────────────────────────────

    Error: apiRequestContext.delete: connect ECONNREFUSED ::1:4000
    Call log:
      - → DELETE http://localhost:4000/api/admin/appflowy/testimonials
        - user-agent: Mozilla/5.0 (Linux; Android 14; Pixel 7) AppleWebKit/537.36 (KHTML, like Gecko) Chrome/151.0.7922.34 Mobile Safari/537.36
        - accept: */*
        - accept-encoding: gzip,deflate,br
        - authorization: Bearer e2e-admin-token-do-not-use-in-prod

        at apiRequestContext.delete: connect ECONNREFUSED ::1:4000
        at Object.delete (/home/tbaltzakis/cloudless.gr/e2e/_internal/admin-fixture.ts:29:21)
        at /home/tbaltzakis/cloudless.gr/e2e/admin-appflowy-cms-api.spec.ts:180:31

    Error Context: test-results/admin-appflowy-cms-api-Adm-13af4-o-AppFlowy-UI-501-expected--mobile-chrome-retry1/error-context.md

    attachment #2: trace (application/zip) ─────────────────────────────────────────────────────────
    test-results/admin-appflowy-cms-api-Adm-13af4-o-AppFlowy-UI-501-expected--mobile-chrome-retry1/trace.zip
    Usage:

        npx playwright show-trace test-results/admin-appflowy-cms-api-Adm-13af4-o-AppFlowy-UI-501-expected--mobile-chrome-retry1/trace.zip

    ────────────────────────────────────────────────────────────────────────────────────────────────

  774) [mobile-chrome] › e2e/admin-client-portals.spec.ts:8:7 › Admin client-portals › unauth API GET → 401 

    Error: apiRequestContext.get: connect ECONNREFUSED ::1:4000
    Call log:
      - → GET http://localhost:4000/api/admin/client-portals
        - user-agent: Mozilla/5.0 (Linux; Android 14; Pixel 7) AppleWebKit/537.36 (KHTML, like Gecko) Chrome/151.0.7922.34 Mobile Safari/537.36
        - accept: */*
        - accept-encoding: gzip,deflate,br

        at apiRequestContext.get: connect ECONNREFUSED ::1:4000
        at /home/tbaltzakis/cloudless.gr/e2e/admin-client-portals.spec.ts:9:29

    Error Context: test-results/admin-client-portals-Admin-af13e-ortals-unauth-API-GET-→-401-mobile-chrome/error-context.md

    Retry #1 ───────────────────────────────────────────────────────────────────────────────────────

    Error: apiRequestContext.get: connect ECONNREFUSED ::1:4000
    Call log:
      - → GET http://localhost:4000/api/admin/client-portals
        - user-agent: Mozilla/5.0 (Linux; Android 14; Pixel 7) AppleWebKit/537.36 (KHTML, like Gecko) Chrome/151.0.7922.34 Mobile Safari/537.36
        - accept: */*
        - accept-encoding: gzip,deflate,br

        at apiRequestContext.get: connect ECONNREFUSED ::1:4000
        at /home/tbaltzakis/cloudless.gr/e2e/admin-client-portals.spec.ts:9:29

    Error Context: test-results/admin-client-portals-Admin-af13e-ortals-unauth-API-GET-→-401-mobile-chrome-retry1/error-context.md

    attachment #2: trace (application/zip) ─────────────────────────────────────────────────────────
    test-results/admin-client-portals-Admin-af13e-ortals-unauth-API-GET-→-401-mobile-chrome-retry1/trace.zip
    Usage:

        npx playwright show-trace test-results/admin-client-portals-Admin-af13e-ortals-unauth-API-GET-→-401-mobile-chrome-retry1/trace.zip

    ────────────────────────────────────────────────────────────────────────────────────────────────

  775) [mobile-chrome] › e2e/admin-client-portals.spec.ts:13:7 › Admin client-portals › authed API GET → 200 + portals[] with health 

    Error: apiRequestContext.get: connect ECONNREFUSED ::1:4000
    Call log:
      - → GET http://localhost:4000/api/admin/client-portals
        - user-agent: Mozilla/5.0 (Linux; Android 14; Pixel 7) AppleWebKit/537.36 (KHTML, like Gecko) Chrome/151.0.7922.34 Mobile Safari/537.36
        - accept: */*
        - accept-encoding: gzip,deflate,br
        - authorization: Bearer e2e-admin-token-do-not-use-in-prod

        at apiRequestContext.get: connect ECONNREFUSED ::1:4000
        at /home/tbaltzakis/cloudless.gr/e2e/admin-client-portals.spec.ts:14:29

    Error Context: test-results/admin-client-portals-Admin-72149-T-→-200-portals-with-health-mobile-chrome/error-context.md

    Retry #1 ───────────────────────────────────────────────────────────────────────────────────────

    Error: apiRequestContext.get: connect ECONNREFUSED ::1:4000
    Call log:
      - → GET http://localhost:4000/api/admin/client-portals
        - user-agent: Mozilla/5.0 (Linux; Android 14; Pixel 7) AppleWebKit/537.36 (KHTML, like Gecko) Chrome/151.0.7922.34 Mobile Safari/537.36
        - accept: */*
        - accept-encoding: gzip,deflate,br
        - authorization: Bearer e2e-admin-token-do-not-use-in-prod

        at apiRequestContext.get: connect ECONNREFUSED ::1:4000
        at /home/tbaltzakis/cloudless.gr/e2e/admin-client-portals.spec.ts:14:29

    Error Context: test-results/admin-client-portals-Admin-72149-T-→-200-portals-with-health-mobile-chrome-retry1/error-context.md

    attachment #2: trace (application/zip) ─────────────────────────────────────────────────────────
    test-results/admin-client-portals-Admin-72149-T-→-200-portals-with-health-mobile-chrome-retry1/trace.zip
    Usage:

        npx playwright show-trace test-results/admin-client-portals-Admin-72149-T-→-200-portals-with-health-mobile-chrome-retry1/trace.zip

    ────────────────────────────────────────────────────────────────────────────────────────────────

  776) [mobile-chrome] › e2e/admin-client-portals.spec.ts:23:7 › Admin client-portals › authed API POST without clientEmail → 400 

    Error: apiRequestContext.post: connect ECONNREFUSED ::1:4000
    Call log:
      - → POST http://localhost:4000/api/admin/client-portals
        - user-agent: Mozilla/5.0 (Linux; Android 14; Pixel 7) AppleWebKit/537.36 (KHTML, like Gecko) Chrome/151.0.7922.34 Mobile Safari/537.36
        - accept: */*
        - accept-encoding: gzip,deflate,br
        - authorization: Bearer e2e-admin-token-do-not-use-in-prod
        - content-type: application/json
        - content-length: 20

        at apiRequestContext.post: connect ECONNREFUSED ::1:4000
        at /home/tbaltzakis/cloudless.gr/e2e/admin-client-portals.spec.ts:24:29

    Error Context: test-results/admin-client-portals-Admin-9d4f2-T-without-clientEmail-→-400-mobile-chrome/error-context.md

    Retry #1 ───────────────────────────────────────────────────────────────────────────────────────

    Error: apiRequestContext.post: connect ECONNREFUSED ::1:4000
    Call log:
      - → POST http://localhost:4000/api/admin/client-portals
        - user-agent: Mozilla/5.0 (Linux; Android 14; Pixel 7) AppleWebKit/537.36 (KHTML, like Gecko) Chrome/151.0.7922.34 Mobile Safari/537.36
        - accept: */*
        - accept-encoding: gzip,deflate,br
        - authorization: Bearer e2e-admin-token-do-not-use-in-prod
        - content-type: application/json
        - content-length: 20

        at apiRequestContext.post: connect ECONNREFUSED ::1:4000
        at /home/tbaltzakis/cloudless.gr/e2e/admin-client-portals.spec.ts:24:29

    Error Context: test-results/admin-client-portals-Admin-9d4f2-T-without-clientEmail-→-400-mobile-chrome-retry1/error-context.md

    attachment #2: trace (application/zip) ─────────────────────────────────────────────────────────
    test-results/admin-client-portals-Admin-9d4f2-T-without-clientEmail-→-400-mobile-chrome-retry1/trace.zip
    Usage:

        npx playwright show-trace test-results/admin-client-portals-Admin-9d4f2-T-without-clientEmail-→-400-mobile-chrome-retry1/trace.zip

    ────────────────────────────────────────────────────────────────────────────────────────────────

  777) [mobile-chrome] › e2e/admin-client-portals.spec.ts:31:7 › Admin client-portals › authed POST creates portal with default 6 steps, GET lists it 

    Error: apiRequestContext.post: connect ECONNREFUSED ::1:4000
    Call log:
      - → POST http://localhost:4000/api/admin/client-portals
        - user-agent: Mozilla/5.0 (Linux; Android 14; Pixel 7) AppleWebKit/537.36 (KHTML, like Gecko) Chrome/151.0.7922.34 Mobile Safari/537.36
        - accept: */*
        - accept-encoding: gzip,deflate,br
        - authorization: Bearer e2e-admin-token-do-not-use-in-prod
        - content-type: application/json
        - content-length: 102

        at apiRequestContext.post: connect ECONNREFUSED ::1:4000
        at /home/tbaltzakis/cloudless.gr/e2e/admin-client-portals.spec.ts:34:34

    Error Context: test-results/admin-client-portals-Admin-1aba8-efault-6-steps-GET-lists-it-mobile-chrome/error-context.md

    Retry #1 ───────────────────────────────────────────────────────────────────────────────────────

    Error: apiRequestContext.post: connect ECONNREFUSED ::1:4000
    Call log:
      - → POST http://localhost:4000/api/admin/client-portals
        - user-agent: Mozilla/5.0 (Linux; Android 14; Pixel 7) AppleWebKit/537.36 (KHTML, like Gecko) Chrome/151.0.7922.34 Mobile Safari/537.36
        - accept: */*
        - accept-encoding: gzip,deflate,br
        - authorization: Bearer e2e-admin-token-do-not-use-in-prod
        - content-type: application/json
        - content-length: 102

        at apiRequestContext.post: connect ECONNREFUSED ::1:4000
        at /home/tbaltzakis/cloudless.gr/e2e/admin-client-portals.spec.ts:34:34

    Error Context: test-results/admin-client-portals-Admin-1aba8-efault-6-steps-GET-lists-it-mobile-chrome-retry1/error-context.md

    attachment #2: trace (application/zip) ─────────────────────────────────────────────────────────
    test-results/admin-client-portals-Admin-1aba8-efault-6-steps-GET-lists-it-mobile-chrome-retry1/trace.zip
    Usage:

        npx playwright show-trace test-results/admin-client-portals-Admin-1aba8-efault-6-steps-GET-lists-it-mobile-chrome-retry1/trace.zip

    ────────────────────────────────────────────────────────────────────────────────────────────────

  778) [mobile-chrome] › e2e/admin-client-portals.spec.ts:63:7 › Admin client-portals › page does not expose admin UI when unauth 

    Error: page.goto: net::ERR_CONNECTION_REFUSED at http://localhost:4000/en/admin/client-portals
    Call log:
      - navigating to "http://localhost:4000/en/admin/client-portals", waiting until "load"


      62 |
      63 |   test("page does not expose admin UI when unauth", async ({ page }) => {
    > 64 |     await page.goto(PAGE);
         |                ^
      65 |     await page.waitForLoadState("networkidle").catch(() => {});
      66 |     const onLogin = /\/auth\/login/.test(page.url());
      67 |     const stepLabel = await page
        at /home/tbaltzakis/cloudless.gr/e2e/admin-client-portals.spec.ts:64:16

    attachment #1: screenshot (image/png) ──────────────────────────────────────────────────────────
    test-results/admin-client-portals-Admin-2aa2a-expose-admin-UI-when-unauth-mobile-chrome/test-failed-1.png
    ────────────────────────────────────────────────────────────────────────────────────────────────

    attachment #2: video (video/webm) ──────────────────────────────────────────────────────────────
    test-results/admin-client-portals-Admin-2aa2a-expose-admin-UI-when-unauth-mobile-chrome/video.webm
    ────────────────────────────────────────────────────────────────────────────────────────────────

    Error Context: test-results/admin-client-portals-Admin-2aa2a-expose-admin-UI-when-unauth-mobile-chrome/error-context.md

    Retry #1 ───────────────────────────────────────────────────────────────────────────────────────

    Error: page.goto: net::ERR_CONNECTION_REFUSED at http://localhost:4000/en/admin/client-portals
    Call log:
      - navigating to "http://localhost:4000/en/admin/client-portals", waiting until "load"


      62 |
      63 |   test("page does not expose admin UI when unauth", async ({ page }) => {
    > 64 |     await page.goto(PAGE);
         |                ^
      65 |     await page.waitForLoadState("networkidle").catch(() => {});
      66 |     const onLogin = /\/auth\/login/.test(page.url());
      67 |     const stepLabel = await page
        at /home/tbaltzakis/cloudless.gr/e2e/admin-client-portals.spec.ts:64:16

    attachment #1: screenshot (image/png) ──────────────────────────────────────────────────────────
    test-results/admin-client-portals-Admin-2aa2a-expose-admin-UI-when-unauth-mobile-chrome-retry1/test-failed-1.png
    ────────────────────────────────────────────────────────────────────────────────────────────────

    attachment #2: video (video/webm) ──────────────────────────────────────────────────────────────
    test-results/admin-client-portals-Admin-2aa2a-expose-admin-UI-when-unauth-mobile-chrome-retry1/video.webm
    ────────────────────────────────────────────────────────────────────────────────────────────────

    Error Context: test-results/admin-client-portals-Admin-2aa2a-expose-admin-UI-when-unauth-mobile-chrome-retry1/error-context.md

    attachment #4: trace (application/zip) ─────────────────────────────────────────────────────────
    test-results/admin-client-portals-Admin-2aa2a-expose-admin-UI-when-unauth-mobile-chrome-retry1/trace.zip
    Usage:

        npx playwright show-trace test-results/admin-client-portals-Admin-2aa2a-expose-admin-UI-when-unauth-mobile-chrome-retry1/trace.zip

    ────────────────────────────────────────────────────────────────────────────────────────────────

  779) [mobile-chrome] › e2e/admin-client-portals.spec.ts:75:7 › Admin client-portals › page renders with E2E admin cookie 

    Error: page.goto: net::ERR_CONNECTION_REFUSED at http://localhost:4000/en/admin/client-portals
    Call log:
      - navigating to "http://localhost:4000/en/admin/client-portals", waiting until "domcontentloaded"


      81 |     }]);
      82 |     
    > 83 |     await page.goto(PAGE, { waitUntil: "domcontentloaded" });
         |                ^
      84 |     
      85 |     // Check for h1 heading which indicates the page loaded correctly
      86 |     // Use the same selector pattern as admin-pages-sweep.spec.ts
        at /home/tbaltzakis/cloudless.gr/e2e/admin-client-portals.spec.ts:83:16

    attachment #1: screenshot (image/png) ──────────────────────────────────────────────────────────
    test-results/admin-client-portals-Admin-9bae1-nders-with-E2E-admin-cookie-mobile-chrome/test-failed-1.png
    ────────────────────────────────────────────────────────────────────────────────────────────────

    attachment #2: video (video/webm) ──────────────────────────────────────────────────────────────
    test-results/admin-client-portals-Admin-9bae1-nders-with-E2E-admin-cookie-mobile-chrome/video.webm
    ────────────────────────────────────────────────────────────────────────────────────────────────

    Error Context: test-results/admin-client-portals-Admin-9bae1-nders-with-E2E-admin-cookie-mobile-chrome/error-context.md

    Retry #1 ───────────────────────────────────────────────────────────────────────────────────────

    Error: page.goto: net::ERR_CONNECTION_REFUSED at http://localhost:4000/en/admin/client-portals
    Call log:
      - navigating to "http://localhost:4000/en/admin/client-portals", waiting until "domcontentloaded"


      81 |     }]);
      82 |     
    > 83 |     await page.goto(PAGE, { waitUntil: "domcontentloaded" });
         |                ^
      84 |     
      85 |     // Check for h1 heading which indicates the page loaded correctly
      86 |     // Use the same selector pattern as admin-pages-sweep.spec.ts
        at /home/tbaltzakis/cloudless.gr/e2e/admin-client-portals.spec.ts:83:16

    attachment #1: screenshot (image/png) ──────────────────────────────────────────────────────────
    test-results/admin-client-portals-Admin-9bae1-nders-with-E2E-admin-cookie-mobile-chrome-retry1/test-failed-1.png
    ────────────────────────────────────────────────────────────────────────────────────────────────

    attachment #2: video (video/webm) ──────────────────────────────────────────────────────────────
    test-results/admin-client-portals-Admin-9bae1-nders-with-E2E-admin-cookie-mobile-chrome-retry1/video.webm
    ────────────────────────────────────────────────────────────────────────────────────────────────

    Error Context: test-results/admin-client-portals-Admin-9bae1-nders-with-E2E-admin-cookie-mobile-chrome-retry1/error-context.md

    attachment #4: trace (application/zip) ─────────────────────────────────────────────────────────
    test-results/admin-client-portals-Admin-9bae1-nders-with-E2E-admin-cookie-mobile-chrome-retry1/trace.zip
    Usage:

        npx playwright show-trace test-results/admin-client-portals-Admin-9bae1-nders-with-E2E-admin-cookie-mobile-chrome-retry1/trace.zip

    ────────────────────────────────────────────────────────────────────────────────────────────────

  780) [mobile-chrome] › e2e/admin-crm-api.spec.mts:58:5 › Admin CRM/Client-Portal APIs — unauthenticated › GET /api/admin/crm/contacts rejects anon 

    Error: apiRequestContext.get: connect ECONNREFUSED ::1:4000
    Call log:
      - → GET http://localhost:4000/api/admin/crm/contacts
        - user-agent: Mozilla/5.0 (Linux; Android 14; Pixel 7) AppleWebKit/537.36 (KHTML, like Gecko) Chrome/151.0.7922.34 Mobile Safari/537.36
        - accept: */*
        - accept-encoding: gzip,deflate,br

        at apiRequestContext.get: connect ECONNREFUSED ::1:4000
        at /home/tbaltzakis/cloudless.gr/e2e/admin-crm-api.spec.mts:59:31

    Error Context: test-results/admin-crm-api-Admin-CRM-Cl-09955-n-crm-contacts-rejects-anon-mobile-chrome/error-context.md

    Retry #1 ───────────────────────────────────────────────────────────────────────────────────────

    Error: apiRequestContext.get: connect ECONNREFUSED ::1:4000
    Call log:
      - → GET http://localhost:4000/api/admin/crm/contacts
        - user-agent: Mozilla/5.0 (Linux; Android 14; Pixel 7) AppleWebKit/537.36 (KHTML, like Gecko) Chrome/151.0.7922.34 Mobile Safari/537.36
        - accept: */*
        - accept-encoding: gzip,deflate,br

        at apiRequestContext.get: connect ECONNREFUSED ::1:4000
        at /home/tbaltzakis/cloudless.gr/e2e/admin-crm-api.spec.mts:59:31

    Error Context: test-results/admin-crm-api-Admin-CRM-Cl-09955-n-crm-contacts-rejects-anon-mobile-chrome-retry1/error-context.md

    attachment #2: trace (application/zip) ─────────────────────────────────────────────────────────
    test-results/admin-crm-api-Admin-CRM-Cl-09955-n-crm-contacts-rejects-anon-mobile-chrome-retry1/trace.zip
    Usage:

        npx playwright show-trace test-results/admin-crm-api-Admin-CRM-Cl-09955-n-crm-contacts-rejects-anon-mobile-chrome-retry1/trace.zip

    ────────────────────────────────────────────────────────────────────────────────────────────────

  781) [mobile-chrome] › e2e/admin-crm-api.spec.mts:58:5 › Admin CRM/Client-Portal APIs — unauthenticated › GET /api/admin/crm/companies rejects anon 

    Error: apiRequestContext.get: connect ECONNREFUSED ::1:4000
    Call log:
      - → GET http://localhost:4000/api/admin/crm/companies
        - user-agent: Mozilla/5.0 (Linux; Android 14; Pixel 7) AppleWebKit/537.36 (KHTML, like Gecko) Chrome/151.0.7922.34 Mobile Safari/537.36
        - accept: */*
        - accept-encoding: gzip,deflate,br

        at apiRequestContext.get: connect ECONNREFUSED ::1:4000
        at /home/tbaltzakis/cloudless.gr/e2e/admin-crm-api.spec.mts:59:31

    Error Context: test-results/admin-crm-api-Admin-CRM-Cl-14940--crm-companies-rejects-anon-mobile-chrome/error-context.md

    Retry #1 ───────────────────────────────────────────────────────────────────────────────────────

    Error: apiRequestContext.get: connect ECONNREFUSED ::1:4000
    Call log:
      - → GET http://localhost:4000/api/admin/crm/companies
        - user-agent: Mozilla/5.0 (Linux; Android 14; Pixel 7) AppleWebKit/537.36 (KHTML, like Gecko) Chrome/151.0.7922.34 Mobile Safari/537.36
        - accept: */*
        - accept-encoding: gzip,deflate,br

        at apiRequestContext.get: connect ECONNREFUSED ::1:4000
        at /home/tbaltzakis/cloudless.gr/e2e/admin-crm-api.spec.mts:59:31

    Error Context: test-results/admin-crm-api-Admin-CRM-Cl-14940--crm-companies-rejects-anon-mobile-chrome-retry1/error-context.md

    attachment #2: trace (application/zip) ─────────────────────────────────────────────────────────
    test-results/admin-crm-api-Admin-CRM-Cl-14940--crm-companies-rejects-anon-mobile-chrome-retry1/trace.zip
    Usage:

        npx playwright show-trace test-results/admin-crm-api-Admin-CRM-Cl-14940--crm-companies-rejects-anon-mobile-chrome-retry1/trace.zip

    ────────────────────────────────────────────────────────────────────────────────────────────────

  782) [mobile-chrome] › e2e/admin-crm-api.spec.mts:58:5 › Admin CRM/Client-Portal APIs — unauthenticated › GET /api/admin/crm/deals rejects anon 

    Error: apiRequestContext.get: connect ECONNREFUSED ::1:4000
    Call log:
      - → GET http://localhost:4000/api/admin/crm/deals
        - user-agent: Mozilla/5.0 (Linux; Android 14; Pixel 7) AppleWebKit/537.36 (KHTML, like Gecko) Chrome/151.0.7922.34 Mobile Safari/537.36
        - accept: */*
        - accept-encoding: gzip,deflate,br

        at apiRequestContext.get: connect ECONNREFUSED ::1:4000
        at /home/tbaltzakis/cloudless.gr/e2e/admin-crm-api.spec.mts:59:31

    Error Context: test-results/admin-crm-api-Admin-CRM-Cl-a31d0-dmin-crm-deals-rejects-anon-mobile-chrome/error-context.md

    Retry #1 ───────────────────────────────────────────────────────────────────────────────────────

    Error: apiRequestContext.get: connect ECONNREFUSED ::1:4000
    Call log:
      - → GET http://localhost:4000/api/admin/crm/deals
        - user-agent: Mozilla/5.0 (Linux; Android 14; Pixel 7) AppleWebKit/537.36 (KHTML, like Gecko) Chrome/151.0.7922.34 Mobile Safari/537.36
        - accept: */*
        - accept-encoding: gzip,deflate,br

        at apiRequestContext.get: connect ECONNREFUSED ::1:4000
        at /home/tbaltzakis/cloudless.gr/e2e/admin-crm-api.spec.mts:59:31

    Error Context: test-results/admin-crm-api-Admin-CRM-Cl-a31d0-dmin-crm-deals-rejects-anon-mobile-chrome-retry1/error-context.md

    attachment #2: trace (application/zip) ─────────────────────────────────────────────────────────
    test-results/admin-crm-api-Admin-CRM-Cl-a31d0-dmin-crm-deals-rejects-anon-mobile-chrome-retry1/trace.zip
    Usage:

        npx playwright show-trace test-results/admin-crm-api-Admin-CRM-Cl-a31d0-dmin-crm-deals-rejects-anon-mobile-chrome-retry1/trace.zip

    ────────────────────────────────────────────────────────────────────────────────────────────────

  783) [mobile-chrome] › e2e/admin-crm-api.spec.mts:58:5 › Admin CRM/Client-Portal APIs — unauthenticated › GET /api/admin/client-portals rejects anon 

    Error: apiRequestContext.get: connect ECONNREFUSED ::1:4000
    Call log:
      - → GET http://localhost:4000/api/admin/client-portals
        - user-agent: Mozilla/5.0 (Linux; Android 14; Pixel 7) AppleWebKit/537.36 (KHTML, like Gecko) Chrome/151.0.7922.34 Mobile Safari/537.36
        - accept: */*
        - accept-encoding: gzip,deflate,br

        at apiRequestContext.get: connect ECONNREFUSED ::1:4000
        at /home/tbaltzakis/cloudless.gr/e2e/admin-crm-api.spec.mts:59:31

    Error Context: test-results/admin-crm-api-Admin-CRM-Cl-02577-client-portals-rejects-anon-mobile-chrome/error-context.md

    Retry #1 ───────────────────────────────────────────────────────────────────────────────────────

    Error: apiRequestContext.get: connect ECONNREFUSED ::1:4000
    Call log:
      - → GET http://localhost:4000/api/admin/client-portals
        - user-agent: Mozilla/5.0 (Linux; Android 14; Pixel 7) AppleWebKit/537.36 (KHTML, like Gecko) Chrome/151.0.7922.34 Mobile Safari/537.36
        - accept: */*
        - accept-encoding: gzip,deflate,br

        at apiRequestContext.get: connect ECONNREFUSED ::1:4000
        at /home/tbaltzakis/cloudless.gr/e2e/admin-crm-api.spec.mts:59:31

    Error Context: test-results/admin-crm-api-Admin-CRM-Cl-02577-client-portals-rejects-anon-mobile-chrome-retry1/error-context.md

    attachment #2: trace (application/zip) ─────────────────────────────────────────────────────────
    test-results/admin-crm-api-Admin-CRM-Cl-02577-client-portals-rejects-anon-mobile-chrome-retry1/trace.zip
    Usage:

        npx playwright show-trace test-results/admin-crm-api-Admin-CRM-Cl-02577-client-portals-rejects-anon-mobile-chrome-retry1/trace.zip

    ────────────────────────────────────────────────────────────────────────────────────────────────

  784) [mobile-chrome] › e2e/admin-crm-api.spec.mts:69:5 › Admin CRM/Client-Portal APIs — unauthenticated POST › POST /api/admin/crm/contacts returns 405 (method not implemented) 

    Error: apiRequestContext.post: connect ECONNREFUSED ::1:4000
    Call log:
      - → POST http://localhost:4000/api/admin/crm/contacts
        - user-agent: Mozilla/5.0 (Linux; Android 14; Pixel 7) AppleWebKit/537.36 (KHTML, like Gecko) Chrome/151.0.7922.34 Mobile Safari/537.36
        - accept: */*
        - accept-encoding: gzip,deflate,br
        - content-type: application/json
        - content-length: 2

        at apiRequestContext.post: connect ECONNREFUSED ::1:4000
        at /home/tbaltzakis/cloudless.gr/e2e/admin-crm-api.spec.mts:70:31

    Error Context: test-results/admin-crm-api-Admin-CRM-Cl-35c13-405-method-not-implemented--mobile-chrome/error-context.md

    Retry #1 ───────────────────────────────────────────────────────────────────────────────────────

    Error: apiRequestContext.post: connect ECONNREFUSED ::1:4000
    Call log:
      - → POST http://localhost:4000/api/admin/crm/contacts
        - user-agent: Mozilla/5.0 (Linux; Android 14; Pixel 7) AppleWebKit/537.36 (KHTML, like Gecko) Chrome/151.0.7922.34 Mobile Safari/537.36
        - accept: */*
        - accept-encoding: gzip,deflate,br
        - content-type: application/json
        - content-length: 2

        at apiRequestContext.post: connect ECONNREFUSED ::1:4000
        at /home/tbaltzakis/cloudless.gr/e2e/admin-crm-api.spec.mts:70:31

    Error Context: test-results/admin-crm-api-Admin-CRM-Cl-35c13-405-method-not-implemented--mobile-chrome-retry1/error-context.md

    attachment #2: trace (application/zip) ─────────────────────────────────────────────────────────
    test-results/admin-crm-api-Admin-CRM-Cl-35c13-405-method-not-implemented--mobile-chrome-retry1/trace.zip
    Usage:

        npx playwright show-trace test-results/admin-crm-api-Admin-CRM-Cl-35c13-405-method-not-implemented--mobile-chrome-retry1/trace.zip

    ────────────────────────────────────────────────────────────────────────────────────────────────

  785) [mobile-chrome] › e2e/admin-crm-api.spec.mts:69:5 › Admin CRM/Client-Portal APIs — unauthenticated POST › POST /api/admin/crm/companies returns 405 (method not implemented) 

    Error: apiRequestContext.post: connect ECONNREFUSED ::1:4000
    Call log:
      - → POST http://localhost:4000/api/admin/crm/companies
        - user-agent: Mozilla/5.0 (Linux; Android 14; Pixel 7) AppleWebKit/537.36 (KHTML, like Gecko) Chrome/151.0.7922.34 Mobile Safari/537.36
        - accept: */*
        - accept-encoding: gzip,deflate,br
        - content-type: application/json
        - content-length: 2

        at apiRequestContext.post: connect ECONNREFUSED ::1:4000
        at /home/tbaltzakis/cloudless.gr/e2e/admin-crm-api.spec.mts:70:31

    Error Context: test-results/admin-crm-api-Admin-CRM-Cl-4d305-405-method-not-implemented--mobile-chrome/error-context.md

    Retry #1 ───────────────────────────────────────────────────────────────────────────────────────

    Error: apiRequestContext.post: connect ECONNREFUSED ::1:4000
    Call log:
      - → POST http://localhost:4000/api/admin/crm/companies
        - user-agent: Mozilla/5.0 (Linux; Android 14; Pixel 7) AppleWebKit/537.36 (KHTML, like Gecko) Chrome/151.0.7922.34 Mobile Safari/537.36
        - accept: */*
        - accept-encoding: gzip,deflate,br
        - content-type: application/json
        - content-length: 2

        at apiRequestContext.post: connect ECONNREFUSED ::1:4000
        at /home/tbaltzakis/cloudless.gr/e2e/admin-crm-api.spec.mts:70:31

    Error Context: test-results/admin-crm-api-Admin-CRM-Cl-4d305-405-method-not-implemented--mobile-chrome-retry1/error-context.md

    attachment #2: trace (application/zip) ─────────────────────────────────────────────────────────
    test-results/admin-crm-api-Admin-CRM-Cl-4d305-405-method-not-implemented--mobile-chrome-retry1/trace.zip
    Usage:

        npx playwright show-trace test-results/admin-crm-api-Admin-CRM-Cl-4d305-405-method-not-implemented--mobile-chrome-retry1/trace.zip

    ────────────────────────────────────────────────────────────────────────────────────────────────

  786) [mobile-chrome] › e2e/admin-crm-api.spec.mts:69:5 › Admin CRM/Client-Portal APIs — unauthenticated POST › POST /api/admin/crm/deals returns 405 (method not implemented) 

    Error: apiRequestContext.post: connect ECONNREFUSED ::1:4000
    Call log:
      - → POST http://localhost:4000/api/admin/crm/deals
        - user-agent: Mozilla/5.0 (Linux; Android 14; Pixel 7) AppleWebKit/537.36 (KHTML, like Gecko) Chrome/151.0.7922.34 Mobile Safari/537.36
        - accept: */*
        - accept-encoding: gzip,deflate,br
        - content-type: application/json
        - content-length: 2

        at apiRequestContext.post: connect ECONNREFUSED ::1:4000
        at /home/tbaltzakis/cloudless.gr/e2e/admin-crm-api.spec.mts:70:31

    Error Context: test-results/admin-crm-api-Admin-CRM-Cl-22ac3-405-method-not-implemented--mobile-chrome/error-context.md

    Retry #1 ───────────────────────────────────────────────────────────────────────────────────────

    Error: apiRequestContext.post: connect ECONNREFUSED ::1:4000
    Call log:
      - → POST http://localhost:4000/api/admin/crm/deals
        - user-agent: Mozilla/5.0 (Linux; Android 14; Pixel 7) AppleWebKit/537.36 (KHTML, like Gecko) Chrome/151.0.7922.34 Mobile Safari/537.36
        - accept: */*
        - accept-encoding: gzip,deflate,br
        - content-type: application/json
        - content-length: 2

        at apiRequestContext.post: connect ECONNREFUSED ::1:4000
        at /home/tbaltzakis/cloudless.gr/e2e/admin-crm-api.spec.mts:70:31

    Error Context: test-results/admin-crm-api-Admin-CRM-Cl-22ac3-405-method-not-implemented--mobile-chrome-retry1/error-context.md

    attachment #2: trace (application/zip) ─────────────────────────────────────────────────────────
    test-results/admin-crm-api-Admin-CRM-Cl-22ac3-405-method-not-implemented--mobile-chrome-retry1/trace.zip
    Usage:

        npx playwright show-trace test-results/admin-crm-api-Admin-CRM-Cl-22ac3-405-method-not-implemented--mobile-chrome-retry1/trace.zip

    ────────────────────────────────────────────────────────────────────────────────────────────────

  787) [mobile-chrome] › e2e/admin-crm-api.spec.mts:69:5 › Admin CRM/Client-Portal APIs — unauthenticated POST › POST /api/admin/client-portals returns 405 (method not implemented) 

    Error: apiRequestContext.post: connect ECONNREFUSED ::1:4000
    Call log:
      - → POST http://localhost:4000/api/admin/client-portals
        - user-agent: Mozilla/5.0 (Linux; Android 14; Pixel 7) AppleWebKit/537.36 (KHTML, like Gecko) Chrome/151.0.7922.34 Mobile Safari/537.36
        - accept: */*
        - accept-encoding: gzip,deflate,br
        - content-type: application/json
        - content-length: 2

        at apiRequestContext.post: connect ECONNREFUSED ::1:4000
        at /home/tbaltzakis/cloudless.gr/e2e/admin-crm-api.spec.mts:70:31

    Error Context: test-results/admin-crm-api-Admin-CRM-Cl-d094f-405-method-not-implemented--mobile-chrome/error-context.md

    Retry #1 ───────────────────────────────────────────────────────────────────────────────────────

    Error: apiRequestContext.post: connect ECONNREFUSED ::1:4000
    Call log:
      - → POST http://localhost:4000/api/admin/client-portals
        - user-agent: Mozilla/5.0 (Linux; Android 14; Pixel 7) AppleWebKit/537.36 (KHTML, like Gecko) Chrome/151.0.7922.34 Mobile Safari/537.36
        - accept: */*
        - accept-encoding: gzip,deflate,br
        - content-type: application/json
        - content-length: 2

        at apiRequestContext.post: connect ECONNREFUSED ::1:4000
        at /home/tbaltzakis/cloudless.gr/e2e/admin-crm-api.spec.mts:70:31

    Error Context: test-results/admin-crm-api-Admin-CRM-Cl-d094f-405-method-not-implemented--mobile-chrome-retry1/error-context.md

    attachment #2: trace (application/zip) ─────────────────────────────────────────────────────────
    test-results/admin-crm-api-Admin-CRM-Cl-d094f-405-method-not-implemented--mobile-chrome-retry1/trace.zip
    Usage:

        npx playwright show-trace test-results/admin-crm-api-Admin-CRM-Cl-d094f-405-method-not-implemented--mobile-chrome-retry1/trace.zip

    ────────────────────────────────────────────────────────────────────────────────────────────────

  788) [mobile-chrome] › e2e/admin-crm-api.spec.mts:83:5 › Admin CRM/Client-Portal APIs — authenticated › GET /api/admin/crm/contacts responds non-5xx or 401 (auth checked) 

    Error: apiRequestContext.get: connect ECONNREFUSED ::1:4000
    Call log:
      - → GET http://localhost:4000/api/admin/crm/contacts
        - user-agent: Mozilla/5.0 (Linux; Android 14; Pixel 7) AppleWebKit/537.36 (KHTML, like Gecko) Chrome/151.0.7922.34 Mobile Safari/537.36
        - accept: */*
        - accept-encoding: gzip,deflate,br
        - authorization: Bearer

        at apiRequestContext.get: connect ECONNREFUSED ::1:4000
        at /home/tbaltzakis/cloudless.gr/e2e/admin-crm-api.spec.mts:88:31

    Error Context: test-results/admin-crm-api-Admin-CRM-Cl-b0a2a-on-5xx-or-401-auth-checked--mobile-chrome/error-context.md

    Retry #1 ───────────────────────────────────────────────────────────────────────────────────────

    Error: apiRequestContext.get: connect ECONNREFUSED ::1:4000
    Call log:
      - → GET http://localhost:4000/api/admin/crm/contacts
        - user-agent: Mozilla/5.0 (Linux; Android 14; Pixel 7) AppleWebKit/537.36 (KHTML, like Gecko) Chrome/151.0.7922.34 Mobile Safari/537.36
        - accept: */*
        - accept-encoding: gzip,deflate,br
        - authorization: Bearer

        at apiRequestContext.get: connect ECONNREFUSED ::1:4000
        at /home/tbaltzakis/cloudless.gr/e2e/admin-crm-api.spec.mts:88:31

    Error Context: test-results/admin-crm-api-Admin-CRM-Cl-b0a2a-on-5xx-or-401-auth-checked--mobile-chrome-retry1/error-context.md

    attachment #2: trace (application/zip) ─────────────────────────────────────────────────────────
    test-results/admin-crm-api-Admin-CRM-Cl-b0a2a-on-5xx-or-401-auth-checked--mobile-chrome-retry1/trace.zip
    Usage:

        npx playwright show-trace test-results/admin-crm-api-Admin-CRM-Cl-b0a2a-on-5xx-or-401-auth-checked--mobile-chrome-retry1/trace.zip

    ────────────────────────────────────────────────────────────────────────────────────────────────

  789) [mobile-chrome] › e2e/admin-crm-api.spec.mts:83:5 › Admin CRM/Client-Portal APIs — authenticated › GET /api/admin/crm/companies responds non-5xx or 401 (auth checked) 

    Error: apiRequestContext.get: connect ECONNREFUSED ::1:4000
    Call log:
      - → GET http://localhost:4000/api/admin/crm/companies
        - user-agent: Mozilla/5.0 (Linux; Android 14; Pixel 7) AppleWebKit/537.36 (KHTML, like Gecko) Chrome/151.0.7922.34 Mobile Safari/537.36
        - accept: */*
        - accept-encoding: gzip,deflate,br
        - authorization: Bearer

        at apiRequestContext.get: connect ECONNREFUSED ::1:4000
        at /home/tbaltzakis/cloudless.gr/e2e/admin-crm-api.spec.mts:88:31

    Error Context: test-results/admin-crm-api-Admin-CRM-Cl-652c6-on-5xx-or-401-auth-checked--mobile-chrome/error-context.md

    Retry #1 ───────────────────────────────────────────────────────────────────────────────────────

    Error: apiRequestContext.get: connect ECONNREFUSED ::1:4000
    Call log:
      - → GET http://localhost:4000/api/admin/crm/companies
        - user-agent: Mozilla/5.0 (Linux; Android 14; Pixel 7) AppleWebKit/537.36 (KHTML, like Gecko) Chrome/151.0.7922.34 Mobile Safari/537.36
        - accept: */*
        - accept-encoding: gzip,deflate,br
        - authorization: Bearer

        at apiRequestContext.get: connect ECONNREFUSED ::1:4000
        at /home/tbaltzakis/cloudless.gr/e2e/admin-crm-api.spec.mts:88:31

    Error Context: test-results/admin-crm-api-Admin-CRM-Cl-652c6-on-5xx-or-401-auth-checked--mobile-chrome-retry1/error-context.md

    attachment #2: trace (application/zip) ─────────────────────────────────────────────────────────
    test-results/admin-crm-api-Admin-CRM-Cl-652c6-on-5xx-or-401-auth-checked--mobile-chrome-retry1/trace.zip
    Usage:

        npx playwright show-trace test-results/admin-crm-api-Admin-CRM-Cl-652c6-on-5xx-or-401-auth-checked--mobile-chrome-retry1/trace.zip

    ────────────────────────────────────────────────────────────────────────────────────────────────

  790) [mobile-chrome] › e2e/admin-crm-api.spec.mts:83:5 › Admin CRM/Client-Portal APIs — authenticated › GET /api/admin/crm/deals responds non-5xx or 401 (auth checked) 

    Error: apiRequestContext.get: connect ECONNREFUSED ::1:4000
    Call log:
      - → GET http://localhost:4000/api/admin/crm/deals
        - user-agent: Mozilla/5.0 (Linux; Android 14; Pixel 7) AppleWebKit/537.36 (KHTML, like Gecko) Chrome/151.0.7922.34 Mobile Safari/537.36
        - accept: */*
        - accept-encoding: gzip,deflate,br
        - authorization: Bearer

        at apiRequestContext.get: connect ECONNREFUSED ::1:4000
        at /home/tbaltzakis/cloudless.gr/e2e/admin-crm-api.spec.mts:88:31

    Error Context: test-results/admin-crm-api-Admin-CRM-Cl-4fb59-on-5xx-or-401-auth-checked--mobile-chrome/error-context.md

    Retry #1 ───────────────────────────────────────────────────────────────────────────────────────

    Error: apiRequestContext.get: connect ECONNREFUSED ::1:4000
    Call log:
      - → GET http://localhost:4000/api/admin/crm/deals
        - user-agent: Mozilla/5.0 (Linux; Android 14; Pixel 7) AppleWebKit/537.36 (KHTML, like Gecko) Chrome/151.0.7922.34 Mobile Safari/537.36
        - accept: */*
        - accept-encoding: gzip,deflate,br
        - authorization: Bearer

        at apiRequestContext.get: connect ECONNREFUSED ::1:4000
        at /home/tbaltzakis/cloudless.gr/e2e/admin-crm-api.spec.mts:88:31

    Error Context: test-results/admin-crm-api-Admin-CRM-Cl-4fb59-on-5xx-or-401-auth-checked--mobile-chrome-retry1/error-context.md

    attachment #2: trace (application/zip) ─────────────────────────────────────────────────────────
    test-results/admin-crm-api-Admin-CRM-Cl-4fb59-on-5xx-or-401-auth-checked--mobile-chrome-retry1/trace.zip
    Usage:

        npx playwright show-trace test-results/admin-crm-api-Admin-CRM-Cl-4fb59-on-5xx-or-401-auth-checked--mobile-chrome-retry1/trace.zip

    ────────────────────────────────────────────────────────────────────────────────────────────────

  791) [mobile-chrome] › e2e/admin-crm-api.spec.mts:83:5 › Admin CRM/Client-Portal APIs — authenticated › GET /api/admin/client-portals responds non-5xx or 401 (auth checked) 

    Error: apiRequestContext.get: connect ECONNREFUSED ::1:4000
    Call log:
      - → GET http://localhost:4000/api/admin/client-portals
        - user-agent: Mozilla/5.0 (Linux; Android 14; Pixel 7) AppleWebKit/537.36 (KHTML, like Gecko) Chrome/151.0.7922.34 Mobile Safari/537.36
        - accept: */*
        - accept-encoding: gzip,deflate,br
        - authorization: Bearer

        at apiRequestContext.get: connect ECONNREFUSED ::1:4000
        at /home/tbaltzakis/cloudless.gr/e2e/admin-crm-api.spec.mts:88:31

    Error Context: test-results/admin-crm-api-Admin-CRM-Cl-deb29-on-5xx-or-401-auth-checked--mobile-chrome/error-context.md

    Retry #1 ───────────────────────────────────────────────────────────────────────────────────────

    Error: apiRequestContext.get: connect ECONNREFUSED ::1:4000
    Call log:
      - → GET http://localhost:4000/api/admin/client-portals
        - user-agent: Mozilla/5.0 (Linux; Android 14; Pixel 7) AppleWebKit/537.36 (KHTML, like Gecko) Chrome/151.0.7922.34 Mobile Safari/537.36
        - accept: */*
        - accept-encoding: gzip,deflate,br
        - authorization: Bearer

        at apiRequestContext.get: connect ECONNREFUSED ::1:4000
        at /home/tbaltzakis/cloudless.gr/e2e/admin-crm-api.spec.mts:88:31

    Error Context: test-results/admin-crm-api-Admin-CRM-Cl-deb29-on-5xx-or-401-auth-checked--mobile-chrome-retry1/error-context.md

    attachment #2: trace (application/zip) ─────────────────────────────────────────────────────────
    test-results/admin-crm-api-Admin-CRM-Cl-deb29-on-5xx-or-401-auth-checked--mobile-chrome-retry1/trace.zip
    Usage:

        npx playwright show-trace test-results/admin-crm-api-Admin-CRM-Cl-deb29-on-5xx-or-401-auth-checked--mobile-chrome-retry1/trace.zip

    ────────────────────────────────────────────────────────────────────────────────────────────────

  792) [mobile-chrome] › e2e/admin-ops-baseline-deep.spec.ts:32:9 › ops-baseline: auth gate consistency (unauthenticated) › GET /api/admin/users returns 401 without admin token 

    Error: apiRequestContext.get: connect ECONNREFUSED ::1:4000
    Call log:
      - → GET http://localhost:4000/api/admin/users
        - user-agent: Mozilla/5.0 (Linux; Android 14; Pixel 7) AppleWebKit/537.36 (KHTML, like Gecko) Chrome/151.0.7922.34 Mobile Safari/537.36
        - accept: */*
        - accept-encoding: gzip,deflate,br

        at apiRequestContext.get: connect ECONNREFUSED ::1:4000
        at /home/tbaltzakis/cloudless.gr/e2e/admin-ops-baseline-deep.spec.ts:33:31

    Error Context: test-results/admin-ops-baseline-deep-op-0b875-rns-401-without-admin-token-mobile-chrome/error-context.md

    Retry #1 ───────────────────────────────────────────────────────────────────────────────────────

    Error: apiRequestContext.get: connect ECONNREFUSED ::1:4000
    Call log:
      - → GET http://localhost:4000/api/admin/users
        - user-agent: Mozilla/5.0 (Linux; Android 14; Pixel 7) AppleWebKit/537.36 (KHTML, like Gecko) Chrome/151.0.7922.34 Mobile Safari/537.36
        - accept: */*
        - accept-encoding: gzip,deflate,br

        at apiRequestContext.get: connect ECONNREFUSED ::1:4000
        at /home/tbaltzakis/cloudless.gr/e2e/admin-ops-baseline-deep.spec.ts:33:31

    Error Context: test-results/admin-ops-baseline-deep-op-0b875-rns-401-without-admin-token-mobile-chrome-retry1/error-context.md

    attachment #2: trace (application/zip) ─────────────────────────────────────────────────────────
    test-results/admin-ops-baseline-deep-op-0b875-rns-401-without-admin-token-mobile-chrome-retry1/trace.zip
    Usage:

        npx playwright show-trace test-results/admin-ops-baseline-deep-op-0b875-rns-401-without-admin-token-mobile-chrome-retry1/trace.zip

    ────────────────────────────────────────────────────────────────────────────────────────────────

  793) [mobile-chrome] › e2e/admin-ops-baseline-deep.spec.ts:32:9 › ops-baseline: auth gate consistency (unauthenticated) › GET /api/admin/integrations/status returns 401 without admin token 

    Error: apiRequestContext.get: connect ECONNREFUSED ::1:4000
    Call log:
      - → GET http://localhost:4000/api/admin/integrations/status
        - user-agent: Mozilla/5.0 (Linux; Android 14; Pixel 7) AppleWebKit/537.36 (KHTML, like Gecko) Chrome/151.0.7922.34 Mobile Safari/537.36
        - accept: */*
        - accept-encoding: gzip,deflate,br

        at apiRequestContext.get: connect ECONNREFUSED ::1:4000
        at /home/tbaltzakis/cloudless.gr/e2e/admin-ops-baseline-deep.spec.ts:33:31

    Error Context: test-results/admin-ops-baseline-deep-op-81fe6-rns-401-without-admin-token-mobile-chrome/error-context.md

    Retry #1 ───────────────────────────────────────────────────────────────────────────────────────

    Error: apiRequestContext.get: connect ECONNREFUSED ::1:4000
    Call log:
      - → GET http://localhost:4000/api/admin/integrations/status
        - user-agent: Mozilla/5.0 (Linux; Android 14; Pixel 7) AppleWebKit/537.36 (KHTML, like Gecko) Chrome/151.0.7922.34 Mobile Safari/537.36
        - accept: */*
        - accept-encoding: gzip,deflate,br

        at apiRequestContext.get: connect ECONNREFUSED ::1:4000
        at /home/tbaltzakis/cloudless.gr/e2e/admin-ops-baseline-deep.spec.ts:33:31

    Error Context: test-results/admin-ops-baseline-deep-op-81fe6-rns-401-without-admin-token-mobile-chrome-retry1/error-context.md

    attachment #2: trace (application/zip) ─────────────────────────────────────────────────────────
    test-results/admin-ops-baseline-deep-op-81fe6-rns-401-without-admin-token-mobile-chrome-retry1/trace.zip
    Usage:

        npx playwright show-trace test-results/admin-ops-baseline-deep-op-81fe6-rns-401-without-admin-token-mobile-chrome-retry1/trace.zip

    ────────────────────────────────────────────────────────────────────────────────────────────────

  794) [mobile-chrome] › e2e/admin-ops-baseline-deep.spec.ts:32:9 › ops-baseline: auth gate consistency (unauthenticated) › GET /api/admin/notifications returns 401 without admin token 

    Error: apiRequestContext.get: connect ECONNREFUSED ::1:4000
    Call log:
      - → GET http://localhost:4000/api/admin/notifications
        - user-agent: Mozilla/5.0 (Linux; Android 14; Pixel 7) AppleWebKit/537.36 (KHTML, like Gecko) Chrome/151.0.7922.34 Mobile Safari/537.36
        - accept: */*
        - accept-encoding: gzip,deflate,br

        at apiRequestContext.get: connect ECONNREFUSED ::1:4000
        at /home/tbaltzakis/cloudless.gr/e2e/admin-ops-baseline-deep.spec.ts:33:31

    Error Context: test-results/admin-ops-baseline-deep-op-6c5cd-rns-401-without-admin-token-mobile-chrome/error-context.md

    Retry #1 ───────────────────────────────────────────────────────────────────────────────────────

    Error: apiRequestContext.get: connect ECONNREFUSED ::1:4000
    Call log:
      - → GET http://localhost:4000/api/admin/notifications
        - user-agent: Mozilla/5.0 (Linux; Android 14; Pixel 7) AppleWebKit/537.36 (KHTML, like Gecko) Chrome/151.0.7922.34 Mobile Safari/537.36
        - accept: */*
        - accept-encoding: gzip,deflate,br

        at apiRequestContext.get: connect ECONNREFUSED ::1:4000
        at /home/tbaltzakis/cloudless.gr/e2e/admin-ops-baseline-deep.spec.ts:33:31

    Error Context: test-results/admin-ops-baseline-deep-op-6c5cd-rns-401-without-admin-token-mobile-chrome-retry1/error-context.md

    attachment #2: trace (application/zip) ─────────────────────────────────────────────────────────
    test-results/admin-ops-baseline-deep-op-6c5cd-rns-401-without-admin-token-mobile-chrome-retry1/trace.zip
    Usage:

        npx playwright show-trace test-results/admin-ops-baseline-deep-op-6c5cd-rns-401-without-admin-token-mobile-chrome-retry1/trace.zip

    ────────────────────────────────────────────────────────────────────────────────────────────────

  795) [mobile-chrome] › e2e/admin-ops-baseline-deep.spec.ts:32:9 › ops-baseline: auth gate consistency (unauthenticated) › GET /api/admin/workspaces returns 401 without admin token 

    Error: apiRequestContext.get: connect ECONNREFUSED ::1:4000
    Call log:
      - → GET http://localhost:4000/api/admin/workspaces
        - user-agent: Mozilla/5.0 (Linux; Android 14; Pixel 7) AppleWebKit/537.36 (KHTML, like Gecko) Chrome/151.0.7922.34 Mobile Safari/537.36
        - accept: */*
        - accept-encoding: gzip,deflate,br

        at apiRequestContext.get: connect ECONNREFUSED ::1:4000
        at /home/tbaltzakis/cloudless.gr/e2e/admin-ops-baseline-deep.spec.ts:33:31

    Error Context: test-results/admin-ops-baseline-deep-op-352bc-rns-401-without-admin-token-mobile-chrome/error-context.md

    Retry #1 ───────────────────────────────────────────────────────────────────────────────────────

    Error: apiRequestContext.get: connect ECONNREFUSED ::1:4000
    Call log:
      - → GET http://localhost:4000/api/admin/workspaces
        - user-agent: Mozilla/5.0 (Linux; Android 14; Pixel 7) AppleWebKit/537.36 (KHTML, like Gecko) Chrome/151.0.7922.34 Mobile Safari/537.36
        - accept: */*
        - accept-encoding: gzip,deflate,br

        at apiRequestContext.get: connect ECONNREFUSED ::1:4000
        at /home/tbaltzakis/cloudless.gr/e2e/admin-ops-baseline-deep.spec.ts:33:31

    Error Context: test-results/admin-ops-baseline-deep-op-352bc-rns-401-without-admin-token-mobile-chrome-retry1/error-context.md

    attachment #2: trace (application/zip) ─────────────────────────────────────────────────────────
    test-results/admin-ops-baseline-deep-op-352bc-rns-401-without-admin-token-mobile-chrome-retry1/trace.zip
    Usage:

        npx playwright show-trace test-results/admin-ops-baseline-deep-op-352bc-rns-401-without-admin-token-mobile-chrome-retry1/trace.zip

    ────────────────────────────────────────────────────────────────────────────────────────────────

  796) [mobile-chrome] › e2e/admin-ops-baseline-deep.spec.ts:38:7 › ops-baseline: auth gate consistency (unauthenticated) › POST /api/admin/cache returns 401 without admin token 

    Error: apiRequestContext.post: connect ECONNREFUSED ::1:4000
    Call log:
      - → POST http://localhost:4000/api/admin/cache
        - user-agent: Mozilla/5.0 (Linux; Android 14; Pixel 7) AppleWebKit/537.36 (KHTML, like Gecko) Chrome/151.0.7922.34 Mobile Safari/537.36
        - accept: */*
        - accept-encoding: gzip,deflate,br
        - content-type: application/json
        - content-length: 2

        at apiRequestContext.post: connect ECONNREFUSED ::1:4000
        at /home/tbaltzakis/cloudless.gr/e2e/admin-ops-baseline-deep.spec.ts:39:29

    Error Context: test-results/admin-ops-baseline-deep-op-fb8d8-rns-401-without-admin-token-mobile-chrome/error-context.md

    Retry #1 ───────────────────────────────────────────────────────────────────────────────────────

    Error: apiRequestContext.post: connect ECONNREFUSED ::1:4000
    Call log:
      - → POST http://localhost:4000/api/admin/cache
        - user-agent: Mozilla/5.0 (Linux; Android 14; Pixel 7) AppleWebKit/537.36 (KHTML, like Gecko) Chrome/151.0.7922.34 Mobile Safari/537.36
        - accept: */*
        - accept-encoding: gzip,deflate,br
        - content-type: application/json
        - content-length: 2

        at apiRequestContext.post: connect ECONNREFUSED ::1:4000
        at /home/tbaltzakis/cloudless.gr/e2e/admin-ops-baseline-deep.spec.ts:39:29

    Error Context: test-results/admin-ops-baseline-deep-op-fb8d8-rns-401-without-admin-token-mobile-chrome-retry1/error-context.md

    attachment #2: trace (application/zip) ─────────────────────────────────────────────────────────
    test-results/admin-ops-baseline-deep-op-fb8d8-rns-401-without-admin-token-mobile-chrome-retry1/trace.zip
    Usage:

        npx playwright show-trace test-results/admin-ops-baseline-deep-op-fb8d8-rns-401-without-admin-token-mobile-chrome-retry1/trace.zip

    ────────────────────────────────────────────────────────────────────────────────────────────────

  797) [mobile-chrome] › e2e/admin-ops-baseline-deep.spec.ts:45:7 › ops-baseline: method gating › GET /api/admin/cache is rejected (POST-only by design) 

    Error: apiRequestContext.get: connect ECONNREFUSED ::1:4000
    Call log:
      - → GET http://localhost:4000/api/admin/cache
        - user-agent: Mozilla/5.0 (Linux; Android 14; Pixel 7) AppleWebKit/537.36 (KHTML, like Gecko) Chrome/151.0.7922.34 Mobile Safari/537.36
        - accept: */*
        - accept-encoding: gzip,deflate,br
        - authorization: Bearer e2e-admin-token-do-not-use-in-prod

        at apiRequestContext.get: connect ECONNREFUSED ::1:4000
        at Object.get (/home/tbaltzakis/cloudless.gr/e2e/_internal/admin-fixture.ts:8:35)
        at /home/tbaltzakis/cloudless.gr/e2e/admin-ops-baseline-deep.spec.ts:47:23

    Error Context: test-results/admin-ops-baseline-deep-op-17e19-jected-POST-only-by-design--mobile-chrome/error-context.md

    Retry #1 ───────────────────────────────────────────────────────────────────────────────────────

    Error: apiRequestContext.get: connect ECONNREFUSED ::1:4000
    Call log:
      - → GET http://localhost:4000/api/admin/cache
        - user-agent: Mozilla/5.0 (Linux; Android 14; Pixel 7) AppleWebKit/537.36 (KHTML, like Gecko) Chrome/151.0.7922.34 Mobile Safari/537.36
        - accept: */*
        - accept-encoding: gzip,deflate,br
        - authorization: Bearer e2e-admin-token-do-not-use-in-prod

        at apiRequestContext.get: connect ECONNREFUSED ::1:4000
        at Object.get (/home/tbaltzakis/cloudless.gr/e2e/_internal/admin-fixture.ts:8:35)
        at /home/tbaltzakis/cloudless.gr/e2e/admin-ops-baseline-deep.spec.ts:47:23

    Error Context: test-results/admin-ops-baseline-deep-op-17e19-jected-POST-only-by-design--mobile-chrome-retry1/error-context.md

    attachment #2: trace (application/zip) ─────────────────────────────────────────────────────────
    test-results/admin-ops-baseline-deep-op-17e19-jected-POST-only-by-design--mobile-chrome-retry1/trace.zip
    Usage:

        npx playwright show-trace test-results/admin-ops-baseline-deep-op-17e19-jected-POST-only-by-design--mobile-chrome-retry1/trace.zip

    ────────────────────────────────────────────────────────────────────────────────────────────────

  798) [mobile-chrome] › e2e/admin-ops-baseline-deep.spec.ts:55:7 › ops-baseline: authenticated reads return documented shapes › GET /api/admin/users returns { users, provider, ... } 

    Error: apiRequestContext.get: connect ECONNREFUSED ::1:4000
    Call log:
      - → GET http://localhost:4000/api/admin/users
        - user-agent: Mozilla/5.0 (Linux; Android 14; Pixel 7) AppleWebKit/537.36 (KHTML, like Gecko) Chrome/151.0.7922.34 Mobile Safari/537.36
        - accept: */*
        - accept-encoding: gzip,deflate,br
        - authorization: Bearer e2e-admin-token-do-not-use-in-prod

        at apiRequestContext.get: connect ECONNREFUSED ::1:4000
        at Object.get (/home/tbaltzakis/cloudless.gr/e2e/_internal/admin-fixture.ts:8:35)
        at /home/tbaltzakis/cloudless.gr/e2e/admin-ops-baseline-deep.spec.ts:57:23

    Error Context: test-results/admin-ops-baseline-deep-op-30f3f-ers-returns-users-provider--mobile-chrome/error-context.md

    Retry #1 ───────────────────────────────────────────────────────────────────────────────────────

    Error: apiRequestContext.get: connect ECONNREFUSED ::1:4000
    Call log:
      - → GET http://localhost:4000/api/admin/users
        - user-agent: Mozilla/5.0 (Linux; Android 14; Pixel 7) AppleWebKit/537.36 (KHTML, like Gecko) Chrome/151.0.7922.34 Mobile Safari/537.36
        - accept: */*
        - accept-encoding: gzip,deflate,br
        - authorization: Bearer e2e-admin-token-do-not-use-in-prod

        at apiRequestContext.get: connect ECONNREFUSED ::1:4000
        at Object.get (/home/tbaltzakis/cloudless.gr/e2e/_internal/admin-fixture.ts:8:35)
        at /home/tbaltzakis/cloudless.gr/e2e/admin-ops-baseline-deep.spec.ts:57:23

    Error Context: test-results/admin-ops-baseline-deep-op-30f3f-ers-returns-users-provider--mobile-chrome-retry1/error-context.md

    attachment #2: trace (application/zip) ─────────────────────────────────────────────────────────
    test-results/admin-ops-baseline-deep-op-30f3f-ers-returns-users-provider--mobile-chrome-retry1/trace.zip
    Usage:

        npx playwright show-trace test-results/admin-ops-baseline-deep-op-30f3f-ers-returns-users-provider--mobile-chrome-retry1/trace.zip

    ────────────────────────────────────────────────────────────────────────────────────────────────

  799) [mobile-chrome] › e2e/admin-ops-baseline-deep.spec.ts:68:7 › ops-baseline: authenticated reads return documented shapes › GET /api/admin/integrations/status returns { integrations, summary, checkedAt } 

    Error: apiRequestContext.get: connect ECONNREFUSED ::1:4000
    Call log:
      - → GET http://localhost:4000/api/admin/integrations/status
        - user-agent: Mozilla/5.0 (Linux; Android 14; Pixel 7) AppleWebKit/537.36 (KHTML, like Gecko) Chrome/151.0.7922.34 Mobile Safari/537.36
        - accept: */*
        - accept-encoding: gzip,deflate,br
        - authorization: Bearer e2e-admin-token-do-not-use-in-prod

        at apiRequestContext.get: connect ECONNREFUSED ::1:4000
        at Object.get (/home/tbaltzakis/cloudless.gr/e2e/_internal/admin-fixture.ts:8:35)
        at /home/tbaltzakis/cloudless.gr/e2e/admin-ops-baseline-deep.spec.ts:70:23

    Error Context: test-results/admin-ops-baseline-deep-op-02cbd-grations-summary-checkedAt--mobile-chrome/error-context.md

    Retry #1 ───────────────────────────────────────────────────────────────────────────────────────

    Error: apiRequestContext.get: connect ECONNREFUSED ::1:4000
    Call log:
      - → GET http://localhost:4000/api/admin/integrations/status
        - user-agent: Mozilla/5.0 (Linux; Android 14; Pixel 7) AppleWebKit/537.36 (KHTML, like Gecko) Chrome/151.0.7922.34 Mobile Safari/537.36
        - accept: */*
        - accept-encoding: gzip,deflate,br
        - authorization: Bearer e2e-admin-token-do-not-use-in-prod

        at apiRequestContext.get: connect ECONNREFUSED ::1:4000
        at Object.get (/home/tbaltzakis/cloudless.gr/e2e/_internal/admin-fixture.ts:8:35)
        at /home/tbaltzakis/cloudless.gr/e2e/admin-ops-baseline-deep.spec.ts:70:23

    Error Context: test-results/admin-ops-baseline-deep-op-02cbd-grations-summary-checkedAt--mobile-chrome-retry1/error-context.md

    attachment #2: trace (application/zip) ─────────────────────────────────────────────────────────
    test-results/admin-ops-baseline-deep-op-02cbd-grations-summary-checkedAt--mobile-chrome-retry1/trace.zip
    Usage:

        npx playwright show-trace test-results/admin-ops-baseline-deep-op-02cbd-grations-summary-checkedAt--mobile-chrome-retry1/trace.zip

    ────────────────────────────────────────────────────────────────────────────────────────────────

  800) [mobile-chrome] › e2e/admin-ops-baseline-deep.spec.ts:81:7 › ops-baseline: authenticated reads return documented shapes › GET /api/admin/notifications returns { notifications: [] } 

    Error: apiRequestContext.get: connect ECONNREFUSED ::1:4000
    Call log:
      - → GET http://localhost:4000/api/admin/notifications
        - user-agent: Mozilla/5.0 (Linux; Android 14; Pixel 7) AppleWebKit/537.36 (KHTML, like Gecko) Chrome/151.0.7922.34 Mobile Safari/537.36
        - accept: */*
        - accept-encoding: gzip,deflate,br
        - authorization: Bearer e2e-admin-token-do-not-use-in-prod

        at apiRequestContext.get: connect ECONNREFUSED ::1:4000
        at Object.get (/home/tbaltzakis/cloudless.gr/e2e/_internal/admin-fixture.ts:8:35)
        at /home/tbaltzakis/cloudless.gr/e2e/admin-ops-baseline-deep.spec.ts:83:23

    Error Context: test-results/admin-ops-baseline-deep-op-f2a85-ions-returns-notifications--mobile-chrome/error-context.md

    Retry #1 ───────────────────────────────────────────────────────────────────────────────────────

    Error: apiRequestContext.get: connect ECONNREFUSED ::1:4000
    Call log:
      - → GET http://localhost:4000/api/admin/notifications
        - user-agent: Mozilla/5.0 (Linux; Android 14; Pixel 7) AppleWebKit/537.36 (KHTML, like Gecko) Chrome/151.0.7922.34 Mobile Safari/537.36
        - accept: */*
        - accept-encoding: gzip,deflate,br
        - authorization: Bearer e2e-admin-token-do-not-use-in-prod

        at apiRequestContext.get: connect ECONNREFUSED ::1:4000
        at Object.get (/home/tbaltzakis/cloudless.gr/e2e/_internal/admin-fixture.ts:8:35)
        at /home/tbaltzakis/cloudless.gr/e2e/admin-ops-baseline-deep.spec.ts:83:23

    Error Context: test-results/admin-ops-baseline-deep-op-f2a85-ions-returns-notifications--mobile-chrome-retry1/error-context.md

    attachment #2: trace (application/zip) ─────────────────────────────────────────────────────────
    test-results/admin-ops-baseline-deep-op-f2a85-ions-returns-notifications--mobile-chrome-retry1/trace.zip
    Usage:

        npx playwright show-trace test-results/admin-ops-baseline-deep-op-f2a85-ions-returns-notifications--mobile-chrome-retry1/trace.zip

    ────────────────────────────────────────────────────────────────────────────────────────────────

  801) [mobile-chrome] › e2e/admin-ops-baseline-deep.spec.ts:92:7 › ops-baseline: authenticated reads return documented shapes › GET /api/admin/workspaces returns { workspaces: [] } 

    Error: apiRequestContext.get: connect ECONNREFUSED ::1:4000
    Call log:
      - → GET http://localhost:4000/api/admin/workspaces
        - user-agent: Mozilla/5.0 (Linux; Android 14; Pixel 7) AppleWebKit/537.36 (KHTML, like Gecko) Chrome/151.0.7922.34 Mobile Safari/537.36
        - accept: */*
        - accept-encoding: gzip,deflate,br
        - authorization: Bearer e2e-admin-token-do-not-use-in-prod

        at apiRequestContext.get: connect ECONNREFUSED ::1:4000
        at Object.get (/home/tbaltzakis/cloudless.gr/e2e/_internal/admin-fixture.ts:8:35)
        at /home/tbaltzakis/cloudless.gr/e2e/admin-ops-baseline-deep.spec.ts:94:23

    Error Context: test-results/admin-ops-baseline-deep-op-f15b3-kspaces-returns-workspaces--mobile-chrome/error-context.md

    Retry #1 ───────────────────────────────────────────────────────────────────────────────────────

    Error: apiRequestContext.get: connect ECONNREFUSED ::1:4000
    Call log:
      - → GET http://localhost:4000/api/admin/workspaces
        - user-agent: Mozilla/5.0 (Linux; Android 14; Pixel 7) AppleWebKit/537.36 (KHTML, like Gecko) Chrome/151.0.7922.34 Mobile Safari/537.36
        - accept: */*
        - accept-encoding: gzip,deflate,br
        - authorization: Bearer e2e-admin-token-do-not-use-in-prod

        at apiRequestContext.get: connect ECONNREFUSED ::1:4000
        at Object.get (/home/tbaltzakis/cloudless.gr/e2e/_internal/admin-fixture.ts:8:35)
        at /home/tbaltzakis/cloudless.gr/e2e/admin-ops-baseline-deep.spec.ts:94:23

    Error Context: test-results/admin-ops-baseline-deep-op-f15b3-kspaces-returns-workspaces--mobile-chrome-retry1/error-context.md

    attachment #2: trace (application/zip) ─────────────────────────────────────────────────────────
    test-results/admin-ops-baseline-deep-op-f15b3-kspaces-returns-workspaces--mobile-chrome-retry1/trace.zip
    Usage:

        npx playwright show-trace test-results/admin-ops-baseline-deep-op-f15b3-kspaces-returns-workspaces--mobile-chrome-retry1/trace.zip

    ────────────────────────────────────────────────────────────────────────────────────────────────

  802) [mobile-chrome] › e2e/admin-ops-baseline-deep.spec.ts:105:7 › ops-baseline: write-side methods accept admin-token › POST /api/admin/cache without body clears all (auth-only) 

    Error: apiRequestContext.post: connect ECONNREFUSED ::1:4000
    Call log:
      - → POST http://localhost:4000/api/admin/cache
        - user-agent: Mozilla/5.0 (Linux; Android 14; Pixel 7) AppleWebKit/537.36 (KHTML, like Gecko) Chrome/151.0.7922.34 Mobile Safari/537.36
        - accept: */*
        - accept-encoding: gzip,deflate,br
        - authorization: Bearer e2e-admin-token-do-not-use-in-prod
        - content-type: application/json
        - content-length: 2

        at apiRequestContext.post: connect ECONNREFUSED ::1:4000
        at Object.post (/home/tbaltzakis/cloudless.gr/e2e/_internal/admin-fixture.ts:10:15)
        at /home/tbaltzakis/cloudless.gr/e2e/admin-ops-baseline-deep.spec.ts:107:23

    Error Context: test-results/admin-ops-baseline-deep-op-a92cc--body-clears-all-auth-only--mobile-chrome/error-context.md

    Retry #1 ───────────────────────────────────────────────────────────────────────────────────────

    Error: apiRequestContext.post: connect ECONNREFUSED ::1:4000
    Call log:
      - → POST http://localhost:4000/api/admin/cache
        - user-agent: Mozilla/5.0 (Linux; Android 14; Pixel 7) AppleWebKit/537.36 (KHTML, like Gecko) Chrome/151.0.7922.34 Mobile Safari/537.36
        - accept: */*
        - accept-encoding: gzip,deflate,br
        - authorization: Bearer e2e-admin-token-do-not-use-in-prod
        - content-type: application/json
        - content-length: 2

        at apiRequestContext.post: connect ECONNREFUSED ::1:4000
        at Object.post (/home/tbaltzakis/cloudless.gr/e2e/_internal/admin-fixture.ts:10:15)
        at /home/tbaltzakis/cloudless.gr/e2e/admin-ops-baseline-deep.spec.ts:107:23

    Error Context: test-results/admin-ops-baseline-deep-op-a92cc--body-clears-all-auth-only--mobile-chrome-retry1/error-context.md

    attachment #2: trace (application/zip) ─────────────────────────────────────────────────────────
    test-results/admin-ops-baseline-deep-op-a92cc--body-clears-all-auth-only--mobile-chrome-retry1/trace.zip
    Usage:

        npx playwright show-trace test-results/admin-ops-baseline-deep-op-a92cc--body-clears-all-auth-only--mobile-chrome-retry1/trace.zip

    ────────────────────────────────────────────────────────────────────────────────────────────────

  803) [mobile-chrome] › e2e/admin-ops-baseline-deep.spec.ts:114:7 › ops-baseline: write-side methods accept admin-token › PATCH /api/admin/notifications accepts admin-token 

    Error: apiRequestContext.patch: connect ECONNREFUSED ::1:4000
    Call log:
      - → PATCH http://localhost:4000/api/admin/notifications
        - user-agent: Mozilla/5.0 (Linux; Android 14; Pixel 7) AppleWebKit/537.36 (KHTML, like Gecko) Chrome/151.0.7922.34 Mobile Safari/537.36
        - accept: */*
        - accept-encoding: gzip,deflate,br
        - authorization: Bearer e2e-admin-token-do-not-use-in-prod
        - content-type: application/json
        - content-length: 10

        at apiRequestContext.patch: connect ECONNREFUSED ::1:4000
        at Object.patch (/home/tbaltzakis/cloudless.gr/e2e/_internal/admin-fixture.ts:31:15)
        at /home/tbaltzakis/cloudless.gr/e2e/admin-ops-baseline-deep.spec.ts:116:23

    Error Context: test-results/admin-ops-baseline-deep-op-bc599-cations-accepts-admin-token-mobile-chrome/error-context.md

    Retry #1 ───────────────────────────────────────────────────────────────────────────────────────

    Error: apiRequestContext.patch: connect ECONNREFUSED ::1:4000
    Call log:
      - → PATCH http://localhost:4000/api/admin/notifications
        - user-agent: Mozilla/5.0 (Linux; Android 14; Pixel 7) AppleWebKit/537.36 (KHTML, like Gecko) Chrome/151.0.7922.34 Mobile Safari/537.36
        - accept: */*
        - accept-encoding: gzip,deflate,br
        - authorization: Bearer e2e-admin-token-do-not-use-in-prod
        - content-type: application/json
        - content-length: 10

        at apiRequestContext.patch: connect ECONNREFUSED ::1:4000
        at Object.patch (/home/tbaltzakis/cloudless.gr/e2e/_internal/admin-fixture.ts:31:15)
        at /home/tbaltzakis/cloudless.gr/e2e/admin-ops-baseline-deep.spec.ts:116:23

    Error Context: test-results/admin-ops-baseline-deep-op-bc599-cations-accepts-admin-token-mobile-chrome-retry1/error-context.md

    attachment #2: trace (application/zip) ─────────────────────────────────────────────────────────
    test-results/admin-ops-baseline-deep-op-bc599-cations-accepts-admin-token-mobile-chrome-retry1/trace.zip
    Usage:

        npx playwright show-trace test-results/admin-ops-baseline-deep-op-bc599-cations-accepts-admin-token-mobile-chrome-retry1/trace.zip

    ────────────────────────────────────────────────────────────────────────────────────────────────

  804) [mobile-chrome] › e2e/admin-ops-baseline-deep.spec.ts:120:7 › ops-baseline: write-side methods accept admin-token › POST /api/admin/workspaces with empty body returns 4xx (validation) 

    Error: apiRequestContext.post: connect ECONNREFUSED ::1:4000
    Call log:
      - → POST http://localhost:4000/api/admin/workspaces
        - user-agent: Mozilla/5.0 (Linux; Android 14; Pixel 7) AppleWebKit/537.36 (KHTML, like Gecko) Chrome/151.0.7922.34 Mobile Safari/537.36
        - accept: */*
        - accept-encoding: gzip,deflate,br
        - authorization: Bearer e2e-admin-token-do-not-use-in-prod
        - content-type: application/json
        - content-length: 2

        at apiRequestContext.post: connect ECONNREFUSED ::1:4000
        at Object.post (/home/tbaltzakis/cloudless.gr/e2e/_internal/admin-fixture.ts:10:15)
        at /home/tbaltzakis/cloudless.gr/e2e/admin-ops-baseline-deep.spec.ts:122:23

    Error Context: test-results/admin-ops-baseline-deep-op-bd07a-ody-returns-4xx-validation--mobile-chrome/error-context.md

    Retry #1 ───────────────────────────────────────────────────────────────────────────────────────

    Error: apiRequestContext.post: connect ECONNREFUSED ::1:4000
    Call log:
      - → POST http://localhost:4000/api/admin/workspaces
        - user-agent: Mozilla/5.0 (Linux; Android 14; Pixel 7) AppleWebKit/537.36 (KHTML, like Gecko) Chrome/151.0.7922.34 Mobile Safari/537.36
        - accept: */*
        - accept-encoding: gzip,deflate,br
        - authorization: Bearer e2e-admin-token-do-not-use-in-prod
        - content-type: application/json
        - content-length: 2

        at apiRequestContext.post: connect ECONNREFUSED ::1:4000
        at Object.post (/home/tbaltzakis/cloudless.gr/e2e/_internal/admin-fixture.ts:10:15)
        at /home/tbaltzakis/cloudless.gr/e2e/admin-ops-baseline-deep.spec.ts:122:23

    Error Context: test-results/admin-ops-baseline-deep-op-bd07a-ody-returns-4xx-validation--mobile-chrome-retry1/error-context.md

    attachment #2: trace (application/zip) ─────────────────────────────────────────────────────────
    test-results/admin-ops-baseline-deep-op-bd07a-ody-returns-4xx-validation--mobile-chrome-retry1/trace.zip
    Usage:

        npx playwright show-trace test-results/admin-ops-baseline-deep-op-bd07a-ody-returns-4xx-validation--mobile-chrome-retry1/trace.zip

    ────────────────────────────────────────────────────────────────────────────────────────────────

  805) [mobile-chrome] › e2e/admin-ops-baseline-deep.spec.ts:127:7 › ops-baseline: write-side methods accept admin-token › POST /api/admin/users with empty body returns 4xx (validation) 

    Error: apiRequestContext.post: connect ECONNREFUSED ::1:4000
    Call log:
      - → POST http://localhost:4000/api/admin/users
        - user-agent: Mozilla/5.0 (Linux; Android 14; Pixel 7) AppleWebKit/537.36 (KHTML, like Gecko) Chrome/151.0.7922.34 Mobile Safari/537.36
        - accept: */*
        - accept-encoding: gzip,deflate,br
        - authorization: Bearer e2e-admin-token-do-not-use-in-prod
        - content-type: application/json
        - content-length: 2

        at apiRequestContext.post: connect ECONNREFUSED ::1:4000
        at Object.post (/home/tbaltzakis/cloudless.gr/e2e/_internal/admin-fixture.ts:10:15)
        at /home/tbaltzakis/cloudless.gr/e2e/admin-ops-baseline-deep.spec.ts:129:23

    Error Context: test-results/admin-ops-baseline-deep-op-eae09-ody-returns-4xx-validation--mobile-chrome/error-context.md

    Retry #1 ───────────────────────────────────────────────────────────────────────────────────────

    Error: apiRequestContext.post: connect ECONNREFUSED ::1:4000
    Call log:
      - → POST http://localhost:4000/api/admin/users
        - user-agent: Mozilla/5.0 (Linux; Android 14; Pixel 7) AppleWebKit/537.36 (KHTML, like Gecko) Chrome/151.0.7922.34 Mobile Safari/537.36
        - accept: */*
        - accept-encoding: gzip,deflate,br
        - authorization: Bearer e2e-admin-token-do-not-use-in-prod
        - content-type: application/json
        - content-length: 2

        at apiRequestContext.post: connect ECONNREFUSED ::1:4000
        at Object.post (/home/tbaltzakis/cloudless.gr/e2e/_internal/admin-fixture.ts:10:15)
        at /home/tbaltzakis/cloudless.gr/e2e/admin-ops-baseline-deep.spec.ts:129:23

    Error Context: test-results/admin-ops-baseline-deep-op-eae09-ody-returns-4xx-validation--mobile-chrome-retry1/error-context.md

    attachment #2: trace (application/zip) ─────────────────────────────────────────────────────────
    test-results/admin-ops-baseline-deep-op-eae09-ody-returns-4xx-validation--mobile-chrome-retry1/trace.zip
    Usage:

        npx playwright show-trace test-results/admin-ops-baseline-deep-op-eae09-ody-returns-4xx-validation--mobile-chrome-retry1/trace.zip

    ────────────────────────────────────────────────────────────────────────────────────────────────

  806) [mobile-chrome] › e2e/admin-ops-baseline-deep.spec.ts:136:7 › ops-baseline: integration-status ping budget › GET /api/admin/integrations/status resolves in under 30s 

    Error: apiRequestContext.get: connect ECONNREFUSED ::1:4000
    Call log:
      - → GET http://localhost:4000/api/admin/integrations/status
        - user-agent: Mozilla/5.0 (Linux; Android 14; Pixel 7) AppleWebKit/537.36 (KHTML, like Gecko) Chrome/151.0.7922.34 Mobile Safari/537.36
        - accept: */*
        - accept-encoding: gzip,deflate,br
        - authorization: Bearer e2e-admin-token-do-not-use-in-prod

        at apiRequestContext.get: connect ECONNREFUSED ::1:4000
        at Object.get (/home/tbaltzakis/cloudless.gr/e2e/_internal/admin-fixture.ts:8:35)
        at /home/tbaltzakis/cloudless.gr/e2e/admin-ops-baseline-deep.spec.ts:139:23

    Error Context: test-results/admin-ops-baseline-deep-op-75f3e-tatus-resolves-in-under-30s-mobile-chrome/error-context.md

    Retry #1 ───────────────────────────────────────────────────────────────────────────────────────

    Error: apiRequestContext.get: connect ECONNREFUSED ::1:4000
    Call log:
      - → GET http://localhost:4000/api/admin/integrations/status
        - user-agent: Mozilla/5.0 (Linux; Android 14; Pixel 7) AppleWebKit/537.36 (KHTML, like Gecko) Chrome/151.0.7922.34 Mobile Safari/537.36
        - accept: */*
        - accept-encoding: gzip,deflate,br
        - authorization: Bearer e2e-admin-token-do-not-use-in-prod

        at apiRequestContext.get: connect ECONNREFUSED ::1:4000
        at Object.get (/home/tbaltzakis/cloudless.gr/e2e/_internal/admin-fixture.ts:8:35)
        at /home/tbaltzakis/cloudless.gr/e2e/admin-ops-baseline-deep.spec.ts:139:23

    Error Context: test-results/admin-ops-baseline-deep-op-75f3e-tatus-resolves-in-under-30s-mobile-chrome-retry1/error-context.md

    attachment #2: trace (application/zip) ─────────────────────────────────────────────────────────
    test-results/admin-ops-baseline-deep-op-75f3e-tatus-resolves-in-under-30s-mobile-chrome-retry1/trace.zip
    Usage:

        npx playwright show-trace test-results/admin-ops-baseline-deep-op-75f3e-tatus-resolves-in-under-30s-mobile-chrome-retry1/trace.zip

    ────────────────────────────────────────────────────────────────────────────────────────────────

  807) [mobile-chrome] › e2e/admin-pages-deep.spec.mts:38:5 › Admin unauthenticated › unauth /en/admin — does not expose admin content 

    Error: page.goto: net::ERR_CONNECTION_REFUSED at http://localhost:4000/en/admin
    Call log:
      - navigating to "http://localhost:4000/en/admin", waiting until "load"


      37 |   for (const route of ADMIN_PAGES) {
      38 |     test(`unauth ${route} — does not expose admin content`, async ({ page }) => {
    > 39 |       await page.goto(route);
         |                  ^
      40 |       await page.waitForLoadState("networkidle").catch(() => {});
      41 |       // Without auth, page must either redirect or NOT show admin UI
      42 |       const adminBadge = await page
        at /home/tbaltzakis/cloudless.gr/e2e/admin-pages-deep.spec.mts:39:18

    attachment #1: screenshot (image/png) ──────────────────────────────────────────────────────────
    test-results/admin-pages-deep-Admin-una-704c0-es-not-expose-admin-content-mobile-chrome/test-failed-1.png
    ────────────────────────────────────────────────────────────────────────────────────────────────

    attachment #2: video (video/webm) ──────────────────────────────────────────────────────────────
    test-results/admin-pages-deep-Admin-una-704c0-es-not-expose-admin-content-mobile-chrome/video.webm
    ────────────────────────────────────────────────────────────────────────────────────────────────

    Error Context: test-results/admin-pages-deep-Admin-una-704c0-es-not-expose-admin-content-mobile-chrome/error-context.md

    Retry #1 ───────────────────────────────────────────────────────────────────────────────────────

    Error: page.goto: net::ERR_CONNECTION_REFUSED at http://localhost:4000/en/admin
    Call log:
      - navigating to "http://localhost:4000/en/admin", waiting until "load"


      37 |   for (const route of ADMIN_PAGES) {
      38 |     test(`unauth ${route} — does not expose admin content`, async ({ page }) => {
    > 39 |       await page.goto(route);
         |                  ^
      40 |       await page.waitForLoadState("networkidle").catch(() => {});
      41 |       // Without auth, page must either redirect or NOT show admin UI
      42 |       const adminBadge = await page
        at /home/tbaltzakis/cloudless.gr/e2e/admin-pages-deep.spec.mts:39:18

    attachment #1: screenshot (image/png) ──────────────────────────────────────────────────────────
    test-results/admin-pages-deep-Admin-una-704c0-es-not-expose-admin-content-mobile-chrome-retry1/test-failed-1.png
    ────────────────────────────────────────────────────────────────────────────────────────────────

    attachment #2: video (video/webm) ──────────────────────────────────────────────────────────────
    test-results/admin-pages-deep-Admin-una-704c0-es-not-expose-admin-content-mobile-chrome-retry1/video.webm
    ────────────────────────────────────────────────────────────────────────────────────────────────

    Error Context: test-results/admin-pages-deep-Admin-una-704c0-es-not-expose-admin-content-mobile-chrome-retry1/error-context.md

    attachment #4: trace (application/zip) ─────────────────────────────────────────────────────────
    test-results/admin-pages-deep-Admin-una-704c0-es-not-expose-admin-content-mobile-chrome-retry1/trace.zip
    Usage:

        npx playwright show-trace test-results/admin-pages-deep-Admin-una-704c0-es-not-expose-admin-content-mobile-chrome-retry1/trace.zip

    ────────────────────────────────────────────────────────────────────────────────────────────────

  808) [mobile-chrome] › e2e/admin-pages-gaps-sweep.spec.ts:50:9 › Admin page gap sweep (cookie-authenticated) › /en/admin/ai-generator loads with h1/h2 and no 5xx 

    Error: page.goto: net::ERR_CONNECTION_REFUSED at http://localhost:4000/en/admin/ai-generator
    Call log:
      - navigating to "http://localhost:4000/en/admin/ai-generator", waiting until "domcontentloaded"


      54 |         if (m.type() === "error") errors.push(m.text());
      55 |       });
    > 56 |       const r = await page.goto(route, { waitUntil: "domcontentloaded" });
         |                            ^
      57 |       expect(r?.status()).toBeLessThan(500);
      58 |       await expect(
      59 |         page.locator("h1, h2, [role=\"alert\"]").first(),
        at /home/tbaltzakis/cloudless.gr/e2e/admin-pages-gaps-sweep.spec.ts:56:28

    attachment #1: screenshot (image/png) ──────────────────────────────────────────────────────────
    test-results/admin-pages-gaps-sweep-Adm-589e1-loads-with-h1-h2-and-no-5xx-mobile-chrome/test-failed-1.png
    ────────────────────────────────────────────────────────────────────────────────────────────────

    attachment #2: video (video/webm) ──────────────────────────────────────────────────────────────
    test-results/admin-pages-gaps-sweep-Adm-589e1-loads-with-h1-h2-and-no-5xx-mobile-chrome/video.webm
    ────────────────────────────────────────────────────────────────────────────────────────────────

    Error Context: test-results/admin-pages-gaps-sweep-Adm-589e1-loads-with-h1-h2-and-no-5xx-mobile-chrome/error-context.md

    Retry #1 ───────────────────────────────────────────────────────────────────────────────────────

    Error: page.goto: net::ERR_CONNECTION_REFUSED at http://localhost:4000/en/admin/ai-generator
    Call log:
      - navigating to "http://localhost:4000/en/admin/ai-generator", waiting until "domcontentloaded"


      54 |         if (m.type() === "error") errors.push(m.text());
      55 |       });
    > 56 |       const r = await page.goto(route, { waitUntil: "domcontentloaded" });
         |                            ^
      57 |       expect(r?.status()).toBeLessThan(500);
      58 |       await expect(
      59 |         page.locator("h1, h2, [role=\"alert\"]").first(),
        at /home/tbaltzakis/cloudless.gr/e2e/admin-pages-gaps-sweep.spec.ts:56:28

    attachment #1: screenshot (image/png) ──────────────────────────────────────────────────────────
    test-results/admin-pages-gaps-sweep-Adm-589e1-loads-with-h1-h2-and-no-5xx-mobile-chrome-retry1/test-failed-1.png
    ────────────────────────────────────────────────────────────────────────────────────────────────

    attachment #2: video (video/webm) ──────────────────────────────────────────────────────────────
    test-results/admin-pages-gaps-sweep-Adm-589e1-loads-with-h1-h2-and-no-5xx-mobile-chrome-retry1/video.webm
    ────────────────────────────────────────────────────────────────────────────────────────────────

    Error Context: test-results/admin-pages-gaps-sweep-Adm-589e1-loads-with-h1-h2-and-no-5xx-mobile-chrome-retry1/error-context.md

    attachment #4: trace (application/zip) ─────────────────────────────────────────────────────────
    test-results/admin-pages-gaps-sweep-Adm-589e1-loads-with-h1-h2-and-no-5xx-mobile-chrome-retry1/trace.zip
    Usage:

        npx playwright show-trace test-results/admin-pages-gaps-sweep-Adm-589e1-loads-with-h1-h2-and-no-5xx-mobile-chrome-retry1/trace.zip

    ────────────────────────────────────────────────────────────────────────────────────────────────

  809) [mobile-chrome] › e2e/admin-pages-gaps-sweep.spec.ts:50:9 › Admin page gap sweep (cookie-authenticated) › /en/admin/analytics/seo loads with h1/h2 and no 5xx 

    Error: page.goto: net::ERR_CONNECTION_REFUSED at http://localhost:4000/en/admin/analytics/seo
    Call log:
      - navigating to "http://localhost:4000/en/admin/analytics/seo", waiting until "domcontentloaded"


      54 |         if (m.type() === "error") errors.push(m.text());
      55 |       });
    > 56 |       const r = await page.goto(route, { waitUntil: "domcontentloaded" });
         |                            ^
      57 |       expect(r?.status()).toBeLessThan(500);
      58 |       await expect(
      59 |         page.locator("h1, h2, [role=\"alert\"]").first(),
        at /home/tbaltzakis/cloudless.gr/e2e/admin-pages-gaps-sweep.spec.ts:56:28

    attachment #1: screenshot (image/png) ──────────────────────────────────────────────────────────
    test-results/admin-pages-gaps-sweep-Adm-0be8c-loads-with-h1-h2-and-no-5xx-mobile-chrome/test-failed-1.png
    ────────────────────────────────────────────────────────────────────────────────────────────────

    attachment #2: video (video/webm) ──────────────────────────────────────────────────────────────
    test-results/admin-pages-gaps-sweep-Adm-0be8c-loads-with-h1-h2-and-no-5xx-mobile-chrome/video.webm
    ────────────────────────────────────────────────────────────────────────────────────────────────

    Error Context: test-results/admin-pages-gaps-sweep-Adm-0be8c-loads-with-h1-h2-and-no-5xx-mobile-chrome/error-context.md

    Retry #1 ───────────────────────────────────────────────────────────────────────────────────────

    Error: page.goto: net::ERR_CONNECTION_REFUSED at http://localhost:4000/en/admin/analytics/seo
    Call log:
      - navigating to "http://localhost:4000/en/admin/analytics/seo", waiting until "domcontentloaded"


      54 |         if (m.type() === "error") errors.push(m.text());
      55 |       });
    > 56 |       const r = await page.goto(route, { waitUntil: "domcontentloaded" });
         |                            ^
      57 |       expect(r?.status()).toBeLessThan(500);
      58 |       await expect(
      59 |         page.locator("h1, h2, [role=\"alert\"]").first(),
        at /home/tbaltzakis/cloudless.gr/e2e/admin-pages-gaps-sweep.spec.ts:56:28

    attachment #1: screenshot (image/png) ──────────────────────────────────────────────────────────
    test-results/admin-pages-gaps-sweep-Adm-0be8c-loads-with-h1-h2-and-no-5xx-mobile-chrome-retry1/test-failed-1.png
    ────────────────────────────────────────────────────────────────────────────────────────────────

    attachment #2: video (video/webm) ──────────────────────────────────────────────────────────────
    test-results/admin-pages-gaps-sweep-Adm-0be8c-loads-with-h1-h2-and-no-5xx-mobile-chrome-retry1/video.webm
    ────────────────────────────────────────────────────────────────────────────────────────────────

    Error Context: test-results/admin-pages-gaps-sweep-Adm-0be8c-loads-with-h1-h2-and-no-5xx-mobile-chrome-retry1/error-context.md

    attachment #4: trace (application/zip) ─────────────────────────────────────────────────────────
    test-results/admin-pages-gaps-sweep-Adm-0be8c-loads-with-h1-h2-and-no-5xx-mobile-chrome-retry1/trace.zip
    Usage:

        npx playwright show-trace test-results/admin-pages-gaps-sweep-Adm-0be8c-loads-with-h1-h2-and-no-5xx-mobile-chrome-retry1/trace.zip

    ────────────────────────────────────────────────────────────────────────────────────────────────

  810) [mobile-chrome] › e2e/admin-pages-gaps-sweep.spec.ts:50:9 › Admin page gap sweep (cookie-authenticated) › /en/admin/campaigns/meta loads with h1/h2 and no 5xx 

    Error: page.goto: net::ERR_CONNECTION_REFUSED at http://localhost:4000/en/admin/campaigns/meta
    Call log:
      - navigating to "http://localhost:4000/en/admin/campaigns/meta", waiting until "domcontentloaded"


      54 |         if (m.type() === "error") errors.push(m.text());
      55 |       });
    > 56 |       const r = await page.goto(route, { waitUntil: "domcontentloaded" });
         |                            ^
      57 |       expect(r?.status()).toBeLessThan(500);
      58 |       await expect(
      59 |         page.locator("h1, h2, [role=\"alert\"]").first(),
        at /home/tbaltzakis/cloudless.gr/e2e/admin-pages-gaps-sweep.spec.ts:56:28

    attachment #1: screenshot (image/png) ──────────────────────────────────────────────────────────
    test-results/admin-pages-gaps-sweep-Adm-ffd64-loads-with-h1-h2-and-no-5xx-mobile-chrome/test-failed-1.png
    ────────────────────────────────────────────────────────────────────────────────────────────────

    attachment #2: video (video/webm) ──────────────────────────────────────────────────────────────
    test-results/admin-pages-gaps-sweep-Adm-ffd64-loads-with-h1-h2-and-no-5xx-mobile-chrome/video.webm
    ────────────────────────────────────────────────────────────────────────────────────────────────

    Error Context: test-results/admin-pages-gaps-sweep-Adm-ffd64-loads-with-h1-h2-and-no-5xx-mobile-chrome/error-context.md

    Retry #1 ───────────────────────────────────────────────────────────────────────────────────────

    Error: page.goto: net::ERR_CONNECTION_REFUSED at http://localhost:4000/en/admin/campaigns/meta
    Call log:
      - navigating to "http://localhost:4000/en/admin/campaigns/meta", waiting until "domcontentloaded"


      54 |         if (m.type() === "error") errors.push(m.text());
      55 |       });
    > 56 |       const r = await page.goto(route, { waitUntil: "domcontentloaded" });
         |                            ^
      57 |       expect(r?.status()).toBeLessThan(500);
      58 |       await expect(
      59 |         page.locator("h1, h2, [role=\"alert\"]").first(),
        at /home/tbaltzakis/cloudless.gr/e2e/admin-pages-gaps-sweep.spec.ts:56:28

    attachment #1: screenshot (image/png) ──────────────────────────────────────────────────────────
    test-results/admin-pages-gaps-sweep-Adm-ffd64-loads-with-h1-h2-and-no-5xx-mobile-chrome-retry1/test-failed-1.png
    ────────────────────────────────────────────────────────────────────────────────────────────────

    attachment #2: video (video/webm) ──────────────────────────────────────────────────────────────
    test-results/admin-pages-gaps-sweep-Adm-ffd64-loads-with-h1-h2-and-no-5xx-mobile-chrome-retry1/video.webm
    ────────────────────────────────────────────────────────────────────────────────────────────────

    Error Context: test-results/admin-pages-gaps-sweep-Adm-ffd64-loads-with-h1-h2-and-no-5xx-mobile-chrome-retry1/error-context.md

    attachment #4: trace (application/zip) ─────────────────────────────────────────────────────────
    test-results/admin-pages-gaps-sweep-Adm-ffd64-loads-with-h1-h2-and-no-5xx-mobile-chrome-retry1/trace.zip
    Usage:

        npx playwright show-trace test-results/admin-pages-gaps-sweep-Adm-ffd64-loads-with-h1-h2-and-no-5xx-mobile-chrome-retry1/trace.zip

    ────────────────────────────────────────────────────────────────────────────────────────────────

  811) [mobile-chrome] › e2e/admin-pages-gaps-sweep.spec.ts:50:9 › Admin page gap sweep (cookie-authenticated) › /en/admin/cms/case-studies loads with h1/h2 and no 5xx 

    Error: page.goto: net::ERR_CONNECTION_REFUSED at http://localhost:4000/en/admin/cms/case-studies
    Call log:
      - navigating to "http://localhost:4000/en/admin/cms/case-studies", waiting until "domcontentloaded"


      54 |         if (m.type() === "error") errors.push(m.text());
      55 |       });
    > 56 |       const r = await page.goto(route, { waitUntil: "domcontentloaded" });
         |                            ^
      57 |       expect(r?.status()).toBeLessThan(500);
      58 |       await expect(
      59 |         page.locator("h1, h2, [role=\"alert\"]").first(),
        at /home/tbaltzakis/cloudless.gr/e2e/admin-pages-gaps-sweep.spec.ts:56:28

    attachment #1: screenshot (image/png) ──────────────────────────────────────────────────────────
    test-results/admin-pages-gaps-sweep-Adm-061a6-loads-with-h1-h2-and-no-5xx-mobile-chrome/test-failed-1.png
    ────────────────────────────────────────────────────────────────────────────────────────────────

    attachment #2: video (video/webm) ──────────────────────────────────────────────────────────────
    test-results/admin-pages-gaps-sweep-Adm-061a6-loads-with-h1-h2-and-no-5xx-mobile-chrome/video.webm
    ────────────────────────────────────────────────────────────────────────────────────────────────

    Error Context: test-results/admin-pages-gaps-sweep-Adm-061a6-loads-with-h1-h2-and-no-5xx-mobile-chrome/error-context.md

    Retry #1 ───────────────────────────────────────────────────────────────────────────────────────

    Error: page.goto: net::ERR_CONNECTION_REFUSED at http://localhost:4000/en/admin/cms/case-studies
    Call log:
      - navigating to "http://localhost:4000/en/admin/cms/case-studies", waiting until "domcontentloaded"


      54 |         if (m.type() === "error") errors.push(m.text());
      55 |       });
    > 56 |       const r = await page.goto(route, { waitUntil: "domcontentloaded" });
         |                            ^
      57 |       expect(r?.status()).toBeLessThan(500);
      58 |       await expect(
      59 |         page.locator("h1, h2, [role=\"alert\"]").first(),
        at /home/tbaltzakis/cloudless.gr/e2e/admin-pages-gaps-sweep.spec.ts:56:28

    attachment #1: screenshot (image/png) ──────────────────────────────────────────────────────────
    test-results/admin-pages-gaps-sweep-Adm-061a6-loads-with-h1-h2-and-no-5xx-mobile-chrome-retry1/test-failed-1.png
    ────────────────────────────────────────────────────────────────────────────────────────────────

    attachment #2: video (video/webm) ──────────────────────────────────────────────────────────────
    test-results/admin-pages-gaps-sweep-Adm-061a6-loads-with-h1-h2-and-no-5xx-mobile-chrome-retry1/video.webm
    ────────────────────────────────────────────────────────────────────────────────────────────────

    Error Context: test-results/admin-pages-gaps-sweep-Adm-061a6-loads-with-h1-h2-and-no-5xx-mobile-chrome-retry1/error-context.md

    attachment #4: trace (application/zip) ─────────────────────────────────────────────────────────
    test-results/admin-pages-gaps-sweep-Adm-061a6-loads-with-h1-h2-and-no-5xx-mobile-chrome-retry1/trace.zip
    Usage:

        npx playwright show-trace test-results/admin-pages-gaps-sweep-Adm-061a6-loads-with-h1-h2-and-no-5xx-mobile-chrome-retry1/trace.zip

    ────────────────────────────────────────────────────────────────────────────────────────────────

  812) [mobile-chrome] › e2e/admin-pages-gaps-sweep.spec.ts:50:9 › Admin page gap sweep (cookie-authenticated) › /en/admin/cms/faqs loads with h1/h2 and no 5xx 

    Error: page.goto: net::ERR_CONNECTION_REFUSED at http://localhost:4000/en/admin/cms/faqs
    Call log:
      - navigating to "http://localhost:4000/en/admin/cms/faqs", waiting until "domcontentloaded"


      54 |         if (m.type() === "error") errors.push(m.text());
      55 |       });
    > 56 |       const r = await page.goto(route, { waitUntil: "domcontentloaded" });
         |                            ^
      57 |       expect(r?.status()).toBeLessThan(500);
      58 |       await expect(
      59 |         page.locator("h1, h2, [role=\"alert\"]").first(),
        at /home/tbaltzakis/cloudless.gr/e2e/admin-pages-gaps-sweep.spec.ts:56:28

    attachment #1: screenshot (image/png) ──────────────────────────────────────────────────────────
    test-results/admin-pages-gaps-sweep-Adm-fce93-loads-with-h1-h2-and-no-5xx-mobile-chrome/test-failed-1.png
    ────────────────────────────────────────────────────────────────────────────────────────────────

    attachment #2: video (video/webm) ──────────────────────────────────────────────────────────────
    test-results/admin-pages-gaps-sweep-Adm-fce93-loads-with-h1-h2-and-no-5xx-mobile-chrome/video.webm
    ────────────────────────────────────────────────────────────────────────────────────────────────

    Error Context: test-results/admin-pages-gaps-sweep-Adm-fce93-loads-with-h1-h2-and-no-5xx-mobile-chrome/error-context.md

    Retry #1 ───────────────────────────────────────────────────────────────────────────────────────

    Error: page.goto: net::ERR_CONNECTION_REFUSED at http://localhost:4000/en/admin/cms/faqs
    Call log:
      - navigating to "http://localhost:4000/en/admin/cms/faqs", waiting until "domcontentloaded"


      54 |         if (m.type() === "error") errors.push(m.text());
      55 |       });
    > 56 |       const r = await page.goto(route, { waitUntil: "domcontentloaded" });
         |                            ^
      57 |       expect(r?.status()).toBeLessThan(500);
      58 |       await expect(
      59 |         page.locator("h1, h2, [role=\"alert\"]").first(),
        at /home/tbaltzakis/cloudless.gr/e2e/admin-pages-gaps-sweep.spec.ts:56:28

    attachment #1: screenshot (image/png) ──────────────────────────────────────────────────────────
    test-results/admin-pages-gaps-sweep-Adm-fce93-loads-with-h1-h2-and-no-5xx-mobile-chrome-retry1/test-failed-1.png
    ────────────────────────────────────────────────────────────────────────────────────────────────

    attachment #2: video (video/webm) ──────────────────────────────────────────────────────────────
    test-results/admin-pages-gaps-sweep-Adm-fce93-loads-with-h1-h2-and-no-5xx-mobile-chrome-retry1/video.webm
    ────────────────────────────────────────────────────────────────────────────────────────────────

    Error Context: test-results/admin-pages-gaps-sweep-Adm-fce93-loads-with-h1-h2-and-no-5xx-mobile-chrome-retry1/error-context.md

    attachment #4: trace (application/zip) ─────────────────────────────────────────────────────────
    test-results/admin-pages-gaps-sweep-Adm-fce93-loads-with-h1-h2-and-no-5xx-mobile-chrome-retry1/trace.zip
    Usage:

        npx playwright show-trace test-results/admin-pages-gaps-sweep-Adm-fce93-loads-with-h1-h2-and-no-5xx-mobile-chrome-retry1/trace.zip

    ────────────────────────────────────────────────────────────────────────────────────────────────

  813) [mobile-chrome] › e2e/admin-pages-gaps-sweep.spec.ts:50:9 › Admin page gap sweep (cookie-authenticated) › /en/admin/cms/services loads with h1/h2 and no 5xx 

    Error: page.goto: net::ERR_CONNECTION_REFUSED at http://localhost:4000/en/admin/cms/services
    Call log:
      - navigating to "http://localhost:4000/en/admin/cms/services", waiting until "domcontentloaded"


      54 |         if (m.type() === "error") errors.push(m.text());
      55 |       });
    > 56 |       const r = await page.goto(route, { waitUntil: "domcontentloaded" });
         |                            ^
      57 |       expect(r?.status()).toBeLessThan(500);
      58 |       await expect(
      59 |         page.locator("h1, h2, [role=\"alert\"]").first(),
        at /home/tbaltzakis/cloudless.gr/e2e/admin-pages-gaps-sweep.spec.ts:56:28

    attachment #1: screenshot (image/png) ──────────────────────────────────────────────────────────
    test-results/admin-pages-gaps-sweep-Adm-d2133-loads-with-h1-h2-and-no-5xx-mobile-chrome/test-failed-1.png
    ────────────────────────────────────────────────────────────────────────────────────────────────

    attachment #2: video (video/webm) ──────────────────────────────────────────────────────────────
    test-results/admin-pages-gaps-sweep-Adm-d2133-loads-with-h1-h2-and-no-5xx-mobile-chrome/video.webm
    ────────────────────────────────────────────────────────────────────────────────────────────────

    Error Context: test-results/admin-pages-gaps-sweep-Adm-d2133-loads-with-h1-h2-and-no-5xx-mobile-chrome/error-context.md

    Retry #1 ───────────────────────────────────────────────────────────────────────────────────────

    Error: page.goto: net::ERR_CONNECTION_REFUSED at http://localhost:4000/en/admin/cms/services
    Call log:
      - navigating to "http://localhost:4000/en/admin/cms/services", waiting until "domcontentloaded"


      54 |         if (m.type() === "error") errors.push(m.text());
      55 |       });
    > 56 |       const r = await page.goto(route, { waitUntil: "domcontentloaded" });
         |                            ^
      57 |       expect(r?.status()).toBeLessThan(500);
      58 |       await expect(
      59 |         page.locator("h1, h2, [role=\"alert\"]").first(),
        at /home/tbaltzakis/cloudless.gr/e2e/admin-pages-gaps-sweep.spec.ts:56:28

    attachment #1: screenshot (image/png) ──────────────────────────────────────────────────────────
    test-results/admin-pages-gaps-sweep-Adm-d2133-loads-with-h1-h2-and-no-5xx-mobile-chrome-retry1/test-failed-1.png
    ────────────────────────────────────────────────────────────────────────────────────────────────

    attachment #2: video (video/webm) ──────────────────────────────────────────────────────────────
    test-results/admin-pages-gaps-sweep-Adm-d2133-loads-with-h1-h2-and-no-5xx-mobile-chrome-retry1/video.webm
    ────────────────────────────────────────────────────────────────────────────────────────────────

    Error Context: test-results/admin-pages-gaps-sweep-Adm-d2133-loads-with-h1-h2-and-no-5xx-mobile-chrome-retry1/error-context.md

    attachment #4: trace (application/zip) ─────────────────────────────────────────────────────────
    test-results/admin-pages-gaps-sweep-Adm-d2133-loads-with-h1-h2-and-no-5xx-mobile-chrome-retry1/trace.zip
    Usage:

        npx playwright show-trace test-results/admin-pages-gaps-sweep-Adm-d2133-loads-with-h1-h2-and-no-5xx-mobile-chrome-retry1/trace.zip

    ────────────────────────────────────────────────────────────────────────────────────────────────

  814) [mobile-chrome] › e2e/admin-pages-gaps-sweep.spec.ts:50:9 › Admin page gap sweep (cookie-authenticated) › /en/admin/cms/testimonials loads with h1/h2 and no 5xx 

    Error: page.goto: net::ERR_CONNECTION_REFUSED at http://localhost:4000/en/admin/cms/testimonials
    Call log:
      - navigating to "http://localhost:4000/en/admin/cms/testimonials", waiting until "domcontentloaded"


      54 |         if (m.type() === "error") errors.push(m.text());
      55 |       });
    > 56 |       const r = await page.goto(route, { waitUntil: "domcontentloaded" });
         |                            ^
      57 |       expect(r?.status()).toBeLessThan(500);
      58 |       await expect(
      59 |         page.locator("h1, h2, [role=\"alert\"]").first(),
        at /home/tbaltzakis/cloudless.gr/e2e/admin-pages-gaps-sweep.spec.ts:56:28

    attachment #1: screenshot (image/png) ──────────────────────────────────────────────────────────
    test-results/admin-pages-gaps-sweep-Adm-d0aa5-loads-with-h1-h2-and-no-5xx-mobile-chrome/test-failed-1.png
    ────────────────────────────────────────────────────────────────────────────────────────────────

    attachment #2: video (video/webm) ──────────────────────────────────────────────────────────────
    test-results/admin-pages-gaps-sweep-Adm-d0aa5-loads-with-h1-h2-and-no-5xx-mobile-chrome/video.webm
    ────────────────────────────────────────────────────────────────────────────────────────────────

    Error Context: test-results/admin-pages-gaps-sweep-Adm-d0aa5-loads-with-h1-h2-and-no-5xx-mobile-chrome/error-context.md

    Retry #1 ───────────────────────────────────────────────────────────────────────────────────────

    Error: page.goto: net::ERR_CONNECTION_REFUSED at http://localhost:4000/en/admin/cms/testimonials
    Call log:
      - navigating to "http://localhost:4000/en/admin/cms/testimonials", waiting until "domcontentloaded"


      54 |         if (m.type() === "error") errors.push(m.text());
      55 |       });
    > 56 |       const r = await page.goto(route, { waitUntil: "domcontentloaded" });
         |                            ^
      57 |       expect(r?.status()).toBeLessThan(500);
      58 |       await expect(
      59 |         page.locator("h1, h2, [role=\"alert\"]").first(),
        at /home/tbaltzakis/cloudless.gr/e2e/admin-pages-gaps-sweep.spec.ts:56:28

    attachment #1: screenshot (image/png) ──────────────────────────────────────────────────────────
    test-results/admin-pages-gaps-sweep-Adm-d0aa5-loads-with-h1-h2-and-no-5xx-mobile-chrome-retry1/test-failed-1.png
    ────────────────────────────────────────────────────────────────────────────────────────────────

    attachment #2: video (video/webm) ──────────────────────────────────────────────────────────────
    test-results/admin-pages-gaps-sweep-Adm-d0aa5-loads-with-h1-h2-and-no-5xx-mobile-chrome-retry1/video.webm
    ────────────────────────────────────────────────────────────────────────────────────────────────

    Error Context: test-results/admin-pages-gaps-sweep-Adm-d0aa5-loads-with-h1-h2-and-no-5xx-mobile-chrome-retry1/error-context.md

    attachment #4: trace (application/zip) ─────────────────────────────────────────────────────────
    test-results/admin-pages-gaps-sweep-Adm-d0aa5-loads-with-h1-h2-and-no-5xx-mobile-chrome-retry1/trace.zip
    Usage:

        npx playwright show-trace test-results/admin-pages-gaps-sweep-Adm-d0aa5-loads-with-h1-h2-and-no-5xx-mobile-chrome-retry1/trace.zip

    ────────────────────────────────────────────────────────────────────────────────────────────────

  815) [mobile-chrome] › e2e/admin-pages-gaps-sweep.spec.ts:50:9 › Admin page gap sweep (cookie-authenticated) › /en/admin/email/campaigns loads with h1/h2 and no 5xx 

    Error: page.goto: net::ERR_CONNECTION_REFUSED at http://localhost:4000/en/admin/email/campaigns
    Call log:
      - navigating to "http://localhost:4000/en/admin/email/campaigns", waiting until "domcontentloaded"


      54 |         if (m.type() === "error") errors.push(m.text());
      55 |       });
    > 56 |       const r = await page.goto(route, { waitUntil: "domcontentloaded" });
         |                            ^
      57 |       expect(r?.status()).toBeLessThan(500);
      58 |       await expect(
      59 |         page.locator("h1, h2, [role=\"alert\"]").first(),
        at /home/tbaltzakis/cloudless.gr/e2e/admin-pages-gaps-sweep.spec.ts:56:28

    attachment #1: screenshot (image/png) ──────────────────────────────────────────────────────────
    test-results/admin-pages-gaps-sweep-Adm-f131d-loads-with-h1-h2-and-no-5xx-mobile-chrome/test-failed-1.png
    ────────────────────────────────────────────────────────────────────────────────────────────────

    attachment #2: video (video/webm) ──────────────────────────────────────────────────────────────
    test-results/admin-pages-gaps-sweep-Adm-f131d-loads-with-h1-h2-and-no-5xx-mobile-chrome/video.webm
    ────────────────────────────────────────────────────────────────────────────────────────────────

    Error Context: test-results/admin-pages-gaps-sweep-Adm-f131d-loads-with-h1-h2-and-no-5xx-mobile-chrome/error-context.md

    Retry #1 ───────────────────────────────────────────────────────────────────────────────────────

    Error: page.goto: net::ERR_CONNECTION_REFUSED at http://localhost:4000/en/admin/email/campaigns
    Call log:
      - navigating to "http://localhost:4000/en/admin/email/campaigns", waiting until "domcontentloaded"


      54 |         if (m.type() === "error") errors.push(m.text());
      55 |       });
    > 56 |       const r = await page.goto(route, { waitUntil: "domcontentloaded" });
         |                            ^
      57 |       expect(r?.status()).toBeLessThan(500);
      58 |       await expect(
      59 |         page.locator("h1, h2, [role=\"alert\"]").first(),
        at /home/tbaltzakis/cloudless.gr/e2e/admin-pages-gaps-sweep.spec.ts:56:28

    attachment #1: screenshot (image/png) ──────────────────────────────────────────────────────────
    test-results/admin-pages-gaps-sweep-Adm-f131d-loads-with-h1-h2-and-no-5xx-mobile-chrome-retry1/test-failed-1.png
    ────────────────────────────────────────────────────────────────────────────────────────────────

    attachment #2: video (video/webm) ──────────────────────────────────────────────────────────────
    test-results/admin-pages-gaps-sweep-Adm-f131d-loads-with-h1-h2-and-no-5xx-mobile-chrome-retry1/video.webm
    ────────────────────────────────────────────────────────────────────────────────────────────────

    Error Context: test-results/admin-pages-gaps-sweep-Adm-f131d-loads-with-h1-h2-and-no-5xx-mobile-chrome-retry1/error-context.md

    attachment #4: trace (application/zip) ─────────────────────────────────────────────────────────
    test-results/admin-pages-gaps-sweep-Adm-f131d-loads-with-h1-h2-and-no-5xx-mobile-chrome-retry1/trace.zip
    Usage:

        npx playwright show-trace test-results/admin-pages-gaps-sweep-Adm-f131d-loads-with-h1-h2-and-no-5xx-mobile-chrome-retry1/trace.zip

    ────────────────────────────────────────────────────────────────────────────────────────────────

  816) [mobile-chrome] › e2e/admin-pages-gaps-sweep.spec.ts:50:9 › Admin page gap sweep (cookie-authenticated) › /en/admin/leads loads with h1/h2 and no 5xx 

    Error: page.goto: net::ERR_CONNECTION_REFUSED at http://localhost:4000/en/admin/leads
    Call log:
      - navigating to "http://localhost:4000/en/admin/leads", waiting until "domcontentloaded"


      54 |         if (m.type() === "error") errors.push(m.text());
      55 |       });
    > 56 |       const r = await page.goto(route, { waitUntil: "domcontentloaded" });
         |                            ^
      57 |       expect(r?.status()).toBeLessThan(500);
      58 |       await expect(
      59 |         page.locator("h1, h2, [role=\"alert\"]").first(),
        at /home/tbaltzakis/cloudless.gr/e2e/admin-pages-gaps-sweep.spec.ts:56:28

    attachment #1: screenshot (image/png) ──────────────────────────────────────────────────────────
    test-results/admin-pages-gaps-sweep-Adm-1b2b5-loads-with-h1-h2-and-no-5xx-mobile-chrome/test-failed-1.png
    ────────────────────────────────────────────────────────────────────────────────────────────────

    attachment #2: video (video/webm) ──────────────────────────────────────────────────────────────
    test-results/admin-pages-gaps-sweep-Adm-1b2b5-loads-with-h1-h2-and-no-5xx-mobile-chrome/video.webm
    ────────────────────────────────────────────────────────────────────────────────────────────────

    Error Context: test-results/admin-pages-gaps-sweep-Adm-1b2b5-loads-with-h1-h2-and-no-5xx-mobile-chrome/error-context.md

    Retry #1 ───────────────────────────────────────────────────────────────────────────────────────

    Error: page.goto: net::ERR_CONNECTION_REFUSED at http://localhost:4000/en/admin/leads
    Call log:
      - navigating to "http://localhost:4000/en/admin/leads", waiting until "domcontentloaded"


      54 |         if (m.type() === "error") errors.push(m.text());
      55 |       });
    > 56 |       const r = await page.goto(route, { waitUntil: "domcontentloaded" });
         |                            ^
      57 |       expect(r?.status()).toBeLessThan(500);
      58 |       await expect(
      59 |         page.locator("h1, h2, [role=\"alert\"]").first(),
        at /home/tbaltzakis/cloudless.gr/e2e/admin-pages-gaps-sweep.spec.ts:56:28

    attachment #1: screenshot (image/png) ──────────────────────────────────────────────────────────
    test-results/admin-pages-gaps-sweep-Adm-1b2b5-loads-with-h1-h2-and-no-5xx-mobile-chrome-retry1/test-failed-1.png
    ────────────────────────────────────────────────────────────────────────────────────────────────

    attachment #2: video (video/webm) ──────────────────────────────────────────────────────────────
    test-results/admin-pages-gaps-sweep-Adm-1b2b5-loads-with-h1-h2-and-no-5xx-mobile-chrome-retry1/video.webm
    ────────────────────────────────────────────────────────────────────────────────────────────────

    Error Context: test-results/admin-pages-gaps-sweep-Adm-1b2b5-loads-with-h1-h2-and-no-5xx-mobile-chrome-retry1/error-context.md

    attachment #4: trace (application/zip) ─────────────────────────────────────────────────────────
    test-results/admin-pages-gaps-sweep-Adm-1b2b5-loads-with-h1-h2-and-no-5xx-mobile-chrome-retry1/trace.zip
    Usage:

        npx playwright show-trace test-results/admin-pages-gaps-sweep-Adm-1b2b5-loads-with-h1-h2-and-no-5xx-mobile-chrome-retry1/trace.zip

    ────────────────────────────────────────────────────────────────────────────────────────────────

  817) [mobile-chrome] › e2e/admin-pages-gaps-sweep.spec.ts:50:9 › Admin page gap sweep (cookie-authenticated) › /en/admin/reports/sample-report-id loads with h1/h2 and no 5xx 

    Error: page.goto: net::ERR_CONNECTION_REFUSED at http://localhost:4000/en/admin/reports/sample-report-id
    Call log:
      - navigating to "http://localhost:4000/en/admin/reports/sample-report-id", waiting until "domcontentloaded"


      54 |         if (m.type() === "error") errors.push(m.text());
      55 |       });
    > 56 |       const r = await page.goto(route, { waitUntil: "domcontentloaded" });
         |                            ^
      57 |       expect(r?.status()).toBeLessThan(500);
      58 |       await expect(
      59 |         page.locator("h1, h2, [role=\"alert\"]").first(),
        at /home/tbaltzakis/cloudless.gr/e2e/admin-pages-gaps-sweep.spec.ts:56:28

    attachment #1: screenshot (image/png) ──────────────────────────────────────────────────────────
    test-results/admin-pages-gaps-sweep-Adm-5ebc8-loads-with-h1-h2-and-no-5xx-mobile-chrome/test-failed-1.png
    ────────────────────────────────────────────────────────────────────────────────────────────────

    attachment #2: video (video/webm) ──────────────────────────────────────────────────────────────
    test-results/admin-pages-gaps-sweep-Adm-5ebc8-loads-with-h1-h2-and-no-5xx-mobile-chrome/video.webm
    ────────────────────────────────────────────────────────────────────────────────────────────────

    Error Context: test-results/admin-pages-gaps-sweep-Adm-5ebc8-loads-with-h1-h2-and-no-5xx-mobile-chrome/error-context.md

    Retry #1 ───────────────────────────────────────────────────────────────────────────────────────

    Error: page.goto: net::ERR_CONNECTION_REFUSED at http://localhost:4000/en/admin/reports/sample-report-id
    Call log:
      - navigating to "http://localhost:4000/en/admin/reports/sample-report-id", waiting until "domcontentloaded"


      54 |         if (m.type() === "error") errors.push(m.text());
      55 |       });
    > 56 |       const r = await page.goto(route, { waitUntil: "domcontentloaded" });
         |                            ^
      57 |       expect(r?.status()).toBeLessThan(500);
      58 |       await expect(
      59 |         page.locator("h1, h2, [role=\"alert\"]").first(),
        at /home/tbaltzakis/cloudless.gr/e2e/admin-pages-gaps-sweep.spec.ts:56:28

    attachment #1: screenshot (image/png) ──────────────────────────────────────────────────────────
    test-results/admin-pages-gaps-sweep-Adm-5ebc8-loads-with-h1-h2-and-no-5xx-mobile-chrome-retry1/test-failed-1.png
    ────────────────────────────────────────────────────────────────────────────────────────────────

    attachment #2: video (video/webm) ──────────────────────────────────────────────────────────────
    test-results/admin-pages-gaps-sweep-Adm-5ebc8-loads-with-h1-h2-and-no-5xx-mobile-chrome-retry1/video.webm
    ────────────────────────────────────────────────────────────────────────────────────────────────

    Error Context: test-results/admin-pages-gaps-sweep-Adm-5ebc8-loads-with-h1-h2-and-no-5xx-mobile-chrome-retry1/error-context.md

    attachment #4: trace (application/zip) ─────────────────────────────────────────────────────────
    test-results/admin-pages-gaps-sweep-Adm-5ebc8-loads-with-h1-h2-and-no-5xx-mobile-chrome-retry1/trace.zip
    Usage:

        npx playwright show-trace test-results/admin-pages-gaps-sweep-Adm-5ebc8-loads-with-h1-h2-and-no-5xx-mobile-chrome-retry1/trace.zip

    ────────────────────────────────────────────────────────────────────────────────────────────────

  818) [mobile-chrome] › e2e/admin-pages-sweep.spec.ts:10:7 › Admin page sweep (cookie-authenticated) › /en/admin loads with h1/h2 and no console errors 

    Error: page.goto: net::ERR_CONNECTION_REFUSED at http://localhost:4000/en/admin
    Call log:
      - navigating to "http://localhost:4000/en/admin", waiting until "domcontentloaded"


      14 |       if (m.type() === "error") errors.push(m.text());
      15 |     });
    > 16 |     const r = await page.goto("/en/admin", { waitUntil: "domcontentloaded" });
         |                          ^
      17 |     expect(r?.status()).toBeLessThan(500);
      18 |     await expect(page.locator("h1, h2, [role=\"alert\"]").first()).toBeVisible({ timeout: 30_000 });
      19 |   });
        at /home/tbaltzakis/cloudless.gr/e2e/admin-pages-sweep.spec.ts:16:26

    attachment #1: screenshot (image/png) ──────────────────────────────────────────────────────────
    test-results/admin-pages-sweep-Admin-pa-c146c-h1-h2-and-no-console-errors-mobile-chrome/test-failed-1.png
    ────────────────────────────────────────────────────────────────────────────────────────────────

    attachment #2: video (video/webm) ──────────────────────────────────────────────────────────────
    test-results/admin-pages-sweep-Admin-pa-c146c-h1-h2-and-no-console-errors-mobile-chrome/video.webm
    ────────────────────────────────────────────────────────────────────────────────────────────────

    Error Context: test-results/admin-pages-sweep-Admin-pa-c146c-h1-h2-and-no-console-errors-mobile-chrome/error-context.md

    Retry #1 ───────────────────────────────────────────────────────────────────────────────────────

    Error: page.goto: net::ERR_CONNECTION_REFUSED at http://localhost:4000/en/admin
    Call log:
      - navigating to "http://localhost:4000/en/admin", waiting until "domcontentloaded"


      14 |       if (m.type() === "error") errors.push(m.text());
      15 |     });
    > 16 |     const r = await page.goto("/en/admin", { waitUntil: "domcontentloaded" });
         |                          ^
      17 |     expect(r?.status()).toBeLessThan(500);
      18 |     await expect(page.locator("h1, h2, [role=\"alert\"]").first()).toBeVisible({ timeout: 30_000 });
      19 |   });
        at /home/tbaltzakis/cloudless.gr/e2e/admin-pages-sweep.spec.ts:16:26

    attachment #1: screenshot (image/png) ──────────────────────────────────────────────────────────
    test-results/admin-pages-sweep-Admin-pa-c146c-h1-h2-and-no-console-errors-mobile-chrome-retry1/test-failed-1.png
    ────────────────────────────────────────────────────────────────────────────────────────────────

    attachment #2: video (video/webm) ──────────────────────────────────────────────────────────────
    test-results/admin-pages-sweep-Admin-pa-c146c-h1-h2-and-no-console-errors-mobile-chrome-retry1/video.webm
    ────────────────────────────────────────────────────────────────────────────────────────────────

    Error Context: test-results/admin-pages-sweep-Admin-pa-c146c-h1-h2-and-no-console-errors-mobile-chrome-retry1/error-context.md

    attachment #4: trace (application/zip) ─────────────────────────────────────────────────────────
    test-results/admin-pages-sweep-Admin-pa-c146c-h1-h2-and-no-console-errors-mobile-chrome-retry1/trace.zip
    Usage:

        npx playwright show-trace test-results/admin-pages-sweep-Admin-pa-c146c-h1-h2-and-no-console-errors-mobile-chrome-retry1/trace.zip

    ────────────────────────────────────────────────────────────────────────────────────────────────

  819) [mobile-chrome] › e2e/admin-pages-sweep.spec.ts:20:7 › Admin page sweep (cookie-authenticated) › /en/admin/ab-tests loads with h1/h2 and no console errors 

    Error: page.goto: net::ERR_CONNECTION_REFUSED at http://localhost:4000/en/admin/ab-tests
    Call log:
      - navigating to "http://localhost:4000/en/admin/ab-tests", waiting until "domcontentloaded"


      24 |       if (m.type() === "error") errors.push(m.text());
      25 |     });
    > 26 |     const r = await page.goto("/en/admin/ab-tests", { waitUntil: "domcontentloaded" });
         |                          ^
      27 |     expect(r?.status()).toBeLessThan(500);
      28 |     await expect(page.locator("h1, h2, [role=\"alert\"]").first()).toBeVisible({ timeout: 30_000 });
      29 |   });
        at /home/tbaltzakis/cloudless.gr/e2e/admin-pages-sweep.spec.ts:26:26

    attachment #1: screenshot (image/png) ──────────────────────────────────────────────────────────
    test-results/admin-pages-sweep-Admin-pa-8ecb9-h1-h2-and-no-console-errors-mobile-chrome/test-failed-1.png
    ────────────────────────────────────────────────────────────────────────────────────────────────

    attachment #2: video (video/webm) ──────────────────────────────────────────────────────────────
    test-results/admin-pages-sweep-Admin-pa-8ecb9-h1-h2-and-no-console-errors-mobile-chrome/video.webm
    ────────────────────────────────────────────────────────────────────────────────────────────────

    Error Context: test-results/admin-pages-sweep-Admin-pa-8ecb9-h1-h2-and-no-console-errors-mobile-chrome/error-context.md

    Retry #1 ───────────────────────────────────────────────────────────────────────────────────────

    Error: page.goto: net::ERR_CONNECTION_REFUSED at http://localhost:4000/en/admin/ab-tests
    Call log:
      - navigating to "http://localhost:4000/en/admin/ab-tests", waiting until "domcontentloaded"


      24 |       if (m.type() === "error") errors.push(m.text());
      25 |     });
    > 26 |     const r = await page.goto("/en/admin/ab-tests", { waitUntil: "domcontentloaded" });
         |                          ^
      27 |     expect(r?.status()).toBeLessThan(500);
      28 |     await expect(page.locator("h1, h2, [role=\"alert\"]").first()).toBeVisible({ timeout: 30_000 });
      29 |   });
        at /home/tbaltzakis/cloudless.gr/e2e/admin-pages-sweep.spec.ts:26:26

    attachment #1: screenshot (image/png) ──────────────────────────────────────────────────────────
    test-results/admin-pages-sweep-Admin-pa-8ecb9-h1-h2-and-no-console-errors-mobile-chrome-retry1/test-failed-1.png
    ────────────────────────────────────────────────────────────────────────────────────────────────

    attachment #2: video (video/webm) ──────────────────────────────────────────────────────────────
    test-results/admin-pages-sweep-Admin-pa-8ecb9-h1-h2-and-no-console-errors-mobile-chrome-retry1/video.webm
    ────────────────────────────────────────────────────────────────────────────────────────────────

    Error Context: test-results/admin-pages-sweep-Admin-pa-8ecb9-h1-h2-and-no-console-errors-mobile-chrome-retry1/error-context.md

    attachment #4: trace (application/zip) ─────────────────────────────────────────────────────────
    test-results/admin-pages-sweep-Admin-pa-8ecb9-h1-h2-and-no-console-errors-mobile-chrome-retry1/trace.zip
    Usage:

        npx playwright show-trace test-results/admin-pages-sweep-Admin-pa-8ecb9-h1-h2-and-no-console-errors-mobile-chrome-retry1/trace.zip

    ────────────────────────────────────────────────────────────────────────────────────────────────

  820) [mobile-chrome] › e2e/admin-pages-sweep.spec.ts:30:7 › Admin page sweep (cookie-authenticated) › /en/admin/ai-assistant loads with h1/h2 and no console errors 

    Error: page.goto: net::ERR_CONNECTION_REFUSED at http://localhost:4000/en/admin/ai-assistant
    Call log:
      - navigating to "http://localhost:4000/en/admin/ai-assistant", waiting until "domcontentloaded"


      34 |       if (m.type() === "error") errors.push(m.text());
      35 |     });
    > 36 |     const r = await page.goto("/en/admin/ai-assistant", { waitUntil: "domcontentloaded" });
         |                          ^
      37 |     expect(r?.status()).toBeLessThan(500);
      38 |     await expect(page.locator("h1, h2, [role=\"alert\"]").first()).toBeVisible({ timeout: 30_000 });
      39 |   });
        at /home/tbaltzakis/cloudless.gr/e2e/admin-pages-sweep.spec.ts:36:26

    attachment #1: screenshot (image/png) ──────────────────────────────────────────────────────────
    test-results/admin-pages-sweep-Admin-pa-3c205-h1-h2-and-no-console-errors-mobile-chrome/test-failed-1.png
    ────────────────────────────────────────────────────────────────────────────────────────────────

    attachment #2: video (video/webm) ──────────────────────────────────────────────────────────────
    test-results/admin-pages-sweep-Admin-pa-3c205-h1-h2-and-no-console-errors-mobile-chrome/video.webm
    ────────────────────────────────────────────────────────────────────────────────────────────────

    Error Context: test-results/admin-pages-sweep-Admin-pa-3c205-h1-h2-and-no-console-errors-mobile-chrome/error-context.md

    Retry #1 ───────────────────────────────────────────────────────────────────────────────────────

    Error: page.goto: net::ERR_CONNECTION_REFUSED at http://localhost:4000/en/admin/ai-assistant
    Call log:
      - navigating to "http://localhost:4000/en/admin/ai-assistant", waiting until "domcontentloaded"


      34 |       if (m.type() === "error") errors.push(m.text());
      35 |     });
    > 36 |     const r = await page.goto("/en/admin/ai-assistant", { waitUntil: "domcontentloaded" });
         |                          ^
      37 |     expect(r?.status()).toBeLessThan(500);
      38 |     await expect(page.locator("h1, h2, [role=\"alert\"]").first()).toBeVisible({ timeout: 30_000 });
      39 |   });
        at /home/tbaltzakis/cloudless.gr/e2e/admin-pages-sweep.spec.ts:36:26

    attachment #1: screenshot (image/png) ──────────────────────────────────────────────────────────
    test-results/admin-pages-sweep-Admin-pa-3c205-h1-h2-and-no-console-errors-mobile-chrome-retry1/test-failed-1.png
    ────────────────────────────────────────────────────────────────────────────────────────────────

    attachment #2: video (video/webm) ──────────────────────────────────────────────────────────────
    test-results/admin-pages-sweep-Admin-pa-3c205-h1-h2-and-no-console-errors-mobile-chrome-retry1/video.webm
    ────────────────────────────────────────────────────────────────────────────────────────────────

    Error Context: test-results/admin-pages-sweep-Admin-pa-3c205-h1-h2-and-no-console-errors-mobile-chrome-retry1/error-context.md

    attachment #4: trace (application/zip) ─────────────────────────────────────────────────────────
    test-results/admin-pages-sweep-Admin-pa-3c205-h1-h2-and-no-console-errors-mobile-chrome-retry1/trace.zip
    Usage:

        npx playwright show-trace test-results/admin-pages-sweep-Admin-pa-3c205-h1-h2-and-no-console-errors-mobile-chrome-retry1/trace.zip

    ────────────────────────────────────────────────────────────────────────────────────────────────

  821) [mobile-chrome] › e2e/admin-pages-sweep.spec.ts:40:7 › Admin page sweep (cookie-authenticated) › /en/admin/analytics loads with h1/h2 and no console errors 

    Error: page.goto: net::ERR_CONNECTION_REFUSED at http://localhost:4000/en/admin/analytics
    Call log:
      - navigating to "http://localhost:4000/en/admin/analytics", waiting until "domcontentloaded"


      44 |       if (m.type() === "error") errors.push(m.text());
      45 |     });
    > 46 |     const r = await page.goto("/en/admin/analytics", { waitUntil: "domcontentloaded" });
         |                          ^
      47 |     expect(r?.status()).toBeLessThan(500);
      48 |     await expect(page.locator("h1, h2, [role=\"alert\"]").first()).toBeVisible({ timeout: 30_000 });
      49 |   });
        at /home/tbaltzakis/cloudless.gr/e2e/admin-pages-sweep.spec.ts:46:26

    attachment #1: screenshot (image/png) ──────────────────────────────────────────────────────────
    test-results/admin-pages-sweep-Admin-pa-c10fe-h1-h2-and-no-console-errors-mobile-chrome/test-failed-1.png
    ────────────────────────────────────────────────────────────────────────────────────────────────

    attachment #2: video (video/webm) ──────────────────────────────────────────────────────────────
    test-results/admin-pages-sweep-Admin-pa-c10fe-h1-h2-and-no-console-errors-mobile-chrome/video.webm
    ────────────────────────────────────────────────────────────────────────────────────────────────

    Error Context: test-results/admin-pages-sweep-Admin-pa-c10fe-h1-h2-and-no-console-errors-mobile-chrome/error-context.md

    Retry #1 ───────────────────────────────────────────────────────────────────────────────────────

    Error: page.goto: net::ERR_CONNECTION_REFUSED at http://localhost:4000/en/admin/analytics
    Call log:
      - navigating to "http://localhost:4000/en/admin/analytics", waiting until "domcontentloaded"


      44 |       if (m.type() === "error") errors.push(m.text());
      45 |     });
    > 46 |     const r = await page.goto("/en/admin/analytics", { waitUntil: "domcontentloaded" });
         |                          ^
      47 |     expect(r?.status()).toBeLessThan(500);
      48 |     await expect(page.locator("h1, h2, [role=\"alert\"]").first()).toBeVisible({ timeout: 30_000 });
      49 |   });
        at /home/tbaltzakis/cloudless.gr/e2e/admin-pages-sweep.spec.ts:46:26

    attachment #1: screenshot (image/png) ──────────────────────────────────────────────────────────
    test-results/admin-pages-sweep-Admin-pa-c10fe-h1-h2-and-no-console-errors-mobile-chrome-retry1/test-failed-1.png
    ────────────────────────────────────────────────────────────────────────────────────────────────

    attachment #2: video (video/webm) ──────────────────────────────────────────────────────────────
    test-results/admin-pages-sweep-Admin-pa-c10fe-h1-h2-and-no-console-errors-mobile-chrome-retry1/video.webm
    ────────────────────────────────────────────────────────────────────────────────────────────────

    Error Context: test-results/admin-pages-sweep-Admin-pa-c10fe-h1-h2-and-no-console-errors-mobile-chrome-retry1/error-context.md

    attachment #4: trace (application/zip) ─────────────────────────────────────────────────────────
    test-results/admin-pages-sweep-Admin-pa-c10fe-h1-h2-and-no-console-errors-mobile-chrome-retry1/trace.zip
    Usage:

        npx playwright show-trace test-results/admin-pages-sweep-Admin-pa-c10fe-h1-h2-and-no-console-errors-mobile-chrome-retry1/trace.zip

    ────────────────────────────────────────────────────────────────────────────────────────────────

  822) [mobile-chrome] › e2e/admin-pages-sweep.spec.ts:50:7 › Admin page sweep (cookie-authenticated) › /en/admin/analytics/unified loads with h1/h2 and no console errors 

    Error: page.goto: net::ERR_CONNECTION_REFUSED at http://localhost:4000/en/admin/analytics/unified
    Call log:
      - navigating to "http://localhost:4000/en/admin/analytics/unified", waiting until "domcontentloaded"


      54 |       if (m.type() === "error") errors.push(m.text());
      55 |     });
    > 56 |     const r = await page.goto("/en/admin/analytics/unified", { waitUntil: "domcontentloaded" });
         |                          ^
      57 |     expect(r?.status()).toBeLessThan(500);
      58 |     await expect(page.locator("h1, h2, [role=\"alert\"]").first()).toBeVisible({ timeout: 30_000 });
      59 |   });
        at /home/tbaltzakis/cloudless.gr/e2e/admin-pages-sweep.spec.ts:56:26

    attachment #1: screenshot (image/png) ──────────────────────────────────────────────────────────
    test-results/admin-pages-sweep-Admin-pa-d8cc1-h1-h2-and-no-console-errors-mobile-chrome/test-failed-1.png
    ────────────────────────────────────────────────────────────────────────────────────────────────

    attachment #2: video (video/webm) ──────────────────────────────────────────────────────────────
    test-results/admin-pages-sweep-Admin-pa-d8cc1-h1-h2-and-no-console-errors-mobile-chrome/video.webm
    ────────────────────────────────────────────────────────────────────────────────────────────────

    Error Context: test-results/admin-pages-sweep-Admin-pa-d8cc1-h1-h2-and-no-console-errors-mobile-chrome/error-context.md

    Retry #1 ───────────────────────────────────────────────────────────────────────────────────────

    Error: page.goto: net::ERR_CONNECTION_REFUSED at http://localhost:4000/en/admin/analytics/unified
    Call log:
      - navigating to "http://localhost:4000/en/admin/analytics/unified", waiting until "domcontentloaded"


      54 |       if (m.type() === "error") errors.push(m.text());
      55 |     });
    > 56 |     const r = await page.goto("/en/admin/analytics/unified", { waitUntil: "domcontentloaded" });
         |                          ^
      57 |     expect(r?.status()).toBeLessThan(500);
      58 |     await expect(page.locator("h1, h2, [role=\"alert\"]").first()).toBeVisible({ timeout: 30_000 });
      59 |   });
        at /home/tbaltzakis/cloudless.gr/e2e/admin-pages-sweep.spec.ts:56:26

    attachment #1: screenshot (image/png) ──────────────────────────────────────────────────────────
    test-results/admin-pages-sweep-Admin-pa-d8cc1-h1-h2-and-no-console-errors-mobile-chrome-retry1/test-failed-1.png
    ────────────────────────────────────────────────────────────────────────────────────────────────

    attachment #2: video (video/webm) ──────────────────────────────────────────────────────────────
    test-results/admin-pages-sweep-Admin-pa-d8cc1-h1-h2-and-no-console-errors-mobile-chrome-retry1/video.webm
    ────────────────────────────────────────────────────────────────────────────────────────────────

    Error Context: test-results/admin-pages-sweep-Admin-pa-d8cc1-h1-h2-and-no-console-errors-mobile-chrome-retry1/error-context.md

    attachment #4: trace (application/zip) ─────────────────────────────────────────────────────────
    test-results/admin-pages-sweep-Admin-pa-d8cc1-h1-h2-and-no-console-errors-mobile-chrome-retry1/trace.zip
    Usage:

        npx playwright show-trace test-results/admin-pages-sweep-Admin-pa-d8cc1-h1-h2-and-no-console-errors-mobile-chrome-retry1/trace.zip

    ────────────────────────────────────────────────────────────────────────────────────────────────

  823) [mobile-chrome] › e2e/admin-pages-sweep.spec.ts:60:7 › Admin page sweep (cookie-authenticated) › /en/admin/blog loads with h1/h2 and no console errors 

    Error: page.goto: net::ERR_CONNECTION_REFUSED at http://localhost:4000/en/admin/blog
    Call log:
      - navigating to "http://localhost:4000/en/admin/blog", waiting until "domcontentloaded"


      64 |       if (m.type() === "error") errors.push(m.text());
      65 |     });
    > 66 |     const r = await page.goto("/en/admin/blog", { waitUntil: "domcontentloaded" });
         |                          ^
      67 |     expect(r?.status()).toBeLessThan(500);
      68 |     await expect(page.locator("h1, h2, [role=\"alert\"]").first()).toBeVisible({ timeout: 30_000 });
      69 |   });
        at /home/tbaltzakis/cloudless.gr/e2e/admin-pages-sweep.spec.ts:66:26

    attachment #1: screenshot (image/png) ──────────────────────────────────────────────────────────
    test-results/admin-pages-sweep-Admin-pa-18b0b-h1-h2-and-no-console-errors-mobile-chrome/test-failed-1.png
    ────────────────────────────────────────────────────────────────────────────────────────────────

    attachment #2: video (video/webm) ──────────────────────────────────────────────────────────────
    test-results/admin-pages-sweep-Admin-pa-18b0b-h1-h2-and-no-console-errors-mobile-chrome/video.webm
    ────────────────────────────────────────────────────────────────────────────────────────────────

    Error Context: test-results/admin-pages-sweep-Admin-pa-18b0b-h1-h2-and-no-console-errors-mobile-chrome/error-context.md

    Retry #1 ───────────────────────────────────────────────────────────────────────────────────────

    Error: page.goto: net::ERR_CONNECTION_REFUSED at http://localhost:4000/en/admin/blog
    Call log:
      - navigating to "http://localhost:4000/en/admin/blog", waiting until "domcontentloaded"


      64 |       if (m.type() === "error") errors.push(m.text());
      65 |     });
    > 66 |     const r = await page.goto("/en/admin/blog", { waitUntil: "domcontentloaded" });
         |                          ^
      67 |     expect(r?.status()).toBeLessThan(500);
      68 |     await expect(page.locator("h1, h2, [role=\"alert\"]").first()).toBeVisible({ timeout: 30_000 });
      69 |   });
        at /home/tbaltzakis/cloudless.gr/e2e/admin-pages-sweep.spec.ts:66:26

    attachment #1: screenshot (image/png) ──────────────────────────────────────────────────────────
    test-results/admin-pages-sweep-Admin-pa-18b0b-h1-h2-and-no-console-errors-mobile-chrome-retry1/test-failed-1.png
    ────────────────────────────────────────────────────────────────────────────────────────────────

    attachment #2: video (video/webm) ──────────────────────────────────────────────────────────────
    test-results/admin-pages-sweep-Admin-pa-18b0b-h1-h2-and-no-console-errors-mobile-chrome-retry1/video.webm
    ────────────────────────────────────────────────────────────────────────────────────────────────

    Error Context: test-results/admin-pages-sweep-Admin-pa-18b0b-h1-h2-and-no-console-errors-mobile-chrome-retry1/error-context.md

    attachment #4: trace (application/zip) ─────────────────────────────────────────────────────────
    test-results/admin-pages-sweep-Admin-pa-18b0b-h1-h2-and-no-console-errors-mobile-chrome-retry1/trace.zip
    Usage:

        npx playwright show-trace test-results/admin-pages-sweep-Admin-pa-18b0b-h1-h2-and-no-console-errors-mobile-chrome-retry1/trace.zip

    ────────────────────────────────────────────────────────────────────────────────────────────────

  824) [mobile-chrome] › e2e/admin-pages-sweep.spec.ts:70:7 › Admin page sweep (cookie-authenticated) › /en/admin/calendar loads with h1/h2 and no console errors 

    Error: page.goto: net::ERR_CONNECTION_REFUSED at http://localhost:4000/en/admin/calendar
    Call log:
      - navigating to "http://localhost:4000/en/admin/calendar", waiting until "domcontentloaded"


      74 |       if (m.type() === "error") errors.push(m.text());
      75 |     });
    > 76 |     const r = await page.goto("/en/admin/calendar", { waitUntil: "domcontentloaded" });
         |                          ^
      77 |     expect(r?.status()).toBeLessThan(500);
      78 |     await expect(page.locator("h1, h2, [role=\"alert\"]").first()).toBeVisible({ timeout: 30_000 });
      79 |   });
        at /home/tbaltzakis/cloudless.gr/e2e/admin-pages-sweep.spec.ts:76:26

    attachment #1: screenshot (image/png) ──────────────────────────────────────────────────────────
    test-results/admin-pages-sweep-Admin-pa-92276-h1-h2-and-no-console-errors-mobile-chrome/test-failed-1.png
    ────────────────────────────────────────────────────────────────────────────────────────────────

    attachment #2: video (video/webm) ──────────────────────────────────────────────────────────────
    test-results/admin-pages-sweep-Admin-pa-92276-h1-h2-and-no-console-errors-mobile-chrome/video.webm
    ────────────────────────────────────────────────────────────────────────────────────────────────

    Error Context: test-results/admin-pages-sweep-Admin-pa-92276-h1-h2-and-no-console-errors-mobile-chrome/error-context.md

    Retry #1 ───────────────────────────────────────────────────────────────────────────────────────

    Error: page.goto: net::ERR_CONNECTION_REFUSED at http://localhost:4000/en/admin/calendar
    Call log:
      - navigating to "http://localhost:4000/en/admin/calendar", waiting until "domcontentloaded"


      74 |       if (m.type() === "error") errors.push(m.text());
      75 |     });
    > 76 |     const r = await page.goto("/en/admin/calendar", { waitUntil: "domcontentloaded" });
         |                          ^
      77 |     expect(r?.status()).toBeLessThan(500);
      78 |     await expect(page.locator("h1, h2, [role=\"alert\"]").first()).toBeVisible({ timeout: 30_000 });
      79 |   });
        at /home/tbaltzakis/cloudless.gr/e2e/admin-pages-sweep.spec.ts:76:26

    attachment #1: screenshot (image/png) ──────────────────────────────────────────────────────────
    test-results/admin-pages-sweep-Admin-pa-92276-h1-h2-and-no-console-errors-mobile-chrome-retry1/test-failed-1.png
    ────────────────────────────────────────────────────────────────────────────────────────────────

    attachment #2: video (video/webm) ──────────────────────────────────────────────────────────────
    test-results/admin-pages-sweep-Admin-pa-92276-h1-h2-and-no-console-errors-mobile-chrome-retry1/video.webm
    ────────────────────────────────────────────────────────────────────────────────────────────────

    Error Context: test-results/admin-pages-sweep-Admin-pa-92276-h1-h2-and-no-console-errors-mobile-chrome-retry1/error-context.md

    attachment #4: trace (application/zip) ─────────────────────────────────────────────────────────
    test-results/admin-pages-sweep-Admin-pa-92276-h1-h2-and-no-console-errors-mobile-chrome-retry1/trace.zip
    Usage:

        npx playwright show-trace test-results/admin-pages-sweep-Admin-pa-92276-h1-h2-and-no-console-errors-mobile-chrome-retry1/trace.zip

    ────────────────────────────────────────────────────────────────────────────────────────────────

  825) [mobile-chrome] › e2e/admin-pages-sweep.spec.ts:80:7 › Admin page sweep (cookie-authenticated) › /en/admin/campaigns loads with h1/h2 and no console errors 

    Error: page.goto: net::ERR_CONNECTION_REFUSED at http://localhost:4000/en/admin/campaigns
    Call log:
      - navigating to "http://localhost:4000/en/admin/campaigns", waiting until "domcontentloaded"


      84 |       if (m.type() === "error") errors.push(m.text());
      85 |     });
    > 86 |     const r = await page.goto("/en/admin/campaigns", { waitUntil: "domcontentloaded" });
         |                          ^
      87 |     expect(r?.status()).toBeLessThan(500);
      88 |     await expect(page.locator("h1, h2, [role=\"alert\"]").first()).toBeVisible({ timeout: 30_000 });
      89 |   });
        at /home/tbaltzakis/cloudless.gr/e2e/admin-pages-sweep.spec.ts:86:26

    attachment #1: screenshot (image/png) ──────────────────────────────────────────────────────────
    test-results/admin-pages-sweep-Admin-pa-e9b81-h1-h2-and-no-console-errors-mobile-chrome/test-failed-1.png
    ────────────────────────────────────────────────────────────────────────────────────────────────

    attachment #2: video (video/webm) ──────────────────────────────────────────────────────────────
    test-results/admin-pages-sweep-Admin-pa-e9b81-h1-h2-and-no-console-errors-mobile-chrome/video.webm
    ────────────────────────────────────────────────────────────────────────────────────────────────

    Error Context: test-results/admin-pages-sweep-Admin-pa-e9b81-h1-h2-and-no-console-errors-mobile-chrome/error-context.md

    Retry #1 ───────────────────────────────────────────────────────────────────────────────────────

    Error: page.goto: net::ERR_CONNECTION_REFUSED at http://localhost:4000/en/admin/campaigns
    Call log:
      - navigating to "http://localhost:4000/en/admin/campaigns", waiting until "domcontentloaded"


      84 |       if (m.type() === "error") errors.push(m.text());
      85 |     });
    > 86 |     const r = await page.goto("/en/admin/campaigns", { waitUntil: "domcontentloaded" });
         |                          ^
      87 |     expect(r?.status()).toBeLessThan(500);
      88 |     await expect(page.locator("h1, h2, [role=\"alert\"]").first()).toBeVisible({ timeout: 30_000 });
      89 |   });
        at /home/tbaltzakis/cloudless.gr/e2e/admin-pages-sweep.spec.ts:86:26

    attachment #1: screenshot (image/png) ──────────────────────────────────────────────────────────
    test-results/admin-pages-sweep-Admin-pa-e9b81-h1-h2-and-no-console-errors-mobile-chrome-retry1/test-failed-1.png
    ────────────────────────────────────────────────────────────────────────────────────────────────

    attachment #2: video (video/webm) ──────────────────────────────────────────────────────────────
    test-results/admin-pages-sweep-Admin-pa-e9b81-h1-h2-and-no-console-errors-mobile-chrome-retry1/video.webm
    ────────────────────────────────────────────────────────────────────────────────────────────────

    Error Context: test-results/admin-pages-sweep-Admin-pa-e9b81-h1-h2-and-no-console-errors-mobile-chrome-retry1/error-context.md

    attachment #4: trace (application/zip) ─────────────────────────────────────────────────────────
    test-results/admin-pages-sweep-Admin-pa-e9b81-h1-h2-and-no-console-errors-mobile-chrome-retry1/trace.zip
    Usage:

        npx playwright show-trace test-results/admin-pages-sweep-Admin-pa-e9b81-h1-h2-and-no-console-errors-mobile-chrome-retry1/trace.zip

    ────────────────────────────────────────────────────────────────────────────────────────────────

  826) [mobile-chrome] › e2e/admin-pages-sweep.spec.ts:90:7 › Admin page sweep (cookie-authenticated) › /en/admin/campaigns/google loads with h1/h2 and no console errors 

    Error: page.goto: net::ERR_CONNECTION_REFUSED at http://localhost:4000/en/admin/campaigns/google
    Call log:
      - navigating to "http://localhost:4000/en/admin/campaigns/google", waiting until "domcontentloaded"


      94 |       if (m.type() === "error") errors.push(m.text());
      95 |     });
    > 96 |     const r = await page.goto("/en/admin/campaigns/google", { waitUntil: "domcontentloaded" });
         |                          ^
      97 |     expect(r?.status()).toBeLessThan(500);
      98 |     await expect(page.locator("h1, h2, [role=\"alert\"]").first()).toBeVisible({ timeout: 30_000 });
      99 |   });
        at /home/tbaltzakis/cloudless.gr/e2e/admin-pages-sweep.spec.ts:96:26

    attachment #1: screenshot (image/png) ──────────────────────────────────────────────────────────
    test-results/admin-pages-sweep-Admin-pa-30290-h1-h2-and-no-console-errors-mobile-chrome/test-failed-1.png
    ────────────────────────────────────────────────────────────────────────────────────────────────

    attachment #2: video (video/webm) ──────────────────────────────────────────────────────────────
    test-results/admin-pages-sweep-Admin-pa-30290-h1-h2-and-no-console-errors-mobile-chrome/video.webm
    ────────────────────────────────────────────────────────────────────────────────────────────────

    Error Context: test-results/admin-pages-sweep-Admin-pa-30290-h1-h2-and-no-console-errors-mobile-chrome/error-context.md

    Retry #1 ───────────────────────────────────────────────────────────────────────────────────────

    Error: page.goto: net::ERR_CONNECTION_REFUSED at http://localhost:4000/en/admin/campaigns/google
    Call log:
      - navigating to "http://localhost:4000/en/admin/campaigns/google", waiting until "domcontentloaded"


      94 |       if (m.type() === "error") errors.push(m.text());
      95 |     });
    > 96 |     const r = await page.goto("/en/admin/campaigns/google", { waitUntil: "domcontentloaded" });
         |                          ^
      97 |     expect(r?.status()).toBeLessThan(500);
      98 |     await expect(page.locator("h1, h2, [role=\"alert\"]").first()).toBeVisible({ timeout: 30_000 });
      99 |   });
        at /home/tbaltzakis/cloudless.gr/e2e/admin-pages-sweep.spec.ts:96:26

    attachment #1: screenshot (image/png) ──────────────────────────────────────────────────────────
    test-results/admin-pages-sweep-Admin-pa-30290-h1-h2-and-no-console-errors-mobile-chrome-retry1/test-failed-1.png
    ────────────────────────────────────────────────────────────────────────────────────────────────

    attachment #2: video (video/webm) ──────────────────────────────────────────────────────────────
    test-results/admin-pages-sweep-Admin-pa-30290-h1-h2-and-no-console-errors-mobile-chrome-retry1/video.webm
    ────────────────────────────────────────────────────────────────────────────────────────────────

    Error Context: test-results/admin-pages-sweep-Admin-pa-30290-h1-h2-and-no-console-errors-mobile-chrome-retry1/error-context.md

    attachment #4: trace (application/zip) ─────────────────────────────────────────────────────────
    test-results/admin-pages-sweep-Admin-pa-30290-h1-h2-and-no-console-errors-mobile-chrome-retry1/trace.zip
    Usage:

        npx playwright show-trace test-results/admin-pages-sweep-Admin-pa-30290-h1-h2-and-no-console-errors-mobile-chrome-retry1/trace.zip

    ────────────────────────────────────────────────────────────────────────────────────────────────

  827) [mobile-chrome] › e2e/admin-pages-sweep.spec.ts:100:7 › Admin page sweep (cookie-authenticated) › /en/admin/campaigns/linkedin loads with h1/h2 and no console errors 

    Error: page.goto: net::ERR_CONNECTION_REFUSED at http://localhost:4000/en/admin/campaigns/linkedin
    Call log:
      - navigating to "http://localhost:4000/en/admin/campaigns/linkedin", waiting until "domcontentloaded"


      104 |       if (m.type() === "error") errors.push(m.text());
      105 |     });
    > 106 |     const r = await page.goto("/en/admin/campaigns/linkedin", { waitUntil: "domcontentloaded" });
          |                          ^
      107 |     expect(r?.status()).toBeLessThan(500);
      108 |     await expect(page.locator("h1, h2, [role=\"alert\"]").first()).toBeVisible({ timeout: 30_000 });
      109 |   });
        at /home/tbaltzakis/cloudless.gr/e2e/admin-pages-sweep.spec.ts:106:26

    attachment #1: screenshot (image/png) ──────────────────────────────────────────────────────────
    test-results/admin-pages-sweep-Admin-pa-40746-h1-h2-and-no-console-errors-mobile-chrome/test-failed-1.png
    ────────────────────────────────────────────────────────────────────────────────────────────────

    attachment #2: video (video/webm) ──────────────────────────────────────────────────────────────
    test-results/admin-pages-sweep-Admin-pa-40746-h1-h2-and-no-console-errors-mobile-chrome/video.webm
    ────────────────────────────────────────────────────────────────────────────────────────────────

    Error Context: test-results/admin-pages-sweep-Admin-pa-40746-h1-h2-and-no-console-errors-mobile-chrome/error-context.md

    Retry #1 ───────────────────────────────────────────────────────────────────────────────────────

    Error: page.goto: net::ERR_CONNECTION_REFUSED at http://localhost:4000/en/admin/campaigns/linkedin
    Call log:
      - navigating to "http://localhost:4000/en/admin/campaigns/linkedin", waiting until "domcontentloaded"


      104 |       if (m.type() === "error") errors.push(m.text());
      105 |     });
    > 106 |     const r = await page.goto("/en/admin/campaigns/linkedin", { waitUntil: "domcontentloaded" });
          |                          ^
      107 |     expect(r?.status()).toBeLessThan(500);
      108 |     await expect(page.locator("h1, h2, [role=\"alert\"]").first()).toBeVisible({ timeout: 30_000 });
      109 |   });
        at /home/tbaltzakis/cloudless.gr/e2e/admin-pages-sweep.spec.ts:106:26

    attachment #1: screenshot (image/png) ──────────────────────────────────────────────────────────
    test-results/admin-pages-sweep-Admin-pa-40746-h1-h2-and-no-console-errors-mobile-chrome-retry1/test-failed-1.png
    ────────────────────────────────────────────────────────────────────────────────────────────────

    attachment #2: video (video/webm) ──────────────────────────────────────────────────────────────
    test-results/admin-pages-sweep-Admin-pa-40746-h1-h2-and-no-console-errors-mobile-chrome-retry1/video.webm
    ────────────────────────────────────────────────────────────────────────────────────────────────

    Error Context: test-results/admin-pages-sweep-Admin-pa-40746-h1-h2-and-no-console-errors-mobile-chrome-retry1/error-context.md

    attachment #4: trace (application/zip) ─────────────────────────────────────────────────────────
    test-results/admin-pages-sweep-Admin-pa-40746-h1-h2-and-no-console-errors-mobile-chrome-retry1/trace.zip
    Usage:

        npx playwright show-trace test-results/admin-pages-sweep-Admin-pa-40746-h1-h2-and-no-console-errors-mobile-chrome-retry1/trace.zip

    ────────────────────────────────────────────────────────────────────────────────────────────────

  828) [mobile-chrome] › e2e/admin-pages-sweep.spec.ts:110:7 › Admin page sweep (cookie-authenticated) › /en/admin/campaigns/tiktok loads with h1/h2 and no console errors 

    Error: page.goto: net::ERR_CONNECTION_REFUSED at http://localhost:4000/en/admin/campaigns/tiktok
    Call log:
      - navigating to "http://localhost:4000/en/admin/campaigns/tiktok", waiting until "domcontentloaded"


      114 |       if (m.type() === "error") errors.push(m.text());
      115 |     });
    > 116 |     const r = await page.goto("/en/admin/campaigns/tiktok", { waitUntil: "domcontentloaded" });
          |                          ^
      117 |     expect(r?.status()).toBeLessThan(500);
      118 |     await expect(page.locator("h1, h2, [role=\"alert\"]").first()).toBeVisible({ timeout: 30_000 });
      119 |   });
        at /home/tbaltzakis/cloudless.gr/e2e/admin-pages-sweep.spec.ts:116:26

    attachment #1: screenshot (image/png) ──────────────────────────────────────────────────────────
    test-results/admin-pages-sweep-Admin-pa-3f2db-h1-h2-and-no-console-errors-mobile-chrome/test-failed-1.png
    ────────────────────────────────────────────────────────────────────────────────────────────────

    attachment #2: video (video/webm) ──────────────────────────────────────────────────────────────
    test-results/admin-pages-sweep-Admin-pa-3f2db-h1-h2-and-no-console-errors-mobile-chrome/video.webm
    ────────────────────────────────────────────────────────────────────────────────────────────────

    Error Context: test-results/admin-pages-sweep-Admin-pa-3f2db-h1-h2-and-no-console-errors-mobile-chrome/error-context.md

    Retry #1 ───────────────────────────────────────────────────────────────────────────────────────

    Error: page.goto: net::ERR_CONNECTION_REFUSED at http://localhost:4000/en/admin/campaigns/tiktok
    Call log:
      - navigating to "http://localhost:4000/en/admin/campaigns/tiktok", waiting until "domcontentloaded"


      114 |       if (m.type() === "error") errors.push(m.text());
      115 |     });
    > 116 |     const r = await page.goto("/en/admin/campaigns/tiktok", { waitUntil: "domcontentloaded" });
          |                          ^
      117 |     expect(r?.status()).toBeLessThan(500);
      118 |     await expect(page.locator("h1, h2, [role=\"alert\"]").first()).toBeVisible({ timeout: 30_000 });
      119 |   });
        at /home/tbaltzakis/cloudless.gr/e2e/admin-pages-sweep.spec.ts:116:26

    attachment #1: screenshot (image/png) ──────────────────────────────────────────────────────────
    test-results/admin-pages-sweep-Admin-pa-3f2db-h1-h2-and-no-console-errors-mobile-chrome-retry1/test-failed-1.png
    ────────────────────────────────────────────────────────────────────────────────────────────────

    attachment #2: video (video/webm) ──────────────────────────────────────────────────────────────
    test-results/admin-pages-sweep-Admin-pa-3f2db-h1-h2-and-no-console-errors-mobile-chrome-retry1/video.webm
    ────────────────────────────────────────────────────────────────────────────────────────────────

    Error Context: test-results/admin-pages-sweep-Admin-pa-3f2db-h1-h2-and-no-console-errors-mobile-chrome-retry1/error-context.md

    attachment #4: trace (application/zip) ─────────────────────────────────────────────────────────
    test-results/admin-pages-sweep-Admin-pa-3f2db-h1-h2-and-no-console-errors-mobile-chrome-retry1/trace.zip
    Usage:

        npx playwright show-trace test-results/admin-pages-sweep-Admin-pa-3f2db-h1-h2-and-no-console-errors-mobile-chrome-retry1/trace.zip

    ────────────────────────────────────────────────────────────────────────────────────────────────

  829) [mobile-chrome] › e2e/admin-pages-sweep.spec.ts:120:7 › Admin page sweep (cookie-authenticated) › /en/admin/campaigns/x loads with h1/h2 and no console errors 

    Error: page.goto: net::ERR_CONNECTION_REFUSED at http://localhost:4000/en/admin/campaigns/x
    Call log:
      - navigating to "http://localhost:4000/en/admin/campaigns/x", waiting until "domcontentloaded"


      124 |       if (m.type() === "error") errors.push(m.text());
      125 |     });
    > 126 |     const r = await page.goto("/en/admin/campaigns/x", { waitUntil: "domcontentloaded" });
          |                          ^
      127 |     expect(r?.status()).toBeLessThan(500);
      128 |     await expect(page.locator("h1, h2, [role=\"alert\"]").first()).toBeVisible({ timeout: 30_000 });
      129 |   });
        at /home/tbaltzakis/cloudless.gr/e2e/admin-pages-sweep.spec.ts:126:26

    attachment #1: screenshot (image/png) ──────────────────────────────────────────────────────────
    test-results/admin-pages-sweep-Admin-pa-ede00-h1-h2-and-no-console-errors-mobile-chrome/test-failed-1.png
    ────────────────────────────────────────────────────────────────────────────────────────────────

    attachment #2: video (video/webm) ──────────────────────────────────────────────────────────────
    test-results/admin-pages-sweep-Admin-pa-ede00-h1-h2-and-no-console-errors-mobile-chrome/video.webm
    ────────────────────────────────────────────────────────────────────────────────────────────────

    Error Context: test-results/admin-pages-sweep-Admin-pa-ede00-h1-h2-and-no-console-errors-mobile-chrome/error-context.md

    Retry #1 ───────────────────────────────────────────────────────────────────────────────────────

    Error: page.goto: net::ERR_CONNECTION_REFUSED at http://localhost:4000/en/admin/campaigns/x
    Call log:
      - navigating to "http://localhost:4000/en/admin/campaigns/x", waiting until "domcontentloaded"


      124 |       if (m.type() === "error") errors.push(m.text());
      125 |     });
    > 126 |     const r = await page.goto("/en/admin/campaigns/x", { waitUntil: "domcontentloaded" });
          |                          ^
      127 |     expect(r?.status()).toBeLessThan(500);
      128 |     await expect(page.locator("h1, h2, [role=\"alert\"]").first()).toBeVisible({ timeout: 30_000 });
      129 |   });
        at /home/tbaltzakis/cloudless.gr/e2e/admin-pages-sweep.spec.ts:126:26

    attachment #1: screenshot (image/png) ──────────────────────────────────────────────────────────
    test-results/admin-pages-sweep-Admin-pa-ede00-h1-h2-and-no-console-errors-mobile-chrome-retry1/test-failed-1.png
    ────────────────────────────────────────────────────────────────────────────────────────────────

    attachment #2: video (video/webm) ──────────────────────────────────────────────────────────────
    test-results/admin-pages-sweep-Admin-pa-ede00-h1-h2-and-no-console-errors-mobile-chrome-retry1/video.webm
    ────────────────────────────────────────────────────────────────────────────────────────────────

    Error Context: test-results/admin-pages-sweep-Admin-pa-ede00-h1-h2-and-no-console-errors-mobile-chrome-retry1/error-context.md

    attachment #4: trace (application/zip) ─────────────────────────────────────────────────────────
    test-results/admin-pages-sweep-Admin-pa-ede00-h1-h2-and-no-console-errors-mobile-chrome-retry1/trace.zip
    Usage:

        npx playwright show-trace test-results/admin-pages-sweep-Admin-pa-ede00-h1-h2-and-no-console-errors-mobile-chrome-retry1/trace.zip

    ────────────────────────────────────────────────────────────────────────────────────────────────

  830) [mobile-chrome] › e2e/admin-pages-sweep.spec.ts:130:7 › Admin page sweep (cookie-authenticated) › /en/admin/client-portals loads with h1/h2 and no console errors 

    Error: page.goto: net::ERR_CONNECTION_REFUSED at http://localhost:4000/en/admin/client-portals
    Call log:
      - navigating to "http://localhost:4000/en/admin/client-portals", waiting until "domcontentloaded"


      134 |       if (m.type() === "error") errors.push(m.text());
      135 |     });
    > 136 |     const r = await page.goto("/en/admin/client-portals", { waitUntil: "domcontentloaded" });
          |                          ^
      137 |     expect(r?.status()).toBeLessThan(500);
      138 |     await expect(page.locator("h1, h2, [role=\"alert\"]").first()).toBeVisible({ timeout: 30_000 });
      139 |   });
        at /home/tbaltzakis/cloudless.gr/e2e/admin-pages-sweep.spec.ts:136:26

    attachment #1: screenshot (image/png) ──────────────────────────────────────────────────────────
    test-results/admin-pages-sweep-Admin-pa-d4460-h1-h2-and-no-console-errors-mobile-chrome/test-failed-1.png
    ────────────────────────────────────────────────────────────────────────────────────────────────

    attachment #2: video (video/webm) ──────────────────────────────────────────────────────────────
    test-results/admin-pages-sweep-Admin-pa-d4460-h1-h2-and-no-console-errors-mobile-chrome/video.webm
    ────────────────────────────────────────────────────────────────────────────────────────────────

    Error Context: test-results/admin-pages-sweep-Admin-pa-d4460-h1-h2-and-no-console-errors-mobile-chrome/error-context.md

    Retry #1 ───────────────────────────────────────────────────────────────────────────────────────

    Error: page.goto: net::ERR_CONNECTION_REFUSED at http://localhost:4000/en/admin/client-portals
    Call log:
      - navigating to "http://localhost:4000/en/admin/client-portals", waiting until "domcontentloaded"


      134 |       if (m.type() === "error") errors.push(m.text());
      135 |     });
    > 136 |     const r = await page.goto("/en/admin/client-portals", { waitUntil: "domcontentloaded" });
          |                          ^
      137 |     expect(r?.status()).toBeLessThan(500);
      138 |     await expect(page.locator("h1, h2, [role=\"alert\"]").first()).toBeVisible({ timeout: 30_000 });
      139 |   });
        at /home/tbaltzakis/cloudless.gr/e2e/admin-pages-sweep.spec.ts:136:26

    attachment #1: screenshot (image/png) ──────────────────────────────────────────────────────────
    test-results/admin-pages-sweep-Admin-pa-d4460-h1-h2-and-no-console-errors-mobile-chrome-retry1/test-failed-1.png
    ────────────────────────────────────────────────────────────────────────────────────────────────

    attachment #2: video (video/webm) ──────────────────────────────────────────────────────────────
    test-results/admin-pages-sweep-Admin-pa-d4460-h1-h2-and-no-console-errors-mobile-chrome-retry1/video.webm
    ────────────────────────────────────────────────────────────────────────────────────────────────

    Error Context: test-results/admin-pages-sweep-Admin-pa-d4460-h1-h2-and-no-console-errors-mobile-chrome-retry1/error-context.md

    attachment #4: trace (application/zip) ─────────────────────────────────────────────────────────
    test-results/admin-pages-sweep-Admin-pa-d4460-h1-h2-and-no-console-errors-mobile-chrome-retry1/trace.zip
    Usage:

        npx playwright show-trace test-results/admin-pages-sweep-Admin-pa-d4460-h1-h2-and-no-console-errors-mobile-chrome-retry1/trace.zip

    ────────────────────────────────────────────────────────────────────────────────────────────────

  831) [mobile-chrome] › e2e/admin-pages-sweep.spec.ts:140:7 › Admin page sweep (cookie-authenticated) › /en/admin/crm loads with h1/h2 and no console errors 

    Error: page.goto: net::ERR_CONNECTION_REFUSED at http://localhost:4000/en/admin/crm
    Call log:
      - navigating to "http://localhost:4000/en/admin/crm", waiting until "domcontentloaded"


      144 |       if (m.type() === "error") errors.push(m.text());
      145 |     });
    > 146 |     const r = await page.goto("/en/admin/crm", { waitUntil: "domcontentloaded" });
          |                          ^
      147 |     expect(r?.status()).toBeLessThan(500);
      148 |     await expect(page.locator("h1, h2, [role=\"alert\"]").first()).toBeVisible({ timeout: 30_000 });
      149 |   });
        at /home/tbaltzakis/cloudless.gr/e2e/admin-pages-sweep.spec.ts:146:26

    attachment #1: screenshot (image/png) ──────────────────────────────────────────────────────────
    test-results/admin-pages-sweep-Admin-pa-f9710-h1-h2-and-no-console-errors-mobile-chrome/test-failed-1.png
    ────────────────────────────────────────────────────────────────────────────────────────────────

    attachment #2: video (video/webm) ──────────────────────────────────────────────────────────────
    test-results/admin-pages-sweep-Admin-pa-f9710-h1-h2-and-no-console-errors-mobile-chrome/video.webm
    ────────────────────────────────────────────────────────────────────────────────────────────────

    Error Context: test-results/admin-pages-sweep-Admin-pa-f9710-h1-h2-and-no-console-errors-mobile-chrome/error-context.md

    Retry #1 ───────────────────────────────────────────────────────────────────────────────────────

    Error: page.goto: net::ERR_CONNECTION_REFUSED at http://localhost:4000/en/admin/crm
    Call log:
      - navigating to "http://localhost:4000/en/admin/crm", waiting until "domcontentloaded"


      144 |       if (m.type() === "error") errors.push(m.text());
      145 |     });
    > 146 |     const r = await page.goto("/en/admin/crm", { waitUntil: "domcontentloaded" });
          |                          ^
      147 |     expect(r?.status()).toBeLessThan(500);
      148 |     await expect(page.locator("h1, h2, [role=\"alert\"]").first()).toBeVisible({ timeout: 30_000 });
      149 |   });
        at /home/tbaltzakis/cloudless.gr/e2e/admin-pages-sweep.spec.ts:146:26

    attachment #1: screenshot (image/png) ──────────────────────────────────────────────────────────
    test-results/admin-pages-sweep-Admin-pa-f9710-h1-h2-and-no-console-errors-mobile-chrome-retry1/test-failed-1.png
    ────────────────────────────────────────────────────────────────────────────────────────────────

    attachment #2: video (video/webm) ──────────────────────────────────────────────────────────────
    test-results/admin-pages-sweep-Admin-pa-f9710-h1-h2-and-no-console-errors-mobile-chrome-retry1/video.webm
    ────────────────────────────────────────────────────────────────────────────────────────────────

    Error Context: test-results/admin-pages-sweep-Admin-pa-f9710-h1-h2-and-no-console-errors-mobile-chrome-retry1/error-context.md

    attachment #4: trace (application/zip) ─────────────────────────────────────────────────────────
    test-results/admin-pages-sweep-Admin-pa-f9710-h1-h2-and-no-console-errors-mobile-chrome-retry1/trace.zip
    Usage:

        npx playwright show-trace test-results/admin-pages-sweep-Admin-pa-f9710-h1-h2-and-no-console-errors-mobile-chrome-retry1/trace.zip

    ────────────────────────────────────────────────────────────────────────────────────────────────

  832) [mobile-chrome] › e2e/admin-pages-sweep.spec.ts:150:7 › Admin page sweep (cookie-authenticated) › /en/admin/crm/companies loads with h1/h2 and no console errors 

    Error: page.goto: net::ERR_CONNECTION_REFUSED at http://localhost:4000/en/admin/crm/companies
    Call log:
      - navigating to "http://localhost:4000/en/admin/crm/companies", waiting until "domcontentloaded"


      154 |       if (m.type() === "error") errors.push(m.text());
      155 |     });
    > 156 |     const r = await page.goto("/en/admin/crm/companies", { waitUntil: "domcontentloaded" });
          |                          ^
      157 |     expect(r?.status()).toBeLessThan(500);
      158 |     await expect(page.locator("h1, h2, [role=\"alert\"]").first()).toBeVisible({ timeout: 30_000 });
      159 |   });
        at /home/tbaltzakis/cloudless.gr/e2e/admin-pages-sweep.spec.ts:156:26

    attachment #1: screenshot (image/png) ──────────────────────────────────────────────────────────
    test-results/admin-pages-sweep-Admin-pa-7f29c-h1-h2-and-no-console-errors-mobile-chrome/test-failed-1.png
    ────────────────────────────────────────────────────────────────────────────────────────────────

    attachment #2: video (video/webm) ──────────────────────────────────────────────────────────────
    test-results/admin-pages-sweep-Admin-pa-7f29c-h1-h2-and-no-console-errors-mobile-chrome/video.webm
    ────────────────────────────────────────────────────────────────────────────────────────────────

    Error Context: test-results/admin-pages-sweep-Admin-pa-7f29c-h1-h2-and-no-console-errors-mobile-chrome/error-context.md

    Retry #1 ───────────────────────────────────────────────────────────────────────────────────────

    Error: page.goto: net::ERR_CONNECTION_REFUSED at http://localhost:4000/en/admin/crm/companies
    Call log:
      - navigating to "http://localhost:4000/en/admin/crm/companies", waiting until "domcontentloaded"


      154 |       if (m.type() === "error") errors.push(m.text());
      155 |     });
    > 156 |     const r = await page.goto("/en/admin/crm/companies", { waitUntil: "domcontentloaded" });
          |                          ^
      157 |     expect(r?.status()).toBeLessThan(500);
      158 |     await expect(page.locator("h1, h2, [role=\"alert\"]").first()).toBeVisible({ timeout: 30_000 });
      159 |   });
        at /home/tbaltzakis/cloudless.gr/e2e/admin-pages-sweep.spec.ts:156:26

    attachment #1: screenshot (image/png) ──────────────────────────────────────────────────────────
    test-results/admin-pages-sweep-Admin-pa-7f29c-h1-h2-and-no-console-errors-mobile-chrome-retry1/test-failed-1.png
    ────────────────────────────────────────────────────────────────────────────────────────────────

    attachment #2: video (video/webm) ──────────────────────────────────────────────────────────────
    test-results/admin-pages-sweep-Admin-pa-7f29c-h1-h2-and-no-console-errors-mobile-chrome-retry1/video.webm
    ────────────────────────────────────────────────────────────────────────────────────────────────

    Error Context: test-results/admin-pages-sweep-Admin-pa-7f29c-h1-h2-and-no-console-errors-mobile-chrome-retry1/error-context.md

    attachment #4: trace (application/zip) ─────────────────────────────────────────────────────────
    test-results/admin-pages-sweep-Admin-pa-7f29c-h1-h2-and-no-console-errors-mobile-chrome-retry1/trace.zip
    Usage:

        npx playwright show-trace test-results/admin-pages-sweep-Admin-pa-7f29c-h1-h2-and-no-console-errors-mobile-chrome-retry1/trace.zip

    ────────────────────────────────────────────────────────────────────────────────────────────────

  833) [mobile-chrome] › e2e/admin-pages-sweep.spec.ts:160:7 › Admin page sweep (cookie-authenticated) › /en/admin/crm/tickets loads with h1/h2 and no console errors 

    Error: page.goto: net::ERR_CONNECTION_REFUSED at http://localhost:4000/en/admin/crm/tickets
    Call log:
      - navigating to "http://localhost:4000/en/admin/crm/tickets", waiting until "domcontentloaded"


      164 |       if (m.type() === "error") errors.push(m.text());
      165 |     });
    > 166 |     const r = await page.goto("/en/admin/crm/tickets", { waitUntil: "domcontentloaded" });
          |                          ^
      167 |     expect(r?.status()).toBeLessThan(500);
      168 |     await expect(page.locator("h1, h2, [role=\"alert\"]").first()).toBeVisible({ timeout: 30_000 });
      169 |   });
        at /home/tbaltzakis/cloudless.gr/e2e/admin-pages-sweep.spec.ts:166:26

    attachment #1: screenshot (image/png) ──────────────────────────────────────────────────────────
    test-results/admin-pages-sweep-Admin-pa-2b290-h1-h2-and-no-console-errors-mobile-chrome/test-failed-1.png
    ────────────────────────────────────────────────────────────────────────────────────────────────

    attachment #2: video (video/webm) ──────────────────────────────────────────────────────────────
    test-results/admin-pages-sweep-Admin-pa-2b290-h1-h2-and-no-console-errors-mobile-chrome/video.webm
    ────────────────────────────────────────────────────────────────────────────────────────────────

    Error Context: test-results/admin-pages-sweep-Admin-pa-2b290-h1-h2-and-no-console-errors-mobile-chrome/error-context.md

    Retry #1 ───────────────────────────────────────────────────────────────────────────────────────

    Error: page.goto: net::ERR_CONNECTION_REFUSED at http://localhost:4000/en/admin/crm/tickets
    Call log:
      - navigating to "http://localhost:4000/en/admin/crm/tickets", waiting until "domcontentloaded"


      164 |       if (m.type() === "error") errors.push(m.text());
      165 |     });
    > 166 |     const r = await page.goto("/en/admin/crm/tickets", { waitUntil: "domcontentloaded" });
          |                          ^
      167 |     expect(r?.status()).toBeLessThan(500);
      168 |     await expect(page.locator("h1, h2, [role=\"alert\"]").first()).toBeVisible({ timeout: 30_000 });
      169 |   });
        at /home/tbaltzakis/cloudless.gr/e2e/admin-pages-sweep.spec.ts:166:26

    attachment #1: screenshot (image/png) ──────────────────────────────────────────────────────────
    test-results/admin-pages-sweep-Admin-pa-2b290-h1-h2-and-no-console-errors-mobile-chrome-retry1/test-failed-1.png
    ────────────────────────────────────────────────────────────────────────────────────────────────

    attachment #2: video (video/webm) ──────────────────────────────────────────────────────────────
    test-results/admin-pages-sweep-Admin-pa-2b290-h1-h2-and-no-console-errors-mobile-chrome-retry1/video.webm
    ────────────────────────────────────────────────────────────────────────────────────────────────

    Error Context: test-results/admin-pages-sweep-Admin-pa-2b290-h1-h2-and-no-console-errors-mobile-chrome-retry1/error-context.md

    attachment #4: trace (application/zip) ─────────────────────────────────────────────────────────
    test-results/admin-pages-sweep-Admin-pa-2b290-h1-h2-and-no-console-errors-mobile-chrome-retry1/trace.zip
    Usage:

        npx playwright show-trace test-results/admin-pages-sweep-Admin-pa-2b290-h1-h2-and-no-console-errors-mobile-chrome-retry1/trace.zip

    ────────────────────────────────────────────────────────────────────────────────────────────────

  834) [mobile-chrome] › e2e/admin-pages-sweep.spec.ts:170:7 › Admin page sweep (cookie-authenticated) › /en/admin/docs loads with h1/h2 and no console errors 

    Error: page.goto: net::ERR_CONNECTION_REFUSED at http://localhost:4000/en/admin/docs
    Call log:
      - navigating to "http://localhost:4000/en/admin/docs", waiting until "domcontentloaded"


      174 |       if (m.type() === "error") errors.push(m.text());
      175 |     });
    > 176 |     const r = await page.goto("/en/admin/docs", { waitUntil: "domcontentloaded" });
          |                          ^
      177 |     expect(r?.status()).toBeLessThan(500);
      178 |     await expect(page.locator("h1, h2, [role=\"alert\"]").first()).toBeVisible({ timeout: 30_000 });
      179 |   });
        at /home/tbaltzakis/cloudless.gr/e2e/admin-pages-sweep.spec.ts:176:26

    attachment #1: screenshot (image/png) ──────────────────────────────────────────────────────────
    test-results/admin-pages-sweep-Admin-pa-ea582-h1-h2-and-no-console-errors-mobile-chrome/test-failed-1.png
    ────────────────────────────────────────────────────────────────────────────────────────────────

    attachment #2: video (video/webm) ──────────────────────────────────────────────────────────────
    test-results/admin-pages-sweep-Admin-pa-ea582-h1-h2-and-no-console-errors-mobile-chrome/video.webm
    ────────────────────────────────────────────────────────────────────────────────────────────────

    Error Context: test-results/admin-pages-sweep-Admin-pa-ea582-h1-h2-and-no-console-errors-mobile-chrome/error-context.md

    Retry #1 ───────────────────────────────────────────────────────────────────────────────────────

    Error: page.goto: net::ERR_CONNECTION_REFUSED at http://localhost:4000/en/admin/docs
    Call log:
      - navigating to "http://localhost:4000/en/admin/docs", waiting until "domcontentloaded"


      174 |       if (m.type() === "error") errors.push(m.text());
      175 |     });
    > 176 |     const r = await page.goto("/en/admin/docs", { waitUntil: "domcontentloaded" });
          |                          ^
      177 |     expect(r?.status()).toBeLessThan(500);
      178 |     await expect(page.locator("h1, h2, [role=\"alert\"]").first()).toBeVisible({ timeout: 30_000 });
      179 |   });
        at /home/tbaltzakis/cloudless.gr/e2e/admin-pages-sweep.spec.ts:176:26

    attachment #1: screenshot (image/png) ──────────────────────────────────────────────────────────
    test-results/admin-pages-sweep-Admin-pa-ea582-h1-h2-and-no-console-errors-mobile-chrome-retry1/test-failed-1.png
    ────────────────────────────────────────────────────────────────────────────────────────────────

    attachment #2: video (video/webm) ──────────────────────────────────────────────────────────────
    test-results/admin-pages-sweep-Admin-pa-ea582-h1-h2-and-no-console-errors-mobile-chrome-retry1/video.webm
    ────────────────────────────────────────────────────────────────────────────────────────────────

    Error Context: test-results/admin-pages-sweep-Admin-pa-ea582-h1-h2-and-no-console-errors-mobile-chrome-retry1/error-context.md

    attachment #4: trace (application/zip) ─────────────────────────────────────────────────────────
    test-results/admin-pages-sweep-Admin-pa-ea582-h1-h2-and-no-console-errors-mobile-chrome-retry1/trace.zip
    Usage:

        npx playwright show-trace test-results/admin-pages-sweep-Admin-pa-ea582-h1-h2-and-no-console-errors-mobile-chrome-retry1/trace.zip

    ────────────────────────────────────────────────────────────────────────────────────────────────

  835) [mobile-chrome] › e2e/admin-pages-sweep.spec.ts:180:7 › Admin page sweep (cookie-authenticated) › /en/admin/email loads with h1/h2 and no console errors 

    Error: page.goto: net::ERR_CONNECTION_REFUSED at http://localhost:4000/en/admin/email
    Call log:
      - navigating to "http://localhost:4000/en/admin/email", waiting until "domcontentloaded"


      184 |       if (m.type() === "error") errors.push(m.text());
      185 |     });
    > 186 |     const r = await page.goto("/en/admin/email", { waitUntil: "domcontentloaded" });
          |                          ^
      187 |     expect(r?.status()).toBeLessThan(500);
      188 |     await expect(page.locator("h1, h2, [role=\"alert\"]").first()).toBeVisible({ timeout: 30_000 });
      189 |   });
        at /home/tbaltzakis/cloudless.gr/e2e/admin-pages-sweep.spec.ts:186:26

    attachment #1: screenshot (image/png) ──────────────────────────────────────────────────────────
    test-results/admin-pages-sweep-Admin-pa-fd5b8-h1-h2-and-no-console-errors-mobile-chrome/test-failed-1.png
    ────────────────────────────────────────────────────────────────────────────────────────────────

    attachment #2: video (video/webm) ──────────────────────────────────────────────────────────────
    test-results/admin-pages-sweep-Admin-pa-fd5b8-h1-h2-and-no-console-errors-mobile-chrome/video.webm
    ────────────────────────────────────────────────────────────────────────────────────────────────

    Error Context: test-results/admin-pages-sweep-Admin-pa-fd5b8-h1-h2-and-no-console-errors-mobile-chrome/error-context.md

    Retry #1 ───────────────────────────────────────────────────────────────────────────────────────

    Error: page.goto: net::ERR_CONNECTION_REFUSED at http://localhost:4000/en/admin/email
    Call log:
      - navigating to "http://localhost:4000/en/admin/email", waiting until "domcontentloaded"


      184 |       if (m.type() === "error") errors.push(m.text());
      185 |     });
    > 186 |     const r = await page.goto("/en/admin/email", { waitUntil: "domcontentloaded" });
          |                          ^
      187 |     expect(r?.status()).toBeLessThan(500);
      188 |     await expect(page.locator("h1, h2, [role=\"alert\"]").first()).toBeVisible({ timeout: 30_000 });
      189 |   });
        at /home/tbaltzakis/cloudless.gr/e2e/admin-pages-sweep.spec.ts:186:26

    attachment #1: screenshot (image/png) ──────────────────────────────────────────────────────────
    test-results/admin-pages-sweep-Admin-pa-fd5b8-h1-h2-and-no-console-errors-mobile-chrome-retry1/test-failed-1.png
    ────────────────────────────────────────────────────────────────────────────────────────────────

    attachment #2: video (video/webm) ──────────────────────────────────────────────────────────────
    test-results/admin-pages-sweep-Admin-pa-fd5b8-h1-h2-and-no-console-errors-mobile-chrome-retry1/video.webm
    ────────────────────────────────────────────────────────────────────────────────────────────────

    Error Context: test-results/admin-pages-sweep-Admin-pa-fd5b8-h1-h2-and-no-console-errors-mobile-chrome-retry1/error-context.md

    attachment #4: trace (application/zip) ─────────────────────────────────────────────────────────
    test-results/admin-pages-sweep-Admin-pa-fd5b8-h1-h2-and-no-console-errors-mobile-chrome-retry1/trace.zip
    Usage:

        npx playwright show-trace test-results/admin-pages-sweep-Admin-pa-fd5b8-h1-h2-and-no-console-errors-mobile-chrome-retry1/trace.zip

    ────────────────────────────────────────────────────────────────────────────────────────────────

  836) [mobile-chrome] › e2e/admin-pages-sweep.spec.ts:190:7 › Admin page sweep (cookie-authenticated) › /en/admin/errors loads with h1/h2 and no console errors 

    Error: page.goto: net::ERR_CONNECTION_REFUSED at http://localhost:4000/en/admin/errors
    Call log:
      - navigating to "http://localhost:4000/en/admin/errors", waiting until "domcontentloaded"


      194 |       if (m.type() === "error") errors.push(m.text());
      195 |     });
    > 196 |     const r = await page.goto("/en/admin/errors", { waitUntil: "domcontentloaded" });
          |                          ^
      197 |     expect(r?.status()).toBeLessThan(500);
      198 |     await expect(page.locator("h1, h2, [role=\"alert\"]").first()).toBeVisible({ timeout: 30_000 });
      199 |   });
        at /home/tbaltzakis/cloudless.gr/e2e/admin-pages-sweep.spec.ts:196:26

    attachment #1: screenshot (image/png) ──────────────────────────────────────────────────────────
    test-results/admin-pages-sweep-Admin-pa-1c79c-h1-h2-and-no-console-errors-mobile-chrome/test-failed-1.png
    ────────────────────────────────────────────────────────────────────────────────────────────────

    attachment #2: video (video/webm) ──────────────────────────────────────────────────────────────
    test-results/admin-pages-sweep-Admin-pa-1c79c-h1-h2-and-no-console-errors-mobile-chrome/video.webm
    ────────────────────────────────────────────────────────────────────────────────────────────────

    Error Context: test-results/admin-pages-sweep-Admin-pa-1c79c-h1-h2-and-no-console-errors-mobile-chrome/error-context.md

    Retry #1 ───────────────────────────────────────────────────────────────────────────────────────

    Error: page.goto: net::ERR_CONNECTION_REFUSED at http://localhost:4000/en/admin/errors
    Call log:
      - navigating to "http://localhost:4000/en/admin/errors", waiting until "domcontentloaded"


      194 |       if (m.type() === "error") errors.push(m.text());
      195 |     });
    > 196 |     const r = await page.goto("/en/admin/errors", { waitUntil: "domcontentloaded" });
          |                          ^
      197 |     expect(r?.status()).toBeLessThan(500);
      198 |     await expect(page.locator("h1, h2, [role=\"alert\"]").first()).toBeVisible({ timeout: 30_000 });
      199 |   });
        at /home/tbaltzakis/cloudless.gr/e2e/admin-pages-sweep.spec.ts:196:26

    attachment #1: screenshot (image/png) ──────────────────────────────────────────────────────────
    test-results/admin-pages-sweep-Admin-pa-1c79c-h1-h2-and-no-console-errors-mobile-chrome-retry1/test-failed-1.png
    ────────────────────────────────────────────────────────────────────────────────────────────────

    attachment #2: video (video/webm) ──────────────────────────────────────────────────────────────
    test-results/admin-pages-sweep-Admin-pa-1c79c-h1-h2-and-no-console-errors-mobile-chrome-retry1/video.webm
    ────────────────────────────────────────────────────────────────────────────────────────────────

    Error Context: test-results/admin-pages-sweep-Admin-pa-1c79c-h1-h2-and-no-console-errors-mobile-chrome-retry1/error-context.md

    attachment #4: trace (application/zip) ─────────────────────────────────────────────────────────
    test-results/admin-pages-sweep-Admin-pa-1c79c-h1-h2-and-no-console-errors-mobile-chrome-retry1/trace.zip
    Usage:

        npx playwright show-trace test-results/admin-pages-sweep-Admin-pa-1c79c-h1-h2-and-no-console-errors-mobile-chrome-retry1/trace.zip

    ────────────────────────────────────────────────────────────────────────────────────────────────

  837) [mobile-chrome] › e2e/admin-pages-sweep.spec.ts:200:7 › Admin page sweep (cookie-authenticated) › /en/admin/esp32 loads with h1/h2 and no console errors 

    Error: page.goto: net::ERR_CONNECTION_REFUSED at http://localhost:4000/en/admin/esp32
    Call log:
      - navigating to "http://localhost:4000/en/admin/esp32", waiting until "domcontentloaded"


      204 |       if (m.type() === "error") errors.push(m.text());
      205 |     });
    > 206 |     const r = await page.goto("/en/admin/esp32", { waitUntil: "domcontentloaded" });
          |                          ^
      207 |     expect(r?.status()).toBeLessThan(500);
      208 |     await expect(page.locator("h1, h2, [role=\"alert\"]").first()).toBeVisible({ timeout: 30_000 });
      209 |   });
        at /home/tbaltzakis/cloudless.gr/e2e/admin-pages-sweep.spec.ts:206:26

    attachment #1: screenshot (image/png) ──────────────────────────────────────────────────────────
    test-results/admin-pages-sweep-Admin-pa-5e3ea-h1-h2-and-no-console-errors-mobile-chrome/test-failed-1.png
    ────────────────────────────────────────────────────────────────────────────────────────────────

    attachment #2: video (video/webm) ──────────────────────────────────────────────────────────────
    test-results/admin-pages-sweep-Admin-pa-5e3ea-h1-h2-and-no-console-errors-mobile-chrome/video.webm
    ────────────────────────────────────────────────────────────────────────────────────────────────

    Error Context: test-results/admin-pages-sweep-Admin-pa-5e3ea-h1-h2-and-no-console-errors-mobile-chrome/error-context.md

    Retry #1 ───────────────────────────────────────────────────────────────────────────────────────

    Error: page.goto: net::ERR_CONNECTION_REFUSED at http://localhost:4000/en/admin/esp32
    Call log:
      - navigating to "http://localhost:4000/en/admin/esp32", waiting until "domcontentloaded"


      204 |       if (m.type() === "error") errors.push(m.text());
      205 |     });
    > 206 |     const r = await page.goto("/en/admin/esp32", { waitUntil: "domcontentloaded" });
          |                          ^
      207 |     expect(r?.status()).toBeLessThan(500);
      208 |     await expect(page.locator("h1, h2, [role=\"alert\"]").first()).toBeVisible({ timeout: 30_000 });
      209 |   });
        at /home/tbaltzakis/cloudless.gr/e2e/admin-pages-sweep.spec.ts:206:26

    attachment #1: screenshot (image/png) ──────────────────────────────────────────────────────────
    test-results/admin-pages-sweep-Admin-pa-5e3ea-h1-h2-and-no-console-errors-mobile-chrome-retry1/test-failed-1.png
    ────────────────────────────────────────────────────────────────────────────────────────────────

    attachment #2: video (video/webm) ──────────────────────────────────────────────────────────────
    test-results/admin-pages-sweep-Admin-pa-5e3ea-h1-h2-and-no-console-errors-mobile-chrome-retry1/video.webm
    ────────────────────────────────────────────────────────────────────────────────────────────────

    Error Context: test-results/admin-pages-sweep-Admin-pa-5e3ea-h1-h2-and-no-console-errors-mobile-chrome-retry1/error-context.md

    attachment #4: trace (application/zip) ─────────────────────────────────────────────────────────
    test-results/admin-pages-sweep-Admin-pa-5e3ea-h1-h2-and-no-console-errors-mobile-chrome-retry1/trace.zip
    Usage:

        npx playwright show-trace test-results/admin-pages-sweep-Admin-pa-5e3ea-h1-h2-and-no-console-errors-mobile-chrome-retry1/trace.zip

    ────────────────────────────────────────────────────────────────────────────────────────────────

  838) [mobile-chrome] › e2e/admin-pages-sweep.spec.ts:210:7 › Admin page sweep (cookie-authenticated) › /en/admin/esp32-manager loads with h1/h2 and no console errors 

    Error: page.goto: net::ERR_CONNECTION_REFUSED at http://localhost:4000/en/admin/esp32-manager
    Call log:
      - navigating to "http://localhost:4000/en/admin/esp32-manager", waiting until "domcontentloaded"


      214 |       if (m.type() === "error") errors.push(m.text());
      215 |     });
    > 216 |     const r = await page.goto("/en/admin/esp32-manager", { waitUntil: "domcontentloaded" });
          |                          ^
      217 |     expect(r?.status()).toBeLessThan(500);
      218 |     await expect(page.locator("h1, h2, [role=\"alert\"]").first()).toBeVisible({ timeout: 30_000 });
      219 |   });
        at /home/tbaltzakis/cloudless.gr/e2e/admin-pages-sweep.spec.ts:216:26

    attachment #1: screenshot (image/png) ──────────────────────────────────────────────────────────
    test-results/admin-pages-sweep-Admin-pa-e4805-h1-h2-and-no-console-errors-mobile-chrome/test-failed-1.png
    ────────────────────────────────────────────────────────────────────────────────────────────────

    attachment #2: video (video/webm) ──────────────────────────────────────────────────────────────
    test-results/admin-pages-sweep-Admin-pa-e4805-h1-h2-and-no-console-errors-mobile-chrome/video.webm
    ────────────────────────────────────────────────────────────────────────────────────────────────

    Error Context: test-results/admin-pages-sweep-Admin-pa-e4805-h1-h2-and-no-console-errors-mobile-chrome/error-context.md

    Retry #1 ───────────────────────────────────────────────────────────────────────────────────────

    Error: page.goto: net::ERR_CONNECTION_REFUSED at http://localhost:4000/en/admin/esp32-manager
    Call log:
      - navigating to "http://localhost:4000/en/admin/esp32-manager", waiting until "domcontentloaded"


      214 |       if (m.type() === "error") errors.push(m.text());
      215 |     });
    > 216 |     const r = await page.goto("/en/admin/esp32-manager", { waitUntil: "domcontentloaded" });
          |                          ^
      217 |     expect(r?.status()).toBeLessThan(500);
      218 |     await expect(page.locator("h1, h2, [role=\"alert\"]").first()).toBeVisible({ timeout: 30_000 });
      219 |   });
        at /home/tbaltzakis/cloudless.gr/e2e/admin-pages-sweep.spec.ts:216:26

    attachment #1: screenshot (image/png) ──────────────────────────────────────────────────────────
    test-results/admin-pages-sweep-Admin-pa-e4805-h1-h2-and-no-console-errors-mobile-chrome-retry1/test-failed-1.png
    ────────────────────────────────────────────────────────────────────────────────────────────────

    attachment #2: video (video/webm) ──────────────────────────────────────────────────────────────
    test-results/admin-pages-sweep-Admin-pa-e4805-h1-h2-and-no-console-errors-mobile-chrome-retry1/video.webm
    ────────────────────────────────────────────────────────────────────────────────────────────────

    Error Context: test-results/admin-pages-sweep-Admin-pa-e4805-h1-h2-and-no-console-errors-mobile-chrome-retry1/error-context.md

    attachment #4: trace (application/zip) ─────────────────────────────────────────────────────────
    test-results/admin-pages-sweep-Admin-pa-e4805-h1-h2-and-no-console-errors-mobile-chrome-retry1/trace.zip
    Usage:

        npx playwright show-trace test-results/admin-pages-sweep-Admin-pa-e4805-h1-h2-and-no-console-errors-mobile-chrome-retry1/trace.zip

    ────────────────────────────────────────────────────────────────────────────────────────────────

  839) [mobile-chrome] › e2e/admin-pages-sweep.spec.ts:220:7 › Admin page sweep (cookie-authenticated) › /en/admin/hubspot loads with h1/h2 and no console errors 

    Error: page.goto: net::ERR_CONNECTION_REFUSED at http://localhost:4000/en/admin/hubspot
    Call log:
      - navigating to "http://localhost:4000/en/admin/hubspot", waiting until "domcontentloaded"


      224 |       if (m.type() === "error") errors.push(m.text());
      225 |     });
    > 226 |     const r = await page.goto("/en/admin/hubspot", { waitUntil: "domcontentloaded" });
          |                          ^
      227 |     expect(r?.status()).toBeLessThan(500);
      228 |     await expect(page.locator("h1, h2, [role=\"alert\"]").first()).toBeVisible({ timeout: 30_000 });
      229 |   });
        at /home/tbaltzakis/cloudless.gr/e2e/admin-pages-sweep.spec.ts:226:26

    attachment #1: screenshot (image/png) ──────────────────────────────────────────────────────────
    test-results/admin-pages-sweep-Admin-pa-12d0c-h1-h2-and-no-console-errors-mobile-chrome/test-failed-1.png
    ────────────────────────────────────────────────────────────────────────────────────────────────

    attachment #2: video (video/webm) ──────────────────────────────────────────────────────────────
    test-results/admin-pages-sweep-Admin-pa-12d0c-h1-h2-and-no-console-errors-mobile-chrome/video.webm
    ────────────────────────────────────────────────────────────────────────────────────────────────

    Error Context: test-results/admin-pages-sweep-Admin-pa-12d0c-h1-h2-and-no-console-errors-mobile-chrome/error-context.md

    Retry #1 ───────────────────────────────────────────────────────────────────────────────────────

    Error: page.goto: net::ERR_CONNECTION_REFUSED at http://localhost:4000/en/admin/hubspot
    Call log:
      - navigating to "http://localhost:4000/en/admin/hubspot", waiting until "domcontentloaded"


      224 |       if (m.type() === "error") errors.push(m.text());
      225 |     });
    > 226 |     const r = await page.goto("/en/admin/hubspot", { waitUntil: "domcontentloaded" });
          |                          ^
      227 |     expect(r?.status()).toBeLessThan(500);
      228 |     await expect(page.locator("h1, h2, [role=\"alert\"]").first()).toBeVisible({ timeout: 30_000 });
      229 |   });
        at /home/tbaltzakis/cloudless.gr/e2e/admin-pages-sweep.spec.ts:226:26

    attachment #1: screenshot (image/png) ──────────────────────────────────────────────────────────
    test-results/admin-pages-sweep-Admin-pa-12d0c-h1-h2-and-no-console-errors-mobile-chrome-retry1/test-failed-1.png
    ────────────────────────────────────────────────────────────────────────────────────────────────

    attachment #2: video (video/webm) ──────────────────────────────────────────────────────────────
    test-results/admin-pages-sweep-Admin-pa-12d0c-h1-h2-and-no-console-errors-mobile-chrome-retry1/video.webm
    ────────────────────────────────────────────────────────────────────────────────────────────────

    Error Context: test-results/admin-pages-sweep-Admin-pa-12d0c-h1-h2-and-no-console-errors-mobile-chrome-retry1/error-context.md

    attachment #4: trace (application/zip) ─────────────────────────────────────────────────────────
    test-results/admin-pages-sweep-Admin-pa-12d0c-h1-h2-and-no-console-errors-mobile-chrome-retry1/trace.zip
    Usage:

        npx playwright show-trace test-results/admin-pages-sweep-Admin-pa-12d0c-h1-h2-and-no-console-errors-mobile-chrome-retry1/trace.zip

    ────────────────────────────────────────────────────────────────────────────────────────────────

  840) [mobile-chrome] › e2e/admin-pages-sweep.spec.ts:230:7 › Admin page sweep (cookie-authenticated) › /en/admin/integrations loads with h1/h2 and no console errors 

    Error: page.goto: net::ERR_CONNECTION_REFUSED at http://localhost:4000/en/admin/integrations
    Call log:
      - navigating to "http://localhost:4000/en/admin/integrations", waiting until "domcontentloaded"


      234 |       if (m.type() === "error") errors.push(m.text());
      235 |     });
    > 236 |     const r = await page.goto("/en/admin/integrations", { waitUntil: "domcontentloaded" });
          |                          ^
      237 |     expect(r?.status()).toBeLessThan(500);
      238 |     await expect(page.locator("h1, h2, [role=\"alert\"]").first()).toBeVisible({ timeout: 30_000 });
      239 |   });
        at /home/tbaltzakis/cloudless.gr/e2e/admin-pages-sweep.spec.ts:236:26

    attachment #1: screenshot (image/png) ──────────────────────────────────────────────────────────
    test-results/admin-pages-sweep-Admin-pa-a9358-h1-h2-and-no-console-errors-mobile-chrome/test-failed-1.png
    ────────────────────────────────────────────────────────────────────────────────────────────────

    attachment #2: video (video/webm) ──────────────────────────────────────────────────────────────
    test-results/admin-pages-sweep-Admin-pa-a9358-h1-h2-and-no-console-errors-mobile-chrome/video.webm
    ────────────────────────────────────────────────────────────────────────────────────────────────

    Error Context: test-results/admin-pages-sweep-Admin-pa-a9358-h1-h2-and-no-console-errors-mobile-chrome/error-context.md

    Retry #1 ───────────────────────────────────────────────────────────────────────────────────────

    Error: page.goto: net::ERR_CONNECTION_REFUSED at http://localhost:4000/en/admin/integrations
    Call log:
      - navigating to "http://localhost:4000/en/admin/integrations", waiting until "domcontentloaded"


      234 |       if (m.type() === "error") errors.push(m.text());
      235 |     });
    > 236 |     const r = await page.goto("/en/admin/integrations", { waitUntil: "domcontentloaded" });
          |                          ^
      237 |     expect(r?.status()).toBeLessThan(500);
      238 |     await expect(page.locator("h1, h2, [role=\"alert\"]").first()).toBeVisible({ timeout: 30_000 });
      239 |   });
        at /home/tbaltzakis/cloudless.gr/e2e/admin-pages-sweep.spec.ts:236:26

    attachment #1: screenshot (image/png) ──────────────────────────────────────────────────────────
    test-results/admin-pages-sweep-Admin-pa-a9358-h1-h2-and-no-console-errors-mobile-chrome-retry1/test-failed-1.png
    ────────────────────────────────────────────────────────────────────────────────────────────────

    attachment #2: video (video/webm) ──────────────────────────────────────────────────────────────
    test-results/admin-pages-sweep-Admin-pa-a9358-h1-h2-and-no-console-errors-mobile-chrome-retry1/video.webm
    ────────────────────────────────────────────────────────────────────────────────────────────────

    Error Context: test-results/admin-pages-sweep-Admin-pa-a9358-h1-h2-and-no-console-errors-mobile-chrome-retry1/error-context.md

    attachment #4: trace (application/zip) ─────────────────────────────────────────────────────────
    test-results/admin-pages-sweep-Admin-pa-a9358-h1-h2-and-no-console-errors-mobile-chrome-retry1/trace.zip
    Usage:

        npx playwright show-trace test-results/admin-pages-sweep-Admin-pa-a9358-h1-h2-and-no-console-errors-mobile-chrome-retry1/trace.zip

    ────────────────────────────────────────────────────────────────────────────────────────────────

  841) [mobile-chrome] › e2e/admin-pages-sweep.spec.ts:240:7 › Admin page sweep (cookie-authenticated) › /en/admin/kpi loads with h1/h2 and no console errors 

    Error: page.goto: net::ERR_CONNECTION_REFUSED at http://localhost:4000/en/admin/kpi
    Call log:
      - navigating to "http://localhost:4000/en/admin/kpi", waiting until "domcontentloaded"


      244 |       if (m.type() === "error") errors.push(m.text());
      245 |     });
    > 246 |     const r = await page.goto("/en/admin/kpi", { waitUntil: "domcontentloaded" });
          |                          ^
      247 |     expect(r?.status()).toBeLessThan(500);
      248 |     await expect(page.locator("h1, h2, [role=\"alert\"]").first()).toBeVisible({ timeout: 30_000 });
      249 |   });
        at /home/tbaltzakis/cloudless.gr/e2e/admin-pages-sweep.spec.ts:246:26

    attachment #1: screenshot (image/png) ──────────────────────────────────────────────────────────
    test-results/admin-pages-sweep-Admin-pa-b96f8-h1-h2-and-no-console-errors-mobile-chrome/test-failed-1.png
    ────────────────────────────────────────────────────────────────────────────────────────────────

    attachment #2: video (video/webm) ──────────────────────────────────────────────────────────────
    test-results/admin-pages-sweep-Admin-pa-b96f8-h1-h2-and-no-console-errors-mobile-chrome/video.webm
    ────────────────────────────────────────────────────────────────────────────────────────────────

    Error Context: test-results/admin-pages-sweep-Admin-pa-b96f8-h1-h2-and-no-console-errors-mobile-chrome/error-context.md

    Retry #1 ───────────────────────────────────────────────────────────────────────────────────────

    Error: page.goto: net::ERR_CONNECTION_REFUSED at http://localhost:4000/en/admin/kpi
    Call log:
      - navigating to "http://localhost:4000/en/admin/kpi", waiting until "domcontentloaded"


      244 |       if (m.type() === "error") errors.push(m.text());
      245 |     });
    > 246 |     const r = await page.goto("/en/admin/kpi", { waitUntil: "domcontentloaded" });
          |                          ^
      247 |     expect(r?.status()).toBeLessThan(500);
      248 |     await expect(page.locator("h1, h2, [role=\"alert\"]").first()).toBeVisible({ timeout: 30_000 });
      249 |   });
        at /home/tbaltzakis/cloudless.gr/e2e/admin-pages-sweep.spec.ts:246:26

    attachment #1: screenshot (image/png) ──────────────────────────────────────────────────────────
    test-results/admin-pages-sweep-Admin-pa-b96f8-h1-h2-and-no-console-errors-mobile-chrome-retry1/test-failed-1.png
    ────────────────────────────────────────────────────────────────────────────────────────────────

    attachment #2: video (video/webm) ──────────────────────────────────────────────────────────────
    test-results/admin-pages-sweep-Admin-pa-b96f8-h1-h2-and-no-console-errors-mobile-chrome-retry1/video.webm
    ────────────────────────────────────────────────────────────────────────────────────────────────

    Error Context: test-results/admin-pages-sweep-Admin-pa-b96f8-h1-h2-and-no-console-errors-mobile-chrome-retry1/error-context.md

    attachment #4: trace (application/zip) ─────────────────────────────────────────────────────────
    test-results/admin-pages-sweep-Admin-pa-b96f8-h1-h2-and-no-console-errors-mobile-chrome-retry1/trace.zip
    Usage:

        npx playwright show-trace test-results/admin-pages-sweep-Admin-pa-b96f8-h1-h2-and-no-console-errors-mobile-chrome-retry1/trace.zip

    ────────────────────────────────────────────────────────────────────────────────────────────────

  842) [mobile-chrome] › e2e/admin-pages-sweep.spec.ts:250:7 › Admin page sweep (cookie-authenticated) › /en/admin/monitor loads with h1/h2 and no console errors 

    Error: page.goto: net::ERR_CONNECTION_REFUSED at http://localhost:4000/en/admin/monitor
    Call log:
      - navigating to "http://localhost:4000/en/admin/monitor", waiting until "domcontentloaded"


      254 |       if (m.type() === "error") errors.push(m.text());
      255 |     });
    > 256 |     const r = await page.goto("/en/admin/monitor", { waitUntil: "domcontentloaded" });
          |                          ^
      257 |     expect(r?.status()).toBeLessThan(500);
      258 |     await expect(page.locator("h1, h2, [role=\"alert\"]").first()).toBeVisible({ timeout: 30_000 });
      259 |   });
        at /home/tbaltzakis/cloudless.gr/e2e/admin-pages-sweep.spec.ts:256:26

    attachment #1: screenshot (image/png) ──────────────────────────────────────────────────────────
    test-results/admin-pages-sweep-Admin-pa-5e977-h1-h2-and-no-console-errors-mobile-chrome/test-failed-1.png
    ────────────────────────────────────────────────────────────────────────────────────────────────

    attachment #2: video (video/webm) ──────────────────────────────────────────────────────────────
    test-results/admin-pages-sweep-Admin-pa-5e977-h1-h2-and-no-console-errors-mobile-chrome/video.webm
    ────────────────────────────────────────────────────────────────────────────────────────────────

    Error Context: test-results/admin-pages-sweep-Admin-pa-5e977-h1-h2-and-no-console-errors-mobile-chrome/error-context.md

    Retry #1 ───────────────────────────────────────────────────────────────────────────────────────

    Error: page.goto: net::ERR_CONNECTION_REFUSED at http://localhost:4000/en/admin/monitor
    Call log:
      - navigating to "http://localhost:4000/en/admin/monitor", waiting until "domcontentloaded"


      254 |       if (m.type() === "error") errors.push(m.text());
      255 |     });
    > 256 |     const r = await page.goto("/en/admin/monitor", { waitUntil: "domcontentloaded" });
          |                          ^
      257 |     expect(r?.status()).toBeLessThan(500);
      258 |     await expect(page.locator("h1, h2, [role=\"alert\"]").first()).toBeVisible({ timeout: 30_000 });
      259 |   });
        at /home/tbaltzakis/cloudless.gr/e2e/admin-pages-sweep.spec.ts:256:26

    attachment #1: screenshot (image/png) ──────────────────────────────────────────────────────────
    test-results/admin-pages-sweep-Admin-pa-5e977-h1-h2-and-no-console-errors-mobile-chrome-retry1/test-failed-1.png
    ────────────────────────────────────────────────────────────────────────────────────────────────

    attachment #2: video (video/webm) ──────────────────────────────────────────────────────────────
    test-results/admin-pages-sweep-Admin-pa-5e977-h1-h2-and-no-console-errors-mobile-chrome-retry1/video.webm
    ────────────────────────────────────────────────────────────────────────────────────────────────

    Error Context: test-results/admin-pages-sweep-Admin-pa-5e977-h1-h2-and-no-console-errors-mobile-chrome-retry1/error-context.md

    attachment #4: trace (application/zip) ─────────────────────────────────────────────────────────
    test-results/admin-pages-sweep-Admin-pa-5e977-h1-h2-and-no-console-errors-mobile-chrome-retry1/trace.zip
    Usage:

        npx playwright show-trace test-results/admin-pages-sweep-Admin-pa-5e977-h1-h2-and-no-console-errors-mobile-chrome-retry1/trace.zip

    ────────────────────────────────────────────────────────────────────────────────────────────────

  843) [mobile-chrome] › e2e/admin-pages-sweep.spec.ts:260:7 › Admin page sweep (cookie-authenticated) › /en/admin/notifications loads with h1/h2 and no console errors 

    Error: page.goto: net::ERR_CONNECTION_REFUSED at http://localhost:4000/en/admin/notifications
    Call log:
      - navigating to "http://localhost:4000/en/admin/notifications", waiting until "domcontentloaded"


      264 |       if (m.type() === "error") errors.push(m.text());
      265 |     });
    > 266 |     const r = await page.goto("/en/admin/notifications", { waitUntil: "domcontentloaded" });
          |                          ^
      267 |     expect(r?.status()).toBeLessThan(500);
      268 |     await expect(page.locator("h1, h2, [role=\"alert\"]").first()).toBeVisible({ timeout: 30_000 });
      269 |   });
        at /home/tbaltzakis/cloudless.gr/e2e/admin-pages-sweep.spec.ts:266:26

    attachment #1: screenshot (image/png) ──────────────────────────────────────────────────────────
    test-results/admin-pages-sweep-Admin-pa-91da5-h1-h2-and-no-console-errors-mobile-chrome/test-failed-1.png
    ────────────────────────────────────────────────────────────────────────────────────────────────

    attachment #2: video (video/webm) ──────────────────────────────────────────────────────────────
    test-results/admin-pages-sweep-Admin-pa-91da5-h1-h2-and-no-console-errors-mobile-chrome/video.webm
    ────────────────────────────────────────────────────────────────────────────────────────────────

    Error Context: test-results/admin-pages-sweep-Admin-pa-91da5-h1-h2-and-no-console-errors-mobile-chrome/error-context.md

    Retry #1 ───────────────────────────────────────────────────────────────────────────────────────

    Error: page.goto: net::ERR_CONNECTION_REFUSED at http://localhost:4000/en/admin/notifications
    Call log:
      - navigating to "http://localhost:4000/en/admin/notifications", waiting until "domcontentloaded"


      264 |       if (m.type() === "error") errors.push(m.text());
      265 |     });
    > 266 |     const r = await page.goto("/en/admin/notifications", { waitUntil: "domcontentloaded" });
          |                          ^
      267 |     expect(r?.status()).toBeLessThan(500);
      268 |     await expect(page.locator("h1, h2, [role=\"alert\"]").first()).toBeVisible({ timeout: 30_000 });
      269 |   });
        at /home/tbaltzakis/cloudless.gr/e2e/admin-pages-sweep.spec.ts:266:26

    attachment #1: screenshot (image/png) ──────────────────────────────────────────────────────────
    test-results/admin-pages-sweep-Admin-pa-91da5-h1-h2-and-no-console-errors-mobile-chrome-retry1/test-failed-1.png
    ────────────────────────────────────────────────────────────────────────────────────────────────

    attachment #2: video (video/webm) ──────────────────────────────────────────────────────────────
    test-results/admin-pages-sweep-Admin-pa-91da5-h1-h2-and-no-console-errors-mobile-chrome-retry1/video.webm
    ────────────────────────────────────────────────────────────────────────────────────────────────

    Error Context: test-results/admin-pages-sweep-Admin-pa-91da5-h1-h2-and-no-console-errors-mobile-chrome-retry1/error-context.md

    attachment #4: trace (application/zip) ─────────────────────────────────────────────────────────
    test-results/admin-pages-sweep-Admin-pa-91da5-h1-h2-and-no-console-errors-mobile-chrome-retry1/trace.zip
    Usage:

        npx playwright show-trace test-results/admin-pages-sweep-Admin-pa-91da5-h1-h2-and-no-console-errors-mobile-chrome-retry1/trace.zip

    ────────────────────────────────────────────────────────────────────────────────────────────────

  844) [mobile-chrome] › e2e/admin-pages-sweep.spec.ts:270:7 › Admin page sweep (cookie-authenticated) › /en/admin/notion loads with h1/h2 and no console errors 

    Error: page.goto: net::ERR_CONNECTION_REFUSED at http://localhost:4000/en/admin/notion
    Call log:
      - navigating to "http://localhost:4000/en/admin/notion", waiting until "domcontentloaded"


      274 |       if (m.type() === "error") errors.push(m.text());
      275 |     });
    > 276 |     const r = await page.goto("/en/admin/notion", { waitUntil: "domcontentloaded" });
          |                          ^
      277 |     expect(r?.status()).toBeLessThan(500);
      278 |     await expect(page.locator("h1, h2, [role=\"alert\"]").first()).toBeVisible({ timeout: 30_000 });
      279 |   });
        at /home/tbaltzakis/cloudless.gr/e2e/admin-pages-sweep.spec.ts:276:26

    attachment #1: screenshot (image/png) ──────────────────────────────────────────────────────────
    test-results/admin-pages-sweep-Admin-pa-f7551-h1-h2-and-no-console-errors-mobile-chrome/test-failed-1.png
    ────────────────────────────────────────────────────────────────────────────────────────────────

    attachment #2: video (video/webm) ──────────────────────────────────────────────────────────────
    test-results/admin-pages-sweep-Admin-pa-f7551-h1-h2-and-no-console-errors-mobile-chrome/video.webm
    ────────────────────────────────────────────────────────────────────────────────────────────────

    Error Context: test-results/admin-pages-sweep-Admin-pa-f7551-h1-h2-and-no-console-errors-mobile-chrome/error-context.md

    Retry #1 ───────────────────────────────────────────────────────────────────────────────────────

    Error: page.goto: net::ERR_CONNECTION_REFUSED at http://localhost:4000/en/admin/notion
    Call log:
      - navigating to "http://localhost:4000/en/admin/notion", waiting until "domcontentloaded"


      274 |       if (m.type() === "error") errors.push(m.text());
      275 |     });
    > 276 |     const r = await page.goto("/en/admin/notion", { waitUntil: "domcontentloaded" });
          |                          ^
      277 |     expect(r?.status()).toBeLessThan(500);
      278 |     await expect(page.locator("h1, h2, [role=\"alert\"]").first()).toBeVisible({ timeout: 30_000 });
      279 |   });
        at /home/tbaltzakis/cloudless.gr/e2e/admin-pages-sweep.spec.ts:276:26

    attachment #1: screenshot (image/png) ──────────────────────────────────────────────────────────
    test-results/admin-pages-sweep-Admin-pa-f7551-h1-h2-and-no-console-errors-mobile-chrome-retry1/test-failed-1.png
    ────────────────────────────────────────────────────────────────────────────────────────────────

    attachment #2: video (video/webm) ──────────────────────────────────────────────────────────────
    test-results/admin-pages-sweep-Admin-pa-f7551-h1-h2-and-no-console-errors-mobile-chrome-retry1/video.webm
    ────────────────────────────────────────────────────────────────────────────────────────────────

    Error Context: test-results/admin-pages-sweep-Admin-pa-f7551-h1-h2-and-no-console-errors-mobile-chrome-retry1/error-context.md

    attachment #4: trace (application/zip) ─────────────────────────────────────────────────────────
    test-results/admin-pages-sweep-Admin-pa-f7551-h1-h2-and-no-console-errors-mobile-chrome-retry1/trace.zip
    Usage:

        npx playwright show-trace test-results/admin-pages-sweep-Admin-pa-f7551-h1-h2-and-no-console-errors-mobile-chrome-retry1/trace.zip

    ────────────────────────────────────────────────────────────────────────────────────────────────

  845) [mobile-chrome] › e2e/admin-pages-sweep.spec.ts:280:7 › Admin page sweep (cookie-authenticated) › /en/admin/notion/analytics loads with h1/h2 and no console errors 

    Error: page.goto: net::ERR_CONNECTION_REFUSED at http://localhost:4000/en/admin/notion/analytics
    Call log:
      - navigating to "http://localhost:4000/en/admin/notion/analytics", waiting until "domcontentloaded"


      284 |       if (m.type() === "error") errors.push(m.text());
      285 |     });
    > 286 |     const r = await page.goto("/en/admin/notion/analytics", { waitUntil: "domcontentloaded" });
          |                          ^
      287 |     expect(r?.status()).toBeLessThan(500);
      288 |     await expect(page.locator("h1, h2, [role=\"alert\"]").first()).toBeVisible({ timeout: 30_000 });
      289 |   });
        at /home/tbaltzakis/cloudless.gr/e2e/admin-pages-sweep.spec.ts:286:26

    attachment #1: screenshot (image/png) ──────────────────────────────────────────────────────────
    test-results/admin-pages-sweep-Admin-pa-514f3-h1-h2-and-no-console-errors-mobile-chrome/test-failed-1.png
    ────────────────────────────────────────────────────────────────────────────────────────────────

    attachment #2: video (video/webm) ──────────────────────────────────────────────────────────────
    test-results/admin-pages-sweep-Admin-pa-514f3-h1-h2-and-no-console-errors-mobile-chrome/video.webm
    ────────────────────────────────────────────────────────────────────────────────────────────────

    Error Context: test-results/admin-pages-sweep-Admin-pa-514f3-h1-h2-and-no-console-errors-mobile-chrome/error-context.md

    Retry #1 ───────────────────────────────────────────────────────────────────────────────────────

    Error: page.goto: net::ERR_CONNECTION_REFUSED at http://localhost:4000/en/admin/notion/analytics
    Call log:
      - navigating to "http://localhost:4000/en/admin/notion/analytics", waiting until "domcontentloaded"


      284 |       if (m.type() === "error") errors.push(m.text());
      285 |     });
    > 286 |     const r = await page.goto("/en/admin/notion/analytics", { waitUntil: "domcontentloaded" });
          |                          ^
      287 |     expect(r?.status()).toBeLessThan(500);
      288 |     await expect(page.locator("h1, h2, [role=\"alert\"]").first()).toBeVisible({ timeout: 30_000 });
      289 |   });
        at /home/tbaltzakis/cloudless.gr/e2e/admin-pages-sweep.spec.ts:286:26

    attachment #1: screenshot (image/png) ──────────────────────────────────────────────────────────
    test-results/admin-pages-sweep-Admin-pa-514f3-h1-h2-and-no-console-errors-mobile-chrome-retry1/test-failed-1.png
    ────────────────────────────────────────────────────────────────────────────────────────────────

    attachment #2: video (video/webm) ──────────────────────────────────────────────────────────────
    test-results/admin-pages-sweep-Admin-pa-514f3-h1-h2-and-no-console-errors-mobile-chrome-retry1/video.webm
    ────────────────────────────────────────────────────────────────────────────────────────────────

    Error Context: test-results/admin-pages-sweep-Admin-pa-514f3-h1-h2-and-no-console-errors-mobile-chrome-retry1/error-context.md

    attachment #4: trace (application/zip) ─────────────────────────────────────────────────────────
    test-results/admin-pages-sweep-Admin-pa-514f3-h1-h2-and-no-console-errors-mobile-chrome-retry1/trace.zip
    Usage:

        npx playwright show-trace test-results/admin-pages-sweep-Admin-pa-514f3-h1-h2-and-no-console-errors-mobile-chrome-retry1/trace.zip

    ────────────────────────────────────────────────────────────────────────────────────────────────

  846) [mobile-chrome] › e2e/admin-pages-sweep.spec.ts:290:7 › Admin page sweep (cookie-authenticated) › /en/admin/notion/projects loads with h1/h2 and no console errors 

    Error: page.goto: net::ERR_CONNECTION_REFUSED at http://localhost:4000/en/admin/notion/projects
    Call log:
      - navigating to "http://localhost:4000/en/admin/notion/projects", waiting until "domcontentloaded"


      294 |       if (m.type() === "error") errors.push(m.text());
      295 |     });
    > 296 |     const r = await page.goto("/en/admin/notion/projects", { waitUntil: "domcontentloaded" });
          |                          ^
      297 |     expect(r?.status()).toBeLessThan(500);
      298 |     await expect(page.locator("h1, h2, [role=\"alert\"]").first()).toBeVisible({ timeout: 30_000 });
      299 |   });
        at /home/tbaltzakis/cloudless.gr/e2e/admin-pages-sweep.spec.ts:296:26

    attachment #1: screenshot (image/png) ──────────────────────────────────────────────────────────
    test-results/admin-pages-sweep-Admin-pa-15a14-h1-h2-and-no-console-errors-mobile-chrome/test-failed-1.png
    ────────────────────────────────────────────────────────────────────────────────────────────────

    attachment #2: video (video/webm) ──────────────────────────────────────────────────────────────
    test-results/admin-pages-sweep-Admin-pa-15a14-h1-h2-and-no-console-errors-mobile-chrome/video.webm
    ────────────────────────────────────────────────────────────────────────────────────────────────

    Error Context: test-results/admin-pages-sweep-Admin-pa-15a14-h1-h2-and-no-console-errors-mobile-chrome/error-context.md

    Retry #1 ───────────────────────────────────────────────────────────────────────────────────────

    Error: page.goto: net::ERR_CONNECTION_REFUSED at http://localhost:4000/en/admin/notion/projects
    Call log:
      - navigating to "http://localhost:4000/en/admin/notion/projects", waiting until "domcontentloaded"


      294 |       if (m.type() === "error") errors.push(m.text());
      295 |     });
    > 296 |     const r = await page.goto("/en/admin/notion/projects", { waitUntil: "domcontentloaded" });
          |                          ^
      297 |     expect(r?.status()).toBeLessThan(500);
      298 |     await expect(page.locator("h1, h2, [role=\"alert\"]").first()).toBeVisible({ timeout: 30_000 });
      299 |   });
        at /home/tbaltzakis/cloudless.gr/e2e/admin-pages-sweep.spec.ts:296:26

    attachment #1: screenshot (image/png) ──────────────────────────────────────────────────────────
    test-results/admin-pages-sweep-Admin-pa-15a14-h1-h2-and-no-console-errors-mobile-chrome-retry1/test-failed-1.png
    ────────────────────────────────────────────────────────────────────────────────────────────────

    attachment #2: video (video/webm) ──────────────────────────────────────────────────────────────
    test-results/admin-pages-sweep-Admin-pa-15a14-h1-h2-and-no-console-errors-mobile-chrome-retry1/video.webm
    ────────────────────────────────────────────────────────────────────────────────────────────────

    Error Context: test-results/admin-pages-sweep-Admin-pa-15a14-h1-h2-and-no-console-errors-mobile-chrome-retry1/error-context.md

    attachment #4: trace (application/zip) ─────────────────────────────────────────────────────────
    test-results/admin-pages-sweep-Admin-pa-15a14-h1-h2-and-no-console-errors-mobile-chrome-retry1/trace.zip
    Usage:

        npx playwright show-trace test-results/admin-pages-sweep-Admin-pa-15a14-h1-h2-and-no-console-errors-mobile-chrome-retry1/trace.zip

    ────────────────────────────────────────────────────────────────────────────────────────────────

  847) [mobile-chrome] › e2e/admin-pages-sweep.spec.ts:300:7 › Admin page sweep (cookie-authenticated) › /en/admin/notion/status loads with h1/h2 and no console errors 

    Error: page.goto: net::ERR_CONNECTION_REFUSED at http://localhost:4000/en/admin/notion/status
    Call log:
      - navigating to "http://localhost:4000/en/admin/notion/status", waiting until "domcontentloaded"


      304 |       if (m.type() === "error") errors.push(m.text());
      305 |     });
    > 306 |     const r = await page.goto("/en/admin/notion/status", { waitUntil: "domcontentloaded" });
          |                          ^
      307 |     expect(r?.status()).toBeLessThan(500);
      308 |     await expect(page.locator("h1, h2, [role=\"alert\"]").first()).toBeVisible({ timeout: 30_000 });
      309 |   });
        at /home/tbaltzakis/cloudless.gr/e2e/admin-pages-sweep.spec.ts:306:26

    attachment #1: screenshot (image/png) ──────────────────────────────────────────────────────────
    test-results/admin-pages-sweep-Admin-pa-2f97a-h1-h2-and-no-console-errors-mobile-chrome/test-failed-1.png
    ────────────────────────────────────────────────────────────────────────────────────────────────

    attachment #2: video (video/webm) ──────────────────────────────────────────────────────────────
    test-results/admin-pages-sweep-Admin-pa-2f97a-h1-h2-and-no-console-errors-mobile-chrome/video.webm
    ────────────────────────────────────────────────────────────────────────────────────────────────

    Error Context: test-results/admin-pages-sweep-Admin-pa-2f97a-h1-h2-and-no-console-errors-mobile-chrome/error-context.md

    Retry #1 ───────────────────────────────────────────────────────────────────────────────────────

    Error: page.goto: net::ERR_CONNECTION_REFUSED at http://localhost:4000/en/admin/notion/status
    Call log:
      - navigating to "http://localhost:4000/en/admin/notion/status", waiting until "domcontentloaded"


      304 |       if (m.type() === "error") errors.push(m.text());
      305 |     });
    > 306 |     const r = await page.goto("/en/admin/notion/status", { waitUntil: "domcontentloaded" });
          |                          ^
      307 |     expect(r?.status()).toBeLessThan(500);
      308 |     await expect(page.locator("h1, h2, [role=\"alert\"]").first()).toBeVisible({ timeout: 30_000 });
      309 |   });
        at /home/tbaltzakis/cloudless.gr/e2e/admin-pages-sweep.spec.ts:306:26

    attachment #1: screenshot (image/png) ──────────────────────────────────────────────────────────
    test-results/admin-pages-sweep-Admin-pa-2f97a-h1-h2-and-no-console-errors-mobile-chrome-retry1/test-failed-1.png
    ────────────────────────────────────────────────────────────────────────────────────────────────

    attachment #2: video (video/webm) ──────────────────────────────────────────────────────────────
    test-results/admin-pages-sweep-Admin-pa-2f97a-h1-h2-and-no-console-errors-mobile-chrome-retry1/video.webm
    ────────────────────────────────────────────────────────────────────────────────────────────────

    Error Context: test-results/admin-pages-sweep-Admin-pa-2f97a-h1-h2-and-no-console-errors-mobile-chrome-retry1/error-context.md

    attachment #4: trace (application/zip) ─────────────────────────────────────────────────────────
    test-results/admin-pages-sweep-Admin-pa-2f97a-h1-h2-and-no-console-errors-mobile-chrome-retry1/trace.zip
    Usage:

        npx playwright show-trace test-results/admin-pages-sweep-Admin-pa-2f97a-h1-h2-and-no-console-errors-mobile-chrome-retry1/trace.zip

    ────────────────────────────────────────────────────────────────────────────────────────────────

  848) [mobile-chrome] › e2e/admin-pages-sweep.spec.ts:310:7 › Admin page sweep (cookie-authenticated) › /en/admin/notion/submissions loads with h1/h2 and no console errors 

    Error: page.goto: net::ERR_CONNECTION_REFUSED at http://localhost:4000/en/admin/notion/submissions
    Call log:
      - navigating to "http://localhost:4000/en/admin/notion/submissions", waiting until "domcontentloaded"


      314 |       if (m.type() === "error") errors.push(m.text());
      315 |     });
    > 316 |     const r = await page.goto("/en/admin/notion/submissions", { waitUntil: "domcontentloaded" });
          |                          ^
      317 |     expect(r?.status()).toBeLessThan(500);
      318 |     await expect(page.locator("h1, h2, [role=\"alert\"]").first()).toBeVisible({ timeout: 30_000 });
      319 |   });
        at /home/tbaltzakis/cloudless.gr/e2e/admin-pages-sweep.spec.ts:316:26

    attachment #1: screenshot (image/png) ──────────────────────────────────────────────────────────
    test-results/admin-pages-sweep-Admin-pa-81808-h1-h2-and-no-console-errors-mobile-chrome/test-failed-1.png
    ────────────────────────────────────────────────────────────────────────────────────────────────

    attachment #2: video (video/webm) ──────────────────────────────────────────────────────────────
    test-results/admin-pages-sweep-Admin-pa-81808-h1-h2-and-no-console-errors-mobile-chrome/video.webm
    ────────────────────────────────────────────────────────────────────────────────────────────────

    Error Context: test-results/admin-pages-sweep-Admin-pa-81808-h1-h2-and-no-console-errors-mobile-chrome/error-context.md

    Retry #1 ───────────────────────────────────────────────────────────────────────────────────────

    Error: page.goto: net::ERR_CONNECTION_REFUSED at http://localhost:4000/en/admin/notion/submissions
    Call log:
      - navigating to "http://localhost:4000/en/admin/notion/submissions", waiting until "domcontentloaded"


      314 |       if (m.type() === "error") errors.push(m.text());
      315 |     });
    > 316 |     const r = await page.goto("/en/admin/notion/submissions", { waitUntil: "domcontentloaded" });
          |                          ^
      317 |     expect(r?.status()).toBeLessThan(500);
      318 |     await expect(page.locator("h1, h2, [role=\"alert\"]").first()).toBeVisible({ timeout: 30_000 });
      319 |   });
        at /home/tbaltzakis/cloudless.gr/e2e/admin-pages-sweep.spec.ts:316:26

    attachment #1: screenshot (image/png) ──────────────────────────────────────────────────────────
    test-results/admin-pages-sweep-Admin-pa-81808-h1-h2-and-no-console-errors-mobile-chrome-retry1/test-failed-1.png
    ────────────────────────────────────────────────────────────────────────────────────────────────

    attachment #2: video (video/webm) ──────────────────────────────────────────────────────────────
    test-results/admin-pages-sweep-Admin-pa-81808-h1-h2-and-no-console-errors-mobile-chrome-retry1/video.webm
    ────────────────────────────────────────────────────────────────────────────────────────────────

    Error Context: test-results/admin-pages-sweep-Admin-pa-81808-h1-h2-and-no-console-errors-mobile-chrome-retry1/error-context.md

    attachment #4: trace (application/zip) ─────────────────────────────────────────────────────────
    test-results/admin-pages-sweep-Admin-pa-81808-h1-h2-and-no-console-errors-mobile-chrome-retry1/trace.zip
    Usage:

        npx playwright show-trace test-results/admin-pages-sweep-Admin-pa-81808-h1-h2-and-no-console-errors-mobile-chrome-retry1/trace.zip

    ────────────────────────────────────────────────────────────────────────────────────────────────

  849) [mobile-chrome] › e2e/admin-pages-sweep.spec.ts:320:7 › Admin page sweep (cookie-authenticated) › /en/admin/notion/tasks loads with h1/h2 and no console errors 

    Error: page.goto: net::ERR_CONNECTION_REFUSED at http://localhost:4000/en/admin/notion/tasks
    Call log:
      - navigating to "http://localhost:4000/en/admin/notion/tasks", waiting until "domcontentloaded"


      324 |       if (m.type() === "error") errors.push(m.text());
      325 |     });
    > 326 |     const r = await page.goto("/en/admin/notion/tasks", { waitUntil: "domcontentloaded" });
          |                          ^
      327 |     expect(r?.status()).toBeLessThan(500);
      328 |     await expect(page.locator("h1, h2, [role=\"alert\"]").first()).toBeVisible({ timeout: 30_000 });
      329 |   });
        at /home/tbaltzakis/cloudless.gr/e2e/admin-pages-sweep.spec.ts:326:26

    attachment #1: screenshot (image/png) ──────────────────────────────────────────────────────────
    test-results/admin-pages-sweep-Admin-pa-2c79b-h1-h2-and-no-console-errors-mobile-chrome/test-failed-1.png
    ────────────────────────────────────────────────────────────────────────────────────────────────

    attachment #2: video (video/webm) ──────────────────────────────────────────────────────────────
    test-results/admin-pages-sweep-Admin-pa-2c79b-h1-h2-and-no-console-errors-mobile-chrome/video.webm
    ────────────────────────────────────────────────────────────────────────────────────────────────

    Error Context: test-results/admin-pages-sweep-Admin-pa-2c79b-h1-h2-and-no-console-errors-mobile-chrome/error-context.md

    Retry #1 ───────────────────────────────────────────────────────────────────────────────────────

    Error: page.goto: net::ERR_CONNECTION_REFUSED at http://localhost:4000/en/admin/notion/tasks
    Call log:
      - navigating to "http://localhost:4000/en/admin/notion/tasks", waiting until "domcontentloaded"


      324 |       if (m.type() === "error") errors.push(m.text());
      325 |     });
    > 326 |     const r = await page.goto("/en/admin/notion/tasks", { waitUntil: "domcontentloaded" });
          |                          ^
      327 |     expect(r?.status()).toBeLessThan(500);
      328 |     await expect(page.locator("h1, h2, [role=\"alert\"]").first()).toBeVisible({ timeout: 30_000 });
      329 |   });
        at /home/tbaltzakis/cloudless.gr/e2e/admin-pages-sweep.spec.ts:326:26

    attachment #1: screenshot (image/png) ──────────────────────────────────────────────────────────
    test-results/admin-pages-sweep-Admin-pa-2c79b-h1-h2-and-no-console-errors-mobile-chrome-retry1/test-failed-1.png
    ────────────────────────────────────────────────────────────────────────────────────────────────

    attachment #2: video (video/webm) ──────────────────────────────────────────────────────────────
    test-results/admin-pages-sweep-Admin-pa-2c79b-h1-h2-and-no-console-errors-mobile-chrome-retry1/video.webm
    ────────────────────────────────────────────────────────────────────────────────────────────────

    Error Context: test-results/admin-pages-sweep-Admin-pa-2c79b-h1-h2-and-no-console-errors-mobile-chrome-retry1/error-context.md

    attachment #4: trace (application/zip) ─────────────────────────────────────────────────────────
    test-results/admin-pages-sweep-Admin-pa-2c79b-h1-h2-and-no-console-errors-mobile-chrome-retry1/trace.zip
    Usage:

        npx playwright show-trace test-results/admin-pages-sweep-Admin-pa-2c79b-h1-h2-and-no-console-errors-mobile-chrome-retry1/trace.zip

    ────────────────────────────────────────────────────────────────────────────────────────────────

  850) [mobile-chrome] › e2e/admin-pages-sweep.spec.ts:330:7 › Admin page sweep (cookie-authenticated) › /en/admin/orders loads with h1/h2 and no console errors 

    Error: page.goto: net::ERR_CONNECTION_REFUSED at http://localhost:4000/en/admin/orders
    Call log:
      - navigating to "http://localhost:4000/en/admin/orders", waiting until "domcontentloaded"


      334 |       if (m.type() === "error") errors.push(m.text());
      335 |     });
    > 336 |     const r = await page.goto("/en/admin/orders", { waitUntil: "domcontentloaded" });
          |                          ^
      337 |     expect(r?.status()).toBeLessThan(500);
      338 |     await expect(page.locator("h1, h2, [role=\"alert\"]").first()).toBeVisible({ timeout: 30_000 });
      339 |   });
        at /home/tbaltzakis/cloudless.gr/e2e/admin-pages-sweep.spec.ts:336:26

    attachment #1: screenshot (image/png) ──────────────────────────────────────────────────────────
    test-results/admin-pages-sweep-Admin-pa-1a37d-h1-h2-and-no-console-errors-mobile-chrome/test-failed-1.png
    ────────────────────────────────────────────────────────────────────────────────────────────────

    attachment #2: video (video/webm) ──────────────────────────────────────────────────────────────
    test-results/admin-pages-sweep-Admin-pa-1a37d-h1-h2-and-no-console-errors-mobile-chrome/video.webm
    ────────────────────────────────────────────────────────────────────────────────────────────────

    Error Context: test-results/admin-pages-sweep-Admin-pa-1a37d-h1-h2-and-no-console-errors-mobile-chrome/error-context.md

    Retry #1 ───────────────────────────────────────────────────────────────────────────────────────

    Error: page.goto: net::ERR_CONNECTION_REFUSED at http://localhost:4000/en/admin/orders
    Call log:
      - navigating to "http://localhost:4000/en/admin/orders", waiting until "domcontentloaded"


      334 |       if (m.type() === "error") errors.push(m.text());
      335 |     });
    > 336 |     const r = await page.goto("/en/admin/orders", { waitUntil: "domcontentloaded" });
          |                          ^
      337 |     expect(r?.status()).toBeLessThan(500);
      338 |     await expect(page.locator("h1, h2, [role=\"alert\"]").first()).toBeVisible({ timeout: 30_000 });
      339 |   });
        at /home/tbaltzakis/cloudless.gr/e2e/admin-pages-sweep.spec.ts:336:26

    attachment #1: screenshot (image/png) ──────────────────────────────────────────────────────────
    test-results/admin-pages-sweep-Admin-pa-1a37d-h1-h2-and-no-console-errors-mobile-chrome-retry1/test-failed-1.png
    ────────────────────────────────────────────────────────────────────────────────────────────────

    attachment #2: video (video/webm) ──────────────────────────────────────────────────────────────
    test-results/admin-pages-sweep-Admin-pa-1a37d-h1-h2-and-no-console-errors-mobile-chrome-retry1/video.webm
    ────────────────────────────────────────────────────────────────────────────────────────────────

    Error Context: test-results/admin-pages-sweep-Admin-pa-1a37d-h1-h2-and-no-console-errors-mobile-chrome-retry1/error-context.md

    attachment #4: trace (application/zip) ─────────────────────────────────────────────────────────
    test-results/admin-pages-sweep-Admin-pa-1a37d-h1-h2-and-no-console-errors-mobile-chrome-retry1/trace.zip
    Usage:

        npx playwright show-trace test-results/admin-pages-sweep-Admin-pa-1a37d-h1-h2-and-no-console-errors-mobile-chrome-retry1/trace.zip

    ────────────────────────────────────────────────────────────────────────────────────────────────

  851) [mobile-chrome] › e2e/admin-pages-sweep.spec.ts:340:7 › Admin page sweep (cookie-authenticated) › /en/admin/pipeline loads with h1/h2 and no console errors 

    Error: page.goto: net::ERR_CONNECTION_REFUSED at http://localhost:4000/en/admin/pipeline
    Call log:
      - navigating to "http://localhost:4000/en/admin/pipeline", waiting until "domcontentloaded"


      344 |       if (m.type() === "error") errors.push(m.text());
      345 |     });
    > 346 |     const r = await page.goto("/en/admin/pipeline", { waitUntil: "domcontentloaded" });
          |                          ^
      347 |     expect(r?.status()).toBeLessThan(500);
      348 |     await expect(page.locator("h1, h2, [role=\"alert\"]").first()).toBeVisible({ timeout: 30_000 });
      349 |   });
        at /home/tbaltzakis/cloudless.gr/e2e/admin-pages-sweep.spec.ts:346:26

    attachment #1: screenshot (image/png) ──────────────────────────────────────────────────────────
    test-results/admin-pages-sweep-Admin-pa-0d875-h1-h2-and-no-console-errors-mobile-chrome/test-failed-1.png
    ────────────────────────────────────────────────────────────────────────────────────────────────

    attachment #2: video (video/webm) ──────────────────────────────────────────────────────────────
    test-results/admin-pages-sweep-Admin-pa-0d875-h1-h2-and-no-console-errors-mobile-chrome/video.webm
    ────────────────────────────────────────────────────────────────────────────────────────────────

    Error Context: test-results/admin-pages-sweep-Admin-pa-0d875-h1-h2-and-no-console-errors-mobile-chrome/error-context.md

    Retry #1 ───────────────────────────────────────────────────────────────────────────────────────

    Error: page.goto: net::ERR_CONNECTION_REFUSED at http://localhost:4000/en/admin/pipeline
    Call log:
      - navigating to "http://localhost:4000/en/admin/pipeline", waiting until "domcontentloaded"


      344 |       if (m.type() === "error") errors.push(m.text());
      345 |     });
    > 346 |     const r = await page.goto("/en/admin/pipeline", { waitUntil: "domcontentloaded" });
          |                          ^
      347 |     expect(r?.status()).toBeLessThan(500);
      348 |     await expect(page.locator("h1, h2, [role=\"alert\"]").first()).toBeVisible({ timeout: 30_000 });
      349 |   });
        at /home/tbaltzakis/cloudless.gr/e2e/admin-pages-sweep.spec.ts:346:26

    attachment #1: screenshot (image/png) ──────────────────────────────────────────────────────────
    test-results/admin-pages-sweep-Admin-pa-0d875-h1-h2-and-no-console-errors-mobile-chrome-retry1/test-failed-1.png
    ────────────────────────────────────────────────────────────────────────────────────────────────

    attachment #2: video (video/webm) ──────────────────────────────────────────────────────────────
    test-results/admin-pages-sweep-Admin-pa-0d875-h1-h2-and-no-console-errors-mobile-chrome-retry1/video.webm
    ────────────────────────────────────────────────────────────────────────────────────────────────

    Error Context: test-results/admin-pages-sweep-Admin-pa-0d875-h1-h2-and-no-console-errors-mobile-chrome-retry1/error-context.md

    attachment #4: trace (application/zip) ─────────────────────────────────────────────────────────
    test-results/admin-pages-sweep-Admin-pa-0d875-h1-h2-and-no-console-errors-mobile-chrome-retry1/trace.zip
    Usage:

        npx playwright show-trace test-results/admin-pages-sweep-Admin-pa-0d875-h1-h2-and-no-console-errors-mobile-chrome-retry1/trace.zip

    ────────────────────────────────────────────────────────────────────────────────────────────────

  852) [mobile-chrome] › e2e/admin-pages-sweep.spec.ts:350:7 › Admin page sweep (cookie-authenticated) › /en/admin/projects loads with h1/h2 and no console errors 

    Error: page.goto: net::ERR_CONNECTION_REFUSED at http://localhost:4000/en/admin/projects
    Call log:
      - navigating to "http://localhost:4000/en/admin/projects", waiting until "domcontentloaded"


      354 |       if (m.type() === "error") errors.push(m.text());
      355 |     });
    > 356 |     const r = await page.goto("/en/admin/projects", { waitUntil: "domcontentloaded" });
          |                          ^
      357 |     expect(r?.status()).toBeLessThan(500);
      358 |     await expect(page.locator("h1, h2, [role=\"alert\"]").first()).toBeVisible({ timeout: 30_000 });
      359 |   });
        at /home/tbaltzakis/cloudless.gr/e2e/admin-pages-sweep.spec.ts:356:26

    attachment #1: screenshot (image/png) ──────────────────────────────────────────────────────────
    test-results/admin-pages-sweep-Admin-pa-1f2b7-h1-h2-and-no-console-errors-mobile-chrome/test-failed-1.png
    ────────────────────────────────────────────────────────────────────────────────────────────────

    attachment #2: video (video/webm) ──────────────────────────────────────────────────────────────
    test-results/admin-pages-sweep-Admin-pa-1f2b7-h1-h2-and-no-console-errors-mobile-chrome/video.webm
    ────────────────────────────────────────────────────────────────────────────────────────────────

    Error Context: test-results/admin-pages-sweep-Admin-pa-1f2b7-h1-h2-and-no-console-errors-mobile-chrome/error-context.md

    Retry #1 ───────────────────────────────────────────────────────────────────────────────────────

    Error: page.goto: net::ERR_CONNECTION_REFUSED at http://localhost:4000/en/admin/projects
    Call log:
      - navigating to "http://localhost:4000/en/admin/projects", waiting until "domcontentloaded"


      354 |       if (m.type() === "error") errors.push(m.text());
      355 |     });
    > 356 |     const r = await page.goto("/en/admin/projects", { waitUntil: "domcontentloaded" });
          |                          ^
      357 |     expect(r?.status()).toBeLessThan(500);
      358 |     await expect(page.locator("h1, h2, [role=\"alert\"]").first()).toBeVisible({ timeout: 30_000 });
      359 |   });
        at /home/tbaltzakis/cloudless.gr/e2e/admin-pages-sweep.spec.ts:356:26

    attachment #1: screenshot (image/png) ──────────────────────────────────────────────────────────
    test-results/admin-pages-sweep-Admin-pa-1f2b7-h1-h2-and-no-console-errors-mobile-chrome-retry1/test-failed-1.png
    ────────────────────────────────────────────────────────────────────────────────────────────────

    attachment #2: video (video/webm) ──────────────────────────────────────────────────────────────
    test-results/admin-pages-sweep-Admin-pa-1f2b7-h1-h2-and-no-console-errors-mobile-chrome-retry1/video.webm
    ────────────────────────────────────────────────────────────────────────────────────────────────

    Error Context: test-results/admin-pages-sweep-Admin-pa-1f2b7-h1-h2-and-no-console-errors-mobile-chrome-retry1/error-context.md

    attachment #4: trace (application/zip) ─────────────────────────────────────────────────────────
    test-results/admin-pages-sweep-Admin-pa-1f2b7-h1-h2-and-no-console-errors-mobile-chrome-retry1/trace.zip
    Usage:

        npx playwright show-trace test-results/admin-pages-sweep-Admin-pa-1f2b7-h1-h2-and-no-console-errors-mobile-chrome-retry1/trace.zip

    ────────────────────────────────────────────────────────────────────────────────────────────────

  853) [mobile-chrome] › e2e/admin-pages-sweep.spec.ts:360:7 › Admin page sweep (cookie-authenticated) › /en/admin/reports loads with h1/h2 and no console errors 

    Error: page.goto: net::ERR_CONNECTION_REFUSED at http://localhost:4000/en/admin/reports
    Call log:
      - navigating to "http://localhost:4000/en/admin/reports", waiting until "domcontentloaded"


      364 |       if (m.type() === "error") errors.push(m.text());
      365 |     });
    > 366 |     const r = await page.goto("/en/admin/reports", { waitUntil: "domcontentloaded" });
          |                          ^
      367 |     expect(r?.status()).toBeLessThan(500);
      368 |     await expect(page.locator("h1, h2, [role=\"alert\"]").first()).toBeVisible({ timeout: 30_000 });
      369 |   });
        at /home/tbaltzakis/cloudless.gr/e2e/admin-pages-sweep.spec.ts:366:26

    attachment #1: screenshot (image/png) ──────────────────────────────────────────────────────────
    test-results/admin-pages-sweep-Admin-pa-a9b15-h1-h2-and-no-console-errors-mobile-chrome/test-failed-1.png
    ────────────────────────────────────────────────────────────────────────────────────────────────

    attachment #2: video (video/webm) ──────────────────────────────────────────────────────────────
    test-results/admin-pages-sweep-Admin-pa-a9b15-h1-h2-and-no-console-errors-mobile-chrome/video.webm
    ────────────────────────────────────────────────────────────────────────────────────────────────

    Error Context: test-results/admin-pages-sweep-Admin-pa-a9b15-h1-h2-and-no-console-errors-mobile-chrome/error-context.md

    Retry #1 ───────────────────────────────────────────────────────────────────────────────────────

    Error: page.goto: net::ERR_CONNECTION_REFUSED at http://localhost:4000/en/admin/reports
    Call log:
      - navigating to "http://localhost:4000/en/admin/reports", waiting until "domcontentloaded"


      364 |       if (m.type() === "error") errors.push(m.text());
      365 |     });
    > 366 |     const r = await page.goto("/en/admin/reports", { waitUntil: "domcontentloaded" });
          |                          ^
      367 |     expect(r?.status()).toBeLessThan(500);
      368 |     await expect(page.locator("h1, h2, [role=\"alert\"]").first()).toBeVisible({ timeout: 30_000 });
      369 |   });
        at /home/tbaltzakis/cloudless.gr/e2e/admin-pages-sweep.spec.ts:366:26

    attachment #1: screenshot (image/png) ──────────────────────────────────────────────────────────
    test-results/admin-pages-sweep-Admin-pa-a9b15-h1-h2-and-no-console-errors-mobile-chrome-retry1/test-failed-1.png
    ────────────────────────────────────────────────────────────────────────────────────────────────

    attachment #2: video (video/webm) ──────────────────────────────────────────────────────────────
    test-results/admin-pages-sweep-Admin-pa-a9b15-h1-h2-and-no-console-errors-mobile-chrome-retry1/video.webm
    ────────────────────────────────────────────────────────────────────────────────────────────────

    Error Context: test-results/admin-pages-sweep-Admin-pa-a9b15-h1-h2-and-no-console-errors-mobile-chrome-retry1/error-context.md

    attachment #4: trace (application/zip) ─────────────────────────────────────────────────────────
    test-results/admin-pages-sweep-Admin-pa-a9b15-h1-h2-and-no-console-errors-mobile-chrome-retry1/trace.zip
    Usage:

        npx playwright show-trace test-results/admin-pages-sweep-Admin-pa-a9b15-h1-h2-and-no-console-errors-mobile-chrome-retry1/trace.zip

    ────────────────────────────────────────────────────────────────────────────────────────────────

  854) [mobile-chrome] › e2e/admin-pages-sweep.spec.ts:370:7 › Admin page sweep (cookie-authenticated) › /en/admin/settings loads with h1/h2 and no console errors 

    Error: page.goto: net::ERR_CONNECTION_REFUSED at http://localhost:4000/en/admin/settings
    Call log:
      - navigating to "http://localhost:4000/en/admin/settings", waiting until "domcontentloaded"


      374 |       if (m.type() === "error") errors.push(m.text());
      375 |     });
    > 376 |     const r = await page.goto("/en/admin/settings", { waitUntil: "domcontentloaded" });
          |                          ^
      377 |     expect(r?.status()).toBeLessThan(500);
      378 |     await expect(page.locator("h1, h2, [role=\"alert\"]").first()).toBeVisible({ timeout: 30_000 });
      379 |   });
        at /home/tbaltzakis/cloudless.gr/e2e/admin-pages-sweep.spec.ts:376:26

    attachment #1: screenshot (image/png) ──────────────────────────────────────────────────────────
    test-results/admin-pages-sweep-Admin-pa-b3cd7-h1-h2-and-no-console-errors-mobile-chrome/test-failed-1.png
    ────────────────────────────────────────────────────────────────────────────────────────────────

    attachment #2: video (video/webm) ──────────────────────────────────────────────────────────────
    test-results/admin-pages-sweep-Admin-pa-b3cd7-h1-h2-and-no-console-errors-mobile-chrome/video.webm
    ────────────────────────────────────────────────────────────────────────────────────────────────

    Error Context: test-results/admin-pages-sweep-Admin-pa-b3cd7-h1-h2-and-no-console-errors-mobile-chrome/error-context.md

    Retry #1 ───────────────────────────────────────────────────────────────────────────────────────

    Error: page.goto: net::ERR_CONNECTION_REFUSED at http://localhost:4000/en/admin/settings
    Call log:
      - navigating to "http://localhost:4000/en/admin/settings", waiting until "domcontentloaded"


      374 |       if (m.type() === "error") errors.push(m.text());
      375 |     });
    > 376 |     const r = await page.goto("/en/admin/settings", { waitUntil: "domcontentloaded" });
          |                          ^
      377 |     expect(r?.status()).toBeLessThan(500);
      378 |     await expect(page.locator("h1, h2, [role=\"alert\"]").first()).toBeVisible({ timeout: 30_000 });
      379 |   });
        at /home/tbaltzakis/cloudless.gr/e2e/admin-pages-sweep.spec.ts:376:26

    attachment #1: screenshot (image/png) ──────────────────────────────────────────────────────────
    test-results/admin-pages-sweep-Admin-pa-b3cd7-h1-h2-and-no-console-errors-mobile-chrome-retry1/test-failed-1.png
    ────────────────────────────────────────────────────────────────────────────────────────────────

    attachment #2: video (video/webm) ──────────────────────────────────────────────────────────────
    test-results/admin-pages-sweep-Admin-pa-b3cd7-h1-h2-and-no-console-errors-mobile-chrome-retry1/video.webm
    ────────────────────────────────────────────────────────────────────────────────────────────────

    Error Context: test-results/admin-pages-sweep-Admin-pa-b3cd7-h1-h2-and-no-console-errors-mobile-chrome-retry1/error-context.md

    attachment #4: trace (application/zip) ─────────────────────────────────────────────────────────
    test-results/admin-pages-sweep-Admin-pa-b3cd7-h1-h2-and-no-console-errors-mobile-chrome-retry1/trace.zip
    Usage:

        npx playwright show-trace test-results/admin-pages-sweep-Admin-pa-b3cd7-h1-h2-and-no-console-errors-mobile-chrome-retry1/trace.zip

    ────────────────────────────────────────────────────────────────────────────────────────────────

  855) [mobile-chrome] › e2e/admin-pages-sweep.spec.ts:380:7 › Admin page sweep (cookie-authenticated) › /en/admin/subscriptions loads with h1/h2 and no console errors 

    Error: page.goto: net::ERR_CONNECTION_REFUSED at http://localhost:4000/en/admin/subscriptions
    Call log:
      - navigating to "http://localhost:4000/en/admin/subscriptions", waiting until "domcontentloaded"


      384 |       if (m.type() === "error") errors.push(m.text());
      385 |     });
    > 386 |     const r = await page.goto("/en/admin/subscriptions", { waitUntil: "domcontentloaded" });
          |                          ^
      387 |     expect(r?.status()).toBeLessThan(500);
      388 |     await expect(page.locator("h1, h2, [role=\"alert\"]").first()).toBeVisible({ timeout: 30_000 });
      389 |   });
        at /home/tbaltzakis/cloudless.gr/e2e/admin-pages-sweep.spec.ts:386:26

    attachment #1: screenshot (image/png) ──────────────────────────────────────────────────────────
    test-results/admin-pages-sweep-Admin-pa-7ff88-h1-h2-and-no-console-errors-mobile-chrome/test-failed-1.png
    ────────────────────────────────────────────────────────────────────────────────────────────────

    attachment #2: video (video/webm) ──────────────────────────────────────────────────────────────
    test-results/admin-pages-sweep-Admin-pa-7ff88-h1-h2-and-no-console-errors-mobile-chrome/video.webm
    ────────────────────────────────────────────────────────────────────────────────────────────────

    Error Context: test-results/admin-pages-sweep-Admin-pa-7ff88-h1-h2-and-no-console-errors-mobile-chrome/error-context.md

    Retry #1 ───────────────────────────────────────────────────────────────────────────────────────

    Error: page.goto: net::ERR_CONNECTION_REFUSED at http://localhost:4000/en/admin/subscriptions
    Call log:
      - navigating to "http://localhost:4000/en/admin/subscriptions", waiting until "domcontentloaded"


      384 |       if (m.type() === "error") errors.push(m.text());
      385 |     });
    > 386 |     const r = await page.goto("/en/admin/subscriptions", { waitUntil: "domcontentloaded" });
          |                          ^
      387 |     expect(r?.status()).toBeLessThan(500);
      388 |     await expect(page.locator("h1, h2, [role=\"alert\"]").first()).toBeVisible({ timeout: 30_000 });
      389 |   });
        at /home/tbaltzakis/cloudless.gr/e2e/admin-pages-sweep.spec.ts:386:26

    attachment #1: screenshot (image/png) ──────────────────────────────────────────────────────────
    test-results/admin-pages-sweep-Admin-pa-7ff88-h1-h2-and-no-console-errors-mobile-chrome-retry1/test-failed-1.png
    ────────────────────────────────────────────────────────────────────────────────────────────────

    attachment #2: video (video/webm) ──────────────────────────────────────────────────────────────
    test-results/admin-pages-sweep-Admin-pa-7ff88-h1-h2-and-no-console-errors-mobile-chrome-retry1/video.webm
    ────────────────────────────────────────────────────────────────────────────────────────────────

    Error Context: test-results/admin-pages-sweep-Admin-pa-7ff88-h1-h2-and-no-console-errors-mobile-chrome-retry1/error-context.md

    attachment #4: trace (application/zip) ─────────────────────────────────────────────────────────
    test-results/admin-pages-sweep-Admin-pa-7ff88-h1-h2-and-no-console-errors-mobile-chrome-retry1/trace.zip
    Usage:

        npx playwright show-trace test-results/admin-pages-sweep-Admin-pa-7ff88-h1-h2-and-no-console-errors-mobile-chrome-retry1/trace.zip

    ────────────────────────────────────────────────────────────────────────────────────────────────

  856) [mobile-chrome] › e2e/admin-pages-sweep.spec.ts:390:7 › Admin page sweep (cookie-authenticated) › /en/admin/users loads with h1/h2 and no console errors 

    Error: page.goto: net::ERR_CONNECTION_REFUSED at http://localhost:4000/en/admin/users
    Call log:
      - navigating to "http://localhost:4000/en/admin/users", waiting until "domcontentloaded"


      394 |       if (m.type() === "error") errors.push(m.text());
      395 |     });
    > 396 |     const r = await page.goto("/en/admin/users", { waitUntil: "domcontentloaded" });
          |                          ^
      397 |     expect(r?.status()).toBeLessThan(500);
      398 |     await expect(page.locator("h1, h2, [role=\"alert\"]").first()).toBeVisible({ timeout: 30_000 });
      399 |   });
        at /home/tbaltzakis/cloudless.gr/e2e/admin-pages-sweep.spec.ts:396:26

    attachment #1: screenshot (image/png) ──────────────────────────────────────────────────────────
    test-results/admin-pages-sweep-Admin-pa-09057-h1-h2-and-no-console-errors-mobile-chrome/test-failed-1.png
    ────────────────────────────────────────────────────────────────────────────────────────────────

    attachment #2: video (video/webm) ──────────────────────────────────────────────────────────────
    test-results/admin-pages-sweep-Admin-pa-09057-h1-h2-and-no-console-errors-mobile-chrome/video.webm
    ────────────────────────────────────────────────────────────────────────────────────────────────

    Error Context: test-results/admin-pages-sweep-Admin-pa-09057-h1-h2-and-no-console-errors-mobile-chrome/error-context.md

    Retry #1 ───────────────────────────────────────────────────────────────────────────────────────

    Error: page.goto: net::ERR_CONNECTION_REFUSED at http://localhost:4000/en/admin/users
    Call log:
      - navigating to "http://localhost:4000/en/admin/users", waiting until "domcontentloaded"


      394 |       if (m.type() === "error") errors.push(m.text());
      395 |     });
    > 396 |     const r = await page.goto("/en/admin/users", { waitUntil: "domcontentloaded" });
          |                          ^
      397 |     expect(r?.status()).toBeLessThan(500);
      398 |     await expect(page.locator("h1, h2, [role=\"alert\"]").first()).toBeVisible({ timeout: 30_000 });
      399 |   });
        at /home/tbaltzakis/cloudless.gr/e2e/admin-pages-sweep.spec.ts:396:26

    attachment #1: screenshot (image/png) ──────────────────────────────────────────────────────────
    test-results/admin-pages-sweep-Admin-pa-09057-h1-h2-and-no-console-errors-mobile-chrome-retry1/test-failed-1.png
    ────────────────────────────────────────────────────────────────────────────────────────────────

    attachment #2: video (video/webm) ──────────────────────────────────────────────────────────────
    test-results/admin-pages-sweep-Admin-pa-09057-h1-h2-and-no-console-errors-mobile-chrome-retry1/video.webm
    ────────────────────────────────────────────────────────────────────────────────────────────────

    Error Context: test-results/admin-pages-sweep-Admin-pa-09057-h1-h2-and-no-console-errors-mobile-chrome-retry1/error-context.md

    attachment #4: trace (application/zip) ─────────────────────────────────────────────────────────
    test-results/admin-pages-sweep-Admin-pa-09057-h1-h2-and-no-console-errors-mobile-chrome-retry1/trace.zip
    Usage:

        npx playwright show-trace test-results/admin-pages-sweep-Admin-pa-09057-h1-h2-and-no-console-errors-mobile-chrome-retry1/trace.zip

    ────────────────────────────────────────────────────────────────────────────────────────────────

  857) [mobile-chrome] › e2e/admin-pages-sweep.spec.ts:400:7 › Admin page sweep (cookie-authenticated) › /en/admin/voice-brief loads with h1/h2 and no console errors 

    Error: page.goto: net::ERR_CONNECTION_REFUSED at http://localhost:4000/en/admin/voice-brief
    Call log:
      - navigating to "http://localhost:4000/en/admin/voice-brief", waiting until "domcontentloaded"


      404 |       if (m.type() === "error") errors.push(m.text());
      405 |     });
    > 406 |     const r = await page.goto("/en/admin/voice-brief", { waitUntil: "domcontentloaded" });
          |                          ^
      407 |     expect(r?.status()).toBeLessThan(500);
      408 |     await expect(page.locator("h1, h2, [role=\"alert\"]").first()).toBeVisible({ timeout: 30_000 });
      409 |   });
        at /home/tbaltzakis/cloudless.gr/e2e/admin-pages-sweep.spec.ts:406:26

    attachment #1: screenshot (image/png) ──────────────────────────────────────────────────────────
    test-results/admin-pages-sweep-Admin-pa-ae7f8-h1-h2-and-no-console-errors-mobile-chrome/test-failed-1.png
    ────────────────────────────────────────────────────────────────────────────────────────────────

    attachment #2: video (video/webm) ──────────────────────────────────────────────────────────────
    test-results/admin-pages-sweep-Admin-pa-ae7f8-h1-h2-and-no-console-errors-mobile-chrome/video.webm
    ────────────────────────────────────────────────────────────────────────────────────────────────

    Error Context: test-results/admin-pages-sweep-Admin-pa-ae7f8-h1-h2-and-no-console-errors-mobile-chrome/error-context.md

    Retry #1 ───────────────────────────────────────────────────────────────────────────────────────

    Error: page.goto: net::ERR_CONNECTION_REFUSED at http://localhost:4000/en/admin/voice-brief
    Call log:
      - navigating to "http://localhost:4000/en/admin/voice-brief", waiting until "domcontentloaded"


      404 |       if (m.type() === "error") errors.push(m.text());
      405 |     });
    > 406 |     const r = await page.goto("/en/admin/voice-brief", { waitUntil: "domcontentloaded" });
          |                          ^
      407 |     expect(r?.status()).toBeLessThan(500);
      408 |     await expect(page.locator("h1, h2, [role=\"alert\"]").first()).toBeVisible({ timeout: 30_000 });
      409 |   });
        at /home/tbaltzakis/cloudless.gr/e2e/admin-pages-sweep.spec.ts:406:26

    attachment #1: screenshot (image/png) ──────────────────────────────────────────────────────────
    test-results/admin-pages-sweep-Admin-pa-ae7f8-h1-h2-and-no-console-errors-mobile-chrome-retry1/test-failed-1.png
    ────────────────────────────────────────────────────────────────────────────────────────────────

    attachment #2: video (video/webm) ──────────────────────────────────────────────────────────────
    test-results/admin-pages-sweep-Admin-pa-ae7f8-h1-h2-and-no-console-errors-mobile-chrome-retry1/video.webm
    ────────────────────────────────────────────────────────────────────────────────────────────────

    Error Context: test-results/admin-pages-sweep-Admin-pa-ae7f8-h1-h2-and-no-console-errors-mobile-chrome-retry1/error-context.md

    attachment #4: trace (application/zip) ─────────────────────────────────────────────────────────
    test-results/admin-pages-sweep-Admin-pa-ae7f8-h1-h2-and-no-console-errors-mobile-chrome-retry1/trace.zip
    Usage:

        npx playwright show-trace test-results/admin-pages-sweep-Admin-pa-ae7f8-h1-h2-and-no-console-errors-mobile-chrome-retry1/trace.zip

    ────────────────────────────────────────────────────────────────────────────────────────────────

  858) [mobile-chrome] › e2e/admin-pages-sweep.spec.ts:410:7 › Admin page sweep (cookie-authenticated) › /en/admin/workspaces loads with h1/h2 and no console errors 

    Error: page.goto: net::ERR_CONNECTION_REFUSED at http://localhost:4000/en/admin/workspaces
    Call log:
      - navigating to "http://localhost:4000/en/admin/workspaces", waiting until "domcontentloaded"


      414 |       if (m.type() === "error") errors.push(m.text());
      415 |     });
    > 416 |     const r = await page.goto("/en/admin/workspaces", { waitUntil: "domcontentloaded" });
          |                          ^
      417 |     expect(r?.status()).toBeLessThan(500);
      418 |     await expect(page.locator("h1, h2, [role=\"alert\"]").first()).toBeVisible({ timeout: 30_000 });
      419 |   });
        at /home/tbaltzakis/cloudless.gr/e2e/admin-pages-sweep.spec.ts:416:26

    attachment #1: screenshot (image/png) ──────────────────────────────────────────────────────────
    test-results/admin-pages-sweep-Admin-pa-bd747-h1-h2-and-no-console-errors-mobile-chrome/test-failed-1.png
    ────────────────────────────────────────────────────────────────────────────────────────────────

    attachment #2: video (video/webm) ──────────────────────────────────────────────────────────────
    test-results/admin-pages-sweep-Admin-pa-bd747-h1-h2-and-no-console-errors-mobile-chrome/video.webm
    ────────────────────────────────────────────────────────────────────────────────────────────────

    Error Context: test-results/admin-pages-sweep-Admin-pa-bd747-h1-h2-and-no-console-errors-mobile-chrome/error-context.md

    Retry #1 ───────────────────────────────────────────────────────────────────────────────────────

    Error: page.goto: net::ERR_CONNECTION_REFUSED at http://localhost:4000/en/admin/workspaces
    Call log:
      - navigating to "http://localhost:4000/en/admin/workspaces", waiting until "domcontentloaded"


      414 |       if (m.type() === "error") errors.push(m.text());
      415 |     });
    > 416 |     const r = await page.goto("/en/admin/workspaces", { waitUntil: "domcontentloaded" });
          |                          ^
      417 |     expect(r?.status()).toBeLessThan(500);
      418 |     await expect(page.locator("h1, h2, [role=\"alert\"]").first()).toBeVisible({ timeout: 30_000 });
      419 |   });
        at /home/tbaltzakis/cloudless.gr/e2e/admin-pages-sweep.spec.ts:416:26

    attachment #1: screenshot (image/png) ──────────────────────────────────────────────────────────
    test-results/admin-pages-sweep-Admin-pa-bd747-h1-h2-and-no-console-errors-mobile-chrome-retry1/test-failed-1.png
    ────────────────────────────────────────────────────────────────────────────────────────────────

    attachment #2: video (video/webm) ──────────────────────────────────────────────────────────────
    test-results/admin-pages-sweep-Admin-pa-bd747-h1-h2-and-no-console-errors-mobile-chrome-retry1/video.webm
    ────────────────────────────────────────────────────────────────────────────────────────────────

    Error Context: test-results/admin-pages-sweep-Admin-pa-bd747-h1-h2-and-no-console-errors-mobile-chrome-retry1/error-context.md

    attachment #4: trace (application/zip) ─────────────────────────────────────────────────────────
    test-results/admin-pages-sweep-Admin-pa-bd747-h1-h2-and-no-console-errors-mobile-chrome-retry1/trace.zip
    Usage:

        npx playwright show-trace test-results/admin-pages-sweep-Admin-pa-bd747-h1-h2-and-no-console-errors-mobile-chrome-retry1/trace.zip

    ────────────────────────────────────────────────────────────────────────────────────────────────

  859) [mobile-chrome] › e2e/admin-workspaces.spec.ts:8:7 › Admin workspaces › unauth API GET → 401 

    Error: apiRequestContext.get: connect ECONNREFUSED ::1:4000
    Call log:
      - → GET http://localhost:4000/api/admin/workspaces
        - user-agent: Mozilla/5.0 (Linux; Android 14; Pixel 7) AppleWebKit/537.36 (KHTML, like Gecko) Chrome/151.0.7922.34 Mobile Safari/537.36
        - accept: */*
        - accept-encoding: gzip,deflate,br

        at apiRequestContext.get: connect ECONNREFUSED ::1:4000
        at /home/tbaltzakis/cloudless.gr/e2e/admin-workspaces.spec.ts:9:29

    Error Context: test-results/admin-workspaces-Admin-workspaces-unauth-API-GET-→-401-mobile-chrome/error-context.md

    Retry #1 ───────────────────────────────────────────────────────────────────────────────────────

    Error: apiRequestContext.get: connect ECONNREFUSED ::1:4000
    Call log:
      - → GET http://localhost:4000/api/admin/workspaces
        - user-agent: Mozilla/5.0 (Linux; Android 14; Pixel 7) AppleWebKit/537.36 (KHTML, like Gecko) Chrome/151.0.7922.34 Mobile Safari/537.36
        - accept: */*
        - accept-encoding: gzip,deflate,br

        at apiRequestContext.get: connect ECONNREFUSED ::1:4000
        at /home/tbaltzakis/cloudless.gr/e2e/admin-workspaces.spec.ts:9:29

    Error Context: test-results/admin-workspaces-Admin-workspaces-unauth-API-GET-→-401-mobile-chrome-retry1/error-context.md

    attachment #2: trace (application/zip) ─────────────────────────────────────────────────────────
    test-results/admin-workspaces-Admin-workspaces-unauth-API-GET-→-401-mobile-chrome-retry1/trace.zip
    Usage:

        npx playwright show-trace test-results/admin-workspaces-Admin-workspaces-unauth-API-GET-→-401-mobile-chrome-retry1/trace.zip

    ────────────────────────────────────────────────────────────────────────────────────────────────

  860) [mobile-chrome] › e2e/admin-workspaces.spec.ts:13:7 › Admin workspaces › authed API GET → 200 + workspaces array 

    Error: apiRequestContext.get: connect ECONNREFUSED ::1:4000
    Call log:
      - → GET http://localhost:4000/api/admin/workspaces
        - user-agent: Mozilla/5.0 (Linux; Android 14; Pixel 7) AppleWebKit/537.36 (KHTML, like Gecko) Chrome/151.0.7922.34 Mobile Safari/537.36
        - accept: */*
        - accept-encoding: gzip,deflate,br
        - authorization: Bearer e2e-admin-token-do-not-use-in-prod

        at apiRequestContext.get: connect ECONNREFUSED ::1:4000
        at /home/tbaltzakis/cloudless.gr/e2e/admin-workspaces.spec.ts:14:29

    Error Context: test-results/admin-workspaces-Admin-wor-f169d--GET-→-200-workspaces-array-mobile-chrome/error-context.md

    Retry #1 ───────────────────────────────────────────────────────────────────────────────────────

    Error: apiRequestContext.get: connect ECONNREFUSED ::1:4000
    Call log:
      - → GET http://localhost:4000/api/admin/workspaces
        - user-agent: Mozilla/5.0 (Linux; Android 14; Pixel 7) AppleWebKit/537.36 (KHTML, like Gecko) Chrome/151.0.7922.34 Mobile Safari/537.36
        - accept: */*
        - accept-encoding: gzip,deflate,br
        - authorization: Bearer e2e-admin-token-do-not-use-in-prod

        at apiRequestContext.get: connect ECONNREFUSED ::1:4000
        at /home/tbaltzakis/cloudless.gr/e2e/admin-workspaces.spec.ts:14:29

    Error Context: test-results/admin-workspaces-Admin-wor-f169d--GET-→-200-workspaces-array-mobile-chrome-retry1/error-context.md

    attachment #2: trace (application/zip) ─────────────────────────────────────────────────────────
    test-results/admin-workspaces-Admin-wor-f169d--GET-→-200-workspaces-array-mobile-chrome-retry1/trace.zip
    Usage:

        npx playwright show-trace test-results/admin-workspaces-Admin-wor-f169d--GET-→-200-workspaces-array-mobile-chrome-retry1/trace.zip

    ────────────────────────────────────────────────────────────────────────────────────────────────

  861) [mobile-chrome] › e2e/admin-workspaces.spec.ts:20:7 › Admin workspaces › authed API POST without name → 400 

    Error: apiRequestContext.post: connect ECONNREFUSED ::1:4000
    Call log:
      - → POST http://localhost:4000/api/admin/workspaces
        - user-agent: Mozilla/5.0 (Linux; Android 14; Pixel 7) AppleWebKit/537.36 (KHTML, like Gecko) Chrome/151.0.7922.34 Mobile Safari/537.36
        - accept: */*
        - accept-encoding: gzip,deflate,br
        - authorization: Bearer e2e-admin-token-do-not-use-in-prod
        - content-type: application/json
        - content-length: 25

        at apiRequestContext.post: connect ECONNREFUSED ::1:4000
        at /home/tbaltzakis/cloudless.gr/e2e/admin-workspaces.spec.ts:21:29

    Error Context: test-results/admin-workspaces-Admin-wor-8c431-API-POST-without-name-→-400-mobile-chrome/error-context.md

    Retry #1 ───────────────────────────────────────────────────────────────────────────────────────

    Error: apiRequestContext.post: connect ECONNREFUSED ::1:4000
    Call log:
      - → POST http://localhost:4000/api/admin/workspaces
        - user-agent: Mozilla/5.0 (Linux; Android 14; Pixel 7) AppleWebKit/537.36 (KHTML, like Gecko) Chrome/151.0.7922.34 Mobile Safari/537.36
        - accept: */*
        - accept-encoding: gzip,deflate,br
        - authorization: Bearer e2e-admin-token-do-not-use-in-prod
        - content-type: application/json
        - content-length: 25

        at apiRequestContext.post: connect ECONNREFUSED ::1:4000
        at /home/tbaltzakis/cloudless.gr/e2e/admin-workspaces.spec.ts:21:29

    Error Context: test-results/admin-workspaces-Admin-wor-8c431-API-POST-without-name-→-400-mobile-chrome-retry1/error-context.md

    attachment #2: trace (application/zip) ─────────────────────────────────────────────────────────
    test-results/admin-workspaces-Admin-wor-8c431-API-POST-without-name-→-400-mobile-chrome-retry1/trace.zip
    Usage:

        npx playwright show-trace test-results/admin-workspaces-Admin-wor-8c431-API-POST-without-name-→-400-mobile-chrome-retry1/trace.zip

    ────────────────────────────────────────────────────────────────────────────────────────────────

  862) [mobile-chrome] › e2e/admin-workspaces.spec.ts:28:7 › Admin workspaces › authed API POST creates workspace + GET lists it 

    Error: apiRequestContext.post: connect ECONNREFUSED ::1:4000
    Call log:
      - → POST http://localhost:4000/api/admin/workspaces
        - user-agent: Mozilla/5.0 (Linux; Android 14; Pixel 7) AppleWebKit/537.36 (KHTML, like Gecko) Chrome/151.0.7922.34 Mobile Safari/537.36
        - accept: */*
        - accept-encoding: gzip,deflate,br
        - authorization: Bearer e2e-admin-token-do-not-use-in-prod
        - content-type: application/json
        - content-length: 60

        at apiRequestContext.post: connect ECONNREFUSED ::1:4000
        at /home/tbaltzakis/cloudless.gr/e2e/admin-workspaces.spec.ts:31:34

    Error Context: test-results/admin-workspaces-Admin-wor-b7c46-ates-workspace-GET-lists-it-mobile-chrome/error-context.md

    Retry #1 ───────────────────────────────────────────────────────────────────────────────────────

    Error: apiRequestContext.post: connect ECONNREFUSED ::1:4000
    Call log:
      - → POST http://localhost:4000/api/admin/workspaces
        - user-agent: Mozilla/5.0 (Linux; Android 14; Pixel 7) AppleWebKit/537.36 (KHTML, like Gecko) Chrome/151.0.7922.34 Mobile Safari/537.36
        - accept: */*
        - accept-encoding: gzip,deflate,br
        - authorization: Bearer e2e-admin-token-do-not-use-in-prod
        - content-type: application/json
        - content-length: 60

        at apiRequestContext.post: connect ECONNREFUSED ::1:4000
        at /home/tbaltzakis/cloudless.gr/e2e/admin-workspaces.spec.ts:31:34

    Error Context: test-results/admin-workspaces-Admin-wor-b7c46-ates-workspace-GET-lists-it-mobile-chrome-retry1/error-context.md

    attachment #2: trace (application/zip) ─────────────────────────────────────────────────────────
    test-results/admin-workspaces-Admin-wor-b7c46-ates-workspace-GET-lists-it-mobile-chrome-retry1/trace.zip
    Usage:

        npx playwright show-trace test-results/admin-workspaces-Admin-wor-b7c46-ates-workspace-GET-lists-it-mobile-chrome-retry1/trace.zip

    ────────────────────────────────────────────────────────────────────────────────────────────────

  863) [mobile-chrome] › e2e/admin-workspaces.spec.ts:47:7 › Admin workspaces › page does not expose admin UI when unauth 

    Error: page.goto: net::ERR_CONNECTION_REFUSED at http://localhost:4000/en/admin/workspaces
    Call log:
      - navigating to "http://localhost:4000/en/admin/workspaces", waiting until "load"


      46 |
      47 |   test("page does not expose admin UI when unauth", async ({ page }) => {
    > 48 |     await page.goto(PAGE);
         |                ^
      49 |     await page.waitForLoadState("networkidle").catch(() => {});
      50 |     const onLogin = /\/auth\/login/.test(page.url());
      51 |     const createBtn = await page.getByRole("button", { name: /create/i }).first().isVisible({ timeout: 2000 }).catch(() => false);
        at /home/tbaltzakis/cloudless.gr/e2e/admin-workspaces.spec.ts:48:16

    attachment #1: screenshot (image/png) ──────────────────────────────────────────────────────────
    test-results/admin-workspaces-Admin-wor-50355-expose-admin-UI-when-unauth-mobile-chrome/test-failed-1.png
    ────────────────────────────────────────────────────────────────────────────────────────────────

    attachment #2: video (video/webm) ──────────────────────────────────────────────────────────────
    test-results/admin-workspaces-Admin-wor-50355-expose-admin-UI-when-unauth-mobile-chrome/video.webm
    ────────────────────────────────────────────────────────────────────────────────────────────────

    Error Context: test-results/admin-workspaces-Admin-wor-50355-expose-admin-UI-when-unauth-mobile-chrome/error-context.md

    Retry #1 ───────────────────────────────────────────────────────────────────────────────────────

    Error: page.goto: net::ERR_CONNECTION_REFUSED at http://localhost:4000/en/admin/workspaces
    Call log:
      - navigating to "http://localhost:4000/en/admin/workspaces", waiting until "load"


      46 |
      47 |   test("page does not expose admin UI when unauth", async ({ page }) => {
    > 48 |     await page.goto(PAGE);
         |                ^
      49 |     await page.waitForLoadState("networkidle").catch(() => {});
      50 |     const onLogin = /\/auth\/login/.test(page.url());
      51 |     const createBtn = await page.getByRole("button", { name: /create/i }).first().isVisible({ timeout: 2000 }).catch(() => false);
        at /home/tbaltzakis/cloudless.gr/e2e/admin-workspaces.spec.ts:48:16

    attachment #1: screenshot (image/png) ──────────────────────────────────────────────────────────
    test-results/admin-workspaces-Admin-wor-50355-expose-admin-UI-when-unauth-mobile-chrome-retry1/test-failed-1.png
    ────────────────────────────────────────────────────────────────────────────────────────────────

    attachment #2: video (video/webm) ──────────────────────────────────────────────────────────────
    test-results/admin-workspaces-Admin-wor-50355-expose-admin-UI-when-unauth-mobile-chrome-retry1/video.webm
    ────────────────────────────────────────────────────────────────────────────────────────────────

    Error Context: test-results/admin-workspaces-Admin-wor-50355-expose-admin-UI-when-unauth-mobile-chrome-retry1/error-context.md

    attachment #4: trace (application/zip) ─────────────────────────────────────────────────────────
    test-results/admin-workspaces-Admin-wor-50355-expose-admin-UI-when-unauth-mobile-chrome-retry1/trace.zip
    Usage:

        npx playwright show-trace test-results/admin-workspaces-Admin-wor-50355-expose-admin-UI-when-unauth-mobile-chrome-retry1/trace.zip

    ────────────────────────────────────────────────────────────────────────────────────────────────

  864) [mobile-chrome] › e2e/admin-workspaces.spec.ts:55:7 › Admin workspaces › page renders with E2E admin cookie 

    Error: page.goto: net::ERR_CONNECTION_REFUSED at http://localhost:4000/en/admin/workspaces
    Call log:
      - navigating to "http://localhost:4000/en/admin/workspaces", waiting until "domcontentloaded"


      61 |     }]);
      62 |     
    > 63 |     await page.goto(PAGE, { waitUntil: "domcontentloaded" });
         |                ^
      64 |     
      65 |     // Check for h1 heading which indicates the page loaded correctly
      66 |     // Use the same selector pattern as admin-pages-sweep.spec.ts
        at /home/tbaltzakis/cloudless.gr/e2e/admin-workspaces.spec.ts:63:16

    attachment #1: screenshot (image/png) ──────────────────────────────────────────────────────────
    test-results/admin-workspaces-Admin-wor-7b7eb-nders-with-E2E-admin-cookie-mobile-chrome/test-failed-1.png
    ────────────────────────────────────────────────────────────────────────────────────────────────

    attachment #2: video (video/webm) ──────────────────────────────────────────────────────────────
    test-results/admin-workspaces-Admin-wor-7b7eb-nders-with-E2E-admin-cookie-mobile-chrome/video.webm
    ────────────────────────────────────────────────────────────────────────────────────────────────

    Error Context: test-results/admin-workspaces-Admin-wor-7b7eb-nders-with-E2E-admin-cookie-mobile-chrome/error-context.md

    Retry #1 ───────────────────────────────────────────────────────────────────────────────────────

    Error: page.goto: net::ERR_CONNECTION_REFUSED at http://localhost:4000/en/admin/workspaces
    Call log:
      - navigating to "http://localhost:4000/en/admin/workspaces", waiting until "domcontentloaded"


      61 |     }]);
      62 |     
    > 63 |     await page.goto(PAGE, { waitUntil: "domcontentloaded" });
         |                ^
      64 |     
      65 |     // Check for h1 heading which indicates the page loaded correctly
      66 |     // Use the same selector pattern as admin-pages-sweep.spec.ts
        at /home/tbaltzakis/cloudless.gr/e2e/admin-workspaces.spec.ts:63:16

    attachment #1: screenshot (image/png) ──────────────────────────────────────────────────────────
    test-results/admin-workspaces-Admin-wor-7b7eb-nders-with-E2E-admin-cookie-mobile-chrome-retry1/test-failed-1.png
    ────────────────────────────────────────────────────────────────────────────────────────────────

    attachment #2: video (video/webm) ──────────────────────────────────────────────────────────────
    test-results/admin-workspaces-Admin-wor-7b7eb-nders-with-E2E-admin-cookie-mobile-chrome-retry1/video.webm
    ────────────────────────────────────────────────────────────────────────────────────────────────

    Error Context: test-results/admin-workspaces-Admin-wor-7b7eb-nders-with-E2E-admin-cookie-mobile-chrome-retry1/error-context.md

    attachment #4: trace (application/zip) ─────────────────────────────────────────────────────────
    test-results/admin-workspaces-Admin-wor-7b7eb-nders-with-E2E-admin-cookie-mobile-chrome-retry1/trace.zip
    Usage:

        npx playwright show-trace test-results/admin-workspaces-Admin-wor-7b7eb-nders-with-E2E-admin-cookie-mobile-chrome-retry1/trace.zip

    ────────────────────────────────────────────────────────────────────────────────────────────────

  865) [mobile-chrome] › e2e/api/admin-api-comprehensive.spec.ts:19:9 › Admin API - Comprehensive Testing › Authentication Requirements › should reject unauthenticated requests to admin endpoints 

    Error: apiRequestContext.get: connect ECONNREFUSED ::1:4000
    Call log:
      - → GET http://localhost:4000/api/admin/ab-tests
        - user-agent: Mozilla/5.0 (Linux; Android 14; Pixel 7) AppleWebKit/537.36 (KHTML, like Gecko) Chrome/151.0.7922.34 Mobile Safari/537.36
        - accept: */*
        - accept-encoding: gzip,deflate,br

        at apiRequestContext.get: connect ECONNREFUSED ::1:4000
        at APITestHelper.get (/home/tbaltzakis/cloudless.gr/e2e/helpers/api-helpers.ts:51:41)
        at /home/tbaltzakis/cloudless.gr/e2e/api/admin-api-comprehensive.spec.ts:22:43

    Error Context: test-results/api-admin-api-comprehensiv-3637e-requests-to-admin-endpoints-mobile-chrome/error-context.md

    Retry #1 ───────────────────────────────────────────────────────────────────────────────────────

    Error: apiRequestContext.get: connect ECONNREFUSED ::1:4000
    Call log:
      - → GET http://localhost:4000/api/admin/ab-tests
        - user-agent: Mozilla/5.0 (Linux; Android 14; Pixel 7) AppleWebKit/537.36 (KHTML, like Gecko) Chrome/151.0.7922.34 Mobile Safari/537.36
        - accept: */*
        - accept-encoding: gzip,deflate,br

        at apiRequestContext.get: connect ECONNREFUSED ::1:4000
        at APITestHelper.get (/home/tbaltzakis/cloudless.gr/e2e/helpers/api-helpers.ts:51:41)
        at /home/tbaltzakis/cloudless.gr/e2e/api/admin-api-comprehensive.spec.ts:22:43

    Error Context: test-results/api-admin-api-comprehensiv-3637e-requests-to-admin-endpoints-mobile-chrome-retry1/error-context.md

    attachment #2: trace (application/zip) ─────────────────────────────────────────────────────────
    test-results/api-admin-api-comprehensiv-3637e-requests-to-admin-endpoints-mobile-chrome-retry1/trace.zip
    Usage:

        npx playwright show-trace test-results/api-admin-api-comprehensiv-3637e-requests-to-admin-endpoints-mobile-chrome-retry1/trace.zip

    ────────────────────────────────────────────────────────────────────────────────────────────────

  866) [mobile-chrome] › e2e/api/admin-api-comprehensive.spec.ts:32:9 › Admin API - Comprehensive Testing › AB Tests Endpoint › should return AB tests data when authenticated 

    Error: apiRequestContext.get: connect ECONNREFUSED ::1:4000
    Call log:
      - → GET http://localhost:4000/api/admin/ab-tests
        - user-agent: Mozilla/5.0 (Linux; Android 14; Pixel 7) AppleWebKit/537.36 (KHTML, like Gecko) Chrome/151.0.7922.34 Mobile Safari/537.36
        - accept: */*
        - accept-encoding: gzip,deflate,br
        - Authorization: Bearer e2e-admin-token-do-not-use-in-prod

        at apiRequestContext.get: connect ECONNREFUSED ::1:4000
        at APITestHelper.get (/home/tbaltzakis/cloudless.gr/e2e/helpers/api-helpers.ts:51:41)
        at /home/tbaltzakis/cloudless.gr/e2e/api/admin-api-comprehensive.spec.ts:33:40

    Error Context: test-results/api-admin-api-comprehensiv-18dd0-sts-data-when-authenticated-mobile-chrome/error-context.md

    Retry #1 ───────────────────────────────────────────────────────────────────────────────────────

    Error: apiRequestContext.get: connect ECONNREFUSED ::1:4000
    Call log:
      - → GET http://localhost:4000/api/admin/ab-tests
        - user-agent: Mozilla/5.0 (Linux; Android 14; Pixel 7) AppleWebKit/537.36 (KHTML, like Gecko) Chrome/151.0.7922.34 Mobile Safari/537.36
        - accept: */*
        - accept-encoding: gzip,deflate,br
        - Authorization: Bearer e2e-admin-token-do-not-use-in-prod

        at apiRequestContext.get: connect ECONNREFUSED ::1:4000
        at APITestHelper.get (/home/tbaltzakis/cloudless.gr/e2e/helpers/api-helpers.ts:51:41)
        at /home/tbaltzakis/cloudless.gr/e2e/api/admin-api-comprehensive.spec.ts:33:40

    Error Context: test-results/api-admin-api-comprehensiv-18dd0-sts-data-when-authenticated-mobile-chrome-retry1/error-context.md

    attachment #2: trace (application/zip) ─────────────────────────────────────────────────────────
    test-results/api-admin-api-comprehensiv-18dd0-sts-data-when-authenticated-mobile-chrome-retry1/trace.zip
    Usage:

        npx playwright show-trace test-results/api-admin-api-comprehensiv-18dd0-sts-data-when-authenticated-mobile-chrome-retry1/trace.zip

    ────────────────────────────────────────────────────────────────────────────────────────────────

  867) [mobile-chrome] › e2e/api/admin-api-comprehensive.spec.ts:50:9 › Admin API - Comprehensive Testing › AB Tests Endpoint › should handle invalid AB test ID gracefully 

    Error: apiRequestContext.get: connect ECONNREFUSED ::1:4000
    Call log:
      - → GET http://localhost:4000/api/admin/ab-tests/invalid-id
        - user-agent: Mozilla/5.0 (Linux; Android 14; Pixel 7) AppleWebKit/537.36 (KHTML, like Gecko) Chrome/151.0.7922.34 Mobile Safari/537.36
        - accept: */*
        - accept-encoding: gzip,deflate,br
        - Authorization: Bearer e2e-admin-token-do-not-use-in-prod

        at apiRequestContext.get: connect ECONNREFUSED ::1:4000
        at APITestHelper.get (/home/tbaltzakis/cloudless.gr/e2e/helpers/api-helpers.ts:51:41)
        at /home/tbaltzakis/cloudless.gr/e2e/api/admin-api-comprehensive.spec.ts:51:40

    Error Context: test-results/api-admin-api-comprehensiv-c877f-valid-AB-test-ID-gracefully-mobile-chrome/error-context.md

    Retry #1 ───────────────────────────────────────────────────────────────────────────────────────

    Error: apiRequestContext.get: connect ECONNREFUSED ::1:4000
    Call log:
      - → GET http://localhost:4000/api/admin/ab-tests/invalid-id
        - user-agent: Mozilla/5.0 (Linux; Android 14; Pixel 7) AppleWebKit/537.36 (KHTML, like Gecko) Chrome/151.0.7922.34 Mobile Safari/537.36
        - accept: */*
        - accept-encoding: gzip,deflate,br
        - Authorization: Bearer e2e-admin-token-do-not-use-in-prod

        at apiRequestContext.get: connect ECONNREFUSED ::1:4000
        at APITestHelper.get (/home/tbaltzakis/cloudless.gr/e2e/helpers/api-helpers.ts:51:41)
        at /home/tbaltzakis/cloudless.gr/e2e/api/admin-api-comprehensive.spec.ts:51:40

    Error Context: test-results/api-admin-api-comprehensiv-c877f-valid-AB-test-ID-gracefully-mobile-chrome-retry1/error-context.md

    attachment #2: trace (application/zip) ─────────────────────────────────────────────────────────
    test-results/api-admin-api-comprehensiv-c877f-valid-AB-test-ID-gracefully-mobile-chrome-retry1/trace.zip
    Usage:

        npx playwright show-trace test-results/api-admin-api-comprehensiv-c877f-valid-AB-test-ID-gracefully-mobile-chrome-retry1/trace.zip

    ────────────────────────────────────────────────────────────────────────────────────────────────

  868) [mobile-chrome] › e2e/api/admin-api-comprehensive.spec.ts:63:9 › Admin API - Comprehensive Testing › AI Analytics Orchestration Endpoint › should return analytics orchestration data 

    Error: apiRequestContext.post: connect ECONNREFUSED ::1:4000
    Call log:
      - → POST http://localhost:4000/api/admin/ai/analytics-orchestration
        - user-agent: Mozilla/5.0 (Linux; Android 14; Pixel 7) AppleWebKit/537.36 (KHTML, like Gecko) Chrome/151.0.7922.34 Mobile Safari/537.36
        - accept: */*
        - accept-encoding: gzip,deflate,br
        - Content-Type: application/json
        - Authorization: Bearer e2e-admin-token-do-not-use-in-prod
        - content-length: 2

        at apiRequestContext.post: connect ECONNREFUSED ::1:4000
        at APITestHelper.post (/home/tbaltzakis/cloudless.gr/e2e/helpers/api-helpers.ts:114:41)
        at /home/tbaltzakis/cloudless.gr/e2e/api/admin-api-comprehensive.spec.ts:64:40

    Error Context: test-results/api-admin-api-comprehensiv-0e277-nalytics-orchestration-data-mobile-chrome/error-context.md

    Retry #1 ───────────────────────────────────────────────────────────────────────────────────────

    Error: apiRequestContext.post: connect ECONNREFUSED ::1:4000
    Call log:
      - → POST http://localhost:4000/api/admin/ai/analytics-orchestration
        - user-agent: Mozilla/5.0 (Linux; Android 14; Pixel 7) AppleWebKit/537.36 (KHTML, like Gecko) Chrome/151.0.7922.34 Mobile Safari/537.36
        - accept: */*
        - accept-encoding: gzip,deflate,br
        - Content-Type: application/json
        - Authorization: Bearer e2e-admin-token-do-not-use-in-prod
        - content-length: 2

        at apiRequestContext.post: connect ECONNREFUSED ::1:4000
        at APITestHelper.post (/home/tbaltzakis/cloudless.gr/e2e/helpers/api-helpers.ts:114:41)
        at /home/tbaltzakis/cloudless.gr/e2e/api/admin-api-comprehensive.spec.ts:64:40

    Error Context: test-results/api-admin-api-comprehensiv-0e277-nalytics-orchestration-data-mobile-chrome-retry1/error-context.md

    attachment #2: trace (application/zip) ─────────────────────────────────────────────────────────
    test-results/api-admin-api-comprehensiv-0e277-nalytics-orchestration-data-mobile-chrome-retry1/trace.zip
    Usage:

        npx playwright show-trace test-results/api-admin-api-comprehensiv-0e277-nalytics-orchestration-data-mobile-chrome-retry1/trace.zip

    ────────────────────────────────────────────────────────────────────────────────────────────────

  869) [mobile-chrome] › e2e/api/admin-api-comprehensive.spec.ts:75:9 › Admin API - Comprehensive Testing › AI Analytics Orchestration Endpoint › should handle PDF generation request 

    Error: apiRequestContext.post: connect ECONNREFUSED ::1:4000
    Call log:
      - → POST http://localhost:4000/api/admin/ai/analytics-orchestration/pdf
        - user-agent: Mozilla/5.0 (Linux; Android 14; Pixel 7) AppleWebKit/537.36 (KHTML, like Gecko) Chrome/151.0.7922.34 Mobile Safari/537.36
        - accept: */*
        - accept-encoding: gzip,deflate,br
        - Content-Type: application/json
        - Authorization: Bearer e2e-admin-token-do-not-use-in-prod
        - content-length: 2

        at apiRequestContext.post: connect ECONNREFUSED ::1:4000
        at APITestHelper.post (/home/tbaltzakis/cloudless.gr/e2e/helpers/api-helpers.ts:114:41)
        at /home/tbaltzakis/cloudless.gr/e2e/api/admin-api-comprehensive.spec.ts:76:40

    Error Context: test-results/api-admin-api-comprehensiv-eafad-ndle-PDF-generation-request-mobile-chrome/error-context.md

    Retry #1 ───────────────────────────────────────────────────────────────────────────────────────

    Error: apiRequestContext.post: connect ECONNREFUSED ::1:4000
    Call log:
      - → POST http://localhost:4000/api/admin/ai/analytics-orchestration/pdf
        - user-agent: Mozilla/5.0 (Linux; Android 14; Pixel 7) AppleWebKit/537.36 (KHTML, like Gecko) Chrome/151.0.7922.34 Mobile Safari/537.36
        - accept: */*
        - accept-encoding: gzip,deflate,br
        - Content-Type: application/json
        - Authorization: Bearer e2e-admin-token-do-not-use-in-prod
        - content-length: 2

        at apiRequestContext.post: connect ECONNREFUSED ::1:4000
        at APITestHelper.post (/home/tbaltzakis/cloudless.gr/e2e/helpers/api-helpers.ts:114:41)
        at /home/tbaltzakis/cloudless.gr/e2e/api/admin-api-comprehensive.spec.ts:76:40

    Error Context: test-results/api-admin-api-comprehensiv-eafad-ndle-PDF-generation-request-mobile-chrome-retry1/error-context.md

    attachment #2: trace (application/zip) ─────────────────────────────────────────────────────────
    test-results/api-admin-api-comprehensiv-eafad-ndle-PDF-generation-request-mobile-chrome-retry1/trace.zip
    Usage:

        npx playwright show-trace test-results/api-admin-api-comprehensiv-eafad-ndle-PDF-generation-request-mobile-chrome-retry1/trace.zip

    ────────────────────────────────────────────────────────────────────────────────────────────────

  870) [mobile-chrome] › e2e/api/admin-api-comprehensive.spec.ts:90:9 › Admin API - Comprehensive Testing › AI Audience Endpoint › should return audience data 

    Error: apiRequestContext.post: connect ECONNREFUSED ::1:4000
    Call log:
      - → POST http://localhost:4000/api/admin/ai/audience
        - user-agent: Mozilla/5.0 (Linux; Android 14; Pixel 7) AppleWebKit/537.36 (KHTML, like Gecko) Chrome/151.0.7922.34 Mobile Safari/537.36
        - accept: */*
        - accept-encoding: gzip,deflate,br
        - Content-Type: application/json
        - Authorization: Bearer e2e-admin-token-do-not-use-in-prod
        - content-length: 115

        at apiRequestContext.post: connect ECONNREFUSED ::1:4000
        at APITestHelper.post (/home/tbaltzakis/cloudless.gr/e2e/helpers/api-helpers.ts:114:41)
        at /home/tbaltzakis/cloudless.gr/e2e/api/admin-api-comprehensive.spec.ts:91:40

    Error Context: test-results/api-admin-api-comprehensiv-78bd5-should-return-audience-data-mobile-chrome/error-context.md

    Retry #1 ───────────────────────────────────────────────────────────────────────────────────────

    Error: apiRequestContext.post: connect ECONNREFUSED ::1:4000
    Call log:
      - → POST http://localhost:4000/api/admin/ai/audience
        - user-agent: Mozilla/5.0 (Linux; Android 14; Pixel 7) AppleWebKit/537.36 (KHTML, like Gecko) Chrome/151.0.7922.34 Mobile Safari/537.36
        - accept: */*
        - accept-encoding: gzip,deflate,br
        - Content-Type: application/json
        - Authorization: Bearer e2e-admin-token-do-not-use-in-prod
        - content-length: 115

        at apiRequestContext.post: connect ECONNREFUSED ::1:4000
        at APITestHelper.post (/home/tbaltzakis/cloudless.gr/e2e/helpers/api-helpers.ts:114:41)
        at /home/tbaltzakis/cloudless.gr/e2e/api/admin-api-comprehensive.spec.ts:91:40

    Error Context: test-results/api-admin-api-comprehensiv-78bd5-should-return-audience-data-mobile-chrome-retry1/error-context.md

    attachment #2: trace (application/zip) ─────────────────────────────────────────────────────────
    test-results/api-admin-api-comprehensiv-78bd5-should-return-audience-data-mobile-chrome-retry1/trace.zip
    Usage:

        npx playwright show-trace test-results/api-admin-api-comprehensiv-78bd5-should-return-audience-data-mobile-chrome-retry1/trace.zip

    ────────────────────────────────────────────────────────────────────────────────────────────────

  871) [mobile-chrome] › e2e/api/admin-api-comprehensive.spec.ts:109:9 › Admin API - Comprehensive Testing › AI Campaign Endpoint › should accept campaign creation data 

    Error: apiRequestContext.post: connect ECONNREFUSED ::1:4000
    Call log:
      - → POST http://localhost:4000/api/admin/ai/campaign
        - user-agent: Mozilla/5.0 (Linux; Android 14; Pixel 7) AppleWebKit/537.36 (KHTML, like Gecko) Chrome/151.0.7922.34 Mobile Safari/537.36
        - accept: */*
        - accept-encoding: gzip,deflate,br
        - Content-Type: application/json
        - Authorization: Bearer e2e-admin-token-do-not-use-in-prod
        - content-length: 102

        at apiRequestContext.post: connect ECONNREFUSED ::1:4000
        at APITestHelper.post (/home/tbaltzakis/cloudless.gr/e2e/helpers/api-helpers.ts:114:41)
        at /home/tbaltzakis/cloudless.gr/e2e/api/admin-api-comprehensive.spec.ts:116:40

    Error Context: test-results/api-admin-api-comprehensiv-08f06-cept-campaign-creation-data-mobile-chrome/error-context.md

    Retry #1 ───────────────────────────────────────────────────────────────────────────────────────

    Error: apiRequestContext.post: connect ECONNREFUSED ::1:4000
    Call log:
      - → POST http://localhost:4000/api/admin/ai/campaign
        - user-agent: Mozilla/5.0 (Linux; Android 14; Pixel 7) AppleWebKit/537.36 (KHTML, like Gecko) Chrome/151.0.7922.34 Mobile Safari/537.36
        - accept: */*
        - accept-encoding: gzip,deflate,br
        - Content-Type: application/json
        - Authorization: Bearer e2e-admin-token-do-not-use-in-prod
        - content-length: 102

        at apiRequestContext.post: connect ECONNREFUSED ::1:4000
        at APITestHelper.post (/home/tbaltzakis/cloudless.gr/e2e/helpers/api-helpers.ts:114:41)
        at /home/tbaltzakis/cloudless.gr/e2e/api/admin-api-comprehensive.spec.ts:116:40

    Error Context: test-results/api-admin-api-comprehensiv-08f06-cept-campaign-creation-data-mobile-chrome-retry1/error-context.md

    attachment #2: trace (application/zip) ─────────────────────────────────────────────────────────
    test-results/api-admin-api-comprehensiv-08f06-cept-campaign-creation-data-mobile-chrome-retry1/trace.zip
    Usage:

        npx playwright show-trace test-results/api-admin-api-comprehensiv-08f06-cept-campaign-creation-data-mobile-chrome-retry1/trace.zip

    ────────────────────────────────────────────────────────────────────────────────────────────────

  872) [mobile-chrome] › e2e/api/admin-api-comprehensive.spec.ts:130:9 › Admin API - Comprehensive Testing › AI Copy Endpoint › should return copy generation data 

    Error: apiRequestContext.post: connect ECONNREFUSED ::1:4000
    Call log:
      - → POST http://localhost:4000/api/admin/ai/copy
        - user-agent: Mozilla/5.0 (Linux; Android 14; Pixel 7) AppleWebKit/537.36 (KHTML, like Gecko) Chrome/151.0.7922.34 Mobile Safari/537.36
        - accept: */*
        - accept-encoding: gzip,deflate,br
        - Content-Type: application/json
        - Authorization: Bearer e2e-admin-token-do-not-use-in-prod
        - content-length: 148

        at apiRequestContext.post: connect ECONNREFUSED ::1:4000
        at APITestHelper.post (/home/tbaltzakis/cloudless.gr/e2e/helpers/api-helpers.ts:114:41)
        at /home/tbaltzakis/cloudless.gr/e2e/api/admin-api-comprehensive.spec.ts:138:40

    Error Context: test-results/api-admin-api-comprehensiv-6e838-return-copy-generation-data-mobile-chrome/error-context.md

    Retry #1 ───────────────────────────────────────────────────────────────────────────────────────

    Error: apiRequestContext.post: connect ECONNREFUSED ::1:4000
    Call log:
      - → POST http://localhost:4000/api/admin/ai/copy
        - user-agent: Mozilla/5.0 (Linux; Android 14; Pixel 7) AppleWebKit/537.36 (KHTML, like Gecko) Chrome/151.0.7922.34 Mobile Safari/537.36
        - accept: */*
        - accept-encoding: gzip,deflate,br
        - Content-Type: application/json
        - Authorization: Bearer e2e-admin-token-do-not-use-in-prod
        - content-length: 148

        at apiRequestContext.post: connect ECONNREFUSED ::1:4000
        at APITestHelper.post (/home/tbaltzakis/cloudless.gr/e2e/helpers/api-helpers.ts:114:41)
        at /home/tbaltzakis/cloudless.gr/e2e/api/admin-api-comprehensive.spec.ts:138:40

    Error Context: test-results/api-admin-api-comprehensiv-6e838-return-copy-generation-data-mobile-chrome-retry1/error-context.md

    attachment #2: trace (application/zip) ─────────────────────────────────────────────────────────
    test-results/api-admin-api-comprehensiv-6e838-return-copy-generation-data-mobile-chrome-retry1/trace.zip
    Usage:

        npx playwright show-trace test-results/api-admin-api-comprehensiv-6e838-return-copy-generation-data-mobile-chrome-retry1/trace.zip

    ────────────────────────────────────────────────────────────────────────────────────────────────

  873) [mobile-chrome] › e2e/api/admin-api-comprehensive.spec.ts:149:9 › Admin API - Comprehensive Testing › AI Copy Endpoint › should accept copy generation request 

    Error: apiRequestContext.post: connect ECONNREFUSED ::1:4000
    Call log:
      - → POST http://localhost:4000/api/admin/ai/copy
        - user-agent: Mozilla/5.0 (Linux; Android 14; Pixel 7) AppleWebKit/537.36 (KHTML, like Gecko) Chrome/151.0.7922.34 Mobile Safari/537.36
        - accept: */*
        - accept-encoding: gzip,deflate,br
        - Content-Type: application/json
        - Authorization: Bearer e2e-admin-token-do-not-use-in-prod
        - content-length: 148

        at apiRequestContext.post: connect ECONNREFUSED ::1:4000
        at APITestHelper.post (/home/tbaltzakis/cloudless.gr/e2e/helpers/api-helpers.ts:114:41)
        at /home/tbaltzakis/cloudless.gr/e2e/api/admin-api-comprehensive.spec.ts:157:40

    Error Context: test-results/api-admin-api-comprehensiv-00372-ept-copy-generation-request-mobile-chrome/error-context.md

    Retry #1 ───────────────────────────────────────────────────────────────────────────────────────

    Error: apiRequestContext.post: connect ECONNREFUSED ::1:4000
    Call log:
      - → POST http://localhost:4000/api/admin/ai/copy
        - user-agent: Mozilla/5.0 (Linux; Android 14; Pixel 7) AppleWebKit/537.36 (KHTML, like Gecko) Chrome/151.0.7922.34 Mobile Safari/537.36
        - accept: */*
        - accept-encoding: gzip,deflate,br
        - Content-Type: application/json
        - Authorization: Bearer e2e-admin-token-do-not-use-in-prod
        - content-length: 148

        at apiRequestContext.post: connect ECONNREFUSED ::1:4000
        at APITestHelper.post (/home/tbaltzakis/cloudless.gr/e2e/helpers/api-helpers.ts:114:41)
        at /home/tbaltzakis/cloudless.gr/e2e/api/admin-api-comprehensive.spec.ts:157:40

    Error Context: test-results/api-admin-api-comprehensiv-00372-ept-copy-generation-request-mobile-chrome-retry1/error-context.md

    attachment #2: trace (application/zip) ─────────────────────────────────────────────────────────
    test-results/api-admin-api-comprehensiv-00372-ept-copy-generation-request-mobile-chrome-retry1/trace.zip
    Usage:

        npx playwright show-trace test-results/api-admin-api-comprehensiv-00372-ept-copy-generation-request-mobile-chrome-retry1/trace.zip

    ────────────────────────────────────────────────────────────────────────────────────────────────

  874) [mobile-chrome] › e2e/api/admin-api-comprehensive.spec.ts:183:11 › Admin API - Comprehensive Testing › Analytics Endpoints › should return data for /api/admin/analytics/devices 

    Error: apiRequestContext.get: connect ECONNREFUSED ::1:4000
    Call log:
      - → GET http://localhost:4000/api/admin/analytics/devices
        - user-agent: Mozilla/5.0 (Linux; Android 14; Pixel 7) AppleWebKit/537.36 (KHTML, like Gecko) Chrome/151.0.7922.34 Mobile Safari/537.36
        - accept: */*
        - accept-encoding: gzip,deflate,br
        - Authorization: Bearer e2e-admin-token-do-not-use-in-prod

        at apiRequestContext.get: connect ECONNREFUSED ::1:4000
        at APITestHelper.get (/home/tbaltzakis/cloudless.gr/e2e/helpers/api-helpers.ts:51:41)
        at /home/tbaltzakis/cloudless.gr/e2e/api/admin-api-comprehensive.spec.ts:184:42

    Error Context: test-results/api-admin-api-comprehensiv-48de0-api-admin-analytics-devices-mobile-chrome/error-context.md

    Retry #1 ───────────────────────────────────────────────────────────────────────────────────────

    Error: apiRequestContext.get: connect ECONNREFUSED ::1:4000
    Call log:
      - → GET http://localhost:4000/api/admin/analytics/devices
        - user-agent: Mozilla/5.0 (Linux; Android 14; Pixel 7) AppleWebKit/537.36 (KHTML, like Gecko) Chrome/151.0.7922.34 Mobile Safari/537.36
        - accept: */*
        - accept-encoding: gzip,deflate,br
        - Authorization: Bearer e2e-admin-token-do-not-use-in-prod

        at apiRequestContext.get: connect ECONNREFUSED ::1:4000
        at APITestHelper.get (/home/tbaltzakis/cloudless.gr/e2e/helpers/api-helpers.ts:51:41)
        at /home/tbaltzakis/cloudless.gr/e2e/api/admin-api-comprehensive.spec.ts:184:42

    Error Context: test-results/api-admin-api-comprehensiv-48de0-api-admin-analytics-devices-mobile-chrome-retry1/error-context.md

    attachment #2: trace (application/zip) ─────────────────────────────────────────────────────────
    test-results/api-admin-api-comprehensiv-48de0-api-admin-analytics-devices-mobile-chrome-retry1/trace.zip
    Usage:

        npx playwright show-trace test-results/api-admin-api-comprehensiv-48de0-api-admin-analytics-devices-mobile-chrome-retry1/trace.zip

    ────────────────────────────────────────────────────────────────────────────────────────────────

  875) [mobile-chrome] › e2e/api/admin-api-comprehensive.spec.ts:183:11 › Admin API - Comprehensive Testing › Analytics Endpoints › should return data for /api/admin/analytics/products 

    Error: apiRequestContext.get: connect ECONNREFUSED ::1:4000
    Call log:
      - → GET http://localhost:4000/api/admin/analytics/products
        - user-agent: Mozilla/5.0 (Linux; Android 14; Pixel 7) AppleWebKit/537.36 (KHTML, like Gecko) Chrome/151.0.7922.34 Mobile Safari/537.36
        - accept: */*
        - accept-encoding: gzip,deflate,br
        - Authorization: Bearer e2e-admin-token-do-not-use-in-prod

        at apiRequestContext.get: connect ECONNREFUSED ::1:4000
        at APITestHelper.get (/home/tbaltzakis/cloudless.gr/e2e/helpers/api-helpers.ts:51:41)
        at /home/tbaltzakis/cloudless.gr/e2e/api/admin-api-comprehensive.spec.ts:184:42

    Error Context: test-results/api-admin-api-comprehensiv-ea36a-pi-admin-analytics-products-mobile-chrome/error-context.md

    Retry #1 ───────────────────────────────────────────────────────────────────────────────────────

    Error: apiRequestContext.get: connect ECONNREFUSED ::1:4000
    Call log:
      - → GET http://localhost:4000/api/admin/analytics/products
        - user-agent: Mozilla/5.0 (Linux; Android 14; Pixel 7) AppleWebKit/537.36 (KHTML, like Gecko) Chrome/151.0.7922.34 Mobile Safari/537.36
        - accept: */*
        - accept-encoding: gzip,deflate,br
        - Authorization: Bearer e2e-admin-token-do-not-use-in-prod

        at apiRequestContext.get: connect ECONNREFUSED ::1:4000
        at APITestHelper.get (/home/tbaltzakis/cloudless.gr/e2e/helpers/api-helpers.ts:51:41)
        at /home/tbaltzakis/cloudless.gr/e2e/api/admin-api-comprehensive.spec.ts:184:42

    Error Context: test-results/api-admin-api-comprehensiv-ea36a-pi-admin-analytics-products-mobile-chrome-retry1/error-context.md

    attachment #2: trace (application/zip) ─────────────────────────────────────────────────────────
    test-results/api-admin-api-comprehensiv-ea36a-pi-admin-analytics-products-mobile-chrome-retry1/trace.zip
    Usage:

        npx playwright show-trace test-results/api-admin-api-comprehensiv-ea36a-pi-admin-analytics-products-mobile-chrome-retry1/trace.zip

    ────────────────────────────────────────────────────────────────────────────────────────────────

  876) [mobile-chrome] › e2e/api/admin-api-comprehensive.spec.ts:183:11 › Admin API - Comprehensive Testing › Analytics Endpoints › should return data for /api/admin/analytics/pages 

    Error: apiRequestContext.get: connect ECONNREFUSED ::1:4000
    Call log:
      - → GET http://localhost:4000/api/admin/analytics/pages
        - user-agent: Mozilla/5.0 (Linux; Android 14; Pixel 7) AppleWebKit/537.36 (KHTML, like Gecko) Chrome/151.0.7922.34 Mobile Safari/537.36
        - accept: */*
        - accept-encoding: gzip,deflate,br
        - Authorization: Bearer e2e-admin-token-do-not-use-in-prod

        at apiRequestContext.get: connect ECONNREFUSED ::1:4000
        at APITestHelper.get (/home/tbaltzakis/cloudless.gr/e2e/helpers/api-helpers.ts:51:41)
        at /home/tbaltzakis/cloudless.gr/e2e/api/admin-api-comprehensive.spec.ts:184:42

    Error Context: test-results/api-admin-api-comprehensiv-25486-r-api-admin-analytics-pages-mobile-chrome/error-context.md

    Retry #1 ───────────────────────────────────────────────────────────────────────────────────────

    Error: apiRequestContext.get: connect ECONNREFUSED ::1:4000
    Call log:
      - → GET http://localhost:4000/api/admin/analytics/pages
        - user-agent: Mozilla/5.0 (Linux; Android 14; Pixel 7) AppleWebKit/537.36 (KHTML, like Gecko) Chrome/151.0.7922.34 Mobile Safari/537.36
        - accept: */*
        - accept-encoding: gzip,deflate,br
        - Authorization: Bearer e2e-admin-token-do-not-use-in-prod

        at apiRequestContext.get: connect ECONNREFUSED ::1:4000
        at APITestHelper.get (/home/tbaltzakis/cloudless.gr/e2e/helpers/api-helpers.ts:51:41)
        at /home/tbaltzakis/cloudless.gr/e2e/api/admin-api-comprehensive.spec.ts:184:42

    Error Context: test-results/api-admin-api-comprehensiv-25486-r-api-admin-analytics-pages-mobile-chrome-retry1/error-context.md

    attachment #2: trace (application/zip) ─────────────────────────────────────────────────────────
    test-results/api-admin-api-comprehensiv-25486-r-api-admin-analytics-pages-mobile-chrome-retry1/trace.zip
    Usage:

        npx playwright show-trace test-results/api-admin-api-comprehensiv-25486-r-api-admin-analytics-pages-mobile-chrome-retry1/trace.zip

    ────────────────────────────────────────────────────────────────────────────────────────────────

  877) [mobile-chrome] › e2e/api/admin-api-comprehensive.spec.ts:183:11 › Admin API - Comprehensive Testing › Analytics Endpoints › should return data for /api/admin/analytics/query-pages 

    Error: apiRequestContext.get: connect ECONNREFUSED ::1:4000
    Call log:
      - → GET http://localhost:4000/api/admin/analytics/query-pages
        - user-agent: Mozilla/5.0 (Linux; Android 14; Pixel 7) AppleWebKit/537.36 (KHTML, like Gecko) Chrome/151.0.7922.34 Mobile Safari/537.36
        - accept: */*
        - accept-encoding: gzip,deflate,br
        - Authorization: Bearer e2e-admin-token-do-not-use-in-prod

        at apiRequestContext.get: connect ECONNREFUSED ::1:4000
        at APITestHelper.get (/home/tbaltzakis/cloudless.gr/e2e/helpers/api-helpers.ts:51:41)
        at /home/tbaltzakis/cloudless.gr/e2e/api/admin-api-comprehensive.spec.ts:184:42

    Error Context: test-results/api-admin-api-comprehensiv-d78d0-admin-analytics-query-pages-mobile-chrome/error-context.md

    Retry #1 ───────────────────────────────────────────────────────────────────────────────────────

    Error: apiRequestContext.get: connect ECONNREFUSED ::1:4000
    Call log:
      - → GET http://localhost:4000/api/admin/analytics/query-pages
        - user-agent: Mozilla/5.0 (Linux; Android 14; Pixel 7) AppleWebKit/537.36 (KHTML, like Gecko) Chrome/151.0.7922.34 Mobile Safari/537.36
        - accept: */*
        - accept-encoding: gzip,deflate,br
        - Authorization: Bearer e2e-admin-token-do-not-use-in-prod

        at apiRequestContext.get: connect ECONNREFUSED ::1:4000
        at APITestHelper.get (/home/tbaltzakis/cloudless.gr/e2e/helpers/api-helpers.ts:51:41)
        at /home/tbaltzakis/cloudless.gr/e2e/api/admin-api-comprehensive.spec.ts:184:42

    Error Context: test-results/api-admin-api-comprehensiv-d78d0-admin-analytics-query-pages-mobile-chrome-retry1/error-context.md

    attachment #2: trace (application/zip) ─────────────────────────────────────────────────────────
    test-results/api-admin-api-comprehensiv-d78d0-admin-analytics-query-pages-mobile-chrome-retry1/trace.zip
    Usage:

        npx playwright show-trace test-results/api-admin-api-comprehensiv-d78d0-admin-analytics-query-pages-mobile-chrome-retry1/trace.zip

    ────────────────────────────────────────────────────────────────────────────────────────────────

  878) [mobile-chrome] › e2e/api/admin-api-comprehensive.spec.ts:183:11 › Admin API - Comprehensive Testing › Analytics Endpoints › should return data for /api/admin/analytics/search-intent 

    Error: apiRequestContext.get: connect ECONNREFUSED ::1:4000
    Call log:
      - → GET http://localhost:4000/api/admin/analytics/search-intent
        - user-agent: Mozilla/5.0 (Linux; Android 14; Pixel 7) AppleWebKit/537.36 (KHTML, like Gecko) Chrome/151.0.7922.34 Mobile Safari/537.36
        - accept: */*
        - accept-encoding: gzip,deflate,br
        - Authorization: Bearer e2e-admin-token-do-not-use-in-prod

        at apiRequestContext.get: connect ECONNREFUSED ::1:4000
        at APITestHelper.get (/home/tbaltzakis/cloudless.gr/e2e/helpers/api-helpers.ts:51:41)
        at /home/tbaltzakis/cloudless.gr/e2e/api/admin-api-comprehensive.spec.ts:184:42

    Error Context: test-results/api-admin-api-comprehensiv-fbec2-min-analytics-search-intent-mobile-chrome/error-context.md

    Retry #1 ───────────────────────────────────────────────────────────────────────────────────────

    Error: apiRequestContext.get: connect ECONNREFUSED ::1:4000
    Call log:
      - → GET http://localhost:4000/api/admin/analytics/search-intent
        - user-agent: Mozilla/5.0 (Linux; Android 14; Pixel 7) AppleWebKit/537.36 (KHTML, like Gecko) Chrome/151.0.7922.34 Mobile Safari/537.36
        - accept: */*
        - accept-encoding: gzip,deflate,br
        - Authorization: Bearer e2e-admin-token-do-not-use-in-prod

        at apiRequestContext.get: connect ECONNREFUSED ::1:4000
        at APITestHelper.get (/home/tbaltzakis/cloudless.gr/e2e/helpers/api-helpers.ts:51:41)
        at /home/tbaltzakis/cloudless.gr/e2e/api/admin-api-comprehensive.spec.ts:184:42

    Error Context: test-results/api-admin-api-comprehensiv-fbec2-min-analytics-search-intent-mobile-chrome-retry1/error-context.md

    attachment #2: trace (application/zip) ─────────────────────────────────────────────────────────
    test-results/api-admin-api-comprehensiv-fbec2-min-analytics-search-intent-mobile-chrome-retry1/trace.zip
    Usage:

        npx playwright show-trace test-results/api-admin-api-comprehensiv-fbec2-min-analytics-search-intent-mobile-chrome-retry1/trace.zip

    ────────────────────────────────────────────────────────────────────────────────────────────────

  879) [mobile-chrome] › e2e/api/admin-api-comprehensive.spec.ts:183:11 › Admin API - Comprehensive Testing › Analytics Endpoints › should return data for /api/admin/analytics/seo 

    Error: apiRequestContext.get: connect ECONNREFUSED ::1:4000
    Call log:
      - → GET http://localhost:4000/api/admin/analytics/seo
        - user-agent: Mozilla/5.0 (Linux; Android 14; Pixel 7) AppleWebKit/537.36 (KHTML, like Gecko) Chrome/151.0.7922.34 Mobile Safari/537.36
        - accept: */*
        - accept-encoding: gzip,deflate,br
        - Authorization: Bearer e2e-admin-token-do-not-use-in-prod

        at apiRequestContext.get: connect ECONNREFUSED ::1:4000
        at APITestHelper.get (/home/tbaltzakis/cloudless.gr/e2e/helpers/api-helpers.ts:51:41)
        at /home/tbaltzakis/cloudless.gr/e2e/api/admin-api-comprehensive.spec.ts:184:42

    Error Context: test-results/api-admin-api-comprehensiv-9f4be-for-api-admin-analytics-seo-mobile-chrome/error-context.md

    Retry #1 ───────────────────────────────────────────────────────────────────────────────────────

    Error: apiRequestContext.get: connect ECONNREFUSED ::1:4000
    Call log:
      - → GET http://localhost:4000/api/admin/analytics/seo
        - user-agent: Mozilla/5.0 (Linux; Android 14; Pixel 7) AppleWebKit/537.36 (KHTML, like Gecko) Chrome/151.0.7922.34 Mobile Safari/537.36
        - accept: */*
        - accept-encoding: gzip,deflate,br
        - Authorization: Bearer e2e-admin-token-do-not-use-in-prod

        at apiRequestContext.get: connect ECONNREFUSED ::1:4000
        at APITestHelper.get (/home/tbaltzakis/cloudless.gr/e2e/helpers/api-helpers.ts:51:41)
        at /home/tbaltzakis/cloudless.gr/e2e/api/admin-api-comprehensive.spec.ts:184:42

    Error Context: test-results/api-admin-api-comprehensiv-9f4be-for-api-admin-analytics-seo-mobile-chrome-retry1/error-context.md

    attachment #2: trace (application/zip) ─────────────────────────────────────────────────────────
    test-results/api-admin-api-comprehensiv-9f4be-for-api-admin-analytics-seo-mobile-chrome-retry1/trace.zip
    Usage:

        npx playwright show-trace test-results/api-admin-api-comprehensiv-9f4be-for-api-admin-analytics-seo-mobile-chrome-retry1/trace.zip

    ────────────────────────────────────────────────────────────────────────────────────────────────

  880) [mobile-chrome] › e2e/api/admin-api-comprehensive.spec.ts:183:11 › Admin API - Comprehensive Testing › Analytics Endpoints › should return data for /api/admin/analytics/countries 

    Error: apiRequestContext.get: connect ECONNREFUSED ::1:4000
    Call log:
      - → GET http://localhost:4000/api/admin/analytics/countries
        - user-agent: Mozilla/5.0 (Linux; Android 14; Pixel 7) AppleWebKit/537.36 (KHTML, like Gecko) Chrome/151.0.7922.34 Mobile Safari/537.36
        - accept: */*
        - accept-encoding: gzip,deflate,br
        - Authorization: Bearer e2e-admin-token-do-not-use-in-prod

        at apiRequestContext.get: connect ECONNREFUSED ::1:4000
        at APITestHelper.get (/home/tbaltzakis/cloudless.gr/e2e/helpers/api-helpers.ts:51:41)
        at /home/tbaltzakis/cloudless.gr/e2e/api/admin-api-comprehensive.spec.ts:184:42

    Error Context: test-results/api-admin-api-comprehensiv-dd6d5-i-admin-analytics-countries-mobile-chrome/error-context.md

    Retry #1 ───────────────────────────────────────────────────────────────────────────────────────

    Error: apiRequestContext.get: connect ECONNREFUSED ::1:4000
    Call log:
      - → GET http://localhost:4000/api/admin/analytics/countries
        - user-agent: Mozilla/5.0 (Linux; Android 14; Pixel 7) AppleWebKit/537.36 (KHTML, like Gecko) Chrome/151.0.7922.34 Mobile Safari/537.36
        - accept: */*
        - accept-encoding: gzip,deflate,br
        - Authorization: Bearer e2e-admin-token-do-not-use-in-prod

        at apiRequestContext.get: connect ECONNREFUSED ::1:4000
        at APITestHelper.get (/home/tbaltzakis/cloudless.gr/e2e/helpers/api-helpers.ts:51:41)
        at /home/tbaltzakis/cloudless.gr/e2e/api/admin-api-comprehensive.spec.ts:184:42

    Error Context: test-results/api-admin-api-comprehensiv-dd6d5-i-admin-analytics-countries-mobile-chrome-retry1/error-context.md

    attachment #2: trace (application/zip) ─────────────────────────────────────────────────────────
    test-results/api-admin-api-comprehensiv-dd6d5-i-admin-analytics-countries-mobile-chrome-retry1/trace.zip
    Usage:

        npx playwright show-trace test-results/api-admin-api-comprehensiv-dd6d5-i-admin-analytics-countries-mobile-chrome-retry1/trace.zip

    ────────────────────────────────────────────────────────────────────────────────────────────────

  881) [mobile-chrome] › e2e/api/admin-api-comprehensive.spec.ts:203:11 › Admin API - Comprehensive Testing › Analytics Endpoints › should return data for /api/admin/analytics/history 

    Error: apiRequestContext.get: connect ECONNREFUSED ::1:4000
    Call log:
      - → GET http://localhost:4000/api/admin/analytics/history
        - user-agent: Mozilla/5.0 (Linux; Android 14; Pixel 7) AppleWebKit/537.36 (KHTML, like Gecko) Chrome/151.0.7922.34 Mobile Safari/537.36
        - accept: */*
        - accept-encoding: gzip,deflate,br
        - Authorization: Bearer e2e-admin-token-do-not-use-in-prod

        at apiRequestContext.get: connect ECONNREFUSED ::1:4000
        at APITestHelper.get (/home/tbaltzakis/cloudless.gr/e2e/helpers/api-helpers.ts:51:41)
        at /home/tbaltzakis/cloudless.gr/e2e/api/admin-api-comprehensive.spec.ts:204:42

    Error Context: test-results/api-admin-api-comprehensiv-13850-api-admin-analytics-history-mobile-chrome/error-context.md

    Retry #1 ───────────────────────────────────────────────────────────────────────────────────────

    Error: apiRequestContext.get: connect ECONNREFUSED ::1:4000
    Call log:
      - → GET http://localhost:4000/api/admin/analytics/history
        - user-agent: Mozilla/5.0 (Linux; Android 14; Pixel 7) AppleWebKit/537.36 (KHTML, like Gecko) Chrome/151.0.7922.34 Mobile Safari/537.36
        - accept: */*
        - accept-encoding: gzip,deflate,br
        - Authorization: Bearer e2e-admin-token-do-not-use-in-prod

        at apiRequestContext.get: connect ECONNREFUSED ::1:4000
        at APITestHelper.get (/home/tbaltzakis/cloudless.gr/e2e/helpers/api-helpers.ts:51:41)
        at /home/tbaltzakis/cloudless.gr/e2e/api/admin-api-comprehensive.spec.ts:204:42

    Error Context: test-results/api-admin-api-comprehensiv-13850-api-admin-analytics-history-mobile-chrome-retry1/error-context.md

    attachment #2: trace (application/zip) ─────────────────────────────────────────────────────────
    test-results/api-admin-api-comprehensiv-13850-api-admin-analytics-history-mobile-chrome-retry1/trace.zip
    Usage:

        npx playwright show-trace test-results/api-admin-api-comprehensiv-13850-api-admin-analytics-history-mobile-chrome-retry1/trace.zip

    ────────────────────────────────────────────────────────────────────────────────────────────────

  882) [mobile-chrome] › e2e/api/admin-api-comprehensive.spec.ts:203:11 › Admin API - Comprehensive Testing › Analytics Endpoints › should return data for /api/admin/analytics/keywords 

    Error: apiRequestContext.get: connect ECONNREFUSED ::1:4000
    Call log:
      - → GET http://localhost:4000/api/admin/analytics/keywords
        - user-agent: Mozilla/5.0 (Linux; Android 14; Pixel 7) AppleWebKit/537.36 (KHTML, like Gecko) Chrome/151.0.7922.34 Mobile Safari/537.36
        - accept: */*
        - accept-encoding: gzip,deflate,br
        - Authorization: Bearer e2e-admin-token-do-not-use-in-prod

        at apiRequestContext.get: connect ECONNREFUSED ::1:4000
        at APITestHelper.get (/home/tbaltzakis/cloudless.gr/e2e/helpers/api-helpers.ts:51:41)
        at /home/tbaltzakis/cloudless.gr/e2e/api/admin-api-comprehensive.spec.ts:204:42

    Error Context: test-results/api-admin-api-comprehensiv-ea0b0-pi-admin-analytics-keywords-mobile-chrome/error-context.md

    Retry #1 ───────────────────────────────────────────────────────────────────────────────────────

    Error: apiRequestContext.get: connect ECONNREFUSED ::1:4000
    Call log:
      - → GET http://localhost:4000/api/admin/analytics/keywords
        - user-agent: Mozilla/5.0 (Linux; Android 14; Pixel 7) AppleWebKit/537.36 (KHTML, like Gecko) Chrome/151.0.7922.34 Mobile Safari/537.36
        - accept: */*
        - accept-encoding: gzip,deflate,br
        - Authorization: Bearer e2e-admin-token-do-not-use-in-prod

        at apiRequestContext.get: connect ECONNREFUSED ::1:4000
        at APITestHelper.get (/home/tbaltzakis/cloudless.gr/e2e/helpers/api-helpers.ts:51:41)
        at /home/tbaltzakis/cloudless.gr/e2e/api/admin-api-comprehensive.spec.ts:204:42

    Error Context: test-results/api-admin-api-comprehensiv-ea0b0-pi-admin-analytics-keywords-mobile-chrome-retry1/error-context.md

    attachment #2: trace (application/zip) ─────────────────────────────────────────────────────────
    test-results/api-admin-api-comprehensiv-ea0b0-pi-admin-analytics-keywords-mobile-chrome-retry1/trace.zip
    Usage:

        npx playwright show-trace test-results/api-admin-api-comprehensiv-ea0b0-pi-admin-analytics-keywords-mobile-chrome-retry1/trace.zip

    ────────────────────────────────────────────────────────────────────────────────────────────────

  883) [mobile-chrome] › e2e/api/admin-api-comprehensive.spec.ts:203:11 › Admin API - Comprehensive Testing › Analytics Endpoints › should return data for /api/admin/analytics/unified 

    Error: apiRequestContext.get: connect ECONNREFUSED ::1:4000
    Call log:
      - → GET http://localhost:4000/api/admin/analytics/unified
        - user-agent: Mozilla/5.0 (Linux; Android 14; Pixel 7) AppleWebKit/537.36 (KHTML, like Gecko) Chrome/151.0.7922.34 Mobile Safari/537.36
        - accept: */*
        - accept-encoding: gzip,deflate,br
        - Authorization: Bearer e2e-admin-token-do-not-use-in-prod

        at apiRequestContext.get: connect ECONNREFUSED ::1:4000
        at APITestHelper.get (/home/tbaltzakis/cloudless.gr/e2e/helpers/api-helpers.ts:51:41)
        at /home/tbaltzakis/cloudless.gr/e2e/api/admin-api-comprehensive.spec.ts:204:42

    Error Context: test-results/api-admin-api-comprehensiv-0ba97-api-admin-analytics-unified-mobile-chrome/error-context.md

    Retry #1 ───────────────────────────────────────────────────────────────────────────────────────

    Error: apiRequestContext.get: connect ECONNREFUSED ::1:4000
    Call log:
      - → GET http://localhost:4000/api/admin/analytics/unified
        - user-agent: Mozilla/5.0 (Linux; Android 14; Pixel 7) AppleWebKit/537.36 (KHTML, like Gecko) Chrome/151.0.7922.34 Mobile Safari/537.36
        - accept: */*
        - accept-encoding: gzip,deflate,br
        - Authorization: Bearer e2e-admin-token-do-not-use-in-prod

        at apiRequestContext.get: connect ECONNREFUSED ::1:4000
        at APITestHelper.get (/home/tbaltzakis/cloudless.gr/e2e/helpers/api-helpers.ts:51:41)
        at /home/tbaltzakis/cloudless.gr/e2e/api/admin-api-comprehensive.spec.ts:204:42

    Error Context: test-results/api-admin-api-comprehensiv-0ba97-api-admin-analytics-unified-mobile-chrome-retry1/error-context.md

    attachment #2: trace (application/zip) ─────────────────────────────────────────────────────────
    test-results/api-admin-api-comprehensiv-0ba97-api-admin-analytics-unified-mobile-chrome-retry1/trace.zip
    Usage:

        npx playwright show-trace test-results/api-admin-api-comprehensiv-0ba97-api-admin-analytics-unified-mobile-chrome-retry1/trace.zip

    ────────────────────────────────────────────────────────────────────────────────────────────────

  884) [mobile-chrome] › e2e/api/admin-api-comprehensive.spec.ts:203:11 › Admin API - Comprehensive Testing › Analytics Endpoints › should return data for /api/admin/analytics/web 

    Error: apiRequestContext.get: connect ECONNREFUSED ::1:4000
    Call log:
      - → GET http://localhost:4000/api/admin/analytics/web
        - user-agent: Mozilla/5.0 (Linux; Android 14; Pixel 7) AppleWebKit/537.36 (KHTML, like Gecko) Chrome/151.0.7922.34 Mobile Safari/537.36
        - accept: */*
        - accept-encoding: gzip,deflate,br
        - Authorization: Bearer e2e-admin-token-do-not-use-in-prod

        at apiRequestContext.get: connect ECONNREFUSED ::1:4000
        at APITestHelper.get (/home/tbaltzakis/cloudless.gr/e2e/helpers/api-helpers.ts:51:41)
        at /home/tbaltzakis/cloudless.gr/e2e/api/admin-api-comprehensive.spec.ts:204:42

    Error Context: test-results/api-admin-api-comprehensiv-c8bce-for-api-admin-analytics-web-mobile-chrome/error-context.md

    Retry #1 ───────────────────────────────────────────────────────────────────────────────────────

    Error: apiRequestContext.get: connect ECONNREFUSED ::1:4000
    Call log:
      - → GET http://localhost:4000/api/admin/analytics/web
        - user-agent: Mozilla/5.0 (Linux; Android 14; Pixel 7) AppleWebKit/537.36 (KHTML, like Gecko) Chrome/151.0.7922.34 Mobile Safari/537.36
        - accept: */*
        - accept-encoding: gzip,deflate,br
        - Authorization: Bearer e2e-admin-token-do-not-use-in-prod

        at apiRequestContext.get: connect ECONNREFUSED ::1:4000
        at APITestHelper.get (/home/tbaltzakis/cloudless.gr/e2e/helpers/api-helpers.ts:51:41)
        at /home/tbaltzakis/cloudless.gr/e2e/api/admin-api-comprehensive.spec.ts:204:42

    Error Context: test-results/api-admin-api-comprehensiv-c8bce-for-api-admin-analytics-web-mobile-chrome-retry1/error-context.md

    attachment #2: trace (application/zip) ─────────────────────────────────────────────────────────
    test-results/api-admin-api-comprehensiv-c8bce-for-api-admin-analytics-web-mobile-chrome-retry1/trace.zip
    Usage:

        npx playwright show-trace test-results/api-admin-api-comprehensiv-c8bce-for-api-admin-analytics-web-mobile-chrome-retry1/trace.zip

    ────────────────────────────────────────────────────────────────────────────────────────────────

  885) [mobile-chrome] › e2e/api/admin-api-comprehensive.spec.ts:217:9 › Admin API - Comprehensive Testing › Cache Endpoint › should return cache statistics 

    Error: apiRequestContext.post: connect ECONNREFUSED ::1:4000
    Call log:
      - → POST http://localhost:4000/api/admin/cache
        - user-agent: Mozilla/5.0 (Linux; Android 14; Pixel 7) AppleWebKit/537.36 (KHTML, like Gecko) Chrome/151.0.7922.34 Mobile Safari/537.36
        - accept: */*
        - accept-encoding: gzip,deflate,br
        - Content-Type: application/json
        - Authorization: Bearer e2e-admin-token-do-not-use-in-prod
        - content-length: 2

        at apiRequestContext.post: connect ECONNREFUSED ::1:4000
        at APITestHelper.post (/home/tbaltzakis/cloudless.gr/e2e/helpers/api-helpers.ts:114:41)
        at /home/tbaltzakis/cloudless.gr/e2e/api/admin-api-comprehensive.spec.ts:218:40

    Error Context: test-results/api-admin-api-comprehensiv-a919a-uld-return-cache-statistics-mobile-chrome/error-context.md

    Retry #1 ───────────────────────────────────────────────────────────────────────────────────────

    Error: apiRequestContext.post: connect ECONNREFUSED ::1:4000
    Call log:
      - → POST http://localhost:4000/api/admin/cache
        - user-agent: Mozilla/5.0 (Linux; Android 14; Pixel 7) AppleWebKit/537.36 (KHTML, like Gecko) Chrome/151.0.7922.34 Mobile Safari/537.36
        - accept: */*
        - accept-encoding: gzip,deflate,br
        - Content-Type: application/json
        - Authorization: Bearer e2e-admin-token-do-not-use-in-prod
        - content-length: 2

        at apiRequestContext.post: connect ECONNREFUSED ::1:4000
        at APITestHelper.post (/home/tbaltzakis/cloudless.gr/e2e/helpers/api-helpers.ts:114:41)
        at /home/tbaltzakis/cloudless.gr/e2e/api/admin-api-comprehensive.spec.ts:218:40

    Error Context: test-results/api-admin-api-comprehensiv-a919a-uld-return-cache-statistics-mobile-chrome-retry1/error-context.md

    attachment #2: trace (application/zip) ─────────────────────────────────────────────────────────
    test-results/api-admin-api-comprehensiv-a919a-uld-return-cache-statistics-mobile-chrome-retry1/trace.zip
    Usage:

        npx playwright show-trace test-results/api-admin-api-comprehensiv-a919a-uld-return-cache-statistics-mobile-chrome-retry1/trace.zip

    ────────────────────────────────────────────────────────────────────────────────────────────────

  886) [mobile-chrome] › e2e/api/admin-api-comprehensive.spec.ts:227:9 › Admin API - Comprehensive Testing › Cache Endpoint › should accept cache clear request 

    Error: apiRequestContext.post: connect ECONNREFUSED ::1:4000
    Call log:
      - → POST http://localhost:4000/api/admin/cache/clear
        - user-agent: Mozilla/5.0 (Linux; Android 14; Pixel 7) AppleWebKit/537.36 (KHTML, like Gecko) Chrome/151.0.7922.34 Mobile Safari/537.36
        - accept: */*
        - accept-encoding: gzip,deflate,br
        - Content-Type: application/json
        - Authorization: Bearer e2e-admin-token-do-not-use-in-prod
        - content-length: 2

        at apiRequestContext.post: connect ECONNREFUSED ::1:4000
        at APITestHelper.post (/home/tbaltzakis/cloudless.gr/e2e/helpers/api-helpers.ts:114:41)
        at /home/tbaltzakis/cloudless.gr/e2e/api/admin-api-comprehensive.spec.ts:228:40

    Error Context: test-results/api-admin-api-comprehensiv-cf340--accept-cache-clear-request-mobile-chrome/error-context.md

    Retry #1 ───────────────────────────────────────────────────────────────────────────────────────

    Error: apiRequestContext.post: connect ECONNREFUSED ::1:4000
    Call log:
      - → POST http://localhost:4000/api/admin/cache/clear
        - user-agent: Mozilla/5.0 (Linux; Android 14; Pixel 7) AppleWebKit/537.36 (KHTML, like Gecko) Chrome/151.0.7922.34 Mobile Safari/537.36
        - accept: */*
        - accept-encoding: gzip,deflate,br
        - Content-Type: application/json
        - Authorization: Bearer e2e-admin-token-do-not-use-in-prod
        - content-length: 2

        at apiRequestContext.post: connect ECONNREFUSED ::1:4000
        at APITestHelper.post (/home/tbaltzakis/cloudless.gr/e2e/helpers/api-helpers.ts:114:41)
        at /home/tbaltzakis/cloudless.gr/e2e/api/admin-api-comprehensive.spec.ts:228:40

    Error Context: test-results/api-admin-api-comprehensiv-cf340--accept-cache-clear-request-mobile-chrome-retry1/error-context.md

    attachment #2: trace (application/zip) ─────────────────────────────────────────────────────────
    test-results/api-admin-api-comprehensiv-cf340--accept-cache-clear-request-mobile-chrome-retry1/trace.zip
    Usage:

        npx playwright show-trace test-results/api-admin-api-comprehensiv-cf340--accept-cache-clear-request-mobile-chrome-retry1/trace.zip

    ────────────────────────────────────────────────────────────────────────────────────────────────

  887) [mobile-chrome] › e2e/api/admin-api-comprehensive.spec.ts:240:9 › Admin API - Comprehensive Testing › Calendar Endpoint › should return calendar data 

    Error: apiRequestContext.get: connect ECONNREFUSED ::1:4000
    Call log:
      - → GET http://localhost:4000/api/admin/calendar
        - user-agent: Mozilla/5.0 (Linux; Android 14; Pixel 7) AppleWebKit/537.36 (KHTML, like Gecko) Chrome/151.0.7922.34 Mobile Safari/537.36
        - accept: */*
        - accept-encoding: gzip,deflate,br
        - Authorization: Bearer e2e-admin-token-do-not-use-in-prod

        at apiRequestContext.get: connect ECONNREFUSED ::1:4000
        at APITestHelper.get (/home/tbaltzakis/cloudless.gr/e2e/helpers/api-helpers.ts:51:41)
        at /home/tbaltzakis/cloudless.gr/e2e/api/admin-api-comprehensive.spec.ts:241:40

    Error Context: test-results/api-admin-api-comprehensiv-8fd34-should-return-calendar-data-mobile-chrome/error-context.md

    Retry #1 ───────────────────────────────────────────────────────────────────────────────────────

    Error: apiRequestContext.get: connect ECONNREFUSED ::1:4000
    Call log:
      - → GET http://localhost:4000/api/admin/calendar
        - user-agent: Mozilla/5.0 (Linux; Android 14; Pixel 7) AppleWebKit/537.36 (KHTML, like Gecko) Chrome/151.0.7922.34 Mobile Safari/537.36
        - accept: */*
        - accept-encoding: gzip,deflate,br
        - Authorization: Bearer e2e-admin-token-do-not-use-in-prod

        at apiRequestContext.get: connect ECONNREFUSED ::1:4000
        at APITestHelper.get (/home/tbaltzakis/cloudless.gr/e2e/helpers/api-helpers.ts:51:41)
        at /home/tbaltzakis/cloudless.gr/e2e/api/admin-api-comprehensive.spec.ts:241:40

    Error Context: test-results/api-admin-api-comprehensiv-8fd34-should-return-calendar-data-mobile-chrome-retry1/error-context.md

    attachment #2: trace (application/zip) ─────────────────────────────────────────────────────────
    test-results/api-admin-api-comprehensiv-8fd34-should-return-calendar-data-mobile-chrome-retry1/trace.zip
    Usage:

        npx playwright show-trace test-results/api-admin-api-comprehensiv-8fd34-should-return-calendar-data-mobile-chrome-retry1/trace.zip

    ────────────────────────────────────────────────────────────────────────────────────────────────

  888) [mobile-chrome] › e2e/api/admin-api-comprehensive.spec.ts:249:9 › Admin API - Comprehensive Testing › Calendar Endpoint › should accept calendar event creation 

    Error: apiRequestContext.post: connect ECONNREFUSED ::1:4000
    Call log:
      - → POST http://localhost:4000/api/admin/calendar/create
        - user-agent: Mozilla/5.0 (Linux; Android 14; Pixel 7) AppleWebKit/537.36 (KHTML, like Gecko) Chrome/151.0.7922.34 Mobile Safari/537.36
        - accept: */*
        - accept-encoding: gzip,deflate,br
        - Content-Type: application/json
        - Authorization: Bearer e2e-admin-token-do-not-use-in-prod
        - content-length: 157

        at apiRequestContext.post: connect ECONNREFUSED ::1:4000
        at APITestHelper.post (/home/tbaltzakis/cloudless.gr/e2e/helpers/api-helpers.ts:114:41)
        at /home/tbaltzakis/cloudless.gr/e2e/api/admin-api-comprehensive.spec.ts:257:40

    Error Context: test-results/api-admin-api-comprehensiv-dd071-ept-calendar-event-creation-mobile-chrome/error-context.md

    Retry #1 ───────────────────────────────────────────────────────────────────────────────────────

    Error: apiRequestContext.post: connect ECONNREFUSED ::1:4000
    Call log:
      - → POST http://localhost:4000/api/admin/calendar/create
        - user-agent: Mozilla/5.0 (Linux; Android 14; Pixel 7) AppleWebKit/537.36 (KHTML, like Gecko) Chrome/151.0.7922.34 Mobile Safari/537.36
        - accept: */*
        - accept-encoding: gzip,deflate,br
        - Content-Type: application/json
        - Authorization: Bearer e2e-admin-token-do-not-use-in-prod
        - content-length: 157

        at apiRequestContext.post: connect ECONNREFUSED ::1:4000
        at APITestHelper.post (/home/tbaltzakis/cloudless.gr/e2e/helpers/api-helpers.ts:114:41)
        at /home/tbaltzakis/cloudless.gr/e2e/api/admin-api-comprehensive.spec.ts:257:40

    Error Context: test-results/api-admin-api-comprehensiv-dd071-ept-calendar-event-creation-mobile-chrome-retry1/error-context.md

    attachment #2: trace (application/zip) ─────────────────────────────────────────────────────────
    test-results/api-admin-api-comprehensiv-dd071-ept-calendar-event-creation-mobile-chrome-retry1/trace.zip
    Usage:

        npx playwright show-trace test-results/api-admin-api-comprehensiv-dd071-ept-calendar-event-creation-mobile-chrome-retry1/trace.zip

    ────────────────────────────────────────────────────────────────────────────────────────────────

  889) [mobile-chrome] › e2e/api/admin-api-comprehensive.spec.ts:279:11 › Admin API - Comprehensive Testing › CRM Endpoints › should return data for /api/admin/crm/companies 

    Error: apiRequestContext.get: connect ECONNREFUSED ::1:4000
    Call log:
      - → GET http://localhost:4000/api/admin/crm/companies
        - user-agent: Mozilla/5.0 (Linux; Android 14; Pixel 7) AppleWebKit/537.36 (KHTML, like Gecko) Chrome/151.0.7922.34 Mobile Safari/537.36
        - accept: */*
        - accept-encoding: gzip,deflate,br
        - Authorization: Bearer e2e-admin-token-do-not-use-in-prod

        at apiRequestContext.get: connect ECONNREFUSED ::1:4000
        at APITestHelper.get (/home/tbaltzakis/cloudless.gr/e2e/helpers/api-helpers.ts:51:41)
        at /home/tbaltzakis/cloudless.gr/e2e/api/admin-api-comprehensive.spec.ts:280:42

    Error Context: test-results/api-admin-api-comprehensiv-5fa70-for-api-admin-crm-companies-mobile-chrome/error-context.md

    Retry #1 ───────────────────────────────────────────────────────────────────────────────────────

    Error: apiRequestContext.get: connect ECONNREFUSED ::1:4000
    Call log:
      - → GET http://localhost:4000/api/admin/crm/companies
        - user-agent: Mozilla/5.0 (Linux; Android 14; Pixel 7) AppleWebKit/537.36 (KHTML, like Gecko) Chrome/151.0.7922.34 Mobile Safari/537.36
        - accept: */*
        - accept-encoding: gzip,deflate,br
        - Authorization: Bearer e2e-admin-token-do-not-use-in-prod

        at apiRequestContext.get: connect ECONNREFUSED ::1:4000
        at APITestHelper.get (/home/tbaltzakis/cloudless.gr/e2e/helpers/api-helpers.ts:51:41)
        at /home/tbaltzakis/cloudless.gr/e2e/api/admin-api-comprehensive.spec.ts:280:42

    Error Context: test-results/api-admin-api-comprehensiv-5fa70-for-api-admin-crm-companies-mobile-chrome-retry1/error-context.md

    attachment #2: trace (application/zip) ─────────────────────────────────────────────────────────
    test-results/api-admin-api-comprehensiv-5fa70-for-api-admin-crm-companies-mobile-chrome-retry1/trace.zip
    Usage:

        npx playwright show-trace test-results/api-admin-api-comprehensiv-5fa70-for-api-admin-crm-companies-mobile-chrome-retry1/trace.zip

    ────────────────────────────────────────────────────────────────────────────────────────────────

  890) [mobile-chrome] › e2e/api/admin-api-comprehensive.spec.ts:279:11 › Admin API - Comprehensive Testing › CRM Endpoints › should return data for /api/admin/crm/contacts 

    Error: apiRequestContext.get: connect ECONNREFUSED ::1:4000
    Call log:
      - → GET http://localhost:4000/api/admin/crm/contacts
        - user-agent: Mozilla/5.0 (Linux; Android 14; Pixel 7) AppleWebKit/537.36 (KHTML, like Gecko) Chrome/151.0.7922.34 Mobile Safari/537.36
        - accept: */*
        - accept-encoding: gzip,deflate,br
        - Authorization: Bearer e2e-admin-token-do-not-use-in-prod

        at apiRequestContext.get: connect ECONNREFUSED ::1:4000
        at APITestHelper.get (/home/tbaltzakis/cloudless.gr/e2e/helpers/api-helpers.ts:51:41)
        at /home/tbaltzakis/cloudless.gr/e2e/api/admin-api-comprehensive.spec.ts:280:42

    Error Context: test-results/api-admin-api-comprehensiv-16c3c--for-api-admin-crm-contacts-mobile-chrome/error-context.md

    Retry #1 ───────────────────────────────────────────────────────────────────────────────────────

    Error: apiRequestContext.get: connect ECONNREFUSED ::1:4000
    Call log:
      - → GET http://localhost:4000/api/admin/crm/contacts
        - user-agent: Mozilla/5.0 (Linux; Android 14; Pixel 7) AppleWebKit/537.36 (KHTML, like Gecko) Chrome/151.0.7922.34 Mobile Safari/537.36
        - accept: */*
        - accept-encoding: gzip,deflate,br
        - Authorization: Bearer e2e-admin-token-do-not-use-in-prod

        at apiRequestContext.get: connect ECONNREFUSED ::1:4000
        at APITestHelper.get (/home/tbaltzakis/cloudless.gr/e2e/helpers/api-helpers.ts:51:41)
        at /home/tbaltzakis/cloudless.gr/e2e/api/admin-api-comprehensive.spec.ts:280:42

    Error Context: test-results/api-admin-api-comprehensiv-16c3c--for-api-admin-crm-contacts-mobile-chrome-retry1/error-context.md

    attachment #2: trace (application/zip) ─────────────────────────────────────────────────────────
    test-results/api-admin-api-comprehensiv-16c3c--for-api-admin-crm-contacts-mobile-chrome-retry1/trace.zip
    Usage:

        npx playwright show-trace test-results/api-admin-api-comprehensiv-16c3c--for-api-admin-crm-contacts-mobile-chrome-retry1/trace.zip

    ────────────────────────────────────────────────────────────────────────────────────────────────

  891) [mobile-chrome] › e2e/api/admin-api-comprehensive.spec.ts:279:11 › Admin API - Comprehensive Testing › CRM Endpoints › should return data for /api/admin/crm/deals 

    Error: apiRequestContext.get: connect ECONNREFUSED ::1:4000
    Call log:
      - → GET http://localhost:4000/api/admin/crm/deals
        - user-agent: Mozilla/5.0 (Linux; Android 14; Pixel 7) AppleWebKit/537.36 (KHTML, like Gecko) Chrome/151.0.7922.34 Mobile Safari/537.36
        - accept: */*
        - accept-encoding: gzip,deflate,br
        - Authorization: Bearer e2e-admin-token-do-not-use-in-prod

        at apiRequestContext.get: connect ECONNREFUSED ::1:4000
        at APITestHelper.get (/home/tbaltzakis/cloudless.gr/e2e/helpers/api-helpers.ts:51:41)
        at /home/tbaltzakis/cloudless.gr/e2e/api/admin-api-comprehensive.spec.ts:280:42

    Error Context: test-results/api-admin-api-comprehensiv-ea1d4-ata-for-api-admin-crm-deals-mobile-chrome/error-context.md

    Retry #1 ───────────────────────────────────────────────────────────────────────────────────────

    Error: apiRequestContext.get: connect ECONNREFUSED ::1:4000
    Call log:
      - → GET http://localhost:4000/api/admin/crm/deals
        - user-agent: Mozilla/5.0 (Linux; Android 14; Pixel 7) AppleWebKit/537.36 (KHTML, like Gecko) Chrome/151.0.7922.34 Mobile Safari/537.36
        - accept: */*
        - accept-encoding: gzip,deflate,br
        - Authorization: Bearer e2e-admin-token-do-not-use-in-prod

        at apiRequestContext.get: connect ECONNREFUSED ::1:4000
        at APITestHelper.get (/home/tbaltzakis/cloudless.gr/e2e/helpers/api-helpers.ts:51:41)
        at /home/tbaltzakis/cloudless.gr/e2e/api/admin-api-comprehensive.spec.ts:280:42

    Error Context: test-results/api-admin-api-comprehensiv-ea1d4-ata-for-api-admin-crm-deals-mobile-chrome-retry1/error-context.md

    attachment #2: trace (application/zip) ─────────────────────────────────────────────────────────
    test-results/api-admin-api-comprehensiv-ea1d4-ata-for-api-admin-crm-deals-mobile-chrome-retry1/trace.zip
    Usage:

        npx playwright show-trace test-results/api-admin-api-comprehensiv-ea1d4-ata-for-api-admin-crm-deals-mobile-chrome-retry1/trace.zip

    ────────────────────────────────────────────────────────────────────────────────────────────────

  892) [mobile-chrome] › e2e/api/admin-api-comprehensive.spec.ts:279:11 › Admin API - Comprehensive Testing › CRM Endpoints › should return data for /api/admin/crm/owners 

    Error: apiRequestContext.get: connect ECONNREFUSED ::1:4000
    Call log:
      - → GET http://localhost:4000/api/admin/crm/owners
        - user-agent: Mozilla/5.0 (Linux; Android 14; Pixel 7) AppleWebKit/537.36 (KHTML, like Gecko) Chrome/151.0.7922.34 Mobile Safari/537.36
        - accept: */*
        - accept-encoding: gzip,deflate,br
        - Authorization: Bearer e2e-admin-token-do-not-use-in-prod

        at apiRequestContext.get: connect ECONNREFUSED ::1:4000
        at APITestHelper.get (/home/tbaltzakis/cloudless.gr/e2e/helpers/api-helpers.ts:51:41)
        at /home/tbaltzakis/cloudless.gr/e2e/api/admin-api-comprehensive.spec.ts:280:42

    Error Context: test-results/api-admin-api-comprehensiv-e9d25-ta-for-api-admin-crm-owners-mobile-chrome/error-context.md

    Retry #1 ───────────────────────────────────────────────────────────────────────────────────────

    Error: apiRequestContext.get: connect ECONNREFUSED ::1:4000
    Call log:
      - → GET http://localhost:4000/api/admin/crm/owners
        - user-agent: Mozilla/5.0 (Linux; Android 14; Pixel 7) AppleWebKit/537.36 (KHTML, like Gecko) Chrome/151.0.7922.34 Mobile Safari/537.36
        - accept: */*
        - accept-encoding: gzip,deflate,br
        - Authorization: Bearer e2e-admin-token-do-not-use-in-prod

        at apiRequestContext.get: connect ECONNREFUSED ::1:4000
        at APITestHelper.get (/home/tbaltzakis/cloudless.gr/e2e/helpers/api-helpers.ts:51:41)
        at /home/tbaltzakis/cloudless.gr/e2e/api/admin-api-comprehensive.spec.ts:280:42

    Error Context: test-results/api-admin-api-comprehensiv-e9d25-ta-for-api-admin-crm-owners-mobile-chrome-retry1/error-context.md

    attachment #2: trace (application/zip) ─────────────────────────────────────────────────────────
    test-results/api-admin-api-comprehensiv-e9d25-ta-for-api-admin-crm-owners-mobile-chrome-retry1/trace.zip
    Usage:

        npx playwright show-trace test-results/api-admin-api-comprehensiv-e9d25-ta-for-api-admin-crm-owners-mobile-chrome-retry1/trace.zip

    ────────────────────────────────────────────────────────────────────────────────────────────────

  893) [mobile-chrome] › e2e/api/admin-api-comprehensive.spec.ts:279:11 › Admin API - Comprehensive Testing › CRM Endpoints › should return data for /api/admin/crm/pipelines 

    Error: apiRequestContext.get: connect ECONNREFUSED ::1:4000
    Call log:
      - → GET http://localhost:4000/api/admin/crm/pipelines
        - user-agent: Mozilla/5.0 (Linux; Android 14; Pixel 7) AppleWebKit/537.36 (KHTML, like Gecko) Chrome/151.0.7922.34 Mobile Safari/537.36
        - accept: */*
        - accept-encoding: gzip,deflate,br
        - Authorization: Bearer e2e-admin-token-do-not-use-in-prod

        at apiRequestContext.get: connect ECONNREFUSED ::1:4000
        at APITestHelper.get (/home/tbaltzakis/cloudless.gr/e2e/helpers/api-helpers.ts:51:41)
        at /home/tbaltzakis/cloudless.gr/e2e/api/admin-api-comprehensive.spec.ts:280:42

    Error Context: test-results/api-admin-api-comprehensiv-eb5d8-for-api-admin-crm-pipelines-mobile-chrome/error-context.md

    Retry #1 ───────────────────────────────────────────────────────────────────────────────────────

    Error: apiRequestContext.get: connect ECONNREFUSED ::1:4000
    Call log:
      - → GET http://localhost:4000/api/admin/crm/pipelines
        - user-agent: Mozilla/5.0 (Linux; Android 14; Pixel 7) AppleWebKit/537.36 (KHTML, like Gecko) Chrome/151.0.7922.34 Mobile Safari/537.36
        - accept: */*
        - accept-encoding: gzip,deflate,br
        - Authorization: Bearer e2e-admin-token-do-not-use-in-prod

        at apiRequestContext.get: connect ECONNREFUSED ::1:4000
        at APITestHelper.get (/home/tbaltzakis/cloudless.gr/e2e/helpers/api-helpers.ts:51:41)
        at /home/tbaltzakis/cloudless.gr/e2e/api/admin-api-comprehensive.spec.ts:280:42

    Error Context: test-results/api-admin-api-comprehensiv-eb5d8-for-api-admin-crm-pipelines-mobile-chrome-retry1/error-context.md

    attachment #2: trace (application/zip) ─────────────────────────────────────────────────────────
    test-results/api-admin-api-comprehensiv-eb5d8-for-api-admin-crm-pipelines-mobile-chrome-retry1/trace.zip
    Usage:

        npx playwright show-trace test-results/api-admin-api-comprehensiv-eb5d8-for-api-admin-crm-pipelines-mobile-chrome-retry1/trace.zip

    ────────────────────────────────────────────────────────────────────────────────────────────────

  894) [mobile-chrome] › e2e/api/admin-api-comprehensive.spec.ts:279:11 › Admin API - Comprehensive Testing › CRM Endpoints › should return data for /api/admin/crm/tickets 

    Error: apiRequestContext.get: connect ECONNREFUSED ::1:4000
    Call log:
      - → GET http://localhost:4000/api/admin/crm/tickets
        - user-agent: Mozilla/5.0 (Linux; Android 14; Pixel 7) AppleWebKit/537.36 (KHTML, like Gecko) Chrome/151.0.7922.34 Mobile Safari/537.36
        - accept: */*
        - accept-encoding: gzip,deflate,br
        - Authorization: Bearer e2e-admin-token-do-not-use-in-prod

        at apiRequestContext.get: connect ECONNREFUSED ::1:4000
        at APITestHelper.get (/home/tbaltzakis/cloudless.gr/e2e/helpers/api-helpers.ts:51:41)
        at /home/tbaltzakis/cloudless.gr/e2e/api/admin-api-comprehensive.spec.ts:280:42

    Error Context: test-results/api-admin-api-comprehensiv-e4e36-a-for-api-admin-crm-tickets-mobile-chrome/error-context.md

    Retry #1 ───────────────────────────────────────────────────────────────────────────────────────

    Error: apiRequestContext.get: connect ECONNREFUSED ::1:4000
    Call log:
      - → GET http://localhost:4000/api/admin/crm/tickets
        - user-agent: Mozilla/5.0 (Linux; Android 14; Pixel 7) AppleWebKit/537.36 (KHTML, like Gecko) Chrome/151.0.7922.34 Mobile Safari/537.36
        - accept: */*
        - accept-encoding: gzip,deflate,br
        - Authorization: Bearer e2e-admin-token-do-not-use-in-prod

        at apiRequestContext.get: connect ECONNREFUSED ::1:4000
        at APITestHelper.get (/home/tbaltzakis/cloudless.gr/e2e/helpers/api-helpers.ts:51:41)
        at /home/tbaltzakis/cloudless.gr/e2e/api/admin-api-comprehensive.spec.ts:280:42

    Error Context: test-results/api-admin-api-comprehensiv-e4e36-a-for-api-admin-crm-tickets-mobile-chrome-retry1/error-context.md

    attachment #2: trace (application/zip) ─────────────────────────────────────────────────────────
    test-results/api-admin-api-comprehensiv-e4e36-a-for-api-admin-crm-tickets-mobile-chrome-retry1/trace.zip
    Usage:

        npx playwright show-trace test-results/api-admin-api-comprehensiv-e4e36-a-for-api-admin-crm-tickets-mobile-chrome-retry1/trace.zip

    ────────────────────────────────────────────────────────────────────────────────────────────────

  895) [mobile-chrome] › e2e/api/admin-api-comprehensive.spec.ts:302:11 › Admin API - Comprehensive Testing › Email Endpoints › should return data for /api/admin/email/automations 

    Error: apiRequestContext.get: connect ECONNREFUSED ::1:4000
    Call log:
      - → GET http://localhost:4000/api/admin/email/automations
        - user-agent: Mozilla/5.0 (Linux; Android 14; Pixel 7) AppleWebKit/537.36 (KHTML, like Gecko) Chrome/151.0.7922.34 Mobile Safari/537.36
        - accept: */*
        - accept-encoding: gzip,deflate,br
        - Authorization: Bearer e2e-admin-token-do-not-use-in-prod

        at apiRequestContext.get: connect ECONNREFUSED ::1:4000
        at APITestHelper.get (/home/tbaltzakis/cloudless.gr/e2e/helpers/api-helpers.ts:51:41)
        at /home/tbaltzakis/cloudless.gr/e2e/api/admin-api-comprehensive.spec.ts:303:42

    Error Context: test-results/api-admin-api-comprehensiv-5926c-api-admin-email-automations-mobile-chrome/error-context.md

    Retry #1 ───────────────────────────────────────────────────────────────────────────────────────

    Error: apiRequestContext.get: connect ECONNREFUSED ::1:4000
    Call log:
      - → GET http://localhost:4000/api/admin/email/automations
        - user-agent: Mozilla/5.0 (Linux; Android 14; Pixel 7) AppleWebKit/537.36 (KHTML, like Gecko) Chrome/151.0.7922.34 Mobile Safari/537.36
        - accept: */*
        - accept-encoding: gzip,deflate,br
        - Authorization: Bearer e2e-admin-token-do-not-use-in-prod

        at apiRequestContext.get: connect ECONNREFUSED ::1:4000
        at APITestHelper.get (/home/tbaltzakis/cloudless.gr/e2e/helpers/api-helpers.ts:51:41)
        at /home/tbaltzakis/cloudless.gr/e2e/api/admin-api-comprehensive.spec.ts:303:42

    Error Context: test-results/api-admin-api-comprehensiv-5926c-api-admin-email-automations-mobile-chrome-retry1/error-context.md

    attachment #2: trace (application/zip) ─────────────────────────────────────────────────────────
    test-results/api-admin-api-comprehensiv-5926c-api-admin-email-automations-mobile-chrome-retry1/trace.zip
    Usage:

        npx playwright show-trace test-results/api-admin-api-comprehensiv-5926c-api-admin-email-automations-mobile-chrome-retry1/trace.zip

    ────────────────────────────────────────────────────────────────────────────────────────────────

  896) [mobile-chrome] › e2e/api/admin-api-comprehensive.spec.ts:302:11 › Admin API - Comprehensive Testing › Email Endpoints › should return data for /api/admin/email/campaigns 

    Error: apiRequestContext.get: connect ECONNREFUSED ::1:4000
    Call log:
      - → GET http://localhost:4000/api/admin/email/campaigns
        - user-agent: Mozilla/5.0 (Linux; Android 14; Pixel 7) AppleWebKit/537.36 (KHTML, like Gecko) Chrome/151.0.7922.34 Mobile Safari/537.36
        - accept: */*
        - accept-encoding: gzip,deflate,br
        - Authorization: Bearer e2e-admin-token-do-not-use-in-prod

        at apiRequestContext.get: connect ECONNREFUSED ::1:4000
        at APITestHelper.get (/home/tbaltzakis/cloudless.gr/e2e/helpers/api-helpers.ts:51:41)
        at /home/tbaltzakis/cloudless.gr/e2e/api/admin-api-comprehensive.spec.ts:303:42

    Error Context: test-results/api-admin-api-comprehensiv-f81fc-r-api-admin-email-campaigns-mobile-chrome/error-context.md

    Retry #1 ───────────────────────────────────────────────────────────────────────────────────────

    Error: apiRequestContext.get: connect ECONNREFUSED ::1:4000
    Call log:
      - → GET http://localhost:4000/api/admin/email/campaigns
        - user-agent: Mozilla/5.0 (Linux; Android 14; Pixel 7) AppleWebKit/537.36 (KHTML, like Gecko) Chrome/151.0.7922.34 Mobile Safari/537.36
        - accept: */*
        - accept-encoding: gzip,deflate,br
        - Authorization: Bearer e2e-admin-token-do-not-use-in-prod

        at apiRequestContext.get: connect ECONNREFUSED ::1:4000
        at APITestHelper.get (/home/tbaltzakis/cloudless.gr/e2e/helpers/api-helpers.ts:51:41)
        at /home/tbaltzakis/cloudless.gr/e2e/api/admin-api-comprehensive.spec.ts:303:42

    Error Context: test-results/api-admin-api-comprehensiv-f81fc-r-api-admin-email-campaigns-mobile-chrome-retry1/error-context.md

    attachment #2: trace (application/zip) ─────────────────────────────────────────────────────────
    test-results/api-admin-api-comprehensiv-f81fc-r-api-admin-email-campaigns-mobile-chrome-retry1/trace.zip
    Usage:

        npx playwright show-trace test-results/api-admin-api-comprehensiv-f81fc-r-api-admin-email-campaigns-mobile-chrome-retry1/trace.zip

    ────────────────────────────────────────────────────────────────────────────────────────────────

  897) [mobile-chrome] › e2e/api/admin-api-comprehensive.spec.ts:302:11 › Admin API - Comprehensive Testing › Email Endpoints › should return data for /api/admin/email/contacts 

    Error: apiRequestContext.get: connect ECONNREFUSED ::1:4000
    Call log:
      - → GET http://localhost:4000/api/admin/email/contacts
        - user-agent: Mozilla/5.0 (Linux; Android 14; Pixel 7) AppleWebKit/537.36 (KHTML, like Gecko) Chrome/151.0.7922.34 Mobile Safari/537.36
        - accept: */*
        - accept-encoding: gzip,deflate,br
        - Authorization: Bearer e2e-admin-token-do-not-use-in-prod

        at apiRequestContext.get: connect ECONNREFUSED ::1:4000
        at APITestHelper.get (/home/tbaltzakis/cloudless.gr/e2e/helpers/api-helpers.ts:51:41)
        at /home/tbaltzakis/cloudless.gr/e2e/api/admin-api-comprehensive.spec.ts:303:42

    Error Context: test-results/api-admin-api-comprehensiv-1563d-or-api-admin-email-contacts-mobile-chrome/error-context.md

    Retry #1 ───────────────────────────────────────────────────────────────────────────────────────

    Error: apiRequestContext.get: connect ECONNREFUSED ::1:4000
    Call log:
      - → GET http://localhost:4000/api/admin/email/contacts
        - user-agent: Mozilla/5.0 (Linux; Android 14; Pixel 7) AppleWebKit/537.36 (KHTML, like Gecko) Chrome/151.0.7922.34 Mobile Safari/537.36
        - accept: */*
        - accept-encoding: gzip,deflate,br
        - Authorization: Bearer e2e-admin-token-do-not-use-in-prod

        at apiRequestContext.get: connect ECONNREFUSED ::1:4000
        at APITestHelper.get (/home/tbaltzakis/cloudless.gr/e2e/helpers/api-helpers.ts:51:41)
        at /home/tbaltzakis/cloudless.gr/e2e/api/admin-api-comprehensive.spec.ts:303:42

    Error Context: test-results/api-admin-api-comprehensiv-1563d-or-api-admin-email-contacts-mobile-chrome-retry1/error-context.md

    attachment #2: trace (application/zip) ─────────────────────────────────────────────────────────
    test-results/api-admin-api-comprehensiv-1563d-or-api-admin-email-contacts-mobile-chrome-retry1/trace.zip
    Usage:

        npx playwright show-trace test-results/api-admin-api-comprehensiv-1563d-or-api-admin-email-contacts-mobile-chrome-retry1/trace.zip

    ────────────────────────────────────────────────────────────────────────────────────────────────

  898) [mobile-chrome] › e2e/api/admin-api-comprehensive.spec.ts:302:11 › Admin API - Comprehensive Testing › Email Endpoints › should return data for /api/admin/email/lists 

    Error: apiRequestContext.get: connect ECONNREFUSED ::1:4000
    Call log:
      - → GET http://localhost:4000/api/admin/email/lists
        - user-agent: Mozilla/5.0 (Linux; Android 14; Pixel 7) AppleWebKit/537.36 (KHTML, like Gecko) Chrome/151.0.7922.34 Mobile Safari/537.36
        - accept: */*
        - accept-encoding: gzip,deflate,br
        - Authorization: Bearer e2e-admin-token-do-not-use-in-prod

        at apiRequestContext.get: connect ECONNREFUSED ::1:4000
        at APITestHelper.get (/home/tbaltzakis/cloudless.gr/e2e/helpers/api-helpers.ts:51:41)
        at /home/tbaltzakis/cloudless.gr/e2e/api/admin-api-comprehensive.spec.ts:303:42

    Error Context: test-results/api-admin-api-comprehensiv-4fb7d-a-for-api-admin-email-lists-mobile-chrome/error-context.md

    Retry #1 ───────────────────────────────────────────────────────────────────────────────────────

    Error: apiRequestContext.get: connect ECONNREFUSED ::1:4000
    Call log:
      - → GET http://localhost:4000/api/admin/email/lists
        - user-agent: Mozilla/5.0 (Linux; Android 14; Pixel 7) AppleWebKit/537.36 (KHTML, like Gecko) Chrome/151.0.7922.34 Mobile Safari/537.36
        - accept: */*
        - accept-encoding: gzip,deflate,br
        - Authorization: Bearer e2e-admin-token-do-not-use-in-prod

        at apiRequestContext.get: connect ECONNREFUSED ::1:4000
        at APITestHelper.get (/home/tbaltzakis/cloudless.gr/e2e/helpers/api-helpers.ts:51:41)
        at /home/tbaltzakis/cloudless.gr/e2e/api/admin-api-comprehensive.spec.ts:303:42

    Error Context: test-results/api-admin-api-comprehensiv-4fb7d-a-for-api-admin-email-lists-mobile-chrome-retry1/error-context.md

    attachment #2: trace (application/zip) ─────────────────────────────────────────────────────────
    test-results/api-admin-api-comprehensiv-4fb7d-a-for-api-admin-email-lists-mobile-chrome-retry1/trace.zip
    Usage:

        npx playwright show-trace test-results/api-admin-api-comprehensiv-4fb7d-a-for-api-admin-email-lists-mobile-chrome-retry1/trace.zip

    ────────────────────────────────────────────────────────────────────────────────────────────────

  899) [mobile-chrome] › e2e/api/admin-api-comprehensive.spec.ts:302:11 › Admin API - Comprehensive Testing › Email Endpoints › should return data for /api/admin/email/stats 

    Error: apiRequestContext.get: connect ECONNREFUSED ::1:4000
    Call log:
      - → GET http://localhost:4000/api/admin/email/stats
        - user-agent: Mozilla/5.0 (Linux; Android 14; Pixel 7) AppleWebKit/537.36 (KHTML, like Gecko) Chrome/151.0.7922.34 Mobile Safari/537.36
        - accept: */*
        - accept-encoding: gzip,deflate,br
        - Authorization: Bearer e2e-admin-token-do-not-use-in-prod

        at apiRequestContext.get: connect ECONNREFUSED ::1:4000
        at APITestHelper.get (/home/tbaltzakis/cloudless.gr/e2e/helpers/api-helpers.ts:51:41)
        at /home/tbaltzakis/cloudless.gr/e2e/api/admin-api-comprehensive.spec.ts:303:42

    Error Context: test-results/api-admin-api-comprehensiv-17dad-a-for-api-admin-email-stats-mobile-chrome/error-context.md

    Retry #1 ───────────────────────────────────────────────────────────────────────────────────────

    Error: apiRequestContext.get: connect ECONNREFUSED ::1:4000
    Call log:
      - → GET http://localhost:4000/api/admin/email/stats
        - user-agent: Mozilla/5.0 (Linux; Android 14; Pixel 7) AppleWebKit/537.36 (KHTML, like Gecko) Chrome/151.0.7922.34 Mobile Safari/537.36
        - accept: */*
        - accept-encoding: gzip,deflate,br
        - Authorization: Bearer e2e-admin-token-do-not-use-in-prod

        at apiRequestContext.get: connect ECONNREFUSED ::1:4000
        at APITestHelper.get (/home/tbaltzakis/cloudless.gr/e2e/helpers/api-helpers.ts:51:41)
        at /home/tbaltzakis/cloudless.gr/e2e/api/admin-api-comprehensive.spec.ts:303:42

    Error Context: test-results/api-admin-api-comprehensiv-17dad-a-for-api-admin-email-stats-mobile-chrome-retry1/error-context.md

    attachment #2: trace (application/zip) ─────────────────────────────────────────────────────────
    test-results/api-admin-api-comprehensiv-17dad-a-for-api-admin-email-stats-mobile-chrome-retry1/trace.zip
    Usage:

        npx playwright show-trace test-results/api-admin-api-comprehensiv-17dad-a-for-api-admin-email-stats-mobile-chrome-retry1/trace.zip

    ────────────────────────────────────────────────────────────────────────────────────────────────

  900) [mobile-chrome] › e2e/api/admin-api-comprehensive.spec.ts:313:9 › Admin API - Comprehensive Testing › Email Endpoints › should accept email campaign creation 

    Error: apiRequestContext.post: connect ECONNREFUSED ::1:4000
    Call log:
      - → POST http://localhost:4000/api/admin/email/campaigns
        - user-agent: Mozilla/5.0 (Linux; Android 14; Pixel 7) AppleWebKit/537.36 (KHTML, like Gecko) Chrome/151.0.7922.34 Mobile Safari/537.36
        - accept: */*
        - accept-encoding: gzip,deflate,br
        - Content-Type: application/json
        - Authorization: Bearer e2e-admin-token-do-not-use-in-prod
        - content-length: 126

        at apiRequestContext.post: connect ECONNREFUSED ::1:4000
        at APITestHelper.post (/home/tbaltzakis/cloudless.gr/e2e/helpers/api-helpers.ts:114:41)
        at /home/tbaltzakis/cloudless.gr/e2e/api/admin-api-comprehensive.spec.ts:321:40

    Error Context: test-results/api-admin-api-comprehensiv-ee667-ept-email-campaign-creation-mobile-chrome/error-context.md

    Retry #1 ───────────────────────────────────────────────────────────────────────────────────────

    Error: apiRequestContext.post: connect ECONNREFUSED ::1:4000
    Call log:
      - → POST http://localhost:4000/api/admin/email/campaigns
        - user-agent: Mozilla/5.0 (Linux; Android 14; Pixel 7) AppleWebKit/537.36 (KHTML, like Gecko) Chrome/151.0.7922.34 Mobile Safari/537.36
        - accept: */*
        - accept-encoding: gzip,deflate,br
        - Content-Type: application/json
        - Authorization: Bearer e2e-admin-token-do-not-use-in-prod
        - content-length: 126

        at apiRequestContext.post: connect ECONNREFUSED ::1:4000
        at APITestHelper.post (/home/tbaltzakis/cloudless.gr/e2e/helpers/api-helpers.ts:114:41)
        at /home/tbaltzakis/cloudless.gr/e2e/api/admin-api-comprehensive.spec.ts:321:40

    Error Context: test-results/api-admin-api-comprehensiv-ee667-ept-email-campaign-creation-mobile-chrome-retry1/error-context.md

    attachment #2: trace (application/zip) ─────────────────────────────────────────────────────────
    test-results/api-admin-api-comprehensiv-ee667-ept-email-campaign-creation-mobile-chrome-retry1/trace.zip
    Usage:

        npx playwright show-trace test-results/api-admin-api-comprehensiv-ee667-ept-email-campaign-creation-mobile-chrome-retry1/trace.zip

    ────────────────────────────────────────────────────────────────────────────────────────────────

  901) [mobile-chrome] › e2e/api/admin-api-comprehensive.spec.ts:334:9 › Admin API - Comprehensive Testing › Integrations Endpoint › should return integrations status 

    Error: apiRequestContext.get: connect ECONNREFUSED ::1:4000
    Call log:
      - → GET http://localhost:4000/api/admin/integrations/status
        - user-agent: Mozilla/5.0 (Linux; Android 14; Pixel 7) AppleWebKit/537.36 (KHTML, like Gecko) Chrome/151.0.7922.34 Mobile Safari/537.36
        - accept: */*
        - accept-encoding: gzip,deflate,br
        - Authorization: Bearer e2e-admin-token-do-not-use-in-prod

        at apiRequestContext.get: connect ECONNREFUSED ::1:4000
        at APITestHelper.get (/home/tbaltzakis/cloudless.gr/e2e/helpers/api-helpers.ts:51:41)
        at /home/tbaltzakis/cloudless.gr/e2e/api/admin-api-comprehensive.spec.ts:335:40

    Error Context: test-results/api-admin-api-comprehensiv-ca980--return-integrations-status-mobile-chrome/error-context.md

    Retry #1 ───────────────────────────────────────────────────────────────────────────────────────

    Error: apiRequestContext.get: connect ECONNREFUSED ::1:4000
    Call log:
      - → GET http://localhost:4000/api/admin/integrations/status
        - user-agent: Mozilla/5.0 (Linux; Android 14; Pixel 7) AppleWebKit/537.36 (KHTML, like Gecko) Chrome/151.0.7922.34 Mobile Safari/537.36
        - accept: */*
        - accept-encoding: gzip,deflate,br
        - Authorization: Bearer e2e-admin-token-do-not-use-in-prod

        at apiRequestContext.get: connect ECONNREFUSED ::1:4000
        at APITestHelper.get (/home/tbaltzakis/cloudless.gr/e2e/helpers/api-helpers.ts:51:41)
        at /home/tbaltzakis/cloudless.gr/e2e/api/admin-api-comprehensive.spec.ts:335:40

    Error Context: test-results/api-admin-api-comprehensiv-ca980--return-integrations-status-mobile-chrome-retry1/error-context.md

    attachment #2: trace (application/zip) ─────────────────────────────────────────────────────────
    test-results/api-admin-api-comprehensiv-ca980--return-integrations-status-mobile-chrome-retry1/trace.zip
    Usage:

        npx playwright show-trace test-results/api-admin-api-comprehensiv-ca980--return-integrations-status-mobile-chrome-retry1/trace.zip

    ────────────────────────────────────────────────────────────────────────────────────────────────

  902) [mobile-chrome] › e2e/api/admin-api-comprehensive.spec.ts:346:9 › Admin API - Comprehensive Testing › KPI Endpoint › should return KPI data 

    Error: apiRequestContext.get: connect ECONNREFUSED ::1:4000
    Call log:
      - → GET http://localhost:4000/api/admin/kpi
        - user-agent: Mozilla/5.0 (Linux; Android 14; Pixel 7) AppleWebKit/537.36 (KHTML, like Gecko) Chrome/151.0.7922.34 Mobile Safari/537.36
        - accept: */*
        - accept-encoding: gzip,deflate,br
        - Authorization: Bearer e2e-admin-token-do-not-use-in-prod

        at apiRequestContext.get: connect ECONNREFUSED ::1:4000
        at APITestHelper.get (/home/tbaltzakis/cloudless.gr/e2e/helpers/api-helpers.ts:51:41)
        at /home/tbaltzakis/cloudless.gr/e2e/api/admin-api-comprehensive.spec.ts:347:40

    Error Context: test-results/api-admin-api-comprehensiv-3f018-oint-should-return-KPI-data-mobile-chrome/error-context.md

    Retry #1 ───────────────────────────────────────────────────────────────────────────────────────

    Error: apiRequestContext.get: connect ECONNREFUSED ::1:4000
    Call log:
      - → GET http://localhost:4000/api/admin/kpi
        - user-agent: Mozilla/5.0 (Linux; Android 14; Pixel 7) AppleWebKit/537.36 (KHTML, like Gecko) Chrome/151.0.7922.34 Mobile Safari/537.36
        - accept: */*
        - accept-encoding: gzip,deflate,br
        - Authorization: Bearer e2e-admin-token-do-not-use-in-prod

        at apiRequestContext.get: connect ECONNREFUSED ::1:4000
        at APITestHelper.get (/home/tbaltzakis/cloudless.gr/e2e/helpers/api-helpers.ts:51:41)
        at /home/tbaltzakis/cloudless.gr/e2e/api/admin-api-comprehensive.spec.ts:347:40

    Error Context: test-results/api-admin-api-comprehensiv-3f018-oint-should-return-KPI-data-mobile-chrome-retry1/error-context.md

    attachment #2: trace (application/zip) ─────────────────────────────────────────────────────────
    test-results/api-admin-api-comprehensiv-3f018-oint-should-return-KPI-data-mobile-chrome-retry1/trace.zip
    Usage:

        npx playwright show-trace test-results/api-admin-api-comprehensiv-3f018-oint-should-return-KPI-data-mobile-chrome-retry1/trace.zip

    ────────────────────────────────────────────────────────────────────────────────────────────────

  903) [mobile-chrome] › e2e/api/admin-api-comprehensive.spec.ts:371:11 › Admin API - Comprehensive Testing › Notion Endpoints › should return data for /api/admin/notion/analytics 

    Error: apiRequestContext.get: connect ECONNREFUSED ::1:4000
    Call log:
      - → GET http://localhost:4000/api/admin/notion/analytics
        - user-agent: Mozilla/5.0 (Linux; Android 14; Pixel 7) AppleWebKit/537.36 (KHTML, like Gecko) Chrome/151.0.7922.34 Mobile Safari/537.36
        - accept: */*
        - accept-encoding: gzip,deflate,br
        - Authorization: Bearer e2e-admin-token-do-not-use-in-prod

        at apiRequestContext.get: connect ECONNREFUSED ::1:4000
        at APITestHelper.get (/home/tbaltzakis/cloudless.gr/e2e/helpers/api-helpers.ts:51:41)
        at /home/tbaltzakis/cloudless.gr/e2e/api/admin-api-comprehensive.spec.ts:372:42

    Error Context: test-results/api-admin-api-comprehensiv-06aec--api-admin-notion-analytics-mobile-chrome/error-context.md

    Retry #1 ───────────────────────────────────────────────────────────────────────────────────────

    Error: apiRequestContext.get: connect ECONNREFUSED ::1:4000
    Call log:
      - → GET http://localhost:4000/api/admin/notion/analytics
        - user-agent: Mozilla/5.0 (Linux; Android 14; Pixel 7) AppleWebKit/537.36 (KHTML, like Gecko) Chrome/151.0.7922.34 Mobile Safari/537.36
        - accept: */*
        - accept-encoding: gzip,deflate,br
        - Authorization: Bearer e2e-admin-token-do-not-use-in-prod

        at apiRequestContext.get: connect ECONNREFUSED ::1:4000
        at APITestHelper.get (/home/tbaltzakis/cloudless.gr/e2e/helpers/api-helpers.ts:51:41)
        at /home/tbaltzakis/cloudless.gr/e2e/api/admin-api-comprehensive.spec.ts:372:42

    Error Context: test-results/api-admin-api-comprehensiv-06aec--api-admin-notion-analytics-mobile-chrome-retry1/error-context.md

    attachment #2: trace (application/zip) ─────────────────────────────────────────────────────────
    test-results/api-admin-api-comprehensiv-06aec--api-admin-notion-analytics-mobile-chrome-retry1/trace.zip
    Usage:

        npx playwright show-trace test-results/api-admin-api-comprehensiv-06aec--api-admin-notion-analytics-mobile-chrome-retry1/trace.zip

    ────────────────────────────────────────────────────────────────────────────────────────────────

  904) [mobile-chrome] › e2e/api/admin-api-comprehensive.spec.ts:371:11 › Admin API - Comprehensive Testing › Notion Endpoints › should return data for /api/admin/notion/blog 

    Error: apiRequestContext.get: connect ECONNREFUSED ::1:4000
    Call log:
      - → GET http://localhost:4000/api/admin/notion/blog
        - user-agent: Mozilla/5.0 (Linux; Android 14; Pixel 7) AppleWebKit/537.36 (KHTML, like Gecko) Chrome/151.0.7922.34 Mobile Safari/537.36
        - accept: */*
        - accept-encoding: gzip,deflate,br
        - Authorization: Bearer e2e-admin-token-do-not-use-in-prod

        at apiRequestContext.get: connect ECONNREFUSED ::1:4000
        at APITestHelper.get (/home/tbaltzakis/cloudless.gr/e2e/helpers/api-helpers.ts:51:41)
        at /home/tbaltzakis/cloudless.gr/e2e/api/admin-api-comprehensive.spec.ts:372:42

    Error Context: test-results/api-admin-api-comprehensiv-19162-a-for-api-admin-notion-blog-mobile-chrome/error-context.md

    Retry #1 ───────────────────────────────────────────────────────────────────────────────────────

    Error: apiRequestContext.get: connect ECONNREFUSED ::1:4000
    Call log:
      - → GET http://localhost:4000/api/admin/notion/blog
        - user-agent: Mozilla/5.0 (Linux; Android 14; Pixel 7) AppleWebKit/537.36 (KHTML, like Gecko) Chrome/151.0.7922.34 Mobile Safari/537.36
        - accept: */*
        - accept-encoding: gzip,deflate,br
        - Authorization: Bearer e2e-admin-token-do-not-use-in-prod

        at apiRequestContext.get: connect ECONNREFUSED ::1:4000
        at APITestHelper.get (/home/tbaltzakis/cloudless.gr/e2e/helpers/api-helpers.ts:51:41)
        at /home/tbaltzakis/cloudless.gr/e2e/api/admin-api-comprehensive.spec.ts:372:42

    Error Context: test-results/api-admin-api-comprehensiv-19162-a-for-api-admin-notion-blog-mobile-chrome-retry1/error-context.md

    attachment #2: trace (application/zip) ─────────────────────────────────────────────────────────
    test-results/api-admin-api-comprehensiv-19162-a-for-api-admin-notion-blog-mobile-chrome-retry1/trace.zip
    Usage:

        npx playwright show-trace test-results/api-admin-api-comprehensiv-19162-a-for-api-admin-notion-blog-mobile-chrome-retry1/trace.zip

    ────────────────────────────────────────────────────────────────────────────────────────────────

  905) [mobile-chrome] › e2e/api/admin-api-comprehensive.spec.ts:371:11 › Admin API - Comprehensive Testing › Notion Endpoints › should return data for /api/admin/notion/comments 

    Error: apiRequestContext.get: connect ECONNREFUSED ::1:4000
    Call log:
      - → GET http://localhost:4000/api/admin/notion/comments
        - user-agent: Mozilla/5.0 (Linux; Android 14; Pixel 7) AppleWebKit/537.36 (KHTML, like Gecko) Chrome/151.0.7922.34 Mobile Safari/537.36
        - accept: */*
        - accept-encoding: gzip,deflate,br
        - Authorization: Bearer e2e-admin-token-do-not-use-in-prod

        at apiRequestContext.get: connect ECONNREFUSED ::1:4000
        at APITestHelper.get (/home/tbaltzakis/cloudless.gr/e2e/helpers/api-helpers.ts:51:41)
        at /home/tbaltzakis/cloudless.gr/e2e/api/admin-api-comprehensive.spec.ts:372:42

    Error Context: test-results/api-admin-api-comprehensiv-ba831-r-api-admin-notion-comments-mobile-chrome/error-context.md

    Retry #1 ───────────────────────────────────────────────────────────────────────────────────────

    Error: apiRequestContext.get: connect ECONNREFUSED ::1:4000
    Call log:
      - → GET http://localhost:4000/api/admin/notion/comments
        - user-agent: Mozilla/5.0 (Linux; Android 14; Pixel 7) AppleWebKit/537.36 (KHTML, like Gecko) Chrome/151.0.7922.34 Mobile Safari/537.36
        - accept: */*
        - accept-encoding: gzip,deflate,br
        - Authorization: Bearer e2e-admin-token-do-not-use-in-prod

        at apiRequestContext.get: connect ECONNREFUSED ::1:4000
        at APITestHelper.get (/home/tbaltzakis/cloudless.gr/e2e/helpers/api-helpers.ts:51:41)
        at /home/tbaltzakis/cloudless.gr/e2e/api/admin-api-comprehensive.spec.ts:372:42

    Error Context: test-results/api-admin-api-comprehensiv-ba831-r-api-admin-notion-comments-mobile-chrome-retry1/error-context.md

    attachment #2: trace (application/zip) ─────────────────────────────────────────────────────────
    test-results/api-admin-api-comprehensiv-ba831-r-api-admin-notion-comments-mobile-chrome-retry1/trace.zip
    Usage:

        npx playwright show-trace test-results/api-admin-api-comprehensiv-ba831-r-api-admin-notion-comments-mobile-chrome-retry1/trace.zip

    ────────────────────────────────────────────────────────────────────────────────────────────────

  906) [mobile-chrome] › e2e/api/admin-api-comprehensive.spec.ts:371:11 › Admin API - Comprehensive Testing › Notion Endpoints › should return data for /api/admin/notion/docs 

    Error: apiRequestContext.get: connect ECONNREFUSED ::1:4000
    Call log:
      - → GET http://localhost:4000/api/admin/notion/docs
        - user-agent: Mozilla/5.0 (Linux; Android 14; Pixel 7) AppleWebKit/537.36 (KHTML, like Gecko) Chrome/151.0.7922.34 Mobile Safari/537.36
        - accept: */*
        - accept-encoding: gzip,deflate,br
        - Authorization: Bearer e2e-admin-token-do-not-use-in-prod

        at apiRequestContext.get: connect ECONNREFUSED ::1:4000
        at APITestHelper.get (/home/tbaltzakis/cloudless.gr/e2e/helpers/api-helpers.ts:51:41)
        at /home/tbaltzakis/cloudless.gr/e2e/api/admin-api-comprehensive.spec.ts:372:42

    Error Context: test-results/api-admin-api-comprehensiv-d514b-a-for-api-admin-notion-docs-mobile-chrome/error-context.md

    Retry #1 ───────────────────────────────────────────────────────────────────────────────────────

    Error: apiRequestContext.get: connect ECONNREFUSED ::1:4000
    Call log:
      - → GET http://localhost:4000/api/admin/notion/docs
        - user-agent: Mozilla/5.0 (Linux; Android 14; Pixel 7) AppleWebKit/537.36 (KHTML, like Gecko) Chrome/151.0.7922.34 Mobile Safari/537.36
        - accept: */*
        - accept-encoding: gzip,deflate,br
        - Authorization: Bearer e2e-admin-token-do-not-use-in-prod

        at apiRequestContext.get: connect ECONNREFUSED ::1:4000
        at APITestHelper.get (/home/tbaltzakis/cloudless.gr/e2e/helpers/api-helpers.ts:51:41)
        at /home/tbaltzakis/cloudless.gr/e2e/api/admin-api-comprehensive.spec.ts:372:42

    Error Context: test-results/api-admin-api-comprehensiv-d514b-a-for-api-admin-notion-docs-mobile-chrome-retry1/error-context.md

    attachment #2: trace (application/zip) ─────────────────────────────────────────────────────────
    test-results/api-admin-api-comprehensiv-d514b-a-for-api-admin-notion-docs-mobile-chrome-retry1/trace.zip
    Usage:

        npx playwright show-trace test-results/api-admin-api-comprehensiv-d514b-a-for-api-admin-notion-docs-mobile-chrome-retry1/trace.zip

    ────────────────────────────────────────────────────────────────────────────────────────────────

  907) [mobile-chrome] › e2e/api/admin-api-comprehensive.spec.ts:371:11 › Admin API - Comprehensive Testing › Notion Endpoints › should return data for /api/admin/notion/projects 

    Error: apiRequestContext.get: connect ECONNREFUSED ::1:4000
    Call log:
      - → GET http://localhost:4000/api/admin/notion/projects
        - user-agent: Mozilla/5.0 (Linux; Android 14; Pixel 7) AppleWebKit/537.36 (KHTML, like Gecko) Chrome/151.0.7922.34 Mobile Safari/537.36
        - accept: */*
        - accept-encoding: gzip,deflate,br
        - Authorization: Bearer e2e-admin-token-do-not-use-in-prod

        at apiRequestContext.get: connect ECONNREFUSED ::1:4000
        at APITestHelper.get (/home/tbaltzakis/cloudless.gr/e2e/helpers/api-helpers.ts:51:41)
        at /home/tbaltzakis/cloudless.gr/e2e/api/admin-api-comprehensive.spec.ts:372:42

    Error Context: test-results/api-admin-api-comprehensiv-922b0-r-api-admin-notion-projects-mobile-chrome/error-context.md

    Retry #1 ───────────────────────────────────────────────────────────────────────────────────────

    Error: apiRequestContext.get: connect ECONNREFUSED ::1:4000
    Call log:
      - → GET http://localhost:4000/api/admin/notion/projects
        - user-agent: Mozilla/5.0 (Linux; Android 14; Pixel 7) AppleWebKit/537.36 (KHTML, like Gecko) Chrome/151.0.7922.34 Mobile Safari/537.36
        - accept: */*
        - accept-encoding: gzip,deflate,br
        - Authorization: Bearer e2e-admin-token-do-not-use-in-prod

        at apiRequestContext.get: connect ECONNREFUSED ::1:4000
        at APITestHelper.get (/home/tbaltzakis/cloudless.gr/e2e/helpers/api-helpers.ts:51:41)
        at /home/tbaltzakis/cloudless.gr/e2e/api/admin-api-comprehensive.spec.ts:372:42

    Error Context: test-results/api-admin-api-comprehensiv-922b0-r-api-admin-notion-projects-mobile-chrome-retry1/error-context.md

    attachment #2: trace (application/zip) ─────────────────────────────────────────────────────────
    test-results/api-admin-api-comprehensiv-922b0-r-api-admin-notion-projects-mobile-chrome-retry1/trace.zip
    Usage:

        npx playwright show-trace test-results/api-admin-api-comprehensiv-922b0-r-api-admin-notion-projects-mobile-chrome-retry1/trace.zip

    ────────────────────────────────────────────────────────────────────────────────────────────────

  908) [mobile-chrome] › e2e/api/admin-api-comprehensive.spec.ts:371:11 › Admin API - Comprehensive Testing › Notion Endpoints › should return data for /api/admin/notion/search 

    Error: apiRequestContext.get: connect ECONNREFUSED ::1:4000
    Call log:
      - → GET http://localhost:4000/api/admin/notion/search
        - user-agent: Mozilla/5.0 (Linux; Android 14; Pixel 7) AppleWebKit/537.36 (KHTML, like Gecko) Chrome/151.0.7922.34 Mobile Safari/537.36
        - accept: */*
        - accept-encoding: gzip,deflate,br
        - Authorization: Bearer e2e-admin-token-do-not-use-in-prod

        at apiRequestContext.get: connect ECONNREFUSED ::1:4000
        at APITestHelper.get (/home/tbaltzakis/cloudless.gr/e2e/helpers/api-helpers.ts:51:41)
        at /home/tbaltzakis/cloudless.gr/e2e/api/admin-api-comprehensive.spec.ts:372:42

    Error Context: test-results/api-admin-api-comprehensiv-a8ab7-for-api-admin-notion-search-mobile-chrome/error-context.md

    Retry #1 ───────────────────────────────────────────────────────────────────────────────────────

    Error: apiRequestContext.get: connect ECONNREFUSED ::1:4000
    Call log:
      - → GET http://localhost:4000/api/admin/notion/search
        - user-agent: Mozilla/5.0 (Linux; Android 14; Pixel 7) AppleWebKit/537.36 (KHTML, like Gecko) Chrome/151.0.7922.34 Mobile Safari/537.36
        - accept: */*
        - accept-encoding: gzip,deflate,br
        - Authorization: Bearer e2e-admin-token-do-not-use-in-prod

        at apiRequestContext.get: connect ECONNREFUSED ::1:4000
        at APITestHelper.get (/home/tbaltzakis/cloudless.gr/e2e/helpers/api-helpers.ts:51:41)
        at /home/tbaltzakis/cloudless.gr/e2e/api/admin-api-comprehensive.spec.ts:372:42

    Error Context: test-results/api-admin-api-comprehensiv-a8ab7-for-api-admin-notion-search-mobile-chrome-retry1/error-context.md

    attachment #2: trace (application/zip) ─────────────────────────────────────────────────────────
    test-results/api-admin-api-comprehensiv-a8ab7-for-api-admin-notion-search-mobile-chrome-retry1/trace.zip
    Usage:

        npx playwright show-trace test-results/api-admin-api-comprehensiv-a8ab7-for-api-admin-notion-search-mobile-chrome-retry1/trace.zip

    ────────────────────────────────────────────────────────────────────────────────────────────────

  909) [mobile-chrome] › e2e/api/admin-api-comprehensive.spec.ts:371:11 › Admin API - Comprehensive Testing › Notion Endpoints › should return data for /api/admin/notion/status 

    Error: apiRequestContext.get: connect ECONNREFUSED ::1:4000
    Call log:
      - → GET http://localhost:4000/api/admin/notion/status
        - user-agent: Mozilla/5.0 (Linux; Android 14; Pixel 7) AppleWebKit/537.36 (KHTML, like Gecko) Chrome/151.0.7922.34 Mobile Safari/537.36
        - accept: */*
        - accept-encoding: gzip,deflate,br
        - Authorization: Bearer e2e-admin-token-do-not-use-in-prod

        at apiRequestContext.get: connect ECONNREFUSED ::1:4000
        at APITestHelper.get (/home/tbaltzakis/cloudless.gr/e2e/helpers/api-helpers.ts:51:41)
        at /home/tbaltzakis/cloudless.gr/e2e/api/admin-api-comprehensive.spec.ts:372:42

    Error Context: test-results/api-admin-api-comprehensiv-3af79-for-api-admin-notion-status-mobile-chrome/error-context.md

    Retry #1 ───────────────────────────────────────────────────────────────────────────────────────

    Error: apiRequestContext.get: connect ECONNREFUSED ::1:4000
    Call log:
      - → GET http://localhost:4000/api/admin/notion/status
        - user-agent: Mozilla/5.0 (Linux; Android 14; Pixel 7) AppleWebKit/537.36 (KHTML, like Gecko) Chrome/151.0.7922.34 Mobile Safari/537.36
        - accept: */*
        - accept-encoding: gzip,deflate,br
        - Authorization: Bearer e2e-admin-token-do-not-use-in-prod

        at apiRequestContext.get: connect ECONNREFUSED ::1:4000
        at APITestHelper.get (/home/tbaltzakis/cloudless.gr/e2e/helpers/api-helpers.ts:51:41)
        at /home/tbaltzakis/cloudless.gr/e2e/api/admin-api-comprehensive.spec.ts:372:42

    Error Context: test-results/api-admin-api-comprehensiv-3af79-for-api-admin-notion-status-mobile-chrome-retry1/error-context.md

    attachment #2: trace (application/zip) ─────────────────────────────────────────────────────────
    test-results/api-admin-api-comprehensiv-3af79-for-api-admin-notion-status-mobile-chrome-retry1/trace.zip
    Usage:

        npx playwright show-trace test-results/api-admin-api-comprehensiv-3af79-for-api-admin-notion-status-mobile-chrome-retry1/trace.zip

    ────────────────────────────────────────────────────────────────────────────────────────────────

  910) [mobile-chrome] › e2e/api/admin-api-comprehensive.spec.ts:371:11 › Admin API - Comprehensive Testing › Notion Endpoints › should return data for /api/admin/notion/submissions 

    Error: apiRequestContext.get: connect ECONNREFUSED ::1:4000
    Call log:
      - → GET http://localhost:4000/api/admin/notion/submissions
        - user-agent: Mozilla/5.0 (Linux; Android 14; Pixel 7) AppleWebKit/537.36 (KHTML, like Gecko) Chrome/151.0.7922.34 Mobile Safari/537.36
        - accept: */*
        - accept-encoding: gzip,deflate,br
        - Authorization: Bearer e2e-admin-token-do-not-use-in-prod

        at apiRequestContext.get: connect ECONNREFUSED ::1:4000
        at APITestHelper.get (/home/tbaltzakis/cloudless.gr/e2e/helpers/api-helpers.ts:51:41)
        at /home/tbaltzakis/cloudless.gr/e2e/api/admin-api-comprehensive.spec.ts:372:42

    Error Context: test-results/api-admin-api-comprehensiv-e7b86-pi-admin-notion-submissions-mobile-chrome/error-context.md

    Retry #1 ───────────────────────────────────────────────────────────────────────────────────────

    Error: apiRequestContext.get: connect ECONNREFUSED ::1:4000
    Call log:
      - → GET http://localhost:4000/api/admin/notion/submissions
        - user-agent: Mozilla/5.0 (Linux; Android 14; Pixel 7) AppleWebKit/537.36 (KHTML, like Gecko) Chrome/151.0.7922.34 Mobile Safari/537.36
        - accept: */*
        - accept-encoding: gzip,deflate,br
        - Authorization: Bearer e2e-admin-token-do-not-use-in-prod

        at apiRequestContext.get: connect ECONNREFUSED ::1:4000
        at APITestHelper.get (/home/tbaltzakis/cloudless.gr/e2e/helpers/api-helpers.ts:51:41)
        at /home/tbaltzakis/cloudless.gr/e2e/api/admin-api-comprehensive.spec.ts:372:42

    Error Context: test-results/api-admin-api-comprehensiv-e7b86-pi-admin-notion-submissions-mobile-chrome-retry1/error-context.md

    attachment #2: trace (application/zip) ─────────────────────────────────────────────────────────
    test-results/api-admin-api-comprehensiv-e7b86-pi-admin-notion-submissions-mobile-chrome-retry1/trace.zip
    Usage:

        npx playwright show-trace test-results/api-admin-api-comprehensiv-e7b86-pi-admin-notion-submissions-mobile-chrome-retry1/trace.zip

    ────────────────────────────────────────────────────────────────────────────────────────────────

  911) [mobile-chrome] › e2e/api/admin-api-comprehensive.spec.ts:371:11 › Admin API - Comprehensive Testing › Notion Endpoints › should return data for /api/admin/notion/tasks 

    Error: apiRequestContext.get: connect ECONNREFUSED ::1:4000
    Call log:
      - → GET http://localhost:4000/api/admin/notion/tasks
        - user-agent: Mozilla/5.0 (Linux; Android 14; Pixel 7) AppleWebKit/537.36 (KHTML, like Gecko) Chrome/151.0.7922.34 Mobile Safari/537.36
        - accept: */*
        - accept-encoding: gzip,deflate,br
        - Authorization: Bearer e2e-admin-token-do-not-use-in-prod

        at apiRequestContext.get: connect ECONNREFUSED ::1:4000
        at APITestHelper.get (/home/tbaltzakis/cloudless.gr/e2e/helpers/api-helpers.ts:51:41)
        at /home/tbaltzakis/cloudless.gr/e2e/api/admin-api-comprehensive.spec.ts:372:42

    Error Context: test-results/api-admin-api-comprehensiv-f24b1--for-api-admin-notion-tasks-mobile-chrome/error-context.md

    Retry #1 ───────────────────────────────────────────────────────────────────────────────────────

    Error: apiRequestContext.get: connect ECONNREFUSED ::1:4000
    Call log:
      - → GET http://localhost:4000/api/admin/notion/tasks
        - user-agent: Mozilla/5.0 (Linux; Android 14; Pixel 7) AppleWebKit/537.36 (KHTML, like Gecko) Chrome/151.0.7922.34 Mobile Safari/537.36
        - accept: */*
        - accept-encoding: gzip,deflate,br
        - Authorization: Bearer e2e-admin-token-do-not-use-in-prod

        at apiRequestContext.get: connect ECONNREFUSED ::1:4000
        at APITestHelper.get (/home/tbaltzakis/cloudless.gr/e2e/helpers/api-helpers.ts:51:41)
        at /home/tbaltzakis/cloudless.gr/e2e/api/admin-api-comprehensive.spec.ts:372:42

    Error Context: test-results/api-admin-api-comprehensiv-f24b1--for-api-admin-notion-tasks-mobile-chrome-retry1/error-context.md

    attachment #2: trace (application/zip) ─────────────────────────────────────────────────────────
    test-results/api-admin-api-comprehensiv-f24b1--for-api-admin-notion-tasks-mobile-chrome-retry1/trace.zip
    Usage:

        npx playwright show-trace test-results/api-admin-api-comprehensiv-f24b1--for-api-admin-notion-tasks-mobile-chrome-retry1/trace.zip

    ────────────────────────────────────────────────────────────────────────────────────────────────

  912) [mobile-chrome] › e2e/api/admin-api-comprehensive.spec.ts:391:11 › Admin API - Comprehensive Testing › Operations Endpoints › should return data for /api/admin/ops/errors 

    Error: apiRequestContext.get: connect ECONNREFUSED ::1:4000
    Call log:
      - → GET http://localhost:4000/api/admin/ops/errors
        - user-agent: Mozilla/5.0 (Linux; Android 14; Pixel 7) AppleWebKit/537.36 (KHTML, like Gecko) Chrome/151.0.7922.34 Mobile Safari/537.36
        - accept: */*
        - accept-encoding: gzip,deflate,br
        - Authorization: Bearer e2e-admin-token-do-not-use-in-prod

        at apiRequestContext.get: connect ECONNREFUSED ::1:4000
        at APITestHelper.get (/home/tbaltzakis/cloudless.gr/e2e/helpers/api-helpers.ts:51:41)
        at /home/tbaltzakis/cloudless.gr/e2e/api/admin-api-comprehensive.spec.ts:392:42

    Error Context: test-results/api-admin-api-comprehensiv-f13f6-ta-for-api-admin-ops-errors-mobile-chrome/error-context.md

    Retry #1 ───────────────────────────────────────────────────────────────────────────────────────

    Error: apiRequestContext.get: connect ECONNREFUSED ::1:4000
    Call log:
      - → GET http://localhost:4000/api/admin/ops/errors
        - user-agent: Mozilla/5.0 (Linux; Android 14; Pixel 7) AppleWebKit/537.36 (KHTML, like Gecko) Chrome/151.0.7922.34 Mobile Safari/537.36
        - accept: */*
        - accept-encoding: gzip,deflate,br
        - Authorization: Bearer e2e-admin-token-do-not-use-in-prod

        at apiRequestContext.get: connect ECONNREFUSED ::1:4000
        at APITestHelper.get (/home/tbaltzakis/cloudless.gr/e2e/helpers/api-helpers.ts:51:41)
        at /home/tbaltzakis/cloudless.gr/e2e/api/admin-api-comprehensive.spec.ts:392:42

    Error Context: test-results/api-admin-api-comprehensiv-f13f6-ta-for-api-admin-ops-errors-mobile-chrome-retry1/error-context.md

    attachment #2: trace (application/zip) ─────────────────────────────────────────────────────────
    test-results/api-admin-api-comprehensiv-f13f6-ta-for-api-admin-ops-errors-mobile-chrome-retry1/trace.zip
    Usage:

        npx playwright show-trace test-results/api-admin-api-comprehensiv-f13f6-ta-for-api-admin-ops-errors-mobile-chrome-retry1/trace.zip

    ────────────────────────────────────────────────────────────────────────────────────────────────

  913) [mobile-chrome] › e2e/api/admin-api-comprehensive.spec.ts:391:11 › Admin API - Comprehensive Testing › Operations Endpoints › should return data for /api/admin/ops/monitor 

    Error: apiRequestContext.get: connect ECONNREFUSED ::1:4000
    Call log:
      - → GET http://localhost:4000/api/admin/ops/monitor
        - user-agent: Mozilla/5.0 (Linux; Android 14; Pixel 7) AppleWebKit/537.36 (KHTML, like Gecko) Chrome/151.0.7922.34 Mobile Safari/537.36
        - accept: */*
        - accept-encoding: gzip,deflate,br
        - Authorization: Bearer e2e-admin-token-do-not-use-in-prod

        at apiRequestContext.get: connect ECONNREFUSED ::1:4000
        at APITestHelper.get (/home/tbaltzakis/cloudless.gr/e2e/helpers/api-helpers.ts:51:41)
        at /home/tbaltzakis/cloudless.gr/e2e/api/admin-api-comprehensive.spec.ts:392:42

    Error Context: test-results/api-admin-api-comprehensiv-74a89-a-for-api-admin-ops-monitor-mobile-chrome/error-context.md

    Retry #1 ───────────────────────────────────────────────────────────────────────────────────────

    Error: apiRequestContext.get: connect ECONNREFUSED ::1:4000
    Call log:
      - → GET http://localhost:4000/api/admin/ops/monitor
        - user-agent: Mozilla/5.0 (Linux; Android 14; Pixel 7) AppleWebKit/537.36 (KHTML, like Gecko) Chrome/151.0.7922.34 Mobile Safari/537.36
        - accept: */*
        - accept-encoding: gzip,deflate,br
        - Authorization: Bearer e2e-admin-token-do-not-use-in-prod

        at apiRequestContext.get: connect ECONNREFUSED ::1:4000
        at APITestHelper.get (/home/tbaltzakis/cloudless.gr/e2e/helpers/api-helpers.ts:51:41)
        at /home/tbaltzakis/cloudless.gr/e2e/api/admin-api-comprehensive.spec.ts:392:42

    Error Context: test-results/api-admin-api-comprehensiv-74a89-a-for-api-admin-ops-monitor-mobile-chrome-retry1/error-context.md

    attachment #2: trace (application/zip) ─────────────────────────────────────────────────────────
    test-results/api-admin-api-comprehensiv-74a89-a-for-api-admin-ops-monitor-mobile-chrome-retry1/trace.zip
    Usage:

        npx playwright show-trace test-results/api-admin-api-comprehensiv-74a89-a-for-api-admin-ops-monitor-mobile-chrome-retry1/trace.zip

    ────────────────────────────────────────────────────────────────────────────────────────────────

  914) [mobile-chrome] › e2e/api/admin-api-comprehensive.spec.ts:402:9 › Admin API - Comprehensive Testing › Operations Endpoints › should accept error reporting 

    Error: apiRequestContext.post: connect ECONNREFUSED ::1:4000
    Call log:
      - → POST http://localhost:4000/api/admin/ops/errors
        - user-agent: Mozilla/5.0 (Linux; Android 14; Pixel 7) AppleWebKit/537.36 (KHTML, like Gecko) Chrome/151.0.7922.34 Mobile Safari/537.36
        - accept: */*
        - accept-encoding: gzip,deflate,br
        - Content-Type: application/json
        - Authorization: Bearer e2e-admin-token-do-not-use-in-prod
        - content-length: 92

        at apiRequestContext.post: connect ECONNREFUSED ::1:4000
        at APITestHelper.post (/home/tbaltzakis/cloudless.gr/e2e/helpers/api-helpers.ts:114:41)
        at /home/tbaltzakis/cloudless.gr/e2e/api/admin-api-comprehensive.spec.ts:409:40

    Error Context: test-results/api-admin-api-comprehensiv-16ca9-ould-accept-error-reporting-mobile-chrome/error-context.md

    Retry #1 ───────────────────────────────────────────────────────────────────────────────────────

    Error: apiRequestContext.post: connect ECONNREFUSED ::1:4000
    Call log:
      - → POST http://localhost:4000/api/admin/ops/errors
        - user-agent: Mozilla/5.0 (Linux; Android 14; Pixel 7) AppleWebKit/537.36 (KHTML, like Gecko) Chrome/151.0.7922.34 Mobile Safari/537.36
        - accept: */*
        - accept-encoding: gzip,deflate,br
        - Content-Type: application/json
        - Authorization: Bearer e2e-admin-token-do-not-use-in-prod
        - content-length: 92

        at apiRequestContext.post: connect ECONNREFUSED ::1:4000
        at APITestHelper.post (/home/tbaltzakis/cloudless.gr/e2e/helpers/api-helpers.ts:114:41)
        at /home/tbaltzakis/cloudless.gr/e2e/api/admin-api-comprehensive.spec.ts:409:40

    Error Context: test-results/api-admin-api-comprehensiv-16ca9-ould-accept-error-reporting-mobile-chrome-retry1/error-context.md

    attachment #2: trace (application/zip) ─────────────────────────────────────────────────────────
    test-results/api-admin-api-comprehensiv-16ca9-ould-accept-error-reporting-mobile-chrome-retry1/trace.zip
    Usage:

        npx playwright show-trace test-results/api-admin-api-comprehensiv-16ca9-ould-accept-error-reporting-mobile-chrome-retry1/trace.zip

    ────────────────────────────────────────────────────────────────────────────────────────────────

  915) [mobile-chrome] › e2e/api/admin-api-comprehensive.spec.ts:422:9 › Admin API - Comprehensive Testing › Orders Endpoint › should return orders data 

    Error: apiRequestContext.get: connect ECONNREFUSED ::1:4000
    Call log:
      - → GET http://localhost:4000/api/admin/orders
        - user-agent: Mozilla/5.0 (Linux; Android 14; Pixel 7) AppleWebKit/537.36 (KHTML, like Gecko) Chrome/151.0.7922.34 Mobile Safari/537.36
        - accept: */*
        - accept-encoding: gzip,deflate,br
        - Authorization: Bearer e2e-admin-token-do-not-use-in-prod

        at apiRequestContext.get: connect ECONNREFUSED ::1:4000
        at APITestHelper.get (/home/tbaltzakis/cloudless.gr/e2e/helpers/api-helpers.ts:51:41)
        at /home/tbaltzakis/cloudless.gr/e2e/api/admin-api-comprehensive.spec.ts:423:40

    Error Context: test-results/api-admin-api-comprehensiv-1bf54-t-should-return-orders-data-mobile-chrome/error-context.md

    Retry #1 ───────────────────────────────────────────────────────────────────────────────────────

    Error: apiRequestContext.get: connect ECONNREFUSED ::1:4000
    Call log:
      - → GET http://localhost:4000/api/admin/orders
        - user-agent: Mozilla/5.0 (Linux; Android 14; Pixel 7) AppleWebKit/537.36 (KHTML, like Gecko) Chrome/151.0.7922.34 Mobile Safari/537.36
        - accept: */*
        - accept-encoding: gzip,deflate,br
        - Authorization: Bearer e2e-admin-token-do-not-use-in-prod

        at apiRequestContext.get: connect ECONNREFUSED ::1:4000
        at APITestHelper.get (/home/tbaltzakis/cloudless.gr/e2e/helpers/api-helpers.ts:51:41)
        at /home/tbaltzakis/cloudless.gr/e2e/api/admin-api-comprehensive.spec.ts:423:40

    Error Context: test-results/api-admin-api-comprehensiv-1bf54-t-should-return-orders-data-mobile-chrome-retry1/error-context.md

    attachment #2: trace (application/zip) ─────────────────────────────────────────────────────────
    test-results/api-admin-api-comprehensiv-1bf54-t-should-return-orders-data-mobile-chrome-retry1/trace.zip
    Usage:

        npx playwright show-trace test-results/api-admin-api-comprehensiv-1bf54-t-should-return-orders-data-mobile-chrome-retry1/trace.zip

    ────────────────────────────────────────────────────────────────────────────────────────────────

  916) [mobile-chrome] › e2e/api/admin-api-comprehensive.spec.ts:440:11 › Admin API - Comprehensive Testing › Pipeline Endpoints › should return data for /api/admin/pipeline/board 

    Error: apiRequestContext.get: connect ECONNREFUSED ::1:4000
    Call log:
      - → GET http://localhost:4000/api/admin/pipeline/board
        - user-agent: Mozilla/5.0 (Linux; Android 14; Pixel 7) AppleWebKit/537.36 (KHTML, like Gecko) Chrome/151.0.7922.34 Mobile Safari/537.36
        - accept: */*
        - accept-encoding: gzip,deflate,br
        - Authorization: Bearer e2e-admin-token-do-not-use-in-prod

        at apiRequestContext.get: connect ECONNREFUSED ::1:4000
        at APITestHelper.get (/home/tbaltzakis/cloudless.gr/e2e/helpers/api-helpers.ts:51:41)
        at /home/tbaltzakis/cloudless.gr/e2e/api/admin-api-comprehensive.spec.ts:441:42

    Error Context: test-results/api-admin-api-comprehensiv-efe0d-or-api-admin-pipeline-board-mobile-chrome/error-context.md

    Retry #1 ───────────────────────────────────────────────────────────────────────────────────────

    Error: apiRequestContext.get: connect ECONNREFUSED ::1:4000
    Call log:
      - → GET http://localhost:4000/api/admin/pipeline/board
        - user-agent: Mozilla/5.0 (Linux; Android 14; Pixel 7) AppleWebKit/537.36 (KHTML, like Gecko) Chrome/151.0.7922.34 Mobile Safari/537.36
        - accept: */*
        - accept-encoding: gzip,deflate,br
        - Authorization: Bearer e2e-admin-token-do-not-use-in-prod

        at apiRequestContext.get: connect ECONNREFUSED ::1:4000
        at APITestHelper.get (/home/tbaltzakis/cloudless.gr/e2e/helpers/api-helpers.ts:51:41)
        at /home/tbaltzakis/cloudless.gr/e2e/api/admin-api-comprehensive.spec.ts:441:42

    Error Context: test-results/api-admin-api-comprehensiv-efe0d-or-api-admin-pipeline-board-mobile-chrome-retry1/error-context.md

    attachment #2: trace (application/zip) ─────────────────────────────────────────────────────────
    test-results/api-admin-api-comprehensiv-efe0d-or-api-admin-pipeline-board-mobile-chrome-retry1/trace.zip
    Usage:

        npx playwright show-trace test-results/api-admin-api-comprehensiv-efe0d-or-api-admin-pipeline-board-mobile-chrome-retry1/trace.zip

    ────────────────────────────────────────────────────────────────────────────────────────────────

  917) [mobile-chrome] › e2e/api/admin-api-comprehensive.spec.ts:440:11 › Admin API - Comprehensive Testing › Pipeline Endpoints › should return data for /api/admin/pipeline/stats 

    Error: apiRequestContext.get: connect ECONNREFUSED ::1:4000
    Call log:
      - → GET http://localhost:4000/api/admin/pipeline/stats
        - user-agent: Mozilla/5.0 (Linux; Android 14; Pixel 7) AppleWebKit/537.36 (KHTML, like Gecko) Chrome/151.0.7922.34 Mobile Safari/537.36
        - accept: */*
        - accept-encoding: gzip,deflate,br
        - Authorization: Bearer e2e-admin-token-do-not-use-in-prod

        at apiRequestContext.get: connect ECONNREFUSED ::1:4000
        at APITestHelper.get (/home/tbaltzakis/cloudless.gr/e2e/helpers/api-helpers.ts:51:41)
        at /home/tbaltzakis/cloudless.gr/e2e/api/admin-api-comprehensive.spec.ts:441:42

    Error Context: test-results/api-admin-api-comprehensiv-aea7f-or-api-admin-pipeline-stats-mobile-chrome/error-context.md

    Retry #1 ───────────────────────────────────────────────────────────────────────────────────────

    Error: apiRequestContext.get: connect ECONNREFUSED ::1:4000
    Call log:
      - → GET http://localhost:4000/api/admin/pipeline/stats
        - user-agent: Mozilla/5.0 (Linux; Android 14; Pixel 7) AppleWebKit/537.36 (KHTML, like Gecko) Chrome/151.0.7922.34 Mobile Safari/537.36
        - accept: */*
        - accept-encoding: gzip,deflate,br
        - Authorization: Bearer e2e-admin-token-do-not-use-in-prod

        at apiRequestContext.get: connect ECONNREFUSED ::1:4000
        at APITestHelper.get (/home/tbaltzakis/cloudless.gr/e2e/helpers/api-helpers.ts:51:41)
        at /home/tbaltzakis/cloudless.gr/e2e/api/admin-api-comprehensive.spec.ts:441:42

    Error Context: test-results/api-admin-api-comprehensiv-aea7f-or-api-admin-pipeline-stats-mobile-chrome-retry1/error-context.md

    attachment #2: trace (application/zip) ─────────────────────────────────────────────────────────
    test-results/api-admin-api-comprehensiv-aea7f-or-api-admin-pipeline-stats-mobile-chrome-retry1/trace.zip
    Usage:

        npx playwright show-trace test-results/api-admin-api-comprehensiv-aea7f-or-api-admin-pipeline-stats-mobile-chrome-retry1/trace.zip

    ────────────────────────────────────────────────────────────────────────────────────────────────

  918) [mobile-chrome] › e2e/api/admin-api-comprehensive.spec.ts:450:9 › Admin API - Comprehensive Testing › Pipeline Endpoints › should accept pipeline card creation 

    Error: apiRequestContext.post: connect ECONNREFUSED ::1:4000
    Call log:
      - → POST http://localhost:4000/api/admin/pipeline/cards
        - user-agent: Mozilla/5.0 (Linux; Android 14; Pixel 7) AppleWebKit/537.36 (KHTML, like Gecko) Chrome/151.0.7922.34 Mobile Safari/537.36
        - accept: */*
        - accept-encoding: gzip,deflate,br
        - Content-Type: application/json
        - Authorization: Bearer e2e-admin-token-do-not-use-in-prod
        - content-length: 118

        at apiRequestContext.post: connect ECONNREFUSED ::1:4000
        at APITestHelper.post (/home/tbaltzakis/cloudless.gr/e2e/helpers/api-helpers.ts:114:41)
        at /home/tbaltzakis/cloudless.gr/e2e/api/admin-api-comprehensive.spec.ts:458:40

    Error Context: test-results/api-admin-api-comprehensiv-1c91c-cept-pipeline-card-creation-mobile-chrome/error-context.md

    Retry #1 ───────────────────────────────────────────────────────────────────────────────────────

    Error: apiRequestContext.post: connect ECONNREFUSED ::1:4000
    Call log:
      - → POST http://localhost:4000/api/admin/pipeline/cards
        - user-agent: Mozilla/5.0 (Linux; Android 14; Pixel 7) AppleWebKit/537.36 (KHTML, like Gecko) Chrome/151.0.7922.34 Mobile Safari/537.36
        - accept: */*
        - accept-encoding: gzip,deflate,br
        - Content-Type: application/json
        - Authorization: Bearer e2e-admin-token-do-not-use-in-prod
        - content-length: 118

        at apiRequestContext.post: connect ECONNREFUSED ::1:4000
        at APITestHelper.post (/home/tbaltzakis/cloudless.gr/e2e/helpers/api-helpers.ts:114:41)
        at /home/tbaltzakis/cloudless.gr/e2e/api/admin-api-comprehensive.spec.ts:458:40

    Error Context: test-results/api-admin-api-comprehensiv-1c91c-cept-pipeline-card-creation-mobile-chrome-retry1/error-context.md

    attachment #2: trace (application/zip) ─────────────────────────────────────────────────────────
    test-results/api-admin-api-comprehensiv-1c91c-cept-pipeline-card-creation-mobile-chrome-retry1/trace.zip
    Usage:

        npx playwright show-trace test-results/api-admin-api-comprehensiv-1c91c-cept-pipeline-card-creation-mobile-chrome-retry1/trace.zip

    ────────────────────────────────────────────────────────────────────────────────────────────────

  919) [mobile-chrome] › e2e/api/admin-api-comprehensive.spec.ts:470:9 › Admin API - Comprehensive Testing › Pending Clients Endpoint › should return pending clients data 

    Error: apiRequestContext.get: connect ECONNREFUSED ::1:4000
    Call log:
      - → GET http://localhost:4000/api/admin/pending-clients
        - user-agent: Mozilla/5.0 (Linux; Android 14; Pixel 7) AppleWebKit/537.36 (KHTML, like Gecko) Chrome/151.0.7922.34 Mobile Safari/537.36
        - accept: */*
        - accept-encoding: gzip,deflate,br
        - Authorization: Bearer e2e-admin-token-do-not-use-in-prod

        at apiRequestContext.get: connect ECONNREFUSED ::1:4000
        at APITestHelper.get (/home/tbaltzakis/cloudless.gr/e2e/helpers/api-helpers.ts:51:41)
        at /home/tbaltzakis/cloudless.gr/e2e/api/admin-api-comprehensive.spec.ts:471:40

    Error Context: test-results/api-admin-api-comprehensiv-a139e-return-pending-clients-data-mobile-chrome/error-context.md

    Retry #1 ───────────────────────────────────────────────────────────────────────────────────────

    Error: apiRequestContext.get: connect ECONNREFUSED ::1:4000
    Call log:
      - → GET http://localhost:4000/api/admin/pending-clients
        - user-agent: Mozilla/5.0 (Linux; Android 14; Pixel 7) AppleWebKit/537.36 (KHTML, like Gecko) Chrome/151.0.7922.34 Mobile Safari/537.36
        - accept: */*
        - accept-encoding: gzip,deflate,br
        - Authorization: Bearer e2e-admin-token-do-not-use-in-prod

        at apiRequestContext.get: connect ECONNREFUSED ::1:4000
        at APITestHelper.get (/home/tbaltzakis/cloudless.gr/e2e/helpers/api-helpers.ts:51:41)
        at /home/tbaltzakis/cloudless.gr/e2e/api/admin-api-comprehensive.spec.ts:471:40

    Error Context: test-results/api-admin-api-comprehensiv-a139e-return-pending-clients-data-mobile-chrome-retry1/error-context.md

    attachment #2: trace (application/zip) ─────────────────────────────────────────────────────────
    test-results/api-admin-api-comprehensiv-a139e-return-pending-clients-data-mobile-chrome-retry1/trace.zip
    Usage:

        npx playwright show-trace test-results/api-admin-api-comprehensiv-a139e-return-pending-clients-data-mobile-chrome-retry1/trace.zip

    ────────────────────────────────────────────────────────────────────────────────────────────────

  920) [mobile-chrome] › e2e/api/admin-api-comprehensive.spec.ts:488:11 › Admin API - Comprehensive Testing › Reports Endpoints › should return data for /api/admin/reports 

    Error: apiRequestContext.get: connect ECONNREFUSED ::1:4000
    Call log:
      - → GET http://localhost:4000/api/admin/reports
        - user-agent: Mozilla/5.0 (Linux; Android 14; Pixel 7) AppleWebKit/537.36 (KHTML, like Gecko) Chrome/151.0.7922.34 Mobile Safari/537.36
        - accept: */*
        - accept-encoding: gzip,deflate,br
        - Authorization: Bearer e2e-admin-token-do-not-use-in-prod

        at apiRequestContext.get: connect ECONNREFUSED ::1:4000
        at APITestHelper.get (/home/tbaltzakis/cloudless.gr/e2e/helpers/api-helpers.ts:51:41)
        at /home/tbaltzakis/cloudless.gr/e2e/api/admin-api-comprehensive.spec.ts:489:42

    Error Context: test-results/api-admin-api-comprehensiv-68519--data-for-api-admin-reports-mobile-chrome/error-context.md

    Retry #1 ───────────────────────────────────────────────────────────────────────────────────────

    Error: apiRequestContext.get: connect ECONNREFUSED ::1:4000
    Call log:
      - → GET http://localhost:4000/api/admin/reports
        - user-agent: Mozilla/5.0 (Linux; Android 14; Pixel 7) AppleWebKit/537.36 (KHTML, like Gecko) Chrome/151.0.7922.34 Mobile Safari/537.36
        - accept: */*
        - accept-encoding: gzip,deflate,br
        - Authorization: Bearer e2e-admin-token-do-not-use-in-prod

        at apiRequestContext.get: connect ECONNREFUSED ::1:4000
        at APITestHelper.get (/home/tbaltzakis/cloudless.gr/e2e/helpers/api-helpers.ts:51:41)
        at /home/tbaltzakis/cloudless.gr/e2e/api/admin-api-comprehensive.spec.ts:489:42

    Error Context: test-results/api-admin-api-comprehensiv-68519--data-for-api-admin-reports-mobile-chrome-retry1/error-context.md

    attachment #2: trace (application/zip) ─────────────────────────────────────────────────────────
    test-results/api-admin-api-comprehensiv-68519--data-for-api-admin-reports-mobile-chrome-retry1/trace.zip
    Usage:

        npx playwright show-trace test-results/api-admin-api-comprehensiv-68519--data-for-api-admin-reports-mobile-chrome-retry1/trace.zip

    ────────────────────────────────────────────────────────────────────────────────────────────────

  921) [mobile-chrome] › e2e/api/admin-api-comprehensive.spec.ts:488:11 › Admin API - Comprehensive Testing › Reports Endpoints › should return data for /api/admin/reports/generate 

    Error: apiRequestContext.get: connect ECONNREFUSED ::1:4000
    Call log:
      - → GET http://localhost:4000/api/admin/reports/generate
        - user-agent: Mozilla/5.0 (Linux; Android 14; Pixel 7) AppleWebKit/537.36 (KHTML, like Gecko) Chrome/151.0.7922.34 Mobile Safari/537.36
        - accept: */*
        - accept-encoding: gzip,deflate,br
        - Authorization: Bearer e2e-admin-token-do-not-use-in-prod

        at apiRequestContext.get: connect ECONNREFUSED ::1:4000
        at APITestHelper.get (/home/tbaltzakis/cloudless.gr/e2e/helpers/api-helpers.ts:51:41)
        at /home/tbaltzakis/cloudless.gr/e2e/api/admin-api-comprehensive.spec.ts:489:42

    Error Context: test-results/api-admin-api-comprehensiv-ec18b--api-admin-reports-generate-mobile-chrome/error-context.md

    Retry #1 ───────────────────────────────────────────────────────────────────────────────────────

    Error: apiRequestContext.get: connect ECONNREFUSED ::1:4000
    Call log:
      - → GET http://localhost:4000/api/admin/reports/generate
        - user-agent: Mozilla/5.0 (Linux; Android 14; Pixel 7) AppleWebKit/537.36 (KHTML, like Gecko) Chrome/151.0.7922.34 Mobile Safari/537.36
        - accept: */*
        - accept-encoding: gzip,deflate,br
        - Authorization: Bearer e2e-admin-token-do-not-use-in-prod

        at apiRequestContext.get: connect ECONNREFUSED ::1:4000
        at APITestHelper.get (/home/tbaltzakis/cloudless.gr/e2e/helpers/api-helpers.ts:51:41)
        at /home/tbaltzakis/cloudless.gr/e2e/api/admin-api-comprehensive.spec.ts:489:42

    Error Context: test-results/api-admin-api-comprehensiv-ec18b--api-admin-reports-generate-mobile-chrome-retry1/error-context.md

    attachment #2: trace (application/zip) ─────────────────────────────────────────────────────────
    test-results/api-admin-api-comprehensiv-ec18b--api-admin-reports-generate-mobile-chrome-retry1/trace.zip
    Usage:

        npx playwright show-trace test-results/api-admin-api-comprehensiv-ec18b--api-admin-reports-generate-mobile-chrome-retry1/trace.zip

    ────────────────────────────────────────────────────────────────────────────────────────────────

  922) [mobile-chrome] › e2e/api/admin-api-comprehensive.spec.ts:498:9 › Admin API - Comprehensive Testing › Reports Endpoints › should accept report generation request 

    Error: apiRequestContext.post: connect ECONNREFUSED ::1:4000
    Call log:
      - → POST http://localhost:4000/api/admin/reports/generate
        - user-agent: Mozilla/5.0 (Linux; Android 14; Pixel 7) AppleWebKit/537.36 (KHTML, like Gecko) Chrome/151.0.7922.34 Mobile Safari/537.36
        - accept: */*
        - accept-encoding: gzip,deflate,br
        - Content-Type: application/json
        - Authorization: Bearer e2e-admin-token-do-not-use-in-prod
        - content-length: 93

        at apiRequestContext.post: connect ECONNREFUSED ::1:4000
        at APITestHelper.post (/home/tbaltzakis/cloudless.gr/e2e/helpers/api-helpers.ts:114:41)
        at /home/tbaltzakis/cloudless.gr/e2e/api/admin-api-comprehensive.spec.ts:508:40

    Error Context: test-results/api-admin-api-comprehensiv-5e277-t-report-generation-request-mobile-chrome/error-context.md

    Retry #1 ───────────────────────────────────────────────────────────────────────────────────────

    Error: apiRequestContext.post: connect ECONNREFUSED ::1:4000
    Call log:
      - → POST http://localhost:4000/api/admin/reports/generate
        - user-agent: Mozilla/5.0 (Linux; Android 14; Pixel 7) AppleWebKit/537.36 (KHTML, like Gecko) Chrome/151.0.7922.34 Mobile Safari/537.36
        - accept: */*
        - accept-encoding: gzip,deflate,br
        - Content-Type: application/json
        - Authorization: Bearer e2e-admin-token-do-not-use-in-prod
        - content-length: 93

        at apiRequestContext.post: connect ECONNREFUSED ::1:4000
        at APITestHelper.post (/home/tbaltzakis/cloudless.gr/e2e/helpers/api-helpers.ts:114:41)
        at /home/tbaltzakis/cloudless.gr/e2e/api/admin-api-comprehensive.spec.ts:508:40

    Error Context: test-results/api-admin-api-comprehensiv-5e277-t-report-generation-request-mobile-chrome-retry1/error-context.md

    attachment #2: trace (application/zip) ─────────────────────────────────────────────────────────
    test-results/api-admin-api-comprehensiv-5e277-t-report-generation-request-mobile-chrome-retry1/trace.zip
    Usage:

        npx playwright show-trace test-results/api-admin-api-comprehensiv-5e277-t-report-generation-request-mobile-chrome-retry1/trace.zip

    ────────────────────────────────────────────────────────────────────────────────────────────────

  923) [mobile-chrome] › e2e/api/admin-api-comprehensive.spec.ts:520:9 › Admin API - Comprehensive Testing › Subscriptions Endpoint › should return subscriptions data 

    Error: apiRequestContext.get: connect ECONNREFUSED ::1:4000
    Call log:
      - → GET http://localhost:4000/api/admin/subscriptions
        - user-agent: Mozilla/5.0 (Linux; Android 14; Pixel 7) AppleWebKit/537.36 (KHTML, like Gecko) Chrome/151.0.7922.34 Mobile Safari/537.36
        - accept: */*
        - accept-encoding: gzip,deflate,br
        - Authorization: Bearer e2e-admin-token-do-not-use-in-prod

        at apiRequestContext.get: connect ECONNREFUSED ::1:4000
        at APITestHelper.get (/home/tbaltzakis/cloudless.gr/e2e/helpers/api-helpers.ts:51:41)
        at /home/tbaltzakis/cloudless.gr/e2e/api/admin-api-comprehensive.spec.ts:521:40

    Error Context: test-results/api-admin-api-comprehensiv-d6036-d-return-subscriptions-data-mobile-chrome/error-context.md

    Retry #1 ───────────────────────────────────────────────────────────────────────────────────────

    Error: apiRequestContext.get: connect ECONNREFUSED ::1:4000
    Call log:
      - → GET http://localhost:4000/api/admin/subscriptions
        - user-agent: Mozilla/5.0 (Linux; Android 14; Pixel 7) AppleWebKit/537.36 (KHTML, like Gecko) Chrome/151.0.7922.34 Mobile Safari/537.36
        - accept: */*
        - accept-encoding: gzip,deflate,br
        - Authorization: Bearer e2e-admin-token-do-not-use-in-prod

        at apiRequestContext.get: connect ECONNREFUSED ::1:4000
        at APITestHelper.get (/home/tbaltzakis/cloudless.gr/e2e/helpers/api-helpers.ts:51:41)
        at /home/tbaltzakis/cloudless.gr/e2e/api/admin-api-comprehensive.spec.ts:521:40

    Error Context: test-results/api-admin-api-comprehensiv-d6036-d-return-subscriptions-data-mobile-chrome-retry1/error-context.md

    attachment #2: trace (application/zip) ─────────────────────────────────────────────────────────
    test-results/api-admin-api-comprehensiv-d6036-d-return-subscriptions-data-mobile-chrome-retry1/trace.zip
    Usage:

        npx playwright show-trace test-results/api-admin-api-comprehensiv-d6036-d-return-subscriptions-data-mobile-chrome-retry1/trace.zip

    ────────────────────────────────────────────────────────────────────────────────────────────────

  924) [mobile-chrome] › e2e/api/admin-api-comprehensive.spec.ts:532:9 › Admin API - Comprehensive Testing › Users Endpoint › should return users data 

    Error: apiRequestContext.get: connect ECONNREFUSED ::1:4000
    Call log:
      - → GET http://localhost:4000/api/admin/users
        - user-agent: Mozilla/5.0 (Linux; Android 14; Pixel 7) AppleWebKit/537.36 (KHTML, like Gecko) Chrome/151.0.7922.34 Mobile Safari/537.36
        - accept: */*
        - accept-encoding: gzip,deflate,br
        - Authorization: Bearer e2e-admin-token-do-not-use-in-prod

        at apiRequestContext.get: connect ECONNREFUSED ::1:4000
        at APITestHelper.get (/home/tbaltzakis/cloudless.gr/e2e/helpers/api-helpers.ts:51:41)
        at /home/tbaltzakis/cloudless.gr/e2e/api/admin-api-comprehensive.spec.ts:533:40

    Error Context: test-results/api-admin-api-comprehensiv-c2127-nt-should-return-users-data-mobile-chrome/error-context.md

    Retry #1 ───────────────────────────────────────────────────────────────────────────────────────

    Error: apiRequestContext.get: connect ECONNREFUSED ::1:4000
    Call log:
      - → GET http://localhost:4000/api/admin/users
        - user-agent: Mozilla/5.0 (Linux; Android 14; Pixel 7) AppleWebKit/537.36 (KHTML, like Gecko) Chrome/151.0.7922.34 Mobile Safari/537.36
        - accept: */*
        - accept-encoding: gzip,deflate,br
        - Authorization: Bearer e2e-admin-token-do-not-use-in-prod

        at apiRequestContext.get: connect ECONNREFUSED ::1:4000
        at APITestHelper.get (/home/tbaltzakis/cloudless.gr/e2e/helpers/api-helpers.ts:51:41)
        at /home/tbaltzakis/cloudless.gr/e2e/api/admin-api-comprehensive.spec.ts:533:40

    Error Context: test-results/api-admin-api-comprehensiv-c2127-nt-should-return-users-data-mobile-chrome-retry1/error-context.md

    attachment #2: trace (application/zip) ─────────────────────────────────────────────────────────
    test-results/api-admin-api-comprehensiv-c2127-nt-should-return-users-data-mobile-chrome-retry1/trace.zip
    Usage:

        npx playwright show-trace test-results/api-admin-api-comprehensiv-c2127-nt-should-return-users-data-mobile-chrome-retry1/trace.zip

    ────────────────────────────────────────────────────────────────────────────────────────────────

  925) [mobile-chrome] › e2e/api/admin-api-comprehensive.spec.ts:541:9 › Admin API - Comprehensive Testing › Users Endpoint › should accept user creation 

    Error: apiRequestContext.post: connect ECONNREFUSED ::1:4000
    Call log:
      - → POST http://localhost:4000/api/admin/users
        - user-agent: Mozilla/5.0 (Linux; Android 14; Pixel 7) AppleWebKit/537.36 (KHTML, like Gecko) Chrome/151.0.7922.34 Mobile Safari/537.36
        - accept: */*
        - accept-encoding: gzip,deflate,br
        - Content-Type: application/json
        - Authorization: Bearer e2e-admin-token-do-not-use-in-prod
        - content-length: 118

        at apiRequestContext.post: connect ECONNREFUSED ::1:4000
        at APITestHelper.post (/home/tbaltzakis/cloudless.gr/e2e/helpers/api-helpers.ts:114:41)
        at /home/tbaltzakis/cloudless.gr/e2e/api/admin-api-comprehensive.spec.ts:549:40

    Error Context: test-results/api-admin-api-comprehensiv-095cd-should-accept-user-creation-mobile-chrome/error-context.md

    Retry #1 ───────────────────────────────────────────────────────────────────────────────────────

    Error: apiRequestContext.post: connect ECONNREFUSED ::1:4000
    Call log:
      - → POST http://localhost:4000/api/admin/users
        - user-agent: Mozilla/5.0 (Linux; Android 14; Pixel 7) AppleWebKit/537.36 (KHTML, like Gecko) Chrome/151.0.7922.34 Mobile Safari/537.36
        - accept: */*
        - accept-encoding: gzip,deflate,br
        - Content-Type: application/json
        - Authorization: Bearer e2e-admin-token-do-not-use-in-prod
        - content-length: 118

        at apiRequestContext.post: connect ECONNREFUSED ::1:4000
        at APITestHelper.post (/home/tbaltzakis/cloudless.gr/e2e/helpers/api-helpers.ts:114:41)
        at /home/tbaltzakis/cloudless.gr/e2e/api/admin-api-comprehensive.spec.ts:549:40

    Error Context: test-results/api-admin-api-comprehensiv-095cd-should-accept-user-creation-mobile-chrome-retry1/error-context.md

    attachment #2: trace (application/zip) ─────────────────────────────────────────────────────────
    test-results/api-admin-api-comprehensiv-095cd-should-accept-user-creation-mobile-chrome-retry1/trace.zip
    Usage:

        npx playwright show-trace test-results/api-admin-api-comprehensiv-095cd-should-accept-user-creation-mobile-chrome-retry1/trace.zip

    ────────────────────────────────────────────────────────────────────────────────────────────────

  926) [mobile-chrome] › e2e/api/admin-api-comprehensive.spec.ts:561:9 › Admin API - Comprehensive Testing › Workspaces Endpoint › should return workspaces data 

    Error: apiRequestContext.get: connect ECONNREFUSED ::1:4000
    Call log:
      - → GET http://localhost:4000/api/admin/workspaces
        - user-agent: Mozilla/5.0 (Linux; Android 14; Pixel 7) AppleWebKit/537.36 (KHTML, like Gecko) Chrome/151.0.7922.34 Mobile Safari/537.36
        - accept: */*
        - accept-encoding: gzip,deflate,br
        - Authorization: Bearer e2e-admin-token-do-not-use-in-prod

        at apiRequestContext.get: connect ECONNREFUSED ::1:4000
        at APITestHelper.get (/home/tbaltzakis/cloudless.gr/e2e/helpers/api-helpers.ts:51:41)
        at /home/tbaltzakis/cloudless.gr/e2e/api/admin-api-comprehensive.spec.ts:562:40

    Error Context: test-results/api-admin-api-comprehensiv-2319f-ould-return-workspaces-data-mobile-chrome/error-context.md

    Retry #1 ───────────────────────────────────────────────────────────────────────────────────────

    Error: apiRequestContext.get: connect ECONNREFUSED ::1:4000
    Call log:
      - → GET http://localhost:4000/api/admin/workspaces
        - user-agent: Mozilla/5.0 (Linux; Android 14; Pixel 7) AppleWebKit/537.36 (KHTML, like Gecko) Chrome/151.0.7922.34 Mobile Safari/537.36
        - accept: */*
        - accept-encoding: gzip,deflate,br
        - Authorization: Bearer e2e-admin-token-do-not-use-in-prod

        at apiRequestContext.get: connect ECONNREFUSED ::1:4000
        at APITestHelper.get (/home/tbaltzakis/cloudless.gr/e2e/helpers/api-helpers.ts:51:41)
        at /home/tbaltzakis/cloudless.gr/e2e/api/admin-api-comprehensive.spec.ts:562:40

    Error Context: test-results/api-admin-api-comprehensiv-2319f-ould-return-workspaces-data-mobile-chrome-retry1/error-context.md

    attachment #2: trace (application/zip) ─────────────────────────────────────────────────────────
    test-results/api-admin-api-comprehensiv-2319f-ould-return-workspaces-data-mobile-chrome-retry1/trace.zip
    Usage:

        npx playwright show-trace test-results/api-admin-api-comprehensiv-2319f-ould-return-workspaces-data-mobile-chrome-retry1/trace.zip

    ────────────────────────────────────────────────────────────────────────────────────────────────

  927) [mobile-chrome] › e2e/api/admin-api-comprehensive.spec.ts:573:9 › Admin API - Comprehensive Testing › Voice Brief Endpoint › should return voice brief data 

    Error: apiRequestContext.get: connect ECONNREFUSED ::1:4000
    Call log:
      - → GET http://localhost:4000/api/admin/voice-brief
        - user-agent: Mozilla/5.0 (Linux; Android 14; Pixel 7) AppleWebKit/537.36 (KHTML, like Gecko) Chrome/151.0.7922.34 Mobile Safari/537.36
        - accept: */*
        - accept-encoding: gzip,deflate,br
        - Authorization: Bearer e2e-admin-token-do-not-use-in-prod

        at apiRequestContext.get: connect ECONNREFUSED ::1:4000
        at APITestHelper.get (/home/tbaltzakis/cloudless.gr/e2e/helpers/api-helpers.ts:51:41)
        at /home/tbaltzakis/cloudless.gr/e2e/api/admin-api-comprehensive.spec.ts:574:40

    Error Context: test-results/api-admin-api-comprehensiv-d45e4-uld-return-voice-brief-data-mobile-chrome/error-context.md

    Retry #1 ───────────────────────────────────────────────────────────────────────────────────────

    Error: apiRequestContext.get: connect ECONNREFUSED ::1:4000
    Call log:
      - → GET http://localhost:4000/api/admin/voice-brief
        - user-agent: Mozilla/5.0 (Linux; Android 14; Pixel 7) AppleWebKit/537.36 (KHTML, like Gecko) Chrome/151.0.7922.34 Mobile Safari/537.36
        - accept: */*
        - accept-encoding: gzip,deflate,br
        - Authorization: Bearer e2e-admin-token-do-not-use-in-prod

        at apiRequestContext.get: connect ECONNREFUSED ::1:4000
        at APITestHelper.get (/home/tbaltzakis/cloudless.gr/e2e/helpers/api-helpers.ts:51:41)
        at /home/tbaltzakis/cloudless.gr/e2e/api/admin-api-comprehensive.spec.ts:574:40

    Error Context: test-results/api-admin-api-comprehensiv-d45e4-uld-return-voice-brief-data-mobile-chrome-retry1/error-context.md

    attachment #2: trace (application/zip) ─────────────────────────────────────────────────────────
    test-results/api-admin-api-comprehensiv-d45e4-uld-return-voice-brief-data-mobile-chrome-retry1/trace.zip
    Usage:

        npx playwright show-trace test-results/api-admin-api-comprehensiv-d45e4-uld-return-voice-brief-data-mobile-chrome-retry1/trace.zip

    ────────────────────────────────────────────────────────────────────────────────────────────────

  928) [mobile-chrome] › e2e/api/admin-api-comprehensive.spec.ts:598:11 › Admin API - Comprehensive Testing › Analytics Submodules › should return data for /api/admin/analytics/ctr-opportunities 

    Error: apiRequestContext.get: connect ECONNREFUSED ::1:4000
    Call log:
      - → GET http://localhost:4000/api/admin/analytics/ctr-opportunities
        - user-agent: Mozilla/5.0 (Linux; Android 14; Pixel 7) AppleWebKit/537.36 (KHTML, like Gecko) Chrome/151.0.7922.34 Mobile Safari/537.36
        - accept: */*
        - accept-encoding: gzip,deflate,br
        - Authorization: Bearer e2e-admin-token-do-not-use-in-prod

        at apiRequestContext.get: connect ECONNREFUSED ::1:4000
        at APITestHelper.get (/home/tbaltzakis/cloudless.gr/e2e/helpers/api-helpers.ts:51:41)
        at /home/tbaltzakis/cloudless.gr/e2e/api/admin-api-comprehensive.spec.ts:602:42

    Error Context: test-results/api-admin-api-comprehensiv-a19c7-analytics-ctr-opportunities-mobile-chrome/error-context.md

    Retry #1 ───────────────────────────────────────────────────────────────────────────────────────

    Error: apiRequestContext.get: connect ECONNREFUSED ::1:4000
    Call log:
      - → GET http://localhost:4000/api/admin/analytics/ctr-opportunities
        - user-agent: Mozilla/5.0 (Linux; Android 14; Pixel 7) AppleWebKit/537.36 (KHTML, like Gecko) Chrome/151.0.7922.34 Mobile Safari/537.36
        - accept: */*
        - accept-encoding: gzip,deflate,br
        - Authorization: Bearer e2e-admin-token-do-not-use-in-prod

        at apiRequestContext.get: connect ECONNREFUSED ::1:4000
        at APITestHelper.get (/home/tbaltzakis/cloudless.gr/e2e/helpers/api-helpers.ts:51:41)
        at /home/tbaltzakis/cloudless.gr/e2e/api/admin-api-comprehensive.spec.ts:602:42

    Error Context: test-results/api-admin-api-comprehensiv-a19c7-analytics-ctr-opportunities-mobile-chrome-retry1/error-context.md

    attachment #2: trace (application/zip) ─────────────────────────────────────────────────────────
    test-results/api-admin-api-comprehensiv-a19c7-analytics-ctr-opportunities-mobile-chrome-retry1/trace.zip
    Usage:

        npx playwright show-trace test-results/api-admin-api-comprehensiv-a19c7-analytics-ctr-opportunities-mobile-chrome-retry1/trace.zip

    ────────────────────────────────────────────────────────────────────────────────────────────────

  929) [mobile-chrome] › e2e/api/admin-api-comprehensive.spec.ts:598:11 › Admin API - Comprehensive Testing › Analytics Submodules › should return data for /api/admin/analytics/datalake 

    Error: apiRequestContext.get: connect ECONNREFUSED ::1:4000
    Call log:
      - → GET http://localhost:4000/api/admin/analytics/datalake
        - user-agent: Mozilla/5.0 (Linux; Android 14; Pixel 7) AppleWebKit/537.36 (KHTML, like Gecko) Chrome/151.0.7922.34 Mobile Safari/537.36
        - accept: */*
        - accept-encoding: gzip,deflate,br
        - Authorization: Bearer e2e-admin-token-do-not-use-in-prod

        at apiRequestContext.get: connect ECONNREFUSED ::1:4000
        at APITestHelper.get (/home/tbaltzakis/cloudless.gr/e2e/helpers/api-helpers.ts:51:41)
        at /home/tbaltzakis/cloudless.gr/e2e/api/admin-api-comprehensive.spec.ts:602:42

    Error Context: test-results/api-admin-api-comprehensiv-9e21e-pi-admin-analytics-datalake-mobile-chrome/error-context.md

    Retry #1 ───────────────────────────────────────────────────────────────────────────────────────

    Error: apiRequestContext.get: connect ECONNREFUSED ::1:4000
    Call log:
      - → GET http://localhost:4000/api/admin/analytics/datalake
        - user-agent: Mozilla/5.0 (Linux; Android 14; Pixel 7) AppleWebKit/537.36 (KHTML, like Gecko) Chrome/151.0.7922.34 Mobile Safari/537.36
        - accept: */*
        - accept-encoding: gzip,deflate,br
        - Authorization: Bearer e2e-admin-token-do-not-use-in-prod

        at apiRequestContext.get: connect ECONNREFUSED ::1:4000
        at APITestHelper.get (/home/tbaltzakis/cloudless.gr/e2e/helpers/api-helpers.ts:51:41)
        at /home/tbaltzakis/cloudless.gr/e2e/api/admin-api-comprehensive.spec.ts:602:42

    Error Context: test-results/api-admin-api-comprehensiv-9e21e-pi-admin-analytics-datalake-mobile-chrome-retry1/error-context.md

    attachment #2: trace (application/zip) ─────────────────────────────────────────────────────────
    test-results/api-admin-api-comprehensiv-9e21e-pi-admin-analytics-datalake-mobile-chrome-retry1/trace.zip
    Usage:

        npx playwright show-trace test-results/api-admin-api-comprehensiv-9e21e-pi-admin-analytics-datalake-mobile-chrome-retry1/trace.zip

    ────────────────────────────────────────────────────────────────────────────────────────────────

  930) [mobile-chrome] › e2e/api/admin-api-comprehensive.spec.ts:598:11 › Admin API - Comprehensive Testing › Analytics Submodules › should return data for /api/admin/analytics/gsc-archive 

    Error: apiRequestContext.get: connect ECONNREFUSED ::1:4000
    Call log:
      - → GET http://localhost:4000/api/admin/analytics/gsc-archive
        - user-agent: Mozilla/5.0 (Linux; Android 14; Pixel 7) AppleWebKit/537.36 (KHTML, like Gecko) Chrome/151.0.7922.34 Mobile Safari/537.36
        - accept: */*
        - accept-encoding: gzip,deflate,br
        - Authorization: Bearer e2e-admin-token-do-not-use-in-prod

        at apiRequestContext.get: connect ECONNREFUSED ::1:4000
        at APITestHelper.get (/home/tbaltzakis/cloudless.gr/e2e/helpers/api-helpers.ts:51:41)
        at /home/tbaltzakis/cloudless.gr/e2e/api/admin-api-comprehensive.spec.ts:602:42

    Error Context: test-results/api-admin-api-comprehensiv-9cf9e-admin-analytics-gsc-archive-mobile-chrome/error-context.md

    Retry #1 ───────────────────────────────────────────────────────────────────────────────────────

    Error: apiRequestContext.get: connect ECONNREFUSED ::1:4000
    Call log:
      - → GET http://localhost:4000/api/admin/analytics/gsc-archive
        - user-agent: Mozilla/5.0 (Linux; Android 14; Pixel 7) AppleWebKit/537.36 (KHTML, like Gecko) Chrome/151.0.7922.34 Mobile Safari/537.36
        - accept: */*
        - accept-encoding: gzip,deflate,br
        - Authorization: Bearer e2e-admin-token-do-not-use-in-prod

        at apiRequestContext.get: connect ECONNREFUSED ::1:4000
        at APITestHelper.get (/home/tbaltzakis/cloudless.gr/e2e/helpers/api-helpers.ts:51:41)
        at /home/tbaltzakis/cloudless.gr/e2e/api/admin-api-comprehensive.spec.ts:602:42

    Error Context: test-results/api-admin-api-comprehensiv-9cf9e-admin-analytics-gsc-archive-mobile-chrome-retry1/error-context.md

    attachment #2: trace (application/zip) ─────────────────────────────────────────────────────────
    test-results/api-admin-api-comprehensiv-9cf9e-admin-analytics-gsc-archive-mobile-chrome-retry1/trace.zip
    Usage:

        npx playwright show-trace test-results/api-admin-api-comprehensiv-9cf9e-admin-analytics-gsc-archive-mobile-chrome-retry1/trace.zip

    ────────────────────────────────────────────────────────────────────────────────────────────────

  931) [mobile-chrome] › e2e/api/admin-api-comprehensive.spec.ts:598:11 › Admin API - Comprehensive Testing › Analytics Submodules › should return data for /api/admin/analytics/lake-catalog 

    Error: apiRequestContext.get: connect ECONNREFUSED ::1:4000
    Call log:
      - → GET http://localhost:4000/api/admin/analytics/lake-catalog
        - user-agent: Mozilla/5.0 (Linux; Android 14; Pixel 7) AppleWebKit/537.36 (KHTML, like Gecko) Chrome/151.0.7922.34 Mobile Safari/537.36
        - accept: */*
        - accept-encoding: gzip,deflate,br
        - Authorization: Bearer e2e-admin-token-do-not-use-in-prod

        at apiRequestContext.get: connect ECONNREFUSED ::1:4000
        at APITestHelper.get (/home/tbaltzakis/cloudless.gr/e2e/helpers/api-helpers.ts:51:41)
        at /home/tbaltzakis/cloudless.gr/e2e/api/admin-api-comprehensive.spec.ts:602:42

    Error Context: test-results/api-admin-api-comprehensiv-6c795-dmin-analytics-lake-catalog-mobile-chrome/error-context.md

    Retry #1 ───────────────────────────────────────────────────────────────────────────────────────

    Error: apiRequestContext.get: connect ECONNREFUSED ::1:4000
    Call log:
      - → GET http://localhost:4000/api/admin/analytics/lake-catalog
        - user-agent: Mozilla/5.0 (Linux; Android 14; Pixel 7) AppleWebKit/537.36 (KHTML, like Gecko) Chrome/151.0.7922.34 Mobile Safari/537.36
        - accept: */*
        - accept-encoding: gzip,deflate,br
        - Authorization: Bearer e2e-admin-token-do-not-use-in-prod

        at apiRequestContext.get: connect ECONNREFUSED ::1:4000
        at APITestHelper.get (/home/tbaltzakis/cloudless.gr/e2e/helpers/api-helpers.ts:51:41)
        at /home/tbaltzakis/cloudless.gr/e2e/api/admin-api-comprehensive.spec.ts:602:42

    Error Context: test-results/api-admin-api-comprehensiv-6c795-dmin-analytics-lake-catalog-mobile-chrome-retry1/error-context.md

    attachment #2: trace (application/zip) ─────────────────────────────────────────────────────────
    test-results/api-admin-api-comprehensiv-6c795-dmin-analytics-lake-catalog-mobile-chrome-retry1/trace.zip
    Usage:

        npx playwright show-trace test-results/api-admin-api-comprehensiv-6c795-dmin-analytics-lake-catalog-mobile-chrome-retry1/trace.zip

    ────────────────────────────────────────────────────────────────────────────────────────────────

  932) [mobile-chrome] › e2e/api/admin-api-comprehensive.spec.ts:598:11 › Admin API - Comprehensive Testing › Analytics Submodules › should return data for /api/admin/analytics/lake-parquet 

    Error: apiRequestContext.get: connect ECONNREFUSED ::1:4000
    Call log:
      - → GET http://localhost:4000/api/admin/analytics/lake-parquet
        - user-agent: Mozilla/5.0 (Linux; Android 14; Pixel 7) AppleWebKit/537.36 (KHTML, like Gecko) Chrome/151.0.7922.34 Mobile Safari/537.36
        - accept: */*
        - accept-encoding: gzip,deflate,br
        - Authorization: Bearer e2e-admin-token-do-not-use-in-prod

        at apiRequestContext.get: connect ECONNREFUSED ::1:4000
        at APITestHelper.get (/home/tbaltzakis/cloudless.gr/e2e/helpers/api-helpers.ts:51:41)
        at /home/tbaltzakis/cloudless.gr/e2e/api/admin-api-comprehensive.spec.ts:602:42

    Error Context: test-results/api-admin-api-comprehensiv-9637f-dmin-analytics-lake-parquet-mobile-chrome/error-context.md

    Retry #1 ───────────────────────────────────────────────────────────────────────────────────────

    Error: apiRequestContext.get: connect ECONNREFUSED ::1:4000
    Call log:
      - → GET http://localhost:4000/api/admin/analytics/lake-parquet
        - user-agent: Mozilla/5.0 (Linux; Android 14; Pixel 7) AppleWebKit/537.36 (KHTML, like Gecko) Chrome/151.0.7922.34 Mobile Safari/537.36
        - accept: */*
        - accept-encoding: gzip,deflate,br
        - Authorization: Bearer e2e-admin-token-do-not-use-in-prod

        at apiRequestContext.get: connect ECONNREFUSED ::1:4000
        at APITestHelper.get (/home/tbaltzakis/cloudless.gr/e2e/helpers/api-helpers.ts:51:41)
        at /home/tbaltzakis/cloudless.gr/e2e/api/admin-api-comprehensive.spec.ts:602:42

    Error Context: test-results/api-admin-api-comprehensiv-9637f-dmin-analytics-lake-parquet-mobile-chrome-retry1/error-context.md

    attachment #2: trace (application/zip) ─────────────────────────────────────────────────────────
    test-results/api-admin-api-comprehensiv-9637f-dmin-analytics-lake-parquet-mobile-chrome-retry1/trace.zip
    Usage:

        npx playwright show-trace test-results/api-admin-api-comprehensiv-9637f-dmin-analytics-lake-parquet-mobile-chrome-retry1/trace.zip

    ────────────────────────────────────────────────────────────────────────────────────────────────

  933) [mobile-chrome] › e2e/api/admin-api-comprehensive.spec.ts:598:11 › Admin API - Comprehensive Testing › Analytics Submodules › should return data for /api/admin/analytics/roi 

    Error: apiRequestContext.get: connect ECONNREFUSED ::1:4000
    Call log:
      - → GET http://localhost:4000/api/admin/analytics/roi
        - user-agent: Mozilla/5.0 (Linux; Android 14; Pixel 7) AppleWebKit/537.36 (KHTML, like Gecko) Chrome/151.0.7922.34 Mobile Safari/537.36
        - accept: */*
        - accept-encoding: gzip,deflate,br
        - Authorization: Bearer e2e-admin-token-do-not-use-in-prod

        at apiRequestContext.get: connect ECONNREFUSED ::1:4000
        at APITestHelper.get (/home/tbaltzakis/cloudless.gr/e2e/helpers/api-helpers.ts:51:41)
        at /home/tbaltzakis/cloudless.gr/e2e/api/admin-api-comprehensive.spec.ts:602:42

    Error Context: test-results/api-admin-api-comprehensiv-a5b1f-for-api-admin-analytics-roi-mobile-chrome/error-context.md

    Retry #1 ───────────────────────────────────────────────────────────────────────────────────────

    Error: apiRequestContext.get: connect ECONNREFUSED ::1:4000
    Call log:
      - → GET http://localhost:4000/api/admin/analytics/roi
        - user-agent: Mozilla/5.0 (Linux; Android 14; Pixel 7) AppleWebKit/537.36 (KHTML, like Gecko) Chrome/151.0.7922.34 Mobile Safari/537.36
        - accept: */*
        - accept-encoding: gzip,deflate,br
        - Authorization: Bearer e2e-admin-token-do-not-use-in-prod

        at apiRequestContext.get: connect ECONNREFUSED ::1:4000
        at APITestHelper.get (/home/tbaltzakis/cloudless.gr/e2e/helpers/api-helpers.ts:51:41)
        at /home/tbaltzakis/cloudless.gr/e2e/api/admin-api-comprehensive.spec.ts:602:42

    Error Context: test-results/api-admin-api-comprehensiv-a5b1f-for-api-admin-analytics-roi-mobile-chrome-retry1/error-context.md

    attachment #2: trace (application/zip) ─────────────────────────────────────────────────────────
    test-results/api-admin-api-comprehensiv-a5b1f-for-api-admin-analytics-roi-mobile-chrome-retry1/trace.zip
    Usage:

        npx playwright show-trace test-results/api-admin-api-comprehensiv-a5b1f-for-api-admin-analytics-roi-mobile-chrome-retry1/trace.zip

    ────────────────────────────────────────────────────────────────────────────────────────────────

  934) [mobile-chrome] › e2e/api/admin-api-comprehensive.spec.ts:598:11 › Admin API - Comprehensive Testing › Analytics Submodules › should return data for /api/admin/analytics/search-funnel 

    Error: apiRequestContext.get: connect ECONNREFUSED ::1:4000
    Call log:
      - → GET http://localhost:4000/api/admin/analytics/search-funnel
        - user-agent: Mozilla/5.0 (Linux; Android 14; Pixel 7) AppleWebKit/537.36 (KHTML, like Gecko) Chrome/151.0.7922.34 Mobile Safari/537.36
        - accept: */*
        - accept-encoding: gzip,deflate,br
        - Authorization: Bearer e2e-admin-token-do-not-use-in-prod

        at apiRequestContext.get: connect ECONNREFUSED ::1:4000
        at APITestHelper.get (/home/tbaltzakis/cloudless.gr/e2e/helpers/api-helpers.ts:51:41)
        at /home/tbaltzakis/cloudless.gr/e2e/api/admin-api-comprehensive.spec.ts:602:42

    Error Context: test-results/api-admin-api-comprehensiv-2f99d-min-analytics-search-funnel-mobile-chrome/error-context.md

    Retry #1 ───────────────────────────────────────────────────────────────────────────────────────

    Error: apiRequestContext.get: connect ECONNREFUSED ::1:4000
    Call log:
      - → GET http://localhost:4000/api/admin/analytics/search-funnel
        - user-agent: Mozilla/5.0 (Linux; Android 14; Pixel 7) AppleWebKit/537.36 (KHTML, like Gecko) Chrome/151.0.7922.34 Mobile Safari/537.36
        - accept: */*
        - accept-encoding: gzip,deflate,br
        - Authorization: Bearer e2e-admin-token-do-not-use-in-prod

        at apiRequestContext.get: connect ECONNREFUSED ::1:4000
        at APITestHelper.get (/home/tbaltzakis/cloudless.gr/e2e/helpers/api-helpers.ts:51:41)
        at /home/tbaltzakis/cloudless.gr/e2e/api/admin-api-comprehensive.spec.ts:602:42

    Error Context: test-results/api-admin-api-comprehensiv-2f99d-min-analytics-search-funnel-mobile-chrome-retry1/error-context.md

    attachment #2: trace (application/zip) ─────────────────────────────────────────────────────────
    test-results/api-admin-api-comprehensiv-2f99d-min-analytics-search-funnel-mobile-chrome-retry1/trace.zip
    Usage:

        npx playwright show-trace test-results/api-admin-api-comprehensiv-2f99d-min-analytics-search-funnel-mobile-chrome-retry1/trace.zip

    ────────────────────────────────────────────────────────────────────────────────────────────────

  935) [mobile-chrome] › e2e/api/admin-api-comprehensive.spec.ts:598:11 › Admin API - Comprehensive Testing › Analytics Submodules › should return data for /api/admin/analytics/workspaces 

    Error: apiRequestContext.get: connect ECONNREFUSED ::1:4000
    Call log:
      - → GET http://localhost:4000/api/admin/analytics/workspaces
        - user-agent: Mozilla/5.0 (Linux; Android 14; Pixel 7) AppleWebKit/537.36 (KHTML, like Gecko) Chrome/151.0.7922.34 Mobile Safari/537.36
        - accept: */*
        - accept-encoding: gzip,deflate,br
        - Authorization: Bearer e2e-admin-token-do-not-use-in-prod

        at apiRequestContext.get: connect ECONNREFUSED ::1:4000
        at APITestHelper.get (/home/tbaltzakis/cloudless.gr/e2e/helpers/api-helpers.ts:51:41)
        at /home/tbaltzakis/cloudless.gr/e2e/api/admin-api-comprehensive.spec.ts:602:42

    Error Context: test-results/api-admin-api-comprehensiv-30f76--admin-analytics-workspaces-mobile-chrome/error-context.md

    Retry #1 ───────────────────────────────────────────────────────────────────────────────────────

    Error: apiRequestContext.get: connect ECONNREFUSED ::1:4000
    Call log:
      - → GET http://localhost:4000/api/admin/analytics/workspaces
        - user-agent: Mozilla/5.0 (Linux; Android 14; Pixel 7) AppleWebKit/537.36 (KHTML, like Gecko) Chrome/151.0.7922.34 Mobile Safari/537.36
        - accept: */*
        - accept-encoding: gzip,deflate,br
        - Authorization: Bearer e2e-admin-token-do-not-use-in-prod

        at apiRequestContext.get: connect ECONNREFUSED ::1:4000
        at APITestHelper.get (/home/tbaltzakis/cloudless.gr/e2e/helpers/api-helpers.ts:51:41)
        at /home/tbaltzakis/cloudless.gr/e2e/api/admin-api-comprehensive.spec.ts:602:42

    Error Context: test-results/api-admin-api-comprehensiv-30f76--admin-analytics-workspaces-mobile-chrome-retry1/error-context.md

    attachment #2: trace (application/zip) ─────────────────────────────────────────────────────────
    test-results/api-admin-api-comprehensiv-30f76--admin-analytics-workspaces-mobile-chrome-retry1/trace.zip
    Usage:

        npx playwright show-trace test-results/api-admin-api-comprehensiv-30f76--admin-analytics-workspaces-mobile-chrome-retry1/trace.zip

    ────────────────────────────────────────────────────────────────────────────────────────────────

  936) [mobile-chrome] › e2e/api/admin-api-comprehensive.spec.ts:598:11 › Admin API - Comprehensive Testing › Analytics Submodules › should return data for /api/admin/analytics/workspaces/[id] 

    Error: apiRequestContext.get: connect ECONNREFUSED ::1:4000
    Call log:
      - → GET http://localhost:4000/api/admin/analytics/workspaces/test-id
        - user-agent: Mozilla/5.0 (Linux; Android 14; Pixel 7) AppleWebKit/537.36 (KHTML, like Gecko) Chrome/151.0.7922.34 Mobile Safari/537.36
        - accept: */*
        - accept-encoding: gzip,deflate,br
        - Authorization: Bearer e2e-admin-token-do-not-use-in-prod

        at apiRequestContext.get: connect ECONNREFUSED ::1:4000
        at APITestHelper.get (/home/tbaltzakis/cloudless.gr/e2e/helpers/api-helpers.ts:51:41)
        at /home/tbaltzakis/cloudless.gr/e2e/api/admin-api-comprehensive.spec.ts:602:42

    Error Context: test-results/api-admin-api-comprehensiv-a98e0-in-analytics-workspaces-id--mobile-chrome/error-context.md

    Retry #1 ───────────────────────────────────────────────────────────────────────────────────────

    Error: apiRequestContext.get: connect ECONNREFUSED ::1:4000
    Call log:
      - → GET http://localhost:4000/api/admin/analytics/workspaces/test-id
        - user-agent: Mozilla/5.0 (Linux; Android 14; Pixel 7) AppleWebKit/537.36 (KHTML, like Gecko) Chrome/151.0.7922.34 Mobile Safari/537.36
        - accept: */*
        - accept-encoding: gzip,deflate,br
        - Authorization: Bearer e2e-admin-token-do-not-use-in-prod

        at apiRequestContext.get: connect ECONNREFUSED ::1:4000
        at APITestHelper.get (/home/tbaltzakis/cloudless.gr/e2e/helpers/api-helpers.ts:51:41)
        at /home/tbaltzakis/cloudless.gr/e2e/api/admin-api-comprehensive.spec.ts:602:42

    Error Context: test-results/api-admin-api-comprehensiv-a98e0-in-analytics-workspaces-id--mobile-chrome-retry1/error-context.md

    attachment #2: trace (application/zip) ─────────────────────────────────────────────────────────
    test-results/api-admin-api-comprehensiv-a98e0-in-analytics-workspaces-id--mobile-chrome-retry1/trace.zip
    Usage:

        npx playwright show-trace test-results/api-admin-api-comprehensiv-a98e0-in-analytics-workspaces-id--mobile-chrome-retry1/trace.zip

    ────────────────────────────────────────────────────────────────────────────────────────────────

  937) [mobile-chrome] › e2e/api/admin-api-comprehensive.spec.ts:630:11 › Admin API - Comprehensive Testing › Appflowy Submodules › should return data for /api/admin/appflowy/analytics 

    Error: apiRequestContext.get: connect ECONNREFUSED ::1:4000
    Call log:
      - → GET http://localhost:4000/api/admin/appflowy/analytics
        - user-agent: Mozilla/5.0 (Linux; Android 14; Pixel 7) AppleWebKit/537.36 (KHTML, like Gecko) Chrome/151.0.7922.34 Mobile Safari/537.36
        - accept: */*
        - accept-encoding: gzip,deflate,br
        - Authorization: Bearer e2e-admin-token-do-not-use-in-prod

        at apiRequestContext.get: connect ECONNREFUSED ::1:4000
        at APITestHelper.get (/home/tbaltzakis/cloudless.gr/e2e/helpers/api-helpers.ts:51:41)
        at /home/tbaltzakis/cloudless.gr/e2e/api/admin-api-comprehensive.spec.ts:631:42

    Error Context: test-results/api-admin-api-comprehensiv-a63ef-pi-admin-appflowy-analytics-mobile-chrome/error-context.md

    Retry #1 ───────────────────────────────────────────────────────────────────────────────────────

    Error: apiRequestContext.get: connect ECONNREFUSED ::1:4000
    Call log:
      - → GET http://localhost:4000/api/admin/appflowy/analytics
        - user-agent: Mozilla/5.0 (Linux; Android 14; Pixel 7) AppleWebKit/537.36 (KHTML, like Gecko) Chrome/151.0.7922.34 Mobile Safari/537.36
        - accept: */*
        - accept-encoding: gzip,deflate,br
        - Authorization: Bearer e2e-admin-token-do-not-use-in-prod

        at apiRequestContext.get: connect ECONNREFUSED ::1:4000
        at APITestHelper.get (/home/tbaltzakis/cloudless.gr/e2e/helpers/api-helpers.ts:51:41)
        at /home/tbaltzakis/cloudless.gr/e2e/api/admin-api-comprehensive.spec.ts:631:42

    Error Context: test-results/api-admin-api-comprehensiv-a63ef-pi-admin-appflowy-analytics-mobile-chrome-retry1/error-context.md

    attachment #2: trace (application/zip) ─────────────────────────────────────────────────────────
    test-results/api-admin-api-comprehensiv-a63ef-pi-admin-appflowy-analytics-mobile-chrome-retry1/trace.zip
    Usage:

        npx playwright show-trace test-results/api-admin-api-comprehensiv-a63ef-pi-admin-appflowy-analytics-mobile-chrome-retry1/trace.zip

    ────────────────────────────────────────────────────────────────────────────────────────────────

  938) [mobile-chrome] › e2e/api/admin-api-comprehensive.spec.ts:630:11 › Admin API - Comprehensive Testing › Appflowy Submodules › should return data for /api/admin/appflowy/blog 

    Error: apiRequestContext.get: connect ECONNREFUSED ::1:4000
    Call log:
      - → GET http://localhost:4000/api/admin/appflowy/blog
        - user-agent: Mozilla/5.0 (Linux; Android 14; Pixel 7) AppleWebKit/537.36 (KHTML, like Gecko) Chrome/151.0.7922.34 Mobile Safari/537.36
        - accept: */*
        - accept-encoding: gzip,deflate,br
        - Authorization: Bearer e2e-admin-token-do-not-use-in-prod

        at apiRequestContext.get: connect ECONNREFUSED ::1:4000
        at APITestHelper.get (/home/tbaltzakis/cloudless.gr/e2e/helpers/api-helpers.ts:51:41)
        at /home/tbaltzakis/cloudless.gr/e2e/api/admin-api-comprehensive.spec.ts:631:42

    Error Context: test-results/api-admin-api-comprehensiv-45f0a-for-api-admin-appflowy-blog-mobile-chrome/error-context.md

    Retry #1 ───────────────────────────────────────────────────────────────────────────────────────

    Error: apiRequestContext.get: connect ECONNREFUSED ::1:4000
    Call log:
      - → GET http://localhost:4000/api/admin/appflowy/blog
        - user-agent: Mozilla/5.0 (Linux; Android 14; Pixel 7) AppleWebKit/537.36 (KHTML, like Gecko) Chrome/151.0.7922.34 Mobile Safari/537.36
        - accept: */*
        - accept-encoding: gzip,deflate,br
        - Authorization: Bearer e2e-admin-token-do-not-use-in-prod

        at apiRequestContext.get: connect ECONNREFUSED ::1:4000
        at APITestHelper.get (/home/tbaltzakis/cloudless.gr/e2e/helpers/api-helpers.ts:51:41)
        at /home/tbaltzakis/cloudless.gr/e2e/api/admin-api-comprehensive.spec.ts:631:42

    Error Context: test-results/api-admin-api-comprehensiv-45f0a-for-api-admin-appflowy-blog-mobile-chrome-retry1/error-context.md

    attachment #2: trace (application/zip) ─────────────────────────────────────────────────────────
    test-results/api-admin-api-comprehensiv-45f0a-for-api-admin-appflowy-blog-mobile-chrome-retry1/trace.zip
    Usage:

        npx playwright show-trace test-results/api-admin-api-comprehensiv-45f0a-for-api-admin-appflowy-blog-mobile-chrome-retry1/trace.zip

    ────────────────────────────────────────────────────────────────────────────────────────────────

  939) [mobile-chrome] › e2e/api/admin-api-comprehensive.spec.ts:630:11 › Admin API - Comprehensive Testing › Appflowy Submodules › should return data for /api/admin/appflowy/case-studies 

    Error: apiRequestContext.get: connect ECONNREFUSED ::1:4000
    Call log:
      - → GET http://localhost:4000/api/admin/appflowy/case-studies
        - user-agent: Mozilla/5.0 (Linux; Android 14; Pixel 7) AppleWebKit/537.36 (KHTML, like Gecko) Chrome/151.0.7922.34 Mobile Safari/537.36
        - accept: */*
        - accept-encoding: gzip,deflate,br
        - Authorization: Bearer e2e-admin-token-do-not-use-in-prod

        at apiRequestContext.get: connect ECONNREFUSED ::1:4000
        at APITestHelper.get (/home/tbaltzakis/cloudless.gr/e2e/helpers/api-helpers.ts:51:41)
        at /home/tbaltzakis/cloudless.gr/e2e/api/admin-api-comprehensive.spec.ts:631:42

    Error Context: test-results/api-admin-api-comprehensiv-f4a7c-admin-appflowy-case-studies-mobile-chrome/error-context.md

    Retry #1 ───────────────────────────────────────────────────────────────────────────────────────

    Error: apiRequestContext.get: connect ECONNREFUSED ::1:4000
    Call log:
      - → GET http://localhost:4000/api/admin/appflowy/case-studies
        - user-agent: Mozilla/5.0 (Linux; Android 14; Pixel 7) AppleWebKit/537.36 (KHTML, like Gecko) Chrome/151.0.7922.34 Mobile Safari/537.36
        - accept: */*
        - accept-encoding: gzip,deflate,br
        - Authorization: Bearer e2e-admin-token-do-not-use-in-prod

        at apiRequestContext.get: connect ECONNREFUSED ::1:4000
        at APITestHelper.get (/home/tbaltzakis/cloudless.gr/e2e/helpers/api-helpers.ts:51:41)
        at /home/tbaltzakis/cloudless.gr/e2e/api/admin-api-comprehensive.spec.ts:631:42

    Error Context: test-results/api-admin-api-comprehensiv-f4a7c-admin-appflowy-case-studies-mobile-chrome-retry1/error-context.md

    attachment #2: trace (application/zip) ─────────────────────────────────────────────────────────
    test-results/api-admin-api-comprehensiv-f4a7c-admin-appflowy-case-studies-mobile-chrome-retry1/trace.zip
    Usage:

        npx playwright show-trace test-results/api-admin-api-comprehensiv-f4a7c-admin-appflowy-case-studies-mobile-chrome-retry1/trace.zip

    ────────────────────────────────────────────────────────────────────────────────────────────────

  940) [mobile-chrome] › e2e/api/admin-api-comprehensive.spec.ts:630:11 › Admin API - Comprehensive Testing › Appflowy Submodules › should return data for /api/admin/appflowy/docs 

    Error: apiRequestContext.get: connect ECONNREFUSED ::1:4000
    Call log:
      - → GET http://localhost:4000/api/admin/appflowy/docs
        - user-agent: Mozilla/5.0 (Linux; Android 14; Pixel 7) AppleWebKit/537.36 (KHTML, like Gecko) Chrome/151.0.7922.34 Mobile Safari/537.36
        - accept: */*
        - accept-encoding: gzip,deflate,br
        - Authorization: Bearer e2e-admin-token-do-not-use-in-prod

        at apiRequestContext.get: connect ECONNREFUSED ::1:4000
        at APITestHelper.get (/home/tbaltzakis/cloudless.gr/e2e/helpers/api-helpers.ts:51:41)
        at /home/tbaltzakis/cloudless.gr/e2e/api/admin-api-comprehensive.spec.ts:631:42

    Error Context: test-results/api-admin-api-comprehensiv-4dc0f-for-api-admin-appflowy-docs-mobile-chrome/error-context.md

    Retry #1 ───────────────────────────────────────────────────────────────────────────────────────

    Error: apiRequestContext.get: connect ECONNREFUSED ::1:4000
    Call log:
      - → GET http://localhost:4000/api/admin/appflowy/docs
        - user-agent: Mozilla/5.0 (Linux; Android 14; Pixel 7) AppleWebKit/537.36 (KHTML, like Gecko) Chrome/151.0.7922.34 Mobile Safari/537.36
        - accept: */*
        - accept-encoding: gzip,deflate,br
        - Authorization: Bearer e2e-admin-token-do-not-use-in-prod

        at apiRequestContext.get: connect ECONNREFUSED ::1:4000
        at APITestHelper.get (/home/tbaltzakis/cloudless.gr/e2e/helpers/api-helpers.ts:51:41)
        at /home/tbaltzakis/cloudless.gr/e2e/api/admin-api-comprehensive.spec.ts:631:42

    Error Context: test-results/api-admin-api-comprehensiv-4dc0f-for-api-admin-appflowy-docs-mobile-chrome-retry1/error-context.md

    attachment #2: trace (application/zip) ─────────────────────────────────────────────────────────
    test-results/api-admin-api-comprehensiv-4dc0f-for-api-admin-appflowy-docs-mobile-chrome-retry1/trace.zip
    Usage:

        npx playwright show-trace test-results/api-admin-api-comprehensiv-4dc0f-for-api-admin-appflowy-docs-mobile-chrome-retry1/trace.zip

    ────────────────────────────────────────────────────────────────────────────────────────────────

  941) [mobile-chrome] › e2e/api/admin-api-comprehensive.spec.ts:630:11 › Admin API - Comprehensive Testing › Appflowy Submodules › should return data for /api/admin/appflowy/faqs 

    Error: apiRequestContext.get: connect ECONNREFUSED ::1:4000
    Call log:
      - → GET http://localhost:4000/api/admin/appflowy/faqs
        - user-agent: Mozilla/5.0 (Linux; Android 14; Pixel 7) AppleWebKit/537.36 (KHTML, like Gecko) Chrome/151.0.7922.34 Mobile Safari/537.36
        - accept: */*
        - accept-encoding: gzip,deflate,br
        - Authorization: Bearer e2e-admin-token-do-not-use-in-prod

        at apiRequestContext.get: connect ECONNREFUSED ::1:4000
        at APITestHelper.get (/home/tbaltzakis/cloudless.gr/e2e/helpers/api-helpers.ts:51:41)
        at /home/tbaltzakis/cloudless.gr/e2e/api/admin-api-comprehensive.spec.ts:631:42

    Error Context: test-results/api-admin-api-comprehensiv-93528-for-api-admin-appflowy-faqs-mobile-chrome/error-context.md

    Retry #1 ───────────────────────────────────────────────────────────────────────────────────────

    Error: apiRequestContext.get: connect ECONNREFUSED ::1:4000
    Call log:
      - → GET http://localhost:4000/api/admin/appflowy/faqs
        - user-agent: Mozilla/5.0 (Linux; Android 14; Pixel 7) AppleWebKit/537.36 (KHTML, like Gecko) Chrome/151.0.7922.34 Mobile Safari/537.36
        - accept: */*
        - accept-encoding: gzip,deflate,br
        - Authorization: Bearer e2e-admin-token-do-not-use-in-prod

        at apiRequestContext.get: connect ECONNREFUSED ::1:4000
        at APITestHelper.get (/home/tbaltzakis/cloudless.gr/e2e/helpers/api-helpers.ts:51:41)
        at /home/tbaltzakis/cloudless.gr/e2e/api/admin-api-comprehensive.spec.ts:631:42

    Error Context: test-results/api-admin-api-comprehensiv-93528-for-api-admin-appflowy-faqs-mobile-chrome-retry1/error-context.md

    attachment #2: trace (application/zip) ─────────────────────────────────────────────────────────
    test-results/api-admin-api-comprehensiv-93528-for-api-admin-appflowy-faqs-mobile-chrome-retry1/trace.zip
    Usage:

        npx playwright show-trace test-results/api-admin-api-comprehensiv-93528-for-api-admin-appflowy-faqs-mobile-chrome-retry1/trace.zip

    ────────────────────────────────────────────────────────────────────────────────────────────────

  942) [mobile-chrome] › e2e/api/admin-api-comprehensive.spec.ts:630:11 › Admin API - Comprehensive Testing › Appflowy Submodules › should return data for /api/admin/appflowy/projects 

    Error: apiRequestContext.get: connect ECONNREFUSED ::1:4000
    Call log:
      - → GET http://localhost:4000/api/admin/appflowy/projects
        - user-agent: Mozilla/5.0 (Linux; Android 14; Pixel 7) AppleWebKit/537.36 (KHTML, like Gecko) Chrome/151.0.7922.34 Mobile Safari/537.36
        - accept: */*
        - accept-encoding: gzip,deflate,br
        - Authorization: Bearer e2e-admin-token-do-not-use-in-prod

        at apiRequestContext.get: connect ECONNREFUSED ::1:4000
        at APITestHelper.get (/home/tbaltzakis/cloudless.gr/e2e/helpers/api-helpers.ts:51:41)
        at /home/tbaltzakis/cloudless.gr/e2e/api/admin-api-comprehensive.spec.ts:631:42

    Error Context: test-results/api-admin-api-comprehensiv-2424c-api-admin-appflowy-projects-mobile-chrome/error-context.md

    Retry #1 ───────────────────────────────────────────────────────────────────────────────────────

    Error: apiRequestContext.get: connect ECONNREFUSED ::1:4000
    Call log:
      - → GET http://localhost:4000/api/admin/appflowy/projects
        - user-agent: Mozilla/5.0 (Linux; Android 14; Pixel 7) AppleWebKit/537.36 (KHTML, like Gecko) Chrome/151.0.7922.34 Mobile Safari/537.36
        - accept: */*
        - accept-encoding: gzip,deflate,br
        - Authorization: Bearer e2e-admin-token-do-not-use-in-prod

        at apiRequestContext.get: connect ECONNREFUSED ::1:4000
        at APITestHelper.get (/home/tbaltzakis/cloudless.gr/e2e/helpers/api-helpers.ts:51:41)
        at /home/tbaltzakis/cloudless.gr/e2e/api/admin-api-comprehensive.spec.ts:631:42

    Error Context: test-results/api-admin-api-comprehensiv-2424c-api-admin-appflowy-projects-mobile-chrome-retry1/error-context.md

    attachment #2: trace (application/zip) ─────────────────────────────────────────────────────────
    test-results/api-admin-api-comprehensiv-2424c-api-admin-appflowy-projects-mobile-chrome-retry1/trace.zip
    Usage:

        npx playwright show-trace test-results/api-admin-api-comprehensiv-2424c-api-admin-appflowy-projects-mobile-chrome-retry1/trace.zip

    ────────────────────────────────────────────────────────────────────────────────────────────────

  943) [mobile-chrome] › e2e/api/admin-api-comprehensive.spec.ts:630:11 › Admin API - Comprehensive Testing › Appflowy Submodules › should return data for /api/admin/appflowy/search 

    Error: apiRequestContext.get: connect ECONNREFUSED ::1:4000
    Call log:
      - → GET http://localhost:4000/api/admin/appflowy/search
        - user-agent: Mozilla/5.0 (Linux; Android 14; Pixel 7) AppleWebKit/537.36 (KHTML, like Gecko) Chrome/151.0.7922.34 Mobile Safari/537.36
        - accept: */*
        - accept-encoding: gzip,deflate,br
        - Authorization: Bearer e2e-admin-token-do-not-use-in-prod

        at apiRequestContext.get: connect ECONNREFUSED ::1:4000
        at APITestHelper.get (/home/tbaltzakis/cloudless.gr/e2e/helpers/api-helpers.ts:51:41)
        at /home/tbaltzakis/cloudless.gr/e2e/api/admin-api-comprehensive.spec.ts:631:42

    Error Context: test-results/api-admin-api-comprehensiv-d036a-r-api-admin-appflowy-search-mobile-chrome/error-context.md

    Retry #1 ───────────────────────────────────────────────────────────────────────────────────────

    Error: apiRequestContext.get: connect ECONNREFUSED ::1:4000
    Call log:
      - → GET http://localhost:4000/api/admin/appflowy/search
        - user-agent: Mozilla/5.0 (Linux; Android 14; Pixel 7) AppleWebKit/537.36 (KHTML, like Gecko) Chrome/151.0.7922.34 Mobile Safari/537.36
        - accept: */*
        - accept-encoding: gzip,deflate,br
        - Authorization: Bearer e2e-admin-token-do-not-use-in-prod

        at apiRequestContext.get: connect ECONNREFUSED ::1:4000
        at APITestHelper.get (/home/tbaltzakis/cloudless.gr/e2e/helpers/api-helpers.ts:51:41)
        at /home/tbaltzakis/cloudless.gr/e2e/api/admin-api-comprehensive.spec.ts:631:42

    Error Context: test-results/api-admin-api-comprehensiv-d036a-r-api-admin-appflowy-search-mobile-chrome-retry1/error-context.md

    attachment #2: trace (application/zip) ─────────────────────────────────────────────────────────
    test-results/api-admin-api-comprehensiv-d036a-r-api-admin-appflowy-search-mobile-chrome-retry1/trace.zip
    Usage:

        npx playwright show-trace test-results/api-admin-api-comprehensiv-d036a-r-api-admin-appflowy-search-mobile-chrome-retry1/trace.zip

    ────────────────────────────────────────────────────────────────────────────────────────────────

  944) [mobile-chrome] › e2e/api/admin-api-comprehensive.spec.ts:630:11 › Admin API - Comprehensive Testing › Appflowy Submodules › should return data for /api/admin/appflowy/services 

    Error: apiRequestContext.get: connect ECONNREFUSED ::1:4000
    Call log:
      - → GET http://localhost:4000/api/admin/appflowy/services
        - user-agent: Mozilla/5.0 (Linux; Android 14; Pixel 7) AppleWebKit/537.36 (KHTML, like Gecko) Chrome/151.0.7922.34 Mobile Safari/537.36
        - accept: */*
        - accept-encoding: gzip,deflate,br
        - Authorization: Bearer e2e-admin-token-do-not-use-in-prod

        at apiRequestContext.get: connect ECONNREFUSED ::1:4000
        at APITestHelper.get (/home/tbaltzakis/cloudless.gr/e2e/helpers/api-helpers.ts:51:41)
        at /home/tbaltzakis/cloudless.gr/e2e/api/admin-api-comprehensive.spec.ts:631:42

    Error Context: test-results/api-admin-api-comprehensiv-c380b-api-admin-appflowy-services-mobile-chrome/error-context.md

    Retry #1 ───────────────────────────────────────────────────────────────────────────────────────

    Error: apiRequestContext.get: connect ECONNREFUSED ::1:4000
    Call log:
      - → GET http://localhost:4000/api/admin/appflowy/services
        - user-agent: Mozilla/5.0 (Linux; Android 14; Pixel 7) AppleWebKit/537.36 (KHTML, like Gecko) Chrome/151.0.7922.34 Mobile Safari/537.36
        - accept: */*
        - accept-encoding: gzip,deflate,br
        - Authorization: Bearer e2e-admin-token-do-not-use-in-prod

        at apiRequestContext.get: connect ECONNREFUSED ::1:4000
        at APITestHelper.get (/home/tbaltzakis/cloudless.gr/e2e/helpers/api-helpers.ts:51:41)
        at /home/tbaltzakis/cloudless.gr/e2e/api/admin-api-comprehensive.spec.ts:631:42

    Error Context: test-results/api-admin-api-comprehensiv-c380b-api-admin-appflowy-services-mobile-chrome-retry1/error-context.md

    attachment #2: trace (application/zip) ─────────────────────────────────────────────────────────
    test-results/api-admin-api-comprehensiv-c380b-api-admin-appflowy-services-mobile-chrome-retry1/trace.zip
    Usage:

        npx playwright show-trace test-results/api-admin-api-comprehensiv-c380b-api-admin-appflowy-services-mobile-chrome-retry1/trace.zip

    ────────────────────────────────────────────────────────────────────────────────────────────────

  945) [mobile-chrome] › e2e/api/admin-api-comprehensive.spec.ts:630:11 › Admin API - Comprehensive Testing › Appflowy Submodules › should return data for /api/admin/appflowy/status 

    Error: apiRequestContext.get: connect ECONNREFUSED ::1:4000
    Call log:
      - → GET http://localhost:4000/api/admin/appflowy/status
        - user-agent: Mozilla/5.0 (Linux; Android 14; Pixel 7) AppleWebKit/537.36 (KHTML, like Gecko) Chrome/151.0.7922.34 Mobile Safari/537.36
        - accept: */*
        - accept-encoding: gzip,deflate,br
        - Authorization: Bearer e2e-admin-token-do-not-use-in-prod

        at apiRequestContext.get: connect ECONNREFUSED ::1:4000
        at APITestHelper.get (/home/tbaltzakis/cloudless.gr/e2e/helpers/api-helpers.ts:51:41)
        at /home/tbaltzakis/cloudless.gr/e2e/api/admin-api-comprehensive.spec.ts:631:42

    Error Context: test-results/api-admin-api-comprehensiv-a9089-r-api-admin-appflowy-status-mobile-chrome/error-context.md

    Retry #1 ───────────────────────────────────────────────────────────────────────────────────────

    Error: apiRequestContext.get: connect ECONNREFUSED ::1:4000
    Call log:
      - → GET http://localhost:4000/api/admin/appflowy/status
        - user-agent: Mozilla/5.0 (Linux; Android 14; Pixel 7) AppleWebKit/537.36 (KHTML, like Gecko) Chrome/151.0.7922.34 Mobile Safari/537.36
        - accept: */*
        - accept-encoding: gzip,deflate,br
        - Authorization: Bearer e2e-admin-token-do-not-use-in-prod

        at apiRequestContext.get: connect ECONNREFUSED ::1:4000
        at APITestHelper.get (/home/tbaltzakis/cloudless.gr/e2e/helpers/api-helpers.ts:51:41)
        at /home/tbaltzakis/cloudless.gr/e2e/api/admin-api-comprehensive.spec.ts:631:42

    Error Context: test-results/api-admin-api-comprehensiv-a9089-r-api-admin-appflowy-status-mobile-chrome-retry1/error-context.md

    attachment #2: trace (application/zip) ─────────────────────────────────────────────────────────
    test-results/api-admin-api-comprehensiv-a9089-r-api-admin-appflowy-status-mobile-chrome-retry1/trace.zip
    Usage:

        npx playwright show-trace test-results/api-admin-api-comprehensiv-a9089-r-api-admin-appflowy-status-mobile-chrome-retry1/trace.zip

    ────────────────────────────────────────────────────────────────────────────────────────────────

  946) [mobile-chrome] › e2e/api/admin-api-comprehensive.spec.ts:630:11 › Admin API - Comprehensive Testing › Appflowy Submodules › should return data for /api/admin/appflowy/submissions 

    Error: apiRequestContext.get: connect ECONNREFUSED ::1:4000
    Call log:
      - → GET http://localhost:4000/api/admin/appflowy/submissions
        - user-agent: Mozilla/5.0 (Linux; Android 14; Pixel 7) AppleWebKit/537.36 (KHTML, like Gecko) Chrome/151.0.7922.34 Mobile Safari/537.36
        - accept: */*
        - accept-encoding: gzip,deflate,br
        - Authorization: Bearer e2e-admin-token-do-not-use-in-prod

        at apiRequestContext.get: connect ECONNREFUSED ::1:4000
        at APITestHelper.get (/home/tbaltzakis/cloudless.gr/e2e/helpers/api-helpers.ts:51:41)
        at /home/tbaltzakis/cloudless.gr/e2e/api/admin-api-comprehensive.spec.ts:631:42

    Error Context: test-results/api-admin-api-comprehensiv-555ae--admin-appflowy-submissions-mobile-chrome/error-context.md

    Retry #1 ───────────────────────────────────────────────────────────────────────────────────────

    Error: apiRequestContext.get: connect ECONNREFUSED ::1:4000
    Call log:
      - → GET http://localhost:4000/api/admin/appflowy/submissions
        - user-agent: Mozilla/5.0 (Linux; Android 14; Pixel 7) AppleWebKit/537.36 (KHTML, like Gecko) Chrome/151.0.7922.34 Mobile Safari/537.36
        - accept: */*
        - accept-encoding: gzip,deflate,br
        - Authorization: Bearer e2e-admin-token-do-not-use-in-prod

        at apiRequestContext.get: connect ECONNREFUSED ::1:4000
        at APITestHelper.get (/home/tbaltzakis/cloudless.gr/e2e/helpers/api-helpers.ts:51:41)
        at /home/tbaltzakis/cloudless.gr/e2e/api/admin-api-comprehensive.spec.ts:631:42

    Error Context: test-results/api-admin-api-comprehensiv-555ae--admin-appflowy-submissions-mobile-chrome-retry1/error-context.md

    attachment #2: trace (application/zip) ─────────────────────────────────────────────────────────
    test-results/api-admin-api-comprehensiv-555ae--admin-appflowy-submissions-mobile-chrome-retry1/trace.zip
    Usage:

        npx playwright show-trace test-results/api-admin-api-comprehensiv-555ae--admin-appflowy-submissions-mobile-chrome-retry1/trace.zip

    ────────────────────────────────────────────────────────────────────────────────────────────────

  947) [mobile-chrome] › e2e/api/admin-api-comprehensive.spec.ts:630:11 › Admin API - Comprehensive Testing › Appflowy Submodules › should return data for /api/admin/appflowy/tasks 

    Error: apiRequestContext.get: connect ECONNREFUSED ::1:4000
    Call log:
      - → GET http://localhost:4000/api/admin/appflowy/tasks
        - user-agent: Mozilla/5.0 (Linux; Android 14; Pixel 7) AppleWebKit/537.36 (KHTML, like Gecko) Chrome/151.0.7922.34 Mobile Safari/537.36
        - accept: */*
        - accept-encoding: gzip,deflate,br
        - Authorization: Bearer e2e-admin-token-do-not-use-in-prod

        at apiRequestContext.get: connect ECONNREFUSED ::1:4000
        at APITestHelper.get (/home/tbaltzakis/cloudless.gr/e2e/helpers/api-helpers.ts:51:41)
        at /home/tbaltzakis/cloudless.gr/e2e/api/admin-api-comprehensive.spec.ts:631:42

    Error Context: test-results/api-admin-api-comprehensiv-70c14-or-api-admin-appflowy-tasks-mobile-chrome/error-context.md

    Retry #1 ───────────────────────────────────────────────────────────────────────────────────────

    Error: apiRequestContext.get: connect ECONNREFUSED ::1:4000
    Call log:
      - → GET http://localhost:4000/api/admin/appflowy/tasks
        - user-agent: Mozilla/5.0 (Linux; Android 14; Pixel 7) AppleWebKit/537.36 (KHTML, like Gecko) Chrome/151.0.7922.34 Mobile Safari/537.36
        - accept: */*
        - accept-encoding: gzip,deflate,br
        - Authorization: Bearer e2e-admin-token-do-not-use-in-prod

        at apiRequestContext.get: connect ECONNREFUSED ::1:4000
        at APITestHelper.get (/home/tbaltzakis/cloudless.gr/e2e/helpers/api-helpers.ts:51:41)
        at /home/tbaltzakis/cloudless.gr/e2e/api/admin-api-comprehensive.spec.ts:631:42

    Error Context: test-results/api-admin-api-comprehensiv-70c14-or-api-admin-appflowy-tasks-mobile-chrome-retry1/error-context.md

    attachment #2: trace (application/zip) ─────────────────────────────────────────────────────────
    test-results/api-admin-api-comprehensiv-70c14-or-api-admin-appflowy-tasks-mobile-chrome-retry1/trace.zip
    Usage:

        npx playwright show-trace test-results/api-admin-api-comprehensiv-70c14-or-api-admin-appflowy-tasks-mobile-chrome-retry1/trace.zip

    ────────────────────────────────────────────────────────────────────────────────────────────────

  948) [mobile-chrome] › e2e/api/admin-api-comprehensive.spec.ts:630:11 › Admin API - Comprehensive Testing › Appflowy Submodules › should return data for /api/admin/appflowy/testimonials 

    Error: apiRequestContext.get: connect ECONNREFUSED ::1:4000
    Call log:
      - → GET http://localhost:4000/api/admin/appflowy/testimonials
        - user-agent: Mozilla/5.0 (Linux; Android 14; Pixel 7) AppleWebKit/537.36 (KHTML, like Gecko) Chrome/151.0.7922.34 Mobile Safari/537.36
        - accept: */*
        - accept-encoding: gzip,deflate,br
        - Authorization: Bearer e2e-admin-token-do-not-use-in-prod

        at apiRequestContext.get: connect ECONNREFUSED ::1:4000
        at APITestHelper.get (/home/tbaltzakis/cloudless.gr/e2e/helpers/api-helpers.ts:51:41)
        at /home/tbaltzakis/cloudless.gr/e2e/api/admin-api-comprehensive.spec.ts:631:42

    Error Context: test-results/api-admin-api-comprehensiv-db303-admin-appflowy-testimonials-mobile-chrome/error-context.md

    Retry #1 ───────────────────────────────────────────────────────────────────────────────────────

    Error: apiRequestContext.get: connect ECONNREFUSED ::1:4000
    Call log:
      - → GET http://localhost:4000/api/admin/appflowy/testimonials
        - user-agent: Mozilla/5.0 (Linux; Android 14; Pixel 7) AppleWebKit/537.36 (KHTML, like Gecko) Chrome/151.0.7922.34 Mobile Safari/537.36
        - accept: */*
        - accept-encoding: gzip,deflate,br
        - Authorization: Bearer e2e-admin-token-do-not-use-in-prod

        at apiRequestContext.get: connect ECONNREFUSED ::1:4000
        at APITestHelper.get (/home/tbaltzakis/cloudless.gr/e2e/helpers/api-helpers.ts:51:41)
        at /home/tbaltzakis/cloudless.gr/e2e/api/admin-api-comprehensive.spec.ts:631:42

    Error Context: test-results/api-admin-api-comprehensiv-db303-admin-appflowy-testimonials-mobile-chrome-retry1/error-context.md

    attachment #2: trace (application/zip) ─────────────────────────────────────────────────────────
    test-results/api-admin-api-comprehensiv-db303-admin-appflowy-testimonials-mobile-chrome-retry1/trace.zip
    Usage:

        npx playwright show-trace test-results/api-admin-api-comprehensiv-db303-admin-appflowy-testimonials-mobile-chrome-retry1/trace.zip

    ────────────────────────────────────────────────────────────────────────────────────────────────

  949) [mobile-chrome] › e2e/api/admin-api-comprehensive.spec.ts:661:11 › Admin API - Comprehensive Testing › Campaigns Submodules › should return data for /api/admin/campaigns/crm-leads 

    Error: apiRequestContext.get: connect ECONNREFUSED ::1:4000
    Call log:
      - → GET http://localhost:4000/api/admin/campaigns/crm-leads
        - user-agent: Mozilla/5.0 (Linux; Android 14; Pixel 7) AppleWebKit/537.36 (KHTML, like Gecko) Chrome/151.0.7922.34 Mobile Safari/537.36
        - accept: */*
        - accept-encoding: gzip,deflate,br
        - Authorization: Bearer e2e-admin-token-do-not-use-in-prod

        at apiRequestContext.get: connect ECONNREFUSED ::1:4000
        at APITestHelper.get (/home/tbaltzakis/cloudless.gr/e2e/helpers/api-helpers.ts:51:41)
        at /home/tbaltzakis/cloudless.gr/e2e/api/admin-api-comprehensive.spec.ts:662:42

    Error Context: test-results/api-admin-api-comprehensiv-1e032-i-admin-campaigns-crm-leads-mobile-chrome/error-context.md

    Retry #1 ───────────────────────────────────────────────────────────────────────────────────────

    Error: apiRequestContext.get: connect ECONNREFUSED ::1:4000
    Call log:
      - → GET http://localhost:4000/api/admin/campaigns/crm-leads
        - user-agent: Mozilla/5.0 (Linux; Android 14; Pixel 7) AppleWebKit/537.36 (KHTML, like Gecko) Chrome/151.0.7922.34 Mobile Safari/537.36
        - accept: */*
        - accept-encoding: gzip,deflate,br
        - Authorization: Bearer e2e-admin-token-do-not-use-in-prod

        at apiRequestContext.get: connect ECONNREFUSED ::1:4000
        at APITestHelper.get (/home/tbaltzakis/cloudless.gr/e2e/helpers/api-helpers.ts:51:41)
        at /home/tbaltzakis/cloudless.gr/e2e/api/admin-api-comprehensive.spec.ts:662:42

    Error Context: test-results/api-admin-api-comprehensiv-1e032-i-admin-campaigns-crm-leads-mobile-chrome-retry1/error-context.md

    attachment #2: trace (application/zip) ─────────────────────────────────────────────────────────
    test-results/api-admin-api-comprehensiv-1e032-i-admin-campaigns-crm-leads-mobile-chrome-retry1/trace.zip
    Usage:

        npx playwright show-trace test-results/api-admin-api-comprehensiv-1e032-i-admin-campaigns-crm-leads-mobile-chrome-retry1/trace.zip

    ────────────────────────────────────────────────────────────────────────────────────────────────

  950) [mobile-chrome] › e2e/api/admin-api-comprehensive.spec.ts:661:11 › Admin API - Comprehensive Testing › Campaigns Submodules › should return data for /api/admin/campaigns/google 

    Error: apiRequestContext.get: connect ECONNREFUSED ::1:4000
    Call log:
      - → GET http://localhost:4000/api/admin/campaigns/google
        - user-agent: Mozilla/5.0 (Linux; Android 14; Pixel 7) AppleWebKit/537.36 (KHTML, like Gecko) Chrome/151.0.7922.34 Mobile Safari/537.36
        - accept: */*
        - accept-encoding: gzip,deflate,br
        - Authorization: Bearer e2e-admin-token-do-not-use-in-prod

        at apiRequestContext.get: connect ECONNREFUSED ::1:4000
        at APITestHelper.get (/home/tbaltzakis/cloudless.gr/e2e/helpers/api-helpers.ts:51:41)
        at /home/tbaltzakis/cloudless.gr/e2e/api/admin-api-comprehensive.spec.ts:662:42

    Error Context: test-results/api-admin-api-comprehensiv-ee8e2--api-admin-campaigns-google-mobile-chrome/error-context.md

    Retry #1 ───────────────────────────────────────────────────────────────────────────────────────

    Error: apiRequestContext.get: connect ECONNREFUSED ::1:4000
    Call log:
      - → GET http://localhost:4000/api/admin/campaigns/google
        - user-agent: Mozilla/5.0 (Linux; Android 14; Pixel 7) AppleWebKit/537.36 (KHTML, like Gecko) Chrome/151.0.7922.34 Mobile Safari/537.36
        - accept: */*
        - accept-encoding: gzip,deflate,br
        - Authorization: Bearer e2e-admin-token-do-not-use-in-prod

        at apiRequestContext.get: connect ECONNREFUSED ::1:4000
        at APITestHelper.get (/home/tbaltzakis/cloudless.gr/e2e/helpers/api-helpers.ts:51:41)
        at /home/tbaltzakis/cloudless.gr/e2e/api/admin-api-comprehensive.spec.ts:662:42

    Error Context: test-results/api-admin-api-comprehensiv-ee8e2--api-admin-campaigns-google-mobile-chrome-retry1/error-context.md

    attachment #2: trace (application/zip) ─────────────────────────────────────────────────────────
    test-results/api-admin-api-comprehensiv-ee8e2--api-admin-campaigns-google-mobile-chrome-retry1/trace.zip
    Usage:

        npx playwright show-trace test-results/api-admin-api-comprehensiv-ee8e2--api-admin-campaigns-google-mobile-chrome-retry1/trace.zip

    ────────────────────────────────────────────────────────────────────────────────────────────────

  951) [mobile-chrome] › e2e/api/admin-api-comprehensive.spec.ts:661:11 › Admin API - Comprehensive Testing › Campaigns Submodules › should return data for /api/admin/campaigns/google/insights 

    Error: apiRequestContext.get: connect ECONNREFUSED ::1:4000
    Call log:
      - → GET http://localhost:4000/api/admin/campaigns/google/insights
        - user-agent: Mozilla/5.0 (Linux; Android 14; Pixel 7) AppleWebKit/537.36 (KHTML, like Gecko) Chrome/151.0.7922.34 Mobile Safari/537.36
        - accept: */*
        - accept-encoding: gzip,deflate,br
        - Authorization: Bearer e2e-admin-token-do-not-use-in-prod

        at apiRequestContext.get: connect ECONNREFUSED ::1:4000
        at APITestHelper.get (/home/tbaltzakis/cloudless.gr/e2e/helpers/api-helpers.ts:51:41)
        at /home/tbaltzakis/cloudless.gr/e2e/api/admin-api-comprehensive.spec.ts:662:42

    Error Context: test-results/api-admin-api-comprehensiv-252ef-n-campaigns-google-insights-mobile-chrome/error-context.md

    Retry #1 ───────────────────────────────────────────────────────────────────────────────────────

    Error: apiRequestContext.get: connect ECONNREFUSED ::1:4000
    Call log:
      - → GET http://localhost:4000/api/admin/campaigns/google/insights
        - user-agent: Mozilla/5.0 (Linux; Android 14; Pixel 7) AppleWebKit/537.36 (KHTML, like Gecko) Chrome/151.0.7922.34 Mobile Safari/537.36
        - accept: */*
        - accept-encoding: gzip,deflate,br
        - Authorization: Bearer e2e-admin-token-do-not-use-in-prod

        at apiRequestContext.get: connect ECONNREFUSED ::1:4000
        at APITestHelper.get (/home/tbaltzakis/cloudless.gr/e2e/helpers/api-helpers.ts:51:41)
        at /home/tbaltzakis/cloudless.gr/e2e/api/admin-api-comprehensive.spec.ts:662:42

    Error Context: test-results/api-admin-api-comprehensiv-252ef-n-campaigns-google-insights-mobile-chrome-retry1/error-context.md

    attachment #2: trace (application/zip) ─────────────────────────────────────────────────────────
    test-results/api-admin-api-comprehensiv-252ef-n-campaigns-google-insights-mobile-chrome-retry1/trace.zip
    Usage:

        npx playwright show-trace test-results/api-admin-api-comprehensiv-252ef-n-campaigns-google-insights-mobile-chrome-retry1/trace.zip

    ────────────────────────────────────────────────────────────────────────────────────────────────

  952) [mobile-chrome] › e2e/api/admin-api-comprehensive.spec.ts:661:11 › Admin API - Comprehensive Testing › Campaigns Submodules › should return data for /api/admin/campaigns/linkedin 

    Error: apiRequestContext.get: connect ECONNREFUSED ::1:4000
    Call log:
      - → GET http://localhost:4000/api/admin/campaigns/linkedin
        - user-agent: Mozilla/5.0 (Linux; Android 14; Pixel 7) AppleWebKit/537.36 (KHTML, like Gecko) Chrome/151.0.7922.34 Mobile Safari/537.36
        - accept: */*
        - accept-encoding: gzip,deflate,br
        - Authorization: Bearer e2e-admin-token-do-not-use-in-prod

        at apiRequestContext.get: connect ECONNREFUSED ::1:4000
        at APITestHelper.get (/home/tbaltzakis/cloudless.gr/e2e/helpers/api-helpers.ts:51:41)
        at /home/tbaltzakis/cloudless.gr/e2e/api/admin-api-comprehensive.spec.ts:662:42

    Error Context: test-results/api-admin-api-comprehensiv-bdfad-pi-admin-campaigns-linkedin-mobile-chrome/error-context.md

    Retry #1 ───────────────────────────────────────────────────────────────────────────────────────

    Error: apiRequestContext.get: connect ECONNREFUSED ::1:4000
    Call log:
      - → GET http://localhost:4000/api/admin/campaigns/linkedin
        - user-agent: Mozilla/5.0 (Linux; Android 14; Pixel 7) AppleWebKit/537.36 (KHTML, like Gecko) Chrome/151.0.7922.34 Mobile Safari/537.36
        - accept: */*
        - accept-encoding: gzip,deflate,br
        - Authorization: Bearer e2e-admin-token-do-not-use-in-prod

        at apiRequestContext.get: connect ECONNREFUSED ::1:4000
        at APITestHelper.get (/home/tbaltzakis/cloudless.gr/e2e/helpers/api-helpers.ts:51:41)
        at /home/tbaltzakis/cloudless.gr/e2e/api/admin-api-comprehensive.spec.ts:662:42

    Error Context: test-results/api-admin-api-comprehensiv-bdfad-pi-admin-campaigns-linkedin-mobile-chrome-retry1/error-context.md

    attachment #2: trace (application/zip) ─────────────────────────────────────────────────────────
    test-results/api-admin-api-comprehensiv-bdfad-pi-admin-campaigns-linkedin-mobile-chrome-retry1/trace.zip
    Usage:

        npx playwright show-trace test-results/api-admin-api-comprehensiv-bdfad-pi-admin-campaigns-linkedin-mobile-chrome-retry1/trace.zip

    ────────────────────────────────────────────────────────────────────────────────────────────────

  953) [mobile-chrome] › e2e/api/admin-api-comprehensive.spec.ts:661:11 › Admin API - Comprehensive Testing › Campaigns Submodules › should return data for /api/admin/campaigns/linkedin/insights 

    Error: apiRequestContext.get: connect ECONNREFUSED ::1:4000
    Call log:
      - → GET http://localhost:4000/api/admin/campaigns/linkedin/insights
        - user-agent: Mozilla/5.0 (Linux; Android 14; Pixel 7) AppleWebKit/537.36 (KHTML, like Gecko) Chrome/151.0.7922.34 Mobile Safari/537.36
        - accept: */*
        - accept-encoding: gzip,deflate,br
        - Authorization: Bearer e2e-admin-token-do-not-use-in-prod

        at apiRequestContext.get: connect ECONNREFUSED ::1:4000
        at APITestHelper.get (/home/tbaltzakis/cloudless.gr/e2e/helpers/api-helpers.ts:51:41)
        at /home/tbaltzakis/cloudless.gr/e2e/api/admin-api-comprehensive.spec.ts:662:42

    Error Context: test-results/api-admin-api-comprehensiv-9e1ac-campaigns-linkedin-insights-mobile-chrome/error-context.md

    Retry #1 ───────────────────────────────────────────────────────────────────────────────────────

    Error: apiRequestContext.get: connect ECONNREFUSED ::1:4000
    Call log:
      - → GET http://localhost:4000/api/admin/campaigns/linkedin/insights
        - user-agent: Mozilla/5.0 (Linux; Android 14; Pixel 7) AppleWebKit/537.36 (KHTML, like Gecko) Chrome/151.0.7922.34 Mobile Safari/537.36
        - accept: */*
        - accept-encoding: gzip,deflate,br
        - Authorization: Bearer e2e-admin-token-do-not-use-in-prod

        at apiRequestContext.get: connect ECONNREFUSED ::1:4000
        at APITestHelper.get (/home/tbaltzakis/cloudless.gr/e2e/helpers/api-helpers.ts:51:41)
        at /home/tbaltzakis/cloudless.gr/e2e/api/admin-api-comprehensive.spec.ts:662:42

    Error Context: test-results/api-admin-api-comprehensiv-9e1ac-campaigns-linkedin-insights-mobile-chrome-retry1/error-context.md

    attachment #2: trace (application/zip) ─────────────────────────────────────────────────────────
    test-results/api-admin-api-comprehensiv-9e1ac-campaigns-linkedin-insights-mobile-chrome-retry1/trace.zip
    Usage:

        npx playwright show-trace test-results/api-admin-api-comprehensiv-9e1ac-campaigns-linkedin-insights-mobile-chrome-retry1/trace.zip

    ────────────────────────────────────────────────────────────────────────────────────────────────

  954) [mobile-chrome] › e2e/api/admin-api-comprehensive.spec.ts:661:11 › Admin API - Comprehensive Testing › Campaigns Submodules › should return data for /api/admin/campaigns/meta 

    Error: apiRequestContext.get: connect ECONNREFUSED ::1:4000
    Call log:
      - → GET http://localhost:4000/api/admin/campaigns/meta
        - user-agent: Mozilla/5.0 (Linux; Android 14; Pixel 7) AppleWebKit/537.36 (KHTML, like Gecko) Chrome/151.0.7922.34 Mobile Safari/537.36
        - accept: */*
        - accept-encoding: gzip,deflate,br
        - Authorization: Bearer e2e-admin-token-do-not-use-in-prod

        at apiRequestContext.get: connect ECONNREFUSED ::1:4000
        at APITestHelper.get (/home/tbaltzakis/cloudless.gr/e2e/helpers/api-helpers.ts:51:41)
        at /home/tbaltzakis/cloudless.gr/e2e/api/admin-api-comprehensive.spec.ts:662:42

    Error Context: test-results/api-admin-api-comprehensiv-4d949-or-api-admin-campaigns-meta-mobile-chrome/error-context.md

    Retry #1 ───────────────────────────────────────────────────────────────────────────────────────

    Error: apiRequestContext.get: connect ECONNREFUSED ::1:4000
    Call log:
      - → GET http://localhost:4000/api/admin/campaigns/meta
        - user-agent: Mozilla/5.0 (Linux; Android 14; Pixel 7) AppleWebKit/537.36 (KHTML, like Gecko) Chrome/151.0.7922.34 Mobile Safari/537.36
        - accept: */*
        - accept-encoding: gzip,deflate,br
        - Authorization: Bearer e2e-admin-token-do-not-use-in-prod

        at apiRequestContext.get: connect ECONNREFUSED ::1:4000
        at APITestHelper.get (/home/tbaltzakis/cloudless.gr/e2e/helpers/api-helpers.ts:51:41)
        at /home/tbaltzakis/cloudless.gr/e2e/api/admin-api-comprehensive.spec.ts:662:42

    Error Context: test-results/api-admin-api-comprehensiv-4d949-or-api-admin-campaigns-meta-mobile-chrome-retry1/error-context.md

    attachment #2: trace (application/zip) ─────────────────────────────────────────────────────────
    test-results/api-admin-api-comprehensiv-4d949-or-api-admin-campaigns-meta-mobile-chrome-retry1/trace.zip
    Usage:

        npx playwright show-trace test-results/api-admin-api-comprehensiv-4d949-or-api-admin-campaigns-meta-mobile-chrome-retry1/trace.zip

    ────────────────────────────────────────────────────────────────────────────────────────────────

  955) [mobile-chrome] › e2e/api/admin-api-comprehensive.spec.ts:661:11 › Admin API - Comprehensive Testing › Campaigns Submodules › should return data for /api/admin/campaigns/meta/insights 

    Error: apiRequestContext.get: connect ECONNREFUSED ::1:4000
    Call log:
      - → GET http://localhost:4000/api/admin/campaigns/meta/insights
        - user-agent: Mozilla/5.0 (Linux; Android 14; Pixel 7) AppleWebKit/537.36 (KHTML, like Gecko) Chrome/151.0.7922.34 Mobile Safari/537.36
        - accept: */*
        - accept-encoding: gzip,deflate,br
        - Authorization: Bearer e2e-admin-token-do-not-use-in-prod

        at apiRequestContext.get: connect ECONNREFUSED ::1:4000
        at APITestHelper.get (/home/tbaltzakis/cloudless.gr/e2e/helpers/api-helpers.ts:51:41)
        at /home/tbaltzakis/cloudless.gr/e2e/api/admin-api-comprehensive.spec.ts:662:42

    Error Context: test-results/api-admin-api-comprehensiv-77ffd-min-campaigns-meta-insights-mobile-chrome/error-context.md

    Retry #1 ───────────────────────────────────────────────────────────────────────────────────────

    Error: apiRequestContext.get: connect ECONNREFUSED ::1:4000
    Call log:
      - → GET http://localhost:4000/api/admin/campaigns/meta/insights
        - user-agent: Mozilla/5.0 (Linux; Android 14; Pixel 7) AppleWebKit/537.36 (KHTML, like Gecko) Chrome/151.0.7922.34 Mobile Safari/537.36
        - accept: */*
        - accept-encoding: gzip,deflate,br
        - Authorization: Bearer e2e-admin-token-do-not-use-in-prod

        at apiRequestContext.get: connect ECONNREFUSED ::1:4000
        at APITestHelper.get (/home/tbaltzakis/cloudless.gr/e2e/helpers/api-helpers.ts:51:41)
        at /home/tbaltzakis/cloudless.gr/e2e/api/admin-api-comprehensive.spec.ts:662:42

    Error Context: test-results/api-admin-api-comprehensiv-77ffd-min-campaigns-meta-insights-mobile-chrome-retry1/error-context.md

    attachment #2: trace (application/zip) ─────────────────────────────────────────────────────────
    test-results/api-admin-api-comprehensiv-77ffd-min-campaigns-meta-insights-mobile-chrome-retry1/trace.zip
    Usage:

        npx playwright show-trace test-results/api-admin-api-comprehensiv-77ffd-min-campaigns-meta-insights-mobile-chrome-retry1/trace.zip

    ────────────────────────────────────────────────────────────────────────────────────────────────

  956) [mobile-chrome] › e2e/api/admin-api-comprehensive.spec.ts:661:11 › Admin API - Comprehensive Testing › Campaigns Submodules › should return data for /api/admin/campaigns/tiktok 

    Error: apiRequestContext.get: connect ECONNREFUSED ::1:4000
    Call log:
      - → GET http://localhost:4000/api/admin/campaigns/tiktok
        - user-agent: Mozilla/5.0 (Linux; Android 14; Pixel 7) AppleWebKit/537.36 (KHTML, like Gecko) Chrome/151.0.7922.34 Mobile Safari/537.36
        - accept: */*
        - accept-encoding: gzip,deflate,br
        - Authorization: Bearer e2e-admin-token-do-not-use-in-prod

        at apiRequestContext.get: connect ECONNREFUSED ::1:4000
        at APITestHelper.get (/home/tbaltzakis/cloudless.gr/e2e/helpers/api-helpers.ts:51:41)
        at /home/tbaltzakis/cloudless.gr/e2e/api/admin-api-comprehensive.spec.ts:662:42

    Error Context: test-results/api-admin-api-comprehensiv-bf568--api-admin-campaigns-tiktok-mobile-chrome/error-context.md

    Retry #1 ───────────────────────────────────────────────────────────────────────────────────────

    Error: apiRequestContext.get: connect ECONNREFUSED ::1:4000
    Call log:
      - → GET http://localhost:4000/api/admin/campaigns/tiktok
        - user-agent: Mozilla/5.0 (Linux; Android 14; Pixel 7) AppleWebKit/537.36 (KHTML, like Gecko) Chrome/151.0.7922.34 Mobile Safari/537.36
        - accept: */*
        - accept-encoding: gzip,deflate,br
        - Authorization: Bearer e2e-admin-token-do-not-use-in-prod

        at apiRequestContext.get: connect ECONNREFUSED ::1:4000
        at APITestHelper.get (/home/tbaltzakis/cloudless.gr/e2e/helpers/api-helpers.ts:51:41)
        at /home/tbaltzakis/cloudless.gr/e2e/api/admin-api-comprehensive.spec.ts:662:42

    Error Context: test-results/api-admin-api-comprehensiv-bf568--api-admin-campaigns-tiktok-mobile-chrome-retry1/error-context.md

    attachment #2: trace (application/zip) ─────────────────────────────────────────────────────────
    test-results/api-admin-api-comprehensiv-bf568--api-admin-campaigns-tiktok-mobile-chrome-retry1/trace.zip
    Usage:

        npx playwright show-trace test-results/api-admin-api-comprehensiv-bf568--api-admin-campaigns-tiktok-mobile-chrome-retry1/trace.zip

    ────────────────────────────────────────────────────────────────────────────────────────────────

  957) [mobile-chrome] › e2e/api/admin-api-comprehensive.spec.ts:661:11 › Admin API - Comprehensive Testing › Campaigns Submodules › should return data for /api/admin/campaigns/tiktok/insights 

    Error: apiRequestContext.get: connect ECONNREFUSED ::1:4000
    Call log:
      - → GET http://localhost:4000/api/admin/campaigns/tiktok/insights
        - user-agent: Mozilla/5.0 (Linux; Android 14; Pixel 7) AppleWebKit/537.36 (KHTML, like Gecko) Chrome/151.0.7922.34 Mobile Safari/537.36
        - accept: */*
        - accept-encoding: gzip,deflate,br
        - Authorization: Bearer e2e-admin-token-do-not-use-in-prod

        at apiRequestContext.get: connect ECONNREFUSED ::1:4000
        at APITestHelper.get (/home/tbaltzakis/cloudless.gr/e2e/helpers/api-helpers.ts:51:41)
        at /home/tbaltzakis/cloudless.gr/e2e/api/admin-api-comprehensive.spec.ts:662:42

    Error Context: test-results/api-admin-api-comprehensiv-b8a22-n-campaigns-tiktok-insights-mobile-chrome/error-context.md

    Retry #1 ───────────────────────────────────────────────────────────────────────────────────────

    Error: apiRequestContext.get: connect ECONNREFUSED ::1:4000
    Call log:
      - → GET http://localhost:4000/api/admin/campaigns/tiktok/insights
        - user-agent: Mozilla/5.0 (Linux; Android 14; Pixel 7) AppleWebKit/537.36 (KHTML, like Gecko) Chrome/151.0.7922.34 Mobile Safari/537.36
        - accept: */*
        - accept-encoding: gzip,deflate,br
        - Authorization: Bearer e2e-admin-token-do-not-use-in-prod

        at apiRequestContext.get: connect ECONNREFUSED ::1:4000
        at APITestHelper.get (/home/tbaltzakis/cloudless.gr/e2e/helpers/api-helpers.ts:51:41)
        at /home/tbaltzakis/cloudless.gr/e2e/api/admin-api-comprehensive.spec.ts:662:42

    Error Context: test-results/api-admin-api-comprehensiv-b8a22-n-campaigns-tiktok-insights-mobile-chrome-retry1/error-context.md

    attachment #2: trace (application/zip) ─────────────────────────────────────────────────────────
    test-results/api-admin-api-comprehensiv-b8a22-n-campaigns-tiktok-insights-mobile-chrome-retry1/trace.zip
    Usage:

        npx playwright show-trace test-results/api-admin-api-comprehensiv-b8a22-n-campaigns-tiktok-insights-mobile-chrome-retry1/trace.zip

    ────────────────────────────────────────────────────────────────────────────────────────────────

  958) [mobile-chrome] › e2e/api/admin-api-comprehensive.spec.ts:661:11 › Admin API - Comprehensive Testing › Campaigns Submodules › should return data for /api/admin/campaigns/x 

    Error: apiRequestContext.get: connect ECONNREFUSED ::1:4000
    Call log:
      - → GET http://localhost:4000/api/admin/campaigns/x
        - user-agent: Mozilla/5.0 (Linux; Android 14; Pixel 7) AppleWebKit/537.36 (KHTML, like Gecko) Chrome/151.0.7922.34 Mobile Safari/537.36
        - accept: */*
        - accept-encoding: gzip,deflate,br
        - Authorization: Bearer e2e-admin-token-do-not-use-in-prod

        at apiRequestContext.get: connect ECONNREFUSED ::1:4000
        at APITestHelper.get (/home/tbaltzakis/cloudless.gr/e2e/helpers/api-helpers.ts:51:41)
        at /home/tbaltzakis/cloudless.gr/e2e/api/admin-api-comprehensive.spec.ts:662:42

    Error Context: test-results/api-admin-api-comprehensiv-6d13f-a-for-api-admin-campaigns-x-mobile-chrome/error-context.md

    Retry #1 ───────────────────────────────────────────────────────────────────────────────────────

    Error: apiRequestContext.get: connect ECONNREFUSED ::1:4000
    Call log:
      - → GET http://localhost:4000/api/admin/campaigns/x
        - user-agent: Mozilla/5.0 (Linux; Android 14; Pixel 7) AppleWebKit/537.36 (KHTML, like Gecko) Chrome/151.0.7922.34 Mobile Safari/537.36
        - accept: */*
        - accept-encoding: gzip,deflate,br
        - Authorization: Bearer e2e-admin-token-do-not-use-in-prod

        at apiRequestContext.get: connect ECONNREFUSED ::1:4000
        at APITestHelper.get (/home/tbaltzakis/cloudless.gr/e2e/helpers/api-helpers.ts:51:41)
        at /home/tbaltzakis/cloudless.gr/e2e/api/admin-api-comprehensive.spec.ts:662:42

    Error Context: test-results/api-admin-api-comprehensiv-6d13f-a-for-api-admin-campaigns-x-mobile-chrome-retry1/error-context.md

    attachment #2: trace (application/zip) ─────────────────────────────────────────────────────────
    test-results/api-admin-api-comprehensiv-6d13f-a-for-api-admin-campaigns-x-mobile-chrome-retry1/trace.zip
    Usage:

        npx playwright show-trace test-results/api-admin-api-comprehensiv-6d13f-a-for-api-admin-campaigns-x-mobile-chrome-retry1/trace.zip

    ────────────────────────────────────────────────────────────────────────────────────────────────

  959) [mobile-chrome] › e2e/api/admin-api-comprehensive.spec.ts:661:11 › Admin API - Comprehensive Testing › Campaigns Submodules › should return data for /api/admin/campaigns/x/insights 

    Error: apiRequestContext.get: connect ECONNREFUSED ::1:4000
    Call log:
      - → GET http://localhost:4000/api/admin/campaigns/x/insights
        - user-agent: Mozilla/5.0 (Linux; Android 14; Pixel 7) AppleWebKit/537.36 (KHTML, like Gecko) Chrome/151.0.7922.34 Mobile Safari/537.36
        - accept: */*
        - accept-encoding: gzip,deflate,br
        - Authorization: Bearer e2e-admin-token-do-not-use-in-prod

        at apiRequestContext.get: connect ECONNREFUSED ::1:4000
        at APITestHelper.get (/home/tbaltzakis/cloudless.gr/e2e/helpers/api-helpers.ts:51:41)
        at /home/tbaltzakis/cloudless.gr/e2e/api/admin-api-comprehensive.spec.ts:662:42

    Error Context: test-results/api-admin-api-comprehensiv-1d26d--admin-campaigns-x-insights-mobile-chrome/error-context.md

    Retry #1 ───────────────────────────────────────────────────────────────────────────────────────

    Error: apiRequestContext.get: connect ECONNREFUSED ::1:4000
    Call log:
      - → GET http://localhost:4000/api/admin/campaigns/x/insights
        - user-agent: Mozilla/5.0 (Linux; Android 14; Pixel 7) AppleWebKit/537.36 (KHTML, like Gecko) Chrome/151.0.7922.34 Mobile Safari/537.36
        - accept: */*
        - accept-encoding: gzip,deflate,br
        - Authorization: Bearer e2e-admin-token-do-not-use-in-prod

        at apiRequestContext.get: connect ECONNREFUSED ::1:4000
        at APITestHelper.get (/home/tbaltzakis/cloudless.gr/e2e/helpers/api-helpers.ts:51:41)
        at /home/tbaltzakis/cloudless.gr/e2e/api/admin-api-comprehensive.spec.ts:662:42

    Error Context: test-results/api-admin-api-comprehensiv-1d26d--admin-campaigns-x-insights-mobile-chrome-retry1/error-context.md

    attachment #2: trace (application/zip) ─────────────────────────────────────────────────────────
    test-results/api-admin-api-comprehensiv-1d26d--admin-campaigns-x-insights-mobile-chrome-retry1/trace.zip
    Usage:

        npx playwright show-trace test-results/api-admin-api-comprehensiv-1d26d--admin-campaigns-x-insights-mobile-chrome-retry1/trace.zip

    ────────────────────────────────────────────────────────────────────────────────────────────────

  960) [mobile-chrome] › e2e/api/admin-api-comprehensive.spec.ts:681:11 › Admin API - Comprehensive Testing › Calendar Submodules › should return data for /api/admin/calendar/[id] 

    Error: apiRequestContext.get: connect ECONNREFUSED ::1:4000
    Call log:
      - → GET http://localhost:4000/api/admin/calendar/test-id
        - user-agent: Mozilla/5.0 (Linux; Android 14; Pixel 7) AppleWebKit/537.36 (KHTML, like Gecko) Chrome/151.0.7922.34 Mobile Safari/537.36
        - accept: */*
        - accept-encoding: gzip,deflate,br
        - Authorization: Bearer e2e-admin-token-do-not-use-in-prod

        at apiRequestContext.get: connect ECONNREFUSED ::1:4000
        at APITestHelper.get (/home/tbaltzakis/cloudless.gr/e2e/helpers/api-helpers.ts:51:41)
        at /home/tbaltzakis/cloudless.gr/e2e/api/admin-api-comprehensive.spec.ts:685:42

    Error Context: test-results/api-admin-api-comprehensiv-ed8c2--for-api-admin-calendar-id--mobile-chrome/error-context.md

    Retry #1 ───────────────────────────────────────────────────────────────────────────────────────

    Error: apiRequestContext.get: connect ECONNREFUSED ::1:4000
    Call log:
      - → GET http://localhost:4000/api/admin/calendar/test-id
        - user-agent: Mozilla/5.0 (Linux; Android 14; Pixel 7) AppleWebKit/537.36 (KHTML, like Gecko) Chrome/151.0.7922.34 Mobile Safari/537.36
        - accept: */*
        - accept-encoding: gzip,deflate,br
        - Authorization: Bearer e2e-admin-token-do-not-use-in-prod

        at apiRequestContext.get: connect ECONNREFUSED ::1:4000
        at APITestHelper.get (/home/tbaltzakis/cloudless.gr/e2e/helpers/api-helpers.ts:51:41)
        at /home/tbaltzakis/cloudless.gr/e2e/api/admin-api-comprehensive.spec.ts:685:42

    Error Context: test-results/api-admin-api-comprehensiv-ed8c2--for-api-admin-calendar-id--mobile-chrome-retry1/error-context.md

    attachment #2: trace (application/zip) ─────────────────────────────────────────────────────────
    test-results/api-admin-api-comprehensiv-ed8c2--for-api-admin-calendar-id--mobile-chrome-retry1/trace.zip
    Usage:

        npx playwright show-trace test-results/api-admin-api-comprehensiv-ed8c2--for-api-admin-calendar-id--mobile-chrome-retry1/trace.zip

    ────────────────────────────────────────────────────────────────────────────────────────────────

  961) [mobile-chrome] › e2e/api/admin-api-comprehensive.spec.ts:681:11 › Admin API - Comprehensive Testing › Calendar Submodules › should return data for /api/admin/calendar/[id]/publish 

    Error: apiRequestContext.get: connect ECONNREFUSED ::1:4000
    Call log:
      - → GET http://localhost:4000/api/admin/calendar/test-id/publish
        - user-agent: Mozilla/5.0 (Linux; Android 14; Pixel 7) AppleWebKit/537.36 (KHTML, like Gecko) Chrome/151.0.7922.34 Mobile Safari/537.36
        - accept: */*
        - accept-encoding: gzip,deflate,br
        - Authorization: Bearer e2e-admin-token-do-not-use-in-prod

        at apiRequestContext.get: connect ECONNREFUSED ::1:4000
        at APITestHelper.get (/home/tbaltzakis/cloudless.gr/e2e/helpers/api-helpers.ts:51:41)
        at /home/tbaltzakis/cloudless.gr/e2e/api/admin-api-comprehensive.spec.ts:685:42

    Error Context: test-results/api-admin-api-comprehensiv-c763c-i-admin-calendar-id-publish-mobile-chrome/error-context.md

    Retry #1 ───────────────────────────────────────────────────────────────────────────────────────

    Error: apiRequestContext.get: connect ECONNREFUSED ::1:4000
    Call log:
      - → GET http://localhost:4000/api/admin/calendar/test-id/publish
        - user-agent: Mozilla/5.0 (Linux; Android 14; Pixel 7) AppleWebKit/537.36 (KHTML, like Gecko) Chrome/151.0.7922.34 Mobile Safari/537.36
        - accept: */*
        - accept-encoding: gzip,deflate,br
        - Authorization: Bearer e2e-admin-token-do-not-use-in-prod

        at apiRequestContext.get: connect ECONNREFUSED ::1:4000
        at APITestHelper.get (/home/tbaltzakis/cloudless.gr/e2e/helpers/api-helpers.ts:51:41)
        at /home/tbaltzakis/cloudless.gr/e2e/api/admin-api-comprehensive.spec.ts:685:42

    Error Context: test-results/api-admin-api-comprehensiv-c763c-i-admin-calendar-id-publish-mobile-chrome-retry1/error-context.md

    attachment #2: trace (application/zip) ─────────────────────────────────────────────────────────
    test-results/api-admin-api-comprehensiv-c763c-i-admin-calendar-id-publish-mobile-chrome-retry1/trace.zip
    Usage:

        npx playwright show-trace test-results/api-admin-api-comprehensiv-c763c-i-admin-calendar-id-publish-mobile-chrome-retry1/trace.zip

    ────────────────────────────────────────────────────────────────────────────────────────────────

  962) [mobile-chrome] › e2e/api/admin-api-comprehensive.spec.ts:681:11 › Admin API - Comprehensive Testing › Calendar Submodules › should return data for /api/admin/calendar/create 

    Error: apiRequestContext.get: connect ECONNREFUSED ::1:4000
    Call log:
      - → GET http://localhost:4000/api/admin/calendar/create
        - user-agent: Mozilla/5.0 (Linux; Android 14; Pixel 7) AppleWebKit/537.36 (KHTML, like Gecko) Chrome/151.0.7922.34 Mobile Safari/537.36
        - accept: */*
        - accept-encoding: gzip,deflate,br
        - Authorization: Bearer e2e-admin-token-do-not-use-in-prod

        at apiRequestContext.get: connect ECONNREFUSED ::1:4000
        at APITestHelper.get (/home/tbaltzakis/cloudless.gr/e2e/helpers/api-helpers.ts:51:41)
        at /home/tbaltzakis/cloudless.gr/e2e/api/admin-api-comprehensive.spec.ts:685:42

    Error Context: test-results/api-admin-api-comprehensiv-1fc28-r-api-admin-calendar-create-mobile-chrome/error-context.md

    Retry #1 ───────────────────────────────────────────────────────────────────────────────────────

    Error: apiRequestContext.get: connect ECONNREFUSED ::1:4000
    Call log:
      - → GET http://localhost:4000/api/admin/calendar/create
        - user-agent: Mozilla/5.0 (Linux; Android 14; Pixel 7) AppleWebKit/537.36 (KHTML, like Gecko) Chrome/151.0.7922.34 Mobile Safari/537.36
        - accept: */*
        - accept-encoding: gzip,deflate,br
        - Authorization: Bearer e2e-admin-token-do-not-use-in-prod

        at apiRequestContext.get: connect ECONNREFUSED ::1:4000
        at APITestHelper.get (/home/tbaltzakis/cloudless.gr/e2e/helpers/api-helpers.ts:51:41)
        at /home/tbaltzakis/cloudless.gr/e2e/api/admin-api-comprehensive.spec.ts:685:42

    Error Context: test-results/api-admin-api-comprehensiv-1fc28-r-api-admin-calendar-create-mobile-chrome-retry1/error-context.md

    attachment #2: trace (application/zip) ─────────────────────────────────────────────────────────
    test-results/api-admin-api-comprehensiv-1fc28-r-api-admin-calendar-create-mobile-chrome-retry1/trace.zip
    Usage:

        npx playwright show-trace test-results/api-admin-api-comprehensiv-1fc28-r-api-admin-calendar-create-mobile-chrome-retry1/trace.zip

    ────────────────────────────────────────────────────────────────────────────────────────────────

  963) [mobile-chrome] › e2e/api/admin-api-comprehensive.spec.ts:704:11 › Admin API - Comprehensive Testing › Cluster Submodules › should return data for /api/admin/cluster/kuma-status 

    Error: apiRequestContext.get: connect ECONNREFUSED ::1:4000
    Call log:
      - → GET http://localhost:4000/api/admin/cluster/kuma-status
        - user-agent: Mozilla/5.0 (Linux; Android 14; Pixel 7) AppleWebKit/537.36 (KHTML, like Gecko) Chrome/151.0.7922.34 Mobile Safari/537.36
        - accept: */*
        - accept-encoding: gzip,deflate,br
        - Authorization: Bearer e2e-admin-token-do-not-use-in-prod

        at apiRequestContext.get: connect ECONNREFUSED ::1:4000
        at APITestHelper.get (/home/tbaltzakis/cloudless.gr/e2e/helpers/api-helpers.ts:51:41)
        at /home/tbaltzakis/cloudless.gr/e2e/api/admin-api-comprehensive.spec.ts:705:42

    Error Context: test-results/api-admin-api-comprehensiv-54d37-i-admin-cluster-kuma-status-mobile-chrome/error-context.md

    Retry #1 ───────────────────────────────────────────────────────────────────────────────────────

    Error: apiRequestContext.get: connect ECONNREFUSED ::1:4000
    Call log:
      - → GET http://localhost:4000/api/admin/cluster/kuma-status
        - user-agent: Mozilla/5.0 (Linux; Android 14; Pixel 7) AppleWebKit/537.36 (KHTML, like Gecko) Chrome/151.0.7922.34 Mobile Safari/537.36
        - accept: */*
        - accept-encoding: gzip,deflate,br
        - Authorization: Bearer e2e-admin-token-do-not-use-in-prod

        at apiRequestContext.get: connect ECONNREFUSED ::1:4000
        at APITestHelper.get (/home/tbaltzakis/cloudless.gr/e2e/helpers/api-helpers.ts:51:41)
        at /home/tbaltzakis/cloudless.gr/e2e/api/admin-api-comprehensive.spec.ts:705:42

    Error Context: test-results/api-admin-api-comprehensiv-54d37-i-admin-cluster-kuma-status-mobile-chrome-retry1/error-context.md

    attachment #2: trace (application/zip) ─────────────────────────────────────────────────────────
    test-results/api-admin-api-comprehensiv-54d37-i-admin-cluster-kuma-status-mobile-chrome-retry1/trace.zip
    Usage:

        npx playwright show-trace test-results/api-admin-api-comprehensiv-54d37-i-admin-cluster-kuma-status-mobile-chrome-retry1/trace.zip

    ────────────────────────────────────────────────────────────────────────────────────────────────

  964) [mobile-chrome] › e2e/api/admin-api-comprehensive.spec.ts:704:11 › Admin API - Comprehensive Testing › Cluster Submodules › should return data for /api/admin/cluster/mqtt-status 

    Error: apiRequestContext.get: connect ECONNREFUSED ::1:4000
    Call log:
      - → GET http://localhost:4000/api/admin/cluster/mqtt-status
        - user-agent: Mozilla/5.0 (Linux; Android 14; Pixel 7) AppleWebKit/537.36 (KHTML, like Gecko) Chrome/151.0.7922.34 Mobile Safari/537.36
        - accept: */*
        - accept-encoding: gzip,deflate,br
        - Authorization: Bearer e2e-admin-token-do-not-use-in-prod

        at apiRequestContext.get: connect ECONNREFUSED ::1:4000
        at APITestHelper.get (/home/tbaltzakis/cloudless.gr/e2e/helpers/api-helpers.ts:51:41)
        at /home/tbaltzakis/cloudless.gr/e2e/api/admin-api-comprehensive.spec.ts:705:42

    Error Context: test-results/api-admin-api-comprehensiv-6c82c-i-admin-cluster-mqtt-status-mobile-chrome/error-context.md

    Retry #1 ───────────────────────────────────────────────────────────────────────────────────────

    Error: apiRequestContext.get: connect ECONNREFUSED ::1:4000
    Call log:
      - → GET http://localhost:4000/api/admin/cluster/mqtt-status
        - user-agent: Mozilla/5.0 (Linux; Android 14; Pixel 7) AppleWebKit/537.36 (KHTML, like Gecko) Chrome/151.0.7922.34 Mobile Safari/537.36
        - accept: */*
        - accept-encoding: gzip,deflate,br
        - Authorization: Bearer e2e-admin-token-do-not-use-in-prod

        at apiRequestContext.get: connect ECONNREFUSED ::1:4000
        at APITestHelper.get (/home/tbaltzakis/cloudless.gr/e2e/helpers/api-helpers.ts:51:41)
        at /home/tbaltzakis/cloudless.gr/e2e/api/admin-api-comprehensive.spec.ts:705:42

    Error Context: test-results/api-admin-api-comprehensiv-6c82c-i-admin-cluster-mqtt-status-mobile-chrome-retry1/error-context.md

    attachment #2: trace (application/zip) ─────────────────────────────────────────────────────────
    test-results/api-admin-api-comprehensiv-6c82c-i-admin-cluster-mqtt-status-mobile-chrome-retry1/trace.zip
    Usage:

        npx playwright show-trace test-results/api-admin-api-comprehensiv-6c82c-i-admin-cluster-mqtt-status-mobile-chrome-retry1/trace.zip

    ────────────────────────────────────────────────────────────────────────────────────────────────

  965) [mobile-chrome] › e2e/api/admin-api-comprehensive.spec.ts:704:11 › Admin API - Comprehensive Testing › Cluster Submodules › should return data for /api/admin/cluster/watchdogs 

    Error: apiRequestContext.get: connect ECONNREFUSED ::1:4000
    Call log:
      - → GET http://localhost:4000/api/admin/cluster/watchdogs
        - user-agent: Mozilla/5.0 (Linux; Android 14; Pixel 7) AppleWebKit/537.36 (KHTML, like Gecko) Chrome/151.0.7922.34 Mobile Safari/537.36
        - accept: */*
        - accept-encoding: gzip,deflate,br
        - Authorization: Bearer e2e-admin-token-do-not-use-in-prod

        at apiRequestContext.get: connect ECONNREFUSED ::1:4000
        at APITestHelper.get (/home/tbaltzakis/cloudless.gr/e2e/helpers/api-helpers.ts:51:41)
        at /home/tbaltzakis/cloudless.gr/e2e/api/admin-api-comprehensive.spec.ts:705:42

    Error Context: test-results/api-admin-api-comprehensiv-e3f71-api-admin-cluster-watchdogs-mobile-chrome/error-context.md

    Retry #1 ───────────────────────────────────────────────────────────────────────────────────────

    Error: apiRequestContext.get: connect ECONNREFUSED ::1:4000
    Call log:
      - → GET http://localhost:4000/api/admin/cluster/watchdogs
        - user-agent: Mozilla/5.0 (Linux; Android 14; Pixel 7) AppleWebKit/537.36 (KHTML, like Gecko) Chrome/151.0.7922.34 Mobile Safari/537.36
        - accept: */*
        - accept-encoding: gzip,deflate,br
        - Authorization: Bearer e2e-admin-token-do-not-use-in-prod

        at apiRequestContext.get: connect ECONNREFUSED ::1:4000
        at APITestHelper.get (/home/tbaltzakis/cloudless.gr/e2e/helpers/api-helpers.ts:51:41)
        at /home/tbaltzakis/cloudless.gr/e2e/api/admin-api-comprehensive.spec.ts:705:42

    Error Context: test-results/api-admin-api-comprehensiv-e3f71-api-admin-cluster-watchdogs-mobile-chrome-retry1/error-context.md

    attachment #2: trace (application/zip) ─────────────────────────────────────────────────────────
    test-results/api-admin-api-comprehensiv-e3f71-api-admin-cluster-watchdogs-mobile-chrome-retry1/trace.zip
    Usage:

        npx playwright show-trace test-results/api-admin-api-comprehensiv-e3f71-api-admin-cluster-watchdogs-mobile-chrome-retry1/trace.zip

    ────────────────────────────────────────────────────────────────────────────────────────────────

  966) [mobile-chrome] › e2e/api/admin-api-comprehensive.spec.ts:717:9 › Admin API - Comprehensive Testing › Cost Endpoint › should return cost data 

    Error: apiRequestContext.get: connect ECONNREFUSED ::1:4000
    Call log:
      - → GET http://localhost:4000/api/admin/cost
        - user-agent: Mozilla/5.0 (Linux; Android 14; Pixel 7) AppleWebKit/537.36 (KHTML, like Gecko) Chrome/151.0.7922.34 Mobile Safari/537.36
        - accept: */*
        - accept-encoding: gzip,deflate,br
        - Authorization: Bearer e2e-admin-token-do-not-use-in-prod

        at apiRequestContext.get: connect ECONNREFUSED ::1:4000
        at APITestHelper.get (/home/tbaltzakis/cloudless.gr/e2e/helpers/api-helpers.ts:51:41)
        at /home/tbaltzakis/cloudless.gr/e2e/api/admin-api-comprehensive.spec.ts:718:40

    Error Context: test-results/api-admin-api-comprehensiv-f03b5-int-should-return-cost-data-mobile-chrome/error-context.md

    Retry #1 ───────────────────────────────────────────────────────────────────────────────────────

    Error: apiRequestContext.get: connect ECONNREFUSED ::1:4000
    Call log:
      - → GET http://localhost:4000/api/admin/cost
        - user-agent: Mozilla/5.0 (Linux; Android 14; Pixel 7) AppleWebKit/537.36 (KHTML, like Gecko) Chrome/151.0.7922.34 Mobile Safari/537.36
        - accept: */*
        - accept-encoding: gzip,deflate,br
        - Authorization: Bearer e2e-admin-token-do-not-use-in-prod

        at apiRequestContext.get: connect ECONNREFUSED ::1:4000
        at APITestHelper.get (/home/tbaltzakis/cloudless.gr/e2e/helpers/api-helpers.ts:51:41)
        at /home/tbaltzakis/cloudless.gr/e2e/api/admin-api-comprehensive.spec.ts:718:40

    Error Context: test-results/api-admin-api-comprehensiv-f03b5-int-should-return-cost-data-mobile-chrome-retry1/error-context.md

    attachment #2: trace (application/zip) ─────────────────────────────────────────────────────────
    test-results/api-admin-api-comprehensiv-f03b5-int-should-return-cost-data-mobile-chrome-retry1/trace.zip
    Usage:

        npx playwright show-trace test-results/api-admin-api-comprehensiv-f03b5-int-should-return-cost-data-mobile-chrome-retry1/trace.zip

    ────────────────────────────────────────────────────────────────────────────────────────────────

  967) [mobile-chrome] › e2e/api/admin-api-comprehensive.spec.ts:734:11 › Admin API - Comprehensive Testing › ESP32 Submodules › should return data for /api/admin/esp32/notion-sync 

    Error: apiRequestContext.get: connect ECONNREFUSED ::1:4000
    Call log:
      - → GET http://localhost:4000/api/admin/esp32/notion-sync
        - user-agent: Mozilla/5.0 (Linux; Android 14; Pixel 7) AppleWebKit/537.36 (KHTML, like Gecko) Chrome/151.0.7922.34 Mobile Safari/537.36
        - accept: */*
        - accept-encoding: gzip,deflate,br
        - Authorization: Bearer e2e-admin-token-do-not-use-in-prod

        at apiRequestContext.get: connect ECONNREFUSED ::1:4000
        at APITestHelper.get (/home/tbaltzakis/cloudless.gr/e2e/helpers/api-helpers.ts:51:41)
        at /home/tbaltzakis/cloudless.gr/e2e/api/admin-api-comprehensive.spec.ts:735:42

    Error Context: test-results/api-admin-api-comprehensiv-b7552-api-admin-esp32-notion-sync-mobile-chrome/error-context.md

    Retry #1 ───────────────────────────────────────────────────────────────────────────────────────

    Error: apiRequestContext.get: connect ECONNREFUSED ::1:4000
    Call log:
      - → GET http://localhost:4000/api/admin/esp32/notion-sync
        - user-agent: Mozilla/5.0 (Linux; Android 14; Pixel 7) AppleWebKit/537.36 (KHTML, like Gecko) Chrome/151.0.7922.34 Mobile Safari/537.36
        - accept: */*
        - accept-encoding: gzip,deflate,br
        - Authorization: Bearer e2e-admin-token-do-not-use-in-prod

        at apiRequestContext.get: connect ECONNREFUSED ::1:4000
        at APITestHelper.get (/home/tbaltzakis/cloudless.gr/e2e/helpers/api-helpers.ts:51:41)
        at /home/tbaltzakis/cloudless.gr/e2e/api/admin-api-comprehensive.spec.ts:735:42

    Error Context: test-results/api-admin-api-comprehensiv-b7552-api-admin-esp32-notion-sync-mobile-chrome-retry1/error-context.md

    attachment #2: trace (application/zip) ─────────────────────────────────────────────────────────
    test-results/api-admin-api-comprehensiv-b7552-api-admin-esp32-notion-sync-mobile-chrome-retry1/trace.zip
    Usage:

        npx playwright show-trace test-results/api-admin-api-comprehensiv-b7552-api-admin-esp32-notion-sync-mobile-chrome-retry1/trace.zip

    ────────────────────────────────────────────────────────────────────────────────────────────────

  968) [mobile-chrome] › e2e/api/admin-api-comprehensive.spec.ts:755:11 › Admin API - Comprehensive Testing › Grafana Submodules › should return data for /api/admin/grafana/dashboards 

    Error: apiRequestContext.get: connect ECONNREFUSED ::1:4000
    Call log:
      - → GET http://localhost:4000/api/admin/grafana/dashboards
        - user-agent: Mozilla/5.0 (Linux; Android 14; Pixel 7) AppleWebKit/537.36 (KHTML, like Gecko) Chrome/151.0.7922.34 Mobile Safari/537.36
        - accept: */*
        - accept-encoding: gzip,deflate,br
        - Authorization: Bearer e2e-admin-token-do-not-use-in-prod

        at apiRequestContext.get: connect ECONNREFUSED ::1:4000
        at APITestHelper.get (/home/tbaltzakis/cloudless.gr/e2e/helpers/api-helpers.ts:51:41)
        at /home/tbaltzakis/cloudless.gr/e2e/api/admin-api-comprehensive.spec.ts:756:42

    Error Context: test-results/api-admin-api-comprehensiv-2bb8b-pi-admin-grafana-dashboards-mobile-chrome/error-context.md

    Retry #1 ───────────────────────────────────────────────────────────────────────────────────────

    Error: apiRequestContext.get: connect ECONNREFUSED ::1:4000
    Call log:
      - → GET http://localhost:4000/api/admin/grafana/dashboards
        - user-agent: Mozilla/5.0 (Linux; Android 14; Pixel 7) AppleWebKit/537.36 (KHTML, like Gecko) Chrome/151.0.7922.34 Mobile Safari/537.36
        - accept: */*
        - accept-encoding: gzip,deflate,br
        - Authorization: Bearer e2e-admin-token-do-not-use-in-prod

        at apiRequestContext.get: connect ECONNREFUSED ::1:4000
        at APITestHelper.get (/home/tbaltzakis/cloudless.gr/e2e/helpers/api-helpers.ts:51:41)
        at /home/tbaltzakis/cloudless.gr/e2e/api/admin-api-comprehensive.spec.ts:756:42

    Error Context: test-results/api-admin-api-comprehensiv-2bb8b-pi-admin-grafana-dashboards-mobile-chrome-retry1/error-context.md

    attachment #2: trace (application/zip) ─────────────────────────────────────────────────────────
    test-results/api-admin-api-comprehensiv-2bb8b-pi-admin-grafana-dashboards-mobile-chrome-retry1/trace.zip
    Usage:

        npx playwright show-trace test-results/api-admin-api-comprehensiv-2bb8b-pi-admin-grafana-dashboards-mobile-chrome-retry1/trace.zip

    ────────────────────────────────────────────────────────────────────────────────────────────────

  969) [mobile-chrome] › e2e/api/admin-api-comprehensive.spec.ts:755:11 › Admin API - Comprehensive Testing › Grafana Submodules › should return data for /api/admin/grafana/datasources 

    Error: apiRequestContext.get: connect ECONNREFUSED ::1:4000
    Call log:
      - → GET http://localhost:4000/api/admin/grafana/datasources
        - user-agent: Mozilla/5.0 (Linux; Android 14; Pixel 7) AppleWebKit/537.36 (KHTML, like Gecko) Chrome/151.0.7922.34 Mobile Safari/537.36
        - accept: */*
        - accept-encoding: gzip,deflate,br
        - Authorization: Bearer e2e-admin-token-do-not-use-in-prod

        at apiRequestContext.get: connect ECONNREFUSED ::1:4000
        at APITestHelper.get (/home/tbaltzakis/cloudless.gr/e2e/helpers/api-helpers.ts:51:41)
        at /home/tbaltzakis/cloudless.gr/e2e/api/admin-api-comprehensive.spec.ts:756:42

    Error Context: test-results/api-admin-api-comprehensiv-8c3ce-i-admin-grafana-datasources-mobile-chrome/error-context.md

    Retry #1 ───────────────────────────────────────────────────────────────────────────────────────

    Error: apiRequestContext.get: connect ECONNREFUSED ::1:4000
    Call log:
      - → GET http://localhost:4000/api/admin/grafana/datasources
        - user-agent: Mozilla/5.0 (Linux; Android 14; Pixel 7) AppleWebKit/537.36 (KHTML, like Gecko) Chrome/151.0.7922.34 Mobile Safari/537.36
        - accept: */*
        - accept-encoding: gzip,deflate,br
        - Authorization: Bearer e2e-admin-token-do-not-use-in-prod

        at apiRequestContext.get: connect ECONNREFUSED ::1:4000
        at APITestHelper.get (/home/tbaltzakis/cloudless.gr/e2e/helpers/api-helpers.ts:51:41)
        at /home/tbaltzakis/cloudless.gr/e2e/api/admin-api-comprehensive.spec.ts:756:42

    Error Context: test-results/api-admin-api-comprehensiv-8c3ce-i-admin-grafana-datasources-mobile-chrome-retry1/error-context.md

    attachment #2: trace (application/zip) ─────────────────────────────────────────────────────────
    test-results/api-admin-api-comprehensiv-8c3ce-i-admin-grafana-datasources-mobile-chrome-retry1/trace.zip
    Usage:

        npx playwright show-trace test-results/api-admin-api-comprehensiv-8c3ce-i-admin-grafana-datasources-mobile-chrome-retry1/trace.zip

    ────────────────────────────────────────────────────────────────────────────────────────────────

  970) [mobile-chrome] › e2e/api/admin-api-comprehensive.spec.ts:755:11 › Admin API - Comprehensive Testing › Grafana Submodules › should return data for /api/admin/grafana/health 

    Error: apiRequestContext.get: connect ECONNREFUSED ::1:4000
    Call log:
      - → GET http://localhost:4000/api/admin/grafana/health
        - user-agent: Mozilla/5.0 (Linux; Android 14; Pixel 7) AppleWebKit/537.36 (KHTML, like Gecko) Chrome/151.0.7922.34 Mobile Safari/537.36
        - accept: */*
        - accept-encoding: gzip,deflate,br
        - Authorization: Bearer e2e-admin-token-do-not-use-in-prod

        at apiRequestContext.get: connect ECONNREFUSED ::1:4000
        at APITestHelper.get (/home/tbaltzakis/cloudless.gr/e2e/helpers/api-helpers.ts:51:41)
        at /home/tbaltzakis/cloudless.gr/e2e/api/admin-api-comprehensive.spec.ts:756:42

    Error Context: test-results/api-admin-api-comprehensiv-7eac8-or-api-admin-grafana-health-mobile-chrome/error-context.md

    Retry #1 ───────────────────────────────────────────────────────────────────────────────────────

    Error: apiRequestContext.get: connect ECONNREFUSED ::1:4000
    Call log:
      - → GET http://localhost:4000/api/admin/grafana/health
        - user-agent: Mozilla/5.0 (Linux; Android 14; Pixel 7) AppleWebKit/537.36 (KHTML, like Gecko) Chrome/151.0.7922.34 Mobile Safari/537.36
        - accept: */*
        - accept-encoding: gzip,deflate,br
        - Authorization: Bearer e2e-admin-token-do-not-use-in-prod

        at apiRequestContext.get: connect ECONNREFUSED ::1:4000
        at APITestHelper.get (/home/tbaltzakis/cloudless.gr/e2e/helpers/api-helpers.ts:51:41)
        at /home/tbaltzakis/cloudless.gr/e2e/api/admin-api-comprehensive.spec.ts:756:42

    Error Context: test-results/api-admin-api-comprehensiv-7eac8-or-api-admin-grafana-health-mobile-chrome-retry1/error-context.md

    attachment #2: trace (application/zip) ─────────────────────────────────────────────────────────
    test-results/api-admin-api-comprehensiv-7eac8-or-api-admin-grafana-health-mobile-chrome-retry1/trace.zip
    Usage:

        npx playwright show-trace test-results/api-admin-api-comprehensiv-7eac8-or-api-admin-grafana-health-mobile-chrome-retry1/trace.zip

    ────────────────────────────────────────────────────────────────────────────────────────────────

  971) [mobile-chrome] › e2e/api/admin-api-comprehensive.spec.ts:755:11 › Admin API - Comprehensive Testing › Grafana Submodules › should return data for /api/admin/grafana/prometheus 

    Error: apiRequestContext.get: connect ECONNREFUSED ::1:4000
    Call log:
      - → GET http://localhost:4000/api/admin/grafana/prometheus
        - user-agent: Mozilla/5.0 (Linux; Android 14; Pixel 7) AppleWebKit/537.36 (KHTML, like Gecko) Chrome/151.0.7922.34 Mobile Safari/537.36
        - accept: */*
        - accept-encoding: gzip,deflate,br
        - Authorization: Bearer e2e-admin-token-do-not-use-in-prod

        at apiRequestContext.get: connect ECONNREFUSED ::1:4000
        at APITestHelper.get (/home/tbaltzakis/cloudless.gr/e2e/helpers/api-helpers.ts:51:41)
        at /home/tbaltzakis/cloudless.gr/e2e/api/admin-api-comprehensive.spec.ts:756:42

    Error Context: test-results/api-admin-api-comprehensiv-1542c-pi-admin-grafana-prometheus-mobile-chrome/error-context.md

    Retry #1 ───────────────────────────────────────────────────────────────────────────────────────

    Error: apiRequestContext.get: connect ECONNREFUSED ::1:4000
    Call log:
      - → GET http://localhost:4000/api/admin/grafana/prometheus
        - user-agent: Mozilla/5.0 (Linux; Android 14; Pixel 7) AppleWebKit/537.36 (KHTML, like Gecko) Chrome/151.0.7922.34 Mobile Safari/537.36
        - accept: */*
        - accept-encoding: gzip,deflate,br
        - Authorization: Bearer e2e-admin-token-do-not-use-in-prod

        at apiRequestContext.get: connect ECONNREFUSED ::1:4000
        at APITestHelper.get (/home/tbaltzakis/cloudless.gr/e2e/helpers/api-helpers.ts:51:41)
        at /home/tbaltzakis/cloudless.gr/e2e/api/admin-api-comprehensive.spec.ts:756:42

    Error Context: test-results/api-admin-api-comprehensiv-1542c-pi-admin-grafana-prometheus-mobile-chrome-retry1/error-context.md

    attachment #2: trace (application/zip) ─────────────────────────────────────────────────────────
    test-results/api-admin-api-comprehensiv-1542c-pi-admin-grafana-prometheus-mobile-chrome-retry1/trace.zip
    Usage:

        npx playwright show-trace test-results/api-admin-api-comprehensiv-1542c-pi-admin-grafana-prometheus-mobile-chrome-retry1/trace.zip

    ────────────────────────────────────────────────────────────────────────────────────────────────

  972) [mobile-chrome] › e2e/api/admin-api-comprehensive.spec.ts:769:9 › Admin API - Comprehensive Testing › Integrations Submodules › should handle integrations webhook 

    Error: apiRequestContext.get: connect ECONNREFUSED ::1:4000
    Call log:
      - → GET http://localhost:4000/api/admin/integrations/webhook
        - user-agent: Mozilla/5.0 (Linux; Android 14; Pixel 7) AppleWebKit/537.36 (KHTML, like Gecko) Chrome/151.0.7922.34 Mobile Safari/537.36
        - accept: */*
        - accept-encoding: gzip,deflate,br
        - Authorization: Bearer e2e-admin-token-do-not-use-in-prod

        at apiRequestContext.get: connect ECONNREFUSED ::1:4000
        at APITestHelper.get (/home/tbaltzakis/cloudless.gr/e2e/helpers/api-helpers.ts:51:41)
        at /home/tbaltzakis/cloudless.gr/e2e/api/admin-api-comprehensive.spec.ts:770:40

    Error Context: test-results/api-admin-api-comprehensiv-d07db-handle-integrations-webhook-mobile-chrome/error-context.md

    Retry #1 ───────────────────────────────────────────────────────────────────────────────────────

    Error: apiRequestContext.get: connect ECONNREFUSED ::1:4000
    Call log:
      - → GET http://localhost:4000/api/admin/integrations/webhook
        - user-agent: Mozilla/5.0 (Linux; Android 14; Pixel 7) AppleWebKit/537.36 (KHTML, like Gecko) Chrome/151.0.7922.34 Mobile Safari/537.36
        - accept: */*
        - accept-encoding: gzip,deflate,br
        - Authorization: Bearer e2e-admin-token-do-not-use-in-prod

        at apiRequestContext.get: connect ECONNREFUSED ::1:4000
        at APITestHelper.get (/home/tbaltzakis/cloudless.gr/e2e/helpers/api-helpers.ts:51:41)
        at /home/tbaltzakis/cloudless.gr/e2e/api/admin-api-comprehensive.spec.ts:770:40

    Error Context: test-results/api-admin-api-comprehensiv-d07db-handle-integrations-webhook-mobile-chrome-retry1/error-context.md

    attachment #2: trace (application/zip) ─────────────────────────────────────────────────────────
    test-results/api-admin-api-comprehensiv-d07db-handle-integrations-webhook-mobile-chrome-retry1/trace.zip
    Usage:

        npx playwright show-trace test-results/api-admin-api-comprehensiv-d07db-handle-integrations-webhook-mobile-chrome-retry1/trace.zip

    ────────────────────────────────────────────────────────────────────────────────────────────────

  973) [mobile-chrome] › e2e/api/admin-api-comprehensive.spec.ts:781:9 › Admin API - Comprehensive Testing › Leads Endpoint › should return leads data 

    Error: apiRequestContext.get: connect ECONNREFUSED ::1:4000
    Call log:
      - → GET http://localhost:4000/api/admin/leads
        - user-agent: Mozilla/5.0 (Linux; Android 14; Pixel 7) AppleWebKit/537.36 (KHTML, like Gecko) Chrome/151.0.7922.34 Mobile Safari/537.36
        - accept: */*
        - accept-encoding: gzip,deflate,br
        - Authorization: Bearer e2e-admin-token-do-not-use-in-prod

        at apiRequestContext.get: connect ECONNREFUSED ::1:4000
        at APITestHelper.get (/home/tbaltzakis/cloudless.gr/e2e/helpers/api-helpers.ts:51:41)
        at /home/tbaltzakis/cloudless.gr/e2e/api/admin-api-comprehensive.spec.ts:782:40

    Error Context: test-results/api-admin-api-comprehensiv-03e76-nt-should-return-leads-data-mobile-chrome/error-context.md

    Retry #1 ───────────────────────────────────────────────────────────────────────────────────────

    Error: apiRequestContext.get: connect ECONNREFUSED ::1:4000
    Call log:
      - → GET http://localhost:4000/api/admin/leads
        - user-agent: Mozilla/5.0 (Linux; Android 14; Pixel 7) AppleWebKit/537.36 (KHTML, like Gecko) Chrome/151.0.7922.34 Mobile Safari/537.36
        - accept: */*
        - accept-encoding: gzip,deflate,br
        - Authorization: Bearer e2e-admin-token-do-not-use-in-prod

        at apiRequestContext.get: connect ECONNREFUSED ::1:4000
        at APITestHelper.get (/home/tbaltzakis/cloudless.gr/e2e/helpers/api-helpers.ts:51:41)
        at /home/tbaltzakis/cloudless.gr/e2e/api/admin-api-comprehensive.spec.ts:782:40

    Error Context: test-results/api-admin-api-comprehensiv-03e76-nt-should-return-leads-data-mobile-chrome-retry1/error-context.md

    attachment #2: trace (application/zip) ─────────────────────────────────────────────────────────
    test-results/api-admin-api-comprehensiv-03e76-nt-should-return-leads-data-mobile-chrome-retry1/trace.zip
    Usage:

        npx playwright show-trace test-results/api-admin-api-comprehensiv-03e76-nt-should-return-leads-data-mobile-chrome-retry1/trace.zip

    ────────────────────────────────────────────────────────────────────────────────────────────────

  974) [mobile-chrome] › e2e/api/admin-api-comprehensive.spec.ts:793:9 › Admin API - Comprehensive Testing › LinkedIn Cap Endpoint › should return linkedin cap data 

    Error: apiRequestContext.get: connect ECONNREFUSED ::1:4000
    Call log:
      - → GET http://localhost:4000/api/admin/linkedin-cap
        - user-agent: Mozilla/5.0 (Linux; Android 14; Pixel 7) AppleWebKit/537.36 (KHTML, like Gecko) Chrome/151.0.7922.34 Mobile Safari/537.36
        - accept: */*
        - accept-encoding: gzip,deflate,br
        - Authorization: Bearer e2e-admin-token-do-not-use-in-prod

        at apiRequestContext.get: connect ECONNREFUSED ::1:4000
        at APITestHelper.get (/home/tbaltzakis/cloudless.gr/e2e/helpers/api-helpers.ts:51:41)
        at /home/tbaltzakis/cloudless.gr/e2e/api/admin-api-comprehensive.spec.ts:794:40

    Error Context: test-results/api-admin-api-comprehensiv-69737-ld-return-linkedin-cap-data-mobile-chrome/error-context.md

    Retry #1 ───────────────────────────────────────────────────────────────────────────────────────

    Error: apiRequestContext.get: connect ECONNREFUSED ::1:4000
    Call log:
      - → GET http://localhost:4000/api/admin/linkedin-cap
        - user-agent: Mozilla/5.0 (Linux; Android 14; Pixel 7) AppleWebKit/537.36 (KHTML, like Gecko) Chrome/151.0.7922.34 Mobile Safari/537.36
        - accept: */*
        - accept-encoding: gzip,deflate,br
        - Authorization: Bearer e2e-admin-token-do-not-use-in-prod

        at apiRequestContext.get: connect ECONNREFUSED ::1:4000
        at APITestHelper.get (/home/tbaltzakis/cloudless.gr/e2e/helpers/api-helpers.ts:51:41)
        at /home/tbaltzakis/cloudless.gr/e2e/api/admin-api-comprehensive.spec.ts:794:40

    Error Context: test-results/api-admin-api-comprehensiv-69737-ld-return-linkedin-cap-data-mobile-chrome-retry1/error-context.md

    attachment #2: trace (application/zip) ─────────────────────────────────────────────────────────
    test-results/api-admin-api-comprehensiv-69737-ld-return-linkedin-cap-data-mobile-chrome-retry1/trace.zip
    Usage:

        npx playwright show-trace test-results/api-admin-api-comprehensiv-69737-ld-return-linkedin-cap-data-mobile-chrome-retry1/trace.zip

    ────────────────────────────────────────────────────────────────────────────────────────────────

  975) [mobile-chrome] › e2e/api/admin-api-comprehensive.spec.ts:813:11 › Admin API - Comprehensive Testing › N8N Submodules › should return data for /api/admin/n8n/executions 

    Error: apiRequestContext.get: connect ECONNREFUSED ::1:4000
    Call log:
      - → GET http://localhost:4000/api/admin/n8n/executions
        - user-agent: Mozilla/5.0 (Linux; Android 14; Pixel 7) AppleWebKit/537.36 (KHTML, like Gecko) Chrome/151.0.7922.34 Mobile Safari/537.36
        - accept: */*
        - accept-encoding: gzip,deflate,br
        - Authorization: Bearer e2e-admin-token-do-not-use-in-prod

        at apiRequestContext.get: connect ECONNREFUSED ::1:4000
        at APITestHelper.get (/home/tbaltzakis/cloudless.gr/e2e/helpers/api-helpers.ts:51:41)
        at /home/tbaltzakis/cloudless.gr/e2e/api/admin-api-comprehensive.spec.ts:817:42

    Error Context: test-results/api-admin-api-comprehensiv-ca7e6-or-api-admin-n8n-executions-mobile-chrome/error-context.md

    Retry #1 ───────────────────────────────────────────────────────────────────────────────────────

    Error: apiRequestContext.get: connect ECONNREFUSED ::1:4000
    Call log:
      - → GET http://localhost:4000/api/admin/n8n/executions
        - user-agent: Mozilla/5.0 (Linux; Android 14; Pixel 7) AppleWebKit/537.36 (KHTML, like Gecko) Chrome/151.0.7922.34 Mobile Safari/537.36
        - accept: */*
        - accept-encoding: gzip,deflate,br
        - Authorization: Bearer e2e-admin-token-do-not-use-in-prod

        at apiRequestContext.get: connect ECONNREFUSED ::1:4000
        at APITestHelper.get (/home/tbaltzakis/cloudless.gr/e2e/helpers/api-helpers.ts:51:41)
        at /home/tbaltzakis/cloudless.gr/e2e/api/admin-api-comprehensive.spec.ts:817:42

    Error Context: test-results/api-admin-api-comprehensiv-ca7e6-or-api-admin-n8n-executions-mobile-chrome-retry1/error-context.md

    attachment #2: trace (application/zip) ─────────────────────────────────────────────────────────
    test-results/api-admin-api-comprehensiv-ca7e6-or-api-admin-n8n-executions-mobile-chrome-retry1/trace.zip
    Usage:

        npx playwright show-trace test-results/api-admin-api-comprehensiv-ca7e6-or-api-admin-n8n-executions-mobile-chrome-retry1/trace.zip

    ────────────────────────────────────────────────────────────────────────────────────────────────

  976) [mobile-chrome] › e2e/api/admin-api-comprehensive.spec.ts:813:11 › Admin API - Comprehensive Testing › N8N Submodules › should return data for /api/admin/n8n/health 

    Error: apiRequestContext.get: connect ECONNREFUSED ::1:4000
    Call log:
      - → GET http://localhost:4000/api/admin/n8n/health
        - user-agent: Mozilla/5.0 (Linux; Android 14; Pixel 7) AppleWebKit/537.36 (KHTML, like Gecko) Chrome/151.0.7922.34 Mobile Safari/537.36
        - accept: */*
        - accept-encoding: gzip,deflate,br
        - Authorization: Bearer e2e-admin-token-do-not-use-in-prod

        at apiRequestContext.get: connect ECONNREFUSED ::1:4000
        at APITestHelper.get (/home/tbaltzakis/cloudless.gr/e2e/helpers/api-helpers.ts:51:41)
        at /home/tbaltzakis/cloudless.gr/e2e/api/admin-api-comprehensive.spec.ts:817:42

    Error Context: test-results/api-admin-api-comprehensiv-a4a8e-ta-for-api-admin-n8n-health-mobile-chrome/error-context.md

    Retry #1 ───────────────────────────────────────────────────────────────────────────────────────

    Error: apiRequestContext.get: connect ECONNREFUSED ::1:4000
    Call log:
      - → GET http://localhost:4000/api/admin/n8n/health
        - user-agent: Mozilla/5.0 (Linux; Android 14; Pixel 7) AppleWebKit/537.36 (KHTML, like Gecko) Chrome/151.0.7922.34 Mobile Safari/537.36
        - accept: */*
        - accept-encoding: gzip,deflate,br
        - Authorization: Bearer e2e-admin-token-do-not-use-in-prod

        at apiRequestContext.get: connect ECONNREFUSED ::1:4000
        at APITestHelper.get (/home/tbaltzakis/cloudless.gr/e2e/helpers/api-helpers.ts:51:41)
        at /home/tbaltzakis/cloudless.gr/e2e/api/admin-api-comprehensive.spec.ts:817:42

    Error Context: test-results/api-admin-api-comprehensiv-a4a8e-ta-for-api-admin-n8n-health-mobile-chrome-retry1/error-context.md

    attachment #2: trace (application/zip) ─────────────────────────────────────────────────────────
    test-results/api-admin-api-comprehensiv-a4a8e-ta-for-api-admin-n8n-health-mobile-chrome-retry1/trace.zip
    Usage:

        npx playwright show-trace test-results/api-admin-api-comprehensiv-a4a8e-ta-for-api-admin-n8n-health-mobile-chrome-retry1/trace.zip

    ────────────────────────────────────────────────────────────────────────────────────────────────

  977) [mobile-chrome] › e2e/api/admin-api-comprehensive.spec.ts:813:11 › Admin API - Comprehensive Testing › N8N Submodules › should return data for /api/admin/n8n/workflows 

    Error: apiRequestContext.get: connect ECONNREFUSED ::1:4000
    Call log:
      - → GET http://localhost:4000/api/admin/n8n/workflows
        - user-agent: Mozilla/5.0 (Linux; Android 14; Pixel 7) AppleWebKit/537.36 (KHTML, like Gecko) Chrome/151.0.7922.34 Mobile Safari/537.36
        - accept: */*
        - accept-encoding: gzip,deflate,br
        - Authorization: Bearer e2e-admin-token-do-not-use-in-prod

        at apiRequestContext.get: connect ECONNREFUSED ::1:4000
        at APITestHelper.get (/home/tbaltzakis/cloudless.gr/e2e/helpers/api-helpers.ts:51:41)
        at /home/tbaltzakis/cloudless.gr/e2e/api/admin-api-comprehensive.spec.ts:817:42

    Error Context: test-results/api-admin-api-comprehensiv-e7180-for-api-admin-n8n-workflows-mobile-chrome/error-context.md

    Retry #1 ───────────────────────────────────────────────────────────────────────────────────────

    Error: apiRequestContext.get: connect ECONNREFUSED ::1:4000
    Call log:
      - → GET http://localhost:4000/api/admin/n8n/workflows
        - user-agent: Mozilla/5.0 (Linux; Android 14; Pixel 7) AppleWebKit/537.36 (KHTML, like Gecko) Chrome/151.0.7922.34 Mobile Safari/537.36
        - accept: */*
        - accept-encoding: gzip,deflate,br
        - Authorization: Bearer e2e-admin-token-do-not-use-in-prod

        at apiRequestContext.get: connect ECONNREFUSED ::1:4000
        at APITestHelper.get (/home/tbaltzakis/cloudless.gr/e2e/helpers/api-helpers.ts:51:41)
        at /home/tbaltzakis/cloudless.gr/e2e/api/admin-api-comprehensive.spec.ts:817:42

    Error Context: test-results/api-admin-api-comprehensiv-e7180-for-api-admin-n8n-workflows-mobile-chrome-retry1/error-context.md

    attachment #2: trace (application/zip) ─────────────────────────────────────────────────────────
    test-results/api-admin-api-comprehensiv-e7180-for-api-admin-n8n-workflows-mobile-chrome-retry1/trace.zip
    Usage:

        npx playwright show-trace test-results/api-admin-api-comprehensiv-e7180-for-api-admin-n8n-workflows-mobile-chrome-retry1/trace.zip

    ────────────────────────────────────────────────────────────────────────────────────────────────

  978) [mobile-chrome] › e2e/api/admin-api-comprehensive.spec.ts:813:11 › Admin API - Comprehensive Testing › N8N Submodules › should return data for /api/admin/n8n/workflows/[id]/trigger 

    Error: apiRequestContext.get: connect ECONNREFUSED ::1:4000
    Call log:
      - → GET http://localhost:4000/api/admin/n8n/workflows/test-id/trigger
        - user-agent: Mozilla/5.0 (Linux; Android 14; Pixel 7) AppleWebKit/537.36 (KHTML, like Gecko) Chrome/151.0.7922.34 Mobile Safari/537.36
        - accept: */*
        - accept-encoding: gzip,deflate,br
        - Authorization: Bearer e2e-admin-token-do-not-use-in-prod

        at apiRequestContext.get: connect ECONNREFUSED ::1:4000
        at APITestHelper.get (/home/tbaltzakis/cloudless.gr/e2e/helpers/api-helpers.ts:51:41)
        at /home/tbaltzakis/cloudless.gr/e2e/api/admin-api-comprehensive.spec.ts:817:42

    Error Context: test-results/api-admin-api-comprehensiv-064d0-in-n8n-workflows-id-trigger-mobile-chrome/error-context.md

    Retry #1 ───────────────────────────────────────────────────────────────────────────────────────

    Error: apiRequestContext.get: connect ECONNREFUSED ::1:4000
    Call log:
      - → GET http://localhost:4000/api/admin/n8n/workflows/test-id/trigger
        - user-agent: Mozilla/5.0 (Linux; Android 14; Pixel 7) AppleWebKit/537.36 (KHTML, like Gecko) Chrome/151.0.7922.34 Mobile Safari/537.36
        - accept: */*
        - accept-encoding: gzip,deflate,br
        - Authorization: Bearer e2e-admin-token-do-not-use-in-prod

        at apiRequestContext.get: connect ECONNREFUSED ::1:4000
        at APITestHelper.get (/home/tbaltzakis/cloudless.gr/e2e/helpers/api-helpers.ts:51:41)
        at /home/tbaltzakis/cloudless.gr/e2e/api/admin-api-comprehensive.spec.ts:817:42

    Error Context: test-results/api-admin-api-comprehensiv-064d0-in-n8n-workflows-id-trigger-mobile-chrome-retry1/error-context.md

    attachment #2: trace (application/zip) ─────────────────────────────────────────────────────────
    test-results/api-admin-api-comprehensiv-064d0-in-n8n-workflows-id-trigger-mobile-chrome-retry1/trace.zip
    Usage:

        npx playwright show-trace test-results/api-admin-api-comprehensiv-064d0-in-n8n-workflows-id-trigger-mobile-chrome-retry1/trace.zip

    ────────────────────────────────────────────────────────────────────────────────────────────────

  979) [mobile-chrome] › e2e/api/admin-api-comprehensive.spec.ts:835:11 › Admin API - Comprehensive Testing › Notifications Submodules › should return data for /api/admin/notifications/analytics 

    Error: apiRequestContext.get: connect ECONNREFUSED ::1:4000
    Call log:
      - → GET http://localhost:4000/api/admin/notifications/analytics
        - user-agent: Mozilla/5.0 (Linux; Android 14; Pixel 7) AppleWebKit/537.36 (KHTML, like Gecko) Chrome/151.0.7922.34 Mobile Safari/537.36
        - accept: */*
        - accept-encoding: gzip,deflate,br
        - Authorization: Bearer e2e-admin-token-do-not-use-in-prod

        at apiRequestContext.get: connect ECONNREFUSED ::1:4000
        at APITestHelper.get (/home/tbaltzakis/cloudless.gr/e2e/helpers/api-helpers.ts:51:41)
        at /home/tbaltzakis/cloudless.gr/e2e/api/admin-api-comprehensive.spec.ts:836:42

    Error Context: test-results/api-admin-api-comprehensiv-65aeb-min-notifications-analytics-mobile-chrome/error-context.md

    Retry #1 ───────────────────────────────────────────────────────────────────────────────────────

    Error: apiRequestContext.get: connect ECONNREFUSED ::1:4000
    Call log:
      - → GET http://localhost:4000/api/admin/notifications/analytics
        - user-agent: Mozilla/5.0 (Linux; Android 14; Pixel 7) AppleWebKit/537.36 (KHTML, like Gecko) Chrome/151.0.7922.34 Mobile Safari/537.36
        - accept: */*
        - accept-encoding: gzip,deflate,br
        - Authorization: Bearer e2e-admin-token-do-not-use-in-prod

        at apiRequestContext.get: connect ECONNREFUSED ::1:4000
        at APITestHelper.get (/home/tbaltzakis/cloudless.gr/e2e/helpers/api-helpers.ts:51:41)
        at /home/tbaltzakis/cloudless.gr/e2e/api/admin-api-comprehensive.spec.ts:836:42

    Error Context: test-results/api-admin-api-comprehensiv-65aeb-min-notifications-analytics-mobile-chrome-retry1/error-context.md

    attachment #2: trace (application/zip) ─────────────────────────────────────────────────────────
    test-results/api-admin-api-comprehensiv-65aeb-min-notifications-analytics-mobile-chrome-retry1/trace.zip
    Usage:

        npx playwright show-trace test-results/api-admin-api-comprehensiv-65aeb-min-notifications-analytics-mobile-chrome-retry1/trace.zip

    ────────────────────────────────────────────────────────────────────────────────────────────────

  980) [mobile-chrome] › e2e/api/admin-api-comprehensive.spec.ts:835:11 › Admin API - Comprehensive Testing › Notifications Submodules › should return data for /api/admin/notifications/test 

    Error: apiRequestContext.get: connect ECONNREFUSED ::1:4000
    Call log:
      - → GET http://localhost:4000/api/admin/notifications/test
        - user-agent: Mozilla/5.0 (Linux; Android 14; Pixel 7) AppleWebKit/537.36 (KHTML, like Gecko) Chrome/151.0.7922.34 Mobile Safari/537.36
        - accept: */*
        - accept-encoding: gzip,deflate,br
        - Authorization: Bearer e2e-admin-token-do-not-use-in-prod

        at apiRequestContext.get: connect ECONNREFUSED ::1:4000
        at APITestHelper.get (/home/tbaltzakis/cloudless.gr/e2e/helpers/api-helpers.ts:51:41)
        at /home/tbaltzakis/cloudless.gr/e2e/api/admin-api-comprehensive.spec.ts:836:42

    Error Context: test-results/api-admin-api-comprehensiv-e0b36-pi-admin-notifications-test-mobile-chrome/error-context.md

    Retry #1 ───────────────────────────────────────────────────────────────────────────────────────

    Error: apiRequestContext.get: connect ECONNREFUSED ::1:4000
    Call log:
      - → GET http://localhost:4000/api/admin/notifications/test
        - user-agent: Mozilla/5.0 (Linux; Android 14; Pixel 7) AppleWebKit/537.36 (KHTML, like Gecko) Chrome/151.0.7922.34 Mobile Safari/537.36
        - accept: */*
        - accept-encoding: gzip,deflate,br
        - Authorization: Bearer e2e-admin-token-do-not-use-in-prod

        at apiRequestContext.get: connect ECONNREFUSED ::1:4000
        at APITestHelper.get (/home/tbaltzakis/cloudless.gr/e2e/helpers/api-helpers.ts:51:41)
        at /home/tbaltzakis/cloudless.gr/e2e/api/admin-api-comprehensive.spec.ts:836:42

    Error Context: test-results/api-admin-api-comprehensiv-e0b36-pi-admin-notifications-test-mobile-chrome-retry1/error-context.md

    attachment #2: trace (application/zip) ─────────────────────────────────────────────────────────
    test-results/api-admin-api-comprehensiv-e0b36-pi-admin-notifications-test-mobile-chrome-retry1/trace.zip
    Usage:

        npx playwright show-trace test-results/api-admin-api-comprehensiv-e0b36-pi-admin-notifications-test-mobile-chrome-retry1/trace.zip

    ────────────────────────────────────────────────────────────────────────────────────────────────

  981) [mobile-chrome] › e2e/api/admin-api-comprehensive.spec.ts:866:11 › Admin API - Comprehensive Testing › Notion Submodules (Additional) › should return data for /api/admin/notion/analytics 

    Error: apiRequestContext.get: connect ECONNREFUSED ::1:4000
    Call log:
      - → GET http://localhost:4000/api/admin/notion/analytics
        - user-agent: Mozilla/5.0 (Linux; Android 14; Pixel 7) AppleWebKit/537.36 (KHTML, like Gecko) Chrome/151.0.7922.34 Mobile Safari/537.36
        - accept: */*
        - accept-encoding: gzip,deflate,br
        - Authorization: Bearer e2e-admin-token-do-not-use-in-prod

        at apiRequestContext.get: connect ECONNREFUSED ::1:4000
        at APITestHelper.get (/home/tbaltzakis/cloudless.gr/e2e/helpers/api-helpers.ts:51:41)
        at /home/tbaltzakis/cloudless.gr/e2e/api/admin-api-comprehensive.spec.ts:867:42

    Error Context: test-results/api-admin-api-comprehensiv-73fb0--api-admin-notion-analytics-mobile-chrome/error-context.md

    Retry #1 ───────────────────────────────────────────────────────────────────────────────────────

    Error: apiRequestContext.get: connect ECONNREFUSED ::1:4000
    Call log:
      - → GET http://localhost:4000/api/admin/notion/analytics
        - user-agent: Mozilla/5.0 (Linux; Android 14; Pixel 7) AppleWebKit/537.36 (KHTML, like Gecko) Chrome/151.0.7922.34 Mobile Safari/537.36
        - accept: */*
        - accept-encoding: gzip,deflate,br
        - Authorization: Bearer e2e-admin-token-do-not-use-in-prod

        at apiRequestContext.get: connect ECONNREFUSED ::1:4000
        at APITestHelper.get (/home/tbaltzakis/cloudless.gr/e2e/helpers/api-helpers.ts:51:41)
        at /home/tbaltzakis/cloudless.gr/e2e/api/admin-api-comprehensive.spec.ts:867:42

    Error Context: test-results/api-admin-api-comprehensiv-73fb0--api-admin-notion-analytics-mobile-chrome-retry1/error-context.md

    attachment #2: trace (application/zip) ─────────────────────────────────────────────────────────
    test-results/api-admin-api-comprehensiv-73fb0--api-admin-notion-analytics-mobile-chrome-retry1/trace.zip
    Usage:

        npx playwright show-trace test-results/api-admin-api-comprehensiv-73fb0--api-admin-notion-analytics-mobile-chrome-retry1/trace.zip

    ────────────────────────────────────────────────────────────────────────────────────────────────

  982) [mobile-chrome] › e2e/api/admin-api-comprehensive.spec.ts:866:11 › Admin API - Comprehensive Testing › Notion Submodules (Additional) › should return data for /api/admin/notion/blog 

    Error: apiRequestContext.get: connect ECONNREFUSED ::1:4000
    Call log:
      - → GET http://localhost:4000/api/admin/notion/blog
        - user-agent: Mozilla/5.0 (Linux; Android 14; Pixel 7) AppleWebKit/537.36 (KHTML, like Gecko) Chrome/151.0.7922.34 Mobile Safari/537.36
        - accept: */*
        - accept-encoding: gzip,deflate,br
        - Authorization: Bearer e2e-admin-token-do-not-use-in-prod

        at apiRequestContext.get: connect ECONNREFUSED ::1:4000
        at APITestHelper.get (/home/tbaltzakis/cloudless.gr/e2e/helpers/api-helpers.ts:51:41)
        at /home/tbaltzakis/cloudless.gr/e2e/api/admin-api-comprehensive.spec.ts:867:42

    Error Context: test-results/api-admin-api-comprehensiv-40343-a-for-api-admin-notion-blog-mobile-chrome/error-context.md

    Retry #1 ───────────────────────────────────────────────────────────────────────────────────────

    Error: apiRequestContext.get: connect ECONNREFUSED ::1:4000
    Call log:
      - → GET http://localhost:4000/api/admin/notion/blog
        - user-agent: Mozilla/5.0 (Linux; Android 14; Pixel 7) AppleWebKit/537.36 (KHTML, like Gecko) Chrome/151.0.7922.34 Mobile Safari/537.36
        - accept: */*
        - accept-encoding: gzip,deflate,br
        - Authorization: Bearer e2e-admin-token-do-not-use-in-prod

        at apiRequestContext.get: connect ECONNREFUSED ::1:4000
        at APITestHelper.get (/home/tbaltzakis/cloudless.gr/e2e/helpers/api-helpers.ts:51:41)
        at /home/tbaltzakis/cloudless.gr/e2e/api/admin-api-comprehensive.spec.ts:867:42

    Error Context: test-results/api-admin-api-comprehensiv-40343-a-for-api-admin-notion-blog-mobile-chrome-retry1/error-context.md

    attachment #2: trace (application/zip) ─────────────────────────────────────────────────────────
    test-results/api-admin-api-comprehensiv-40343-a-for-api-admin-notion-blog-mobile-chrome-retry1/trace.zip
    Usage:

        npx playwright show-trace test-results/api-admin-api-comprehensiv-40343-a-for-api-admin-notion-blog-mobile-chrome-retry1/trace.zip

    ────────────────────────────────────────────────────────────────────────────────────────────────

  983) [mobile-chrome] › e2e/api/admin-api-comprehensive.spec.ts:866:11 › Admin API - Comprehensive Testing › Notion Submodules (Additional) › should return data for /api/admin/notion/case-studies 

    Error: apiRequestContext.get: connect ECONNREFUSED ::1:4000
    Call log:
      - → GET http://localhost:4000/api/admin/notion/case-studies
        - user-agent: Mozilla/5.0 (Linux; Android 14; Pixel 7) AppleWebKit/537.36 (KHTML, like Gecko) Chrome/151.0.7922.34 Mobile Safari/537.36
        - accept: */*
        - accept-encoding: gzip,deflate,br
        - Authorization: Bearer e2e-admin-token-do-not-use-in-prod

        at apiRequestContext.get: connect ECONNREFUSED ::1:4000
        at APITestHelper.get (/home/tbaltzakis/cloudless.gr/e2e/helpers/api-helpers.ts:51:41)
        at /home/tbaltzakis/cloudless.gr/e2e/api/admin-api-comprehensive.spec.ts:867:42

    Error Context: test-results/api-admin-api-comprehensiv-a563c-i-admin-notion-case-studies-mobile-chrome/error-context.md

    Retry #1 ───────────────────────────────────────────────────────────────────────────────────────

    Error: apiRequestContext.get: connect ECONNREFUSED ::1:4000
    Call log:
      - → GET http://localhost:4000/api/admin/notion/case-studies
        - user-agent: Mozilla/5.0 (Linux; Android 14; Pixel 7) AppleWebKit/537.36 (KHTML, like Gecko) Chrome/151.0.7922.34 Mobile Safari/537.36
        - accept: */*
        - accept-encoding: gzip,deflate,br
        - Authorization: Bearer e2e-admin-token-do-not-use-in-prod

        at apiRequestContext.get: connect ECONNREFUSED ::1:4000
        at APITestHelper.get (/home/tbaltzakis/cloudless.gr/e2e/helpers/api-helpers.ts:51:41)
        at /home/tbaltzakis/cloudless.gr/e2e/api/admin-api-comprehensive.spec.ts:867:42

    Error Context: test-results/api-admin-api-comprehensiv-a563c-i-admin-notion-case-studies-mobile-chrome-retry1/error-context.md

    attachment #2: trace (application/zip) ─────────────────────────────────────────────────────────
    test-results/api-admin-api-comprehensiv-a563c-i-admin-notion-case-studies-mobile-chrome-retry1/trace.zip
    Usage:

        npx playwright show-trace test-results/api-admin-api-comprehensiv-a563c-i-admin-notion-case-studies-mobile-chrome-retry1/trace.zip

    ────────────────────────────────────────────────────────────────────────────────────────────────

  984) [mobile-chrome] › e2e/api/admin-api-comprehensive.spec.ts:866:11 › Admin API - Comprehensive Testing › Notion Submodules (Additional) › should return data for /api/admin/notion/comments 

    Error: apiRequestContext.get: connect ECONNREFUSED ::1:4000
    Call log:
      - → GET http://localhost:4000/api/admin/notion/comments
        - user-agent: Mozilla/5.0 (Linux; Android 14; Pixel 7) AppleWebKit/537.36 (KHTML, like Gecko) Chrome/151.0.7922.34 Mobile Safari/537.36
        - accept: */*
        - accept-encoding: gzip,deflate,br
        - Authorization: Bearer e2e-admin-token-do-not-use-in-prod

        at apiRequestContext.get: connect ECONNREFUSED ::1:4000
        at APITestHelper.get (/home/tbaltzakis/cloudless.gr/e2e/helpers/api-helpers.ts:51:41)
        at /home/tbaltzakis/cloudless.gr/e2e/api/admin-api-comprehensive.spec.ts:867:42

    Error Context: test-results/api-admin-api-comprehensiv-d5a8b-r-api-admin-notion-comments-mobile-chrome/error-context.md

    Retry #1 ───────────────────────────────────────────────────────────────────────────────────────

    Error: apiRequestContext.get: connect ECONNREFUSED ::1:4000
    Call log:
      - → GET http://localhost:4000/api/admin/notion/comments
        - user-agent: Mozilla/5.0 (Linux; Android 14; Pixel 7) AppleWebKit/537.36 (KHTML, like Gecko) Chrome/151.0.7922.34 Mobile Safari/537.36
        - accept: */*
        - accept-encoding: gzip,deflate,br
        - Authorization: Bearer e2e-admin-token-do-not-use-in-prod

        at apiRequestContext.get: connect ECONNREFUSED ::1:4000
        at APITestHelper.get (/home/tbaltzakis/cloudless.gr/e2e/helpers/api-helpers.ts:51:41)
        at /home/tbaltzakis/cloudless.gr/e2e/api/admin-api-comprehensive.spec.ts:867:42

    Error Context: test-results/api-admin-api-comprehensiv-d5a8b-r-api-admin-notion-comments-mobile-chrome-retry1/error-context.md

    attachment #2: trace (application/zip) ─────────────────────────────────────────────────────────
    test-results/api-admin-api-comprehensiv-d5a8b-r-api-admin-notion-comments-mobile-chrome-retry1/trace.zip
    Usage:

        npx playwright show-trace test-results/api-admin-api-comprehensiv-d5a8b-r-api-admin-notion-comments-mobile-chrome-retry1/trace.zip

    ────────────────────────────────────────────────────────────────────────────────────────────────

  985) [mobile-chrome] › e2e/api/admin-api-comprehensive.spec.ts:866:11 › Admin API - Comprehensive Testing › Notion Submodules (Additional) › should return data for /api/admin/notion/docs 

    Error: apiRequestContext.get: connect ECONNREFUSED ::1:4000
    Call log:
      - → GET http://localhost:4000/api/admin/notion/docs
        - user-agent: Mozilla/5.0 (Linux; Android 14; Pixel 7) AppleWebKit/537.36 (KHTML, like Gecko) Chrome/151.0.7922.34 Mobile Safari/537.36
        - accept: */*
        - accept-encoding: gzip,deflate,br
        - Authorization: Bearer e2e-admin-token-do-not-use-in-prod

        at apiRequestContext.get: connect ECONNREFUSED ::1:4000
        at APITestHelper.get (/home/tbaltzakis/cloudless.gr/e2e/helpers/api-helpers.ts:51:41)
        at /home/tbaltzakis/cloudless.gr/e2e/api/admin-api-comprehensive.spec.ts:867:42

    Error Context: test-results/api-admin-api-comprehensiv-792d1-a-for-api-admin-notion-docs-mobile-chrome/error-context.md

    Retry #1 ───────────────────────────────────────────────────────────────────────────────────────

    Error: apiRequestContext.get: connect ECONNREFUSED ::1:4000
    Call log:
      - → GET http://localhost:4000/api/admin/notion/docs
        - user-agent: Mozilla/5.0 (Linux; Android 14; Pixel 7) AppleWebKit/537.36 (KHTML, like Gecko) Chrome/151.0.7922.34 Mobile Safari/537.36
        - accept: */*
        - accept-encoding: gzip,deflate,br
        - Authorization: Bearer e2e-admin-token-do-not-use-in-prod

        at apiRequestContext.get: connect ECONNREFUSED ::1:4000
        at APITestHelper.get (/home/tbaltzakis/cloudless.gr/e2e/helpers/api-helpers.ts:51:41)
        at /home/tbaltzakis/cloudless.gr/e2e/api/admin-api-comprehensive.spec.ts:867:42

    Error Context: test-results/api-admin-api-comprehensiv-792d1-a-for-api-admin-notion-docs-mobile-chrome-retry1/error-context.md

    attachment #2: trace (application/zip) ─────────────────────────────────────────────────────────
    test-results/api-admin-api-comprehensiv-792d1-a-for-api-admin-notion-docs-mobile-chrome-retry1/trace.zip
    Usage:

        npx playwright show-trace test-results/api-admin-api-comprehensiv-792d1-a-for-api-admin-notion-docs-mobile-chrome-retry1/trace.zip

    ────────────────────────────────────────────────────────────────────────────────────────────────

  986) [mobile-chrome] › e2e/api/admin-api-comprehensive.spec.ts:866:11 › Admin API - Comprehensive Testing › Notion Submodules (Additional) › should return data for /api/admin/notion/faqs 

    Error: apiRequestContext.get: connect ECONNREFUSED ::1:4000
    Call log:
      - → GET http://localhost:4000/api/admin/notion/faqs
        - user-agent: Mozilla/5.0 (Linux; Android 14; Pixel 7) AppleWebKit/537.36 (KHTML, like Gecko) Chrome/151.0.7922.34 Mobile Safari/537.36
        - accept: */*
        - accept-encoding: gzip,deflate,br
        - Authorization: Bearer e2e-admin-token-do-not-use-in-prod

        at apiRequestContext.get: connect ECONNREFUSED ::1:4000
        at APITestHelper.get (/home/tbaltzakis/cloudless.gr/e2e/helpers/api-helpers.ts:51:41)
        at /home/tbaltzakis/cloudless.gr/e2e/api/admin-api-comprehensive.spec.ts:867:42

    Error Context: test-results/api-admin-api-comprehensiv-16d1f-a-for-api-admin-notion-faqs-mobile-chrome/error-context.md

    Retry #1 ───────────────────────────────────────────────────────────────────────────────────────

    Error: apiRequestContext.get: connect ECONNREFUSED ::1:4000
    Call log:
      - → GET http://localhost:4000/api/admin/notion/faqs
        - user-agent: Mozilla/5.0 (Linux; Android 14; Pixel 7) AppleWebKit/537.36 (KHTML, like Gecko) Chrome/151.0.7922.34 Mobile Safari/537.36
        - accept: */*
        - accept-encoding: gzip,deflate,br
        - Authorization: Bearer e2e-admin-token-do-not-use-in-prod

        at apiRequestContext.get: connect ECONNREFUSED ::1:4000
        at APITestHelper.get (/home/tbaltzakis/cloudless.gr/e2e/helpers/api-helpers.ts:51:41)
        at /home/tbaltzakis/cloudless.gr/e2e/api/admin-api-comprehensive.spec.ts:867:42

    Error Context: test-results/api-admin-api-comprehensiv-16d1f-a-for-api-admin-notion-faqs-mobile-chrome-retry1/error-context.md

    attachment #2: trace (application/zip) ─────────────────────────────────────────────────────────
    test-results/api-admin-api-comprehensiv-16d1f-a-for-api-admin-notion-faqs-mobile-chrome-retry1/trace.zip
    Usage:

        npx playwright show-trace test-results/api-admin-api-comprehensiv-16d1f-a-for-api-admin-notion-faqs-mobile-chrome-retry1/trace.zip

    ────────────────────────────────────────────────────────────────────────────────────────────────

  987) [mobile-chrome] › e2e/api/admin-api-comprehensive.spec.ts:866:11 › Admin API - Comprehensive Testing › Notion Submodules (Additional) › should return data for /api/admin/notion/projects 

    Error: apiRequestContext.get: connect ECONNREFUSED ::1:4000
    Call log:
      - → GET http://localhost:4000/api/admin/notion/projects
        - user-agent: Mozilla/5.0 (Linux; Android 14; Pixel 7) AppleWebKit/537.36 (KHTML, like Gecko) Chrome/151.0.7922.34 Mobile Safari/537.36
        - accept: */*
        - accept-encoding: gzip,deflate,br
        - Authorization: Bearer e2e-admin-token-do-not-use-in-prod

        at apiRequestContext.get: connect ECONNREFUSED ::1:4000
        at APITestHelper.get (/home/tbaltzakis/cloudless.gr/e2e/helpers/api-helpers.ts:51:41)
        at /home/tbaltzakis/cloudless.gr/e2e/api/admin-api-comprehensive.spec.ts:867:42

    Error Context: test-results/api-admin-api-comprehensiv-73eca-r-api-admin-notion-projects-mobile-chrome/error-context.md

    Retry #1 ───────────────────────────────────────────────────────────────────────────────────────

    Error: apiRequestContext.get: connect ECONNREFUSED ::1:4000
    Call log:
      - → GET http://localhost:4000/api/admin/notion/projects
        - user-agent: Mozilla/5.0 (Linux; Android 14; Pixel 7) AppleWebKit/537.36 (KHTML, like Gecko) Chrome/151.0.7922.34 Mobile Safari/537.36
        - accept: */*
        - accept-encoding: gzip,deflate,br
        - Authorization: Bearer e2e-admin-token-do-not-use-in-prod

        at apiRequestContext.get: connect ECONNREFUSED ::1:4000
        at APITestHelper.get (/home/tbaltzakis/cloudless.gr/e2e/helpers/api-helpers.ts:51:41)
        at /home/tbaltzakis/cloudless.gr/e2e/api/admin-api-comprehensive.spec.ts:867:42

    Error Context: test-results/api-admin-api-comprehensiv-73eca-r-api-admin-notion-projects-mobile-chrome-retry1/error-context.md

    attachment #2: trace (application/zip) ─────────────────────────────────────────────────────────
    test-results/api-admin-api-comprehensiv-73eca-r-api-admin-notion-projects-mobile-chrome-retry1/trace.zip
    Usage:

        npx playwright show-trace test-results/api-admin-api-comprehensiv-73eca-r-api-admin-notion-projects-mobile-chrome-retry1/trace.zip

    ────────────────────────────────────────────────────────────────────────────────────────────────

  988) [mobile-chrome] › e2e/api/admin-api-comprehensive.spec.ts:866:11 › Admin API - Comprehensive Testing › Notion Submodules (Additional) › should return data for /api/admin/notion/search 

    Error: apiRequestContext.get: connect ECONNREFUSED ::1:4000
    Call log:
      - → GET http://localhost:4000/api/admin/notion/search
        - user-agent: Mozilla/5.0 (Linux; Android 14; Pixel 7) AppleWebKit/537.36 (KHTML, like Gecko) Chrome/151.0.7922.34 Mobile Safari/537.36
        - accept: */*
        - accept-encoding: gzip,deflate,br
        - Authorization: Bearer e2e-admin-token-do-not-use-in-prod

        at apiRequestContext.get: connect ECONNREFUSED ::1:4000
        at APITestHelper.get (/home/tbaltzakis/cloudless.gr/e2e/helpers/api-helpers.ts:51:41)
        at /home/tbaltzakis/cloudless.gr/e2e/api/admin-api-comprehensive.spec.ts:867:42

    Error Context: test-results/api-admin-api-comprehensiv-dbb67-for-api-admin-notion-search-mobile-chrome/error-context.md

    Retry #1 ───────────────────────────────────────────────────────────────────────────────────────

    Error: apiRequestContext.get: connect ECONNREFUSED ::1:4000
    Call log:
      - → GET http://localhost:4000/api/admin/notion/search
        - user-agent: Mozilla/5.0 (Linux; Android 14; Pixel 7) AppleWebKit/537.36 (KHTML, like Gecko) Chrome/151.0.7922.34 Mobile Safari/537.36
        - accept: */*
        - accept-encoding: gzip,deflate,br
        - Authorization: Bearer e2e-admin-token-do-not-use-in-prod

        at apiRequestContext.get: connect ECONNREFUSED ::1:4000
        at APITestHelper.get (/home/tbaltzakis/cloudless.gr/e2e/helpers/api-helpers.ts:51:41)
        at /home/tbaltzakis/cloudless.gr/e2e/api/admin-api-comprehensive.spec.ts:867:42

    Error Context: test-results/api-admin-api-comprehensiv-dbb67-for-api-admin-notion-search-mobile-chrome-retry1/error-context.md

    attachment #2: trace (application/zip) ─────────────────────────────────────────────────────────
    test-results/api-admin-api-comprehensiv-dbb67-for-api-admin-notion-search-mobile-chrome-retry1/trace.zip
    Usage:

        npx playwright show-trace test-results/api-admin-api-comprehensiv-dbb67-for-api-admin-notion-search-mobile-chrome-retry1/trace.zip

    ────────────────────────────────────────────────────────────────────────────────────────────────

  989) [mobile-chrome] › e2e/api/admin-api-comprehensive.spec.ts:866:11 › Admin API - Comprehensive Testing › Notion Submodules (Additional) › should return data for /api/admin/notion/services 

    Error: apiRequestContext.get: connect ECONNREFUSED ::1:4000
    Call log:
      - → GET http://localhost:4000/api/admin/notion/services
        - user-agent: Mozilla/5.0 (Linux; Android 14; Pixel 7) AppleWebKit/537.36 (KHTML, like Gecko) Chrome/151.0.7922.34 Mobile Safari/537.36
        - accept: */*
        - accept-encoding: gzip,deflate,br
        - Authorization: Bearer e2e-admin-token-do-not-use-in-prod

        at apiRequestContext.get: connect ECONNREFUSED ::1:4000
        at APITestHelper.get (/home/tbaltzakis/cloudless.gr/e2e/helpers/api-helpers.ts:51:41)
        at /home/tbaltzakis/cloudless.gr/e2e/api/admin-api-comprehensive.spec.ts:867:42

    Error Context: test-results/api-admin-api-comprehensiv-a32f7-r-api-admin-notion-services-mobile-chrome/error-context.md

    Retry #1 ───────────────────────────────────────────────────────────────────────────────────────

    Error: apiRequestContext.get: connect ECONNREFUSED ::1:4000
    Call log:
      - → GET http://localhost:4000/api/admin/notion/services
        - user-agent: Mozilla/5.0 (Linux; Android 14; Pixel 7) AppleWebKit/537.36 (KHTML, like Gecko) Chrome/151.0.7922.34 Mobile Safari/537.36
        - accept: */*
        - accept-encoding: gzip,deflate,br
        - Authorization: Bearer e2e-admin-token-do-not-use-in-prod

        at apiRequestContext.get: connect ECONNREFUSED ::1:4000
        at APITestHelper.get (/home/tbaltzakis/cloudless.gr/e2e/helpers/api-helpers.ts:51:41)
        at /home/tbaltzakis/cloudless.gr/e2e/api/admin-api-comprehensive.spec.ts:867:42

    Error Context: test-results/api-admin-api-comprehensiv-a32f7-r-api-admin-notion-services-mobile-chrome-retry1/error-context.md

    attachment #2: trace (application/zip) ─────────────────────────────────────────────────────────
    test-results/api-admin-api-comprehensiv-a32f7-r-api-admin-notion-services-mobile-chrome-retry1/trace.zip
    Usage:

        npx playwright show-trace test-results/api-admin-api-comprehensiv-a32f7-r-api-admin-notion-services-mobile-chrome-retry1/trace.zip

    ────────────────────────────────────────────────────────────────────────────────────────────────

  990) [mobile-chrome] › e2e/api/admin-api-comprehensive.spec.ts:866:11 › Admin API - Comprehensive Testing › Notion Submodules (Additional) › should return data for /api/admin/notion/status 

    Error: apiRequestContext.get: connect ECONNREFUSED ::1:4000
    Call log:
      - → GET http://localhost:4000/api/admin/notion/status
        - user-agent: Mozilla/5.0 (Linux; Android 14; Pixel 7) AppleWebKit/537.36 (KHTML, like Gecko) Chrome/151.0.7922.34 Mobile Safari/537.36
        - accept: */*
        - accept-encoding: gzip,deflate,br
        - Authorization: Bearer e2e-admin-token-do-not-use-in-prod

        at apiRequestContext.get: connect ECONNREFUSED ::1:4000
        at APITestHelper.get (/home/tbaltzakis/cloudless.gr/e2e/helpers/api-helpers.ts:51:41)
        at /home/tbaltzakis/cloudless.gr/e2e/api/admin-api-comprehensive.spec.ts:867:42

    Error Context: test-results/api-admin-api-comprehensiv-849fa-for-api-admin-notion-status-mobile-chrome/error-context.md

    Retry #1 ───────────────────────────────────────────────────────────────────────────────────────

    Error: apiRequestContext.get: connect ECONNREFUSED ::1:4000
    Call log:
      - → GET http://localhost:4000/api/admin/notion/status
        - user-agent: Mozilla/5.0 (Linux; Android 14; Pixel 7) AppleWebKit/537.36 (KHTML, like Gecko) Chrome/151.0.7922.34 Mobile Safari/537.36
        - accept: */*
        - accept-encoding: gzip,deflate,br
        - Authorization: Bearer e2e-admin-token-do-not-use-in-prod

        at apiRequestContext.get: connect ECONNREFUSED ::1:4000
        at APITestHelper.get (/home/tbaltzakis/cloudless.gr/e2e/helpers/api-helpers.ts:51:41)
        at /home/tbaltzakis/cloudless.gr/e2e/api/admin-api-comprehensive.spec.ts:867:42

    Error Context: test-results/api-admin-api-comprehensiv-849fa-for-api-admin-notion-status-mobile-chrome-retry1/error-context.md

    attachment #2: trace (application/zip) ─────────────────────────────────────────────────────────
    test-results/api-admin-api-comprehensiv-849fa-for-api-admin-notion-status-mobile-chrome-retry1/trace.zip
    Usage:

        npx playwright show-trace test-results/api-admin-api-comprehensiv-849fa-for-api-admin-notion-status-mobile-chrome-retry1/trace.zip

    ────────────────────────────────────────────────────────────────────────────────────────────────

  991) [mobile-chrome] › e2e/api/admin-api-comprehensive.spec.ts:866:11 › Admin API - Comprehensive Testing › Notion Submodules (Additional) › should return data for /api/admin/notion/submissions 

    Error: apiRequestContext.get: connect ECONNREFUSED ::1:4000
    Call log:
      - → GET http://localhost:4000/api/admin/notion/submissions
        - user-agent: Mozilla/5.0 (Linux; Android 14; Pixel 7) AppleWebKit/537.36 (KHTML, like Gecko) Chrome/151.0.7922.34 Mobile Safari/537.36
        - accept: */*
        - accept-encoding: gzip,deflate,br
        - Authorization: Bearer e2e-admin-token-do-not-use-in-prod

        at apiRequestContext.get: connect ECONNREFUSED ::1:4000
        at APITestHelper.get (/home/tbaltzakis/cloudless.gr/e2e/helpers/api-helpers.ts:51:41)
        at /home/tbaltzakis/cloudless.gr/e2e/api/admin-api-comprehensive.spec.ts:867:42

    Error Context: test-results/api-admin-api-comprehensiv-acff3-pi-admin-notion-submissions-mobile-chrome/error-context.md

    Retry #1 ───────────────────────────────────────────────────────────────────────────────────────

    Error: apiRequestContext.get: connect ECONNREFUSED ::1:4000
    Call log:
      - → GET http://localhost:4000/api/admin/notion/submissions
        - user-agent: Mozilla/5.0 (Linux; Android 14; Pixel 7) AppleWebKit/537.36 (KHTML, like Gecko) Chrome/151.0.7922.34 Mobile Safari/537.36
        - accept: */*
        - accept-encoding: gzip,deflate,br
        - Authorization: Bearer e2e-admin-token-do-not-use-in-prod

        at apiRequestContext.get: connect ECONNREFUSED ::1:4000
        at APITestHelper.get (/home/tbaltzakis/cloudless.gr/e2e/helpers/api-helpers.ts:51:41)
        at /home/tbaltzakis/cloudless.gr/e2e/api/admin-api-comprehensive.spec.ts:867:42

    Error Context: test-results/api-admin-api-comprehensiv-acff3-pi-admin-notion-submissions-mobile-chrome-retry1/error-context.md

    attachment #2: trace (application/zip) ─────────────────────────────────────────────────────────
    test-results/api-admin-api-comprehensiv-acff3-pi-admin-notion-submissions-mobile-chrome-retry1/trace.zip
    Usage:

        npx playwright show-trace test-results/api-admin-api-comprehensiv-acff3-pi-admin-notion-submissions-mobile-chrome-retry1/trace.zip

    ────────────────────────────────────────────────────────────────────────────────────────────────

  992) [mobile-chrome] › e2e/api/admin-api-comprehensive.spec.ts:866:11 › Admin API - Comprehensive Testing › Notion Submodules (Additional) › should return data for /api/admin/notion/tasks 

    Error: apiRequestContext.get: connect ECONNREFUSED ::1:4000
    Call log:
      - → GET http://localhost:4000/api/admin/notion/tasks
        - user-agent: Mozilla/5.0 (Linux; Android 14; Pixel 7) AppleWebKit/537.36 (KHTML, like Gecko) Chrome/151.0.7922.34 Mobile Safari/537.36
        - accept: */*
        - accept-encoding: gzip,deflate,br
        - Authorization: Bearer e2e-admin-token-do-not-use-in-prod

        at apiRequestContext.get: connect ECONNREFUSED ::1:4000
        at APITestHelper.get (/home/tbaltzakis/cloudless.gr/e2e/helpers/api-helpers.ts:51:41)
        at /home/tbaltzakis/cloudless.gr/e2e/api/admin-api-comprehensive.spec.ts:867:42

    Error Context: test-results/api-admin-api-comprehensiv-d9aee--for-api-admin-notion-tasks-mobile-chrome/error-context.md

    Retry #1 ───────────────────────────────────────────────────────────────────────────────────────

    Error: apiRequestContext.get: connect ECONNREFUSED ::1:4000
    Call log:
      - → GET http://localhost:4000/api/admin/notion/tasks
        - user-agent: Mozilla/5.0 (Linux; Android 14; Pixel 7) AppleWebKit/537.36 (KHTML, like Gecko) Chrome/151.0.7922.34 Mobile Safari/537.36
        - accept: */*
        - accept-encoding: gzip,deflate,br
        - Authorization: Bearer e2e-admin-token-do-not-use-in-prod

        at apiRequestContext.get: connect ECONNREFUSED ::1:4000
        at APITestHelper.get (/home/tbaltzakis/cloudless.gr/e2e/helpers/api-helpers.ts:51:41)
        at /home/tbaltzakis/cloudless.gr/e2e/api/admin-api-comprehensive.spec.ts:867:42

    Error Context: test-results/api-admin-api-comprehensiv-d9aee--for-api-admin-notion-tasks-mobile-chrome-retry1/error-context.md

    attachment #2: trace (application/zip) ─────────────────────────────────────────────────────────
    test-results/api-admin-api-comprehensiv-d9aee--for-api-admin-notion-tasks-mobile-chrome-retry1/trace.zip
    Usage:

        npx playwright show-trace test-results/api-admin-api-comprehensiv-d9aee--for-api-admin-notion-tasks-mobile-chrome-retry1/trace.zip

    ────────────────────────────────────────────────────────────────────────────────────────────────

  993) [mobile-chrome] › e2e/api/admin-api-comprehensive.spec.ts:866:11 › Admin API - Comprehensive Testing › Notion Submodules (Additional) › should return data for /api/admin/notion/testimonials 

    Error: apiRequestContext.get: connect ECONNREFUSED ::1:4000
    Call log:
      - → GET http://localhost:4000/api/admin/notion/testimonials
        - user-agent: Mozilla/5.0 (Linux; Android 14; Pixel 7) AppleWebKit/537.36 (KHTML, like Gecko) Chrome/151.0.7922.34 Mobile Safari/537.36
        - accept: */*
        - accept-encoding: gzip,deflate,br
        - Authorization: Bearer e2e-admin-token-do-not-use-in-prod

        at apiRequestContext.get: connect ECONNREFUSED ::1:4000
        at APITestHelper.get (/home/tbaltzakis/cloudless.gr/e2e/helpers/api-helpers.ts:51:41)
        at /home/tbaltzakis/cloudless.gr/e2e/api/admin-api-comprehensive.spec.ts:867:42

    Error Context: test-results/api-admin-api-comprehensiv-d71f7-i-admin-notion-testimonials-mobile-chrome/error-context.md

    Retry #1 ───────────────────────────────────────────────────────────────────────────────────────

    Error: apiRequestContext.get: connect ECONNREFUSED ::1:4000
    Call log:
      - → GET http://localhost:4000/api/admin/notion/testimonials
        - user-agent: Mozilla/5.0 (Linux; Android 14; Pixel 7) AppleWebKit/537.36 (KHTML, like Gecko) Chrome/151.0.7922.34 Mobile Safari/537.36
        - accept: */*
        - accept-encoding: gzip,deflate,br
        - Authorization: Bearer e2e-admin-token-do-not-use-in-prod

        at apiRequestContext.get: connect ECONNREFUSED ::1:4000
        at APITestHelper.get (/home/tbaltzakis/cloudless.gr/e2e/helpers/api-helpers.ts:51:41)
        at /home/tbaltzakis/cloudless.gr/e2e/api/admin-api-comprehensive.spec.ts:867:42

    Error Context: test-results/api-admin-api-comprehensiv-d71f7-i-admin-notion-testimonials-mobile-chrome-retry1/error-context.md

    attachment #2: trace (application/zip) ─────────────────────────────────────────────────────────
    test-results/api-admin-api-comprehensiv-d71f7-i-admin-notion-testimonials-mobile-chrome-retry1/trace.zip
    Usage:

        npx playwright show-trace test-results/api-admin-api-comprehensiv-d71f7-i-admin-notion-testimonials-mobile-chrome-retry1/trace.zip

    ────────────────────────────────────────────────────────────────────────────────────────────────

  994) [mobile-chrome] › e2e/api/admin-api-comprehensive.spec.ts:893:11 › Admin API - Comprehensive Testing › Oauth Submodules › should return data for /api/admin/oauth/tiktok 

    Error: apiRequestContext.get: connect ECONNREFUSED ::1:4000
    Call log:
      - → GET http://localhost:4000/api/admin/oauth/tiktok
        - user-agent: Mozilla/5.0 (Linux; Android 14; Pixel 7) AppleWebKit/537.36 (KHTML, like Gecko) Chrome/151.0.7922.34 Mobile Safari/537.36
        - accept: */*
        - accept-encoding: gzip,deflate,br
        - Authorization: Bearer e2e-admin-token-do-not-use-in-prod

        at apiRequestContext.get: connect ECONNREFUSED ::1:4000
        at APITestHelper.get (/home/tbaltzakis/cloudless.gr/e2e/helpers/api-helpers.ts:51:41)
        at /home/tbaltzakis/cloudless.gr/e2e/api/admin-api-comprehensive.spec.ts:894:42

    Error Context: test-results/api-admin-api-comprehensiv-c55d8--for-api-admin-oauth-tiktok-mobile-chrome/error-context.md

    Retry #1 ───────────────────────────────────────────────────────────────────────────────────────

    Error: apiRequestContext.get: connect ECONNREFUSED ::1:4000
    Call log:
      - → GET http://localhost:4000/api/admin/oauth/tiktok
        - user-agent: Mozilla/5.0 (Linux; Android 14; Pixel 7) AppleWebKit/537.36 (KHTML, like Gecko) Chrome/151.0.7922.34 Mobile Safari/537.36
        - accept: */*
        - accept-encoding: gzip,deflate,br
        - Authorization: Bearer e2e-admin-token-do-not-use-in-prod

        at apiRequestContext.get: connect ECONNREFUSED ::1:4000
        at APITestHelper.get (/home/tbaltzakis/cloudless.gr/e2e/helpers/api-helpers.ts:51:41)
        at /home/tbaltzakis/cloudless.gr/e2e/api/admin-api-comprehensive.spec.ts:894:42

    Error Context: test-results/api-admin-api-comprehensiv-c55d8--for-api-admin-oauth-tiktok-mobile-chrome-retry1/error-context.md

    attachment #2: trace (application/zip) ─────────────────────────────────────────────────────────
    test-results/api-admin-api-comprehensiv-c55d8--for-api-admin-oauth-tiktok-mobile-chrome-retry1/trace.zip
    Usage:

        npx playwright show-trace test-results/api-admin-api-comprehensiv-c55d8--for-api-admin-oauth-tiktok-mobile-chrome-retry1/trace.zip

    ────────────────────────────────────────────────────────────────────────────────────────────────

  995) [mobile-chrome] › e2e/api/admin-api-comprehensive.spec.ts:893:11 › Admin API - Comprehensive Testing › Oauth Submodules › should return data for /api/admin/oauth/tiktok/callback 

    Error: apiRequestContext.get: connect ECONNREFUSED ::1:4000
    Call log:
      - → GET http://localhost:4000/api/admin/oauth/tiktok/callback
        - user-agent: Mozilla/5.0 (Linux; Android 14; Pixel 7) AppleWebKit/537.36 (KHTML, like Gecko) Chrome/151.0.7922.34 Mobile Safari/537.36
        - accept: */*
        - accept-encoding: gzip,deflate,br
        - Authorization: Bearer e2e-admin-token-do-not-use-in-prod

        at apiRequestContext.get: connect ECONNREFUSED ::1:4000
        at APITestHelper.get (/home/tbaltzakis/cloudless.gr/e2e/helpers/api-helpers.ts:51:41)
        at /home/tbaltzakis/cloudless.gr/e2e/api/admin-api-comprehensive.spec.ts:894:42

    Error Context: test-results/api-admin-api-comprehensiv-0483a-admin-oauth-tiktok-callback-mobile-chrome/error-context.md

    Retry #1 ───────────────────────────────────────────────────────────────────────────────────────

    Error: apiRequestContext.get: connect ECONNREFUSED ::1:4000
    Call log:
      - → GET http://localhost:4000/api/admin/oauth/tiktok/callback
        - user-agent: Mozilla/5.0 (Linux; Android 14; Pixel 7) AppleWebKit/537.36 (KHTML, like Gecko) Chrome/151.0.7922.34 Mobile Safari/537.36
        - accept: */*
        - accept-encoding: gzip,deflate,br
        - Authorization: Bearer e2e-admin-token-do-not-use-in-prod

        at apiRequestContext.get: connect ECONNREFUSED ::1:4000
        at APITestHelper.get (/home/tbaltzakis/cloudless.gr/e2e/helpers/api-helpers.ts:51:41)
        at /home/tbaltzakis/cloudless.gr/e2e/api/admin-api-comprehensive.spec.ts:894:42

    Error Context: test-results/api-admin-api-comprehensiv-0483a-admin-oauth-tiktok-callback-mobile-chrome-retry1/error-context.md

    attachment #2: trace (application/zip) ─────────────────────────────────────────────────────────
    test-results/api-admin-api-comprehensiv-0483a-admin-oauth-tiktok-callback-mobile-chrome-retry1/trace.zip
    Usage:

        npx playwright show-trace test-results/api-admin-api-comprehensiv-0483a-admin-oauth-tiktok-callback-mobile-chrome-retry1/trace.zip

    ────────────────────────────────────────────────────────────────────────────────────────────────

  996) [mobile-chrome] › e2e/api/admin-api-comprehensive.spec.ts:915:11 › Admin API - Comprehensive Testing › Ops Submodules (Additional) › should return data for /api/admin/ops/errors/[id] 

    Error: apiRequestContext.get: connect ECONNREFUSED ::1:4000
    Call log:
      - → GET http://localhost:4000/api/admin/ops/errors/test-id
        - user-agent: Mozilla/5.0 (Linux; Android 14; Pixel 7) AppleWebKit/537.36 (KHTML, like Gecko) Chrome/151.0.7922.34 Mobile Safari/537.36
        - accept: */*
        - accept-encoding: gzip,deflate,br
        - Authorization: Bearer e2e-admin-token-do-not-use-in-prod

        at apiRequestContext.get: connect ECONNREFUSED ::1:4000
        at APITestHelper.get (/home/tbaltzakis/cloudless.gr/e2e/helpers/api-helpers.ts:51:41)
        at /home/tbaltzakis/cloudless.gr/e2e/api/admin-api-comprehensive.spec.ts:919:42

    Error Context: test-results/api-admin-api-comprehensiv-4819c-or-api-admin-ops-errors-id--mobile-chrome/error-context.md

    Retry #1 ───────────────────────────────────────────────────────────────────────────────────────

    Error: apiRequestContext.get: connect ECONNREFUSED ::1:4000
    Call log:
      - → GET http://localhost:4000/api/admin/ops/errors/test-id
        - user-agent: Mozilla/5.0 (Linux; Android 14; Pixel 7) AppleWebKit/537.36 (KHTML, like Gecko) Chrome/151.0.7922.34 Mobile Safari/537.36
        - accept: */*
        - accept-encoding: gzip,deflate,br
        - Authorization: Bearer e2e-admin-token-do-not-use-in-prod

        at apiRequestContext.get: connect ECONNREFUSED ::1:4000
        at APITestHelper.get (/home/tbaltzakis/cloudless.gr/e2e/helpers/api-helpers.ts:51:41)
        at /home/tbaltzakis/cloudless.gr/e2e/api/admin-api-comprehensive.spec.ts:919:42

    Error Context: test-results/api-admin-api-comprehensiv-4819c-or-api-admin-ops-errors-id--mobile-chrome-retry1/error-context.md

    attachment #2: trace (application/zip) ─────────────────────────────────────────────────────────
    test-results/api-admin-api-comprehensiv-4819c-or-api-admin-ops-errors-id--mobile-chrome-retry1/trace.zip
    Usage:

        npx playwright show-trace test-results/api-admin-api-comprehensiv-4819c-or-api-admin-ops-errors-id--mobile-chrome-retry1/trace.zip

    ────────────────────────────────────────────────────────────────────────────────────────────────

  997) [mobile-chrome] › e2e/api/admin-api-comprehensive.spec.ts:954:11 › Admin API - Comprehensive Testing › Postiz Submodules › should return data for /api/admin/postiz/analytics/integration/[id] 

    Error: apiRequestContext.get: connect ECONNREFUSED ::1:4000
    Call log:
      - → GET http://localhost:4000/api/admin/postiz/analytics/integration/test-id
        - user-agent: Mozilla/5.0 (Linux; Android 14; Pixel 7) AppleWebKit/537.36 (KHTML, like Gecko) Chrome/151.0.7922.34 Mobile Safari/537.36
        - accept: */*
        - accept-encoding: gzip,deflate,br
        - Authorization: Bearer e2e-admin-token-do-not-use-in-prod

        at apiRequestContext.get: connect ECONNREFUSED ::1:4000
        at APITestHelper.get (/home/tbaltzakis/cloudless.gr/e2e/helpers/api-helpers.ts:51:41)
        at /home/tbaltzakis/cloudless.gr/e2e/api/admin-api-comprehensive.spec.ts:961:42

    Error Context: test-results/api-admin-api-comprehensiv-f0270-z-analytics-integration-id--mobile-chrome/error-context.md

    Retry #1 ───────────────────────────────────────────────────────────────────────────────────────

    Error: apiRequestContext.get: connect ECONNREFUSED ::1:4000
    Call log:
      - → GET http://localhost:4000/api/admin/postiz/analytics/integration/test-id
        - user-agent: Mozilla/5.0 (Linux; Android 14; Pixel 7) AppleWebKit/537.36 (KHTML, like Gecko) Chrome/151.0.7922.34 Mobile Safari/537.36
        - accept: */*
        - accept-encoding: gzip,deflate,br
        - Authorization: Bearer e2e-admin-token-do-not-use-in-prod

        at apiRequestContext.get: connect ECONNREFUSED ::1:4000
        at APITestHelper.get (/home/tbaltzakis/cloudless.gr/e2e/helpers/api-helpers.ts:51:41)
        at /home/tbaltzakis/cloudless.gr/e2e/api/admin-api-comprehensive.spec.ts:961:42

    Error Context: test-results/api-admin-api-comprehensiv-f0270-z-analytics-integration-id--mobile-chrome-retry1/error-context.md

    attachment #2: trace (application/zip) ─────────────────────────────────────────────────────────
    test-results/api-admin-api-comprehensiv-f0270-z-analytics-integration-id--mobile-chrome-retry1/trace.zip
    Usage:

        npx playwright show-trace test-results/api-admin-api-comprehensiv-f0270-z-analytics-integration-id--mobile-chrome-retry1/trace.zip

    ────────────────────────────────────────────────────────────────────────────────────────────────

  998) [mobile-chrome] › e2e/api/admin-api-comprehensive.spec.ts:954:11 › Admin API - Comprehensive Testing › Postiz Submodules › should return data for /api/admin/postiz/analytics/post/[id] 

    Error: apiRequestContext.get: connect ECONNREFUSED ::1:4000
    Call log:
      - → GET http://localhost:4000/api/admin/postiz/analytics/post/test-id
        - user-agent: Mozilla/5.0 (Linux; Android 14; Pixel 7) AppleWebKit/537.36 (KHTML, like Gecko) Chrome/151.0.7922.34 Mobile Safari/537.36
        - accept: */*
        - accept-encoding: gzip,deflate,br
        - Authorization: Bearer e2e-admin-token-do-not-use-in-prod

        at apiRequestContext.get: connect ECONNREFUSED ::1:4000
        at APITestHelper.get (/home/tbaltzakis/cloudless.gr/e2e/helpers/api-helpers.ts:51:41)
        at /home/tbaltzakis/cloudless.gr/e2e/api/admin-api-comprehensive.spec.ts:961:42

    Error Context: test-results/api-admin-api-comprehensiv-c8ffe-n-postiz-analytics-post-id--mobile-chrome/error-context.md

    Retry #1 ───────────────────────────────────────────────────────────────────────────────────────

    Error: apiRequestContext.get: connect ECONNREFUSED ::1:4000
    Call log:
      - → GET http://localhost:4000/api/admin/postiz/analytics/post/test-id
        - user-agent: Mozilla/5.0 (Linux; Android 14; Pixel 7) AppleWebKit/537.36 (KHTML, like Gecko) Chrome/151.0.7922.34 Mobile Safari/537.36
        - accept: */*
        - accept-encoding: gzip,deflate,br
        - Authorization: Bearer e2e-admin-token-do-not-use-in-prod

        at apiRequestContext.get: connect ECONNREFUSED ::1:4000
        at APITestHelper.get (/home/tbaltzakis/cloudless.gr/e2e/helpers/api-helpers.ts:51:41)
        at /home/tbaltzakis/cloudless.gr/e2e/api/admin-api-comprehensive.spec.ts:961:42

    Error Context: test-results/api-admin-api-comprehensiv-c8ffe-n-postiz-analytics-post-id--mobile-chrome-retry1/error-context.md

    attachment #2: trace (application/zip) ─────────────────────────────────────────────────────────
    test-results/api-admin-api-comprehensiv-c8ffe-n-postiz-analytics-post-id--mobile-chrome-retry1/trace.zip
    Usage:

        npx playwright show-trace test-results/api-admin-api-comprehensiv-c8ffe-n-postiz-analytics-post-id--mobile-chrome-retry1/trace.zip

    ────────────────────────────────────────────────────────────────────────────────────────────────

  999) [mobile-chrome] › e2e/api/admin-api-comprehensive.spec.ts:954:11 › Admin API - Comprehensive Testing › Postiz Submodules › should return data for /api/admin/postiz/groups 

    Error: apiRequestContext.get: connect ECONNREFUSED ::1:4000
    Call log:
      - → GET http://localhost:4000/api/admin/postiz/groups
        - user-agent: Mozilla/5.0 (Linux; Android 14; Pixel 7) AppleWebKit/537.36 (KHTML, like Gecko) Chrome/151.0.7922.34 Mobile Safari/537.36
        - accept: */*
        - accept-encoding: gzip,deflate,br
        - Authorization: Bearer e2e-admin-token-do-not-use-in-prod

        at apiRequestContext.get: connect ECONNREFUSED ::1:4000
        at APITestHelper.get (/home/tbaltzakis/cloudless.gr/e2e/helpers/api-helpers.ts:51:41)
        at /home/tbaltzakis/cloudless.gr/e2e/api/admin-api-comprehensive.spec.ts:961:42

    Error Context: test-results/api-admin-api-comprehensiv-5a3e6-for-api-admin-postiz-groups-mobile-chrome/error-context.md

    Retry #1 ───────────────────────────────────────────────────────────────────────────────────────

    Error: apiRequestContext.get: connect ECONNREFUSED ::1:4000
    Call log:
      - → GET http://localhost:4000/api/admin/postiz/groups
        - user-agent: Mozilla/5.0 (Linux; Android 14; Pixel 7) AppleWebKit/537.36 (KHTML, like Gecko) Chrome/151.0.7922.34 Mobile Safari/537.36
        - accept: */*
        - accept-encoding: gzip,deflate,br
        - Authorization: Bearer e2e-admin-token-do-not-use-in-prod

        at apiRequestContext.get: connect ECONNREFUSED ::1:4000
        at APITestHelper.get (/home/tbaltzakis/cloudless.gr/e2e/helpers/api-helpers.ts:51:41)
        at /home/tbaltzakis/cloudless.gr/e2e/api/admin-api-comprehensive.spec.ts:961:42

    Error Context: test-results/api-admin-api-comprehensiv-5a3e6-for-api-admin-postiz-groups-mobile-chrome-retry1/error-context.md

    attachment #2: trace (application/zip) ─────────────────────────────────────────────────────────
    test-results/api-admin-api-comprehensiv-5a3e6-for-api-admin-postiz-groups-mobile-chrome-retry1/trace.zip
    Usage:

        npx playwright show-trace test-results/api-admin-api-comprehensiv-5a3e6-for-api-admin-postiz-groups-mobile-chrome-retry1/trace.zip

    ────────────────────────────────────────────────────────────────────────────────────────────────

  1000) [mobile-chrome] › e2e/api/admin-api-comprehensive.spec.ts:954:11 › Admin API - Comprehensive Testing › Postiz Submodules › should return data for /api/admin/postiz/health 

    Error: apiRequestContext.get: connect ECONNREFUSED ::1:4000
    Call log:
      - → GET http://localhost:4000/api/admin/postiz/health
        - user-agent: Mozilla/5.0 (Linux; Android 14; Pixel 7) AppleWebKit/537.36 (KHTML, like Gecko) Chrome/151.0.7922.34 Mobile Safari/537.36
        - accept: */*
        - accept-encoding: gzip,deflate,br
        - Authorization: Bearer e2e-admin-token-do-not-use-in-prod

        at apiRequestContext.get: connect ECONNREFUSED ::1:4000
        at APITestHelper.get (/home/tbaltzakis/cloudless.gr/e2e/helpers/api-helpers.ts:51:41)
        at /home/tbaltzakis/cloudless.gr/e2e/api/admin-api-comprehensive.spec.ts:961:42

    Error Context: test-results/api-admin-api-comprehensiv-4954b-for-api-admin-postiz-health-mobile-chrome/error-context.md

    Retry #1 ───────────────────────────────────────────────────────────────────────────────────────

    Error: apiRequestContext.get: connect ECONNREFUSED ::1:4000
    Call log:
      - → GET http://localhost:4000/api/admin/postiz/health
        - user-agent: Mozilla/5.0 (Linux; Android 14; Pixel 7) AppleWebKit/537.36 (KHTML, like Gecko) Chrome/151.0.7922.34 Mobile Safari/537.36
        - accept: */*
        - accept-encoding: gzip,deflate,br
        - Authorization: Bearer e2e-admin-token-do-not-use-in-prod

        at apiRequestContext.get: connect ECONNREFUSED ::1:4000
        at APITestHelper.get (/home/tbaltzakis/cloudless.gr/e2e/helpers/api-helpers.ts:51:41)
        at /home/tbaltzakis/cloudless.gr/e2e/api/admin-api-comprehensive.spec.ts:961:42

    Error Context: test-results/api-admin-api-comprehensiv-4954b-for-api-admin-postiz-health-mobile-chrome-retry1/error-context.md

    attachment #2: trace (application/zip) ─────────────────────────────────────────────────────────
    test-results/api-admin-api-comprehensiv-4954b-for-api-admin-postiz-health-mobile-chrome-retry1/trace.zip
    Usage:

        npx playwright show-trace test-results/api-admin-api-comprehensiv-4954b-for-api-admin-postiz-health-mobile-chrome-retry1/trace.zip

    ────────────────────────────────────────────────────────────────────────────────────────────────

  1001) [mobile-chrome] › e2e/api/admin-api-comprehensive.spec.ts:954:11 › Admin API - Comprehensive Testing › Postiz Submodules › should return data for /api/admin/postiz/integrations 

    Error: apiRequestContext.get: connect ECONNREFUSED ::1:4000
    Call log:
      - → GET http://localhost:4000/api/admin/postiz/integrations
        - user-agent: Mozilla/5.0 (Linux; Android 14; Pixel 7) AppleWebKit/537.36 (KHTML, like Gecko) Chrome/151.0.7922.34 Mobile Safari/537.36
        - accept: */*
        - accept-encoding: gzip,deflate,br
        - Authorization: Bearer e2e-admin-token-do-not-use-in-prod

        at apiRequestContext.get: connect ECONNREFUSED ::1:4000
        at APITestHelper.get (/home/tbaltzakis/cloudless.gr/e2e/helpers/api-helpers.ts:51:41)
        at /home/tbaltzakis/cloudless.gr/e2e/api/admin-api-comprehensive.spec.ts:961:42

    Error Context: test-results/api-admin-api-comprehensiv-2caeb-i-admin-postiz-integrations-mobile-chrome/error-context.md

    Retry #1 ───────────────────────────────────────────────────────────────────────────────────────

    Error: apiRequestContext.get: connect ECONNREFUSED ::1:4000
    Call log:
      - → GET http://localhost:4000/api/admin/postiz/integrations
        - user-agent: Mozilla/5.0 (Linux; Android 14; Pixel 7) AppleWebKit/537.36 (KHTML, like Gecko) Chrome/151.0.7922.34 Mobile Safari/537.36
        - accept: */*
        - accept-encoding: gzip,deflate,br
        - Authorization: Bearer e2e-admin-token-do-not-use-in-prod

        at apiRequestContext.get: connect ECONNREFUSED ::1:4000
        at APITestHelper.get (/home/tbaltzakis/cloudless.gr/e2e/helpers/api-helpers.ts:51:41)
        at /home/tbaltzakis/cloudless.gr/e2e/api/admin-api-comprehensive.spec.ts:961:42

    Error Context: test-results/api-admin-api-comprehensiv-2caeb-i-admin-postiz-integrations-mobile-chrome-retry1/error-context.md

    attachment #2: trace (application/zip) ─────────────────────────────────────────────────────────
    test-results/api-admin-api-comprehensiv-2caeb-i-admin-postiz-integrations-mobile-chrome-retry1/trace.zip
    Usage:

        npx playwright show-trace test-results/api-admin-api-comprehensiv-2caeb-i-admin-postiz-integrations-mobile-chrome-retry1/trace.zip

    ────────────────────────────────────────────────────────────────────────────────────────────────

  1002) [mobile-chrome] › e2e/api/admin-api-comprehensive.spec.ts:954:11 › Admin API - Comprehensive Testing › Postiz Submodules › should return data for /api/admin/postiz/integrations/[id]/connect 

    Error: apiRequestContext.get: connect ECONNREFUSED ::1:4000
    Call log:
      - → GET http://localhost:4000/api/admin/postiz/integrations/test-id/connect
        - user-agent: Mozilla/5.0 (Linux; Android 14; Pixel 7) AppleWebKit/537.36 (KHTML, like Gecko) Chrome/151.0.7922.34 Mobile Safari/537.36
        - accept: */*
        - accept-encoding: gzip,deflate,br
        - Authorization: Bearer e2e-admin-token-do-not-use-in-prod

        at apiRequestContext.get: connect ECONNREFUSED ::1:4000
        at APITestHelper.get (/home/tbaltzakis/cloudless.gr/e2e/helpers/api-helpers.ts:51:41)
        at /home/tbaltzakis/cloudless.gr/e2e/api/admin-api-comprehensive.spec.ts:961:42

    Error Context: test-results/api-admin-api-comprehensiv-a621e-tiz-integrations-id-connect-mobile-chrome/error-context.md

    Retry #1 ───────────────────────────────────────────────────────────────────────────────────────

    Error: apiRequestContext.get: connect ECONNREFUSED ::1:4000
    Call log:
      - → GET http://localhost:4000/api/admin/postiz/integrations/test-id/connect
        - user-agent: Mozilla/5.0 (Linux; Android 14; Pixel 7) AppleWebKit/537.36 (KHTML, like Gecko) Chrome/151.0.7922.34 Mobile Safari/537.36
        - accept: */*
        - accept-encoding: gzip,deflate,br
        - Authorization: Bearer e2e-admin-token-do-not-use-in-prod

        at apiRequestContext.get: connect ECONNREFUSED ::1:4000
        at APITestHelper.get (/home/tbaltzakis/cloudless.gr/e2e/helpers/api-helpers.ts:51:41)
        at /home/tbaltzakis/cloudless.gr/e2e/api/admin-api-comprehensive.spec.ts:961:42

    Error Context: test-results/api-admin-api-comprehensiv-a621e-tiz-integrations-id-connect-mobile-chrome-retry1/error-context.md

    attachment #2: trace (application/zip) ─────────────────────────────────────────────────────────
    test-results/api-admin-api-comprehensiv-a621e-tiz-integrations-id-connect-mobile-chrome-retry1/trace.zip
    Usage:

        npx playwright show-trace test-results/api-admin-api-comprehensiv-a621e-tiz-integrations-id-connect-mobile-chrome-retry1/trace.zip

    ────────────────────────────────────────────────────────────────────────────────────────────────

  1003) [mobile-chrome] › e2e/api/admin-api-comprehensive.spec.ts:954:11 › Admin API - Comprehensive Testing › Postiz Submodules › should return data for /api/admin/postiz/integrations/[id]/settings 

    Error: apiRequestContext.get: connect ECONNREFUSED ::1:4000
    Call log:
      - → GET http://localhost:4000/api/admin/postiz/integrations/test-id/settings
        - user-agent: Mozilla/5.0 (Linux; Android 14; Pixel 7) AppleWebKit/537.36 (KHTML, like Gecko) Chrome/151.0.7922.34 Mobile Safari/537.36
        - accept: */*
        - accept-encoding: gzip,deflate,br
        - Authorization: Bearer e2e-admin-token-do-not-use-in-prod

        at apiRequestContext.get: connect ECONNREFUSED ::1:4000
        at APITestHelper.get (/home/tbaltzakis/cloudless.gr/e2e/helpers/api-helpers.ts:51:41)
        at /home/tbaltzakis/cloudless.gr/e2e/api/admin-api-comprehensive.spec.ts:961:42

    Error Context: test-results/api-admin-api-comprehensiv-0a30d-iz-integrations-id-settings-mobile-chrome/error-context.md

    Retry #1 ───────────────────────────────────────────────────────────────────────────────────────

    Error: apiRequestContext.get: connect ECONNREFUSED ::1:4000
    Call log:
      - → GET http://localhost:4000/api/admin/postiz/integrations/test-id/settings
        - user-agent: Mozilla/5.0 (Linux; Android 14; Pixel 7) AppleWebKit/537.36 (KHTML, like Gecko) Chrome/151.0.7922.34 Mobile Safari/537.36
        - accept: */*
        - accept-encoding: gzip,deflate,br
        - Authorization: Bearer e2e-admin-token-do-not-use-in-prod

        at apiRequestContext.get: connect ECONNREFUSED ::1:4000
        at APITestHelper.get (/home/tbaltzakis/cloudless.gr/e2e/helpers/api-helpers.ts:51:41)
        at /home/tbaltzakis/cloudless.gr/e2e/api/admin-api-comprehensive.spec.ts:961:42

    Error Context: test-results/api-admin-api-comprehensiv-0a30d-iz-integrations-id-settings-mobile-chrome-retry1/error-context.md

    attachment #2: trace (application/zip) ─────────────────────────────────────────────────────────
    test-results/api-admin-api-comprehensiv-0a30d-iz-integrations-id-settings-mobile-chrome-retry1/trace.zip
    Usage:

        npx playwright show-trace test-results/api-admin-api-comprehensiv-0a30d-iz-integrations-id-settings-mobile-chrome-retry1/trace.zip

    ────────────────────────────────────────────────────────────────────────────────────────────────

  1004) [mobile-chrome] › e2e/api/admin-api-comprehensive.spec.ts:954:11 › Admin API - Comprehensive Testing › Postiz Submodules › should return data for /api/admin/postiz/integrations/[id]/trigger 

    Error: apiRequestContext.get: connect ECONNREFUSED ::1:4000
    Call log:
      - → GET http://localhost:4000/api/admin/postiz/integrations/test-id/trigger
        - user-agent: Mozilla/5.0 (Linux; Android 14; Pixel 7) AppleWebKit/537.36 (KHTML, like Gecko) Chrome/151.0.7922.34 Mobile Safari/537.36
        - accept: */*
        - accept-encoding: gzip,deflate,br
        - Authorization: Bearer e2e-admin-token-do-not-use-in-prod

        at apiRequestContext.get: connect ECONNREFUSED ::1:4000
        at APITestHelper.get (/home/tbaltzakis/cloudless.gr/e2e/helpers/api-helpers.ts:51:41)
        at /home/tbaltzakis/cloudless.gr/e2e/api/admin-api-comprehensive.spec.ts:961:42

    Error Context: test-results/api-admin-api-comprehensiv-84b4f-tiz-integrations-id-trigger-mobile-chrome/error-context.md

    Retry #1 ───────────────────────────────────────────────────────────────────────────────────────

    Error: apiRequestContext.get: connect ECONNREFUSED ::1:4000
    Call log:
      - → GET http://localhost:4000/api/admin/postiz/integrations/test-id/trigger
        - user-agent: Mozilla/5.0 (Linux; Android 14; Pixel 7) AppleWebKit/537.36 (KHTML, like Gecko) Chrome/151.0.7922.34 Mobile Safari/537.36
        - accept: */*
        - accept-encoding: gzip,deflate,br
        - Authorization: Bearer e2e-admin-token-do-not-use-in-prod

        at apiRequestContext.get: connect ECONNREFUSED ::1:4000
        at APITestHelper.get (/home/tbaltzakis/cloudless.gr/e2e/helpers/api-helpers.ts:51:41)
        at /home/tbaltzakis/cloudless.gr/e2e/api/admin-api-comprehensive.spec.ts:961:42

    Error Context: test-results/api-admin-api-comprehensiv-84b4f-tiz-integrations-id-trigger-mobile-chrome-retry1/error-context.md

    attachment #2: trace (application/zip) ─────────────────────────────────────────────────────────
    test-results/api-admin-api-comprehensiv-84b4f-tiz-integrations-id-trigger-mobile-chrome-retry1/trace.zip
    Usage:

        npx playwright show-trace test-results/api-admin-api-comprehensiv-84b4f-tiz-integrations-id-trigger-mobile-chrome-retry1/trace.zip

    ────────────────────────────────────────────────────────────────────────────────────────────────

  1005) [mobile-chrome] › e2e/api/admin-api-comprehensive.spec.ts:954:11 › Admin API - Comprehensive Testing › Postiz Submodules › should return data for /api/admin/postiz/is-connected 

    Error: apiRequestContext.get: connect ECONNREFUSED ::1:4000
    Call log:
      - → GET http://localhost:4000/api/admin/postiz/is-connected
        - user-agent: Mozilla/5.0 (Linux; Android 14; Pixel 7) AppleWebKit/537.36 (KHTML, like Gecko) Chrome/151.0.7922.34 Mobile Safari/537.36
        - accept: */*
        - accept-encoding: gzip,deflate,br
        - Authorization: Bearer e2e-admin-token-do-not-use-in-prod

        at apiRequestContext.get: connect ECONNREFUSED ::1:4000
        at APITestHelper.get (/home/tbaltzakis/cloudless.gr/e2e/helpers/api-helpers.ts:51:41)
        at /home/tbaltzakis/cloudless.gr/e2e/api/admin-api-comprehensive.spec.ts:961:42

    Error Context: test-results/api-admin-api-comprehensiv-6dde9-i-admin-postiz-is-connected-mobile-chrome/error-context.md

    Retry #1 ───────────────────────────────────────────────────────────────────────────────────────

    Error: apiRequestContext.get: connect ECONNREFUSED ::1:4000
    Call log:
      - → GET http://localhost:4000/api/admin/postiz/is-connected
        - user-agent: Mozilla/5.0 (Linux; Android 14; Pixel 7) AppleWebKit/537.36 (KHTML, like Gecko) Chrome/151.0.7922.34 Mobile Safari/537.36
        - accept: */*
        - accept-encoding: gzip,deflate,br
        - Authorization: Bearer e2e-admin-token-do-not-use-in-prod

        at apiRequestContext.get: connect ECONNREFUSED ::1:4000
        at APITestHelper.get (/home/tbaltzakis/cloudless.gr/e2e/helpers/api-helpers.ts:51:41)
        at /home/tbaltzakis/cloudless.gr/e2e/api/admin-api-comprehensive.spec.ts:961:42

    Error Context: test-results/api-admin-api-comprehensiv-6dde9-i-admin-postiz-is-connected-mobile-chrome-retry1/error-context.md

    attachment #2: trace (application/zip) ─────────────────────────────────────────────────────────
    test-results/api-admin-api-comprehensiv-6dde9-i-admin-postiz-is-connected-mobile-chrome-retry1/trace.zip
    Usage:

        npx playwright show-trace test-results/api-admin-api-comprehensiv-6dde9-i-admin-postiz-is-connected-mobile-chrome-retry1/trace.zip

    ────────────────────────────────────────────────────────────────────────────────────────────────

  1006) [mobile-chrome] › e2e/api/admin-api-comprehensive.spec.ts:954:11 › Admin API - Comprehensive Testing › Postiz Submodules › should return data for /api/admin/postiz/notifications 

    Error: apiRequestContext.get: connect ECONNREFUSED ::1:4000
    Call log:
      - → GET http://localhost:4000/api/admin/postiz/notifications
        - user-agent: Mozilla/5.0 (Linux; Android 14; Pixel 7) AppleWebKit/537.36 (KHTML, like Gecko) Chrome/151.0.7922.34 Mobile Safari/537.36
        - accept: */*
        - accept-encoding: gzip,deflate,br
        - Authorization: Bearer e2e-admin-token-do-not-use-in-prod

        at apiRequestContext.get: connect ECONNREFUSED ::1:4000
        at APITestHelper.get (/home/tbaltzakis/cloudless.gr/e2e/helpers/api-helpers.ts:51:41)
        at /home/tbaltzakis/cloudless.gr/e2e/api/admin-api-comprehensive.spec.ts:961:42

    Error Context: test-results/api-admin-api-comprehensiv-a15bc--admin-postiz-notifications-mobile-chrome/error-context.md

    Retry #1 ───────────────────────────────────────────────────────────────────────────────────────

    Error: apiRequestContext.get: connect ECONNREFUSED ::1:4000
    Call log:
      - → GET http://localhost:4000/api/admin/postiz/notifications
        - user-agent: Mozilla/5.0 (Linux; Android 14; Pixel 7) AppleWebKit/537.36 (KHTML, like Gecko) Chrome/151.0.7922.34 Mobile Safari/537.36
        - accept: */*
        - accept-encoding: gzip,deflate,br
        - Authorization: Bearer e2e-admin-token-do-not-use-in-prod

        at apiRequestContext.get: connect ECONNREFUSED ::1:4000
        at APITestHelper.get (/home/tbaltzakis/cloudless.gr/e2e/helpers/api-helpers.ts:51:41)
        at /home/tbaltzakis/cloudless.gr/e2e/api/admin-api-comprehensive.spec.ts:961:42

    Error Context: test-results/api-admin-api-comprehensiv-a15bc--admin-postiz-notifications-mobile-chrome-retry1/error-context.md

    attachment #2: trace (application/zip) ─────────────────────────────────────────────────────────
    test-results/api-admin-api-comprehensiv-a15bc--admin-postiz-notifications-mobile-chrome-retry1/trace.zip
    Usage:

        npx playwright show-trace test-results/api-admin-api-comprehensiv-a15bc--admin-postiz-notifications-mobile-chrome-retry1/trace.zip

    ────────────────────────────────────────────────────────────────────────────────────────────────

  1007) [mobile-chrome] › e2e/api/admin-api-comprehensive.spec.ts:954:11 › Admin API - Comprehensive Testing › Postiz Submodules › should return data for /api/admin/postiz/posts 

    Error: apiRequestContext.get: connect ECONNREFUSED ::1:4000
    Call log:
      - → GET http://localhost:4000/api/admin/postiz/posts
        - user-agent: Mozilla/5.0 (Linux; Android 14; Pixel 7) AppleWebKit/537.36 (KHTML, like Gecko) Chrome/151.0.7922.34 Mobile Safari/537.36
        - accept: */*
        - accept-encoding: gzip,deflate,br
        - Authorization: Bearer e2e-admin-token-do-not-use-in-prod

        at apiRequestContext.get: connect ECONNREFUSED ::1:4000
        at APITestHelper.get (/home/tbaltzakis/cloudless.gr/e2e/helpers/api-helpers.ts:51:41)
        at /home/tbaltzakis/cloudless.gr/e2e/api/admin-api-comprehensive.spec.ts:961:42

    Error Context: test-results/api-admin-api-comprehensiv-a5117--for-api-admin-postiz-posts-mobile-chrome/error-context.md

    Retry #1 ───────────────────────────────────────────────────────────────────────────────────────

    Error: apiRequestContext.get: connect ECONNREFUSED ::1:4000
    Call log:
      - → GET http://localhost:4000/api/admin/postiz/posts
        - user-agent: Mozilla/5.0 (Linux; Android 14; Pixel 7) AppleWebKit/537.36 (KHTML, like Gecko) Chrome/151.0.7922.34 Mobile Safari/537.36
        - accept: */*
        - accept-encoding: gzip,deflate,br
        - Authorization: Bearer e2e-admin-token-do-not-use-in-prod

        at apiRequestContext.get: connect ECONNREFUSED ::1:4000
        at APITestHelper.get (/home/tbaltzakis/cloudless.gr/e2e/helpers/api-helpers.ts:51:41)
        at /home/tbaltzakis/cloudless.gr/e2e/api/admin-api-comprehensive.spec.ts:961:42

    Error Context: test-results/api-admin-api-comprehensiv-a5117--for-api-admin-postiz-posts-mobile-chrome-retry1/error-context.md

    attachment #2: trace (application/zip) ─────────────────────────────────────────────────────────
    test-results/api-admin-api-comprehensiv-a5117--for-api-admin-postiz-posts-mobile-chrome-retry1/trace.zip
    Usage:

        npx playwright show-trace test-results/api-admin-api-comprehensiv-a5117--for-api-admin-postiz-posts-mobile-chrome-retry1/trace.zip

    ────────────────────────────────────────────────────────────────────────────────────────────────

  1008) [mobile-chrome] › e2e/api/admin-api-comprehensive.spec.ts:954:11 › Admin API - Comprehensive Testing › Postiz Submodules › should return data for /api/admin/postiz/posts/[id] 

    Error: apiRequestContext.get: connect ECONNREFUSED ::1:4000
    Call log:
      - → GET http://localhost:4000/api/admin/postiz/posts/test-id
        - user-agent: Mozilla/5.0 (Linux; Android 14; Pixel 7) AppleWebKit/537.36 (KHTML, like Gecko) Chrome/151.0.7922.34 Mobile Safari/537.36
        - accept: */*
        - accept-encoding: gzip,deflate,br
        - Authorization: Bearer e2e-admin-token-do-not-use-in-prod

        at apiRequestContext.get: connect ECONNREFUSED ::1:4000
        at APITestHelper.get (/home/tbaltzakis/cloudless.gr/e2e/helpers/api-helpers.ts:51:41)
        at /home/tbaltzakis/cloudless.gr/e2e/api/admin-api-comprehensive.spec.ts:961:42

    Error Context: test-results/api-admin-api-comprehensiv-d835f--api-admin-postiz-posts-id--mobile-chrome/error-context.md

    Retry #1 ───────────────────────────────────────────────────────────────────────────────────────

    Error: apiRequestContext.get: connect ECONNREFUSED ::1:4000
    Call log:
      - → GET http://localhost:4000/api/admin/postiz/posts/test-id
        - user-agent: Mozilla/5.0 (Linux; Android 14; Pixel 7) AppleWebKit/537.36 (KHTML, like Gecko) Chrome/151.0.7922.34 Mobile Safari/537.36
        - accept: */*
        - accept-encoding: gzip,deflate,br
        - Authorization: Bearer e2e-admin-token-do-not-use-in-prod

        at apiRequestContext.get: connect ECONNREFUSED ::1:4000
        at APITestHelper.get (/home/tbaltzakis/cloudless.gr/e2e/helpers/api-helpers.ts:51:41)
        at /home/tbaltzakis/cloudless.gr/e2e/api/admin-api-comprehensive.spec.ts:961:42

    Error Context: test-results/api-admin-api-comprehensiv-d835f--api-admin-postiz-posts-id--mobile-chrome-retry1/error-context.md

    attachment #2: trace (application/zip) ─────────────────────────────────────────────────────────
    test-results/api-admin-api-comprehensiv-d835f--api-admin-postiz-posts-id--mobile-chrome-retry1/trace.zip
    Usage:

        npx playwright show-trace test-results/api-admin-api-comprehensiv-d835f--api-admin-postiz-posts-id--mobile-chrome-retry1/trace.zip

    ────────────────────────────────────────────────────────────────────────────────────────────────

  1009) [mobile-chrome] › e2e/api/admin-api-comprehensive.spec.ts:954:11 › Admin API - Comprehensive Testing › Postiz Submodules › should return data for /api/admin/postiz/posts/[id]/missing-content 

    Error: apiRequestContext.get: connect ECONNREFUSED ::1:4000
    Call log:
      - → GET http://localhost:4000/api/admin/postiz/posts/test-id/missing-content
        - user-agent: Mozilla/5.0 (Linux; Android 14; Pixel 7) AppleWebKit/537.36 (KHTML, like Gecko) Chrome/151.0.7922.34 Mobile Safari/537.36
        - accept: */*
        - accept-encoding: gzip,deflate,br
        - Authorization: Bearer e2e-admin-token-do-not-use-in-prod

        at apiRequestContext.get: connect ECONNREFUSED ::1:4000
        at APITestHelper.get (/home/tbaltzakis/cloudless.gr/e2e/helpers/api-helpers.ts:51:41)
        at /home/tbaltzakis/cloudless.gr/e2e/api/admin-api-comprehensive.spec.ts:961:42

    Error Context: test-results/api-admin-api-comprehensiv-2a636-iz-posts-id-missing-content-mobile-chrome/error-context.md

    Retry #1 ───────────────────────────────────────────────────────────────────────────────────────

    Error: apiRequestContext.get: connect ECONNREFUSED ::1:4000
    Call log:
      - → GET http://localhost:4000/api/admin/postiz/posts/test-id/missing-content
        - user-agent: Mozilla/5.0 (Linux; Android 14; Pixel 7) AppleWebKit/537.36 (KHTML, like Gecko) Chrome/151.0.7922.34 Mobile Safari/537.36
        - accept: */*
        - accept-encoding: gzip,deflate,br
        - Authorization: Bearer e2e-admin-token-do-not-use-in-prod

        at apiRequestContext.get: connect ECONNREFUSED ::1:4000
        at APITestHelper.get (/home/tbaltzakis/cloudless.gr/e2e/helpers/api-helpers.ts:51:41)
        at /home/tbaltzakis/cloudless.gr/e2e/api/admin-api-comprehensive.spec.ts:961:42

    Error Context: test-results/api-admin-api-comprehensiv-2a636-iz-posts-id-missing-content-mobile-chrome-retry1/error-context.md

    attachment #2: trace (application/zip) ─────────────────────────────────────────────────────────
    test-results/api-admin-api-comprehensiv-2a636-iz-posts-id-missing-content-mobile-chrome-retry1/trace.zip
    Usage:

        npx playwright show-trace test-results/api-admin-api-comprehensiv-2a636-iz-posts-id-missing-content-mobile-chrome-retry1/trace.zip

    ────────────────────────────────────────────────────────────────────────────────────────────────

  1010) [mobile-chrome] › e2e/api/admin-api-comprehensive.spec.ts:954:11 › Admin API - Comprehensive Testing › Postiz Submodules › should return data for /api/admin/postiz/posts/[id]/release-id 

    Error: apiRequestContext.get: connect ECONNREFUSED ::1:4000
    Call log:
      - → GET http://localhost:4000/api/admin/postiz/posts/test-id/release-id
        - user-agent: Mozilla/5.0 (Linux; Android 14; Pixel 7) AppleWebKit/537.36 (KHTML, like Gecko) Chrome/151.0.7922.34 Mobile Safari/537.36
        - accept: */*
        - accept-encoding: gzip,deflate,br
        - Authorization: Bearer e2e-admin-token-do-not-use-in-prod

        at apiRequestContext.get: connect ECONNREFUSED ::1:4000
        at APITestHelper.get (/home/tbaltzakis/cloudless.gr/e2e/helpers/api-helpers.ts:51:41)
        at /home/tbaltzakis/cloudless.gr/e2e/api/admin-api-comprehensive.spec.ts:961:42

    Error Context: test-results/api-admin-api-comprehensiv-02a71--postiz-posts-id-release-id-mobile-chrome/error-context.md

    Retry #1 ───────────────────────────────────────────────────────────────────────────────────────

    Error: apiRequestContext.get: connect ECONNREFUSED ::1:4000
    Call log:
      - → GET http://localhost:4000/api/admin/postiz/posts/test-id/release-id
        - user-agent: Mozilla/5.0 (Linux; Android 14; Pixel 7) AppleWebKit/537.36 (KHTML, like Gecko) Chrome/151.0.7922.34 Mobile Safari/537.36
        - accept: */*
        - accept-encoding: gzip,deflate,br
        - Authorization: Bearer e2e-admin-token-do-not-use-in-prod

        at apiRequestContext.get: connect ECONNREFUSED ::1:4000
        at APITestHelper.get (/home/tbaltzakis/cloudless.gr/e2e/helpers/api-helpers.ts:51:41)
        at /home/tbaltzakis/cloudless.gr/e2e/api/admin-api-comprehensive.spec.ts:961:42

    Error Context: test-results/api-admin-api-comprehensiv-02a71--postiz-posts-id-release-id-mobile-chrome-retry1/error-context.md

    attachment #2: trace (application/zip) ─────────────────────────────────────────────────────────
    test-results/api-admin-api-comprehensiv-02a71--postiz-posts-id-release-id-mobile-chrome-retry1/trace.zip
    Usage:

        npx playwright show-trace test-results/api-admin-api-comprehensiv-02a71--postiz-posts-id-release-id-mobile-chrome-retry1/trace.zip

    ────────────────────────────────────────────────────────────────────────────────────────────────

  1011) [mobile-chrome] › e2e/api/admin-api-comprehensive.spec.ts:954:11 › Admin API - Comprehensive Testing › Postiz Submodules › should return data for /api/admin/postiz/posts/[id]/status 

    Error: apiRequestContext.get: connect ECONNREFUSED ::1:4000
    Call log:
      - → GET http://localhost:4000/api/admin/postiz/posts/test-id/status
        - user-agent: Mozilla/5.0 (Linux; Android 14; Pixel 7) AppleWebKit/537.36 (KHTML, like Gecko) Chrome/151.0.7922.34 Mobile Safari/537.36
        - accept: */*
        - accept-encoding: gzip,deflate,br
        - Authorization: Bearer e2e-admin-token-do-not-use-in-prod

        at apiRequestContext.get: connect ECONNREFUSED ::1:4000
        at APITestHelper.get (/home/tbaltzakis/cloudless.gr/e2e/helpers/api-helpers.ts:51:41)
        at /home/tbaltzakis/cloudless.gr/e2e/api/admin-api-comprehensive.spec.ts:961:42

    Error Context: test-results/api-admin-api-comprehensiv-adf99-dmin-postiz-posts-id-status-mobile-chrome/error-context.md

    Retry #1 ───────────────────────────────────────────────────────────────────────────────────────

    Error: apiRequestContext.get: connect ECONNREFUSED ::1:4000
    Call log:
      - → GET http://localhost:4000/api/admin/postiz/posts/test-id/status
        - user-agent: Mozilla/5.0 (Linux; Android 14; Pixel 7) AppleWebKit/537.36 (KHTML, like Gecko) Chrome/151.0.7922.34 Mobile Safari/537.36
        - accept: */*
        - accept-encoding: gzip,deflate,br
        - Authorization: Bearer e2e-admin-token-do-not-use-in-prod

        at apiRequestContext.get: connect ECONNREFUSED ::1:4000
        at APITestHelper.get (/home/tbaltzakis/cloudless.gr/e2e/helpers/api-helpers.ts:51:41)
        at /home/tbaltzakis/cloudless.gr/e2e/api/admin-api-comprehensive.spec.ts:961:42

    Error Context: test-results/api-admin-api-comprehensiv-adf99-dmin-postiz-posts-id-status-mobile-chrome-retry1/error-context.md

    attachment #2: trace (application/zip) ─────────────────────────────────────────────────────────
    test-results/api-admin-api-comprehensiv-adf99-dmin-postiz-posts-id-status-mobile-chrome-retry1/trace.zip
    Usage:

        npx playwright show-trace test-results/api-admin-api-comprehensiv-adf99-dmin-postiz-posts-id-status-mobile-chrome-retry1/trace.zip

    ────────────────────────────────────────────────────────────────────────────────────────────────

  1012) [mobile-chrome] › e2e/api/admin-api-comprehensive.spec.ts:954:11 › Admin API - Comprehensive Testing › Postiz Submodules › should return data for /api/admin/postiz/posts/group/[id] 

    Error: apiRequestContext.get: connect ECONNREFUSED ::1:4000
    Call log:
      - → GET http://localhost:4000/api/admin/postiz/posts/group/test-id
        - user-agent: Mozilla/5.0 (Linux; Android 14; Pixel 7) AppleWebKit/537.36 (KHTML, like Gecko) Chrome/151.0.7922.34 Mobile Safari/537.36
        - accept: */*
        - accept-encoding: gzip,deflate,br
        - Authorization: Bearer e2e-admin-token-do-not-use-in-prod

        at apiRequestContext.get: connect ECONNREFUSED ::1:4000
        at APITestHelper.get (/home/tbaltzakis/cloudless.gr/e2e/helpers/api-helpers.ts:51:41)
        at /home/tbaltzakis/cloudless.gr/e2e/api/admin-api-comprehensive.spec.ts:961:42

    Error Context: test-results/api-admin-api-comprehensiv-e2c55-dmin-postiz-posts-group-id--mobile-chrome/error-context.md

    Retry #1 ───────────────────────────────────────────────────────────────────────────────────────

    Error: apiRequestContext.get: connect ECONNREFUSED ::1:4000
    Call log:
      - → GET http://localhost:4000/api/admin/postiz/posts/group/test-id
        - user-agent: Mozilla/5.0 (Linux; Android 14; Pixel 7) AppleWebKit/537.36 (KHTML, like Gecko) Chrome/151.0.7922.34 Mobile Safari/537.36
        - accept: */*
        - accept-encoding: gzip,deflate,br
        - Authorization: Bearer e2e-admin-token-do-not-use-in-prod

        at apiRequestContext.get: connect ECONNREFUSED ::1:4000
        at APITestHelper.get (/home/tbaltzakis/cloudless.gr/e2e/helpers/api-helpers.ts:51:41)
        at /home/tbaltzakis/cloudless.gr/e2e/api/admin-api-comprehensive.spec.ts:961:42

    Error Context: test-results/api-admin-api-comprehensiv-e2c55-dmin-postiz-posts-group-id--mobile-chrome-retry1/error-context.md

    attachment #2: trace (application/zip) ─────────────────────────────────────────────────────────
    test-results/api-admin-api-comprehensiv-e2c55-dmin-postiz-posts-group-id--mobile-chrome-retry1/trace.zip
    Usage:

        npx playwright show-trace test-results/api-admin-api-comprehensiv-e2c55-dmin-postiz-posts-group-id--mobile-chrome-retry1/trace.zip

    ────────────────────────────────────────────────────────────────────────────────────────────────

  1013) [mobile-chrome] › e2e/api/admin-api-comprehensive.spec.ts:954:11 › Admin API - Comprehensive Testing › Postiz Submodules › should return data for /api/admin/postiz/slot 

    Error: apiRequestContext.get: connect ECONNREFUSED ::1:4000
    Call log:
      - → GET http://localhost:4000/api/admin/postiz/slot
        - user-agent: Mozilla/5.0 (Linux; Android 14; Pixel 7) AppleWebKit/537.36 (KHTML, like Gecko) Chrome/151.0.7922.34 Mobile Safari/537.36
        - accept: */*
        - accept-encoding: gzip,deflate,br
        - Authorization: Bearer e2e-admin-token-do-not-use-in-prod

        at apiRequestContext.get: connect ECONNREFUSED ::1:4000
        at APITestHelper.get (/home/tbaltzakis/cloudless.gr/e2e/helpers/api-helpers.ts:51:41)
        at /home/tbaltzakis/cloudless.gr/e2e/api/admin-api-comprehensive.spec.ts:961:42

    Error Context: test-results/api-admin-api-comprehensiv-be34c-a-for-api-admin-postiz-slot-mobile-chrome/error-context.md

    Retry #1 ───────────────────────────────────────────────────────────────────────────────────────

    Error: apiRequestContext.get: connect ECONNREFUSED ::1:4000
    Call log:
      - → GET http://localhost:4000/api/admin/postiz/slot
        - user-agent: Mozilla/5.0 (Linux; Android 14; Pixel 7) AppleWebKit/537.36 (KHTML, like Gecko) Chrome/151.0.7922.34 Mobile Safari/537.36
        - accept: */*
        - accept-encoding: gzip,deflate,br
        - Authorization: Bearer e2e-admin-token-do-not-use-in-prod

        at apiRequestContext.get: connect ECONNREFUSED ::1:4000
        at APITestHelper.get (/home/tbaltzakis/cloudless.gr/e2e/helpers/api-helpers.ts:51:41)
        at /home/tbaltzakis/cloudless.gr/e2e/api/admin-api-comprehensive.spec.ts:961:42

    Error Context: test-results/api-admin-api-comprehensiv-be34c-a-for-api-admin-postiz-slot-mobile-chrome-retry1/error-context.md

    attachment #2: trace (application/zip) ─────────────────────────────────────────────────────────
    test-results/api-admin-api-comprehensiv-be34c-a-for-api-admin-postiz-slot-mobile-chrome-retry1/trace.zip
    Usage:

        npx playwright show-trace test-results/api-admin-api-comprehensiv-be34c-a-for-api-admin-postiz-slot-mobile-chrome-retry1/trace.zip

    ────────────────────────────────────────────────────────────────────────────────────────────────

  1014) [mobile-chrome] › e2e/api/admin-api-comprehensive.spec.ts:954:11 › Admin API - Comprehensive Testing › Postiz Submodules › should return data for /api/admin/postiz/upload 

    Error: apiRequestContext.get: connect ECONNREFUSED ::1:4000
    Call log:
      - → GET http://localhost:4000/api/admin/postiz/upload
        - user-agent: Mozilla/5.0 (Linux; Android 14; Pixel 7) AppleWebKit/537.36 (KHTML, like Gecko) Chrome/151.0.7922.34 Mobile Safari/537.36
        - accept: */*
        - accept-encoding: gzip,deflate,br
        - Authorization: Bearer e2e-admin-token-do-not-use-in-prod

        at apiRequestContext.get: connect ECONNREFUSED ::1:4000
        at APITestHelper.get (/home/tbaltzakis/cloudless.gr/e2e/helpers/api-helpers.ts:51:41)
        at /home/tbaltzakis/cloudless.gr/e2e/api/admin-api-comprehensive.spec.ts:961:42

    Error Context: test-results/api-admin-api-comprehensiv-4e42b-for-api-admin-postiz-upload-mobile-chrome/error-context.md

    Retry #1 ───────────────────────────────────────────────────────────────────────────────────────

    Error: apiRequestContext.get: connect ECONNREFUSED ::1:4000
    Call log:
      - → GET http://localhost:4000/api/admin/postiz/upload
        - user-agent: Mozilla/5.0 (Linux; Android 14; Pixel 7) AppleWebKit/537.36 (KHTML, like Gecko) Chrome/151.0.7922.34 Mobile Safari/537.36
        - accept: */*
        - accept-encoding: gzip,deflate,br
        - Authorization: Bearer e2e-admin-token-do-not-use-in-prod

        at apiRequestContext.get: connect ECONNREFUSED ::1:4000
        at APITestHelper.get (/home/tbaltzakis/cloudless.gr/e2e/helpers/api-helpers.ts:51:41)
        at /home/tbaltzakis/cloudless.gr/e2e/api/admin-api-comprehensive.spec.ts:961:42

    Error Context: test-results/api-admin-api-comprehensiv-4e42b-for-api-admin-postiz-upload-mobile-chrome-retry1/error-context.md

    attachment #2: trace (application/zip) ─────────────────────────────────────────────────────────
    test-results/api-admin-api-comprehensiv-4e42b-for-api-admin-postiz-upload-mobile-chrome-retry1/trace.zip
    Usage:

        npx playwright show-trace test-results/api-admin-api-comprehensiv-4e42b-for-api-admin-postiz-upload-mobile-chrome-retry1/trace.zip

    ────────────────────────────────────────────────────────────────────────────────────────────────

  1015) [mobile-chrome] › e2e/api/admin-api-comprehensive.spec.ts:954:11 › Admin API - Comprehensive Testing › Postiz Submodules › should return data for /api/admin/postiz/upload-file 

    Error: apiRequestContext.get: connect ECONNREFUSED ::1:4000
    Call log:
      - → GET http://localhost:4000/api/admin/postiz/upload-file
        - user-agent: Mozilla/5.0 (Linux; Android 14; Pixel 7) AppleWebKit/537.36 (KHTML, like Gecko) Chrome/151.0.7922.34 Mobile Safari/537.36
        - accept: */*
        - accept-encoding: gzip,deflate,br
        - Authorization: Bearer e2e-admin-token-do-not-use-in-prod

        at apiRequestContext.get: connect ECONNREFUSED ::1:4000
        at APITestHelper.get (/home/tbaltzakis/cloudless.gr/e2e/helpers/api-helpers.ts:51:41)
        at /home/tbaltzakis/cloudless.gr/e2e/api/admin-api-comprehensive.spec.ts:961:42

    Error Context: test-results/api-admin-api-comprehensiv-961d2-pi-admin-postiz-upload-file-mobile-chrome/error-context.md

    Retry #1 ───────────────────────────────────────────────────────────────────────────────────────

    Error: apiRequestContext.get: connect ECONNREFUSED ::1:4000
    Call log:
      - → GET http://localhost:4000/api/admin/postiz/upload-file
        - user-agent: Mozilla/5.0 (Linux; Android 14; Pixel 7) AppleWebKit/537.36 (KHTML, like Gecko) Chrome/151.0.7922.34 Mobile Safari/537.36
        - accept: */*
        - accept-encoding: gzip,deflate,br
        - Authorization: Bearer e2e-admin-token-do-not-use-in-prod

        at apiRequestContext.get: connect ECONNREFUSED ::1:4000
        at APITestHelper.get (/home/tbaltzakis/cloudless.gr/e2e/helpers/api-helpers.ts:51:41)
        at /home/tbaltzakis/cloudless.gr/e2e/api/admin-api-comprehensive.spec.ts:961:42

    Error Context: test-results/api-admin-api-comprehensiv-961d2-pi-admin-postiz-upload-file-mobile-chrome-retry1/error-context.md

    attachment #2: trace (application/zip) ─────────────────────────────────────────────────────────
    test-results/api-admin-api-comprehensiv-961d2-pi-admin-postiz-upload-file-mobile-chrome-retry1/trace.zip
    Usage:

        npx playwright show-trace test-results/api-admin-api-comprehensiv-961d2-pi-admin-postiz-upload-file-mobile-chrome-retry1/trace.zip

    ────────────────────────────────────────────────────────────────────────────────────────────────

  1016) [mobile-chrome] › e2e/api/admin-api-comprehensive.spec.ts:985:11 › Admin API - Comprehensive Testing › Reports Submodules › should return data for /api/admin/reports 

    Error: apiRequestContext.get: connect ECONNREFUSED ::1:4000
    Call log:
      - → GET http://localhost:4000/api/admin/reports
        - user-agent: Mozilla/5.0 (Linux; Android 14; Pixel 7) AppleWebKit/537.36 (KHTML, like Gecko) Chrome/151.0.7922.34 Mobile Safari/537.36
        - accept: */*
        - accept-encoding: gzip,deflate,br
        - Authorization: Bearer e2e-admin-token-do-not-use-in-prod

        at apiRequestContext.get: connect ECONNREFUSED ::1:4000
        at APITestHelper.get (/home/tbaltzakis/cloudless.gr/e2e/helpers/api-helpers.ts:51:41)
        at /home/tbaltzakis/cloudless.gr/e2e/api/admin-api-comprehensive.spec.ts:992:42

    Error Context: test-results/api-admin-api-comprehensiv-8b969--data-for-api-admin-reports-mobile-chrome/error-context.md

    Retry #1 ───────────────────────────────────────────────────────────────────────────────────────

    Error: apiRequestContext.get: connect ECONNREFUSED ::1:4000
    Call log:
      - → GET http://localhost:4000/api/admin/reports
        - user-agent: Mozilla/5.0 (Linux; Android 14; Pixel 7) AppleWebKit/537.36 (KHTML, like Gecko) Chrome/151.0.7922.34 Mobile Safari/537.36
        - accept: */*
        - accept-encoding: gzip,deflate,br
        - Authorization: Bearer e2e-admin-token-do-not-use-in-prod

        at apiRequestContext.get: connect ECONNREFUSED ::1:4000
        at APITestHelper.get (/home/tbaltzakis/cloudless.gr/e2e/helpers/api-helpers.ts:51:41)
        at /home/tbaltzakis/cloudless.gr/e2e/api/admin-api-comprehensive.spec.ts:992:42

    Error Context: test-results/api-admin-api-comprehensiv-8b969--data-for-api-admin-reports-mobile-chrome-retry1/error-context.md

    attachment #2: trace (application/zip) ─────────────────────────────────────────────────────────
    test-results/api-admin-api-comprehensiv-8b969--data-for-api-admin-reports-mobile-chrome-retry1/trace.zip
    Usage:

        npx playwright show-trace test-results/api-admin-api-comprehensiv-8b969--data-for-api-admin-reports-mobile-chrome-retry1/trace.zip

    ────────────────────────────────────────────────────────────────────────────────────────────────

  1017) [mobile-chrome] › e2e/api/admin-api-comprehensive.spec.ts:985:11 › Admin API - Comprehensive Testing › Reports Submodules › should return data for /api/admin/reports/[id] 

    Error: apiRequestContext.get: connect ECONNREFUSED ::1:4000
    Call log:
      - → GET http://localhost:4000/api/admin/reports/test-id
        - user-agent: Mozilla/5.0 (Linux; Android 14; Pixel 7) AppleWebKit/537.36 (KHTML, like Gecko) Chrome/151.0.7922.34 Mobile Safari/537.36
        - accept: */*
        - accept-encoding: gzip,deflate,br
        - Authorization: Bearer e2e-admin-token-do-not-use-in-prod

        at apiRequestContext.get: connect ECONNREFUSED ::1:4000
        at APITestHelper.get (/home/tbaltzakis/cloudless.gr/e2e/helpers/api-helpers.ts:51:41)
        at /home/tbaltzakis/cloudless.gr/e2e/api/admin-api-comprehensive.spec.ts:992:42

    Error Context: test-results/api-admin-api-comprehensiv-8a935-a-for-api-admin-reports-id--mobile-chrome/error-context.md

    Retry #1 ───────────────────────────────────────────────────────────────────────────────────────

    Error: apiRequestContext.get: connect ECONNREFUSED ::1:4000
    Call log:
      - → GET http://localhost:4000/api/admin/reports/test-id
        - user-agent: Mozilla/5.0 (Linux; Android 14; Pixel 7) AppleWebKit/537.36 (KHTML, like Gecko) Chrome/151.0.7922.34 Mobile Safari/537.36
        - accept: */*
        - accept-encoding: gzip,deflate,br
        - Authorization: Bearer e2e-admin-token-do-not-use-in-prod

        at apiRequestContext.get: connect ECONNREFUSED ::1:4000
        at APITestHelper.get (/home/tbaltzakis/cloudless.gr/e2e/helpers/api-helpers.ts:51:41)
        at /home/tbaltzakis/cloudless.gr/e2e/api/admin-api-comprehensive.spec.ts:992:42

    Error Context: test-results/api-admin-api-comprehensiv-8a935-a-for-api-admin-reports-id--mobile-chrome-retry1/error-context.md

    attachment #2: trace (application/zip) ─────────────────────────────────────────────────────────
    test-results/api-admin-api-comprehensiv-8a935-a-for-api-admin-reports-id--mobile-chrome-retry1/trace.zip
    Usage:

        npx playwright show-trace test-results/api-admin-api-comprehensiv-8a935-a-for-api-admin-reports-id--mobile-chrome-retry1/trace.zip

    ────────────────────────────────────────────────────────────────────────────────────────────────

  1018) [mobile-chrome] › e2e/api/admin-api-comprehensive.spec.ts:985:11 › Admin API - Comprehensive Testing › Reports Submodules › should return data for /api/admin/reports/[id]/pdf 

    Error: apiRequestContext.get: connect ECONNREFUSED ::1:4000
    Call log:
      - → GET http://localhost:4000/api/admin/reports/test-id/pdf
        - user-agent: Mozilla/5.0 (Linux; Android 14; Pixel 7) AppleWebKit/537.36 (KHTML, like Gecko) Chrome/151.0.7922.34 Mobile Safari/537.36
        - accept: */*
        - accept-encoding: gzip,deflate,br
        - Authorization: Bearer e2e-admin-token-do-not-use-in-prod

        at apiRequestContext.get: connect ECONNREFUSED ::1:4000
        at APITestHelper.get (/home/tbaltzakis/cloudless.gr/e2e/helpers/api-helpers.ts:51:41)
        at /home/tbaltzakis/cloudless.gr/e2e/api/admin-api-comprehensive.spec.ts:992:42

    Error Context: test-results/api-admin-api-comprehensiv-d5370-or-api-admin-reports-id-pdf-mobile-chrome/error-context.md

    Retry #1 ───────────────────────────────────────────────────────────────────────────────────────

    Error: apiRequestContext.get: connect ECONNREFUSED ::1:4000
    Call log:
      - → GET http://localhost:4000/api/admin/reports/test-id/pdf
        - user-agent: Mozilla/5.0 (Linux; Android 14; Pixel 7) AppleWebKit/537.36 (KHTML, like Gecko) Chrome/151.0.7922.34 Mobile Safari/537.36
        - accept: */*
        - accept-encoding: gzip,deflate,br
        - Authorization: Bearer e2e-admin-token-do-not-use-in-prod

        at apiRequestContext.get: connect ECONNREFUSED ::1:4000
        at APITestHelper.get (/home/tbaltzakis/cloudless.gr/e2e/helpers/api-helpers.ts:51:41)
        at /home/tbaltzakis/cloudless.gr/e2e/api/admin-api-comprehensive.spec.ts:992:42

    Error Context: test-results/api-admin-api-comprehensiv-d5370-or-api-admin-reports-id-pdf-mobile-chrome-retry1/error-context.md

    attachment #2: trace (application/zip) ─────────────────────────────────────────────────────────
    test-results/api-admin-api-comprehensiv-d5370-or-api-admin-reports-id-pdf-mobile-chrome-retry1/trace.zip
    Usage:

        npx playwright show-trace test-results/api-admin-api-comprehensiv-d5370-or-api-admin-reports-id-pdf-mobile-chrome-retry1/trace.zip

    ────────────────────────────────────────────────────────────────────────────────────────────────

  1019) [mobile-chrome] › e2e/api/admin-api-comprehensive.spec.ts:985:11 › Admin API - Comprehensive Testing › Reports Submodules › should return data for /api/admin/reports/generate 

    Error: apiRequestContext.get: connect ECONNREFUSED ::1:4000
    Call log:
      - → GET http://localhost:4000/api/admin/reports/generate
        - user-agent: Mozilla/5.0 (Linux; Android 14; Pixel 7) AppleWebKit/537.36 (KHTML, like Gecko) Chrome/151.0.7922.34 Mobile Safari/537.36
        - accept: */*
        - accept-encoding: gzip,deflate,br
        - Authorization: Bearer e2e-admin-token-do-not-use-in-prod

        at apiRequestContext.get: connect ECONNREFUSED ::1:4000
        at APITestHelper.get (/home/tbaltzakis/cloudless.gr/e2e/helpers/api-helpers.ts:51:41)
        at /home/tbaltzakis/cloudless.gr/e2e/api/admin-api-comprehensive.spec.ts:992:42

    Error Context: test-results/api-admin-api-comprehensiv-5e0f4--api-admin-reports-generate-mobile-chrome/error-context.md

    Retry #1 ───────────────────────────────────────────────────────────────────────────────────────

    Error: apiRequestContext.get: connect ECONNREFUSED ::1:4000
    Call log:
      - → GET http://localhost:4000/api/admin/reports/generate
        - user-agent: Mozilla/5.0 (Linux; Android 14; Pixel 7) AppleWebKit/537.36 (KHTML, like Gecko) Chrome/151.0.7922.34 Mobile Safari/537.36
        - accept: */*
        - accept-encoding: gzip,deflate,br
        - Authorization: Bearer e2e-admin-token-do-not-use-in-prod

        at apiRequestContext.get: connect ECONNREFUSED ::1:4000
        at APITestHelper.get (/home/tbaltzakis/cloudless.gr/e2e/helpers/api-helpers.ts:51:41)
        at /home/tbaltzakis/cloudless.gr/e2e/api/admin-api-comprehensive.spec.ts:992:42

    Error Context: test-results/api-admin-api-comprehensiv-5e0f4--api-admin-reports-generate-mobile-chrome-retry1/error-context.md

    attachment #2: trace (application/zip) ─────────────────────────────────────────────────────────
    test-results/api-admin-api-comprehensiv-5e0f4--api-admin-reports-generate-mobile-chrome-retry1/trace.zip
    Usage:

        npx playwright show-trace test-results/api-admin-api-comprehensiv-5e0f4--api-admin-reports-generate-mobile-chrome-retry1/trace.zip

    ────────────────────────────────────────────────────────────────────────────────────────────────

  1020) [mobile-chrome] › e2e/api/admin-api-comprehensive.spec.ts:1013:11 › Admin API - Comprehensive Testing › Search Submodules › should return data for /api/admin/search/reindex 

    Error: apiRequestContext.get: connect ECONNREFUSED ::1:4000
    Call log:
      - → GET http://localhost:4000/api/admin/search/reindex
        - user-agent: Mozilla/5.0 (Linux; Android 14; Pixel 7) AppleWebKit/537.36 (KHTML, like Gecko) Chrome/151.0.7922.34 Mobile Safari/537.36
        - accept: */*
        - accept-encoding: gzip,deflate,br
        - Authorization: Bearer e2e-admin-token-do-not-use-in-prod

        at apiRequestContext.get: connect ECONNREFUSED ::1:4000
        at APITestHelper.get (/home/tbaltzakis/cloudless.gr/e2e/helpers/api-helpers.ts:51:41)
        at /home/tbaltzakis/cloudless.gr/e2e/api/admin-api-comprehensive.spec.ts:1014:42

    Error Context: test-results/api-admin-api-comprehensiv-5b8c4-or-api-admin-search-reindex-mobile-chrome/error-context.md

    Retry #1 ───────────────────────────────────────────────────────────────────────────────────────

    Error: apiRequestContext.get: connect ECONNREFUSED ::1:4000
    Call log:
      - → GET http://localhost:4000/api/admin/search/reindex
        - user-agent: Mozilla/5.0 (Linux; Android 14; Pixel 7) AppleWebKit/537.36 (KHTML, like Gecko) Chrome/151.0.7922.34 Mobile Safari/537.36
        - accept: */*
        - accept-encoding: gzip,deflate,br
        - Authorization: Bearer e2e-admin-token-do-not-use-in-prod

        at apiRequestContext.get: connect ECONNREFUSED ::1:4000
        at APITestHelper.get (/home/tbaltzakis/cloudless.gr/e2e/helpers/api-helpers.ts:51:41)
        at /home/tbaltzakis/cloudless.gr/e2e/api/admin-api-comprehensive.spec.ts:1014:42

    Error Context: test-results/api-admin-api-comprehensiv-5b8c4-or-api-admin-search-reindex-mobile-chrome-retry1/error-context.md

    attachment #2: trace (application/zip) ─────────────────────────────────────────────────────────
    test-results/api-admin-api-comprehensiv-5b8c4-or-api-admin-search-reindex-mobile-chrome-retry1/trace.zip
    Usage:

        npx playwright show-trace test-results/api-admin-api-comprehensiv-5b8c4-or-api-admin-search-reindex-mobile-chrome-retry1/trace.zip

    ────────────────────────────────────────────────────────────────────────────────────────────────

  1021) [mobile-chrome] › e2e/api/admin-api-comprehensive.spec.ts:1030:9 › Admin API - Comprehensive Testing › Subscriptions Endpoint (Additional) › should accept subscription creation/update 

    Error: apiRequestContext.post: connect ECONNREFUSED ::1:4000
    Call log:
      - → POST http://localhost:4000/api/admin/subscriptions
        - user-agent: Mozilla/5.0 (Linux; Android 14; Pixel 7) AppleWebKit/537.36 (KHTML, like Gecko) Chrome/151.0.7922.34 Mobile Safari/537.36
        - accept: */*
        - accept-encoding: gzip,deflate,br
        - Content-Type: application/json
        - Authorization: Bearer e2e-admin-token-do-not-use-in-prod
        - content-length: 78

        at apiRequestContext.post: connect ECONNREFUSED ::1:4000
        at APITestHelper.post (/home/tbaltzakis/cloudless.gr/e2e/helpers/api-helpers.ts:114:41)
        at /home/tbaltzakis/cloudless.gr/e2e/api/admin-api-comprehensive.spec.ts:1037:40

    Error Context: test-results/api-admin-api-comprehensiv-baafa-ubscription-creation-update-mobile-chrome/error-context.md

    Retry #1 ───────────────────────────────────────────────────────────────────────────────────────

    Error: apiRequestContext.post: connect ECONNREFUSED ::1:4000
    Call log:
      - → POST http://localhost:4000/api/admin/subscriptions
        - user-agent: Mozilla/5.0 (Linux; Android 14; Pixel 7) AppleWebKit/537.36 (KHTML, like Gecko) Chrome/151.0.7922.34 Mobile Safari/537.36
        - accept: */*
        - accept-encoding: gzip,deflate,br
        - Content-Type: application/json
        - Authorization: Bearer e2e-admin-token-do-not-use-in-prod
        - content-length: 78

        at apiRequestContext.post: connect ECONNREFUSED ::1:4000
        at APITestHelper.post (/home/tbaltzakis/cloudless.gr/e2e/helpers/api-helpers.ts:114:41)
        at /home/tbaltzakis/cloudless.gr/e2e/api/admin-api-comprehensive.spec.ts:1037:40

    Error Context: test-results/api-admin-api-comprehensiv-baafa-ubscription-creation-update-mobile-chrome-retry1/error-context.md

    attachment #2: trace (application/zip) ─────────────────────────────────────────────────────────
    test-results/api-admin-api-comprehensiv-baafa-ubscription-creation-update-mobile-chrome-retry1/trace.zip
    Usage:

        npx playwright show-trace test-results/api-admin-api-comprehensiv-baafa-ubscription-creation-update-mobile-chrome-retry1/trace.zip

    ────────────────────────────────────────────────────────────────────────────────────────────────

  1022) [mobile-chrome] › e2e/api/public-api-comprehensive.spec.ts:18:9 › Public API - Comprehensive Testing › Health Endpoint › should return healthy status 

    Error: apiRequestContext.get: connect ECONNREFUSED ::1:4000
    Call log:
      - → GET http://localhost:4000/api/health
        - user-agent: Mozilla/5.0 (Linux; Android 14; Pixel 7) AppleWebKit/537.36 (KHTML, like Gecko) Chrome/151.0.7922.34 Mobile Safari/537.36
        - accept: */*
        - accept-encoding: gzip,deflate,br

        at apiRequestContext.get: connect ECONNREFUSED ::1:4000
        at APITestHelper.get (/home/tbaltzakis/cloudless.gr/e2e/helpers/api-helpers.ts:51:41)
        at /home/tbaltzakis/cloudless.gr/e2e/api/public-api-comprehensive.spec.ts:19:40

    Error Context: test-results/api-public-api-comprehensi-d8724-hould-return-healthy-status-mobile-chrome/error-context.md

    Retry #1 ───────────────────────────────────────────────────────────────────────────────────────

    Error: apiRequestContext.get: connect ECONNREFUSED ::1:4000
    Call log:
      - → GET http://localhost:4000/api/health
        - user-agent: Mozilla/5.0 (Linux; Android 14; Pixel 7) AppleWebKit/537.36 (KHTML, like Gecko) Chrome/151.0.7922.34 Mobile Safari/537.36
        - accept: */*
        - accept-encoding: gzip,deflate,br

        at apiRequestContext.get: connect ECONNREFUSED ::1:4000
        at APITestHelper.get (/home/tbaltzakis/cloudless.gr/e2e/helpers/api-helpers.ts:51:41)
        at /home/tbaltzakis/cloudless.gr/e2e/api/public-api-comprehensive.spec.ts:19:40

    Error Context: test-results/api-public-api-comprehensi-d8724-hould-return-healthy-status-mobile-chrome-retry1/error-context.md

    attachment #2: trace (application/zip) ─────────────────────────────────────────────────────────
    test-results/api-public-api-comprehensi-d8724-hould-return-healthy-status-mobile-chrome-retry1/trace.zip
    Usage:

        npx playwright show-trace test-results/api-public-api-comprehensi-d8724-hould-return-healthy-status-mobile-chrome-retry1/trace.zip

    ────────────────────────────────────────────────────────────────────────────────────────────────

  1023) [mobile-chrome] › e2e/api/public-api-comprehensive.spec.ts:34:9 › Public API - Comprehensive Testing › Blog Endpoints › should return blog posts list 

    Error: apiRequestContext.get: connect ECONNREFUSED ::1:4000
    Call log:
      - → GET http://localhost:4000/api/blog/posts
        - user-agent: Mozilla/5.0 (Linux; Android 14; Pixel 7) AppleWebKit/537.36 (KHTML, like Gecko) Chrome/151.0.7922.34 Mobile Safari/537.36
        - accept: */*
        - accept-encoding: gzip,deflate,br

        at apiRequestContext.get: connect ECONNREFUSED ::1:4000
        at APITestHelper.get (/home/tbaltzakis/cloudless.gr/e2e/helpers/api-helpers.ts:51:41)
        at /home/tbaltzakis/cloudless.gr/e2e/api/public-api-comprehensive.spec.ts:35:40

    Error Context: test-results/api-public-api-comprehensi-8cde1-ould-return-blog-posts-list-mobile-chrome/error-context.md

    Retry #1 ───────────────────────────────────────────────────────────────────────────────────────

    Error: apiRequestContext.get: connect ECONNREFUSED ::1:4000
    Call log:
      - → GET http://localhost:4000/api/blog/posts
        - user-agent: Mozilla/5.0 (Linux; Android 14; Pixel 7) AppleWebKit/537.36 (KHTML, like Gecko) Chrome/151.0.7922.34 Mobile Safari/537.36
        - accept: */*
        - accept-encoding: gzip,deflate,br

        at apiRequestContext.get: connect ECONNREFUSED ::1:4000
        at APITestHelper.get (/home/tbaltzakis/cloudless.gr/e2e/helpers/api-helpers.ts:51:41)
        at /home/tbaltzakis/cloudless.gr/e2e/api/public-api-comprehensive.spec.ts:35:40

    Error Context: test-results/api-public-api-comprehensi-8cde1-ould-return-blog-posts-list-mobile-chrome-retry1/error-context.md

    attachment #2: trace (application/zip) ─────────────────────────────────────────────────────────
    test-results/api-public-api-comprehensi-8cde1-ould-return-blog-posts-list-mobile-chrome-retry1/trace.zip
    Usage:

        npx playwright show-trace test-results/api-public-api-comprehensi-8cde1-ould-return-blog-posts-list-mobile-chrome-retry1/trace.zip

    ────────────────────────────────────────────────────────────────────────────────────────────────

  1024) [mobile-chrome] › e2e/api/public-api-comprehensive.spec.ts:46:9 › Public API - Comprehensive Testing › Blog Endpoints › should return single blog post 

    Error: apiRequestContext.get: connect ECONNREFUSED ::1:4000
    Call log:
      - → GET http://localhost:4000/api/blog/posts
        - user-agent: Mozilla/5.0 (Linux; Android 14; Pixel 7) AppleWebKit/537.36 (KHTML, like Gecko) Chrome/151.0.7922.34 Mobile Safari/537.36
        - accept: */*
        - accept-encoding: gzip,deflate,br

        at apiRequestContext.get: connect ECONNREFUSED ::1:4000
        at APITestHelper.get (/home/tbaltzakis/cloudless.gr/e2e/helpers/api-helpers.ts:51:41)
        at /home/tbaltzakis/cloudless.gr/e2e/api/public-api-comprehensive.spec.ts:48:44

    Error Context: test-results/api-public-api-comprehensi-891dd-uld-return-single-blog-post-mobile-chrome/error-context.md

    Retry #1 ───────────────────────────────────────────────────────────────────────────────────────

    Error: apiRequestContext.get: connect ECONNREFUSED ::1:4000
    Call log:
      - → GET http://localhost:4000/api/blog/posts
        - user-agent: Mozilla/5.0 (Linux; Android 14; Pixel 7) AppleWebKit/537.36 (KHTML, like Gecko) Chrome/151.0.7922.34 Mobile Safari/537.36
        - accept: */*
        - accept-encoding: gzip,deflate,br

        at apiRequestContext.get: connect ECONNREFUSED ::1:4000
        at APITestHelper.get (/home/tbaltzakis/cloudless.gr/e2e/helpers/api-helpers.ts:51:41)
        at /home/tbaltzakis/cloudless.gr/e2e/api/public-api-comprehensive.spec.ts:48:44

    Error Context: test-results/api-public-api-comprehensi-891dd-uld-return-single-blog-post-mobile-chrome-retry1/error-context.md

    attachment #2: trace (application/zip) ─────────────────────────────────────────────────────────
    test-results/api-public-api-comprehensi-891dd-uld-return-single-blog-post-mobile-chrome-retry1/trace.zip
    Usage:

        npx playwright show-trace test-results/api-public-api-comprehensi-891dd-uld-return-single-blog-post-mobile-chrome-retry1/trace.zip

    ────────────────────────────────────────────────────────────────────────────────────────────────

  1025) [mobile-chrome] › e2e/api/public-api-comprehensive.spec.ts:74:9 › Public API - Comprehensive Testing › Blog Endpoints › should return blog categories 

    Error: apiRequestContext.get: connect ECONNREFUSED ::1:4000
    Call log:
      - → GET http://localhost:4000/api/blog/categories
        - user-agent: Mozilla/5.0 (Linux; Android 14; Pixel 7) AppleWebKit/537.36 (KHTML, like Gecko) Chrome/151.0.7922.34 Mobile Safari/537.36
        - accept: */*
        - accept-encoding: gzip,deflate,br

        at apiRequestContext.get: connect ECONNREFUSED ::1:4000
        at APITestHelper.get (/home/tbaltzakis/cloudless.gr/e2e/helpers/api-helpers.ts:51:41)
        at /home/tbaltzakis/cloudless.gr/e2e/api/public-api-comprehensive.spec.ts:75:40

    Error Context: test-results/api-public-api-comprehensi-0d46c-ould-return-blog-categories-mobile-chrome/error-context.md

    Retry #1 ───────────────────────────────────────────────────────────────────────────────────────

    Error: apiRequestContext.get: connect ECONNREFUSED ::1:4000
    Call log:
      - → GET http://localhost:4000/api/blog/categories
        - user-agent: Mozilla/5.0 (Linux; Android 14; Pixel 7) AppleWebKit/537.36 (KHTML, like Gecko) Chrome/151.0.7922.34 Mobile Safari/537.36
        - accept: */*
        - accept-encoding: gzip,deflate,br

        at apiRequestContext.get: connect ECONNREFUSED ::1:4000
        at APITestHelper.get (/home/tbaltzakis/cloudless.gr/e2e/helpers/api-helpers.ts:51:41)
        at /home/tbaltzakis/cloudless.gr/e2e/api/public-api-comprehensive.spec.ts:75:40

    Error Context: test-results/api-public-api-comprehensi-0d46c-ould-return-blog-categories-mobile-chrome-retry1/error-context.md

    attachment #2: trace (application/zip) ─────────────────────────────────────────────────────────
    test-results/api-public-api-comprehensi-0d46c-ould-return-blog-categories-mobile-chrome-retry1/trace.zip
    Usage:

        npx playwright show-trace test-results/api-public-api-comprehensi-0d46c-ould-return-blog-categories-mobile-chrome-retry1/trace.zip

    ────────────────────────────────────────────────────────────────────────────────────────────────

  1026) [mobile-chrome] › e2e/api/public-api-comprehensive.spec.ts:85:9 › Public API - Comprehensive Testing › Blog Endpoints › should return blog tags 

    Error: apiRequestContext.get: connect ECONNREFUSED ::1:4000
    Call log:
      - → GET http://localhost:4000/api/blog/tags
        - user-agent: Mozilla/5.0 (Linux; Android 14; Pixel 7) AppleWebKit/537.36 (KHTML, like Gecko) Chrome/151.0.7922.34 Mobile Safari/537.36
        - accept: */*
        - accept-encoding: gzip,deflate,br

        at apiRequestContext.get: connect ECONNREFUSED ::1:4000
        at APITestHelper.get (/home/tbaltzakis/cloudless.gr/e2e/helpers/api-helpers.ts:51:41)
        at /home/tbaltzakis/cloudless.gr/e2e/api/public-api-comprehensive.spec.ts:86:40

    Error Context: test-results/api-public-api-comprehensi-c995c-nts-should-return-blog-tags-mobile-chrome/error-context.md

    Retry #1 ───────────────────────────────────────────────────────────────────────────────────────

    Error: apiRequestContext.get: connect ECONNREFUSED ::1:4000
    Call log:
      - → GET http://localhost:4000/api/blog/tags
        - user-agent: Mozilla/5.0 (Linux; Android 14; Pixel 7) AppleWebKit/537.36 (KHTML, like Gecko) Chrome/151.0.7922.34 Mobile Safari/537.36
        - accept: */*
        - accept-encoding: gzip,deflate,br

        at apiRequestContext.get: connect ECONNREFUSED ::1:4000
        at APITestHelper.get (/home/tbaltzakis/cloudless.gr/e2e/helpers/api-helpers.ts:51:41)
        at /home/tbaltzakis/cloudless.gr/e2e/api/public-api-comprehensive.spec.ts:86:40

    Error Context: test-results/api-public-api-comprehensi-c995c-nts-should-return-blog-tags-mobile-chrome-retry1/error-context.md

    attachment #2: trace (application/zip) ─────────────────────────────────────────────────────────
    test-results/api-public-api-comprehensi-c995c-nts-should-return-blog-tags-mobile-chrome-retry1/trace.zip
    Usage:

        npx playwright show-trace test-results/api-public-api-comprehensi-c995c-nts-should-return-blog-tags-mobile-chrome-retry1/trace.zip

    ────────────────────────────────────────────────────────────────────────────────────────────────

  1027) [mobile-chrome] › e2e/api/public-api-comprehensive.spec.ts:99:9 › Public API - Comprehensive Testing › Calendar Endpoints › should return calendar availability 

    Error: apiRequestContext.get: connect ECONNREFUSED ::1:4000
    Call log:
      - → GET http://localhost:4000/api/calendar/availability
        - user-agent: Mozilla/5.0 (Linux; Android 14; Pixel 7) AppleWebKit/537.36 (KHTML, like Gecko) Chrome/151.0.7922.34 Mobile Safari/537.36
        - accept: */*
        - accept-encoding: gzip,deflate,br

        at apiRequestContext.get: connect ECONNREFUSED ::1:4000
        at APITestHelper.get (/home/tbaltzakis/cloudless.gr/e2e/helpers/api-helpers.ts:51:41)
        at /home/tbaltzakis/cloudless.gr/e2e/api/public-api-comprehensive.spec.ts:100:40

    Error Context: test-results/api-public-api-comprehensi-03127-eturn-calendar-availability-mobile-chrome/error-context.md

    Retry #1 ───────────────────────────────────────────────────────────────────────────────────────

    Error: apiRequestContext.get: connect ECONNREFUSED ::1:4000
    Call log:
      - → GET http://localhost:4000/api/calendar/availability
        - user-agent: Mozilla/5.0 (Linux; Android 14; Pixel 7) AppleWebKit/537.36 (KHTML, like Gecko) Chrome/151.0.7922.34 Mobile Safari/537.36
        - accept: */*
        - accept-encoding: gzip,deflate,br

        at apiRequestContext.get: connect ECONNREFUSED ::1:4000
        at APITestHelper.get (/home/tbaltzakis/cloudless.gr/e2e/helpers/api-helpers.ts:51:41)
        at /home/tbaltzakis/cloudless.gr/e2e/api/public-api-comprehensive.spec.ts:100:40

    Error Context: test-results/api-public-api-comprehensi-03127-eturn-calendar-availability-mobile-chrome-retry1/error-context.md

    attachment #2: trace (application/zip) ─────────────────────────────────────────────────────────
    test-results/api-public-api-comprehensi-03127-eturn-calendar-availability-mobile-chrome-retry1/trace.zip
    Usage:

        npx playwright show-trace test-results/api-public-api-comprehensi-03127-eturn-calendar-availability-mobile-chrome-retry1/trace.zip

    ────────────────────────────────────────────────────────────────────────────────────────────────

  1028) [mobile-chrome] › e2e/api/public-api-comprehensive.spec.ts:110:9 › Public API - Comprehensive Testing › Calendar Endpoints › should return calendar events 

    Error: apiRequestContext.get: connect ECONNREFUSED ::1:4000
    Call log:
      - → GET http://localhost:4000/api/calendar/events
        - user-agent: Mozilla/5.0 (Linux; Android 14; Pixel 7) AppleWebKit/537.36 (KHTML, like Gecko) Chrome/151.0.7922.34 Mobile Safari/537.36
        - accept: */*
        - accept-encoding: gzip,deflate,br

        at apiRequestContext.get: connect ECONNREFUSED ::1:4000
        at APITestHelper.get (/home/tbaltzakis/cloudless.gr/e2e/helpers/api-helpers.ts:51:41)
        at /home/tbaltzakis/cloudless.gr/e2e/api/public-api-comprehensive.spec.ts:111:40

    Error Context: test-results/api-public-api-comprehensi-e17f4-ould-return-calendar-events-mobile-chrome/error-context.md

    Retry #1 ───────────────────────────────────────────────────────────────────────────────────────

    Error: apiRequestContext.get: connect ECONNREFUSED ::1:4000
    Call log:
      - → GET http://localhost:4000/api/calendar/events
        - user-agent: Mozilla/5.0 (Linux; Android 14; Pixel 7) AppleWebKit/537.36 (KHTML, like Gecko) Chrome/151.0.7922.34 Mobile Safari/537.36
        - accept: */*
        - accept-encoding: gzip,deflate,br

        at apiRequestContext.get: connect ECONNREFUSED ::1:4000
        at APITestHelper.get (/home/tbaltzakis/cloudless.gr/e2e/helpers/api-helpers.ts:51:41)
        at /home/tbaltzakis/cloudless.gr/e2e/api/public-api-comprehensive.spec.ts:111:40

    Error Context: test-results/api-public-api-comprehensi-e17f4-ould-return-calendar-events-mobile-chrome-retry1/error-context.md

    attachment #2: trace (application/zip) ─────────────────────────────────────────────────────────
    test-results/api-public-api-comprehensi-e17f4-ould-return-calendar-events-mobile-chrome-retry1/trace.zip
    Usage:

        npx playwright show-trace test-results/api-public-api-comprehensi-e17f4-ould-return-calendar-events-mobile-chrome-retry1/trace.zip

    ────────────────────────────────────────────────────────────────────────────────────────────────

  1029) [mobile-chrome] › e2e/api/public-api-comprehensive.spec.ts:124:9 › Public API - Comprehensive Testing › Case Studies Endpoints › should return case studies list 

    Error: apiRequestContext.get: connect ECONNREFUSED ::1:4000
    Call log:
      - → GET http://localhost:4000/api/case-studies
        - user-agent: Mozilla/5.0 (Linux; Android 14; Pixel 7) AppleWebKit/537.36 (KHTML, like Gecko) Chrome/151.0.7922.34 Mobile Safari/537.36
        - accept: */*
        - accept-encoding: gzip,deflate,br

        at apiRequestContext.get: connect ECONNREFUSED ::1:4000
        at APITestHelper.get (/home/tbaltzakis/cloudless.gr/e2e/helpers/api-helpers.ts:51:41)
        at /home/tbaltzakis/cloudless.gr/e2e/api/public-api-comprehensive.spec.ts:125:40

    Error Context: test-results/api-public-api-comprehensi-ab55b-ld-return-case-studies-list-mobile-chrome/error-context.md

    Retry #1 ───────────────────────────────────────────────────────────────────────────────────────

    Error: apiRequestContext.get: connect ECONNREFUSED ::1:4000
    Call log:
      - → GET http://localhost:4000/api/case-studies
        - user-agent: Mozilla/5.0 (Linux; Android 14; Pixel 7) AppleWebKit/537.36 (KHTML, like Gecko) Chrome/151.0.7922.34 Mobile Safari/537.36
        - accept: */*
        - accept-encoding: gzip,deflate,br

        at apiRequestContext.get: connect ECONNREFUSED ::1:4000
        at APITestHelper.get (/home/tbaltzakis/cloudless.gr/e2e/helpers/api-helpers.ts:51:41)
        at /home/tbaltzakis/cloudless.gr/e2e/api/public-api-comprehensive.spec.ts:125:40

    Error Context: test-results/api-public-api-comprehensi-ab55b-ld-return-case-studies-list-mobile-chrome-retry1/error-context.md

    attachment #2: trace (application/zip) ─────────────────────────────────────────────────────────
    test-results/api-public-api-comprehensi-ab55b-ld-return-case-studies-list-mobile-chrome-retry1/trace.zip
    Usage:

        npx playwright show-trace test-results/api-public-api-comprehensi-ab55b-ld-return-case-studies-list-mobile-chrome-retry1/trace.zip

    ────────────────────────────────────────────────────────────────────────────────────────────────

  1030) [mobile-chrome] › e2e/api/public-api-comprehensive.spec.ts:135:9 › Public API - Comprehensive Testing › Case Studies Endpoints › should return single case study 

    Error: apiRequestContext.get: connect ECONNREFUSED ::1:4000
    Call log:
      - → GET http://localhost:4000/api/case-studies
        - user-agent: Mozilla/5.0 (Linux; Android 14; Pixel 7) AppleWebKit/537.36 (KHTML, like Gecko) Chrome/151.0.7922.34 Mobile Safari/537.36
        - accept: */*
        - accept-encoding: gzip,deflate,br

        at apiRequestContext.get: connect ECONNREFUSED ::1:4000
        at APITestHelper.get (/home/tbaltzakis/cloudless.gr/e2e/helpers/api-helpers.ts:51:41)
        at /home/tbaltzakis/cloudless.gr/e2e/api/public-api-comprehensive.spec.ts:137:44

    Error Context: test-results/api-public-api-comprehensi-6c4b8-ld-return-single-case-study-mobile-chrome/error-context.md

    Retry #1 ───────────────────────────────────────────────────────────────────────────────────────

    Error: apiRequestContext.get: connect ECONNREFUSED ::1:4000
    Call log:
      - → GET http://localhost:4000/api/case-studies
        - user-agent: Mozilla/5.0 (Linux; Android 14; Pixel 7) AppleWebKit/537.36 (KHTML, like Gecko) Chrome/151.0.7922.34 Mobile Safari/537.36
        - accept: */*
        - accept-encoding: gzip,deflate,br

        at apiRequestContext.get: connect ECONNREFUSED ::1:4000
        at APITestHelper.get (/home/tbaltzakis/cloudless.gr/e2e/helpers/api-helpers.ts:51:41)
        at /home/tbaltzakis/cloudless.gr/e2e/api/public-api-comprehensive.spec.ts:137:44

    Error Context: test-results/api-public-api-comprehensi-6c4b8-ld-return-single-case-study-mobile-chrome-retry1/error-context.md

    attachment #2: trace (application/zip) ─────────────────────────────────────────────────────────
    test-results/api-public-api-comprehensi-6c4b8-ld-return-single-case-study-mobile-chrome-retry1/trace.zip
    Usage:

        npx playwright show-trace test-results/api-public-api-comprehensi-6c4b8-ld-return-single-case-study-mobile-chrome-retry1/trace.zip

    ────────────────────────────────────────────────────────────────────────────────────────────────

  1031) [mobile-chrome] › e2e/api/public-api-comprehensive.spec.ts:166:9 › Public API - Comprehensive Testing › Contact Endpoints › should accept contact form submission 

    Error: apiRequestContext.post: connect ECONNREFUSED ::1:4000
    Call log:
      - → POST http://localhost:4000/api/contact
        - user-agent: Mozilla/5.0 (Linux; Android 14; Pixel 7) AppleWebKit/537.36 (KHTML, like Gecko) Chrome/151.0.7922.34 Mobile Safari/537.36
        - accept: */*
        - accept-encoding: gzip,deflate,br
        - Content-Type: application/json
        - content-length: 147

        at apiRequestContext.post: connect ECONNREFUSED ::1:4000
        at APITestHelper.post (/home/tbaltzakis/cloudless.gr/e2e/helpers/api-helpers.ts:114:41)
        at /home/tbaltzakis/cloudless.gr/e2e/api/public-api-comprehensive.spec.ts:173:40

    Error Context: test-results/api-public-api-comprehensi-c2d33-ept-contact-form-submission-mobile-chrome/error-context.md

    Retry #1 ───────────────────────────────────────────────────────────────────────────────────────

    Error: apiRequestContext.post: connect ECONNREFUSED ::1:4000
    Call log:
      - → POST http://localhost:4000/api/contact
        - user-agent: Mozilla/5.0 (Linux; Android 14; Pixel 7) AppleWebKit/537.36 (KHTML, like Gecko) Chrome/151.0.7922.34 Mobile Safari/537.36
        - accept: */*
        - accept-encoding: gzip,deflate,br
        - Content-Type: application/json
        - content-length: 147

        at apiRequestContext.post: connect ECONNREFUSED ::1:4000
        at APITestHelper.post (/home/tbaltzakis/cloudless.gr/e2e/helpers/api-helpers.ts:114:41)
        at /home/tbaltzakis/cloudless.gr/e2e/api/public-api-comprehensive.spec.ts:173:40

    Error Context: test-results/api-public-api-comprehensi-c2d33-ept-contact-form-submission-mobile-chrome-retry1/error-context.md

    attachment #2: trace (application/zip) ─────────────────────────────────────────────────────────
    test-results/api-public-api-comprehensi-c2d33-ept-contact-form-submission-mobile-chrome-retry1/trace.zip
    Usage:

        npx playwright show-trace test-results/api-public-api-comprehensi-c2d33-ept-contact-form-submission-mobile-chrome-retry1/trace.zip

    ────────────────────────────────────────────────────────────────────────────────────────────────

  1032) [mobile-chrome] › e2e/api/public-api-comprehensive.spec.ts:186:9 › Public API - Comprehensive Testing › Contact Endpoints › should validate contact form data 

    Error: apiRequestContext.post: connect ECONNREFUSED ::1:4000
    Call log:
      - → POST http://localhost:4000/api/contact
        - user-agent: Mozilla/5.0 (Linux; Android 14; Pixel 7) AppleWebKit/537.36 (KHTML, like Gecko) Chrome/151.0.7922.34 Mobile Safari/537.36
        - accept: */*
        - accept-encoding: gzip,deflate,br
        - Content-Type: application/json
        - content-length: 48

        at apiRequestContext.post: connect ECONNREFUSED ::1:4000
        at APITestHelper.post (/home/tbaltzakis/cloudless.gr/e2e/helpers/api-helpers.ts:114:41)
        at /home/tbaltzakis/cloudless.gr/e2e/api/public-api-comprehensive.spec.ts:194:40

    Error Context: test-results/api-public-api-comprehensi-c365f--validate-contact-form-data-mobile-chrome/error-context.md

    Retry #1 ───────────────────────────────────────────────────────────────────────────────────────

    Error: apiRequestContext.post: connect ECONNREFUSED ::1:4000
    Call log:
      - → POST http://localhost:4000/api/contact
        - user-agent: Mozilla/5.0 (Linux; Android 14; Pixel 7) AppleWebKit/537.36 (KHTML, like Gecko) Chrome/151.0.7922.34 Mobile Safari/537.36
        - accept: */*
        - accept-encoding: gzip,deflate,br
        - Content-Type: application/json
        - content-length: 48

        at apiRequestContext.post: connect ECONNREFUSED ::1:4000
        at APITestHelper.post (/home/tbaltzakis/cloudless.gr/e2e/helpers/api-helpers.ts:114:41)
        at /home/tbaltzakis/cloudless.gr/e2e/api/public-api-comprehensive.spec.ts:194:40

    Error Context: test-results/api-public-api-comprehensi-c365f--validate-contact-form-data-mobile-chrome-retry1/error-context.md

    attachment #2: trace (application/zip) ─────────────────────────────────────────────────────────
    test-results/api-public-api-comprehensi-c365f--validate-contact-form-data-mobile-chrome-retry1/trace.zip
    Usage:

        npx playwright show-trace test-results/api-public-api-comprehensi-c365f--validate-contact-form-data-mobile-chrome-retry1/trace.zip

    ────────────────────────────────────────────────────────────────────────────────────────────────

  1033) [mobile-chrome] › e2e/api/public-api-comprehensive.spec.ts:210:9 › Public API - Comprehensive Testing › Documentation Endpoints › should return documentation list 

    Error: apiRequestContext.get: connect ECONNREFUSED ::1:4000
    Call log:
      - → GET http://localhost:4000/api/docs
        - user-agent: Mozilla/5.0 (Linux; Android 14; Pixel 7) AppleWebKit/537.36 (KHTML, like Gecko) Chrome/151.0.7922.34 Mobile Safari/537.36
        - accept: */*
        - accept-encoding: gzip,deflate,br

        at apiRequestContext.get: connect ECONNREFUSED ::1:4000
        at APITestHelper.get (/home/tbaltzakis/cloudless.gr/e2e/helpers/api-helpers.ts:51:41)
        at /home/tbaltzakis/cloudless.gr/e2e/api/public-api-comprehensive.spec.ts:211:40

    Error Context: test-results/api-public-api-comprehensi-eb7fb-d-return-documentation-list-mobile-chrome/error-context.md

    Retry #1 ───────────────────────────────────────────────────────────────────────────────────────

    Error: apiRequestContext.get: connect ECONNREFUSED ::1:4000
    Call log:
      - → GET http://localhost:4000/api/docs
        - user-agent: Mozilla/5.0 (Linux; Android 14; Pixel 7) AppleWebKit/537.36 (KHTML, like Gecko) Chrome/151.0.7922.34 Mobile Safari/537.36
        - accept: */*
        - accept-encoding: gzip,deflate,br

        at apiRequestContext.get: connect ECONNREFUSED ::1:4000
        at APITestHelper.get (/home/tbaltzakis/cloudless.gr/e2e/helpers/api-helpers.ts:51:41)
        at /home/tbaltzakis/cloudless.gr/e2e/api/public-api-comprehensive.spec.ts:211:40

    Error Context: test-results/api-public-api-comprehensi-eb7fb-d-return-documentation-list-mobile-chrome-retry1/error-context.md

    attachment #2: trace (application/zip) ─────────────────────────────────────────────────────────
    test-results/api-public-api-comprehensi-eb7fb-d-return-documentation-list-mobile-chrome-retry1/trace.zip
    Usage:

        npx playwright show-trace test-results/api-public-api-comprehensi-eb7fb-d-return-documentation-list-mobile-chrome-retry1/trace.zip

    ────────────────────────────────────────────────────────────────────────────────────────────────

  1034) [mobile-chrome] › e2e/api/public-api-comprehensive.spec.ts:221:9 › Public API - Comprehensive Testing › Documentation Endpoints › should return single documentation page 

    Error: apiRequestContext.get: connect ECONNREFUSED ::1:4000
    Call log:
      - → GET http://localhost:4000/api/docs
        - user-agent: Mozilla/5.0 (Linux; Android 14; Pixel 7) AppleWebKit/537.36 (KHTML, like Gecko) Chrome/151.0.7922.34 Mobile Safari/537.36
        - accept: */*
        - accept-encoding: gzip,deflate,br

        at apiRequestContext.get: connect ECONNREFUSED ::1:4000
        at APITestHelper.get (/home/tbaltzakis/cloudless.gr/e2e/helpers/api-helpers.ts:51:41)
        at /home/tbaltzakis/cloudless.gr/e2e/api/public-api-comprehensive.spec.ts:223:44

    Error Context: test-results/api-public-api-comprehensi-25221-n-single-documentation-page-mobile-chrome/error-context.md

    Retry #1 ───────────────────────────────────────────────────────────────────────────────────────

    Error: apiRequestContext.get: connect ECONNREFUSED ::1:4000
    Call log:
      - → GET http://localhost:4000/api/docs
        - user-agent: Mozilla/5.0 (Linux; Android 14; Pixel 7) AppleWebKit/537.36 (KHTML, like Gecko) Chrome/151.0.7922.34 Mobile Safari/537.36
        - accept: */*
        - accept-encoding: gzip,deflate,br

        at apiRequestContext.get: connect ECONNREFUSED ::1:4000
        at APITestHelper.get (/home/tbaltzakis/cloudless.gr/e2e/helpers/api-helpers.ts:51:41)
        at /home/tbaltzakis/cloudless.gr/e2e/api/public-api-comprehensive.spec.ts:223:44

    Error Context: test-results/api-public-api-comprehensi-25221-n-single-documentation-page-mobile-chrome-retry1/error-context.md

    attachment #2: trace (application/zip) ─────────────────────────────────────────────────────────
    test-results/api-public-api-comprehensi-25221-n-single-documentation-page-mobile-chrome-retry1/trace.zip
    Usage:

        npx playwright show-trace test-results/api-public-api-comprehensi-25221-n-single-documentation-page-mobile-chrome-retry1/trace.zip

    ────────────────────────────────────────────────────────────────────────────────────────────────

  1035) [mobile-chrome] › e2e/api/public-api-comprehensive.spec.ts:252:9 › Public API - Comprehensive Testing › FAQs Endpoints › should return FAQs list 

    Error: apiRequestContext.get: connect ECONNREFUSED ::1:4000
    Call log:
      - → GET http://localhost:4000/api/faqs
        - user-agent: Mozilla/5.0 (Linux; Android 14; Pixel 7) AppleWebKit/537.36 (KHTML, like Gecko) Chrome/151.0.7922.34 Mobile Safari/537.36
        - accept: */*
        - accept-encoding: gzip,deflate,br

        at apiRequestContext.get: connect ECONNREFUSED ::1:4000
        at APITestHelper.get (/home/tbaltzakis/cloudless.gr/e2e/helpers/api-helpers.ts:51:41)
        at /home/tbaltzakis/cloudless.gr/e2e/api/public-api-comprehensive.spec.ts:253:40

    Error Context: test-results/api-public-api-comprehensi-ba29b-nts-should-return-FAQs-list-mobile-chrome/error-context.md

    Retry #1 ───────────────────────────────────────────────────────────────────────────────────────

    Error: apiRequestContext.get: connect ECONNREFUSED ::1:4000
    Call log:
      - → GET http://localhost:4000/api/faqs
        - user-agent: Mozilla/5.0 (Linux; Android 14; Pixel 7) AppleWebKit/537.36 (KHTML, like Gecko) Chrome/151.0.7922.34 Mobile Safari/537.36
        - accept: */*
        - accept-encoding: gzip,deflate,br

        at apiRequestContext.get: connect ECONNREFUSED ::1:4000
        at APITestHelper.get (/home/tbaltzakis/cloudless.gr/e2e/helpers/api-helpers.ts:51:41)
        at /home/tbaltzakis/cloudless.gr/e2e/api/public-api-comprehensive.spec.ts:253:40

    Error Context: test-results/api-public-api-comprehensi-ba29b-nts-should-return-FAQs-list-mobile-chrome-retry1/error-context.md

    attachment #2: trace (application/zip) ─────────────────────────────────────────────────────────
    test-results/api-public-api-comprehensi-ba29b-nts-should-return-FAQs-list-mobile-chrome-retry1/trace.zip
    Usage:

        npx playwright show-trace test-results/api-public-api-comprehensi-ba29b-nts-should-return-FAQs-list-mobile-chrome-retry1/trace.zip

    ────────────────────────────────────────────────────────────────────────────────────────────────

  1036) [mobile-chrome] › e2e/api/public-api-comprehensive.spec.ts:266:9 › Public API - Comprehensive Testing › FAQs Endpoints › should return single FAQ 

    Error: apiRequestContext.get: connect ECONNREFUSED ::1:4000
    Call log:
      - → GET http://localhost:4000/api/faqs
        - user-agent: Mozilla/5.0 (Linux; Android 14; Pixel 7) AppleWebKit/537.36 (KHTML, like Gecko) Chrome/151.0.7922.34 Mobile Safari/537.36
        - accept: */*
        - accept-encoding: gzip,deflate,br

        at apiRequestContext.get: connect ECONNREFUSED ::1:4000
        at APITestHelper.get (/home/tbaltzakis/cloudless.gr/e2e/helpers/api-helpers.ts:51:41)
        at /home/tbaltzakis/cloudless.gr/e2e/api/public-api-comprehensive.spec.ts:268:44

    Error Context: test-results/api-public-api-comprehensi-d108f-ts-should-return-single-FAQ-mobile-chrome/error-context.md

    Retry #1 ───────────────────────────────────────────────────────────────────────────────────────

    Error: apiRequestContext.get: connect ECONNREFUSED ::1:4000
    Call log:
      - → GET http://localhost:4000/api/faqs
        - user-agent: Mozilla/5.0 (Linux; Android 14; Pixel 7) AppleWebKit/537.36 (KHTML, like Gecko) Chrome/151.0.7922.34 Mobile Safari/537.36
        - accept: */*
        - accept-encoding: gzip,deflate,br

        at apiRequestContext.get: connect ECONNREFUSED ::1:4000
        at APITestHelper.get (/home/tbaltzakis/cloudless.gr/e2e/helpers/api-helpers.ts:51:41)
        at /home/tbaltzakis/cloudless.gr/e2e/api/public-api-comprehensive.spec.ts:268:44

    Error Context: test-results/api-public-api-comprehensi-d108f-ts-should-return-single-FAQ-mobile-chrome-retry1/error-context.md

    attachment #2: trace (application/zip) ─────────────────────────────────────────────────────────
    test-results/api-public-api-comprehensi-d108f-ts-should-return-single-FAQ-mobile-chrome-retry1/trace.zip
    Usage:

        npx playwright show-trace test-results/api-public-api-comprehensi-d108f-ts-should-return-single-FAQ-mobile-chrome-retry1/trace.zip

    ────────────────────────────────────────────────────────────────────────────────────────────────

  1037) [mobile-chrome] › e2e/api/public-api-comprehensive.spec.ts:306:9 › Public API - Comprehensive Testing › Health Endpoint (Detailed) › should return detailed health information 

    Error: apiRequestContext.get: connect ECONNREFUSED ::1:4000
    Call log:
      - → GET http://localhost:4000/api/health/detailed
        - user-agent: Mozilla/5.0 (Linux; Android 14; Pixel 7) AppleWebKit/537.36 (KHTML, like Gecko) Chrome/151.0.7922.34 Mobile Safari/537.36
        - accept: */*
        - accept-encoding: gzip,deflate,br

        at apiRequestContext.get: connect ECONNREFUSED ::1:4000
        at APITestHelper.get (/home/tbaltzakis/cloudless.gr/e2e/helpers/api-helpers.ts:51:41)
        at /home/tbaltzakis/cloudless.gr/e2e/api/public-api-comprehensive.spec.ts:307:40

    Error Context: test-results/api-public-api-comprehensi-777e9-detailed-health-information-mobile-chrome/error-context.md

    Retry #1 ───────────────────────────────────────────────────────────────────────────────────────

    Error: apiRequestContext.get: connect ECONNREFUSED ::1:4000
    Call log:
      - → GET http://localhost:4000/api/health/detailed
        - user-agent: Mozilla/5.0 (Linux; Android 14; Pixel 7) AppleWebKit/537.36 (KHTML, like Gecko) Chrome/151.0.7922.34 Mobile Safari/537.36
        - accept: */*
        - accept-encoding: gzip,deflate,br

        at apiRequestContext.get: connect ECONNREFUSED ::1:4000
        at APITestHelper.get (/home/tbaltzakis/cloudless.gr/e2e/helpers/api-helpers.ts:51:41)
        at /home/tbaltzakis/cloudless.gr/e2e/api/public-api-comprehensive.spec.ts:307:40

    Error Context: test-results/api-public-api-comprehensi-777e9-detailed-health-information-mobile-chrome-retry1/error-context.md

    attachment #2: trace (application/zip) ─────────────────────────────────────────────────────────
    test-results/api-public-api-comprehensi-777e9-detailed-health-information-mobile-chrome-retry1/trace.zip
    Usage:

        npx playwright show-trace test-results/api-public-api-comprehensi-777e9-detailed-health-information-mobile-chrome-retry1/trace.zip

    ────────────────────────────────────────────────────────────────────────────────────────────────

  1038) [mobile-chrome] › e2e/api/public-api-comprehensive.spec.ts:321:9 › Public API - Comprehensive Testing › PWA Manifest Endpoint › should return PWA manifest 

    Error: apiRequestContext.get: connect ECONNREFUSED ::1:4000
    Call log:
      - → GET http://localhost:4000/api/pwa-manifest
        - user-agent: Mozilla/5.0 (Linux; Android 14; Pixel 7) AppleWebKit/537.36 (KHTML, like Gecko) Chrome/151.0.7922.34 Mobile Safari/537.36
        - accept: */*
        - accept-encoding: gzip,deflate,br

        at apiRequestContext.get: connect ECONNREFUSED ::1:4000
        at APITestHelper.get (/home/tbaltzakis/cloudless.gr/e2e/helpers/api-helpers.ts:51:41)
        at /home/tbaltzakis/cloudless.gr/e2e/api/public-api-comprehensive.spec.ts:322:40

    Error Context: test-results/api-public-api-comprehensi-eb0aa--should-return-PWA-manifest-mobile-chrome/error-context.md

    Retry #1 ───────────────────────────────────────────────────────────────────────────────────────

    Error: apiRequestContext.get: connect ECONNREFUSED ::1:4000
    Call log:
      - → GET http://localhost:4000/api/pwa-manifest
        - user-agent: Mozilla/5.0 (Linux; Android 14; Pixel 7) AppleWebKit/537.36 (KHTML, like Gecko) Chrome/151.0.7922.34 Mobile Safari/537.36
        - accept: */*
        - accept-encoding: gzip,deflate,br

        at apiRequestContext.get: connect ECONNREFUSED ::1:4000
        at APITestHelper.get (/home/tbaltzakis/cloudless.gr/e2e/helpers/api-helpers.ts:51:41)
        at /home/tbaltzakis/cloudless.gr/e2e/api/public-api-comprehensive.spec.ts:322:40

    Error Context: test-results/api-public-api-comprehensi-eb0aa--should-return-PWA-manifest-mobile-chrome-retry1/error-context.md

    attachment #2: trace (application/zip) ─────────────────────────────────────────────────────────
    test-results/api-public-api-comprehensi-eb0aa--should-return-PWA-manifest-mobile-chrome-retry1/trace.zip
    Usage:

        npx playwright show-trace test-results/api-public-api-comprehensi-eb0aa--should-return-PWA-manifest-mobile-chrome-retry1/trace.zip

    ────────────────────────────────────────────────────────────────────────────────────────────────

  1039) [mobile-chrome] › e2e/api/public-api-comprehensive.spec.ts:338:9 › Public API - Comprehensive Testing › Services Endpoints › should return services list 

    Error: apiRequestContext.get: connect ECONNREFUSED ::1:4000
    Call log:
      - → GET http://localhost:4000/api/services
        - user-agent: Mozilla/5.0 (Linux; Android 14; Pixel 7) AppleWebKit/537.36 (KHTML, like Gecko) Chrome/151.0.7922.34 Mobile Safari/537.36
        - accept: */*
        - accept-encoding: gzip,deflate,br

        at apiRequestContext.get: connect ECONNREFUSED ::1:4000
        at APITestHelper.get (/home/tbaltzakis/cloudless.gr/e2e/helpers/api-helpers.ts:51:41)
        at /home/tbaltzakis/cloudless.gr/e2e/api/public-api-comprehensive.spec.ts:339:40

    Error Context: test-results/api-public-api-comprehensi-5d1db-should-return-services-list-mobile-chrome/error-context.md

    Retry #1 ───────────────────────────────────────────────────────────────────────────────────────

    Error: apiRequestContext.get: connect ECONNREFUSED ::1:4000
    Call log:
      - → GET http://localhost:4000/api/services
        - user-agent: Mozilla/5.0 (Linux; Android 14; Pixel 7) AppleWebKit/537.36 (KHTML, like Gecko) Chrome/151.0.7922.34 Mobile Safari/537.36
        - accept: */*
        - accept-encoding: gzip,deflate,br

        at apiRequestContext.get: connect ECONNREFUSED ::1:4000
        at APITestHelper.get (/home/tbaltzakis/cloudless.gr/e2e/helpers/api-helpers.ts:51:41)
        at /home/tbaltzakis/cloudless.gr/e2e/api/public-api-comprehensive.spec.ts:339:40

    Error Context: test-results/api-public-api-comprehensi-5d1db-should-return-services-list-mobile-chrome-retry1/error-context.md

    attachment #2: trace (application/zip) ─────────────────────────────────────────────────────────
    test-results/api-public-api-comprehensi-5d1db-should-return-services-list-mobile-chrome-retry1/trace.zip
    Usage:

        npx playwright show-trace test-results/api-public-api-comprehensi-5d1db-should-return-services-list-mobile-chrome-retry1/trace.zip

    ────────────────────────────────────────────────────────────────────────────────────────────────

  1040) [mobile-chrome] › e2e/api/public-api-comprehensive.spec.ts:349:9 › Public API - Comprehensive Testing › Services Endpoints › should return single service 

    Error: apiRequestContext.get: connect ECONNREFUSED ::1:4000
    Call log:
      - → GET http://localhost:4000/api/services
        - user-agent: Mozilla/5.0 (Linux; Android 14; Pixel 7) AppleWebKit/537.36 (KHTML, like Gecko) Chrome/151.0.7922.34 Mobile Safari/537.36
        - accept: */*
        - accept-encoding: gzip,deflate,br

        at apiRequestContext.get: connect ECONNREFUSED ::1:4000
        at APITestHelper.get (/home/tbaltzakis/cloudless.gr/e2e/helpers/api-helpers.ts:51:41)
        at /home/tbaltzakis/cloudless.gr/e2e/api/public-api-comprehensive.spec.ts:351:44

    Error Context: test-results/api-public-api-comprehensi-58407-hould-return-single-service-mobile-chrome/error-context.md

    Retry #1 ───────────────────────────────────────────────────────────────────────────────────────

    Error: apiRequestContext.get: connect ECONNREFUSED ::1:4000
    Call log:
      - → GET http://localhost:4000/api/services
        - user-agent: Mozilla/5.0 (Linux; Android 14; Pixel 7) AppleWebKit/537.36 (KHTML, like Gecko) Chrome/151.0.7922.34 Mobile Safari/537.36
        - accept: */*
        - accept-encoding: gzip,deflate,br

        at apiRequestContext.get: connect ECONNREFUSED ::1:4000
        at APITestHelper.get (/home/tbaltzakis/cloudless.gr/e2e/helpers/api-helpers.ts:51:41)
        at /home/tbaltzakis/cloudless.gr/e2e/api/public-api-comprehensive.spec.ts:351:44

    Error Context: test-results/api-public-api-comprehensi-58407-hould-return-single-service-mobile-chrome-retry1/error-context.md

    attachment #2: trace (application/zip) ─────────────────────────────────────────────────────────
    test-results/api-public-api-comprehensi-58407-hould-return-single-service-mobile-chrome-retry1/trace.zip
    Usage:

        npx playwright show-trace test-results/api-public-api-comprehensi-58407-hould-return-single-service-mobile-chrome-retry1/trace.zip

    ────────────────────────────────────────────────────────────────────────────────────────────────

  1041) [mobile-chrome] › e2e/api/public-api-comprehensive.spec.ts:377:9 › Public API - Comprehensive Testing › Services Endpoints › should return service categories 

    Error: apiRequestContext.get: connect ECONNREFUSED ::1:4000
    Call log:
      - → GET http://localhost:4000/api/services/categories
        - user-agent: Mozilla/5.0 (Linux; Android 14; Pixel 7) AppleWebKit/537.36 (KHTML, like Gecko) Chrome/151.0.7922.34 Mobile Safari/537.36
        - accept: */*
        - accept-encoding: gzip,deflate,br

        at apiRequestContext.get: connect ECONNREFUSED ::1:4000
        at APITestHelper.get (/home/tbaltzakis/cloudless.gr/e2e/helpers/api-helpers.ts:51:41)
        at /home/tbaltzakis/cloudless.gr/e2e/api/public-api-comprehensive.spec.ts:378:40

    Error Context: test-results/api-public-api-comprehensi-4f1b2-d-return-service-categories-mobile-chrome/error-context.md

    Retry #1 ───────────────────────────────────────────────────────────────────────────────────────

    Error: apiRequestContext.get: connect ECONNREFUSED ::1:4000
    Call log:
      - → GET http://localhost:4000/api/services/categories
        - user-agent: Mozilla/5.0 (Linux; Android 14; Pixel 7) AppleWebKit/537.36 (KHTML, like Gecko) Chrome/151.0.7922.34 Mobile Safari/537.36
        - accept: */*
        - accept-encoding: gzip,deflate,br

        at apiRequestContext.get: connect ECONNREFUSED ::1:4000
        at APITestHelper.get (/home/tbaltzakis/cloudless.gr/e2e/helpers/api-helpers.ts:51:41)
        at /home/tbaltzakis/cloudless.gr/e2e/api/public-api-comprehensive.spec.ts:378:40

    Error Context: test-results/api-public-api-comprehensi-4f1b2-d-return-service-categories-mobile-chrome-retry1/error-context.md

    attachment #2: trace (application/zip) ─────────────────────────────────────────────────────────
    test-results/api-public-api-comprehensi-4f1b2-d-return-service-categories-mobile-chrome-retry1/trace.zip
    Usage:

        npx playwright show-trace test-results/api-public-api-comprehensi-4f1b2-d-return-service-categories-mobile-chrome-retry1/trace.zip

    ────────────────────────────────────────────────────────────────────────────────────────────────

  1042) [mobile-chrome] › e2e/api/public-api-comprehensive.spec.ts:391:9 › Public API - Comprehensive Testing › Testimonials Endpoints › should return testimonials list 

    Error: apiRequestContext.get: connect ECONNREFUSED ::1:4000
    Call log:
      - → GET http://localhost:4000/api/testimonials
        - user-agent: Mozilla/5.0 (Linux; Android 14; Pixel 7) AppleWebKit/537.36 (KHTML, like Gecko) Chrome/151.0.7922.34 Mobile Safari/537.36
        - accept: */*
        - accept-encoding: gzip,deflate,br

        at apiRequestContext.get: connect ECONNREFUSED ::1:4000
        at APITestHelper.get (/home/tbaltzakis/cloudless.gr/e2e/helpers/api-helpers.ts:51:41)
        at /home/tbaltzakis/cloudless.gr/e2e/api/public-api-comprehensive.spec.ts:392:40

    Error Context: test-results/api-public-api-comprehensi-e653b-ld-return-testimonials-list-mobile-chrome/error-context.md

    Retry #1 ───────────────────────────────────────────────────────────────────────────────────────

    Error: apiRequestContext.get: connect ECONNREFUSED ::1:4000
    Call log:
      - → GET http://localhost:4000/api/testimonials
        - user-agent: Mozilla/5.0 (Linux; Android 14; Pixel 7) AppleWebKit/537.36 (KHTML, like Gecko) Chrome/151.0.7922.34 Mobile Safari/537.36
        - accept: */*
        - accept-encoding: gzip,deflate,br

        at apiRequestContext.get: connect ECONNREFUSED ::1:4000
        at APITestHelper.get (/home/tbaltzakis/cloudless.gr/e2e/helpers/api-helpers.ts:51:41)
        at /home/tbaltzakis/cloudless.gr/e2e/api/public-api-comprehensive.spec.ts:392:40

    Error Context: test-results/api-public-api-comprehensi-e653b-ld-return-testimonials-list-mobile-chrome-retry1/error-context.md

    attachment #2: trace (application/zip) ─────────────────────────────────────────────────────────
    test-results/api-public-api-comprehensi-e653b-ld-return-testimonials-list-mobile-chrome-retry1/trace.zip
    Usage:

        npx playwright show-trace test-results/api-public-api-comprehensi-e653b-ld-return-testimonials-list-mobile-chrome-retry1/trace.zip

    ────────────────────────────────────────────────────────────────────────────────────────────────

  1043) [mobile-chrome] › e2e/api/public-api-comprehensive.spec.ts:402:9 › Public API - Comprehensive Testing › Testimonials Endpoints › should return single testimonial 

    Error: apiRequestContext.get: connect ECONNREFUSED ::1:4000
    Call log:
      - → GET http://localhost:4000/api/testimonials
        - user-agent: Mozilla/5.0 (Linux; Android 14; Pixel 7) AppleWebKit/537.36 (KHTML, like Gecko) Chrome/151.0.7922.34 Mobile Safari/537.36
        - accept: */*
        - accept-encoding: gzip,deflate,br

        at apiRequestContext.get: connect ECONNREFUSED ::1:4000
        at APITestHelper.get (/home/tbaltzakis/cloudless.gr/e2e/helpers/api-helpers.ts:51:41)
        at /home/tbaltzakis/cloudless.gr/e2e/api/public-api-comprehensive.spec.ts:404:44

    Error Context: test-results/api-public-api-comprehensi-79624-d-return-single-testimonial-mobile-chrome/error-context.md

    Retry #1 ───────────────────────────────────────────────────────────────────────────────────────

    Error: apiRequestContext.get: connect ECONNREFUSED ::1:4000
    Call log:
      - → GET http://localhost:4000/api/testimonials
        - user-agent: Mozilla/5.0 (Linux; Android 14; Pixel 7) AppleWebKit/537.36 (KHTML, like Gecko) Chrome/151.0.7922.34 Mobile Safari/537.36
        - accept: */*
        - accept-encoding: gzip,deflate,br

        at apiRequestContext.get: connect ECONNREFUSED ::1:4000
        at APITestHelper.get (/home/tbaltzakis/cloudless.gr/e2e/helpers/api-helpers.ts:51:41)
        at /home/tbaltzakis/cloudless.gr/e2e/api/public-api-comprehensive.spec.ts:404:44

    Error Context: test-results/api-public-api-comprehensi-79624-d-return-single-testimonial-mobile-chrome-retry1/error-context.md

    attachment #2: trace (application/zip) ─────────────────────────────────────────────────────────
    test-results/api-public-api-comprehensi-79624-d-return-single-testimonial-mobile-chrome-retry1/trace.zip
    Usage:

        npx playwright show-trace test-results/api-public-api-comprehensi-79624-d-return-single-testimonial-mobile-chrome-retry1/trace.zip

    ────────────────────────────────────────────────────────────────────────────────────────────────

  1044) [mobile-chrome] › e2e/api/public-api-comprehensive.spec.ts:433:9 › Public API - Comprehensive Testing › Careers Endpoints › should return job listings 

    Error: apiRequestContext.get: connect ECONNREFUSED ::1:4000
    Call log:
      - → GET http://localhost:4000/api/jobs
        - user-agent: Mozilla/5.0 (Linux; Android 14; Pixel 7) AppleWebKit/537.36 (KHTML, like Gecko) Chrome/151.0.7922.34 Mobile Safari/537.36
        - accept: */*
        - accept-encoding: gzip,deflate,br

        at apiRequestContext.get: connect ECONNREFUSED ::1:4000
        at APITestHelper.get (/home/tbaltzakis/cloudless.gr/e2e/helpers/api-helpers.ts:51:41)
        at /home/tbaltzakis/cloudless.gr/e2e/api/public-api-comprehensive.spec.ts:434:40

    Error Context: test-results/api-public-api-comprehensi-0ed08--should-return-job-listings-mobile-chrome/error-context.md

    Retry #1 ───────────────────────────────────────────────────────────────────────────────────────

    Error: apiRequestContext.get: connect ECONNREFUSED ::1:4000
    Call log:
      - → GET http://localhost:4000/api/jobs
        - user-agent: Mozilla/5.0 (Linux; Android 14; Pixel 7) AppleWebKit/537.36 (KHTML, like Gecko) Chrome/151.0.7922.34 Mobile Safari/537.36
        - accept: */*
        - accept-encoding: gzip,deflate,br

        at apiRequestContext.get: connect ECONNREFUSED ::1:4000
        at APITestHelper.get (/home/tbaltzakis/cloudless.gr/e2e/helpers/api-helpers.ts:51:41)
        at /home/tbaltzakis/cloudless.gr/e2e/api/public-api-comprehensive.spec.ts:434:40

    Error Context: test-results/api-public-api-comprehensi-0ed08--should-return-job-listings-mobile-chrome-retry1/error-context.md

    attachment #2: trace (application/zip) ─────────────────────────────────────────────────────────
    test-results/api-public-api-comprehensi-0ed08--should-return-job-listings-mobile-chrome-retry1/trace.zip
    Usage:

        npx playwright show-trace test-results/api-public-api-comprehensi-0ed08--should-return-job-listings-mobile-chrome-retry1/trace.zip

    ────────────────────────────────────────────────────────────────────────────────────────────────

  1045) [mobile-chrome] › e2e/api/public-api-comprehensive.spec.ts:444:9 › Public API - Comprehensive Testing › Careers Endpoints › should return single job listing 

    Error: apiRequestContext.get: connect ECONNREFUSED ::1:4000
    Call log:
      - → GET http://localhost:4000/api/jobs
        - user-agent: Mozilla/5.0 (Linux; Android 14; Pixel 7) AppleWebKit/537.36 (KHTML, like Gecko) Chrome/151.0.7922.34 Mobile Safari/537.36
        - accept: */*
        - accept-encoding: gzip,deflate,br

        at apiRequestContext.get: connect ECONNREFUSED ::1:4000
        at APITestHelper.get (/home/tbaltzakis/cloudless.gr/e2e/helpers/api-helpers.ts:51:41)
        at /home/tbaltzakis/cloudless.gr/e2e/api/public-api-comprehensive.spec.ts:446:44

    Error Context: test-results/api-public-api-comprehensi-91885-d-return-single-job-listing-mobile-chrome/error-context.md

    Retry #1 ───────────────────────────────────────────────────────────────────────────────────────

    Error: apiRequestContext.get: connect ECONNREFUSED ::1:4000
    Call log:
      - → GET http://localhost:4000/api/jobs
        - user-agent: Mozilla/5.0 (Linux; Android 14; Pixel 7) AppleWebKit/537.36 (KHTML, like Gecko) Chrome/151.0.7922.34 Mobile Safari/537.36
        - accept: */*
        - accept-encoding: gzip,deflate,br

        at apiRequestContext.get: connect ECONNREFUSED ::1:4000
        at APITestHelper.get (/home/tbaltzakis/cloudless.gr/e2e/helpers/api-helpers.ts:51:41)
        at /home/tbaltzakis/cloudless.gr/e2e/api/public-api-comprehensive.spec.ts:446:44

    Error Context: test-results/api-public-api-comprehensi-91885-d-return-single-job-listing-mobile-chrome-retry1/error-context.md

    attachment #2: trace (application/zip) ─────────────────────────────────────────────────────────
    test-results/api-public-api-comprehensi-91885-d-return-single-job-listing-mobile-chrome-retry1/trace.zip
    Usage:

        npx playwright show-trace test-results/api-public-api-comprehensi-91885-d-return-single-job-listing-mobile-chrome-retry1/trace.zip

    ────────────────────────────────────────────────────────────────────────────────────────────────

  1046) [mobile-chrome] › e2e/api/public-api-comprehensive.spec.ts:472:9 › Public API - Comprehensive Testing › Careers Endpoints › should accept job application 

    Error: apiRequestContext.get: connect ECONNREFUSED ::1:4000
    Call log:
      - → GET http://localhost:4000/api/jobs
        - user-agent: Mozilla/5.0 (Linux; Android 14; Pixel 7) AppleWebKit/537.36 (KHTML, like Gecko) Chrome/151.0.7922.34 Mobile Safari/537.36
        - accept: */*
        - accept-encoding: gzip,deflate,br

        at apiRequestContext.get: connect ECONNREFUSED ::1:4000
        at APITestHelper.get (/home/tbaltzakis/cloudless.gr/e2e/helpers/api-helpers.ts:51:41)
        at /home/tbaltzakis/cloudless.gr/e2e/api/public-api-comprehensive.spec.ts:475:44

    Error Context: test-results/api-public-api-comprehensi-c9816-ould-accept-job-application-mobile-chrome/error-context.md

    Retry #1 ───────────────────────────────────────────────────────────────────────────────────────

    Error: apiRequestContext.get: connect ECONNREFUSED ::1:4000
    Call log:
      - → GET http://localhost:4000/api/jobs
        - user-agent: Mozilla/5.0 (Linux; Android 14; Pixel 7) AppleWebKit/537.36 (KHTML, like Gecko) Chrome/151.0.7922.34 Mobile Safari/537.36
        - accept: */*
        - accept-encoding: gzip,deflate,br

        at apiRequestContext.get: connect ECONNREFUSED ::1:4000
        at APITestHelper.get (/home/tbaltzakis/cloudless.gr/e2e/helpers/api-helpers.ts:51:41)
        at /home/tbaltzakis/cloudless.gr/e2e/api/public-api-comprehensive.spec.ts:475:44

    Error Context: test-results/api-public-api-comprehensi-c9816-ould-accept-job-application-mobile-chrome-retry1/error-context.md

    attachment #2: trace (application/zip) ─────────────────────────────────────────────────────────
    test-results/api-public-api-comprehensi-c9816-ould-accept-job-application-mobile-chrome-retry1/trace.zip
    Usage:

        npx playwright show-trace test-results/api-public-api-comprehensi-c9816-ould-accept-job-application-mobile-chrome-retry1/trace.zip

    ────────────────────────────────────────────────────────────────────────────────────────────────

  1047) [mobile-chrome] › e2e/api/public-api-comprehensive.spec.ts:508:9 › Public API - Comprehensive Testing › Newsletter Endpoints › should accept newsletter subscription 

    Error: apiRequestContext.post: connect ECONNREFUSED ::1:4000
    Call log:
      - → POST http://localhost:4000/api/newsletter/subscribe
        - user-agent: Mozilla/5.0 (Linux; Android 14; Pixel 7) AppleWebKit/537.36 (KHTML, like Gecko) Chrome/151.0.7922.34 Mobile Safari/537.36
        - accept: */*
        - accept-encoding: gzip,deflate,br
        - Content-Type: application/json
        - content-length: 118

        at apiRequestContext.post: connect ECONNREFUSED ::1:4000
        at APITestHelper.post (/home/tbaltzakis/cloudless.gr/e2e/helpers/api-helpers.ts:114:41)
        at /home/tbaltzakis/cloudless.gr/e2e/api/public-api-comprehensive.spec.ts:515:40

    Error Context: test-results/api-public-api-comprehensi-0dd3f-ept-newsletter-subscription-mobile-chrome/error-context.md

    Retry #1 ───────────────────────────────────────────────────────────────────────────────────────

    Error: apiRequestContext.post: connect ECONNREFUSED ::1:4000
    Call log:
      - → POST http://localhost:4000/api/newsletter/subscribe
        - user-agent: Mozilla/5.0 (Linux; Android 14; Pixel 7) AppleWebKit/537.36 (KHTML, like Gecko) Chrome/151.0.7922.34 Mobile Safari/537.36
        - accept: */*
        - accept-encoding: gzip,deflate,br
        - Content-Type: application/json
        - content-length: 118

        at apiRequestContext.post: connect ECONNREFUSED ::1:4000
        at APITestHelper.post (/home/tbaltzakis/cloudless.gr/e2e/helpers/api-helpers.ts:114:41)
        at /home/tbaltzakis/cloudless.gr/e2e/api/public-api-comprehensive.spec.ts:515:40

    Error Context: test-results/api-public-api-comprehensi-0dd3f-ept-newsletter-subscription-mobile-chrome-retry1/error-context.md

    attachment #2: trace (application/zip) ─────────────────────────────────────────────────────────
    test-results/api-public-api-comprehensi-0dd3f-ept-newsletter-subscription-mobile-chrome-retry1/trace.zip
    Usage:

        npx playwright show-trace test-results/api-public-api-comprehensi-0dd3f-ept-newsletter-subscription-mobile-chrome-retry1/trace.zip

    ────────────────────────────────────────────────────────────────────────────────────────────────

  1048) [mobile-chrome] › e2e/api/public-api-comprehensive.spec.ts:522:9 › Public API - Comprehensive Testing › Newsletter Endpoints › should validate newsletter subscription data 

    Error: apiRequestContext.post: connect ECONNREFUSED ::1:4000
    Call log:
      - → POST http://localhost:4000/api/newsletter/subscribe
        - user-agent: Mozilla/5.0 (Linux; Android 14; Pixel 7) AppleWebKit/537.36 (KHTML, like Gecko) Chrome/151.0.7922.34 Mobile Safari/537.36
        - accept: */*
        - accept-encoding: gzip,deflate,br
        - Content-Type: application/json
        - content-length: 44

        at apiRequestContext.post: connect ECONNREFUSED ::1:4000
        at APITestHelper.post (/home/tbaltzakis/cloudless.gr/e2e/helpers/api-helpers.ts:114:41)
        at /home/tbaltzakis/cloudless.gr/e2e/api/public-api-comprehensive.spec.ts:529:40

    Error Context: test-results/api-public-api-comprehensi-39f70-ewsletter-subscription-data-mobile-chrome/error-context.md

    Retry #1 ───────────────────────────────────────────────────────────────────────────────────────

    Error: apiRequestContext.post: connect ECONNREFUSED ::1:4000
    Call log:
      - → POST http://localhost:4000/api/newsletter/subscribe
        - user-agent: Mozilla/5.0 (Linux; Android 14; Pixel 7) AppleWebKit/537.36 (KHTML, like Gecko) Chrome/151.0.7922.34 Mobile Safari/537.36
        - accept: */*
        - accept-encoding: gzip,deflate,br
        - Content-Type: application/json
        - content-length: 44

        at apiRequestContext.post: connect ECONNREFUSED ::1:4000
        at APITestHelper.post (/home/tbaltzakis/cloudless.gr/e2e/helpers/api-helpers.ts:114:41)
        at /home/tbaltzakis/cloudless.gr/e2e/api/public-api-comprehensive.spec.ts:529:40

    Error Context: test-results/api-public-api-comprehensi-39f70-ewsletter-subscription-data-mobile-chrome-retry1/error-context.md

    attachment #2: trace (application/zip) ─────────────────────────────────────────────────────────
    test-results/api-public-api-comprehensi-39f70-ewsletter-subscription-data-mobile-chrome-retry1/trace.zip
    Usage:

        npx playwright show-trace test-results/api-public-api-comprehensi-39f70-ewsletter-subscription-data-mobile-chrome-retry1/trace.zip

    ────────────────────────────────────────────────────────────────────────────────────────────────

  1049) [mobile-chrome] › e2e/api/public-api-comprehensive.spec.ts:542:9 › Public API - Comprehensive Testing › Newsletter Endpoints › should allow newsletter unsubscription 

    Error: apiRequestContext.post: connect ECONNREFUSED ::1:4000
    Call log:
      - → POST http://localhost:4000/api/newsletter/subscribe
        - user-agent: Mozilla/5.0 (Linux; Android 14; Pixel 7) AppleWebKit/537.36 (KHTML, like Gecko) Chrome/151.0.7922.34 Mobile Safari/537.36
        - accept: */*
        - accept-encoding: gzip,deflate,br
        - Content-Type: application/json
        - content-length: 80

        at apiRequestContext.post: connect ECONNREFUSED ::1:4000
        at APITestHelper.post (/home/tbaltzakis/cloudless.gr/e2e/helpers/api-helpers.ts:114:41)
        at /home/tbaltzakis/cloudless.gr/e2e/api/public-api-comprehensive.spec.ts:549:23

    Error Context: test-results/api-public-api-comprehensi-27882-w-newsletter-unsubscription-mobile-chrome/error-context.md

    Retry #1 ───────────────────────────────────────────────────────────────────────────────────────

    Error: apiRequestContext.post: connect ECONNREFUSED ::1:4000
    Call log:
      - → POST http://localhost:4000/api/newsletter/subscribe
        - user-agent: Mozilla/5.0 (Linux; Android 14; Pixel 7) AppleWebKit/537.36 (KHTML, like Gecko) Chrome/151.0.7922.34 Mobile Safari/537.36
        - accept: */*
        - accept-encoding: gzip,deflate,br
        - Content-Type: application/json
        - content-length: 80

        at apiRequestContext.post: connect ECONNREFUSED ::1:4000
        at APITestHelper.post (/home/tbaltzakis/cloudless.gr/e2e/helpers/api-helpers.ts:114:41)
        at /home/tbaltzakis/cloudless.gr/e2e/api/public-api-comprehensive.spec.ts:549:23

    Error Context: test-results/api-public-api-comprehensi-27882-w-newsletter-unsubscription-mobile-chrome-retry1/error-context.md

    attachment #2: trace (application/zip) ─────────────────────────────────────────────────────────
    test-results/api-public-api-comprehensi-27882-w-newsletter-unsubscription-mobile-chrome-retry1/trace.zip
    Usage:

        npx playwright show-trace test-results/api-public-api-comprehensi-27882-w-newsletter-unsubscription-mobile-chrome-retry1/trace.zip

    ────────────────────────────────────────────────────────────────────────────────────────────────

  1050) [mobile-chrome] › e2e/api/public-api-comprehensive.spec.ts:566:9 › Public API - Comprehensive Testing › Search Endpoints › should return search results 

    Error: apiRequestContext.get: connect ECONNREFUSED ::1:4000
    Call log:
      - → GET http://localhost:4000/api/search?q=test&limit=10
        - user-agent: Mozilla/5.0 (Linux; Android 14; Pixel 7) AppleWebKit/537.36 (KHTML, like Gecko) Chrome/151.0.7922.34 Mobile Safari/537.36
        - accept: */*
        - accept-encoding: gzip,deflate,br

        at apiRequestContext.get: connect ECONNREFUSED ::1:4000
        at APITestHelper.get (/home/tbaltzakis/cloudless.gr/e2e/helpers/api-helpers.ts:51:41)
        at /home/tbaltzakis/cloudless.gr/e2e/api/public-api-comprehensive.spec.ts:567:40

    Error Context: test-results/api-public-api-comprehensi-eceb8-hould-return-search-results-mobile-chrome/error-context.md

    Retry #1 ───────────────────────────────────────────────────────────────────────────────────────

    Error: apiRequestContext.get: connect ECONNREFUSED ::1:4000
    Call log:
      - → GET http://localhost:4000/api/search?q=test&limit=10
        - user-agent: Mozilla/5.0 (Linux; Android 14; Pixel 7) AppleWebKit/537.36 (KHTML, like Gecko) Chrome/151.0.7922.34 Mobile Safari/537.36
        - accept: */*
        - accept-encoding: gzip,deflate,br

        at apiRequestContext.get: connect ECONNREFUSED ::1:4000
        at APITestHelper.get (/home/tbaltzakis/cloudless.gr/e2e/helpers/api-helpers.ts:51:41)
        at /home/tbaltzakis/cloudless.gr/e2e/api/public-api-comprehensive.spec.ts:567:40

    Error Context: test-results/api-public-api-comprehensi-eceb8-hould-return-search-results-mobile-chrome-retry1/error-context.md

    attachment #2: trace (application/zip) ─────────────────────────────────────────────────────────
    test-results/api-public-api-comprehensi-eceb8-hould-return-search-results-mobile-chrome-retry1/trace.zip
    Usage:

        npx playwright show-trace test-results/api-public-api-comprehensi-eceb8-hould-return-search-results-mobile-chrome-retry1/trace.zip

    ────────────────────────────────────────────────────────────────────────────────────────────────

  1051) [mobile-chrome] › e2e/api/public-api-comprehensive.spec.ts:583:9 › Public API - Comprehensive Testing › Search Endpoints › should return search suggestions 

    Error: apiRequestContext.get: connect ECONNREFUSED ::1:4000
    Call log:
      - → GET http://localhost:4000/api/search/suggest?q=tes
        - user-agent: Mozilla/5.0 (Linux; Android 14; Pixel 7) AppleWebKit/537.36 (KHTML, like Gecko) Chrome/151.0.7922.34 Mobile Safari/537.36
        - accept: */*
        - accept-encoding: gzip,deflate,br

        at apiRequestContext.get: connect ECONNREFUSED ::1:4000
        at APITestHelper.get (/home/tbaltzakis/cloudless.gr/e2e/helpers/api-helpers.ts:51:41)
        at /home/tbaltzakis/cloudless.gr/e2e/api/public-api-comprehensive.spec.ts:584:40

    Error Context: test-results/api-public-api-comprehensi-00054-d-return-search-suggestions-mobile-chrome/error-context.md

    Retry #1 ───────────────────────────────────────────────────────────────────────────────────────

    Error: apiRequestContext.get: connect ECONNREFUSED ::1:4000
    Call log:
      - → GET http://localhost:4000/api/search/suggest?q=tes
        - user-agent: Mozilla/5.0 (Linux; Android 14; Pixel 7) AppleWebKit/537.36 (KHTML, like Gecko) Chrome/151.0.7922.34 Mobile Safari/537.36
        - accept: */*
        - accept-encoding: gzip,deflate,br

        at apiRequestContext.get: connect ECONNREFUSED ::1:4000
        at APITestHelper.get (/home/tbaltzakis/cloudless.gr/e2e/helpers/api-helpers.ts:51:41)
        at /home/tbaltzakis/cloudless.gr/e2e/api/public-api-comprehensive.spec.ts:584:40

    Error Context: test-results/api-public-api-comprehensi-00054-d-return-search-suggestions-mobile-chrome-retry1/error-context.md

    attachment #2: trace (application/zip) ─────────────────────────────────────────────────────────
    test-results/api-public-api-comprehensi-00054-d-return-search-suggestions-mobile-chrome-retry1/trace.zip
    Usage:

        npx playwright show-trace test-results/api-public-api-comprehensi-00054-d-return-search-suggestions-mobile-chrome-retry1/trace.zip

    ────────────────────────────────────────────────────────────────────────────────────────────────

  1052) [mobile-chrome] › e2e/api/public-api-comprehensive.spec.ts:602:9 › Public API - Comprehensive Testing › Sitemap Endpoint › should return XML sitemap 

    Error: apiRequestContext.get: connect ECONNREFUSED ::1:4000
    Call log:
      - → GET http://localhost:4000/api/sitemap.xml
        - user-agent: Mozilla/5.0 (Linux; Android 14; Pixel 7) AppleWebKit/537.36 (KHTML, like Gecko) Chrome/151.0.7922.34 Mobile Safari/537.36
        - accept: */*
        - accept-encoding: gzip,deflate,br

        at apiRequestContext.get: connect ECONNREFUSED ::1:4000
        at APITestHelper.get (/home/tbaltzakis/cloudless.gr/e2e/helpers/api-helpers.ts:51:41)
        at /home/tbaltzakis/cloudless.gr/e2e/api/public-api-comprehensive.spec.ts:603:40

    Error Context: test-results/api-public-api-comprehensi-97ffa-t-should-return-XML-sitemap-mobile-chrome/error-context.md

    Retry #1 ───────────────────────────────────────────────────────────────────────────────────────

    Error: apiRequestContext.get: connect ECONNREFUSED ::1:4000
    Call log:
      - → GET http://localhost:4000/api/sitemap.xml
        - user-agent: Mozilla/5.0 (Linux; Android 14; Pixel 7) AppleWebKit/537.36 (KHTML, like Gecko) Chrome/151.0.7922.34 Mobile Safari/537.36
        - accept: */*
        - accept-encoding: gzip,deflate,br

        at apiRequestContext.get: connect ECONNREFUSED ::1:4000
        at APITestHelper.get (/home/tbaltzakis/cloudless.gr/e2e/helpers/api-helpers.ts:51:41)
        at /home/tbaltzakis/cloudless.gr/e2e/api/public-api-comprehensive.spec.ts:603:40

    Error Context: test-results/api-public-api-comprehensi-97ffa-t-should-return-XML-sitemap-mobile-chrome-retry1/error-context.md

    attachment #2: trace (application/zip) ─────────────────────────────────────────────────────────
    test-results/api-public-api-comprehensi-97ffa-t-should-return-XML-sitemap-mobile-chrome-retry1/trace.zip
    Usage:

        npx playwright show-trace test-results/api-public-api-comprehensi-97ffa-t-should-return-XML-sitemap-mobile-chrome-retry1/trace.zip

    ────────────────────────────────────────────────────────────────────────────────────────────────

  1053) [mobile-chrome] › e2e/api/public-api-comprehensive.spec.ts:618:9 › Public API - Comprehensive Testing › Robots.txt Endpoint › should return robots.txt 

    Error: apiRequestContext.get: connect ECONNREFUSED ::1:4000
    Call log:
      - → GET http://localhost:4000/api/robots.txt
        - user-agent: Mozilla/5.0 (Linux; Android 14; Pixel 7) AppleWebKit/537.36 (KHTML, like Gecko) Chrome/151.0.7922.34 Mobile Safari/537.36
        - accept: */*
        - accept-encoding: gzip,deflate,br

        at apiRequestContext.get: connect ECONNREFUSED ::1:4000
        at APITestHelper.get (/home/tbaltzakis/cloudless.gr/e2e/helpers/api-helpers.ts:51:41)
        at /home/tbaltzakis/cloudless.gr/e2e/api/public-api-comprehensive.spec.ts:619:40

    Error Context: test-results/api-public-api-comprehensi-ac922-nt-should-return-robots-txt-mobile-chrome/error-context.md

    Retry #1 ───────────────────────────────────────────────────────────────────────────────────────

    Error: apiRequestContext.get: connect ECONNREFUSED ::1:4000
    Call log:
      - → GET http://localhost:4000/api/robots.txt
        - user-agent: Mozilla/5.0 (Linux; Android 14; Pixel 7) AppleWebKit/537.36 (KHTML, like Gecko) Chrome/151.0.7922.34 Mobile Safari/537.36
        - accept: */*
        - accept-encoding: gzip,deflate,br

        at apiRequestContext.get: connect ECONNREFUSED ::1:4000
        at APITestHelper.get (/home/tbaltzakis/cloudless.gr/e2e/helpers/api-helpers.ts:51:41)
        at /home/tbaltzakis/cloudless.gr/e2e/api/public-api-comprehensive.spec.ts:619:40

    Error Context: test-results/api-public-api-comprehensi-ac922-nt-should-return-robots-txt-mobile-chrome-retry1/error-context.md

    attachment #2: trace (application/zip) ─────────────────────────────────────────────────────────
    test-results/api-public-api-comprehensi-ac922-nt-should-return-robots-txt-mobile-chrome-retry1/trace.zip
    Usage:

        npx playwright show-trace test-results/api-public-api-comprehensi-ac922-nt-should-return-robots-txt-mobile-chrome-retry1/trace.zip

    ────────────────────────────────────────────────────────────────────────────────────────────────

  1054) [mobile-chrome] › e2e/api/public-api-comprehensive.spec.ts:634:9 › Public API - Comprehensive Testing › Error Handling › should return 404 for non-existent endpoints 

    Error: apiRequestContext.get: connect ECONNREFUSED ::1:4000
    Call log:
      - → GET http://localhost:4000/api/this-endpoint-does-not-exist
        - user-agent: Mozilla/5.0 (Linux; Android 14; Pixel 7) AppleWebKit/537.36 (KHTML, like Gecko) Chrome/151.0.7922.34 Mobile Safari/537.36
        - accept: */*
        - accept-encoding: gzip,deflate,br

        at apiRequestContext.get: connect ECONNREFUSED ::1:4000
        at APITestHelper.get (/home/tbaltzakis/cloudless.gr/e2e/helpers/api-helpers.ts:51:41)
        at /home/tbaltzakis/cloudless.gr/e2e/api/public-api-comprehensive.spec.ts:635:40

    Error Context: test-results/api-public-api-comprehensi-5060d--for-non-existent-endpoints-mobile-chrome/error-context.md

    Retry #1 ───────────────────────────────────────────────────────────────────────────────────────

    Error: apiRequestContext.get: connect ECONNREFUSED ::1:4000
    Call log:
      - → GET http://localhost:4000/api/this-endpoint-does-not-exist
        - user-agent: Mozilla/5.0 (Linux; Android 14; Pixel 7) AppleWebKit/537.36 (KHTML, like Gecko) Chrome/151.0.7922.34 Mobile Safari/537.36
        - accept: */*
        - accept-encoding: gzip,deflate,br

        at apiRequestContext.get: connect ECONNREFUSED ::1:4000
        at APITestHelper.get (/home/tbaltzakis/cloudless.gr/e2e/helpers/api-helpers.ts:51:41)
        at /home/tbaltzakis/cloudless.gr/e2e/api/public-api-comprehensive.spec.ts:635:40

    Error Context: test-results/api-public-api-comprehensi-5060d--for-non-existent-endpoints-mobile-chrome-retry1/error-context.md

    attachment #2: trace (application/zip) ─────────────────────────────────────────────────────────
    test-results/api-public-api-comprehensi-5060d--for-non-existent-endpoints-mobile-chrome-retry1/trace.zip
    Usage:

        npx playwright show-trace test-results/api-public-api-comprehensi-5060d--for-non-existent-endpoints-mobile-chrome-retry1/trace.zip

    ────────────────────────────────────────────────────────────────────────────────────────────────

  1055) [mobile-chrome] › e2e/api/public-api-comprehensive.spec.ts:640:9 › Public API - Comprehensive Testing › Error Handling › should return 405 for wrong HTTP method 

    Error: apiRequestContext.get: connect ECONNREFUSED ::1:4000
    Call log:
      - → GET http://localhost:4000/api/contact
        - user-agent: Mozilla/5.0 (Linux; Android 14; Pixel 7) AppleWebKit/537.36 (KHTML, like Gecko) Chrome/151.0.7922.34 Mobile Safari/537.36
        - accept: */*
        - accept-encoding: gzip,deflate,br

        at apiRequestContext.get: connect ECONNREFUSED ::1:4000
        at APITestHelper.get (/home/tbaltzakis/cloudless.gr/e2e/helpers/api-helpers.ts:51:41)
        at /home/tbaltzakis/cloudless.gr/e2e/api/public-api-comprehensive.spec.ts:641:40

    Error Context: test-results/api-public-api-comprehensi-94754-n-405-for-wrong-HTTP-method-mobile-chrome/error-context.md

    Retry #1 ───────────────────────────────────────────────────────────────────────────────────────

    Error: apiRequestContext.get: connect ECONNREFUSED ::1:4000
    Call log:
      - → GET http://localhost:4000/api/contact
        - user-agent: Mozilla/5.0 (Linux; Android 14; Pixel 7) AppleWebKit/537.36 (KHTML, like Gecko) Chrome/151.0.7922.34 Mobile Safari/537.36
        - accept: */*
        - accept-encoding: gzip,deflate,br

        at apiRequestContext.get: connect ECONNREFUSED ::1:4000
        at APITestHelper.get (/home/tbaltzakis/cloudless.gr/e2e/helpers/api-helpers.ts:51:41)
        at /home/tbaltzakis/cloudless.gr/e2e/api/public-api-comprehensive.spec.ts:641:40

    Error Context: test-results/api-public-api-comprehensi-94754-n-405-for-wrong-HTTP-method-mobile-chrome-retry1/error-context.md

    attachment #2: trace (application/zip) ─────────────────────────────────────────────────────────
    test-results/api-public-api-comprehensi-94754-n-405-for-wrong-HTTP-method-mobile-chrome-retry1/trace.zip
    Usage:

        npx playwright show-trace test-results/api-public-api-comprehensi-94754-n-405-for-wrong-HTTP-method-mobile-chrome-retry1/trace.zip

    ────────────────────────────────────────────────────────────────────────────────────────────────

  1056) [mobile-chrome] › e2e/api/public-api-comprehensive.spec.ts:653:9 › Public API - Comprehensive Testing › Error Handling › should handle large payloads appropriately 

    Error: apiRequestContext.post: connect ECONNREFUSED ::1:4000
    Call log:
      - → POST http://localhost:4000/api/contact
        - user-agent: Mozilla/5.0 (Linux; Android 14; Pixel 7) AppleWebKit/537.36 (KHTML, like Gecko) Chrome/151.0.7922.34 Mobile Safari/537.36
        - accept: */*
        - accept-encoding: gzip,deflate,br
        - Content-Type: application/json
        - content-length: 6064

        at apiRequestContext.post: connect ECONNREFUSED ::1:4000
        at APITestHelper.post (/home/tbaltzakis/cloudless.gr/e2e/helpers/api-helpers.ts:114:41)
        at /home/tbaltzakis/cloudless.gr/e2e/api/public-api-comprehensive.spec.ts:661:40

    Error Context: test-results/api-public-api-comprehensi-de004-arge-payloads-appropriately-mobile-chrome/error-context.md

    Retry #1 ───────────────────────────────────────────────────────────────────────────────────────

    Error: apiRequestContext.post: connect ECONNREFUSED ::1:4000
    Call log:
      - → POST http://localhost:4000/api/contact
        - user-agent: Mozilla/5.0 (Linux; Android 14; Pixel 7) AppleWebKit/537.36 (KHTML, like Gecko) Chrome/151.0.7922.34 Mobile Safari/537.36
        - accept: */*
        - accept-encoding: gzip,deflate,br
        - Content-Type: application/json
        - content-length: 6064

        at apiRequestContext.post: connect ECONNREFUSED ::1:4000
        at APITestHelper.post (/home/tbaltzakis/cloudless.gr/e2e/helpers/api-helpers.ts:114:41)
        at /home/tbaltzakis/cloudless.gr/e2e/api/public-api-comprehensive.spec.ts:661:40

    Error Context: test-results/api-public-api-comprehensi-de004-arge-payloads-appropriately-mobile-chrome-retry1/error-context.md

    attachment #2: trace (application/zip) ─────────────────────────────────────────────────────────
    test-results/api-public-api-comprehensi-de004-arge-payloads-appropriately-mobile-chrome-retry1/trace.zip
    Usage:

        npx playwright show-trace test-results/api-public-api-comprehensi-de004-arge-payloads-appropriately-mobile-chrome-retry1/trace.zip

    ────────────────────────────────────────────────────────────────────────────────────────────────

  1057) [mobile-chrome] › e2e/api/public-api-comprehensive.spec.ts:671:9 › Public API - Comprehensive Testing › CORS Headers › should include CORS headers in responses 

    Error: apiRequestContext.get: connect ECONNREFUSED ::1:4000
    Call log:
      - → GET http://localhost:4000/api/health
        - user-agent: Mozilla/5.0 (Linux; Android 14; Pixel 7) AppleWebKit/537.36 (KHTML, like Gecko) Chrome/151.0.7922.34 Mobile Safari/537.36
        - accept: */*
        - accept-encoding: gzip,deflate,br

        at apiRequestContext.get: connect ECONNREFUSED ::1:4000
        at APITestHelper.get (/home/tbaltzakis/cloudless.gr/e2e/helpers/api-helpers.ts:51:41)
        at /home/tbaltzakis/cloudless.gr/e2e/api/public-api-comprehensive.spec.ts:672:40

    Error Context: test-results/api-public-api-comprehensi-295ab-e-CORS-headers-in-responses-mobile-chrome/error-context.md

    Retry #1 ───────────────────────────────────────────────────────────────────────────────────────

    Error: apiRequestContext.get: connect ECONNREFUSED ::1:4000
    Call log:
      - → GET http://localhost:4000/api/health
        - user-agent: Mozilla/5.0 (Linux; Android 14; Pixel 7) AppleWebKit/537.36 (KHTML, like Gecko) Chrome/151.0.7922.34 Mobile Safari/537.36
        - accept: */*
        - accept-encoding: gzip,deflate,br

        at apiRequestContext.get: connect ECONNREFUSED ::1:4000
        at APITestHelper.get (/home/tbaltzakis/cloudless.gr/e2e/helpers/api-helpers.ts:51:41)
        at /home/tbaltzakis/cloudless.gr/e2e/api/public-api-comprehensive.spec.ts:672:40

    Error Context: test-results/api-public-api-comprehensi-295ab-e-CORS-headers-in-responses-mobile-chrome-retry1/error-context.md

    attachment #2: trace (application/zip) ─────────────────────────────────────────────────────────
    test-results/api-public-api-comprehensi-295ab-e-CORS-headers-in-responses-mobile-chrome-retry1/trace.zip
    Usage:

        npx playwright show-trace test-results/api-public-api-comprehensi-295ab-e-CORS-headers-in-responses-mobile-chrome-retry1/trace.zip

    ────────────────────────────────────────────────────────────────────────────────────────────────

  1058) [mobile-chrome] › e2e/api/public-api-comprehensive.spec.ts:683:9 › Public API - Comprehensive Testing › Rate Limiting › should respect rate limits 

    Error: apiRequestContext.get: connect ECONNREFUSED ::1:4000
    Call log:
      - → GET http://localhost:4000/api/health
        - user-agent: Mozilla/5.0 (Linux; Android 14; Pixel 7) AppleWebKit/537.36 (KHTML, like Gecko) Chrome/151.0.7922.34 Mobile Safari/537.36
        - accept: */*
        - accept-encoding: gzip,deflate,br

        at apiRequestContext.get: connect ECONNREFUSED ::1:4000
        at APITestHelper.get (/home/tbaltzakis/cloudless.gr/e2e/helpers/api-helpers.ts:51:41)
        at /home/tbaltzakis/cloudless.gr/e2e/api/public-api-comprehensive.spec.ts:688:21

    Error Context: test-results/api-public-api-comprehensi-0514a--should-respect-rate-limits-mobile-chrome/error-context.md

    Retry #1 ───────────────────────────────────────────────────────────────────────────────────────

    Error: apiRequestContext.get: connect ECONNREFUSED ::1:4000
    Call log:
      - → GET http://localhost:4000/api/health
        - user-agent: Mozilla/5.0 (Linux; Android 14; Pixel 7) AppleWebKit/537.36 (KHTML, like Gecko) Chrome/151.0.7922.34 Mobile Safari/537.36
        - accept: */*
        - accept-encoding: gzip,deflate,br

        at apiRequestContext.get: connect ECONNREFUSED ::1:4000
        at APITestHelper.get (/home/tbaltzakis/cloudless.gr/e2e/helpers/api-helpers.ts:51:41)
        at /home/tbaltzakis/cloudless.gr/e2e/api/public-api-comprehensive.spec.ts:688:21

    Error Context: test-results/api-public-api-comprehensi-0514a--should-respect-rate-limits-mobile-chrome-retry1/error-context.md

    attachment #2: trace (application/zip) ─────────────────────────────────────────────────────────
    test-results/api-public-api-comprehensi-0514a--should-respect-rate-limits-mobile-chrome-retry1/trace.zip
    Usage:

        npx playwright show-trace test-results/api-public-api-comprehensi-0514a--should-respect-rate-limits-mobile-chrome-retry1/trace.zip

    ────────────────────────────────────────────────────────────────────────────────────────────────

  1059) [mobile-chrome] › e2e/api/public-api-comprehensive.spec.ts:708:9 › Public API - Comprehensive Testing › Checkout Endpoints › should return checkout session or redirect 

    Error: apiRequestContext.get: connect ECONNREFUSED ::1:4000
    Call log:
      - → GET http://localhost:4000/api/checkout
        - user-agent: Mozilla/5.0 (Linux; Android 14; Pixel 7) AppleWebKit/537.36 (KHTML, like Gecko) Chrome/151.0.7922.34 Mobile Safari/537.36
        - accept: */*
        - accept-encoding: gzip,deflate,br

        at apiRequestContext.get: connect ECONNREFUSED ::1:4000
        at APITestHelper.get (/home/tbaltzakis/cloudless.gr/e2e/helpers/api-helpers.ts:51:41)
        at /home/tbaltzakis/cloudless.gr/e2e/api/public-api-comprehensive.spec.ts:709:40

    Error Context: test-results/api-public-api-comprehensi-74997-heckout-session-or-redirect-mobile-chrome/error-context.md

    Retry #1 ───────────────────────────────────────────────────────────────────────────────────────

    Error: apiRequestContext.get: connect ECONNREFUSED ::1:4000
    Call log:
      - → GET http://localhost:4000/api/checkout
        - user-agent: Mozilla/5.0 (Linux; Android 14; Pixel 7) AppleWebKit/537.36 (KHTML, like Gecko) Chrome/151.0.7922.34 Mobile Safari/537.36
        - accept: */*
        - accept-encoding: gzip,deflate,br

        at apiRequestContext.get: connect ECONNREFUSED ::1:4000
        at APITestHelper.get (/home/tbaltzakis/cloudless.gr/e2e/helpers/api-helpers.ts:51:41)
        at /home/tbaltzakis/cloudless.gr/e2e/api/public-api-comprehensive.spec.ts:709:40

    Error Context: test-results/api-public-api-comprehensi-74997-heckout-session-or-redirect-mobile-chrome-retry1/error-context.md

    attachment #2: trace (application/zip) ─────────────────────────────────────────────────────────
    test-results/api-public-api-comprehensi-74997-heckout-session-or-redirect-mobile-chrome-retry1/trace.zip
    Usage:

        npx playwright show-trace test-results/api-public-api-comprehensi-74997-heckout-session-or-redirect-mobile-chrome-retry1/trace.zip

    ────────────────────────────────────────────────────────────────────────────────────────────────

  1060) [mobile-chrome] › e2e/api/public-api-comprehensive.spec.ts:717:9 › Public API - Comprehensive Testing › Checkout Endpoints › should handle POST to checkout endpoint 

    Error: apiRequestContext.post: connect ECONNREFUSED ::1:4000
    Call log:
      - → POST http://localhost:4000/api/checkout
        - user-agent: Mozilla/5.0 (Linux; Android 14; Pixel 7) AppleWebKit/537.36 (KHTML, like Gecko) Chrome/151.0.7922.34 Mobile Safari/537.36
        - accept: */*
        - accept-encoding: gzip,deflate,br
        - Content-Type: application/json
        - content-length: 153

        at apiRequestContext.post: connect ECONNREFUSED ::1:4000
        at APITestHelper.post (/home/tbaltzakis/cloudless.gr/e2e/helpers/api-helpers.ts:114:41)
        at /home/tbaltzakis/cloudless.gr/e2e/api/public-api-comprehensive.spec.ts:725:40

    Error Context: test-results/api-public-api-comprehensi-0cd24-e-POST-to-checkout-endpoint-mobile-chrome/error-context.md

    Retry #1 ───────────────────────────────────────────────────────────────────────────────────────

    Error: apiRequestContext.post: connect ECONNREFUSED ::1:4000
    Call log:
      - → POST http://localhost:4000/api/checkout
        - user-agent: Mozilla/5.0 (Linux; Android 14; Pixel 7) AppleWebKit/537.36 (KHTML, like Gecko) Chrome/151.0.7922.34 Mobile Safari/537.36
        - accept: */*
        - accept-encoding: gzip,deflate,br
        - Content-Type: application/json
        - content-length: 153

        at apiRequestContext.post: connect ECONNREFUSED ::1:4000
        at APITestHelper.post (/home/tbaltzakis/cloudless.gr/e2e/helpers/api-helpers.ts:114:41)
        at /home/tbaltzakis/cloudless.gr/e2e/api/public-api-comprehensive.spec.ts:725:40

    Error Context: test-results/api-public-api-comprehensi-0cd24-e-POST-to-checkout-endpoint-mobile-chrome-retry1/error-context.md

    attachment #2: trace (application/zip) ─────────────────────────────────────────────────────────
    test-results/api-public-api-comprehensi-0cd24-e-POST-to-checkout-endpoint-mobile-chrome-retry1/trace.zip
    Usage:

        npx playwright show-trace test-results/api-public-api-comprehensi-0cd24-e-POST-to-checkout-endpoint-mobile-chrome-retry1/trace.zip

    ────────────────────────────────────────────────────────────────────────────────────────────────

  1061) [mobile-chrome] › e2e/api/public-api-comprehensive.spec.ts:735:9 › Public API - Comprehensive Testing › Auth Endpoints › should handle auth login request 

    Error: apiRequestContext.post: connect ECONNREFUSED ::1:4000
    Call log:
      - → POST http://localhost:4000/api/auth/login
        - user-agent: Mozilla/5.0 (Linux; Android 14; Pixel 7) AppleWebKit/537.36 (KHTML, like Gecko) Chrome/151.0.7922.34 Mobile Safari/537.36
        - accept: */*
        - accept-encoding: gzip,deflate,br
        - Content-Type: application/json
        - content-length: 71

        at apiRequestContext.post: connect ECONNREFUSED ::1:4000
        at APITestHelper.post (/home/tbaltzakis/cloudless.gr/e2e/helpers/api-helpers.ts:114:41)
        at /home/tbaltzakis/cloudless.gr/e2e/api/public-api-comprehensive.spec.ts:741:40

    Error Context: test-results/api-public-api-comprehensi-adfce-d-handle-auth-login-request-mobile-chrome/error-context.md

    Retry #1 ───────────────────────────────────────────────────────────────────────────────────────

    Error: apiRequestContext.post: connect ECONNREFUSED ::1:4000
    Call log:
      - → POST http://localhost:4000/api/auth/login
        - user-agent: Mozilla/5.0 (Linux; Android 14; Pixel 7) AppleWebKit/537.36 (KHTML, like Gecko) Chrome/151.0.7922.34 Mobile Safari/537.36
        - accept: */*
        - accept-encoding: gzip,deflate,br
        - Content-Type: application/json
        - content-length: 71

        at apiRequestContext.post: connect ECONNREFUSED ::1:4000
        at APITestHelper.post (/home/tbaltzakis/cloudless.gr/e2e/helpers/api-helpers.ts:114:41)
        at /home/tbaltzakis/cloudless.gr/e2e/api/public-api-comprehensive.spec.ts:741:40

    Error Context: test-results/api-public-api-comprehensi-adfce-d-handle-auth-login-request-mobile-chrome-retry1/error-context.md

    attachment #2: trace (application/zip) ─────────────────────────────────────────────────────────
    test-results/api-public-api-comprehensi-adfce-d-handle-auth-login-request-mobile-chrome-retry1/trace.zip
    Usage:

        npx playwright show-trace test-results/api-public-api-comprehensi-adfce-d-handle-auth-login-request-mobile-chrome-retry1/trace.zip

    ────────────────────────────────────────────────────────────────────────────────────────────────

  1062) [mobile-chrome] › e2e/api/public-api-comprehensive.spec.ts:749:9 › Public API - Comprehensive Testing › Auth Endpoints › should handle auth register request 

    Error: apiRequestContext.post: connect ECONNREFUSED ::1:4000
    Call log:
      - → POST http://localhost:4000/api/auth/register
        - user-agent: Mozilla/5.0 (Linux; Android 14; Pixel 7) AppleWebKit/537.36 (KHTML, like Gecko) Chrome/151.0.7922.34 Mobile Safari/537.36
        - accept: */*
        - accept-encoding: gzip,deflate,br
        - Content-Type: application/json
        - content-length: 104

        at apiRequestContext.post: connect ECONNREFUSED ::1:4000
        at APITestHelper.post (/home/tbaltzakis/cloudless.gr/e2e/helpers/api-helpers.ts:114:41)
        at /home/tbaltzakis/cloudless.gr/e2e/api/public-api-comprehensive.spec.ts:756:40

    Error Context: test-results/api-public-api-comprehensi-9b126-andle-auth-register-request-mobile-chrome/error-context.md

    Retry #1 ───────────────────────────────────────────────────────────────────────────────────────

    Error: apiRequestContext.post: connect ECONNREFUSED ::1:4000
    Call log:
      - → POST http://localhost:4000/api/auth/register
        - user-agent: Mozilla/5.0 (Linux; Android 14; Pixel 7) AppleWebKit/537.36 (KHTML, like Gecko) Chrome/151.0.7922.34 Mobile Safari/537.36
        - accept: */*
        - accept-encoding: gzip,deflate,br
        - Content-Type: application/json
        - content-length: 104

        at apiRequestContext.post: connect ECONNREFUSED ::1:4000
        at APITestHelper.post (/home/tbaltzakis/cloudless.gr/e2e/helpers/api-helpers.ts:114:41)
        at /home/tbaltzakis/cloudless.gr/e2e/api/public-api-comprehensive.spec.ts:756:40

    Error Context: test-results/api-public-api-comprehensi-9b126-andle-auth-register-request-mobile-chrome-retry1/error-context.md

    attachment #2: trace (application/zip) ─────────────────────────────────────────────────────────
    test-results/api-public-api-comprehensi-9b126-andle-auth-register-request-mobile-chrome-retry1/trace.zip
    Usage:

        npx playwright show-trace test-results/api-public-api-comprehensi-9b126-andle-auth-register-request-mobile-chrome-retry1/trace.zip

    ────────────────────────────────────────────────────────────────────────────────────────────────

  1063) [mobile-chrome] › e2e/api/public-api-comprehensive.spec.ts:764:9 › Public API - Comprehensive Testing › Auth Endpoints › should handle auth session request 

    Error: apiRequestContext.get: connect ECONNREFUSED ::1:4000
    Call log:
      - → GET http://localhost:4000/api/auth/session
        - user-agent: Mozilla/5.0 (Linux; Android 14; Pixel 7) AppleWebKit/537.36 (KHTML, like Gecko) Chrome/151.0.7922.34 Mobile Safari/537.36
        - accept: */*
        - accept-encoding: gzip,deflate,br

        at apiRequestContext.get: connect ECONNREFUSED ::1:4000
        at APITestHelper.get (/home/tbaltzakis/cloudless.gr/e2e/helpers/api-helpers.ts:51:41)
        at /home/tbaltzakis/cloudless.gr/e2e/api/public-api-comprehensive.spec.ts:765:40

    Error Context: test-results/api-public-api-comprehensi-cacd7-handle-auth-session-request-mobile-chrome/error-context.md

    Retry #1 ───────────────────────────────────────────────────────────────────────────────────────

    Error: apiRequestContext.get: connect ECONNREFUSED ::1:4000
    Call log:
      - → GET http://localhost:4000/api/auth/session
        - user-agent: Mozilla/5.0 (Linux; Android 14; Pixel 7) AppleWebKit/537.36 (KHTML, like Gecko) Chrome/151.0.7922.34 Mobile Safari/537.36
        - accept: */*
        - accept-encoding: gzip,deflate,br

        at apiRequestContext.get: connect ECONNREFUSED ::1:4000
        at APITestHelper.get (/home/tbaltzakis/cloudless.gr/e2e/helpers/api-helpers.ts:51:41)
        at /home/tbaltzakis/cloudless.gr/e2e/api/public-api-comprehensive.spec.ts:765:40

    Error Context: test-results/api-public-api-comprehensi-cacd7-handle-auth-session-request-mobile-chrome-retry1/error-context.md

    attachment #2: trace (application/zip) ─────────────────────────────────────────────────────────
    test-results/api-public-api-comprehensi-cacd7-handle-auth-session-request-mobile-chrome-retry1/trace.zip
    Usage:

        npx playwright show-trace test-results/api-public-api-comprehensi-cacd7-handle-auth-session-request-mobile-chrome-retry1/trace.zip

    ────────────────────────────────────────────────────────────────────────────────────────────────

  1064) [mobile-chrome] › e2e/api/public-api-comprehensive.spec.ts:776:9 › Public API - Comprehensive Testing › User Endpoints › should handle user profile request 

    Error: apiRequestContext.get: connect ECONNREFUSED ::1:4000
    Call log:
      - → GET http://localhost:4000/api/user/profile
        - user-agent: Mozilla/5.0 (Linux; Android 14; Pixel 7) AppleWebKit/537.36 (KHTML, like Gecko) Chrome/151.0.7922.34 Mobile Safari/537.36
        - accept: */*
        - accept-encoding: gzip,deflate,br

        at apiRequestContext.get: connect ECONNREFUSED ::1:4000
        at APITestHelper.get (/home/tbaltzakis/cloudless.gr/e2e/helpers/api-helpers.ts:51:41)
        at /home/tbaltzakis/cloudless.gr/e2e/api/public-api-comprehensive.spec.ts:777:40

    Error Context: test-results/api-public-api-comprehensi-ab4ca-handle-user-profile-request-mobile-chrome/error-context.md

    Retry #1 ───────────────────────────────────────────────────────────────────────────────────────

    Error: apiRequestContext.get: connect ECONNREFUSED ::1:4000
    Call log:
      - → GET http://localhost:4000/api/user/profile
        - user-agent: Mozilla/5.0 (Linux; Android 14; Pixel 7) AppleWebKit/537.36 (KHTML, like Gecko) Chrome/151.0.7922.34 Mobile Safari/537.36
        - accept: */*
        - accept-encoding: gzip,deflate,br

        at apiRequestContext.get: connect ECONNREFUSED ::1:4000
        at APITestHelper.get (/home/tbaltzakis/cloudless.gr/e2e/helpers/api-helpers.ts:51:41)
        at /home/tbaltzakis/cloudless.gr/e2e/api/public-api-comprehensive.spec.ts:777:40

    Error Context: test-results/api-public-api-comprehensi-ab4ca-handle-user-profile-request-mobile-chrome-retry1/error-context.md

    attachment #2: trace (application/zip) ─────────────────────────────────────────────────────────
    test-results/api-public-api-comprehensi-ab4ca-handle-user-profile-request-mobile-chrome-retry1/trace.zip
    Usage:

        npx playwright show-trace test-results/api-public-api-comprehensi-ab4ca-handle-user-profile-request-mobile-chrome-retry1/trace.zip

    ────────────────────────────────────────────────────────────────────────────────────────────────

  1065) [mobile-chrome] › e2e/api/public-api-comprehensive.spec.ts:785:9 › Public API - Comprehensive Testing › User Endpoints › should handle user purchases request 

    Error: apiRequestContext.get: connect ECONNREFUSED ::1:4000
    Call log:
      - → GET http://localhost:4000/api/user/purchases
        - user-agent: Mozilla/5.0 (Linux; Android 14; Pixel 7) AppleWebKit/537.36 (KHTML, like Gecko) Chrome/151.0.7922.34 Mobile Safari/537.36
        - accept: */*
        - accept-encoding: gzip,deflate,br

        at apiRequestContext.get: connect ECONNREFUSED ::1:4000
        at APITestHelper.get (/home/tbaltzakis/cloudless.gr/e2e/helpers/api-helpers.ts:51:41)
        at /home/tbaltzakis/cloudless.gr/e2e/api/public-api-comprehensive.spec.ts:786:40

    Error Context: test-results/api-public-api-comprehensi-179e6-ndle-user-purchases-request-mobile-chrome/error-context.md

    Retry #1 ───────────────────────────────────────────────────────────────────────────────────────

    Error: apiRequestContext.get: connect ECONNREFUSED ::1:4000
    Call log:
      - → GET http://localhost:4000/api/user/purchases
        - user-agent: Mozilla/5.0 (Linux; Android 14; Pixel 7) AppleWebKit/537.36 (KHTML, like Gecko) Chrome/151.0.7922.34 Mobile Safari/537.36
        - accept: */*
        - accept-encoding: gzip,deflate,br

        at apiRequestContext.get: connect ECONNREFUSED ::1:4000
        at APITestHelper.get (/home/tbaltzakis/cloudless.gr/e2e/helpers/api-helpers.ts:51:41)
        at /home/tbaltzakis/cloudless.gr/e2e/api/public-api-comprehensive.spec.ts:786:40

    Error Context: test-results/api-public-api-comprehensi-179e6-ndle-user-purchases-request-mobile-chrome-retry1/error-context.md

    attachment #2: trace (application/zip) ─────────────────────────────────────────────────────────
    test-results/api-public-api-comprehensi-179e6-ndle-user-purchases-request-mobile-chrome-retry1/trace.zip
    Usage:

        npx playwright show-trace test-results/api-public-api-comprehensi-179e6-ndle-user-purchases-request-mobile-chrome-retry1/trace.zip

    ────────────────────────────────────────────────────────────────────────────────────────────────

  1066) [mobile-chrome] › e2e/api/public-api-comprehensive.spec.ts:797:9 › Public API - Comprehensive Testing › Portal Endpoints › should handle portal enrollment 

    Error: apiRequestContext.get: connect ECONNREFUSED ::1:4000
    Call log:
      - → GET http://localhost:4000/api/portal/enroll
        - user-agent: Mozilla/5.0 (Linux; Android 14; Pixel 7) AppleWebKit/537.36 (KHTML, like Gecko) Chrome/151.0.7922.34 Mobile Safari/537.36
        - accept: */*
        - accept-encoding: gzip,deflate,br

        at apiRequestContext.get: connect ECONNREFUSED ::1:4000
        at APITestHelper.get (/home/tbaltzakis/cloudless.gr/e2e/helpers/api-helpers.ts:51:41)
        at /home/tbaltzakis/cloudless.gr/e2e/api/public-api-comprehensive.spec.ts:798:40

    Error Context: test-results/api-public-api-comprehensi-bda4c-ld-handle-portal-enrollment-mobile-chrome/error-context.md

    Retry #1 ───────────────────────────────────────────────────────────────────────────────────────

    Error: apiRequestContext.get: connect ECONNREFUSED ::1:4000
    Call log:
      - → GET http://localhost:4000/api/portal/enroll
        - user-agent: Mozilla/5.0 (Linux; Android 14; Pixel 7) AppleWebKit/537.36 (KHTML, like Gecko) Chrome/151.0.7922.34 Mobile Safari/537.36
        - accept: */*
        - accept-encoding: gzip,deflate,br

        at apiRequestContext.get: connect ECONNREFUSED ::1:4000
        at APITestHelper.get (/home/tbaltzakis/cloudless.gr/e2e/helpers/api-helpers.ts:51:41)
        at /home/tbaltzakis/cloudless.gr/e2e/api/public-api-comprehensive.spec.ts:798:40

    Error Context: test-results/api-public-api-comprehensi-bda4c-ld-handle-portal-enrollment-mobile-chrome-retry1/error-context.md

    attachment #2: trace (application/zip) ─────────────────────────────────────────────────────────
    test-results/api-public-api-comprehensi-bda4c-ld-handle-portal-enrollment-mobile-chrome-retry1/trace.zip
    Usage:

        npx playwright show-trace test-results/api-public-api-comprehensi-bda4c-ld-handle-portal-enrollment-mobile-chrome-retry1/trace.zip

    ────────────────────────────────────────────────────────────────────────────────────────────────

  1067) [mobile-chrome] › e2e/api/public-api-comprehensive.spec.ts:806:9 › Public API - Comprehensive Testing › Portal Endpoints › should handle portal token routes 

    Error: apiRequestContext.get: connect ECONNREFUSED ::1:4000
    Call log:
      - → GET http://localhost:4000/api/portal/test-token-1786539122257
        - user-agent: Mozilla/5.0 (Linux; Android 14; Pixel 7) AppleWebKit/537.36 (KHTML, like Gecko) Chrome/151.0.7922.34 Mobile Safari/537.36
        - accept: */*
        - accept-encoding: gzip,deflate,br

        at apiRequestContext.get: connect ECONNREFUSED ::1:4000
        at APITestHelper.get (/home/tbaltzakis/cloudless.gr/e2e/helpers/api-helpers.ts:51:41)
        at /home/tbaltzakis/cloudless.gr/e2e/api/public-api-comprehensive.spec.ts:810:40

    Error Context: test-results/api-public-api-comprehensi-34247--handle-portal-token-routes-mobile-chrome/error-context.md

    Retry #1 ───────────────────────────────────────────────────────────────────────────────────────

    Error: apiRequestContext.get: connect ECONNREFUSED ::1:4000
    Call log:
      - → GET http://localhost:4000/api/portal/test-token-1786539122929
        - user-agent: Mozilla/5.0 (Linux; Android 14; Pixel 7) AppleWebKit/537.36 (KHTML, like Gecko) Chrome/151.0.7922.34 Mobile Safari/537.36
        - accept: */*
        - accept-encoding: gzip,deflate,br

        at apiRequestContext.get: connect ECONNREFUSED ::1:4000
        at APITestHelper.get (/home/tbaltzakis/cloudless.gr/e2e/helpers/api-helpers.ts:51:41)
        at /home/tbaltzakis/cloudless.gr/e2e/api/public-api-comprehensive.spec.ts:810:40

    Error Context: test-results/api-public-api-comprehensi-34247--handle-portal-token-routes-mobile-chrome-retry1/error-context.md

    attachment #2: trace (application/zip) ─────────────────────────────────────────────────────────
    test-results/api-public-api-comprehensi-34247--handle-portal-token-routes-mobile-chrome-retry1/trace.zip
    Usage:

        npx playwright show-trace test-results/api-public-api-comprehensi-34247--handle-portal-token-routes-mobile-chrome-retry1/trace.zip

    ────────────────────────────────────────────────────────────────────────────────────────────────

  1068) [mobile-chrome] › e2e/api/public-api-comprehensive.spec.ts:821:9 › Public API - Comprehensive Testing › Webhook Endpoints › should handle stripe webhook 

    Error: apiRequestContext.post: connect ECONNREFUSED ::1:4000
    Call log:
      - → POST http://localhost:4000/api/webhooks/stripe
        - user-agent: Mozilla/5.0 (Linux; Android 14; Pixel 7) AppleWebKit/537.36 (KHTML, like Gecko) Chrome/151.0.7922.34 Mobile Safari/537.36
        - accept: */*
        - accept-encoding: gzip,deflate,br
        - Content-Type: application/json
        - content-length: 355

        at apiRequestContext.post: connect ECONNREFUSED ::1:4000
        at APITestHelper.post (/home/tbaltzakis/cloudless.gr/e2e/helpers/api-helpers.ts:114:41)
        at /home/tbaltzakis/cloudless.gr/e2e/api/public-api-comprehensive.spec.ts:842:40

    Error Context: test-results/api-public-api-comprehensi-55bc0-hould-handle-stripe-webhook-mobile-chrome/error-context.md

    Retry #1 ───────────────────────────────────────────────────────────────────────────────────────

    Error: apiRequestContext.post: connect ECONNREFUSED ::1:4000
    Call log:
      - → POST http://localhost:4000/api/webhooks/stripe
        - user-agent: Mozilla/5.0 (Linux; Android 14; Pixel 7) AppleWebKit/537.36 (KHTML, like Gecko) Chrome/151.0.7922.34 Mobile Safari/537.36
        - accept: */*
        - accept-encoding: gzip,deflate,br
        - Content-Type: application/json
        - content-length: 355

        at apiRequestContext.post: connect ECONNREFUSED ::1:4000
        at APITestHelper.post (/home/tbaltzakis/cloudless.gr/e2e/helpers/api-helpers.ts:114:41)
        at /home/tbaltzakis/cloudless.gr/e2e/api/public-api-comprehensive.spec.ts:842:40

    Error Context: test-results/api-public-api-comprehensi-55bc0-hould-handle-stripe-webhook-mobile-chrome-retry1/error-context.md

    attachment #2: trace (application/zip) ─────────────────────────────────────────────────────────
    test-results/api-public-api-comprehensi-55bc0-hould-handle-stripe-webhook-mobile-chrome-retry1/trace.zip
    Usage:

        npx playwright show-trace test-results/api-public-api-comprehensi-55bc0-hould-handle-stripe-webhook-mobile-chrome-retry1/trace.zip

    ────────────────────────────────────────────────────────────────────────────────────────────────

  1069) [mobile-chrome] › e2e/api/public-api-comprehensive.spec.ts:850:9 › Public API - Comprehensive Testing › Webhook Endpoints › should handle notion webhook 

    Error: apiRequestContext.post: connect ECONNREFUSED ::1:4000
    Call log:
      - → POST http://localhost:4000/api/webhooks/notion
        - user-agent: Mozilla/5.0 (Linux; Android 14; Pixel 7) AppleWebKit/537.36 (KHTML, like Gecko) Chrome/151.0.7922.34 Mobile Safari/537.36
        - accept: */*
        - accept-encoding: gzip,deflate,br
        - Content-Type: application/json
        - content-length: 92

        at apiRequestContext.post: connect ECONNREFUSED ::1:4000
        at APITestHelper.post (/home/tbaltzakis/cloudless.gr/e2e/helpers/api-helpers.ts:114:41)
        at /home/tbaltzakis/cloudless.gr/e2e/api/public-api-comprehensive.spec.ts:861:40

    Error Context: test-results/api-public-api-comprehensi-619af-hould-handle-notion-webhook-mobile-chrome/error-context.md

    Retry #1 ───────────────────────────────────────────────────────────────────────────────────────

    Error: apiRequestContext.post: connect ECONNREFUSED ::1:4000
    Call log:
      - → POST http://localhost:4000/api/webhooks/notion
        - user-agent: Mozilla/5.0 (Linux; Android 14; Pixel 7) AppleWebKit/537.36 (KHTML, like Gecko) Chrome/151.0.7922.34 Mobile Safari/537.36
        - accept: */*
        - accept-encoding: gzip,deflate,br
        - Content-Type: application/json
        - content-length: 92

        at apiRequestContext.post: connect ECONNREFUSED ::1:4000
        at APITestHelper.post (/home/tbaltzakis/cloudless.gr/e2e/helpers/api-helpers.ts:114:41)
        at /home/tbaltzakis/cloudless.gr/e2e/api/public-api-comprehensive.spec.ts:861:40

    Error Context: test-results/api-public-api-comprehensi-619af-hould-handle-notion-webhook-mobile-chrome-retry1/error-context.md

    attachment #2: trace (application/zip) ─────────────────────────────────────────────────────────
    test-results/api-public-api-comprehensi-619af-hould-handle-notion-webhook-mobile-chrome-retry1/trace.zip
    Usage:

        npx playwright show-trace test-results/api-public-api-comprehensi-619af-hould-handle-notion-webhook-mobile-chrome-retry1/trace.zip

    ────────────────────────────────────────────────────────────────────────────────────────────────

  1070) [mobile-chrome] › e2e/api/public-api-comprehensive.spec.ts:872:9 › Public API - Comprehensive Testing › Cron Endpoints › should handle cron analytics rollup 

    Error: apiRequestContext.get: connect ECONNREFUSED ::1:4000
    Call log:
      - → GET http://localhost:4000/api/cron/analytics-rollup
        - user-agent: Mozilla/5.0 (Linux; Android 14; Pixel 7) AppleWebKit/537.36 (KHTML, like Gecko) Chrome/151.0.7922.34 Mobile Safari/537.36
        - accept: */*
        - accept-encoding: gzip,deflate,br

        at apiRequestContext.get: connect ECONNREFUSED ::1:4000
        at APITestHelper.get (/home/tbaltzakis/cloudless.gr/e2e/helpers/api-helpers.ts:51:41)
        at /home/tbaltzakis/cloudless.gr/e2e/api/public-api-comprehensive.spec.ts:873:40

    Error Context: test-results/api-public-api-comprehensi-777af-andle-cron-analytics-rollup-mobile-chrome/error-context.md

    Retry #1 ───────────────────────────────────────────────────────────────────────────────────────

    Error: apiRequestContext.get: connect ECONNREFUSED ::1:4000
    Call log:
      - → GET http://localhost:4000/api/cron/analytics-rollup
        - user-agent: Mozilla/5.0 (Linux; Android 14; Pixel 7) AppleWebKit/537.36 (KHTML, like Gecko) Chrome/151.0.7922.34 Mobile Safari/537.36
        - accept: */*
        - accept-encoding: gzip,deflate,br

        at apiRequestContext.get: connect ECONNREFUSED ::1:4000
        at APITestHelper.get (/home/tbaltzakis/cloudless.gr/e2e/helpers/api-helpers.ts:51:41)
        at /home/tbaltzakis/cloudless.gr/e2e/api/public-api-comprehensive.spec.ts:873:40

    Error Context: test-results/api-public-api-comprehensi-777af-andle-cron-analytics-rollup-mobile-chrome-retry1/error-context.md

    attachment #2: trace (application/zip) ─────────────────────────────────────────────────────────
    test-results/api-public-api-comprehensi-777af-andle-cron-analytics-rollup-mobile-chrome-retry1/trace.zip
    Usage:

        npx playwright show-trace test-results/api-public-api-comprehensi-777af-andle-cron-analytics-rollup-mobile-chrome-retry1/trace.zip

    ────────────────────────────────────────────────────────────────────────────────────────────────

  1071) [mobile-chrome] › e2e/api/public-api-comprehensive.spec.ts:881:9 › Public API - Comprehensive Testing › Cron Endpoints › should handle cron voice brief 

    Error: apiRequestContext.get: connect ECONNREFUSED ::1:4000
    Call log:
      - → GET http://localhost:4000/api/cron/voice-brief
        - user-agent: Mozilla/5.0 (Linux; Android 14; Pixel 7) AppleWebKit/537.36 (KHTML, like Gecko) Chrome/151.0.7922.34 Mobile Safari/537.36
        - accept: */*
        - accept-encoding: gzip,deflate,br

        at apiRequestContext.get: connect ECONNREFUSED ::1:4000
        at APITestHelper.get (/home/tbaltzakis/cloudless.gr/e2e/helpers/api-helpers.ts:51:41)
        at /home/tbaltzakis/cloudless.gr/e2e/api/public-api-comprehensive.spec.ts:882:40

    Error Context: test-results/api-public-api-comprehensi-053a1-uld-handle-cron-voice-brief-mobile-chrome/error-context.md

    Retry #1 ───────────────────────────────────────────────────────────────────────────────────────

    Error: apiRequestContext.get: connect ECONNREFUSED ::1:4000
    Call log:
      - → GET http://localhost:4000/api/cron/voice-brief
        - user-agent: Mozilla/5.0 (Linux; Android 14; Pixel 7) AppleWebKit/537.36 (KHTML, like Gecko) Chrome/151.0.7922.34 Mobile Safari/537.36
        - accept: */*
        - accept-encoding: gzip,deflate,br

        at apiRequestContext.get: connect ECONNREFUSED ::1:4000
        at APITestHelper.get (/home/tbaltzakis/cloudless.gr/e2e/helpers/api-helpers.ts:51:41)
        at /home/tbaltzakis/cloudless.gr/e2e/api/public-api-comprehensive.spec.ts:882:40

    Error Context: test-results/api-public-api-comprehensi-053a1-uld-handle-cron-voice-brief-mobile-chrome-retry1/error-context.md

    attachment #2: trace (application/zip) ─────────────────────────────────────────────────────────
    test-results/api-public-api-comprehensi-053a1-uld-handle-cron-voice-brief-mobile-chrome-retry1/trace.zip
    Usage:

        npx playwright show-trace test-results/api-public-api-comprehensi-053a1-uld-handle-cron-voice-brief-mobile-chrome-retry1/trace.zip

    ────────────────────────────────────────────────────────────────────────────────────────────────

  1072) [mobile-chrome] › e2e/api-all-routes.spec.ts:43:9 › API Routes - Complete Coverage › API GET /api/health 

    Error: apiRequestContext.get: connect ECONNREFUSED ::1:4000
    Call log:
      - → GET http://localhost:4000/api/health
        - user-agent: Mozilla/5.0 (Linux; Android 14; Pixel 7) AppleWebKit/537.36 (KHTML, like Gecko) Chrome/151.0.7922.34 Mobile Safari/537.36
        - accept: */*
        - accept-encoding: gzip,deflate,br

        at apiRequestContext.get: connect ECONNREFUSED ::1:4000
        at /home/tbaltzakis/cloudless.gr/e2e/api-all-routes.spec.ts:47:34

    Error Context: test-results/api-all-routes-API-Routes--94b01-Coverage-API-GET-api-health-mobile-chrome/error-context.md

    Retry #1 ───────────────────────────────────────────────────────────────────────────────────────

    Error: apiRequestContext.get: connect ECONNREFUSED ::1:4000
    Call log:
      - → GET http://localhost:4000/api/health
        - user-agent: Mozilla/5.0 (Linux; Android 14; Pixel 7) AppleWebKit/537.36 (KHTML, like Gecko) Chrome/151.0.7922.34 Mobile Safari/537.36
        - accept: */*
        - accept-encoding: gzip,deflate,br

        at apiRequestContext.get: connect ECONNREFUSED ::1:4000
        at /home/tbaltzakis/cloudless.gr/e2e/api-all-routes.spec.ts:47:34

    Error Context: test-results/api-all-routes-API-Routes--94b01-Coverage-API-GET-api-health-mobile-chrome-retry1/error-context.md

    attachment #2: trace (application/zip) ─────────────────────────────────────────────────────────
    test-results/api-all-routes-API-Routes--94b01-Coverage-API-GET-api-health-mobile-chrome-retry1/trace.zip
    Usage:

        npx playwright show-trace test-results/api-all-routes-API-Routes--94b01-Coverage-API-GET-api-health-mobile-chrome-retry1/trace.zip

    ────────────────────────────────────────────────────────────────────────────────────────────────

  1073) [mobile-chrome] › e2e/api-all-routes.spec.ts:43:9 › API Routes - Complete Coverage › API GET /api/blog 

    Error: apiRequestContext.get: connect ECONNREFUSED ::1:4000
    Call log:
      - → GET http://localhost:4000/api/blog
        - user-agent: Mozilla/5.0 (Linux; Android 14; Pixel 7) AppleWebKit/537.36 (KHTML, like Gecko) Chrome/151.0.7922.34 Mobile Safari/537.36
        - accept: */*
        - accept-encoding: gzip,deflate,br

        at apiRequestContext.get: connect ECONNREFUSED ::1:4000
        at /home/tbaltzakis/cloudless.gr/e2e/api-all-routes.spec.ts:47:34

    Error Context: test-results/api-all-routes-API-Routes--cb556-e-Coverage-API-GET-api-blog-mobile-chrome/error-context.md

    Retry #1 ───────────────────────────────────────────────────────────────────────────────────────

    Error: apiRequestContext.get: connect ECONNREFUSED ::1:4000
    Call log:
      - → GET http://localhost:4000/api/blog
        - user-agent: Mozilla/5.0 (Linux; Android 14; Pixel 7) AppleWebKit/537.36 (KHTML, like Gecko) Chrome/151.0.7922.34 Mobile Safari/537.36
        - accept: */*
        - accept-encoding: gzip,deflate,br

        at apiRequestContext.get: connect ECONNREFUSED ::1:4000
        at /home/tbaltzakis/cloudless.gr/e2e/api-all-routes.spec.ts:47:34

    Error Context: test-results/api-all-routes-API-Routes--cb556-e-Coverage-API-GET-api-blog-mobile-chrome-retry1/error-context.md

    attachment #2: trace (application/zip) ─────────────────────────────────────────────────────────
    test-results/api-all-routes-API-Routes--cb556-e-Coverage-API-GET-api-blog-mobile-chrome-retry1/trace.zip
    Usage:

        npx playwright show-trace test-results/api-all-routes-API-Routes--cb556-e-Coverage-API-GET-api-blog-mobile-chrome-retry1/trace.zip

    ────────────────────────────────────────────────────────────────────────────────────────────────

  1074) [mobile-chrome] › e2e/api-all-routes.spec.ts:43:9 › API Routes - Complete Coverage › API GET /api/case-studies 

    Error: apiRequestContext.get: connect ECONNREFUSED ::1:4000
    Call log:
      - → GET http://localhost:4000/api/case-studies
        - user-agent: Mozilla/5.0 (Linux; Android 14; Pixel 7) AppleWebKit/537.36 (KHTML, like Gecko) Chrome/151.0.7922.34 Mobile Safari/537.36
        - accept: */*
        - accept-encoding: gzip,deflate,br

        at apiRequestContext.get: connect ECONNREFUSED ::1:4000
        at /home/tbaltzakis/cloudless.gr/e2e/api-all-routes.spec.ts:47:34

    Error Context: test-results/api-all-routes-API-Routes--49c02-ge-API-GET-api-case-studies-mobile-chrome/error-context.md

    Retry #1 ───────────────────────────────────────────────────────────────────────────────────────

    Error: apiRequestContext.get: connect ECONNREFUSED ::1:4000
    Call log:
      - → GET http://localhost:4000/api/case-studies
        - user-agent: Mozilla/5.0 (Linux; Android 14; Pixel 7) AppleWebKit/537.36 (KHTML, like Gecko) Chrome/151.0.7922.34 Mobile Safari/537.36
        - accept: */*
        - accept-encoding: gzip,deflate,br

        at apiRequestContext.get: connect ECONNREFUSED ::1:4000
        at /home/tbaltzakis/cloudless.gr/e2e/api-all-routes.spec.ts:47:34

    Error Context: test-results/api-all-routes-API-Routes--49c02-ge-API-GET-api-case-studies-mobile-chrome-retry1/error-context.md

    attachment #2: trace (application/zip) ─────────────────────────────────────────────────────────
    test-results/api-all-routes-API-Routes--49c02-ge-API-GET-api-case-studies-mobile-chrome-retry1/trace.zip
    Usage:

        npx playwright show-trace test-results/api-all-routes-API-Routes--49c02-ge-API-GET-api-case-studies-mobile-chrome-retry1/trace.zip

    ────────────────────────────────────────────────────────────────────────────────────────────────

  1075) [mobile-chrome] › e2e/api-all-routes.spec.ts:43:9 › API Routes - Complete Coverage › API GET /api/testimonials 

    Error: apiRequestContext.get: connect ECONNREFUSED ::1:4000
    Call log:
      - → GET http://localhost:4000/api/testimonials
        - user-agent: Mozilla/5.0 (Linux; Android 14; Pixel 7) AppleWebKit/537.36 (KHTML, like Gecko) Chrome/151.0.7922.34 Mobile Safari/537.36
        - accept: */*
        - accept-encoding: gzip,deflate,br

        at apiRequestContext.get: connect ECONNREFUSED ::1:4000
        at /home/tbaltzakis/cloudless.gr/e2e/api-all-routes.spec.ts:47:34

    Error Context: test-results/api-all-routes-API-Routes--57cc6-ge-API-GET-api-testimonials-mobile-chrome/error-context.md

    Retry #1 ───────────────────────────────────────────────────────────────────────────────────────

    Error: apiRequestContext.get: connect ECONNREFUSED ::1:4000
    Call log:
      - → GET http://localhost:4000/api/testimonials
        - user-agent: Mozilla/5.0 (Linux; Android 14; Pixel 7) AppleWebKit/537.36 (KHTML, like Gecko) Chrome/151.0.7922.34 Mobile Safari/537.36
        - accept: */*
        - accept-encoding: gzip,deflate,br

        at apiRequestContext.get: connect ECONNREFUSED ::1:4000
        at /home/tbaltzakis/cloudless.gr/e2e/api-all-routes.spec.ts:47:34

    Error Context: test-results/api-all-routes-API-Routes--57cc6-ge-API-GET-api-testimonials-mobile-chrome-retry1/error-context.md

    attachment #2: trace (application/zip) ─────────────────────────────────────────────────────────
    test-results/api-all-routes-API-Routes--57cc6-ge-API-GET-api-testimonials-mobile-chrome-retry1/trace.zip
    Usage:

        npx playwright show-trace test-results/api-all-routes-API-Routes--57cc6-ge-API-GET-api-testimonials-mobile-chrome-retry1/trace.zip

    ────────────────────────────────────────────────────────────────────────────────────────────────

  1076) [mobile-chrome] › e2e/api-all-routes.spec.ts:43:9 › API Routes - Complete Coverage › API GET /api/services 

    Error: apiRequestContext.get: connect ECONNREFUSED ::1:4000
    Call log:
      - → GET http://localhost:4000/api/services
        - user-agent: Mozilla/5.0 (Linux; Android 14; Pixel 7) AppleWebKit/537.36 (KHTML, like Gecko) Chrome/151.0.7922.34 Mobile Safari/537.36
        - accept: */*
        - accept-encoding: gzip,deflate,br

        at apiRequestContext.get: connect ECONNREFUSED ::1:4000
        at /home/tbaltzakis/cloudless.gr/e2e/api-all-routes.spec.ts:47:34

    Error Context: test-results/api-all-routes-API-Routes--53af4-verage-API-GET-api-services-mobile-chrome/error-context.md

    Retry #1 ───────────────────────────────────────────────────────────────────────────────────────

    Error: apiRequestContext.get: connect ECONNREFUSED ::1:4000
    Call log:
      - → GET http://localhost:4000/api/services
        - user-agent: Mozilla/5.0 (Linux; Android 14; Pixel 7) AppleWebKit/537.36 (KHTML, like Gecko) Chrome/151.0.7922.34 Mobile Safari/537.36
        - accept: */*
        - accept-encoding: gzip,deflate,br

        at apiRequestContext.get: connect ECONNREFUSED ::1:4000
        at /home/tbaltzakis/cloudless.gr/e2e/api-all-routes.spec.ts:47:34

    Error Context: test-results/api-all-routes-API-Routes--53af4-verage-API-GET-api-services-mobile-chrome-retry1/error-context.md

    attachment #2: trace (application/zip) ─────────────────────────────────────────────────────────
    test-results/api-all-routes-API-Routes--53af4-verage-API-GET-api-services-mobile-chrome-retry1/trace.zip
    Usage:

        npx playwright show-trace test-results/api-all-routes-API-Routes--53af4-verage-API-GET-api-services-mobile-chrome-retry1/trace.zip

    ────────────────────────────────────────────────────────────────────────────────────────────────

  1077) [mobile-chrome] › e2e/api-all-routes.spec.ts:43:9 › API Routes - Complete Coverage › API GET /api/faqs 

    Error: apiRequestContext.get: connect ECONNREFUSED ::1:4000
    Call log:
      - → GET http://localhost:4000/api/faqs
        - user-agent: Mozilla/5.0 (Linux; Android 14; Pixel 7) AppleWebKit/537.36 (KHTML, like Gecko) Chrome/151.0.7922.34 Mobile Safari/537.36
        - accept: */*
        - accept-encoding: gzip,deflate,br

        at apiRequestContext.get: connect ECONNREFUSED ::1:4000
        at /home/tbaltzakis/cloudless.gr/e2e/api-all-routes.spec.ts:47:34

    Error Context: test-results/api-all-routes-API-Routes--f91b4-e-Coverage-API-GET-api-faqs-mobile-chrome/error-context.md

    Retry #1 ───────────────────────────────────────────────────────────────────────────────────────

    Error: apiRequestContext.get: connect ECONNREFUSED ::1:4000
    Call log:
      - → GET http://localhost:4000/api/faqs
        - user-agent: Mozilla/5.0 (Linux; Android 14; Pixel 7) AppleWebKit/537.36 (KHTML, like Gecko) Chrome/151.0.7922.34 Mobile Safari/537.36
        - accept: */*
        - accept-encoding: gzip,deflate,br

        at apiRequestContext.get: connect ECONNREFUSED ::1:4000
        at /home/tbaltzakis/cloudless.gr/e2e/api-all-routes.spec.ts:47:34

    Error Context: test-results/api-all-routes-API-Routes--f91b4-e-Coverage-API-GET-api-faqs-mobile-chrome-retry1/error-context.md

    attachment #2: trace (application/zip) ─────────────────────────────────────────────────────────
    test-results/api-all-routes-API-Routes--f91b4-e-Coverage-API-GET-api-faqs-mobile-chrome-retry1/trace.zip
    Usage:

        npx playwright show-trace test-results/api-all-routes-API-Routes--f91b4-e-Coverage-API-GET-api-faqs-mobile-chrome-retry1/trace.zip

    ────────────────────────────────────────────────────────────────────────────────────────────────

  1078) [mobile-chrome] › e2e/api-all-routes.spec.ts:43:9 › API Routes - Complete Coverage › API GET /api/recommendations 

    Error: apiRequestContext.get: connect ECONNREFUSED ::1:4000
    Call log:
      - → GET http://localhost:4000/api/recommendations
        - user-agent: Mozilla/5.0 (Linux; Android 14; Pixel 7) AppleWebKit/537.36 (KHTML, like Gecko) Chrome/151.0.7922.34 Mobile Safari/537.36
        - accept: */*
        - accept-encoding: gzip,deflate,br

        at apiRequestContext.get: connect ECONNREFUSED ::1:4000
        at /home/tbaltzakis/cloudless.gr/e2e/api-all-routes.spec.ts:47:34

    Error Context: test-results/api-all-routes-API-Routes--33cfe-API-GET-api-recommendations-mobile-chrome/error-context.md

    Retry #1 ───────────────────────────────────────────────────────────────────────────────────────

    Error: apiRequestContext.get: connect ECONNREFUSED ::1:4000
    Call log:
      - → GET http://localhost:4000/api/recommendations
        - user-agent: Mozilla/5.0 (Linux; Android 14; Pixel 7) AppleWebKit/537.36 (KHTML, like Gecko) Chrome/151.0.7922.34 Mobile Safari/537.36
        - accept: */*
        - accept-encoding: gzip,deflate,br

        at apiRequestContext.get: connect ECONNREFUSED ::1:4000
        at /home/tbaltzakis/cloudless.gr/e2e/api-all-routes.spec.ts:47:34

    Error Context: test-results/api-all-routes-API-Routes--33cfe-API-GET-api-recommendations-mobile-chrome-retry1/error-context.md

    attachment #2: trace (application/zip) ─────────────────────────────────────────────────────────
    test-results/api-all-routes-API-Routes--33cfe-API-GET-api-recommendations-mobile-chrome-retry1/trace.zip
    Usage:

        npx playwright show-trace test-results/api-all-routes-API-Routes--33cfe-API-GET-api-recommendations-mobile-chrome-retry1/trace.zip

    ────────────────────────────────────────────────────────────────────────────────────────────────

  1079) [mobile-chrome] › e2e/api-all-routes.spec.ts:43:9 › API Routes - Complete Coverage › API GET /api/products 

    Error: apiRequestContext.get: connect ECONNREFUSED ::1:4000
    Call log:
      - → GET http://localhost:4000/api/products
        - user-agent: Mozilla/5.0 (Linux; Android 14; Pixel 7) AppleWebKit/537.36 (KHTML, like Gecko) Chrome/151.0.7922.34 Mobile Safari/537.36
        - accept: */*
        - accept-encoding: gzip,deflate,br

        at apiRequestContext.get: connect ECONNREFUSED ::1:4000
        at /home/tbaltzakis/cloudless.gr/e2e/api-all-routes.spec.ts:47:34

    Error Context: test-results/api-all-routes-API-Routes--9489d-verage-API-GET-api-products-mobile-chrome/error-context.md

    Retry #1 ───────────────────────────────────────────────────────────────────────────────────────

    Error: apiRequestContext.get: connect ECONNREFUSED ::1:4000
    Call log:
      - → GET http://localhost:4000/api/products
        - user-agent: Mozilla/5.0 (Linux; Android 14; Pixel 7) AppleWebKit/537.36 (KHTML, like Gecko) Chrome/151.0.7922.34 Mobile Safari/537.36
        - accept: */*
        - accept-encoding: gzip,deflate,br

        at apiRequestContext.get: connect ECONNREFUSED ::1:4000
        at /home/tbaltzakis/cloudless.gr/e2e/api-all-routes.spec.ts:47:34

    Error Context: test-results/api-all-routes-API-Routes--9489d-verage-API-GET-api-products-mobile-chrome-retry1/error-context.md

    attachment #2: trace (application/zip) ─────────────────────────────────────────────────────────
    test-results/api-all-routes-API-Routes--9489d-verage-API-GET-api-products-mobile-chrome-retry1/trace.zip
    Usage:

        npx playwright show-trace test-results/api-all-routes-API-Routes--9489d-verage-API-GET-api-products-mobile-chrome-retry1/trace.zip

    ────────────────────────────────────────────────────────────────────────────────────────────────

  1080) [mobile-chrome] › e2e/api-all-routes.spec.ts:43:9 › API Routes - Complete Coverage › API GET /api/search 

    Error: apiRequestContext.get: connect ECONNREFUSED ::1:4000
    Call log:
      - → GET http://localhost:4000/api/search
        - user-agent: Mozilla/5.0 (Linux; Android 14; Pixel 7) AppleWebKit/537.36 (KHTML, like Gecko) Chrome/151.0.7922.34 Mobile Safari/537.36
        - accept: */*
        - accept-encoding: gzip,deflate,br

        at apiRequestContext.get: connect ECONNREFUSED ::1:4000
        at /home/tbaltzakis/cloudless.gr/e2e/api-all-routes.spec.ts:47:34

    Error Context: test-results/api-all-routes-API-Routes--c8605-Coverage-API-GET-api-search-mobile-chrome/error-context.md

    Retry #1 ───────────────────────────────────────────────────────────────────────────────────────

    Error: apiRequestContext.get: connect ECONNREFUSED ::1:4000
    Call log:
      - → GET http://localhost:4000/api/search
        - user-agent: Mozilla/5.0 (Linux; Android 14; Pixel 7) AppleWebKit/537.36 (KHTML, like Gecko) Chrome/151.0.7922.34 Mobile Safari/537.36
        - accept: */*
        - accept-encoding: gzip,deflate,br

        at apiRequestContext.get: connect ECONNREFUSED ::1:4000
        at /home/tbaltzakis/cloudless.gr/e2e/api-all-routes.spec.ts:47:34

    Error Context: test-results/api-all-routes-API-Routes--c8605-Coverage-API-GET-api-search-mobile-chrome-retry1/error-context.md

    attachment #2: trace (application/zip) ─────────────────────────────────────────────────────────
    test-results/api-all-routes-API-Routes--c8605-Coverage-API-GET-api-search-mobile-chrome-retry1/trace.zip
    Usage:

        npx playwright show-trace test-results/api-all-routes-API-Routes--c8605-Coverage-API-GET-api-search-mobile-chrome-retry1/trace.zip

    ────────────────────────────────────────────────────────────────────────────────────────────────

  1081) [mobile-chrome] › e2e/api-all-routes.spec.ts:43:9 › API Routes - Complete Coverage › API GET /api/pwa-manifest 

    Error: apiRequestContext.get: connect ECONNREFUSED ::1:4000
    Call log:
      - → GET http://localhost:4000/api/pwa-manifest
        - user-agent: Mozilla/5.0 (Linux; Android 14; Pixel 7) AppleWebKit/537.36 (KHTML, like Gecko) Chrome/151.0.7922.34 Mobile Safari/537.36
        - accept: */*
        - accept-encoding: gzip,deflate,br

        at apiRequestContext.get: connect ECONNREFUSED ::1:4000
        at /home/tbaltzakis/cloudless.gr/e2e/api-all-routes.spec.ts:47:34

    Error Context: test-results/api-all-routes-API-Routes--839c0-ge-API-GET-api-pwa-manifest-mobile-chrome/error-context.md

    Retry #1 ───────────────────────────────────────────────────────────────────────────────────────

    Error: apiRequestContext.get: connect ECONNREFUSED ::1:4000
    Call log:
      - → GET http://localhost:4000/api/pwa-manifest
        - user-agent: Mozilla/5.0 (Linux; Android 14; Pixel 7) AppleWebKit/537.36 (KHTML, like Gecko) Chrome/151.0.7922.34 Mobile Safari/537.36
        - accept: */*
        - accept-encoding: gzip,deflate,br

        at apiRequestContext.get: connect ECONNREFUSED ::1:4000
        at /home/tbaltzakis/cloudless.gr/e2e/api-all-routes.spec.ts:47:34

    Error Context: test-results/api-all-routes-API-Routes--839c0-ge-API-GET-api-pwa-manifest-mobile-chrome-retry1/error-context.md

    attachment #2: trace (application/zip) ─────────────────────────────────────────────────────────
    test-results/api-all-routes-API-Routes--839c0-ge-API-GET-api-pwa-manifest-mobile-chrome-retry1/trace.zip
    Usage:

        npx playwright show-trace test-results/api-all-routes-API-Routes--839c0-ge-API-GET-api-pwa-manifest-mobile-chrome-retry1/trace.zip

    ────────────────────────────────────────────────────────────────────────────────────────────────

  1082) [mobile-chrome] › e2e/api-all-routes.spec.ts:43:9 › API Routes - Complete Coverage › API POST /api/contact 

    Error: apiRequestContext.post: connect ECONNREFUSED ::1:4000
    Call log:
      - → POST http://localhost:4000/api/contact
        - user-agent: Mozilla/5.0 (Linux; Android 14; Pixel 7) AppleWebKit/537.36 (KHTML, like Gecko) Chrome/151.0.7922.34 Mobile Safari/537.36
        - accept: */*
        - accept-encoding: gzip,deflate,br
        - content-type: application/json
        - content-length: 15

        at apiRequestContext.post: connect ECONNREFUSED ::1:4000
        at /home/tbaltzakis/cloudless.gr/e2e/api-all-routes.spec.ts:49:34

    Error Context: test-results/api-all-routes-API-Routes--f88ae-verage-API-POST-api-contact-mobile-chrome/error-context.md

    Retry #1 ───────────────────────────────────────────────────────────────────────────────────────

    Error: apiRequestContext.post: connect ECONNREFUSED ::1:4000
    Call log:
      - → POST http://localhost:4000/api/contact
        - user-agent: Mozilla/5.0 (Linux; Android 14; Pixel 7) AppleWebKit/537.36 (KHTML, like Gecko) Chrome/151.0.7922.34 Mobile Safari/537.36
        - accept: */*
        - accept-encoding: gzip,deflate,br
        - content-type: application/json
        - content-length: 15

        at apiRequestContext.post: connect ECONNREFUSED ::1:4000
        at /home/tbaltzakis/cloudless.gr/e2e/api-all-routes.spec.ts:49:34

    Error Context: test-results/api-all-routes-API-Routes--f88ae-verage-API-POST-api-contact-mobile-chrome-retry1/error-context.md

    attachment #2: trace (application/zip) ─────────────────────────────────────────────────────────
    test-results/api-all-routes-API-Routes--f88ae-verage-API-POST-api-contact-mobile-chrome-retry1/trace.zip
    Usage:

        npx playwright show-trace test-results/api-all-routes-API-Routes--f88ae-verage-API-POST-api-contact-mobile-chrome-retry1/trace.zip

    ────────────────────────────────────────────────────────────────────────────────────────────────

  1083) [mobile-chrome] › e2e/api-all-routes.spec.ts:43:9 › API Routes - Complete Coverage › API POST /api/subscribe 

    Error: apiRequestContext.post: connect ECONNREFUSED ::1:4000
    Call log:
      - → POST http://localhost:4000/api/subscribe
        - user-agent: Mozilla/5.0 (Linux; Android 14; Pixel 7) AppleWebKit/537.36 (KHTML, like Gecko) Chrome/151.0.7922.34 Mobile Safari/537.36
        - accept: */*
        - accept-encoding: gzip,deflate,br
        - content-type: application/json
        - content-length: 15

        at apiRequestContext.post: connect ECONNREFUSED ::1:4000
        at /home/tbaltzakis/cloudless.gr/e2e/api-all-routes.spec.ts:49:34

    Error Context: test-results/api-all-routes-API-Routes--c04ca-rage-API-POST-api-subscribe-mobile-chrome/error-context.md

    Retry #1 ───────────────────────────────────────────────────────────────────────────────────────

    Error: apiRequestContext.post: connect ECONNREFUSED ::1:4000
    Call log:
      - → POST http://localhost:4000/api/subscribe
        - user-agent: Mozilla/5.0 (Linux; Android 14; Pixel 7) AppleWebKit/537.36 (KHTML, like Gecko) Chrome/151.0.7922.34 Mobile Safari/537.36
        - accept: */*
        - accept-encoding: gzip,deflate,br
        - content-type: application/json
        - content-length: 15

        at apiRequestContext.post: connect ECONNREFUSED ::1:4000
        at /home/tbaltzakis/cloudless.gr/e2e/api-all-routes.spec.ts:49:34

    Error Context: test-results/api-all-routes-API-Routes--c04ca-rage-API-POST-api-subscribe-mobile-chrome-retry1/error-context.md

    attachment #2: trace (application/zip) ─────────────────────────────────────────────────────────
    test-results/api-all-routes-API-Routes--c04ca-rage-API-POST-api-subscribe-mobile-chrome-retry1/trace.zip
    Usage:

        npx playwright show-trace test-results/api-all-routes-API-Routes--c04ca-rage-API-POST-api-subscribe-mobile-chrome-retry1/trace.zip

    ────────────────────────────────────────────────────────────────────────────────────────────────

  1084) [mobile-chrome] › e2e/api-all-routes.spec.ts:43:9 › API Routes - Complete Coverage › API POST /api/calendar/book 

    Error: apiRequestContext.post: connect ECONNREFUSED ::1:4000
    Call log:
      - → POST http://localhost:4000/api/calendar/book
        - user-agent: Mozilla/5.0 (Linux; Android 14; Pixel 7) AppleWebKit/537.36 (KHTML, like Gecko) Chrome/151.0.7922.34 Mobile Safari/537.36
        - accept: */*
        - accept-encoding: gzip,deflate,br
        - content-type: application/json
        - content-length: 15

        at apiRequestContext.post: connect ECONNREFUSED ::1:4000
        at /home/tbaltzakis/cloudless.gr/e2e/api-all-routes.spec.ts:49:34

    Error Context: test-results/api-all-routes-API-Routes--db801--API-POST-api-calendar-book-mobile-chrome/error-context.md

    Retry #1 ───────────────────────────────────────────────────────────────────────────────────────

    Error: apiRequestContext.post: connect ECONNREFUSED ::1:4000
    Call log:
      - → POST http://localhost:4000/api/calendar/book
        - user-agent: Mozilla/5.0 (Linux; Android 14; Pixel 7) AppleWebKit/537.36 (KHTML, like Gecko) Chrome/151.0.7922.34 Mobile Safari/537.36
        - accept: */*
        - accept-encoding: gzip,deflate,br
        - content-type: application/json
        - content-length: 15

        at apiRequestContext.post: connect ECONNREFUSED ::1:4000
        at /home/tbaltzakis/cloudless.gr/e2e/api-all-routes.spec.ts:49:34

    Error Context: test-results/api-all-routes-API-Routes--db801--API-POST-api-calendar-book-mobile-chrome-retry1/error-context.md

    attachment #2: trace (application/zip) ─────────────────────────────────────────────────────────
    test-results/api-all-routes-API-Routes--db801--API-POST-api-calendar-book-mobile-chrome-retry1/trace.zip
    Usage:

        npx playwright show-trace test-results/api-all-routes-API-Routes--db801--API-POST-api-calendar-book-mobile-chrome-retry1/trace.zip

    ────────────────────────────────────────────────────────────────────────────────────────────────

  1085) [mobile-chrome] › e2e/api-all-routes.spec.ts:43:9 › API Routes - Complete Coverage › API POST /api/chat 

    Error: apiRequestContext.post: connect ECONNREFUSED ::1:4000
    Call log:
      - → POST http://localhost:4000/api/chat
        - user-agent: Mozilla/5.0 (Linux; Android 14; Pixel 7) AppleWebKit/537.36 (KHTML, like Gecko) Chrome/151.0.7922.34 Mobile Safari/537.36
        - accept: */*
        - accept-encoding: gzip,deflate,br
        - content-type: application/json
        - content-length: 15

        at apiRequestContext.post: connect ECONNREFUSED ::1:4000
        at /home/tbaltzakis/cloudless.gr/e2e/api-all-routes.spec.ts:49:34

    Error Context: test-results/api-all-routes-API-Routes--77fb8--Coverage-API-POST-api-chat-mobile-chrome/error-context.md

    Retry #1 ───────────────────────────────────────────────────────────────────────────────────────

    Error: apiRequestContext.post: connect ECONNREFUSED ::1:4000
    Call log:
      - → POST http://localhost:4000/api/chat
        - user-agent: Mozilla/5.0 (Linux; Android 14; Pixel 7) AppleWebKit/537.36 (KHTML, like Gecko) Chrome/151.0.7922.34 Mobile Safari/537.36
        - accept: */*
        - accept-encoding: gzip,deflate,br
        - content-type: application/json
        - content-length: 15

        at apiRequestContext.post: connect ECONNREFUSED ::1:4000
        at /home/tbaltzakis/cloudless.gr/e2e/api-all-routes.spec.ts:49:34

    Error Context: test-results/api-all-routes-API-Routes--77fb8--Coverage-API-POST-api-chat-mobile-chrome-retry1/error-context.md

    attachment #2: trace (application/zip) ─────────────────────────────────────────────────────────
    test-results/api-all-routes-API-Routes--77fb8--Coverage-API-POST-api-chat-mobile-chrome-retry1/trace.zip
    Usage:

        npx playwright show-trace test-results/api-all-routes-API-Routes--77fb8--Coverage-API-POST-api-chat-mobile-chrome-retry1/trace.zip

    ────────────────────────────────────────────────────────────────────────────────────────────────

  1086) [mobile-chrome] › e2e/api-all-routes.spec.ts:43:9 › API Routes - Complete Coverage › API POST /api/chat-ai 

    Error: apiRequestContext.post: connect ECONNREFUSED ::1:4000
    Call log:
      - → POST http://localhost:4000/api/chat-ai
        - user-agent: Mozilla/5.0 (Linux; Android 14; Pixel 7) AppleWebKit/537.36 (KHTML, like Gecko) Chrome/151.0.7922.34 Mobile Safari/537.36
        - accept: */*
        - accept-encoding: gzip,deflate,br
        - content-type: application/json
        - content-length: 15

        at apiRequestContext.post: connect ECONNREFUSED ::1:4000
        at /home/tbaltzakis/cloudless.gr/e2e/api-all-routes.spec.ts:49:34

    Error Context: test-results/api-all-routes-API-Routes--9134b-verage-API-POST-api-chat-ai-mobile-chrome/error-context.md

    Retry #1 ───────────────────────────────────────────────────────────────────────────────────────

    Error: apiRequestContext.post: connect ECONNREFUSED ::1:4000
    Call log:
      - → POST http://localhost:4000/api/chat-ai
        - user-agent: Mozilla/5.0 (Linux; Android 14; Pixel 7) AppleWebKit/537.36 (KHTML, like Gecko) Chrome/151.0.7922.34 Mobile Safari/537.36
        - accept: */*
        - accept-encoding: gzip,deflate,br
        - content-type: application/json
        - content-length: 15

        at apiRequestContext.post: connect ECONNREFUSED ::1:4000
        at /home/tbaltzakis/cloudless.gr/e2e/api-all-routes.spec.ts:49:34

    Error Context: test-results/api-all-routes-API-Routes--9134b-verage-API-POST-api-chat-ai-mobile-chrome-retry1/error-context.md

    attachment #2: trace (application/zip) ─────────────────────────────────────────────────────────
    test-results/api-all-routes-API-Routes--9134b-verage-API-POST-api-chat-ai-mobile-chrome-retry1/trace.zip
    Usage:

        npx playwright show-trace test-results/api-all-routes-API-Routes--9134b-verage-API-POST-api-chat-ai-mobile-chrome-retry1/trace.zip

    ────────────────────────────────────────────────────────────────────────────────────────────────

  1087) [mobile-chrome] › e2e/api-all-routes.spec.ts:43:9 › API Routes - Complete Coverage › API GET /api/webhooks/stripe 

    Error: apiRequestContext.get: connect ECONNREFUSED ::1:4000
    Call log:
      - → GET http://localhost:4000/api/webhooks/stripe
        - user-agent: Mozilla/5.0 (Linux; Android 14; Pixel 7) AppleWebKit/537.36 (KHTML, like Gecko) Chrome/151.0.7922.34 Mobile Safari/537.36
        - accept: */*
        - accept-encoding: gzip,deflate,br

        at apiRequestContext.get: connect ECONNREFUSED ::1:4000
        at /home/tbaltzakis/cloudless.gr/e2e/api-all-routes.spec.ts:47:34

    Error Context: test-results/api-all-routes-API-Routes--5d866-API-GET-api-webhooks-stripe-mobile-chrome/error-context.md

    Retry #1 ───────────────────────────────────────────────────────────────────────────────────────

    Error: apiRequestContext.get: connect ECONNREFUSED ::1:4000
    Call log:
      - → GET http://localhost:4000/api/webhooks/stripe
        - user-agent: Mozilla/5.0 (Linux; Android 14; Pixel 7) AppleWebKit/537.36 (KHTML, like Gecko) Chrome/151.0.7922.34 Mobile Safari/537.36
        - accept: */*
        - accept-encoding: gzip,deflate,br

        at apiRequestContext.get: connect ECONNREFUSED ::1:4000
        at /home/tbaltzakis/cloudless.gr/e2e/api-all-routes.spec.ts:47:34

    Error Context: test-results/api-all-routes-API-Routes--5d866-API-GET-api-webhooks-stripe-mobile-chrome-retry1/error-context.md

    attachment #2: trace (application/zip) ─────────────────────────────────────────────────────────
    test-results/api-all-routes-API-Routes--5d866-API-GET-api-webhooks-stripe-mobile-chrome-retry1/trace.zip
    Usage:

        npx playwright show-trace test-results/api-all-routes-API-Routes--5d866-API-GET-api-webhooks-stripe-mobile-chrome-retry1/trace.zip

    ────────────────────────────────────────────────────────────────────────────────────────────────

  1088) [mobile-chrome] › e2e/api-all-routes.spec.ts:43:9 › API Routes - Complete Coverage › API GET /api/internal 

    Error: apiRequestContext.get: connect ECONNREFUSED ::1:4000
    Call log:
      - → GET http://localhost:4000/api/internal
        - user-agent: Mozilla/5.0 (Linux; Android 14; Pixel 7) AppleWebKit/537.36 (KHTML, like Gecko) Chrome/151.0.7922.34 Mobile Safari/537.36
        - accept: */*
        - accept-encoding: gzip,deflate,br

        at apiRequestContext.get: connect ECONNREFUSED ::1:4000
        at /home/tbaltzakis/cloudless.gr/e2e/api-all-routes.spec.ts:47:34

    Error Context: test-results/api-all-routes-API-Routes--bd220-verage-API-GET-api-internal-mobile-chrome/error-context.md

    Retry #1 ───────────────────────────────────────────────────────────────────────────────────────

    Error: apiRequestContext.get: connect ECONNREFUSED ::1:4000
    Call log:
      - → GET http://localhost:4000/api/internal
        - user-agent: Mozilla/5.0 (Linux; Android 14; Pixel 7) AppleWebKit/537.36 (KHTML, like Gecko) Chrome/151.0.7922.34 Mobile Safari/537.36
        - accept: */*
        - accept-encoding: gzip,deflate,br

        at apiRequestContext.get: connect ECONNREFUSED ::1:4000
        at /home/tbaltzakis/cloudless.gr/e2e/api-all-routes.spec.ts:47:34

    Error Context: test-results/api-all-routes-API-Routes--bd220-verage-API-GET-api-internal-mobile-chrome-retry1/error-context.md

    attachment #2: trace (application/zip) ─────────────────────────────────────────────────────────
    test-results/api-all-routes-API-Routes--bd220-verage-API-GET-api-internal-mobile-chrome-retry1/trace.zip
    Usage:

        npx playwright show-trace test-results/api-all-routes-API-Routes--bd220-verage-API-GET-api-internal-mobile-chrome-retry1/trace.zip

    ────────────────────────────────────────────────────────────────────────────────────────────────

  1089) [mobile-chrome] › e2e/api-all-routes.spec.ts:43:9 › API Routes - Complete Coverage › API GET /api/workflows 

    Error: apiRequestContext.get: connect ECONNREFUSED ::1:4000
    Call log:
      - → GET http://localhost:4000/api/workflows
        - user-agent: Mozilla/5.0 (Linux; Android 14; Pixel 7) AppleWebKit/537.36 (KHTML, like Gecko) Chrome/151.0.7922.34 Mobile Safari/537.36
        - accept: */*
        - accept-encoding: gzip,deflate,br

        at apiRequestContext.get: connect ECONNREFUSED ::1:4000
        at /home/tbaltzakis/cloudless.gr/e2e/api-all-routes.spec.ts:47:34

    Error Context: test-results/api-all-routes-API-Routes--25aba-erage-API-GET-api-workflows-mobile-chrome/error-context.md

    Retry #1 ───────────────────────────────────────────────────────────────────────────────────────

    Error: apiRequestContext.get: connect ECONNREFUSED ::1:4000
    Call log:
      - → GET http://localhost:4000/api/workflows
        - user-agent: Mozilla/5.0 (Linux; Android 14; Pixel 7) AppleWebKit/537.36 (KHTML, like Gecko) Chrome/151.0.7922.34 Mobile Safari/537.36
        - accept: */*
        - accept-encoding: gzip,deflate,br

        at apiRequestContext.get: connect ECONNREFUSED ::1:4000
        at /home/tbaltzakis/cloudless.gr/e2e/api-all-routes.spec.ts:47:34

    Error Context: test-results/api-all-routes-API-Routes--25aba-erage-API-GET-api-workflows-mobile-chrome-retry1/error-context.md

    attachment #2: trace (application/zip) ─────────────────────────────────────────────────────────
    test-results/api-all-routes-API-Routes--25aba-erage-API-GET-api-workflows-mobile-chrome-retry1/trace.zip
    Usage:

        npx playwright show-trace test-results/api-all-routes-API-Routes--25aba-erage-API-GET-api-workflows-mobile-chrome-retry1/trace.zip

    ────────────────────────────────────────────────────────────────────────────────────────────────

  1090) [mobile-chrome] › e2e/api-all-routes.spec.ts:62:9 › API Routes - Complete Coverage › Analytics API › analytics endpoint responds 

    Error: apiRequestContext.get: connect ECONNREFUSED ::1:4000
    Call log:
      - → GET http://localhost:4000/api/analytics
        - user-agent: Mozilla/5.0 (Linux; Android 14; Pixel 7) AppleWebKit/537.36 (KHTML, like Gecko) Chrome/151.0.7922.34 Mobile Safari/537.36
        - accept: */*
        - accept-encoding: gzip,deflate,br

        at apiRequestContext.get: connect ECONNREFUSED ::1:4000
        at /home/tbaltzakis/cloudless.gr/e2e/api-all-routes.spec.ts:63:38

    Error Context: test-results/api-all-routes-API-Routes--90d60-analytics-endpoint-responds-mobile-chrome/error-context.md

    Retry #1 ───────────────────────────────────────────────────────────────────────────────────────

    Error: apiRequestContext.get: connect ECONNREFUSED ::1:4000
    Call log:
      - → GET http://localhost:4000/api/analytics
        - user-agent: Mozilla/5.0 (Linux; Android 14; Pixel 7) AppleWebKit/537.36 (KHTML, like Gecko) Chrome/151.0.7922.34 Mobile Safari/537.36
        - accept: */*
        - accept-encoding: gzip,deflate,br

        at apiRequestContext.get: connect ECONNREFUSED ::1:4000
        at /home/tbaltzakis/cloudless.gr/e2e/api-all-routes.spec.ts:63:38

    Error Context: test-results/api-all-routes-API-Routes--90d60-analytics-endpoint-responds-mobile-chrome-retry1/error-context.md

    attachment #2: trace (application/zip) ─────────────────────────────────────────────────────────
    test-results/api-all-routes-API-Routes--90d60-analytics-endpoint-responds-mobile-chrome-retry1/trace.zip
    Usage:

        npx playwright show-trace test-results/api-all-routes-API-Routes--90d60-analytics-endpoint-responds-mobile-chrome-retry1/trace.zip

    ────────────────────────────────────────────────────────────────────────────────────────────────

  1091) [mobile-chrome] › e2e/api-all-routes.spec.ts:69:9 › API Routes - Complete Coverage › User API › user profile endpoint requires auth 

    Error: apiRequestContext.get: connect ECONNREFUSED ::1:4000
    Call log:
      - → GET http://localhost:4000/api/user/profile
        - user-agent: Mozilla/5.0 (Linux; Android 14; Pixel 7) AppleWebKit/537.36 (KHTML, like Gecko) Chrome/151.0.7922.34 Mobile Safari/537.36
        - accept: */*
        - accept-encoding: gzip,deflate,br

        at apiRequestContext.get: connect ECONNREFUSED ::1:4000
        at /home/tbaltzakis/cloudless.gr/e2e/api-all-routes.spec.ts:70:38

    Error Context: test-results/api-all-routes-API-Routes--9aa4e-file-endpoint-requires-auth-mobile-chrome/error-context.md

    Retry #1 ───────────────────────────────────────────────────────────────────────────────────────

    Error: apiRequestContext.get: connect ECONNREFUSED ::1:4000
    Call log:
      - → GET http://localhost:4000/api/user/profile
        - user-agent: Mozilla/5.0 (Linux; Android 14; Pixel 7) AppleWebKit/537.36 (KHTML, like Gecko) Chrome/151.0.7922.34 Mobile Safari/537.36
        - accept: */*
        - accept-encoding: gzip,deflate,br

        at apiRequestContext.get: connect ECONNREFUSED ::1:4000
        at /home/tbaltzakis/cloudless.gr/e2e/api-all-routes.spec.ts:70:38

    Error Context: test-results/api-all-routes-API-Routes--9aa4e-file-endpoint-requires-auth-mobile-chrome-retry1/error-context.md

    attachment #2: trace (application/zip) ─────────────────────────────────────────────────────────
    test-results/api-all-routes-API-Routes--9aa4e-file-endpoint-requires-auth-mobile-chrome-retry1/trace.zip
    Usage:

        npx playwright show-trace test-results/api-all-routes-API-Routes--9aa4e-file-endpoint-requires-auth-mobile-chrome-retry1/trace.zip

    ────────────────────────────────────────────────────────────────────────────────────────────────

  1092) [mobile-chrome] › e2e/api-all-routes.spec.ts:76:9 › API Routes - Complete Coverage › Newsletter API › newsletter endpoint validates 

    Error: apiRequestContext.post: connect ECONNREFUSED ::1:4000
    Call log:
      - → POST http://localhost:4000/api/subscribe
        - user-agent: Mozilla/5.0 (Linux; Android 14; Pixel 7) AppleWebKit/537.36 (KHTML, like Gecko) Chrome/151.0.7922.34 Mobile Safari/537.36
        - accept: */*
        - accept-encoding: gzip,deflate,br
        - content-type: application/json
        - content-length: 25

        at apiRequestContext.post: connect ECONNREFUSED ::1:4000
        at /home/tbaltzakis/cloudless.gr/e2e/api-all-routes.spec.ts:77:38

    Error Context: test-results/api-all-routes-API-Routes--ac5a1-wsletter-endpoint-validates-mobile-chrome/error-context.md

    Retry #1 ───────────────────────────────────────────────────────────────────────────────────────

    Error: apiRequestContext.post: connect ECONNREFUSED ::1:4000
    Call log:
      - → POST http://localhost:4000/api/subscribe
        - user-agent: Mozilla/5.0 (Linux; Android 14; Pixel 7) AppleWebKit/537.36 (KHTML, like Gecko) Chrome/151.0.7922.34 Mobile Safari/537.36
        - accept: */*
        - accept-encoding: gzip,deflate,br
        - content-type: application/json
        - content-length: 25

        at apiRequestContext.post: connect ECONNREFUSED ::1:4000
        at /home/tbaltzakis/cloudless.gr/e2e/api-all-routes.spec.ts:77:38

    Error Context: test-results/api-all-routes-API-Routes--ac5a1-wsletter-endpoint-validates-mobile-chrome-retry1/error-context.md

    attachment #2: trace (application/zip) ─────────────────────────────────────────────────────────
    test-results/api-all-routes-API-Routes--ac5a1-wsletter-endpoint-validates-mobile-chrome-retry1/trace.zip
    Usage:

        npx playwright show-trace test-results/api-all-routes-API-Routes--ac5a1-wsletter-endpoint-validates-mobile-chrome-retry1/trace.zip

    ────────────────────────────────────────────────────────────────────────────────────────────────

  1093) [mobile-chrome] › e2e/api-all-routes.spec.ts:83:9 › API Routes - Complete Coverage › Newsletter API › newsletter slack endpoint 

    Error: apiRequestContext.get: connect ECONNREFUSED ::1:4000
    Call log:
      - → GET http://localhost:4000/api/newsletter-slack
        - user-agent: Mozilla/5.0 (Linux; Android 14; Pixel 7) AppleWebKit/537.36 (KHTML, like Gecko) Chrome/151.0.7922.34 Mobile Safari/537.36
        - accept: */*
        - accept-encoding: gzip,deflate,br

        at apiRequestContext.get: connect ECONNREFUSED ::1:4000
        at /home/tbaltzakis/cloudless.gr/e2e/api-all-routes.spec.ts:84:38

    Error Context: test-results/api-all-routes-API-Routes--70697-I-newsletter-slack-endpoint-mobile-chrome/error-context.md

    Retry #1 ───────────────────────────────────────────────────────────────────────────────────────

    Error: apiRequestContext.get: connect ECONNREFUSED ::1:4000
    Call log:
      - → GET http://localhost:4000/api/newsletter-slack
        - user-agent: Mozilla/5.0 (Linux; Android 14; Pixel 7) AppleWebKit/537.36 (KHTML, like Gecko) Chrome/151.0.7922.34 Mobile Safari/537.36
        - accept: */*
        - accept-encoding: gzip,deflate,br

        at apiRequestContext.get: connect ECONNREFUSED ::1:4000
        at /home/tbaltzakis/cloudless.gr/e2e/api-all-routes.spec.ts:84:38

    Error Context: test-results/api-all-routes-API-Routes--70697-I-newsletter-slack-endpoint-mobile-chrome-retry1/error-context.md

    attachment #2: trace (application/zip) ─────────────────────────────────────────────────────────
    test-results/api-all-routes-API-Routes--70697-I-newsletter-slack-endpoint-mobile-chrome-retry1/trace.zip
    Usage:

        npx playwright show-trace test-results/api-all-routes-API-Routes--70697-I-newsletter-slack-endpoint-mobile-chrome-retry1/trace.zip

    ────────────────────────────────────────────────────────────────────────────────────────────────

  1094) [mobile-chrome] › e2e/api-all-routes.spec.ts:90:9 › API Routes - Complete Coverage › Admin API › admin endpoints are protected 

    Error: apiRequestContext.get: connect ECONNREFUSED ::1:4000
    Call log:
      - → GET http://localhost:4000/api/admin
        - user-agent: Mozilla/5.0 (Linux; Android 14; Pixel 7) AppleWebKit/537.36 (KHTML, like Gecko) Chrome/151.0.7922.34 Mobile Safari/537.36
        - accept: */*
        - accept-encoding: gzip,deflate,br

        at apiRequestContext.get: connect ECONNREFUSED ::1:4000
        at /home/tbaltzakis/cloudless.gr/e2e/api-all-routes.spec.ts:98:40

    Error Context: test-results/api-all-routes-API-Routes--a8bb3-min-endpoints-are-protected-mobile-chrome/error-context.md

    Retry #1 ───────────────────────────────────────────────────────────────────────────────────────

    Error: apiRequestContext.get: connect ECONNREFUSED ::1:4000
    Call log:
      - → GET http://localhost:4000/api/admin
        - user-agent: Mozilla/5.0 (Linux; Android 14; Pixel 7) AppleWebKit/537.36 (KHTML, like Gecko) Chrome/151.0.7922.34 Mobile Safari/537.36
        - accept: */*
        - accept-encoding: gzip,deflate,br

        at apiRequestContext.get: connect ECONNREFUSED ::1:4000
        at /home/tbaltzakis/cloudless.gr/e2e/api-all-routes.spec.ts:98:40

    Error Context: test-results/api-all-routes-API-Routes--a8bb3-min-endpoints-are-protected-mobile-chrome-retry1/error-context.md

    attachment #2: trace (application/zip) ─────────────────────────────────────────────────────────
    test-results/api-all-routes-API-Routes--a8bb3-min-endpoints-are-protected-mobile-chrome-retry1/trace.zip
    Usage:

        npx playwright show-trace test-results/api-all-routes-API-Routes--a8bb3-min-endpoints-are-protected-mobile-chrome-retry1/trace.zip

    ────────────────────────────────────────────────────────────────────────────────────────────────

  1095) [mobile-chrome] › e2e/api-all-routes.spec.ts:105:9 › API Routes - Complete Coverage › Docs API › docs API responds 

    Error: apiRequestContext.get: connect ECONNREFUSED ::1:4000
    Call log:
      - → GET http://localhost:4000/api/docs
        - user-agent: Mozilla/5.0 (Linux; Android 14; Pixel 7) AppleWebKit/537.36 (KHTML, like Gecko) Chrome/151.0.7922.34 Mobile Safari/537.36
        - accept: */*
        - accept-encoding: gzip,deflate,br

        at apiRequestContext.get: connect ECONNREFUSED ::1:4000
        at /home/tbaltzakis/cloudless.gr/e2e/api-all-routes.spec.ts:106:38

    Error Context: test-results/api-all-routes-API-Routes--954fa--Docs-API-docs-API-responds-mobile-chrome/error-context.md

    Retry #1 ───────────────────────────────────────────────────────────────────────────────────────

    Error: apiRequestContext.get: connect ECONNREFUSED ::1:4000
    Call log:
      - → GET http://localhost:4000/api/docs
        - user-agent: Mozilla/5.0 (Linux; Android 14; Pixel 7) AppleWebKit/537.36 (KHTML, like Gecko) Chrome/151.0.7922.34 Mobile Safari/537.36
        - accept: */*
        - accept-encoding: gzip,deflate,br

        at apiRequestContext.get: connect ECONNREFUSED ::1:4000
        at /home/tbaltzakis/cloudless.gr/e2e/api-all-routes.spec.ts:106:38

    Error Context: test-results/api-all-routes-API-Routes--954fa--Docs-API-docs-API-responds-mobile-chrome-retry1/error-context.md

    attachment #2: trace (application/zip) ─────────────────────────────────────────────────────────
    test-results/api-all-routes-API-Routes--954fa--Docs-API-docs-API-responds-mobile-chrome-retry1/trace.zip
    Usage:

        npx playwright show-trace test-results/api-all-routes-API-Routes--954fa--Docs-API-docs-API-responds-mobile-chrome-retry1/trace.zip

    ────────────────────────────────────────────────────────────────────────────────────────────────

  1096) [mobile-chrome] › e2e/api-all-routes.spec.ts:112:9 › API Routes - Complete Coverage › Notion Image API › notion-image endpoint 

    Error: apiRequestContext.get: connect ECONNREFUSED ::1:4000
    Call log:
      - → GET http://localhost:4000/api/notion-image
        - user-agent: Mozilla/5.0 (Linux; Android 14; Pixel 7) AppleWebKit/537.36 (KHTML, like Gecko) Chrome/151.0.7922.34 Mobile Safari/537.36
        - accept: */*
        - accept-encoding: gzip,deflate,br

        at apiRequestContext.get: connect ECONNREFUSED ::1:4000
        at /home/tbaltzakis/cloudless.gr/e2e/api-all-routes.spec.ts:113:38

    Error Context: test-results/api-all-routes-API-Routes--f38ab-e-API-notion-image-endpoint-mobile-chrome/error-context.md

    Retry #1 ───────────────────────────────────────────────────────────────────────────────────────

    Error: apiRequestContext.get: connect ECONNREFUSED ::1:4000
    Call log:
      - → GET http://localhost:4000/api/notion-image
        - user-agent: Mozilla/5.0 (Linux; Android 14; Pixel 7) AppleWebKit/537.36 (KHTML, like Gecko) Chrome/151.0.7922.34 Mobile Safari/537.36
        - accept: */*
        - accept-encoding: gzip,deflate,br

        at apiRequestContext.get: connect ECONNREFUSED ::1:4000
        at /home/tbaltzakis/cloudless.gr/e2e/api-all-routes.spec.ts:113:38

    Error Context: test-results/api-all-routes-API-Routes--f38ab-e-API-notion-image-endpoint-mobile-chrome-retry1/error-context.md

    attachment #2: trace (application/zip) ─────────────────────────────────────────────────────────
    test-results/api-all-routes-API-Routes--f38ab-e-API-notion-image-endpoint-mobile-chrome-retry1/trace.zip
    Usage:

        npx playwright show-trace test-results/api-all-routes-API-Routes--f38ab-e-API-notion-image-endpoint-mobile-chrome-retry1/trace.zip

    ────────────────────────────────────────────────────────────────────────────────────────────────

  1097) [mobile-chrome] › e2e/api-all-routes.spec.ts:119:9 › API Routes - Complete Coverage › Portal API › portal endpoints are protected 

    Error: apiRequestContext.get: connect ECONNREFUSED ::1:4000
    Call log:
      - → GET http://localhost:4000/api/portal
        - user-agent: Mozilla/5.0 (Linux; Android 14; Pixel 7) AppleWebKit/537.36 (KHTML, like Gecko) Chrome/151.0.7922.34 Mobile Safari/537.36
        - accept: */*
        - accept-encoding: gzip,deflate,br

        at apiRequestContext.get: connect ECONNREFUSED ::1:4000
        at /home/tbaltzakis/cloudless.gr/e2e/api-all-routes.spec.ts:120:38

    Error Context: test-results/api-all-routes-API-Routes--afd4b-tal-endpoints-are-protected-mobile-chrome/error-context.md

    Retry #1 ───────────────────────────────────────────────────────────────────────────────────────

    Error: apiRequestContext.get: connect ECONNREFUSED ::1:4000
    Call log:
      - → GET http://localhost:4000/api/portal
        - user-agent: Mozilla/5.0 (Linux; Android 14; Pixel 7) AppleWebKit/537.36 (KHTML, like Gecko) Chrome/151.0.7922.34 Mobile Safari/537.36
        - accept: */*
        - accept-encoding: gzip,deflate,br

        at apiRequestContext.get: connect ECONNREFUSED ::1:4000
        at /home/tbaltzakis/cloudless.gr/e2e/api-all-routes.spec.ts:120:38

    Error Context: test-results/api-all-routes-API-Routes--afd4b-tal-endpoints-are-protected-mobile-chrome-retry1/error-context.md

    attachment #2: trace (application/zip) ─────────────────────────────────────────────────────────
    test-results/api-all-routes-API-Routes--afd4b-tal-endpoints-are-protected-mobile-chrome-retry1/trace.zip
    Usage:

        npx playwright show-trace test-results/api-all-routes-API-Routes--afd4b-tal-endpoints-are-protected-mobile-chrome-retry1/trace.zip

    ────────────────────────────────────────────────────────────────────────────────────────────────

  1098) [mobile-chrome] › e2e/api-all-routes.spec.ts:126:9 › API Routes - Complete Coverage › CSP Report API › CSP report endpoint accepts POST 

    Error: apiRequestContext.post: connect ECONNREFUSED ::1:4000
    Call log:
      - → POST http://localhost:4000/api/csp-report
        - user-agent: Mozilla/5.0 (Linux; Android 14; Pixel 7) AppleWebKit/537.36 (KHTML, like Gecko) Chrome/151.0.7922.34 Mobile Safari/537.36
        - accept: */*
        - accept-encoding: gzip,deflate,br
        - content-type: application/json
        - content-length: 37

        at apiRequestContext.post: connect ECONNREFUSED ::1:4000
        at /home/tbaltzakis/cloudless.gr/e2e/api-all-routes.spec.ts:127:38

    Error Context: test-results/api-all-routes-API-Routes--f28e8-eport-endpoint-accepts-POST-mobile-chrome/error-context.md

    Retry #1 ───────────────────────────────────────────────────────────────────────────────────────

    Error: apiRequestContext.post: connect ECONNREFUSED ::1:4000
    Call log:
      - → POST http://localhost:4000/api/csp-report
        - user-agent: Mozilla/5.0 (Linux; Android 14; Pixel 7) AppleWebKit/537.36 (KHTML, like Gecko) Chrome/151.0.7922.34 Mobile Safari/537.36
        - accept: */*
        - accept-encoding: gzip,deflate,br
        - content-type: application/json
        - content-length: 37

        at apiRequestContext.post: connect ECONNREFUSED ::1:4000
        at /home/tbaltzakis/cloudless.gr/e2e/api-all-routes.spec.ts:127:38

    Error Context: test-results/api-all-routes-API-Routes--f28e8-eport-endpoint-accepts-POST-mobile-chrome-retry1/error-context.md

    attachment #2: trace (application/zip) ─────────────────────────────────────────────────────────
    test-results/api-all-routes-API-Routes--f28e8-eport-endpoint-accepts-POST-mobile-chrome-retry1/trace.zip
    Usage:

        npx playwright show-trace test-results/api-all-routes-API-Routes--f28e8-eport-endpoint-accepts-POST-mobile-chrome-retry1/trace.zip

    ────────────────────────────────────────────────────────────────────────────────────────────────

  1099) [mobile-chrome] › e2e/api-all-routes.spec.ts:136:9 › API Routes - Complete Coverage › Track API › track endpoint responds 

    Error: apiRequestContext.get: connect ECONNREFUSED ::1:4000
    Call log:
      - → GET http://localhost:4000/api/track
        - user-agent: Mozilla/5.0 (Linux; Android 14; Pixel 7) AppleWebKit/537.36 (KHTML, like Gecko) Chrome/151.0.7922.34 Mobile Safari/537.36
        - accept: */*
        - accept-encoding: gzip,deflate,br

        at apiRequestContext.get: connect ECONNREFUSED ::1:4000
        at /home/tbaltzakis/cloudless.gr/e2e/api-all-routes.spec.ts:137:38

    Error Context: test-results/api-all-routes-API-Routes--a9519-API-track-endpoint-responds-mobile-chrome/error-context.md

    Retry #1 ───────────────────────────────────────────────────────────────────────────────────────

    Error: apiRequestContext.get: connect ECONNREFUSED ::1:4000
    Call log:
      - → GET http://localhost:4000/api/track
        - user-agent: Mozilla/5.0 (Linux; Android 14; Pixel 7) AppleWebKit/537.36 (KHTML, like Gecko) Chrome/151.0.7922.34 Mobile Safari/537.36
        - accept: */*
        - accept-encoding: gzip,deflate,br

        at apiRequestContext.get: connect ECONNREFUSED ::1:4000
        at /home/tbaltzakis/cloudless.gr/e2e/api-all-routes.spec.ts:137:38

    Error Context: test-results/api-all-routes-API-Routes--a9519-API-track-endpoint-responds-mobile-chrome-retry1/error-context.md

    attachment #2: trace (application/zip) ─────────────────────────────────────────────────────────
    test-results/api-all-routes-API-Routes--a9519-API-track-endpoint-responds-mobile-chrome-retry1/trace.zip
    Usage:

        npx playwright show-trace test-results/api-all-routes-API-Routes--a9519-API-track-endpoint-responds-mobile-chrome-retry1/trace.zip

    ────────────────────────────────────────────────────────────────────────────────────────────────

  1100) [mobile-chrome] › e2e/api-all-routes.spec.ts:143:9 › API Routes - Complete Coverage › Unsubscribe API › unsubscribe endpoint 

    Error: apiRequestContext.get: connect ECONNREFUSED ::1:4000
    Call log:
      - → GET http://localhost:4000/api/unsubscribe
        - user-agent: Mozilla/5.0 (Linux; Android 14; Pixel 7) AppleWebKit/537.36 (KHTML, like Gecko) Chrome/151.0.7922.34 Mobile Safari/537.36
        - accept: */*
        - accept-encoding: gzip,deflate,br

        at apiRequestContext.get: connect ECONNREFUSED ::1:4000
        at /home/tbaltzakis/cloudless.gr/e2e/api-all-routes.spec.ts:144:38

    Error Context: test-results/api-all-routes-API-Routes--7d105-be-API-unsubscribe-endpoint-mobile-chrome/error-context.md

    Retry #1 ───────────────────────────────────────────────────────────────────────────────────────

    Error: apiRequestContext.get: connect ECONNREFUSED ::1:4000
    Call log:
      - → GET http://localhost:4000/api/unsubscribe
        - user-agent: Mozilla/5.0 (Linux; Android 14; Pixel 7) AppleWebKit/537.36 (KHTML, like Gecko) Chrome/151.0.7922.34 Mobile Safari/537.36
        - accept: */*
        - accept-encoding: gzip,deflate,br

        at apiRequestContext.get: connect ECONNREFUSED ::1:4000
        at /home/tbaltzakis/cloudless.gr/e2e/api-all-routes.spec.ts:144:38

    Error Context: test-results/api-all-routes-API-Routes--7d105-be-API-unsubscribe-endpoint-mobile-chrome-retry1/error-context.md

    attachment #2: trace (application/zip) ─────────────────────────────────────────────────────────
    test-results/api-all-routes-API-Routes--7d105-be-API-unsubscribe-endpoint-mobile-chrome-retry1/trace.zip
    Usage:

        npx playwright show-trace test-results/api-all-routes-API-Routes--7d105-be-API-unsubscribe-endpoint-mobile-chrome-retry1/trace.zip

    ────────────────────────────────────────────────────────────────────────────────────────────────

  1101) [mobile-chrome] › e2e/api-auth.spec.ts:4:7 › API Authentication › health endpoint returns 200 with status payload 

    Error: apiRequestContext.get: connect ECONNREFUSED ::1:4000
    Call log:
      - → GET http://localhost:4000/api/health
        - user-agent: Mozilla/5.0 (Linux; Android 14; Pixel 7) AppleWebKit/537.36 (KHTML, like Gecko) Chrome/151.0.7922.34 Mobile Safari/537.36
        - accept: */*
        - accept-encoding: gzip,deflate,br

        at apiRequestContext.get: connect ECONNREFUSED ::1:4000
        at /home/tbaltzakis/cloudless.gr/e2e/api-auth.spec.ts:5:41

    attachment #1: screenshot (image/png) ──────────────────────────────────────────────────────────
    test-results/api-auth-API-Authenticatio-55ae7-rns-200-with-status-payload-mobile-chrome/test-failed-1.png
    ────────────────────────────────────────────────────────────────────────────────────────────────

    attachment #2: video (video/webm) ──────────────────────────────────────────────────────────────
    test-results/api-auth-API-Authenticatio-55ae7-rns-200-with-status-payload-mobile-chrome/video.webm
    ────────────────────────────────────────────────────────────────────────────────────────────────

    Error Context: test-results/api-auth-API-Authenticatio-55ae7-rns-200-with-status-payload-mobile-chrome/error-context.md

    Retry #1 ───────────────────────────────────────────────────────────────────────────────────────

    Error: apiRequestContext.get: connect ECONNREFUSED ::1:4000
    Call log:
      - → GET http://localhost:4000/api/health
        - user-agent: Mozilla/5.0 (Linux; Android 14; Pixel 7) AppleWebKit/537.36 (KHTML, like Gecko) Chrome/151.0.7922.34 Mobile Safari/537.36
        - accept: */*
        - accept-encoding: gzip,deflate,br

        at apiRequestContext.get: connect ECONNREFUSED ::1:4000
        at /home/tbaltzakis/cloudless.gr/e2e/api-auth.spec.ts:5:41

    attachment #1: screenshot (image/png) ──────────────────────────────────────────────────────────
    test-results/api-auth-API-Authenticatio-55ae7-rns-200-with-status-payload-mobile-chrome-retry1/test-failed-1.png
    ────────────────────────────────────────────────────────────────────────────────────────────────

    attachment #2: video (video/webm) ──────────────────────────────────────────────────────────────
    test-results/api-auth-API-Authenticatio-55ae7-rns-200-with-status-payload-mobile-chrome-retry1/video.webm
    ────────────────────────────────────────────────────────────────────────────────────────────────

    Error Context: test-results/api-auth-API-Authenticatio-55ae7-rns-200-with-status-payload-mobile-chrome-retry1/error-context.md

    attachment #4: trace (application/zip) ─────────────────────────────────────────────────────────
    test-results/api-auth-API-Authenticatio-55ae7-rns-200-with-status-payload-mobile-chrome-retry1/trace.zip
    Usage:

        npx playwright show-trace test-results/api-auth-API-Authenticatio-55ae7-rns-200-with-status-payload-mobile-chrome-retry1/trace.zip

    ────────────────────────────────────────────────────────────────────────────────────────────────

  1102) [mobile-chrome] › e2e/api-routes-extra-gaps.spec.ts:25:7 › Missing auth APIs (POST endpoints) › POST /api/auth/register with empty body returns 4xx 

    Error: apiRequestContext.post: connect ECONNREFUSED ::1:4000
    Call log:
      - → POST http://localhost:4000/api/auth/register
        - user-agent: Mozilla/5.0 (Linux; Android 14; Pixel 7) AppleWebKit/537.36 (KHTML, like Gecko) Chrome/151.0.7922.34 Mobile Safari/537.36
        - accept: */*
        - accept-encoding: gzip,deflate,br
        - x-forwarded-for: 203.0.113.201
        - content-type: application/json
        - content-length: 2

        at apiRequestContext.post: connect ECONNREFUSED ::1:4000
        at /home/tbaltzakis/cloudless.gr/e2e/api-routes-extra-gaps.spec.ts:26:29

    Error Context: test-results/api-routes-extra-gaps-Miss-514d1-with-empty-body-returns-4xx-mobile-chrome/error-context.md

    Retry #1 ───────────────────────────────────────────────────────────────────────────────────────

    Error: apiRequestContext.post: connect ECONNREFUSED ::1:4000
    Call log:
      - → POST http://localhost:4000/api/auth/register
        - user-agent: Mozilla/5.0 (Linux; Android 14; Pixel 7) AppleWebKit/537.36 (KHTML, like Gecko) Chrome/151.0.7922.34 Mobile Safari/537.36
        - accept: */*
        - accept-encoding: gzip,deflate,br
        - x-forwarded-for: 203.0.113.201
        - content-type: application/json
        - content-length: 2

        at apiRequestContext.post: connect ECONNREFUSED ::1:4000
        at /home/tbaltzakis/cloudless.gr/e2e/api-routes-extra-gaps.spec.ts:26:29

    Error Context: test-results/api-routes-extra-gaps-Miss-514d1-with-empty-body-returns-4xx-mobile-chrome-retry1/error-context.md

    attachment #2: trace (application/zip) ─────────────────────────────────────────────────────────
    test-results/api-routes-extra-gaps-Miss-514d1-with-empty-body-returns-4xx-mobile-chrome-retry1/trace.zip
    Usage:

        npx playwright show-trace test-results/api-routes-extra-gaps-Miss-514d1-with-empty-body-returns-4xx-mobile-chrome-retry1/trace.zip

    ────────────────────────────────────────────────────────────────────────────────────────────────

  1103) [mobile-chrome] › e2e/api-routes-extra-gaps.spec.ts:33:7 › Missing auth APIs (POST endpoints) › POST /api/auth/resend-verification with empty body returns 2xx (privacy: no email leak) 

    Error: apiRequestContext.post: connect ECONNREFUSED ::1:4000
    Call log:
      - → POST http://localhost:4000/api/auth/resend-verification
        - user-agent: Mozilla/5.0 (Linux; Android 14; Pixel 7) AppleWebKit/537.36 (KHTML, like Gecko) Chrome/151.0.7922.34 Mobile Safari/537.36
        - accept: */*
        - accept-encoding: gzip,deflate,br
        - x-forwarded-for: 203.0.113.201
        - content-type: application/json
        - content-length: 2

        at apiRequestContext.post: connect ECONNREFUSED ::1:4000
        at /home/tbaltzakis/cloudless.gr/e2e/api-routes-extra-gaps.spec.ts:34:29

    Error Context: test-results/api-routes-extra-gaps-Miss-b51c4--2xx-privacy-no-email-leak--mobile-chrome/error-context.md

    Retry #1 ───────────────────────────────────────────────────────────────────────────────────────

    Error: apiRequestContext.post: connect ECONNREFUSED ::1:4000
    Call log:
      - → POST http://localhost:4000/api/auth/resend-verification
        - user-agent: Mozilla/5.0 (Linux; Android 14; Pixel 7) AppleWebKit/537.36 (KHTML, like Gecko) Chrome/151.0.7922.34 Mobile Safari/537.36
        - accept: */*
        - accept-encoding: gzip,deflate,br
        - x-forwarded-for: 203.0.113.201
        - content-type: application/json
        - content-length: 2

        at apiRequestContext.post: connect ECONNREFUSED ::1:4000
        at /home/tbaltzakis/cloudless.gr/e2e/api-routes-extra-gaps.spec.ts:34:29

    Error Context: test-results/api-routes-extra-gaps-Miss-b51c4--2xx-privacy-no-email-leak--mobile-chrome-retry1/error-context.md

    attachment #2: trace (application/zip) ─────────────────────────────────────────────────────────
    test-results/api-routes-extra-gaps-Miss-b51c4--2xx-privacy-no-email-leak--mobile-chrome-retry1/trace.zip
    Usage:

        npx playwright show-trace test-results/api-routes-extra-gaps-Miss-b51c4--2xx-privacy-no-email-leak--mobile-chrome-retry1/trace.zip

    ────────────────────────────────────────────────────────────────────────────────────────────────

  1104) [mobile-chrome] › e2e/api-routes-extra-gaps.spec.ts:44:7 › Missing portal API endpoints › GET /api/portal/[token]/deliverables resolves cleanly 

    Error: apiRequestContext.get: connect ECONNREFUSED ::1:4000
    Call log:
      - → GET http://localhost:4000/api/portal/sample-e2e-id/deliverables
        - user-agent: Mozilla/5.0 (Linux; Android 14; Pixel 7) AppleWebKit/537.36 (KHTML, like Gecko) Chrome/151.0.7922.34 Mobile Safari/537.36
        - accept: */*
        - accept-encoding: gzip,deflate,br
        - x-forwarded-for: 203.0.113.201

        at apiRequestContext.get: connect ECONNREFUSED ::1:4000
        at /home/tbaltzakis/cloudless.gr/e2e/api-routes-extra-gaps.spec.ts:45:29

    Error Context: test-results/api-routes-extra-gaps-Miss-a4973-liverables-resolves-cleanly-mobile-chrome/error-context.md

    Retry #1 ───────────────────────────────────────────────────────────────────────────────────────

    Error: apiRequestContext.get: connect ECONNREFUSED ::1:4000
    Call log:
      - → GET http://localhost:4000/api/portal/sample-e2e-id/deliverables
        - user-agent: Mozilla/5.0 (Linux; Android 14; Pixel 7) AppleWebKit/537.36 (KHTML, like Gecko) Chrome/151.0.7922.34 Mobile Safari/537.36
        - accept: */*
        - accept-encoding: gzip,deflate,br
        - x-forwarded-for: 203.0.113.201

        at apiRequestContext.get: connect ECONNREFUSED ::1:4000
        at /home/tbaltzakis/cloudless.gr/e2e/api-routes-extra-gaps.spec.ts:45:29

    Error Context: test-results/api-routes-extra-gaps-Miss-a4973-liverables-resolves-cleanly-mobile-chrome-retry1/error-context.md

    attachment #2: trace (application/zip) ─────────────────────────────────────────────────────────
    test-results/api-routes-extra-gaps-Miss-a4973-liverables-resolves-cleanly-mobile-chrome-retry1/trace.zip
    Usage:

        npx playwright show-trace test-results/api-routes-extra-gaps-Miss-a4973-liverables-resolves-cleanly-mobile-chrome-retry1/trace.zip

    ────────────────────────────────────────────────────────────────────────────────────────────────

  1105) [mobile-chrome] › e2e/api-routes-extra-gaps.spec.ts:52:7 › Missing portal API endpoints › POST /api/portal/enroll with empty body returns non-5xx 

    Error: apiRequestContext.post: connect ECONNREFUSED ::1:4000
    Call log:
      - → POST http://localhost:4000/api/portal/enroll
        - user-agent: Mozilla/5.0 (Linux; Android 14; Pixel 7) AppleWebKit/537.36 (KHTML, like Gecko) Chrome/151.0.7922.34 Mobile Safari/537.36
        - accept: */*
        - accept-encoding: gzip,deflate,br
        - x-forwarded-for: 203.0.113.201
        - content-type: application/json
        - content-length: 2

        at apiRequestContext.post: connect ECONNREFUSED ::1:4000
        at /home/tbaltzakis/cloudless.gr/e2e/api-routes-extra-gaps.spec.ts:53:29

    Error Context: test-results/api-routes-extra-gaps-Miss-38b1a--empty-body-returns-non-5xx-mobile-chrome/error-context.md

    Retry #1 ───────────────────────────────────────────────────────────────────────────────────────

    Error: apiRequestContext.post: connect ECONNREFUSED ::1:4000
    Call log:
      - → POST http://localhost:4000/api/portal/enroll
        - user-agent: Mozilla/5.0 (Linux; Android 14; Pixel 7) AppleWebKit/537.36 (KHTML, like Gecko) Chrome/151.0.7922.34 Mobile Safari/537.36
        - accept: */*
        - accept-encoding: gzip,deflate,br
        - x-forwarded-for: 203.0.113.201
        - content-type: application/json
        - content-length: 2

        at apiRequestContext.post: connect ECONNREFUSED ::1:4000
        at /home/tbaltzakis/cloudless.gr/e2e/api-routes-extra-gaps.spec.ts:53:29

    Error Context: test-results/api-routes-extra-gaps-Miss-38b1a--empty-body-returns-non-5xx-mobile-chrome-retry1/error-context.md

    attachment #2: trace (application/zip) ─────────────────────────────────────────────────────────
    test-results/api-routes-extra-gaps-Miss-38b1a--empty-body-returns-non-5xx-mobile-chrome-retry1/trace.zip
    Usage:

        npx playwright show-trace test-results/api-routes-extra-gaps-Miss-38b1a--empty-body-returns-non-5xx-mobile-chrome-retry1/trace.zip

    ────────────────────────────────────────────────────────────────────────────────────────────────

  1106) [mobile-chrome] › e2e/api-routes-extra-gaps.spec.ts:63:9 › Missing newsletter-slack APIs › POST /api/newsletter-slack/events without auth returns non-5xx 

    Error: apiRequestContext.post: connect ECONNREFUSED ::1:4000
    Call log:
      - → POST http://localhost:4000/api/newsletter-slack/events
        - user-agent: Mozilla/5.0 (Linux; Android 14; Pixel 7) AppleWebKit/537.36 (KHTML, like Gecko) Chrome/151.0.7922.34 Mobile Safari/537.36
        - accept: */*
        - accept-encoding: gzip,deflate,br
        - x-forwarded-for: 203.0.113.201
        - content-type: application/json
        - content-length: 2

        at apiRequestContext.post: connect ECONNREFUSED ::1:4000
        at /home/tbaltzakis/cloudless.gr/e2e/api-routes-extra-gaps.spec.ts:64:31

    Error Context: test-results/api-routes-extra-gaps-Miss-fc771-ithout-auth-returns-non-5xx-mobile-chrome/error-context.md

    Retry #1 ───────────────────────────────────────────────────────────────────────────────────────

    Error: apiRequestContext.post: connect ECONNREFUSED ::1:4000
    Call log:
      - → POST http://localhost:4000/api/newsletter-slack/events
        - user-agent: Mozilla/5.0 (Linux; Android 14; Pixel 7) AppleWebKit/537.36 (KHTML, like Gecko) Chrome/151.0.7922.34 Mobile Safari/537.36
        - accept: */*
        - accept-encoding: gzip,deflate,br
        - x-forwarded-for: 203.0.113.201
        - content-type: application/json
        - content-length: 2

        at apiRequestContext.post: connect ECONNREFUSED ::1:4000
        at /home/tbaltzakis/cloudless.gr/e2e/api-routes-extra-gaps.spec.ts:64:31

    Error Context: test-results/api-routes-extra-gaps-Miss-fc771-ithout-auth-returns-non-5xx-mobile-chrome-retry1/error-context.md

    attachment #2: trace (application/zip) ─────────────────────────────────────────────────────────
    test-results/api-routes-extra-gaps-Miss-fc771-ithout-auth-returns-non-5xx-mobile-chrome-retry1/trace.zip
    Usage:

        npx playwright show-trace test-results/api-routes-extra-gaps-Miss-fc771-ithout-auth-returns-non-5xx-mobile-chrome-retry1/trace.zip

    ────────────────────────────────────────────────────────────────────────────────────────────────

  1107) [mobile-chrome] › e2e/api-routes-extra-gaps.spec.ts:63:9 › Missing newsletter-slack APIs › POST /api/newsletter-slack/commands without auth returns non-5xx 

    Error: apiRequestContext.post: connect ECONNREFUSED ::1:4000
    Call log:
      - → POST http://localhost:4000/api/newsletter-slack/commands
        - user-agent: Mozilla/5.0 (Linux; Android 14; Pixel 7) AppleWebKit/537.36 (KHTML, like Gecko) Chrome/151.0.7922.34 Mobile Safari/537.36
        - accept: */*
        - accept-encoding: gzip,deflate,br
        - x-forwarded-for: 203.0.113.201
        - content-type: application/json
        - content-length: 2

        at apiRequestContext.post: connect ECONNREFUSED ::1:4000
        at /home/tbaltzakis/cloudless.gr/e2e/api-routes-extra-gaps.spec.ts:64:31

    Error Context: test-results/api-routes-extra-gaps-Miss-c677b-ithout-auth-returns-non-5xx-mobile-chrome/error-context.md

    Retry #1 ───────────────────────────────────────────────────────────────────────────────────────

    Error: apiRequestContext.post: connect ECONNREFUSED ::1:4000
    Call log:
      - → POST http://localhost:4000/api/newsletter-slack/commands
        - user-agent: Mozilla/5.0 (Linux; Android 14; Pixel 7) AppleWebKit/537.36 (KHTML, like Gecko) Chrome/151.0.7922.34 Mobile Safari/537.36
        - accept: */*
        - accept-encoding: gzip,deflate,br
        - x-forwarded-for: 203.0.113.201
        - content-type: application/json
        - content-length: 2

        at apiRequestContext.post: connect ECONNREFUSED ::1:4000
        at /home/tbaltzakis/cloudless.gr/e2e/api-routes-extra-gaps.spec.ts:64:31

    Error Context: test-results/api-routes-extra-gaps-Miss-c677b-ithout-auth-returns-non-5xx-mobile-chrome-retry1/error-context.md

    attachment #2: trace (application/zip) ─────────────────────────────────────────────────────────
    test-results/api-routes-extra-gaps-Miss-c677b-ithout-auth-returns-non-5xx-mobile-chrome-retry1/trace.zip
    Usage:

        npx playwright show-trace test-results/api-routes-extra-gaps-Miss-c677b-ithout-auth-returns-non-5xx-mobile-chrome-retry1/trace.zip

    ────────────────────────────────────────────────────────────────────────────────────────────────

  1108) [mobile-chrome] › e2e/api-routes-extra-gaps.spec.ts:63:9 › Missing newsletter-slack APIs › POST /api/newsletter-slack/interactions without auth returns non-5xx 

    Error: apiRequestContext.post: connect ECONNREFUSED ::1:4000
    Call log:
      - → POST http://localhost:4000/api/newsletter-slack/interactions
        - user-agent: Mozilla/5.0 (Linux; Android 14; Pixel 7) AppleWebKit/537.36 (KHTML, like Gecko) Chrome/151.0.7922.34 Mobile Safari/537.36
        - accept: */*
        - accept-encoding: gzip,deflate,br
        - x-forwarded-for: 203.0.113.201
        - content-type: application/json
        - content-length: 2

        at apiRequestContext.post: connect ECONNREFUSED ::1:4000
        at /home/tbaltzakis/cloudless.gr/e2e/api-routes-extra-gaps.spec.ts:64:31

    Error Context: test-results/api-routes-extra-gaps-Miss-c88c3-ithout-auth-returns-non-5xx-mobile-chrome/error-context.md

    Retry #1 ───────────────────────────────────────────────────────────────────────────────────────

    Error: apiRequestContext.post: connect ECONNREFUSED ::1:4000
    Call log:
      - → POST http://localhost:4000/api/newsletter-slack/interactions
        - user-agent: Mozilla/5.0 (Linux; Android 14; Pixel 7) AppleWebKit/537.36 (KHTML, like Gecko) Chrome/151.0.7922.34 Mobile Safari/537.36
        - accept: */*
        - accept-encoding: gzip,deflate,br
        - x-forwarded-for: 203.0.113.201
        - content-type: application/json
        - content-length: 2

        at apiRequestContext.post: connect ECONNREFUSED ::1:4000
        at /home/tbaltzakis/cloudless.gr/e2e/api-routes-extra-gaps.spec.ts:64:31

    Error Context: test-results/api-routes-extra-gaps-Miss-c88c3-ithout-auth-returns-non-5xx-mobile-chrome-retry1/error-context.md

    attachment #2: trace (application/zip) ─────────────────────────────────────────────────────────
    test-results/api-routes-extra-gaps-Miss-c88c3-ithout-auth-returns-non-5xx-mobile-chrome-retry1/trace.zip
    Usage:

        npx playwright show-trace test-results/api-routes-extra-gaps-Miss-c88c3-ithout-auth-returns-non-5xx-mobile-chrome-retry1/trace.zip

    ────────────────────────────────────────────────────────────────────────────────────────────────

  1109) [mobile-chrome] › e2e/api-routes-extra-gaps.spec.ts:74:7 › Missing webhook APIs › POST /api/webhooks/postiz without secret returns 401 

    Error: apiRequestContext.post: connect ECONNREFUSED ::1:4000
    Call log:
      - → POST http://localhost:4000/api/webhooks/postiz
        - user-agent: Mozilla/5.0 (Linux; Android 14; Pixel 7) AppleWebKit/537.36 (KHTML, like Gecko) Chrome/151.0.7922.34 Mobile Safari/537.36
        - accept: */*
        - accept-encoding: gzip,deflate,br
        - content-type: application/json
        - content-length: 16

        at apiRequestContext.post: connect ECONNREFUSED ::1:4000
        at /home/tbaltzakis/cloudless.gr/e2e/api-routes-extra-gaps.spec.ts:75:29

    Error Context: test-results/api-routes-extra-gaps-Miss-413ff--without-secret-returns-401-mobile-chrome/error-context.md

    Retry #1 ───────────────────────────────────────────────────────────────────────────────────────

    Error: apiRequestContext.post: connect ECONNREFUSED ::1:4000
    Call log:
      - → POST http://localhost:4000/api/webhooks/postiz
        - user-agent: Mozilla/5.0 (Linux; Android 14; Pixel 7) AppleWebKit/537.36 (KHTML, like Gecko) Chrome/151.0.7922.34 Mobile Safari/537.36
        - accept: */*
        - accept-encoding: gzip,deflate,br
        - content-type: application/json
        - content-length: 16

        at apiRequestContext.post: connect ECONNREFUSED ::1:4000
        at /home/tbaltzakis/cloudless.gr/e2e/api-routes-extra-gaps.spec.ts:75:29

    Error Context: test-results/api-routes-extra-gaps-Miss-413ff--without-secret-returns-401-mobile-chrome-retry1/error-context.md

    attachment #2: trace (application/zip) ─────────────────────────────────────────────────────────
    test-results/api-routes-extra-gaps-Miss-413ff--without-secret-returns-401-mobile-chrome-retry1/trace.zip
    Usage:

        npx playwright show-trace test-results/api-routes-extra-gaps-Miss-413ff--without-secret-returns-401-mobile-chrome-retry1/trace.zip

    ────────────────────────────────────────────────────────────────────────────────────────────────

  1110) [mobile-chrome] › e2e/api-routes-extra-gaps.spec.ts:82:7 › Missing webhook APIs › POST /api/webhooks/admin-alert without auth returns non-5xx 

    Error: apiRequestContext.post: connect ECONNREFUSED ::1:4000
    Call log:
      - → POST http://localhost:4000/api/webhooks/admin-alert
        - user-agent: Mozilla/5.0 (Linux; Android 14; Pixel 7) AppleWebKit/537.36 (KHTML, like Gecko) Chrome/151.0.7922.34 Mobile Safari/537.36
        - accept: */*
        - accept-encoding: gzip,deflate,br
        - content-type: application/json
        - content-length: 2

        at apiRequestContext.post: connect ECONNREFUSED ::1:4000
        at /home/tbaltzakis/cloudless.gr/e2e/api-routes-extra-gaps.spec.ts:83:29

    Error Context: test-results/api-routes-extra-gaps-Miss-d93c7-ithout-auth-returns-non-5xx-mobile-chrome/error-context.md

    Retry #1 ───────────────────────────────────────────────────────────────────────────────────────

    Error: apiRequestContext.post: connect ECONNREFUSED ::1:4000
    Call log:
      - → POST http://localhost:4000/api/webhooks/admin-alert
        - user-agent: Mozilla/5.0 (Linux; Android 14; Pixel 7) AppleWebKit/537.36 (KHTML, like Gecko) Chrome/151.0.7922.34 Mobile Safari/537.36
        - accept: */*
        - accept-encoding: gzip,deflate,br
        - content-type: application/json
        - content-length: 2

        at apiRequestContext.post: connect ECONNREFUSED ::1:4000
        at /home/tbaltzakis/cloudless.gr/e2e/api-routes-extra-gaps.spec.ts:83:29

    Error Context: test-results/api-routes-extra-gaps-Miss-d93c7-ithout-auth-returns-non-5xx-mobile-chrome-retry1/error-context.md

    attachment #2: trace (application/zip) ─────────────────────────────────────────────────────────
    test-results/api-routes-extra-gaps-Miss-d93c7-ithout-auth-returns-non-5xx-mobile-chrome-retry1/trace.zip
    Usage:

        npx playwright show-trace test-results/api-routes-extra-gaps-Miss-d93c7-ithout-auth-returns-non-5xx-mobile-chrome-retry1/trace.zip

    ────────────────────────────────────────────────────────────────────────────────────────────────

  1111) [mobile-chrome] › e2e/api-routes-extra-gaps.spec.ts:99:9 › Missing cron APIs (unauthenticated) › GET /api/cron/ad-analytics-poll unauthenticated 

    Error: apiRequestContext.get: connect ECONNREFUSED ::1:4000
    Call log:
      - → GET http://localhost:4000/api/cron/ad-analytics-poll
        - user-agent: Mozilla/5.0 (Linux; Android 14; Pixel 7) AppleWebKit/537.36 (KHTML, like Gecko) Chrome/151.0.7922.34 Mobile Safari/537.36
        - accept: */*
        - accept-encoding: gzip,deflate,br

        at apiRequestContext.get: connect ECONNREFUSED ::1:4000
        at /home/tbaltzakis/cloudless.gr/e2e/api-routes-extra-gaps.spec.ts:100:31

    Error Context: test-results/api-routes-extra-gaps-Miss-e80b1-lytics-poll-unauthenticated-mobile-chrome/error-context.md

    Retry #1 ───────────────────────────────────────────────────────────────────────────────────────

    Error: apiRequestContext.get: connect ECONNREFUSED ::1:4000
    Call log:
      - → GET http://localhost:4000/api/cron/ad-analytics-poll
        - user-agent: Mozilla/5.0 (Linux; Android 14; Pixel 7) AppleWebKit/537.36 (KHTML, like Gecko) Chrome/151.0.7922.34 Mobile Safari/537.36
        - accept: */*
        - accept-encoding: gzip,deflate,br

        at apiRequestContext.get: connect ECONNREFUSED ::1:4000
        at /home/tbaltzakis/cloudless.gr/e2e/api-routes-extra-gaps.spec.ts:100:31

    Error Context: test-results/api-routes-extra-gaps-Miss-e80b1-lytics-poll-unauthenticated-mobile-chrome-retry1/error-context.md

    attachment #2: trace (application/zip) ─────────────────────────────────────────────────────────
    test-results/api-routes-extra-gaps-Miss-e80b1-lytics-poll-unauthenticated-mobile-chrome-retry1/trace.zip
    Usage:

        npx playwright show-trace test-results/api-routes-extra-gaps-Miss-e80b1-lytics-poll-unauthenticated-mobile-chrome-retry1/trace.zip

    ────────────────────────────────────────────────────────────────────────────────────────────────

  1112) [mobile-chrome] › e2e/api-routes-extra-gaps.spec.ts:99:9 › Missing cron APIs (unauthenticated) › GET /api/cron/client-reports unauthenticated 

    Error: apiRequestContext.get: connect ECONNREFUSED ::1:4000
    Call log:
      - → GET http://localhost:4000/api/cron/client-reports
        - user-agent: Mozilla/5.0 (Linux; Android 14; Pixel 7) AppleWebKit/537.36 (KHTML, like Gecko) Chrome/151.0.7922.34 Mobile Safari/537.36
        - accept: */*
        - accept-encoding: gzip,deflate,br

        at apiRequestContext.get: connect ECONNREFUSED ::1:4000
        at /home/tbaltzakis/cloudless.gr/e2e/api-routes-extra-gaps.spec.ts:100:31

    Error Context: test-results/api-routes-extra-gaps-Miss-7b91c-ent-reports-unauthenticated-mobile-chrome/error-context.md

    Retry #1 ───────────────────────────────────────────────────────────────────────────────────────

    Error: apiRequestContext.get: connect ECONNREFUSED ::1:4000
    Call log:
      - → GET http://localhost:4000/api/cron/client-reports
        - user-agent: Mozilla/5.0 (Linux; Android 14; Pixel 7) AppleWebKit/537.36 (KHTML, like Gecko) Chrome/151.0.7922.34 Mobile Safari/537.36
        - accept: */*
        - accept-encoding: gzip,deflate,br

        at apiRequestContext.get: connect ECONNREFUSED ::1:4000
        at /home/tbaltzakis/cloudless.gr/e2e/api-routes-extra-gaps.spec.ts:100:31

    Error Context: test-results/api-routes-extra-gaps-Miss-7b91c-ent-reports-unauthenticated-mobile-chrome-retry1/error-context.md

    attachment #2: trace (application/zip) ─────────────────────────────────────────────────────────
    test-results/api-routes-extra-gaps-Miss-7b91c-ent-reports-unauthenticated-mobile-chrome-retry1/trace.zip
    Usage:

        npx playwright show-trace test-results/api-routes-extra-gaps-Miss-7b91c-ent-reports-unauthenticated-mobile-chrome-retry1/trace.zip

    ────────────────────────────────────────────────────────────────────────────────────────────────

  1113) [mobile-chrome] › e2e/api-routes-extra-gaps.spec.ts:99:9 › Missing cron APIs (unauthenticated) › GET /api/cron/gsc-cache-refresh unauthenticated 

    Error: apiRequestContext.get: connect ECONNREFUSED ::1:4000
    Call log:
      - → GET http://localhost:4000/api/cron/gsc-cache-refresh
        - user-agent: Mozilla/5.0 (Linux; Android 14; Pixel 7) AppleWebKit/537.36 (KHTML, like Gecko) Chrome/151.0.7922.34 Mobile Safari/537.36
        - accept: */*
        - accept-encoding: gzip,deflate,br

        at apiRequestContext.get: connect ECONNREFUSED ::1:4000
        at /home/tbaltzakis/cloudless.gr/e2e/api-routes-extra-gaps.spec.ts:100:31

    Error Context: test-results/api-routes-extra-gaps-Miss-f9bf1-che-refresh-unauthenticated-mobile-chrome/error-context.md

    Retry #1 ───────────────────────────────────────────────────────────────────────────────────────

    Error: apiRequestContext.get: connect ECONNREFUSED ::1:4000
    Call log:
      - → GET http://localhost:4000/api/cron/gsc-cache-refresh
        - user-agent: Mozilla/5.0 (Linux; Android 14; Pixel 7) AppleWebKit/537.36 (KHTML, like Gecko) Chrome/151.0.7922.34 Mobile Safari/537.36
        - accept: */*
        - accept-encoding: gzip,deflate,br

        at apiRequestContext.get: connect ECONNREFUSED ::1:4000
        at /home/tbaltzakis/cloudless.gr/e2e/api-routes-extra-gaps.spec.ts:100:31

    Error Context: test-results/api-routes-extra-gaps-Miss-f9bf1-che-refresh-unauthenticated-mobile-chrome-retry1/error-context.md

    attachment #2: trace (application/zip) ─────────────────────────────────────────────────────────
    test-results/api-routes-extra-gaps-Miss-f9bf1-che-refresh-unauthenticated-mobile-chrome-retry1/trace.zip
    Usage:

        npx playwright show-trace test-results/api-routes-extra-gaps-Miss-f9bf1-che-refresh-unauthenticated-mobile-chrome-retry1/trace.zip

    ────────────────────────────────────────────────────────────────────────────────────────────────

  1114) [mobile-chrome] › e2e/api-routes-extra-gaps.spec.ts:99:9 › Missing cron APIs (unauthenticated) › GET /api/cron/owner-digest unauthenticated 

    Error: apiRequestContext.get: connect ECONNREFUSED ::1:4000
    Call log:
      - → GET http://localhost:4000/api/cron/owner-digest
        - user-agent: Mozilla/5.0 (Linux; Android 14; Pixel 7) AppleWebKit/537.36 (KHTML, like Gecko) Chrome/151.0.7922.34 Mobile Safari/537.36
        - accept: */*
        - accept-encoding: gzip,deflate,br

        at apiRequestContext.get: connect ECONNREFUSED ::1:4000
        at /home/tbaltzakis/cloudless.gr/e2e/api-routes-extra-gaps.spec.ts:100:31

    Error Context: test-results/api-routes-extra-gaps-Miss-d18aa-wner-digest-unauthenticated-mobile-chrome/error-context.md

    Retry #1 ───────────────────────────────────────────────────────────────────────────────────────

    Error: apiRequestContext.get: connect ECONNREFUSED ::1:4000
    Call log:
      - → GET http://localhost:4000/api/cron/owner-digest
        - user-agent: Mozilla/5.0 (Linux; Android 14; Pixel 7) AppleWebKit/537.36 (KHTML, like Gecko) Chrome/151.0.7922.34 Mobile Safari/537.36
        - accept: */*
        - accept-encoding: gzip,deflate,br

        at apiRequestContext.get: connect ECONNREFUSED ::1:4000
        at /home/tbaltzakis/cloudless.gr/e2e/api-routes-extra-gaps.spec.ts:100:31

    Error Context: test-results/api-routes-extra-gaps-Miss-d18aa-wner-digest-unauthenticated-mobile-chrome-retry1/error-context.md

    attachment #2: trace (application/zip) ─────────────────────────────────────────────────────────
    test-results/api-routes-extra-gaps-Miss-d18aa-wner-digest-unauthenticated-mobile-chrome-retry1/trace.zip
    Usage:

        npx playwright show-trace test-results/api-routes-extra-gaps-Miss-d18aa-wner-digest-unauthenticated-mobile-chrome-retry1/trace.zip

    ────────────────────────────────────────────────────────────────────────────────────────────────

  1115) [mobile-chrome] › e2e/api-routes-extra-gaps.spec.ts:99:9 › Missing cron APIs (unauthenticated) › GET /api/cron/postiz-sync unauthenticated 

    Error: apiRequestContext.get: connect ECONNREFUSED ::1:4000
    Call log:
      - → GET http://localhost:4000/api/cron/postiz-sync
        - user-agent: Mozilla/5.0 (Linux; Android 14; Pixel 7) AppleWebKit/537.36 (KHTML, like Gecko) Chrome/151.0.7922.34 Mobile Safari/537.36
        - accept: */*
        - accept-encoding: gzip,deflate,br

        at apiRequestContext.get: connect ECONNREFUSED ::1:4000
        at /home/tbaltzakis/cloudless.gr/e2e/api-routes-extra-gaps.spec.ts:100:31

    Error Context: test-results/api-routes-extra-gaps-Miss-226e2-postiz-sync-unauthenticated-mobile-chrome/error-context.md

    Retry #1 ───────────────────────────────────────────────────────────────────────────────────────

    Error: apiRequestContext.get: connect ECONNREFUSED ::1:4000
    Call log:
      - → GET http://localhost:4000/api/cron/postiz-sync
        - user-agent: Mozilla/5.0 (Linux; Android 14; Pixel 7) AppleWebKit/537.36 (KHTML, like Gecko) Chrome/151.0.7922.34 Mobile Safari/537.36
        - accept: */*
        - accept-encoding: gzip,deflate,br

        at apiRequestContext.get: connect ECONNREFUSED ::1:4000
        at /home/tbaltzakis/cloudless.gr/e2e/api-routes-extra-gaps.spec.ts:100:31

    Error Context: test-results/api-routes-extra-gaps-Miss-226e2-postiz-sync-unauthenticated-mobile-chrome-retry1/error-context.md

    attachment #2: trace (application/zip) ─────────────────────────────────────────────────────────
    test-results/api-routes-extra-gaps-Miss-226e2-postiz-sync-unauthenticated-mobile-chrome-retry1/trace.zip
    Usage:

        npx playwright show-trace test-results/api-routes-extra-gaps-Miss-226e2-postiz-sync-unauthenticated-mobile-chrome-retry1/trace.zip

    ────────────────────────────────────────────────────────────────────────────────────────────────

  1116) [mobile-chrome] › e2e/api-routes-extra-gaps.spec.ts:99:9 › Missing cron APIs (unauthenticated) › GET /api/cron/postiz-oauth-check unauthenticated 

    Error: apiRequestContext.get: connect ECONNREFUSED ::1:4000
    Call log:
      - → GET http://localhost:4000/api/cron/postiz-oauth-check
        - user-agent: Mozilla/5.0 (Linux; Android 14; Pixel 7) AppleWebKit/537.36 (KHTML, like Gecko) Chrome/151.0.7922.34 Mobile Safari/537.36
        - accept: */*
        - accept-encoding: gzip,deflate,br

        at apiRequestContext.get: connect ECONNREFUSED ::1:4000
        at /home/tbaltzakis/cloudless.gr/e2e/api-routes-extra-gaps.spec.ts:100:31

    Error Context: test-results/api-routes-extra-gaps-Miss-69e2e-oauth-check-unauthenticated-mobile-chrome/error-context.md

    Retry #1 ───────────────────────────────────────────────────────────────────────────────────────

    Error: apiRequestContext.get: connect ECONNREFUSED ::1:4000
    Call log:
      - → GET http://localhost:4000/api/cron/postiz-oauth-check
        - user-agent: Mozilla/5.0 (Linux; Android 14; Pixel 7) AppleWebKit/537.36 (KHTML, like Gecko) Chrome/151.0.7922.34 Mobile Safari/537.36
        - accept: */*
        - accept-encoding: gzip,deflate,br

        at apiRequestContext.get: connect ECONNREFUSED ::1:4000
        at /home/tbaltzakis/cloudless.gr/e2e/api-routes-extra-gaps.spec.ts:100:31

    Error Context: test-results/api-routes-extra-gaps-Miss-69e2e-oauth-check-unauthenticated-mobile-chrome-retry1/error-context.md

    attachment #2: trace (application/zip) ─────────────────────────────────────────────────────────
    test-results/api-routes-extra-gaps-Miss-69e2e-oauth-check-unauthenticated-mobile-chrome-retry1/trace.zip
    Usage:

        npx playwright show-trace test-results/api-routes-extra-gaps-Miss-69e2e-oauth-check-unauthenticated-mobile-chrome-retry1/trace.zip

    ────────────────────────────────────────────────────────────────────────────────────────────────

  1117) [mobile-chrome] › e2e/api-routes-extra-gaps.spec.ts:108:7 › Additional public API endpoints › GET /api/analytics/r2 resolves cleanly 

    Error: apiRequestContext.get: connect ECONNREFUSED ::1:4000
    Call log:
      - → GET http://localhost:4000/api/analytics/r2
        - user-agent: Mozilla/5.0 (Linux; Android 14; Pixel 7) AppleWebKit/537.36 (KHTML, like Gecko) Chrome/151.0.7922.34 Mobile Safari/537.36
        - accept: */*
        - accept-encoding: gzip,deflate,br

        at apiRequestContext.get: connect ECONNREFUSED ::1:4000
        at /home/tbaltzakis/cloudless.gr/e2e/api-routes-extra-gaps.spec.ts:109:29

    Error Context: test-results/api-routes-extra-gaps-Addi-17f3e-alytics-r2-resolves-cleanly-mobile-chrome/error-context.md

    Retry #1 ───────────────────────────────────────────────────────────────────────────────────────

    Error: apiRequestContext.get: connect ECONNREFUSED ::1:4000
    Call log:
      - → GET http://localhost:4000/api/analytics/r2
        - user-agent: Mozilla/5.0 (Linux; Android 14; Pixel 7) AppleWebKit/537.36 (KHTML, like Gecko) Chrome/151.0.7922.34 Mobile Safari/537.36
        - accept: */*
        - accept-encoding: gzip,deflate,br

        at apiRequestContext.get: connect ECONNREFUSED ::1:4000
        at /home/tbaltzakis/cloudless.gr/e2e/api-routes-extra-gaps.spec.ts:109:29

    Error Context: test-results/api-routes-extra-gaps-Addi-17f3e-alytics-r2-resolves-cleanly-mobile-chrome-retry1/error-context.md

    attachment #2: trace (application/zip) ─────────────────────────────────────────────────────────
    test-results/api-routes-extra-gaps-Addi-17f3e-alytics-r2-resolves-cleanly-mobile-chrome-retry1/trace.zip
    Usage:

        npx playwright show-trace test-results/api-routes-extra-gaps-Addi-17f3e-alytics-r2-resolves-cleanly-mobile-chrome-retry1/trace.zip

    ────────────────────────────────────────────────────────────────────────────────────────────────

  1118) [mobile-chrome] › e2e/api-routes-extra-gaps.spec.ts:113:7 › Additional public API endpoints › GET /api/analytics/track resolves cleanly 

    Error: apiRequestContext.get: connect ECONNREFUSED ::1:4000
    Call log:
      - → GET http://localhost:4000/api/analytics/track
        - user-agent: Mozilla/5.0 (Linux; Android 14; Pixel 7) AppleWebKit/537.36 (KHTML, like Gecko) Chrome/151.0.7922.34 Mobile Safari/537.36
        - accept: */*
        - accept-encoding: gzip,deflate,br

        at apiRequestContext.get: connect ECONNREFUSED ::1:4000
        at /home/tbaltzakis/cloudless.gr/e2e/api-routes-extra-gaps.spec.ts:114:29

    Error Context: test-results/api-routes-extra-gaps-Addi-8160e-tics-track-resolves-cleanly-mobile-chrome/error-context.md

    Retry #1 ───────────────────────────────────────────────────────────────────────────────────────

    Error: apiRequestContext.get: connect ECONNREFUSED ::1:4000
    Call log:
      - → GET http://localhost:4000/api/analytics/track
        - user-agent: Mozilla/5.0 (Linux; Android 14; Pixel 7) AppleWebKit/537.36 (KHTML, like Gecko) Chrome/151.0.7922.34 Mobile Safari/537.36
        - accept: */*
        - accept-encoding: gzip,deflate,br

        at apiRequestContext.get: connect ECONNREFUSED ::1:4000
        at /home/tbaltzakis/cloudless.gr/e2e/api-routes-extra-gaps.spec.ts:114:29

    Error Context: test-results/api-routes-extra-gaps-Addi-8160e-tics-track-resolves-cleanly-mobile-chrome-retry1/error-context.md

    attachment #2: trace (application/zip) ─────────────────────────────────────────────────────────
    test-results/api-routes-extra-gaps-Addi-8160e-tics-track-resolves-cleanly-mobile-chrome-retry1/trace.zip
    Usage:

        npx playwright show-trace test-results/api-routes-extra-gaps-Addi-8160e-tics-track-resolves-cleanly-mobile-chrome-retry1/trace.zip

    ────────────────────────────────────────────────────────────────────────────────────────────────

  1119) [mobile-chrome] › e2e/api-routes-extra-gaps.spec.ts:118:7 › Additional public API endpoints › POST /api/internal/ai/generate returns 401/403 without auth 

    Error: apiRequestContext.post: connect ECONNREFUSED ::1:4000
    Call log:
      - → POST http://localhost:4000/api/internal/ai/generate
        - user-agent: Mozilla/5.0 (Linux; Android 14; Pixel 7) AppleWebKit/537.36 (KHTML, like Gecko) Chrome/151.0.7922.34 Mobile Safari/537.36
        - accept: */*
        - accept-encoding: gzip,deflate,br
        - content-type: application/json
        - content-length: 2

        at apiRequestContext.post: connect ECONNREFUSED ::1:4000
        at /home/tbaltzakis/cloudless.gr/e2e/api-routes-extra-gaps.spec.ts:119:29

    Error Context: test-results/api-routes-extra-gaps-Addi-439cc-eturns-401-403-without-auth-mobile-chrome/error-context.md

    Retry #1 ───────────────────────────────────────────────────────────────────────────────────────

    Error: apiRequestContext.post: connect ECONNREFUSED ::1:4000
    Call log:
      - → POST http://localhost:4000/api/internal/ai/generate
        - user-agent: Mozilla/5.0 (Linux; Android 14; Pixel 7) AppleWebKit/537.36 (KHTML, like Gecko) Chrome/151.0.7922.34 Mobile Safari/537.36
        - accept: */*
        - accept-encoding: gzip,deflate,br
        - content-type: application/json
        - content-length: 2

        at apiRequestContext.post: connect ECONNREFUSED ::1:4000
        at /home/tbaltzakis/cloudless.gr/e2e/api-routes-extra-gaps.spec.ts:119:29

    Error Context: test-results/api-routes-extra-gaps-Addi-439cc-eturns-401-403-without-auth-mobile-chrome-retry1/error-context.md

    attachment #2: trace (application/zip) ─────────────────────────────────────────────────────────
    test-results/api-routes-extra-gaps-Addi-439cc-eturns-401-403-without-auth-mobile-chrome-retry1/trace.zip
    Usage:

        npx playwright show-trace test-results/api-routes-extra-gaps-Addi-439cc-eturns-401-403-without-auth-mobile-chrome-retry1/trace.zip

    ────────────────────────────────────────────────────────────────────────────────────────────────

  1120) [mobile-chrome] › e2e/api-routes-extra-gaps.spec.ts:125:7 › Additional public API endpoints › GET /api/workflows/hello resolves cleanly 

    Error: apiRequestContext.get: connect ECONNREFUSED ::1:4000
    Call log:
      - → GET http://localhost:4000/api/workflows/hello
        - user-agent: Mozilla/5.0 (Linux; Android 14; Pixel 7) AppleWebKit/537.36 (KHTML, like Gecko) Chrome/151.0.7922.34 Mobile Safari/537.36
        - accept: */*
        - accept-encoding: gzip,deflate,br

        at apiRequestContext.get: connect ECONNREFUSED ::1:4000
        at /home/tbaltzakis/cloudless.gr/e2e/api-routes-extra-gaps.spec.ts:126:29

    Error Context: test-results/api-routes-extra-gaps-Addi-b496f-lows-hello-resolves-cleanly-mobile-chrome/error-context.md

    Retry #1 ───────────────────────────────────────────────────────────────────────────────────────

    Error: apiRequestContext.get: connect ECONNREFUSED ::1:4000
    Call log:
      - → GET http://localhost:4000/api/workflows/hello
        - user-agent: Mozilla/5.0 (Linux; Android 14; Pixel 7) AppleWebKit/537.36 (KHTML, like Gecko) Chrome/151.0.7922.34 Mobile Safari/537.36
        - accept: */*
        - accept-encoding: gzip,deflate,br

        at apiRequestContext.get: connect ECONNREFUSED ::1:4000
        at /home/tbaltzakis/cloudless.gr/e2e/api-routes-extra-gaps.spec.ts:126:29

    Error Context: test-results/api-routes-extra-gaps-Addi-b496f-lows-hello-resolves-cleanly-mobile-chrome-retry1/error-context.md

    attachment #2: trace (application/zip) ─────────────────────────────────────────────────────────
    test-results/api-routes-extra-gaps-Addi-b496f-lows-hello-resolves-cleanly-mobile-chrome-retry1/trace.zip
    Usage:

        npx playwright show-trace test-results/api-routes-extra-gaps-Addi-b496f-lows-hello-resolves-cleanly-mobile-chrome-retry1/trace.zip

    ────────────────────────────────────────────────────────────────────────────────────────────────

  1121) [mobile-chrome] › e2e/api-routes-extra-gaps.spec.ts:132:7 › Dynamic POST routes with dynamic paths › POST /api/admin/postiz/upload with empty body returns non-5xx 

    Error: apiRequestContext.post: connect ECONNREFUSED ::1:4000
    Call log:
      - → POST http://localhost:4000/api/admin/postiz/upload
        - user-agent: Mozilla/5.0 (Linux; Android 14; Pixel 7) AppleWebKit/537.36 (KHTML, like Gecko) Chrome/151.0.7922.34 Mobile Safari/537.36
        - accept: */*
        - accept-encoding: gzip,deflate,br
        - content-type: application/json
        - content-length: 2

        at apiRequestContext.post: connect ECONNREFUSED ::1:4000
        at /home/tbaltzakis/cloudless.gr/e2e/api-routes-extra-gaps.spec.ts:133:29

    Error Context: test-results/api-routes-extra-gaps-Dyna-ab7fa--empty-body-returns-non-5xx-mobile-chrome/error-context.md

    Retry #1 ───────────────────────────────────────────────────────────────────────────────────────

    Error: apiRequestContext.post: connect ECONNREFUSED ::1:4000
    Call log:
      - → POST http://localhost:4000/api/admin/postiz/upload
        - user-agent: Mozilla/5.0 (Linux; Android 14; Pixel 7) AppleWebKit/537.36 (KHTML, like Gecko) Chrome/151.0.7922.34 Mobile Safari/537.36
        - accept: */*
        - accept-encoding: gzip,deflate,br
        - content-type: application/json
        - content-length: 2

        at apiRequestContext.post: connect ECONNREFUSED ::1:4000
        at /home/tbaltzakis/cloudless.gr/e2e/api-routes-extra-gaps.spec.ts:133:29

    Error Context: test-results/api-routes-extra-gaps-Dyna-ab7fa--empty-body-returns-non-5xx-mobile-chrome-retry1/error-context.md

    attachment #2: trace (application/zip) ─────────────────────────────────────────────────────────
    test-results/api-routes-extra-gaps-Dyna-ab7fa--empty-body-returns-non-5xx-mobile-chrome-retry1/trace.zip
    Usage:

        npx playwright show-trace test-results/api-routes-extra-gaps-Dyna-ab7fa--empty-body-returns-non-5xx-mobile-chrome-retry1/trace.zip

    ────────────────────────────────────────────────────────────────────────────────────────────────

  1122) [mobile-chrome] › e2e/api-routes-extra-gaps.spec.ts:139:7 › Dynamic POST routes with dynamic paths › POST /api/admin/postiz/upload-file with empty body returns non-5xx 

    Error: apiRequestContext.post: connect ECONNREFUSED ::1:4000
    Call log:
      - → POST http://localhost:4000/api/admin/postiz/upload-file
        - user-agent: Mozilla/5.0 (Linux; Android 14; Pixel 7) AppleWebKit/537.36 (KHTML, like Gecko) Chrome/151.0.7922.34 Mobile Safari/537.36
        - accept: */*
        - accept-encoding: gzip,deflate,br
        - content-type: application/json
        - content-length: 2

        at apiRequestContext.post: connect ECONNREFUSED ::1:4000
        at /home/tbaltzakis/cloudless.gr/e2e/api-routes-extra-gaps.spec.ts:140:29

    Error Context: test-results/api-routes-extra-gaps-Dyna-19e80--empty-body-returns-non-5xx-mobile-chrome/error-context.md

    Retry #1 ───────────────────────────────────────────────────────────────────────────────────────

    Error: apiRequestContext.post: connect ECONNREFUSED ::1:4000
    Call log:
      - → POST http://localhost:4000/api/admin/postiz/upload-file
        - user-agent: Mozilla/5.0 (Linux; Android 14; Pixel 7) AppleWebKit/537.36 (KHTML, like Gecko) Chrome/151.0.7922.34 Mobile Safari/537.36
        - accept: */*
        - accept-encoding: gzip,deflate,br
        - content-type: application/json
        - content-length: 2

        at apiRequestContext.post: connect ECONNREFUSED ::1:4000
        at /home/tbaltzakis/cloudless.gr/e2e/api-routes-extra-gaps.spec.ts:140:29

    Error Context: test-results/api-routes-extra-gaps-Dyna-19e80--empty-body-returns-non-5xx-mobile-chrome-retry1/error-context.md

    attachment #2: trace (application/zip) ─────────────────────────────────────────────────────────
    test-results/api-routes-extra-gaps-Dyna-19e80--empty-body-returns-non-5xx-mobile-chrome-retry1/trace.zip
    Usage:

        npx playwright show-trace test-results/api-routes-extra-gaps-Dyna-19e80--empty-body-returns-non-5xx-mobile-chrome-retry1/trace.zip

    ────────────────────────────────────────────────────────────────────────────────────────────────

  1123) [mobile-chrome] › e2e/api-routes-extra-gaps.spec.ts:159:9 › Extended admin API coverage (production-safe) › GET /api/admin/analytics/workspaces/sample-e2e-id authenticated 

    Error: apiRequestContext.get: connect ECONNREFUSED ::1:4000
    Call log:
      - → GET http://localhost:4000/api/admin/analytics/workspaces/sample-e2e-id
        - user-agent: Mozilla/5.0 (Linux; Android 14; Pixel 7) AppleWebKit/537.36 (KHTML, like Gecko) Chrome/151.0.7922.34 Mobile Safari/537.36
        - accept: */*
        - accept-encoding: gzip,deflate,br
        - Authorization: Bearer e2e-admin-token-do-not-use-in-prod

        at apiRequestContext.get: connect ECONNREFUSED ::1:4000
        at /home/tbaltzakis/cloudless.gr/e2e/api-routes-extra-gaps.spec.ts:160:31

    Error Context: test-results/api-routes-extra-gaps-Exte-4175c-sample-e2e-id-authenticated-mobile-chrome/error-context.md

    Retry #1 ───────────────────────────────────────────────────────────────────────────────────────

    Error: apiRequestContext.get: connect ECONNREFUSED ::1:4000
    Call log:
      - → GET http://localhost:4000/api/admin/analytics/workspaces/sample-e2e-id
        - user-agent: Mozilla/5.0 (Linux; Android 14; Pixel 7) AppleWebKit/537.36 (KHTML, like Gecko) Chrome/151.0.7922.34 Mobile Safari/537.36
        - accept: */*
        - accept-encoding: gzip,deflate,br
        - Authorization: Bearer e2e-admin-token-do-not-use-in-prod

        at apiRequestContext.get: connect ECONNREFUSED ::1:4000
        at /home/tbaltzakis/cloudless.gr/e2e/api-routes-extra-gaps.spec.ts:160:31

    Error Context: test-results/api-routes-extra-gaps-Exte-4175c-sample-e2e-id-authenticated-mobile-chrome-retry1/error-context.md

    attachment #2: trace (application/zip) ─────────────────────────────────────────────────────────
    test-results/api-routes-extra-gaps-Exte-4175c-sample-e2e-id-authenticated-mobile-chrome-retry1/trace.zip
    Usage:

        npx playwright show-trace test-results/api-routes-extra-gaps-Exte-4175c-sample-e2e-id-authenticated-mobile-chrome-retry1/trace.zip

    ────────────────────────────────────────────────────────────────────────────────────────────────

  1124) [mobile-chrome] › e2e/api-routes-gaps-sweep.spec.ts:123:9 › Admin API gap sweep (authenticated GETs) › GET /api/admin/ai/assistant 

    Error: apiRequestContext.get: connect ECONNREFUSED ::1:4000
    Call log:
      - → GET http://localhost:4000/api/admin/ai/assistant
        - user-agent: Mozilla/5.0 (Linux; Android 14; Pixel 7) AppleWebKit/537.36 (KHTML, like Gecko) Chrome/151.0.7922.34 Mobile Safari/537.36
        - accept: */*
        - accept-encoding: gzip,deflate,br
        - authorization: Bearer e2e-admin-token-do-not-use-in-prod

        at apiRequestContext.get: connect ECONNREFUSED ::1:4000
        at Object.get (/home/tbaltzakis/cloudless.gr/e2e/_internal/admin-fixture.ts:8:35)
        at /home/tbaltzakis/cloudless.gr/e2e/api-routes-gaps-sweep.spec.ts:125:25

    Error Context: test-results/api-routes-gaps-sweep-Admi-a6c48--GET-api-admin-ai-assistant-mobile-chrome/error-context.md

    Retry #1 ───────────────────────────────────────────────────────────────────────────────────────

    Error: apiRequestContext.get: connect ECONNREFUSED ::1:4000
    Call log:
      - → GET http://localhost:4000/api/admin/ai/assistant
        - user-agent: Mozilla/5.0 (Linux; Android 14; Pixel 7) AppleWebKit/537.36 (KHTML, like Gecko) Chrome/151.0.7922.34 Mobile Safari/537.36
        - accept: */*
        - accept-encoding: gzip,deflate,br
        - authorization: Bearer e2e-admin-token-do-not-use-in-prod

        at apiRequestContext.get: connect ECONNREFUSED ::1:4000
        at Object.get (/home/tbaltzakis/cloudless.gr/e2e/_internal/admin-fixture.ts:8:35)
        at /home/tbaltzakis/cloudless.gr/e2e/api-routes-gaps-sweep.spec.ts:125:25

    Error Context: test-results/api-routes-gaps-sweep-Admi-a6c48--GET-api-admin-ai-assistant-mobile-chrome-retry1/error-context.md

    attachment #2: trace (application/zip) ─────────────────────────────────────────────────────────
    test-results/api-routes-gaps-sweep-Admi-a6c48--GET-api-admin-ai-assistant-mobile-chrome-retry1/trace.zip
    Usage:

        npx playwright show-trace test-results/api-routes-gaps-sweep-Admi-a6c48--GET-api-admin-ai-assistant-mobile-chrome-retry1/trace.zip

    ────────────────────────────────────────────────────────────────────────────────────────────────

  1125) [mobile-chrome] › e2e/api-routes-gaps-sweep.spec.ts:123:9 › Admin API gap sweep (authenticated GETs) › GET /api/admin/ai/generate 

    Error: apiRequestContext.get: connect ECONNREFUSED ::1:4000
    Call log:
      - → GET http://localhost:4000/api/admin/ai/generate
        - user-agent: Mozilla/5.0 (Linux; Android 14; Pixel 7) AppleWebKit/537.36 (KHTML, like Gecko) Chrome/151.0.7922.34 Mobile Safari/537.36
        - accept: */*
        - accept-encoding: gzip,deflate,br
        - authorization: Bearer e2e-admin-token-do-not-use-in-prod

        at apiRequestContext.get: connect ECONNREFUSED ::1:4000
        at Object.get (/home/tbaltzakis/cloudless.gr/e2e/_internal/admin-fixture.ts:8:35)
        at /home/tbaltzakis/cloudless.gr/e2e/api-routes-gaps-sweep.spec.ts:125:25

    Error Context: test-results/api-routes-gaps-sweep-Admi-e7624-s-GET-api-admin-ai-generate-mobile-chrome/error-context.md

    Retry #1 ───────────────────────────────────────────────────────────────────────────────────────

    Error: apiRequestContext.get: connect ECONNREFUSED ::1:4000
    Call log:
      - → GET http://localhost:4000/api/admin/ai/generate
        - user-agent: Mozilla/5.0 (Linux; Android 14; Pixel 7) AppleWebKit/537.36 (KHTML, like Gecko) Chrome/151.0.7922.34 Mobile Safari/537.36
        - accept: */*
        - accept-encoding: gzip,deflate,br
        - authorization: Bearer e2e-admin-token-do-not-use-in-prod

        at apiRequestContext.get: connect ECONNREFUSED ::1:4000
        at Object.get (/home/tbaltzakis/cloudless.gr/e2e/_internal/admin-fixture.ts:8:35)
        at /home/tbaltzakis/cloudless.gr/e2e/api-routes-gaps-sweep.spec.ts:125:25

    Error Context: test-results/api-routes-gaps-sweep-Admi-e7624-s-GET-api-admin-ai-generate-mobile-chrome-retry1/error-context.md

    attachment #2: trace (application/zip) ─────────────────────────────────────────────────────────
    test-results/api-routes-gaps-sweep-Admi-e7624-s-GET-api-admin-ai-generate-mobile-chrome-retry1/trace.zip
    Usage:

        npx playwright show-trace test-results/api-routes-gaps-sweep-Admi-e7624-s-GET-api-admin-ai-generate-mobile-chrome-retry1/trace.zip

    ────────────────────────────────────────────────────────────────────────────────────────────────

  1126) [mobile-chrome] › e2e/api-routes-gaps-sweep.spec.ts:123:9 › Admin API gap sweep (authenticated GETs) › GET /api/admin/analytics/gsc-archive 

    Error: apiRequestContext.get: connect ECONNREFUSED ::1:4000
    Call log:
      - → GET http://localhost:4000/api/admin/analytics/gsc-archive
        - user-agent: Mozilla/5.0 (Linux; Android 14; Pixel 7) AppleWebKit/537.36 (KHTML, like Gecko) Chrome/151.0.7922.34 Mobile Safari/537.36
        - accept: */*
        - accept-encoding: gzip,deflate,br
        - authorization: Bearer e2e-admin-token-do-not-use-in-prod

        at apiRequestContext.get: connect ECONNREFUSED ::1:4000
        at Object.get (/home/tbaltzakis/cloudless.gr/e2e/_internal/admin-fixture.ts:8:35)
        at /home/tbaltzakis/cloudless.gr/e2e/api-routes-gaps-sweep.spec.ts:125:25

    Error Context: test-results/api-routes-gaps-sweep-Admi-aa604-admin-analytics-gsc-archive-mobile-chrome/error-context.md

    Retry #1 ───────────────────────────────────────────────────────────────────────────────────────

    Error: apiRequestContext.get: connect ECONNREFUSED ::1:4000
    Call log:
      - → GET http://localhost:4000/api/admin/analytics/gsc-archive
        - user-agent: Mozilla/5.0 (Linux; Android 14; Pixel 7) AppleWebKit/537.36 (KHTML, like Gecko) Chrome/151.0.7922.34 Mobile Safari/537.36
        - accept: */*
        - accept-encoding: gzip,deflate,br
        - authorization: Bearer e2e-admin-token-do-not-use-in-prod

        at apiRequestContext.get: connect ECONNREFUSED ::1:4000
        at Object.get (/home/tbaltzakis/cloudless.gr/e2e/_internal/admin-fixture.ts:8:35)
        at /home/tbaltzakis/cloudless.gr/e2e/api-routes-gaps-sweep.spec.ts:125:25

    Error Context: test-results/api-routes-gaps-sweep-Admi-aa604-admin-analytics-gsc-archive-mobile-chrome-retry1/error-context.md

    attachment #2: trace (application/zip) ─────────────────────────────────────────────────────────
    test-results/api-routes-gaps-sweep-Admi-aa604-admin-analytics-gsc-archive-mobile-chrome-retry1/trace.zip
    Usage:

        npx playwright show-trace test-results/api-routes-gaps-sweep-Admi-aa604-admin-analytics-gsc-archive-mobile-chrome-retry1/trace.zip

    ────────────────────────────────────────────────────────────────────────────────────────────────

  1127) [mobile-chrome] › e2e/api-routes-gaps-sweep.spec.ts:123:9 › Admin API gap sweep (authenticated GETs) › GET /api/admin/analytics/roi 

    Error: apiRequestContext.get: connect ECONNREFUSED ::1:4000
    Call log:
      - → GET http://localhost:4000/api/admin/analytics/roi
        - user-agent: Mozilla/5.0 (Linux; Android 14; Pixel 7) AppleWebKit/537.36 (KHTML, like Gecko) Chrome/151.0.7922.34 Mobile Safari/537.36
        - accept: */*
        - accept-encoding: gzip,deflate,br
        - authorization: Bearer e2e-admin-token-do-not-use-in-prod

        at apiRequestContext.get: connect ECONNREFUSED ::1:4000
        at Object.get (/home/tbaltzakis/cloudless.gr/e2e/_internal/admin-fixture.ts:8:35)
        at /home/tbaltzakis/cloudless.gr/e2e/api-routes-gaps-sweep.spec.ts:125:25

    Error Context: test-results/api-routes-gaps-sweep-Admi-a77df-GET-api-admin-analytics-roi-mobile-chrome/error-context.md

    Retry #1 ───────────────────────────────────────────────────────────────────────────────────────

    Error: apiRequestContext.get: connect ECONNREFUSED ::1:4000
    Call log:
      - → GET http://localhost:4000/api/admin/analytics/roi
        - user-agent: Mozilla/5.0 (Linux; Android 14; Pixel 7) AppleWebKit/537.36 (KHTML, like Gecko) Chrome/151.0.7922.34 Mobile Safari/537.36
        - accept: */*
        - accept-encoding: gzip,deflate,br
        - authorization: Bearer e2e-admin-token-do-not-use-in-prod

        at apiRequestContext.get: connect ECONNREFUSED ::1:4000
        at Object.get (/home/tbaltzakis/cloudless.gr/e2e/_internal/admin-fixture.ts:8:35)
        at /home/tbaltzakis/cloudless.gr/e2e/api-routes-gaps-sweep.spec.ts:125:25

    Error Context: test-results/api-routes-gaps-sweep-Admi-a77df-GET-api-admin-analytics-roi-mobile-chrome-retry1/error-context.md

    attachment #2: trace (application/zip) ─────────────────────────────────────────────────────────
    test-results/api-routes-gaps-sweep-Admi-a77df-GET-api-admin-analytics-roi-mobile-chrome-retry1/trace.zip
    Usage:

        npx playwright show-trace test-results/api-routes-gaps-sweep-Admi-a77df-GET-api-admin-analytics-roi-mobile-chrome-retry1/trace.zip

    ────────────────────────────────────────────────────────────────────────────────────────────────

  1128) [mobile-chrome] › e2e/api-routes-gaps-sweep.spec.ts:123:9 › Admin API gap sweep (authenticated GETs) › GET /api/admin/calendar/sample-e2e-id 

    Error: apiRequestContext.get: connect ECONNREFUSED ::1:4000
    Call log:
      - → GET http://localhost:4000/api/admin/calendar/sample-e2e-id
        - user-agent: Mozilla/5.0 (Linux; Android 14; Pixel 7) AppleWebKit/537.36 (KHTML, like Gecko) Chrome/151.0.7922.34 Mobile Safari/537.36
        - accept: */*
        - accept-encoding: gzip,deflate,br
        - authorization: Bearer e2e-admin-token-do-not-use-in-prod

        at apiRequestContext.get: connect ECONNREFUSED ::1:4000
        at Object.get (/home/tbaltzakis/cloudless.gr/e2e/_internal/admin-fixture.ts:8:35)
        at /home/tbaltzakis/cloudless.gr/e2e/api-routes-gaps-sweep.spec.ts:125:25

    Error Context: test-results/api-routes-gaps-sweep-Admi-459fd-dmin-calendar-sample-e2e-id-mobile-chrome/error-context.md

    Retry #1 ───────────────────────────────────────────────────────────────────────────────────────

    Error: apiRequestContext.get: connect ECONNREFUSED ::1:4000
    Call log:
      - → GET http://localhost:4000/api/admin/calendar/sample-e2e-id
        - user-agent: Mozilla/5.0 (Linux; Android 14; Pixel 7) AppleWebKit/537.36 (KHTML, like Gecko) Chrome/151.0.7922.34 Mobile Safari/537.36
        - accept: */*
        - accept-encoding: gzip,deflate,br
        - authorization: Bearer e2e-admin-token-do-not-use-in-prod

        at apiRequestContext.get: connect ECONNREFUSED ::1:4000
        at Object.get (/home/tbaltzakis/cloudless.gr/e2e/_internal/admin-fixture.ts:8:35)
        at /home/tbaltzakis/cloudless.gr/e2e/api-routes-gaps-sweep.spec.ts:125:25

    Error Context: test-results/api-routes-gaps-sweep-Admi-459fd-dmin-calendar-sample-e2e-id-mobile-chrome-retry1/error-context.md

    attachment #2: trace (application/zip) ─────────────────────────────────────────────────────────
    test-results/api-routes-gaps-sweep-Admi-459fd-dmin-calendar-sample-e2e-id-mobile-chrome-retry1/trace.zip
    Usage:

        npx playwright show-trace test-results/api-routes-gaps-sweep-Admi-459fd-dmin-calendar-sample-e2e-id-mobile-chrome-retry1/trace.zip

    ────────────────────────────────────────────────────────────────────────────────────────────────

  1129) [mobile-chrome] › e2e/api-routes-gaps-sweep.spec.ts:123:9 › Admin API gap sweep (authenticated GETs) › GET /api/admin/campaigns/meta 

    Error: apiRequestContext.get: connect ECONNREFUSED ::1:4000
    Call log:
      - → GET http://localhost:4000/api/admin/campaigns/meta
        - user-agent: Mozilla/5.0 (Linux; Android 14; Pixel 7) AppleWebKit/537.36 (KHTML, like Gecko) Chrome/151.0.7922.34 Mobile Safari/537.36
        - accept: */*
        - accept-encoding: gzip,deflate,br
        - authorization: Bearer e2e-admin-token-do-not-use-in-prod

        at apiRequestContext.get: connect ECONNREFUSED ::1:4000
        at Object.get (/home/tbaltzakis/cloudless.gr/e2e/_internal/admin-fixture.ts:8:35)
        at /home/tbaltzakis/cloudless.gr/e2e/api-routes-gaps-sweep.spec.ts:125:25

    Error Context: test-results/api-routes-gaps-sweep-Admi-31538-ET-api-admin-campaigns-meta-mobile-chrome/error-context.md

    Retry #1 ───────────────────────────────────────────────────────────────────────────────────────

    Error: apiRequestContext.get: connect ECONNREFUSED ::1:4000
    Call log:
      - → GET http://localhost:4000/api/admin/campaigns/meta
        - user-agent: Mozilla/5.0 (Linux; Android 14; Pixel 7) AppleWebKit/537.36 (KHTML, like Gecko) Chrome/151.0.7922.34 Mobile Safari/537.36
        - accept: */*
        - accept-encoding: gzip,deflate,br
        - authorization: Bearer e2e-admin-token-do-not-use-in-prod

        at apiRequestContext.get: connect ECONNREFUSED ::1:4000
        at Object.get (/home/tbaltzakis/cloudless.gr/e2e/_internal/admin-fixture.ts:8:35)
        at /home/tbaltzakis/cloudless.gr/e2e/api-routes-gaps-sweep.spec.ts:125:25

    Error Context: test-results/api-routes-gaps-sweep-Admi-31538-ET-api-admin-campaigns-meta-mobile-chrome-retry1/error-context.md

    attachment #2: trace (application/zip) ─────────────────────────────────────────────────────────
    test-results/api-routes-gaps-sweep-Admi-31538-ET-api-admin-campaigns-meta-mobile-chrome-retry1/trace.zip
    Usage:

        npx playwright show-trace test-results/api-routes-gaps-sweep-Admi-31538-ET-api-admin-campaigns-meta-mobile-chrome-retry1/trace.zip

    ────────────────────────────────────────────────────────────────────────────────────────────────

  1130) [mobile-chrome] › e2e/api-routes-gaps-sweep.spec.ts:123:9 › Admin API gap sweep (authenticated GETs) › GET /api/admin/campaigns/meta/insights 

    Error: apiRequestContext.get: connect ECONNREFUSED ::1:4000
    Call log:
      - → GET http://localhost:4000/api/admin/campaigns/meta/insights
        - user-agent: Mozilla/5.0 (Linux; Android 14; Pixel 7) AppleWebKit/537.36 (KHTML, like Gecko) Chrome/151.0.7922.34 Mobile Safari/537.36
        - accept: */*
        - accept-encoding: gzip,deflate,br
        - authorization: Bearer e2e-admin-token-do-not-use-in-prod

        at apiRequestContext.get: connect ECONNREFUSED ::1:4000
        at Object.get (/home/tbaltzakis/cloudless.gr/e2e/_internal/admin-fixture.ts:8:35)
        at /home/tbaltzakis/cloudless.gr/e2e/api-routes-gaps-sweep.spec.ts:125:25

    Error Context: test-results/api-routes-gaps-sweep-Admi-dad3b-min-campaigns-meta-insights-mobile-chrome/error-context.md

    Retry #1 ───────────────────────────────────────────────────────────────────────────────────────

    Error: apiRequestContext.get: connect ECONNREFUSED ::1:4000
    Call log:
      - → GET http://localhost:4000/api/admin/campaigns/meta/insights
        - user-agent: Mozilla/5.0 (Linux; Android 14; Pixel 7) AppleWebKit/537.36 (KHTML, like Gecko) Chrome/151.0.7922.34 Mobile Safari/537.36
        - accept: */*
        - accept-encoding: gzip,deflate,br
        - authorization: Bearer e2e-admin-token-do-not-use-in-prod

        at apiRequestContext.get: connect ECONNREFUSED ::1:4000
        at Object.get (/home/tbaltzakis/cloudless.gr/e2e/_internal/admin-fixture.ts:8:35)
        at /home/tbaltzakis/cloudless.gr/e2e/api-routes-gaps-sweep.spec.ts:125:25

    Error Context: test-results/api-routes-gaps-sweep-Admi-dad3b-min-campaigns-meta-insights-mobile-chrome-retry1/error-context.md

    attachment #2: trace (application/zip) ─────────────────────────────────────────────────────────
    test-results/api-routes-gaps-sweep-Admi-dad3b-min-campaigns-meta-insights-mobile-chrome-retry1/trace.zip
    Usage:

        npx playwright show-trace test-results/api-routes-gaps-sweep-Admi-dad3b-min-campaigns-meta-insights-mobile-chrome-retry1/trace.zip

    ────────────────────────────────────────────────────────────────────────────────────────────────

  1131) [mobile-chrome] › e2e/api-routes-gaps-sweep.spec.ts:123:9 › Admin API gap sweep (authenticated GETs) › GET /api/admin/email/campaigns/sample-e2e-id 

    Error: apiRequestContext.get: connect ECONNREFUSED ::1:4000
    Call log:
      - → GET http://localhost:4000/api/admin/email/campaigns/sample-e2e-id
        - user-agent: Mozilla/5.0 (Linux; Android 14; Pixel 7) AppleWebKit/537.36 (KHTML, like Gecko) Chrome/151.0.7922.34 Mobile Safari/537.36
        - accept: */*
        - accept-encoding: gzip,deflate,br
        - authorization: Bearer e2e-admin-token-do-not-use-in-prod

        at apiRequestContext.get: connect ECONNREFUSED ::1:4000
        at Object.get (/home/tbaltzakis/cloudless.gr/e2e/_internal/admin-fixture.ts:8:35)
        at /home/tbaltzakis/cloudless.gr/e2e/api-routes-gaps-sweep.spec.ts:125:25

    Error Context: test-results/api-routes-gaps-sweep-Admi-9bb9e-ail-campaigns-sample-e2e-id-mobile-chrome/error-context.md

    Retry #1 ───────────────────────────────────────────────────────────────────────────────────────

    Error: apiRequestContext.get: connect ECONNREFUSED ::1:4000
    Call log:
      - → GET http://localhost:4000/api/admin/email/campaigns/sample-e2e-id
        - user-agent: Mozilla/5.0 (Linux; Android 14; Pixel 7) AppleWebKit/537.36 (KHTML, like Gecko) Chrome/151.0.7922.34 Mobile Safari/537.36
        - accept: */*
        - accept-encoding: gzip,deflate,br
        - authorization: Bearer e2e-admin-token-do-not-use-in-prod

        at apiRequestContext.get: connect ECONNREFUSED ::1:4000
        at Object.get (/home/tbaltzakis/cloudless.gr/e2e/_internal/admin-fixture.ts:8:35)
        at /home/tbaltzakis/cloudless.gr/e2e/api-routes-gaps-sweep.spec.ts:125:25

    Error Context: test-results/api-routes-gaps-sweep-Admi-9bb9e-ail-campaigns-sample-e2e-id-mobile-chrome-retry1/error-context.md

    attachment #2: trace (application/zip) ─────────────────────────────────────────────────────────
    test-results/api-routes-gaps-sweep-Admi-9bb9e-ail-campaigns-sample-e2e-id-mobile-chrome-retry1/trace.zip
    Usage:

        npx playwright show-trace test-results/api-routes-gaps-sweep-Admi-9bb9e-ail-campaigns-sample-e2e-id-mobile-chrome-retry1/trace.zip

    ────────────────────────────────────────────────────────────────────────────────────────────────

  1132) [mobile-chrome] › e2e/api-routes-gaps-sweep.spec.ts:123:9 › Admin API gap sweep (authenticated GETs) › GET /api/admin/leads 

    Error: apiRequestContext.get: connect ECONNREFUSED ::1:4000
    Call log:
      - → GET http://localhost:4000/api/admin/leads
        - user-agent: Mozilla/5.0 (Linux; Android 14; Pixel 7) AppleWebKit/537.36 (KHTML, like Gecko) Chrome/151.0.7922.34 Mobile Safari/537.36
        - accept: */*
        - accept-encoding: gzip,deflate,br
        - authorization: Bearer e2e-admin-token-do-not-use-in-prod

        at apiRequestContext.get: connect ECONNREFUSED ::1:4000
        at Object.get (/home/tbaltzakis/cloudless.gr/e2e/_internal/admin-fixture.ts:8:35)
        at /home/tbaltzakis/cloudless.gr/e2e/api-routes-gaps-sweep.spec.ts:125:25

    Error Context: test-results/api-routes-gaps-sweep-Admi-357f8-ed-GETs-GET-api-admin-leads-mobile-chrome/error-context.md

    Retry #1 ───────────────────────────────────────────────────────────────────────────────────────

    Error: apiRequestContext.get: connect ECONNREFUSED ::1:4000
    Call log:
      - → GET http://localhost:4000/api/admin/leads
        - user-agent: Mozilla/5.0 (Linux; Android 14; Pixel 7) AppleWebKit/537.36 (KHTML, like Gecko) Chrome/151.0.7922.34 Mobile Safari/537.36
        - accept: */*
        - accept-encoding: gzip,deflate,br
        - authorization: Bearer e2e-admin-token-do-not-use-in-prod

        at apiRequestContext.get: connect ECONNREFUSED ::1:4000
        at Object.get (/home/tbaltzakis/cloudless.gr/e2e/_internal/admin-fixture.ts:8:35)
        at /home/tbaltzakis/cloudless.gr/e2e/api-routes-gaps-sweep.spec.ts:125:25

    Error Context: test-results/api-routes-gaps-sweep-Admi-357f8-ed-GETs-GET-api-admin-leads-mobile-chrome-retry1/error-context.md

    attachment #2: trace (application/zip) ─────────────────────────────────────────────────────────
    test-results/api-routes-gaps-sweep-Admi-357f8-ed-GETs-GET-api-admin-leads-mobile-chrome-retry1/trace.zip
    Usage:

        npx playwright show-trace test-results/api-routes-gaps-sweep-Admi-357f8-ed-GETs-GET-api-admin-leads-mobile-chrome-retry1/trace.zip

    ────────────────────────────────────────────────────────────────────────────────────────────────

  1133) [mobile-chrome] › e2e/api-routes-gaps-sweep.spec.ts:123:9 › Admin API gap sweep (authenticated GETs) › GET /api/admin/notion/case-studies 

    Error: apiRequestContext.get: connect ECONNREFUSED ::1:4000
    Call log:
      - → GET http://localhost:4000/api/admin/notion/case-studies
        - user-agent: Mozilla/5.0 (Linux; Android 14; Pixel 7) AppleWebKit/537.36 (KHTML, like Gecko) Chrome/151.0.7922.34 Mobile Safari/537.36
        - accept: */*
        - accept-encoding: gzip,deflate,br
        - authorization: Bearer e2e-admin-token-do-not-use-in-prod

        at apiRequestContext.get: connect ECONNREFUSED ::1:4000
        at Object.get (/home/tbaltzakis/cloudless.gr/e2e/_internal/admin-fixture.ts:8:35)
        at /home/tbaltzakis/cloudless.gr/e2e/api-routes-gaps-sweep.spec.ts:125:25

    Error Context: test-results/api-routes-gaps-sweep-Admi-eba6b-i-admin-notion-case-studies-mobile-chrome/error-context.md

    Retry #1 ───────────────────────────────────────────────────────────────────────────────────────

    Error: apiRequestContext.get: connect ECONNREFUSED ::1:4000
    Call log:
      - → GET http://localhost:4000/api/admin/notion/case-studies
        - user-agent: Mozilla/5.0 (Linux; Android 14; Pixel 7) AppleWebKit/537.36 (KHTML, like Gecko) Chrome/151.0.7922.34 Mobile Safari/537.36
        - accept: */*
        - accept-encoding: gzip,deflate,br
        - authorization: Bearer e2e-admin-token-do-not-use-in-prod

        at apiRequestContext.get: connect ECONNREFUSED ::1:4000
        at Object.get (/home/tbaltzakis/cloudless.gr/e2e/_internal/admin-fixture.ts:8:35)
        at /home/tbaltzakis/cloudless.gr/e2e/api-routes-gaps-sweep.spec.ts:125:25

    Error Context: test-results/api-routes-gaps-sweep-Admi-eba6b-i-admin-notion-case-studies-mobile-chrome-retry1/error-context.md

    attachment #2: trace (application/zip) ─────────────────────────────────────────────────────────
    test-results/api-routes-gaps-sweep-Admi-eba6b-i-admin-notion-case-studies-mobile-chrome-retry1/trace.zip
    Usage:

        npx playwright show-trace test-results/api-routes-gaps-sweep-Admi-eba6b-i-admin-notion-case-studies-mobile-chrome-retry1/trace.zip

    ────────────────────────────────────────────────────────────────────────────────────────────────

  1134) [mobile-chrome] › e2e/api-routes-gaps-sweep.spec.ts:123:9 › Admin API gap sweep (authenticated GETs) › GET /api/admin/notion/faqs 

    Error: apiRequestContext.get: connect ECONNREFUSED ::1:4000
    Call log:
      - → GET http://localhost:4000/api/admin/notion/faqs
        - user-agent: Mozilla/5.0 (Linux; Android 14; Pixel 7) AppleWebKit/537.36 (KHTML, like Gecko) Chrome/151.0.7922.34 Mobile Safari/537.36
        - accept: */*
        - accept-encoding: gzip,deflate,br
        - authorization: Bearer e2e-admin-token-do-not-use-in-prod

        at apiRequestContext.get: connect ECONNREFUSED ::1:4000
        at Object.get (/home/tbaltzakis/cloudless.gr/e2e/_internal/admin-fixture.ts:8:35)
        at /home/tbaltzakis/cloudless.gr/e2e/api-routes-gaps-sweep.spec.ts:125:25

    Error Context: test-results/api-routes-gaps-sweep-Admi-dd905-s-GET-api-admin-notion-faqs-mobile-chrome/error-context.md

    Retry #1 ───────────────────────────────────────────────────────────────────────────────────────

    Error: apiRequestContext.get: connect ECONNREFUSED ::1:4000
    Call log:
      - → GET http://localhost:4000/api/admin/notion/faqs
        - user-agent: Mozilla/5.0 (Linux; Android 14; Pixel 7) AppleWebKit/537.36 (KHTML, like Gecko) Chrome/151.0.7922.34 Mobile Safari/537.36
        - accept: */*
        - accept-encoding: gzip,deflate,br
        - authorization: Bearer e2e-admin-token-do-not-use-in-prod

        at apiRequestContext.get: connect ECONNREFUSED ::1:4000
        at Object.get (/home/tbaltzakis/cloudless.gr/e2e/_internal/admin-fixture.ts:8:35)
        at /home/tbaltzakis/cloudless.gr/e2e/api-routes-gaps-sweep.spec.ts:125:25

    Error Context: test-results/api-routes-gaps-sweep-Admi-dd905-s-GET-api-admin-notion-faqs-mobile-chrome-retry1/error-context.md

    attachment #2: trace (application/zip) ─────────────────────────────────────────────────────────
    test-results/api-routes-gaps-sweep-Admi-dd905-s-GET-api-admin-notion-faqs-mobile-chrome-retry1/trace.zip
    Usage:

        npx playwright show-trace test-results/api-routes-gaps-sweep-Admi-dd905-s-GET-api-admin-notion-faqs-mobile-chrome-retry1/trace.zip

    ────────────────────────────────────────────────────────────────────────────────────────────────

  1135) [mobile-chrome] › e2e/api-routes-gaps-sweep.spec.ts:123:9 › Admin API gap sweep (authenticated GETs) › GET /api/admin/notion/services 

    Error: apiRequestContext.get: connect ECONNREFUSED ::1:4000
    Call log:
      - → GET http://localhost:4000/api/admin/notion/services
        - user-agent: Mozilla/5.0 (Linux; Android 14; Pixel 7) AppleWebKit/537.36 (KHTML, like Gecko) Chrome/151.0.7922.34 Mobile Safari/537.36
        - accept: */*
        - accept-encoding: gzip,deflate,br
        - authorization: Bearer e2e-admin-token-do-not-use-in-prod

        at apiRequestContext.get: connect ECONNREFUSED ::1:4000
        at Object.get (/home/tbaltzakis/cloudless.gr/e2e/_internal/admin-fixture.ts:8:35)
        at /home/tbaltzakis/cloudless.gr/e2e/api-routes-gaps-sweep.spec.ts:125:25

    Error Context: test-results/api-routes-gaps-sweep-Admi-f9087-T-api-admin-notion-services-mobile-chrome/error-context.md

    Retry #1 ───────────────────────────────────────────────────────────────────────────────────────

    Error: apiRequestContext.get: connect ECONNREFUSED ::1:4000
    Call log:
      - → GET http://localhost:4000/api/admin/notion/services
        - user-agent: Mozilla/5.0 (Linux; Android 14; Pixel 7) AppleWebKit/537.36 (KHTML, like Gecko) Chrome/151.0.7922.34 Mobile Safari/537.36
        - accept: */*
        - accept-encoding: gzip,deflate,br
        - authorization: Bearer e2e-admin-token-do-not-use-in-prod

        at apiRequestContext.get: connect ECONNREFUSED ::1:4000
        at Object.get (/home/tbaltzakis/cloudless.gr/e2e/_internal/admin-fixture.ts:8:35)
        at /home/tbaltzakis/cloudless.gr/e2e/api-routes-gaps-sweep.spec.ts:125:25

    Error Context: test-results/api-routes-gaps-sweep-Admi-f9087-T-api-admin-notion-services-mobile-chrome-retry1/error-context.md

    attachment #2: trace (application/zip) ─────────────────────────────────────────────────────────
    test-results/api-routes-gaps-sweep-Admi-f9087-T-api-admin-notion-services-mobile-chrome-retry1/trace.zip
    Usage:

        npx playwright show-trace test-results/api-routes-gaps-sweep-Admi-f9087-T-api-admin-notion-services-mobile-chrome-retry1/trace.zip

    ────────────────────────────────────────────────────────────────────────────────────────────────

  1136) [mobile-chrome] › e2e/api-routes-gaps-sweep.spec.ts:123:9 › Admin API gap sweep (authenticated GETs) › GET /api/admin/notion/testimonials 

    Error: apiRequestContext.get: connect ECONNREFUSED ::1:4000
    Call log:
      - → GET http://localhost:4000/api/admin/notion/testimonials
        - user-agent: Mozilla/5.0 (Linux; Android 14; Pixel 7) AppleWebKit/537.36 (KHTML, like Gecko) Chrome/151.0.7922.34 Mobile Safari/537.36
        - accept: */*
        - accept-encoding: gzip,deflate,br
        - authorization: Bearer e2e-admin-token-do-not-use-in-prod

        at apiRequestContext.get: connect ECONNREFUSED ::1:4000
        at Object.get (/home/tbaltzakis/cloudless.gr/e2e/_internal/admin-fixture.ts:8:35)
        at /home/tbaltzakis/cloudless.gr/e2e/api-routes-gaps-sweep.spec.ts:125:25

    Error Context: test-results/api-routes-gaps-sweep-Admi-b4663-i-admin-notion-testimonials-mobile-chrome/error-context.md

    Retry #1 ───────────────────────────────────────────────────────────────────────────────────────

    Error: apiRequestContext.get: connect ECONNREFUSED ::1:4000
    Call log:
      - → GET http://localhost:4000/api/admin/notion/testimonials
        - user-agent: Mozilla/5.0 (Linux; Android 14; Pixel 7) AppleWebKit/537.36 (KHTML, like Gecko) Chrome/151.0.7922.34 Mobile Safari/537.36
        - accept: */*
        - accept-encoding: gzip,deflate,br
        - authorization: Bearer e2e-admin-token-do-not-use-in-prod

        at apiRequestContext.get: connect ECONNREFUSED ::1:4000
        at Object.get (/home/tbaltzakis/cloudless.gr/e2e/_internal/admin-fixture.ts:8:35)
        at /home/tbaltzakis/cloudless.gr/e2e/api-routes-gaps-sweep.spec.ts:125:25

    Error Context: test-results/api-routes-gaps-sweep-Admi-b4663-i-admin-notion-testimonials-mobile-chrome-retry1/error-context.md

    attachment #2: trace (application/zip) ─────────────────────────────────────────────────────────
    test-results/api-routes-gaps-sweep-Admi-b4663-i-admin-notion-testimonials-mobile-chrome-retry1/trace.zip
    Usage:

        npx playwright show-trace test-results/api-routes-gaps-sweep-Admi-b4663-i-admin-notion-testimonials-mobile-chrome-retry1/trace.zip

    ────────────────────────────────────────────────────────────────────────────────────────────────

  1137) [mobile-chrome] › e2e/api-routes-gaps-sweep.spec.ts:123:9 › Admin API gap sweep (authenticated GETs) › GET /api/admin/ops/errors/sample-e2e-id 

    Error: apiRequestContext.get: connect ECONNREFUSED ::1:4000
    Call log:
      - → GET http://localhost:4000/api/admin/ops/errors/sample-e2e-id
        - user-agent: Mozilla/5.0 (Linux; Android 14; Pixel 7) AppleWebKit/537.36 (KHTML, like Gecko) Chrome/151.0.7922.34 Mobile Safari/537.36
        - accept: */*
        - accept-encoding: gzip,deflate,br
        - authorization: Bearer e2e-admin-token-do-not-use-in-prod

        at apiRequestContext.get: connect ECONNREFUSED ::1:4000
        at Object.get (/home/tbaltzakis/cloudless.gr/e2e/_internal/admin-fixture.ts:8:35)
        at /home/tbaltzakis/cloudless.gr/e2e/api-routes-gaps-sweep.spec.ts:125:25

    Error Context: test-results/api-routes-gaps-sweep-Admi-a16fd-in-ops-errors-sample-e2e-id-mobile-chrome/error-context.md

    Retry #1 ───────────────────────────────────────────────────────────────────────────────────────

    Error: apiRequestContext.get: connect ECONNREFUSED ::1:4000
    Call log:
      - → GET http://localhost:4000/api/admin/ops/errors/sample-e2e-id
        - user-agent: Mozilla/5.0 (Linux; Android 14; Pixel 7) AppleWebKit/537.36 (KHTML, like Gecko) Chrome/151.0.7922.34 Mobile Safari/537.36
        - accept: */*
        - accept-encoding: gzip,deflate,br
        - authorization: Bearer e2e-admin-token-do-not-use-in-prod

        at apiRequestContext.get: connect ECONNREFUSED ::1:4000
        at Object.get (/home/tbaltzakis/cloudless.gr/e2e/_internal/admin-fixture.ts:8:35)
        at /home/tbaltzakis/cloudless.gr/e2e/api-routes-gaps-sweep.spec.ts:125:25

    Error Context: test-results/api-routes-gaps-sweep-Admi-a16fd-in-ops-errors-sample-e2e-id-mobile-chrome-retry1/error-context.md

    attachment #2: trace (application/zip) ─────────────────────────────────────────────────────────
    test-results/api-routes-gaps-sweep-Admi-a16fd-in-ops-errors-sample-e2e-id-mobile-chrome-retry1/trace.zip
    Usage:

        npx playwright show-trace test-results/api-routes-gaps-sweep-Admi-a16fd-in-ops-errors-sample-e2e-id-mobile-chrome-retry1/trace.zip

    ────────────────────────────────────────────────────────────────────────────────────────────────

  1138) [mobile-chrome] › e2e/api-routes-gaps-sweep.spec.ts:123:9 › Admin API gap sweep (authenticated GETs) › GET /api/admin/postiz 

    Error: apiRequestContext.get: connect ECONNREFUSED ::1:4000
    Call log:
      - → GET http://localhost:4000/api/admin/postiz
        - user-agent: Mozilla/5.0 (Linux; Android 14; Pixel 7) AppleWebKit/537.36 (KHTML, like Gecko) Chrome/151.0.7922.34 Mobile Safari/537.36
        - accept: */*
        - accept-encoding: gzip,deflate,br
        - authorization: Bearer e2e-admin-token-do-not-use-in-prod

        at apiRequestContext.get: connect ECONNREFUSED ::1:4000
        at Object.get (/home/tbaltzakis/cloudless.gr/e2e/_internal/admin-fixture.ts:8:35)
        at /home/tbaltzakis/cloudless.gr/e2e/api-routes-gaps-sweep.spec.ts:125:25

    Error Context: test-results/api-routes-gaps-sweep-Admi-bbf90-d-GETs-GET-api-admin-postiz-mobile-chrome/error-context.md

    Retry #1 ───────────────────────────────────────────────────────────────────────────────────────

    Error: apiRequestContext.get: connect ECONNREFUSED ::1:4000
    Call log:
      - → GET http://localhost:4000/api/admin/postiz
        - user-agent: Mozilla/5.0 (Linux; Android 14; Pixel 7) AppleWebKit/537.36 (KHTML, like Gecko) Chrome/151.0.7922.34 Mobile Safari/537.36
        - accept: */*
        - accept-encoding: gzip,deflate,br
        - authorization: Bearer e2e-admin-token-do-not-use-in-prod

        at apiRequestContext.get: connect ECONNREFUSED ::1:4000
        at Object.get (/home/tbaltzakis/cloudless.gr/e2e/_internal/admin-fixture.ts:8:35)
        at /home/tbaltzakis/cloudless.gr/e2e/api-routes-gaps-sweep.spec.ts:125:25

    Error Context: test-results/api-routes-gaps-sweep-Admi-bbf90-d-GETs-GET-api-admin-postiz-mobile-chrome-retry1/error-context.md

    attachment #2: trace (application/zip) ─────────────────────────────────────────────────────────
    test-results/api-routes-gaps-sweep-Admi-bbf90-d-GETs-GET-api-admin-postiz-mobile-chrome-retry1/trace.zip
    Usage:

        npx playwright show-trace test-results/api-routes-gaps-sweep-Admi-bbf90-d-GETs-GET-api-admin-postiz-mobile-chrome-retry1/trace.zip

    ────────────────────────────────────────────────────────────────────────────────────────────────

  1139) [mobile-chrome] › e2e/api-routes-gaps-sweep.spec.ts:123:9 › Admin API gap sweep (authenticated GETs) › GET /api/admin/postiz/integrations 

    Error: apiRequestContext.get: connect ECONNREFUSED ::1:4000
    Call log:
      - → GET http://localhost:4000/api/admin/postiz/integrations
        - user-agent: Mozilla/5.0 (Linux; Android 14; Pixel 7) AppleWebKit/537.36 (KHTML, like Gecko) Chrome/151.0.7922.34 Mobile Safari/537.36
        - accept: */*
        - accept-encoding: gzip,deflate,br
        - authorization: Bearer e2e-admin-token-do-not-use-in-prod

        at apiRequestContext.get: connect ECONNREFUSED ::1:4000
        at Object.get (/home/tbaltzakis/cloudless.gr/e2e/_internal/admin-fixture.ts:8:35)
        at /home/tbaltzakis/cloudless.gr/e2e/api-routes-gaps-sweep.spec.ts:125:25

    Error Context: test-results/api-routes-gaps-sweep-Admi-ff451-i-admin-postiz-integrations-mobile-chrome/error-context.md

    Retry #1 ───────────────────────────────────────────────────────────────────────────────────────

    Error: apiRequestContext.get: connect ECONNREFUSED ::1:4000
    Call log:
      - → GET http://localhost:4000/api/admin/postiz/integrations
        - user-agent: Mozilla/5.0 (Linux; Android 14; Pixel 7) AppleWebKit/537.36 (KHTML, like Gecko) Chrome/151.0.7922.34 Mobile Safari/537.36
        - accept: */*
        - accept-encoding: gzip,deflate,br
        - authorization: Bearer e2e-admin-token-do-not-use-in-prod

        at apiRequestContext.get: connect ECONNREFUSED ::1:4000
        at Object.get (/home/tbaltzakis/cloudless.gr/e2e/_internal/admin-fixture.ts:8:35)
        at /home/tbaltzakis/cloudless.gr/e2e/api-routes-gaps-sweep.spec.ts:125:25

    Error Context: test-results/api-routes-gaps-sweep-Admi-ff451-i-admin-postiz-integrations-mobile-chrome-retry1/error-context.md

    attachment #2: trace (application/zip) ─────────────────────────────────────────────────────────
    test-results/api-routes-gaps-sweep-Admi-ff451-i-admin-postiz-integrations-mobile-chrome-retry1/trace.zip
    Usage:

        npx playwright show-trace test-results/api-routes-gaps-sweep-Admi-ff451-i-admin-postiz-integrations-mobile-chrome-retry1/trace.zip

    ────────────────────────────────────────────────────────────────────────────────────────────────

  1140) [mobile-chrome] › e2e/api-routes-gaps-sweep.spec.ts:123:9 › Admin API gap sweep (authenticated GETs) › GET /api/admin/postiz/posts 

    Error: apiRequestContext.get: connect ECONNREFUSED ::1:4000
    Call log:
      - → GET http://localhost:4000/api/admin/postiz/posts
        - user-agent: Mozilla/5.0 (Linux; Android 14; Pixel 7) AppleWebKit/537.36 (KHTML, like Gecko) Chrome/151.0.7922.34 Mobile Safari/537.36
        - accept: */*
        - accept-encoding: gzip,deflate,br
        - authorization: Bearer e2e-admin-token-do-not-use-in-prod

        at apiRequestContext.get: connect ECONNREFUSED ::1:4000
        at Object.get (/home/tbaltzakis/cloudless.gr/e2e/_internal/admin-fixture.ts:8:35)
        at /home/tbaltzakis/cloudless.gr/e2e/api-routes-gaps-sweep.spec.ts:125:25

    Error Context: test-results/api-routes-gaps-sweep-Admi-8d1fa--GET-api-admin-postiz-posts-mobile-chrome/error-context.md

    Retry #1 ───────────────────────────────────────────────────────────────────────────────────────

    Error: apiRequestContext.get: connect ECONNREFUSED ::1:4000
    Call log:
      - → GET http://localhost:4000/api/admin/postiz/posts
        - user-agent: Mozilla/5.0 (Linux; Android 14; Pixel 7) AppleWebKit/537.36 (KHTML, like Gecko) Chrome/151.0.7922.34 Mobile Safari/537.36
        - accept: */*
        - accept-encoding: gzip,deflate,br
        - authorization: Bearer e2e-admin-token-do-not-use-in-prod

        at apiRequestContext.get: connect ECONNREFUSED ::1:4000
        at Object.get (/home/tbaltzakis/cloudless.gr/e2e/_internal/admin-fixture.ts:8:35)
        at /home/tbaltzakis/cloudless.gr/e2e/api-routes-gaps-sweep.spec.ts:125:25

    Error Context: test-results/api-routes-gaps-sweep-Admi-8d1fa--GET-api-admin-postiz-posts-mobile-chrome-retry1/error-context.md

    attachment #2: trace (application/zip) ─────────────────────────────────────────────────────────
    test-results/api-routes-gaps-sweep-Admi-8d1fa--GET-api-admin-postiz-posts-mobile-chrome-retry1/trace.zip
    Usage:

        npx playwright show-trace test-results/api-routes-gaps-sweep-Admi-8d1fa--GET-api-admin-postiz-posts-mobile-chrome-retry1/trace.zip

    ────────────────────────────────────────────────────────────────────────────────────────────────

  1141) [mobile-chrome] › e2e/api-routes-gaps-sweep.spec.ts:123:9 › Admin API gap sweep (authenticated GETs) › GET /api/admin/postiz/slot?id=sample-e2e-id 

    Error: apiRequestContext.get: connect ECONNREFUSED ::1:4000
    Call log:
      - → GET http://localhost:4000/api/admin/postiz/slot?id=sample-e2e-id
        - user-agent: Mozilla/5.0 (Linux; Android 14; Pixel 7) AppleWebKit/537.36 (KHTML, like Gecko) Chrome/151.0.7922.34 Mobile Safari/537.36
        - accept: */*
        - accept-encoding: gzip,deflate,br
        - authorization: Bearer e2e-admin-token-do-not-use-in-prod

        at apiRequestContext.get: connect ECONNREFUSED ::1:4000
        at Object.get (/home/tbaltzakis/cloudless.gr/e2e/_internal/admin-fixture.ts:8:35)
        at /home/tbaltzakis/cloudless.gr/e2e/api-routes-gaps-sweep.spec.ts:125:25

    Error Context: test-results/api-routes-gaps-sweep-Admi-9434d-ostiz-slot-id-sample-e2e-id-mobile-chrome/error-context.md

    Retry #1 ───────────────────────────────────────────────────────────────────────────────────────

    Error: apiRequestContext.get: connect ECONNREFUSED ::1:4000
    Call log:
      - → GET http://localhost:4000/api/admin/postiz/slot?id=sample-e2e-id
        - user-agent: Mozilla/5.0 (Linux; Android 14; Pixel 7) AppleWebKit/537.36 (KHTML, like Gecko) Chrome/151.0.7922.34 Mobile Safari/537.36
        - accept: */*
        - accept-encoding: gzip,deflate,br
        - authorization: Bearer e2e-admin-token-do-not-use-in-prod

        at apiRequestContext.get: connect ECONNREFUSED ::1:4000
        at Object.get (/home/tbaltzakis/cloudless.gr/e2e/_internal/admin-fixture.ts:8:35)
        at /home/tbaltzakis/cloudless.gr/e2e/api-routes-gaps-sweep.spec.ts:125:25

    Error Context: test-results/api-routes-gaps-sweep-Admi-9434d-ostiz-slot-id-sample-e2e-id-mobile-chrome-retry1/error-context.md

    attachment #2: trace (application/zip) ─────────────────────────────────────────────────────────
    test-results/api-routes-gaps-sweep-Admi-9434d-ostiz-slot-id-sample-e2e-id-mobile-chrome-retry1/trace.zip
    Usage:

        npx playwright show-trace test-results/api-routes-gaps-sweep-Admi-9434d-ostiz-slot-id-sample-e2e-id-mobile-chrome-retry1/trace.zip

    ────────────────────────────────────────────────────────────────────────────────────────────────

  1142) [mobile-chrome] › e2e/api-routes-gaps-sweep.spec.ts:123:9 › Admin API gap sweep (authenticated GETs) › GET /api/admin/postiz/health 

    Error: apiRequestContext.get: connect ECONNREFUSED ::1:4000
    Call log:
      - → GET http://localhost:4000/api/admin/postiz/health
        - user-agent: Mozilla/5.0 (Linux; Android 14; Pixel 7) AppleWebKit/537.36 (KHTML, like Gecko) Chrome/151.0.7922.34 Mobile Safari/537.36
        - accept: */*
        - accept-encoding: gzip,deflate,br
        - authorization: Bearer e2e-admin-token-do-not-use-in-prod

        at apiRequestContext.get: connect ECONNREFUSED ::1:4000
        at Object.get (/home/tbaltzakis/cloudless.gr/e2e/_internal/admin-fixture.ts:8:35)
        at /home/tbaltzakis/cloudless.gr/e2e/api-routes-gaps-sweep.spec.ts:125:25

    Error Context: test-results/api-routes-gaps-sweep-Admi-5004b-GET-api-admin-postiz-health-mobile-chrome/error-context.md

    Retry #1 ───────────────────────────────────────────────────────────────────────────────────────

    Error: apiRequestContext.get: connect ECONNREFUSED ::1:4000
    Call log:
      - → GET http://localhost:4000/api/admin/postiz/health
        - user-agent: Mozilla/5.0 (Linux; Android 14; Pixel 7) AppleWebKit/537.36 (KHTML, like Gecko) Chrome/151.0.7922.34 Mobile Safari/537.36
        - accept: */*
        - accept-encoding: gzip,deflate,br
        - authorization: Bearer e2e-admin-token-do-not-use-in-prod

        at apiRequestContext.get: connect ECONNREFUSED ::1:4000
        at Object.get (/home/tbaltzakis/cloudless.gr/e2e/_internal/admin-fixture.ts:8:35)
        at /home/tbaltzakis/cloudless.gr/e2e/api-routes-gaps-sweep.spec.ts:125:25

    Error Context: test-results/api-routes-gaps-sweep-Admi-5004b-GET-api-admin-postiz-health-mobile-chrome-retry1/error-context.md

    attachment #2: trace (application/zip) ─────────────────────────────────────────────────────────
    test-results/api-routes-gaps-sweep-Admi-5004b-GET-api-admin-postiz-health-mobile-chrome-retry1/trace.zip
    Usage:

        npx playwright show-trace test-results/api-routes-gaps-sweep-Admi-5004b-GET-api-admin-postiz-health-mobile-chrome-retry1/trace.zip

    ────────────────────────────────────────────────────────────────────────────────────────────────

  1143) [mobile-chrome] › e2e/api-routes-gaps-sweep.spec.ts:123:9 › Admin API gap sweep (authenticated GETs) › GET /api/admin/postiz/health?format=prom 

    Error: apiRequestContext.get: connect ECONNREFUSED ::1:4000
    Call log:
      - → GET http://localhost:4000/api/admin/postiz/health?format=prom
        - user-agent: Mozilla/5.0 (Linux; Android 14; Pixel 7) AppleWebKit/537.36 (KHTML, like Gecko) Chrome/151.0.7922.34 Mobile Safari/537.36
        - accept: */*
        - accept-encoding: gzip,deflate,br
        - authorization: Bearer e2e-admin-token-do-not-use-in-prod

        at apiRequestContext.get: connect ECONNREFUSED ::1:4000
        at Object.get (/home/tbaltzakis/cloudless.gr/e2e/_internal/admin-fixture.ts:8:35)
        at /home/tbaltzakis/cloudless.gr/e2e/api-routes-gaps-sweep.spec.ts:125:25

    Error Context: test-results/api-routes-gaps-sweep-Admi-02ee7-n-postiz-health-format-prom-mobile-chrome/error-context.md

    Retry #1 ───────────────────────────────────────────────────────────────────────────────────────

    Error: apiRequestContext.get: connect ECONNREFUSED ::1:4000
    Call log:
      - → GET http://localhost:4000/api/admin/postiz/health?format=prom
        - user-agent: Mozilla/5.0 (Linux; Android 14; Pixel 7) AppleWebKit/537.36 (KHTML, like Gecko) Chrome/151.0.7922.34 Mobile Safari/537.36
        - accept: */*
        - accept-encoding: gzip,deflate,br
        - authorization: Bearer e2e-admin-token-do-not-use-in-prod

        at apiRequestContext.get: connect ECONNREFUSED ::1:4000
        at Object.get (/home/tbaltzakis/cloudless.gr/e2e/_internal/admin-fixture.ts:8:35)
        at /home/tbaltzakis/cloudless.gr/e2e/api-routes-gaps-sweep.spec.ts:125:25

    Error Context: test-results/api-routes-gaps-sweep-Admi-02ee7-n-postiz-health-format-prom-mobile-chrome-retry1/error-context.md

    attachment #2: trace (application/zip) ─────────────────────────────────────────────────────────
    test-results/api-routes-gaps-sweep-Admi-02ee7-n-postiz-health-format-prom-mobile-chrome-retry1/trace.zip
    Usage:

        npx playwright show-trace test-results/api-routes-gaps-sweep-Admi-02ee7-n-postiz-health-format-prom-mobile-chrome-retry1/trace.zip

    ────────────────────────────────────────────────────────────────────────────────────────────────

  1144) [mobile-chrome] › e2e/api-routes-gaps-sweep.spec.ts:123:9 › Admin API gap sweep (authenticated GETs) › GET /api/admin/postiz/is-connected 

    Error: apiRequestContext.get: connect ECONNREFUSED ::1:4000
    Call log:
      - → GET http://localhost:4000/api/admin/postiz/is-connected
        - user-agent: Mozilla/5.0 (Linux; Android 14; Pixel 7) AppleWebKit/537.36 (KHTML, like Gecko) Chrome/151.0.7922.34 Mobile Safari/537.36
        - accept: */*
        - accept-encoding: gzip,deflate,br
        - authorization: Bearer e2e-admin-token-do-not-use-in-prod

        at apiRequestContext.get: connect ECONNREFUSED ::1:4000
        at Object.get (/home/tbaltzakis/cloudless.gr/e2e/_internal/admin-fixture.ts:8:35)
        at /home/tbaltzakis/cloudless.gr/e2e/api-routes-gaps-sweep.spec.ts:125:25

    Error Context: test-results/api-routes-gaps-sweep-Admi-364f1-i-admin-postiz-is-connected-mobile-chrome/error-context.md

    Retry #1 ───────────────────────────────────────────────────────────────────────────────────────

    Error: apiRequestContext.get: connect ECONNREFUSED ::1:4000
    Call log:
      - → GET http://localhost:4000/api/admin/postiz/is-connected
        - user-agent: Mozilla/5.0 (Linux; Android 14; Pixel 7) AppleWebKit/537.36 (KHTML, like Gecko) Chrome/151.0.7922.34 Mobile Safari/537.36
        - accept: */*
        - accept-encoding: gzip,deflate,br
        - authorization: Bearer e2e-admin-token-do-not-use-in-prod

        at apiRequestContext.get: connect ECONNREFUSED ::1:4000
        at Object.get (/home/tbaltzakis/cloudless.gr/e2e/_internal/admin-fixture.ts:8:35)
        at /home/tbaltzakis/cloudless.gr/e2e/api-routes-gaps-sweep.spec.ts:125:25

    Error Context: test-results/api-routes-gaps-sweep-Admi-364f1-i-admin-postiz-is-connected-mobile-chrome-retry1/error-context.md

    attachment #2: trace (application/zip) ─────────────────────────────────────────────────────────
    test-results/api-routes-gaps-sweep-Admi-364f1-i-admin-postiz-is-connected-mobile-chrome-retry1/trace.zip
    Usage:

        npx playwright show-trace test-results/api-routes-gaps-sweep-Admi-364f1-i-admin-postiz-is-connected-mobile-chrome-retry1/trace.zip

    ────────────────────────────────────────────────────────────────────────────────────────────────

  1145) [mobile-chrome] › e2e/api-routes-gaps-sweep.spec.ts:123:9 › Admin API gap sweep (authenticated GETs) › GET /api/admin/postiz/groups 

    Error: apiRequestContext.get: connect ECONNREFUSED ::1:4000
    Call log:
      - → GET http://localhost:4000/api/admin/postiz/groups
        - user-agent: Mozilla/5.0 (Linux; Android 14; Pixel 7) AppleWebKit/537.36 (KHTML, like Gecko) Chrome/151.0.7922.34 Mobile Safari/537.36
        - accept: */*
        - accept-encoding: gzip,deflate,br
        - authorization: Bearer e2e-admin-token-do-not-use-in-prod

        at apiRequestContext.get: connect ECONNREFUSED ::1:4000
        at Object.get (/home/tbaltzakis/cloudless.gr/e2e/_internal/admin-fixture.ts:8:35)
        at /home/tbaltzakis/cloudless.gr/e2e/api-routes-gaps-sweep.spec.ts:125:25

    Error Context: test-results/api-routes-gaps-sweep-Admi-ede50-GET-api-admin-postiz-groups-mobile-chrome/error-context.md

    Retry #1 ───────────────────────────────────────────────────────────────────────────────────────

    Error: apiRequestContext.get: connect ECONNREFUSED ::1:4000
    Call log:
      - → GET http://localhost:4000/api/admin/postiz/groups
        - user-agent: Mozilla/5.0 (Linux; Android 14; Pixel 7) AppleWebKit/537.36 (KHTML, like Gecko) Chrome/151.0.7922.34 Mobile Safari/537.36
        - accept: */*
        - accept-encoding: gzip,deflate,br
        - authorization: Bearer e2e-admin-token-do-not-use-in-prod

        at apiRequestContext.get: connect ECONNREFUSED ::1:4000
        at Object.get (/home/tbaltzakis/cloudless.gr/e2e/_internal/admin-fixture.ts:8:35)
        at /home/tbaltzakis/cloudless.gr/e2e/api-routes-gaps-sweep.spec.ts:125:25

    Error Context: test-results/api-routes-gaps-sweep-Admi-ede50-GET-api-admin-postiz-groups-mobile-chrome-retry1/error-context.md

    attachment #2: trace (application/zip) ─────────────────────────────────────────────────────────
    test-results/api-routes-gaps-sweep-Admi-ede50-GET-api-admin-postiz-groups-mobile-chrome-retry1/trace.zip
    Usage:

        npx playwright show-trace test-results/api-routes-gaps-sweep-Admi-ede50-GET-api-admin-postiz-groups-mobile-chrome-retry1/trace.zip

    ────────────────────────────────────────────────────────────────────────────────────────────────

  1146) [mobile-chrome] › e2e/api-routes-gaps-sweep.spec.ts:123:9 › Admin API gap sweep (authenticated GETs) › GET /api/admin/postiz/notifications 

    Error: apiRequestContext.get: connect ECONNREFUSED ::1:4000
    Call log:
      - → GET http://localhost:4000/api/admin/postiz/notifications
        - user-agent: Mozilla/5.0 (Linux; Android 14; Pixel 7) AppleWebKit/537.36 (KHTML, like Gecko) Chrome/151.0.7922.34 Mobile Safari/537.36
        - accept: */*
        - accept-encoding: gzip,deflate,br
        - authorization: Bearer e2e-admin-token-do-not-use-in-prod

        at apiRequestContext.get: connect ECONNREFUSED ::1:4000
        at Object.get (/home/tbaltzakis/cloudless.gr/e2e/_internal/admin-fixture.ts:8:35)
        at /home/tbaltzakis/cloudless.gr/e2e/api-routes-gaps-sweep.spec.ts:125:25

    Error Context: test-results/api-routes-gaps-sweep-Admi-dc994--admin-postiz-notifications-mobile-chrome/error-context.md

    Retry #1 ───────────────────────────────────────────────────────────────────────────────────────

    Error: apiRequestContext.get: connect ECONNREFUSED ::1:4000
    Call log:
      - → GET http://localhost:4000/api/admin/postiz/notifications
        - user-agent: Mozilla/5.0 (Linux; Android 14; Pixel 7) AppleWebKit/537.36 (KHTML, like Gecko) Chrome/151.0.7922.34 Mobile Safari/537.36
        - accept: */*
        - accept-encoding: gzip,deflate,br
        - authorization: Bearer e2e-admin-token-do-not-use-in-prod

        at apiRequestContext.get: connect ECONNREFUSED ::1:4000
        at Object.get (/home/tbaltzakis/cloudless.gr/e2e/_internal/admin-fixture.ts:8:35)
        at /home/tbaltzakis/cloudless.gr/e2e/api-routes-gaps-sweep.spec.ts:125:25

    Error Context: test-results/api-routes-gaps-sweep-Admi-dc994--admin-postiz-notifications-mobile-chrome-retry1/error-context.md

    attachment #2: trace (application/zip) ─────────────────────────────────────────────────────────
    test-results/api-routes-gaps-sweep-Admi-dc994--admin-postiz-notifications-mobile-chrome-retry1/trace.zip
    Usage:

        npx playwright show-trace test-results/api-routes-gaps-sweep-Admi-dc994--admin-postiz-notifications-mobile-chrome-retry1/trace.zip

    ────────────────────────────────────────────────────────────────────────────────────────────────

  1147) [mobile-chrome] › e2e/api-routes-gaps-sweep.spec.ts:123:9 › Admin API gap sweep (authenticated GETs) › GET /api/admin/analytics/workspaces 

    Error: apiRequestContext.get: connect ECONNREFUSED ::1:4000
    Call log:
      - → GET http://localhost:4000/api/admin/analytics/workspaces
        - user-agent: Mozilla/5.0 (Linux; Android 14; Pixel 7) AppleWebKit/537.36 (KHTML, like Gecko) Chrome/151.0.7922.34 Mobile Safari/537.36
        - accept: */*
        - accept-encoding: gzip,deflate,br
        - authorization: Bearer e2e-admin-token-do-not-use-in-prod

        at apiRequestContext.get: connect ECONNREFUSED ::1:4000
        at Object.get (/home/tbaltzakis/cloudless.gr/e2e/_internal/admin-fixture.ts:8:35)
        at /home/tbaltzakis/cloudless.gr/e2e/api-routes-gaps-sweep.spec.ts:125:25

    Error Context: test-results/api-routes-gaps-sweep-Admi-4cc27--admin-analytics-workspaces-mobile-chrome/error-context.md

    Retry #1 ───────────────────────────────────────────────────────────────────────────────────────

    Error: apiRequestContext.get: connect ECONNREFUSED ::1:4000
    Call log:
      - → GET http://localhost:4000/api/admin/analytics/workspaces
        - user-agent: Mozilla/5.0 (Linux; Android 14; Pixel 7) AppleWebKit/537.36 (KHTML, like Gecko) Chrome/151.0.7922.34 Mobile Safari/537.36
        - accept: */*
        - accept-encoding: gzip,deflate,br
        - authorization: Bearer e2e-admin-token-do-not-use-in-prod

        at apiRequestContext.get: connect ECONNREFUSED ::1:4000
        at Object.get (/home/tbaltzakis/cloudless.gr/e2e/_internal/admin-fixture.ts:8:35)
        at /home/tbaltzakis/cloudless.gr/e2e/api-routes-gaps-sweep.spec.ts:125:25

    Error Context: test-results/api-routes-gaps-sweep-Admi-4cc27--admin-analytics-workspaces-mobile-chrome-retry1/error-context.md

    attachment #2: trace (application/zip) ─────────────────────────────────────────────────────────
    test-results/api-routes-gaps-sweep-Admi-4cc27--admin-analytics-workspaces-mobile-chrome-retry1/trace.zip
    Usage:

        npx playwright show-trace test-results/api-routes-gaps-sweep-Admi-4cc27--admin-analytics-workspaces-mobile-chrome-retry1/trace.zip

    ────────────────────────────────────────────────────────────────────────────────────────────────

  1148) [mobile-chrome] › e2e/api-routes-gaps-sweep.spec.ts:123:9 › Admin API gap sweep (authenticated GETs) › GET /api/admin/analytics/workspaces/sample-e2e-id 

    Error: apiRequestContext.get: connect ECONNREFUSED ::1:4000
    Call log:
      - → GET http://localhost:4000/api/admin/analytics/workspaces/sample-e2e-id
        - user-agent: Mozilla/5.0 (Linux; Android 14; Pixel 7) AppleWebKit/537.36 (KHTML, like Gecko) Chrome/151.0.7922.34 Mobile Safari/537.36
        - accept: */*
        - accept-encoding: gzip,deflate,br
        - authorization: Bearer e2e-admin-token-do-not-use-in-prod

        at apiRequestContext.get: connect ECONNREFUSED ::1:4000
        at Object.get (/home/tbaltzakis/cloudless.gr/e2e/_internal/admin-fixture.ts:8:35)
        at /home/tbaltzakis/cloudless.gr/e2e/api-routes-gaps-sweep.spec.ts:125:25

    Error Context: test-results/api-routes-gaps-sweep-Admi-6e673-cs-workspaces-sample-e2e-id-mobile-chrome/error-context.md

    Retry #1 ───────────────────────────────────────────────────────────────────────────────────────

    Error: apiRequestContext.get: connect ECONNREFUSED ::1:4000
    Call log:
      - → GET http://localhost:4000/api/admin/analytics/workspaces/sample-e2e-id
        - user-agent: Mozilla/5.0 (Linux; Android 14; Pixel 7) AppleWebKit/537.36 (KHTML, like Gecko) Chrome/151.0.7922.34 Mobile Safari/537.36
        - accept: */*
        - accept-encoding: gzip,deflate,br
        - authorization: Bearer e2e-admin-token-do-not-use-in-prod

        at apiRequestContext.get: connect ECONNREFUSED ::1:4000
        at Object.get (/home/tbaltzakis/cloudless.gr/e2e/_internal/admin-fixture.ts:8:35)
        at /home/tbaltzakis/cloudless.gr/e2e/api-routes-gaps-sweep.spec.ts:125:25

    Error Context: test-results/api-routes-gaps-sweep-Admi-6e673-cs-workspaces-sample-e2e-id-mobile-chrome-retry1/error-context.md

    attachment #2: trace (application/zip) ─────────────────────────────────────────────────────────
    test-results/api-routes-gaps-sweep-Admi-6e673-cs-workspaces-sample-e2e-id-mobile-chrome-retry1/trace.zip
    Usage:

        npx playwright show-trace test-results/api-routes-gaps-sweep-Admi-6e673-cs-workspaces-sample-e2e-id-mobile-chrome-retry1/trace.zip

    ────────────────────────────────────────────────────────────────────────────────────────────────

  1149) [mobile-chrome] › e2e/api-routes-gaps-sweep.spec.ts:123:9 › Admin API gap sweep (authenticated GETs) › GET /api/admin/postiz/integrations/sample-e2e-id/connect 

    Error: apiRequestContext.get: connect ECONNREFUSED ::1:4000
    Call log:
      - → GET http://localhost:4000/api/admin/postiz/integrations/sample-e2e-id/connect
        - user-agent: Mozilla/5.0 (Linux; Android 14; Pixel 7) AppleWebKit/537.36 (KHTML, like Gecko) Chrome/151.0.7922.34 Mobile Safari/537.36
        - accept: */*
        - accept-encoding: gzip,deflate,br
        - authorization: Bearer e2e-admin-token-do-not-use-in-prod

        at apiRequestContext.get: connect ECONNREFUSED ::1:4000
        at Object.get (/home/tbaltzakis/cloudless.gr/e2e/_internal/admin-fixture.ts:8:35)
        at /home/tbaltzakis/cloudless.gr/e2e/api-routes-gaps-sweep.spec.ts:125:25

    Error Context: test-results/api-routes-gaps-sweep-Admi-a8835-tions-sample-e2e-id-connect-mobile-chrome/error-context.md

    Retry #1 ───────────────────────────────────────────────────────────────────────────────────────

    Error: apiRequestContext.get: connect ECONNREFUSED ::1:4000
    Call log:
      - → GET http://localhost:4000/api/admin/postiz/integrations/sample-e2e-id/connect
        - user-agent: Mozilla/5.0 (Linux; Android 14; Pixel 7) AppleWebKit/537.36 (KHTML, like Gecko) Chrome/151.0.7922.34 Mobile Safari/537.36
        - accept: */*
        - accept-encoding: gzip,deflate,br
        - authorization: Bearer e2e-admin-token-do-not-use-in-prod

        at apiRequestContext.get: connect ECONNREFUSED ::1:4000
        at Object.get (/home/tbaltzakis/cloudless.gr/e2e/_internal/admin-fixture.ts:8:35)
        at /home/tbaltzakis/cloudless.gr/e2e/api-routes-gaps-sweep.spec.ts:125:25

    Error Context: test-results/api-routes-gaps-sweep-Admi-a8835-tions-sample-e2e-id-connect-mobile-chrome-retry1/error-context.md

    attachment #2: trace (application/zip) ─────────────────────────────────────────────────────────
    test-results/api-routes-gaps-sweep-Admi-a8835-tions-sample-e2e-id-connect-mobile-chrome-retry1/trace.zip
    Usage:

        npx playwright show-trace test-results/api-routes-gaps-sweep-Admi-a8835-tions-sample-e2e-id-connect-mobile-chrome-retry1/trace.zip

    ────────────────────────────────────────────────────────────────────────────────────────────────

  1150) [mobile-chrome] › e2e/api-routes-gaps-sweep.spec.ts:123:9 › Admin API gap sweep (authenticated GETs) › GET /api/admin/postiz/integrations/sample-e2e-id/settings 

    Error: apiRequestContext.get: connect ECONNREFUSED ::1:4000
    Call log:
      - → GET http://localhost:4000/api/admin/postiz/integrations/sample-e2e-id/settings
        - user-agent: Mozilla/5.0 (Linux; Android 14; Pixel 7) AppleWebKit/537.36 (KHTML, like Gecko) Chrome/151.0.7922.34 Mobile Safari/537.36
        - accept: */*
        - accept-encoding: gzip,deflate,br
        - authorization: Bearer e2e-admin-token-do-not-use-in-prod

        at apiRequestContext.get: connect ECONNREFUSED ::1:4000
        at Object.get (/home/tbaltzakis/cloudless.gr/e2e/_internal/admin-fixture.ts:8:35)
        at /home/tbaltzakis/cloudless.gr/e2e/api-routes-gaps-sweep.spec.ts:125:25

    Error Context: test-results/api-routes-gaps-sweep-Admi-5ee7e-ions-sample-e2e-id-settings-mobile-chrome/error-context.md

    Retry #1 ───────────────────────────────────────────────────────────────────────────────────────

    Error: apiRequestContext.get: connect ECONNREFUSED ::1:4000
    Call log:
      - → GET http://localhost:4000/api/admin/postiz/integrations/sample-e2e-id/settings
        - user-agent: Mozilla/5.0 (Linux; Android 14; Pixel 7) AppleWebKit/537.36 (KHTML, like Gecko) Chrome/151.0.7922.34 Mobile Safari/537.36
        - accept: */*
        - accept-encoding: gzip,deflate,br
        - authorization: Bearer e2e-admin-token-do-not-use-in-prod

        at apiRequestContext.get: connect ECONNREFUSED ::1:4000
        at Object.get (/home/tbaltzakis/cloudless.gr/e2e/_internal/admin-fixture.ts:8:35)
        at /home/tbaltzakis/cloudless.gr/e2e/api-routes-gaps-sweep.spec.ts:125:25

    Error Context: test-results/api-routes-gaps-sweep-Admi-5ee7e-ions-sample-e2e-id-settings-mobile-chrome-retry1/error-context.md

    attachment #2: trace (application/zip) ─────────────────────────────────────────────────────────
    test-results/api-routes-gaps-sweep-Admi-5ee7e-ions-sample-e2e-id-settings-mobile-chrome-retry1/trace.zip
    Usage:

        npx playwright show-trace test-results/api-routes-gaps-sweep-Admi-5ee7e-ions-sample-e2e-id-settings-mobile-chrome-retry1/trace.zip

    ────────────────────────────────────────────────────────────────────────────────────────────────

  1151) [mobile-chrome] › e2e/api-routes-gaps-sweep.spec.ts:123:9 › Admin API gap sweep (authenticated GETs) › GET /api/admin/postiz/posts/sample-e2e-id/missing-content 

    Error: apiRequestContext.get: connect ECONNREFUSED ::1:4000
    Call log:
      - → GET http://localhost:4000/api/admin/postiz/posts/sample-e2e-id/missing-content
        - user-agent: Mozilla/5.0 (Linux; Android 14; Pixel 7) AppleWebKit/537.36 (KHTML, like Gecko) Chrome/151.0.7922.34 Mobile Safari/537.36
        - accept: */*
        - accept-encoding: gzip,deflate,br
        - authorization: Bearer e2e-admin-token-do-not-use-in-prod

        at apiRequestContext.get: connect ECONNREFUSED ::1:4000
        at Object.get (/home/tbaltzakis/cloudless.gr/e2e/_internal/admin-fixture.ts:8:35)
        at /home/tbaltzakis/cloudless.gr/e2e/api-routes-gaps-sweep.spec.ts:125:25

    Error Context: test-results/api-routes-gaps-sweep-Admi-62885-mple-e2e-id-missing-content-mobile-chrome/error-context.md

    Retry #1 ───────────────────────────────────────────────────────────────────────────────────────

    Error: apiRequestContext.get: connect ECONNREFUSED ::1:4000
    Call log:
      - → GET http://localhost:4000/api/admin/postiz/posts/sample-e2e-id/missing-content
        - user-agent: Mozilla/5.0 (Linux; Android 14; Pixel 7) AppleWebKit/537.36 (KHTML, like Gecko) Chrome/151.0.7922.34 Mobile Safari/537.36
        - accept: */*
        - accept-encoding: gzip,deflate,br
        - authorization: Bearer e2e-admin-token-do-not-use-in-prod

        at apiRequestContext.get: connect ECONNREFUSED ::1:4000
        at Object.get (/home/tbaltzakis/cloudless.gr/e2e/_internal/admin-fixture.ts:8:35)
        at /home/tbaltzakis/cloudless.gr/e2e/api-routes-gaps-sweep.spec.ts:125:25

    Error Context: test-results/api-routes-gaps-sweep-Admi-62885-mple-e2e-id-missing-content-mobile-chrome-retry1/error-context.md

    attachment #2: trace (application/zip) ─────────────────────────────────────────────────────────
    test-results/api-routes-gaps-sweep-Admi-62885-mple-e2e-id-missing-content-mobile-chrome-retry1/trace.zip
    Usage:

        npx playwright show-trace test-results/api-routes-gaps-sweep-Admi-62885-mple-e2e-id-missing-content-mobile-chrome-retry1/trace.zip

    ────────────────────────────────────────────────────────────────────────────────────────────────

  1152) [mobile-chrome] › e2e/api-routes-gaps-sweep.spec.ts:123:9 › Admin API gap sweep (authenticated GETs) › GET /api/admin/postiz/analytics/post/sample-e2e-id 

    Error: apiRequestContext.get: connect ECONNREFUSED ::1:4000
    Call log:
      - → GET http://localhost:4000/api/admin/postiz/analytics/post/sample-e2e-id
        - user-agent: Mozilla/5.0 (Linux; Android 14; Pixel 7) AppleWebKit/537.36 (KHTML, like Gecko) Chrome/151.0.7922.34 Mobile Safari/537.36
        - accept: */*
        - accept-encoding: gzip,deflate,br
        - authorization: Bearer e2e-admin-token-do-not-use-in-prod

        at apiRequestContext.get: connect ECONNREFUSED ::1:4000
        at Object.get (/home/tbaltzakis/cloudless.gr/e2e/_internal/admin-fixture.ts:8:35)
        at /home/tbaltzakis/cloudless.gr/e2e/api-routes-gaps-sweep.spec.ts:125:25

    Error Context: test-results/api-routes-gaps-sweep-Admi-d21a5-nalytics-post-sample-e2e-id-mobile-chrome/error-context.md

    Retry #1 ───────────────────────────────────────────────────────────────────────────────────────

    Error: apiRequestContext.get: connect ECONNREFUSED ::1:4000
    Call log:
      - → GET http://localhost:4000/api/admin/postiz/analytics/post/sample-e2e-id
        - user-agent: Mozilla/5.0 (Linux; Android 14; Pixel 7) AppleWebKit/537.36 (KHTML, like Gecko) Chrome/151.0.7922.34 Mobile Safari/537.36
        - accept: */*
        - accept-encoding: gzip,deflate,br
        - authorization: Bearer e2e-admin-token-do-not-use-in-prod

        at apiRequestContext.get: connect ECONNREFUSED ::1:4000
        at Object.get (/home/tbaltzakis/cloudless.gr/e2e/_internal/admin-fixture.ts:8:35)
        at /home/tbaltzakis/cloudless.gr/e2e/api-routes-gaps-sweep.spec.ts:125:25

    Error Context: test-results/api-routes-gaps-sweep-Admi-d21a5-nalytics-post-sample-e2e-id-mobile-chrome-retry1/error-context.md

    attachment #2: trace (application/zip) ─────────────────────────────────────────────────────────
    test-results/api-routes-gaps-sweep-Admi-d21a5-nalytics-post-sample-e2e-id-mobile-chrome-retry1/trace.zip
    Usage:

        npx playwright show-trace test-results/api-routes-gaps-sweep-Admi-d21a5-nalytics-post-sample-e2e-id-mobile-chrome-retry1/trace.zip

    ────────────────────────────────────────────────────────────────────────────────────────────────

  1153) [mobile-chrome] › e2e/api-routes-gaps-sweep.spec.ts:123:9 › Admin API gap sweep (authenticated GETs) › GET /api/admin/postiz/analytics/integration/sample-e2e-id 

    Error: apiRequestContext.get: connect ECONNREFUSED ::1:4000
    Call log:
      - → GET http://localhost:4000/api/admin/postiz/analytics/integration/sample-e2e-id
        - user-agent: Mozilla/5.0 (Linux; Android 14; Pixel 7) AppleWebKit/537.36 (KHTML, like Gecko) Chrome/151.0.7922.34 Mobile Safari/537.36
        - accept: */*
        - accept-encoding: gzip,deflate,br
        - authorization: Bearer e2e-admin-token-do-not-use-in-prod

        at apiRequestContext.get: connect ECONNREFUSED ::1:4000
        at Object.get (/home/tbaltzakis/cloudless.gr/e2e/_internal/admin-fixture.ts:8:35)
        at /home/tbaltzakis/cloudless.gr/e2e/api-routes-gaps-sweep.spec.ts:125:25

    Error Context: test-results/api-routes-gaps-sweep-Admi-3b740-s-integration-sample-e2e-id-mobile-chrome/error-context.md

    Retry #1 ───────────────────────────────────────────────────────────────────────────────────────

    Error: apiRequestContext.get: connect ECONNREFUSED ::1:4000
    Call log:
      - → GET http://localhost:4000/api/admin/postiz/analytics/integration/sample-e2e-id
        - user-agent: Mozilla/5.0 (Linux; Android 14; Pixel 7) AppleWebKit/537.36 (KHTML, like Gecko) Chrome/151.0.7922.34 Mobile Safari/537.36
        - accept: */*
        - accept-encoding: gzip,deflate,br
        - authorization: Bearer e2e-admin-token-do-not-use-in-prod

        at apiRequestContext.get: connect ECONNREFUSED ::1:4000
        at Object.get (/home/tbaltzakis/cloudless.gr/e2e/_internal/admin-fixture.ts:8:35)
        at /home/tbaltzakis/cloudless.gr/e2e/api-routes-gaps-sweep.spec.ts:125:25

    Error Context: test-results/api-routes-gaps-sweep-Admi-3b740-s-integration-sample-e2e-id-mobile-chrome-retry1/error-context.md

    attachment #2: trace (application/zip) ─────────────────────────────────────────────────────────
    test-results/api-routes-gaps-sweep-Admi-3b740-s-integration-sample-e2e-id-mobile-chrome-retry1/trace.zip
    Usage:

        npx playwright show-trace test-results/api-routes-gaps-sweep-Admi-3b740-s-integration-sample-e2e-id-mobile-chrome-retry1/trace.zip

    ────────────────────────────────────────────────────────────────────────────────────────────────

  1154) [mobile-chrome] › e2e/api-routes-gaps-sweep.spec.ts:123:9 › Admin API gap sweep (authenticated GETs) › GET /api/admin/reports/sample-e2e-id 

    Error: apiRequestContext.get: connect ECONNREFUSED ::1:4000
    Call log:
      - → GET http://localhost:4000/api/admin/reports/sample-e2e-id
        - user-agent: Mozilla/5.0 (Linux; Android 14; Pixel 7) AppleWebKit/537.36 (KHTML, like Gecko) Chrome/151.0.7922.34 Mobile Safari/537.36
        - accept: */*
        - accept-encoding: gzip,deflate,br
        - authorization: Bearer e2e-admin-token-do-not-use-in-prod

        at apiRequestContext.get: connect ECONNREFUSED ::1:4000
        at Object.get (/home/tbaltzakis/cloudless.gr/e2e/_internal/admin-fixture.ts:8:35)
        at /home/tbaltzakis/cloudless.gr/e2e/api-routes-gaps-sweep.spec.ts:125:25

    Error Context: test-results/api-routes-gaps-sweep-Admi-49b22-admin-reports-sample-e2e-id-mobile-chrome/error-context.md

    Retry #1 ───────────────────────────────────────────────────────────────────────────────────────

    Error: apiRequestContext.get: connect ECONNREFUSED ::1:4000
    Call log:
      - → GET http://localhost:4000/api/admin/reports/sample-e2e-id
        - user-agent: Mozilla/5.0 (Linux; Android 14; Pixel 7) AppleWebKit/537.36 (KHTML, like Gecko) Chrome/151.0.7922.34 Mobile Safari/537.36
        - accept: */*
        - accept-encoding: gzip,deflate,br
        - authorization: Bearer e2e-admin-token-do-not-use-in-prod

        at apiRequestContext.get: connect ECONNREFUSED ::1:4000
        at Object.get (/home/tbaltzakis/cloudless.gr/e2e/_internal/admin-fixture.ts:8:35)
        at /home/tbaltzakis/cloudless.gr/e2e/api-routes-gaps-sweep.spec.ts:125:25

    Error Context: test-results/api-routes-gaps-sweep-Admi-49b22-admin-reports-sample-e2e-id-mobile-chrome-retry1/error-context.md

    attachment #2: trace (application/zip) ─────────────────────────────────────────────────────────
    test-results/api-routes-gaps-sweep-Admi-49b22-admin-reports-sample-e2e-id-mobile-chrome-retry1/trace.zip
    Usage:

        npx playwright show-trace test-results/api-routes-gaps-sweep-Admi-49b22-admin-reports-sample-e2e-id-mobile-chrome-retry1/trace.zip

    ────────────────────────────────────────────────────────────────────────────────────────────────

  1155) [mobile-chrome] › e2e/api-routes-gaps-sweep.spec.ts:123:9 › Admin API gap sweep (authenticated GETs) › GET /api/admin/reports/sample-e2e-id/pdf 

    Error: apiRequestContext.get: connect ECONNREFUSED ::1:4000
    Call log:
      - → GET http://localhost:4000/api/admin/reports/sample-e2e-id/pdf
        - user-agent: Mozilla/5.0 (Linux; Android 14; Pixel 7) AppleWebKit/537.36 (KHTML, like Gecko) Chrome/151.0.7922.34 Mobile Safari/537.36
        - accept: */*
        - accept-encoding: gzip,deflate,br
        - authorization: Bearer e2e-admin-token-do-not-use-in-prod

        at apiRequestContext.get: connect ECONNREFUSED ::1:4000
        at Object.get (/home/tbaltzakis/cloudless.gr/e2e/_internal/admin-fixture.ts:8:35)
        at /home/tbaltzakis/cloudless.gr/e2e/api-routes-gaps-sweep.spec.ts:125:25

    Error Context: test-results/api-routes-gaps-sweep-Admi-1087c-n-reports-sample-e2e-id-pdf-mobile-chrome/error-context.md

    Retry #1 ───────────────────────────────────────────────────────────────────────────────────────

    Error: apiRequestContext.get: connect ECONNREFUSED ::1:4000
    Call log:
      - → GET http://localhost:4000/api/admin/reports/sample-e2e-id/pdf
        - user-agent: Mozilla/5.0 (Linux; Android 14; Pixel 7) AppleWebKit/537.36 (KHTML, like Gecko) Chrome/151.0.7922.34 Mobile Safari/537.36
        - accept: */*
        - accept-encoding: gzip,deflate,br
        - authorization: Bearer e2e-admin-token-do-not-use-in-prod

        at apiRequestContext.get: connect ECONNREFUSED ::1:4000
        at Object.get (/home/tbaltzakis/cloudless.gr/e2e/_internal/admin-fixture.ts:8:35)
        at /home/tbaltzakis/cloudless.gr/e2e/api-routes-gaps-sweep.spec.ts:125:25

    Error Context: test-results/api-routes-gaps-sweep-Admi-1087c-n-reports-sample-e2e-id-pdf-mobile-chrome-retry1/error-context.md

    attachment #2: trace (application/zip) ─────────────────────────────────────────────────────────
    test-results/api-routes-gaps-sweep-Admi-1087c-n-reports-sample-e2e-id-pdf-mobile-chrome-retry1/trace.zip
    Usage:

        npx playwright show-trace test-results/api-routes-gaps-sweep-Admi-1087c-n-reports-sample-e2e-id-pdf-mobile-chrome-retry1/trace.zip

    ────────────────────────────────────────────────────────────────────────────────────────────────

  1156) [mobile-chrome] › e2e/api-routes-gaps-sweep.spec.ts:146:9 › Admin API gap sweep (authenticated POSTs) › POST /api/admin/calendar/sample-e2e-id/publish (empty body) 

    Error: apiRequestContext.post: connect ECONNREFUSED ::1:4000
    Call log:
      - → POST http://localhost:4000/api/admin/calendar/sample-e2e-id/publish
        - user-agent: Mozilla/5.0 (Linux; Android 14; Pixel 7) AppleWebKit/537.36 (KHTML, like Gecko) Chrome/151.0.7922.34 Mobile Safari/537.36
        - accept: */*
        - accept-encoding: gzip,deflate,br
        - authorization: Bearer e2e-admin-token-do-not-use-in-prod
        - content-type: application/json
        - content-length: 2

        at apiRequestContext.post: connect ECONNREFUSED ::1:4000
        at Object.post (/home/tbaltzakis/cloudless.gr/e2e/_internal/admin-fixture.ts:10:15)
        at /home/tbaltzakis/cloudless.gr/e2e/api-routes-gaps-sweep.spec.ts:148:25

    Error Context: test-results/api-routes-gaps-sweep-Admi-a84df--e2e-id-publish-empty-body--mobile-chrome/error-context.md

    Retry #1 ───────────────────────────────────────────────────────────────────────────────────────

    Error: apiRequestContext.post: connect ECONNREFUSED ::1:4000
    Call log:
      - → POST http://localhost:4000/api/admin/calendar/sample-e2e-id/publish
        - user-agent: Mozilla/5.0 (Linux; Android 14; Pixel 7) AppleWebKit/537.36 (KHTML, like Gecko) Chrome/151.0.7922.34 Mobile Safari/537.36
        - accept: */*
        - accept-encoding: gzip,deflate,br
        - authorization: Bearer e2e-admin-token-do-not-use-in-prod
        - content-type: application/json
        - content-length: 2

        at apiRequestContext.post: connect ECONNREFUSED ::1:4000
        at Object.post (/home/tbaltzakis/cloudless.gr/e2e/_internal/admin-fixture.ts:10:15)
        at /home/tbaltzakis/cloudless.gr/e2e/api-routes-gaps-sweep.spec.ts:148:25

    Error Context: test-results/api-routes-gaps-sweep-Admi-a84df--e2e-id-publish-empty-body--mobile-chrome-retry1/error-context.md

    attachment #2: trace (application/zip) ─────────────────────────────────────────────────────────
    test-results/api-routes-gaps-sweep-Admi-a84df--e2e-id-publish-empty-body--mobile-chrome-retry1/trace.zip
    Usage:

        npx playwright show-trace test-results/api-routes-gaps-sweep-Admi-a84df--e2e-id-publish-empty-body--mobile-chrome-retry1/trace.zip

    ────────────────────────────────────────────────────────────────────────────────────────────────

  1157) [mobile-chrome] › e2e/api-routes-gaps-sweep.spec.ts:146:9 › Admin API gap sweep (authenticated POSTs) › POST /api/admin/pipeline/deals/sample-e2e-id/move (empty body) 

    Error: apiRequestContext.post: connect ECONNREFUSED ::1:4000
    Call log:
      - → POST http://localhost:4000/api/admin/pipeline/deals/sample-e2e-id/move
        - user-agent: Mozilla/5.0 (Linux; Android 14; Pixel 7) AppleWebKit/537.36 (KHTML, like Gecko) Chrome/151.0.7922.34 Mobile Safari/537.36
        - accept: */*
        - accept-encoding: gzip,deflate,br
        - authorization: Bearer e2e-admin-token-do-not-use-in-prod
        - content-type: application/json
        - content-length: 2

        at apiRequestContext.post: connect ECONNREFUSED ::1:4000
        at Object.post (/home/tbaltzakis/cloudless.gr/e2e/_internal/admin-fixture.ts:10:15)
        at /home/tbaltzakis/cloudless.gr/e2e/api-routes-gaps-sweep.spec.ts:148:25

    Error Context: test-results/api-routes-gaps-sweep-Admi-d8a58-ple-e2e-id-move-empty-body--mobile-chrome/error-context.md

    Retry #1 ───────────────────────────────────────────────────────────────────────────────────────

    Error: apiRequestContext.post: connect ECONNREFUSED ::1:4000
    Call log:
      - → POST http://localhost:4000/api/admin/pipeline/deals/sample-e2e-id/move
        - user-agent: Mozilla/5.0 (Linux; Android 14; Pixel 7) AppleWebKit/537.36 (KHTML, like Gecko) Chrome/151.0.7922.34 Mobile Safari/537.36
        - accept: */*
        - accept-encoding: gzip,deflate,br
        - authorization: Bearer e2e-admin-token-do-not-use-in-prod
        - content-type: application/json
        - content-length: 2

        at apiRequestContext.post: connect ECONNREFUSED ::1:4000
        at Object.post (/home/tbaltzakis/cloudless.gr/e2e/_internal/admin-fixture.ts:10:15)
        at /home/tbaltzakis/cloudless.gr/e2e/api-routes-gaps-sweep.spec.ts:148:25

    Error Context: test-results/api-routes-gaps-sweep-Admi-d8a58-ple-e2e-id-move-empty-body--mobile-chrome-retry1/error-context.md

    attachment #2: trace (application/zip) ─────────────────────────────────────────────────────────
    test-results/api-routes-gaps-sweep-Admi-d8a58-ple-e2e-id-move-empty-body--mobile-chrome-retry1/trace.zip
    Usage:

        npx playwright show-trace test-results/api-routes-gaps-sweep-Admi-d8a58-ple-e2e-id-move-empty-body--mobile-chrome-retry1/trace.zip

    ────────────────────────────────────────────────────────────────────────────────────────────────

  1158) [mobile-chrome] › e2e/api-routes-gaps-sweep.spec.ts:146:9 › Admin API gap sweep (authenticated POSTs) › POST /api/admin/pipeline/deals/sample-e2e-id/notes (empty body) 

    Error: apiRequestContext.post: connect ECONNREFUSED ::1:4000
    Call log:
      - → POST http://localhost:4000/api/admin/pipeline/deals/sample-e2e-id/notes
        - user-agent: Mozilla/5.0 (Linux; Android 14; Pixel 7) AppleWebKit/537.36 (KHTML, like Gecko) Chrome/151.0.7922.34 Mobile Safari/537.36
        - accept: */*
        - accept-encoding: gzip,deflate,br
        - authorization: Bearer e2e-admin-token-do-not-use-in-prod
        - content-type: application/json
        - content-length: 2

        at apiRequestContext.post: connect ECONNREFUSED ::1:4000
        at Object.post (/home/tbaltzakis/cloudless.gr/e2e/_internal/admin-fixture.ts:10:15)
        at /home/tbaltzakis/cloudless.gr/e2e/api-routes-gaps-sweep.spec.ts:148:25

    Error Context: test-results/api-routes-gaps-sweep-Admi-32bcf-le-e2e-id-notes-empty-body--mobile-chrome/error-context.md

    Retry #1 ───────────────────────────────────────────────────────────────────────────────────────

    Error: apiRequestContext.post: connect ECONNREFUSED ::1:4000
    Call log:
      - → POST http://localhost:4000/api/admin/pipeline/deals/sample-e2e-id/notes
        - user-agent: Mozilla/5.0 (Linux; Android 14; Pixel 7) AppleWebKit/537.36 (KHTML, like Gecko) Chrome/151.0.7922.34 Mobile Safari/537.36
        - accept: */*
        - accept-encoding: gzip,deflate,br
        - authorization: Bearer e2e-admin-token-do-not-use-in-prod
        - content-type: application/json
        - content-length: 2

        at apiRequestContext.post: connect ECONNREFUSED ::1:4000
        at Object.post (/home/tbaltzakis/cloudless.gr/e2e/_internal/admin-fixture.ts:10:15)
        at /home/tbaltzakis/cloudless.gr/e2e/api-routes-gaps-sweep.spec.ts:148:25

    Error Context: test-results/api-routes-gaps-sweep-Admi-32bcf-le-e2e-id-notes-empty-body--mobile-chrome-retry1/error-context.md

    attachment #2: trace (application/zip) ─────────────────────────────────────────────────────────
    test-results/api-routes-gaps-sweep-Admi-32bcf-le-e2e-id-notes-empty-body--mobile-chrome-retry1/trace.zip
    Usage:

        npx playwright show-trace test-results/api-routes-gaps-sweep-Admi-32bcf-le-e2e-id-notes-empty-body--mobile-chrome-retry1/trace.zip

    ────────────────────────────────────────────────────────────────────────────────────────────────

  1159) [mobile-chrome] › e2e/api-routes-gaps-sweep.spec.ts:146:9 › Admin API gap sweep (authenticated POSTs) › POST /api/admin/postiz/posts (empty body) 

    Error: apiRequestContext.post: connect ECONNREFUSED ::1:4000
    Call log:
      - → POST http://localhost:4000/api/admin/postiz/posts
        - user-agent: Mozilla/5.0 (Linux; Android 14; Pixel 7) AppleWebKit/537.36 (KHTML, like Gecko) Chrome/151.0.7922.34 Mobile Safari/537.36
        - accept: */*
        - accept-encoding: gzip,deflate,br
        - authorization: Bearer e2e-admin-token-do-not-use-in-prod
        - content-type: application/json
        - content-length: 2

        at apiRequestContext.post: connect ECONNREFUSED ::1:4000
        at Object.post (/home/tbaltzakis/cloudless.gr/e2e/_internal/admin-fixture.ts:10:15)
        at /home/tbaltzakis/cloudless.gr/e2e/api-routes-gaps-sweep.spec.ts:148:25

    Error Context: test-results/api-routes-gaps-sweep-Admi-a13ab-in-postiz-posts-empty-body--mobile-chrome/error-context.md

    Retry #1 ───────────────────────────────────────────────────────────────────────────────────────

    Error: apiRequestContext.post: connect ECONNREFUSED ::1:4000
    Call log:
      - → POST http://localhost:4000/api/admin/postiz/posts
        - user-agent: Mozilla/5.0 (Linux; Android 14; Pixel 7) AppleWebKit/537.36 (KHTML, like Gecko) Chrome/151.0.7922.34 Mobile Safari/537.36
        - accept: */*
        - accept-encoding: gzip,deflate,br
        - authorization: Bearer e2e-admin-token-do-not-use-in-prod
        - content-type: application/json
        - content-length: 2

        at apiRequestContext.post: connect ECONNREFUSED ::1:4000
        at Object.post (/home/tbaltzakis/cloudless.gr/e2e/_internal/admin-fixture.ts:10:15)
        at /home/tbaltzakis/cloudless.gr/e2e/api-routes-gaps-sweep.spec.ts:148:25

    Error Context: test-results/api-routes-gaps-sweep-Admi-a13ab-in-postiz-posts-empty-body--mobile-chrome-retry1/error-context.md

    attachment #2: trace (application/zip) ─────────────────────────────────────────────────────────
    test-results/api-routes-gaps-sweep-Admi-a13ab-in-postiz-posts-empty-body--mobile-chrome-retry1/trace.zip
    Usage:

        npx playwright show-trace test-results/api-routes-gaps-sweep-Admi-a13ab-in-postiz-posts-empty-body--mobile-chrome-retry1/trace.zip

    ────────────────────────────────────────────────────────────────────────────────────────────────

  1160) [mobile-chrome] › e2e/api-routes-gaps-sweep.spec.ts:146:9 › Admin API gap sweep (authenticated POSTs) › POST /api/admin/postiz/upload (empty body) 

    Error: apiRequestContext.post: connect ECONNREFUSED ::1:4000
    Call log:
      - → POST http://localhost:4000/api/admin/postiz/upload
        - user-agent: Mozilla/5.0 (Linux; Android 14; Pixel 7) AppleWebKit/537.36 (KHTML, like Gecko) Chrome/151.0.7922.34 Mobile Safari/537.36
        - accept: */*
        - accept-encoding: gzip,deflate,br
        - authorization: Bearer e2e-admin-token-do-not-use-in-prod
        - content-type: application/json
        - content-length: 2

        at apiRequestContext.post: connect ECONNREFUSED ::1:4000
        at Object.post (/home/tbaltzakis/cloudless.gr/e2e/_internal/admin-fixture.ts:10:15)
        at /home/tbaltzakis/cloudless.gr/e2e/api-routes-gaps-sweep.spec.ts:148:25

    Error Context: test-results/api-routes-gaps-sweep-Admi-3d832-n-postiz-upload-empty-body--mobile-chrome/error-context.md

    Retry #1 ───────────────────────────────────────────────────────────────────────────────────────

    Error: apiRequestContext.post: connect ECONNREFUSED ::1:4000
    Call log:
      - → POST http://localhost:4000/api/admin/postiz/upload
        - user-agent: Mozilla/5.0 (Linux; Android 14; Pixel 7) AppleWebKit/537.36 (KHTML, like Gecko) Chrome/151.0.7922.34 Mobile Safari/537.36
        - accept: */*
        - accept-encoding: gzip,deflate,br
        - authorization: Bearer e2e-admin-token-do-not-use-in-prod
        - content-type: application/json
        - content-length: 2

        at apiRequestContext.post: connect ECONNREFUSED ::1:4000
        at Object.post (/home/tbaltzakis/cloudless.gr/e2e/_internal/admin-fixture.ts:10:15)
        at /home/tbaltzakis/cloudless.gr/e2e/api-routes-gaps-sweep.spec.ts:148:25

    Error Context: test-results/api-routes-gaps-sweep-Admi-3d832-n-postiz-upload-empty-body--mobile-chrome-retry1/error-context.md

    attachment #2: trace (application/zip) ─────────────────────────────────────────────────────────
    test-results/api-routes-gaps-sweep-Admi-3d832-n-postiz-upload-empty-body--mobile-chrome-retry1/trace.zip
    Usage:

        npx playwright show-trace test-results/api-routes-gaps-sweep-Admi-3d832-n-postiz-upload-empty-body--mobile-chrome-retry1/trace.zip

    ────────────────────────────────────────────────────────────────────────────────────────────────

  1161) [mobile-chrome] › e2e/api-routes-gaps-sweep.spec.ts:146:9 › Admin API gap sweep (authenticated POSTs) › POST /api/admin/postiz/upload-file (empty body) 

    Error: apiRequestContext.post: connect ECONNREFUSED ::1:4000
    Call log:
      - → POST http://localhost:4000/api/admin/postiz/upload-file
        - user-agent: Mozilla/5.0 (Linux; Android 14; Pixel 7) AppleWebKit/537.36 (KHTML, like Gecko) Chrome/151.0.7922.34 Mobile Safari/537.36
        - accept: */*
        - accept-encoding: gzip,deflate,br
        - authorization: Bearer e2e-admin-token-do-not-use-in-prod
        - content-type: application/json
        - content-length: 2

        at apiRequestContext.post: connect ECONNREFUSED ::1:4000
        at Object.post (/home/tbaltzakis/cloudless.gr/e2e/_internal/admin-fixture.ts:10:15)
        at /home/tbaltzakis/cloudless.gr/e2e/api-routes-gaps-sweep.spec.ts:148:25

    Error Context: test-results/api-routes-gaps-sweep-Admi-09fa9-tiz-upload-file-empty-body--mobile-chrome/error-context.md

    Retry #1 ───────────────────────────────────────────────────────────────────────────────────────

    Error: apiRequestContext.post: connect ECONNREFUSED ::1:4000
    Call log:
      - → POST http://localhost:4000/api/admin/postiz/upload-file
        - user-agent: Mozilla/5.0 (Linux; Android 14; Pixel 7) AppleWebKit/537.36 (KHTML, like Gecko) Chrome/151.0.7922.34 Mobile Safari/537.36
        - accept: */*
        - accept-encoding: gzip,deflate,br
        - authorization: Bearer e2e-admin-token-do-not-use-in-prod
        - content-type: application/json
        - content-length: 2

        at apiRequestContext.post: connect ECONNREFUSED ::1:4000
        at Object.post (/home/tbaltzakis/cloudless.gr/e2e/_internal/admin-fixture.ts:10:15)
        at /home/tbaltzakis/cloudless.gr/e2e/api-routes-gaps-sweep.spec.ts:148:25

    Error Context: test-results/api-routes-gaps-sweep-Admi-09fa9-tiz-upload-file-empty-body--mobile-chrome-retry1/error-context.md

    attachment #2: trace (application/zip) ─────────────────────────────────────────────────────────
    test-results/api-routes-gaps-sweep-Admi-09fa9-tiz-upload-file-empty-body--mobile-chrome-retry1/trace.zip
    Usage:

        npx playwright show-trace test-results/api-routes-gaps-sweep-Admi-09fa9-tiz-upload-file-empty-body--mobile-chrome-retry1/trace.zip

    ────────────────────────────────────────────────────────────────────────────────────────────────

  1162) [mobile-chrome] › e2e/api-routes-gaps-sweep.spec.ts:146:9 › Admin API gap sweep (authenticated POSTs) › POST /api/admin/postiz/integrations/sample-e2e-id/trigger (empty body) 

    Error: apiRequestContext.post: connect ECONNREFUSED ::1:4000
    Call log:
      - → POST http://localhost:4000/api/admin/postiz/integrations/sample-e2e-id/trigger
        - user-agent: Mozilla/5.0 (Linux; Android 14; Pixel 7) AppleWebKit/537.36 (KHTML, like Gecko) Chrome/151.0.7922.34 Mobile Safari/537.36
        - accept: */*
        - accept-encoding: gzip,deflate,br
        - authorization: Bearer e2e-admin-token-do-not-use-in-prod
        - content-type: application/json
        - content-length: 2

        at apiRequestContext.post: connect ECONNREFUSED ::1:4000
        at Object.post (/home/tbaltzakis/cloudless.gr/e2e/_internal/admin-fixture.ts:10:15)
        at /home/tbaltzakis/cloudless.gr/e2e/api-routes-gaps-sweep.spec.ts:148:25

    Error Context: test-results/api-routes-gaps-sweep-Admi-14468--e2e-id-trigger-empty-body--mobile-chrome/error-context.md

    Retry #1 ───────────────────────────────────────────────────────────────────────────────────────

    Error: apiRequestContext.post: connect ECONNREFUSED ::1:4000
    Call log:
      - → POST http://localhost:4000/api/admin/postiz/integrations/sample-e2e-id/trigger
        - user-agent: Mozilla/5.0 (Linux; Android 14; Pixel 7) AppleWebKit/537.36 (KHTML, like Gecko) Chrome/151.0.7922.34 Mobile Safari/537.36
        - accept: */*
        - accept-encoding: gzip,deflate,br
        - authorization: Bearer e2e-admin-token-do-not-use-in-prod
        - content-type: application/json
        - content-length: 2

        at apiRequestContext.post: connect ECONNREFUSED ::1:4000
        at Object.post (/home/tbaltzakis/cloudless.gr/e2e/_internal/admin-fixture.ts:10:15)
        at /home/tbaltzakis/cloudless.gr/e2e/api-routes-gaps-sweep.spec.ts:148:25

    Error Context: test-results/api-routes-gaps-sweep-Admi-14468--e2e-id-trigger-empty-body--mobile-chrome-retry1/error-context.md

    attachment #2: trace (application/zip) ─────────────────────────────────────────────────────────
    test-results/api-routes-gaps-sweep-Admi-14468--e2e-id-trigger-empty-body--mobile-chrome-retry1/trace.zip
    Usage:

        npx playwright show-trace test-results/api-routes-gaps-sweep-Admi-14468--e2e-id-trigger-empty-body--mobile-chrome-retry1/trace.zip

    ────────────────────────────────────────────────────────────────────────────────────────────────

  1163) [mobile-chrome] › e2e/api-routes-gaps-sweep.spec.ts:162:7 › Admin API gap sweep (authenticated DELETEs) › DELETE /api/admin/postiz/posts/sample-e2e-id 

    Error: apiRequestContext.delete: connect ECONNREFUSED ::1:4000
    Call log:
      - → DELETE http://localhost:4000/api/admin/postiz/posts/sample-e2e-id
        - user-agent: Mozilla/5.0 (Linux; Android 14; Pixel 7) AppleWebKit/537.36 (KHTML, like Gecko) Chrome/151.0.7922.34 Mobile Safari/537.36
        - accept: */*
        - accept-encoding: gzip,deflate,br
        - authorization: Bearer e2e-admin-token-do-not-use-in-prod

        at apiRequestContext.delete: connect ECONNREFUSED ::1:4000
        at Object.delete (/home/tbaltzakis/cloudless.gr/e2e/_internal/admin-fixture.ts:29:21)
        at /home/tbaltzakis/cloudless.gr/e2e/api-routes-gaps-sweep.spec.ts:164:29

    Error Context: test-results/api-routes-gaps-sweep-Admi-290ef--postiz-posts-sample-e2e-id-mobile-chrome/error-context.md

    Retry #1 ───────────────────────────────────────────────────────────────────────────────────────

    Error: apiRequestContext.delete: connect ECONNREFUSED ::1:4000
    Call log:
      - → DELETE http://localhost:4000/api/admin/postiz/posts/sample-e2e-id
        - user-agent: Mozilla/5.0 (Linux; Android 14; Pixel 7) AppleWebKit/537.36 (KHTML, like Gecko) Chrome/151.0.7922.34 Mobile Safari/537.36
        - accept: */*
        - accept-encoding: gzip,deflate,br
        - authorization: Bearer e2e-admin-token-do-not-use-in-prod

        at apiRequestContext.delete: connect ECONNREFUSED ::1:4000
        at Object.delete (/home/tbaltzakis/cloudless.gr/e2e/_internal/admin-fixture.ts:29:21)
        at /home/tbaltzakis/cloudless.gr/e2e/api-routes-gaps-sweep.spec.ts:164:29

    Error Context: test-results/api-routes-gaps-sweep-Admi-290ef--postiz-posts-sample-e2e-id-mobile-chrome-retry1/error-context.md

    attachment #2: trace (application/zip) ─────────────────────────────────────────────────────────
    test-results/api-routes-gaps-sweep-Admi-290ef--postiz-posts-sample-e2e-id-mobile-chrome-retry1/trace.zip
    Usage:

        npx playwright show-trace test-results/api-routes-gaps-sweep-Admi-290ef--postiz-posts-sample-e2e-id-mobile-chrome-retry1/trace.zip

    ────────────────────────────────────────────────────────────────────────────────────────────────

  1164) [mobile-chrome] › e2e/api-routes-gaps-sweep.spec.ts:172:7 › Admin API gap sweep (authenticated PUTs) › PUT /api/admin/postiz/posts/sample-e2e-id (empty body) 

    Error: apiRequestContext.put: connect ECONNREFUSED ::1:4000
    Call log:
      - → PUT http://localhost:4000/api/admin/postiz/posts/sample-e2e-id
        - user-agent: Mozilla/5.0 (Linux; Android 14; Pixel 7) AppleWebKit/537.36 (KHTML, like Gecko) Chrome/151.0.7922.34 Mobile Safari/537.36
        - accept: */*
        - accept-encoding: gzip,deflate,br
        - authorization: Bearer e2e-admin-token-do-not-use-in-prod
        - content-type: application/json
        - content-length: 2

        at apiRequestContext.put: connect ECONNREFUSED ::1:4000
        at Object.put (/home/tbaltzakis/cloudless.gr/e2e/_internal/admin-fixture.ts:23:22)
        at /home/tbaltzakis/cloudless.gr/e2e/api-routes-gaps-sweep.spec.ts:174:23

    Error Context: test-results/api-routes-gaps-sweep-Admi-6a6f2-s-sample-e2e-id-empty-body--mobile-chrome/error-context.md

    Retry #1 ───────────────────────────────────────────────────────────────────────────────────────

    Error: apiRequestContext.put: connect ECONNREFUSED ::1:4000
    Call log:
      - → PUT http://localhost:4000/api/admin/postiz/posts/sample-e2e-id
        - user-agent: Mozilla/5.0 (Linux; Android 14; Pixel 7) AppleWebKit/537.36 (KHTML, like Gecko) Chrome/151.0.7922.34 Mobile Safari/537.36
        - accept: */*
        - accept-encoding: gzip,deflate,br
        - authorization: Bearer e2e-admin-token-do-not-use-in-prod
        - content-type: application/json
        - content-length: 2

        at apiRequestContext.put: connect ECONNREFUSED ::1:4000
        at Object.put (/home/tbaltzakis/cloudless.gr/e2e/_internal/admin-fixture.ts:23:22)
        at /home/tbaltzakis/cloudless.gr/e2e/api-routes-gaps-sweep.spec.ts:174:23

    Error Context: test-results/api-routes-gaps-sweep-Admi-6a6f2-s-sample-e2e-id-empty-body--mobile-chrome-retry1/error-context.md

    attachment #2: trace (application/zip) ─────────────────────────────────────────────────────────
    test-results/api-routes-gaps-sweep-Admi-6a6f2-s-sample-e2e-id-empty-body--mobile-chrome-retry1/trace.zip
    Usage:

        npx playwright show-trace test-results/api-routes-gaps-sweep-Admi-6a6f2-s-sample-e2e-id-empty-body--mobile-chrome-retry1/trace.zip

    ────────────────────────────────────────────────────────────────────────────────────────────────

  1165) [mobile-chrome] › e2e/api-routes-gaps-sweep.spec.ts:183:9 › Admin API gap sweep (authenticated PUTs) › PUT /api/admin/postiz/posts/sample-e2e-id/status (empty body) 

    Error: apiRequestContext.put: connect ECONNREFUSED ::1:4000
    Call log:
      - → PUT http://localhost:4000/api/admin/postiz/posts/sample-e2e-id/status
        - user-agent: Mozilla/5.0 (Linux; Android 14; Pixel 7) AppleWebKit/537.36 (KHTML, like Gecko) Chrome/151.0.7922.34 Mobile Safari/537.36
        - accept: */*
        - accept-encoding: gzip,deflate,br
        - authorization: Bearer e2e-admin-token-do-not-use-in-prod
        - content-type: application/json
        - content-length: 2

        at apiRequestContext.put: connect ECONNREFUSED ::1:4000
        at Object.put (/home/tbaltzakis/cloudless.gr/e2e/_internal/admin-fixture.ts:23:22)
        at /home/tbaltzakis/cloudless.gr/e2e/api-routes-gaps-sweep.spec.ts:185:25

    Error Context: test-results/api-routes-gaps-sweep-Admi-5b80b-e-e2e-id-status-empty-body--mobile-chrome/error-context.md

    Retry #1 ───────────────────────────────────────────────────────────────────────────────────────

    Error: apiRequestContext.put: connect ECONNREFUSED ::1:4000
    Call log:
      - → PUT http://localhost:4000/api/admin/postiz/posts/sample-e2e-id/status
        - user-agent: Mozilla/5.0 (Linux; Android 14; Pixel 7) AppleWebKit/537.36 (KHTML, like Gecko) Chrome/151.0.7922.34 Mobile Safari/537.36
        - accept: */*
        - accept-encoding: gzip,deflate,br
        - authorization: Bearer e2e-admin-token-do-not-use-in-prod
        - content-type: application/json
        - content-length: 2

        at apiRequestContext.put: connect ECONNREFUSED ::1:4000
        at Object.put (/home/tbaltzakis/cloudless.gr/e2e/_internal/admin-fixture.ts:23:22)
        at /home/tbaltzakis/cloudless.gr/e2e/api-routes-gaps-sweep.spec.ts:185:25

    Error Context: test-results/api-routes-gaps-sweep-Admi-5b80b-e-e2e-id-status-empty-body--mobile-chrome-retry1/error-context.md

    attachment #2: trace (application/zip) ─────────────────────────────────────────────────────────
    test-results/api-routes-gaps-sweep-Admi-5b80b-e-e2e-id-status-empty-body--mobile-chrome-retry1/trace.zip
    Usage:

        npx playwright show-trace test-results/api-routes-gaps-sweep-Admi-5b80b-e-e2e-id-status-empty-body--mobile-chrome-retry1/trace.zip

    ────────────────────────────────────────────────────────────────────────────────────────────────

  1166) [mobile-chrome] › e2e/api-routes-gaps-sweep.spec.ts:183:9 › Admin API gap sweep (authenticated PUTs) › PUT /api/admin/postiz/posts/sample-e2e-id/release-id (empty body) 

    Error: apiRequestContext.put: connect ECONNREFUSED ::1:4000
    Call log:
      - → PUT http://localhost:4000/api/admin/postiz/posts/sample-e2e-id/release-id
        - user-agent: Mozilla/5.0 (Linux; Android 14; Pixel 7) AppleWebKit/537.36 (KHTML, like Gecko) Chrome/151.0.7922.34 Mobile Safari/537.36
        - accept: */*
        - accept-encoding: gzip,deflate,br
        - authorization: Bearer e2e-admin-token-do-not-use-in-prod
        - content-type: application/json
        - content-length: 2

        at apiRequestContext.put: connect ECONNREFUSED ::1:4000
        at Object.put (/home/tbaltzakis/cloudless.gr/e2e/_internal/admin-fixture.ts:23:22)
        at /home/tbaltzakis/cloudless.gr/e2e/api-routes-gaps-sweep.spec.ts:185:25

    Error Context: test-results/api-routes-gaps-sweep-Admi-5dc68-e-id-release-id-empty-body--mobile-chrome/error-context.md

    Retry #1 ───────────────────────────────────────────────────────────────────────────────────────

    Error: apiRequestContext.put: connect ECONNREFUSED ::1:4000
    Call log:
      - → PUT http://localhost:4000/api/admin/postiz/posts/sample-e2e-id/release-id
        - user-agent: Mozilla/5.0 (Linux; Android 14; Pixel 7) AppleWebKit/537.36 (KHTML, like Gecko) Chrome/151.0.7922.34 Mobile Safari/537.36
        - accept: */*
        - accept-encoding: gzip,deflate,br
        - authorization: Bearer e2e-admin-token-do-not-use-in-prod
        - content-type: application/json
        - content-length: 2

        at apiRequestContext.put: connect ECONNREFUSED ::1:4000
        at Object.put (/home/tbaltzakis/cloudless.gr/e2e/_internal/admin-fixture.ts:23:22)
        at /home/tbaltzakis/cloudless.gr/e2e/api-routes-gaps-sweep.spec.ts:185:25

    Error Context: test-results/api-routes-gaps-sweep-Admi-5dc68-e-id-release-id-empty-body--mobile-chrome-retry1/error-context.md

    attachment #2: trace (application/zip) ─────────────────────────────────────────────────────────
    test-results/api-routes-gaps-sweep-Admi-5dc68-e-id-release-id-empty-body--mobile-chrome-retry1/trace.zip
    Usage:

        npx playwright show-trace test-results/api-routes-gaps-sweep-Admi-5dc68-e-id-release-id-empty-body--mobile-chrome-retry1/trace.zip

    ────────────────────────────────────────────────────────────────────────────────────────────────

  1167) [mobile-chrome] › e2e/api-routes-gaps-sweep.spec.ts:197:9 › Admin API gap sweep — extra DELETEs (Postiz) › DELETE /api/admin/postiz/posts/group/sample-e2e-id 

    Error: apiRequestContext.delete: connect ECONNREFUSED ::1:4000
    Call log:
      - → DELETE http://localhost:4000/api/admin/postiz/posts/group/sample-e2e-id
        - user-agent: Mozilla/5.0 (Linux; Android 14; Pixel 7) AppleWebKit/537.36 (KHTML, like Gecko) Chrome/151.0.7922.34 Mobile Safari/537.36
        - accept: */*
        - accept-encoding: gzip,deflate,br
        - authorization: Bearer e2e-admin-token-do-not-use-in-prod

        at apiRequestContext.delete: connect ECONNREFUSED ::1:4000
        at Object.delete (/home/tbaltzakis/cloudless.gr/e2e/_internal/admin-fixture.ts:29:21)
        at /home/tbaltzakis/cloudless.gr/e2e/api-routes-gaps-sweep.spec.ts:199:31

    Error Context: test-results/api-routes-gaps-sweep-Admi-70542-z-posts-group-sample-e2e-id-mobile-chrome/error-context.md

    Retry #1 ───────────────────────────────────────────────────────────────────────────────────────

    Error: apiRequestContext.delete: connect ECONNREFUSED ::1:4000
    Call log:
      - → DELETE http://localhost:4000/api/admin/postiz/posts/group/sample-e2e-id
        - user-agent: Mozilla/5.0 (Linux; Android 14; Pixel 7) AppleWebKit/537.36 (KHTML, like Gecko) Chrome/151.0.7922.34 Mobile Safari/537.36
        - accept: */*
        - accept-encoding: gzip,deflate,br
        - authorization: Bearer e2e-admin-token-do-not-use-in-prod

        at apiRequestContext.delete: connect ECONNREFUSED ::1:4000
        at Object.delete (/home/tbaltzakis/cloudless.gr/e2e/_internal/admin-fixture.ts:29:21)
        at /home/tbaltzakis/cloudless.gr/e2e/api-routes-gaps-sweep.spec.ts:199:31

    Error Context: test-results/api-routes-gaps-sweep-Admi-70542-z-posts-group-sample-e2e-id-mobile-chrome-retry1/error-context.md

    attachment #2: trace (application/zip) ─────────────────────────────────────────────────────────
    test-results/api-routes-gaps-sweep-Admi-70542-z-posts-group-sample-e2e-id-mobile-chrome-retry1/trace.zip
    Usage:

        npx playwright show-trace test-results/api-routes-gaps-sweep-Admi-70542-z-posts-group-sample-e2e-id-mobile-chrome-retry1/trace.zip

    ────────────────────────────────────────────────────────────────────────────────────────────────

  1168) [mobile-chrome] › e2e/api-routes-gaps-sweep.spec.ts:197:9 › Admin API gap sweep — extra DELETEs (Postiz) › DELETE /api/admin/postiz/integrations/sample-e2e-id 

    Error: apiRequestContext.delete: connect ECONNREFUSED ::1:4000
    Call log:
      - → DELETE http://localhost:4000/api/admin/postiz/integrations/sample-e2e-id
        - user-agent: Mozilla/5.0 (Linux; Android 14; Pixel 7) AppleWebKit/537.36 (KHTML, like Gecko) Chrome/151.0.7922.34 Mobile Safari/537.36
        - accept: */*
        - accept-encoding: gzip,deflate,br
        - authorization: Bearer e2e-admin-token-do-not-use-in-prod

        at apiRequestContext.delete: connect ECONNREFUSED ::1:4000
        at Object.delete (/home/tbaltzakis/cloudless.gr/e2e/_internal/admin-fixture.ts:29:21)
        at /home/tbaltzakis/cloudless.gr/e2e/api-routes-gaps-sweep.spec.ts:199:31

    Error Context: test-results/api-routes-gaps-sweep-Admi-9bccc--integrations-sample-e2e-id-mobile-chrome/error-context.md

    Retry #1 ───────────────────────────────────────────────────────────────────────────────────────

    Error: apiRequestContext.delete: connect ECONNREFUSED ::1:4000
    Call log:
      - → DELETE http://localhost:4000/api/admin/postiz/integrations/sample-e2e-id
        - user-agent: Mozilla/5.0 (Linux; Android 14; Pixel 7) AppleWebKit/537.36 (KHTML, like Gecko) Chrome/151.0.7922.34 Mobile Safari/537.36
        - accept: */*
        - accept-encoding: gzip,deflate,br
        - authorization: Bearer e2e-admin-token-do-not-use-in-prod

        at apiRequestContext.delete: connect ECONNREFUSED ::1:4000
        at Object.delete (/home/tbaltzakis/cloudless.gr/e2e/_internal/admin-fixture.ts:29:21)
        at /home/tbaltzakis/cloudless.gr/e2e/api-routes-gaps-sweep.spec.ts:199:31

    Error Context: test-results/api-routes-gaps-sweep-Admi-9bccc--integrations-sample-e2e-id-mobile-chrome-retry1/error-context.md

    attachment #2: trace (application/zip) ─────────────────────────────────────────────────────────
    test-results/api-routes-gaps-sweep-Admi-9bccc--integrations-sample-e2e-id-mobile-chrome-retry1/trace.zip
    Usage:

        npx playwright show-trace test-results/api-routes-gaps-sweep-Admi-9bccc--integrations-sample-e2e-id-mobile-chrome-retry1/trace.zip

    ────────────────────────────────────────────────────────────────────────────────────────────────

  1169) [mobile-chrome] › e2e/api-routes-gaps-sweep.spec.ts:208:9 › Postiz cron endpoints (unauthenticated — reject without 5xx) › GET /api/cron/postiz-sync unauthenticated 

    Error: apiRequestContext.get: connect ECONNREFUSED ::1:4000
    Call log:
      - → GET http://localhost:4000/api/cron/postiz-sync
        - user-agent: Mozilla/5.0 (Linux; Android 14; Pixel 7) AppleWebKit/537.36 (KHTML, like Gecko) Chrome/151.0.7922.34 Mobile Safari/537.36
        - accept: */*
        - accept-encoding: gzip,deflate,br

        at apiRequestContext.get: connect ECONNREFUSED ::1:4000
        at /home/tbaltzakis/cloudless.gr/e2e/api-routes-gaps-sweep.spec.ts:209:31

    Error Context: test-results/api-routes-gaps-sweep-Post-4f67b-postiz-sync-unauthenticated-mobile-chrome/error-context.md

    Retry #1 ───────────────────────────────────────────────────────────────────────────────────────

    Error: apiRequestContext.get: connect ECONNREFUSED ::1:4000
    Call log:
      - → GET http://localhost:4000/api/cron/postiz-sync
        - user-agent: Mozilla/5.0 (Linux; Android 14; Pixel 7) AppleWebKit/537.36 (KHTML, like Gecko) Chrome/151.0.7922.34 Mobile Safari/537.36
        - accept: */*
        - accept-encoding: gzip,deflate,br

        at apiRequestContext.get: connect ECONNREFUSED ::1:4000
        at /home/tbaltzakis/cloudless.gr/e2e/api-routes-gaps-sweep.spec.ts:209:31

    Error Context: test-results/api-routes-gaps-sweep-Post-4f67b-postiz-sync-unauthenticated-mobile-chrome-retry1/error-context.md

    attachment #2: trace (application/zip) ─────────────────────────────────────────────────────────
    test-results/api-routes-gaps-sweep-Post-4f67b-postiz-sync-unauthenticated-mobile-chrome-retry1/trace.zip
    Usage:

        npx playwright show-trace test-results/api-routes-gaps-sweep-Post-4f67b-postiz-sync-unauthenticated-mobile-chrome-retry1/trace.zip

    ────────────────────────────────────────────────────────────────────────────────────────────────

  1170) [mobile-chrome] › e2e/api-routes-gaps-sweep.spec.ts:208:9 › Postiz cron endpoints (unauthenticated — reject without 5xx) › GET /api/cron/postiz-oauth-check unauthenticated 

    Error: apiRequestContext.get: connect ECONNREFUSED ::1:4000
    Call log:
      - → GET http://localhost:4000/api/cron/postiz-oauth-check
        - user-agent: Mozilla/5.0 (Linux; Android 14; Pixel 7) AppleWebKit/537.36 (KHTML, like Gecko) Chrome/151.0.7922.34 Mobile Safari/537.36
        - accept: */*
        - accept-encoding: gzip,deflate,br

        at apiRequestContext.get: connect ECONNREFUSED ::1:4000
        at /home/tbaltzakis/cloudless.gr/e2e/api-routes-gaps-sweep.spec.ts:209:31

    Error Context: test-results/api-routes-gaps-sweep-Post-9dc01-oauth-check-unauthenticated-mobile-chrome/error-context.md

    Retry #1 ───────────────────────────────────────────────────────────────────────────────────────

    Error: apiRequestContext.get: connect ECONNREFUSED ::1:4000
    Call log:
      - → GET http://localhost:4000/api/cron/postiz-oauth-check
        - user-agent: Mozilla/5.0 (Linux; Android 14; Pixel 7) AppleWebKit/537.36 (KHTML, like Gecko) Chrome/151.0.7922.34 Mobile Safari/537.36
        - accept: */*
        - accept-encoding: gzip,deflate,br

        at apiRequestContext.get: connect ECONNREFUSED ::1:4000
        at /home/tbaltzakis/cloudless.gr/e2e/api-routes-gaps-sweep.spec.ts:209:31

    Error Context: test-results/api-routes-gaps-sweep-Post-9dc01-oauth-check-unauthenticated-mobile-chrome-retry1/error-context.md

    attachment #2: trace (application/zip) ─────────────────────────────────────────────────────────
    test-results/api-routes-gaps-sweep-Post-9dc01-oauth-check-unauthenticated-mobile-chrome-retry1/trace.zip
    Usage:

        npx playwright show-trace test-results/api-routes-gaps-sweep-Post-9dc01-oauth-check-unauthenticated-mobile-chrome-retry1/trace.zip

    ────────────────────────────────────────────────────────────────────────────────────────────────

  1171) [mobile-chrome] › e2e/api-routes-gaps-sweep.spec.ts:217:7 › Postiz webhook receiver › POST /api/webhooks/postiz unsigned → 401 unauthorized 

    Error: apiRequestContext.post: connect ECONNREFUSED ::1:4000
    Call log:
      - → POST http://localhost:4000/api/webhooks/postiz
        - user-agent: Mozilla/5.0 (Linux; Android 14; Pixel 7) AppleWebKit/537.36 (KHTML, like Gecko) Chrome/151.0.7922.34 Mobile Safari/537.36
        - accept: */*
        - accept-encoding: gzip,deflate,br
        - content-type: application/json
        - content-length: 44

        at apiRequestContext.post: connect ECONNREFUSED ::1:4000
        at /home/tbaltzakis/cloudless.gr/e2e/api-routes-gaps-sweep.spec.ts:218:29

    Error Context: test-results/api-routes-gaps-sweep-Post-301d7-unsigned-→-401-unauthorized-mobile-chrome/error-context.md

    Retry #1 ───────────────────────────────────────────────────────────────────────────────────────

    Error: apiRequestContext.post: connect ECONNREFUSED ::1:4000
    Call log:
      - → POST http://localhost:4000/api/webhooks/postiz
        - user-agent: Mozilla/5.0 (Linux; Android 14; Pixel 7) AppleWebKit/537.36 (KHTML, like Gecko) Chrome/151.0.7922.34 Mobile Safari/537.36
        - accept: */*
        - accept-encoding: gzip,deflate,br
        - content-type: application/json
        - content-length: 44

        at apiRequestContext.post: connect ECONNREFUSED ::1:4000
        at /home/tbaltzakis/cloudless.gr/e2e/api-routes-gaps-sweep.spec.ts:218:29

    Error Context: test-results/api-routes-gaps-sweep-Post-301d7-unsigned-→-401-unauthorized-mobile-chrome-retry1/error-context.md

    attachment #2: trace (application/zip) ─────────────────────────────────────────────────────────
    test-results/api-routes-gaps-sweep-Post-301d7-unsigned-→-401-unauthorized-mobile-chrome-retry1/trace.zip
    Usage:

        npx playwright show-trace test-results/api-routes-gaps-sweep-Post-301d7-unsigned-→-401-unauthorized-mobile-chrome-retry1/trace.zip

    ────────────────────────────────────────────────────────────────────────────────────────────────

  1172) [mobile-chrome] › e2e/api-routes-gaps-sweep.spec.ts:229:7 › Admin OAuth entry point › GET /api/admin/oauth/tiktok — does not 5xx unauthenticated 

    Error: apiRequestContext.get: connect ECONNREFUSED ::1:4000
    Call log:
      - → GET http://localhost:4000/api/admin/oauth/tiktok
        - user-agent: Mozilla/5.0 (Linux; Android 14; Pixel 7) AppleWebKit/537.36 (KHTML, like Gecko) Chrome/151.0.7922.34 Mobile Safari/537.36
        - accept: */*
        - accept-encoding: gzip,deflate,br

        at apiRequestContext.get: connect ECONNREFUSED ::1:4000
        at /home/tbaltzakis/cloudless.gr/e2e/api-routes-gaps-sweep.spec.ts:230:29

    Error Context: test-results/api-routes-gaps-sweep-Admi-ab642-oes-not-5xx-unauthenticated-mobile-chrome/error-context.md

    Retry #1 ───────────────────────────────────────────────────────────────────────────────────────

    Error: apiRequestContext.get: connect ECONNREFUSED ::1:4000
    Call log:
      - → GET http://localhost:4000/api/admin/oauth/tiktok
        - user-agent: Mozilla/5.0 (Linux; Android 14; Pixel 7) AppleWebKit/537.36 (KHTML, like Gecko) Chrome/151.0.7922.34 Mobile Safari/537.36
        - accept: */*
        - accept-encoding: gzip,deflate,br

        at apiRequestContext.get: connect ECONNREFUSED ::1:4000
        at /home/tbaltzakis/cloudless.gr/e2e/api-routes-gaps-sweep.spec.ts:230:29

    Error Context: test-results/api-routes-gaps-sweep-Admi-ab642-oes-not-5xx-unauthenticated-mobile-chrome-retry1/error-context.md

    attachment #2: trace (application/zip) ─────────────────────────────────────────────────────────
    test-results/api-routes-gaps-sweep-Admi-ab642-oes-not-5xx-unauthenticated-mobile-chrome-retry1/trace.zip
    Usage:

        npx playwright show-trace test-results/api-routes-gaps-sweep-Admi-ab642-oes-not-5xx-unauthenticated-mobile-chrome-retry1/trace.zip

    ────────────────────────────────────────────────────────────────────────────────────────────────

  1173) [mobile-chrome] › e2e/api-routes-gaps-sweep.spec.ts:248:9 › Cron endpoints (unauthenticated — should reject, never 5xx silently) › GET /api/cron/client-reports unauthenticated 

    Error: apiRequestContext.get: connect ECONNREFUSED ::1:4000
    Call log:
      - → GET http://localhost:4000/api/cron/client-reports
        - user-agent: Mozilla/5.0 (Linux; Android 14; Pixel 7) AppleWebKit/537.36 (KHTML, like Gecko) Chrome/151.0.7922.34 Mobile Safari/537.36
        - accept: */*
        - accept-encoding: gzip,deflate,br

        at apiRequestContext.get: connect ECONNREFUSED ::1:4000
        at /home/tbaltzakis/cloudless.gr/e2e/api-routes-gaps-sweep.spec.ts:249:31

    Error Context: test-results/api-routes-gaps-sweep-Cron-d8742-ent-reports-unauthenticated-mobile-chrome/error-context.md

    Retry #1 ───────────────────────────────────────────────────────────────────────────────────────

    Error: apiRequestContext.get: connect ECONNREFUSED ::1:4000
    Call log:
      - → GET http://localhost:4000/api/cron/client-reports
        - user-agent: Mozilla/5.0 (Linux; Android 14; Pixel 7) AppleWebKit/537.36 (KHTML, like Gecko) Chrome/151.0.7922.34 Mobile Safari/537.36
        - accept: */*
        - accept-encoding: gzip,deflate,br

        at apiRequestContext.get: connect ECONNREFUSED ::1:4000
        at /home/tbaltzakis/cloudless.gr/e2e/api-routes-gaps-sweep.spec.ts:249:31

    Error Context: test-results/api-routes-gaps-sweep-Cron-d8742-ent-reports-unauthenticated-mobile-chrome-retry1/error-context.md

    attachment #2: trace (application/zip) ─────────────────────────────────────────────────────────
    test-results/api-routes-gaps-sweep-Cron-d8742-ent-reports-unauthenticated-mobile-chrome-retry1/trace.zip
    Usage:

        npx playwright show-trace test-results/api-routes-gaps-sweep-Cron-d8742-ent-reports-unauthenticated-mobile-chrome-retry1/trace.zip

    ────────────────────────────────────────────────────────────────────────────────────────────────

  1174) [mobile-chrome] › e2e/api-routes-gaps-sweep.spec.ts:248:9 › Cron endpoints (unauthenticated — should reject, never 5xx silently) › GET /api/cron/owner-digest unauthenticated 

    Error: apiRequestContext.get: connect ECONNREFUSED ::1:4000
    Call log:
      - → GET http://localhost:4000/api/cron/owner-digest
        - user-agent: Mozilla/5.0 (Linux; Android 14; Pixel 7) AppleWebKit/537.36 (KHTML, like Gecko) Chrome/151.0.7922.34 Mobile Safari/537.36
        - accept: */*
        - accept-encoding: gzip,deflate,br

        at apiRequestContext.get: connect ECONNREFUSED ::1:4000
        at /home/tbaltzakis/cloudless.gr/e2e/api-routes-gaps-sweep.spec.ts:249:31

    Error Context: test-results/api-routes-gaps-sweep-Cron-b7de0-wner-digest-unauthenticated-mobile-chrome/error-context.md

    Retry #1 ───────────────────────────────────────────────────────────────────────────────────────

    Error: apiRequestContext.get: connect ECONNREFUSED ::1:4000
    Call log:
      - → GET http://localhost:4000/api/cron/owner-digest
        - user-agent: Mozilla/5.0 (Linux; Android 14; Pixel 7) AppleWebKit/537.36 (KHTML, like Gecko) Chrome/151.0.7922.34 Mobile Safari/537.36
        - accept: */*
        - accept-encoding: gzip,deflate,br

        at apiRequestContext.get: connect ECONNREFUSED ::1:4000
        at /home/tbaltzakis/cloudless.gr/e2e/api-routes-gaps-sweep.spec.ts:249:31

    Error Context: test-results/api-routes-gaps-sweep-Cron-b7de0-wner-digest-unauthenticated-mobile-chrome-retry1/error-context.md

    attachment #2: trace (application/zip) ─────────────────────────────────────────────────────────
    test-results/api-routes-gaps-sweep-Cron-b7de0-wner-digest-unauthenticated-mobile-chrome-retry1/trace.zip
    Usage:

        npx playwright show-trace test-results/api-routes-gaps-sweep-Cron-b7de0-wner-digest-unauthenticated-mobile-chrome-retry1/trace.zip

    ────────────────────────────────────────────────────────────────────────────────────────────────

  1175) [mobile-chrome] › e2e/api-routes-gaps-sweep.spec.ts:271:9 › Public dynamic API routes (sentinel slugs) › GET /api/blog/sample-e2e-slug resolves cleanly 

    Error: apiRequestContext.get: connect ECONNREFUSED ::1:4000
    Call log:
      - → GET http://localhost:4000/api/blog/sample-e2e-slug
        - user-agent: Mozilla/5.0 (Linux; Android 14; Pixel 7) AppleWebKit/537.36 (KHTML, like Gecko) Chrome/151.0.7922.34 Mobile Safari/537.36
        - accept: */*
        - accept-encoding: gzip,deflate,br

        at apiRequestContext.get: connect ECONNREFUSED ::1:4000
        at /home/tbaltzakis/cloudless.gr/e2e/api-routes-gaps-sweep.spec.ts:272:31

    Error Context: test-results/api-routes-gaps-sweep-Publ-65cd0-e-e2e-slug-resolves-cleanly-mobile-chrome/error-context.md

    Retry #1 ───────────────────────────────────────────────────────────────────────────────────────

    Error: apiRequestContext.get: connect ECONNREFUSED ::1:4000
    Call log:
      - → GET http://localhost:4000/api/blog/sample-e2e-slug
        - user-agent: Mozilla/5.0 (Linux; Android 14; Pixel 7) AppleWebKit/537.36 (KHTML, like Gecko) Chrome/151.0.7922.34 Mobile Safari/537.36
        - accept: */*
        - accept-encoding: gzip,deflate,br

        at apiRequestContext.get: connect ECONNREFUSED ::1:4000
        at /home/tbaltzakis/cloudless.gr/e2e/api-routes-gaps-sweep.spec.ts:272:31

    Error Context: test-results/api-routes-gaps-sweep-Publ-65cd0-e-e2e-slug-resolves-cleanly-mobile-chrome-retry1/error-context.md

    attachment #2: trace (application/zip) ─────────────────────────────────────────────────────────
    test-results/api-routes-gaps-sweep-Publ-65cd0-e-e2e-slug-resolves-cleanly-mobile-chrome-retry1/trace.zip
    Usage:

        npx playwright show-trace test-results/api-routes-gaps-sweep-Publ-65cd0-e-e2e-slug-resolves-cleanly-mobile-chrome-retry1/trace.zip

    ────────────────────────────────────────────────────────────────────────────────────────────────

  1176) [mobile-chrome] › e2e/api-routes-gaps-sweep.spec.ts:271:9 › Public dynamic API routes (sentinel slugs) › GET /api/case-studies/sample-e2e-slug resolves cleanly 

    Error: apiRequestContext.get: connect ECONNREFUSED ::1:4000
    Call log:
      - → GET http://localhost:4000/api/case-studies/sample-e2e-slug
        - user-agent: Mozilla/5.0 (Linux; Android 14; Pixel 7) AppleWebKit/537.36 (KHTML, like Gecko) Chrome/151.0.7922.34 Mobile Safari/537.36
        - accept: */*
        - accept-encoding: gzip,deflate,br

        at apiRequestContext.get: connect ECONNREFUSED ::1:4000
        at /home/tbaltzakis/cloudless.gr/e2e/api-routes-gaps-sweep.spec.ts:272:31

    Error Context: test-results/api-routes-gaps-sweep-Publ-f5fac-e-e2e-slug-resolves-cleanly-mobile-chrome/error-context.md

    Retry #1 ───────────────────────────────────────────────────────────────────────────────────────

    Error: apiRequestContext.get: connect ECONNREFUSED ::1:4000
    Call log:
      - → GET http://localhost:4000/api/case-studies/sample-e2e-slug
        - user-agent: Mozilla/5.0 (Linux; Android 14; Pixel 7) AppleWebKit/537.36 (KHTML, like Gecko) Chrome/151.0.7922.34 Mobile Safari/537.36
        - accept: */*
        - accept-encoding: gzip,deflate,br

        at apiRequestContext.get: connect ECONNREFUSED ::1:4000
        at /home/tbaltzakis/cloudless.gr/e2e/api-routes-gaps-sweep.spec.ts:272:31

    Error Context: test-results/api-routes-gaps-sweep-Publ-f5fac-e-e2e-slug-resolves-cleanly-mobile-chrome-retry1/error-context.md

    attachment #2: trace (application/zip) ─────────────────────────────────────────────────────────
    test-results/api-routes-gaps-sweep-Publ-f5fac-e-e2e-slug-resolves-cleanly-mobile-chrome-retry1/trace.zip
    Usage:

        npx playwright show-trace test-results/api-routes-gaps-sweep-Publ-f5fac-e-e2e-slug-resolves-cleanly-mobile-chrome-retry1/trace.zip

    ────────────────────────────────────────────────────────────────────────────────────────────────

  1177) [mobile-chrome] › e2e/api-routes-gaps-sweep.spec.ts:271:9 › Public dynamic API routes (sentinel slugs) › GET /api/docs/sample-e2e-slug resolves cleanly 

    Error: apiRequestContext.get: connect ECONNREFUSED ::1:4000
    Call log:
      - → GET http://localhost:4000/api/docs/sample-e2e-slug
        - user-agent: Mozilla/5.0 (Linux; Android 14; Pixel 7) AppleWebKit/537.36 (KHTML, like Gecko) Chrome/151.0.7922.34 Mobile Safari/537.36
        - accept: */*
        - accept-encoding: gzip,deflate,br

        at apiRequestContext.get: connect ECONNREFUSED ::1:4000
        at /home/tbaltzakis/cloudless.gr/e2e/api-routes-gaps-sweep.spec.ts:272:31

    Error Context: test-results/api-routes-gaps-sweep-Publ-1429f-e-e2e-slug-resolves-cleanly-mobile-chrome/error-context.md

    Retry #1 ───────────────────────────────────────────────────────────────────────────────────────

    Error: apiRequestContext.get: connect ECONNREFUSED ::1:4000
    Call log:
      - → GET http://localhost:4000/api/docs/sample-e2e-slug
        - user-agent: Mozilla/5.0 (Linux; Android 14; Pixel 7) AppleWebKit/537.36 (KHTML, like Gecko) Chrome/151.0.7922.34 Mobile Safari/537.36
        - accept: */*
        - accept-encoding: gzip,deflate,br

        at apiRequestContext.get: connect ECONNREFUSED ::1:4000
        at /home/tbaltzakis/cloudless.gr/e2e/api-routes-gaps-sweep.spec.ts:272:31

    Error Context: test-results/api-routes-gaps-sweep-Publ-1429f-e-e2e-slug-resolves-cleanly-mobile-chrome-retry1/error-context.md

    attachment #2: trace (application/zip) ─────────────────────────────────────────────────────────
    test-results/api-routes-gaps-sweep-Publ-1429f-e-e2e-slug-resolves-cleanly-mobile-chrome-retry1/trace.zip
    Usage:

        npx playwright show-trace test-results/api-routes-gaps-sweep-Publ-1429f-e-e2e-slug-resolves-cleanly-mobile-chrome-retry1/trace.zip

    ────────────────────────────────────────────────────────────────────────────────────────────────

  1178) [mobile-chrome] › e2e/api-routes-gaps-sweep.spec.ts:271:9 › Public dynamic API routes (sentinel slugs) › GET /api/portal/sample-e2e-token resolves cleanly 

    Error: apiRequestContext.get: connect ECONNREFUSED ::1:4000
    Call log:
      - → GET http://localhost:4000/api/portal/sample-e2e-token
        - user-agent: Mozilla/5.0 (Linux; Android 14; Pixel 7) AppleWebKit/537.36 (KHTML, like Gecko) Chrome/151.0.7922.34 Mobile Safari/537.36
        - accept: */*
        - accept-encoding: gzip,deflate,br

        at apiRequestContext.get: connect ECONNREFUSED ::1:4000
        at /home/tbaltzakis/cloudless.gr/e2e/api-routes-gaps-sweep.spec.ts:272:31

    Error Context: test-results/api-routes-gaps-sweep-Publ-b43d7--e2e-token-resolves-cleanly-mobile-chrome/error-context.md

    Retry #1 ───────────────────────────────────────────────────────────────────────────────────────

    Error: apiRequestContext.get: connect ECONNREFUSED ::1:4000
    Call log:
      - → GET http://localhost:4000/api/portal/sample-e2e-token
        - user-agent: Mozilla/5.0 (Linux; Android 14; Pixel 7) AppleWebKit/537.36 (KHTML, like Gecko) Chrome/151.0.7922.34 Mobile Safari/537.36
        - accept: */*
        - accept-encoding: gzip,deflate,br

        at apiRequestContext.get: connect ECONNREFUSED ::1:4000
        at /home/tbaltzakis/cloudless.gr/e2e/api-routes-gaps-sweep.spec.ts:272:31

    Error Context: test-results/api-routes-gaps-sweep-Publ-b43d7--e2e-token-resolves-cleanly-mobile-chrome-retry1/error-context.md

    attachment #2: trace (application/zip) ─────────────────────────────────────────────────────────
    test-results/api-routes-gaps-sweep-Publ-b43d7--e2e-token-resolves-cleanly-mobile-chrome-retry1/trace.zip
    Usage:

        npx playwright show-trace test-results/api-routes-gaps-sweep-Publ-b43d7--e2e-token-resolves-cleanly-mobile-chrome-retry1/trace.zip

    ────────────────────────────────────────────────────────────────────────────────────────────────

  1179) [mobile-chrome] › e2e/api-routes-gaps-sweep.spec.ts:271:9 › Public dynamic API routes (sentinel slugs) › GET /api/portal/sample-e2e-token/deliverables resolves cleanly 

    Error: apiRequestContext.get: connect ECONNREFUSED ::1:4000
    Call log:
      - → GET http://localhost:4000/api/portal/sample-e2e-token/deliverables
        - user-agent: Mozilla/5.0 (Linux; Android 14; Pixel 7) AppleWebKit/537.36 (KHTML, like Gecko) Chrome/151.0.7922.34 Mobile Safari/537.36
        - accept: */*
        - accept-encoding: gzip,deflate,br

        at apiRequestContext.get: connect ECONNREFUSED ::1:4000
        at /home/tbaltzakis/cloudless.gr/e2e/api-routes-gaps-sweep.spec.ts:272:31

    Error Context: test-results/api-routes-gaps-sweep-Publ-005a4-liverables-resolves-cleanly-mobile-chrome/error-context.md

    Retry #1 ───────────────────────────────────────────────────────────────────────────────────────

    Error: apiRequestContext.get: connect ECONNREFUSED ::1:4000
    Call log:
      - → GET http://localhost:4000/api/portal/sample-e2e-token/deliverables
        - user-agent: Mozilla/5.0 (Linux; Android 14; Pixel 7) AppleWebKit/537.36 (KHTML, like Gecko) Chrome/151.0.7922.34 Mobile Safari/537.36
        - accept: */*
        - accept-encoding: gzip,deflate,br

        at apiRequestContext.get: connect ECONNREFUSED ::1:4000
        at /home/tbaltzakis/cloudless.gr/e2e/api-routes-gaps-sweep.spec.ts:272:31

    Error Context: test-results/api-routes-gaps-sweep-Publ-005a4-liverables-resolves-cleanly-mobile-chrome-retry1/error-context.md

    attachment #2: trace (application/zip) ─────────────────────────────────────────────────────────
    test-results/api-routes-gaps-sweep-Publ-005a4-liverables-resolves-cleanly-mobile-chrome-retry1/trace.zip
    Usage:

        npx playwright show-trace test-results/api-routes-gaps-sweep-Publ-005a4-liverables-resolves-cleanly-mobile-chrome-retry1/trace.zip

    ────────────────────────────────────────────────────────────────────────────────────────────────

  1180) [mobile-chrome] › e2e/api-routes-gaps-sweep.spec.ts:281:7 › Public auth POST endpoints › POST /api/auth/register with empty body returns 4xx 

    Error: apiRequestContext.post: connect ECONNREFUSED ::1:4000
    Call log:
      - → POST http://localhost:4000/api/auth/register
        - user-agent: Mozilla/5.0 (Linux; Android 14; Pixel 7) AppleWebKit/537.36 (KHTML, like Gecko) Chrome/151.0.7922.34 Mobile Safari/537.36
        - accept: */*
        - accept-encoding: gzip,deflate,br
        - content-type: application/json
        - content-length: 2

        at apiRequestContext.post: connect ECONNREFUSED ::1:4000
        at /home/tbaltzakis/cloudless.gr/e2e/api-routes-gaps-sweep.spec.ts:282:29

    Error Context: test-results/api-routes-gaps-sweep-Publ-72b53-with-empty-body-returns-4xx-mobile-chrome/error-context.md

    Retry #1 ───────────────────────────────────────────────────────────────────────────────────────

    Error: apiRequestContext.post: connect ECONNREFUSED ::1:4000
    Call log:
      - → POST http://localhost:4000/api/auth/register
        - user-agent: Mozilla/5.0 (Linux; Android 14; Pixel 7) AppleWebKit/537.36 (KHTML, like Gecko) Chrome/151.0.7922.34 Mobile Safari/537.36
        - accept: */*
        - accept-encoding: gzip,deflate,br
        - content-type: application/json
        - content-length: 2

        at apiRequestContext.post: connect ECONNREFUSED ::1:4000
        at /home/tbaltzakis/cloudless.gr/e2e/api-routes-gaps-sweep.spec.ts:282:29

    Error Context: test-results/api-routes-gaps-sweep-Publ-72b53-with-empty-body-returns-4xx-mobile-chrome-retry1/error-context.md

    attachment #2: trace (application/zip) ─────────────────────────────────────────────────────────
    test-results/api-routes-gaps-sweep-Publ-72b53-with-empty-body-returns-4xx-mobile-chrome-retry1/trace.zip
    Usage:

        npx playwright show-trace test-results/api-routes-gaps-sweep-Publ-72b53-with-empty-body-returns-4xx-mobile-chrome-retry1/trace.zip

    ────────────────────────────────────────────────────────────────────────────────────────────────

  1181) [mobile-chrome] › e2e/api-routes-gaps-sweep.spec.ts:288:7 › Public auth POST endpoints › POST /api/auth/resend-verification with empty body returns 4xx 

    Error: apiRequestContext.post: connect ECONNREFUSED ::1:4000
    Call log:
      - → POST http://localhost:4000/api/auth/resend-verification
        - user-agent: Mozilla/5.0 (Linux; Android 14; Pixel 7) AppleWebKit/537.36 (KHTML, like Gecko) Chrome/151.0.7922.34 Mobile Safari/537.36
        - accept: */*
        - accept-encoding: gzip,deflate,br
        - content-type: application/json
        - content-length: 2

        at apiRequestContext.post: connect ECONNREFUSED ::1:4000
        at /home/tbaltzakis/cloudless.gr/e2e/api-routes-gaps-sweep.spec.ts:289:29

    Error Context: test-results/api-routes-gaps-sweep-Publ-53fb5-with-empty-body-returns-4xx-mobile-chrome/error-context.md

    Retry #1 ───────────────────────────────────────────────────────────────────────────────────────

    Error: apiRequestContext.post: connect ECONNREFUSED ::1:4000
    Call log:
      - → POST http://localhost:4000/api/auth/resend-verification
        - user-agent: Mozilla/5.0 (Linux; Android 14; Pixel 7) AppleWebKit/537.36 (KHTML, like Gecko) Chrome/151.0.7922.34 Mobile Safari/537.36
        - accept: */*
        - accept-encoding: gzip,deflate,br
        - content-type: application/json
        - content-length: 2

        at apiRequestContext.post: connect ECONNREFUSED ::1:4000
        at /home/tbaltzakis/cloudless.gr/e2e/api-routes-gaps-sweep.spec.ts:289:29

    Error Context: test-results/api-routes-gaps-sweep-Publ-53fb5-with-empty-body-returns-4xx-mobile-chrome-retry1/error-context.md

    attachment #2: trace (application/zip) ─────────────────────────────────────────────────────────
    test-results/api-routes-gaps-sweep-Publ-53fb5-with-empty-body-returns-4xx-mobile-chrome-retry1/trace.zip
    Usage:

        npx playwright show-trace test-results/api-routes-gaps-sweep-Publ-53fb5-with-empty-body-returns-4xx-mobile-chrome-retry1/trace.zip

    ────────────────────────────────────────────────────────────────────────────────────────────────

  1182) [mobile-chrome] › e2e/api-routes-gaps-sweep.spec.ts:295:7 › User profile API (unauthenticated) › GET /api/user/profile — unauth returns 401/403/404, never 5xx 

    Error: apiRequestContext.get: connect ECONNREFUSED ::1:4000
    Call log:
      - → GET http://localhost:4000/api/user/profile
        - user-agent: Mozilla/5.0 (Linux; Android 14; Pixel 7) AppleWebKit/537.36 (KHTML, like Gecko) Chrome/151.0.7922.34 Mobile Safari/537.36
        - accept: */*
        - accept-encoding: gzip,deflate,br

        at apiRequestContext.get: connect ECONNREFUSED ::1:4000
        at /home/tbaltzakis/cloudless.gr/e2e/api-routes-gaps-sweep.spec.ts:296:29

    Error Context: test-results/api-routes-gaps-sweep-User-1427c-turns-401-403-404-never-5xx-mobile-chrome/error-context.md

    Retry #1 ───────────────────────────────────────────────────────────────────────────────────────

    Error: apiRequestContext.get: connect ECONNREFUSED ::1:4000
    Call log:
      - → GET http://localhost:4000/api/user/profile
        - user-agent: Mozilla/5.0 (Linux; Android 14; Pixel 7) AppleWebKit/537.36 (KHTML, like Gecko) Chrome/151.0.7922.34 Mobile Safari/537.36
        - accept: */*
        - accept-encoding: gzip,deflate,br

        at apiRequestContext.get: connect ECONNREFUSED ::1:4000
        at /home/tbaltzakis/cloudless.gr/e2e/api-routes-gaps-sweep.spec.ts:296:29

    Error Context: test-results/api-routes-gaps-sweep-User-1427c-turns-401-403-404-never-5xx-mobile-chrome-retry1/error-context.md

    attachment #2: trace (application/zip) ─────────────────────────────────────────────────────────
    test-results/api-routes-gaps-sweep-User-1427c-turns-401-403-404-never-5xx-mobile-chrome-retry1/trace.zip
    Usage:

        npx playwright show-trace test-results/api-routes-gaps-sweep-User-1427c-turns-401-403-404-never-5xx-mobile-chrome-retry1/trace.zip

    ────────────────────────────────────────────────────────────────────────────────────────────────

  1183) [mobile-chrome] › e2e/api-routes.spec.ts:33:7 › API: /api/health › GET returns 200 with status payload 

    Error: apiRequestContext.get: connect ECONNREFUSED ::1:4000
    Call log:
      - → GET http://localhost:4000/api/health
        - user-agent: Mozilla/5.0 (Linux; Android 14; Pixel 7) AppleWebKit/537.36 (KHTML, like Gecko) Chrome/151.0.7922.34 Mobile Safari/537.36
        - accept: */*
        - accept-encoding: gzip,deflate,br

        at apiRequestContext.get: connect ECONNREFUSED ::1:4000
        at /home/tbaltzakis/cloudless.gr/e2e/api-routes.spec.ts:34:36

    attachment #1: screenshot (image/png) ──────────────────────────────────────────────────────────
    test-results/api-routes-API-api-health--b474f-rns-200-with-status-payload-mobile-chrome/test-failed-1.png
    ────────────────────────────────────────────────────────────────────────────────────────────────

    attachment #2: video (video/webm) ──────────────────────────────────────────────────────────────
    test-results/api-routes-API-api-health--b474f-rns-200-with-status-payload-mobile-chrome/video.webm
    ────────────────────────────────────────────────────────────────────────────────────────────────

    Error Context: test-results/api-routes-API-api-health--b474f-rns-200-with-status-payload-mobile-chrome/error-context.md

    Retry #1 ───────────────────────────────────────────────────────────────────────────────────────

    Error: apiRequestContext.get: connect ECONNREFUSED ::1:4000
    Call log:
      - → GET http://localhost:4000/api/health
        - user-agent: Mozilla/5.0 (Linux; Android 14; Pixel 7) AppleWebKit/537.36 (KHTML, like Gecko) Chrome/151.0.7922.34 Mobile Safari/537.36
        - accept: */*
        - accept-encoding: gzip,deflate,br

        at apiRequestContext.get: connect ECONNREFUSED ::1:4000
        at /home/tbaltzakis/cloudless.gr/e2e/api-routes.spec.ts:34:36

    attachment #1: screenshot (image/png) ──────────────────────────────────────────────────────────
    test-results/api-routes-API-api-health--b474f-rns-200-with-status-payload-mobile-chrome-retry1/test-failed-1.png
    ────────────────────────────────────────────────────────────────────────────────────────────────

    attachment #2: video (video/webm) ──────────────────────────────────────────────────────────────
    test-results/api-routes-API-api-health--b474f-rns-200-with-status-payload-mobile-chrome-retry1/video.webm
    ────────────────────────────────────────────────────────────────────────────────────────────────

    Error Context: test-results/api-routes-API-api-health--b474f-rns-200-with-status-payload-mobile-chrome-retry1/error-context.md

    attachment #4: trace (application/zip) ─────────────────────────────────────────────────────────
    test-results/api-routes-API-api-health--b474f-rns-200-with-status-payload-mobile-chrome-retry1/trace.zip
    Usage:

        npx playwright show-trace test-results/api-routes-API-api-health--b474f-rns-200-with-status-payload-mobile-chrome-retry1/trace.zip

    ────────────────────────────────────────────────────────────────────────────────────────────────

  1184) [mobile-chrome] › e2e/api-routes.spec.ts:46:7 › API: /api/contact › rejects missing required fields with 400 

    Error: apiRequestContext.post: connect ECONNREFUSED ::1:4000
    Call log:
      - → POST http://localhost:4000/api/contact
        - user-agent: Mozilla/5.0 (Linux; Android 14; Pixel 7) AppleWebKit/537.36 (KHTML, like Gecko) Chrome/151.0.7922.34 Mobile Safari/537.36
        - accept: */*
        - accept-encoding: gzip,deflate,br
        - Content-Type: application/json
        - x-forwarded-for: 203.0.113.1
        - Authorization: Bearer e2e-admin-token-do-not-use-in-prod
        - content-length: 20

        at apiRequestContext.post: connect ECONNREFUSED ::1:4000
        at postJson (/home/tbaltzakis/cloudless.gr/e2e/api-routes.spec.ts:22:18)
        at /home/tbaltzakis/cloudless.gr/e2e/api-routes.spec.ts:47:23

    attachment #1: screenshot (image/png) ──────────────────────────────────────────────────────────
    test-results/api-routes-API-api-contact-0e512-ng-required-fields-with-400-mobile-chrome/test-failed-1.png
    ────────────────────────────────────────────────────────────────────────────────────────────────

    attachment #2: video (video/webm) ──────────────────────────────────────────────────────────────
    test-results/api-routes-API-api-contact-0e512-ng-required-fields-with-400-mobile-chrome/video.webm
    ────────────────────────────────────────────────────────────────────────────────────────────────

    Error Context: test-results/api-routes-API-api-contact-0e512-ng-required-fields-with-400-mobile-chrome/error-context.md

    Retry #1 ───────────────────────────────────────────────────────────────────────────────────────

    Error: apiRequestContext.post: connect ECONNREFUSED ::1:4000
    Call log:
      - → POST http://localhost:4000/api/contact
        - user-agent: Mozilla/5.0 (Linux; Android 14; Pixel 7) AppleWebKit/537.36 (KHTML, like Gecko) Chrome/151.0.7922.34 Mobile Safari/537.36
        - accept: */*
        - accept-encoding: gzip,deflate,br
        - Content-Type: application/json
        - x-forwarded-for: 203.0.113.1
        - Authorization: Bearer e2e-admin-token-do-not-use-in-prod
        - content-length: 20

        at apiRequestContext.post: connect ECONNREFUSED ::1:4000
        at postJson (/home/tbaltzakis/cloudless.gr/e2e/api-routes.spec.ts:22:18)
        at /home/tbaltzakis/cloudless.gr/e2e/api-routes.spec.ts:47:23

    attachment #1: screenshot (image/png) ──────────────────────────────────────────────────────────
    test-results/api-routes-API-api-contact-0e512-ng-required-fields-with-400-mobile-chrome-retry1/test-failed-1.png
    ────────────────────────────────────────────────────────────────────────────────────────────────

    attachment #2: video (video/webm) ──────────────────────────────────────────────────────────────
    test-results/api-routes-API-api-contact-0e512-ng-required-fields-with-400-mobile-chrome-retry1/video.webm
    ────────────────────────────────────────────────────────────────────────────────────────────────

    Error Context: test-results/api-routes-API-api-contact-0e512-ng-required-fields-with-400-mobile-chrome-retry1/error-context.md

    attachment #4: trace (application/zip) ─────────────────────────────────────────────────────────
    test-results/api-routes-API-api-contact-0e512-ng-required-fields-with-400-mobile-chrome-retry1/trace.zip
    Usage:

        npx playwright show-trace test-results/api-routes-API-api-contact-0e512-ng-required-fields-with-400-mobile-chrome-retry1/trace.zip

    ────────────────────────────────────────────────────────────────────────────────────────────────

  1185) [mobile-chrome] › e2e/api-routes.spec.ts:59:7 › API: /api/contact › rejects invalid email with 400 

    Error: apiRequestContext.post: connect ECONNREFUSED ::1:4000
    Call log:
      - → POST http://localhost:4000/api/contact
        - user-agent: Mozilla/5.0 (Linux; Android 14; Pixel 7) AppleWebKit/537.36 (KHTML, like Gecko) Chrome/151.0.7922.34 Mobile Safari/537.36
        - accept: */*
        - accept-encoding: gzip,deflate,br
        - Content-Type: application/json
        - x-forwarded-for: 203.0.113.1
        - Authorization: Bearer e2e-admin-token-do-not-use-in-prod
        - content-length: 61

        at apiRequestContext.post: connect ECONNREFUSED ::1:4000
        at postJson (/home/tbaltzakis/cloudless.gr/e2e/api-routes.spec.ts:22:18)
        at /home/tbaltzakis/cloudless.gr/e2e/api-routes.spec.ts:60:23

    attachment #1: screenshot (image/png) ──────────────────────────────────────────────────────────
    test-results/api-routes-API-api-contact-rejects-invalid-email-with-400-mobile-chrome/test-failed-1.png
    ────────────────────────────────────────────────────────────────────────────────────────────────

    attachment #2: video (video/webm) ──────────────────────────────────────────────────────────────
    test-results/api-routes-API-api-contact-rejects-invalid-email-with-400-mobile-chrome/video.webm
    ────────────────────────────────────────────────────────────────────────────────────────────────

    Error Context: test-results/api-routes-API-api-contact-rejects-invalid-email-with-400-mobile-chrome/error-context.md

    Retry #1 ───────────────────────────────────────────────────────────────────────────────────────

    Error: apiRequestContext.post: connect ECONNREFUSED ::1:4000
    Call log:
      - → POST http://localhost:4000/api/contact
        - user-agent: Mozilla/5.0 (Linux; Android 14; Pixel 7) AppleWebKit/537.36 (KHTML, like Gecko) Chrome/151.0.7922.34 Mobile Safari/537.36
        - accept: */*
        - accept-encoding: gzip,deflate,br
        - Content-Type: application/json
        - x-forwarded-for: 203.0.113.1
        - Authorization: Bearer e2e-admin-token-do-not-use-in-prod
        - content-length: 61

        at apiRequestContext.post: connect ECONNREFUSED ::1:4000
        at postJson (/home/tbaltzakis/cloudless.gr/e2e/api-routes.spec.ts:22:18)
        at /home/tbaltzakis/cloudless.gr/e2e/api-routes.spec.ts:60:23

    attachment #1: screenshot (image/png) ──────────────────────────────────────────────────────────
    test-results/api-routes-API-api-contact-rejects-invalid-email-with-400-mobile-chrome-retry1/test-failed-1.png
    ────────────────────────────────────────────────────────────────────────────────────────────────

    attachment #2: video (video/webm) ──────────────────────────────────────────────────────────────
    test-results/api-routes-API-api-contact-rejects-invalid-email-with-400-mobile-chrome-retry1/video.webm
    ────────────────────────────────────────────────────────────────────────────────────────────────

    Error Context: test-results/api-routes-API-api-contact-rejects-invalid-email-with-400-mobile-chrome-retry1/error-context.md

    attachment #4: trace (application/zip) ─────────────────────────────────────────────────────────
    test-results/api-routes-API-api-contact-rejects-invalid-email-with-400-mobile-chrome-retry1/trace.zip
    Usage:

        npx playwright show-trace test-results/api-routes-API-api-contact-rejects-invalid-email-with-400-mobile-chrome-retry1/trace.zip

    ────────────────────────────────────────────────────────────────────────────────────────────────

  1186) [mobile-chrome] › e2e/api-routes.spec.ts:76:7 › API: /api/subscribe › rejects invalid email with 400 

    Error: apiRequestContext.post: connect ECONNREFUSED ::1:4000
    Call log:
      - → POST http://localhost:4000/api/subscribe
        - user-agent: Mozilla/5.0 (Linux; Android 14; Pixel 7) AppleWebKit/537.36 (KHTML, like Gecko) Chrome/151.0.7922.34 Mobile Safari/537.36
        - accept: */*
        - accept-encoding: gzip,deflate,br
        - Content-Type: application/json
        - x-forwarded-for: 203.0.113.1
        - Authorization: Bearer e2e-admin-token-do-not-use-in-prod
        - content-length: 24

        at apiRequestContext.post: connect ECONNREFUSED ::1:4000
        at postJson (/home/tbaltzakis/cloudless.gr/e2e/api-routes.spec.ts:22:18)
        at /home/tbaltzakis/cloudless.gr/e2e/api-routes.spec.ts:77:23

    attachment #1: screenshot (image/png) ──────────────────────────────────────────────────────────
    test-results/api-routes-API-api-subscribe-rejects-invalid-email-with-400-mobile-chrome/test-failed-1.png
    ────────────────────────────────────────────────────────────────────────────────────────────────

    attachment #2: video (video/webm) ──────────────────────────────────────────────────────────────
    test-results/api-routes-API-api-subscribe-rejects-invalid-email-with-400-mobile-chrome/video.webm
    ────────────────────────────────────────────────────────────────────────────────────────────────

    Error Context: test-results/api-routes-API-api-subscribe-rejects-invalid-email-with-400-mobile-chrome/error-context.md

    Retry #1 ───────────────────────────────────────────────────────────────────────────────────────

    Error: apiRequestContext.post: connect ECONNREFUSED ::1:4000
    Call log:
      - → POST http://localhost:4000/api/subscribe
        - user-agent: Mozilla/5.0 (Linux; Android 14; Pixel 7) AppleWebKit/537.36 (KHTML, like Gecko) Chrome/151.0.7922.34 Mobile Safari/537.36
        - accept: */*
        - accept-encoding: gzip,deflate,br
        - Content-Type: application/json
        - x-forwarded-for: 203.0.113.1
        - Authorization: Bearer e2e-admin-token-do-not-use-in-prod
        - content-length: 24

        at apiRequestContext.post: connect ECONNREFUSED ::1:4000
        at postJson (/home/tbaltzakis/cloudless.gr/e2e/api-routes.spec.ts:22:18)
        at /home/tbaltzakis/cloudless.gr/e2e/api-routes.spec.ts:77:23

    attachment #1: screenshot (image/png) ──────────────────────────────────────────────────────────
    test-results/api-routes-API-api-subscribe-rejects-invalid-email-with-400-mobile-chrome-retry1/test-failed-1.png
    ────────────────────────────────────────────────────────────────────────────────────────────────

    attachment #2: video (video/webm) ──────────────────────────────────────────────────────────────
    test-results/api-routes-API-api-subscribe-rejects-invalid-email-with-400-mobile-chrome-retry1/video.webm
    ────────────────────────────────────────────────────────────────────────────────────────────────

    Error Context: test-results/api-routes-API-api-subscribe-rejects-invalid-email-with-400-mobile-chrome-retry1/error-context.md

    attachment #4: trace (application/zip) ─────────────────────────────────────────────────────────
    test-results/api-routes-API-api-subscribe-rejects-invalid-email-with-400-mobile-chrome-retry1/trace.zip
    Usage:

        npx playwright show-trace test-results/api-routes-API-api-subscribe-rejects-invalid-email-with-400-mobile-chrome-retry1/trace.zip

    ────────────────────────────────────────────────────────────────────────────────────────────────

  1187) [mobile-chrome] › e2e/api-routes.spec.ts:89:7 › API: /api/subscribe › rejects missing email with 400 

    Error: apiRequestContext.post: connect ECONNREFUSED ::1:4000
    Call log:
      - → POST http://localhost:4000/api/subscribe
        - user-agent: Mozilla/5.0 (Linux; Android 14; Pixel 7) AppleWebKit/537.36 (KHTML, like Gecko) Chrome/151.0.7922.34 Mobile Safari/537.36
        - accept: */*
        - accept-encoding: gzip,deflate,br
        - Content-Type: application/json
        - x-forwarded-for: 203.0.113.1
        - Authorization: Bearer e2e-admin-token-do-not-use-in-prod
        - content-length: 2

        at apiRequestContext.post: connect ECONNREFUSED ::1:4000
        at postJson (/home/tbaltzakis/cloudless.gr/e2e/api-routes.spec.ts:22:18)
        at /home/tbaltzakis/cloudless.gr/e2e/api-routes.spec.ts:90:23

    attachment #1: screenshot (image/png) ──────────────────────────────────────────────────────────
    test-results/api-routes-API-api-subscribe-rejects-missing-email-with-400-mobile-chrome/test-failed-1.png
    ────────────────────────────────────────────────────────────────────────────────────────────────

    attachment #2: video (video/webm) ──────────────────────────────────────────────────────────────
    test-results/api-routes-API-api-subscribe-rejects-missing-email-with-400-mobile-chrome/video.webm
    ────────────────────────────────────────────────────────────────────────────────────────────────

    Error Context: test-results/api-routes-API-api-subscribe-rejects-missing-email-with-400-mobile-chrome/error-context.md

    Retry #1 ───────────────────────────────────────────────────────────────────────────────────────

    Error: apiRequestContext.post: connect ECONNREFUSED ::1:4000
    Call log:
      - → POST http://localhost:4000/api/subscribe
        - user-agent: Mozilla/5.0 (Linux; Android 14; Pixel 7) AppleWebKit/537.36 (KHTML, like Gecko) Chrome/151.0.7922.34 Mobile Safari/537.36
        - accept: */*
        - accept-encoding: gzip,deflate,br
        - Content-Type: application/json
        - x-forwarded-for: 203.0.113.1
        - Authorization: Bearer e2e-admin-token-do-not-use-in-prod
        - content-length: 2

        at apiRequestContext.post: connect ECONNREFUSED ::1:4000
        at postJson (/home/tbaltzakis/cloudless.gr/e2e/api-routes.spec.ts:22:18)
        at /home/tbaltzakis/cloudless.gr/e2e/api-routes.spec.ts:90:23

    attachment #1: screenshot (image/png) ──────────────────────────────────────────────────────────
    test-results/api-routes-API-api-subscribe-rejects-missing-email-with-400-mobile-chrome-retry1/test-failed-1.png
    ────────────────────────────────────────────────────────────────────────────────────────────────

    attachment #2: video (video/webm) ──────────────────────────────────────────────────────────────
    test-results/api-routes-API-api-subscribe-rejects-missing-email-with-400-mobile-chrome-retry1/video.webm
    ────────────────────────────────────────────────────────────────────────────────────────────────

    Error Context: test-results/api-routes-API-api-subscribe-rejects-missing-email-with-400-mobile-chrome-retry1/error-context.md

    attachment #4: trace (application/zip) ─────────────────────────────────────────────────────────
    test-results/api-routes-API-api-subscribe-rejects-missing-email-with-400-mobile-chrome-retry1/trace.zip
    Usage:

        npx playwright show-trace test-results/api-routes-API-api-subscribe-rejects-missing-email-with-400-mobile-chrome-retry1/trace.zip

    ────────────────────────────────────────────────────────────────────────────────────────────────

  1188) [mobile-chrome] › e2e/api-routes.spec.ts:98:7 › API: /api/checkout › rejects empty cart with 400 

    Error: apiRequestContext.post: connect ECONNREFUSED ::1:4000
    Call log:
      - → POST http://localhost:4000/api/checkout
        - user-agent: Mozilla/5.0 (Linux; Android 14; Pixel 7) AppleWebKit/537.36 (KHTML, like Gecko) Chrome/151.0.7922.34 Mobile Safari/537.36
        - accept: */*
        - accept-encoding: gzip,deflate,br
        - Content-Type: application/json
        - x-forwarded-for: 203.0.113.1
        - Authorization: Bearer e2e-admin-token-do-not-use-in-prod
        - content-length: 12

        at apiRequestContext.post: connect ECONNREFUSED ::1:4000
        at postJson (/home/tbaltzakis/cloudless.gr/e2e/api-routes.spec.ts:22:18)
        at /home/tbaltzakis/cloudless.gr/e2e/api-routes.spec.ts:99:23

    attachment #1: screenshot (image/png) ──────────────────────────────────────────────────────────
    test-results/api-routes-API-api-checkout-rejects-empty-cart-with-400-mobile-chrome/test-failed-1.png
    ────────────────────────────────────────────────────────────────────────────────────────────────

    attachment #2: video (video/webm) ──────────────────────────────────────────────────────────────
    test-results/api-routes-API-api-checkout-rejects-empty-cart-with-400-mobile-chrome/video.webm
    ────────────────────────────────────────────────────────────────────────────────────────────────

    Error Context: test-results/api-routes-API-api-checkout-rejects-empty-cart-with-400-mobile-chrome/error-context.md

    Retry #1 ───────────────────────────────────────────────────────────────────────────────────────

    Error: apiRequestContext.post: connect ECONNREFUSED ::1:4000
    Call log:
      - → POST http://localhost:4000/api/checkout
        - user-agent: Mozilla/5.0 (Linux; Android 14; Pixel 7) AppleWebKit/537.36 (KHTML, like Gecko) Chrome/151.0.7922.34 Mobile Safari/537.36
        - accept: */*
        - accept-encoding: gzip,deflate,br
        - Content-Type: application/json
        - x-forwarded-for: 203.0.113.1
        - Authorization: Bearer e2e-admin-token-do-not-use-in-prod
        - content-length: 12

        at apiRequestContext.post: connect ECONNREFUSED ::1:4000
        at postJson (/home/tbaltzakis/cloudless.gr/e2e/api-routes.spec.ts:22:18)
        at /home/tbaltzakis/cloudless.gr/e2e/api-routes.spec.ts:99:23

    attachment #1: screenshot (image/png) ──────────────────────────────────────────────────────────
    test-results/api-routes-API-api-checkout-rejects-empty-cart-with-400-mobile-chrome-retry1/test-failed-1.png
    ────────────────────────────────────────────────────────────────────────────────────────────────

    attachment #2: video (video/webm) ──────────────────────────────────────────────────────────────
    test-results/api-routes-API-api-checkout-rejects-empty-cart-with-400-mobile-chrome-retry1/video.webm
    ────────────────────────────────────────────────────────────────────────────────────────────────

    Error Context: test-results/api-routes-API-api-checkout-rejects-empty-cart-with-400-mobile-chrome-retry1/error-context.md

    attachment #4: trace (application/zip) ─────────────────────────────────────────────────────────
    test-results/api-routes-API-api-checkout-rejects-empty-cart-with-400-mobile-chrome-retry1/trace.zip
    Usage:

        npx playwright show-trace test-results/api-routes-API-api-checkout-rejects-empty-cart-with-400-mobile-chrome-retry1/trace.zip

    ────────────────────────────────────────────────────────────────────────────────────────────────

  1189) [mobile-chrome] › e2e/api-routes.spec.ts:105:7 › API: /api/checkout › rejects missing items field with 400 

    Error: apiRequestContext.post: connect ECONNREFUSED ::1:4000
    Call log:
      - → POST http://localhost:4000/api/checkout
        - user-agent: Mozilla/5.0 (Linux; Android 14; Pixel 7) AppleWebKit/537.36 (KHTML, like Gecko) Chrome/151.0.7922.34 Mobile Safari/537.36
        - accept: */*
        - accept-encoding: gzip,deflate,br
        - Content-Type: application/json
        - x-forwarded-for: 203.0.113.1
        - Authorization: Bearer e2e-admin-token-do-not-use-in-prod
        - content-length: 2

        at apiRequestContext.post: connect ECONNREFUSED ::1:4000
        at postJson (/home/tbaltzakis/cloudless.gr/e2e/api-routes.spec.ts:22:18)
        at /home/tbaltzakis/cloudless.gr/e2e/api-routes.spec.ts:106:23

    attachment #1: screenshot (image/png) ──────────────────────────────────────────────────────────
    test-results/api-routes-API-api-checkou-68331-issing-items-field-with-400-mobile-chrome/test-failed-1.png
    ────────────────────────────────────────────────────────────────────────────────────────────────

    attachment #2: video (video/webm) ──────────────────────────────────────────────────────────────
    test-results/api-routes-API-api-checkou-68331-issing-items-field-with-400-mobile-chrome/video.webm
    ────────────────────────────────────────────────────────────────────────────────────────────────

    Error Context: test-results/api-routes-API-api-checkou-68331-issing-items-field-with-400-mobile-chrome/error-context.md

    Retry #1 ───────────────────────────────────────────────────────────────────────────────────────

    Error: apiRequestContext.post: connect ECONNREFUSED ::1:4000
    Call log:
      - → POST http://localhost:4000/api/checkout
        - user-agent: Mozilla/5.0 (Linux; Android 14; Pixel 7) AppleWebKit/537.36 (KHTML, like Gecko) Chrome/151.0.7922.34 Mobile Safari/537.36
        - accept: */*
        - accept-encoding: gzip,deflate,br
        - Content-Type: application/json
        - x-forwarded-for: 203.0.113.1
        - Authorization: Bearer e2e-admin-token-do-not-use-in-prod
        - content-length: 2

        at apiRequestContext.post: connect ECONNREFUSED ::1:4000
        at postJson (/home/tbaltzakis/cloudless.gr/e2e/api-routes.spec.ts:22:18)
        at /home/tbaltzakis/cloudless.gr/e2e/api-routes.spec.ts:106:23

    attachment #1: screenshot (image/png) ──────────────────────────────────────────────────────────
    test-results/api-routes-API-api-checkou-68331-issing-items-field-with-400-mobile-chrome-retry1/test-failed-1.png
    ────────────────────────────────────────────────────────────────────────────────────────────────

    attachment #2: video (video/webm) ──────────────────────────────────────────────────────────────
    test-results/api-routes-API-api-checkou-68331-issing-items-field-with-400-mobile-chrome-retry1/video.webm
    ────────────────────────────────────────────────────────────────────────────────────────────────

    Error Context: test-results/api-routes-API-api-checkou-68331-issing-items-field-with-400-mobile-chrome-retry1/error-context.md

    attachment #4: trace (application/zip) ─────────────────────────────────────────────────────────
    test-results/api-routes-API-api-checkou-68331-issing-items-field-with-400-mobile-chrome-retry1/trace.zip
    Usage:

        npx playwright show-trace test-results/api-routes-API-api-checkou-68331-issing-items-field-with-400-mobile-chrome-retry1/trace.zip

    ────────────────────────────────────────────────────────────────────────────────────────────────

  1190) [mobile-chrome] › e2e/app-fullstack.spec.ts:20:7 › cloudless.gr - Full Application Coverage › health endpoint returns ok 

    Error: apiRequestContext.get: connect ECONNREFUSED ::1:4000
    Call log:
      - → GET http://localhost:4000/api/health
        - user-agent: Mozilla/5.0 (Linux; Android 14; Pixel 7) AppleWebKit/537.36 (KHTML, like Gecko) Chrome/151.0.7922.34 Mobile Safari/537.36
        - accept: */*
        - accept-encoding: gzip,deflate,br

        at apiRequestContext.get: connect ECONNREFUSED ::1:4000
        at /home/tbaltzakis/cloudless.gr/e2e/app-fullstack.spec.ts:21:36

    Error Context: test-results/app-fullstack-cloudless-gr-4a623--health-endpoint-returns-ok-mobile-chrome/error-context.md

    Retry #1 ───────────────────────────────────────────────────────────────────────────────────────

    Error: apiRequestContext.get: connect ECONNREFUSED ::1:4000
    Call log:
      - → GET http://localhost:4000/api/health
        - user-agent: Mozilla/5.0 (Linux; Android 14; Pixel 7) AppleWebKit/537.36 (KHTML, like Gecko) Chrome/151.0.7922.34 Mobile Safari/537.36
        - accept: */*
        - accept-encoding: gzip,deflate,br

        at apiRequestContext.get: connect ECONNREFUSED ::1:4000
        at /home/tbaltzakis/cloudless.gr/e2e/app-fullstack.spec.ts:21:36

    Error Context: test-results/app-fullstack-cloudless-gr-4a623--health-endpoint-returns-ok-mobile-chrome-retry1/error-context.md

    attachment #2: trace (application/zip) ─────────────────────────────────────────────────────────
    test-results/app-fullstack-cloudless-gr-4a623--health-endpoint-returns-ok-mobile-chrome-retry1/trace.zip
    Usage:

        npx playwright show-trace test-results/app-fullstack-cloudless-gr-4a623--health-endpoint-returns-ok-mobile-chrome-retry1/trace.zip

    ────────────────────────────────────────────────────────────────────────────────────────────────

  1191) [mobile-chrome] › e2e/app-fullstack.spec.ts:29:7 › cloudless.gr - Full Application Coverage › root page redirects to locale 

    Error: page.goto: net::ERR_CONNECTION_REFUSED at http://localhost:4000/
    Call log:
      - navigating to "http://localhost:4000/", waiting until "load"


      28 |
      29 |   test("root page redirects to locale", async ({ page }) => {
    > 30 |     await page.goto("/");
         |                ^
      31 |     // Should redirect to /en
      32 |     await expect(page).toHaveURL(/.*\/en(\/|$)/);
      33 |   });
        at /home/tbaltzakis/cloudless.gr/e2e/app-fullstack.spec.ts:30:16

    attachment #1: screenshot (image/png) ──────────────────────────────────────────────────────────
    test-results/app-fullstack-cloudless-gr-988a3-ot-page-redirects-to-locale-mobile-chrome/test-failed-1.png
    ────────────────────────────────────────────────────────────────────────────────────────────────

    attachment #2: video (video/webm) ──────────────────────────────────────────────────────────────
    test-results/app-fullstack-cloudless-gr-988a3-ot-page-redirects-to-locale-mobile-chrome/video.webm
    ────────────────────────────────────────────────────────────────────────────────────────────────

    Error Context: test-results/app-fullstack-cloudless-gr-988a3-ot-page-redirects-to-locale-mobile-chrome/error-context.md

    Retry #1 ───────────────────────────────────────────────────────────────────────────────────────

    Error: page.goto: net::ERR_CONNECTION_REFUSED at http://localhost:4000/
    Call log:
      - navigating to "http://localhost:4000/", waiting until "load"


      28 |
      29 |   test("root page redirects to locale", async ({ page }) => {
    > 30 |     await page.goto("/");
         |                ^
      31 |     // Should redirect to /en
      32 |     await expect(page).toHaveURL(/.*\/en(\/|$)/);
      33 |   });
        at /home/tbaltzakis/cloudless.gr/e2e/app-fullstack.spec.ts:30:16

    attachment #1: screenshot (image/png) ──────────────────────────────────────────────────────────
    test-results/app-fullstack-cloudless-gr-988a3-ot-page-redirects-to-locale-mobile-chrome-retry1/test-failed-1.png
    ────────────────────────────────────────────────────────────────────────────────────────────────

    attachment #2: video (video/webm) ──────────────────────────────────────────────────────────────
    test-results/app-fullstack-cloudless-gr-988a3-ot-page-redirects-to-locale-mobile-chrome-retry1/video.webm
    ────────────────────────────────────────────────────────────────────────────────────────────────

    Error Context: test-results/app-fullstack-cloudless-gr-988a3-ot-page-redirects-to-locale-mobile-chrome-retry1/error-context.md

    attachment #4: trace (application/zip) ─────────────────────────────────────────────────────────
    test-results/app-fullstack-cloudless-gr-988a3-ot-page-redirects-to-locale-mobile-chrome-retry1/trace.zip
    Usage:

        npx playwright show-trace test-results/app-fullstack-cloudless-gr-988a3-ot-page-redirects-to-locale-mobile-chrome-retry1/trace.zip

    ────────────────────────────────────────────────────────────────────────────────────────────────

  1192) [mobile-chrome] › e2e/app-fullstack.spec.ts:35:7 › cloudless.gr - Full Application Coverage › sitemap.xml is accessible 

    Error: apiRequestContext.get: connect ECONNREFUSED ::1:4000
    Call log:
      - → GET http://localhost:4000/sitemap.xml
        - user-agent: Mozilla/5.0 (Linux; Android 14; Pixel 7) AppleWebKit/537.36 (KHTML, like Gecko) Chrome/151.0.7922.34 Mobile Safari/537.36
        - accept: */*
        - accept-encoding: gzip,deflate,br

        at apiRequestContext.get: connect ECONNREFUSED ::1:4000
        at /home/tbaltzakis/cloudless.gr/e2e/app-fullstack.spec.ts:36:36

    Error Context: test-results/app-fullstack-cloudless-gr-1b853-e-sitemap-xml-is-accessible-mobile-chrome/error-context.md

    Retry #1 ───────────────────────────────────────────────────────────────────────────────────────

    Error: apiRequestContext.get: connect ECONNREFUSED ::1:4000
    Call log:
      - → GET http://localhost:4000/sitemap.xml
        - user-agent: Mozilla/5.0 (Linux; Android 14; Pixel 7) AppleWebKit/537.36 (KHTML, like Gecko) Chrome/151.0.7922.34 Mobile Safari/537.36
        - accept: */*
        - accept-encoding: gzip,deflate,br

        at apiRequestContext.get: connect ECONNREFUSED ::1:4000
        at /home/tbaltzakis/cloudless.gr/e2e/app-fullstack.spec.ts:36:36

    Error Context: test-results/app-fullstack-cloudless-gr-1b853-e-sitemap-xml-is-accessible-mobile-chrome-retry1/error-context.md

    attachment #2: trace (application/zip) ─────────────────────────────────────────────────────────
    test-results/app-fullstack-cloudless-gr-1b853-e-sitemap-xml-is-accessible-mobile-chrome-retry1/trace.zip
    Usage:

        npx playwright show-trace test-results/app-fullstack-cloudless-gr-1b853-e-sitemap-xml-is-accessible-mobile-chrome-retry1/trace.zip

    ────────────────────────────────────────────────────────────────────────────────────────────────

  1193) [mobile-chrome] › e2e/app-fullstack.spec.ts:48:7 › cloudless.gr - Full Application Coverage › robots.txt is accessible 

    Error: apiRequestContext.get: connect ECONNREFUSED ::1:4000
    Call log:
      - → GET http://localhost:4000/robots.txt
        - user-agent: Mozilla/5.0 (Linux; Android 14; Pixel 7) AppleWebKit/537.36 (KHTML, like Gecko) Chrome/151.0.7922.34 Mobile Safari/537.36
        - accept: */*
        - accept-encoding: gzip,deflate,br

        at apiRequestContext.get: connect ECONNREFUSED ::1:4000
        at /home/tbaltzakis/cloudless.gr/e2e/app-fullstack.spec.ts:49:36

    Error Context: test-results/app-fullstack-cloudless-gr-c9a08-ge-robots-txt-is-accessible-mobile-chrome/error-context.md

    Retry #1 ───────────────────────────────────────────────────────────────────────────────────────

    Error: apiRequestContext.get: connect ECONNREFUSED ::1:4000
    Call log:
      - → GET http://localhost:4000/robots.txt
        - user-agent: Mozilla/5.0 (Linux; Android 14; Pixel 7) AppleWebKit/537.36 (KHTML, like Gecko) Chrome/151.0.7922.34 Mobile Safari/537.36
        - accept: */*
        - accept-encoding: gzip,deflate,br

        at apiRequestContext.get: connect ECONNREFUSED ::1:4000
        at /home/tbaltzakis/cloudless.gr/e2e/app-fullstack.spec.ts:49:36

    Error Context: test-results/app-fullstack-cloudless-gr-c9a08-ge-robots-txt-is-accessible-mobile-chrome-retry1/error-context.md

    attachment #2: trace (application/zip) ─────────────────────────────────────────────────────────
    test-results/app-fullstack-cloudless-gr-c9a08-ge-robots-txt-is-accessible-mobile-chrome-retry1/trace.zip
    Usage:

        npx playwright show-trace test-results/app-fullstack-cloudless-gr-c9a08-ge-robots-txt-is-accessible-mobile-chrome-retry1/trace.zip

    ────────────────────────────────────────────────────────────────────────────────────────────────

  1194) [mobile-chrome] › e2e/app-fullstack.spec.ts:61:11 › Public Pages - All Locales › [en] › homepage loads and displays key sections 

    Error: page.goto: net::ERR_CONNECTION_REFUSED at http://localhost:4000/en
    Call log:
      - navigating to "http://localhost:4000/en", waiting until "load"


      56 |     test.describe(`[${locale}]`, () => {
      57 |       test.beforeEach(async ({ page }) => {
    > 58 |         await page.goto(`/${locale}`);
         |                    ^
      59 |       });
      60 |
      61 |       test("homepage loads and displays key sections", async ({ page }) => {
        at /home/tbaltzakis/cloudless.gr/e2e/app-fullstack.spec.ts:58:20

    attachment #1: screenshot (image/png) ──────────────────────────────────────────────────────────
    test-results/app-fullstack-Public-Pages-32ff1-s-and-displays-key-sections-mobile-chrome/test-failed-1.png
    ────────────────────────────────────────────────────────────────────────────────────────────────

    attachment #2: video (video/webm) ──────────────────────────────────────────────────────────────
    test-results/app-fullstack-Public-Pages-32ff1-s-and-displays-key-sections-mobile-chrome/video.webm
    ────────────────────────────────────────────────────────────────────────────────────────────────

    Error Context: test-results/app-fullstack-Public-Pages-32ff1-s-and-displays-key-sections-mobile-chrome/error-context.md

    Retry #1 ───────────────────────────────────────────────────────────────────────────────────────

    Error: page.goto: net::ERR_CONNECTION_REFUSED at http://localhost:4000/en
    Call log:
      - navigating to "http://localhost:4000/en", waiting until "load"


      56 |     test.describe(`[${locale}]`, () => {
      57 |       test.beforeEach(async ({ page }) => {
    > 58 |         await page.goto(`/${locale}`);
         |                    ^
      59 |       });
      60 |
      61 |       test("homepage loads and displays key sections", async ({ page }) => {
        at /home/tbaltzakis/cloudless.gr/e2e/app-fullstack.spec.ts:58:20

    attachment #1: screenshot (image/png) ──────────────────────────────────────────────────────────
    test-results/app-fullstack-Public-Pages-32ff1-s-and-displays-key-sections-mobile-chrome-retry1/test-failed-1.png
    ────────────────────────────────────────────────────────────────────────────────────────────────

    attachment #2: video (video/webm) ──────────────────────────────────────────────────────────────
    test-results/app-fullstack-Public-Pages-32ff1-s-and-displays-key-sections-mobile-chrome-retry1/video.webm
    ────────────────────────────────────────────────────────────────────────────────────────────────

    Error Context: test-results/app-fullstack-Public-Pages-32ff1-s-and-displays-key-sections-mobile-chrome-retry1/error-context.md

    attachment #4: trace (application/zip) ─────────────────────────────────────────────────────────
    test-results/app-fullstack-Public-Pages-32ff1-s-and-displays-key-sections-mobile-chrome-retry1/trace.zip
    Usage:

        npx playwright show-trace test-results/app-fullstack-Public-Pages-32ff1-s-and-displays-key-sections-mobile-chrome-retry1/trace.zip

    ────────────────────────────────────────────────────────────────────────────────────────────────

  1195) [mobile-chrome] › e2e/app-fullstack.spec.ts:70:11 › Public Pages - All Locales › [en] › services page loads 

    Error: page.goto: net::ERR_CONNECTION_REFUSED at http://localhost:4000/en
    Call log:
      - navigating to "http://localhost:4000/en", waiting until "load"


      56 |     test.describe(`[${locale}]`, () => {
      57 |       test.beforeEach(async ({ page }) => {
    > 58 |         await page.goto(`/${locale}`);
         |                    ^
      59 |       });
      60 |
      61 |       test("homepage loads and displays key sections", async ({ page }) => {
        at /home/tbaltzakis/cloudless.gr/e2e/app-fullstack.spec.ts:58:20

    attachment #1: screenshot (image/png) ──────────────────────────────────────────────────────────
    test-results/app-fullstack-Public-Pages-f94bb-ales-en-services-page-loads-mobile-chrome/test-failed-1.png
    ────────────────────────────────────────────────────────────────────────────────────────────────

    attachment #2: video (video/webm) ──────────────────────────────────────────────────────────────
    test-results/app-fullstack-Public-Pages-f94bb-ales-en-services-page-loads-mobile-chrome/video.webm
    ────────────────────────────────────────────────────────────────────────────────────────────────

    Error Context: test-results/app-fullstack-Public-Pages-f94bb-ales-en-services-page-loads-mobile-chrome/error-context.md

    Retry #1 ───────────────────────────────────────────────────────────────────────────────────────

    Error: page.goto: net::ERR_CONNECTION_REFUSED at http://localhost:4000/en
    Call log:
      - navigating to "http://localhost:4000/en", waiting until "load"


      56 |     test.describe(`[${locale}]`, () => {
      57 |       test.beforeEach(async ({ page }) => {
    > 58 |         await page.goto(`/${locale}`);
         |                    ^
      59 |       });
      60 |
      61 |       test("homepage loads and displays key sections", async ({ page }) => {
        at /home/tbaltzakis/cloudless.gr/e2e/app-fullstack.spec.ts:58:20

    attachment #1: screenshot (image/png) ──────────────────────────────────────────────────────────
    test-results/app-fullstack-Public-Pages-f94bb-ales-en-services-page-loads-mobile-chrome-retry1/test-failed-1.png
    ────────────────────────────────────────────────────────────────────────────────────────────────

    attachment #2: video (video/webm) ──────────────────────────────────────────────────────────────
    test-results/app-fullstack-Public-Pages-f94bb-ales-en-services-page-loads-mobile-chrome-retry1/video.webm
    ────────────────────────────────────────────────────────────────────────────────────────────────

    Error Context: test-results/app-fullstack-Public-Pages-f94bb-ales-en-services-page-loads-mobile-chrome-retry1/error-context.md

    attachment #4: trace (application/zip) ─────────────────────────────────────────────────────────
    test-results/app-fullstack-Public-Pages-f94bb-ales-en-services-page-loads-mobile-chrome-retry1/trace.zip
    Usage:

        npx playwright show-trace test-results/app-fullstack-Public-Pages-f94bb-ales-en-services-page-loads-mobile-chrome-retry1/trace.zip

    ────────────────────────────────────────────────────────────────────────────────────────────────

  1196) [mobile-chrome] › e2e/app-fullstack.spec.ts:77:11 › Public Pages - All Locales › [en] › contact page loads with form 

    Error: page.goto: net::ERR_CONNECTION_REFUSED at http://localhost:4000/en
    Call log:
      - navigating to "http://localhost:4000/en", waiting until "load"


      56 |     test.describe(`[${locale}]`, () => {
      57 |       test.beforeEach(async ({ page }) => {
    > 58 |         await page.goto(`/${locale}`);
         |                    ^
      59 |       });
      60 |
      61 |       test("homepage loads and displays key sections", async ({ page }) => {
        at /home/tbaltzakis/cloudless.gr/e2e/app-fullstack.spec.ts:58:20

    attachment #1: screenshot (image/png) ──────────────────────────────────────────────────────────
    test-results/app-fullstack-Public-Pages-40c2e-ontact-page-loads-with-form-mobile-chrome/test-failed-1.png
    ────────────────────────────────────────────────────────────────────────────────────────────────

    attachment #2: video (video/webm) ──────────────────────────────────────────────────────────────
    test-results/app-fullstack-Public-Pages-40c2e-ontact-page-loads-with-form-mobile-chrome/video.webm
    ────────────────────────────────────────────────────────────────────────────────────────────────

    Error Context: test-results/app-fullstack-Public-Pages-40c2e-ontact-page-loads-with-form-mobile-chrome/error-context.md

    Retry #1 ───────────────────────────────────────────────────────────────────────────────────────

    Error: page.goto: net::ERR_CONNECTION_REFUSED at http://localhost:4000/en
    Call log:
      - navigating to "http://localhost:4000/en", waiting until "load"


      56 |     test.describe(`[${locale}]`, () => {
      57 |       test.beforeEach(async ({ page }) => {
    > 58 |         await page.goto(`/${locale}`);
         |                    ^
      59 |       });
      60 |
      61 |       test("homepage loads and displays key sections", async ({ page }) => {
        at /home/tbaltzakis/cloudless.gr/e2e/app-fullstack.spec.ts:58:20

    attachment #1: screenshot (image/png) ──────────────────────────────────────────────────────────
    test-results/app-fullstack-Public-Pages-40c2e-ontact-page-loads-with-form-mobile-chrome-retry1/test-failed-1.png
    ────────────────────────────────────────────────────────────────────────────────────────────────

    attachment #2: video (video/webm) ──────────────────────────────────────────────────────────────
    test-results/app-fullstack-Public-Pages-40c2e-ontact-page-loads-with-form-mobile-chrome-retry1/video.webm
    ────────────────────────────────────────────────────────────────────────────────────────────────

    Error Context: test-results/app-fullstack-Public-Pages-40c2e-ontact-page-loads-with-form-mobile-chrome-retry1/error-context.md

    attachment #4: trace (application/zip) ─────────────────────────────────────────────────────────
    test-results/app-fullstack-Public-Pages-40c2e-ontact-page-loads-with-form-mobile-chrome-retry1/trace.zip
    Usage:

        npx playwright show-trace test-results/app-fullstack-Public-Pages-40c2e-ontact-page-loads-with-form-mobile-chrome-retry1/trace.zip

    ────────────────────────────────────────────────────────────────────────────────────────────────

  1197) [mobile-chrome] › e2e/app-fullstack.spec.ts:85:11 › Public Pages - All Locales › [en] › blog page loads 

    Error: page.goto: net::ERR_CONNECTION_REFUSED at http://localhost:4000/en
    Call log:
      - navigating to "http://localhost:4000/en", waiting until "load"


      56 |     test.describe(`[${locale}]`, () => {
      57 |       test.beforeEach(async ({ page }) => {
    > 58 |         await page.goto(`/${locale}`);
         |                    ^
      59 |       });
      60 |
      61 |       test("homepage loads and displays key sections", async ({ page }) => {
        at /home/tbaltzakis/cloudless.gr/e2e/app-fullstack.spec.ts:58:20

    attachment #1: screenshot (image/png) ──────────────────────────────────────────────────────────
    test-results/app-fullstack-Public-Pages---All-Locales-en-blog-page-loads-mobile-chrome/test-failed-1.png
    ────────────────────────────────────────────────────────────────────────────────────────────────

    attachment #2: video (video/webm) ──────────────────────────────────────────────────────────────
    test-results/app-fullstack-Public-Pages---All-Locales-en-blog-page-loads-mobile-chrome/video.webm
    ────────────────────────────────────────────────────────────────────────────────────────────────

    Error Context: test-results/app-fullstack-Public-Pages---All-Locales-en-blog-page-loads-mobile-chrome/error-context.md

    Retry #1 ───────────────────────────────────────────────────────────────────────────────────────

    Error: page.goto: net::ERR_CONNECTION_REFUSED at http://localhost:4000/en
    Call log:
      - navigating to "http://localhost:4000/en", waiting until "load"


      56 |     test.describe(`[${locale}]`, () => {
      57 |       test.beforeEach(async ({ page }) => {
    > 58 |         await page.goto(`/${locale}`);
         |                    ^
      59 |       });
      60 |
      61 |       test("homepage loads and displays key sections", async ({ page }) => {
        at /home/tbaltzakis/cloudless.gr/e2e/app-fullstack.spec.ts:58:20

    attachment #1: screenshot (image/png) ──────────────────────────────────────────────────────────
    test-results/app-fullstack-Public-Pages---All-Locales-en-blog-page-loads-mobile-chrome-retry1/test-failed-1.png
    ────────────────────────────────────────────────────────────────────────────────────────────────

    attachment #2: video (video/webm) ──────────────────────────────────────────────────────────────
    test-results/app-fullstack-Public-Pages---All-Locales-en-blog-page-loads-mobile-chrome-retry1/video.webm
    ────────────────────────────────────────────────────────────────────────────────────────────────

    Error Context: test-results/app-fullstack-Public-Pages---All-Locales-en-blog-page-loads-mobile-chrome-retry1/error-context.md

    attachment #4: trace (application/zip) ─────────────────────────────────────────────────────────
    test-results/app-fullstack-Public-Pages---All-Locales-en-blog-page-loads-mobile-chrome-retry1/trace.zip
    Usage:

        npx playwright show-trace test-results/app-fullstack-Public-Pages---All-Locales-en-blog-page-loads-mobile-chrome-retry1/trace.zip

    ────────────────────────────────────────────────────────────────────────────────────────────────

  1198) [mobile-chrome] › e2e/app-fullstack.spec.ts:90:11 › Public Pages - All Locales › [en] › case studies page loads 

    Error: page.goto: net::ERR_CONNECTION_REFUSED at http://localhost:4000/en
    Call log:
      - navigating to "http://localhost:4000/en", waiting until "load"


      56 |     test.describe(`[${locale}]`, () => {
      57 |       test.beforeEach(async ({ page }) => {
    > 58 |         await page.goto(`/${locale}`);
         |                    ^
      59 |       });
      60 |
      61 |       test("homepage loads and displays key sections", async ({ page }) => {
        at /home/tbaltzakis/cloudless.gr/e2e/app-fullstack.spec.ts:58:20

    attachment #1: screenshot (image/png) ──────────────────────────────────────────────────────────
    test-results/app-fullstack-Public-Pages-037fa--en-case-studies-page-loads-mobile-chrome/test-failed-1.png
    ────────────────────────────────────────────────────────────────────────────────────────────────

    attachment #2: video (video/webm) ──────────────────────────────────────────────────────────────
    test-results/app-fullstack-Public-Pages-037fa--en-case-studies-page-loads-mobile-chrome/video.webm
    ────────────────────────────────────────────────────────────────────────────────────────────────

    Error Context: test-results/app-fullstack-Public-Pages-037fa--en-case-studies-page-loads-mobile-chrome/error-context.md

    Retry #1 ───────────────────────────────────────────────────────────────────────────────────────

    Error: page.goto: net::ERR_CONNECTION_REFUSED at http://localhost:4000/en
    Call log:
      - navigating to "http://localhost:4000/en", waiting until "load"


      56 |     test.describe(`[${locale}]`, () => {
      57 |       test.beforeEach(async ({ page }) => {
    > 58 |         await page.goto(`/${locale}`);
         |                    ^
      59 |       });
      60 |
      61 |       test("homepage loads and displays key sections", async ({ page }) => {
        at /home/tbaltzakis/cloudless.gr/e2e/app-fullstack.spec.ts:58:20

    attachment #1: screenshot (image/png) ──────────────────────────────────────────────────────────
    test-results/app-fullstack-Public-Pages-037fa--en-case-studies-page-loads-mobile-chrome-retry1/test-failed-1.png
    ────────────────────────────────────────────────────────────────────────────────────────────────

    attachment #2: video (video/webm) ──────────────────────────────────────────────────────────────
    test-results/app-fullstack-Public-Pages-037fa--en-case-studies-page-loads-mobile-chrome-retry1/video.webm
    ────────────────────────────────────────────────────────────────────────────────────────────────

    Error Context: test-results/app-fullstack-Public-Pages-037fa--en-case-studies-page-loads-mobile-chrome-retry1/error-context.md

    attachment #4: trace (application/zip) ─────────────────────────────────────────────────────────
    test-results/app-fullstack-Public-Pages-037fa--en-case-studies-page-loads-mobile-chrome-retry1/trace.zip
    Usage:

        npx playwright show-trace test-results/app-fullstack-Public-Pages-037fa--en-case-studies-page-loads-mobile-chrome-retry1/trace.zip

    ────────────────────────────────────────────────────────────────────────────────────────────────

  1199) [mobile-chrome] › e2e/app-fullstack.spec.ts:95:11 › Public Pages - All Locales › [en] › privacy page loads 

    Error: page.goto: net::ERR_CONNECTION_REFUSED at http://localhost:4000/en
    Call log:
      - navigating to "http://localhost:4000/en", waiting until "load"


      56 |     test.describe(`[${locale}]`, () => {
      57 |       test.beforeEach(async ({ page }) => {
    > 58 |         await page.goto(`/${locale}`);
         |                    ^
      59 |       });
      60 |
      61 |       test("homepage loads and displays key sections", async ({ page }) => {
        at /home/tbaltzakis/cloudless.gr/e2e/app-fullstack.spec.ts:58:20

    attachment #1: screenshot (image/png) ──────────────────────────────────────────────────────────
    test-results/app-fullstack-Public-Pages-6ec5c-cales-en-privacy-page-loads-mobile-chrome/test-failed-1.png
    ────────────────────────────────────────────────────────────────────────────────────────────────

    attachment #2: video (video/webm) ──────────────────────────────────────────────────────────────
    test-results/app-fullstack-Public-Pages-6ec5c-cales-en-privacy-page-loads-mobile-chrome/video.webm
    ────────────────────────────────────────────────────────────────────────────────────────────────

    Error Context: test-results/app-fullstack-Public-Pages-6ec5c-cales-en-privacy-page-loads-mobile-chrome/error-context.md

    Retry #1 ───────────────────────────────────────────────────────────────────────────────────────

    Error: page.goto: net::ERR_CONNECTION_REFUSED at http://localhost:4000/en
    Call log:
      - navigating to "http://localhost:4000/en", waiting until "load"


      56 |     test.describe(`[${locale}]`, () => {
      57 |       test.beforeEach(async ({ page }) => {
    > 58 |         await page.goto(`/${locale}`);
         |                    ^
      59 |       });
      60 |
      61 |       test("homepage loads and displays key sections", async ({ page }) => {
        at /home/tbaltzakis/cloudless.gr/e2e/app-fullstack.spec.ts:58:20

    attachment #1: screenshot (image/png) ──────────────────────────────────────────────────────────
    test-results/app-fullstack-Public-Pages-6ec5c-cales-en-privacy-page-loads-mobile-chrome-retry1/test-failed-1.png
    ────────────────────────────────────────────────────────────────────────────────────────────────

    attachment #2: video (video/webm) ──────────────────────────────────────────────────────────────
    test-results/app-fullstack-Public-Pages-6ec5c-cales-en-privacy-page-loads-mobile-chrome-retry1/video.webm
    ────────────────────────────────────────────────────────────────────────────────────────────────

    Error Context: test-results/app-fullstack-Public-Pages-6ec5c-cales-en-privacy-page-loads-mobile-chrome-retry1/error-context.md

    attachment #4: trace (application/zip) ─────────────────────────────────────────────────────────
    test-results/app-fullstack-Public-Pages-6ec5c-cales-en-privacy-page-loads-mobile-chrome-retry1/trace.zip
    Usage:

        npx playwright show-trace test-results/app-fullstack-Public-Pages-6ec5c-cales-en-privacy-page-loads-mobile-chrome-retry1/trace.zip

    ────────────────────────────────────────────────────────────────────────────────────────────────

  1200) [mobile-chrome] › e2e/app-fullstack.spec.ts:100:11 › Public Pages - All Locales › [en] › terms page loads 

    Error: page.goto: net::ERR_CONNECTION_REFUSED at http://localhost:4000/en
    Call log:
      - navigating to "http://localhost:4000/en", waiting until "load"


      56 |     test.describe(`[${locale}]`, () => {
      57 |       test.beforeEach(async ({ page }) => {
    > 58 |         await page.goto(`/${locale}`);
         |                    ^
      59 |       });
      60 |
      61 |       test("homepage loads and displays key sections", async ({ page }) => {
        at /home/tbaltzakis/cloudless.gr/e2e/app-fullstack.spec.ts:58:20

    attachment #1: screenshot (image/png) ──────────────────────────────────────────────────────────
    test-results/app-fullstack-Public-Pages---All-Locales-en-terms-page-loads-mobile-chrome/test-failed-1.png
    ────────────────────────────────────────────────────────────────────────────────────────────────

    attachment #2: video (video/webm) ──────────────────────────────────────────────────────────────
    test-results/app-fullstack-Public-Pages---All-Locales-en-terms-page-loads-mobile-chrome/video.webm
    ────────────────────────────────────────────────────────────────────────────────────────────────

    Error Context: test-results/app-fullstack-Public-Pages---All-Locales-en-terms-page-loads-mobile-chrome/error-context.md

    Retry #1 ───────────────────────────────────────────────────────────────────────────────────────

    Error: page.goto: net::ERR_CONNECTION_REFUSED at http://localhost:4000/en
    Call log:
      - navigating to "http://localhost:4000/en", waiting until "load"


      56 |     test.describe(`[${locale}]`, () => {
      57 |       test.beforeEach(async ({ page }) => {
    > 58 |         await page.goto(`/${locale}`);
         |                    ^
      59 |       });
      60 |
      61 |       test("homepage loads and displays key sections", async ({ page }) => {
        at /home/tbaltzakis/cloudless.gr/e2e/app-fullstack.spec.ts:58:20

    attachment #1: screenshot (image/png) ──────────────────────────────────────────────────────────
    test-results/app-fullstack-Public-Pages---All-Locales-en-terms-page-loads-mobile-chrome-retry1/test-failed-1.png
    ────────────────────────────────────────────────────────────────────────────────────────────────

    attachment #2: video (video/webm) ──────────────────────────────────────────────────────────────
    test-results/app-fullstack-Public-Pages---All-Locales-en-terms-page-loads-mobile-chrome-retry1/video.webm
    ────────────────────────────────────────────────────────────────────────────────────────────────

    Error Context: test-results/app-fullstack-Public-Pages---All-Locales-en-terms-page-loads-mobile-chrome-retry1/error-context.md

    attachment #4: trace (application/zip) ─────────────────────────────────────────────────────────
    test-results/app-fullstack-Public-Pages---All-Locales-en-terms-page-loads-mobile-chrome-retry1/trace.zip
    Usage:

        npx playwright show-trace test-results/app-fullstack-Public-Pages---All-Locales-en-terms-page-loads-mobile-chrome-retry1/trace.zip

    ────────────────────────────────────────────────────────────────────────────────────────────────

  1201) [mobile-chrome] › e2e/app-fullstack.spec.ts:105:11 › Public Pages - All Locales › [en] › cookies page loads 

    Error: page.goto: net::ERR_CONNECTION_REFUSED at http://localhost:4000/en
    Call log:
      - navigating to "http://localhost:4000/en", waiting until "load"


      56 |     test.describe(`[${locale}]`, () => {
      57 |       test.beforeEach(async ({ page }) => {
    > 58 |         await page.goto(`/${locale}`);
         |                    ^
      59 |       });
      60 |
      61 |       test("homepage loads and displays key sections", async ({ page }) => {
        at /home/tbaltzakis/cloudless.gr/e2e/app-fullstack.spec.ts:58:20

    attachment #1: screenshot (image/png) ──────────────────────────────────────────────────────────
    test-results/app-fullstack-Public-Pages-e2192-cales-en-cookies-page-loads-mobile-chrome/test-failed-1.png
    ────────────────────────────────────────────────────────────────────────────────────────────────

    attachment #2: video (video/webm) ──────────────────────────────────────────────────────────────
    test-results/app-fullstack-Public-Pages-e2192-cales-en-cookies-page-loads-mobile-chrome/video.webm
    ────────────────────────────────────────────────────────────────────────────────────────────────

    Error Context: test-results/app-fullstack-Public-Pages-e2192-cales-en-cookies-page-loads-mobile-chrome/error-context.md

    Retry #1 ───────────────────────────────────────────────────────────────────────────────────────

    Error: page.goto: net::ERR_CONNECTION_REFUSED at http://localhost:4000/en
    Call log:
      - navigating to "http://localhost:4000/en", waiting until "load"


      56 |     test.describe(`[${locale}]`, () => {
      57 |       test.beforeEach(async ({ page }) => {
    > 58 |         await page.goto(`/${locale}`);
         |                    ^
      59 |       });
      60 |
      61 |       test("homepage loads and displays key sections", async ({ page }) => {
        at /home/tbaltzakis/cloudless.gr/e2e/app-fullstack.spec.ts:58:20

    attachment #1: screenshot (image/png) ──────────────────────────────────────────────────────────
    test-results/app-fullstack-Public-Pages-e2192-cales-en-cookies-page-loads-mobile-chrome-retry1/test-failed-1.png
    ────────────────────────────────────────────────────────────────────────────────────────────────

    attachment #2: video (video/webm) ──────────────────────────────────────────────────────────────
    test-results/app-fullstack-Public-Pages-e2192-cales-en-cookies-page-loads-mobile-chrome-retry1/video.webm
    ────────────────────────────────────────────────────────────────────────────────────────────────

    Error Context: test-results/app-fullstack-Public-Pages-e2192-cales-en-cookies-page-loads-mobile-chrome-retry1/error-context.md

    attachment #4: trace (application/zip) ─────────────────────────────────────────────────────────
    test-results/app-fullstack-Public-Pages-e2192-cales-en-cookies-page-loads-mobile-chrome-retry1/trace.zip
    Usage:

        npx playwright show-trace test-results/app-fullstack-Public-Pages-e2192-cales-en-cookies-page-loads-mobile-chrome-retry1/trace.zip

    ────────────────────────────────────────────────────────────────────────────────────────────────

  1202) [mobile-chrome] › e2e/app-fullstack.spec.ts:110:11 › Public Pages - All Locales › [en] › accessibility page loads 

    Error: page.goto: net::ERR_CONNECTION_REFUSED at http://localhost:4000/en
    Call log:
      - navigating to "http://localhost:4000/en", waiting until "load"


      56 |     test.describe(`[${locale}]`, () => {
      57 |       test.beforeEach(async ({ page }) => {
    > 58 |         await page.goto(`/${locale}`);
         |                    ^
      59 |       });
      60 |
      61 |       test("homepage loads and displays key sections", async ({ page }) => {
        at /home/tbaltzakis/cloudless.gr/e2e/app-fullstack.spec.ts:58:20

    attachment #1: screenshot (image/png) ──────────────────────────────────────────────────────────
    test-results/app-fullstack-Public-Pages-1f4da-en-accessibility-page-loads-mobile-chrome/test-failed-1.png
    ────────────────────────────────────────────────────────────────────────────────────────────────

    attachment #2: video (video/webm) ──────────────────────────────────────────────────────────────
    test-results/app-fullstack-Public-Pages-1f4da-en-accessibility-page-loads-mobile-chrome/video.webm
    ────────────────────────────────────────────────────────────────────────────────────────────────

    Error Context: test-results/app-fullstack-Public-Pages-1f4da-en-accessibility-page-loads-mobile-chrome/error-context.md

    Retry #1 ───────────────────────────────────────────────────────────────────────────────────────

    Error: page.goto: net::ERR_CONNECTION_REFUSED at http://localhost:4000/en
    Call log:
      - navigating to "http://localhost:4000/en", waiting until "load"


      56 |     test.describe(`[${locale}]`, () => {
      57 |       test.beforeEach(async ({ page }) => {
    > 58 |         await page.goto(`/${locale}`);
         |                    ^
      59 |       });
      60 |
      61 |       test("homepage loads and displays key sections", async ({ page }) => {
        at /home/tbaltzakis/cloudless.gr/e2e/app-fullstack.spec.ts:58:20

    attachment #1: screenshot (image/png) ──────────────────────────────────────────────────────────
    test-results/app-fullstack-Public-Pages-1f4da-en-accessibility-page-loads-mobile-chrome-retry1/test-failed-1.png
    ────────────────────────────────────────────────────────────────────────────────────────────────

    attachment #2: video (video/webm) ──────────────────────────────────────────────────────────────
    test-results/app-fullstack-Public-Pages-1f4da-en-accessibility-page-loads-mobile-chrome-retry1/video.webm
    ────────────────────────────────────────────────────────────────────────────────────────────────

    Error Context: test-results/app-fullstack-Public-Pages-1f4da-en-accessibility-page-loads-mobile-chrome-retry1/error-context.md

    attachment #4: trace (application/zip) ─────────────────────────────────────────────────────────
    test-results/app-fullstack-Public-Pages-1f4da-en-accessibility-page-loads-mobile-chrome-retry1/trace.zip
    Usage:

        npx playwright show-trace test-results/app-fullstack-Public-Pages-1f4da-en-accessibility-page-loads-mobile-chrome-retry1/trace.zip

    ────────────────────────────────────────────────────────────────────────────────────────────────

  1203) [mobile-chrome] › e2e/app-fullstack.spec.ts:115:11 › Public Pages - All Locales › [en] › work/portfolio page loads 

    Error: page.goto: net::ERR_CONNECTION_REFUSED at http://localhost:4000/en
    Call log:
      - navigating to "http://localhost:4000/en", waiting until "load"


      56 |     test.describe(`[${locale}]`, () => {
      57 |       test.beforeEach(async ({ page }) => {
    > 58 |         await page.goto(`/${locale}`);
         |                    ^
      59 |       });
      60 |
      61 |       test("homepage loads and displays key sections", async ({ page }) => {
        at /home/tbaltzakis/cloudless.gr/e2e/app-fullstack.spec.ts:58:20

    attachment #1: screenshot (image/png) ──────────────────────────────────────────────────────────
    test-results/app-fullstack-Public-Pages-f39dc-n-work-portfolio-page-loads-mobile-chrome/test-failed-1.png
    ────────────────────────────────────────────────────────────────────────────────────────────────

    attachment #2: video (video/webm) ──────────────────────────────────────────────────────────────
    test-results/app-fullstack-Public-Pages-f39dc-n-work-portfolio-page-loads-mobile-chrome/video.webm
    ────────────────────────────────────────────────────────────────────────────────────────────────

    Error Context: test-results/app-fullstack-Public-Pages-f39dc-n-work-portfolio-page-loads-mobile-chrome/error-context.md

    Retry #1 ───────────────────────────────────────────────────────────────────────────────────────

    Error: page.goto: net::ERR_CONNECTION_REFUSED at http://localhost:4000/en
    Call log:
      - navigating to "http://localhost:4000/en", waiting until "load"


      56 |     test.describe(`[${locale}]`, () => {
      57 |       test.beforeEach(async ({ page }) => {
    > 58 |         await page.goto(`/${locale}`);
         |                    ^
      59 |       });
      60 |
      61 |       test("homepage loads and displays key sections", async ({ page }) => {
        at /home/tbaltzakis/cloudless.gr/e2e/app-fullstack.spec.ts:58:20

    attachment #1: screenshot (image/png) ──────────────────────────────────────────────────────────
    test-results/app-fullstack-Public-Pages-f39dc-n-work-portfolio-page-loads-mobile-chrome-retry1/test-failed-1.png
    ────────────────────────────────────────────────────────────────────────────────────────────────

    attachment #2: video (video/webm) ──────────────────────────────────────────────────────────────
    test-results/app-fullstack-Public-Pages-f39dc-n-work-portfolio-page-loads-mobile-chrome-retry1/video.webm
    ────────────────────────────────────────────────────────────────────────────────────────────────

    Error Context: test-results/app-fullstack-Public-Pages-f39dc-n-work-portfolio-page-loads-mobile-chrome-retry1/error-context.md

    attachment #4: trace (application/zip) ─────────────────────────────────────────────────────────
    test-results/app-fullstack-Public-Pages-f39dc-n-work-portfolio-page-loads-mobile-chrome-retry1/trace.zip
    Usage:

        npx playwright show-trace test-results/app-fullstack-Public-Pages-f39dc-n-work-portfolio-page-loads-mobile-chrome-retry1/trace.zip

    ────────────────────────────────────────────────────────────────────────────────────────────────

  1204) [mobile-chrome] › e2e/app-fullstack.spec.ts:120:11 › Public Pages - All Locales › [en] › dashboard page redirects to login or shows auth required 

    Error: page.goto: net::ERR_CONNECTION_REFUSED at http://localhost:4000/en
    Call log:
      - navigating to "http://localhost:4000/en", waiting until "load"


      56 |     test.describe(`[${locale}]`, () => {
      57 |       test.beforeEach(async ({ page }) => {
    > 58 |         await page.goto(`/${locale}`);
         |                    ^
      59 |       });
      60 |
      61 |       test("homepage loads and displays key sections", async ({ page }) => {
        at /home/tbaltzakis/cloudless.gr/e2e/app-fullstack.spec.ts:58:20

    attachment #1: screenshot (image/png) ──────────────────────────────────────────────────────────
    test-results/app-fullstack-Public-Pages-e1ef2-ogin-or-shows-auth-required-mobile-chrome/test-failed-1.png
    ────────────────────────────────────────────────────────────────────────────────────────────────

    attachment #2: video (video/webm) ──────────────────────────────────────────────────────────────
    test-results/app-fullstack-Public-Pages-e1ef2-ogin-or-shows-auth-required-mobile-chrome/video.webm
    ────────────────────────────────────────────────────────────────────────────────────────────────

    Error Context: test-results/app-fullstack-Public-Pages-e1ef2-ogin-or-shows-auth-required-mobile-chrome/error-context.md

    Retry #1 ───────────────────────────────────────────────────────────────────────────────────────

    Error: page.goto: net::ERR_CONNECTION_REFUSED at http://localhost:4000/en
    Call log:
      - navigating to "http://localhost:4000/en", waiting until "load"


      56 |     test.describe(`[${locale}]`, () => {
      57 |       test.beforeEach(async ({ page }) => {
    > 58 |         await page.goto(`/${locale}`);
         |                    ^
      59 |       });
      60 |
      61 |       test("homepage loads and displays key sections", async ({ page }) => {
        at /home/tbaltzakis/cloudless.gr/e2e/app-fullstack.spec.ts:58:20

    attachment #1: screenshot (image/png) ──────────────────────────────────────────────────────────
    test-results/app-fullstack-Public-Pages-e1ef2-ogin-or-shows-auth-required-mobile-chrome-retry1/test-failed-1.png
    ────────────────────────────────────────────────────────────────────────────────────────────────

    attachment #2: video (video/webm) ──────────────────────────────────────────────────────────────
    test-results/app-fullstack-Public-Pages-e1ef2-ogin-or-shows-auth-required-mobile-chrome-retry1/video.webm
    ────────────────────────────────────────────────────────────────────────────────────────────────

    Error Context: test-results/app-fullstack-Public-Pages-e1ef2-ogin-or-shows-auth-required-mobile-chrome-retry1/error-context.md

    attachment #4: trace (application/zip) ─────────────────────────────────────────────────────────
    test-results/app-fullstack-Public-Pages-e1ef2-ogin-or-shows-auth-required-mobile-chrome-retry1/trace.zip
    Usage:

        npx playwright show-trace test-results/app-fullstack-Public-Pages-e1ef2-ogin-or-shows-auth-required-mobile-chrome-retry1/trace.zip

    ────────────────────────────────────────────────────────────────────────────────────────────────

  1205) [mobile-chrome] › e2e/app-fullstack.spec.ts:137:11 › Public Pages - All Locales › [en] › auth pages load 

    Error: page.goto: net::ERR_CONNECTION_REFUSED at http://localhost:4000/en
    Call log:
      - navigating to "http://localhost:4000/en", waiting until "load"


      56 |     test.describe(`[${locale}]`, () => {
      57 |       test.beforeEach(async ({ page }) => {
    > 58 |         await page.goto(`/${locale}`);
         |                    ^
      59 |       });
      60 |
      61 |       test("homepage loads and displays key sections", async ({ page }) => {
        at /home/tbaltzakis/cloudless.gr/e2e/app-fullstack.spec.ts:58:20

    attachment #1: screenshot (image/png) ──────────────────────────────────────────────────────────
    test-results/app-fullstack-Public-Pages---All-Locales-en-auth-pages-load-mobile-chrome/test-failed-1.png
    ────────────────────────────────────────────────────────────────────────────────────────────────

    attachment #2: video (video/webm) ──────────────────────────────────────────────────────────────
    test-results/app-fullstack-Public-Pages---All-Locales-en-auth-pages-load-mobile-chrome/video.webm
    ────────────────────────────────────────────────────────────────────────────────────────────────

    Error Context: test-results/app-fullstack-Public-Pages---All-Locales-en-auth-pages-load-mobile-chrome/error-context.md

    Retry #1 ───────────────────────────────────────────────────────────────────────────────────────

    Error: page.goto: net::ERR_CONNECTION_REFUSED at http://localhost:4000/en
    Call log:
      - navigating to "http://localhost:4000/en", waiting until "load"


      56 |     test.describe(`[${locale}]`, () => {
      57 |       test.beforeEach(async ({ page }) => {
    > 58 |         await page.goto(`/${locale}`);
         |                    ^
      59 |       });
      60 |
      61 |       test("homepage loads and displays key sections", async ({ page }) => {
        at /home/tbaltzakis/cloudless.gr/e2e/app-fullstack.spec.ts:58:20

    attachment #1: screenshot (image/png) ──────────────────────────────────────────────────────────
    test-results/app-fullstack-Public-Pages---All-Locales-en-auth-pages-load-mobile-chrome-retry1/test-failed-1.png
    ────────────────────────────────────────────────────────────────────────────────────────────────

    attachment #2: video (video/webm) ──────────────────────────────────────────────────────────────
    test-results/app-fullstack-Public-Pages---All-Locales-en-auth-pages-load-mobile-chrome-retry1/video.webm
    ────────────────────────────────────────────────────────────────────────────────────────────────

    Error Context: test-results/app-fullstack-Public-Pages---All-Locales-en-auth-pages-load-mobile-chrome-retry1/error-context.md

    attachment #4: trace (application/zip) ─────────────────────────────────────────────────────────
    test-results/app-fullstack-Public-Pages---All-Locales-en-auth-pages-load-mobile-chrome-retry1/trace.zip
    Usage:

        npx playwright show-trace test-results/app-fullstack-Public-Pages---All-Locales-en-auth-pages-load-mobile-chrome-retry1/trace.zip

    ────────────────────────────────────────────────────────────────────────────────────────────────

  1206) [mobile-chrome] › e2e/app-fullstack.spec.ts:61:11 › Public Pages - All Locales › [el] › homepage loads and displays key sections 

    Error: page.goto: net::ERR_CONNECTION_REFUSED at http://localhost:4000/el
    Call log:
      - navigating to "http://localhost:4000/el", waiting until "load"


      56 |     test.describe(`[${locale}]`, () => {
      57 |       test.beforeEach(async ({ page }) => {
    > 58 |         await page.goto(`/${locale}`);
         |                    ^
      59 |       });
      60 |
      61 |       test("homepage loads and displays key sections", async ({ page }) => {
        at /home/tbaltzakis/cloudless.gr/e2e/app-fullstack.spec.ts:58:20

    attachment #1: screenshot (image/png) ──────────────────────────────────────────────────────────
    test-results/app-fullstack-Public-Pages-786e9-s-and-displays-key-sections-mobile-chrome/test-failed-1.png
    ────────────────────────────────────────────────────────────────────────────────────────────────

    attachment #2: video (video/webm) ──────────────────────────────────────────────────────────────
    test-results/app-fullstack-Public-Pages-786e9-s-and-displays-key-sections-mobile-chrome/video.webm
    ────────────────────────────────────────────────────────────────────────────────────────────────

    Error Context: test-results/app-fullstack-Public-Pages-786e9-s-and-displays-key-sections-mobile-chrome/error-context.md

    Retry #1 ───────────────────────────────────────────────────────────────────────────────────────

    Error: page.goto: net::ERR_CONNECTION_REFUSED at http://localhost:4000/el
    Call log:
      - navigating to "http://localhost:4000/el", waiting until "load"


      56 |     test.describe(`[${locale}]`, () => {
      57 |       test.beforeEach(async ({ page }) => {
    > 58 |         await page.goto(`/${locale}`);
         |                    ^
      59 |       });
      60 |
      61 |       test("homepage loads and displays key sections", async ({ page }) => {
        at /home/tbaltzakis/cloudless.gr/e2e/app-fullstack.spec.ts:58:20

    attachment #1: screenshot (image/png) ──────────────────────────────────────────────────────────
    test-results/app-fullstack-Public-Pages-786e9-s-and-displays-key-sections-mobile-chrome-retry1/test-failed-1.png
    ────────────────────────────────────────────────────────────────────────────────────────────────

    attachment #2: video (video/webm) ──────────────────────────────────────────────────────────────
    test-results/app-fullstack-Public-Pages-786e9-s-and-displays-key-sections-mobile-chrome-retry1/video.webm
    ────────────────────────────────────────────────────────────────────────────────────────────────

    Error Context: test-results/app-fullstack-Public-Pages-786e9-s-and-displays-key-sections-mobile-chrome-retry1/error-context.md

    attachment #4: trace (application/zip) ─────────────────────────────────────────────────────────
    test-results/app-fullstack-Public-Pages-786e9-s-and-displays-key-sections-mobile-chrome-retry1/trace.zip
    Usage:

        npx playwright show-trace test-results/app-fullstack-Public-Pages-786e9-s-and-displays-key-sections-mobile-chrome-retry1/trace.zip

    ────────────────────────────────────────────────────────────────────────────────────────────────

  1207) [mobile-chrome] › e2e/app-fullstack.spec.ts:70:11 › Public Pages - All Locales › [el] › services page loads 

    Error: page.goto: net::ERR_CONNECTION_REFUSED at http://localhost:4000/el
    Call log:
      - navigating to "http://localhost:4000/el", waiting until "load"


      56 |     test.describe(`[${locale}]`, () => {
      57 |       test.beforeEach(async ({ page }) => {
    > 58 |         await page.goto(`/${locale}`);
         |                    ^
      59 |       });
      60 |
      61 |       test("homepage loads and displays key sections", async ({ page }) => {
        at /home/tbaltzakis/cloudless.gr/e2e/app-fullstack.spec.ts:58:20

    attachment #1: screenshot (image/png) ──────────────────────────────────────────────────────────
    test-results/app-fullstack-Public-Pages-23641-ales-el-services-page-loads-mobile-chrome/test-failed-1.png
    ────────────────────────────────────────────────────────────────────────────────────────────────

    attachment #2: video (video/webm) ──────────────────────────────────────────────────────────────
    test-results/app-fullstack-Public-Pages-23641-ales-el-services-page-loads-mobile-chrome/video.webm
    ────────────────────────────────────────────────────────────────────────────────────────────────

    Error Context: test-results/app-fullstack-Public-Pages-23641-ales-el-services-page-loads-mobile-chrome/error-context.md

    Retry #1 ───────────────────────────────────────────────────────────────────────────────────────

    Error: page.goto: net::ERR_CONNECTION_REFUSED at http://localhost:4000/el
    Call log:
      - navigating to "http://localhost:4000/el", waiting until "load"


      56 |     test.describe(`[${locale}]`, () => {
      57 |       test.beforeEach(async ({ page }) => {
    > 58 |         await page.goto(`/${locale}`);
         |                    ^
      59 |       });
      60 |
      61 |       test("homepage loads and displays key sections", async ({ page }) => {
        at /home/tbaltzakis/cloudless.gr/e2e/app-fullstack.spec.ts:58:20

    attachment #1: screenshot (image/png) ──────────────────────────────────────────────────────────
    test-results/app-fullstack-Public-Pages-23641-ales-el-services-page-loads-mobile-chrome-retry1/test-failed-1.png
    ────────────────────────────────────────────────────────────────────────────────────────────────

    attachment #2: video (video/webm) ──────────────────────────────────────────────────────────────
    test-results/app-fullstack-Public-Pages-23641-ales-el-services-page-loads-mobile-chrome-retry1/video.webm
    ────────────────────────────────────────────────────────────────────────────────────────────────

    Error Context: test-results/app-fullstack-Public-Pages-23641-ales-el-services-page-loads-mobile-chrome-retry1/error-context.md

    attachment #4: trace (application/zip) ─────────────────────────────────────────────────────────
    test-results/app-fullstack-Public-Pages-23641-ales-el-services-page-loads-mobile-chrome-retry1/trace.zip
    Usage:

        npx playwright show-trace test-results/app-fullstack-Public-Pages-23641-ales-el-services-page-loads-mobile-chrome-retry1/trace.zip

    ────────────────────────────────────────────────────────────────────────────────────────────────

  1208) [mobile-chrome] › e2e/app-fullstack.spec.ts:77:11 › Public Pages - All Locales › [el] › contact page loads with form 

    Error: page.goto: net::ERR_CONNECTION_REFUSED at http://localhost:4000/el
    Call log:
      - navigating to "http://localhost:4000/el", waiting until "load"


      56 |     test.describe(`[${locale}]`, () => {
      57 |       test.beforeEach(async ({ page }) => {
    > 58 |         await page.goto(`/${locale}`);
         |                    ^
      59 |       });
      60 |
      61 |       test("homepage loads and displays key sections", async ({ page }) => {
        at /home/tbaltzakis/cloudless.gr/e2e/app-fullstack.spec.ts:58:20

    attachment #1: screenshot (image/png) ──────────────────────────────────────────────────────────
    test-results/app-fullstack-Public-Pages-6a831-ontact-page-loads-with-form-mobile-chrome/test-failed-1.png
    ────────────────────────────────────────────────────────────────────────────────────────────────

    attachment #2: video (video/webm) ──────────────────────────────────────────────────────────────
    test-results/app-fullstack-Public-Pages-6a831-ontact-page-loads-with-form-mobile-chrome/video.webm
    ────────────────────────────────────────────────────────────────────────────────────────────────

    Error Context: test-results/app-fullstack-Public-Pages-6a831-ontact-page-loads-with-form-mobile-chrome/error-context.md

    Retry #1 ───────────────────────────────────────────────────────────────────────────────────────

    Error: page.goto: net::ERR_CONNECTION_REFUSED at http://localhost:4000/el
    Call log:
      - navigating to "http://localhost:4000/el", waiting until "load"


      56 |     test.describe(`[${locale}]`, () => {
      57 |       test.beforeEach(async ({ page }) => {
    > 58 |         await page.goto(`/${locale}`);
         |                    ^
      59 |       });
      60 |
      61 |       test("homepage loads and displays key sections", async ({ page }) => {
        at /home/tbaltzakis/cloudless.gr/e2e/app-fullstack.spec.ts:58:20

    attachment #1: screenshot (image/png) ──────────────────────────────────────────────────────────
    test-results/app-fullstack-Public-Pages-6a831-ontact-page-loads-with-form-mobile-chrome-retry1/test-failed-1.png
    ────────────────────────────────────────────────────────────────────────────────────────────────

    attachment #2: video (video/webm) ──────────────────────────────────────────────────────────────
    test-results/app-fullstack-Public-Pages-6a831-ontact-page-loads-with-form-mobile-chrome-retry1/video.webm
    ────────────────────────────────────────────────────────────────────────────────────────────────

    Error Context: test-results/app-fullstack-Public-Pages-6a831-ontact-page-loads-with-form-mobile-chrome-retry1/error-context.md

    attachment #4: trace (application/zip) ─────────────────────────────────────────────────────────
    test-results/app-fullstack-Public-Pages-6a831-ontact-page-loads-with-form-mobile-chrome-retry1/trace.zip
    Usage:

        npx playwright show-trace test-results/app-fullstack-Public-Pages-6a831-ontact-page-loads-with-form-mobile-chrome-retry1/trace.zip

    ────────────────────────────────────────────────────────────────────────────────────────────────

  1209) [mobile-chrome] › e2e/app-fullstack.spec.ts:85:11 › Public Pages - All Locales › [el] › blog page loads 

    Error: page.goto: net::ERR_CONNECTION_REFUSED at http://localhost:4000/el
    Call log:
      - navigating to "http://localhost:4000/el", waiting until "load"


      56 |     test.describe(`[${locale}]`, () => {
      57 |       test.beforeEach(async ({ page }) => {
    > 58 |         await page.goto(`/${locale}`);
         |                    ^
      59 |       });
      60 |
      61 |       test("homepage loads and displays key sections", async ({ page }) => {
        at /home/tbaltzakis/cloudless.gr/e2e/app-fullstack.spec.ts:58:20

    attachment #1: screenshot (image/png) ──────────────────────────────────────────────────────────
    test-results/app-fullstack-Public-Pages---All-Locales-el-blog-page-loads-mobile-chrome/test-failed-1.png
    ────────────────────────────────────────────────────────────────────────────────────────────────

    attachment #2: video (video/webm) ──────────────────────────────────────────────────────────────
    test-results/app-fullstack-Public-Pages---All-Locales-el-blog-page-loads-mobile-chrome/video.webm
    ────────────────────────────────────────────────────────────────────────────────────────────────

    Error Context: test-results/app-fullstack-Public-Pages---All-Locales-el-blog-page-loads-mobile-chrome/error-context.md

    Retry #1 ───────────────────────────────────────────────────────────────────────────────────────

    Error: page.goto: net::ERR_CONNECTION_REFUSED at http://localhost:4000/el
    Call log:
      - navigating to "http://localhost:4000/el", waiting until "load"


      56 |     test.describe(`[${locale}]`, () => {
      57 |       test.beforeEach(async ({ page }) => {
    > 58 |         await page.goto(`/${locale}`);
         |                    ^
      59 |       });
      60 |
      61 |       test("homepage loads and displays key sections", async ({ page }) => {
        at /home/tbaltzakis/cloudless.gr/e2e/app-fullstack.spec.ts:58:20

    attachment #1: screenshot (image/png) ──────────────────────────────────────────────────────────
    test-results/app-fullstack-Public-Pages---All-Locales-el-blog-page-loads-mobile-chrome-retry1/test-failed-1.png
    ────────────────────────────────────────────────────────────────────────────────────────────────

    attachment #2: video (video/webm) ──────────────────────────────────────────────────────────────
    test-results/app-fullstack-Public-Pages---All-Locales-el-blog-page-loads-mobile-chrome-retry1/video.webm
    ────────────────────────────────────────────────────────────────────────────────────────────────

    Error Context: test-results/app-fullstack-Public-Pages---All-Locales-el-blog-page-loads-mobile-chrome-retry1/error-context.md

    attachment #4: trace (application/zip) ─────────────────────────────────────────────────────────
    test-results/app-fullstack-Public-Pages---All-Locales-el-blog-page-loads-mobile-chrome-retry1/trace.zip
    Usage:

        npx playwright show-trace test-results/app-fullstack-Public-Pages---All-Locales-el-blog-page-loads-mobile-chrome-retry1/trace.zip

    ────────────────────────────────────────────────────────────────────────────────────────────────

  1210) [mobile-chrome] › e2e/app-fullstack.spec.ts:90:11 › Public Pages - All Locales › [el] › case studies page loads 

    Error: page.goto: net::ERR_CONNECTION_REFUSED at http://localhost:4000/el
    Call log:
      - navigating to "http://localhost:4000/el", waiting until "load"


      56 |     test.describe(`[${locale}]`, () => {
      57 |       test.beforeEach(async ({ page }) => {
    > 58 |         await page.goto(`/${locale}`);
         |                    ^
      59 |       });
      60 |
      61 |       test("homepage loads and displays key sections", async ({ page }) => {
        at /home/tbaltzakis/cloudless.gr/e2e/app-fullstack.spec.ts:58:20

    attachment #1: screenshot (image/png) ──────────────────────────────────────────────────────────
    test-results/app-fullstack-Public-Pages-35b1f--el-case-studies-page-loads-mobile-chrome/test-failed-1.png
    ────────────────────────────────────────────────────────────────────────────────────────────────

    attachment #2: video (video/webm) ──────────────────────────────────────────────────────────────
    test-results/app-fullstack-Public-Pages-35b1f--el-case-studies-page-loads-mobile-chrome/video.webm
    ────────────────────────────────────────────────────────────────────────────────────────────────

    Error Context: test-results/app-fullstack-Public-Pages-35b1f--el-case-studies-page-loads-mobile-chrome/error-context.md

    Retry #1 ───────────────────────────────────────────────────────────────────────────────────────

    Error: page.goto: net::ERR_CONNECTION_REFUSED at http://localhost:4000/el
    Call log:
      - navigating to "http://localhost:4000/el", waiting until "load"


      56 |     test.describe(`[${locale}]`, () => {
      57 |       test.beforeEach(async ({ page }) => {
    > 58 |         await page.goto(`/${locale}`);
         |                    ^
      59 |       });
      60 |
      61 |       test("homepage loads and displays key sections", async ({ page }) => {
        at /home/tbaltzakis/cloudless.gr/e2e/app-fullstack.spec.ts:58:20

    attachment #1: screenshot (image/png) ──────────────────────────────────────────────────────────
    test-results/app-fullstack-Public-Pages-35b1f--el-case-studies-page-loads-mobile-chrome-retry1/test-failed-1.png
    ────────────────────────────────────────────────────────────────────────────────────────────────

    attachment #2: video (video/webm) ──────────────────────────────────────────────────────────────
    test-results/app-fullstack-Public-Pages-35b1f--el-case-studies-page-loads-mobile-chrome-retry1/video.webm
    ────────────────────────────────────────────────────────────────────────────────────────────────

    Error Context: test-results/app-fullstack-Public-Pages-35b1f--el-case-studies-page-loads-mobile-chrome-retry1/error-context.md

    attachment #4: trace (application/zip) ─────────────────────────────────────────────────────────
    test-results/app-fullstack-Public-Pages-35b1f--el-case-studies-page-loads-mobile-chrome-retry1/trace.zip
    Usage:

        npx playwright show-trace test-results/app-fullstack-Public-Pages-35b1f--el-case-studies-page-loads-mobile-chrome-retry1/trace.zip

    ────────────────────────────────────────────────────────────────────────────────────────────────

  1211) [mobile-chrome] › e2e/app-fullstack.spec.ts:95:11 › Public Pages - All Locales › [el] › privacy page loads 

    Error: page.goto: net::ERR_CONNECTION_REFUSED at http://localhost:4000/el
    Call log:
      - navigating to "http://localhost:4000/el", waiting until "load"


      56 |     test.describe(`[${locale}]`, () => {
      57 |       test.beforeEach(async ({ page }) => {
    > 58 |         await page.goto(`/${locale}`);
         |                    ^
      59 |       });
      60 |
      61 |       test("homepage loads and displays key sections", async ({ page }) => {
        at /home/tbaltzakis/cloudless.gr/e2e/app-fullstack.spec.ts:58:20

    attachment #1: screenshot (image/png) ──────────────────────────────────────────────────────────
    test-results/app-fullstack-Public-Pages-ac3cc-cales-el-privacy-page-loads-mobile-chrome/test-failed-1.png
    ────────────────────────────────────────────────────────────────────────────────────────────────

    attachment #2: video (video/webm) ──────────────────────────────────────────────────────────────
    test-results/app-fullstack-Public-Pages-ac3cc-cales-el-privacy-page-loads-mobile-chrome/video.webm
    ────────────────────────────────────────────────────────────────────────────────────────────────

    Error Context: test-results/app-fullstack-Public-Pages-ac3cc-cales-el-privacy-page-loads-mobile-chrome/error-context.md

    Retry #1 ───────────────────────────────────────────────────────────────────────────────────────

    Error: page.goto: net::ERR_CONNECTION_REFUSED at http://localhost:4000/el
    Call log:
      - navigating to "http://localhost:4000/el", waiting until "load"


      56 |     test.describe(`[${locale}]`, () => {
      57 |       test.beforeEach(async ({ page }) => {
    > 58 |         await page.goto(`/${locale}`);
         |                    ^
      59 |       });
      60 |
      61 |       test("homepage loads and displays key sections", async ({ page }) => {
        at /home/tbaltzakis/cloudless.gr/e2e/app-fullstack.spec.ts:58:20

    attachment #1: screenshot (image/png) ──────────────────────────────────────────────────────────
    test-results/app-fullstack-Public-Pages-ac3cc-cales-el-privacy-page-loads-mobile-chrome-retry1/test-failed-1.png
    ────────────────────────────────────────────────────────────────────────────────────────────────

    attachment #2: video (video/webm) ──────────────────────────────────────────────────────────────
    test-results/app-fullstack-Public-Pages-ac3cc-cales-el-privacy-page-loads-mobile-chrome-retry1/video.webm
    ────────────────────────────────────────────────────────────────────────────────────────────────

    Error Context: test-results/app-fullstack-Public-Pages-ac3cc-cales-el-privacy-page-loads-mobile-chrome-retry1/error-context.md

    attachment #4: trace (application/zip) ─────────────────────────────────────────────────────────
    test-results/app-fullstack-Public-Pages-ac3cc-cales-el-privacy-page-loads-mobile-chrome-retry1/trace.zip
    Usage:

        npx playwright show-trace test-results/app-fullstack-Public-Pages-ac3cc-cales-el-privacy-page-loads-mobile-chrome-retry1/trace.zip

    ────────────────────────────────────────────────────────────────────────────────────────────────

  1212) [mobile-chrome] › e2e/app-fullstack.spec.ts:100:11 › Public Pages - All Locales › [el] › terms page loads 

    Error: page.goto: net::ERR_CONNECTION_REFUSED at http://localhost:4000/el
    Call log:
      - navigating to "http://localhost:4000/el", waiting until "load"


      56 |     test.describe(`[${locale}]`, () => {
      57 |       test.beforeEach(async ({ page }) => {
    > 58 |         await page.goto(`/${locale}`);
         |                    ^
      59 |       });
      60 |
      61 |       test("homepage loads and displays key sections", async ({ page }) => {
        at /home/tbaltzakis/cloudless.gr/e2e/app-fullstack.spec.ts:58:20

    attachment #1: screenshot (image/png) ──────────────────────────────────────────────────────────
    test-results/app-fullstack-Public-Pages---All-Locales-el-terms-page-loads-mobile-chrome/test-failed-1.png
    ────────────────────────────────────────────────────────────────────────────────────────────────

    attachment #2: video (video/webm) ──────────────────────────────────────────────────────────────
    test-results/app-fullstack-Public-Pages---All-Locales-el-terms-page-loads-mobile-chrome/video.webm
    ────────────────────────────────────────────────────────────────────────────────────────────────

    Error Context: test-results/app-fullstack-Public-Pages---All-Locales-el-terms-page-loads-mobile-chrome/error-context.md

    Retry #1 ───────────────────────────────────────────────────────────────────────────────────────

    Error: page.goto: net::ERR_CONNECTION_REFUSED at http://localhost:4000/el
    Call log:
      - navigating to "http://localhost:4000/el", waiting until "load"


      56 |     test.describe(`[${locale}]`, () => {
      57 |       test.beforeEach(async ({ page }) => {
    > 58 |         await page.goto(`/${locale}`);
         |                    ^
      59 |       });
      60 |
      61 |       test("homepage loads and displays key sections", async ({ page }) => {
        at /home/tbaltzakis/cloudless.gr/e2e/app-fullstack.spec.ts:58:20

    attachment #1: screenshot (image/png) ──────────────────────────────────────────────────────────
    test-results/app-fullstack-Public-Pages---All-Locales-el-terms-page-loads-mobile-chrome-retry1/test-failed-1.png
    ────────────────────────────────────────────────────────────────────────────────────────────────

    attachment #2: video (video/webm) ──────────────────────────────────────────────────────────────
    test-results/app-fullstack-Public-Pages---All-Locales-el-terms-page-loads-mobile-chrome-retry1/video.webm
    ────────────────────────────────────────────────────────────────────────────────────────────────

    Error Context: test-results/app-fullstack-Public-Pages---All-Locales-el-terms-page-loads-mobile-chrome-retry1/error-context.md

    attachment #4: trace (application/zip) ─────────────────────────────────────────────────────────
    test-results/app-fullstack-Public-Pages---All-Locales-el-terms-page-loads-mobile-chrome-retry1/trace.zip
    Usage:

        npx playwright show-trace test-results/app-fullstack-Public-Pages---All-Locales-el-terms-page-loads-mobile-chrome-retry1/trace.zip

    ────────────────────────────────────────────────────────────────────────────────────────────────

  1213) [mobile-chrome] › e2e/app-fullstack.spec.ts:105:11 › Public Pages - All Locales › [el] › cookies page loads 

    Error: page.goto: net::ERR_CONNECTION_REFUSED at http://localhost:4000/el
    Call log:
      - navigating to "http://localhost:4000/el", waiting until "load"


      56 |     test.describe(`[${locale}]`, () => {
      57 |       test.beforeEach(async ({ page }) => {
    > 58 |         await page.goto(`/${locale}`);
         |                    ^
      59 |       });
      60 |
      61 |       test("homepage loads and displays key sections", async ({ page }) => {
        at /home/tbaltzakis/cloudless.gr/e2e/app-fullstack.spec.ts:58:20

    attachment #1: screenshot (image/png) ──────────────────────────────────────────────────────────
    test-results/app-fullstack-Public-Pages-a6cab-cales-el-cookies-page-loads-mobile-chrome/test-failed-1.png
    ────────────────────────────────────────────────────────────────────────────────────────────────

    attachment #2: video (video/webm) ──────────────────────────────────────────────────────────────
    test-results/app-fullstack-Public-Pages-a6cab-cales-el-cookies-page-loads-mobile-chrome/video.webm
    ────────────────────────────────────────────────────────────────────────────────────────────────

    Error Context: test-results/app-fullstack-Public-Pages-a6cab-cales-el-cookies-page-loads-mobile-chrome/error-context.md

    Retry #1 ───────────────────────────────────────────────────────────────────────────────────────

    Error: page.goto: net::ERR_CONNECTION_REFUSED at http://localhost:4000/el
    Call log:
      - navigating to "http://localhost:4000/el", waiting until "load"


      56 |     test.describe(`[${locale}]`, () => {
      57 |       test.beforeEach(async ({ page }) => {
    > 58 |         await page.goto(`/${locale}`);
         |                    ^
      59 |       });
      60 |
      61 |       test("homepage loads and displays key sections", async ({ page }) => {
        at /home/tbaltzakis/cloudless.gr/e2e/app-fullstack.spec.ts:58:20

    attachment #1: screenshot (image/png) ──────────────────────────────────────────────────────────
    test-results/app-fullstack-Public-Pages-a6cab-cales-el-cookies-page-loads-mobile-chrome-retry1/test-failed-1.png
    ────────────────────────────────────────────────────────────────────────────────────────────────

    attachment #2: video (video/webm) ──────────────────────────────────────────────────────────────
    test-results/app-fullstack-Public-Pages-a6cab-cales-el-cookies-page-loads-mobile-chrome-retry1/video.webm
    ────────────────────────────────────────────────────────────────────────────────────────────────

    Error Context: test-results/app-fullstack-Public-Pages-a6cab-cales-el-cookies-page-loads-mobile-chrome-retry1/error-context.md

    attachment #4: trace (application/zip) ─────────────────────────────────────────────────────────
    test-results/app-fullstack-Public-Pages-a6cab-cales-el-cookies-page-loads-mobile-chrome-retry1/trace.zip
    Usage:

        npx playwright show-trace test-results/app-fullstack-Public-Pages-a6cab-cales-el-cookies-page-loads-mobile-chrome-retry1/trace.zip

    ────────────────────────────────────────────────────────────────────────────────────────────────

  1214) [mobile-chrome] › e2e/app-fullstack.spec.ts:110:11 › Public Pages - All Locales › [el] › accessibility page loads 

    Error: page.goto: net::ERR_CONNECTION_REFUSED at http://localhost:4000/el
    Call log:
      - navigating to "http://localhost:4000/el", waiting until "load"


      56 |     test.describe(`[${locale}]`, () => {
      57 |       test.beforeEach(async ({ page }) => {
    > 58 |         await page.goto(`/${locale}`);
         |                    ^
      59 |       });
      60 |
      61 |       test("homepage loads and displays key sections", async ({ page }) => {
        at /home/tbaltzakis/cloudless.gr/e2e/app-fullstack.spec.ts:58:20

    attachment #1: screenshot (image/png) ──────────────────────────────────────────────────────────
    test-results/app-fullstack-Public-Pages-b62ca-el-accessibility-page-loads-mobile-chrome/test-failed-1.png
    ────────────────────────────────────────────────────────────────────────────────────────────────

    attachment #2: video (video/webm) ──────────────────────────────────────────────────────────────
    test-results/app-fullstack-Public-Pages-b62ca-el-accessibility-page-loads-mobile-chrome/video.webm
    ────────────────────────────────────────────────────────────────────────────────────────────────

    Error Context: test-results/app-fullstack-Public-Pages-b62ca-el-accessibility-page-loads-mobile-chrome/error-context.md

    Retry #1 ───────────────────────────────────────────────────────────────────────────────────────

    Error: page.goto: net::ERR_CONNECTION_REFUSED at http://localhost:4000/el
    Call log:
      - navigating to "http://localhost:4000/el", waiting until "load"


      56 |     test.describe(`[${locale}]`, () => {
      57 |       test.beforeEach(async ({ page }) => {
    > 58 |         await page.goto(`/${locale}`);
         |                    ^
      59 |       });
      60 |
      61 |       test("homepage loads and displays key sections", async ({ page }) => {
        at /home/tbaltzakis/cloudless.gr/e2e/app-fullstack.spec.ts:58:20

    attachment #1: screenshot (image/png) ──────────────────────────────────────────────────────────
    test-results/app-fullstack-Public-Pages-b62ca-el-accessibility-page-loads-mobile-chrome-retry1/test-failed-1.png
    ────────────────────────────────────────────────────────────────────────────────────────────────

    attachment #2: video (video/webm) ──────────────────────────────────────────────────────────────
    test-results/app-fullstack-Public-Pages-b62ca-el-accessibility-page-loads-mobile-chrome-retry1/video.webm
    ────────────────────────────────────────────────────────────────────────────────────────────────

    Error Context: test-results/app-fullstack-Public-Pages-b62ca-el-accessibility-page-loads-mobile-chrome-retry1/error-context.md

    attachment #4: trace (application/zip) ─────────────────────────────────────────────────────────
    test-results/app-fullstack-Public-Pages-b62ca-el-accessibility-page-loads-mobile-chrome-retry1/trace.zip
    Usage:

        npx playwright show-trace test-results/app-fullstack-Public-Pages-b62ca-el-accessibility-page-loads-mobile-chrome-retry1/trace.zip

    ────────────────────────────────────────────────────────────────────────────────────────────────

  1215) [mobile-chrome] › e2e/app-fullstack.spec.ts:115:11 › Public Pages - All Locales › [el] › work/portfolio page loads 

    Error: page.goto: net::ERR_CONNECTION_REFUSED at http://localhost:4000/el
    Call log:
      - navigating to "http://localhost:4000/el", waiting until "load"


      56 |     test.describe(`[${locale}]`, () => {
      57 |       test.beforeEach(async ({ page }) => {
    > 58 |         await page.goto(`/${locale}`);
         |                    ^
      59 |       });
      60 |
      61 |       test("homepage loads and displays key sections", async ({ page }) => {
        at /home/tbaltzakis/cloudless.gr/e2e/app-fullstack.spec.ts:58:20

    attachment #1: screenshot (image/png) ──────────────────────────────────────────────────────────
    test-results/app-fullstack-Public-Pages-b7807-l-work-portfolio-page-loads-mobile-chrome/test-failed-1.png
    ────────────────────────────────────────────────────────────────────────────────────────────────

    attachment #2: video (video/webm) ──────────────────────────────────────────────────────────────
    test-results/app-fullstack-Public-Pages-b7807-l-work-portfolio-page-loads-mobile-chrome/video.webm
    ────────────────────────────────────────────────────────────────────────────────────────────────

    Error Context: test-results/app-fullstack-Public-Pages-b7807-l-work-portfolio-page-loads-mobile-chrome/error-context.md

    Retry #1 ───────────────────────────────────────────────────────────────────────────────────────

    Error: page.goto: net::ERR_CONNECTION_REFUSED at http://localhost:4000/el
    Call log:
      - navigating to "http://localhost:4000/el", waiting until "load"


      56 |     test.describe(`[${locale}]`, () => {
      57 |       test.beforeEach(async ({ page }) => {
    > 58 |         await page.goto(`/${locale}`);
         |                    ^
      59 |       });
      60 |
      61 |       test("homepage loads and displays key sections", async ({ page }) => {
        at /home/tbaltzakis/cloudless.gr/e2e/app-fullstack.spec.ts:58:20

    attachment #1: screenshot (image/png) ──────────────────────────────────────────────────────────
    test-results/app-fullstack-Public-Pages-b7807-l-work-portfolio-page-loads-mobile-chrome-retry1/test-failed-1.png
    ────────────────────────────────────────────────────────────────────────────────────────────────

    attachment #2: video (video/webm) ──────────────────────────────────────────────────────────────
    test-results/app-fullstack-Public-Pages-b7807-l-work-portfolio-page-loads-mobile-chrome-retry1/video.webm
    ────────────────────────────────────────────────────────────────────────────────────────────────

    Error Context: test-results/app-fullstack-Public-Pages-b7807-l-work-portfolio-page-loads-mobile-chrome-retry1/error-context.md

    attachment #4: trace (application/zip) ─────────────────────────────────────────────────────────
    test-results/app-fullstack-Public-Pages-b7807-l-work-portfolio-page-loads-mobile-chrome-retry1/trace.zip
    Usage:

        npx playwright show-trace test-results/app-fullstack-Public-Pages-b7807-l-work-portfolio-page-loads-mobile-chrome-retry1/trace.zip

    ────────────────────────────────────────────────────────────────────────────────────────────────

  1216) [mobile-chrome] › e2e/app-fullstack.spec.ts:120:11 › Public Pages - All Locales › [el] › dashboard page redirects to login or shows auth required 

    Error: page.goto: net::ERR_CONNECTION_REFUSED at http://localhost:4000/el
    Call log:
      - navigating to "http://localhost:4000/el", waiting until "load"


      56 |     test.describe(`[${locale}]`, () => {
      57 |       test.beforeEach(async ({ page }) => {
    > 58 |         await page.goto(`/${locale}`);
         |                    ^
      59 |       });
      60 |
      61 |       test("homepage loads and displays key sections", async ({ page }) => {
        at /home/tbaltzakis/cloudless.gr/e2e/app-fullstack.spec.ts:58:20

    attachment #1: screenshot (image/png) ──────────────────────────────────────────────────────────
    test-results/app-fullstack-Public-Pages-82772-ogin-or-shows-auth-required-mobile-chrome/test-failed-1.png
    ────────────────────────────────────────────────────────────────────────────────────────────────

    attachment #2: video (video/webm) ──────────────────────────────────────────────────────────────
    test-results/app-fullstack-Public-Pages-82772-ogin-or-shows-auth-required-mobile-chrome/video.webm
    ────────────────────────────────────────────────────────────────────────────────────────────────

    Error Context: test-results/app-fullstack-Public-Pages-82772-ogin-or-shows-auth-required-mobile-chrome/error-context.md

    Retry #1 ───────────────────────────────────────────────────────────────────────────────────────

    Error: page.goto: net::ERR_CONNECTION_REFUSED at http://localhost:4000/el
    Call log:
      - navigating to "http://localhost:4000/el", waiting until "load"


      56 |     test.describe(`[${locale}]`, () => {
      57 |       test.beforeEach(async ({ page }) => {
    > 58 |         await page.goto(`/${locale}`);
         |                    ^
      59 |       });
      60 |
      61 |       test("homepage loads and displays key sections", async ({ page }) => {
        at /home/tbaltzakis/cloudless.gr/e2e/app-fullstack.spec.ts:58:20

    attachment #1: screenshot (image/png) ──────────────────────────────────────────────────────────
    test-results/app-fullstack-Public-Pages-82772-ogin-or-shows-auth-required-mobile-chrome-retry1/test-failed-1.png
    ────────────────────────────────────────────────────────────────────────────────────────────────

    attachment #2: video (video/webm) ──────────────────────────────────────────────────────────────
    test-results/app-fullstack-Public-Pages-82772-ogin-or-shows-auth-required-mobile-chrome-retry1/video.webm
    ────────────────────────────────────────────────────────────────────────────────────────────────

    Error Context: test-results/app-fullstack-Public-Pages-82772-ogin-or-shows-auth-required-mobile-chrome-retry1/error-context.md

    attachment #4: trace (application/zip) ─────────────────────────────────────────────────────────
    test-results/app-fullstack-Public-Pages-82772-ogin-or-shows-auth-required-mobile-chrome-retry1/trace.zip
    Usage:

        npx playwright show-trace test-results/app-fullstack-Public-Pages-82772-ogin-or-shows-auth-required-mobile-chrome-retry1/trace.zip

    ────────────────────────────────────────────────────────────────────────────────────────────────

  1217) [mobile-chrome] › e2e/app-fullstack.spec.ts:137:11 › Public Pages - All Locales › [el] › auth pages load 

    Error: page.goto: net::ERR_CONNECTION_REFUSED at http://localhost:4000/el
    Call log:
      - navigating to "http://localhost:4000/el", waiting until "load"


      56 |     test.describe(`[${locale}]`, () => {
      57 |       test.beforeEach(async ({ page }) => {
    > 58 |         await page.goto(`/${locale}`);
         |                    ^
      59 |       });
      60 |
      61 |       test("homepage loads and displays key sections", async ({ page }) => {
        at /home/tbaltzakis/cloudless.gr/e2e/app-fullstack.spec.ts:58:20

    attachment #1: screenshot (image/png) ──────────────────────────────────────────────────────────
    test-results/app-fullstack-Public-Pages---All-Locales-el-auth-pages-load-mobile-chrome/test-failed-1.png
    ────────────────────────────────────────────────────────────────────────────────────────────────

    attachment #2: video (video/webm) ──────────────────────────────────────────────────────────────
    test-results/app-fullstack-Public-Pages---All-Locales-el-auth-pages-load-mobile-chrome/video.webm
    ────────────────────────────────────────────────────────────────────────────────────────────────

    Error Context: test-results/app-fullstack-Public-Pages---All-Locales-el-auth-pages-load-mobile-chrome/error-context.md

    Retry #1 ───────────────────────────────────────────────────────────────────────────────────────

    Error: page.goto: net::ERR_CONNECTION_REFUSED at http://localhost:4000/el
    Call log:
      - navigating to "http://localhost:4000/el", waiting until "load"


      56 |     test.describe(`[${locale}]`, () => {
      57 |       test.beforeEach(async ({ page }) => {
    > 58 |         await page.goto(`/${locale}`);
         |                    ^
      59 |       });
      60 |
      61 |       test("homepage loads and displays key sections", async ({ page }) => {
        at /home/tbaltzakis/cloudless.gr/e2e/app-fullstack.spec.ts:58:20

    attachment #1: screenshot (image/png) ──────────────────────────────────────────────────────────
    test-results/app-fullstack-Public-Pages---All-Locales-el-auth-pages-load-mobile-chrome-retry1/test-failed-1.png
    ────────────────────────────────────────────────────────────────────────────────────────────────

    attachment #2: video (video/webm) ──────────────────────────────────────────────────────────────
    test-results/app-fullstack-Public-Pages---All-Locales-el-auth-pages-load-mobile-chrome-retry1/video.webm
    ────────────────────────────────────────────────────────────────────────────────────────────────

    Error Context: test-results/app-fullstack-Public-Pages---All-Locales-el-auth-pages-load-mobile-chrome-retry1/error-context.md

    attachment #4: trace (application/zip) ─────────────────────────────────────────────────────────
    test-results/app-fullstack-Public-Pages---All-Locales-el-auth-pages-load-mobile-chrome-retry1/trace.zip
    Usage:

        npx playwright show-trace test-results/app-fullstack-Public-Pages---All-Locales-el-auth-pages-load-mobile-chrome-retry1/trace.zip

    ────────────────────────────────────────────────────────────────────────────────────────────────

  1218) [mobile-chrome] › e2e/app-fullstack.spec.ts:61:11 › Public Pages - All Locales › [fr] › homepage loads and displays key sections 

    Error: page.goto: net::ERR_CONNECTION_REFUSED at http://localhost:4000/fr
    Call log:
      - navigating to "http://localhost:4000/fr", waiting until "load"


      56 |     test.describe(`[${locale}]`, () => {
      57 |       test.beforeEach(async ({ page }) => {
    > 58 |         await page.goto(`/${locale}`);
         |                    ^
      59 |       });
      60 |
      61 |       test("homepage loads and displays key sections", async ({ page }) => {
        at /home/tbaltzakis/cloudless.gr/e2e/app-fullstack.spec.ts:58:20

    attachment #1: screenshot (image/png) ──────────────────────────────────────────────────────────
    test-results/app-fullstack-Public-Pages-37e81-s-and-displays-key-sections-mobile-chrome/test-failed-1.png
    ────────────────────────────────────────────────────────────────────────────────────────────────

    attachment #2: video (video/webm) ──────────────────────────────────────────────────────────────
    test-results/app-fullstack-Public-Pages-37e81-s-and-displays-key-sections-mobile-chrome/video.webm
    ────────────────────────────────────────────────────────────────────────────────────────────────

    Error Context: test-results/app-fullstack-Public-Pages-37e81-s-and-displays-key-sections-mobile-chrome/error-context.md

    Retry #1 ───────────────────────────────────────────────────────────────────────────────────────

    Error: page.goto: net::ERR_CONNECTION_REFUSED at http://localhost:4000/fr
    Call log:
      - navigating to "http://localhost:4000/fr", waiting until "load"


      56 |     test.describe(`[${locale}]`, () => {
      57 |       test.beforeEach(async ({ page }) => {
    > 58 |         await page.goto(`/${locale}`);
         |                    ^
      59 |       });
      60 |
      61 |       test("homepage loads and displays key sections", async ({ page }) => {
        at /home/tbaltzakis/cloudless.gr/e2e/app-fullstack.spec.ts:58:20

    attachment #1: screenshot (image/png) ──────────────────────────────────────────────────────────
    test-results/app-fullstack-Public-Pages-37e81-s-and-displays-key-sections-mobile-chrome-retry1/test-failed-1.png
    ────────────────────────────────────────────────────────────────────────────────────────────────

    attachment #2: video (video/webm) ──────────────────────────────────────────────────────────────
    test-results/app-fullstack-Public-Pages-37e81-s-and-displays-key-sections-mobile-chrome-retry1/video.webm
    ────────────────────────────────────────────────────────────────────────────────────────────────

    Error Context: test-results/app-fullstack-Public-Pages-37e81-s-and-displays-key-sections-mobile-chrome-retry1/error-context.md

    attachment #4: trace (application/zip) ─────────────────────────────────────────────────────────
    test-results/app-fullstack-Public-Pages-37e81-s-and-displays-key-sections-mobile-chrome-retry1/trace.zip
    Usage:

        npx playwright show-trace test-results/app-fullstack-Public-Pages-37e81-s-and-displays-key-sections-mobile-chrome-retry1/trace.zip

    ────────────────────────────────────────────────────────────────────────────────────────────────

  1219) [mobile-chrome] › e2e/app-fullstack.spec.ts:70:11 › Public Pages - All Locales › [fr] › services page loads 

    Error: page.goto: net::ERR_CONNECTION_REFUSED at http://localhost:4000/fr
    Call log:
      - navigating to "http://localhost:4000/fr", waiting until "load"


      56 |     test.describe(`[${locale}]`, () => {
      57 |       test.beforeEach(async ({ page }) => {
    > 58 |         await page.goto(`/${locale}`);
         |                    ^
      59 |       });
      60 |
      61 |       test("homepage loads and displays key sections", async ({ page }) => {
        at /home/tbaltzakis/cloudless.gr/e2e/app-fullstack.spec.ts:58:20

    attachment #1: screenshot (image/png) ──────────────────────────────────────────────────────────
    test-results/app-fullstack-Public-Pages-cfe18-ales-fr-services-page-loads-mobile-chrome/test-failed-1.png
    ────────────────────────────────────────────────────────────────────────────────────────────────

    attachment #2: video (video/webm) ──────────────────────────────────────────────────────────────
    test-results/app-fullstack-Public-Pages-cfe18-ales-fr-services-page-loads-mobile-chrome/video.webm
    ────────────────────────────────────────────────────────────────────────────────────────────────

    Error Context: test-results/app-fullstack-Public-Pages-cfe18-ales-fr-services-page-loads-mobile-chrome/error-context.md

    Retry #1 ───────────────────────────────────────────────────────────────────────────────────────

    Error: page.goto: net::ERR_CONNECTION_REFUSED at http://localhost:4000/fr
    Call log:
      - navigating to "http://localhost:4000/fr", waiting until "load"


      56 |     test.describe(`[${locale}]`, () => {
      57 |       test.beforeEach(async ({ page }) => {
    > 58 |         await page.goto(`/${locale}`);
         |                    ^
      59 |       });
      60 |
      61 |       test("homepage loads and displays key sections", async ({ page }) => {
        at /home/tbaltzakis/cloudless.gr/e2e/app-fullstack.spec.ts:58:20

    attachment #1: screenshot (image/png) ──────────────────────────────────────────────────────────
    test-results/app-fullstack-Public-Pages-cfe18-ales-fr-services-page-loads-mobile-chrome-retry1/test-failed-1.png
    ────────────────────────────────────────────────────────────────────────────────────────────────

    attachment #2: video (video/webm) ──────────────────────────────────────────────────────────────
    test-results/app-fullstack-Public-Pages-cfe18-ales-fr-services-page-loads-mobile-chrome-retry1/video.webm
    ────────────────────────────────────────────────────────────────────────────────────────────────

    Error Context: test-results/app-fullstack-Public-Pages-cfe18-ales-fr-services-page-loads-mobile-chrome-retry1/error-context.md

    attachment #4: trace (application/zip) ─────────────────────────────────────────────────────────
    test-results/app-fullstack-Public-Pages-cfe18-ales-fr-services-page-loads-mobile-chrome-retry1/trace.zip
    Usage:

        npx playwright show-trace test-results/app-fullstack-Public-Pages-cfe18-ales-fr-services-page-loads-mobile-chrome-retry1/trace.zip

    ────────────────────────────────────────────────────────────────────────────────────────────────

  1220) [mobile-chrome] › e2e/app-fullstack.spec.ts:77:11 › Public Pages - All Locales › [fr] › contact page loads with form 

    Error: page.goto: net::ERR_CONNECTION_REFUSED at http://localhost:4000/fr
    Call log:
      - navigating to "http://localhost:4000/fr", waiting until "load"


      56 |     test.describe(`[${locale}]`, () => {
      57 |       test.beforeEach(async ({ page }) => {
    > 58 |         await page.goto(`/${locale}`);
         |                    ^
      59 |       });
      60 |
      61 |       test("homepage loads and displays key sections", async ({ page }) => {
        at /home/tbaltzakis/cloudless.gr/e2e/app-fullstack.spec.ts:58:20

    attachment #1: screenshot (image/png) ──────────────────────────────────────────────────────────
    test-results/app-fullstack-Public-Pages-25ae8-ontact-page-loads-with-form-mobile-chrome/test-failed-1.png
    ────────────────────────────────────────────────────────────────────────────────────────────────

    attachment #2: video (video/webm) ──────────────────────────────────────────────────────────────
    test-results/app-fullstack-Public-Pages-25ae8-ontact-page-loads-with-form-mobile-chrome/video.webm
    ────────────────────────────────────────────────────────────────────────────────────────────────

    Error Context: test-results/app-fullstack-Public-Pages-25ae8-ontact-page-loads-with-form-mobile-chrome/error-context.md

    Retry #1 ───────────────────────────────────────────────────────────────────────────────────────

    Error: page.goto: net::ERR_CONNECTION_REFUSED at http://localhost:4000/fr
    Call log:
      - navigating to "http://localhost:4000/fr", waiting until "load"


      56 |     test.describe(`[${locale}]`, () => {
      57 |       test.beforeEach(async ({ page }) => {
    > 58 |         await page.goto(`/${locale}`);
         |                    ^
      59 |       });
      60 |
      61 |       test("homepage loads and displays key sections", async ({ page }) => {
        at /home/tbaltzakis/cloudless.gr/e2e/app-fullstack.spec.ts:58:20

    attachment #1: screenshot (image/png) ──────────────────────────────────────────────────────────
    test-results/app-fullstack-Public-Pages-25ae8-ontact-page-loads-with-form-mobile-chrome-retry1/test-failed-1.png
    ────────────────────────────────────────────────────────────────────────────────────────────────

    attachment #2: video (video/webm) ──────────────────────────────────────────────────────────────
    test-results/app-fullstack-Public-Pages-25ae8-ontact-page-loads-with-form-mobile-chrome-retry1/video.webm
    ────────────────────────────────────────────────────────────────────────────────────────────────

    Error Context: test-results/app-fullstack-Public-Pages-25ae8-ontact-page-loads-with-form-mobile-chrome-retry1/error-context.md

    attachment #4: trace (application/zip) ─────────────────────────────────────────────────────────
    test-results/app-fullstack-Public-Pages-25ae8-ontact-page-loads-with-form-mobile-chrome-retry1/trace.zip
    Usage:

        npx playwright show-trace test-results/app-fullstack-Public-Pages-25ae8-ontact-page-loads-with-form-mobile-chrome-retry1/trace.zip

    ────────────────────────────────────────────────────────────────────────────────────────────────

  1221) [mobile-chrome] › e2e/app-fullstack.spec.ts:85:11 › Public Pages - All Locales › [fr] › blog page loads 

    Error: page.goto: net::ERR_CONNECTION_REFUSED at http://localhost:4000/fr
    Call log:
      - navigating to "http://localhost:4000/fr", waiting until "load"


      56 |     test.describe(`[${locale}]`, () => {
      57 |       test.beforeEach(async ({ page }) => {
    > 58 |         await page.goto(`/${locale}`);
         |                    ^
      59 |       });
      60 |
      61 |       test("homepage loads and displays key sections", async ({ page }) => {
        at /home/tbaltzakis/cloudless.gr/e2e/app-fullstack.spec.ts:58:20

    attachment #1: screenshot (image/png) ──────────────────────────────────────────────────────────
    test-results/app-fullstack-Public-Pages---All-Locales-fr-blog-page-loads-mobile-chrome/test-failed-1.png
    ────────────────────────────────────────────────────────────────────────────────────────────────

    attachment #2: video (video/webm) ──────────────────────────────────────────────────────────────
    test-results/app-fullstack-Public-Pages---All-Locales-fr-blog-page-loads-mobile-chrome/video.webm
    ────────────────────────────────────────────────────────────────────────────────────────────────

    Error Context: test-results/app-fullstack-Public-Pages---All-Locales-fr-blog-page-loads-mobile-chrome/error-context.md

    Retry #1 ───────────────────────────────────────────────────────────────────────────────────────

    Error: page.goto: net::ERR_CONNECTION_REFUSED at http://localhost:4000/fr
    Call log:
      - navigating to "http://localhost:4000/fr", waiting until "load"


      56 |     test.describe(`[${locale}]`, () => {
      57 |       test.beforeEach(async ({ page }) => {
    > 58 |         await page.goto(`/${locale}`);
         |                    ^
      59 |       });
      60 |
      61 |       test("homepage loads and displays key sections", async ({ page }) => {
        at /home/tbaltzakis/cloudless.gr/e2e/app-fullstack.spec.ts:58:20

    attachment #1: screenshot (image/png) ──────────────────────────────────────────────────────────
    test-results/app-fullstack-Public-Pages---All-Locales-fr-blog-page-loads-mobile-chrome-retry1/test-failed-1.png
    ────────────────────────────────────────────────────────────────────────────────────────────────

    attachment #2: video (video/webm) ──────────────────────────────────────────────────────────────
    test-results/app-fullstack-Public-Pages---All-Locales-fr-blog-page-loads-mobile-chrome-retry1/video.webm
    ────────────────────────────────────────────────────────────────────────────────────────────────

    Error Context: test-results/app-fullstack-Public-Pages---All-Locales-fr-blog-page-loads-mobile-chrome-retry1/error-context.md

    attachment #4: trace (application/zip) ─────────────────────────────────────────────────────────
    test-results/app-fullstack-Public-Pages---All-Locales-fr-blog-page-loads-mobile-chrome-retry1/trace.zip
    Usage:

        npx playwright show-trace test-results/app-fullstack-Public-Pages---All-Locales-fr-blog-page-loads-mobile-chrome-retry1/trace.zip

    ────────────────────────────────────────────────────────────────────────────────────────────────

  1222) [mobile-chrome] › e2e/app-fullstack.spec.ts:90:11 › Public Pages - All Locales › [fr] › case studies page loads 

    Error: page.goto: net::ERR_CONNECTION_REFUSED at http://localhost:4000/fr
    Call log:
      - navigating to "http://localhost:4000/fr", waiting until "load"


      56 |     test.describe(`[${locale}]`, () => {
      57 |       test.beforeEach(async ({ page }) => {
    > 58 |         await page.goto(`/${locale}`);
         |                    ^
      59 |       });
      60 |
      61 |       test("homepage loads and displays key sections", async ({ page }) => {
        at /home/tbaltzakis/cloudless.gr/e2e/app-fullstack.spec.ts:58:20

    attachment #1: screenshot (image/png) ──────────────────────────────────────────────────────────
    test-results/app-fullstack-Public-Pages-323fb--fr-case-studies-page-loads-mobile-chrome/test-failed-1.png
    ────────────────────────────────────────────────────────────────────────────────────────────────

    attachment #2: video (video/webm) ──────────────────────────────────────────────────────────────
    test-results/app-fullstack-Public-Pages-323fb--fr-case-studies-page-loads-mobile-chrome/video.webm
    ────────────────────────────────────────────────────────────────────────────────────────────────

    Error Context: test-results/app-fullstack-Public-Pages-323fb--fr-case-studies-page-loads-mobile-chrome/error-context.md

    Retry #1 ───────────────────────────────────────────────────────────────────────────────────────

    Error: page.goto: net::ERR_CONNECTION_REFUSED at http://localhost:4000/fr
    Call log:
      - navigating to "http://localhost:4000/fr", waiting until "load"


      56 |     test.describe(`[${locale}]`, () => {
      57 |       test.beforeEach(async ({ page }) => {
    > 58 |         await page.goto(`/${locale}`);
         |                    ^
      59 |       });
      60 |
      61 |       test("homepage loads and displays key sections", async ({ page }) => {
        at /home/tbaltzakis/cloudless.gr/e2e/app-fullstack.spec.ts:58:20

    attachment #1: screenshot (image/png) ──────────────────────────────────────────────────────────
    test-results/app-fullstack-Public-Pages-323fb--fr-case-studies-page-loads-mobile-chrome-retry1/test-failed-1.png
    ────────────────────────────────────────────────────────────────────────────────────────────────

    attachment #2: video (video/webm) ──────────────────────────────────────────────────────────────
    test-results/app-fullstack-Public-Pages-323fb--fr-case-studies-page-loads-mobile-chrome-retry1/video.webm
    ────────────────────────────────────────────────────────────────────────────────────────────────

    Error Context: test-results/app-fullstack-Public-Pages-323fb--fr-case-studies-page-loads-mobile-chrome-retry1/error-context.md

    attachment #4: trace (application/zip) ─────────────────────────────────────────────────────────
    test-results/app-fullstack-Public-Pages-323fb--fr-case-studies-page-loads-mobile-chrome-retry1/trace.zip
    Usage:

        npx playwright show-trace test-results/app-fullstack-Public-Pages-323fb--fr-case-studies-page-loads-mobile-chrome-retry1/trace.zip

    ────────────────────────────────────────────────────────────────────────────────────────────────

  1223) [mobile-chrome] › e2e/app-fullstack.spec.ts:95:11 › Public Pages - All Locales › [fr] › privacy page loads 

    Error: page.goto: net::ERR_CONNECTION_REFUSED at http://localhost:4000/fr
    Call log:
      - navigating to "http://localhost:4000/fr", waiting until "load"


      56 |     test.describe(`[${locale}]`, () => {
      57 |       test.beforeEach(async ({ page }) => {
    > 58 |         await page.goto(`/${locale}`);
         |                    ^
      59 |       });
      60 |
      61 |       test("homepage loads and displays key sections", async ({ page }) => {
        at /home/tbaltzakis/cloudless.gr/e2e/app-fullstack.spec.ts:58:20

    attachment #1: screenshot (image/png) ──────────────────────────────────────────────────────────
    test-results/app-fullstack-Public-Pages-1b0f5-cales-fr-privacy-page-loads-mobile-chrome/test-failed-1.png
    ────────────────────────────────────────────────────────────────────────────────────────────────

    attachment #2: video (video/webm) ──────────────────────────────────────────────────────────────
    test-results/app-fullstack-Public-Pages-1b0f5-cales-fr-privacy-page-loads-mobile-chrome/video.webm
    ────────────────────────────────────────────────────────────────────────────────────────────────

    Error Context: test-results/app-fullstack-Public-Pages-1b0f5-cales-fr-privacy-page-loads-mobile-chrome/error-context.md

    Retry #1 ───────────────────────────────────────────────────────────────────────────────────────

    Error: page.goto: net::ERR_CONNECTION_REFUSED at http://localhost:4000/fr
    Call log:
      - navigating to "http://localhost:4000/fr", waiting until "load"


      56 |     test.describe(`[${locale}]`, () => {
      57 |       test.beforeEach(async ({ page }) => {
    > 58 |         await page.goto(`/${locale}`);
         |                    ^
      59 |       });
      60 |
      61 |       test("homepage loads and displays key sections", async ({ page }) => {
        at /home/tbaltzakis/cloudless.gr/e2e/app-fullstack.spec.ts:58:20

    attachment #1: screenshot (image/png) ──────────────────────────────────────────────────────────
    test-results/app-fullstack-Public-Pages-1b0f5-cales-fr-privacy-page-loads-mobile-chrome-retry1/test-failed-1.png
    ────────────────────────────────────────────────────────────────────────────────────────────────

    attachment #2: video (video/webm) ──────────────────────────────────────────────────────────────
    test-results/app-fullstack-Public-Pages-1b0f5-cales-fr-privacy-page-loads-mobile-chrome-retry1/video.webm
    ────────────────────────────────────────────────────────────────────────────────────────────────

    Error Context: test-results/app-fullstack-Public-Pages-1b0f5-cales-fr-privacy-page-loads-mobile-chrome-retry1/error-context.md

    attachment #4: trace (application/zip) ─────────────────────────────────────────────────────────
    test-results/app-fullstack-Public-Pages-1b0f5-cales-fr-privacy-page-loads-mobile-chrome-retry1/trace.zip
    Usage:

        npx playwright show-trace test-results/app-fullstack-Public-Pages-1b0f5-cales-fr-privacy-page-loads-mobile-chrome-retry1/trace.zip

    ────────────────────────────────────────────────────────────────────────────────────────────────

  1224) [mobile-chrome] › e2e/app-fullstack.spec.ts:100:11 › Public Pages - All Locales › [fr] › terms page loads 

    Error: page.goto: net::ERR_CONNECTION_REFUSED at http://localhost:4000/fr
    Call log:
      - navigating to "http://localhost:4000/fr", waiting until "load"


      56 |     test.describe(`[${locale}]`, () => {
      57 |       test.beforeEach(async ({ page }) => {
    > 58 |         await page.goto(`/${locale}`);
         |                    ^
      59 |       });
      60 |
      61 |       test("homepage loads and displays key sections", async ({ page }) => {
        at /home/tbaltzakis/cloudless.gr/e2e/app-fullstack.spec.ts:58:20

    attachment #1: screenshot (image/png) ──────────────────────────────────────────────────────────
    test-results/app-fullstack-Public-Pages---All-Locales-fr-terms-page-loads-mobile-chrome/test-failed-1.png
    ────────────────────────────────────────────────────────────────────────────────────────────────

    attachment #2: video (video/webm) ──────────────────────────────────────────────────────────────
    test-results/app-fullstack-Public-Pages---All-Locales-fr-terms-page-loads-mobile-chrome/video.webm
    ────────────────────────────────────────────────────────────────────────────────────────────────

    Error Context: test-results/app-fullstack-Public-Pages---All-Locales-fr-terms-page-loads-mobile-chrome/error-context.md

    Retry #1 ───────────────────────────────────────────────────────────────────────────────────────

    Error: page.goto: net::ERR_CONNECTION_REFUSED at http://localhost:4000/fr
    Call log:
      - navigating to "http://localhost:4000/fr", waiting until "load"


      56 |     test.describe(`[${locale}]`, () => {
      57 |       test.beforeEach(async ({ page }) => {
    > 58 |         await page.goto(`/${locale}`);
         |                    ^
      59 |       });
      60 |
      61 |       test("homepage loads and displays key sections", async ({ page }) => {
        at /home/tbaltzakis/cloudless.gr/e2e/app-fullstack.spec.ts:58:20

    attachment #1: screenshot (image/png) ──────────────────────────────────────────────────────────
    test-results/app-fullstack-Public-Pages---All-Locales-fr-terms-page-loads-mobile-chrome-retry1/test-failed-1.png
    ────────────────────────────────────────────────────────────────────────────────────────────────

    attachment #2: video (video/webm) ──────────────────────────────────────────────────────────────
    test-results/app-fullstack-Public-Pages---All-Locales-fr-terms-page-loads-mobile-chrome-retry1/video.webm
    ────────────────────────────────────────────────────────────────────────────────────────────────

    Error Context: test-results/app-fullstack-Public-Pages---All-Locales-fr-terms-page-loads-mobile-chrome-retry1/error-context.md

    attachment #4: trace (application/zip) ─────────────────────────────────────────────────────────
    test-results/app-fullstack-Public-Pages---All-Locales-fr-terms-page-loads-mobile-chrome-retry1/trace.zip
    Usage:

        npx playwright show-trace test-results/app-fullstack-Public-Pages---All-Locales-fr-terms-page-loads-mobile-chrome-retry1/trace.zip

    ────────────────────────────────────────────────────────────────────────────────────────────────

  1225) [mobile-chrome] › e2e/app-fullstack.spec.ts:105:11 › Public Pages - All Locales › [fr] › cookies page loads 

    Error: page.goto: net::ERR_CONNECTION_REFUSED at http://localhost:4000/fr
    Call log:
      - navigating to "http://localhost:4000/fr", waiting until "load"


      56 |     test.describe(`[${locale}]`, () => {
      57 |       test.beforeEach(async ({ page }) => {
    > 58 |         await page.goto(`/${locale}`);
         |                    ^
      59 |       });
      60 |
      61 |       test("homepage loads and displays key sections", async ({ page }) => {
        at /home/tbaltzakis/cloudless.gr/e2e/app-fullstack.spec.ts:58:20

    attachment #1: screenshot (image/png) ──────────────────────────────────────────────────────────
    test-results/app-fullstack-Public-Pages-8d9c2-cales-fr-cookies-page-loads-mobile-chrome/test-failed-1.png
    ────────────────────────────────────────────────────────────────────────────────────────────────

    attachment #2: video (video/webm) ──────────────────────────────────────────────────────────────
    test-results/app-fullstack-Public-Pages-8d9c2-cales-fr-cookies-page-loads-mobile-chrome/video.webm
    ────────────────────────────────────────────────────────────────────────────────────────────────

    Error Context: test-results/app-fullstack-Public-Pages-8d9c2-cales-fr-cookies-page-loads-mobile-chrome/error-context.md

    Retry #1 ───────────────────────────────────────────────────────────────────────────────────────

    Error: page.goto: net::ERR_CONNECTION_REFUSED at http://localhost:4000/fr
    Call log:
      - navigating to "http://localhost:4000/fr", waiting until "load"


      56 |     test.describe(`[${locale}]`, () => {
      57 |       test.beforeEach(async ({ page }) => {
    > 58 |         await page.goto(`/${locale}`);
         |                    ^
      59 |       });
      60 |
      61 |       test("homepage loads and displays key sections", async ({ page }) => {
        at /home/tbaltzakis/cloudless.gr/e2e/app-fullstack.spec.ts:58:20

    attachment #1: screenshot (image/png) ──────────────────────────────────────────────────────────
    test-results/app-fullstack-Public-Pages-8d9c2-cales-fr-cookies-page-loads-mobile-chrome-retry1/test-failed-1.png
    ────────────────────────────────────────────────────────────────────────────────────────────────

    attachment #2: video (video/webm) ──────────────────────────────────────────────────────────────
    test-results/app-fullstack-Public-Pages-8d9c2-cales-fr-cookies-page-loads-mobile-chrome-retry1/video.webm
    ────────────────────────────────────────────────────────────────────────────────────────────────

    Error Context: test-results/app-fullstack-Public-Pages-8d9c2-cales-fr-cookies-page-loads-mobile-chrome-retry1/error-context.md

    attachment #4: trace (application/zip) ─────────────────────────────────────────────────────────
    test-results/app-fullstack-Public-Pages-8d9c2-cales-fr-cookies-page-loads-mobile-chrome-retry1/trace.zip
    Usage:

        npx playwright show-trace test-results/app-fullstack-Public-Pages-8d9c2-cales-fr-cookies-page-loads-mobile-chrome-retry1/trace.zip

    ────────────────────────────────────────────────────────────────────────────────────────────────

  1226) [mobile-chrome] › e2e/app-fullstack.spec.ts:110:11 › Public Pages - All Locales › [fr] › accessibility page loads 

    Error: page.goto: net::ERR_CONNECTION_REFUSED at http://localhost:4000/fr
    Call log:
      - navigating to "http://localhost:4000/fr", waiting until "load"


      56 |     test.describe(`[${locale}]`, () => {
      57 |       test.beforeEach(async ({ page }) => {
    > 58 |         await page.goto(`/${locale}`);
         |                    ^
      59 |       });
      60 |
      61 |       test("homepage loads and displays key sections", async ({ page }) => {
        at /home/tbaltzakis/cloudless.gr/e2e/app-fullstack.spec.ts:58:20

    attachment #1: screenshot (image/png) ──────────────────────────────────────────────────────────
    test-results/app-fullstack-Public-Pages-390a9-fr-accessibility-page-loads-mobile-chrome/test-failed-1.png
    ────────────────────────────────────────────────────────────────────────────────────────────────

    attachment #2: video (video/webm) ──────────────────────────────────────────────────────────────
    test-results/app-fullstack-Public-Pages-390a9-fr-accessibility-page-loads-mobile-chrome/video.webm
    ────────────────────────────────────────────────────────────────────────────────────────────────

    Error Context: test-results/app-fullstack-Public-Pages-390a9-fr-accessibility-page-loads-mobile-chrome/error-context.md

    Retry #1 ───────────────────────────────────────────────────────────────────────────────────────

    Error: page.goto: net::ERR_CONNECTION_REFUSED at http://localhost:4000/fr
    Call log:
      - navigating to "http://localhost:4000/fr", waiting until "load"


      56 |     test.describe(`[${locale}]`, () => {
      57 |       test.beforeEach(async ({ page }) => {
    > 58 |         await page.goto(`/${locale}`);
         |                    ^
      59 |       });
      60 |
      61 |       test("homepage loads and displays key sections", async ({ page }) => {
        at /home/tbaltzakis/cloudless.gr/e2e/app-fullstack.spec.ts:58:20

    attachment #1: screenshot (image/png) ──────────────────────────────────────────────────────────
    test-results/app-fullstack-Public-Pages-390a9-fr-accessibility-page-loads-mobile-chrome-retry1/test-failed-1.png
    ────────────────────────────────────────────────────────────────────────────────────────────────

    attachment #2: video (video/webm) ──────────────────────────────────────────────────────────────
    test-results/app-fullstack-Public-Pages-390a9-fr-accessibility-page-loads-mobile-chrome-retry1/video.webm
    ────────────────────────────────────────────────────────────────────────────────────────────────

    Error Context: test-results/app-fullstack-Public-Pages-390a9-fr-accessibility-page-loads-mobile-chrome-retry1/error-context.md

    attachment #4: trace (application/zip) ─────────────────────────────────────────────────────────
    test-results/app-fullstack-Public-Pages-390a9-fr-accessibility-page-loads-mobile-chrome-retry1/trace.zip
    Usage:

        npx playwright show-trace test-results/app-fullstack-Public-Pages-390a9-fr-accessibility-page-loads-mobile-chrome-retry1/trace.zip

    ────────────────────────────────────────────────────────────────────────────────────────────────

  1227) [mobile-chrome] › e2e/app-fullstack.spec.ts:115:11 › Public Pages - All Locales › [fr] › work/portfolio page loads 

    Error: page.goto: net::ERR_CONNECTION_REFUSED at http://localhost:4000/fr
    Call log:
      - navigating to "http://localhost:4000/fr", waiting until "load"


      56 |     test.describe(`[${locale}]`, () => {
      57 |       test.beforeEach(async ({ page }) => {
    > 58 |         await page.goto(`/${locale}`);
         |                    ^
      59 |       });
      60 |
      61 |       test("homepage loads and displays key sections", async ({ page }) => {
        at /home/tbaltzakis/cloudless.gr/e2e/app-fullstack.spec.ts:58:20

    attachment #1: screenshot (image/png) ──────────────────────────────────────────────────────────
    test-results/app-fullstack-Public-Pages-e2522-r-work-portfolio-page-loads-mobile-chrome/test-failed-1.png
    ────────────────────────────────────────────────────────────────────────────────────────────────

    attachment #2: video (video/webm) ──────────────────────────────────────────────────────────────
    test-results/app-fullstack-Public-Pages-e2522-r-work-portfolio-page-loads-mobile-chrome/video.webm
    ────────────────────────────────────────────────────────────────────────────────────────────────

    Error Context: test-results/app-fullstack-Public-Pages-e2522-r-work-portfolio-page-loads-mobile-chrome/error-context.md

    Retry #1 ───────────────────────────────────────────────────────────────────────────────────────

    Error: page.goto: net::ERR_CONNECTION_REFUSED at http://localhost:4000/fr
    Call log:
      - navigating to "http://localhost:4000/fr", waiting until "load"


      56 |     test.describe(`[${locale}]`, () => {
      57 |       test.beforeEach(async ({ page }) => {
    > 58 |         await page.goto(`/${locale}`);
         |                    ^
      59 |       });
      60 |
      61 |       test("homepage loads and displays key sections", async ({ page }) => {
        at /home/tbaltzakis/cloudless.gr/e2e/app-fullstack.spec.ts:58:20

    attachment #1: screenshot (image/png) ──────────────────────────────────────────────────────────
    test-results/app-fullstack-Public-Pages-e2522-r-work-portfolio-page-loads-mobile-chrome-retry1/test-failed-1.png
    ────────────────────────────────────────────────────────────────────────────────────────────────

    attachment #2: video (video/webm) ──────────────────────────────────────────────────────────────
    test-results/app-fullstack-Public-Pages-e2522-r-work-portfolio-page-loads-mobile-chrome-retry1/video.webm
    ────────────────────────────────────────────────────────────────────────────────────────────────

    Error Context: test-results/app-fullstack-Public-Pages-e2522-r-work-portfolio-page-loads-mobile-chrome-retry1/error-context.md

    attachment #4: trace (application/zip) ─────────────────────────────────────────────────────────
    test-results/app-fullstack-Public-Pages-e2522-r-work-portfolio-page-loads-mobile-chrome-retry1/trace.zip
    Usage:

        npx playwright show-trace test-results/app-fullstack-Public-Pages-e2522-r-work-portfolio-page-loads-mobile-chrome-retry1/trace.zip

    ────────────────────────────────────────────────────────────────────────────────────────────────

  1228) [mobile-chrome] › e2e/app-fullstack.spec.ts:120:11 › Public Pages - All Locales › [fr] › dashboard page redirects to login or shows auth required 

    Error: page.goto: net::ERR_CONNECTION_REFUSED at http://localhost:4000/fr
    Call log:
      - navigating to "http://localhost:4000/fr", waiting until "load"


      56 |     test.describe(`[${locale}]`, () => {
      57 |       test.beforeEach(async ({ page }) => {
    > 58 |         await page.goto(`/${locale}`);
         |                    ^
      59 |       });
      60 |
      61 |       test("homepage loads and displays key sections", async ({ page }) => {
        at /home/tbaltzakis/cloudless.gr/e2e/app-fullstack.spec.ts:58:20

    attachment #1: screenshot (image/png) ──────────────────────────────────────────────────────────
    test-results/app-fullstack-Public-Pages-6972d-ogin-or-shows-auth-required-mobile-chrome/test-failed-1.png
    ────────────────────────────────────────────────────────────────────────────────────────────────

    attachment #2: video (video/webm) ──────────────────────────────────────────────────────────────
    test-results/app-fullstack-Public-Pages-6972d-ogin-or-shows-auth-required-mobile-chrome/video.webm
    ────────────────────────────────────────────────────────────────────────────────────────────────

    Error Context: test-results/app-fullstack-Public-Pages-6972d-ogin-or-shows-auth-required-mobile-chrome/error-context.md

    Retry #1 ───────────────────────────────────────────────────────────────────────────────────────

    Error: page.goto: net::ERR_CONNECTION_REFUSED at http://localhost:4000/fr
    Call log:
      - navigating to "http://localhost:4000/fr", waiting until "load"


      56 |     test.describe(`[${locale}]`, () => {
      57 |       test.beforeEach(async ({ page }) => {
    > 58 |         await page.goto(`/${locale}`);
         |                    ^
      59 |       });
      60 |
      61 |       test("homepage loads and displays key sections", async ({ page }) => {
        at /home/tbaltzakis/cloudless.gr/e2e/app-fullstack.spec.ts:58:20

    attachment #1: screenshot (image/png) ──────────────────────────────────────────────────────────
    test-results/app-fullstack-Public-Pages-6972d-ogin-or-shows-auth-required-mobile-chrome-retry1/test-failed-1.png
    ────────────────────────────────────────────────────────────────────────────────────────────────

    attachment #2: video (video/webm) ──────────────────────────────────────────────────────────────
    test-results/app-fullstack-Public-Pages-6972d-ogin-or-shows-auth-required-mobile-chrome-retry1/video.webm
    ────────────────────────────────────────────────────────────────────────────────────────────────

    Error Context: test-results/app-fullstack-Public-Pages-6972d-ogin-or-shows-auth-required-mobile-chrome-retry1/error-context.md

    attachment #4: trace (application/zip) ─────────────────────────────────────────────────────────
    test-results/app-fullstack-Public-Pages-6972d-ogin-or-shows-auth-required-mobile-chrome-retry1/trace.zip
    Usage:

        npx playwright show-trace test-results/app-fullstack-Public-Pages-6972d-ogin-or-shows-auth-required-mobile-chrome-retry1/trace.zip

    ────────────────────────────────────────────────────────────────────────────────────────────────

  1229) [mobile-chrome] › e2e/app-fullstack.spec.ts:137:11 › Public Pages - All Locales › [fr] › auth pages load 

    Error: page.goto: net::ERR_CONNECTION_REFUSED at http://localhost:4000/fr
    Call log:
      - navigating to "http://localhost:4000/fr", waiting until "load"


      56 |     test.describe(`[${locale}]`, () => {
      57 |       test.beforeEach(async ({ page }) => {
    > 58 |         await page.goto(`/${locale}`);
         |                    ^
      59 |       });
      60 |
      61 |       test("homepage loads and displays key sections", async ({ page }) => {
        at /home/tbaltzakis/cloudless.gr/e2e/app-fullstack.spec.ts:58:20

    attachment #1: screenshot (image/png) ──────────────────────────────────────────────────────────
    test-results/app-fullstack-Public-Pages---All-Locales-fr-auth-pages-load-mobile-chrome/test-failed-1.png
    ────────────────────────────────────────────────────────────────────────────────────────────────

    attachment #2: video (video/webm) ──────────────────────────────────────────────────────────────
    test-results/app-fullstack-Public-Pages---All-Locales-fr-auth-pages-load-mobile-chrome/video.webm
    ────────────────────────────────────────────────────────────────────────────────────────────────

    Error Context: test-results/app-fullstack-Public-Pages---All-Locales-fr-auth-pages-load-mobile-chrome/error-context.md

    Retry #1 ───────────────────────────────────────────────────────────────────────────────────────

    Error: page.goto: net::ERR_CONNECTION_REFUSED at http://localhost:4000/fr
    Call log:
      - navigating to "http://localhost:4000/fr", waiting until "load"


      56 |     test.describe(`[${locale}]`, () => {
      57 |       test.beforeEach(async ({ page }) => {
    > 58 |         await page.goto(`/${locale}`);
         |                    ^
      59 |       });
      60 |
      61 |       test("homepage loads and displays key sections", async ({ page }) => {
        at /home/tbaltzakis/cloudless.gr/e2e/app-fullstack.spec.ts:58:20

    attachment #1: screenshot (image/png) ──────────────────────────────────────────────────────────
    test-results/app-fullstack-Public-Pages---All-Locales-fr-auth-pages-load-mobile-chrome-retry1/test-failed-1.png
    ────────────────────────────────────────────────────────────────────────────────────────────────

    attachment #2: video (video/webm) ──────────────────────────────────────────────────────────────
    test-results/app-fullstack-Public-Pages---All-Locales-fr-auth-pages-load-mobile-chrome-retry1/video.webm
    ────────────────────────────────────────────────────────────────────────────────────────────────

    Error Context: test-results/app-fullstack-Public-Pages---All-Locales-fr-auth-pages-load-mobile-chrome-retry1/error-context.md

    attachment #4: trace (application/zip) ─────────────────────────────────────────────────────────
    test-results/app-fullstack-Public-Pages---All-Locales-fr-auth-pages-load-mobile-chrome-retry1/trace.zip
    Usage:

        npx playwright show-trace test-results/app-fullstack-Public-Pages---All-Locales-fr-auth-pages-load-mobile-chrome-retry1/trace.zip

    ────────────────────────────────────────────────────────────────────────────────────────────────

  1230) [mobile-chrome] › e2e/app-fullstack.spec.ts:61:11 › Public Pages - All Locales › [de] › homepage loads and displays key sections 

    Error: page.goto: net::ERR_CONNECTION_REFUSED at http://localhost:4000/de
    Call log:
      - navigating to "http://localhost:4000/de", waiting until "load"


      56 |     test.describe(`[${locale}]`, () => {
      57 |       test.beforeEach(async ({ page }) => {
    > 58 |         await page.goto(`/${locale}`);
         |                    ^
      59 |       });
      60 |
      61 |       test("homepage loads and displays key sections", async ({ page }) => {
        at /home/tbaltzakis/cloudless.gr/e2e/app-fullstack.spec.ts:58:20

    attachment #1: screenshot (image/png) ──────────────────────────────────────────────────────────
    test-results/app-fullstack-Public-Pages-dfab9-s-and-displays-key-sections-mobile-chrome/test-failed-1.png
    ────────────────────────────────────────────────────────────────────────────────────────────────

    attachment #2: video (video/webm) ──────────────────────────────────────────────────────────────
    test-results/app-fullstack-Public-Pages-dfab9-s-and-displays-key-sections-mobile-chrome/video.webm
    ────────────────────────────────────────────────────────────────────────────────────────────────

    Error Context: test-results/app-fullstack-Public-Pages-dfab9-s-and-displays-key-sections-mobile-chrome/error-context.md

    Retry #1 ───────────────────────────────────────────────────────────────────────────────────────

    Error: page.goto: net::ERR_CONNECTION_REFUSED at http://localhost:4000/de
    Call log:
      - navigating to "http://localhost:4000/de", waiting until "load"


      56 |     test.describe(`[${locale}]`, () => {
      57 |       test.beforeEach(async ({ page }) => {
    > 58 |         await page.goto(`/${locale}`);
         |                    ^
      59 |       });
      60 |
      61 |       test("homepage loads and displays key sections", async ({ page }) => {
        at /home/tbaltzakis/cloudless.gr/e2e/app-fullstack.spec.ts:58:20

    attachment #1: screenshot (image/png) ──────────────────────────────────────────────────────────
    test-results/app-fullstack-Public-Pages-dfab9-s-and-displays-key-sections-mobile-chrome-retry1/test-failed-1.png
    ────────────────────────────────────────────────────────────────────────────────────────────────

    attachment #2: video (video/webm) ──────────────────────────────────────────────────────────────
    test-results/app-fullstack-Public-Pages-dfab9-s-and-displays-key-sections-mobile-chrome-retry1/video.webm
    ────────────────────────────────────────────────────────────────────────────────────────────────

    Error Context: test-results/app-fullstack-Public-Pages-dfab9-s-and-displays-key-sections-mobile-chrome-retry1/error-context.md

    attachment #4: trace (application/zip) ─────────────────────────────────────────────────────────
    test-results/app-fullstack-Public-Pages-dfab9-s-and-displays-key-sections-mobile-chrome-retry1/trace.zip
    Usage:

        npx playwright show-trace test-results/app-fullstack-Public-Pages-dfab9-s-and-displays-key-sections-mobile-chrome-retry1/trace.zip

    ────────────────────────────────────────────────────────────────────────────────────────────────

  1231) [mobile-chrome] › e2e/app-fullstack.spec.ts:70:11 › Public Pages - All Locales › [de] › services page loads 

    Error: page.goto: net::ERR_CONNECTION_REFUSED at http://localhost:4000/de
    Call log:
      - navigating to "http://localhost:4000/de", waiting until "load"


      56 |     test.describe(`[${locale}]`, () => {
      57 |       test.beforeEach(async ({ page }) => {
    > 58 |         await page.goto(`/${locale}`);
         |                    ^
      59 |       });
      60 |
      61 |       test("homepage loads and displays key sections", async ({ page }) => {
        at /home/tbaltzakis/cloudless.gr/e2e/app-fullstack.spec.ts:58:20

    attachment #1: screenshot (image/png) ──────────────────────────────────────────────────────────
    test-results/app-fullstack-Public-Pages-1e9b4-ales-de-services-page-loads-mobile-chrome/test-failed-1.png
    ────────────────────────────────────────────────────────────────────────────────────────────────

    attachment #2: video (video/webm) ──────────────────────────────────────────────────────────────
    test-results/app-fullstack-Public-Pages-1e9b4-ales-de-services-page-loads-mobile-chrome/video.webm
    ────────────────────────────────────────────────────────────────────────────────────────────────

    Error Context: test-results/app-fullstack-Public-Pages-1e9b4-ales-de-services-page-loads-mobile-chrome/error-context.md

    Retry #1 ───────────────────────────────────────────────────────────────────────────────────────

    Error: page.goto: net::ERR_CONNECTION_REFUSED at http://localhost:4000/de
    Call log:
      - navigating to "http://localhost:4000/de", waiting until "load"


      56 |     test.describe(`[${locale}]`, () => {
      57 |       test.beforeEach(async ({ page }) => {
    > 58 |         await page.goto(`/${locale}`);
         |                    ^
      59 |       });
      60 |
      61 |       test("homepage loads and displays key sections", async ({ page }) => {
        at /home/tbaltzakis/cloudless.gr/e2e/app-fullstack.spec.ts:58:20

    attachment #1: screenshot (image/png) ──────────────────────────────────────────────────────────
    test-results/app-fullstack-Public-Pages-1e9b4-ales-de-services-page-loads-mobile-chrome-retry1/test-failed-1.png
    ────────────────────────────────────────────────────────────────────────────────────────────────

    attachment #2: video (video/webm) ──────────────────────────────────────────────────────────────
    test-results/app-fullstack-Public-Pages-1e9b4-ales-de-services-page-loads-mobile-chrome-retry1/video.webm
    ────────────────────────────────────────────────────────────────────────────────────────────────

    Error Context: test-results/app-fullstack-Public-Pages-1e9b4-ales-de-services-page-loads-mobile-chrome-retry1/error-context.md

    attachment #4: trace (application/zip) ─────────────────────────────────────────────────────────
    test-results/app-fullstack-Public-Pages-1e9b4-ales-de-services-page-loads-mobile-chrome-retry1/trace.zip
    Usage:

        npx playwright show-trace test-results/app-fullstack-Public-Pages-1e9b4-ales-de-services-page-loads-mobile-chrome-retry1/trace.zip

    ────────────────────────────────────────────────────────────────────────────────────────────────

  1232) [mobile-chrome] › e2e/app-fullstack.spec.ts:77:11 › Public Pages - All Locales › [de] › contact page loads with form 

    Error: page.goto: net::ERR_CONNECTION_REFUSED at http://localhost:4000/de
    Call log:
      - navigating to "http://localhost:4000/de", waiting until "load"


      56 |     test.describe(`[${locale}]`, () => {
      57 |       test.beforeEach(async ({ page }) => {
    > 58 |         await page.goto(`/${locale}`);
         |                    ^
      59 |       });
      60 |
      61 |       test("homepage loads and displays key sections", async ({ page }) => {
        at /home/tbaltzakis/cloudless.gr/e2e/app-fullstack.spec.ts:58:20

    attachment #1: screenshot (image/png) ──────────────────────────────────────────────────────────
    test-results/app-fullstack-Public-Pages-04b8e-ontact-page-loads-with-form-mobile-chrome/test-failed-1.png
    ────────────────────────────────────────────────────────────────────────────────────────────────

    attachment #2: video (video/webm) ──────────────────────────────────────────────────────────────
    test-results/app-fullstack-Public-Pages-04b8e-ontact-page-loads-with-form-mobile-chrome/video.webm
    ────────────────────────────────────────────────────────────────────────────────────────────────

    Error Context: test-results/app-fullstack-Public-Pages-04b8e-ontact-page-loads-with-form-mobile-chrome/error-context.md

    Retry #1 ───────────────────────────────────────────────────────────────────────────────────────

    Error: page.goto: net::ERR_CONNECTION_REFUSED at http://localhost:4000/de
    Call log:
      - navigating to "http://localhost:4000/de", waiting until "load"


      56 |     test.describe(`[${locale}]`, () => {
      57 |       test.beforeEach(async ({ page }) => {
    > 58 |         await page.goto(`/${locale}`);
         |                    ^
      59 |       });
      60 |
      61 |       test("homepage loads and displays key sections", async ({ page }) => {
        at /home/tbaltzakis/cloudless.gr/e2e/app-fullstack.spec.ts:58:20

    attachment #1: screenshot (image/png) ──────────────────────────────────────────────────────────
    test-results/app-fullstack-Public-Pages-04b8e-ontact-page-loads-with-form-mobile-chrome-retry1/test-failed-1.png
    ────────────────────────────────────────────────────────────────────────────────────────────────

    attachment #2: video (video/webm) ──────────────────────────────────────────────────────────────
    test-results/app-fullstack-Public-Pages-04b8e-ontact-page-loads-with-form-mobile-chrome-retry1/video.webm
    ────────────────────────────────────────────────────────────────────────────────────────────────

    Error Context: test-results/app-fullstack-Public-Pages-04b8e-ontact-page-loads-with-form-mobile-chrome-retry1/error-context.md

    attachment #4: trace (application/zip) ─────────────────────────────────────────────────────────
    test-results/app-fullstack-Public-Pages-04b8e-ontact-page-loads-with-form-mobile-chrome-retry1/trace.zip
    Usage:

        npx playwright show-trace test-results/app-fullstack-Public-Pages-04b8e-ontact-page-loads-with-form-mobile-chrome-retry1/trace.zip

    ────────────────────────────────────────────────────────────────────────────────────────────────

  1233) [mobile-chrome] › e2e/app-fullstack.spec.ts:85:11 › Public Pages - All Locales › [de] › blog page loads 

    Error: page.goto: net::ERR_CONNECTION_REFUSED at http://localhost:4000/de
    Call log:
      - navigating to "http://localhost:4000/de", waiting until "load"


      56 |     test.describe(`[${locale}]`, () => {
      57 |       test.beforeEach(async ({ page }) => {
    > 58 |         await page.goto(`/${locale}`);
         |                    ^
      59 |       });
      60 |
      61 |       test("homepage loads and displays key sections", async ({ page }) => {
        at /home/tbaltzakis/cloudless.gr/e2e/app-fullstack.spec.ts:58:20

    attachment #1: screenshot (image/png) ──────────────────────────────────────────────────────────
    test-results/app-fullstack-Public-Pages---All-Locales-de-blog-page-loads-mobile-chrome/test-failed-1.png
    ────────────────────────────────────────────────────────────────────────────────────────────────

    attachment #2: video (video/webm) ──────────────────────────────────────────────────────────────
    test-results/app-fullstack-Public-Pages---All-Locales-de-blog-page-loads-mobile-chrome/video.webm
    ────────────────────────────────────────────────────────────────────────────────────────────────

    Error Context: test-results/app-fullstack-Public-Pages---All-Locales-de-blog-page-loads-mobile-chrome/error-context.md

    Retry #1 ───────────────────────────────────────────────────────────────────────────────────────

    Error: page.goto: net::ERR_CONNECTION_REFUSED at http://localhost:4000/de
    Call log:
      - navigating to "http://localhost:4000/de", waiting until "load"


      56 |     test.describe(`[${locale}]`, () => {
      57 |       test.beforeEach(async ({ page }) => {
    > 58 |         await page.goto(`/${locale}`);
         |                    ^
      59 |       });
      60 |
      61 |       test("homepage loads and displays key sections", async ({ page }) => {
        at /home/tbaltzakis/cloudless.gr/e2e/app-fullstack.spec.ts:58:20

    attachment #1: screenshot (image/png) ──────────────────────────────────────────────────────────
    test-results/app-fullstack-Public-Pages---All-Locales-de-blog-page-loads-mobile-chrome-retry1/test-failed-1.png
    ────────────────────────────────────────────────────────────────────────────────────────────────

    attachment #2: video (video/webm) ──────────────────────────────────────────────────────────────
    test-results/app-fullstack-Public-Pages---All-Locales-de-blog-page-loads-mobile-chrome-retry1/video.webm
    ────────────────────────────────────────────────────────────────────────────────────────────────

    Error Context: test-results/app-fullstack-Public-Pages---All-Locales-de-blog-page-loads-mobile-chrome-retry1/error-context.md

    attachment #4: trace (application/zip) ─────────────────────────────────────────────────────────
    test-results/app-fullstack-Public-Pages---All-Locales-de-blog-page-loads-mobile-chrome-retry1/trace.zip
    Usage:

        npx playwright show-trace test-results/app-fullstack-Public-Pages---All-Locales-de-blog-page-loads-mobile-chrome-retry1/trace.zip

    ────────────────────────────────────────────────────────────────────────────────────────────────

  1234) [mobile-chrome] › e2e/app-fullstack.spec.ts:90:11 › Public Pages - All Locales › [de] › case studies page loads 

    Error: page.goto: net::ERR_CONNECTION_REFUSED at http://localhost:4000/de
    Call log:
      - navigating to "http://localhost:4000/de", waiting until "load"


      56 |     test.describe(`[${locale}]`, () => {
      57 |       test.beforeEach(async ({ page }) => {
    > 58 |         await page.goto(`/${locale}`);
         |                    ^
      59 |       });
      60 |
      61 |       test("homepage loads and displays key sections", async ({ page }) => {
        at /home/tbaltzakis/cloudless.gr/e2e/app-fullstack.spec.ts:58:20

    attachment #1: screenshot (image/png) ──────────────────────────────────────────────────────────
    test-results/app-fullstack-Public-Pages-22949--de-case-studies-page-loads-mobile-chrome/test-failed-1.png
    ────────────────────────────────────────────────────────────────────────────────────────────────

    attachment #2: video (video/webm) ──────────────────────────────────────────────────────────────
    test-results/app-fullstack-Public-Pages-22949--de-case-studies-page-loads-mobile-chrome/video.webm
    ────────────────────────────────────────────────────────────────────────────────────────────────

    Error Context: test-results/app-fullstack-Public-Pages-22949--de-case-studies-page-loads-mobile-chrome/error-context.md

    Retry #1 ───────────────────────────────────────────────────────────────────────────────────────

    Error: page.goto: net::ERR_CONNECTION_REFUSED at http://localhost:4000/de
    Call log:
      - navigating to "http://localhost:4000/de", waiting until "load"


      56 |     test.describe(`[${locale}]`, () => {
      57 |       test.beforeEach(async ({ page }) => {
    > 58 |         await page.goto(`/${locale}`);
         |                    ^
      59 |       });
      60 |
      61 |       test("homepage loads and displays key sections", async ({ page }) => {
        at /home/tbaltzakis/cloudless.gr/e2e/app-fullstack.spec.ts:58:20

    attachment #1: screenshot (image/png) ──────────────────────────────────────────────────────────
    test-results/app-fullstack-Public-Pages-22949--de-case-studies-page-loads-mobile-chrome-retry1/test-failed-1.png
    ────────────────────────────────────────────────────────────────────────────────────────────────

    attachment #2: video (video/webm) ──────────────────────────────────────────────────────────────
    test-results/app-fullstack-Public-Pages-22949--de-case-studies-page-loads-mobile-chrome-retry1/video.webm
    ────────────────────────────────────────────────────────────────────────────────────────────────

    Error Context: test-results/app-fullstack-Public-Pages-22949--de-case-studies-page-loads-mobile-chrome-retry1/error-context.md

    attachment #4: trace (application/zip) ─────────────────────────────────────────────────────────
    test-results/app-fullstack-Public-Pages-22949--de-case-studies-page-loads-mobile-chrome-retry1/trace.zip
    Usage:

        npx playwright show-trace test-results/app-fullstack-Public-Pages-22949--de-case-studies-page-loads-mobile-chrome-retry1/trace.zip

    ────────────────────────────────────────────────────────────────────────────────────────────────

  1235) [mobile-chrome] › e2e/app-fullstack.spec.ts:95:11 › Public Pages - All Locales › [de] › privacy page loads 

    Error: page.goto: net::ERR_CONNECTION_REFUSED at http://localhost:4000/de
    Call log:
      - navigating to "http://localhost:4000/de", waiting until "load"


      56 |     test.describe(`[${locale}]`, () => {
      57 |       test.beforeEach(async ({ page }) => {
    > 58 |         await page.goto(`/${locale}`);
         |                    ^
      59 |       });
      60 |
      61 |       test("homepage loads and displays key sections", async ({ page }) => {
        at /home/tbaltzakis/cloudless.gr/e2e/app-fullstack.spec.ts:58:20

    attachment #1: screenshot (image/png) ──────────────────────────────────────────────────────────
    test-results/app-fullstack-Public-Pages-1d20d-cales-de-privacy-page-loads-mobile-chrome/test-failed-1.png
    ────────────────────────────────────────────────────────────────────────────────────────────────

    attachment #2: video (video/webm) ──────────────────────────────────────────────────────────────
    test-results/app-fullstack-Public-Pages-1d20d-cales-de-privacy-page-loads-mobile-chrome/video.webm
    ────────────────────────────────────────────────────────────────────────────────────────────────

    Error Context: test-results/app-fullstack-Public-Pages-1d20d-cales-de-privacy-page-loads-mobile-chrome/error-context.md

    Retry #1 ───────────────────────────────────────────────────────────────────────────────────────

    Error: page.goto: net::ERR_CONNECTION_REFUSED at http://localhost:4000/de
    Call log:
      - navigating to "http://localhost:4000/de", waiting until "load"


      56 |     test.describe(`[${locale}]`, () => {
      57 |       test.beforeEach(async ({ page }) => {
    > 58 |         await page.goto(`/${locale}`);
         |                    ^
      59 |       });
      60 |
      61 |       test("homepage loads and displays key sections", async ({ page }) => {
        at /home/tbaltzakis/cloudless.gr/e2e/app-fullstack.spec.ts:58:20

    attachment #1: screenshot (image/png) ──────────────────────────────────────────────────────────
    test-results/app-fullstack-Public-Pages-1d20d-cales-de-privacy-page-loads-mobile-chrome-retry1/test-failed-1.png
    ────────────────────────────────────────────────────────────────────────────────────────────────

    attachment #2: video (video/webm) ──────────────────────────────────────────────────────────────
    test-results/app-fullstack-Public-Pages-1d20d-cales-de-privacy-page-loads-mobile-chrome-retry1/video.webm
    ────────────────────────────────────────────────────────────────────────────────────────────────

    Error Context: test-results/app-fullstack-Public-Pages-1d20d-cales-de-privacy-page-loads-mobile-chrome-retry1/error-context.md

    attachment #4: trace (application/zip) ─────────────────────────────────────────────────────────
    test-results/app-fullstack-Public-Pages-1d20d-cales-de-privacy-page-loads-mobile-chrome-retry1/trace.zip
    Usage:

        npx playwright show-trace test-results/app-fullstack-Public-Pages-1d20d-cales-de-privacy-page-loads-mobile-chrome-retry1/trace.zip

    ────────────────────────────────────────────────────────────────────────────────────────────────

  1236) [mobile-chrome] › e2e/app-fullstack.spec.ts:100:11 › Public Pages - All Locales › [de] › terms page loads 

    Error: page.goto: net::ERR_CONNECTION_REFUSED at http://localhost:4000/de
    Call log:
      - navigating to "http://localhost:4000/de", waiting until "load"


      56 |     test.describe(`[${locale}]`, () => {
      57 |       test.beforeEach(async ({ page }) => {
    > 58 |         await page.goto(`/${locale}`);
         |                    ^
      59 |       });
      60 |
      61 |       test("homepage loads and displays key sections", async ({ page }) => {
        at /home/tbaltzakis/cloudless.gr/e2e/app-fullstack.spec.ts:58:20

    attachment #1: screenshot (image/png) ──────────────────────────────────────────────────────────
    test-results/app-fullstack-Public-Pages---All-Locales-de-terms-page-loads-mobile-chrome/test-failed-1.png
    ────────────────────────────────────────────────────────────────────────────────────────────────

    attachment #2: video (video/webm) ──────────────────────────────────────────────────────────────
    test-results/app-fullstack-Public-Pages---All-Locales-de-terms-page-loads-mobile-chrome/video.webm
    ────────────────────────────────────────────────────────────────────────────────────────────────

    Error Context: test-results/app-fullstack-Public-Pages---All-Locales-de-terms-page-loads-mobile-chrome/error-context.md

    Retry #1 ───────────────────────────────────────────────────────────────────────────────────────

    Error: page.goto: net::ERR_CONNECTION_REFUSED at http://localhost:4000/de
    Call log:
      - navigating to "http://localhost:4000/de", waiting until "load"


      56 |     test.describe(`[${locale}]`, () => {
      57 |       test.beforeEach(async ({ page }) => {
    > 58 |         await page.goto(`/${locale}`);
         |                    ^
      59 |       });
      60 |
      61 |       test("homepage loads and displays key sections", async ({ page }) => {
        at /home/tbaltzakis/cloudless.gr/e2e/app-fullstack.spec.ts:58:20

    attachment #1: screenshot (image/png) ──────────────────────────────────────────────────────────
    test-results/app-fullstack-Public-Pages---All-Locales-de-terms-page-loads-mobile-chrome-retry1/test-failed-1.png
    ────────────────────────────────────────────────────────────────────────────────────────────────

    attachment #2: video (video/webm) ──────────────────────────────────────────────────────────────
    test-results/app-fullstack-Public-Pages---All-Locales-de-terms-page-loads-mobile-chrome-retry1/video.webm
    ────────────────────────────────────────────────────────────────────────────────────────────────

    Error Context: test-results/app-fullstack-Public-Pages---All-Locales-de-terms-page-loads-mobile-chrome-retry1/error-context.md

    attachment #4: trace (application/zip) ─────────────────────────────────────────────────────────
    test-results/app-fullstack-Public-Pages---All-Locales-de-terms-page-loads-mobile-chrome-retry1/trace.zip
    Usage:

        npx playwright show-trace test-results/app-fullstack-Public-Pages---All-Locales-de-terms-page-loads-mobile-chrome-retry1/trace.zip

    ────────────────────────────────────────────────────────────────────────────────────────────────

  1237) [mobile-chrome] › e2e/app-fullstack.spec.ts:105:11 › Public Pages - All Locales › [de] › cookies page loads 

    Error: page.goto: net::ERR_CONNECTION_REFUSED at http://localhost:4000/de
    Call log:
      - navigating to "http://localhost:4000/de", waiting until "load"


      56 |     test.describe(`[${locale}]`, () => {
      57 |       test.beforeEach(async ({ page }) => {
    > 58 |         await page.goto(`/${locale}`);
         |                    ^
      59 |       });
      60 |
      61 |       test("homepage loads and displays key sections", async ({ page }) => {
        at /home/tbaltzakis/cloudless.gr/e2e/app-fullstack.spec.ts:58:20

    attachment #1: screenshot (image/png) ──────────────────────────────────────────────────────────
    test-results/app-fullstack-Public-Pages-ec811-cales-de-cookies-page-loads-mobile-chrome/test-failed-1.png
    ────────────────────────────────────────────────────────────────────────────────────────────────

    attachment #2: video (video/webm) ──────────────────────────────────────────────────────────────
    test-results/app-fullstack-Public-Pages-ec811-cales-de-cookies-page-loads-mobile-chrome/video.webm
    ────────────────────────────────────────────────────────────────────────────────────────────────

    Error Context: test-results/app-fullstack-Public-Pages-ec811-cales-de-cookies-page-loads-mobile-chrome/error-context.md

    Retry #1 ───────────────────────────────────────────────────────────────────────────────────────

    Error: page.goto: net::ERR_CONNECTION_REFUSED at http://localhost:4000/de
    Call log:
      - navigating to "http://localhost:4000/de", waiting until "load"


      56 |     test.describe(`[${locale}]`, () => {
      57 |       test.beforeEach(async ({ page }) => {
    > 58 |         await page.goto(`/${locale}`);
         |                    ^
      59 |       });
      60 |
      61 |       test("homepage loads and displays key sections", async ({ page }) => {
        at /home/tbaltzakis/cloudless.gr/e2e/app-fullstack.spec.ts:58:20

    attachment #1: screenshot (image/png) ──────────────────────────────────────────────────────────
    test-results/app-fullstack-Public-Pages-ec811-cales-de-cookies-page-loads-mobile-chrome-retry1/test-failed-1.png
    ────────────────────────────────────────────────────────────────────────────────────────────────

    attachment #2: video (video/webm) ──────────────────────────────────────────────────────────────
    test-results/app-fullstack-Public-Pages-ec811-cales-de-cookies-page-loads-mobile-chrome-retry1/video.webm
    ────────────────────────────────────────────────────────────────────────────────────────────────

    Error Context: test-results/app-fullstack-Public-Pages-ec811-cales-de-cookies-page-loads-mobile-chrome-retry1/error-context.md

    attachment #4: trace (application/zip) ─────────────────────────────────────────────────────────
    test-results/app-fullstack-Public-Pages-ec811-cales-de-cookies-page-loads-mobile-chrome-retry1/trace.zip
    Usage:

        npx playwright show-trace test-results/app-fullstack-Public-Pages-ec811-cales-de-cookies-page-loads-mobile-chrome-retry1/trace.zip

    ────────────────────────────────────────────────────────────────────────────────────────────────

  1238) [mobile-chrome] › e2e/app-fullstack.spec.ts:110:11 › Public Pages - All Locales › [de] › accessibility page loads 

    Error: page.goto: net::ERR_CONNECTION_REFUSED at http://localhost:4000/de
    Call log:
      - navigating to "http://localhost:4000/de", waiting until "load"


      56 |     test.describe(`[${locale}]`, () => {
      57 |       test.beforeEach(async ({ page }) => {
    > 58 |         await page.goto(`/${locale}`);
         |                    ^
      59 |       });
      60 |
      61 |       test("homepage loads and displays key sections", async ({ page }) => {
        at /home/tbaltzakis/cloudless.gr/e2e/app-fullstack.spec.ts:58:20

    attachment #1: screenshot (image/png) ──────────────────────────────────────────────────────────
    test-results/app-fullstack-Public-Pages-31236-de-accessibility-page-loads-mobile-chrome/test-failed-1.png
    ────────────────────────────────────────────────────────────────────────────────────────────────

    attachment #2: video (video/webm) ──────────────────────────────────────────────────────────────
    test-results/app-fullstack-Public-Pages-31236-de-accessibility-page-loads-mobile-chrome/video.webm
    ────────────────────────────────────────────────────────────────────────────────────────────────

    Error Context: test-results/app-fullstack-Public-Pages-31236-de-accessibility-page-loads-mobile-chrome/error-context.md

    Retry #1 ───────────────────────────────────────────────────────────────────────────────────────

    Error: page.goto: net::ERR_CONNECTION_REFUSED at http://localhost:4000/de
    Call log:
      - navigating to "http://localhost:4000/de", waiting until "load"


      56 |     test.describe(`[${locale}]`, () => {
      57 |       test.beforeEach(async ({ page }) => {
    > 58 |         await page.goto(`/${locale}`);
         |                    ^
      59 |       });
      60 |
      61 |       test("homepage loads and displays key sections", async ({ page }) => {
        at /home/tbaltzakis/cloudless.gr/e2e/app-fullstack.spec.ts:58:20

    attachment #1: screenshot (image/png) ──────────────────────────────────────────────────────────
    test-results/app-fullstack-Public-Pages-31236-de-accessibility-page-loads-mobile-chrome-retry1/test-failed-1.png
    ────────────────────────────────────────────────────────────────────────────────────────────────

    attachment #2: video (video/webm) ──────────────────────────────────────────────────────────────
    test-results/app-fullstack-Public-Pages-31236-de-accessibility-page-loads-mobile-chrome-retry1/video.webm
    ────────────────────────────────────────────────────────────────────────────────────────────────

    Error Context: test-results/app-fullstack-Public-Pages-31236-de-accessibility-page-loads-mobile-chrome-retry1/error-context.md

    attachment #4: trace (application/zip) ─────────────────────────────────────────────────────────
    test-results/app-fullstack-Public-Pages-31236-de-accessibility-page-loads-mobile-chrome-retry1/trace.zip
    Usage:

        npx playwright show-trace test-results/app-fullstack-Public-Pages-31236-de-accessibility-page-loads-mobile-chrome-retry1/trace.zip

    ────────────────────────────────────────────────────────────────────────────────────────────────

  1239) [mobile-chrome] › e2e/app-fullstack.spec.ts:115:11 › Public Pages - All Locales › [de] › work/portfolio page loads 

    Error: page.goto: net::ERR_CONNECTION_REFUSED at http://localhost:4000/de
    Call log:
      - navigating to "http://localhost:4000/de", waiting until "load"


      56 |     test.describe(`[${locale}]`, () => {
      57 |       test.beforeEach(async ({ page }) => {
    > 58 |         await page.goto(`/${locale}`);
         |                    ^
      59 |       });
      60 |
      61 |       test("homepage loads and displays key sections", async ({ page }) => {
        at /home/tbaltzakis/cloudless.gr/e2e/app-fullstack.spec.ts:58:20

    attachment #1: screenshot (image/png) ──────────────────────────────────────────────────────────
    test-results/app-fullstack-Public-Pages-fb538-e-work-portfolio-page-loads-mobile-chrome/test-failed-1.png
    ────────────────────────────────────────────────────────────────────────────────────────────────

    attachment #2: video (video/webm) ──────────────────────────────────────────────────────────────
    test-results/app-fullstack-Public-Pages-fb538-e-work-portfolio-page-loads-mobile-chrome/video.webm
    ────────────────────────────────────────────────────────────────────────────────────────────────

    Error Context: test-results/app-fullstack-Public-Pages-fb538-e-work-portfolio-page-loads-mobile-chrome/error-context.md

    Retry #1 ───────────────────────────────────────────────────────────────────────────────────────

    Error: page.goto: net::ERR_CONNECTION_REFUSED at http://localhost:4000/de
    Call log:
      - navigating to "http://localhost:4000/de", waiting until "load"


      56 |     test.describe(`[${locale}]`, () => {
      57 |       test.beforeEach(async ({ page }) => {
    > 58 |         await page.goto(`/${locale}`);
         |                    ^
      59 |       });
      60 |
      61 |       test("homepage loads and displays key sections", async ({ page }) => {
        at /home/tbaltzakis/cloudless.gr/e2e/app-fullstack.spec.ts:58:20

    attachment #1: screenshot (image/png) ──────────────────────────────────────────────────────────
    test-results/app-fullstack-Public-Pages-fb538-e-work-portfolio-page-loads-mobile-chrome-retry1/test-failed-1.png
    ────────────────────────────────────────────────────────────────────────────────────────────────

    attachment #2: video (video/webm) ──────────────────────────────────────────────────────────────
    test-results/app-fullstack-Public-Pages-fb538-e-work-portfolio-page-loads-mobile-chrome-retry1/video.webm
    ────────────────────────────────────────────────────────────────────────────────────────────────

    Error Context: test-results/app-fullstack-Public-Pages-fb538-e-work-portfolio-page-loads-mobile-chrome-retry1/error-context.md

    attachment #4: trace (application/zip) ─────────────────────────────────────────────────────────
    test-results/app-fullstack-Public-Pages-fb538-e-work-portfolio-page-loads-mobile-chrome-retry1/trace.zip
    Usage:

        npx playwright show-trace test-results/app-fullstack-Public-Pages-fb538-e-work-portfolio-page-loads-mobile-chrome-retry1/trace.zip

    ────────────────────────────────────────────────────────────────────────────────────────────────

  1240) [mobile-chrome] › e2e/app-fullstack.spec.ts:120:11 › Public Pages - All Locales › [de] › dashboard page redirects to login or shows auth required 

    Error: page.goto: net::ERR_CONNECTION_REFUSED at http://localhost:4000/de
    Call log:
      - navigating to "http://localhost:4000/de", waiting until "load"


      56 |     test.describe(`[${locale}]`, () => {
      57 |       test.beforeEach(async ({ page }) => {
    > 58 |         await page.goto(`/${locale}`);
         |                    ^
      59 |       });
      60 |
      61 |       test("homepage loads and displays key sections", async ({ page }) => {
        at /home/tbaltzakis/cloudless.gr/e2e/app-fullstack.spec.ts:58:20

    attachment #1: screenshot (image/png) ──────────────────────────────────────────────────────────
    test-results/app-fullstack-Public-Pages-3f85b-ogin-or-shows-auth-required-mobile-chrome/test-failed-1.png
    ────────────────────────────────────────────────────────────────────────────────────────────────

    attachment #2: video (video/webm) ──────────────────────────────────────────────────────────────
    test-results/app-fullstack-Public-Pages-3f85b-ogin-or-shows-auth-required-mobile-chrome/video.webm
    ────────────────────────────────────────────────────────────────────────────────────────────────

    Error Context: test-results/app-fullstack-Public-Pages-3f85b-ogin-or-shows-auth-required-mobile-chrome/error-context.md

    Retry #1 ───────────────────────────────────────────────────────────────────────────────────────

    Error: page.goto: net::ERR_CONNECTION_REFUSED at http://localhost:4000/de
    Call log:
      - navigating to "http://localhost:4000/de", waiting until "load"


      56 |     test.describe(`[${locale}]`, () => {
      57 |       test.beforeEach(async ({ page }) => {
    > 58 |         await page.goto(`/${locale}`);
         |                    ^
      59 |       });
      60 |
      61 |       test("homepage loads and displays key sections", async ({ page }) => {
        at /home/tbaltzakis/cloudless.gr/e2e/app-fullstack.spec.ts:58:20

    attachment #1: screenshot (image/png) ──────────────────────────────────────────────────────────
    test-results/app-fullstack-Public-Pages-3f85b-ogin-or-shows-auth-required-mobile-chrome-retry1/test-failed-1.png
    ────────────────────────────────────────────────────────────────────────────────────────────────

    attachment #2: video (video/webm) ──────────────────────────────────────────────────────────────
    test-results/app-fullstack-Public-Pages-3f85b-ogin-or-shows-auth-required-mobile-chrome-retry1/video.webm
    ────────────────────────────────────────────────────────────────────────────────────────────────

    Error Context: test-results/app-fullstack-Public-Pages-3f85b-ogin-or-shows-auth-required-mobile-chrome-retry1/error-context.md

    attachment #4: trace (application/zip) ─────────────────────────────────────────────────────────
    test-results/app-fullstack-Public-Pages-3f85b-ogin-or-shows-auth-required-mobile-chrome-retry1/trace.zip
    Usage:

        npx playwright show-trace test-results/app-fullstack-Public-Pages-3f85b-ogin-or-shows-auth-required-mobile-chrome-retry1/trace.zip

    ────────────────────────────────────────────────────────────────────────────────────────────────

  1241) [mobile-chrome] › e2e/app-fullstack.spec.ts:137:11 › Public Pages - All Locales › [de] › auth pages load 

    Error: page.goto: net::ERR_CONNECTION_REFUSED at http://localhost:4000/de
    Call log:
      - navigating to "http://localhost:4000/de", waiting until "load"


      56 |     test.describe(`[${locale}]`, () => {
      57 |       test.beforeEach(async ({ page }) => {
    > 58 |         await page.goto(`/${locale}`);
         |                    ^
      59 |       });
      60 |
      61 |       test("homepage loads and displays key sections", async ({ page }) => {
        at /home/tbaltzakis/cloudless.gr/e2e/app-fullstack.spec.ts:58:20

    attachment #1: screenshot (image/png) ──────────────────────────────────────────────────────────
    test-results/app-fullstack-Public-Pages---All-Locales-de-auth-pages-load-mobile-chrome/test-failed-1.png
    ────────────────────────────────────────────────────────────────────────────────────────────────

    attachment #2: video (video/webm) ──────────────────────────────────────────────────────────────
    test-results/app-fullstack-Public-Pages---All-Locales-de-auth-pages-load-mobile-chrome/video.webm
    ────────────────────────────────────────────────────────────────────────────────────────────────

    Error Context: test-results/app-fullstack-Public-Pages---All-Locales-de-auth-pages-load-mobile-chrome/error-context.md

    Retry #1 ───────────────────────────────────────────────────────────────────────────────────────

    Error: page.goto: net::ERR_CONNECTION_REFUSED at http://localhost:4000/de
    Call log:
      - navigating to "http://localhost:4000/de", waiting until "load"


      56 |     test.describe(`[${locale}]`, () => {
      57 |       test.beforeEach(async ({ page }) => {
    > 58 |         await page.goto(`/${locale}`);
         |                    ^
      59 |       });
      60 |
      61 |       test("homepage loads and displays key sections", async ({ page }) => {
        at /home/tbaltzakis/cloudless.gr/e2e/app-fullstack.spec.ts:58:20

    attachment #1: screenshot (image/png) ──────────────────────────────────────────────────────────
    test-results/app-fullstack-Public-Pages---All-Locales-de-auth-pages-load-mobile-chrome-retry1/test-failed-1.png
    ────────────────────────────────────────────────────────────────────────────────────────────────

    attachment #2: video (video/webm) ──────────────────────────────────────────────────────────────
    test-results/app-fullstack-Public-Pages---All-Locales-de-auth-pages-load-mobile-chrome-retry1/video.webm
    ────────────────────────────────────────────────────────────────────────────────────────────────

    Error Context: test-results/app-fullstack-Public-Pages---All-Locales-de-auth-pages-load-mobile-chrome-retry1/error-context.md

    attachment #4: trace (application/zip) ─────────────────────────────────────────────────────────
    test-results/app-fullstack-Public-Pages---All-Locales-de-auth-pages-load-mobile-chrome-retry1/trace.zip
    Usage:

        npx playwright show-trace test-results/app-fullstack-Public-Pages---All-Locales-de-auth-pages-load-mobile-chrome-retry1/trace.zip

    ────────────────────────────────────────────────────────────────────────────────────────────────

  1242) [mobile-chrome] › e2e/app-fullstack.spec.ts:158:9 › API Routes Coverage › API route /api/health responds 

    Error: apiRequestContext.get: connect ECONNREFUSED ::1:4000
    Call log:
      - → GET http://localhost:4000/api/health
        - user-agent: Mozilla/5.0 (Linux; Android 14; Pixel 7) AppleWebKit/537.36 (KHTML, like Gecko) Chrome/151.0.7922.34 Mobile Safari/537.36
        - accept: */*
        - accept-encoding: gzip,deflate,br

        at apiRequestContext.get: connect ECONNREFUSED ::1:4000
        at /home/tbaltzakis/cloudless.gr/e2e/app-fullstack.spec.ts:159:38

    Error Context: test-results/app-fullstack-API-Routes-C-33e58-I-route-api-health-responds-mobile-chrome/error-context.md

    Retry #1 ───────────────────────────────────────────────────────────────────────────────────────

    Error: apiRequestContext.get: connect ECONNREFUSED ::1:4000
    Call log:
      - → GET http://localhost:4000/api/health
        - user-agent: Mozilla/5.0 (Linux; Android 14; Pixel 7) AppleWebKit/537.36 (KHTML, like Gecko) Chrome/151.0.7922.34 Mobile Safari/537.36
        - accept: */*
        - accept-encoding: gzip,deflate,br

        at apiRequestContext.get: connect ECONNREFUSED ::1:4000
        at /home/tbaltzakis/cloudless.gr/e2e/app-fullstack.spec.ts:159:38

    Error Context: test-results/app-fullstack-API-Routes-C-33e58-I-route-api-health-responds-mobile-chrome-retry1/error-context.md

    attachment #2: trace (application/zip) ─────────────────────────────────────────────────────────
    test-results/app-fullstack-API-Routes-C-33e58-I-route-api-health-responds-mobile-chrome-retry1/trace.zip
    Usage:

        npx playwright show-trace test-results/app-fullstack-API-Routes-C-33e58-I-route-api-health-responds-mobile-chrome-retry1/trace.zip

    ────────────────────────────────────────────────────────────────────────────────────────────────

  1243) [mobile-chrome] › e2e/app-fullstack.spec.ts:158:9 › API Routes Coverage › API route /api/blog responds 

    Error: apiRequestContext.get: connect ECONNREFUSED ::1:4000
    Call log:
      - → GET http://localhost:4000/api/blog
        - user-agent: Mozilla/5.0 (Linux; Android 14; Pixel 7) AppleWebKit/537.36 (KHTML, like Gecko) Chrome/151.0.7922.34 Mobile Safari/537.36
        - accept: */*
        - accept-encoding: gzip,deflate,br

        at apiRequestContext.get: connect ECONNREFUSED ::1:4000
        at /home/tbaltzakis/cloudless.gr/e2e/app-fullstack.spec.ts:159:38

    Error Context: test-results/app-fullstack-API-Routes-C-91fe4-API-route-api-blog-responds-mobile-chrome/error-context.md

    Retry #1 ───────────────────────────────────────────────────────────────────────────────────────

    Error: apiRequestContext.get: connect ECONNREFUSED ::1:4000
    Call log:
      - → GET http://localhost:4000/api/blog
        - user-agent: Mozilla/5.0 (Linux; Android 14; Pixel 7) AppleWebKit/537.36 (KHTML, like Gecko) Chrome/151.0.7922.34 Mobile Safari/537.36
        - accept: */*
        - accept-encoding: gzip,deflate,br

        at apiRequestContext.get: connect ECONNREFUSED ::1:4000
        at /home/tbaltzakis/cloudless.gr/e2e/app-fullstack.spec.ts:159:38

    Error Context: test-results/app-fullstack-API-Routes-C-91fe4-API-route-api-blog-responds-mobile-chrome-retry1/error-context.md

    attachment #2: trace (application/zip) ─────────────────────────────────────────────────────────
    test-results/app-fullstack-API-Routes-C-91fe4-API-route-api-blog-responds-mobile-chrome-retry1/trace.zip
    Usage:

        npx playwright show-trace test-results/app-fullstack-API-Routes-C-91fe4-API-route-api-blog-responds-mobile-chrome-retry1/trace.zip

    ────────────────────────────────────────────────────────────────────────────────────────────────

  1244) [mobile-chrome] › e2e/app-fullstack.spec.ts:158:9 › API Routes Coverage › API route /api/case-studies responds 

    Error: apiRequestContext.get: connect ECONNREFUSED ::1:4000
    Call log:
      - → GET http://localhost:4000/api/case-studies
        - user-agent: Mozilla/5.0 (Linux; Android 14; Pixel 7) AppleWebKit/537.36 (KHTML, like Gecko) Chrome/151.0.7922.34 Mobile Safari/537.36
        - accept: */*
        - accept-encoding: gzip,deflate,br

        at apiRequestContext.get: connect ECONNREFUSED ::1:4000
        at /home/tbaltzakis/cloudless.gr/e2e/app-fullstack.spec.ts:159:38

    Error Context: test-results/app-fullstack-API-Routes-C-3d592-e-api-case-studies-responds-mobile-chrome/error-context.md

    Retry #1 ───────────────────────────────────────────────────────────────────────────────────────

    Error: apiRequestContext.get: connect ECONNREFUSED ::1:4000
    Call log:
      - → GET http://localhost:4000/api/case-studies
        - user-agent: Mozilla/5.0 (Linux; Android 14; Pixel 7) AppleWebKit/537.36 (KHTML, like Gecko) Chrome/151.0.7922.34 Mobile Safari/537.36
        - accept: */*
        - accept-encoding: gzip,deflate,br

        at apiRequestContext.get: connect ECONNREFUSED ::1:4000
        at /home/tbaltzakis/cloudless.gr/e2e/app-fullstack.spec.ts:159:38

    Error Context: test-results/app-fullstack-API-Routes-C-3d592-e-api-case-studies-responds-mobile-chrome-retry1/error-context.md

    attachment #2: trace (application/zip) ─────────────────────────────────────────────────────────
    test-results/app-fullstack-API-Routes-C-3d592-e-api-case-studies-responds-mobile-chrome-retry1/trace.zip
    Usage:

        npx playwright show-trace test-results/app-fullstack-API-Routes-C-3d592-e-api-case-studies-responds-mobile-chrome-retry1/trace.zip

    ────────────────────────────────────────────────────────────────────────────────────────────────

  1245) [mobile-chrome] › e2e/app-fullstack.spec.ts:158:9 › API Routes Coverage › API route /api/testimonials responds 

    Error: apiRequestContext.get: connect ECONNREFUSED ::1:4000
    Call log:
      - → GET http://localhost:4000/api/testimonials
        - user-agent: Mozilla/5.0 (Linux; Android 14; Pixel 7) AppleWebKit/537.36 (KHTML, like Gecko) Chrome/151.0.7922.34 Mobile Safari/537.36
        - accept: */*
        - accept-encoding: gzip,deflate,br

        at apiRequestContext.get: connect ECONNREFUSED ::1:4000
        at /home/tbaltzakis/cloudless.gr/e2e/app-fullstack.spec.ts:159:38

    Error Context: test-results/app-fullstack-API-Routes-C-3de1f-e-api-testimonials-responds-mobile-chrome/error-context.md

    Retry #1 ───────────────────────────────────────────────────────────────────────────────────────

    Error: apiRequestContext.get: connect ECONNREFUSED ::1:4000
    Call log:
      - → GET http://localhost:4000/api/testimonials
        - user-agent: Mozilla/5.0 (Linux; Android 14; Pixel 7) AppleWebKit/537.36 (KHTML, like Gecko) Chrome/151.0.7922.34 Mobile Safari/537.36
        - accept: */*
        - accept-encoding: gzip,deflate,br

        at apiRequestContext.get: connect ECONNREFUSED ::1:4000
        at /home/tbaltzakis/cloudless.gr/e2e/app-fullstack.spec.ts:159:38

    Error Context: test-results/app-fullstack-API-Routes-C-3de1f-e-api-testimonials-responds-mobile-chrome-retry1/error-context.md

    attachment #2: trace (application/zip) ─────────────────────────────────────────────────────────
    test-results/app-fullstack-API-Routes-C-3de1f-e-api-testimonials-responds-mobile-chrome-retry1/trace.zip
    Usage:

        npx playwright show-trace test-results/app-fullstack-API-Routes-C-3de1f-e-api-testimonials-responds-mobile-chrome-retry1/trace.zip

    ────────────────────────────────────────────────────────────────────────────────────────────────

  1246) [mobile-chrome] › e2e/app-fullstack.spec.ts:158:9 › API Routes Coverage › API route /api/services responds 

    Error: apiRequestContext.get: connect ECONNREFUSED ::1:4000
    Call log:
      - → GET http://localhost:4000/api/services
        - user-agent: Mozilla/5.0 (Linux; Android 14; Pixel 7) AppleWebKit/537.36 (KHTML, like Gecko) Chrome/151.0.7922.34 Mobile Safari/537.36
        - accept: */*
        - accept-encoding: gzip,deflate,br

        at apiRequestContext.get: connect ECONNREFUSED ::1:4000
        at /home/tbaltzakis/cloudless.gr/e2e/app-fullstack.spec.ts:159:38

    Error Context: test-results/app-fullstack-API-Routes-C-cf079-route-api-services-responds-mobile-chrome/error-context.md

    Retry #1 ───────────────────────────────────────────────────────────────────────────────────────

    Error: apiRequestContext.get: connect ECONNREFUSED ::1:4000
    Call log:
      - → GET http://localhost:4000/api/services
        - user-agent: Mozilla/5.0 (Linux; Android 14; Pixel 7) AppleWebKit/537.36 (KHTML, like Gecko) Chrome/151.0.7922.34 Mobile Safari/537.36
        - accept: */*
        - accept-encoding: gzip,deflate,br

        at apiRequestContext.get: connect ECONNREFUSED ::1:4000
        at /home/tbaltzakis/cloudless.gr/e2e/app-fullstack.spec.ts:159:38

    Error Context: test-results/app-fullstack-API-Routes-C-cf079-route-api-services-responds-mobile-chrome-retry1/error-context.md

    attachment #2: trace (application/zip) ─────────────────────────────────────────────────────────
    test-results/app-fullstack-API-Routes-C-cf079-route-api-services-responds-mobile-chrome-retry1/trace.zip
    Usage:

        npx playwright show-trace test-results/app-fullstack-API-Routes-C-cf079-route-api-services-responds-mobile-chrome-retry1/trace.zip

    ────────────────────────────────────────────────────────────────────────────────────────────────

  1247) [mobile-chrome] › e2e/app-fullstack.spec.ts:158:9 › API Routes Coverage › API route /api/faqs responds 

    Error: apiRequestContext.get: connect ECONNREFUSED ::1:4000
    Call log:
      - → GET http://localhost:4000/api/faqs
        - user-agent: Mozilla/5.0 (Linux; Android 14; Pixel 7) AppleWebKit/537.36 (KHTML, like Gecko) Chrome/151.0.7922.34 Mobile Safari/537.36
        - accept: */*
        - accept-encoding: gzip,deflate,br

        at apiRequestContext.get: connect ECONNREFUSED ::1:4000
        at /home/tbaltzakis/cloudless.gr/e2e/app-fullstack.spec.ts:159:38

    Error Context: test-results/app-fullstack-API-Routes-C-bf2be-API-route-api-faqs-responds-mobile-chrome/error-context.md

    Retry #1 ───────────────────────────────────────────────────────────────────────────────────────

    Error: apiRequestContext.get: connect ECONNREFUSED ::1:4000
    Call log:
      - → GET http://localhost:4000/api/faqs
        - user-agent: Mozilla/5.0 (Linux; Android 14; Pixel 7) AppleWebKit/537.36 (KHTML, like Gecko) Chrome/151.0.7922.34 Mobile Safari/537.36
        - accept: */*
        - accept-encoding: gzip,deflate,br

        at apiRequestContext.get: connect ECONNREFUSED ::1:4000
        at /home/tbaltzakis/cloudless.gr/e2e/app-fullstack.spec.ts:159:38

    Error Context: test-results/app-fullstack-API-Routes-C-bf2be-API-route-api-faqs-responds-mobile-chrome-retry1/error-context.md

    attachment #2: trace (application/zip) ─────────────────────────────────────────────────────────
    test-results/app-fullstack-API-Routes-C-bf2be-API-route-api-faqs-responds-mobile-chrome-retry1/trace.zip
    Usage:

        npx playwright show-trace test-results/app-fullstack-API-Routes-C-bf2be-API-route-api-faqs-responds-mobile-chrome-retry1/trace.zip

    ────────────────────────────────────────────────────────────────────────────────────────────────

  1248) [mobile-chrome] › e2e/app-fullstack.spec.ts:158:9 › API Routes Coverage › API route /api/recommendations responds 

    Error: apiRequestContext.get: connect ECONNREFUSED ::1:4000
    Call log:
      - → GET http://localhost:4000/api/recommendations
        - user-agent: Mozilla/5.0 (Linux; Android 14; Pixel 7) AppleWebKit/537.36 (KHTML, like Gecko) Chrome/151.0.7922.34 Mobile Safari/537.36
        - accept: */*
        - accept-encoding: gzip,deflate,br

        at apiRequestContext.get: connect ECONNREFUSED ::1:4000
        at /home/tbaltzakis/cloudless.gr/e2e/app-fullstack.spec.ts:159:38

    Error Context: test-results/app-fullstack-API-Routes-C-9f43c-pi-recommendations-responds-mobile-chrome/error-context.md

    Retry #1 ───────────────────────────────────────────────────────────────────────────────────────

    Error: apiRequestContext.get: connect ECONNREFUSED ::1:4000
    Call log:
      - → GET http://localhost:4000/api/recommendations
        - user-agent: Mozilla/5.0 (Linux; Android 14; Pixel 7) AppleWebKit/537.36 (KHTML, like Gecko) Chrome/151.0.7922.34 Mobile Safari/537.36
        - accept: */*
        - accept-encoding: gzip,deflate,br

        at apiRequestContext.get: connect ECONNREFUSED ::1:4000
        at /home/tbaltzakis/cloudless.gr/e2e/app-fullstack.spec.ts:159:38

    Error Context: test-results/app-fullstack-API-Routes-C-9f43c-pi-recommendations-responds-mobile-chrome-retry1/error-context.md

    attachment #2: trace (application/zip) ─────────────────────────────────────────────────────────
    test-results/app-fullstack-API-Routes-C-9f43c-pi-recommendations-responds-mobile-chrome-retry1/trace.zip
    Usage:

        npx playwright show-trace test-results/app-fullstack-API-Routes-C-9f43c-pi-recommendations-responds-mobile-chrome-retry1/trace.zip

    ────────────────────────────────────────────────────────────────────────────────────────────────

  1249) [mobile-chrome] › e2e/app-fullstack.spec.ts:158:9 › API Routes Coverage › API route /api/track responds 

    Error: apiRequestContext.get: connect ECONNREFUSED ::1:4000
    Call log:
      - → GET http://localhost:4000/api/track
        - user-agent: Mozilla/5.0 (Linux; Android 14; Pixel 7) AppleWebKit/537.36 (KHTML, like Gecko) Chrome/151.0.7922.34 Mobile Safari/537.36
        - accept: */*
        - accept-encoding: gzip,deflate,br

        at apiRequestContext.get: connect ECONNREFUSED ::1:4000
        at /home/tbaltzakis/cloudless.gr/e2e/app-fullstack.spec.ts:159:38

    Error Context: test-results/app-fullstack-API-Routes-C-327e5-PI-route-api-track-responds-mobile-chrome/error-context.md

    Retry #1 ───────────────────────────────────────────────────────────────────────────────────────

    Error: apiRequestContext.get: connect ECONNREFUSED ::1:4000
    Call log:
      - → GET http://localhost:4000/api/track
        - user-agent: Mozilla/5.0 (Linux; Android 14; Pixel 7) AppleWebKit/537.36 (KHTML, like Gecko) Chrome/151.0.7922.34 Mobile Safari/537.36
        - accept: */*
        - accept-encoding: gzip,deflate,br

        at apiRequestContext.get: connect ECONNREFUSED ::1:4000
        at /home/tbaltzakis/cloudless.gr/e2e/app-fullstack.spec.ts:159:38

    Error Context: test-results/app-fullstack-API-Routes-C-327e5-PI-route-api-track-responds-mobile-chrome-retry1/error-context.md

    attachment #2: trace (application/zip) ─────────────────────────────────────────────────────────
    test-results/app-fullstack-API-Routes-C-327e5-PI-route-api-track-responds-mobile-chrome-retry1/trace.zip
    Usage:

        npx playwright show-trace test-results/app-fullstack-API-Routes-C-327e5-PI-route-api-track-responds-mobile-chrome-retry1/trace.zip

    ────────────────────────────────────────────────────────────────────────────────────────────────

  1250) [mobile-chrome] › e2e/app-fullstack.spec.ts:181:7 › API Routes Coverage › API route error handling 

    Error: apiRequestContext.get: connect ECONNREFUSED ::1:4000
    Call log:
      - → GET http://localhost:4000/api/not-found
        - user-agent: Mozilla/5.0 (Linux; Android 14; Pixel 7) AppleWebKit/537.36 (KHTML, like Gecko) Chrome/151.0.7922.34 Mobile Safari/537.36
        - accept: */*
        - accept-encoding: gzip,deflate,br

        at apiRequestContext.get: connect ECONNREFUSED ::1:4000
        at /home/tbaltzakis/cloudless.gr/e2e/app-fullstack.spec.ts:182:36

    Error Context: test-results/app-fullstack-API-Routes-Coverage-API-route-error-handling-mobile-chrome/error-context.md

    Retry #1 ───────────────────────────────────────────────────────────────────────────────────────

    Error: apiRequestContext.get: connect ECONNREFUSED ::1:4000
    Call log:
      - → GET http://localhost:4000/api/not-found
        - user-agent: Mozilla/5.0 (Linux; Android 14; Pixel 7) AppleWebKit/537.36 (KHTML, like Gecko) Chrome/151.0.7922.34 Mobile Safari/537.36
        - accept: */*
        - accept-encoding: gzip,deflate,br

        at apiRequestContext.get: connect ECONNREFUSED ::1:4000
        at /home/tbaltzakis/cloudless.gr/e2e/app-fullstack.spec.ts:182:36

    Error Context: test-results/app-fullstack-API-Routes-Coverage-API-route-error-handling-mobile-chrome-retry1/error-context.md

    attachment #2: trace (application/zip) ─────────────────────────────────────────────────────────
    test-results/app-fullstack-API-Routes-Coverage-API-route-error-handling-mobile-chrome-retry1/trace.zip
    Usage:

        npx playwright show-trace test-results/app-fullstack-API-Routes-Coverage-API-route-error-handling-mobile-chrome-retry1/trace.zip

    ────────────────────────────────────────────────────────────────────────────────────────────────

  1251) [mobile-chrome] › e2e/app-fullstack.spec.ts:187:7 › API Routes Coverage › API route methods validation 

    Error: apiRequestContext.get: connect ECONNREFUSED ::1:4000
    Call log:
      - → GET http://localhost:4000/api/contact
        - user-agent: Mozilla/5.0 (Linux; Android 14; Pixel 7) AppleWebKit/537.36 (KHTML, like Gecko) Chrome/151.0.7922.34 Mobile Safari/537.36
        - accept: */*
        - accept-encoding: gzip,deflate,br

        at apiRequestContext.get: connect ECONNREFUSED ::1:4000
        at /home/tbaltzakis/cloudless.gr/e2e/app-fullstack.spec.ts:189:36

    Error Context: test-results/app-fullstack-API-Routes-C-46b55-PI-route-methods-validation-mobile-chrome/error-context.md

    Retry #1 ───────────────────────────────────────────────────────────────────────────────────────

    Error: apiRequestContext.get: connect ECONNREFUSED ::1:4000
    Call log:
      - → GET http://localhost:4000/api/contact
        - user-agent: Mozilla/5.0 (Linux; Android 14; Pixel 7) AppleWebKit/537.36 (KHTML, like Gecko) Chrome/151.0.7922.34 Mobile Safari/537.36
        - accept: */*
        - accept-encoding: gzip,deflate,br

        at apiRequestContext.get: connect ECONNREFUSED ::1:4000
        at /home/tbaltzakis/cloudless.gr/e2e/app-fullstack.spec.ts:189:36

    Error Context: test-results/app-fullstack-API-Routes-C-46b55-PI-route-methods-validation-mobile-chrome-retry1/error-context.md

    attachment #2: trace (application/zip) ─────────────────────────────────────────────────────────
    test-results/app-fullstack-API-Routes-C-46b55-PI-route-methods-validation-mobile-chrome-retry1/trace.zip
    Usage:

        npx playwright show-trace test-results/app-fullstack-API-Routes-C-46b55-PI-route-methods-validation-mobile-chrome-retry1/trace.zip

    ────────────────────────────────────────────────────────────────────────────────────────────────

  1252) [mobile-chrome] › e2e/app-fullstack.spec.ts:195:7 › Authentication Flow › login page is accessible 

    Error: page.goto: net::ERR_CONNECTION_REFUSED at http://localhost:4000/en/auth
    Call log:
      - navigating to "http://localhost:4000/en/auth", waiting until "load"


      194 | test.describe("Authentication Flow", () => {
      195 |   test("login page is accessible", async ({ page }) => {
    > 196 |     await page.goto("/en/auth");
          |                ^
      197 |     await expect(page.locator("body")).toBeVisible();
      198 |   });
      199 |
        at /home/tbaltzakis/cloudless.gr/e2e/app-fullstack.spec.ts:196:16

    attachment #1: screenshot (image/png) ──────────────────────────────────────────────────────────
    test-results/app-fullstack-Authentication-Flow-login-page-is-accessible-mobile-chrome/test-failed-1.png
    ────────────────────────────────────────────────────────────────────────────────────────────────

    attachment #2: video (video/webm) ──────────────────────────────────────────────────────────────
    test-results/app-fullstack-Authentication-Flow-login-page-is-accessible-mobile-chrome/video.webm
    ────────────────────────────────────────────────────────────────────────────────────────────────

    Error Context: test-results/app-fullstack-Authentication-Flow-login-page-is-accessible-mobile-chrome/error-context.md

    Retry #1 ───────────────────────────────────────────────────────────────────────────────────────

    Error: page.goto: net::ERR_CONNECTION_REFUSED at http://localhost:4000/en/auth
    Call log:
      - navigating to "http://localhost:4000/en/auth", waiting until "load"


      194 | test.describe("Authentication Flow", () => {
      195 |   test("login page is accessible", async ({ page }) => {
    > 196 |     await page.goto("/en/auth");
          |                ^
      197 |     await expect(page.locator("body")).toBeVisible();
      198 |   });
      199 |
        at /home/tbaltzakis/cloudless.gr/e2e/app-fullstack.spec.ts:196:16

    attachment #1: screenshot (image/png) ──────────────────────────────────────────────────────────
    test-results/app-fullstack-Authentication-Flow-login-page-is-accessible-mobile-chrome-retry1/test-failed-1.png
    ────────────────────────────────────────────────────────────────────────────────────────────────

    attachment #2: video (video/webm) ──────────────────────────────────────────────────────────────
    test-results/app-fullstack-Authentication-Flow-login-page-is-accessible-mobile-chrome-retry1/video.webm
    ────────────────────────────────────────────────────────────────────────────────────────────────

    Error Context: test-results/app-fullstack-Authentication-Flow-login-page-is-accessible-mobile-chrome-retry1/error-context.md

    attachment #4: trace (application/zip) ─────────────────────────────────────────────────────────
    test-results/app-fullstack-Authentication-Flow-login-page-is-accessible-mobile-chrome-retry1/trace.zip
    Usage:

        npx playwright show-trace test-results/app-fullstack-Authentication-Flow-login-page-is-accessible-mobile-chrome-retry1/trace.zip

    ────────────────────────────────────────────────────────────────────────────────────────────────

  1253) [mobile-chrome] › e2e/app-fullstack.spec.ts:200:7 › Authentication Flow › register page is accessible 

    Error: page.goto: net::ERR_CONNECTION_REFUSED at http://localhost:4000/en/auth/register
    Call log:
      - navigating to "http://localhost:4000/en/auth/register", waiting until "load"


      199 |
      200 |   test("register page is accessible", async ({ page }) => {
    > 201 |     await page.goto("/en/auth/register");
          |                ^
      202 |     await expect(page.locator("body")).toBeVisible();
      203 |   });
      204 |
        at /home/tbaltzakis/cloudless.gr/e2e/app-fullstack.spec.ts:201:16

    attachment #1: screenshot (image/png) ──────────────────────────────────────────────────────────
    test-results/app-fullstack-Authenticati-fcff7-register-page-is-accessible-mobile-chrome/test-failed-1.png
    ────────────────────────────────────────────────────────────────────────────────────────────────

    attachment #2: video (video/webm) ──────────────────────────────────────────────────────────────
    test-results/app-fullstack-Authenticati-fcff7-register-page-is-accessible-mobile-chrome/video.webm
    ────────────────────────────────────────────────────────────────────────────────────────────────

    Error Context: test-results/app-fullstack-Authenticati-fcff7-register-page-is-accessible-mobile-chrome/error-context.md

    Retry #1 ───────────────────────────────────────────────────────────────────────────────────────

    Error: page.goto: net::ERR_CONNECTION_REFUSED at http://localhost:4000/en/auth/register
    Call log:
      - navigating to "http://localhost:4000/en/auth/register", waiting until "load"


      199 |
      200 |   test("register page is accessible", async ({ page }) => {
    > 201 |     await page.goto("/en/auth/register");
          |                ^
      202 |     await expect(page.locator("body")).toBeVisible();
      203 |   });
      204 |
        at /home/tbaltzakis/cloudless.gr/e2e/app-fullstack.spec.ts:201:16

    attachment #1: screenshot (image/png) ──────────────────────────────────────────────────────────
    test-results/app-fullstack-Authenticati-fcff7-register-page-is-accessible-mobile-chrome-retry1/test-failed-1.png
    ────────────────────────────────────────────────────────────────────────────────────────────────

    attachment #2: video (video/webm) ──────────────────────────────────────────────────────────────
    test-results/app-fullstack-Authenticati-fcff7-register-page-is-accessible-mobile-chrome-retry1/video.webm
    ────────────────────────────────────────────────────────────────────────────────────────────────

    Error Context: test-results/app-fullstack-Authenticati-fcff7-register-page-is-accessible-mobile-chrome-retry1/error-context.md

    attachment #4: trace (application/zip) ─────────────────────────────────────────────────────────
    test-results/app-fullstack-Authenticati-fcff7-register-page-is-accessible-mobile-chrome-retry1/trace.zip
    Usage:

        npx playwright show-trace test-results/app-fullstack-Authenticati-fcff7-register-page-is-accessible-mobile-chrome-retry1/trace.zip

    ────────────────────────────────────────────────────────────────────────────────────────────────

  1254) [mobile-chrome] › e2e/app-fullstack.spec.ts:205:7 › Authentication Flow › sandbox endpoint for auth testing 

    Error: apiRequestContext.get: connect ECONNREFUSED ::1:4000
    Call log:
      - → GET http://localhost:4000/api/auth/sandbox
        - user-agent: Mozilla/5.0 (Linux; Android 14; Pixel 7) AppleWebKit/537.36 (KHTML, like Gecko) Chrome/151.0.7922.34 Mobile Safari/537.36
        - accept: */*
        - accept-encoding: gzip,deflate,br

        at apiRequestContext.get: connect ECONNREFUSED ::1:4000
        at /home/tbaltzakis/cloudless.gr/e2e/app-fullstack.spec.ts:206:36

    Error Context: test-results/app-fullstack-Authenticati-decfe-x-endpoint-for-auth-testing-mobile-chrome/error-context.md

    Retry #1 ───────────────────────────────────────────────────────────────────────────────────────

    Error: apiRequestContext.get: connect ECONNREFUSED ::1:4000
    Call log:
      - → GET http://localhost:4000/api/auth/sandbox
        - user-agent: Mozilla/5.0 (Linux; Android 14; Pixel 7) AppleWebKit/537.36 (KHTML, like Gecko) Chrome/151.0.7922.34 Mobile Safari/537.36
        - accept: */*
        - accept-encoding: gzip,deflate,br

        at apiRequestContext.get: connect ECONNREFUSED ::1:4000
        at /home/tbaltzakis/cloudless.gr/e2e/app-fullstack.spec.ts:206:36

    Error Context: test-results/app-fullstack-Authenticati-decfe-x-endpoint-for-auth-testing-mobile-chrome-retry1/error-context.md

    attachment #2: trace (application/zip) ─────────────────────────────────────────────────────────
    test-results/app-fullstack-Authenticati-decfe-x-endpoint-for-auth-testing-mobile-chrome-retry1/trace.zip
    Usage:

        npx playwright show-trace test-results/app-fullstack-Authenticati-decfe-x-endpoint-for-auth-testing-mobile-chrome-retry1/trace.zip

    ────────────────────────────────────────────────────────────────────────────────────────────────

  1255) [mobile-chrome] › e2e/app-fullstack.spec.ts:213:7 › Admin Routes › admin routes require authentication 

    Error: page.goto: net::ERR_CONNECTION_REFUSED at http://localhost:4000/en/admin
    Call log:
      - navigating to "http://localhost:4000/en/admin", waiting until "load"


      212 | test.describe("Admin Routes", () => {
      213 |   test("admin routes require authentication", async ({ page }) => {
    > 214 |     await page.goto("/en/admin");
          |                ^
      215 |     // Should show login or access denied, or be a SPA page
      216 |     const loginElements = page.locator(
      217 |       'text=/login|sign in|unauthorized|access denied/i'
        at /home/tbaltzakis/cloudless.gr/e2e/app-fullstack.spec.ts:214:16

    attachment #1: screenshot (image/png) ──────────────────────────────────────────────────────────
    test-results/app-fullstack-Admin-Routes-eaf35-utes-require-authentication-mobile-chrome/test-failed-1.png
    ────────────────────────────────────────────────────────────────────────────────────────────────

    attachment #2: video (video/webm) ──────────────────────────────────────────────────────────────
    test-results/app-fullstack-Admin-Routes-eaf35-utes-require-authentication-mobile-chrome/video.webm
    ────────────────────────────────────────────────────────────────────────────────────────────────

    Error Context: test-results/app-fullstack-Admin-Routes-eaf35-utes-require-authentication-mobile-chrome/error-context.md

    Retry #1 ───────────────────────────────────────────────────────────────────────────────────────

    Error: page.goto: net::ERR_CONNECTION_REFUSED at http://localhost:4000/en/admin
    Call log:
      - navigating to "http://localhost:4000/en/admin", waiting until "load"


      212 | test.describe("Admin Routes", () => {
      213 |   test("admin routes require authentication", async ({ page }) => {
    > 214 |     await page.goto("/en/admin");
          |                ^
      215 |     // Should show login or access denied, or be a SPA page
      216 |     const loginElements = page.locator(
      217 |       'text=/login|sign in|unauthorized|access denied/i'
        at /home/tbaltzakis/cloudless.gr/e2e/app-fullstack.spec.ts:214:16

    attachment #1: screenshot (image/png) ──────────────────────────────────────────────────────────
    test-results/app-fullstack-Admin-Routes-eaf35-utes-require-authentication-mobile-chrome-retry1/test-failed-1.png
    ────────────────────────────────────────────────────────────────────────────────────────────────

    attachment #2: video (video/webm) ──────────────────────────────────────────────────────────────
    test-results/app-fullstack-Admin-Routes-eaf35-utes-require-authentication-mobile-chrome-retry1/video.webm
    ────────────────────────────────────────────────────────────────────────────────────────────────

    Error Context: test-results/app-fullstack-Admin-Routes-eaf35-utes-require-authentication-mobile-chrome-retry1/error-context.md

    attachment #4: trace (application/zip) ─────────────────────────────────────────────────────────
    test-results/app-fullstack-Admin-Routes-eaf35-utes-require-authentication-mobile-chrome-retry1/trace.zip
    Usage:

        npx playwright show-trace test-results/app-fullstack-Admin-Routes-eaf35-utes-require-authentication-mobile-chrome-retry1/trace.zip

    ────────────────────────────────────────────────────────────────────────────────────────────────

  1256) [mobile-chrome] › e2e/app-fullstack.spec.ts:233:7 › Contact Form API › contact endpoint validates input 

    Error: apiRequestContext.post: connect ECONNREFUSED ::1:4000
    Call log:
      - → POST http://localhost:4000/api/contact
        - user-agent: Mozilla/5.0 (Linux; Android 14; Pixel 7) AppleWebKit/537.36 (KHTML, like Gecko) Chrome/151.0.7922.34 Mobile Safari/537.36
        - accept: */*
        - accept-encoding: gzip,deflate,br
        - content-type: application/json
        - content-length: 2

        at apiRequestContext.post: connect ECONNREFUSED ::1:4000
        at /home/tbaltzakis/cloudless.gr/e2e/app-fullstack.spec.ts:235:36

    Error Context: test-results/app-fullstack-Contact-Form-b9472-ct-endpoint-validates-input-mobile-chrome/error-context.md

    Retry #1 ───────────────────────────────────────────────────────────────────────────────────────

    Error: apiRequestContext.post: connect ECONNREFUSED ::1:4000
    Call log:
      - → POST http://localhost:4000/api/contact
        - user-agent: Mozilla/5.0 (Linux; Android 14; Pixel 7) AppleWebKit/537.36 (KHTML, like Gecko) Chrome/151.0.7922.34 Mobile Safari/537.36
        - accept: */*
        - accept-encoding: gzip,deflate,br
        - content-type: application/json
        - content-length: 2

        at apiRequestContext.post: connect ECONNREFUSED ::1:4000
        at /home/tbaltzakis/cloudless.gr/e2e/app-fullstack.spec.ts:235:36

    Error Context: test-results/app-fullstack-Contact-Form-b9472-ct-endpoint-validates-input-mobile-chrome-retry1/error-context.md

    attachment #2: trace (application/zip) ─────────────────────────────────────────────────────────
    test-results/app-fullstack-Contact-Form-b9472-ct-endpoint-validates-input-mobile-chrome-retry1/trace.zip
    Usage:

        npx playwright show-trace test-results/app-fullstack-Contact-Form-b9472-ct-endpoint-validates-input-mobile-chrome-retry1/trace.zip

    ────────────────────────────────────────────────────────────────────────────────────────────────

  1257) [mobile-chrome] › e2e/app-fullstack.spec.ts:244:7 › Redirects and Navigation › locale redirect works 

    Error: page.goto: net::ERR_CONNECTION_REFUSED at http://localhost:4000/
    Call log:
      - navigating to "http://localhost:4000/", waiting until "load"


      243 | test.describe("Redirects and Navigation", () => {
      244 |   test("locale redirect works", async ({ page }) => {
    > 245 |     await page.goto("/");
          |                ^
      246 |     expect(page.url()).toMatch(/\/(en|el|fr|de)(\/|$)/);
      247 |   });
      248 |
        at /home/tbaltzakis/cloudless.gr/e2e/app-fullstack.spec.ts:245:16

    attachment #1: screenshot (image/png) ──────────────────────────────────────────────────────────
    test-results/app-fullstack-Redirects-and-Navigation-locale-redirect-works-mobile-chrome/test-failed-1.png
    ────────────────────────────────────────────────────────────────────────────────────────────────

    attachment #2: video (video/webm) ──────────────────────────────────────────────────────────────
    test-results/app-fullstack-Redirects-and-Navigation-locale-redirect-works-mobile-chrome/video.webm
    ────────────────────────────────────────────────────────────────────────────────────────────────

    Error Context: test-results/app-fullstack-Redirects-and-Navigation-locale-redirect-works-mobile-chrome/error-context.md

    Retry #1 ───────────────────────────────────────────────────────────────────────────────────────

    Error: page.goto: net::ERR_CONNECTION_REFUSED at http://localhost:4000/
    Call log:
      - navigating to "http://localhost:4000/", waiting until "load"


      243 | test.describe("Redirects and Navigation", () => {
      244 |   test("locale redirect works", async ({ page }) => {
    > 245 |     await page.goto("/");
          |                ^
      246 |     expect(page.url()).toMatch(/\/(en|el|fr|de)(\/|$)/);
      247 |   });
      248 |
        at /home/tbaltzakis/cloudless.gr/e2e/app-fullstack.spec.ts:245:16

    attachment #1: screenshot (image/png) ──────────────────────────────────────────────────────────
    test-results/app-fullstack-Redirects-and-Navigation-locale-redirect-works-mobile-chrome-retry1/test-failed-1.png
    ────────────────────────────────────────────────────────────────────────────────────────────────

    attachment #2: video (video/webm) ──────────────────────────────────────────────────────────────
    test-results/app-fullstack-Redirects-and-Navigation-locale-redirect-works-mobile-chrome-retry1/video.webm
    ────────────────────────────────────────────────────────────────────────────────────────────────

    Error Context: test-results/app-fullstack-Redirects-and-Navigation-locale-redirect-works-mobile-chrome-retry1/error-context.md

    attachment #4: trace (application/zip) ─────────────────────────────────────────────────────────
    test-results/app-fullstack-Redirects-and-Navigation-locale-redirect-works-mobile-chrome-retry1/trace.zip
    Usage:

        npx playwright show-trace test-results/app-fullstack-Redirects-and-Navigation-locale-redirect-works-mobile-chrome-retry1/trace.zip

    ────────────────────────────────────────────────────────────────────────────────────────────────

  1258) [mobile-chrome] › e2e/app-fullstack.spec.ts:249:7 › Redirects and Navigation › navigation between key pages 

    Error: page.goto: net::ERR_CONNECTION_REFUSED at http://localhost:4000/en
    Call log:
      - navigating to "http://localhost:4000/en", waiting until "load"


      248 |
      249 |   test("navigation between key pages", async ({ page }) => {
    > 250 |     await page.goto("/en");
          |                ^
      251 |     await expect(page.locator("body")).toBeVisible();
      252 |     
      253 |     // For SPA pages, links may not be immediately available
        at /home/tbaltzakis/cloudless.gr/e2e/app-fullstack.spec.ts:250:16

    attachment #1: screenshot (image/png) ──────────────────────────────────────────────────────────
    test-results/app-fullstack-Redirects-an-62f55-avigation-between-key-pages-mobile-chrome/test-failed-1.png
    ────────────────────────────────────────────────────────────────────────────────────────────────

    attachment #2: video (video/webm) ──────────────────────────────────────────────────────────────
    test-results/app-fullstack-Redirects-an-62f55-avigation-between-key-pages-mobile-chrome/video.webm
    ────────────────────────────────────────────────────────────────────────────────────────────────

    Error Context: test-results/app-fullstack-Redirects-an-62f55-avigation-between-key-pages-mobile-chrome/error-context.md

    Retry #1 ───────────────────────────────────────────────────────────────────────────────────────

    Error: page.goto: net::ERR_CONNECTION_REFUSED at http://localhost:4000/en
    Call log:
      - navigating to "http://localhost:4000/en", waiting until "load"


      248 |
      249 |   test("navigation between key pages", async ({ page }) => {
    > 250 |     await page.goto("/en");
          |                ^
      251 |     await expect(page.locator("body")).toBeVisible();
      252 |     
      253 |     // For SPA pages, links may not be immediately available
        at /home/tbaltzakis/cloudless.gr/e2e/app-fullstack.spec.ts:250:16

    attachment #1: screenshot (image/png) ──────────────────────────────────────────────────────────
    test-results/app-fullstack-Redirects-an-62f55-avigation-between-key-pages-mobile-chrome-retry1/test-failed-1.png
    ────────────────────────────────────────────────────────────────────────────────────────────────

    attachment #2: video (video/webm) ──────────────────────────────────────────────────────────────
    test-results/app-fullstack-Redirects-an-62f55-avigation-between-key-pages-mobile-chrome-retry1/video.webm
    ────────────────────────────────────────────────────────────────────────────────────────────────

    Error Context: test-results/app-fullstack-Redirects-an-62f55-avigation-between-key-pages-mobile-chrome-retry1/error-context.md

    attachment #4: trace (application/zip) ─────────────────────────────────────────────────────────
    test-results/app-fullstack-Redirects-an-62f55-avigation-between-key-pages-mobile-chrome-retry1/trace.zip
    Usage:

        npx playwright show-trace test-results/app-fullstack-Redirects-an-62f55-avigation-between-key-pages-mobile-chrome-retry1/trace.zip

    ────────────────────────────────────────────────────────────────────────────────────────────────

  1259) [mobile-chrome] › e2e/app-fullstack.spec.ts:263:7 › Error Handling › 404 for non-existent pages 

    Error: page.goto: net::ERR_CONNECTION_REFUSED at http://localhost:4000/en/non-existent-page-xyz
    Call log:
      - navigating to "http://localhost:4000/en/non-existent-page-xyz", waiting until "load"


      262 | test.describe("Error Handling", () => {
      263 |   test("404 for non-existent pages", async ({ page }) => {
    > 264 |     const response = await page.goto("/en/non-existent-page-xyz");
          |                                 ^
      265 |     // SPA may return 200 with index.html for undefined routes
      266 |     expect([404, 200]).toContain(response?.status() ?? 0);
      267 |   });
        at /home/tbaltzakis/cloudless.gr/e2e/app-fullstack.spec.ts:264:33

    attachment #1: screenshot (image/png) ──────────────────────────────────────────────────────────
    test-results/app-fullstack-Error-Handling-404-for-non-existent-pages-mobile-chrome/test-failed-1.png
    ────────────────────────────────────────────────────────────────────────────────────────────────

    attachment #2: video (video/webm) ──────────────────────────────────────────────────────────────
    test-results/app-fullstack-Error-Handling-404-for-non-existent-pages-mobile-chrome/video.webm
    ────────────────────────────────────────────────────────────────────────────────────────────────

    Error Context: test-results/app-fullstack-Error-Handling-404-for-non-existent-pages-mobile-chrome/error-context.md

    Retry #1 ───────────────────────────────────────────────────────────────────────────────────────

    Error: page.goto: net::ERR_CONNECTION_REFUSED at http://localhost:4000/en/non-existent-page-xyz
    Call log:
      - navigating to "http://localhost:4000/en/non-existent-page-xyz", waiting until "load"


      262 | test.describe("Error Handling", () => {
      263 |   test("404 for non-existent pages", async ({ page }) => {
    > 264 |     const response = await page.goto("/en/non-existent-page-xyz");
          |                                 ^
      265 |     // SPA may return 200 with index.html for undefined routes
      266 |     expect([404, 200]).toContain(response?.status() ?? 0);
      267 |   });
        at /home/tbaltzakis/cloudless.gr/e2e/app-fullstack.spec.ts:264:33

    attachment #1: screenshot (image/png) ──────────────────────────────────────────────────────────
    test-results/app-fullstack-Error-Handling-404-for-non-existent-pages-mobile-chrome-retry1/test-failed-1.png
    ────────────────────────────────────────────────────────────────────────────────────────────────

    attachment #2: video (video/webm) ──────────────────────────────────────────────────────────────
    test-results/app-fullstack-Error-Handling-404-for-non-existent-pages-mobile-chrome-retry1/video.webm
    ────────────────────────────────────────────────────────────────────────────────────────────────

    Error Context: test-results/app-fullstack-Error-Handling-404-for-non-existent-pages-mobile-chrome-retry1/error-context.md

    attachment #4: trace (application/zip) ─────────────────────────────────────────────────────────
    test-results/app-fullstack-Error-Handling-404-for-non-existent-pages-mobile-chrome-retry1/trace.zip
    Usage:

        npx playwright show-trace test-results/app-fullstack-Error-Handling-404-for-non-existent-pages-mobile-chrome-retry1/trace.zip

    ────────────────────────────────────────────────────────────────────────────────────────────────

  1260) [mobile-chrome] › e2e/app-fullstack.spec.ts:269:7 › Error Handling › not-found page renders 

    Error: page.goto: net::ERR_CONNECTION_REFUSED at http://localhost:4000/en/non-existent
    Call log:
      - navigating to "http://localhost:4000/en/non-existent", waiting until "load"


      268 |
      269 |   test("not-found page renders", async ({ page }) => {
    > 270 |     await page.goto("/en/non-existent");
          |                ^
      271 |     await expect(page.locator("body")).toBeVisible();
      272 |   });
      273 | });
        at /home/tbaltzakis/cloudless.gr/e2e/app-fullstack.spec.ts:270:16

    attachment #1: screenshot (image/png) ──────────────────────────────────────────────────────────
    test-results/app-fullstack-Error-Handling-not-found-page-renders-mobile-chrome/test-failed-1.png
    ────────────────────────────────────────────────────────────────────────────────────────────────

    attachment #2: video (video/webm) ──────────────────────────────────────────────────────────────
    test-results/app-fullstack-Error-Handling-not-found-page-renders-mobile-chrome/video.webm
    ────────────────────────────────────────────────────────────────────────────────────────────────

    Error Context: test-results/app-fullstack-Error-Handling-not-found-page-renders-mobile-chrome/error-context.md

    Retry #1 ───────────────────────────────────────────────────────────────────────────────────────

    Error: page.goto: net::ERR_CONNECTION_REFUSED at http://localhost:4000/en/non-existent
    Call log:
      - navigating to "http://localhost:4000/en/non-existent", waiting until "load"


      268 |
      269 |   test("not-found page renders", async ({ page }) => {
    > 270 |     await page.goto("/en/non-existent");
          |                ^
      271 |     await expect(page.locator("body")).toBeVisible();
      272 |   });
      273 | });
        at /home/tbaltzakis/cloudless.gr/e2e/app-fullstack.spec.ts:270:16

    attachment #1: screenshot (image/png) ──────────────────────────────────────────────────────────
    test-results/app-fullstack-Error-Handling-not-found-page-renders-mobile-chrome-retry1/test-failed-1.png
    ────────────────────────────────────────────────────────────────────────────────────────────────

    attachment #2: video (video/webm) ──────────────────────────────────────────────────────────────
    test-results/app-fullstack-Error-Handling-not-found-page-renders-mobile-chrome-retry1/video.webm
    ────────────────────────────────────────────────────────────────────────────────────────────────

    Error Context: test-results/app-fullstack-Error-Handling-not-found-page-renders-mobile-chrome-retry1/error-context.md

    attachment #4: trace (application/zip) ─────────────────────────────────────────────────────────
    test-results/app-fullstack-Error-Handling-not-found-page-renders-mobile-chrome-retry1/trace.zip
    Usage:

        npx playwright show-trace test-results/app-fullstack-Error-Handling-not-found-page-renders-mobile-chrome-retry1/trace.zip

    ────────────────────────────────────────────────────────────────────────────────────────────────

  1261) [mobile-chrome] › e2e/app-fullstack.spec.ts:278:7 › Responsive Design › mobile navigation works 

    Error: page.goto: net::ERR_CONNECTION_REFUSED at http://localhost:4000/en
    Call log:
      - navigating to "http://localhost:4000/en", waiting until "load"


      277 |
      278 |   test("mobile navigation works", async ({ page }) => {
    > 279 |     await page.goto("/en");
          |                ^
      280 |     await expect(page.locator("body")).toBeVisible();
      281 |
      282 |     // Mobile menu button
        at /home/tbaltzakis/cloudless.gr/e2e/app-fullstack.spec.ts:279:16

    attachment #1: screenshot (image/png) ──────────────────────────────────────────────────────────
    test-results/app-fullstack-Responsive-Design-mobile-navigation-works-mobile-chrome/test-failed-1.png
    ────────────────────────────────────────────────────────────────────────────────────────────────

    attachment #2: video (video/webm) ──────────────────────────────────────────────────────────────
    test-results/app-fullstack-Responsive-Design-mobile-navigation-works-mobile-chrome/video.webm
    ────────────────────────────────────────────────────────────────────────────────────────────────

    Error Context: test-results/app-fullstack-Responsive-Design-mobile-navigation-works-mobile-chrome/error-context.md

    Retry #1 ───────────────────────────────────────────────────────────────────────────────────────

    Error: page.goto: net::ERR_CONNECTION_REFUSED at http://localhost:4000/en
    Call log:
      - navigating to "http://localhost:4000/en", waiting until "load"


      277 |
      278 |   test("mobile navigation works", async ({ page }) => {
    > 279 |     await page.goto("/en");
          |                ^
      280 |     await expect(page.locator("body")).toBeVisible();
      281 |
      282 |     // Mobile menu button
        at /home/tbaltzakis/cloudless.gr/e2e/app-fullstack.spec.ts:279:16

    attachment #1: screenshot (image/png) ──────────────────────────────────────────────────────────
    test-results/app-fullstack-Responsive-Design-mobile-navigation-works-mobile-chrome-retry1/test-failed-1.png
    ────────────────────────────────────────────────────────────────────────────────────────────────

    attachment #2: video (video/webm) ──────────────────────────────────────────────────────────────
    test-results/app-fullstack-Responsive-Design-mobile-navigation-works-mobile-chrome-retry1/video.webm
    ────────────────────────────────────────────────────────────────────────────────────────────────

    Error Context: test-results/app-fullstack-Responsive-Design-mobile-navigation-works-mobile-chrome-retry1/error-context.md

    attachment #4: trace (application/zip) ─────────────────────────────────────────────────────────
    test-results/app-fullstack-Responsive-Design-mobile-navigation-works-mobile-chrome-retry1/trace.zip
    Usage:

        npx playwright show-trace test-results/app-fullstack-Responsive-Design-mobile-navigation-works-mobile-chrome-retry1/trace.zip

    ────────────────────────────────────────────────────────────────────────────────────────────────

  1262) [mobile-chrome] › e2e/app-fullstack.spec.ts:293:7 › Accessibility › page has proper heading structure 

    Error: page.goto: net::ERR_CONNECTION_REFUSED at http://localhost:4000/en
    Call log:
      - navigating to "http://localhost:4000/en", waiting until "load"


      292 | test.describe("Accessibility", () => {
      293 |   test("page has proper heading structure", async ({ page }) => {
    > 294 |     await page.goto("/en");
          |                ^
      295 |     
      296 |     // For SPA pages, h1 may not be immediately available
      297 |     const hasH1 = await page.locator("h1").first().isVisible({ timeout: 5_000 }).catch(() => false);
        at /home/tbaltzakis/cloudless.gr/e2e/app-fullstack.spec.ts:294:16

    attachment #1: screenshot (image/png) ──────────────────────────────────────────────────────────
    test-results/app-fullstack-Accessibilit-d4cfb-as-proper-heading-structure-mobile-chrome/test-failed-1.png
    ────────────────────────────────────────────────────────────────────────────────────────────────

    attachment #2: video (video/webm) ──────────────────────────────────────────────────────────────
    test-results/app-fullstack-Accessibilit-d4cfb-as-proper-heading-structure-mobile-chrome/video.webm
    ────────────────────────────────────────────────────────────────────────────────────────────────

    Error Context: test-results/app-fullstack-Accessibilit-d4cfb-as-proper-heading-structure-mobile-chrome/error-context.md

    Retry #1 ───────────────────────────────────────────────────────────────────────────────────────

    Error: page.goto: net::ERR_CONNECTION_REFUSED at http://localhost:4000/en
    Call log:
      - navigating to "http://localhost:4000/en", waiting until "load"


      292 | test.describe("Accessibility", () => {
      293 |   test("page has proper heading structure", async ({ page }) => {
    > 294 |     await page.goto("/en");
          |                ^
      295 |     
      296 |     // For SPA pages, h1 may not be immediately available
      297 |     const hasH1 = await page.locator("h1").first().isVisible({ timeout: 5_000 }).catch(() => false);
        at /home/tbaltzakis/cloudless.gr/e2e/app-fullstack.spec.ts:294:16

    attachment #1: screenshot (image/png) ──────────────────────────────────────────────────────────
    test-results/app-fullstack-Accessibilit-d4cfb-as-proper-heading-structure-mobile-chrome-retry1/test-failed-1.png
    ────────────────────────────────────────────────────────────────────────────────────────────────

    attachment #2: video (video/webm) ──────────────────────────────────────────────────────────────
    test-results/app-fullstack-Accessibilit-d4cfb-as-proper-heading-structure-mobile-chrome-retry1/video.webm
    ────────────────────────────────────────────────────────────────────────────────────────────────

    Error Context: test-results/app-fullstack-Accessibilit-d4cfb-as-proper-heading-structure-mobile-chrome-retry1/error-context.md

    attachment #4: trace (application/zip) ─────────────────────────────────────────────────────────
    test-results/app-fullstack-Accessibilit-d4cfb-as-proper-heading-structure-mobile-chrome-retry1/trace.zip
    Usage:

        npx playwright show-trace test-results/app-fullstack-Accessibilit-d4cfb-as-proper-heading-structure-mobile-chrome-retry1/trace.zip

    ────────────────────────────────────────────────────────────────────────────────────────────────

  1263) [mobile-chrome] › e2e/app-fullstack.spec.ts:302:7 › Accessibility › images have alt text or aria-hidden 

    Error: page.goto: net::ERR_CONNECTION_REFUSED at http://localhost:4000/en
    Call log:
      - navigating to "http://localhost:4000/en", waiting until "load"


      301 |
      302 |   test("images have alt text or aria-hidden", async ({ page }) => {
    > 303 |     await page.goto("/en");
          |                ^
      304 |
      305 |     const images = page.locator("img:not([aria-hidden='true'])");
      306 |     const count = await images.count();
        at /home/tbaltzakis/cloudless.gr/e2e/app-fullstack.spec.ts:303:16

    attachment #1: screenshot (image/png) ──────────────────────────────────────────────────────────
    test-results/app-fullstack-Accessibilit-3c808-ave-alt-text-or-aria-hidden-mobile-chrome/test-failed-1.png
    ────────────────────────────────────────────────────────────────────────────────────────────────

    attachment #2: video (video/webm) ──────────────────────────────────────────────────────────────
    test-results/app-fullstack-Accessibilit-3c808-ave-alt-text-or-aria-hidden-mobile-chrome/video.webm
    ────────────────────────────────────────────────────────────────────────────────────────────────

    Error Context: test-results/app-fullstack-Accessibilit-3c808-ave-alt-text-or-aria-hidden-mobile-chrome/error-context.md

    Retry #1 ───────────────────────────────────────────────────────────────────────────────────────

    Error: page.goto: net::ERR_CONNECTION_REFUSED at http://localhost:4000/en
    Call log:
      - navigating to "http://localhost:4000/en", waiting until "load"


      301 |
      302 |   test("images have alt text or aria-hidden", async ({ page }) => {
    > 303 |     await page.goto("/en");
          |                ^
      304 |
      305 |     const images = page.locator("img:not([aria-hidden='true'])");
      306 |     const count = await images.count();
        at /home/tbaltzakis/cloudless.gr/e2e/app-fullstack.spec.ts:303:16

    attachment #1: screenshot (image/png) ──────────────────────────────────────────────────────────
    test-results/app-fullstack-Accessibilit-3c808-ave-alt-text-or-aria-hidden-mobile-chrome-retry1/test-failed-1.png
    ────────────────────────────────────────────────────────────────────────────────────────────────

    attachment #2: video (video/webm) ──────────────────────────────────────────────────────────────
    test-results/app-fullstack-Accessibilit-3c808-ave-alt-text-or-aria-hidden-mobile-chrome-retry1/video.webm
    ────────────────────────────────────────────────────────────────────────────────────────────────

    Error Context: test-results/app-fullstack-Accessibilit-3c808-ave-alt-text-or-aria-hidden-mobile-chrome-retry1/error-context.md

    attachment #4: trace (application/zip) ─────────────────────────────────────────────────────────
    test-results/app-fullstack-Accessibilit-3c808-ave-alt-text-or-aria-hidden-mobile-chrome-retry1/trace.zip
    Usage:

        npx playwright show-trace test-results/app-fullstack-Accessibilit-3c808-ave-alt-text-or-aria-hidden-mobile-chrome-retry1/trace.zip

    ────────────────────────────────────────────────────────────────────────────────────────────────

  1264) [mobile-chrome] › e2e/app-fullstack.spec.ts:317:7 › SEO and Metadata › pages have meta description 

    Error: page.goto: net::ERR_CONNECTION_REFUSED at http://localhost:4000/en
    Call log:
      - navigating to "http://localhost:4000/en", waiting until "load"


      316 | test.describe("SEO and Metadata", () => {
      317 |   test("pages have meta description", async ({ page }) => {
    > 318 |     await page.goto("/en");
          |                ^
      319 |     const metaDescription = page.locator('meta[name="description"]');
      320 |     const count = await metaDescription.count();
      321 |     // Either meta description exists or it's a SPA page
        at /home/tbaltzakis/cloudless.gr/e2e/app-fullstack.spec.ts:318:16

    attachment #1: screenshot (image/png) ──────────────────────────────────────────────────────────
    test-results/app-fullstack-SEO-and-Metadata-pages-have-meta-description-mobile-chrome/test-failed-1.png
    ────────────────────────────────────────────────────────────────────────────────────────────────

    attachment #2: video (video/webm) ──────────────────────────────────────────────────────────────
    test-results/app-fullstack-SEO-and-Metadata-pages-have-meta-description-mobile-chrome/video.webm
    ────────────────────────────────────────────────────────────────────────────────────────────────

    Error Context: test-results/app-fullstack-SEO-and-Metadata-pages-have-meta-description-mobile-chrome/error-context.md

    Retry #1 ───────────────────────────────────────────────────────────────────────────────────────

    Error: page.goto: net::ERR_CONNECTION_REFUSED at http://localhost:4000/en
    Call log:
      - navigating to "http://localhost:4000/en", waiting until "load"


      316 | test.describe("SEO and Metadata", () => {
      317 |   test("pages have meta description", async ({ page }) => {
    > 318 |     await page.goto("/en");
          |                ^
      319 |     const metaDescription = page.locator('meta[name="description"]');
      320 |     const count = await metaDescription.count();
      321 |     // Either meta description exists or it's a SPA page
        at /home/tbaltzakis/cloudless.gr/e2e/app-fullstack.spec.ts:318:16

    attachment #1: screenshot (image/png) ──────────────────────────────────────────────────────────
    test-results/app-fullstack-SEO-and-Metadata-pages-have-meta-description-mobile-chrome-retry1/test-failed-1.png
    ────────────────────────────────────────────────────────────────────────────────────────────────

    attachment #2: video (video/webm) ──────────────────────────────────────────────────────────────
    test-results/app-fullstack-SEO-and-Metadata-pages-have-meta-description-mobile-chrome-retry1/video.webm
    ────────────────────────────────────────────────────────────────────────────────────────────────

    Error Context: test-results/app-fullstack-SEO-and-Metadata-pages-have-meta-description-mobile-chrome-retry1/error-context.md

    attachment #4: trace (application/zip) ─────────────────────────────────────────────────────────
    test-results/app-fullstack-SEO-and-Metadata-pages-have-meta-description-mobile-chrome-retry1/trace.zip
    Usage:

        npx playwright show-trace test-results/app-fullstack-SEO-and-Metadata-pages-have-meta-description-mobile-chrome-retry1/trace.zip

    ────────────────────────────────────────────────────────────────────────────────────────────────

  1265) [mobile-chrome] › e2e/app-fullstack.spec.ts:328:7 › SEO and Metadata › pages have Open Graph tags 

    Error: page.goto: net::ERR_CONNECTION_REFUSED at http://localhost:4000/en
    Call log:
      - navigating to "http://localhost:4000/en", waiting until "load"


      327 |
      328 |   test("pages have Open Graph tags", async ({ page }) => {
    > 329 |     await page.goto("/en");
          |                ^
      330 |     const ogTitle = page.locator('meta[property="og:title"]');
      331 |     const count = await ogTitle.count();
      332 |     // Either OG tags exist or it's a SPA page
        at /home/tbaltzakis/cloudless.gr/e2e/app-fullstack.spec.ts:329:16

    attachment #1: screenshot (image/png) ──────────────────────────────────────────────────────────
    test-results/app-fullstack-SEO-and-Metadata-pages-have-Open-Graph-tags-mobile-chrome/test-failed-1.png
    ────────────────────────────────────────────────────────────────────────────────────────────────

    attachment #2: video (video/webm) ──────────────────────────────────────────────────────────────
    test-results/app-fullstack-SEO-and-Metadata-pages-have-Open-Graph-tags-mobile-chrome/video.webm
    ────────────────────────────────────────────────────────────────────────────────────────────────

    Error Context: test-results/app-fullstack-SEO-and-Metadata-pages-have-Open-Graph-tags-mobile-chrome/error-context.md

    Retry #1 ───────────────────────────────────────────────────────────────────────────────────────

    Error: page.goto: net::ERR_CONNECTION_REFUSED at http://localhost:4000/en
    Call log:
      - navigating to "http://localhost:4000/en", waiting until "load"


      327 |
      328 |   test("pages have Open Graph tags", async ({ page }) => {
    > 329 |     await page.goto("/en");
          |                ^
      330 |     const ogTitle = page.locator('meta[property="og:title"]');
      331 |     const count = await ogTitle.count();
      332 |     // Either OG tags exist or it's a SPA page
        at /home/tbaltzakis/cloudless.gr/e2e/app-fullstack.spec.ts:329:16

    attachment #1: screenshot (image/png) ──────────────────────────────────────────────────────────
    test-results/app-fullstack-SEO-and-Metadata-pages-have-Open-Graph-tags-mobile-chrome-retry1/test-failed-1.png
    ────────────────────────────────────────────────────────────────────────────────────────────────

    attachment #2: video (video/webm) ──────────────────────────────────────────────────────────────
    test-results/app-fullstack-SEO-and-Metadata-pages-have-Open-Graph-tags-mobile-chrome-retry1/video.webm
    ────────────────────────────────────────────────────────────────────────────────────────────────

    Error Context: test-results/app-fullstack-SEO-and-Metadata-pages-have-Open-Graph-tags-mobile-chrome-retry1/error-context.md

    attachment #4: trace (application/zip) ─────────────────────────────────────────────────────────
    test-results/app-fullstack-SEO-and-Metadata-pages-have-Open-Graph-tags-mobile-chrome-retry1/trace.zip
    Usage:

        npx playwright show-trace test-results/app-fullstack-SEO-and-Metadata-pages-have-Open-Graph-tags-mobile-chrome-retry1/trace.zip

    ────────────────────────────────────────────────────────────────────────────────────────────────

  1266) [mobile-chrome] › e2e/app-fullstack.spec.ts:339:7 › Performance › page loads within acceptable time 

    Error: page.goto: net::ERR_CONNECTION_REFUSED at http://localhost:4000/en
    Call log:
      - navigating to "http://localhost:4000/en", waiting until "load"


      339 |   test("page loads within acceptable time", async ({ page }) => {
      340 |     const startTime = Date.now();
    > 341 |     await page.goto("/en");
          |                ^
      342 |     await page.waitForLoadState("networkidle");
      343 |     const loadTime = Date.now() - startTime;
      344 |
        at /home/tbaltzakis/cloudless.gr/e2e/app-fullstack.spec.ts:341:16

    attachment #1: screenshot (image/png) ──────────────────────────────────────────────────────────
    test-results/app-fullstack-Performance-page-loads-within-acceptable-time-mobile-chrome/test-failed-1.png
    ────────────────────────────────────────────────────────────────────────────────────────────────

    attachment #2: video (video/webm) ──────────────────────────────────────────────────────────────
    test-results/app-fullstack-Performance-page-loads-within-acceptable-time-mobile-chrome/video.webm
    ────────────────────────────────────────────────────────────────────────────────────────────────

    Error Context: test-results/app-fullstack-Performance-page-loads-within-acceptable-time-mobile-chrome/error-context.md

    Retry #1 ───────────────────────────────────────────────────────────────────────────────────────

    Error: page.goto: net::ERR_CONNECTION_REFUSED at http://localhost:4000/en
    Call log:
      - navigating to "http://localhost:4000/en", waiting until "load"


      339 |   test("page loads within acceptable time", async ({ page }) => {
      340 |     const startTime = Date.now();
    > 341 |     await page.goto("/en");
          |                ^
      342 |     await page.waitForLoadState("networkidle");
      343 |     const loadTime = Date.now() - startTime;
      344 |
        at /home/tbaltzakis/cloudless.gr/e2e/app-fullstack.spec.ts:341:16

    attachment #1: screenshot (image/png) ──────────────────────────────────────────────────────────
    test-results/app-fullstack-Performance-page-loads-within-acceptable-time-mobile-chrome-retry1/test-failed-1.png
    ────────────────────────────────────────────────────────────────────────────────────────────────

    attachment #2: video (video/webm) ──────────────────────────────────────────────────────────────
    test-results/app-fullstack-Performance-page-loads-within-acceptable-time-mobile-chrome-retry1/video.webm
    ────────────────────────────────────────────────────────────────────────────────────────────────

    Error Context: test-results/app-fullstack-Performance-page-loads-within-acceptable-time-mobile-chrome-retry1/error-context.md

    attachment #4: trace (application/zip) ─────────────────────────────────────────────────────────
    test-results/app-fullstack-Performance-page-loads-within-acceptable-time-mobile-chrome-retry1/trace.zip
    Usage:

        npx playwright show-trace test-results/app-fullstack-Performance-page-loads-within-acceptable-time-mobile-chrome-retry1/trace.zip

    ────────────────────────────────────────────────────────────────────────────────────────────────

  1267) [mobile-chrome] › e2e/app-fullstack.spec.ts:351:7 › Security Headers › security headers are present 

    Error: apiRequestContext.get: connect ECONNREFUSED ::1:4000
    Call log:
      - → GET http://localhost:4000/en
        - user-agent: Mozilla/5.0 (Linux; Android 14; Pixel 7) AppleWebKit/537.36 (KHTML, like Gecko) Chrome/151.0.7922.34 Mobile Safari/537.36
        - accept: */*
        - accept-encoding: gzip,deflate,br

        at apiRequestContext.get: connect ECONNREFUSED ::1:4000
        at /home/tbaltzakis/cloudless.gr/e2e/app-fullstack.spec.ts:352:36

    Error Context: test-results/app-fullstack-Security-Headers-security-headers-are-present-mobile-chrome/error-context.md

    Retry #1 ───────────────────────────────────────────────────────────────────────────────────────

    Error: apiRequestContext.get: connect ECONNREFUSED ::1:4000
    Call log:
      - → GET http://localhost:4000/en
        - user-agent: Mozilla/5.0 (Linux; Android 14; Pixel 7) AppleWebKit/537.36 (KHTML, like Gecko) Chrome/151.0.7922.34 Mobile Safari/537.36
        - accept: */*
        - accept-encoding: gzip,deflate,br

        at apiRequestContext.get: connect ECONNREFUSED ::1:4000
        at /home/tbaltzakis/cloudless.gr/e2e/app-fullstack.spec.ts:352:36

    Error Context: test-results/app-fullstack-Security-Headers-security-headers-are-present-mobile-chrome-retry1/error-context.md

    attachment #2: trace (application/zip) ─────────────────────────────────────────────────────────
    test-results/app-fullstack-Security-Headers-security-headers-are-present-mobile-chrome-retry1/trace.zip
    Usage:

        npx playwright show-trace test-results/app-fullstack-Security-Headers-security-headers-are-present-mobile-chrome-retry1/trace.zip

    ────────────────────────────────────────────────────────────────────────────────────────────────

  1268) [mobile-chrome] › e2e/appflowy-cms.spec.ts:39:7 › AppFlowy CMS — /blog › renders the blog header and search input 

    Error: page.goto: net::ERR_CONNECTION_REFUSED at http://localhost:4000/blog
    Call log:
      - navigating to "http://localhost:4000/blog", waiting until "load"


      38 | test.describe("AppFlowy CMS — /blog", () => {
      39 |   test("renders the blog header and search input", async ({ page }) => {
    > 40 |     await page.goto("/blog");
         |                ^
      41 |     await expect(
      42 |       page.getByRole("heading", { level: 1, name: /insights/i })
      43 |     ).toBeVisible();
        at /home/tbaltzakis/cloudless.gr/e2e/appflowy-cms.spec.ts:40:16

    attachment #1: screenshot (image/png) ──────────────────────────────────────────────────────────
    test-results/appflowy-cms-AppFlowy-CMS--fae3d-log-header-and-search-input-mobile-chrome/test-failed-1.png
    ────────────────────────────────────────────────────────────────────────────────────────────────

    attachment #2: video (video/webm) ──────────────────────────────────────────────────────────────
    test-results/appflowy-cms-AppFlowy-CMS--fae3d-log-header-and-search-input-mobile-chrome/video.webm
    ────────────────────────────────────────────────────────────────────────────────────────────────

    Error Context: test-results/appflowy-cms-AppFlowy-CMS--fae3d-log-header-and-search-input-mobile-chrome/error-context.md

    Retry #1 ───────────────────────────────────────────────────────────────────────────────────────

    Error: page.goto: net::ERR_CONNECTION_REFUSED at http://localhost:4000/blog
    Call log:
      - navigating to "http://localhost:4000/blog", waiting until "load"


      38 | test.describe("AppFlowy CMS — /blog", () => {
      39 |   test("renders the blog header and search input", async ({ page }) => {
    > 40 |     await page.goto("/blog");
         |                ^
      41 |     await expect(
      42 |       page.getByRole("heading", { level: 1, name: /insights/i })
      43 |     ).toBeVisible();
        at /home/tbaltzakis/cloudless.gr/e2e/appflowy-cms.spec.ts:40:16

    attachment #1: screenshot (image/png) ──────────────────────────────────────────────────────────
    test-results/appflowy-cms-AppFlowy-CMS--fae3d-log-header-and-search-input-mobile-chrome-retry1/test-failed-1.png
    ────────────────────────────────────────────────────────────────────────────────────────────────

    attachment #2: video (video/webm) ──────────────────────────────────────────────────────────────
    test-results/appflowy-cms-AppFlowy-CMS--fae3d-log-header-and-search-input-mobile-chrome-retry1/video.webm
    ────────────────────────────────────────────────────────────────────────────────────────────────

    Error Context: test-results/appflowy-cms-AppFlowy-CMS--fae3d-log-header-and-search-input-mobile-chrome-retry1/error-context.md

    attachment #4: trace (application/zip) ─────────────────────────────────────────────────────────
    test-results/appflowy-cms-AppFlowy-CMS--fae3d-log-header-and-search-input-mobile-chrome-retry1/trace.zip
    Usage:

        npx playwright show-trace test-results/appflowy-cms-AppFlowy-CMS--fae3d-log-header-and-search-input-mobile-chrome-retry1/trace.zip

    ────────────────────────────────────────────────────────────────────────────────────────────────

  1269) [mobile-chrome] › e2e/appflowy-cms.spec.ts:47:7 › AppFlowy CMS — /blog › lists at least one post card linking to /blog/[slug] 

    Error: page.goto: net::ERR_CONNECTION_REFUSED at http://localhost:4000/blog
    Call log:
      - navigating to "http://localhost:4000/blog", waiting until "load"


      46 |
      47 |   test("lists at least one post card linking to /blog/[slug]", async ({ page }) => {
    > 48 |     await page.goto("/blog");
         |                ^
      49 |     const postLinks = page.locator('a[href^="/blog/"], a[href*="/blog/"]').filter({
      50 |       hasNot: page.locator('a[href$="/blog"]'),
      51 |     });
        at /home/tbaltzakis/cloudless.gr/e2e/appflowy-cms.spec.ts:48:16

    attachment #1: screenshot (image/png) ──────────────────────────────────────────────────────────
    test-results/appflowy-cms-AppFlowy-CMS--5aeb7--card-linking-to-blog-slug--mobile-chrome/test-failed-1.png
    ────────────────────────────────────────────────────────────────────────────────────────────────

    attachment #2: video (video/webm) ──────────────────────────────────────────────────────────────
    test-results/appflowy-cms-AppFlowy-CMS--5aeb7--card-linking-to-blog-slug--mobile-chrome/video.webm
    ────────────────────────────────────────────────────────────────────────────────────────────────

    Error Context: test-results/appflowy-cms-AppFlowy-CMS--5aeb7--card-linking-to-blog-slug--mobile-chrome/error-context.md

    Retry #1 ───────────────────────────────────────────────────────────────────────────────────────

    Error: page.goto: net::ERR_CONNECTION_REFUSED at http://localhost:4000/blog
    Call log:
      - navigating to "http://localhost:4000/blog", waiting until "load"


      46 |
      47 |   test("lists at least one post card linking to /blog/[slug]", async ({ page }) => {
    > 48 |     await page.goto("/blog");
         |                ^
      49 |     const postLinks = page.locator('a[href^="/blog/"], a[href*="/blog/"]').filter({
      50 |       hasNot: page.locator('a[href$="/blog"]'),
      51 |     });
        at /home/tbaltzakis/cloudless.gr/e2e/appflowy-cms.spec.ts:48:16

    attachment #1: screenshot (image/png) ──────────────────────────────────────────────────────────
    test-results/appflowy-cms-AppFlowy-CMS--5aeb7--card-linking-to-blog-slug--mobile-chrome-retry1/test-failed-1.png
    ────────────────────────────────────────────────────────────────────────────────────────────────

    attachment #2: video (video/webm) ──────────────────────────────────────────────────────────────
    test-results/appflowy-cms-AppFlowy-CMS--5aeb7--card-linking-to-blog-slug--mobile-chrome-retry1/video.webm
    ────────────────────────────────────────────────────────────────────────────────────────────────

    Error Context: test-results/appflowy-cms-AppFlowy-CMS--5aeb7--card-linking-to-blog-slug--mobile-chrome-retry1/error-context.md

    attachment #4: trace (application/zip) ─────────────────────────────────────────────────────────
    test-results/appflowy-cms-AppFlowy-CMS--5aeb7--card-linking-to-blog-slug--mobile-chrome-retry1/trace.zip
    Usage:

        npx playwright show-trace test-results/appflowy-cms-AppFlowy-CMS--5aeb7--card-linking-to-blog-slug--mobile-chrome-retry1/trace.zip

    ────────────────────────────────────────────────────────────────────────────────────────────────

  1270) [mobile-chrome] › e2e/appflowy-cms.spec.ts:56:7 › AppFlowy CMS — /blog › search query is preserved in the input 

    Error: page.goto: net::ERR_CONNECTION_REFUSED at http://localhost:4000/blog?q=cloud
    Call log:
      - navigating to "http://localhost:4000/blog?q=cloud", waiting until "load"


      55 |
      56 |   test("search query is preserved in the input", async ({ page }) => {
    > 57 |     await page.goto("/blog?q=cloud");
         |                ^
      58 |     await expect(page.getByPlaceholder(/search posts/i)).toHaveValue("cloud");
      59 |   });
      60 |
        at /home/tbaltzakis/cloudless.gr/e2e/appflowy-cms.spec.ts:57:16

    attachment #1: screenshot (image/png) ──────────────────────────────────────────────────────────
    test-results/appflowy-cms-AppFlowy-CMS--9170f-y-is-preserved-in-the-input-mobile-chrome/test-failed-1.png
    ────────────────────────────────────────────────────────────────────────────────────────────────

    attachment #2: video (video/webm) ──────────────────────────────────────────────────────────────
    test-results/appflowy-cms-AppFlowy-CMS--9170f-y-is-preserved-in-the-input-mobile-chrome/video.webm
    ────────────────────────────────────────────────────────────────────────────────────────────────

    Error Context: test-results/appflowy-cms-AppFlowy-CMS--9170f-y-is-preserved-in-the-input-mobile-chrome/error-context.md

    Retry #1 ───────────────────────────────────────────────────────────────────────────────────────

    Error: page.goto: net::ERR_CONNECTION_REFUSED at http://localhost:4000/blog?q=cloud
    Call log:
      - navigating to "http://localhost:4000/blog?q=cloud", waiting until "load"


      55 |
      56 |   test("search query is preserved in the input", async ({ page }) => {
    > 57 |     await page.goto("/blog?q=cloud");
         |                ^
      58 |     await expect(page.getByPlaceholder(/search posts/i)).toHaveValue("cloud");
      59 |   });
      60 |
        at /home/tbaltzakis/cloudless.gr/e2e/appflowy-cms.spec.ts:57:16

    attachment #1: screenshot (image/png) ──────────────────────────────────────────────────────────
    test-results/appflowy-cms-AppFlowy-CMS--9170f-y-is-preserved-in-the-input-mobile-chrome-retry1/test-failed-1.png
    ────────────────────────────────────────────────────────────────────────────────────────────────

    attachment #2: video (video/webm) ──────────────────────────────────────────────────────────────
    test-results/appflowy-cms-AppFlowy-CMS--9170f-y-is-preserved-in-the-input-mobile-chrome-retry1/video.webm
    ────────────────────────────────────────────────────────────────────────────────────────────────

    Error Context: test-results/appflowy-cms-AppFlowy-CMS--9170f-y-is-preserved-in-the-input-mobile-chrome-retry1/error-context.md

    attachment #4: trace (application/zip) ─────────────────────────────────────────────────────────
    test-results/appflowy-cms-AppFlowy-CMS--9170f-y-is-preserved-in-the-input-mobile-chrome-retry1/trace.zip
    Usage:

        npx playwright show-trace test-results/appflowy-cms-AppFlowy-CMS--9170f-y-is-preserved-in-the-input-mobile-chrome-retry1/trace.zip

    ────────────────────────────────────────────────────────────────────────────────────────────────

  1271) [mobile-chrome] › e2e/appflowy-cms.spec.ts:61:7 › AppFlowy CMS — /blog › nonexistent search yields empty-state message 

    Error: page.goto: net::ERR_CONNECTION_REFUSED at http://localhost:4000/blog?q=zzz_no_such_post_xyz
    Call log:
      - navigating to "http://localhost:4000/blog?q=zzz_no_such_post_xyz", waiting until "load"


      60 |
      61 |   test("nonexistent search yields empty-state message", async ({ page }) => {
    > 62 |     await page.goto("/blog?q=zzz_no_such_post_xyz");
         |                ^
      63 |     await expect(page.getByText(/no posts found/i)).toBeVisible();
      64 |   });
      65 | });
        at /home/tbaltzakis/cloudless.gr/e2e/appflowy-cms.spec.ts:62:16

    attachment #1: screenshot (image/png) ──────────────────────────────────────────────────────────
    test-results/appflowy-cms-AppFlowy-CMS--5ce43--yields-empty-state-message-mobile-chrome/test-failed-1.png
    ────────────────────────────────────────────────────────────────────────────────────────────────

    attachment #2: video (video/webm) ──────────────────────────────────────────────────────────────
    test-results/appflowy-cms-AppFlowy-CMS--5ce43--yields-empty-state-message-mobile-chrome/video.webm
    ────────────────────────────────────────────────────────────────────────────────────────────────

    Error Context: test-results/appflowy-cms-AppFlowy-CMS--5ce43--yields-empty-state-message-mobile-chrome/error-context.md

    Retry #1 ───────────────────────────────────────────────────────────────────────────────────────

    Error: page.goto: net::ERR_CONNECTION_REFUSED at http://localhost:4000/blog?q=zzz_no_such_post_xyz
    Call log:
      - navigating to "http://localhost:4000/blog?q=zzz_no_such_post_xyz", waiting until "load"


      60 |
      61 |   test("nonexistent search yields empty-state message", async ({ page }) => {
    > 62 |     await page.goto("/blog?q=zzz_no_such_post_xyz");
         |                ^
      63 |     await expect(page.getByText(/no posts found/i)).toBeVisible();
      64 |   });
      65 | });
        at /home/tbaltzakis/cloudless.gr/e2e/appflowy-cms.spec.ts:62:16

    attachment #1: screenshot (image/png) ──────────────────────────────────────────────────────────
    test-results/appflowy-cms-AppFlowy-CMS--5ce43--yields-empty-state-message-mobile-chrome-retry1/test-failed-1.png
    ────────────────────────────────────────────────────────────────────────────────────────────────

    attachment #2: video (video/webm) ──────────────────────────────────────────────────────────────
    test-results/appflowy-cms-AppFlowy-CMS--5ce43--yields-empty-state-message-mobile-chrome-retry1/video.webm
    ────────────────────────────────────────────────────────────────────────────────────────────────

    Error Context: test-results/appflowy-cms-AppFlowy-CMS--5ce43--yields-empty-state-message-mobile-chrome-retry1/error-context.md

    attachment #4: trace (application/zip) ─────────────────────────────────────────────────────────
    test-results/appflowy-cms-AppFlowy-CMS--5ce43--yields-empty-state-message-mobile-chrome-retry1/trace.zip
    Usage:

        npx playwright show-trace test-results/appflowy-cms-AppFlowy-CMS--5ce43--yields-empty-state-message-mobile-chrome-retry1/trace.zip

    ────────────────────────────────────────────────────────────────────────────────────────────────

  1272) [mobile-chrome] › e2e/appflowy-cms.spec.ts:70:7 › AppFlowy CMS — /blog/[slug] › static fallback post renders an article heading 

    Error: page.goto: net::ERR_CONNECTION_REFUSED at http://localhost:4000/blog/why-serverless-is-perfect-for-startups
    Call log:
      - navigating to "http://localhost:4000/blog/why-serverless-is-perfect-for-startups", waiting until "load"


      69 |
      70 |   test("static fallback post renders an article heading", async ({ page }) => {
    > 71 |     await page.goto(`/blog/${FIRST_STATIC_POST_SLUG}`);
         |                ^
      72 |     await expect(page).toHaveURL(new RegExp(`/blog/${FIRST_STATIC_POST_SLUG}`));
      73 |     await expect(page.getByRole("heading", { level: 1 })).toBeVisible();
      74 |   });
        at /home/tbaltzakis/cloudless.gr/e2e/appflowy-cms.spec.ts:71:16

    attachment #1: screenshot (image/png) ──────────────────────────────────────────────────────────
    test-results/appflowy-cms-AppFlowy-CMS--0291e--renders-an-article-heading-mobile-chrome/test-failed-1.png
    ────────────────────────────────────────────────────────────────────────────────────────────────

    attachment #2: video (video/webm) ──────────────────────────────────────────────────────────────
    test-results/appflowy-cms-AppFlowy-CMS--0291e--renders-an-article-heading-mobile-chrome/video.webm
    ────────────────────────────────────────────────────────────────────────────────────────────────

    Error Context: test-results/appflowy-cms-AppFlowy-CMS--0291e--renders-an-article-heading-mobile-chrome/error-context.md

    Retry #1 ───────────────────────────────────────────────────────────────────────────────────────

    Error: page.goto: net::ERR_CONNECTION_REFUSED at http://localhost:4000/blog/why-serverless-is-perfect-for-startups
    Call log:
      - navigating to "http://localhost:4000/blog/why-serverless-is-perfect-for-startups", waiting until "load"


      69 |
      70 |   test("static fallback post renders an article heading", async ({ page }) => {
    > 71 |     await page.goto(`/blog/${FIRST_STATIC_POST_SLUG}`);
         |                ^
      72 |     await expect(page).toHaveURL(new RegExp(`/blog/${FIRST_STATIC_POST_SLUG}`));
      73 |     await expect(page.getByRole("heading", { level: 1 })).toBeVisible();
      74 |   });
        at /home/tbaltzakis/cloudless.gr/e2e/appflowy-cms.spec.ts:71:16

    attachment #1: screenshot (image/png) ──────────────────────────────────────────────────────────
    test-results/appflowy-cms-AppFlowy-CMS--0291e--renders-an-article-heading-mobile-chrome-retry1/test-failed-1.png
    ────────────────────────────────────────────────────────────────────────────────────────────────

    attachment #2: video (video/webm) ──────────────────────────────────────────────────────────────
    test-results/appflowy-cms-AppFlowy-CMS--0291e--renders-an-article-heading-mobile-chrome-retry1/video.webm
    ────────────────────────────────────────────────────────────────────────────────────────────────

    Error Context: test-results/appflowy-cms-AppFlowy-CMS--0291e--renders-an-article-heading-mobile-chrome-retry1/error-context.md

    attachment #4: trace (application/zip) ─────────────────────────────────────────────────────────
    test-results/appflowy-cms-AppFlowy-CMS--0291e--renders-an-article-heading-mobile-chrome-retry1/trace.zip
    Usage:

        npx playwright show-trace test-results/appflowy-cms-AppFlowy-CMS--0291e--renders-an-article-heading-mobile-chrome-retry1/trace.zip

    ────────────────────────────────────────────────────────────────────────────────────────────────

  1273) [mobile-chrome] › e2e/appflowy-cms.spec.ts:76:7 › AppFlowy CMS — /blog/[slug] › nonexistent slug renders the 404 page 

    Error: page.goto: net::ERR_CONNECTION_REFUSED at http://localhost:4000/blog/this-slug-does-not-exist
    Call log:
      - navigating to "http://localhost:4000/blog/this-slug-does-not-exist", waiting until "load"


      75 |
      76 |   test("nonexistent slug renders the 404 page", async ({ page }) => {
    > 77 |     await page.goto("/blog/this-slug-does-not-exist");
         |                ^
      78 |     await expect(
      79 |       page.getByRole("heading", { level: 1, name: /page not found|introuvable|δεν βρέθηκε/i })
      80 |     ).toBeVisible();
        at /home/tbaltzakis/cloudless.gr/e2e/appflowy-cms.spec.ts:77:16

    attachment #1: screenshot (image/png) ──────────────────────────────────────────────────────────
    test-results/appflowy-cms-AppFlowy-CMS--77caa-t-slug-renders-the-404-page-mobile-chrome/test-failed-1.png
    ────────────────────────────────────────────────────────────────────────────────────────────────

    attachment #2: video (video/webm) ──────────────────────────────────────────────────────────────
    test-results/appflowy-cms-AppFlowy-CMS--77caa-t-slug-renders-the-404-page-mobile-chrome/video.webm
    ────────────────────────────────────────────────────────────────────────────────────────────────

    Error Context: test-results/appflowy-cms-AppFlowy-CMS--77caa-t-slug-renders-the-404-page-mobile-chrome/error-context.md

    Retry #1 ───────────────────────────────────────────────────────────────────────────────────────

    Error: page.goto: net::ERR_CONNECTION_REFUSED at http://localhost:4000/blog/this-slug-does-not-exist
    Call log:
      - navigating to "http://localhost:4000/blog/this-slug-does-not-exist", waiting until "load"


      75 |
      76 |   test("nonexistent slug renders the 404 page", async ({ page }) => {
    > 77 |     await page.goto("/blog/this-slug-does-not-exist");
         |                ^
      78 |     await expect(
      79 |       page.getByRole("heading", { level: 1, name: /page not found|introuvable|δεν βρέθηκε/i })
      80 |     ).toBeVisible();
        at /home/tbaltzakis/cloudless.gr/e2e/appflowy-cms.spec.ts:77:16

    attachment #1: screenshot (image/png) ──────────────────────────────────────────────────────────
    test-results/appflowy-cms-AppFlowy-CMS--77caa-t-slug-renders-the-404-page-mobile-chrome-retry1/test-failed-1.png
    ────────────────────────────────────────────────────────────────────────────────────────────────

    attachment #2: video (video/webm) ──────────────────────────────────────────────────────────────
    test-results/appflowy-cms-AppFlowy-CMS--77caa-t-slug-renders-the-404-page-mobile-chrome-retry1/video.webm
    ────────────────────────────────────────────────────────────────────────────────────────────────

    Error Context: test-results/appflowy-cms-AppFlowy-CMS--77caa-t-slug-renders-the-404-page-mobile-chrome-retry1/error-context.md

    attachment #4: trace (application/zip) ─────────────────────────────────────────────────────────
    test-results/appflowy-cms-AppFlowy-CMS--77caa-t-slug-renders-the-404-page-mobile-chrome-retry1/trace.zip
    Usage:

        npx playwright show-trace test-results/appflowy-cms-AppFlowy-CMS--77caa-t-slug-renders-the-404-page-mobile-chrome-retry1/trace.zip

    ────────────────────────────────────────────────────────────────────────────────────────────────

  1274) [mobile-chrome] › e2e/appflowy-cms.spec.ts:85:7 › AppFlowy CMS — /api/blog/posts contract › returns a non-empty array of posts with required fields 

    Error: apiRequestContext.get: connect ECONNREFUSED ::1:4000
    Call log:
      - → GET http://localhost:4000/api/blog/posts
        - user-agent: Mozilla/5.0 (Linux; Android 14; Pixel 7) AppleWebKit/537.36 (KHTML, like Gecko) Chrome/151.0.7922.34 Mobile Safari/537.36
        - accept: */*
        - accept-encoding: gzip,deflate,br

        at apiRequestContext.get: connect ECONNREFUSED ::1:4000
        at /home/tbaltzakis/cloudless.gr/e2e/appflowy-cms.spec.ts:86:31

    Error Context: test-results/appflowy-cms-AppFlowy-CMS--3456d--posts-with-required-fields-mobile-chrome/error-context.md

    Retry #1 ───────────────────────────────────────────────────────────────────────────────────────

    Error: apiRequestContext.get: connect ECONNREFUSED ::1:4000
    Call log:
      - → GET http://localhost:4000/api/blog/posts
        - user-agent: Mozilla/5.0 (Linux; Android 14; Pixel 7) AppleWebKit/537.36 (KHTML, like Gecko) Chrome/151.0.7922.34 Mobile Safari/537.36
        - accept: */*
        - accept-encoding: gzip,deflate,br

        at apiRequestContext.get: connect ECONNREFUSED ::1:4000
        at /home/tbaltzakis/cloudless.gr/e2e/appflowy-cms.spec.ts:86:31

    Error Context: test-results/appflowy-cms-AppFlowy-CMS--3456d--posts-with-required-fields-mobile-chrome-retry1/error-context.md

    attachment #2: trace (application/zip) ─────────────────────────────────────────────────────────
    test-results/appflowy-cms-AppFlowy-CMS--3456d--posts-with-required-fields-mobile-chrome-retry1/trace.zip
    Usage:

        npx playwright show-trace test-results/appflowy-cms-AppFlowy-CMS--3456d--posts-with-required-fields-mobile-chrome-retry1/trace.zip

    ────────────────────────────────────────────────────────────────────────────────────────────────

  1275) [mobile-chrome] › e2e/appflowy-cms.spec.ts:104:7 › AppFlowy CMS — /docs › renders the docs header and search input 

    Error: page.goto: net::ERR_CONNECTION_REFUSED at http://localhost:4000/docs
    Call log:
      - navigating to "http://localhost:4000/docs", waiting until "load"


      103 | test.describe("AppFlowy CMS — /docs", () => {
      104 |   test("renders the docs header and search input", async ({ page }) => {
    > 105 |     await page.goto("/docs");
          |                ^
      106 |     await page.waitForLoadState("networkidle");
      107 |     await expect(
      108 |       page.getByRole("heading", { level: 1, name: /documentation/i })
        at /home/tbaltzakis/cloudless.gr/e2e/appflowy-cms.spec.ts:105:16

    attachment #1: screenshot (image/png) ──────────────────────────────────────────────────────────
    test-results/appflowy-cms-AppFlowy-CMS--c4ddb-ocs-header-and-search-input-mobile-chrome/test-failed-1.png
    ────────────────────────────────────────────────────────────────────────────────────────────────

    attachment #2: video (video/webm) ──────────────────────────────────────────────────────────────
    test-results/appflowy-cms-AppFlowy-CMS--c4ddb-ocs-header-and-search-input-mobile-chrome/video.webm
    ────────────────────────────────────────────────────────────────────────────────────────────────

    Error Context: test-results/appflowy-cms-AppFlowy-CMS--c4ddb-ocs-header-and-search-input-mobile-chrome/error-context.md

    Retry #1 ───────────────────────────────────────────────────────────────────────────────────────

    Error: page.goto: net::ERR_CONNECTION_REFUSED at http://localhost:4000/docs
    Call log:
      - navigating to "http://localhost:4000/docs", waiting until "load"


      103 | test.describe("AppFlowy CMS — /docs", () => {
      104 |   test("renders the docs header and search input", async ({ page }) => {
    > 105 |     await page.goto("/docs");
          |                ^
      106 |     await page.waitForLoadState("networkidle");
      107 |     await expect(
      108 |       page.getByRole("heading", { level: 1, name: /documentation/i })
        at /home/tbaltzakis/cloudless.gr/e2e/appflowy-cms.spec.ts:105:16

    attachment #1: screenshot (image/png) ──────────────────────────────────────────────────────────
    test-results/appflowy-cms-AppFlowy-CMS--c4ddb-ocs-header-and-search-input-mobile-chrome-retry1/test-failed-1.png
    ────────────────────────────────────────────────────────────────────────────────────────────────

    attachment #2: video (video/webm) ──────────────────────────────────────────────────────────────
    test-results/appflowy-cms-AppFlowy-CMS--c4ddb-ocs-header-and-search-input-mobile-chrome-retry1/video.webm
    ────────────────────────────────────────────────────────────────────────────────────────────────

    Error Context: test-results/appflowy-cms-AppFlowy-CMS--c4ddb-ocs-header-and-search-input-mobile-chrome-retry1/error-context.md

    attachment #4: trace (application/zip) ─────────────────────────────────────────────────────────
    test-results/appflowy-cms-AppFlowy-CMS--c4ddb-ocs-header-and-search-input-mobile-chrome-retry1/trace.zip
    Usage:

        npx playwright show-trace test-results/appflowy-cms-AppFlowy-CMS--c4ddb-ocs-header-and-search-input-mobile-chrome-retry1/trace.zip

    ────────────────────────────────────────────────────────────────────────────────────────────────

  1276) [mobile-chrome] › e2e/appflowy-cms.spec.ts:113:7 › AppFlowy CMS — /docs › renders either category headings or the empty state 

    Error: page.goto: net::ERR_CONNECTION_REFUSED at http://localhost:4000/docs
    Call log:
      - navigating to "http://localhost:4000/docs", waiting until "load"


      112 |
      113 |   test("renders either category headings or the empty state", async ({ page }) => {
    > 114 |     await page.goto("/docs");
          |                ^
      115 |     const categoryHeading = page.getByRole("heading", { level: 2 });
      116 |     const emptyState = page.getByText(/no documentation published yet|no docs match/i);
      117 |     await expect(categoryHeading.or(emptyState).first()).toBeVisible();
        at /home/tbaltzakis/cloudless.gr/e2e/appflowy-cms.spec.ts:114:16

    attachment #1: screenshot (image/png) ──────────────────────────────────────────────────────────
    test-results/appflowy-cms-AppFlowy-CMS--e9f6f-headings-or-the-empty-state-mobile-chrome/test-failed-1.png
    ────────────────────────────────────────────────────────────────────────────────────────────────

    attachment #2: video (video/webm) ──────────────────────────────────────────────────────────────
    test-results/appflowy-cms-AppFlowy-CMS--e9f6f-headings-or-the-empty-state-mobile-chrome/video.webm
    ────────────────────────────────────────────────────────────────────────────────────────────────

    Error Context: test-results/appflowy-cms-AppFlowy-CMS--e9f6f-headings-or-the-empty-state-mobile-chrome/error-context.md

    Retry #1 ───────────────────────────────────────────────────────────────────────────────────────

    Error: page.goto: net::ERR_CONNECTION_REFUSED at http://localhost:4000/docs
    Call log:
      - navigating to "http://localhost:4000/docs", waiting until "load"


      112 |
      113 |   test("renders either category headings or the empty state", async ({ page }) => {
    > 114 |     await page.goto("/docs");
          |                ^
      115 |     const categoryHeading = page.getByRole("heading", { level: 2 });
      116 |     const emptyState = page.getByText(/no documentation published yet|no docs match/i);
      117 |     await expect(categoryHeading.or(emptyState).first()).toBeVisible();
        at /home/tbaltzakis/cloudless.gr/e2e/appflowy-cms.spec.ts:114:16

    attachment #1: screenshot (image/png) ──────────────────────────────────────────────────────────
    test-results/appflowy-cms-AppFlowy-CMS--e9f6f-headings-or-the-empty-state-mobile-chrome-retry1/test-failed-1.png
    ────────────────────────────────────────────────────────────────────────────────────────────────

    attachment #2: video (video/webm) ──────────────────────────────────────────────────────────────
    test-results/appflowy-cms-AppFlowy-CMS--e9f6f-headings-or-the-empty-state-mobile-chrome-retry1/video.webm
    ────────────────────────────────────────────────────────────────────────────────────────────────

    Error Context: test-results/appflowy-cms-AppFlowy-CMS--e9f6f-headings-or-the-empty-state-mobile-chrome-retry1/error-context.md

    attachment #4: trace (application/zip) ─────────────────────────────────────────────────────────
    test-results/appflowy-cms-AppFlowy-CMS--e9f6f-headings-or-the-empty-state-mobile-chrome-retry1/trace.zip
    Usage:

        npx playwright show-trace test-results/appflowy-cms-AppFlowy-CMS--e9f6f-headings-or-the-empty-state-mobile-chrome-retry1/trace.zip

    ────────────────────────────────────────────────────────────────────────────────────────────────

  1277) [mobile-chrome] › e2e/appflowy-cms.spec.ts:120:7 › AppFlowy CMS — /docs › filtering with no matches shows the no-results state 

    Error: page.goto: net::ERR_CONNECTION_REFUSED at http://localhost:4000/docs?q=zzz_no_such_doc_xyz
    Call log:
      - navigating to "http://localhost:4000/docs?q=zzz_no_such_doc_xyz", waiting until "load"


      119 |
      120 |   test("filtering with no matches shows the no-results state", async ({ page }) => {
    > 121 |     await page.goto("/docs?q=zzz_no_such_doc_xyz");
          |                ^
      122 |     await page.waitForLoadState("networkidle");
      123 |     await expect(
      124 |       page.getByText(/no docs match your filters|no documentation published yet/i)
        at /home/tbaltzakis/cloudless.gr/e2e/appflowy-cms.spec.ts:121:16

    attachment #1: screenshot (image/png) ──────────────────────────────────────────────────────────
    test-results/appflowy-cms-AppFlowy-CMS--ea7d9--shows-the-no-results-state-mobile-chrome/test-failed-1.png
    ────────────────────────────────────────────────────────────────────────────────────────────────

    attachment #2: video (video/webm) ──────────────────────────────────────────────────────────────
    test-results/appflowy-cms-AppFlowy-CMS--ea7d9--shows-the-no-results-state-mobile-chrome/video.webm
    ────────────────────────────────────────────────────────────────────────────────────────────────

    Error Context: test-results/appflowy-cms-AppFlowy-CMS--ea7d9--shows-the-no-results-state-mobile-chrome/error-context.md

    Retry #1 ───────────────────────────────────────────────────────────────────────────────────────

    Error: page.goto: net::ERR_CONNECTION_REFUSED at http://localhost:4000/docs?q=zzz_no_such_doc_xyz
    Call log:
      - navigating to "http://localhost:4000/docs?q=zzz_no_such_doc_xyz", waiting until "load"


      119 |
      120 |   test("filtering with no matches shows the no-results state", async ({ page }) => {
    > 121 |     await page.goto("/docs?q=zzz_no_such_doc_xyz");
          |                ^
      122 |     await page.waitForLoadState("networkidle");
      123 |     await expect(
      124 |       page.getByText(/no docs match your filters|no documentation published yet/i)
        at /home/tbaltzakis/cloudless.gr/e2e/appflowy-cms.spec.ts:121:16

    attachment #1: screenshot (image/png) ──────────────────────────────────────────────────────────
    test-results/appflowy-cms-AppFlowy-CMS--ea7d9--shows-the-no-results-state-mobile-chrome-retry1/test-failed-1.png
    ────────────────────────────────────────────────────────────────────────────────────────────────

    attachment #2: video (video/webm) ──────────────────────────────────────────────────────────────
    test-results/appflowy-cms-AppFlowy-CMS--ea7d9--shows-the-no-results-state-mobile-chrome-retry1/video.webm
    ────────────────────────────────────────────────────────────────────────────────────────────────

    Error Context: test-results/appflowy-cms-AppFlowy-CMS--ea7d9--shows-the-no-results-state-mobile-chrome-retry1/error-context.md

    attachment #4: trace (application/zip) ─────────────────────────────────────────────────────────
    test-results/appflowy-cms-AppFlowy-CMS--ea7d9--shows-the-no-results-state-mobile-chrome-retry1/trace.zip
    Usage:

        npx playwright show-trace test-results/appflowy-cms-AppFlowy-CMS--ea7d9--shows-the-no-results-state-mobile-chrome-retry1/trace.zip

    ────────────────────────────────────────────────────────────────────────────────────────────────

  1278) [mobile-chrome] › e2e/appflowy-cms.spec.ts:130:7 › AppFlowy CMS — /api/docs contract › returns an array (empty or populated) with required fields 

    Error: apiRequestContext.get: connect ECONNREFUSED ::1:4000
    Call log:
      - → GET http://localhost:4000/api/docs
        - user-agent: Mozilla/5.0 (Linux; Android 14; Pixel 7) AppleWebKit/537.36 (KHTML, like Gecko) Chrome/151.0.7922.34 Mobile Safari/537.36
        - accept: */*
        - accept-encoding: gzip,deflate,br

        at apiRequestContext.get: connect ECONNREFUSED ::1:4000
        at /home/tbaltzakis/cloudless.gr/e2e/appflowy-cms.spec.ts:131:31

    Error Context: test-results/appflowy-cms-AppFlowy-CMS--7cbf5-ulated-with-required-fields-mobile-chrome/error-context.md

    Retry #1 ───────────────────────────────────────────────────────────────────────────────────────

    Error: apiRequestContext.get: connect ECONNREFUSED ::1:4000
    Call log:
      - → GET http://localhost:4000/api/docs
        - user-agent: Mozilla/5.0 (Linux; Android 14; Pixel 7) AppleWebKit/537.36 (KHTML, like Gecko) Chrome/151.0.7922.34 Mobile Safari/537.36
        - accept: */*
        - accept-encoding: gzip,deflate,br

        at apiRequestContext.get: connect ECONNREFUSED ::1:4000
        at /home/tbaltzakis/cloudless.gr/e2e/appflowy-cms.spec.ts:131:31

    Error Context: test-results/appflowy-cms-AppFlowy-CMS--7cbf5-ulated-with-required-fields-mobile-chrome-retry1/error-context.md

    attachment #2: trace (application/zip) ─────────────────────────────────────────────────────────
    test-results/appflowy-cms-AppFlowy-CMS--7cbf5-ulated-with-required-fields-mobile-chrome-retry1/trace.zip
    Usage:

        npx playwright show-trace test-results/appflowy-cms-AppFlowy-CMS--7cbf5-ulated-with-required-fields-mobile-chrome-retry1/trace.zip

    ────────────────────────────────────────────────────────────────────────────────────────────────

  1279) [mobile-chrome] › e2e/appflowy-cms.spec.ts:150:7 › AppFlowy CMS — /api/testimonials contract › returns an array with required fields 

    Error: apiRequestContext.get: connect ECONNREFUSED ::1:4000
    Call log:
      - → GET http://localhost:4000/api/testimonials
        - user-agent: Mozilla/5.0 (Linux; Android 14; Pixel 7) AppleWebKit/537.36 (KHTML, like Gecko) Chrome/151.0.7922.34 Mobile Safari/537.36
        - accept: */*
        - accept-encoding: gzip,deflate,br

        at apiRequestContext.get: connect ECONNREFUSED ::1:4000
        at /home/tbaltzakis/cloudless.gr/e2e/appflowy-cms.spec.ts:151:31

    Error Context: test-results/appflowy-cms-AppFlowy-CMS--bb7cb--array-with-required-fields-mobile-chrome/error-context.md

    Retry #1 ───────────────────────────────────────────────────────────────────────────────────────

    Error: apiRequestContext.get: connect ECONNREFUSED ::1:4000
    Call log:
      - → GET http://localhost:4000/api/testimonials
        - user-agent: Mozilla/5.0 (Linux; Android 14; Pixel 7) AppleWebKit/537.36 (KHTML, like Gecko) Chrome/151.0.7922.34 Mobile Safari/537.36
        - accept: */*
        - accept-encoding: gzip,deflate,br

        at apiRequestContext.get: connect ECONNREFUSED ::1:4000
        at /home/tbaltzakis/cloudless.gr/e2e/appflowy-cms.spec.ts:151:31

    Error Context: test-results/appflowy-cms-AppFlowy-CMS--bb7cb--array-with-required-fields-mobile-chrome-retry1/error-context.md

    attachment #2: trace (application/zip) ─────────────────────────────────────────────────────────
    test-results/appflowy-cms-AppFlowy-CMS--bb7cb--array-with-required-fields-mobile-chrome-retry1/trace.zip
    Usage:

        npx playwright show-trace test-results/appflowy-cms-AppFlowy-CMS--bb7cb--array-with-required-fields-mobile-chrome-retry1/trace.zip

    ────────────────────────────────────────────────────────────────────────────────────────────────

  1280) [mobile-chrome] › e2e/appflowy-cms.spec.ts:167:7 › AppFlowy CMS — /api/testimonials contract › featured endpoint returns only featured items 

    Error: apiRequestContext.get: connect ECONNREFUSED ::1:4000
    Call log:
      - → GET http://localhost:4000/api/testimonials?featured=true
        - user-agent: Mozilla/5.0 (Linux; Android 14; Pixel 7) AppleWebKit/537.36 (KHTML, like Gecko) Chrome/151.0.7922.34 Mobile Safari/537.36
        - accept: */*
        - accept-encoding: gzip,deflate,br

        at apiRequestContext.get: connect ECONNREFUSED ::1:4000
        at /home/tbaltzakis/cloudless.gr/e2e/appflowy-cms.spec.ts:168:31

    Error Context: test-results/appflowy-cms-AppFlowy-CMS--c1cd8-returns-only-featured-items-mobile-chrome/error-context.md

    Retry #1 ───────────────────────────────────────────────────────────────────────────────────────

    Error: apiRequestContext.get: connect ECONNREFUSED ::1:4000
    Call log:
      - → GET http://localhost:4000/api/testimonials?featured=true
        - user-agent: Mozilla/5.0 (Linux; Android 14; Pixel 7) AppleWebKit/537.36 (KHTML, like Gecko) Chrome/151.0.7922.34 Mobile Safari/537.36
        - accept: */*
        - accept-encoding: gzip,deflate,br

        at apiRequestContext.get: connect ECONNREFUSED ::1:4000
        at /home/tbaltzakis/cloudless.gr/e2e/appflowy-cms.spec.ts:168:31

    Error Context: test-results/appflowy-cms-AppFlowy-CMS--c1cd8-returns-only-featured-items-mobile-chrome-retry1/error-context.md

    attachment #2: trace (application/zip) ─────────────────────────────────────────────────────────
    test-results/appflowy-cms-AppFlowy-CMS--c1cd8-returns-only-featured-items-mobile-chrome-retry1/trace.zip
    Usage:

        npx playwright show-trace test-results/appflowy-cms-AppFlowy-CMS--c1cd8-returns-only-featured-items-mobile-chrome-retry1/trace.zip

    ────────────────────────────────────────────────────────────────────────────────────────────────

  1281) [mobile-chrome] › e2e/appflowy-cms.spec.ts:180:7 › AppFlowy CMS — testimonials on homepage › homepage renders at least one testimonial quote 

    Error: page.goto: net::ERR_CONNECTION_REFUSED at http://localhost:4000/
    Call log:
      - navigating to "http://localhost:4000/", waiting until "load"


      179 | test.describe("AppFlowy CMS — testimonials on homepage", () => {
      180 |   test("homepage renders at least one testimonial quote", async ({ page }) => {
    > 181 |     await page.goto("/");
          |                ^
      182 |     await page.waitForLoadState("networkidle");
      183 |     // Testimonials are rendered as blockquotes or elements with the quote text
      184 |     const firstQuote = staticTestimonials[0].quote.slice(0, 20);
        at /home/tbaltzakis/cloudless.gr/e2e/appflowy-cms.spec.ts:181:16

    attachment #1: screenshot (image/png) ──────────────────────────────────────────────────────────
    test-results/appflowy-cms-AppFlowy-CMS--b4ee6-least-one-testimonial-quote-mobile-chrome/test-failed-1.png
    ────────────────────────────────────────────────────────────────────────────────────────────────

    attachment #2: video (video/webm) ──────────────────────────────────────────────────────────────
    test-results/appflowy-cms-AppFlowy-CMS--b4ee6-least-one-testimonial-quote-mobile-chrome/video.webm
    ────────────────────────────────────────────────────────────────────────────────────────────────

    Error Context: test-results/appflowy-cms-AppFlowy-CMS--b4ee6-least-one-testimonial-quote-mobile-chrome/error-context.md

    Retry #1 ───────────────────────────────────────────────────────────────────────────────────────

    Error: page.goto: net::ERR_CONNECTION_REFUSED at http://localhost:4000/
    Call log:
      - navigating to "http://localhost:4000/", waiting until "load"


      179 | test.describe("AppFlowy CMS — testimonials on homepage", () => {
      180 |   test("homepage renders at least one testimonial quote", async ({ page }) => {
    > 181 |     await page.goto("/");
          |                ^
      182 |     await page.waitForLoadState("networkidle");
      183 |     // Testimonials are rendered as blockquotes or elements with the quote text
      184 |     const firstQuote = staticTestimonials[0].quote.slice(0, 20);
        at /home/tbaltzakis/cloudless.gr/e2e/appflowy-cms.spec.ts:181:16

    attachment #1: screenshot (image/png) ──────────────────────────────────────────────────────────
    test-results/appflowy-cms-AppFlowy-CMS--b4ee6-least-one-testimonial-quote-mobile-chrome-retry1/test-failed-1.png
    ────────────────────────────────────────────────────────────────────────────────────────────────

    attachment #2: video (video/webm) ──────────────────────────────────────────────────────────────
    test-results/appflowy-cms-AppFlowy-CMS--b4ee6-least-one-testimonial-quote-mobile-chrome-retry1/video.webm
    ────────────────────────────────────────────────────────────────────────────────────────────────

    Error Context: test-results/appflowy-cms-AppFlowy-CMS--b4ee6-least-one-testimonial-quote-mobile-chrome-retry1/error-context.md

    attachment #4: trace (application/zip) ─────────────────────────────────────────────────────────
    test-results/appflowy-cms-AppFlowy-CMS--b4ee6-least-one-testimonial-quote-mobile-chrome-retry1/trace.zip
    Usage:

        npx playwright show-trace test-results/appflowy-cms-AppFlowy-CMS--b4ee6-least-one-testimonial-quote-mobile-chrome-retry1/trace.zip

    ────────────────────────────────────────────────────────────────────────────────────────────────

  1282) [mobile-chrome] › e2e/appflowy-cms.spec.ts:198:7 › AppFlowy CMS — /services page › renders the services heading 

    Error: page.goto: net::ERR_CONNECTION_REFUSED at http://localhost:4000/services
    Call log:
      - navigating to "http://localhost:4000/services", waiting until "load"


      197 | test.describe("AppFlowy CMS — /services page", () => {
      198 |   test("renders the services heading", async ({ page }) => {
    > 199 |     await page.goto("/services");
          |                ^
      200 |     await page.waitForLoadState("networkidle");
      201 |     await expect(
      202 |       page.getByRole("heading", { level: 1 })
        at /home/tbaltzakis/cloudless.gr/e2e/appflowy-cms.spec.ts:199:16

    attachment #1: screenshot (image/png) ──────────────────────────────────────────────────────────
    test-results/appflowy-cms-AppFlowy-CMS--286cd-enders-the-services-heading-mobile-chrome/test-failed-1.png
    ────────────────────────────────────────────────────────────────────────────────────────────────

    attachment #2: video (video/webm) ──────────────────────────────────────────────────────────────
    test-results/appflowy-cms-AppFlowy-CMS--286cd-enders-the-services-heading-mobile-chrome/video.webm
    ────────────────────────────────────────────────────────────────────────────────────────────────

    Error Context: test-results/appflowy-cms-AppFlowy-CMS--286cd-enders-the-services-heading-mobile-chrome/error-context.md

    Retry #1 ───────────────────────────────────────────────────────────────────────────────────────

    Error: page.goto: net::ERR_CONNECTION_REFUSED at http://localhost:4000/services
    Call log:
      - navigating to "http://localhost:4000/services", waiting until "load"


      197 | test.describe("AppFlowy CMS — /services page", () => {
      198 |   test("renders the services heading", async ({ page }) => {
    > 199 |     await page.goto("/services");
          |                ^
      200 |     await page.waitForLoadState("networkidle");
      201 |     await expect(
      202 |       page.getByRole("heading", { level: 1 })
        at /home/tbaltzakis/cloudless.gr/e2e/appflowy-cms.spec.ts:199:16

    attachment #1: screenshot (image/png) ──────────────────────────────────────────────────────────
    test-results/appflowy-cms-AppFlowy-CMS--286cd-enders-the-services-heading-mobile-chrome-retry1/test-failed-1.png
    ────────────────────────────────────────────────────────────────────────────────────────────────

    attachment #2: video (video/webm) ──────────────────────────────────────────────────────────────
    test-results/appflowy-cms-AppFlowy-CMS--286cd-enders-the-services-heading-mobile-chrome-retry1/video.webm
    ────────────────────────────────────────────────────────────────────────────────────────────────

    Error Context: test-results/appflowy-cms-AppFlowy-CMS--286cd-enders-the-services-heading-mobile-chrome-retry1/error-context.md

    attachment #4: trace (application/zip) ─────────────────────────────────────────────────────────
    test-results/appflowy-cms-AppFlowy-CMS--286cd-enders-the-services-heading-mobile-chrome-retry1/trace.zip
    Usage:

        npx playwright show-trace test-results/appflowy-cms-AppFlowy-CMS--286cd-enders-the-services-heading-mobile-chrome-retry1/trace.zip

    ────────────────────────────────────────────────────────────────────────────────────────────────

  1283) [mobile-chrome] › e2e/appflowy-cms.spec.ts:206:7 › AppFlowy CMS — /services page › lists service cards on the services page 

    Error: page.goto: net::ERR_CONNECTION_REFUSED at http://localhost:4000/services
    Call log:
      - navigating to "http://localhost:4000/services", waiting until "load"


      205 |
      206 |   test("lists service cards on the services page", async ({ page }) => {
    > 207 |     await page.goto("/services");
          |                ^
      208 |     await page.waitForLoadState("networkidle");
      209 |     // When AppFlowy is unreachable, the page renders static fallback data.
      210 |     // Assert the page has rendered service-related content.
        at /home/tbaltzakis/cloudless.gr/e2e/appflowy-cms.spec.ts:207:16

    attachment #1: screenshot (image/png) ──────────────────────────────────────────────────────────
    test-results/appflowy-cms-AppFlowy-CMS--efcba--cards-on-the-services-page-mobile-chrome/test-failed-1.png
    ────────────────────────────────────────────────────────────────────────────────────────────────

    attachment #2: video (video/webm) ──────────────────────────────────────────────────────────────
    test-results/appflowy-cms-AppFlowy-CMS--efcba--cards-on-the-services-page-mobile-chrome/video.webm
    ────────────────────────────────────────────────────────────────────────────────────────────────

    Error Context: test-results/appflowy-cms-AppFlowy-CMS--efcba--cards-on-the-services-page-mobile-chrome/error-context.md

    Retry #1 ───────────────────────────────────────────────────────────────────────────────────────

    Error: page.goto: net::ERR_CONNECTION_REFUSED at http://localhost:4000/services
    Call log:
      - navigating to "http://localhost:4000/services", waiting until "load"


      205 |
      206 |   test("lists service cards on the services page", async ({ page }) => {
    > 207 |     await page.goto("/services");
          |                ^
      208 |     await page.waitForLoadState("networkidle");
      209 |     // When AppFlowy is unreachable, the page renders static fallback data.
      210 |     // Assert the page has rendered service-related content.
        at /home/tbaltzakis/cloudless.gr/e2e/appflowy-cms.spec.ts:207:16

    attachment #1: screenshot (image/png) ──────────────────────────────────────────────────────────
    test-results/appflowy-cms-AppFlowy-CMS--efcba--cards-on-the-services-page-mobile-chrome-retry1/test-failed-1.png
    ────────────────────────────────────────────────────────────────────────────────────────────────

    attachment #2: video (video/webm) ──────────────────────────────────────────────────────────────
    test-results/appflowy-cms-AppFlowy-CMS--efcba--cards-on-the-services-page-mobile-chrome-retry1/video.webm
    ────────────────────────────────────────────────────────────────────────────────────────────────

    Error Context: test-results/appflowy-cms-AppFlowy-CMS--efcba--cards-on-the-services-page-mobile-chrome-retry1/error-context.md

    attachment #4: trace (application/zip) ─────────────────────────────────────────────────────────
    test-results/appflowy-cms-AppFlowy-CMS--efcba--cards-on-the-services-page-mobile-chrome-retry1/trace.zip
    Usage:

        npx playwright show-trace test-results/appflowy-cms-AppFlowy-CMS--efcba--cards-on-the-services-page-mobile-chrome-retry1/trace.zip

    ────────────────────────────────────────────────────────────────────────────────────────────────

  1284) [mobile-chrome] › e2e/appflowy-cms.spec.ts:220:7 › AppFlowy CMS — /api/services contract › returns a non-empty array with required fields 

    Error: apiRequestContext.get: connect ECONNREFUSED ::1:4000
    Call log:
      - → GET http://localhost:4000/api/services
        - user-agent: Mozilla/5.0 (Linux; Android 14; Pixel 7) AppleWebKit/537.36 (KHTML, like Gecko) Chrome/151.0.7922.34 Mobile Safari/537.36
        - accept: */*
        - accept-encoding: gzip,deflate,br

        at apiRequestContext.get: connect ECONNREFUSED ::1:4000
        at /home/tbaltzakis/cloudless.gr/e2e/appflowy-cms.spec.ts:221:31

    Error Context: test-results/appflowy-cms-AppFlowy-CMS--90ec6--array-with-required-fields-mobile-chrome/error-context.md

    Retry #1 ───────────────────────────────────────────────────────────────────────────────────────

    Error: apiRequestContext.get: connect ECONNREFUSED ::1:4000
    Call log:
      - → GET http://localhost:4000/api/services
        - user-agent: Mozilla/5.0 (Linux; Android 14; Pixel 7) AppleWebKit/537.36 (KHTML, like Gecko) Chrome/151.0.7922.34 Mobile Safari/537.36
        - accept: */*
        - accept-encoding: gzip,deflate,br

        at apiRequestContext.get: connect ECONNREFUSED ::1:4000
        at /home/tbaltzakis/cloudless.gr/e2e/appflowy-cms.spec.ts:221:31

    Error Context: test-results/appflowy-cms-AppFlowy-CMS--90ec6--array-with-required-fields-mobile-chrome-retry1/error-context.md

    attachment #2: trace (application/zip) ─────────────────────────────────────────────────────────
    test-results/appflowy-cms-AppFlowy-CMS--90ec6--array-with-required-fields-mobile-chrome-retry1/trace.zip
    Usage:

        npx playwright show-trace test-results/appflowy-cms-AppFlowy-CMS--90ec6--array-with-required-fields-mobile-chrome-retry1/trace.zip

    ────────────────────────────────────────────────────────────────────────────────────────────────

  1285) [mobile-chrome] › e2e/appflowy-cms.spec.ts:235:7 › AppFlowy CMS — /api/services contract › category filter returns only matching services 

    Error: apiRequestContext.get: connect ECONNREFUSED ::1:4000
    Call log:
      - → GET http://localhost:4000/api/services?category=audit
        - user-agent: Mozilla/5.0 (Linux; Android 14; Pixel 7) AppleWebKit/537.36 (KHTML, like Gecko) Chrome/151.0.7922.34 Mobile Safari/537.36
        - accept: */*
        - accept-encoding: gzip,deflate,br

        at apiRequestContext.get: connect ECONNREFUSED ::1:4000
        at /home/tbaltzakis/cloudless.gr/e2e/appflowy-cms.spec.ts:236:31

    Error Context: test-results/appflowy-cms-AppFlowy-CMS--be0a3-urns-only-matching-services-mobile-chrome/error-context.md

    Retry #1 ───────────────────────────────────────────────────────────────────────────────────────

    Error: apiRequestContext.get: connect ECONNREFUSED ::1:4000
    Call log:
      - → GET http://localhost:4000/api/services?category=audit
        - user-agent: Mozilla/5.0 (Linux; Android 14; Pixel 7) AppleWebKit/537.36 (KHTML, like Gecko) Chrome/151.0.7922.34 Mobile Safari/537.36
        - accept: */*
        - accept-encoding: gzip,deflate,br

        at apiRequestContext.get: connect ECONNREFUSED ::1:4000
        at /home/tbaltzakis/cloudless.gr/e2e/appflowy-cms.spec.ts:236:31

    Error Context: test-results/appflowy-cms-AppFlowy-CMS--be0a3-urns-only-matching-services-mobile-chrome-retry1/error-context.md

    attachment #2: trace (application/zip) ─────────────────────────────────────────────────────────
    test-results/appflowy-cms-AppFlowy-CMS--be0a3-urns-only-matching-services-mobile-chrome-retry1/trace.zip
    Usage:

        npx playwright show-trace test-results/appflowy-cms-AppFlowy-CMS--be0a3-urns-only-matching-services-mobile-chrome-retry1/trace.zip

    ────────────────────────────────────────────────────────────────────────────────────────────────

  1286) [mobile-chrome] › e2e/appflowy-cms.spec.ts:252:7 › AppFlowy CMS — /api/faqs contract › returns a non-empty array with required fields 

    Error: apiRequestContext.get: connect ECONNREFUSED ::1:4000
    Call log:
      - → GET http://localhost:4000/api/faqs
        - user-agent: Mozilla/5.0 (Linux; Android 14; Pixel 7) AppleWebKit/537.36 (KHTML, like Gecko) Chrome/151.0.7922.34 Mobile Safari/537.36
        - accept: */*
        - accept-encoding: gzip,deflate,br

        at apiRequestContext.get: connect ECONNREFUSED ::1:4000
        at /home/tbaltzakis/cloudless.gr/e2e/appflowy-cms.spec.ts:253:31

    Error Context: test-results/appflowy-cms-AppFlowy-CMS--e9f05--array-with-required-fields-mobile-chrome/error-context.md

    Retry #1 ───────────────────────────────────────────────────────────────────────────────────────

    Error: apiRequestContext.get: connect ECONNREFUSED ::1:4000
    Call log:
      - → GET http://localhost:4000/api/faqs
        - user-agent: Mozilla/5.0 (Linux; Android 14; Pixel 7) AppleWebKit/537.36 (KHTML, like Gecko) Chrome/151.0.7922.34 Mobile Safari/537.36
        - accept: */*
        - accept-encoding: gzip,deflate,br

        at apiRequestContext.get: connect ECONNREFUSED ::1:4000
        at /home/tbaltzakis/cloudless.gr/e2e/appflowy-cms.spec.ts:253:31

    Error Context: test-results/appflowy-cms-AppFlowy-CMS--e9f05--array-with-required-fields-mobile-chrome-retry1/error-context.md

    attachment #2: trace (application/zip) ─────────────────────────────────────────────────────────
    test-results/appflowy-cms-AppFlowy-CMS--e9f05--array-with-required-fields-mobile-chrome-retry1/trace.zip
    Usage:

        npx playwright show-trace test-results/appflowy-cms-AppFlowy-CMS--e9f05--array-with-required-fields-mobile-chrome-retry1/trace.zip

    ────────────────────────────────────────────────────────────────────────────────────────────────

  1287) [mobile-chrome] › e2e/appflowy-cms.spec.ts:266:7 › AppFlowy CMS — /api/faqs contract › category filter returns only matching faqs 

    Error: apiRequestContext.get: connect ECONNREFUSED ::1:4000
    Call log:
      - → GET http://localhost:4000/api/faqs?category=general
        - user-agent: Mozilla/5.0 (Linux; Android 14; Pixel 7) AppleWebKit/537.36 (KHTML, like Gecko) Chrome/151.0.7922.34 Mobile Safari/537.36
        - accept: */*
        - accept-encoding: gzip,deflate,br

        at apiRequestContext.get: connect ECONNREFUSED ::1:4000
        at /home/tbaltzakis/cloudless.gr/e2e/appflowy-cms.spec.ts:267:31

    Error Context: test-results/appflowy-cms-AppFlowy-CMS--48ebd--returns-only-matching-faqs-mobile-chrome/error-context.md

    Retry #1 ───────────────────────────────────────────────────────────────────────────────────────

    Error: apiRequestContext.get: connect ECONNREFUSED ::1:4000
    Call log:
      - → GET http://localhost:4000/api/faqs?category=general
        - user-agent: Mozilla/5.0 (Linux; Android 14; Pixel 7) AppleWebKit/537.36 (KHTML, like Gecko) Chrome/151.0.7922.34 Mobile Safari/537.36
        - accept: */*
        - accept-encoding: gzip,deflate,br

        at apiRequestContext.get: connect ECONNREFUSED ::1:4000
        at /home/tbaltzakis/cloudless.gr/e2e/appflowy-cms.spec.ts:267:31

    Error Context: test-results/appflowy-cms-AppFlowy-CMS--48ebd--returns-only-matching-faqs-mobile-chrome-retry1/error-context.md

    attachment #2: trace (application/zip) ─────────────────────────────────────────────────────────
    test-results/appflowy-cms-AppFlowy-CMS--48ebd--returns-only-matching-faqs-mobile-chrome-retry1/trace.zip
    Usage:

        npx playwright show-trace test-results/appflowy-cms-AppFlowy-CMS--48ebd--returns-only-matching-faqs-mobile-chrome-retry1/trace.zip

    ────────────────────────────────────────────────────────────────────────────────────────────────

  1288) [mobile-chrome] › e2e/appflowy-cms.spec.ts:276:7 › AppFlowy CMS — /api/faqs contract › locale filter returns faqs for that locale or global ones 

    Error: apiRequestContext.get: connect ECONNREFUSED ::1:4000
    Call log:
      - → GET http://localhost:4000/api/faqs?locale=en
        - user-agent: Mozilla/5.0 (Linux; Android 14; Pixel 7) AppleWebKit/537.36 (KHTML, like Gecko) Chrome/151.0.7922.34 Mobile Safari/537.36
        - accept: */*
        - accept-encoding: gzip,deflate,br

        at apiRequestContext.get: connect ECONNREFUSED ::1:4000
        at /home/tbaltzakis/cloudless.gr/e2e/appflowy-cms.spec.ts:277:31

    Error Context: test-results/appflowy-cms-AppFlowy-CMS--9bfd6--that-locale-or-global-ones-mobile-chrome/error-context.md

    Retry #1 ───────────────────────────────────────────────────────────────────────────────────────

    Error: apiRequestContext.get: connect ECONNREFUSED ::1:4000
    Call log:
      - → GET http://localhost:4000/api/faqs?locale=en
        - user-agent: Mozilla/5.0 (Linux; Android 14; Pixel 7) AppleWebKit/537.36 (KHTML, like Gecko) Chrome/151.0.7922.34 Mobile Safari/537.36
        - accept: */*
        - accept-encoding: gzip,deflate,br

        at apiRequestContext.get: connect ECONNREFUSED ::1:4000
        at /home/tbaltzakis/cloudless.gr/e2e/appflowy-cms.spec.ts:277:31

    Error Context: test-results/appflowy-cms-AppFlowy-CMS--9bfd6--that-locale-or-global-ones-mobile-chrome-retry1/error-context.md

    attachment #2: trace (application/zip) ─────────────────────────────────────────────────────────
    test-results/appflowy-cms-AppFlowy-CMS--9bfd6--that-locale-or-global-ones-mobile-chrome-retry1/trace.zip
    Usage:

        npx playwright show-trace test-results/appflowy-cms-AppFlowy-CMS--9bfd6--that-locale-or-global-ones-mobile-chrome-retry1/trace.zip

    ────────────────────────────────────────────────────────────────────────────────────────────────

  1289) [mobile-chrome] › e2e/appflowy-cms.spec.ts:291:7 › AppFlowy CMS — /case-studies page › renders the case studies heading 

    Error: page.goto: net::ERR_CONNECTION_REFUSED at http://localhost:4000/case-studies
    Call log:
      - navigating to "http://localhost:4000/case-studies", waiting until "load"


      290 | test.describe("AppFlowy CMS — /case-studies page", () => {
      291 |   test("renders the case studies heading", async ({ page }) => {
    > 292 |     await page.goto("/case-studies");
          |                ^
      293 |     await page.waitForLoadState("networkidle");
      294 |     await expect(page.getByRole("heading", { level: 1 })).toBeVisible({ timeout: 10000 });
      295 |   });
        at /home/tbaltzakis/cloudless.gr/e2e/appflowy-cms.spec.ts:292:16

    attachment #1: screenshot (image/png) ──────────────────────────────────────────────────────────
    test-results/appflowy-cms-AppFlowy-CMS--f0b20-rs-the-case-studies-heading-mobile-chrome/test-failed-1.png
    ────────────────────────────────────────────────────────────────────────────────────────────────

    attachment #2: video (video/webm) ──────────────────────────────────────────────────────────────
    test-results/appflowy-cms-AppFlowy-CMS--f0b20-rs-the-case-studies-heading-mobile-chrome/video.webm
    ────────────────────────────────────────────────────────────────────────────────────────────────

    Error Context: test-results/appflowy-cms-AppFlowy-CMS--f0b20-rs-the-case-studies-heading-mobile-chrome/error-context.md

    Retry #1 ───────────────────────────────────────────────────────────────────────────────────────

    Error: page.goto: net::ERR_CONNECTION_REFUSED at http://localhost:4000/case-studies
    Call log:
      - navigating to "http://localhost:4000/case-studies", waiting until "load"


      290 | test.describe("AppFlowy CMS — /case-studies page", () => {
      291 |   test("renders the case studies heading", async ({ page }) => {
    > 292 |     await page.goto("/case-studies");
          |                ^
      293 |     await page.waitForLoadState("networkidle");
      294 |     await expect(page.getByRole("heading", { level: 1 })).toBeVisible({ timeout: 10000 });
      295 |   });
        at /home/tbaltzakis/cloudless.gr/e2e/appflowy-cms.spec.ts:292:16

    attachment #1: screenshot (image/png) ──────────────────────────────────────────────────────────
    test-results/appflowy-cms-AppFlowy-CMS--f0b20-rs-the-case-studies-heading-mobile-chrome-retry1/test-failed-1.png
    ────────────────────────────────────────────────────────────────────────────────────────────────

    attachment #2: video (video/webm) ──────────────────────────────────────────────────────────────
    test-results/appflowy-cms-AppFlowy-CMS--f0b20-rs-the-case-studies-heading-mobile-chrome-retry1/video.webm
    ────────────────────────────────────────────────────────────────────────────────────────────────

    Error Context: test-results/appflowy-cms-AppFlowy-CMS--f0b20-rs-the-case-studies-heading-mobile-chrome-retry1/error-context.md

    attachment #4: trace (application/zip) ─────────────────────────────────────────────────────────
    test-results/appflowy-cms-AppFlowy-CMS--f0b20-rs-the-case-studies-heading-mobile-chrome-retry1/trace.zip
    Usage:

        npx playwright show-trace test-results/appflowy-cms-AppFlowy-CMS--f0b20-rs-the-case-studies-heading-mobile-chrome-retry1/trace.zip

    ────────────────────────────────────────────────────────────────────────────────────────────────

  1290) [mobile-chrome] › e2e/appflowy-cms.spec.ts:297:7 › AppFlowy CMS — /case-studies page › lists case studies on the case-studies page 

    Error: page.goto: net::ERR_CONNECTION_REFUSED at http://localhost:4000/case-studies
    Call log:
      - navigating to "http://localhost:4000/case-studies", waiting until "load"


      296 |
      297 |   test("lists case studies on the case-studies page", async ({ page }) => {
    > 298 |     await page.goto("/case-studies");
          |                ^
      299 |     await page.waitForLoadState("networkidle");
      300 |     // When AppFlowy is unreachable, the page may show static fallback or
      301 |     // an empty state. Assert the page has rendered without crashing.
        at /home/tbaltzakis/cloudless.gr/e2e/appflowy-cms.spec.ts:298:16

    attachment #1: screenshot (image/png) ──────────────────────────────────────────────────────────
    test-results/appflowy-cms-AppFlowy-CMS--e32b4-es-on-the-case-studies-page-mobile-chrome/test-failed-1.png
    ────────────────────────────────────────────────────────────────────────────────────────────────

    attachment #2: video (video/webm) ──────────────────────────────────────────────────────────────
    test-results/appflowy-cms-AppFlowy-CMS--e32b4-es-on-the-case-studies-page-mobile-chrome/video.webm
    ────────────────────────────────────────────────────────────────────────────────────────────────

    Error Context: test-results/appflowy-cms-AppFlowy-CMS--e32b4-es-on-the-case-studies-page-mobile-chrome/error-context.md

    Retry #1 ───────────────────────────────────────────────────────────────────────────────────────

    Error: page.goto: net::ERR_CONNECTION_REFUSED at http://localhost:4000/case-studies
    Call log:
      - navigating to "http://localhost:4000/case-studies", waiting until "load"


      296 |
      297 |   test("lists case studies on the case-studies page", async ({ page }) => {
    > 298 |     await page.goto("/case-studies");
          |                ^
      299 |     await page.waitForLoadState("networkidle");
      300 |     // When AppFlowy is unreachable, the page may show static fallback or
      301 |     // an empty state. Assert the page has rendered without crashing.
        at /home/tbaltzakis/cloudless.gr/e2e/appflowy-cms.spec.ts:298:16

    attachment #1: screenshot (image/png) ──────────────────────────────────────────────────────────
    test-results/appflowy-cms-AppFlowy-CMS--e32b4-es-on-the-case-studies-page-mobile-chrome-retry1/test-failed-1.png
    ────────────────────────────────────────────────────────────────────────────────────────────────

    attachment #2: video (video/webm) ──────────────────────────────────────────────────────────────
    test-results/appflowy-cms-AppFlowy-CMS--e32b4-es-on-the-case-studies-page-mobile-chrome-retry1/video.webm
    ────────────────────────────────────────────────────────────────────────────────────────────────

    Error Context: test-results/appflowy-cms-AppFlowy-CMS--e32b4-es-on-the-case-studies-page-mobile-chrome-retry1/error-context.md

    attachment #4: trace (application/zip) ─────────────────────────────────────────────────────────
    test-results/appflowy-cms-AppFlowy-CMS--e32b4-es-on-the-case-studies-page-mobile-chrome-retry1/trace.zip
    Usage:

        npx playwright show-trace test-results/appflowy-cms-AppFlowy-CMS--e32b4-es-on-the-case-studies-page-mobile-chrome-retry1/trace.zip

    ────────────────────────────────────────────────────────────────────────────────────────────────

  1291) [mobile-chrome] › e2e/appflowy-cms.spec.ts:310:7 › AppFlowy CMS — /case-studies/[slug] › static fallback case study renders an article heading 

    Error: page.goto: net::ERR_CONNECTION_REFUSED at http://localhost:4000/case-studies/techflow-aws-cost-reduction
    Call log:
      - navigating to "http://localhost:4000/case-studies/techflow-aws-cost-reduction", waiting until "load"


      309 |
      310 |   test("static fallback case study renders an article heading", async ({ page }) => {
    > 311 |     await page.goto(`/case-studies/${FIRST_STATIC_CASE_SLUG}`);
          |                ^
      312 |     await expect(page).toHaveURL(new RegExp(`/case-studies/${FIRST_STATIC_CASE_SLUG}`));
      313 |     await expect(page.getByRole("heading", { level: 1 })).toBeVisible({ timeout: 10000 });
      314 |   });
        at /home/tbaltzakis/cloudless.gr/e2e/appflowy-cms.spec.ts:311:16

    attachment #1: screenshot (image/png) ──────────────────────────────────────────────────────────
    test-results/appflowy-cms-AppFlowy-CMS--1536c--renders-an-article-heading-mobile-chrome/test-failed-1.png
    ────────────────────────────────────────────────────────────────────────────────────────────────

    attachment #2: video (video/webm) ──────────────────────────────────────────────────────────────
    test-results/appflowy-cms-AppFlowy-CMS--1536c--renders-an-article-heading-mobile-chrome/video.webm
    ────────────────────────────────────────────────────────────────────────────────────────────────

    Error Context: test-results/appflowy-cms-AppFlowy-CMS--1536c--renders-an-article-heading-mobile-chrome/error-context.md

    Retry #1 ───────────────────────────────────────────────────────────────────────────────────────

    Error: page.goto: net::ERR_CONNECTION_REFUSED at http://localhost:4000/case-studies/techflow-aws-cost-reduction
    Call log:
      - navigating to "http://localhost:4000/case-studies/techflow-aws-cost-reduction", waiting until "load"


      309 |
      310 |   test("static fallback case study renders an article heading", async ({ page }) => {
    > 311 |     await page.goto(`/case-studies/${FIRST_STATIC_CASE_SLUG}`);
          |                ^
      312 |     await expect(page).toHaveURL(new RegExp(`/case-studies/${FIRST_STATIC_CASE_SLUG}`));
      313 |     await expect(page.getByRole("heading", { level: 1 })).toBeVisible({ timeout: 10000 });
      314 |   });
        at /home/tbaltzakis/cloudless.gr/e2e/appflowy-cms.spec.ts:311:16

    attachment #1: screenshot (image/png) ──────────────────────────────────────────────────────────
    test-results/appflowy-cms-AppFlowy-CMS--1536c--renders-an-article-heading-mobile-chrome-retry1/test-failed-1.png
    ────────────────────────────────────────────────────────────────────────────────────────────────

    attachment #2: video (video/webm) ──────────────────────────────────────────────────────────────
    test-results/appflowy-cms-AppFlowy-CMS--1536c--renders-an-article-heading-mobile-chrome-retry1/video.webm
    ────────────────────────────────────────────────────────────────────────────────────────────────

    Error Context: test-results/appflowy-cms-AppFlowy-CMS--1536c--renders-an-article-heading-mobile-chrome-retry1/error-context.md

    attachment #4: trace (application/zip) ─────────────────────────────────────────────────────────
    test-results/appflowy-cms-AppFlowy-CMS--1536c--renders-an-article-heading-mobile-chrome-retry1/trace.zip
    Usage:

        npx playwright show-trace test-results/appflowy-cms-AppFlowy-CMS--1536c--renders-an-article-heading-mobile-chrome-retry1/trace.zip

    ────────────────────────────────────────────────────────────────────────────────────────────────

  1292) [mobile-chrome] › e2e/appflowy-cms.spec.ts:316:7 › AppFlowy CMS — /case-studies/[slug] › nonexistent slug renders the 404 page 

    Error: page.goto: net::ERR_CONNECTION_REFUSED at http://localhost:4000/case-studies/this-slug-does-not-exist
    Call log:
      - navigating to "http://localhost:4000/case-studies/this-slug-does-not-exist", waiting until "load"


      315 |
      316 |   test("nonexistent slug renders the 404 page", async ({ page }) => {
    > 317 |     await page.goto("/case-studies/this-slug-does-not-exist");
          |                ^
      318 |     await expect(
      319 |       page.getByRole("heading", { level: 1, name: /page not found|introuvable|δεν βρέθηκε/i })
      320 |     ).toBeVisible();
        at /home/tbaltzakis/cloudless.gr/e2e/appflowy-cms.spec.ts:317:16

    attachment #1: screenshot (image/png) ──────────────────────────────────────────────────────────
    test-results/appflowy-cms-AppFlowy-CMS--19808-t-slug-renders-the-404-page-mobile-chrome/test-failed-1.png
    ────────────────────────────────────────────────────────────────────────────────────────────────

    attachment #2: video (video/webm) ──────────────────────────────────────────────────────────────
    test-results/appflowy-cms-AppFlowy-CMS--19808-t-slug-renders-the-404-page-mobile-chrome/video.webm
    ────────────────────────────────────────────────────────────────────────────────────────────────

    Error Context: test-results/appflowy-cms-AppFlowy-CMS--19808-t-slug-renders-the-404-page-mobile-chrome/error-context.md

    Retry #1 ───────────────────────────────────────────────────────────────────────────────────────

    Error: page.goto: net::ERR_CONNECTION_REFUSED at http://localhost:4000/case-studies/this-slug-does-not-exist
    Call log:
      - navigating to "http://localhost:4000/case-studies/this-slug-does-not-exist", waiting until "load"


      315 |
      316 |   test("nonexistent slug renders the 404 page", async ({ page }) => {
    > 317 |     await page.goto("/case-studies/this-slug-does-not-exist");
          |                ^
      318 |     await expect(
      319 |       page.getByRole("heading", { level: 1, name: /page not found|introuvable|δεν βρέθηκε/i })
      320 |     ).toBeVisible();
        at /home/tbaltzakis/cloudless.gr/e2e/appflowy-cms.spec.ts:317:16

    attachment #1: screenshot (image/png) ──────────────────────────────────────────────────────────
    test-results/appflowy-cms-AppFlowy-CMS--19808-t-slug-renders-the-404-page-mobile-chrome-retry1/test-failed-1.png
    ────────────────────────────────────────────────────────────────────────────────────────────────

    attachment #2: video (video/webm) ──────────────────────────────────────────────────────────────
    test-results/appflowy-cms-AppFlowy-CMS--19808-t-slug-renders-the-404-page-mobile-chrome-retry1/video.webm
    ────────────────────────────────────────────────────────────────────────────────────────────────

    Error Context: test-results/appflowy-cms-AppFlowy-CMS--19808-t-slug-renders-the-404-page-mobile-chrome-retry1/error-context.md

    attachment #4: trace (application/zip) ─────────────────────────────────────────────────────────
    test-results/appflowy-cms-AppFlowy-CMS--19808-t-slug-renders-the-404-page-mobile-chrome-retry1/trace.zip
    Usage:

        npx playwright show-trace test-results/appflowy-cms-AppFlowy-CMS--19808-t-slug-renders-the-404-page-mobile-chrome-retry1/trace.zip

    ────────────────────────────────────────────────────────────────────────────────────────────────

  1293) [mobile-chrome] › e2e/appflowy-cms.spec.ts:325:7 › AppFlowy CMS — /api/case-studies contract › returns an array with required fields 

    Error: apiRequestContext.get: connect ECONNREFUSED ::1:4000
    Call log:
      - → GET http://localhost:4000/api/case-studies
        - user-agent: Mozilla/5.0 (Linux; Android 14; Pixel 7) AppleWebKit/537.36 (KHTML, like Gecko) Chrome/151.0.7922.34 Mobile Safari/537.36
        - accept: */*
        - accept-encoding: gzip,deflate,br

        at apiRequestContext.get: connect ECONNREFUSED ::1:4000
        at /home/tbaltzakis/cloudless.gr/e2e/appflowy-cms.spec.ts:326:31

    Error Context: test-results/appflowy-cms-AppFlowy-CMS--58b1e--array-with-required-fields-mobile-chrome/error-context.md

    Retry #1 ───────────────────────────────────────────────────────────────────────────────────────

    Error: apiRequestContext.get: connect ECONNREFUSED ::1:4000
    Call log:
      - → GET http://localhost:4000/api/case-studies
        - user-agent: Mozilla/5.0 (Linux; Android 14; Pixel 7) AppleWebKit/537.36 (KHTML, like Gecko) Chrome/151.0.7922.34 Mobile Safari/537.36
        - accept: */*
        - accept-encoding: gzip,deflate,br

        at apiRequestContext.get: connect ECONNREFUSED ::1:4000
        at /home/tbaltzakis/cloudless.gr/e2e/appflowy-cms.spec.ts:326:31

    Error Context: test-results/appflowy-cms-AppFlowy-CMS--58b1e--array-with-required-fields-mobile-chrome-retry1/error-context.md

    attachment #2: trace (application/zip) ─────────────────────────────────────────────────────────
    test-results/appflowy-cms-AppFlowy-CMS--58b1e--array-with-required-fields-mobile-chrome-retry1/trace.zip
    Usage:

        npx playwright show-trace test-results/appflowy-cms-AppFlowy-CMS--58b1e--array-with-required-fields-mobile-chrome-retry1/trace.zip

    ────────────────────────────────────────────────────────────────────────────────────────────────

  1294) [mobile-chrome] › e2e/appflowy-cms.spec.ts:342:7 › AppFlowy CMS — /api/case-studies contract › featured filter returns only featured case studies 

    Error: apiRequestContext.get: connect ECONNREFUSED ::1:4000
    Call log:
      - → GET http://localhost:4000/api/case-studies?featured=true
        - user-agent: Mozilla/5.0 (Linux; Android 14; Pixel 7) AppleWebKit/537.36 (KHTML, like Gecko) Chrome/151.0.7922.34 Mobile Safari/537.36
        - accept: */*
        - accept-encoding: gzip,deflate,br

        at apiRequestContext.get: connect ECONNREFUSED ::1:4000
        at /home/tbaltzakis/cloudless.gr/e2e/appflowy-cms.spec.ts:343:31

    Error Context: test-results/appflowy-cms-AppFlowy-CMS--dbb6a--only-featured-case-studies-mobile-chrome/error-context.md

    Retry #1 ───────────────────────────────────────────────────────────────────────────────────────

    Error: apiRequestContext.get: connect ECONNREFUSED ::1:4000
    Call log:
      - → GET http://localhost:4000/api/case-studies?featured=true
        - user-agent: Mozilla/5.0 (Linux; Android 14; Pixel 7) AppleWebKit/537.36 (KHTML, like Gecko) Chrome/151.0.7922.34 Mobile Safari/537.36
        - accept: */*
        - accept-encoding: gzip,deflate,br

        at apiRequestContext.get: connect ECONNREFUSED ::1:4000
        at /home/tbaltzakis/cloudless.gr/e2e/appflowy-cms.spec.ts:343:31

    Error Context: test-results/appflowy-cms-AppFlowy-CMS--dbb6a--only-featured-case-studies-mobile-chrome-retry1/error-context.md

    attachment #2: trace (application/zip) ─────────────────────────────────────────────────────────
    test-results/appflowy-cms-AppFlowy-CMS--dbb6a--only-featured-case-studies-mobile-chrome-retry1/trace.zip
    Usage:

        npx playwright show-trace test-results/appflowy-cms-AppFlowy-CMS--dbb6a--only-featured-case-studies-mobile-chrome-retry1/trace.zip

    ────────────────────────────────────────────────────────────────────────────────────────────────

  1295) [mobile-chrome] › e2e/appflowy-cms.spec.ts:353:7 › AppFlowy CMS — /api/case-studies contract › slug endpoint returns a case study or 404 when not found 

    Error: apiRequestContext.get: connect ECONNREFUSED ::1:4000
    Call log:
      - → GET http://localhost:4000/api/case-studies/techflow-aws-cost-reduction
        - user-agent: Mozilla/5.0 (Linux; Android 14; Pixel 7) AppleWebKit/537.36 (KHTML, like Gecko) Chrome/151.0.7922.34 Mobile Safari/537.36
        - accept: */*
        - accept-encoding: gzip,deflate,br

        at apiRequestContext.get: connect ECONNREFUSED ::1:4000
        at /home/tbaltzakis/cloudless.gr/e2e/appflowy-cms.spec.ts:354:31

    Error Context: test-results/appflowy-cms-AppFlowy-CMS--5ce89-study-or-404-when-not-found-mobile-chrome/error-context.md

    Retry #1 ───────────────────────────────────────────────────────────────────────────────────────

    Error: apiRequestContext.get: connect ECONNREFUSED ::1:4000
    Call log:
      - → GET http://localhost:4000/api/case-studies/techflow-aws-cost-reduction
        - user-agent: Mozilla/5.0 (Linux; Android 14; Pixel 7) AppleWebKit/537.36 (KHTML, like Gecko) Chrome/151.0.7922.34 Mobile Safari/537.36
        - accept: */*
        - accept-encoding: gzip,deflate,br

        at apiRequestContext.get: connect ECONNREFUSED ::1:4000
        at /home/tbaltzakis/cloudless.gr/e2e/appflowy-cms.spec.ts:354:31

    Error Context: test-results/appflowy-cms-AppFlowy-CMS--5ce89-study-or-404-when-not-found-mobile-chrome-retry1/error-context.md

    attachment #2: trace (application/zip) ─────────────────────────────────────────────────────────
    test-results/appflowy-cms-AppFlowy-CMS--5ce89-study-or-404-when-not-found-mobile-chrome-retry1/trace.zip
    Usage:

        npx playwright show-trace test-results/appflowy-cms-AppFlowy-CMS--5ce89-study-or-404-when-not-found-mobile-chrome-retry1/trace.zip

    ────────────────────────────────────────────────────────────────────────────────────────────────

  1296) [mobile-chrome] › e2e/appflowy-cms.spec.ts:367:7 › AppFlowy CMS — /api/case-studies contract › unknown slug returns 404 

    Error: apiRequestContext.get: connect ECONNREFUSED ::1:4000
    Call log:
      - → GET http://localhost:4000/api/case-studies/no-such-case-study-xyz
        - user-agent: Mozilla/5.0 (Linux; Android 14; Pixel 7) AppleWebKit/537.36 (KHTML, like Gecko) Chrome/151.0.7922.34 Mobile Safari/537.36
        - accept: */*
        - accept-encoding: gzip,deflate,br

        at apiRequestContext.get: connect ECONNREFUSED ::1:4000
        at /home/tbaltzakis/cloudless.gr/e2e/appflowy-cms.spec.ts:368:31

    Error Context: test-results/appflowy-cms-AppFlowy-CMS--2f795-ct-unknown-slug-returns-404-mobile-chrome/error-context.md

    Retry #1 ───────────────────────────────────────────────────────────────────────────────────────

    Error: apiRequestContext.get: connect ECONNREFUSED ::1:4000
    Call log:
      - → GET http://localhost:4000/api/case-studies/no-such-case-study-xyz
        - user-agent: Mozilla/5.0 (Linux; Android 14; Pixel 7) AppleWebKit/537.36 (KHTML, like Gecko) Chrome/151.0.7922.34 Mobile Safari/537.36
        - accept: */*
        - accept-encoding: gzip,deflate,br

        at apiRequestContext.get: connect ECONNREFUSED ::1:4000
        at /home/tbaltzakis/cloudless.gr/e2e/appflowy-cms.spec.ts:368:31

    Error Context: test-results/appflowy-cms-AppFlowy-CMS--2f795-ct-unknown-slug-returns-404-mobile-chrome-retry1/error-context.md

    attachment #2: trace (application/zip) ─────────────────────────────────────────────────────────
    test-results/appflowy-cms-AppFlowy-CMS--2f795-ct-unknown-slug-returns-404-mobile-chrome-retry1/trace.zip
    Usage:

        npx playwright show-trace test-results/appflowy-cms-AppFlowy-CMS--2f795-ct-unknown-slug-returns-404-mobile-chrome-retry1/trace.zip

    ────────────────────────────────────────────────────────────────────────────────────────────────

  1297) [mobile-chrome] › e2e/auth-security.spec.ts:52:9 › Auth Security Features - API Tests › Sandbox Endpoint › sandbox returns 403 in production or 200 in development 

    Error: apiRequestContext.get: connect ECONNREFUSED ::1:4000
    Call log:
      - → GET http://localhost:4000/api/auth/sandbox
        - user-agent: Mozilla/5.0 (Linux; Android 14; Pixel 7) AppleWebKit/537.36 (KHTML, like Gecko) Chrome/151.0.7922.34 Mobile Safari/537.36
        - accept: */*
        - accept-encoding: gzip,deflate,br

        at apiRequestContext.get: connect ECONNREFUSED ::1:4000
        at /home/tbaltzakis/cloudless.gr/e2e/auth-security.spec.ts:53:38

    Error Context: test-results/auth-security-Auth-Securit-3dbff-ction-or-200-in-development-mobile-chrome/error-context.md

    Retry #1 ───────────────────────────────────────────────────────────────────────────────────────

    Error: apiRequestContext.get: connect ECONNREFUSED ::1:4000
    Call log:
      - → GET http://localhost:4000/api/auth/sandbox
        - user-agent: Mozilla/5.0 (Linux; Android 14; Pixel 7) AppleWebKit/537.36 (KHTML, like Gecko) Chrome/151.0.7922.34 Mobile Safari/537.36
        - accept: */*
        - accept-encoding: gzip,deflate,br

        at apiRequestContext.get: connect ECONNREFUSED ::1:4000
        at /home/tbaltzakis/cloudless.gr/e2e/auth-security.spec.ts:53:38

    Error Context: test-results/auth-security-Auth-Securit-3dbff-ction-or-200-in-development-mobile-chrome-retry1/error-context.md

    attachment #2: trace (application/zip) ─────────────────────────────────────────────────────────
    test-results/auth-security-Auth-Securit-3dbff-ction-or-200-in-development-mobile-chrome-retry1/trace.zip
    Usage:

        npx playwright show-trace test-results/auth-security-Auth-Securit-3dbff-ction-or-200-in-development-mobile-chrome-retry1/trace.zip

    ────────────────────────────────────────────────────────────────────────────────────────────────

  1298) [mobile-chrome] › e2e/auth-security.spec.ts:60:9 › Auth Security Features - API Tests › Session Management › login endpoint exists and handles requests 

    Error: apiRequestContext.post: connect ECONNREFUSED ::1:4000
    Call log:
      - → POST http://localhost:4000/api/auth/login
        - user-agent: Mozilla/5.0 (Linux; Android 14; Pixel 7) AppleWebKit/537.36 (KHTML, like Gecko) Chrome/151.0.7922.34 Mobile Safari/537.36
        - accept: */*
        - accept-encoding: gzip,deflate,br
        - content-type: application/json
        - content-length: 76

        at apiRequestContext.post: connect ECONNREFUSED ::1:4000
        at /home/tbaltzakis/cloudless.gr/e2e/auth-security.spec.ts:61:38

    Error Context: test-results/auth-security-Auth-Securit-d627e-exists-and-handles-requests-mobile-chrome/error-context.md

    Retry #1 ───────────────────────────────────────────────────────────────────────────────────────

    Error: apiRequestContext.post: connect ECONNREFUSED ::1:4000
    Call log:
      - → POST http://localhost:4000/api/auth/login
        - user-agent: Mozilla/5.0 (Linux; Android 14; Pixel 7) AppleWebKit/537.36 (KHTML, like Gecko) Chrome/151.0.7922.34 Mobile Safari/537.36
        - accept: */*
        - accept-encoding: gzip,deflate,br
        - content-type: application/json
        - content-length: 76

        at apiRequestContext.post: connect ECONNREFUSED ::1:4000
        at /home/tbaltzakis/cloudless.gr/e2e/auth-security.spec.ts:61:38

    Error Context: test-results/auth-security-Auth-Securit-d627e-exists-and-handles-requests-mobile-chrome-retry1/error-context.md

    attachment #2: trace (application/zip) ─────────────────────────────────────────────────────────
    test-results/auth-security-Auth-Securit-d627e-exists-and-handles-requests-mobile-chrome-retry1/trace.zip
    Usage:

        npx playwright show-trace test-results/auth-security-Auth-Securit-d627e-exists-and-handles-requests-mobile-chrome-retry1/trace.zip

    ────────────────────────────────────────────────────────────────────────────────────────────────

  1299) [mobile-chrome] › e2e/auth-security.spec.ts:72:7 › Password Strength Validation - Unit Tests › validatePasswordStrength rejects weak passwords 

    Error: apiRequestContext.post: connect ECONNREFUSED ::1:4000
    Call log:
      - → POST http://localhost:4000/api/auth/register-d1
        - user-agent: Mozilla/5.0 (Linux; Android 14; Pixel 7) AppleWebKit/537.36 (KHTML, like Gecko) Chrome/151.0.7922.34 Mobile Safari/537.36
        - accept: */*
        - accept-encoding: gzip,deflate,br
        - content-type: application/json
        - content-length: 43

        at apiRequestContext.post: connect ECONNREFUSED ::1:4000
        at /home/tbaltzakis/cloudless.gr/e2e/auth-security.spec.ts:75:36

    Error Context: test-results/auth-security-Password-Str-4a962-ngth-rejects-weak-passwords-mobile-chrome/error-context.md

    Retry #1 ───────────────────────────────────────────────────────────────────────────────────────

    Error: apiRequestContext.post: connect ECONNREFUSED ::1:4000
    Call log:
      - → POST http://localhost:4000/api/auth/register-d1
        - user-agent: Mozilla/5.0 (Linux; Android 14; Pixel 7) AppleWebKit/537.36 (KHTML, like Gecko) Chrome/151.0.7922.34 Mobile Safari/537.36
        - accept: */*
        - accept-encoding: gzip,deflate,br
        - content-type: application/json
        - content-length: 43

        at apiRequestContext.post: connect ECONNREFUSED ::1:4000
        at /home/tbaltzakis/cloudless.gr/e2e/auth-security.spec.ts:75:36

    Error Context: test-results/auth-security-Password-Str-4a962-ngth-rejects-weak-passwords-mobile-chrome-retry1/error-context.md

    attachment #2: trace (application/zip) ─────────────────────────────────────────────────────────
    test-results/auth-security-Password-Str-4a962-ngth-rejects-weak-passwords-mobile-chrome-retry1/trace.zip
    Usage:

        npx playwright show-trace test-results/auth-security-Password-Str-4a962-ngth-rejects-weak-passwords-mobile-chrome-retry1/trace.zip

    ────────────────────────────────────────────────────────────────────────────────────────────────

  1300) [mobile-chrome] › e2e/auth-security.spec.ts:82:7 › Password Strength Validation - Unit Tests › validatePasswordStrength requires special characters 

    Error: apiRequestContext.post: connect ECONNREFUSED ::1:4000
    Call log:
      - → POST http://localhost:4000/api/auth/register-d1
        - user-agent: Mozilla/5.0 (Linux; Android 14; Pixel 7) AppleWebKit/537.36 (KHTML, like Gecko) Chrome/151.0.7922.34 Mobile Safari/537.36
        - accept: */*
        - accept-encoding: gzip,deflate,br
        - content-type: application/json
        - content-length: 56

        at apiRequestContext.post: connect ECONNREFUSED ::1:4000
        at /home/tbaltzakis/cloudless.gr/e2e/auth-security.spec.ts:83:36

    Error Context: test-results/auth-security-Password-Str-f098c-requires-special-characters-mobile-chrome/error-context.md

    Retry #1 ───────────────────────────────────────────────────────────────────────────────────────

    Error: apiRequestContext.post: connect ECONNREFUSED ::1:4000
    Call log:
      - → POST http://localhost:4000/api/auth/register-d1
        - user-agent: Mozilla/5.0 (Linux; Android 14; Pixel 7) AppleWebKit/537.36 (KHTML, like Gecko) Chrome/151.0.7922.34 Mobile Safari/537.36
        - accept: */*
        - accept-encoding: gzip,deflate,br
        - content-type: application/json
        - content-length: 56

        at apiRequestContext.post: connect ECONNREFUSED ::1:4000
        at /home/tbaltzakis/cloudless.gr/e2e/auth-security.spec.ts:83:36

    Error Context: test-results/auth-security-Password-Str-f098c-requires-special-characters-mobile-chrome-retry1/error-context.md

    attachment #2: trace (application/zip) ─────────────────────────────────────────────────────────
    test-results/auth-security-Password-Str-f098c-requires-special-characters-mobile-chrome-retry1/trace.zip
    Usage:

        npx playwright show-trace test-results/auth-security-Password-Str-f098c-requires-special-characters-mobile-chrome-retry1/trace.zip

    ────────────────────────────────────────────────────────────────────────────────────────────────

  1301) [mobile-chrome] › e2e/auth.spec.ts:4:7 › Authentication › homepage is accessible without login 

    Error: page.goto: net::ERR_CONNECTION_REFUSED at http://localhost:4000/
    Call log:
      - navigating to "http://localhost:4000/", waiting until "load"


      3 | test.describe("Authentication", () => {
      4 |   test("homepage is accessible without login", async ({ page }) => {
    > 5 |     await page.goto("/");
        |                ^
      6 |     await expect(page.getByRole("heading", { level: 1 })).toBeVisible();
      7 |   });
      8 |
        at /home/tbaltzakis/cloudless.gr/e2e/auth.spec.ts:5:16

    attachment #1: screenshot (image/png) ──────────────────────────────────────────────────────────
    test-results/auth-Authentication-homepage-is-accessible-without-login-mobile-chrome/test-failed-1.png
    ────────────────────────────────────────────────────────────────────────────────────────────────

    attachment #2: video (video/webm) ──────────────────────────────────────────────────────────────
    test-results/auth-Authentication-homepage-is-accessible-without-login-mobile-chrome/video.webm
    ────────────────────────────────────────────────────────────────────────────────────────────────

    Error Context: test-results/auth-Authentication-homepage-is-accessible-without-login-mobile-chrome/error-context.md

    Retry #1 ───────────────────────────────────────────────────────────────────────────────────────

    Error: page.goto: net::ERR_CONNECTION_REFUSED at http://localhost:4000/
    Call log:
      - navigating to "http://localhost:4000/", waiting until "load"


      3 | test.describe("Authentication", () => {
      4 |   test("homepage is accessible without login", async ({ page }) => {
    > 5 |     await page.goto("/");
        |                ^
      6 |     await expect(page.getByRole("heading", { level: 1 })).toBeVisible();
      7 |   });
      8 |
        at /home/tbaltzakis/cloudless.gr/e2e/auth.spec.ts:5:16

    attachment #1: screenshot (image/png) ──────────────────────────────────────────────────────────
    test-results/auth-Authentication-homepage-is-accessible-without-login-mobile-chrome-retry1/test-failed-1.png
    ────────────────────────────────────────────────────────────────────────────────────────────────

    attachment #2: video (video/webm) ──────────────────────────────────────────────────────────────
    test-results/auth-Authentication-homepage-is-accessible-without-login-mobile-chrome-retry1/video.webm
    ────────────────────────────────────────────────────────────────────────────────────────────────

    Error Context: test-results/auth-Authentication-homepage-is-accessible-without-login-mobile-chrome-retry1/error-context.md

    attachment #4: trace (application/zip) ─────────────────────────────────────────────────────────
    test-results/auth-Authentication-homepage-is-accessible-without-login-mobile-chrome-retry1/trace.zip
    Usage:

        npx playwright show-trace test-results/auth-Authentication-homepage-is-accessible-without-login-mobile-chrome-retry1/trace.zip

    ────────────────────────────────────────────────────────────────────────────────────────────────

  1302) [mobile-chrome] › e2e/auth.spec.ts:9:7 › Authentication › login page shows email and password fields 

    Error: page.goto: net::ERR_CONNECTION_REFUSED at http://localhost:4000/auth/login
    Call log:
      - navigating to "http://localhost:4000/auth/login", waiting until "load"


       8 |
       9 |   test("login page shows email and password fields", async ({ page }) => {
    > 10 |     await page.goto("/auth/login");
         |                ^
      11 |     await expect(page).toHaveURL(/\/auth\/login/);
      12 |     await page.waitForLoadState("networkidle").catch(() => {});
      13 |     
        at /home/tbaltzakis/cloudless.gr/e2e/auth.spec.ts:10:16

    attachment #1: screenshot (image/png) ──────────────────────────────────────────────────────────
    test-results/auth-Authentication-login--0ad55-s-email-and-password-fields-mobile-chrome/test-failed-1.png
    ────────────────────────────────────────────────────────────────────────────────────────────────

    attachment #2: video (video/webm) ──────────────────────────────────────────────────────────────
    test-results/auth-Authentication-login--0ad55-s-email-and-password-fields-mobile-chrome/video.webm
    ────────────────────────────────────────────────────────────────────────────────────────────────

    Error Context: test-results/auth-Authentication-login--0ad55-s-email-and-password-fields-mobile-chrome/error-context.md

    Retry #1 ───────────────────────────────────────────────────────────────────────────────────────

    Error: page.goto: net::ERR_CONNECTION_REFUSED at http://localhost:4000/auth/login
    Call log:
      - navigating to "http://localhost:4000/auth/login", waiting until "load"


       8 |
       9 |   test("login page shows email and password fields", async ({ page }) => {
    > 10 |     await page.goto("/auth/login");
         |                ^
      11 |     await expect(page).toHaveURL(/\/auth\/login/);
      12 |     await page.waitForLoadState("networkidle").catch(() => {});
      13 |     
        at /home/tbaltzakis/cloudless.gr/e2e/auth.spec.ts:10:16

    attachment #1: screenshot (image/png) ──────────────────────────────────────────────────────────
    test-results/auth-Authentication-login--0ad55-s-email-and-password-fields-mobile-chrome-retry1/test-failed-1.png
    ────────────────────────────────────────────────────────────────────────────────────────────────

    attachment #2: video (video/webm) ──────────────────────────────────────────────────────────────
    test-results/auth-Authentication-login--0ad55-s-email-and-password-fields-mobile-chrome-retry1/video.webm
    ────────────────────────────────────────────────────────────────────────────────────────────────

    Error Context: test-results/auth-Authentication-login--0ad55-s-email-and-password-fields-mobile-chrome-retry1/error-context.md

    attachment #4: trace (application/zip) ─────────────────────────────────────────────────────────
    test-results/auth-Authentication-login--0ad55-s-email-and-password-fields-mobile-chrome-retry1/trace.zip
    Usage:

        npx playwright show-trace test-results/auth-Authentication-login--0ad55-s-email-and-password-fields-mobile-chrome-retry1/trace.zip

    ────────────────────────────────────────────────────────────────────────────────────────────────

  1303) [mobile-chrome] › e2e/auth.spec.ts:23:7 › Authentication › signup page exposes name, email and password fields 

    Error: page.goto: net::ERR_CONNECTION_REFUSED at http://localhost:4000/auth/signup
    Call log:
      - navigating to "http://localhost:4000/auth/signup", waiting until "load"


      22 |
      23 |   test("signup page exposes name, email and password fields", async ({ page }) => {
    > 24 |     await page.goto("/auth/signup");
         |                ^
      25 |     await expect(page).toHaveURL(/\/auth\/signup/);
      26 |     await expect(page.getByLabel(/name/i)).toBeVisible({ timeout: 10_000 });
      27 |     await expect(page.getByLabel(/email/i)).toBeVisible({ timeout: 10_000 });
        at /home/tbaltzakis/cloudless.gr/e2e/auth.spec.ts:24:16

    attachment #1: screenshot (image/png) ──────────────────────────────────────────────────────────
    test-results/auth-Authentication-signup-58724-e-email-and-password-fields-mobile-chrome/test-failed-1.png
    ────────────────────────────────────────────────────────────────────────────────────────────────

    attachment #2: video (video/webm) ──────────────────────────────────────────────────────────────
    test-results/auth-Authentication-signup-58724-e-email-and-password-fields-mobile-chrome/video.webm
    ────────────────────────────────────────────────────────────────────────────────────────────────

    Error Context: test-results/auth-Authentication-signup-58724-e-email-and-password-fields-mobile-chrome/error-context.md

    Retry #1 ───────────────────────────────────────────────────────────────────────────────────────

    Error: page.goto: net::ERR_CONNECTION_REFUSED at http://localhost:4000/auth/signup
    Call log:
      - navigating to "http://localhost:4000/auth/signup", waiting until "load"


      22 |
      23 |   test("signup page exposes name, email and password fields", async ({ page }) => {
    > 24 |     await page.goto("/auth/signup");
         |                ^
      25 |     await expect(page).toHaveURL(/\/auth\/signup/);
      26 |     await expect(page.getByLabel(/name/i)).toBeVisible({ timeout: 10_000 });
      27 |     await expect(page.getByLabel(/email/i)).toBeVisible({ timeout: 10_000 });
        at /home/tbaltzakis/cloudless.gr/e2e/auth.spec.ts:24:16

    attachment #1: screenshot (image/png) ──────────────────────────────────────────────────────────
    test-results/auth-Authentication-signup-58724-e-email-and-password-fields-mobile-chrome-retry1/test-failed-1.png
    ────────────────────────────────────────────────────────────────────────────────────────────────

    attachment #2: video (video/webm) ──────────────────────────────────────────────────────────────
    test-results/auth-Authentication-signup-58724-e-email-and-password-fields-mobile-chrome-retry1/video.webm
    ────────────────────────────────────────────────────────────────────────────────────────────────

    Error Context: test-results/auth-Authentication-signup-58724-e-email-and-password-fields-mobile-chrome-retry1/error-context.md

    attachment #4: trace (application/zip) ─────────────────────────────────────────────────────────
    test-results/auth-Authentication-signup-58724-e-email-and-password-fields-mobile-chrome-retry1/trace.zip
    Usage:

        npx playwright show-trace test-results/auth-Authentication-signup-58724-e-email-and-password-fields-mobile-chrome-retry1/trace.zip

    ────────────────────────────────────────────────────────────────────────────────────────────────

  1304) [mobile-chrome] › e2e/auth.spec.ts:31:7 › Authentication › forgot-password page is reachable from login 

    Error: page.goto: net::ERR_CONNECTION_REFUSED at http://localhost:4000/auth/login
    Call log:
      - navigating to "http://localhost:4000/auth/login", waiting until "load"


      30 |
      31 |   test("forgot-password page is reachable from login", async ({ page }) => {
    > 32 |     await page.goto("/auth/login");
         |                ^
      33 |     await page.waitForLoadState("networkidle").catch(() => {});
      34 |     // Click forgot password link
      35 |     const forgotLink = page.getByTestId("forgot-password-link");
        at /home/tbaltzakis/cloudless.gr/e2e/auth.spec.ts:32:16

    attachment #1: screenshot (image/png) ──────────────────────────────────────────────────────────
    test-results/auth-Authentication-forgot-50745-age-is-reachable-from-login-mobile-chrome/test-failed-1.png
    ────────────────────────────────────────────────────────────────────────────────────────────────

    attachment #2: video (video/webm) ──────────────────────────────────────────────────────────────
    test-results/auth-Authentication-forgot-50745-age-is-reachable-from-login-mobile-chrome/video.webm
    ────────────────────────────────────────────────────────────────────────────────────────────────

    Error Context: test-results/auth-Authentication-forgot-50745-age-is-reachable-from-login-mobile-chrome/error-context.md

    Retry #1 ───────────────────────────────────────────────────────────────────────────────────────

    Error: page.goto: net::ERR_CONNECTION_REFUSED at http://localhost:4000/auth/login
    Call log:
      - navigating to "http://localhost:4000/auth/login", waiting until "load"


      30 |
      31 |   test("forgot-password page is reachable from login", async ({ page }) => {
    > 32 |     await page.goto("/auth/login");
         |                ^
      33 |     await page.waitForLoadState("networkidle").catch(() => {});
      34 |     // Click forgot password link
      35 |     const forgotLink = page.getByTestId("forgot-password-link");
        at /home/tbaltzakis/cloudless.gr/e2e/auth.spec.ts:32:16

    attachment #1: screenshot (image/png) ──────────────────────────────────────────────────────────
    test-results/auth-Authentication-forgot-50745-age-is-reachable-from-login-mobile-chrome-retry1/test-failed-1.png
    ────────────────────────────────────────────────────────────────────────────────────────────────

    attachment #2: video (video/webm) ──────────────────────────────────────────────────────────────
    test-results/auth-Authentication-forgot-50745-age-is-reachable-from-login-mobile-chrome-retry1/video.webm
    ────────────────────────────────────────────────────────────────────────────────────────────────

    Error Context: test-results/auth-Authentication-forgot-50745-age-is-reachable-from-login-mobile-chrome-retry1/error-context.md

    attachment #4: trace (application/zip) ─────────────────────────────────────────────────────────
    test-results/auth-Authentication-forgot-50745-age-is-reachable-from-login-mobile-chrome-retry1/trace.zip
    Usage:

        npx playwright show-trace test-results/auth-Authentication-forgot-50745-age-is-reachable-from-login-mobile-chrome-retry1/trace.zip

    ────────────────────────────────────────────────────────────────────────────────────────────────

  1305) [mobile-chrome] › e2e/blog.spec.ts:4:7 › Blog API › GET /api/blog/posts returns posts array 

    Error: apiRequestContext.get: connect ECONNREFUSED ::1:4000
    Call log:
      - → GET http://localhost:4000/api/blog/posts
        - user-agent: Mozilla/5.0 (Linux; Android 14; Pixel 7) AppleWebKit/537.36 (KHTML, like Gecko) Chrome/151.0.7922.34 Mobile Safari/537.36
        - accept: */*
        - accept-encoding: gzip,deflate,br

        at apiRequestContext.get: connect ECONNREFUSED ::1:4000
        at /home/tbaltzakis/cloudless.gr/e2e/blog.spec.ts:5:31

    Error Context: test-results/blog-Blog-API-GET-api-blog-posts-returns-posts-array-mobile-chrome/error-context.md

    Retry #1 ───────────────────────────────────────────────────────────────────────────────────────

    Error: apiRequestContext.get: connect ECONNREFUSED ::1:4000
    Call log:
      - → GET http://localhost:4000/api/blog/posts
        - user-agent: Mozilla/5.0 (Linux; Android 14; Pixel 7) AppleWebKit/537.36 (KHTML, like Gecko) Chrome/151.0.7922.34 Mobile Safari/537.36
        - accept: */*
        - accept-encoding: gzip,deflate,br

        at apiRequestContext.get: connect ECONNREFUSED ::1:4000
        at /home/tbaltzakis/cloudless.gr/e2e/blog.spec.ts:5:31

    Error Context: test-results/blog-Blog-API-GET-api-blog-posts-returns-posts-array-mobile-chrome-retry1/error-context.md

    attachment #2: trace (application/zip) ─────────────────────────────────────────────────────────
    test-results/blog-Blog-API-GET-api-blog-posts-returns-posts-array-mobile-chrome-retry1/trace.zip
    Usage:

        npx playwright show-trace test-results/blog-Blog-API-GET-api-blog-posts-returns-posts-array-mobile-chrome-retry1/trace.zip

    ────────────────────────────────────────────────────────────────────────────────────────────────

  1306) [mobile-chrome] › e2e/blog.spec.ts:18:7 › Blog pages › blog listing page loads ─────────────

    Error: page.goto: net::ERR_CONNECTION_REFUSED at http://localhost:4000/en/blog
    Call log:
      - navigating to "http://localhost:4000/en/blog", waiting until "domcontentloaded"


      22 |
      23 |     for (const p of paths) {
    > 24 |       const res = await page.goto(p, { waitUntil: "domcontentloaded" });
         |                              ^
      25 |       if (res && res.status() < 400) {
      26 |         found = true;
      27 |         break;
        at /home/tbaltzakis/cloudless.gr/e2e/blog.spec.ts:24:30

    attachment #1: screenshot (image/png) ──────────────────────────────────────────────────────────
    test-results/blog-Blog-pages-blog-listing-page-loads-mobile-chrome/test-failed-1.png
    ────────────────────────────────────────────────────────────────────────────────────────────────

    attachment #2: video (video/webm) ──────────────────────────────────────────────────────────────
    test-results/blog-Blog-pages-blog-listing-page-loads-mobile-chrome/video.webm
    ────────────────────────────────────────────────────────────────────────────────────────────────

    Error Context: test-results/blog-Blog-pages-blog-listing-page-loads-mobile-chrome/error-context.md

    Retry #1 ───────────────────────────────────────────────────────────────────────────────────────

    Error: page.goto: net::ERR_CONNECTION_REFUSED at http://localhost:4000/en/blog
    Call log:
      - navigating to "http://localhost:4000/en/blog", waiting until "domcontentloaded"


      22 |
      23 |     for (const p of paths) {
    > 24 |       const res = await page.goto(p, { waitUntil: "domcontentloaded" });
         |                              ^
      25 |       if (res && res.status() < 400) {
      26 |         found = true;
      27 |         break;
        at /home/tbaltzakis/cloudless.gr/e2e/blog.spec.ts:24:30

    attachment #1: screenshot (image/png) ──────────────────────────────────────────────────────────
    test-results/blog-Blog-pages-blog-listing-page-loads-mobile-chrome-retry1/test-failed-1.png
    ────────────────────────────────────────────────────────────────────────────────────────────────

    attachment #2: video (video/webm) ──────────────────────────────────────────────────────────────
    test-results/blog-Blog-pages-blog-listing-page-loads-mobile-chrome-retry1/video.webm
    ────────────────────────────────────────────────────────────────────────────────────────────────

    Error Context: test-results/blog-Blog-pages-blog-listing-page-loads-mobile-chrome-retry1/error-context.md

    attachment #4: trace (application/zip) ─────────────────────────────────────────────────────────
    test-results/blog-Blog-pages-blog-listing-page-loads-mobile-chrome-retry1/trace.zip
    Usage:

        npx playwright show-trace test-results/blog-Blog-pages-blog-listing-page-loads-mobile-chrome-retry1/trace.zip

    ────────────────────────────────────────────────────────────────────────────────────────────────

  1307) [mobile-chrome] › e2e/campaigns-shop-online.spec.ts:4:7 › Shop-online campaign flow › /en/campaigns lists the shop-online campaign 

    Error: page.goto: net::ERR_CONNECTION_REFUSED at http://localhost:4000/en/campaigns
    Call log:
      - navigating to "http://localhost:4000/en/campaigns", waiting until "load"


      3 | test.describe("Shop-online campaign flow", () => {
      4 |   test("/en/campaigns lists the shop-online campaign", async ({ page }) => {
    > 5 |     const res = await page.goto("/en/campaigns");
        |                            ^
      6 |     expect(res?.status()).toBeLessThan(400);
      7 |
      8 |     await expect(page.getByRole("heading", { level: 1 })).toBeVisible({
        at /home/tbaltzakis/cloudless.gr/e2e/campaigns-shop-online.spec.ts:5:28

    attachment #1: screenshot (image/png) ──────────────────────────────────────────────────────────
    test-results/campaigns-shop-online-Shop-47d13-ts-the-shop-online-campaign-mobile-chrome/test-failed-1.png
    ────────────────────────────────────────────────────────────────────────────────────────────────

    attachment #2: video (video/webm) ──────────────────────────────────────────────────────────────
    test-results/campaigns-shop-online-Shop-47d13-ts-the-shop-online-campaign-mobile-chrome/video.webm
    ────────────────────────────────────────────────────────────────────────────────────────────────

    Error Context: test-results/campaigns-shop-online-Shop-47d13-ts-the-shop-online-campaign-mobile-chrome/error-context.md

    Retry #1 ───────────────────────────────────────────────────────────────────────────────────────

    Error: page.goto: net::ERR_CONNECTION_REFUSED at http://localhost:4000/en/campaigns
    Call log:
      - navigating to "http://localhost:4000/en/campaigns", waiting until "load"


      3 | test.describe("Shop-online campaign flow", () => {
      4 |   test("/en/campaigns lists the shop-online campaign", async ({ page }) => {
    > 5 |     const res = await page.goto("/en/campaigns");
        |                            ^
      6 |     expect(res?.status()).toBeLessThan(400);
      7 |
      8 |     await expect(page.getByRole("heading", { level: 1 })).toBeVisible({
        at /home/tbaltzakis/cloudless.gr/e2e/campaigns-shop-online.spec.ts:5:28

    attachment #1: screenshot (image/png) ──────────────────────────────────────────────────────────
    test-results/campaigns-shop-online-Shop-47d13-ts-the-shop-online-campaign-mobile-chrome-retry1/test-failed-1.png
    ────────────────────────────────────────────────────────────────────────────────────────────────

    attachment #2: video (video/webm) ──────────────────────────────────────────────────────────────
    test-results/campaigns-shop-online-Shop-47d13-ts-the-shop-online-campaign-mobile-chrome-retry1/video.webm
    ────────────────────────────────────────────────────────────────────────────────────────────────

    Error Context: test-results/campaigns-shop-online-Shop-47d13-ts-the-shop-online-campaign-mobile-chrome-retry1/error-context.md

    attachment #4: trace (application/zip) ─────────────────────────────────────────────────────────
    test-results/campaigns-shop-online-Shop-47d13-ts-the-shop-online-campaign-mobile-chrome-retry1/trace.zip
    Usage:

        npx playwright show-trace test-results/campaigns-shop-online-Shop-47d13-ts-the-shop-online-campaign-mobile-chrome-retry1/trace.zip

    ────────────────────────────────────────────────────────────────────────────────────────────────

  1308) [mobile-chrome] › e2e/campaigns-shop-online.spec.ts:17:7 › Shop-online campaign flow › /el/campaigns/shop-online renders all three tiers in Greek 

    Error: page.goto: net::ERR_CONNECTION_REFUSED at http://localhost:4000/el/campaigns/shop-online
    Call log:
      - navigating to "http://localhost:4000/el/campaigns/shop-online", waiting until "load"


      16 |
      17 |   test("/el/campaigns/shop-online renders all three tiers in Greek", async ({ page }) => {
    > 18 |     const res = await page.goto("/el/campaigns/shop-online");
         |                            ^
      19 |     expect(res?.status()).toBeLessThan(400);
      20 |
      21 |     await expect(page.getByRole("heading", { level: 1 })).toBeVisible({
        at /home/tbaltzakis/cloudless.gr/e2e/campaigns-shop-online.spec.ts:18:28

    attachment #1: screenshot (image/png) ──────────────────────────────────────────────────────────
    test-results/campaigns-shop-online-Shop-819cd-rs-all-three-tiers-in-Greek-mobile-chrome/test-failed-1.png
    ────────────────────────────────────────────────────────────────────────────────────────────────

    attachment #2: video (video/webm) ──────────────────────────────────────────────────────────────
    test-results/campaigns-shop-online-Shop-819cd-rs-all-three-tiers-in-Greek-mobile-chrome/video.webm
    ────────────────────────────────────────────────────────────────────────────────────────────────

    Error Context: test-results/campaigns-shop-online-Shop-819cd-rs-all-three-tiers-in-Greek-mobile-chrome/error-context.md

    Retry #1 ───────────────────────────────────────────────────────────────────────────────────────

    Error: page.goto: net::ERR_CONNECTION_REFUSED at http://localhost:4000/el/campaigns/shop-online
    Call log:
      - navigating to "http://localhost:4000/el/campaigns/shop-online", waiting until "load"


      16 |
      17 |   test("/el/campaigns/shop-online renders all three tiers in Greek", async ({ page }) => {
    > 18 |     const res = await page.goto("/el/campaigns/shop-online");
         |                            ^
      19 |     expect(res?.status()).toBeLessThan(400);
      20 |
      21 |     await expect(page.getByRole("heading", { level: 1 })).toBeVisible({
        at /home/tbaltzakis/cloudless.gr/e2e/campaigns-shop-online.spec.ts:18:28

    attachment #1: screenshot (image/png) ──────────────────────────────────────────────────────────
    test-results/campaigns-shop-online-Shop-819cd-rs-all-three-tiers-in-Greek-mobile-chrome-retry1/test-failed-1.png
    ────────────────────────────────────────────────────────────────────────────────────────────────

    attachment #2: video (video/webm) ──────────────────────────────────────────────────────────────
    test-results/campaigns-shop-online-Shop-819cd-rs-all-three-tiers-in-Greek-mobile-chrome-retry1/video.webm
    ────────────────────────────────────────────────────────────────────────────────────────────────

    Error Context: test-results/campaigns-shop-online-Shop-819cd-rs-all-three-tiers-in-Greek-mobile-chrome-retry1/error-context.md

    attachment #4: trace (application/zip) ─────────────────────────────────────────────────────────
    test-results/campaigns-shop-online-Shop-819cd-rs-all-three-tiers-in-Greek-mobile-chrome-retry1/trace.zip
    Usage:

        npx playwright show-trace test-results/campaigns-shop-online-Shop-819cd-rs-all-three-tiers-in-Greek-mobile-chrome-retry1/trace.zip

    ────────────────────────────────────────────────────────────────────────────────────────────────

  1309) [mobile-chrome] › e2e/campaigns-shop-online.spec.ts:33:7 › Shop-online campaign flow › each tier CTA links to /api/checkout with campaign+tier params 

    Error: page.goto: net::ERR_CONNECTION_REFUSED at http://localhost:4000/en/campaigns/shop-online
    Call log:
      - navigating to "http://localhost:4000/en/campaigns/shop-online", waiting until "load"


      32 |
      33 |   test("each tier CTA links to /api/checkout with campaign+tier params", async ({ page }) => {
    > 34 |     await page.goto("/en/campaigns/shop-online");
         |                ^
      35 |     const ctas = page.locator("a[data-campaign='shop-online']");
      36 |     const count = await ctas.count();
      37 |     expect(count).toBe(3);
        at /home/tbaltzakis/cloudless.gr/e2e/campaigns-shop-online.spec.ts:34:16

    attachment #1: screenshot (image/png) ──────────────────────────────────────────────────────────
    test-results/campaigns-shop-online-Shop-6638e-t-with-campaign-tier-params-mobile-chrome/test-failed-1.png
    ────────────────────────────────────────────────────────────────────────────────────────────────

    attachment #2: video (video/webm) ──────────────────────────────────────────────────────────────
    test-results/campaigns-shop-online-Shop-6638e-t-with-campaign-tier-params-mobile-chrome/video.webm
    ────────────────────────────────────────────────────────────────────────────────────────────────

    Error Context: test-results/campaigns-shop-online-Shop-6638e-t-with-campaign-tier-params-mobile-chrome/error-context.md

    Retry #1 ───────────────────────────────────────────────────────────────────────────────────────

    Error: page.goto: net::ERR_CONNECTION_REFUSED at http://localhost:4000/en/campaigns/shop-online
    Call log:
      - navigating to "http://localhost:4000/en/campaigns/shop-online", waiting until "load"


      32 |
      33 |   test("each tier CTA links to /api/checkout with campaign+tier params", async ({ page }) => {
    > 34 |     await page.goto("/en/campaigns/shop-online");
         |                ^
      35 |     const ctas = page.locator("a[data-campaign='shop-online']");
      36 |     const count = await ctas.count();
      37 |     expect(count).toBe(3);
        at /home/tbaltzakis/cloudless.gr/e2e/campaigns-shop-online.spec.ts:34:16

    attachment #1: screenshot (image/png) ──────────────────────────────────────────────────────────
    test-results/campaigns-shop-online-Shop-6638e-t-with-campaign-tier-params-mobile-chrome-retry1/test-failed-1.png
    ────────────────────────────────────────────────────────────────────────────────────────────────

    attachment #2: video (video/webm) ──────────────────────────────────────────────────────────────
    test-results/campaigns-shop-online-Shop-6638e-t-with-campaign-tier-params-mobile-chrome-retry1/video.webm
    ────────────────────────────────────────────────────────────────────────────────────────────────

    Error Context: test-results/campaigns-shop-online-Shop-6638e-t-with-campaign-tier-params-mobile-chrome-retry1/error-context.md

    attachment #4: trace (application/zip) ─────────────────────────────────────────────────────────
    test-results/campaigns-shop-online-Shop-6638e-t-with-campaign-tier-params-mobile-chrome-retry1/trace.zip
    Usage:

        npx playwright show-trace test-results/campaigns-shop-online-Shop-6638e-t-with-campaign-tier-params-mobile-chrome-retry1/trace.zip

    ────────────────────────────────────────────────────────────────────────────────────────────────

  1310) [mobile-chrome] › e2e/campaigns-shop-online.spec.ts:49:7 › Shop-online campaign flow › checkout GET stub redirects to thanks page (Stripe unwired branch) 

    Error: apiRequestContext.get: connect ECONNREFUSED ::1:4000
    Call log:
      - → GET http://localhost:4000/api/checkout?campaign=shop-online&tier=starter
        - user-agent: Mozilla/5.0 (Linux; Android 14; Pixel 7) AppleWebKit/537.36 (KHTML, like Gecko) Chrome/151.0.7922.34 Mobile Safari/537.36
        - accept: */*
        - accept-encoding: gzip,deflate,br

        at apiRequestContext.get: connect ECONNREFUSED ::1:4000
        at /home/tbaltzakis/cloudless.gr/e2e/campaigns-shop-online.spec.ts:53:31

    Error Context: test-results/campaigns-shop-online-Shop-89d8e-page-Stripe-unwired-branch--mobile-chrome/error-context.md

    Retry #1 ───────────────────────────────────────────────────────────────────────────────────────

    Error: apiRequestContext.get: connect ECONNREFUSED ::1:4000
    Call log:
      - → GET http://localhost:4000/api/checkout?campaign=shop-online&tier=starter
        - user-agent: Mozilla/5.0 (Linux; Android 14; Pixel 7) AppleWebKit/537.36 (KHTML, like Gecko) Chrome/151.0.7922.34 Mobile Safari/537.36
        - accept: */*
        - accept-encoding: gzip,deflate,br

        at apiRequestContext.get: connect ECONNREFUSED ::1:4000
        at /home/tbaltzakis/cloudless.gr/e2e/campaigns-shop-online.spec.ts:53:31

    Error Context: test-results/campaigns-shop-online-Shop-89d8e-page-Stripe-unwired-branch--mobile-chrome-retry1/error-context.md

    attachment #2: trace (application/zip) ─────────────────────────────────────────────────────────
    test-results/campaigns-shop-online-Shop-89d8e-page-Stripe-unwired-branch--mobile-chrome-retry1/trace.zip
    Usage:

        npx playwright show-trace test-results/campaigns-shop-online-Shop-89d8e-page-Stripe-unwired-branch--mobile-chrome-retry1/trace.zip

    ────────────────────────────────────────────────────────────────────────────────────────────────

  1311) [mobile-chrome] › e2e/campaigns-shop-online.spec.ts:67:7 › Shop-online campaign flow › thanks page renders with tier + order query params 

    Error: page.goto: net::ERR_CONNECTION_REFUSED at http://localhost:4000/en/campaigns/shop-online/thanks?tier=full-bundle&order=cs_test_123
    Call log:
      - navigating to "http://localhost:4000/en/campaigns/shop-online/thanks?tier=full-bundle&order=cs_test_123", waiting until "load"


      66 |
      67 |   test("thanks page renders with tier + order query params", async ({ page }) => {
    > 68 |     const res = await page.goto(
         |                            ^
      69 |       "/en/campaigns/shop-online/thanks?tier=full-bundle&order=cs_test_123",
      70 |     );
      71 |     expect(res?.status()).toBeLessThan(400);
        at /home/tbaltzakis/cloudless.gr/e2e/campaigns-shop-online.spec.ts:68:28

    attachment #1: screenshot (image/png) ──────────────────────────────────────────────────────────
    test-results/campaigns-shop-online-Shop-baa1b-ith-tier-order-query-params-mobile-chrome/test-failed-1.png
    ────────────────────────────────────────────────────────────────────────────────────────────────

    attachment #2: video (video/webm) ──────────────────────────────────────────────────────────────
    test-results/campaigns-shop-online-Shop-baa1b-ith-tier-order-query-params-mobile-chrome/video.webm
    ────────────────────────────────────────────────────────────────────────────────────────────────

    Error Context: test-results/campaigns-shop-online-Shop-baa1b-ith-tier-order-query-params-mobile-chrome/error-context.md

    Retry #1 ───────────────────────────────────────────────────────────────────────────────────────

    Error: page.goto: net::ERR_CONNECTION_REFUSED at http://localhost:4000/en/campaigns/shop-online/thanks?tier=full-bundle&order=cs_test_123
    Call log:
      - navigating to "http://localhost:4000/en/campaigns/shop-online/thanks?tier=full-bundle&order=cs_test_123", waiting until "load"


      66 |
      67 |   test("thanks page renders with tier + order query params", async ({ page }) => {
    > 68 |     const res = await page.goto(
         |                            ^
      69 |       "/en/campaigns/shop-online/thanks?tier=full-bundle&order=cs_test_123",
      70 |     );
      71 |     expect(res?.status()).toBeLessThan(400);
        at /home/tbaltzakis/cloudless.gr/e2e/campaigns-shop-online.spec.ts:68:28

    attachment #1: screenshot (image/png) ──────────────────────────────────────────────────────────
    test-results/campaigns-shop-online-Shop-baa1b-ith-tier-order-query-params-mobile-chrome-retry1/test-failed-1.png
    ────────────────────────────────────────────────────────────────────────────────────────────────

    attachment #2: video (video/webm) ──────────────────────────────────────────────────────────────
    test-results/campaigns-shop-online-Shop-baa1b-ith-tier-order-query-params-mobile-chrome-retry1/video.webm
    ────────────────────────────────────────────────────────────────────────────────────────────────

    Error Context: test-results/campaigns-shop-online-Shop-baa1b-ith-tier-order-query-params-mobile-chrome-retry1/error-context.md

    attachment #4: trace (application/zip) ─────────────────────────────────────────────────────────
    test-results/campaigns-shop-online-Shop-baa1b-ith-tier-order-query-params-mobile-chrome-retry1/trace.zip
    Usage:

        npx playwright show-trace test-results/campaigns-shop-online-Shop-baa1b-ith-tier-order-query-params-mobile-chrome-retry1/trace.zip

    ────────────────────────────────────────────────────────────────────────────────────────────────

  1312) [mobile-chrome] › e2e/campaigns-shop-online.spec.ts:80:7 › Shop-online campaign flow › fit-call thanks branch uses the lead-style copy 

    Error: page.goto: net::ERR_CONNECTION_REFUSED at http://localhost:4000/en/campaigns/shop-online/thanks?tier=fit-call
    Call log:
      - navigating to "http://localhost:4000/en/campaigns/shop-online/thanks?tier=fit-call", waiting until "load"


      79 |
      80 |   test("fit-call thanks branch uses the lead-style copy", async ({ page }) => {
    > 81 |     const res = await page.goto(
         |                            ^
      82 |       "/en/campaigns/shop-online/thanks?tier=fit-call",
      83 |     );
      84 |     expect(res?.status()).toBeLessThan(400);
        at /home/tbaltzakis/cloudless.gr/e2e/campaigns-shop-online.spec.ts:81:28

    attachment #1: screenshot (image/png) ──────────────────────────────────────────────────────────
    test-results/campaigns-shop-online-Shop-59d7b-ch-uses-the-lead-style-copy-mobile-chrome/test-failed-1.png
    ────────────────────────────────────────────────────────────────────────────────────────────────

    attachment #2: video (video/webm) ──────────────────────────────────────────────────────────────
    test-results/campaigns-shop-online-Shop-59d7b-ch-uses-the-lead-style-copy-mobile-chrome/video.webm
    ────────────────────────────────────────────────────────────────────────────────────────────────

    Error Context: test-results/campaigns-shop-online-Shop-59d7b-ch-uses-the-lead-style-copy-mobile-chrome/error-context.md

    Retry #1 ───────────────────────────────────────────────────────────────────────────────────────

    Error: page.goto: net::ERR_CONNECTION_REFUSED at http://localhost:4000/en/campaigns/shop-online/thanks?tier=fit-call
    Call log:
      - navigating to "http://localhost:4000/en/campaigns/shop-online/thanks?tier=fit-call", waiting until "load"


      79 |
      80 |   test("fit-call thanks branch uses the lead-style copy", async ({ page }) => {
    > 81 |     const res = await page.goto(
         |                            ^
      82 |       "/en/campaigns/shop-online/thanks?tier=fit-call",
      83 |     );
      84 |     expect(res?.status()).toBeLessThan(400);
        at /home/tbaltzakis/cloudless.gr/e2e/campaigns-shop-online.spec.ts:81:28

    attachment #1: screenshot (image/png) ──────────────────────────────────────────────────────────
    test-results/campaigns-shop-online-Shop-59d7b-ch-uses-the-lead-style-copy-mobile-chrome-retry1/test-failed-1.png
    ────────────────────────────────────────────────────────────────────────────────────────────────

    attachment #2: video (video/webm) ──────────────────────────────────────────────────────────────
    test-results/campaigns-shop-online-Shop-59d7b-ch-uses-the-lead-style-copy-mobile-chrome-retry1/video.webm
    ────────────────────────────────────────────────────────────────────────────────────────────────

    Error Context: test-results/campaigns-shop-online-Shop-59d7b-ch-uses-the-lead-style-copy-mobile-chrome-retry1/error-context.md

    attachment #4: trace (application/zip) ─────────────────────────────────────────────────────────
    test-results/campaigns-shop-online-Shop-59d7b-ch-uses-the-lead-style-copy-mobile-chrome-retry1/trace.zip
    Usage:

        npx playwright show-trace test-results/campaigns-shop-online-Shop-59d7b-ch-uses-the-lead-style-copy-mobile-chrome-retry1/trace.zip

    ────────────────────────────────────────────────────────────────────────────────────────────────

  1313) [mobile-chrome] › e2e/campaigns-shop-online.spec.ts:89:7 › Shop-online campaign flow › /api/campaigns/conversion is wired (204 without CAPI creds, 200 with) 

    Error: apiRequestContext.post: connect ECONNREFUSED ::1:4000
    Call log:
      - → POST http://localhost:4000/api/campaigns/conversion
        - user-agent: Mozilla/5.0 (Linux; Android 14; Pixel 7) AppleWebKit/537.36 (KHTML, like Gecko) Chrome/151.0.7922.34 Mobile Safari/537.36
        - accept: */*
        - accept-encoding: gzip,deflate,br
        - content-type: application/json
        - content-length: 186

        at apiRequestContext.post: connect ECONNREFUSED ::1:4000
        at /home/tbaltzakis/cloudless.gr/e2e/campaigns-shop-online.spec.ts:92:31

    Error Context: test-results/campaigns-shop-online-Shop-c06fc-ithout-CAPI-creds-200-with--mobile-chrome/error-context.md

    Retry #1 ───────────────────────────────────────────────────────────────────────────────────────

    Error: apiRequestContext.post: connect ECONNREFUSED ::1:4000
    Call log:
      - → POST http://localhost:4000/api/campaigns/conversion
        - user-agent: Mozilla/5.0 (Linux; Android 14; Pixel 7) AppleWebKit/537.36 (KHTML, like Gecko) Chrome/151.0.7922.34 Mobile Safari/537.36
        - accept: */*
        - accept-encoding: gzip,deflate,br
        - content-type: application/json
        - content-length: 186

        at apiRequestContext.post: connect ECONNREFUSED ::1:4000
        at /home/tbaltzakis/cloudless.gr/e2e/campaigns-shop-online.spec.ts:92:31

    Error Context: test-results/campaigns-shop-online-Shop-c06fc-ithout-CAPI-creds-200-with--mobile-chrome-retry1/error-context.md

    attachment #2: trace (application/zip) ─────────────────────────────────────────────────────────
    test-results/campaigns-shop-online-Shop-c06fc-ithout-CAPI-creds-200-with--mobile-chrome-retry1/trace.zip
    Usage:

        npx playwright show-trace test-results/campaigns-shop-online-Shop-c06fc-ithout-CAPI-creds-200-with--mobile-chrome-retry1/trace.zip

    ────────────────────────────────────────────────────────────────────────────────────────────────

  1314) [mobile-chrome] › e2e/campaigns-shop-online.spec.ts:108:7 › Shop-online campaign flow › invalid campaign returns 400 from the checkout GET 

    Error: apiRequestContext.get: connect ECONNREFUSED ::1:4000
    Call log:
      - → GET http://localhost:4000/api/checkout?campaign=does-not-exist&tier=starter
        - user-agent: Mozilla/5.0 (Linux; Android 14; Pixel 7) AppleWebKit/537.36 (KHTML, like Gecko) Chrome/151.0.7922.34 Mobile Safari/537.36
        - accept: */*
        - accept-encoding: gzip,deflate,br

        at apiRequestContext.get: connect ECONNREFUSED ::1:4000
        at /home/tbaltzakis/cloudless.gr/e2e/campaigns-shop-online.spec.ts:109:31

    Error Context: test-results/campaigns-shop-online-Shop-84752-s-400-from-the-checkout-GET-mobile-chrome/error-context.md

    Retry #1 ───────────────────────────────────────────────────────────────────────────────────────

    Error: apiRequestContext.get: connect ECONNREFUSED ::1:4000
    Call log:
      - → GET http://localhost:4000/api/checkout?campaign=does-not-exist&tier=starter
        - user-agent: Mozilla/5.0 (Linux; Android 14; Pixel 7) AppleWebKit/537.36 (KHTML, like Gecko) Chrome/151.0.7922.34 Mobile Safari/537.36
        - accept: */*
        - accept-encoding: gzip,deflate,br

        at apiRequestContext.get: connect ECONNREFUSED ::1:4000
        at /home/tbaltzakis/cloudless.gr/e2e/campaigns-shop-online.spec.ts:109:31

    Error Context: test-results/campaigns-shop-online-Shop-84752-s-400-from-the-checkout-GET-mobile-chrome-retry1/error-context.md

    attachment #2: trace (application/zip) ─────────────────────────────────────────────────────────
    test-results/campaigns-shop-online-Shop-84752-s-400-from-the-checkout-GET-mobile-chrome-retry1/trace.zip
    Usage:

        npx playwright show-trace test-results/campaigns-shop-online-Shop-84752-s-400-from-the-checkout-GET-mobile-chrome-retry1/trace.zip

    ────────────────────────────────────────────────────────────────────────────────────────────────

  1315) [mobile-chrome] › e2e/campaigns-shop-online.spec.ts:116:7 › Shop-online campaign flow › invalid tier returns 400 from the checkout GET 

    Error: apiRequestContext.get: connect ECONNREFUSED ::1:4000
    Call log:
      - → GET http://localhost:4000/api/checkout?campaign=shop-online&tier=does-not-exist
        - user-agent: Mozilla/5.0 (Linux; Android 14; Pixel 7) AppleWebKit/537.36 (KHTML, like Gecko) Chrome/151.0.7922.34 Mobile Safari/537.36
        - accept: */*
        - accept-encoding: gzip,deflate,br

        at apiRequestContext.get: connect ECONNREFUSED ::1:4000
        at /home/tbaltzakis/cloudless.gr/e2e/campaigns-shop-online.spec.ts:117:31

    Error Context: test-results/campaigns-shop-online-Shop-bda97-s-400-from-the-checkout-GET-mobile-chrome/error-context.md

    Retry #1 ───────────────────────────────────────────────────────────────────────────────────────

    Error: apiRequestContext.get: connect ECONNREFUSED ::1:4000
    Call log:
      - → GET http://localhost:4000/api/checkout?campaign=shop-online&tier=does-not-exist
        - user-agent: Mozilla/5.0 (Linux; Android 14; Pixel 7) AppleWebKit/537.36 (KHTML, like Gecko) Chrome/151.0.7922.34 Mobile Safari/537.36
        - accept: */*
        - accept-encoding: gzip,deflate,br

        at apiRequestContext.get: connect ECONNREFUSED ::1:4000
        at /home/tbaltzakis/cloudless.gr/e2e/campaigns-shop-online.spec.ts:117:31

    Error Context: test-results/campaigns-shop-online-Shop-bda97-s-400-from-the-checkout-GET-mobile-chrome-retry1/error-context.md

    attachment #2: trace (application/zip) ─────────────────────────────────────────────────────────
    test-results/campaigns-shop-online-Shop-bda97-s-400-from-the-checkout-GET-mobile-chrome-retry1/trace.zip
    Usage:

        npx playwright show-trace test-results/campaigns-shop-online-Shop-bda97-s-400-from-the-checkout-GET-mobile-chrome-retry1/trace.zip

    ────────────────────────────────────────────────────────────────────────────────────────────────

  1316) [mobile-chrome] › e2e/chat.spec.ts:12:7 › Chat Widget › chat widget is present on page ─────

    Error: page.goto: net::ERR_CONNECTION_REFUSED at http://localhost:4000/en
    Call log:
      - navigating to "http://localhost:4000/en", waiting until "load"


       7 | test.describe("Chat Widget", () => {
       8 |   test.beforeEach(async ({ page }) => {
    >  9 |     await page.goto("/en");
         |                ^
      10 |   });
      11 |
      12 |   test("chat widget is present on page", async ({ page }) => {
        at /home/tbaltzakis/cloudless.gr/e2e/chat.spec.ts:9:16

    attachment #1: screenshot (image/png) ──────────────────────────────────────────────────────────
    test-results/chat-Chat-Widget-chat-widget-is-present-on-page-mobile-chrome/test-failed-1.png
    ────────────────────────────────────────────────────────────────────────────────────────────────

    attachment #2: video (video/webm) ──────────────────────────────────────────────────────────────
    test-results/chat-Chat-Widget-chat-widget-is-present-on-page-mobile-chrome/video.webm
    ────────────────────────────────────────────────────────────────────────────────────────────────

    Error Context: test-results/chat-Chat-Widget-chat-widget-is-present-on-page-mobile-chrome/error-context.md

    Retry #1 ───────────────────────────────────────────────────────────────────────────────────────

    Error: page.goto: net::ERR_CONNECTION_REFUSED at http://localhost:4000/en
    Call log:
      - navigating to "http://localhost:4000/en", waiting until "load"


       7 | test.describe("Chat Widget", () => {
       8 |   test.beforeEach(async ({ page }) => {
    >  9 |     await page.goto("/en");
         |                ^
      10 |   });
      11 |
      12 |   test("chat widget is present on page", async ({ page }) => {
        at /home/tbaltzakis/cloudless.gr/e2e/chat.spec.ts:9:16

    attachment #1: screenshot (image/png) ──────────────────────────────────────────────────────────
    test-results/chat-Chat-Widget-chat-widget-is-present-on-page-mobile-chrome-retry1/test-failed-1.png
    ────────────────────────────────────────────────────────────────────────────────────────────────

    attachment #2: video (video/webm) ──────────────────────────────────────────────────────────────
    test-results/chat-Chat-Widget-chat-widget-is-present-on-page-mobile-chrome-retry1/video.webm
    ────────────────────────────────────────────────────────────────────────────────────────────────

    Error Context: test-results/chat-Chat-Widget-chat-widget-is-present-on-page-mobile-chrome-retry1/error-context.md

    attachment #4: trace (application/zip) ─────────────────────────────────────────────────────────
    test-results/chat-Chat-Widget-chat-widget-is-present-on-page-mobile-chrome-retry1/trace.zip
    Usage:

        npx playwright show-trace test-results/chat-Chat-Widget-chat-widget-is-present-on-page-mobile-chrome-retry1/trace.zip

    ────────────────────────────────────────────────────────────────────────────────────────────────

  1317) [mobile-chrome] › e2e/chat.spec.ts:21:7 › Chat Widget › chat API endpoint responds ─────────

    Error: page.goto: net::ERR_CONNECTION_REFUSED at http://localhost:4000/en
    Call log:
      - navigating to "http://localhost:4000/en", waiting until "load"


       7 | test.describe("Chat Widget", () => {
       8 |   test.beforeEach(async ({ page }) => {
    >  9 |     await page.goto("/en");
         |                ^
      10 |   });
      11 |
      12 |   test("chat widget is present on page", async ({ page }) => {
        at /home/tbaltzakis/cloudless.gr/e2e/chat.spec.ts:9:16

    attachment #1: screenshot (image/png) ──────────────────────────────────────────────────────────
    test-results/chat-Chat-Widget-chat-API-endpoint-responds-mobile-chrome/test-failed-1.png
    ────────────────────────────────────────────────────────────────────────────────────────────────

    attachment #2: video (video/webm) ──────────────────────────────────────────────────────────────
    test-results/chat-Chat-Widget-chat-API-endpoint-responds-mobile-chrome/video.webm
    ────────────────────────────────────────────────────────────────────────────────────────────────

    Error Context: test-results/chat-Chat-Widget-chat-API-endpoint-responds-mobile-chrome/error-context.md

    Retry #1 ───────────────────────────────────────────────────────────────────────────────────────

    Error: page.goto: net::ERR_CONNECTION_REFUSED at http://localhost:4000/en
    Call log:
      - navigating to "http://localhost:4000/en", waiting until "load"


       7 | test.describe("Chat Widget", () => {
       8 |   test.beforeEach(async ({ page }) => {
    >  9 |     await page.goto("/en");
         |                ^
      10 |   });
      11 |
      12 |   test("chat widget is present on page", async ({ page }) => {
        at /home/tbaltzakis/cloudless.gr/e2e/chat.spec.ts:9:16

    attachment #1: screenshot (image/png) ──────────────────────────────────────────────────────────
    test-results/chat-Chat-Widget-chat-API-endpoint-responds-mobile-chrome-retry1/test-failed-1.png
    ────────────────────────────────────────────────────────────────────────────────────────────────

    attachment #2: video (video/webm) ──────────────────────────────────────────────────────────────
    test-results/chat-Chat-Widget-chat-API-endpoint-responds-mobile-chrome-retry1/video.webm
    ────────────────────────────────────────────────────────────────────────────────────────────────

    Error Context: test-results/chat-Chat-Widget-chat-API-endpoint-responds-mobile-chrome-retry1/error-context.md

    attachment #4: trace (application/zip) ─────────────────────────────────────────────────────────
    test-results/chat-Chat-Widget-chat-API-endpoint-responds-mobile-chrome-retry1/trace.zip
    Usage:

        npx playwright show-trace test-results/chat-Chat-Widget-chat-API-endpoint-responds-mobile-chrome-retry1/trace.zip

    ────────────────────────────────────────────────────────────────────────────────────────────────

  1318) [mobile-chrome] › e2e/chat.spec.ts:31:7 › Chat Widget › chat-ai API endpoint responds ──────

    Error: page.goto: net::ERR_CONNECTION_REFUSED at http://localhost:4000/en
    Call log:
      - navigating to "http://localhost:4000/en", waiting until "load"


       7 | test.describe("Chat Widget", () => {
       8 |   test.beforeEach(async ({ page }) => {
    >  9 |     await page.goto("/en");
         |                ^
      10 |   });
      11 |
      12 |   test("chat widget is present on page", async ({ page }) => {
        at /home/tbaltzakis/cloudless.gr/e2e/chat.spec.ts:9:16

    attachment #1: screenshot (image/png) ──────────────────────────────────────────────────────────
    test-results/chat-Chat-Widget-chat-ai-API-endpoint-responds-mobile-chrome/test-failed-1.png
    ────────────────────────────────────────────────────────────────────────────────────────────────

    attachment #2: video (video/webm) ──────────────────────────────────────────────────────────────
    test-results/chat-Chat-Widget-chat-ai-API-endpoint-responds-mobile-chrome/video.webm
    ────────────────────────────────────────────────────────────────────────────────────────────────

    Error Context: test-results/chat-Chat-Widget-chat-ai-API-endpoint-responds-mobile-chrome/error-context.md

    Retry #1 ───────────────────────────────────────────────────────────────────────────────────────

    Error: page.goto: net::ERR_CONNECTION_REFUSED at http://localhost:4000/en
    Call log:
      - navigating to "http://localhost:4000/en", waiting until "load"


       7 | test.describe("Chat Widget", () => {
       8 |   test.beforeEach(async ({ page }) => {
    >  9 |     await page.goto("/en");
         |                ^
      10 |   });
      11 |
      12 |   test("chat widget is present on page", async ({ page }) => {
        at /home/tbaltzakis/cloudless.gr/e2e/chat.spec.ts:9:16

    attachment #1: screenshot (image/png) ──────────────────────────────────────────────────────────
    test-results/chat-Chat-Widget-chat-ai-API-endpoint-responds-mobile-chrome-retry1/test-failed-1.png
    ────────────────────────────────────────────────────────────────────────────────────────────────

    attachment #2: video (video/webm) ──────────────────────────────────────────────────────────────
    test-results/chat-Chat-Widget-chat-ai-API-endpoint-responds-mobile-chrome-retry1/video.webm
    ────────────────────────────────────────────────────────────────────────────────────────────────

    Error Context: test-results/chat-Chat-Widget-chat-ai-API-endpoint-responds-mobile-chrome-retry1/error-context.md

    attachment #4: trace (application/zip) ─────────────────────────────────────────────────────────
    test-results/chat-Chat-Widget-chat-ai-API-endpoint-responds-mobile-chrome-retry1/trace.zip
    Usage:

        npx playwright show-trace test-results/chat-Chat-Widget-chat-ai-API-endpoint-responds-mobile-chrome-retry1/trace.zip

    ────────────────────────────────────────────────────────────────────────────────────────────────

  1319) [mobile-chrome] › e2e/chat.spec.ts:43:7 › Workers AI Integration › Workers AI doctor endpoint exists 

    Error: apiRequestContext.get: connect ECONNREFUSED ::1:4000
    Call log:
      - → GET http://localhost:4000/api/admin/ai/generate
        - user-agent: Mozilla/5.0 (Linux; Android 14; Pixel 7) AppleWebKit/537.36 (KHTML, like Gecko) Chrome/151.0.7922.34 Mobile Safari/537.36
        - accept: */*
        - accept-encoding: gzip,deflate,br

        at apiRequestContext.get: connect ECONNREFUSED ::1:4000
        at /home/tbaltzakis/cloudless.gr/e2e/chat.spec.ts:44:36

    Error Context: test-results/chat-Workers-AI-Integratio-12964-s-AI-doctor-endpoint-exists-mobile-chrome/error-context.md

    Retry #1 ───────────────────────────────────────────────────────────────────────────────────────

    Error: apiRequestContext.get: connect ECONNREFUSED ::1:4000
    Call log:
      - → GET http://localhost:4000/api/admin/ai/generate
        - user-agent: Mozilla/5.0 (Linux; Android 14; Pixel 7) AppleWebKit/537.36 (KHTML, like Gecko) Chrome/151.0.7922.34 Mobile Safari/537.36
        - accept: */*
        - accept-encoding: gzip,deflate,br

        at apiRequestContext.get: connect ECONNREFUSED ::1:4000
        at /home/tbaltzakis/cloudless.gr/e2e/chat.spec.ts:44:36

    Error Context: test-results/chat-Workers-AI-Integratio-12964-s-AI-doctor-endpoint-exists-mobile-chrome-retry1/error-context.md

    attachment #2: trace (application/zip) ─────────────────────────────────────────────────────────
    test-results/chat-Workers-AI-Integratio-12964-s-AI-doctor-endpoint-exists-mobile-chrome-retry1/trace.zip
    Usage:

        npx playwright show-trace test-results/chat-Workers-AI-Integratio-12964-s-AI-doctor-endpoint-exists-mobile-chrome-retry1/trace.zip

    ────────────────────────────────────────────────────────────────────────────────────────────────

  1320) [mobile-chrome] › e2e/components.spec.ts:14:9 › UI Components › ScrollReveal Component › reveal animation is applied to elements 

    Error: page.goto: net::ERR_CONNECTION_REFUSED at http://localhost:4000/en
    Call log:
      - navigating to "http://localhost:4000/en", waiting until "load"


       8 | test.describe("UI Components", () => {
       9 |   test.beforeEach(async ({ page }) => {
    > 10 |     await page.goto("/en");
         |                ^
      11 |   });
      12 |
      13 |   test.describe("ScrollReveal Component", () => {
        at /home/tbaltzakis/cloudless.gr/e2e/components.spec.ts:10:16

    attachment #1: screenshot (image/png) ──────────────────────────────────────────────────────────
    test-results/components-UI-Components-S-c4407-tion-is-applied-to-elements-mobile-chrome/test-failed-1.png
    ────────────────────────────────────────────────────────────────────────────────────────────────

    attachment #2: video (video/webm) ──────────────────────────────────────────────────────────────
    test-results/components-UI-Components-S-c4407-tion-is-applied-to-elements-mobile-chrome/video.webm
    ────────────────────────────────────────────────────────────────────────────────────────────────

    Error Context: test-results/components-UI-Components-S-c4407-tion-is-applied-to-elements-mobile-chrome/error-context.md

    Retry #1 ───────────────────────────────────────────────────────────────────────────────────────

    Error: page.goto: net::ERR_CONNECTION_REFUSED at http://localhost:4000/en
    Call log:
      - navigating to "http://localhost:4000/en", waiting until "load"


       8 | test.describe("UI Components", () => {
       9 |   test.beforeEach(async ({ page }) => {
    > 10 |     await page.goto("/en");
         |                ^
      11 |   });
      12 |
      13 |   test.describe("ScrollReveal Component", () => {
        at /home/tbaltzakis/cloudless.gr/e2e/components.spec.ts:10:16

    attachment #1: screenshot (image/png) ──────────────────────────────────────────────────────────
    test-results/components-UI-Components-S-c4407-tion-is-applied-to-elements-mobile-chrome-retry1/test-failed-1.png
    ────────────────────────────────────────────────────────────────────────────────────────────────

    attachment #2: video (video/webm) ──────────────────────────────────────────────────────────────
    test-results/components-UI-Components-S-c4407-tion-is-applied-to-elements-mobile-chrome-retry1/video.webm
    ────────────────────────────────────────────────────────────────────────────────────────────────

    Error Context: test-results/components-UI-Components-S-c4407-tion-is-applied-to-elements-mobile-chrome-retry1/error-context.md

    attachment #4: trace (application/zip) ─────────────────────────────────────────────────────────
    test-results/components-UI-Components-S-c4407-tion-is-applied-to-elements-mobile-chrome-retry1/trace.zip
    Usage:

        npx playwright show-trace test-results/components-UI-Components-S-c4407-tion-is-applied-to-elements-mobile-chrome-retry1/trace.zip

    ────────────────────────────────────────────────────────────────────────────────────────────────

  1321) [mobile-chrome] › e2e/components.spec.ts:21:9 › UI Components › ScrollReveal Component › elements become visible after scroll 

    Error: page.goto: net::ERR_CONNECTION_REFUSED at http://localhost:4000/en
    Call log:
      - navigating to "http://localhost:4000/en", waiting until "load"


       8 | test.describe("UI Components", () => {
       9 |   test.beforeEach(async ({ page }) => {
    > 10 |     await page.goto("/en");
         |                ^
      11 |   });
      12 |
      13 |   test.describe("ScrollReveal Component", () => {
        at /home/tbaltzakis/cloudless.gr/e2e/components.spec.ts:10:16

    attachment #1: screenshot (image/png) ──────────────────────────────────────────────────────────
    test-results/components-UI-Components-S-7e1e1-become-visible-after-scroll-mobile-chrome/test-failed-1.png
    ────────────────────────────────────────────────────────────────────────────────────────────────

    attachment #2: video (video/webm) ──────────────────────────────────────────────────────────────
    test-results/components-UI-Components-S-7e1e1-become-visible-after-scroll-mobile-chrome/video.webm
    ────────────────────────────────────────────────────────────────────────────────────────────────

    Error Context: test-results/components-UI-Components-S-7e1e1-become-visible-after-scroll-mobile-chrome/error-context.md

    Retry #1 ───────────────────────────────────────────────────────────────────────────────────────

    Error: page.goto: net::ERR_CONNECTION_REFUSED at http://localhost:4000/en
    Call log:
      - navigating to "http://localhost:4000/en", waiting until "load"


       8 | test.describe("UI Components", () => {
       9 |   test.beforeEach(async ({ page }) => {
    > 10 |     await page.goto("/en");
         |                ^
      11 |   });
      12 |
      13 |   test.describe("ScrollReveal Component", () => {
        at /home/tbaltzakis/cloudless.gr/e2e/components.spec.ts:10:16

    attachment #1: screenshot (image/png) ──────────────────────────────────────────────────────────
    test-results/components-UI-Components-S-7e1e1-become-visible-after-scroll-mobile-chrome-retry1/test-failed-1.png
    ────────────────────────────────────────────────────────────────────────────────────────────────

    attachment #2: video (video/webm) ──────────────────────────────────────────────────────────────
    test-results/components-UI-Components-S-7e1e1-become-visible-after-scroll-mobile-chrome-retry1/video.webm
    ────────────────────────────────────────────────────────────────────────────────────────────────

    Error Context: test-results/components-UI-Components-S-7e1e1-become-visible-after-scroll-mobile-chrome-retry1/error-context.md

    attachment #4: trace (application/zip) ─────────────────────────────────────────────────────────
    test-results/components-UI-Components-S-7e1e1-become-visible-after-scroll-mobile-chrome-retry1/trace.zip
    Usage:

        npx playwright show-trace test-results/components-UI-Components-S-7e1e1-become-visible-after-scroll-mobile-chrome-retry1/trace.zip

    ────────────────────────────────────────────────────────────────────────────────────────────────

  1322) [mobile-chrome] › e2e/components.spec.ts:33:9 › UI Components › StatCounter Component › stat counters are rendered 

    Error: page.goto: net::ERR_CONNECTION_REFUSED at http://localhost:4000/en
    Call log:
      - navigating to "http://localhost:4000/en", waiting until "load"


       8 | test.describe("UI Components", () => {
       9 |   test.beforeEach(async ({ page }) => {
    > 10 |     await page.goto("/en");
         |                ^
      11 |   });
      12 |
      13 |   test.describe("ScrollReveal Component", () => {
        at /home/tbaltzakis/cloudless.gr/e2e/components.spec.ts:10:16

    attachment #1: screenshot (image/png) ──────────────────────────────────────────────────────────
    test-results/components-UI-Components-S-eecca--stat-counters-are-rendered-mobile-chrome/test-failed-1.png
    ────────────────────────────────────────────────────────────────────────────────────────────────

    attachment #2: video (video/webm) ──────────────────────────────────────────────────────────────
    test-results/components-UI-Components-S-eecca--stat-counters-are-rendered-mobile-chrome/video.webm
    ────────────────────────────────────────────────────────────────────────────────────────────────

    Error Context: test-results/components-UI-Components-S-eecca--stat-counters-are-rendered-mobile-chrome/error-context.md

    Retry #1 ───────────────────────────────────────────────────────────────────────────────────────

    Error: page.goto: net::ERR_CONNECTION_REFUSED at http://localhost:4000/en
    Call log:
      - navigating to "http://localhost:4000/en", waiting until "load"


       8 | test.describe("UI Components", () => {
       9 |   test.beforeEach(async ({ page }) => {
    > 10 |     await page.goto("/en");
         |                ^
      11 |   });
      12 |
      13 |   test.describe("ScrollReveal Component", () => {
        at /home/tbaltzakis/cloudless.gr/e2e/components.spec.ts:10:16

    attachment #1: screenshot (image/png) ──────────────────────────────────────────────────────────
    test-results/components-UI-Components-S-eecca--stat-counters-are-rendered-mobile-chrome-retry1/test-failed-1.png
    ────────────────────────────────────────────────────────────────────────────────────────────────

    attachment #2: video (video/webm) ──────────────────────────────────────────────────────────────
    test-results/components-UI-Components-S-eecca--stat-counters-are-rendered-mobile-chrome-retry1/video.webm
    ────────────────────────────────────────────────────────────────────────────────────────────────

    Error Context: test-results/components-UI-Components-S-eecca--stat-counters-are-rendered-mobile-chrome-retry1/error-context.md

    attachment #4: trace (application/zip) ─────────────────────────────────────────────────────────
    test-results/components-UI-Components-S-eecca--stat-counters-are-rendered-mobile-chrome-retry1/trace.zip
    Usage:

        npx playwright show-trace test-results/components-UI-Components-S-eecca--stat-counters-are-rendered-mobile-chrome-retry1/trace.zip

    ────────────────────────────────────────────────────────────────────────────────────────────────

  1323) [mobile-chrome] › e2e/components.spec.ts:41:9 › UI Components › Social Links Component › social links are present 

    Error: page.goto: net::ERR_CONNECTION_REFUSED at http://localhost:4000/en
    Call log:
      - navigating to "http://localhost:4000/en", waiting until "load"


       8 | test.describe("UI Components", () => {
       9 |   test.beforeEach(async ({ page }) => {
    > 10 |     await page.goto("/en");
         |                ^
      11 |   });
      12 |
      13 |   test.describe("ScrollReveal Component", () => {
        at /home/tbaltzakis/cloudless.gr/e2e/components.spec.ts:10:16

    attachment #1: screenshot (image/png) ──────────────────────────────────────────────────────────
    test-results/components-UI-Components-S-8edc3-nt-social-links-are-present-mobile-chrome/test-failed-1.png
    ────────────────────────────────────────────────────────────────────────────────────────────────

    attachment #2: video (video/webm) ──────────────────────────────────────────────────────────────
    test-results/components-UI-Components-S-8edc3-nt-social-links-are-present-mobile-chrome/video.webm
    ────────────────────────────────────────────────────────────────────────────────────────────────

    Error Context: test-results/components-UI-Components-S-8edc3-nt-social-links-are-present-mobile-chrome/error-context.md

    Retry #1 ───────────────────────────────────────────────────────────────────────────────────────

    Error: page.goto: net::ERR_CONNECTION_REFUSED at http://localhost:4000/en
    Call log:
      - navigating to "http://localhost:4000/en", waiting until "load"


       8 | test.describe("UI Components", () => {
       9 |   test.beforeEach(async ({ page }) => {
    > 10 |     await page.goto("/en");
         |                ^
      11 |   });
      12 |
      13 |   test.describe("ScrollReveal Component", () => {
        at /home/tbaltzakis/cloudless.gr/e2e/components.spec.ts:10:16

    attachment #1: screenshot (image/png) ──────────────────────────────────────────────────────────
    test-results/components-UI-Components-S-8edc3-nt-social-links-are-present-mobile-chrome-retry1/test-failed-1.png
    ────────────────────────────────────────────────────────────────────────────────────────────────

    attachment #2: video (video/webm) ──────────────────────────────────────────────────────────────
    test-results/components-UI-Components-S-8edc3-nt-social-links-are-present-mobile-chrome-retry1/video.webm
    ────────────────────────────────────────────────────────────────────────────────────────────────

    Error Context: test-results/components-UI-Components-S-8edc3-nt-social-links-are-present-mobile-chrome-retry1/error-context.md

    attachment #4: trace (application/zip) ─────────────────────────────────────────────────────────
    test-results/components-UI-Components-S-8edc3-nt-social-links-are-present-mobile-chrome-retry1/trace.zip
    Usage:

        npx playwright show-trace test-results/components-UI-Components-S-8edc3-nt-social-links-are-present-mobile-chrome-retry1/trace.zip

    ────────────────────────────────────────────────────────────────────────────────────────────────

  1324) [mobile-chrome] › e2e/components.spec.ts:49:9 › UI Components › Social Links Component › social links have proper attributes 

    Error: page.goto: net::ERR_CONNECTION_REFUSED at http://localhost:4000/en
    Call log:
      - navigating to "http://localhost:4000/en", waiting until "load"


       8 | test.describe("UI Components", () => {
       9 |   test.beforeEach(async ({ page }) => {
    > 10 |     await page.goto("/en");
         |                ^
      11 |   });
      12 |
      13 |   test.describe("ScrollReveal Component", () => {
        at /home/tbaltzakis/cloudless.gr/e2e/components.spec.ts:10:16

    attachment #1: screenshot (image/png) ──────────────────────────────────────────────────────────
    test-results/components-UI-Components-S-64283-inks-have-proper-attributes-mobile-chrome/test-failed-1.png
    ────────────────────────────────────────────────────────────────────────────────────────────────

    attachment #2: video (video/webm) ──────────────────────────────────────────────────────────────
    test-results/components-UI-Components-S-64283-inks-have-proper-attributes-mobile-chrome/video.webm
    ────────────────────────────────────────────────────────────────────────────────────────────────

    Error Context: test-results/components-UI-Components-S-64283-inks-have-proper-attributes-mobile-chrome/error-context.md

    Retry #1 ───────────────────────────────────────────────────────────────────────────────────────

    Error: page.goto: net::ERR_CONNECTION_REFUSED at http://localhost:4000/en
    Call log:
      - navigating to "http://localhost:4000/en", waiting until "load"


       8 | test.describe("UI Components", () => {
       9 |   test.beforeEach(async ({ page }) => {
    > 10 |     await page.goto("/en");
         |                ^
      11 |   });
      12 |
      13 |   test.describe("ScrollReveal Component", () => {
        at /home/tbaltzakis/cloudless.gr/e2e/components.spec.ts:10:16

    attachment #1: screenshot (image/png) ──────────────────────────────────────────────────────────
    test-results/components-UI-Components-S-64283-inks-have-proper-attributes-mobile-chrome-retry1/test-failed-1.png
    ────────────────────────────────────────────────────────────────────────────────────────────────

    attachment #2: video (video/webm) ──────────────────────────────────────────────────────────────
    test-results/components-UI-Components-S-64283-inks-have-proper-attributes-mobile-chrome-retry1/video.webm
    ────────────────────────────────────────────────────────────────────────────────────────────────

    Error Context: test-results/components-UI-Components-S-64283-inks-have-proper-attributes-mobile-chrome-retry1/error-context.md

    attachment #4: trace (application/zip) ─────────────────────────────────────────────────────────
    test-results/components-UI-Components-S-64283-inks-have-proper-attributes-mobile-chrome-retry1/trace.zip
    Usage:

        npx playwright show-trace test-results/components-UI-Components-S-64283-inks-have-proper-attributes-mobile-chrome-retry1/trace.zip

    ────────────────────────────────────────────────────────────────────────────────────────────────

  1325) [mobile-chrome] › e2e/components.spec.ts:57:9 › UI Components › Navigation › navigation links are present 

    Error: page.goto: net::ERR_CONNECTION_REFUSED at http://localhost:4000/en
    Call log:
      - navigating to "http://localhost:4000/en", waiting until "load"


       8 | test.describe("UI Components", () => {
       9 |   test.beforeEach(async ({ page }) => {
    > 10 |     await page.goto("/en");
         |                ^
      11 |   });
      12 |
      13 |   test.describe("ScrollReveal Component", () => {
        at /home/tbaltzakis/cloudless.gr/e2e/components.spec.ts:10:16

    attachment #1: screenshot (image/png) ──────────────────────────────────────────────────────────
    test-results/components-UI-Components-N-fa292-avigation-links-are-present-mobile-chrome/test-failed-1.png
    ────────────────────────────────────────────────────────────────────────────────────────────────

    attachment #2: video (video/webm) ──────────────────────────────────────────────────────────────
    test-results/components-UI-Components-N-fa292-avigation-links-are-present-mobile-chrome/video.webm
    ────────────────────────────────────────────────────────────────────────────────────────────────

    Error Context: test-results/components-UI-Components-N-fa292-avigation-links-are-present-mobile-chrome/error-context.md

    Retry #1 ───────────────────────────────────────────────────────────────────────────────────────

    Error: page.goto: net::ERR_CONNECTION_REFUSED at http://localhost:4000/en
    Call log:
      - navigating to "http://localhost:4000/en", waiting until "load"


       8 | test.describe("UI Components", () => {
       9 |   test.beforeEach(async ({ page }) => {
    > 10 |     await page.goto("/en");
         |                ^
      11 |   });
      12 |
      13 |   test.describe("ScrollReveal Component", () => {
        at /home/tbaltzakis/cloudless.gr/e2e/components.spec.ts:10:16

    attachment #1: screenshot (image/png) ──────────────────────────────────────────────────────────
    test-results/components-UI-Components-N-fa292-avigation-links-are-present-mobile-chrome-retry1/test-failed-1.png
    ────────────────────────────────────────────────────────────────────────────────────────────────

    attachment #2: video (video/webm) ──────────────────────────────────────────────────────────────
    test-results/components-UI-Components-N-fa292-avigation-links-are-present-mobile-chrome-retry1/video.webm
    ────────────────────────────────────────────────────────────────────────────────────────────────

    Error Context: test-results/components-UI-Components-N-fa292-avigation-links-are-present-mobile-chrome-retry1/error-context.md

    attachment #4: trace (application/zip) ─────────────────────────────────────────────────────────
    test-results/components-UI-Components-N-fa292-avigation-links-are-present-mobile-chrome-retry1/trace.zip
    Usage:

        npx playwright show-trace test-results/components-UI-Components-N-fa292-avigation-links-are-present-mobile-chrome-retry1/trace.zip

    ────────────────────────────────────────────────────────────────────────────────────────────────

  1326) [mobile-chrome] › e2e/components.spec.ts:63:9 › UI Components › Navigation › logo/link to home exists 

    Error: page.goto: net::ERR_CONNECTION_REFUSED at http://localhost:4000/en
    Call log:
      - navigating to "http://localhost:4000/en", waiting until "load"


       8 | test.describe("UI Components", () => {
       9 |   test.beforeEach(async ({ page }) => {
    > 10 |     await page.goto("/en");
         |                ^
      11 |   });
      12 |
      13 |   test.describe("ScrollReveal Component", () => {
        at /home/tbaltzakis/cloudless.gr/e2e/components.spec.ts:10:16

    attachment #1: screenshot (image/png) ──────────────────────────────────────────────────────────
    test-results/components-UI-Components-Navigation-logo-link-to-home-exists-mobile-chrome/test-failed-1.png
    ────────────────────────────────────────────────────────────────────────────────────────────────

    attachment #2: video (video/webm) ──────────────────────────────────────────────────────────────
    test-results/components-UI-Components-Navigation-logo-link-to-home-exists-mobile-chrome/video.webm
    ────────────────────────────────────────────────────────────────────────────────────────────────

    Error Context: test-results/components-UI-Components-Navigation-logo-link-to-home-exists-mobile-chrome/error-context.md

    Retry #1 ───────────────────────────────────────────────────────────────────────────────────────

    Error: page.goto: net::ERR_CONNECTION_REFUSED at http://localhost:4000/en
    Call log:
      - navigating to "http://localhost:4000/en", waiting until "load"


       8 | test.describe("UI Components", () => {
       9 |   test.beforeEach(async ({ page }) => {
    > 10 |     await page.goto("/en");
         |                ^
      11 |   });
      12 |
      13 |   test.describe("ScrollReveal Component", () => {
        at /home/tbaltzakis/cloudless.gr/e2e/components.spec.ts:10:16

    attachment #1: screenshot (image/png) ──────────────────────────────────────────────────────────
    test-results/components-UI-Components-Navigation-logo-link-to-home-exists-mobile-chrome-retry1/test-failed-1.png
    ────────────────────────────────────────────────────────────────────────────────────────────────

    attachment #2: video (video/webm) ──────────────────────────────────────────────────────────────
    test-results/components-UI-Components-Navigation-logo-link-to-home-exists-mobile-chrome-retry1/video.webm
    ────────────────────────────────────────────────────────────────────────────────────────────────

    Error Context: test-results/components-UI-Components-Navigation-logo-link-to-home-exists-mobile-chrome-retry1/error-context.md

    attachment #4: trace (application/zip) ─────────────────────────────────────────────────────────
    test-results/components-UI-Components-Navigation-logo-link-to-home-exists-mobile-chrome-retry1/trace.zip
    Usage:

        npx playwright show-trace test-results/components-UI-Components-Navigation-logo-link-to-home-exists-mobile-chrome-retry1/trace.zip

    ────────────────────────────────────────────────────────────────────────────────────────────────

  1327) [mobile-chrome] › e2e/components.spec.ts:70:9 › UI Components › Buttons and CTAs › primary buttons are styled 

    Error: page.goto: net::ERR_CONNECTION_REFUSED at http://localhost:4000/en
    Call log:
      - navigating to "http://localhost:4000/en", waiting until "load"


       8 | test.describe("UI Components", () => {
       9 |   test.beforeEach(async ({ page }) => {
    > 10 |     await page.goto("/en");
         |                ^
      11 |   });
      12 |
      13 |   test.describe("ScrollReveal Component", () => {
        at /home/tbaltzakis/cloudless.gr/e2e/components.spec.ts:10:16

    attachment #1: screenshot (image/png) ──────────────────────────────────────────────────────────
    test-results/components-UI-Components-B-c7402--primary-buttons-are-styled-mobile-chrome/test-failed-1.png
    ────────────────────────────────────────────────────────────────────────────────────────────────

    attachment #2: video (video/webm) ──────────────────────────────────────────────────────────────
    test-results/components-UI-Components-B-c7402--primary-buttons-are-styled-mobile-chrome/video.webm
    ────────────────────────────────────────────────────────────────────────────────────────────────

    Error Context: test-results/components-UI-Components-B-c7402--primary-buttons-are-styled-mobile-chrome/error-context.md

    Retry #1 ───────────────────────────────────────────────────────────────────────────────────────

    Error: page.goto: net::ERR_CONNECTION_REFUSED at http://localhost:4000/en
    Call log:
      - navigating to "http://localhost:4000/en", waiting until "load"


       8 | test.describe("UI Components", () => {
       9 |   test.beforeEach(async ({ page }) => {
    > 10 |     await page.goto("/en");
         |                ^
      11 |   });
      12 |
      13 |   test.describe("ScrollReveal Component", () => {
        at /home/tbaltzakis/cloudless.gr/e2e/components.spec.ts:10:16

    attachment #1: screenshot (image/png) ──────────────────────────────────────────────────────────
    test-results/components-UI-Components-B-c7402--primary-buttons-are-styled-mobile-chrome-retry1/test-failed-1.png
    ────────────────────────────────────────────────────────────────────────────────────────────────

    attachment #2: video (video/webm) ──────────────────────────────────────────────────────────────
    test-results/components-UI-Components-B-c7402--primary-buttons-are-styled-mobile-chrome-retry1/video.webm
    ────────────────────────────────────────────────────────────────────────────────────────────────

    Error Context: test-results/components-UI-Components-B-c7402--primary-buttons-are-styled-mobile-chrome-retry1/error-context.md

    attachment #4: trace (application/zip) ─────────────────────────────────────────────────────────
    test-results/components-UI-Components-B-c7402--primary-buttons-are-styled-mobile-chrome-retry1/trace.zip
    Usage:

        npx playwright show-trace test-results/components-UI-Components-B-c7402--primary-buttons-are-styled-mobile-chrome-retry1/trace.zip

    ────────────────────────────────────────────────────────────────────────────────────────────────

  1328) [mobile-chrome] › e2e/components.spec.ts:76:9 › UI Components › Buttons and CTAs › button links are accessible 

    Error: page.goto: net::ERR_CONNECTION_REFUSED at http://localhost:4000/en
    Call log:
      - navigating to "http://localhost:4000/en", waiting until "load"


       8 | test.describe("UI Components", () => {
       9 |   test.beforeEach(async ({ page }) => {
    > 10 |     await page.goto("/en");
         |                ^
      11 |   });
      12 |
      13 |   test.describe("ScrollReveal Component", () => {
        at /home/tbaltzakis/cloudless.gr/e2e/components.spec.ts:10:16

    attachment #1: screenshot (image/png) ──────────────────────────────────────────────────────────
    test-results/components-UI-Components-B-82132-button-links-are-accessible-mobile-chrome/test-failed-1.png
    ────────────────────────────────────────────────────────────────────────────────────────────────

    attachment #2: video (video/webm) ──────────────────────────────────────────────────────────────
    test-results/components-UI-Components-B-82132-button-links-are-accessible-mobile-chrome/video.webm
    ────────────────────────────────────────────────────────────────────────────────────────────────

    Error Context: test-results/components-UI-Components-B-82132-button-links-are-accessible-mobile-chrome/error-context.md

    Retry #1 ───────────────────────────────────────────────────────────────────────────────────────

    Error: page.goto: net::ERR_CONNECTION_REFUSED at http://localhost:4000/en
    Call log:
      - navigating to "http://localhost:4000/en", waiting until "load"


       8 | test.describe("UI Components", () => {
       9 |   test.beforeEach(async ({ page }) => {
    > 10 |     await page.goto("/en");
         |                ^
      11 |   });
      12 |
      13 |   test.describe("ScrollReveal Component", () => {
        at /home/tbaltzakis/cloudless.gr/e2e/components.spec.ts:10:16

    attachment #1: screenshot (image/png) ──────────────────────────────────────────────────────────
    test-results/components-UI-Components-B-82132-button-links-are-accessible-mobile-chrome-retry1/test-failed-1.png
    ────────────────────────────────────────────────────────────────────────────────────────────────

    attachment #2: video (video/webm) ──────────────────────────────────────────────────────────────
    test-results/components-UI-Components-B-82132-button-links-are-accessible-mobile-chrome-retry1/video.webm
    ────────────────────────────────────────────────────────────────────────────────────────────────

    Error Context: test-results/components-UI-Components-B-82132-button-links-are-accessible-mobile-chrome-retry1/error-context.md

    attachment #4: trace (application/zip) ─────────────────────────────────────────────────────────
    test-results/components-UI-Components-B-82132-button-links-are-accessible-mobile-chrome-retry1/trace.zip
    Usage:

        npx playwright show-trace test-results/components-UI-Components-B-82132-button-links-are-accessible-mobile-chrome-retry1/trace.zip

    ────────────────────────────────────────────────────────────────────────────────────────────────

  1329) [mobile-chrome] › e2e/components.spec.ts:84:9 › UI Components › Form Elements › form inputs have labels or placeholders 

    Error: page.goto: net::ERR_CONNECTION_REFUSED at http://localhost:4000/en
    Call log:
      - navigating to "http://localhost:4000/en", waiting until "load"


       8 | test.describe("UI Components", () => {
       9 |   test.beforeEach(async ({ page }) => {
    > 10 |     await page.goto("/en");
         |                ^
      11 |   });
      12 |
      13 |   test.describe("ScrollReveal Component", () => {
        at /home/tbaltzakis/cloudless.gr/e2e/components.spec.ts:10:16

    attachment #1: screenshot (image/png) ──────────────────────────────────────────────────────────
    test-results/components-UI-Components-F-1422e-have-labels-or-placeholders-mobile-chrome/test-failed-1.png
    ────────────────────────────────────────────────────────────────────────────────────────────────

    attachment #2: video (video/webm) ──────────────────────────────────────────────────────────────
    test-results/components-UI-Components-F-1422e-have-labels-or-placeholders-mobile-chrome/video.webm
    ────────────────────────────────────────────────────────────────────────────────────────────────

    Error Context: test-results/components-UI-Components-F-1422e-have-labels-or-placeholders-mobile-chrome/error-context.md

    Retry #1 ───────────────────────────────────────────────────────────────────────────────────────

    Error: page.goto: net::ERR_CONNECTION_REFUSED at http://localhost:4000/en
    Call log:
      - navigating to "http://localhost:4000/en", waiting until "load"


       8 | test.describe("UI Components", () => {
       9 |   test.beforeEach(async ({ page }) => {
    > 10 |     await page.goto("/en");
         |                ^
      11 |   });
      12 |
      13 |   test.describe("ScrollReveal Component", () => {
        at /home/tbaltzakis/cloudless.gr/e2e/components.spec.ts:10:16

    attachment #1: screenshot (image/png) ──────────────────────────────────────────────────────────
    test-results/components-UI-Components-F-1422e-have-labels-or-placeholders-mobile-chrome-retry1/test-failed-1.png
    ────────────────────────────────────────────────────────────────────────────────────────────────

    attachment #2: video (video/webm) ──────────────────────────────────────────────────────────────
    test-results/components-UI-Components-F-1422e-have-labels-or-placeholders-mobile-chrome-retry1/video.webm
    ────────────────────────────────────────────────────────────────────────────────────────────────

    Error Context: test-results/components-UI-Components-F-1422e-have-labels-or-placeholders-mobile-chrome-retry1/error-context.md

    attachment #4: trace (application/zip) ─────────────────────────────────────────────────────────
    test-results/components-UI-Components-F-1422e-have-labels-or-placeholders-mobile-chrome-retry1/trace.zip
    Usage:

        npx playwright show-trace test-results/components-UI-Components-F-1422e-have-labels-or-placeholders-mobile-chrome-retry1/trace.zip

    ────────────────────────────────────────────────────────────────────────────────────────────────

  1330) [mobile-chrome] › e2e/components.spec.ts:92:11 › UI Components › Form Elements › form has submit button 

    Error: page.goto: net::ERR_CONNECTION_REFUSED at http://localhost:4000/en
    Call log:
      - navigating to "http://localhost:4000/en", waiting until "load"


       8 | test.describe("UI Components", () => {
       9 |   test.beforeEach(async ({ page }) => {
    > 10 |     await page.goto("/en");
         |                ^
      11 |   });
      12 |
      13 |   test.describe("ScrollReveal Component", () => {
        at /home/tbaltzakis/cloudless.gr/e2e/components.spec.ts:10:16

    attachment #1: screenshot (image/png) ──────────────────────────────────────────────────────────
    test-results/components-UI-Components-F-16f95-ents-form-has-submit-button-mobile-chrome/test-failed-1.png
    ────────────────────────────────────────────────────────────────────────────────────────────────

    attachment #2: video (video/webm) ──────────────────────────────────────────────────────────────
    test-results/components-UI-Components-F-16f95-ents-form-has-submit-button-mobile-chrome/video.webm
    ────────────────────────────────────────────────────────────────────────────────────────────────

    Error Context: test-results/components-UI-Components-F-16f95-ents-form-has-submit-button-mobile-chrome/error-context.md

    Retry #1 ───────────────────────────────────────────────────────────────────────────────────────

    Error: page.goto: net::ERR_CONNECTION_REFUSED at http://localhost:4000/en
    Call log:
      - navigating to "http://localhost:4000/en", waiting until "load"


       8 | test.describe("UI Components", () => {
       9 |   test.beforeEach(async ({ page }) => {
    > 10 |     await page.goto("/en");
         |                ^
      11 |   });
      12 |
      13 |   test.describe("ScrollReveal Component", () => {
        at /home/tbaltzakis/cloudless.gr/e2e/components.spec.ts:10:16

    attachment #1: screenshot (image/png) ──────────────────────────────────────────────────────────
    test-results/components-UI-Components-F-16f95-ents-form-has-submit-button-mobile-chrome-retry1/test-failed-1.png
    ────────────────────────────────────────────────────────────────────────────────────────────────

    attachment #2: video (video/webm) ──────────────────────────────────────────────────────────────
    test-results/components-UI-Components-F-16f95-ents-form-has-submit-button-mobile-chrome-retry1/video.webm
    ────────────────────────────────────────────────────────────────────────────────────────────────

    Error Context: test-results/components-UI-Components-F-16f95-ents-form-has-submit-button-mobile-chrome-retry1/error-context.md

    attachment #4: trace (application/zip) ─────────────────────────────────────────────────────────
    test-results/components-UI-Components-F-16f95-ents-form-has-submit-button-mobile-chrome-retry1/trace.zip
    Usage:

        npx playwright show-trace test-results/components-UI-Components-F-16f95-ents-form-has-submit-button-mobile-chrome-retry1/trace.zip

    ────────────────────────────────────────────────────────────────────────────────────────────────

  1331) [mobile-chrome] › e2e/components.spec.ts:106:9 › UI Components › Typographic Elements › heading hierarchy exists 

    Error: page.goto: net::ERR_CONNECTION_REFUSED at http://localhost:4000/en
    Call log:
      - navigating to "http://localhost:4000/en", waiting until "load"


       8 | test.describe("UI Components", () => {
       9 |   test.beforeEach(async ({ page }) => {
    > 10 |     await page.goto("/en");
         |                ^
      11 |   });
      12 |
      13 |   test.describe("ScrollReveal Component", () => {
        at /home/tbaltzakis/cloudless.gr/e2e/components.spec.ts:10:16

    attachment #1: screenshot (image/png) ──────────────────────────────────────────────────────────
    test-results/components-UI-Components-T-f7e4a-ts-heading-hierarchy-exists-mobile-chrome/test-failed-1.png
    ────────────────────────────────────────────────────────────────────────────────────────────────

    attachment #2: video (video/webm) ──────────────────────────────────────────────────────────────
    test-results/components-UI-Components-T-f7e4a-ts-heading-hierarchy-exists-mobile-chrome/video.webm
    ────────────────────────────────────────────────────────────────────────────────────────────────

    Error Context: test-results/components-UI-Components-T-f7e4a-ts-heading-hierarchy-exists-mobile-chrome/error-context.md

    Retry #1 ───────────────────────────────────────────────────────────────────────────────────────

    Error: page.goto: net::ERR_CONNECTION_REFUSED at http://localhost:4000/en
    Call log:
      - navigating to "http://localhost:4000/en", waiting until "load"


       8 | test.describe("UI Components", () => {
       9 |   test.beforeEach(async ({ page }) => {
    > 10 |     await page.goto("/en");
         |                ^
      11 |   });
      12 |
      13 |   test.describe("ScrollReveal Component", () => {
        at /home/tbaltzakis/cloudless.gr/e2e/components.spec.ts:10:16

    attachment #1: screenshot (image/png) ──────────────────────────────────────────────────────────
    test-results/components-UI-Components-T-f7e4a-ts-heading-hierarchy-exists-mobile-chrome-retry1/test-failed-1.png
    ────────────────────────────────────────────────────────────────────────────────────────────────

    attachment #2: video (video/webm) ──────────────────────────────────────────────────────────────
    test-results/components-UI-Components-T-f7e4a-ts-heading-hierarchy-exists-mobile-chrome-retry1/video.webm
    ────────────────────────────────────────────────────────────────────────────────────────────────

    Error Context: test-results/components-UI-Components-T-f7e4a-ts-heading-hierarchy-exists-mobile-chrome-retry1/error-context.md

    attachment #4: trace (application/zip) ─────────────────────────────────────────────────────────
    test-results/components-UI-Components-T-f7e4a-ts-heading-hierarchy-exists-mobile-chrome-retry1/trace.zip
    Usage:

        npx playwright show-trace test-results/components-UI-Components-T-f7e4a-ts-heading-hierarchy-exists-mobile-chrome-retry1/trace.zip

    ────────────────────────────────────────────────────────────────────────────────────────────────

  1332) [mobile-chrome] › e2e/components.spec.ts:114:9 › UI Components › Typographic Elements › body text is present 

    Error: page.goto: net::ERR_CONNECTION_REFUSED at http://localhost:4000/en
    Call log:
      - navigating to "http://localhost:4000/en", waiting until "load"


       8 | test.describe("UI Components", () => {
       9 |   test.beforeEach(async ({ page }) => {
    > 10 |     await page.goto("/en");
         |                ^
      11 |   });
      12 |
      13 |   test.describe("ScrollReveal Component", () => {
        at /home/tbaltzakis/cloudless.gr/e2e/components.spec.ts:10:16

    attachment #1: screenshot (image/png) ──────────────────────────────────────────────────────────
    test-results/components-UI-Components-T-c2749-ements-body-text-is-present-mobile-chrome/test-failed-1.png
    ────────────────────────────────────────────────────────────────────────────────────────────────

    attachment #2: video (video/webm) ──────────────────────────────────────────────────────────────
    test-results/components-UI-Components-T-c2749-ements-body-text-is-present-mobile-chrome/video.webm
    ────────────────────────────────────────────────────────────────────────────────────────────────

    Error Context: test-results/components-UI-Components-T-c2749-ements-body-text-is-present-mobile-chrome/error-context.md

    Retry #1 ───────────────────────────────────────────────────────────────────────────────────────

    Error: page.goto: net::ERR_CONNECTION_REFUSED at http://localhost:4000/en
    Call log:
      - navigating to "http://localhost:4000/en", waiting until "load"


       8 | test.describe("UI Components", () => {
       9 |   test.beforeEach(async ({ page }) => {
    > 10 |     await page.goto("/en");
         |                ^
      11 |   });
      12 |
      13 |   test.describe("ScrollReveal Component", () => {
        at /home/tbaltzakis/cloudless.gr/e2e/components.spec.ts:10:16

    attachment #1: screenshot (image/png) ──────────────────────────────────────────────────────────
    test-results/components-UI-Components-T-c2749-ements-body-text-is-present-mobile-chrome-retry1/test-failed-1.png
    ────────────────────────────────────────────────────────────────────────────────────────────────

    attachment #2: video (video/webm) ──────────────────────────────────────────────────────────────
    test-results/components-UI-Components-T-c2749-ements-body-text-is-present-mobile-chrome-retry1/video.webm
    ────────────────────────────────────────────────────────────────────────────────────────────────

    Error Context: test-results/components-UI-Components-T-c2749-ements-body-text-is-present-mobile-chrome-retry1/error-context.md

    attachment #4: trace (application/zip) ─────────────────────────────────────────────────────────
    test-results/components-UI-Components-T-c2749-ements-body-text-is-present-mobile-chrome-retry1/trace.zip
    Usage:

        npx playwright show-trace test-results/components-UI-Components-T-c2749-ements-body-text-is-present-mobile-chrome-retry1/trace.zip

    ────────────────────────────────────────────────────────────────────────────────────────────────

  1333) [mobile-chrome] › e2e/components.spec.ts:122:9 › UI Components › Cards and Sections › content cards are rendered 

    Error: page.goto: net::ERR_CONNECTION_REFUSED at http://localhost:4000/en
    Call log:
      - navigating to "http://localhost:4000/en", waiting until "load"


       8 | test.describe("UI Components", () => {
       9 |   test.beforeEach(async ({ page }) => {
    > 10 |     await page.goto("/en");
         |                ^
      11 |   });
      12 |
      13 |   test.describe("ScrollReveal Component", () => {
        at /home/tbaltzakis/cloudless.gr/e2e/components.spec.ts:10:16

    attachment #1: screenshot (image/png) ──────────────────────────────────────────────────────────
    test-results/components-UI-Components-C-5eecb--content-cards-are-rendered-mobile-chrome/test-failed-1.png
    ────────────────────────────────────────────────────────────────────────────────────────────────

    attachment #2: video (video/webm) ──────────────────────────────────────────────────────────────
    test-results/components-UI-Components-C-5eecb--content-cards-are-rendered-mobile-chrome/video.webm
    ────────────────────────────────────────────────────────────────────────────────────────────────

    Error Context: test-results/components-UI-Components-C-5eecb--content-cards-are-rendered-mobile-chrome/error-context.md

    Retry #1 ───────────────────────────────────────────────────────────────────────────────────────

    Error: page.goto: net::ERR_CONNECTION_REFUSED at http://localhost:4000/en
    Call log:
      - navigating to "http://localhost:4000/en", waiting until "load"


       8 | test.describe("UI Components", () => {
       9 |   test.beforeEach(async ({ page }) => {
    > 10 |     await page.goto("/en");
         |                ^
      11 |   });
      12 |
      13 |   test.describe("ScrollReveal Component", () => {
        at /home/tbaltzakis/cloudless.gr/e2e/components.spec.ts:10:16

    attachment #1: screenshot (image/png) ──────────────────────────────────────────────────────────
    test-results/components-UI-Components-C-5eecb--content-cards-are-rendered-mobile-chrome-retry1/test-failed-1.png
    ────────────────────────────────────────────────────────────────────────────────────────────────

    attachment #2: video (video/webm) ──────────────────────────────────────────────────────────────
    test-results/components-UI-Components-C-5eecb--content-cards-are-rendered-mobile-chrome-retry1/video.webm
    ────────────────────────────────────────────────────────────────────────────────────────────────

    Error Context: test-results/components-UI-Components-C-5eecb--content-cards-are-rendered-mobile-chrome-retry1/error-context.md

    attachment #4: trace (application/zip) ─────────────────────────────────────────────────────────
    test-results/components-UI-Components-C-5eecb--content-cards-are-rendered-mobile-chrome-retry1/trace.zip
    Usage:

        npx playwright show-trace test-results/components-UI-Components-C-5eecb--content-cards-are-rendered-mobile-chrome-retry1/trace.zip

    ────────────────────────────────────────────────────────────────────────────────────────────────

  1334) [mobile-chrome] › e2e/components.spec.ts:128:9 › UI Components › Cards and Sections › sections have proper spacing 

    Error: page.goto: net::ERR_CONNECTION_REFUSED at http://localhost:4000/en
    Call log:
      - navigating to "http://localhost:4000/en", waiting until "load"


       8 | test.describe("UI Components", () => {
       9 |   test.beforeEach(async ({ page }) => {
    > 10 |     await page.goto("/en");
         |                ^
      11 |   });
      12 |
      13 |   test.describe("ScrollReveal Component", () => {
        at /home/tbaltzakis/cloudless.gr/e2e/components.spec.ts:10:16

    attachment #1: screenshot (image/png) ──────────────────────────────────────────────────────────
    test-results/components-UI-Components-C-0815e-ections-have-proper-spacing-mobile-chrome/test-failed-1.png
    ────────────────────────────────────────────────────────────────────────────────────────────────

    attachment #2: video (video/webm) ──────────────────────────────────────────────────────────────
    test-results/components-UI-Components-C-0815e-ections-have-proper-spacing-mobile-chrome/video.webm
    ────────────────────────────────────────────────────────────────────────────────────────────────

    Error Context: test-results/components-UI-Components-C-0815e-ections-have-proper-spacing-mobile-chrome/error-context.md

    Retry #1 ───────────────────────────────────────────────────────────────────────────────────────

    Error: page.goto: net::ERR_CONNECTION_REFUSED at http://localhost:4000/en
    Call log:
      - navigating to "http://localhost:4000/en", waiting until "load"


       8 | test.describe("UI Components", () => {
       9 |   test.beforeEach(async ({ page }) => {
    > 10 |     await page.goto("/en");
         |                ^
      11 |   });
      12 |
      13 |   test.describe("ScrollReveal Component", () => {
        at /home/tbaltzakis/cloudless.gr/e2e/components.spec.ts:10:16

    attachment #1: screenshot (image/png) ──────────────────────────────────────────────────────────
    test-results/components-UI-Components-C-0815e-ections-have-proper-spacing-mobile-chrome-retry1/test-failed-1.png
    ────────────────────────────────────────────────────────────────────────────────────────────────

    attachment #2: video (video/webm) ──────────────────────────────────────────────────────────────
    test-results/components-UI-Components-C-0815e-ections-have-proper-spacing-mobile-chrome-retry1/video.webm
    ────────────────────────────────────────────────────────────────────────────────────────────────

    Error Context: test-results/components-UI-Components-C-0815e-ections-have-proper-spacing-mobile-chrome-retry1/error-context.md

    attachment #4: trace (application/zip) ─────────────────────────────────────────────────────────
    test-results/components-UI-Components-C-0815e-ections-have-proper-spacing-mobile-chrome-retry1/trace.zip
    Usage:

        npx playwright show-trace test-results/components-UI-Components-C-0815e-ections-have-proper-spacing-mobile-chrome-retry1/trace.zip

    ────────────────────────────────────────────────────────────────────────────────────────────────

  1335) [mobile-chrome] › e2e/components.spec.ts:139:7 › Responsive Components › mobile layout adapts 

    Error: page.goto: net::ERR_CONNECTION_REFUSED at http://localhost:4000/en
    Call log:
      - navigating to "http://localhost:4000/en", waiting until "load"


      138 |
      139 |   test("mobile layout adapts", async ({ page }) => {
    > 140 |     await page.goto("/en");
          |                ^
      141 |
      142 |     // Check for mobile-specific elements or layout changes
      143 |     const body = page.locator("body");
        at /home/tbaltzakis/cloudless.gr/e2e/components.spec.ts:140:16

    attachment #1: screenshot (image/png) ──────────────────────────────────────────────────────────
    test-results/components-Responsive-Components-mobile-layout-adapts-mobile-chrome/test-failed-1.png
    ────────────────────────────────────────────────────────────────────────────────────────────────

    attachment #2: video (video/webm) ──────────────────────────────────────────────────────────────
    test-results/components-Responsive-Components-mobile-layout-adapts-mobile-chrome/video.webm
    ────────────────────────────────────────────────────────────────────────────────────────────────

    Error Context: test-results/components-Responsive-Components-mobile-layout-adapts-mobile-chrome/error-context.md

    Retry #1 ───────────────────────────────────────────────────────────────────────────────────────

    Error: page.goto: net::ERR_CONNECTION_REFUSED at http://localhost:4000/en
    Call log:
      - navigating to "http://localhost:4000/en", waiting until "load"


      138 |
      139 |   test("mobile layout adapts", async ({ page }) => {
    > 140 |     await page.goto("/en");
          |                ^
      141 |
      142 |     // Check for mobile-specific elements or layout changes
      143 |     const body = page.locator("body");
        at /home/tbaltzakis/cloudless.gr/e2e/components.spec.ts:140:16

    attachment #1: screenshot (image/png) ──────────────────────────────────────────────────────────
    test-results/components-Responsive-Components-mobile-layout-adapts-mobile-chrome-retry1/test-failed-1.png
    ────────────────────────────────────────────────────────────────────────────────────────────────

    attachment #2: video (video/webm) ──────────────────────────────────────────────────────────────
    test-results/components-Responsive-Components-mobile-layout-adapts-mobile-chrome-retry1/video.webm
    ────────────────────────────────────────────────────────────────────────────────────────────────

    Error Context: test-results/components-Responsive-Components-mobile-layout-adapts-mobile-chrome-retry1/error-context.md

    attachment #4: trace (application/zip) ─────────────────────────────────────────────────────────
    test-results/components-Responsive-Components-mobile-layout-adapts-mobile-chrome-retry1/trace.zip
    Usage:

        npx playwright show-trace test-results/components-Responsive-Components-mobile-layout-adapts-mobile-chrome-retry1/trace.zip

    ────────────────────────────────────────────────────────────────────────────────────────────────

  1336) [mobile-chrome] › e2e/components.spec.ts:147:7 › Responsive Components › mobile menu button exists when needed 

    Error: page.goto: net::ERR_CONNECTION_REFUSED at http://localhost:4000/en
    Call log:
      - navigating to "http://localhost:4000/en", waiting until "load"


      146 |
      147 |   test("mobile menu button exists when needed", async ({ page }) => {
    > 148 |     await page.goto("/en");
          |                ^
      149 |
      150 |     // Look for mobile menu trigger
      151 |     const menuTrigger = page.locator(
        at /home/tbaltzakis/cloudless.gr/e2e/components.spec.ts:148:16

    attachment #1: screenshot (image/png) ──────────────────────────────────────────────────────────
    test-results/components-Responsive-Comp-f10aa-u-button-exists-when-needed-mobile-chrome/test-failed-1.png
    ────────────────────────────────────────────────────────────────────────────────────────────────

    attachment #2: video (video/webm) ──────────────────────────────────────────────────────────────
    test-results/components-Responsive-Comp-f10aa-u-button-exists-when-needed-mobile-chrome/video.webm
    ────────────────────────────────────────────────────────────────────────────────────────────────

    Error Context: test-results/components-Responsive-Comp-f10aa-u-button-exists-when-needed-mobile-chrome/error-context.md

    Retry #1 ───────────────────────────────────────────────────────────────────────────────────────

    Error: page.goto: net::ERR_CONNECTION_REFUSED at http://localhost:4000/en
    Call log:
      - navigating to "http://localhost:4000/en", waiting until "load"


      146 |
      147 |   test("mobile menu button exists when needed", async ({ page }) => {
    > 148 |     await page.goto("/en");
          |                ^
      149 |
      150 |     // Look for mobile menu trigger
      151 |     const menuTrigger = page.locator(
        at /home/tbaltzakis/cloudless.gr/e2e/components.spec.ts:148:16

    attachment #1: screenshot (image/png) ──────────────────────────────────────────────────────────
    test-results/components-Responsive-Comp-f10aa-u-button-exists-when-needed-mobile-chrome-retry1/test-failed-1.png
    ────────────────────────────────────────────────────────────────────────────────────────────────

    attachment #2: video (video/webm) ──────────────────────────────────────────────────────────────
    test-results/components-Responsive-Comp-f10aa-u-button-exists-when-needed-mobile-chrome-retry1/video.webm
    ────────────────────────────────────────────────────────────────────────────────────────────────

    Error Context: test-results/components-Responsive-Comp-f10aa-u-button-exists-when-needed-mobile-chrome-retry1/error-context.md

    attachment #4: trace (application/zip) ─────────────────────────────────────────────────────────
    test-results/components-Responsive-Comp-f10aa-u-button-exists-when-needed-mobile-chrome-retry1/trace.zip
    Usage:

        npx playwright show-trace test-results/components-Responsive-Comp-f10aa-u-button-exists-when-needed-mobile-chrome-retry1/trace.zip

    ────────────────────────────────────────────────────────────────────────────────────────────────

  1337) [mobile-chrome] › e2e/components.spec.ts:163:7 › Dark Mode / Theme › theme variables are defined 

    Error: page.goto: net::ERR_CONNECTION_REFUSED at http://localhost:4000/en
    Call log:
      - navigating to "http://localhost:4000/en", waiting until "load"


      162 | test.describe("Dark Mode / Theme", () => {
      163 |   test("theme variables are defined", async ({ page }) => {
    > 164 |     await page.goto("/en");
          |                ^
      165 |
      166 |     // Check for CSS custom properties
      167 |     const hasCustomProperties = await page.evaluate(() => {
        at /home/tbaltzakis/cloudless.gr/e2e/components.spec.ts:164:16

    attachment #1: screenshot (image/png) ──────────────────────────────────────────────────────────
    test-results/components-Dark-Mode-Theme-theme-variables-are-defined-mobile-chrome/test-failed-1.png
    ────────────────────────────────────────────────────────────────────────────────────────────────

    attachment #2: video (video/webm) ──────────────────────────────────────────────────────────────
    test-results/components-Dark-Mode-Theme-theme-variables-are-defined-mobile-chrome/video.webm
    ────────────────────────────────────────────────────────────────────────────────────────────────

    Error Context: test-results/components-Dark-Mode-Theme-theme-variables-are-defined-mobile-chrome/error-context.md

    Retry #1 ───────────────────────────────────────────────────────────────────────────────────────

    Error: page.goto: net::ERR_CONNECTION_REFUSED at http://localhost:4000/en
    Call log:
      - navigating to "http://localhost:4000/en", waiting until "load"


      162 | test.describe("Dark Mode / Theme", () => {
      163 |   test("theme variables are defined", async ({ page }) => {
    > 164 |     await page.goto("/en");
          |                ^
      165 |
      166 |     // Check for CSS custom properties
      167 |     const hasCustomProperties = await page.evaluate(() => {
        at /home/tbaltzakis/cloudless.gr/e2e/components.spec.ts:164:16

    attachment #1: screenshot (image/png) ──────────────────────────────────────────────────────────
    test-results/components-Dark-Mode-Theme-theme-variables-are-defined-mobile-chrome-retry1/test-failed-1.png
    ────────────────────────────────────────────────────────────────────────────────────────────────

    attachment #2: video (video/webm) ──────────────────────────────────────────────────────────────
    test-results/components-Dark-Mode-Theme-theme-variables-are-defined-mobile-chrome-retry1/video.webm
    ────────────────────────────────────────────────────────────────────────────────────────────────

    Error Context: test-results/components-Dark-Mode-Theme-theme-variables-are-defined-mobile-chrome-retry1/error-context.md

    attachment #4: trace (application/zip) ─────────────────────────────────────────────────────────
    test-results/components-Dark-Mode-Theme-theme-variables-are-defined-mobile-chrome-retry1/trace.zip
    Usage:

        npx playwright show-trace test-results/components-Dark-Mode-Theme-theme-variables-are-defined-mobile-chrome-retry1/trace.zip

    ────────────────────────────────────────────────────────────────────────────────────────────────

  1338) [mobile-chrome] › e2e/contact-integrations.spec.ts:4:7 › Contact & Integrations › contact form renders the documented fields 

    Error: page.goto: net::ERR_CONNECTION_REFUSED at http://localhost:4000/contact
    Call log:
      - navigating to "http://localhost:4000/contact", waiting until "load"


      3 | test.describe("Contact & Integrations", () => {
      4 |   test("contact form renders the documented fields", async ({ page }) => {
    > 5 |     await page.goto("/contact");
        |                ^
      6 |
      7 |     await expect(page.getByRole("heading", { level: 1 })).toBeVisible();
      8 |     await expect(page.getByLabel(/name/i).first()).toBeVisible();
        at /home/tbaltzakis/cloudless.gr/e2e/contact-integrations.spec.ts:5:16

    attachment #1: screenshot (image/png) ──────────────────────────────────────────────────────────
    test-results/contact-integrations-Conta-84d2b-nders-the-documented-fields-mobile-chrome/test-failed-1.png
    ────────────────────────────────────────────────────────────────────────────────────────────────

    attachment #2: video (video/webm) ──────────────────────────────────────────────────────────────
    test-results/contact-integrations-Conta-84d2b-nders-the-documented-fields-mobile-chrome/video.webm
    ────────────────────────────────────────────────────────────────────────────────────────────────

    Error Context: test-results/contact-integrations-Conta-84d2b-nders-the-documented-fields-mobile-chrome/error-context.md

    Retry #1 ───────────────────────────────────────────────────────────────────────────────────────

    Error: page.goto: net::ERR_CONNECTION_REFUSED at http://localhost:4000/contact
    Call log:
      - navigating to "http://localhost:4000/contact", waiting until "load"


      3 | test.describe("Contact & Integrations", () => {
      4 |   test("contact form renders the documented fields", async ({ page }) => {
    > 5 |     await page.goto("/contact");
        |                ^
      6 |
      7 |     await expect(page.getByRole("heading", { level: 1 })).toBeVisible();
      8 |     await expect(page.getByLabel(/name/i).first()).toBeVisible();
        at /home/tbaltzakis/cloudless.gr/e2e/contact-integrations.spec.ts:5:16

    attachment #1: screenshot (image/png) ──────────────────────────────────────────────────────────
    test-results/contact-integrations-Conta-84d2b-nders-the-documented-fields-mobile-chrome-retry1/test-failed-1.png
    ────────────────────────────────────────────────────────────────────────────────────────────────

    attachment #2: video (video/webm) ──────────────────────────────────────────────────────────────
    test-results/contact-integrations-Conta-84d2b-nders-the-documented-fields-mobile-chrome-retry1/video.webm
    ────────────────────────────────────────────────────────────────────────────────────────────────

    Error Context: test-results/contact-integrations-Conta-84d2b-nders-the-documented-fields-mobile-chrome-retry1/error-context.md

    attachment #4: trace (application/zip) ─────────────────────────────────────────────────────────
    test-results/contact-integrations-Conta-84d2b-nders-the-documented-fields-mobile-chrome-retry1/trace.zip
    Usage:

        npx playwright show-trace test-results/contact-integrations-Conta-84d2b-nders-the-documented-fields-mobile-chrome-retry1/trace.zip

    ────────────────────────────────────────────────────────────────────────────────────────────────

  1339) [mobile-chrome] › e2e/contact-integrations.spec.ts:16:7 › Contact & Integrations › contact form submit posts to /api/contact and shows success 

    Error: page.goto: net::ERR_CONNECTION_REFUSED at http://localhost:4000/contact
    Call log:
      - navigating to "http://localhost:4000/contact", waiting until "load"


      23 |     );
      24 |
    > 25 |     await page.goto("/contact");
         |                ^
      26 |     await page.getByLabel(/name/i).first().fill("Playwright User");
      27 |     await page.getByLabel(/email/i).first().fill("playwright@example.com");
      28 |     await page.getByLabel(/message/i).first().fill("Hello from the e2e suite.");
        at /home/tbaltzakis/cloudless.gr/e2e/contact-integrations.spec.ts:25:16

    attachment #1: screenshot (image/png) ──────────────────────────────────────────────────────────
    test-results/contact-integrations-Conta-1a65d-i-contact-and-shows-success-mobile-chrome/test-failed-1.png
    ────────────────────────────────────────────────────────────────────────────────────────────────

    attachment #2: video (video/webm) ──────────────────────────────────────────────────────────────
    test-results/contact-integrations-Conta-1a65d-i-contact-and-shows-success-mobile-chrome/video.webm
    ────────────────────────────────────────────────────────────────────────────────────────────────

    Error Context: test-results/contact-integrations-Conta-1a65d-i-contact-and-shows-success-mobile-chrome/error-context.md

    Retry #1 ───────────────────────────────────────────────────────────────────────────────────────

    Error: page.goto: net::ERR_CONNECTION_REFUSED at http://localhost:4000/contact
    Call log:
      - navigating to "http://localhost:4000/contact", waiting until "load"


      23 |     );
      24 |
    > 25 |     await page.goto("/contact");
         |                ^
      26 |     await page.getByLabel(/name/i).first().fill("Playwright User");
      27 |     await page.getByLabel(/email/i).first().fill("playwright@example.com");
      28 |     await page.getByLabel(/message/i).first().fill("Hello from the e2e suite.");
        at /home/tbaltzakis/cloudless.gr/e2e/contact-integrations.spec.ts:25:16

    attachment #1: screenshot (image/png) ──────────────────────────────────────────────────────────
    test-results/contact-integrations-Conta-1a65d-i-contact-and-shows-success-mobile-chrome-retry1/test-failed-1.png
    ────────────────────────────────────────────────────────────────────────────────────────────────

    attachment #2: video (video/webm) ──────────────────────────────────────────────────────────────
    test-results/contact-integrations-Conta-1a65d-i-contact-and-shows-success-mobile-chrome-retry1/video.webm
    ────────────────────────────────────────────────────────────────────────────────────────────────

    Error Context: test-results/contact-integrations-Conta-1a65d-i-contact-and-shows-success-mobile-chrome-retry1/error-context.md

    attachment #4: trace (application/zip) ─────────────────────────────────────────────────────────
    test-results/contact-integrations-Conta-1a65d-i-contact-and-shows-success-mobile-chrome-retry1/trace.zip
    Usage:

        npx playwright show-trace test-results/contact-integrations-Conta-1a65d-i-contact-and-shows-success-mobile-chrome-retry1/trace.zip

    ────────────────────────────────────────────────────────────────────────────────────────────────

  1340) [mobile-chrome] › e2e/contact-integrations.spec.ts:38:7 › Contact & Integrations › legal pages render with a heading 

    Error: page.goto: net::ERR_CONNECTION_REFUSED at http://localhost:4000/privacy
    Call log:
      - navigating to "http://localhost:4000/privacy", waiting until "load"


      38 |   test("legal pages render with a heading", async ({ page }) => {
      39 |     for (const path of ["/privacy", "/terms", "/cookies"]) {
    > 40 |       await page.goto(path);
         |                  ^
      41 |       await expect(page).toHaveURL(new RegExp(path));
      42 |       await expect(page.getByRole("heading", { level: 1 })).toBeVisible({ timeout: 10_000 });
      43 |     }
        at /home/tbaltzakis/cloudless.gr/e2e/contact-integrations.spec.ts:40:18

    attachment #1: screenshot (image/png) ──────────────────────────────────────────────────────────
    test-results/contact-integrations-Conta-bad37-pages-render-with-a-heading-mobile-chrome/test-failed-1.png
    ────────────────────────────────────────────────────────────────────────────────────────────────

    attachment #2: video (video/webm) ──────────────────────────────────────────────────────────────
    test-results/contact-integrations-Conta-bad37-pages-render-with-a-heading-mobile-chrome/video.webm
    ────────────────────────────────────────────────────────────────────────────────────────────────

    Error Context: test-results/contact-integrations-Conta-bad37-pages-render-with-a-heading-mobile-chrome/error-context.md

    Retry #1 ───────────────────────────────────────────────────────────────────────────────────────

    Error: page.goto: net::ERR_CONNECTION_REFUSED at http://localhost:4000/privacy
    Call log:
      - navigating to "http://localhost:4000/privacy", waiting until "load"


      38 |   test("legal pages render with a heading", async ({ page }) => {
      39 |     for (const path of ["/privacy", "/terms", "/cookies"]) {
    > 40 |       await page.goto(path);
         |                  ^
      41 |       await expect(page).toHaveURL(new RegExp(path));
      42 |       await expect(page.getByRole("heading", { level: 1 })).toBeVisible({ timeout: 10_000 });
      43 |     }
        at /home/tbaltzakis/cloudless.gr/e2e/contact-integrations.spec.ts:40:18

    attachment #1: screenshot (image/png) ──────────────────────────────────────────────────────────
    test-results/contact-integrations-Conta-bad37-pages-render-with-a-heading-mobile-chrome-retry1/test-failed-1.png
    ────────────────────────────────────────────────────────────────────────────────────────────────

    attachment #2: video (video/webm) ──────────────────────────────────────────────────────────────
    test-results/contact-integrations-Conta-bad37-pages-render-with-a-heading-mobile-chrome-retry1/video.webm
    ────────────────────────────────────────────────────────────────────────────────────────────────

    Error Context: test-results/contact-integrations-Conta-bad37-pages-render-with-a-heading-mobile-chrome-retry1/error-context.md

    attachment #4: trace (application/zip) ─────────────────────────────────────────────────────────
    test-results/contact-integrations-Conta-bad37-pages-render-with-a-heading-mobile-chrome-retry1/trace.zip
    Usage:

        npx playwright show-trace test-results/contact-integrations-Conta-bad37-pages-render-with-a-heading-mobile-chrome-retry1/trace.zip

    ────────────────────────────────────────────────────────────────────────────────────────────────

  1341) [mobile-chrome] › e2e/contact.spec.ts:4:7 › Contact form API › POST /api/contact with missing fields returns 400 

    Error: apiRequestContext.post: connect ECONNREFUSED ::1:4000
    Call log:
      - → POST http://localhost:4000/api/contact
        - user-agent: Mozilla/5.0 (Linux; Android 14; Pixel 7) AppleWebKit/537.36 (KHTML, like Gecko) Chrome/151.0.7922.34 Mobile Safari/537.36
        - accept: */*
        - accept-encoding: gzip,deflate,br
        - content-type: application/json
        - content-length: 2

        at apiRequestContext.post: connect ECONNREFUSED ::1:4000
        at /home/tbaltzakis/cloudless.gr/e2e/contact.spec.ts:5:31

    Error Context: test-results/contact-Contact-form-API-P-7af96--missing-fields-returns-400-mobile-chrome/error-context.md

    Retry #1 ───────────────────────────────────────────────────────────────────────────────────────

    Error: apiRequestContext.post: connect ECONNREFUSED ::1:4000
    Call log:
      - → POST http://localhost:4000/api/contact
        - user-agent: Mozilla/5.0 (Linux; Android 14; Pixel 7) AppleWebKit/537.36 (KHTML, like Gecko) Chrome/151.0.7922.34 Mobile Safari/537.36
        - accept: */*
        - accept-encoding: gzip,deflate,br
        - content-type: application/json
        - content-length: 2

        at apiRequestContext.post: connect ECONNREFUSED ::1:4000
        at /home/tbaltzakis/cloudless.gr/e2e/contact.spec.ts:5:31

    Error Context: test-results/contact-Contact-form-API-P-7af96--missing-fields-returns-400-mobile-chrome-retry1/error-context.md

    attachment #2: trace (application/zip) ─────────────────────────────────────────────────────────
    test-results/contact-Contact-form-API-P-7af96--missing-fields-returns-400-mobile-chrome-retry1/trace.zip
    Usage:

        npx playwright show-trace test-results/contact-Contact-form-API-P-7af96--missing-fields-returns-400-mobile-chrome-retry1/trace.zip

    ────────────────────────────────────────────────────────────────────────────────────────────────

  1342) [mobile-chrome] › e2e/contact.spec.ts:13:7 › Contact form API › POST /api/contact with invalid email returns 400 

    Error: apiRequestContext.post: connect ECONNREFUSED ::1:4000
    Call log:
      - → POST http://localhost:4000/api/contact
        - user-agent: Mozilla/5.0 (Linux; Android 14; Pixel 7) AppleWebKit/537.36 (KHTML, like Gecko) Chrome/151.0.7922.34 Mobile Safari/537.36
        - accept: */*
        - accept-encoding: gzip,deflate,br
        - content-type: application/json
        - content-length: 56

        at apiRequestContext.post: connect ECONNREFUSED ::1:4000
        at /home/tbaltzakis/cloudless.gr/e2e/contact.spec.ts:14:31

    Error Context: test-results/contact-Contact-form-API-P-2d647-h-invalid-email-returns-400-mobile-chrome/error-context.md

    Retry #1 ───────────────────────────────────────────────────────────────────────────────────────

    Error: apiRequestContext.post: connect ECONNREFUSED ::1:4000
    Call log:
      - → POST http://localhost:4000/api/contact
        - user-agent: Mozilla/5.0 (Linux; Android 14; Pixel 7) AppleWebKit/537.36 (KHTML, like Gecko) Chrome/151.0.7922.34 Mobile Safari/537.36
        - accept: */*
        - accept-encoding: gzip,deflate,br
        - content-type: application/json
        - content-length: 56

        at apiRequestContext.post: connect ECONNREFUSED ::1:4000
        at /home/tbaltzakis/cloudless.gr/e2e/contact.spec.ts:14:31

    Error Context: test-results/contact-Contact-form-API-P-2d647-h-invalid-email-returns-400-mobile-chrome-retry1/error-context.md

    attachment #2: trace (application/zip) ─────────────────────────────────────────────────────────
    test-results/contact-Contact-form-API-P-2d647-h-invalid-email-returns-400-mobile-chrome-retry1/trace.zip
    Usage:

        npx playwright show-trace test-results/contact-Contact-form-API-P-2d647-h-invalid-email-returns-400-mobile-chrome-retry1/trace.zip

    ────────────────────────────────────────────────────────────────────────────────────────────────

  1343) [mobile-chrome] › e2e/cookie-consent-flow.spec.ts:26:7 › Cookie consent banner › banner appears on first visit with no consent cookie 

    Error: page.goto: net::ERR_CONNECTION_REFUSED at http://localhost:4000/en/
    Call log:
      - navigating to "http://localhost:4000/en/", waiting until "domcontentloaded"


      26 |   test("banner appears on first visit with no consent cookie", async ({ page, context }) => {
      27 |     await context.clearCookies();
    > 28 |     await page.goto("/en/", { waitUntil: "domcontentloaded" });
         |                ^
      29 |
      30 |     // The banner is rendered conditionally on first visit. Either we see
      31 |     // it (acceptAll button visible) OR the consent cookie was set by an
        at /home/tbaltzakis/cloudless.gr/e2e/cookie-consent-flow.spec.ts:28:16

    attachment #1: screenshot (image/png) ──────────────────────────────────────────────────────────
    test-results/cookie-consent-flow-Cookie-95bd9-isit-with-no-consent-cookie-mobile-chrome/test-failed-1.png
    ────────────────────────────────────────────────────────────────────────────────────────────────

    attachment #2: video (video/webm) ──────────────────────────────────────────────────────────────
    test-results/cookie-consent-flow-Cookie-95bd9-isit-with-no-consent-cookie-mobile-chrome/video.webm
    ────────────────────────────────────────────────────────────────────────────────────────────────

    Error Context: test-results/cookie-consent-flow-Cookie-95bd9-isit-with-no-consent-cookie-mobile-chrome/error-context.md

    Retry #1 ───────────────────────────────────────────────────────────────────────────────────────

    Error: page.goto: net::ERR_CONNECTION_REFUSED at http://localhost:4000/en/
    Call log:
      - navigating to "http://localhost:4000/en/", waiting until "domcontentloaded"


      26 |   test("banner appears on first visit with no consent cookie", async ({ page, context }) => {
      27 |     await context.clearCookies();
    > 28 |     await page.goto("/en/", { waitUntil: "domcontentloaded" });
         |                ^
      29 |
      30 |     // The banner is rendered conditionally on first visit. Either we see
      31 |     // it (acceptAll button visible) OR the consent cookie was set by an
        at /home/tbaltzakis/cloudless.gr/e2e/cookie-consent-flow.spec.ts:28:16

    attachment #1: screenshot (image/png) ──────────────────────────────────────────────────────────
    test-results/cookie-consent-flow-Cookie-95bd9-isit-with-no-consent-cookie-mobile-chrome-retry1/test-failed-1.png
    ────────────────────────────────────────────────────────────────────────────────────────────────

    attachment #2: video (video/webm) ──────────────────────────────────────────────────────────────
    test-results/cookie-consent-flow-Cookie-95bd9-isit-with-no-consent-cookie-mobile-chrome-retry1/video.webm
    ────────────────────────────────────────────────────────────────────────────────────────────────

    Error Context: test-results/cookie-consent-flow-Cookie-95bd9-isit-with-no-consent-cookie-mobile-chrome-retry1/error-context.md

    attachment #4: trace (application/zip) ─────────────────────────────────────────────────────────
    test-results/cookie-consent-flow-Cookie-95bd9-isit-with-no-consent-cookie-mobile-chrome-retry1/trace.zip
    Usage:

        npx playwright show-trace test-results/cookie-consent-flow-Cookie-95bd9-isit-with-no-consent-cookie-mobile-chrome-retry1/trace.zip

    ────────────────────────────────────────────────────────────────────────────────────────────────

  1344) [mobile-chrome] › e2e/cookie-consent-flow.spec.ts:46:7 › Cookie consent banner › clicking Accept All persists a cookieConsent cookie 

    Error: page.goto: net::ERR_CONNECTION_REFUSED at http://localhost:4000/en/
    Call log:
      - navigating to "http://localhost:4000/en/", waiting until "domcontentloaded"


      46 |   test("clicking Accept All persists a cookieConsent cookie", async ({ page, context }) => {
      47 |     await context.clearCookies();
    > 48 |     await page.goto("/en/", { waitUntil: "domcontentloaded" });
         |                ^
      49 |
      50 |     const acceptBtn = page
      51 |       .getByRole("button", { name: /accept all|αποδοχή|alle akzeptieren|accepter/i })
        at /home/tbaltzakis/cloudless.gr/e2e/cookie-consent-flow.spec.ts:48:16

    attachment #1: screenshot (image/png) ──────────────────────────────────────────────────────────
    test-results/cookie-consent-flow-Cookie-5361e-ists-a-cookieConsent-cookie-mobile-chrome/test-failed-1.png
    ────────────────────────────────────────────────────────────────────────────────────────────────

    attachment #2: video (video/webm) ──────────────────────────────────────────────────────────────
    test-results/cookie-consent-flow-Cookie-5361e-ists-a-cookieConsent-cookie-mobile-chrome/video.webm
    ────────────────────────────────────────────────────────────────────────────────────────────────

    Error Context: test-results/cookie-consent-flow-Cookie-5361e-ists-a-cookieConsent-cookie-mobile-chrome/error-context.md

    Retry #1 ───────────────────────────────────────────────────────────────────────────────────────

    Error: page.goto: net::ERR_CONNECTION_REFUSED at http://localhost:4000/en/
    Call log:
      - navigating to "http://localhost:4000/en/", waiting until "domcontentloaded"


      46 |   test("clicking Accept All persists a cookieConsent cookie", async ({ page, context }) => {
      47 |     await context.clearCookies();
    > 48 |     await page.goto("/en/", { waitUntil: "domcontentloaded" });
         |                ^
      49 |
      50 |     const acceptBtn = page
      51 |       .getByRole("button", { name: /accept all|αποδοχή|alle akzeptieren|accepter/i })
        at /home/tbaltzakis/cloudless.gr/e2e/cookie-consent-flow.spec.ts:48:16

    attachment #1: screenshot (image/png) ──────────────────────────────────────────────────────────
    test-results/cookie-consent-flow-Cookie-5361e-ists-a-cookieConsent-cookie-mobile-chrome-retry1/test-failed-1.png
    ────────────────────────────────────────────────────────────────────────────────────────────────

    attachment #2: video (video/webm) ──────────────────────────────────────────────────────────────
    test-results/cookie-consent-flow-Cookie-5361e-ists-a-cookieConsent-cookie-mobile-chrome-retry1/video.webm
    ────────────────────────────────────────────────────────────────────────────────────────────────

    Error Context: test-results/cookie-consent-flow-Cookie-5361e-ists-a-cookieConsent-cookie-mobile-chrome-retry1/error-context.md

    attachment #4: trace (application/zip) ─────────────────────────────────────────────────────────
    test-results/cookie-consent-flow-Cookie-5361e-ists-a-cookieConsent-cookie-mobile-chrome-retry1/trace.zip
    Usage:

        npx playwright show-trace test-results/cookie-consent-flow-Cookie-5361e-ists-a-cookieConsent-cookie-mobile-chrome-retry1/trace.zip

    ────────────────────────────────────────────────────────────────────────────────────────────────

  1345) [mobile-chrome] › e2e/cookie-consent-flow.spec.ts:69:7 › Cookie consent banner › banner does not reappear on reload after Accept All 

    Error: page.goto: net::ERR_CONNECTION_REFUSED at http://localhost:4000/en/
    Call log:
      - navigating to "http://localhost:4000/en/", waiting until "domcontentloaded"


      69 |   test("banner does not reappear on reload after Accept All", async ({ page, context }) => {
      70 |     await context.clearCookies();
    > 71 |     await page.goto("/en/", { waitUntil: "domcontentloaded" });
         |                ^
      72 |
      73 |     const acceptBtn = page
      74 |       .getByRole("button", { name: /accept all|αποδοχή|alle akzeptieren|accepter/i })
        at /home/tbaltzakis/cloudless.gr/e2e/cookie-consent-flow.spec.ts:71:16

    attachment #1: screenshot (image/png) ──────────────────────────────────────────────────────────
    test-results/cookie-consent-flow-Cookie-ff183--on-reload-after-Accept-All-mobile-chrome/test-failed-1.png
    ────────────────────────────────────────────────────────────────────────────────────────────────

    attachment #2: video (video/webm) ──────────────────────────────────────────────────────────────
    test-results/cookie-consent-flow-Cookie-ff183--on-reload-after-Accept-All-mobile-chrome/video.webm
    ────────────────────────────────────────────────────────────────────────────────────────────────

    Error Context: test-results/cookie-consent-flow-Cookie-ff183--on-reload-after-Accept-All-mobile-chrome/error-context.md

    Retry #1 ───────────────────────────────────────────────────────────────────────────────────────

    Error: page.goto: net::ERR_CONNECTION_REFUSED at http://localhost:4000/en/
    Call log:
      - navigating to "http://localhost:4000/en/", waiting until "domcontentloaded"


      69 |   test("banner does not reappear on reload after Accept All", async ({ page, context }) => {
      70 |     await context.clearCookies();
    > 71 |     await page.goto("/en/", { waitUntil: "domcontentloaded" });
         |                ^
      72 |
      73 |     const acceptBtn = page
      74 |       .getByRole("button", { name: /accept all|αποδοχή|alle akzeptieren|accepter/i })
        at /home/tbaltzakis/cloudless.gr/e2e/cookie-consent-flow.spec.ts:71:16

    attachment #1: screenshot (image/png) ──────────────────────────────────────────────────────────
    test-results/cookie-consent-flow-Cookie-ff183--on-reload-after-Accept-All-mobile-chrome-retry1/test-failed-1.png
    ────────────────────────────────────────────────────────────────────────────────────────────────

    attachment #2: video (video/webm) ──────────────────────────────────────────────────────────────
    test-results/cookie-consent-flow-Cookie-ff183--on-reload-after-Accept-All-mobile-chrome-retry1/video.webm
    ────────────────────────────────────────────────────────────────────────────────────────────────

    Error Context: test-results/cookie-consent-flow-Cookie-ff183--on-reload-after-Accept-All-mobile-chrome-retry1/error-context.md

    attachment #4: trace (application/zip) ─────────────────────────────────────────────────────────
    test-results/cookie-consent-flow-Cookie-ff183--on-reload-after-Accept-All-mobile-chrome-retry1/trace.zip
    Usage:

        npx playwright show-trace test-results/cookie-consent-flow-Cookie-ff183--on-reload-after-Accept-All-mobile-chrome-retry1/trace.zip

    ────────────────────────────────────────────────────────────────────────────────────────────────

  1346) [mobile-chrome] › e2e/coverage.spec.ts:12:9 › Coverage - Full Path Testing › All Public API Endpoints › GET all data endpoints 

    Error: apiRequestContext.get: connect ECONNREFUSED ::1:4000
    Call log:
      - → GET http://localhost:4000/api/blog
        - user-agent: Mozilla/5.0 (Linux; Android 14; Pixel 7) AppleWebKit/537.36 (KHTML, like Gecko) Chrome/151.0.7922.34 Mobile Safari/537.36
        - accept: */*
        - accept-encoding: gzip,deflate,br

        at apiRequestContext.get: connect ECONNREFUSED ::1:4000
        at /home/tbaltzakis/cloudless.gr/e2e/coverage.spec.ts:27:40

    Error Context: test-results/coverage-Coverage---Full-P-5ec70-ints-GET-all-data-endpoints-mobile-chrome/error-context.md

    Retry #1 ───────────────────────────────────────────────────────────────────────────────────────

    Error: apiRequestContext.get: connect ECONNREFUSED ::1:4000
    Call log:
      - → GET http://localhost:4000/api/blog
        - user-agent: Mozilla/5.0 (Linux; Android 14; Pixel 7) AppleWebKit/537.36 (KHTML, like Gecko) Chrome/151.0.7922.34 Mobile Safari/537.36
        - accept: */*
        - accept-encoding: gzip,deflate,br

        at apiRequestContext.get: connect ECONNREFUSED ::1:4000
        at /home/tbaltzakis/cloudless.gr/e2e/coverage.spec.ts:27:40

    Error Context: test-results/coverage-Coverage---Full-P-5ec70-ints-GET-all-data-endpoints-mobile-chrome-retry1/error-context.md

    attachment #2: trace (application/zip) ─────────────────────────────────────────────────────────
    test-results/coverage-Coverage---Full-P-5ec70-ints-GET-all-data-endpoints-mobile-chrome-retry1/trace.zip
    Usage:

        npx playwright show-trace test-results/coverage-Coverage---Full-P-5ec70-ints-GET-all-data-endpoints-mobile-chrome-retry1/trace.zip

    ────────────────────────────────────────────────────────────────────────────────────────────────

  1347) [mobile-chrome] › e2e/customer-behavior.spec.ts:82:7 › Services page › renders h1 and service section headings 

    Error: page.goto: net::ERR_CONNECTION_REFUSED at http://localhost:4000/services
    Call log:
      - navigating to "http://localhost:4000/services", waiting until "load"


      81 | test.describe("Services page", () => {
      82 |   test("renders h1 and service section headings", async ({ page }) => {
    > 83 |     await page.goto("/services");
         |                ^
      84 |     await expect(page.getByRole("heading", { level: 1 })).toBeVisible();
      85 |     const h2s = page.getByRole("heading", { level: 2 });
      86 |     await expect(h2s.first()).toBeVisible();
        at /home/tbaltzakis/cloudless.gr/e2e/customer-behavior.spec.ts:83:16

    attachment #1: screenshot (image/png) ──────────────────────────────────────────────────────────
    test-results/customer-behavior-Services-ddda9-nd-service-section-headings-mobile-chrome/test-failed-1.png
    ────────────────────────────────────────────────────────────────────────────────────────────────

    attachment #2: video (video/webm) ──────────────────────────────────────────────────────────────
    test-results/customer-behavior-Services-ddda9-nd-service-section-headings-mobile-chrome/video.webm
    ────────────────────────────────────────────────────────────────────────────────────────────────

    Error Context: test-results/customer-behavior-Services-ddda9-nd-service-section-headings-mobile-chrome/error-context.md

    Retry #1 ───────────────────────────────────────────────────────────────────────────────────────

    Error: page.goto: net::ERR_CONNECTION_REFUSED at http://localhost:4000/services
    Call log:
      - navigating to "http://localhost:4000/services", waiting until "load"


      81 | test.describe("Services page", () => {
      82 |   test("renders h1 and service section headings", async ({ page }) => {
    > 83 |     await page.goto("/services");
         |                ^
      84 |     await expect(page.getByRole("heading", { level: 1 })).toBeVisible();
      85 |     const h2s = page.getByRole("heading", { level: 2 });
      86 |     await expect(h2s.first()).toBeVisible();
        at /home/tbaltzakis/cloudless.gr/e2e/customer-behavior.spec.ts:83:16

    attachment #1: screenshot (image/png) ──────────────────────────────────────────────────────────
    test-results/customer-behavior-Services-ddda9-nd-service-section-headings-mobile-chrome-retry1/test-failed-1.png
    ────────────────────────────────────────────────────────────────────────────────────────────────

    attachment #2: video (video/webm) ──────────────────────────────────────────────────────────────
    test-results/customer-behavior-Services-ddda9-nd-service-section-headings-mobile-chrome-retry1/video.webm
    ────────────────────────────────────────────────────────────────────────────────────────────────

    Error Context: test-results/customer-behavior-Services-ddda9-nd-service-section-headings-mobile-chrome-retry1/error-context.md

    attachment #4: trace (application/zip) ─────────────────────────────────────────────────────────
    test-results/customer-behavior-Services-ddda9-nd-service-section-headings-mobile-chrome-retry1/trace.zip
    Usage:

        npx playwright show-trace test-results/customer-behavior-Services-ddda9-nd-service-section-headings-mobile-chrome-retry1/trace.zip

    ────────────────────────────────────────────────────────────────────────────────────────────────

  1348) [mobile-chrome] › e2e/customer-behavior.spec.ts:89:7 › Services page › has a contact / book a call CTA 

    Error: page.goto: net::ERR_CONNECTION_REFUSED at http://localhost:4000/services
    Call log:
      - navigating to "http://localhost:4000/services", waiting until "load"


      88 |
      89 |   test("has a contact / book a call CTA", async ({ page }) => {
    > 90 |     await page.goto("/services");
         |                ^
      91 |     await page.waitForLoadState("networkidle");
      92 |     const cta = page.getByRole("link", { name: /contact|book|get started|schedule|consult/i }).first();
      93 |     await cta.scrollIntoViewIfNeeded();
        at /home/tbaltzakis/cloudless.gr/e2e/customer-behavior.spec.ts:90:16

    attachment #1: screenshot (image/png) ──────────────────────────────────────────────────────────
    test-results/customer-behavior-Services-c70da-s-a-contact-book-a-call-CTA-mobile-chrome/test-failed-1.png
    ────────────────────────────────────────────────────────────────────────────────────────────────

    attachment #2: video (video/webm) ──────────────────────────────────────────────────────────────
    test-results/customer-behavior-Services-c70da-s-a-contact-book-a-call-CTA-mobile-chrome/video.webm
    ────────────────────────────────────────────────────────────────────────────────────────────────

    Error Context: test-results/customer-behavior-Services-c70da-s-a-contact-book-a-call-CTA-mobile-chrome/error-context.md

    Retry #1 ───────────────────────────────────────────────────────────────────────────────────────

    Error: page.goto: net::ERR_CONNECTION_REFUSED at http://localhost:4000/services
    Call log:
      - navigating to "http://localhost:4000/services", waiting until "load"


      88 |
      89 |   test("has a contact / book a call CTA", async ({ page }) => {
    > 90 |     await page.goto("/services");
         |                ^
      91 |     await page.waitForLoadState("networkidle");
      92 |     const cta = page.getByRole("link", { name: /contact|book|get started|schedule|consult/i }).first();
      93 |     await cta.scrollIntoViewIfNeeded();
        at /home/tbaltzakis/cloudless.gr/e2e/customer-behavior.spec.ts:90:16

    attachment #1: screenshot (image/png) ──────────────────────────────────────────────────────────
    test-results/customer-behavior-Services-c70da-s-a-contact-book-a-call-CTA-mobile-chrome-retry1/test-failed-1.png
    ────────────────────────────────────────────────────────────────────────────────────────────────

    attachment #2: video (video/webm) ──────────────────────────────────────────────────────────────
    test-results/customer-behavior-Services-c70da-s-a-contact-book-a-call-CTA-mobile-chrome-retry1/video.webm
    ────────────────────────────────────────────────────────────────────────────────────────────────

    Error Context: test-results/customer-behavior-Services-c70da-s-a-contact-book-a-call-CTA-mobile-chrome-retry1/error-context.md

    attachment #4: trace (application/zip) ─────────────────────────────────────────────────────────
    test-results/customer-behavior-Services-c70da-s-a-contact-book-a-call-CTA-mobile-chrome-retry1/trace.zip
    Usage:

        npx playwright show-trace test-results/customer-behavior-Services-c70da-s-a-contact-book-a-call-CTA-mobile-chrome-retry1/trace.zip

    ────────────────────────────────────────────────────────────────────────────────────────────────

  1349) [mobile-chrome] › e2e/customer-behavior.spec.ts:97:7 › Services page › CTA links to contact or auth 

    Error: page.goto: net::ERR_CONNECTION_REFUSED at http://localhost:4000/services
    Call log:
      - navigating to "http://localhost:4000/services", waiting until "load"


       96 |
       97 |   test("CTA links to contact or auth", async ({ page }) => {
    >  98 |     await page.goto("/services");
          |                ^
       99 |     const cta = page.getByRole("link", { name: /contact|book|get started|schedule|consult/i }).first();
      100 |     const href = await cta.getAttribute("href");
      101 |     expect(href).toMatch(/contact|auth|signup|login/i);
        at /home/tbaltzakis/cloudless.gr/e2e/customer-behavior.spec.ts:98:16

    attachment #1: screenshot (image/png) ──────────────────────────────────────────────────────────
    test-results/customer-behavior-Services-page-CTA-links-to-contact-or-auth-mobile-chrome/test-failed-1.png
    ────────────────────────────────────────────────────────────────────────────────────────────────

    attachment #2: video (video/webm) ──────────────────────────────────────────────────────────────
    test-results/customer-behavior-Services-page-CTA-links-to-contact-or-auth-mobile-chrome/video.webm
    ────────────────────────────────────────────────────────────────────────────────────────────────

    Error Context: test-results/customer-behavior-Services-page-CTA-links-to-contact-or-auth-mobile-chrome/error-context.md

    Retry #1 ───────────────────────────────────────────────────────────────────────────────────────

    Error: page.goto: net::ERR_CONNECTION_REFUSED at http://localhost:4000/services
    Call log:
      - navigating to "http://localhost:4000/services", waiting until "load"


       96 |
       97 |   test("CTA links to contact or auth", async ({ page }) => {
    >  98 |     await page.goto("/services");
          |                ^
       99 |     const cta = page.getByRole("link", { name: /contact|book|get started|schedule|consult/i }).first();
      100 |     const href = await cta.getAttribute("href");
      101 |     expect(href).toMatch(/contact|auth|signup|login/i);
        at /home/tbaltzakis/cloudless.gr/e2e/customer-behavior.spec.ts:98:16

    attachment #1: screenshot (image/png) ──────────────────────────────────────────────────────────
    test-results/customer-behavior-Services-page-CTA-links-to-contact-or-auth-mobile-chrome-retry1/test-failed-1.png
    ────────────────────────────────────────────────────────────────────────────────────────────────

    attachment #2: video (video/webm) ──────────────────────────────────────────────────────────────
    test-results/customer-behavior-Services-page-CTA-links-to-contact-or-auth-mobile-chrome-retry1/video.webm
    ────────────────────────────────────────────────────────────────────────────────────────────────

    Error Context: test-results/customer-behavior-Services-page-CTA-links-to-contact-or-auth-mobile-chrome-retry1/error-context.md

    attachment #4: trace (application/zip) ─────────────────────────────────────────────────────────
    test-results/customer-behavior-Services-page-CTA-links-to-contact-or-auth-mobile-chrome-retry1/trace.zip
    Usage:

        npx playwright show-trace test-results/customer-behavior-Services-page-CTA-links-to-contact-or-auth-mobile-chrome-retry1/trace.zip

    ────────────────────────────────────────────────────────────────────────────────────────────────

  1350) [mobile-chrome] › e2e/customer-behavior.spec.ts:108:7 › Store – product listing › renders h1 

    Error: page.goto: net::ERR_CONNECTION_REFUSED at http://localhost:4000/store
    Call log:
      - navigating to "http://localhost:4000/store", waiting until "load"


      107 | test.describe("Store – product listing", () => {
      108 |   test("renders h1", async ({ page }) => {
    > 109 |     await page.goto("/store");
          |                ^
      110 |     await expect(page.getByRole("heading", { level: 1 })).toBeVisible();
      111 |   });
      112 |
        at /home/tbaltzakis/cloudless.gr/e2e/customer-behavior.spec.ts:109:16

    attachment #1: screenshot (image/png) ──────────────────────────────────────────────────────────
    test-results/customer-behavior-Store-–-product-listing-renders-h1-mobile-chrome/test-failed-1.png
    ────────────────────────────────────────────────────────────────────────────────────────────────

    attachment #2: video (video/webm) ──────────────────────────────────────────────────────────────
    test-results/customer-behavior-Store-–-product-listing-renders-h1-mobile-chrome/video.webm
    ────────────────────────────────────────────────────────────────────────────────────────────────

    Error Context: test-results/customer-behavior-Store-–-product-listing-renders-h1-mobile-chrome/error-context.md

    Retry #1 ───────────────────────────────────────────────────────────────────────────────────────

    Error: page.goto: net::ERR_CONNECTION_REFUSED at http://localhost:4000/store
    Call log:
      - navigating to "http://localhost:4000/store", waiting until "load"


      107 | test.describe("Store – product listing", () => {
      108 |   test("renders h1", async ({ page }) => {
    > 109 |     await page.goto("/store");
          |                ^
      110 |     await expect(page.getByRole("heading", { level: 1 })).toBeVisible();
      111 |   });
      112 |
        at /home/tbaltzakis/cloudless.gr/e2e/customer-behavior.spec.ts:109:16

    attachment #1: screenshot (image/png) ──────────────────────────────────────────────────────────
    test-results/customer-behavior-Store-–-product-listing-renders-h1-mobile-chrome-retry1/test-failed-1.png
    ────────────────────────────────────────────────────────────────────────────────────────────────

    attachment #2: video (video/webm) ──────────────────────────────────────────────────────────────
    test-results/customer-behavior-Store-–-product-listing-renders-h1-mobile-chrome-retry1/video.webm
    ────────────────────────────────────────────────────────────────────────────────────────────────

    Error Context: test-results/customer-behavior-Store-–-product-listing-renders-h1-mobile-chrome-retry1/error-context.md

    attachment #4: trace (application/zip) ─────────────────────────────────────────────────────────
    test-results/customer-behavior-Store-–-product-listing-renders-h1-mobile-chrome-retry1/trace.zip
    Usage:

        npx playwright show-trace test-results/customer-behavior-Store-–-product-listing-renders-h1-mobile-chrome-retry1/trace.zip

    ────────────────────────────────────────────────────────────────────────────────────────────────

  1351) [mobile-chrome] › e2e/customer-behavior.spec.ts:113:7 › Store – product listing › shows at least one product with a price 

    Error: page.goto: net::ERR_CONNECTION_REFUSED at http://localhost:4000/store
    Call log:
      - navigating to "http://localhost:4000/store", waiting until "load"


      112 |
      113 |   test("shows at least one product with a price", async ({ page }) => {
    > 114 |     await page.goto("/store");
          |                ^
      115 |     // Price elements contain currency symbol
      116 |     await expect(page.locator("text=/€|\\$|EUR/").first()).toBeVisible();
      117 |   });
        at /home/tbaltzakis/cloudless.gr/e2e/customer-behavior.spec.ts:114:16

    attachment #1: screenshot (image/png) ──────────────────────────────────────────────────────────
    test-results/customer-behavior-Store-–--58b5f-st-one-product-with-a-price-mobile-chrome/test-failed-1.png
    ────────────────────────────────────────────────────────────────────────────────────────────────

    attachment #2: video (video/webm) ──────────────────────────────────────────────────────────────
    test-results/customer-behavior-Store-–--58b5f-st-one-product-with-a-price-mobile-chrome/video.webm
    ────────────────────────────────────────────────────────────────────────────────────────────────

    Error Context: test-results/customer-behavior-Store-–--58b5f-st-one-product-with-a-price-mobile-chrome/error-context.md

    Retry #1 ───────────────────────────────────────────────────────────────────────────────────────

    Error: page.goto: net::ERR_CONNECTION_REFUSED at http://localhost:4000/store
    Call log:
      - navigating to "http://localhost:4000/store", waiting until "load"


      112 |
      113 |   test("shows at least one product with a price", async ({ page }) => {
    > 114 |     await page.goto("/store");
          |                ^
      115 |     // Price elements contain currency symbol
      116 |     await expect(page.locator("text=/€|\\$|EUR/").first()).toBeVisible();
      117 |   });
        at /home/tbaltzakis/cloudless.gr/e2e/customer-behavior.spec.ts:114:16

    attachment #1: screenshot (image/png) ──────────────────────────────────────────────────────────
    test-results/customer-behavior-Store-–--58b5f-st-one-product-with-a-price-mobile-chrome-retry1/test-failed-1.png
    ────────────────────────────────────────────────────────────────────────────────────────────────

    attachment #2: video (video/webm) ──────────────────────────────────────────────────────────────
    test-results/customer-behavior-Store-–--58b5f-st-one-product-with-a-price-mobile-chrome-retry1/video.webm
    ────────────────────────────────────────────────────────────────────────────────────────────────

    Error Context: test-results/customer-behavior-Store-–--58b5f-st-one-product-with-a-price-mobile-chrome-retry1/error-context.md

    attachment #4: trace (application/zip) ─────────────────────────────────────────────────────────
    test-results/customer-behavior-Store-–--58b5f-st-one-product-with-a-price-mobile-chrome-retry1/trace.zip
    Usage:

        npx playwright show-trace test-results/customer-behavior-Store-–--58b5f-st-one-product-with-a-price-mobile-chrome-retry1/trace.zip

    ────────────────────────────────────────────────────────────────────────────────────────────────

  1352) [mobile-chrome] › e2e/customer-behavior.spec.ts:119:7 › Store – product listing › clicking a product card navigates to product detail 

    Error: page.goto: net::ERR_CONNECTION_REFUSED at http://localhost:4000/store
    Call log:
      - navigating to "http://localhost:4000/store", waiting until "load"


      118 |
      119 |   test("clicking a product card navigates to product detail", async ({ page }) => {
    > 120 |     await page.goto("/store");
          |                ^
      121 |     // Find a link that goes to /store/<id>
      122 |     const links = await page.getByRole("link").all();
      123 |     let productHref: string | null = null;
        at /home/tbaltzakis/cloudless.gr/e2e/customer-behavior.spec.ts:120:16

    attachment #1: screenshot (image/png) ──────────────────────────────────────────────────────────
    test-results/customer-behavior-Store-–--8da2e-navigates-to-product-detail-mobile-chrome/test-failed-1.png
    ────────────────────────────────────────────────────────────────────────────────────────────────

    attachment #2: video (video/webm) ──────────────────────────────────────────────────────────────
    test-results/customer-behavior-Store-–--8da2e-navigates-to-product-detail-mobile-chrome/video.webm
    ────────────────────────────────────────────────────────────────────────────────────────────────

    Error Context: test-results/customer-behavior-Store-–--8da2e-navigates-to-product-detail-mobile-chrome/error-context.md

    Retry #1 ───────────────────────────────────────────────────────────────────────────────────────

    Error: page.goto: net::ERR_CONNECTION_REFUSED at http://localhost:4000/store
    Call log:
      - navigating to "http://localhost:4000/store", waiting until "load"


      118 |
      119 |   test("clicking a product card navigates to product detail", async ({ page }) => {
    > 120 |     await page.goto("/store");
          |                ^
      121 |     // Find a link that goes to /store/<id>
      122 |     const links = await page.getByRole("link").all();
      123 |     let productHref: string | null = null;
        at /home/tbaltzakis/cloudless.gr/e2e/customer-behavior.spec.ts:120:16

    attachment #1: screenshot (image/png) ──────────────────────────────────────────────────────────
    test-results/customer-behavior-Store-–--8da2e-navigates-to-product-detail-mobile-chrome-retry1/test-failed-1.png
    ────────────────────────────────────────────────────────────────────────────────────────────────

    attachment #2: video (video/webm) ──────────────────────────────────────────────────────────────
    test-results/customer-behavior-Store-–--8da2e-navigates-to-product-detail-mobile-chrome-retry1/video.webm
    ────────────────────────────────────────────────────────────────────────────────────────────────

    Error Context: test-results/customer-behavior-Store-–--8da2e-navigates-to-product-detail-mobile-chrome-retry1/error-context.md

    attachment #4: trace (application/zip) ─────────────────────────────────────────────────────────
    test-results/customer-behavior-Store-–--8da2e-navigates-to-product-detail-mobile-chrome-retry1/trace.zip
    Usage:

        npx playwright show-trace test-results/customer-behavior-Store-–--8da2e-navigates-to-product-detail-mobile-chrome-retry1/trace.zip

    ────────────────────────────────────────────────────────────────────────────────────────────────

  1353) [mobile-chrome] › e2e/customer-behavior.spec.ts:141:7 › Store – product detail › Cloud Architecture Audit shows name, price, and add-to-cart button 

    Error: page.goto: net::ERR_CONNECTION_REFUSED at http://localhost:4000/store/srv-cloud
    Call log:
      - navigating to "http://localhost:4000/store/srv-cloud", waiting until "load"


      140 | test.describe("Store – product detail", () => {
      141 |   test("Cloud Architecture Audit shows name, price, and add-to-cart button", async ({ page }) => {
    > 142 |     await page.goto("/store/srv-cloud");
          |                ^
      143 |     await expect(page.getByRole("heading", { level: 1 })).toContainText(/cloud architecture audit/i);
      144 |     await expect(page.locator("text=/€|\\$|EUR/").first()).toBeVisible();
      145 |     await expect(page.getByRole("button", { name: /add to cart|buy|order/i })).toBeVisible();
        at /home/tbaltzakis/cloudless.gr/e2e/customer-behavior.spec.ts:142:16

    attachment #1: screenshot (image/png) ──────────────────────────────────────────────────────────
    test-results/customer-behavior-Store-–--e8c35-rice-and-add-to-cart-button-mobile-chrome/test-failed-1.png
    ────────────────────────────────────────────────────────────────────────────────────────────────

    attachment #2: video (video/webm) ──────────────────────────────────────────────────────────────
    test-results/customer-behavior-Store-–--e8c35-rice-and-add-to-cart-button-mobile-chrome/video.webm
    ────────────────────────────────────────────────────────────────────────────────────────────────

    Error Context: test-results/customer-behavior-Store-–--e8c35-rice-and-add-to-cart-button-mobile-chrome/error-context.md

    Retry #1 ───────────────────────────────────────────────────────────────────────────────────────

    Error: page.goto: net::ERR_CONNECTION_REFUSED at http://localhost:4000/store/srv-cloud
    Call log:
      - navigating to "http://localhost:4000/store/srv-cloud", waiting until "load"


      140 | test.describe("Store – product detail", () => {
      141 |   test("Cloud Architecture Audit shows name, price, and add-to-cart button", async ({ page }) => {
    > 142 |     await page.goto("/store/srv-cloud");
          |                ^
      143 |     await expect(page.getByRole("heading", { level: 1 })).toContainText(/cloud architecture audit/i);
      144 |     await expect(page.locator("text=/€|\\$|EUR/").first()).toBeVisible();
      145 |     await expect(page.getByRole("button", { name: /add to cart|buy|order/i })).toBeVisible();
        at /home/tbaltzakis/cloudless.gr/e2e/customer-behavior.spec.ts:142:16

    attachment #1: screenshot (image/png) ──────────────────────────────────────────────────────────
    test-results/customer-behavior-Store-–--e8c35-rice-and-add-to-cart-button-mobile-chrome-retry1/test-failed-1.png
    ────────────────────────────────────────────────────────────────────────────────────────────────

    attachment #2: video (video/webm) ──────────────────────────────────────────────────────────────
    test-results/customer-behavior-Store-–--e8c35-rice-and-add-to-cart-button-mobile-chrome-retry1/video.webm
    ────────────────────────────────────────────────────────────────────────────────────────────────

    Error Context: test-results/customer-behavior-Store-–--e8c35-rice-and-add-to-cart-button-mobile-chrome-retry1/error-context.md

    attachment #4: trace (application/zip) ─────────────────────────────────────────────────────────
    test-results/customer-behavior-Store-–--e8c35-rice-and-add-to-cart-button-mobile-chrome-retry1/trace.zip
    Usage:

        npx playwright show-trace test-results/customer-behavior-Store-–--e8c35-rice-and-add-to-cart-button-mobile-chrome-retry1/trace.zip

    ────────────────────────────────────────────────────────────────────────────────────────────────

  1354) [mobile-chrome] › e2e/customer-behavior.spec.ts:148:7 › Store – product detail › digital product detail renders correctly 

    Error: page.goto: net::ERR_CONNECTION_REFUSED at http://localhost:4000/store/dig-cloud-playbook
    Call log:
      - navigating to "http://localhost:4000/store/dig-cloud-playbook", waiting until "load"


      147 |
      148 |   test("digital product detail renders correctly", async ({ page }) => {
    > 149 |     await page.goto("/store/dig-cloud-playbook");
          |                ^
      150 |     await expect(page.getByRole("heading", { level: 1 })).toContainText(/playbook/i);
      151 |     await expect(page.getByRole("button", { name: /add to cart|buy/i })).toBeVisible();
      152 |   });
        at /home/tbaltzakis/cloudless.gr/e2e/customer-behavior.spec.ts:149:16

    attachment #1: screenshot (image/png) ──────────────────────────────────────────────────────────
    test-results/customer-behavior-Store-–--c4f0d-ct-detail-renders-correctly-mobile-chrome/test-failed-1.png
    ────────────────────────────────────────────────────────────────────────────────────────────────

    attachment #2: video (video/webm) ──────────────────────────────────────────────────────────────
    test-results/customer-behavior-Store-–--c4f0d-ct-detail-renders-correctly-mobile-chrome/video.webm
    ────────────────────────────────────────────────────────────────────────────────────────────────

    Error Context: test-results/customer-behavior-Store-–--c4f0d-ct-detail-renders-correctly-mobile-chrome/error-context.md

    Retry #1 ───────────────────────────────────────────────────────────────────────────────────────

    Error: page.goto: net::ERR_CONNECTION_REFUSED at http://localhost:4000/store/dig-cloud-playbook
    Call log:
      - navigating to "http://localhost:4000/store/dig-cloud-playbook", waiting until "load"


      147 |
      148 |   test("digital product detail renders correctly", async ({ page }) => {
    > 149 |     await page.goto("/store/dig-cloud-playbook");
          |                ^
      150 |     await expect(page.getByRole("heading", { level: 1 })).toContainText(/playbook/i);
      151 |     await expect(page.getByRole("button", { name: /add to cart|buy/i })).toBeVisible();
      152 |   });
        at /home/tbaltzakis/cloudless.gr/e2e/customer-behavior.spec.ts:149:16

    attachment #1: screenshot (image/png) ──────────────────────────────────────────────────────────
    test-results/customer-behavior-Store-–--c4f0d-ct-detail-renders-correctly-mobile-chrome-retry1/test-failed-1.png
    ────────────────────────────────────────────────────────────────────────────────────────────────

    attachment #2: video (video/webm) ──────────────────────────────────────────────────────────────
    test-results/customer-behavior-Store-–--c4f0d-ct-detail-renders-correctly-mobile-chrome-retry1/video.webm
    ────────────────────────────────────────────────────────────────────────────────────────────────

    Error Context: test-results/customer-behavior-Store-–--c4f0d-ct-detail-renders-correctly-mobile-chrome-retry1/error-context.md

    attachment #4: trace (application/zip) ─────────────────────────────────────────────────────────
    test-results/customer-behavior-Store-–--c4f0d-ct-detail-renders-correctly-mobile-chrome-retry1/trace.zip
    Usage:

        npx playwright show-trace test-results/customer-behavior-Store-–--c4f0d-ct-detail-renders-correctly-mobile-chrome-retry1/trace.zip

    ────────────────────────────────────────────────────────────────────────────────────────────────

  1355) [mobile-chrome] › e2e/customer-behavior.spec.ts:163:7 › Store – product detail › related products section is rendered 

    Error: page.goto: net::ERR_CONNECTION_REFUSED at http://localhost:4000/store/srv-cloud
    Call log:
      - navigating to "http://localhost:4000/store/srv-cloud", waiting until "load"


      162 |
      163 |   test("related products section is rendered", async ({ page }) => {
    > 164 |     await page.goto("/store/srv-cloud");
          |                ^
      165 |     const related = page.getByText(/related|you may also|more products/i).first();
      166 |     await expect(related).toBeVisible();
      167 |   });
        at /home/tbaltzakis/cloudless.gr/e2e/customer-behavior.spec.ts:164:16

    attachment #1: screenshot (image/png) ──────────────────────────────────────────────────────────
    test-results/customer-behavior-Store-–--66483-roducts-section-is-rendered-mobile-chrome/test-failed-1.png
    ────────────────────────────────────────────────────────────────────────────────────────────────

    attachment #2: video (video/webm) ──────────────────────────────────────────────────────────────
    test-results/customer-behavior-Store-–--66483-roducts-section-is-rendered-mobile-chrome/video.webm
    ────────────────────────────────────────────────────────────────────────────────────────────────

    Error Context: test-results/customer-behavior-Store-–--66483-roducts-section-is-rendered-mobile-chrome/error-context.md

    Retry #1 ───────────────────────────────────────────────────────────────────────────────────────

    Error: page.goto: net::ERR_CONNECTION_REFUSED at http://localhost:4000/store/srv-cloud
    Call log:
      - navigating to "http://localhost:4000/store/srv-cloud", waiting until "load"


      162 |
      163 |   test("related products section is rendered", async ({ page }) => {
    > 164 |     await page.goto("/store/srv-cloud");
          |                ^
      165 |     const related = page.getByText(/related|you may also|more products/i).first();
      166 |     await expect(related).toBeVisible();
      167 |   });
        at /home/tbaltzakis/cloudless.gr/e2e/customer-behavior.spec.ts:164:16

    attachment #1: screenshot (image/png) ──────────────────────────────────────────────────────────
    test-results/customer-behavior-Store-–--66483-roducts-section-is-rendered-mobile-chrome-retry1/test-failed-1.png
    ────────────────────────────────────────────────────────────────────────────────────────────────

    attachment #2: video (video/webm) ──────────────────────────────────────────────────────────────
    test-results/customer-behavior-Store-–--66483-roducts-section-is-rendered-mobile-chrome-retry1/video.webm
    ────────────────────────────────────────────────────────────────────────────────────────────────

    Error Context: test-results/customer-behavior-Store-–--66483-roducts-section-is-rendered-mobile-chrome-retry1/error-context.md

    attachment #4: trace (application/zip) ─────────────────────────────────────────────────────────
    test-results/customer-behavior-Store-–--66483-roducts-section-is-rendered-mobile-chrome-retry1/trace.zip
    Usage:

        npx playwright show-trace test-results/customer-behavior-Store-–--66483-roducts-section-is-rendered-mobile-chrome-retry1/trace.zip

    ────────────────────────────────────────────────────────────────────────────────────────────────

  1356) [mobile-chrome] › e2e/customer-behavior.spec.ts:169:7 › Store – product detail › non-existent product ID renders a not-found page 

    Error: page.goto: net::ERR_CONNECTION_REFUSED at http://localhost:4000/store/this-product-xyz-does-not-exist
    Call log:
      - navigating to "http://localhost:4000/store/this-product-xyz-does-not-exist", waiting until "load"


      168 |
      169 |   test("non-existent product ID renders a not-found page", async ({ page }) => {
    > 170 |     const res = await page.goto("/store/this-product-xyz-does-not-exist");
          |                            ^
      171 |     // Next.js notFound() → 404; dev mode may return 200 with error UI
      172 |     expect(res?.status()).not.toBe(500);
      173 |     const body = await page.locator("body").textContent();
        at /home/tbaltzakis/cloudless.gr/e2e/customer-behavior.spec.ts:170:28

    attachment #1: screenshot (image/png) ──────────────────────────────────────────────────────────
    test-results/customer-behavior-Store-–--3d055-ID-renders-a-not-found-page-mobile-chrome/test-failed-1.png
    ────────────────────────────────────────────────────────────────────────────────────────────────

    attachment #2: video (video/webm) ──────────────────────────────────────────────────────────────
    test-results/customer-behavior-Store-–--3d055-ID-renders-a-not-found-page-mobile-chrome/video.webm
    ────────────────────────────────────────────────────────────────────────────────────────────────

    Error Context: test-results/customer-behavior-Store-–--3d055-ID-renders-a-not-found-page-mobile-chrome/error-context.md

    Retry #1 ───────────────────────────────────────────────────────────────────────────────────────

    Error: page.goto: net::ERR_CONNECTION_REFUSED at http://localhost:4000/store/this-product-xyz-does-not-exist
    Call log:
      - navigating to "http://localhost:4000/store/this-product-xyz-does-not-exist", waiting until "load"


      168 |
      169 |   test("non-existent product ID renders a not-found page", async ({ page }) => {
    > 170 |     const res = await page.goto("/store/this-product-xyz-does-not-exist");
          |                            ^
      171 |     // Next.js notFound() → 404; dev mode may return 200 with error UI
      172 |     expect(res?.status()).not.toBe(500);
      173 |     const body = await page.locator("body").textContent();
        at /home/tbaltzakis/cloudless.gr/e2e/customer-behavior.spec.ts:170:28

    attachment #1: screenshot (image/png) ──────────────────────────────────────────────────────────
    test-results/customer-behavior-Store-–--3d055-ID-renders-a-not-found-page-mobile-chrome-retry1/test-failed-1.png
    ────────────────────────────────────────────────────────────────────────────────────────────────

    attachment #2: video (video/webm) ──────────────────────────────────────────────────────────────
    test-results/customer-behavior-Store-–--3d055-ID-renders-a-not-found-page-mobile-chrome-retry1/video.webm
    ────────────────────────────────────────────────────────────────────────────────────────────────

    Error Context: test-results/customer-behavior-Store-–--3d055-ID-renders-a-not-found-page-mobile-chrome-retry1/error-context.md

    attachment #4: trace (application/zip) ─────────────────────────────────────────────────────────
    test-results/customer-behavior-Store-–--3d055-ID-renders-a-not-found-page-mobile-chrome-retry1/trace.zip
    Usage:

        npx playwright show-trace test-results/customer-behavior-Store-–--3d055-ID-renders-a-not-found-page-mobile-chrome-retry1/trace.zip

    ────────────────────────────────────────────────────────────────────────────────────────────────

  1357) [mobile-chrome] › e2e/customer-behavior.spec.ts:184:7 › Store – checkout API › POST /api/checkout without productId returns 4xx 

    Error: apiRequestContext.post: connect ECONNREFUSED ::1:4000
    Call log:
      - → POST http://localhost:4000/api/checkout
        - user-agent: Mozilla/5.0 (Linux; Android 14; Pixel 7) AppleWebKit/537.36 (KHTML, like Gecko) Chrome/151.0.7922.34 Mobile Safari/537.36
        - accept: */*
        - accept-encoding: gzip,deflate,br
        - content-type: application/json
        - content-length: 2

        at apiRequestContext.post: connect ECONNREFUSED ::1:4000
        at /home/tbaltzakis/cloudless.gr/e2e/customer-behavior.spec.ts:185:31

    Error Context: test-results/customer-behavior-Store-–--0c8ac-thout-productId-returns-4xx-mobile-chrome/error-context.md

    Retry #1 ───────────────────────────────────────────────────────────────────────────────────────

    Error: apiRequestContext.post: connect ECONNREFUSED ::1:4000
    Call log:
      - → POST http://localhost:4000/api/checkout
        - user-agent: Mozilla/5.0 (Linux; Android 14; Pixel 7) AppleWebKit/537.36 (KHTML, like Gecko) Chrome/151.0.7922.34 Mobile Safari/537.36
        - accept: */*
        - accept-encoding: gzip,deflate,br
        - content-type: application/json
        - content-length: 2

        at apiRequestContext.post: connect ECONNREFUSED ::1:4000
        at /home/tbaltzakis/cloudless.gr/e2e/customer-behavior.spec.ts:185:31

    Error Context: test-results/customer-behavior-Store-–--0c8ac-thout-productId-returns-4xx-mobile-chrome-retry1/error-context.md

    attachment #2: trace (application/zip) ─────────────────────────────────────────────────────────
    test-results/customer-behavior-Store-–--0c8ac-thout-productId-returns-4xx-mobile-chrome-retry1/trace.zip
    Usage:

        npx playwright show-trace test-results/customer-behavior-Store-–--0c8ac-thout-productId-returns-4xx-mobile-chrome-retry1/trace.zip

    ────────────────────────────────────────────────────────────────────────────────────────────────

  1358) [mobile-chrome] › e2e/customer-behavior.spec.ts:190:7 › Store – checkout API › POST /api/checkout with unknown productId returns 4xx 

    Error: apiRequestContext.post: connect ECONNREFUSED ::1:4000
    Call log:
      - → POST http://localhost:4000/api/checkout
        - user-agent: Mozilla/5.0 (Linux; Android 14; Pixel 7) AppleWebKit/537.36 (KHTML, like Gecko) Chrome/151.0.7922.34 Mobile Safari/537.36
        - accept: */*
        - accept-encoding: gzip,deflate,br
        - content-type: application/json
        - content-length: 52

        at apiRequestContext.post: connect ECONNREFUSED ::1:4000
        at /home/tbaltzakis/cloudless.gr/e2e/customer-behavior.spec.ts:191:31

    Error Context: test-results/customer-behavior-Store-–--0d6ea-known-productId-returns-4xx-mobile-chrome/error-context.md

    Retry #1 ───────────────────────────────────────────────────────────────────────────────────────

    Error: apiRequestContext.post: connect ECONNREFUSED ::1:4000
    Call log:
      - → POST http://localhost:4000/api/checkout
        - user-agent: Mozilla/5.0 (Linux; Android 14; Pixel 7) AppleWebKit/537.36 (KHTML, like Gecko) Chrome/151.0.7922.34 Mobile Safari/537.36
        - accept: */*
        - accept-encoding: gzip,deflate,br
        - content-type: application/json
        - content-length: 52

        at apiRequestContext.post: connect ECONNREFUSED ::1:4000
        at /home/tbaltzakis/cloudless.gr/e2e/customer-behavior.spec.ts:191:31

    Error Context: test-results/customer-behavior-Store-–--0d6ea-known-productId-returns-4xx-mobile-chrome-retry1/error-context.md

    attachment #2: trace (application/zip) ─────────────────────────────────────────────────────────
    test-results/customer-behavior-Store-–--0d6ea-known-productId-returns-4xx-mobile-chrome-retry1/trace.zip
    Usage:

        npx playwright show-trace test-results/customer-behavior-Store-–--0d6ea-known-productId-returns-4xx-mobile-chrome-retry1/trace.zip

    ────────────────────────────────────────────────────────────────────────────────────────────────

  1359) [mobile-chrome] › e2e/customer-behavior.spec.ts:201:7 › Order success page › renders a confirmation heading 

    Error: page.goto: net::ERR_CONNECTION_REFUSED at http://localhost:4000/store/success
    Call log:
      - navigating to "http://localhost:4000/store/success", waiting until "load"


      200 | test.describe("Order success page", () => {
      201 |   test("renders a confirmation heading", async ({ page }) => {
    > 202 |     await page.goto("/store/success");
          |                ^
      203 |     await page.waitForLoadState("networkidle");
      204 |     await expect(page.getByRole("heading", { level: 1 })).toBeVisible({ timeout: 10000 });
      205 |   });
        at /home/tbaltzakis/cloudless.gr/e2e/customer-behavior.spec.ts:202:16

    attachment #1: screenshot (image/png) ──────────────────────────────────────────────────────────
    test-results/customer-behavior-Order-su-2525f-ders-a-confirmation-heading-mobile-chrome/test-failed-1.png
    ────────────────────────────────────────────────────────────────────────────────────────────────

    attachment #2: video (video/webm) ──────────────────────────────────────────────────────────────
    test-results/customer-behavior-Order-su-2525f-ders-a-confirmation-heading-mobile-chrome/video.webm
    ────────────────────────────────────────────────────────────────────────────────────────────────

    Error Context: test-results/customer-behavior-Order-su-2525f-ders-a-confirmation-heading-mobile-chrome/error-context.md

    Retry #1 ───────────────────────────────────────────────────────────────────────────────────────

    Error: page.goto: net::ERR_CONNECTION_REFUSED at http://localhost:4000/store/success
    Call log:
      - navigating to "http://localhost:4000/store/success", waiting until "load"


      200 | test.describe("Order success page", () => {
      201 |   test("renders a confirmation heading", async ({ page }) => {
    > 202 |     await page.goto("/store/success");
          |                ^
      203 |     await page.waitForLoadState("networkidle");
      204 |     await expect(page.getByRole("heading", { level: 1 })).toBeVisible({ timeout: 10000 });
      205 |   });
        at /home/tbaltzakis/cloudless.gr/e2e/customer-behavior.spec.ts:202:16

    attachment #1: screenshot (image/png) ──────────────────────────────────────────────────────────
    test-results/customer-behavior-Order-su-2525f-ders-a-confirmation-heading-mobile-chrome-retry1/test-failed-1.png
    ────────────────────────────────────────────────────────────────────────────────────────────────

    attachment #2: video (video/webm) ──────────────────────────────────────────────────────────────
    test-results/customer-behavior-Order-su-2525f-ders-a-confirmation-heading-mobile-chrome-retry1/video.webm
    ────────────────────────────────────────────────────────────────────────────────────────────────

    Error Context: test-results/customer-behavior-Order-su-2525f-ders-a-confirmation-heading-mobile-chrome-retry1/error-context.md

    attachment #4: trace (application/zip) ─────────────────────────────────────────────────────────
    test-results/customer-behavior-Order-su-2525f-ders-a-confirmation-heading-mobile-chrome-retry1/trace.zip
    Usage:

        npx playwright show-trace test-results/customer-behavior-Order-su-2525f-ders-a-confirmation-heading-mobile-chrome-retry1/trace.zip

    ────────────────────────────────────────────────────────────────────────────────────────────────

  1360) [mobile-chrome] › e2e/customer-behavior.spec.ts:207:7 › Order success page › has a link back to store or home 

    Error: page.goto: net::ERR_CONNECTION_REFUSED at http://localhost:4000/store/success
    Call log:
      - navigating to "http://localhost:4000/store/success", waiting until "load"


      206 |
      207 |   test("has a link back to store or home", async ({ page }) => {
    > 208 |     await page.goto("/store/success");
          |                ^
      209 |     await page.waitForLoadState("networkidle");
      210 |     const link = page.getByRole("link", { name: /store|home|continue|explore/i }).first();
      211 |     await expect(link).toBeVisible({ timeout: 10000 });
        at /home/tbaltzakis/cloudless.gr/e2e/customer-behavior.spec.ts:208:16

    attachment #1: screenshot (image/png) ──────────────────────────────────────────────────────────
    test-results/customer-behavior-Order-su-b9cee--link-back-to-store-or-home-mobile-chrome/test-failed-1.png
    ────────────────────────────────────────────────────────────────────────────────────────────────

    attachment #2: video (video/webm) ──────────────────────────────────────────────────────────────
    test-results/customer-behavior-Order-su-b9cee--link-back-to-store-or-home-mobile-chrome/video.webm
    ────────────────────────────────────────────────────────────────────────────────────────────────

    Error Context: test-results/customer-behavior-Order-su-b9cee--link-back-to-store-or-home-mobile-chrome/error-context.md

    Retry #1 ───────────────────────────────────────────────────────────────────────────────────────

    Error: page.goto: net::ERR_CONNECTION_REFUSED at http://localhost:4000/store/success
    Call log:
      - navigating to "http://localhost:4000/store/success", waiting until "load"


      206 |
      207 |   test("has a link back to store or home", async ({ page }) => {
    > 208 |     await page.goto("/store/success");
          |                ^
      209 |     await page.waitForLoadState("networkidle");
      210 |     const link = page.getByRole("link", { name: /store|home|continue|explore/i }).first();
      211 |     await expect(link).toBeVisible({ timeout: 10000 });
        at /home/tbaltzakis/cloudless.gr/e2e/customer-behavior.spec.ts:208:16

    attachment #1: screenshot (image/png) ──────────────────────────────────────────────────────────
    test-results/customer-behavior-Order-su-b9cee--link-back-to-store-or-home-mobile-chrome-retry1/test-failed-1.png
    ────────────────────────────────────────────────────────────────────────────────────────────────

    attachment #2: video (video/webm) ──────────────────────────────────────────────────────────────
    test-results/customer-behavior-Order-su-b9cee--link-back-to-store-or-home-mobile-chrome-retry1/video.webm
    ────────────────────────────────────────────────────────────────────────────────────────────────

    Error Context: test-results/customer-behavior-Order-su-b9cee--link-back-to-store-or-home-mobile-chrome-retry1/error-context.md

    attachment #4: trace (application/zip) ─────────────────────────────────────────────────────────
    test-results/customer-behavior-Order-su-b9cee--link-back-to-store-or-home-mobile-chrome-retry1/trace.zip
    Usage:

        npx playwright show-trace test-results/customer-behavior-Order-su-b9cee--link-back-to-store-or-home-mobile-chrome-retry1/trace.zip

    ────────────────────────────────────────────────────────────────────────────────────────────────

  1361) [mobile-chrome] › e2e/customer-behavior.spec.ts:214:7 › Order success page › page body mentions order, confirmation, or thank-you 

    Error: page.goto: net::ERR_CONNECTION_REFUSED at http://localhost:4000/store/success
    Call log:
      - navigating to "http://localhost:4000/store/success", waiting until "load"


      213 |
      214 |   test("page body mentions order, confirmation, or thank-you", async ({ page }) => {
    > 215 |     await page.goto("/store/success");
          |                ^
      216 |     await page.waitForLoadState("networkidle");
      217 |     const body = await page.locator("body").textContent();
      218 |     expect(body).toMatch(/order|confirm|thank|success/i);
        at /home/tbaltzakis/cloudless.gr/e2e/customer-behavior.spec.ts:215:16

    attachment #1: screenshot (image/png) ──────────────────────────────────────────────────────────
    test-results/customer-behavior-Order-su-620c3-r-confirmation-or-thank-you-mobile-chrome/test-failed-1.png
    ────────────────────────────────────────────────────────────────────────────────────────────────

    attachment #2: video (video/webm) ──────────────────────────────────────────────────────────────
    test-results/customer-behavior-Order-su-620c3-r-confirmation-or-thank-you-mobile-chrome/video.webm
    ────────────────────────────────────────────────────────────────────────────────────────────────

    Error Context: test-results/customer-behavior-Order-su-620c3-r-confirmation-or-thank-you-mobile-chrome/error-context.md

    Retry #1 ───────────────────────────────────────────────────────────────────────────────────────

    Error: page.goto: net::ERR_CONNECTION_REFUSED at http://localhost:4000/store/success
    Call log:
      - navigating to "http://localhost:4000/store/success", waiting until "load"


      213 |
      214 |   test("page body mentions order, confirmation, or thank-you", async ({ page }) => {
    > 215 |     await page.goto("/store/success");
          |                ^
      216 |     await page.waitForLoadState("networkidle");
      217 |     const body = await page.locator("body").textContent();
      218 |     expect(body).toMatch(/order|confirm|thank|success/i);
        at /home/tbaltzakis/cloudless.gr/e2e/customer-behavior.spec.ts:215:16

    attachment #1: screenshot (image/png) ──────────────────────────────────────────────────────────
    test-results/customer-behavior-Order-su-620c3-r-confirmation-or-thank-you-mobile-chrome-retry1/test-failed-1.png
    ────────────────────────────────────────────────────────────────────────────────────────────────

    attachment #2: video (video/webm) ──────────────────────────────────────────────────────────────
    test-results/customer-behavior-Order-su-620c3-r-confirmation-or-thank-you-mobile-chrome-retry1/video.webm
    ────────────────────────────────────────────────────────────────────────────────────────────────

    Error Context: test-results/customer-behavior-Order-su-620c3-r-confirmation-or-thank-you-mobile-chrome-retry1/error-context.md

    attachment #4: trace (application/zip) ─────────────────────────────────────────────────────────
    test-results/customer-behavior-Order-su-620c3-r-confirmation-or-thank-you-mobile-chrome-retry1/trace.zip
    Usage:

        npx playwright show-trace test-results/customer-behavior-Order-su-620c3-r-confirmation-or-thank-you-mobile-chrome-retry1/trace.zip

    ────────────────────────────────────────────────────────────────────────────────────────────────

  1362) [mobile-chrome] › e2e/customer-behavior.spec.ts:225:7 › Blog › renders h1 and article list ─

    Error: page.goto: net::ERR_CONNECTION_REFUSED at http://localhost:4000/blog
    Call log:
      - navigating to "http://localhost:4000/blog", waiting until "load"


      224 | test.describe("Blog", () => {
      225 |   test("renders h1 and article list", async ({ page }) => {
    > 226 |     await page.goto("/blog");
          |                ^
      227 |     await expect(page.getByRole("heading", { level: 1 })).toBeVisible();
      228 |   });
      229 |
        at /home/tbaltzakis/cloudless.gr/e2e/customer-behavior.spec.ts:226:16

    attachment #1: screenshot (image/png) ──────────────────────────────────────────────────────────
    test-results/customer-behavior-Blog-renders-h1-and-article-list-mobile-chrome/test-failed-1.png
    ────────────────────────────────────────────────────────────────────────────────────────────────

    attachment #2: video (video/webm) ──────────────────────────────────────────────────────────────
    test-results/customer-behavior-Blog-renders-h1-and-article-list-mobile-chrome/video.webm
    ────────────────────────────────────────────────────────────────────────────────────────────────

    Error Context: test-results/customer-behavior-Blog-renders-h1-and-article-list-mobile-chrome/error-context.md

    Retry #1 ───────────────────────────────────────────────────────────────────────────────────────

    Error: page.goto: net::ERR_CONNECTION_REFUSED at http://localhost:4000/blog
    Call log:
      - navigating to "http://localhost:4000/blog", waiting until "load"


      224 | test.describe("Blog", () => {
      225 |   test("renders h1 and article list", async ({ page }) => {
    > 226 |     await page.goto("/blog");
          |                ^
      227 |     await expect(page.getByRole("heading", { level: 1 })).toBeVisible();
      228 |   });
      229 |
        at /home/tbaltzakis/cloudless.gr/e2e/customer-behavior.spec.ts:226:16

    attachment #1: screenshot (image/png) ──────────────────────────────────────────────────────────
    test-results/customer-behavior-Blog-renders-h1-and-article-list-mobile-chrome-retry1/test-failed-1.png
    ────────────────────────────────────────────────────────────────────────────────────────────────

    attachment #2: video (video/webm) ──────────────────────────────────────────────────────────────
    test-results/customer-behavior-Blog-renders-h1-and-article-list-mobile-chrome-retry1/video.webm
    ────────────────────────────────────────────────────────────────────────────────────────────────

    Error Context: test-results/customer-behavior-Blog-renders-h1-and-article-list-mobile-chrome-retry1/error-context.md

    attachment #4: trace (application/zip) ─────────────────────────────────────────────────────────
    test-results/customer-behavior-Blog-renders-h1-and-article-list-mobile-chrome-retry1/trace.zip
    Usage:

        npx playwright show-trace test-results/customer-behavior-Blog-renders-h1-and-article-list-mobile-chrome-retry1/trace.zip

    ────────────────────────────────────────────────────────────────────────────────────────────────

  1363) [mobile-chrome] › e2e/customer-behavior.spec.ts:230:7 › Blog › at least one article link is present 

    Error: page.goto: net::ERR_CONNECTION_REFUSED at http://localhost:4000/blog
    Call log:
      - navigating to "http://localhost:4000/blog", waiting until "load"


      229 |
      230 |   test("at least one article link is present", async ({ page }) => {
    > 231 |     await page.goto("/blog");
          |                ^
      232 |     await page.waitForLoadState("networkidle");
      233 |     const links = await page.getByRole("link").all();
      234 |     const blogLinks = [];
        at /home/tbaltzakis/cloudless.gr/e2e/customer-behavior.spec.ts:231:16

    attachment #1: screenshot (image/png) ──────────────────────────────────────────────────────────
    test-results/customer-behavior-Blog-at-least-one-article-link-is-present-mobile-chrome/test-failed-1.png
    ────────────────────────────────────────────────────────────────────────────────────────────────

    attachment #2: video (video/webm) ──────────────────────────────────────────────────────────────
    test-results/customer-behavior-Blog-at-least-one-article-link-is-present-mobile-chrome/video.webm
    ────────────────────────────────────────────────────────────────────────────────────────────────

    Error Context: test-results/customer-behavior-Blog-at-least-one-article-link-is-present-mobile-chrome/error-context.md

    Retry #1 ───────────────────────────────────────────────────────────────────────────────────────

    Error: page.goto: net::ERR_CONNECTION_REFUSED at http://localhost:4000/blog
    Call log:
      - navigating to "http://localhost:4000/blog", waiting until "load"


      229 |
      230 |   test("at least one article link is present", async ({ page }) => {
    > 231 |     await page.goto("/blog");
          |                ^
      232 |     await page.waitForLoadState("networkidle");
      233 |     const links = await page.getByRole("link").all();
      234 |     const blogLinks = [];
        at /home/tbaltzakis/cloudless.gr/e2e/customer-behavior.spec.ts:231:16

    attachment #1: screenshot (image/png) ──────────────────────────────────────────────────────────
    test-results/customer-behavior-Blog-at-least-one-article-link-is-present-mobile-chrome-retry1/test-failed-1.png
    ────────────────────────────────────────────────────────────────────────────────────────────────

    attachment #2: video (video/webm) ──────────────────────────────────────────────────────────────
    test-results/customer-behavior-Blog-at-least-one-article-link-is-present-mobile-chrome-retry1/video.webm
    ────────────────────────────────────────────────────────────────────────────────────────────────

    Error Context: test-results/customer-behavior-Blog-at-least-one-article-link-is-present-mobile-chrome-retry1/error-context.md

    attachment #4: trace (application/zip) ─────────────────────────────────────────────────────────
    test-results/customer-behavior-Blog-at-least-one-article-link-is-present-mobile-chrome-retry1/trace.zip
    Usage:

        npx playwright show-trace test-results/customer-behavior-Blog-at-least-one-article-link-is-present-mobile-chrome-retry1/trace.zip

    ────────────────────────────────────────────────────────────────────────────────────────────────

  1364) [mobile-chrome] › e2e/customer-behavior.spec.ts:246:7 › Blog › clicking a blog post navigates to the article page 

    Error: page.goto: net::ERR_CONNECTION_REFUSED at http://localhost:4000/blog
    Call log:
      - navigating to "http://localhost:4000/blog", waiting until "load"


      245 |
      246 |   test("clicking a blog post navigates to the article page", async ({ page }) => {
    > 247 |     await page.goto("/blog");
          |                ^
      248 |     await page.waitForLoadState("networkidle");
      249 |     const links = await page.getByRole("link").all();
      250 |     let postHref: string | null = null;
        at /home/tbaltzakis/cloudless.gr/e2e/customer-behavior.spec.ts:247:16

    attachment #1: screenshot (image/png) ──────────────────────────────────────────────────────────
    test-results/customer-behavior-Blog-cli-0889a-vigates-to-the-article-page-mobile-chrome/test-failed-1.png
    ────────────────────────────────────────────────────────────────────────────────────────────────

    attachment #2: video (video/webm) ──────────────────────────────────────────────────────────────
    test-results/customer-behavior-Blog-cli-0889a-vigates-to-the-article-page-mobile-chrome/video.webm
    ────────────────────────────────────────────────────────────────────────────────────────────────

    Error Context: test-results/customer-behavior-Blog-cli-0889a-vigates-to-the-article-page-mobile-chrome/error-context.md

    Retry #1 ───────────────────────────────────────────────────────────────────────────────────────

    Error: page.goto: net::ERR_CONNECTION_REFUSED at http://localhost:4000/blog
    Call log:
      - navigating to "http://localhost:4000/blog", waiting until "load"


      245 |
      246 |   test("clicking a blog post navigates to the article page", async ({ page }) => {
    > 247 |     await page.goto("/blog");
          |                ^
      248 |     await page.waitForLoadState("networkidle");
      249 |     const links = await page.getByRole("link").all();
      250 |     let postHref: string | null = null;
        at /home/tbaltzakis/cloudless.gr/e2e/customer-behavior.spec.ts:247:16

    attachment #1: screenshot (image/png) ──────────────────────────────────────────────────────────
    test-results/customer-behavior-Blog-cli-0889a-vigates-to-the-article-page-mobile-chrome-retry1/test-failed-1.png
    ────────────────────────────────────────────────────────────────────────────────────────────────

    attachment #2: video (video/webm) ──────────────────────────────────────────────────────────────
    test-results/customer-behavior-Blog-cli-0889a-vigates-to-the-article-page-mobile-chrome-retry1/video.webm
    ────────────────────────────────────────────────────────────────────────────────────────────────

    Error Context: test-results/customer-behavior-Blog-cli-0889a-vigates-to-the-article-page-mobile-chrome-retry1/error-context.md

    attachment #4: trace (application/zip) ─────────────────────────────────────────────────────────
    test-results/customer-behavior-Blog-cli-0889a-vigates-to-the-article-page-mobile-chrome-retry1/trace.zip
    Usage:

        npx playwright show-trace test-results/customer-behavior-Blog-cli-0889a-vigates-to-the-article-page-mobile-chrome-retry1/trace.zip

    ────────────────────────────────────────────────────────────────────────────────────────────────

  1365) [mobile-chrome] › e2e/customer-behavior.spec.ts:268:7 › Docs › docs index renders a heading 

    Error: page.goto: net::ERR_CONNECTION_REFUSED at http://localhost:4000/docs
    Call log:
      - navigating to "http://localhost:4000/docs", waiting until "load"


      267 | test.describe("Docs", () => {
      268 |   test("docs index renders a heading", async ({ page }) => {
    > 269 |     await page.goto("/docs");
          |                ^
      270 |     await expect(page.getByRole("heading", { level: 1 })).toBeVisible();
      271 |   });
      272 | });
        at /home/tbaltzakis/cloudless.gr/e2e/customer-behavior.spec.ts:269:16

    attachment #1: screenshot (image/png) ──────────────────────────────────────────────────────────
    test-results/customer-behavior-Docs-docs-index-renders-a-heading-mobile-chrome/test-failed-1.png
    ────────────────────────────────────────────────────────────────────────────────────────────────

    attachment #2: video (video/webm) ──────────────────────────────────────────────────────────────
    test-results/customer-behavior-Docs-docs-index-renders-a-heading-mobile-chrome/video.webm
    ────────────────────────────────────────────────────────────────────────────────────────────────

    Error Context: test-results/customer-behavior-Docs-docs-index-renders-a-heading-mobile-chrome/error-context.md

    Retry #1 ───────────────────────────────────────────────────────────────────────────────────────

    Error: page.goto: net::ERR_CONNECTION_REFUSED at http://localhost:4000/docs
    Call log:
      - navigating to "http://localhost:4000/docs", waiting until "load"


      267 | test.describe("Docs", () => {
      268 |   test("docs index renders a heading", async ({ page }) => {
    > 269 |     await page.goto("/docs");
          |                ^
      270 |     await expect(page.getByRole("heading", { level: 1 })).toBeVisible();
      271 |   });
      272 | });
        at /home/tbaltzakis/cloudless.gr/e2e/customer-behavior.spec.ts:269:16

    attachment #1: screenshot (image/png) ──────────────────────────────────────────────────────────
    test-results/customer-behavior-Docs-docs-index-renders-a-heading-mobile-chrome-retry1/test-failed-1.png
    ────────────────────────────────────────────────────────────────────────────────────────────────

    attachment #2: video (video/webm) ──────────────────────────────────────────────────────────────
    test-results/customer-behavior-Docs-docs-index-renders-a-heading-mobile-chrome-retry1/video.webm
    ────────────────────────────────────────────────────────────────────────────────────────────────

    Error Context: test-results/customer-behavior-Docs-docs-index-renders-a-heading-mobile-chrome-retry1/error-context.md

    attachment #4: trace (application/zip) ─────────────────────────────────────────────────────────
    test-results/customer-behavior-Docs-docs-index-renders-a-heading-mobile-chrome-retry1/trace.zip
    Usage:

        npx playwright show-trace test-results/customer-behavior-Docs-docs-index-renders-a-heading-mobile-chrome-retry1/trace.zip

    ────────────────────────────────────────────────────────────────────────────────────────────────

  1366) [mobile-chrome] › e2e/customer-behavior.spec.ts:277:7 › Contact form › renders name, email, and message fields plus Send Message button 

    Error: page.goto: net::ERR_CONNECTION_REFUSED at http://localhost:4000/contact
    Call log:
      - navigating to "http://localhost:4000/contact", waiting until "load"


      276 | test.describe("Contact form", () => {
      277 |   test("renders name, email, and message fields plus Send Message button", async ({ page }) => {
    > 278 |     await page.goto("/contact");
          |                ^
      279 |     await expect(page.getByRole("heading", { level: 1 })).toBeVisible();
      280 |     await expect(page.locator("#name")).toBeVisible();
      281 |     await expect(page.locator("#email")).toBeVisible();
        at /home/tbaltzakis/cloudless.gr/e2e/customer-behavior.spec.ts:278:16

    attachment #1: screenshot (image/png) ──────────────────────────────────────────────────────────
    test-results/customer-behavior-Contact--4d513-ds-plus-Send-Message-button-mobile-chrome/test-failed-1.png
    ────────────────────────────────────────────────────────────────────────────────────────────────

    attachment #2: video (video/webm) ──────────────────────────────────────────────────────────────
    test-results/customer-behavior-Contact--4d513-ds-plus-Send-Message-button-mobile-chrome/video.webm
    ────────────────────────────────────────────────────────────────────────────────────────────────

    Error Context: test-results/customer-behavior-Contact--4d513-ds-plus-Send-Message-button-mobile-chrome/error-context.md

    Retry #1 ───────────────────────────────────────────────────────────────────────────────────────

    Error: page.goto: net::ERR_CONNECTION_REFUSED at http://localhost:4000/contact
    Call log:
      - navigating to "http://localhost:4000/contact", waiting until "load"


      276 | test.describe("Contact form", () => {
      277 |   test("renders name, email, and message fields plus Send Message button", async ({ page }) => {
    > 278 |     await page.goto("/contact");
          |                ^
      279 |     await expect(page.getByRole("heading", { level: 1 })).toBeVisible();
      280 |     await expect(page.locator("#name")).toBeVisible();
      281 |     await expect(page.locator("#email")).toBeVisible();
        at /home/tbaltzakis/cloudless.gr/e2e/customer-behavior.spec.ts:278:16

    attachment #1: screenshot (image/png) ──────────────────────────────────────────────────────────
    test-results/customer-behavior-Contact--4d513-ds-plus-Send-Message-button-mobile-chrome-retry1/test-failed-1.png
    ────────────────────────────────────────────────────────────────────────────────────────────────

    attachment #2: video (video/webm) ──────────────────────────────────────────────────────────────
    test-results/customer-behavior-Contact--4d513-ds-plus-Send-Message-button-mobile-chrome-retry1/video.webm
    ────────────────────────────────────────────────────────────────────────────────────────────────

    Error Context: test-results/customer-behavior-Contact--4d513-ds-plus-Send-Message-button-mobile-chrome-retry1/error-context.md

    attachment #4: trace (application/zip) ─────────────────────────────────────────────────────────
    test-results/customer-behavior-Contact--4d513-ds-plus-Send-Message-button-mobile-chrome-retry1/trace.zip
    Usage:

        npx playwright show-trace test-results/customer-behavior-Contact--4d513-ds-plus-Send-Message-button-mobile-chrome-retry1/trace.zip

    ────────────────────────────────────────────────────────────────────────────────────────────────

  1367) [mobile-chrome] › e2e/customer-behavior.spec.ts:286:7 › Contact form › submitting empty form stays on contact page (HTML5 validation) 

    Error: page.goto: net::ERR_CONNECTION_REFUSED at http://localhost:4000/contact
    Call log:
      - navigating to "http://localhost:4000/contact", waiting until "load"


      285 |
      286 |   test("submitting empty form stays on contact page (HTML5 validation)", async ({ page }) => {
    > 287 |     await page.goto("/contact");
          |                ^
      288 |     await page.getByRole("button", { name: /send message/i }).click();
      289 |     expect(page.url()).toMatch(/\/contact/);
      290 |   });
        at /home/tbaltzakis/cloudless.gr/e2e/customer-behavior.spec.ts:287:16

    attachment #1: screenshot (image/png) ──────────────────────────────────────────────────────────
    test-results/customer-behavior-Contact--57229-tact-page-HTML5-validation--mobile-chrome/test-failed-1.png
    ────────────────────────────────────────────────────────────────────────────────────────────────

    attachment #2: video (video/webm) ──────────────────────────────────────────────────────────────
    test-results/customer-behavior-Contact--57229-tact-page-HTML5-validation--mobile-chrome/video.webm
    ────────────────────────────────────────────────────────────────────────────────────────────────

    Error Context: test-results/customer-behavior-Contact--57229-tact-page-HTML5-validation--mobile-chrome/error-context.md

    Retry #1 ───────────────────────────────────────────────────────────────────────────────────────

    Error: page.goto: net::ERR_CONNECTION_REFUSED at http://localhost:4000/contact
    Call log:
      - navigating to "http://localhost:4000/contact", waiting until "load"


      285 |
      286 |   test("submitting empty form stays on contact page (HTML5 validation)", async ({ page }) => {
    > 287 |     await page.goto("/contact");
          |                ^
      288 |     await page.getByRole("button", { name: /send message/i }).click();
      289 |     expect(page.url()).toMatch(/\/contact/);
      290 |   });
        at /home/tbaltzakis/cloudless.gr/e2e/customer-behavior.spec.ts:287:16

    attachment #1: screenshot (image/png) ──────────────────────────────────────────────────────────
    test-results/customer-behavior-Contact--57229-tact-page-HTML5-validation--mobile-chrome-retry1/test-failed-1.png
    ────────────────────────────────────────────────────────────────────────────────────────────────

    attachment #2: video (video/webm) ──────────────────────────────────────────────────────────────
    test-results/customer-behavior-Contact--57229-tact-page-HTML5-validation--mobile-chrome-retry1/video.webm
    ────────────────────────────────────────────────────────────────────────────────────────────────

    Error Context: test-results/customer-behavior-Contact--57229-tact-page-HTML5-validation--mobile-chrome-retry1/error-context.md

    attachment #4: trace (application/zip) ─────────────────────────────────────────────────────────
    test-results/customer-behavior-Contact--57229-tact-page-HTML5-validation--mobile-chrome-retry1/trace.zip
    Usage:

        npx playwright show-trace test-results/customer-behavior-Contact--57229-tact-page-HTML5-validation--mobile-chrome-retry1/trace.zip

    ────────────────────────────────────────────────────────────────────────────────────────────────

  1368) [mobile-chrome] › e2e/customer-behavior.spec.ts:292:7 › Contact form › typing a valid message into all fields is possible 

    Error: page.goto: net::ERR_CONNECTION_REFUSED at http://localhost:4000/contact
    Call log:
      - navigating to "http://localhost:4000/contact", waiting until "load"


      291 |
      292 |   test("typing a valid message into all fields is possible", async ({ page }) => {
    > 293 |     await page.goto("/contact");
          |                ^
      294 |     await page.locator("#name").fill("Playwright Test");
      295 |     await page.locator("#email").fill("playwright@example.com");
      296 |     await page.locator("#message").fill("Automated test message — please ignore.");
        at /home/tbaltzakis/cloudless.gr/e2e/customer-behavior.spec.ts:293:16

    attachment #1: screenshot (image/png) ──────────────────────────────────────────────────────────
    test-results/customer-behavior-Contact--52118-into-all-fields-is-possible-mobile-chrome/test-failed-1.png
    ────────────────────────────────────────────────────────────────────────────────────────────────

    attachment #2: video (video/webm) ──────────────────────────────────────────────────────────────
    test-results/customer-behavior-Contact--52118-into-all-fields-is-possible-mobile-chrome/video.webm
    ────────────────────────────────────────────────────────────────────────────────────────────────

    Error Context: test-results/customer-behavior-Contact--52118-into-all-fields-is-possible-mobile-chrome/error-context.md

    Retry #1 ───────────────────────────────────────────────────────────────────────────────────────

    Error: page.goto: net::ERR_CONNECTION_REFUSED at http://localhost:4000/contact
    Call log:
      - navigating to "http://localhost:4000/contact", waiting until "load"


      291 |
      292 |   test("typing a valid message into all fields is possible", async ({ page }) => {
    > 293 |     await page.goto("/contact");
          |                ^
      294 |     await page.locator("#name").fill("Playwright Test");
      295 |     await page.locator("#email").fill("playwright@example.com");
      296 |     await page.locator("#message").fill("Automated test message — please ignore.");
        at /home/tbaltzakis/cloudless.gr/e2e/customer-behavior.spec.ts:293:16

    attachment #1: screenshot (image/png) ──────────────────────────────────────────────────────────
    test-results/customer-behavior-Contact--52118-into-all-fields-is-possible-mobile-chrome-retry1/test-failed-1.png
    ────────────────────────────────────────────────────────────────────────────────────────────────

    attachment #2: video (video/webm) ──────────────────────────────────────────────────────────────
    test-results/customer-behavior-Contact--52118-into-all-fields-is-possible-mobile-chrome-retry1/video.webm
    ────────────────────────────────────────────────────────────────────────────────────────────────

    Error Context: test-results/customer-behavior-Contact--52118-into-all-fields-is-possible-mobile-chrome-retry1/error-context.md

    attachment #4: trace (application/zip) ─────────────────────────────────────────────────────────
    test-results/customer-behavior-Contact--52118-into-all-fields-is-possible-mobile-chrome-retry1/trace.zip
    Usage:

        npx playwright show-trace test-results/customer-behavior-Contact--52118-into-all-fields-is-possible-mobile-chrome-retry1/trace.zip

    ────────────────────────────────────────────────────────────────────────────────────────────────

  1369) [mobile-chrome] › e2e/customer-behavior.spec.ts:305:7 › Contact form API › missing name returns 400 

    Error: apiRequestContext.post: connect ECONNREFUSED ::1:4000
    Call log:
      - → POST http://localhost:4000/api/contact
        - user-agent: Mozilla/5.0 (Linux; Android 14; Pixel 7) AppleWebKit/537.36 (KHTML, like Gecko) Chrome/151.0.7922.34 Mobile Safari/537.36
        - accept: */*
        - accept-encoding: gzip,deflate,br
        - content-type: application/json
        - content-length: 46

        at apiRequestContext.post: connect ECONNREFUSED ::1:4000
        at /home/tbaltzakis/cloudless.gr/e2e/customer-behavior.spec.ts:306:31

    Error Context: test-results/customer-behavior-Contact-form-API-missing-name-returns-400-mobile-chrome/error-context.md

    Retry #1 ───────────────────────────────────────────────────────────────────────────────────────

    Error: apiRequestContext.post: connect ECONNREFUSED ::1:4000
    Call log:
      - → POST http://localhost:4000/api/contact
        - user-agent: Mozilla/5.0 (Linux; Android 14; Pixel 7) AppleWebKit/537.36 (KHTML, like Gecko) Chrome/151.0.7922.34 Mobile Safari/537.36
        - accept: */*
        - accept-encoding: gzip,deflate,br
        - content-type: application/json
        - content-length: 46

        at apiRequestContext.post: connect ECONNREFUSED ::1:4000
        at /home/tbaltzakis/cloudless.gr/e2e/customer-behavior.spec.ts:306:31

    Error Context: test-results/customer-behavior-Contact-form-API-missing-name-returns-400-mobile-chrome-retry1/error-context.md

    attachment #2: trace (application/zip) ─────────────────────────────────────────────────────────
    test-results/customer-behavior-Contact-form-API-missing-name-returns-400-mobile-chrome-retry1/trace.zip
    Usage:

        npx playwright show-trace test-results/customer-behavior-Contact-form-API-missing-name-returns-400-mobile-chrome-retry1/trace.zip

    ────────────────────────────────────────────────────────────────────────────────────────────────

  1370) [mobile-chrome] › e2e/customer-behavior.spec.ts:313:7 › Contact form API › invalid email returns 400 

    Error: apiRequestContext.post: connect ECONNREFUSED ::1:4000
    Call log:
      - → POST http://localhost:4000/api/contact
        - user-agent: Mozilla/5.0 (Linux; Android 14; Pixel 7) AppleWebKit/537.36 (KHTML, like Gecko) Chrome/151.0.7922.34 Mobile Safari/537.36
        - accept: */*
        - accept-encoding: gzip,deflate,br
        - content-type: application/json
        - content-length: 56

        at apiRequestContext.post: connect ECONNREFUSED ::1:4000
        at /home/tbaltzakis/cloudless.gr/e2e/customer-behavior.spec.ts:314:31

    Error Context: test-results/customer-behavior-Contact-form-API-invalid-email-returns-400-mobile-chrome/error-context.md

    Retry #1 ───────────────────────────────────────────────────────────────────────────────────────

    Error: apiRequestContext.post: connect ECONNREFUSED ::1:4000
    Call log:
      - → POST http://localhost:4000/api/contact
        - user-agent: Mozilla/5.0 (Linux; Android 14; Pixel 7) AppleWebKit/537.36 (KHTML, like Gecko) Chrome/151.0.7922.34 Mobile Safari/537.36
        - accept: */*
        - accept-encoding: gzip,deflate,br
        - content-type: application/json
        - content-length: 56

        at apiRequestContext.post: connect ECONNREFUSED ::1:4000
        at /home/tbaltzakis/cloudless.gr/e2e/customer-behavior.spec.ts:314:31

    Error Context: test-results/customer-behavior-Contact-form-API-invalid-email-returns-400-mobile-chrome-retry1/error-context.md

    attachment #2: trace (application/zip) ─────────────────────────────────────────────────────────
    test-results/customer-behavior-Contact-form-API-invalid-email-returns-400-mobile-chrome-retry1/trace.zip
    Usage:

        npx playwright show-trace test-results/customer-behavior-Contact-form-API-invalid-email-returns-400-mobile-chrome-retry1/trace.zip

    ────────────────────────────────────────────────────────────────────────────────────────────────

  1371) [mobile-chrome] › e2e/customer-behavior.spec.ts:321:7 › Contact form API › missing message returns 400 

    Error: apiRequestContext.post: connect ECONNREFUSED ::1:4000
    Call log:
      - → POST http://localhost:4000/api/contact
        - user-agent: Mozilla/5.0 (Linux; Android 14; Pixel 7) AppleWebKit/537.36 (KHTML, like Gecko) Chrome/151.0.7922.34 Mobile Safari/537.36
        - accept: */*
        - accept-encoding: gzip,deflate,br
        - content-type: application/json
        - content-length: 42

        at apiRequestContext.post: connect ECONNREFUSED ::1:4000
        at /home/tbaltzakis/cloudless.gr/e2e/customer-behavior.spec.ts:322:31

    Error Context: test-results/customer-behavior-Contact--2bb43-missing-message-returns-400-mobile-chrome/error-context.md

    Retry #1 ───────────────────────────────────────────────────────────────────────────────────────

    Error: apiRequestContext.post: connect ECONNREFUSED ::1:4000
    Call log:
      - → POST http://localhost:4000/api/contact
        - user-agent: Mozilla/5.0 (Linux; Android 14; Pixel 7) AppleWebKit/537.36 (KHTML, like Gecko) Chrome/151.0.7922.34 Mobile Safari/537.36
        - accept: */*
        - accept-encoding: gzip,deflate,br
        - content-type: application/json
        - content-length: 42

        at apiRequestContext.post: connect ECONNREFUSED ::1:4000
        at /home/tbaltzakis/cloudless.gr/e2e/customer-behavior.spec.ts:322:31

    Error Context: test-results/customer-behavior-Contact--2bb43-missing-message-returns-400-mobile-chrome-retry1/error-context.md

    attachment #2: trace (application/zip) ─────────────────────────────────────────────────────────
    test-results/customer-behavior-Contact--2bb43-missing-message-returns-400-mobile-chrome-retry1/trace.zip
    Usage:

        npx playwright show-trace test-results/customer-behavior-Contact--2bb43-missing-message-returns-400-mobile-chrome-retry1/trace.zip

    ────────────────────────────────────────────────────────────────────────────────────────────────

  1372) [mobile-chrome] › e2e/customer-behavior.spec.ts:329:7 › Contact form API › valid submission passes validation (not 4xx except rate-limit) @mutating 

    Error: apiRequestContext.post: connect ECONNREFUSED ::1:4000
    Call log:
      - → POST http://localhost:4000/api/contact
        - user-agent: Mozilla/5.0 (Linux; Android 14; Pixel 7) AppleWebKit/537.36 (KHTML, like Gecko) Chrome/151.0.7922.34 Mobile Safari/537.36
        - accept: */*
        - accept-encoding: gzip,deflate,br
        - content-type: application/json
        - content-length: 105

        at apiRequestContext.post: connect ECONNREFUSED ::1:4000
        at /home/tbaltzakis/cloudless.gr/e2e/customer-behavior.spec.ts:330:31

    Error Context: test-results/customer-behavior-Contact--25ee6--except-rate-limit-mutating-mobile-chrome/error-context.md

    Retry #1 ───────────────────────────────────────────────────────────────────────────────────────

    Error: apiRequestContext.post: connect ECONNREFUSED ::1:4000
    Call log:
      - → POST http://localhost:4000/api/contact
        - user-agent: Mozilla/5.0 (Linux; Android 14; Pixel 7) AppleWebKit/537.36 (KHTML, like Gecko) Chrome/151.0.7922.34 Mobile Safari/537.36
        - accept: */*
        - accept-encoding: gzip,deflate,br
        - content-type: application/json
        - content-length: 105

        at apiRequestContext.post: connect ECONNREFUSED ::1:4000
        at /home/tbaltzakis/cloudless.gr/e2e/customer-behavior.spec.ts:330:31

    Error Context: test-results/customer-behavior-Contact--25ee6--except-rate-limit-mutating-mobile-chrome-retry1/error-context.md

    attachment #2: trace (application/zip) ─────────────────────────────────────────────────────────
    test-results/customer-behavior-Contact--25ee6--except-rate-limit-mutating-mobile-chrome-retry1/trace.zip
    Usage:

        npx playwright show-trace test-results/customer-behavior-Contact--25ee6--except-rate-limit-mutating-mobile-chrome-retry1/trace.zip

    ────────────────────────────────────────────────────────────────────────────────────────────────

  1373) [mobile-chrome] › e2e/customer-behavior.spec.ts:348:7 › Auth – Login page › renders email, password fields and Sign In button 

    Error: page.goto: net::ERR_CONNECTION_REFUSED at http://localhost:4000/auth/login
    Call log:
      - navigating to "http://localhost:4000/auth/login", waiting until "load"


      347 | test.describe("Auth – Login page", () => {
      348 |   test("renders email, password fields and Sign In button", async ({ page }) => {
    > 349 |     await page.goto("/auth/login");
          |                ^
      350 |     await page.waitForLoadState("networkidle").catch(() => {});
      351 |     const hasAws = await page.getByRole("button", { name: /continue with aws/i }).isVisible({ timeout: 10_000 }).catch(() => false);
      352 |     const hasEmail = await page.locator("#login-email").isVisible({ timeout: 5_000 }).catch(() => false);
        at /home/tbaltzakis/cloudless.gr/e2e/customer-behavior.spec.ts:349:16

    attachment #1: screenshot (image/png) ──────────────────────────────────────────────────────────
    test-results/customer-behavior-Auth-–-L-40253-d-fields-and-Sign-In-button-mobile-chrome/test-failed-1.png
    ────────────────────────────────────────────────────────────────────────────────────────────────

    attachment #2: video (video/webm) ──────────────────────────────────────────────────────────────
    test-results/customer-behavior-Auth-–-L-40253-d-fields-and-Sign-In-button-mobile-chrome/video.webm
    ────────────────────────────────────────────────────────────────────────────────────────────────

    Error Context: test-results/customer-behavior-Auth-–-L-40253-d-fields-and-Sign-In-button-mobile-chrome/error-context.md

    Retry #1 ───────────────────────────────────────────────────────────────────────────────────────

    Error: page.goto: net::ERR_CONNECTION_REFUSED at http://localhost:4000/auth/login
    Call log:
      - navigating to "http://localhost:4000/auth/login", waiting until "load"


      347 | test.describe("Auth – Login page", () => {
      348 |   test("renders email, password fields and Sign In button", async ({ page }) => {
    > 349 |     await page.goto("/auth/login");
          |                ^
      350 |     await page.waitForLoadState("networkidle").catch(() => {});
      351 |     const hasAws = await page.getByRole("button", { name: /continue with aws/i }).isVisible({ timeout: 10_000 }).catch(() => false);
      352 |     const hasEmail = await page.locator("#login-email").isVisible({ timeout: 5_000 }).catch(() => false);
        at /home/tbaltzakis/cloudless.gr/e2e/customer-behavior.spec.ts:349:16

    attachment #1: screenshot (image/png) ──────────────────────────────────────────────────────────
    test-results/customer-behavior-Auth-–-L-40253-d-fields-and-Sign-In-button-mobile-chrome-retry1/test-failed-1.png
    ────────────────────────────────────────────────────────────────────────────────────────────────

    attachment #2: video (video/webm) ──────────────────────────────────────────────────────────────
    test-results/customer-behavior-Auth-–-L-40253-d-fields-and-Sign-In-button-mobile-chrome-retry1/video.webm
    ────────────────────────────────────────────────────────────────────────────────────────────────

    Error Context: test-results/customer-behavior-Auth-–-L-40253-d-fields-and-Sign-In-button-mobile-chrome-retry1/error-context.md

    attachment #4: trace (application/zip) ─────────────────────────────────────────────────────────
    test-results/customer-behavior-Auth-–-L-40253-d-fields-and-Sign-In-button-mobile-chrome-retry1/trace.zip
    Usage:

        npx playwright show-trace test-results/customer-behavior-Auth-–-L-40253-d-fields-and-Sign-In-button-mobile-chrome-retry1/trace.zip

    ────────────────────────────────────────────────────────────────────────────────────────────────

  1374) [mobile-chrome] › e2e/customer-behavior.spec.ts:356:7 › Auth – Login page › has a Create Account signup link 

    Error: page.goto: net::ERR_CONNECTION_REFUSED at http://localhost:4000/auth/login
    Call log:
      - navigating to "http://localhost:4000/auth/login", waiting until "load"


      355 |
      356 |   test("has a Create Account signup link", async ({ page }) => {
    > 357 |     await page.goto("/auth/login");
          |                ^
      358 |     await page.waitForLoadState("networkidle").catch(() => {});
      359 |     await expect(page.getByRole("link", { name: /create account/i })).toBeVisible();
      360 |   });
        at /home/tbaltzakis/cloudless.gr/e2e/customer-behavior.spec.ts:357:16

    attachment #1: screenshot (image/png) ──────────────────────────────────────────────────────────
    test-results/customer-behavior-Auth-–-L-54dbd--Create-Account-signup-link-mobile-chrome/test-failed-1.png
    ────────────────────────────────────────────────────────────────────────────────────────────────

    attachment #2: video (video/webm) ──────────────────────────────────────────────────────────────
    test-results/customer-behavior-Auth-–-L-54dbd--Create-Account-signup-link-mobile-chrome/video.webm
    ────────────────────────────────────────────────────────────────────────────────────────────────

    Error Context: test-results/customer-behavior-Auth-–-L-54dbd--Create-Account-signup-link-mobile-chrome/error-context.md

    Retry #1 ───────────────────────────────────────────────────────────────────────────────────────

    Error: page.goto: net::ERR_CONNECTION_REFUSED at http://localhost:4000/auth/login
    Call log:
      - navigating to "http://localhost:4000/auth/login", waiting until "load"


      355 |
      356 |   test("has a Create Account signup link", async ({ page }) => {
    > 357 |     await page.goto("/auth/login");
          |                ^
      358 |     await page.waitForLoadState("networkidle").catch(() => {});
      359 |     await expect(page.getByRole("link", { name: /create account/i })).toBeVisible();
      360 |   });
        at /home/tbaltzakis/cloudless.gr/e2e/customer-behavior.spec.ts:357:16

    attachment #1: screenshot (image/png) ──────────────────────────────────────────────────────────
    test-results/customer-behavior-Auth-–-L-54dbd--Create-Account-signup-link-mobile-chrome-retry1/test-failed-1.png
    ────────────────────────────────────────────────────────────────────────────────────────────────

    attachment #2: video (video/webm) ──────────────────────────────────────────────────────────────
    test-results/customer-behavior-Auth-–-L-54dbd--Create-Account-signup-link-mobile-chrome-retry1/video.webm
    ────────────────────────────────────────────────────────────────────────────────────────────────

    Error Context: test-results/customer-behavior-Auth-–-L-54dbd--Create-Account-signup-link-mobile-chrome-retry1/error-context.md

    attachment #4: trace (application/zip) ─────────────────────────────────────────────────────────
    test-results/customer-behavior-Auth-–-L-54dbd--Create-Account-signup-link-mobile-chrome-retry1/trace.zip
    Usage:

        npx playwright show-trace test-results/customer-behavior-Auth-–-L-54dbd--Create-Account-signup-link-mobile-chrome-retry1/trace.zip

    ────────────────────────────────────────────────────────────────────────────────────────────────

  1375) [mobile-chrome] › e2e/customer-behavior.spec.ts:362:7 › Auth – Login page › has a Forgot Password link 

    Error: page.goto: net::ERR_CONNECTION_REFUSED at http://localhost:4000/auth/login
    Call log:
      - navigating to "http://localhost:4000/auth/login", waiting until "load"


      361 |
      362 |   test("has a Forgot Password link", async ({ page }) => {
    > 363 |     await page.goto("/auth/login");
          |                ^
      364 |     await page.waitForLoadState("networkidle").catch(() => {});
      365 |     // Cognito Hosted UI handles forgot-password; the login page may or may not show a local link.
      366 |     const hasForgotLink = await page.getByRole("link", { name: /forgot password/i }).isVisible({ timeout: 5_000 }).catch(() => false);
        at /home/tbaltzakis/cloudless.gr/e2e/customer-behavior.spec.ts:363:16

    attachment #1: screenshot (image/png) ──────────────────────────────────────────────────────────
    test-results/customer-behavior-Auth-–-L-c595d--has-a-Forgot-Password-link-mobile-chrome/test-failed-1.png
    ────────────────────────────────────────────────────────────────────────────────────────────────

    attachment #2: video (video/webm) ──────────────────────────────────────────────────────────────
    test-results/customer-behavior-Auth-–-L-c595d--has-a-Forgot-Password-link-mobile-chrome/video.webm
    ────────────────────────────────────────────────────────────────────────────────────────────────

    Error Context: test-results/customer-behavior-Auth-–-L-c595d--has-a-Forgot-Password-link-mobile-chrome/error-context.md

    Retry #1 ───────────────────────────────────────────────────────────────────────────────────────

    Error: page.goto: net::ERR_CONNECTION_REFUSED at http://localhost:4000/auth/login
    Call log:
      - navigating to "http://localhost:4000/auth/login", waiting until "load"


      361 |
      362 |   test("has a Forgot Password link", async ({ page }) => {
    > 363 |     await page.goto("/auth/login");
          |                ^
      364 |     await page.waitForLoadState("networkidle").catch(() => {});
      365 |     // Cognito Hosted UI handles forgot-password; the login page may or may not show a local link.
      366 |     const hasForgotLink = await page.getByRole("link", { name: /forgot password/i }).isVisible({ timeout: 5_000 }).catch(() => false);
        at /home/tbaltzakis/cloudless.gr/e2e/customer-behavior.spec.ts:363:16

    attachment #1: screenshot (image/png) ──────────────────────────────────────────────────────────
    test-results/customer-behavior-Auth-–-L-c595d--has-a-Forgot-Password-link-mobile-chrome-retry1/test-failed-1.png
    ────────────────────────────────────────────────────────────────────────────────────────────────

    attachment #2: video (video/webm) ──────────────────────────────────────────────────────────────
    test-results/customer-behavior-Auth-–-L-c595d--has-a-Forgot-Password-link-mobile-chrome-retry1/video.webm
    ────────────────────────────────────────────────────────────────────────────────────────────────

    Error Context: test-results/customer-behavior-Auth-–-L-c595d--has-a-Forgot-Password-link-mobile-chrome-retry1/error-context.md

    attachment #4: trace (application/zip) ─────────────────────────────────────────────────────────
    test-results/customer-behavior-Auth-–-L-c595d--has-a-Forgot-Password-link-mobile-chrome-retry1/trace.zip
    Usage:

        npx playwright show-trace test-results/customer-behavior-Auth-–-L-c595d--has-a-Forgot-Password-link-mobile-chrome-retry1/trace.zip

    ────────────────────────────────────────────────────────────────────────────────────────────────

  1376) [mobile-chrome] › e2e/customer-behavior.spec.ts:372:7 › Auth – Login page › submitting blank stays on login page 

    Error: page.goto: net::ERR_CONNECTION_REFUSED at http://localhost:4000/auth/login
    Call log:
      - navigating to "http://localhost:4000/auth/login", waiting until "load"


      371 |
      372 |   test("submitting blank stays on login page", async ({ page }) => {
    > 373 |     await page.goto("/auth/login");
          |                ^
      374 |     await page.waitForLoadState("networkidle").catch(() => {});
      375 |     await page.getByRole("button").first().click();
      376 |     expect(page.url()).toMatch(/\/auth\/login|auth\/login/);
        at /home/tbaltzakis/cloudless.gr/e2e/customer-behavior.spec.ts:373:16

    attachment #1: screenshot (image/png) ──────────────────────────────────────────────────────────
    test-results/customer-behavior-Auth-–-L-48239-g-blank-stays-on-login-page-mobile-chrome/test-failed-1.png
    ────────────────────────────────────────────────────────────────────────────────────────────────

    attachment #2: video (video/webm) ──────────────────────────────────────────────────────────────
    test-results/customer-behavior-Auth-–-L-48239-g-blank-stays-on-login-page-mobile-chrome/video.webm
    ────────────────────────────────────────────────────────────────────────────────────────────────

    Error Context: test-results/customer-behavior-Auth-–-L-48239-g-blank-stays-on-login-page-mobile-chrome/error-context.md

    Retry #1 ───────────────────────────────────────────────────────────────────────────────────────

    Error: page.goto: net::ERR_CONNECTION_REFUSED at http://localhost:4000/auth/login
    Call log:
      - navigating to "http://localhost:4000/auth/login", waiting until "load"


      371 |
      372 |   test("submitting blank stays on login page", async ({ page }) => {
    > 373 |     await page.goto("/auth/login");
          |                ^
      374 |     await page.waitForLoadState("networkidle").catch(() => {});
      375 |     await page.getByRole("button").first().click();
      376 |     expect(page.url()).toMatch(/\/auth\/login|auth\/login/);
        at /home/tbaltzakis/cloudless.gr/e2e/customer-behavior.spec.ts:373:16

    attachment #1: screenshot (image/png) ──────────────────────────────────────────────────────────
    test-results/customer-behavior-Auth-–-L-48239-g-blank-stays-on-login-page-mobile-chrome-retry1/test-failed-1.png
    ────────────────────────────────────────────────────────────────────────────────────────────────

    attachment #2: video (video/webm) ──────────────────────────────────────────────────────────────
    test-results/customer-behavior-Auth-–-L-48239-g-blank-stays-on-login-page-mobile-chrome-retry1/video.webm
    ────────────────────────────────────────────────────────────────────────────────────────────────

    Error Context: test-results/customer-behavior-Auth-–-L-48239-g-blank-stays-on-login-page-mobile-chrome-retry1/error-context.md

    attachment #4: trace (application/zip) ─────────────────────────────────────────────────────────
    test-results/customer-behavior-Auth-–-L-48239-g-blank-stays-on-login-page-mobile-chrome-retry1/trace.zip
    Usage:

        npx playwright show-trace test-results/customer-behavior-Auth-–-L-48239-g-blank-stays-on-login-page-mobile-chrome-retry1/trace.zip

    ────────────────────────────────────────────────────────────────────────────────────────────────

  1377) [mobile-chrome] › e2e/customer-behavior.spec.ts:381:7 › Auth – Signup page › renders Full Name, email, password fields and Create Account button 

    Error: page.goto: net::ERR_CONNECTION_REFUSED at http://localhost:4000/auth/signup
    Call log:
      - navigating to "http://localhost:4000/auth/signup", waiting until "load"


      380 | test.describe("Auth – Signup page", () => {
      381 |   test("renders Full Name, email, password fields and Create Account button", async ({ page }) => {
    > 382 |     await page.goto("/auth/signup");
          |                ^
      383 |     await expect(page.locator("#signup-email")).toBeVisible();
      384 |     await expect(page.locator("#signup-password")).toBeVisible();
      385 |     await expect(page.locator("#signup-confirm-password")).toBeVisible();
        at /home/tbaltzakis/cloudless.gr/e2e/customer-behavior.spec.ts:382:16

    attachment #1: screenshot (image/png) ──────────────────────────────────────────────────────────
    test-results/customer-behavior-Auth-–-S-5817d-s-and-Create-Account-button-mobile-chrome/test-failed-1.png
    ────────────────────────────────────────────────────────────────────────────────────────────────

    attachment #2: video (video/webm) ──────────────────────────────────────────────────────────────
    test-results/customer-behavior-Auth-–-S-5817d-s-and-Create-Account-button-mobile-chrome/video.webm
    ────────────────────────────────────────────────────────────────────────────────────────────────

    Error Context: test-results/customer-behavior-Auth-–-S-5817d-s-and-Create-Account-button-mobile-chrome/error-context.md

    Retry #1 ───────────────────────────────────────────────────────────────────────────────────────

    Error: page.goto: net::ERR_CONNECTION_REFUSED at http://localhost:4000/auth/signup
    Call log:
      - navigating to "http://localhost:4000/auth/signup", waiting until "load"


      380 | test.describe("Auth – Signup page", () => {
      381 |   test("renders Full Name, email, password fields and Create Account button", async ({ page }) => {
    > 382 |     await page.goto("/auth/signup");
          |                ^
      383 |     await expect(page.locator("#signup-email")).toBeVisible();
      384 |     await expect(page.locator("#signup-password")).toBeVisible();
      385 |     await expect(page.locator("#signup-confirm-password")).toBeVisible();
        at /home/tbaltzakis/cloudless.gr/e2e/customer-behavior.spec.ts:382:16

    attachment #1: screenshot (image/png) ──────────────────────────────────────────────────────────
    test-results/customer-behavior-Auth-–-S-5817d-s-and-Create-Account-button-mobile-chrome-retry1/test-failed-1.png
    ────────────────────────────────────────────────────────────────────────────────────────────────

    attachment #2: video (video/webm) ──────────────────────────────────────────────────────────────
    test-results/customer-behavior-Auth-–-S-5817d-s-and-Create-Account-button-mobile-chrome-retry1/video.webm
    ────────────────────────────────────────────────────────────────────────────────────────────────

    Error Context: test-results/customer-behavior-Auth-–-S-5817d-s-and-Create-Account-button-mobile-chrome-retry1/error-context.md

    attachment #4: trace (application/zip) ─────────────────────────────────────────────────────────
    test-results/customer-behavior-Auth-–-S-5817d-s-and-Create-Account-button-mobile-chrome-retry1/trace.zip
    Usage:

        npx playwright show-trace test-results/customer-behavior-Auth-–-S-5817d-s-and-Create-Account-button-mobile-chrome-retry1/trace.zip

    ────────────────────────────────────────────────────────────────────────────────────────────────

  1378) [mobile-chrome] › e2e/customer-behavior.spec.ts:389:7 › Auth – Signup page › has a Sign In link back to login 

    Error: page.goto: net::ERR_CONNECTION_REFUSED at http://localhost:4000/auth/signup
    Call log:
      - navigating to "http://localhost:4000/auth/signup", waiting until "load"


      388 |
      389 |   test("has a Sign In link back to login", async ({ page }) => {
    > 390 |     await page.goto("/auth/signup");
          |                ^
      391 |     await page.waitForLoadState("networkidle");
      392 |     await expect(page.locator("#signup-email")).toBeVisible({ timeout: 10000 });
      393 |     // Sign In link sits below the form — scroll it into view
        at /home/tbaltzakis/cloudless.gr/e2e/customer-behavior.spec.ts:390:16

    attachment #1: screenshot (image/png) ──────────────────────────────────────────────────────────
    test-results/customer-behavior-Auth-–-S-329e7--Sign-In-link-back-to-login-mobile-chrome/test-failed-1.png
    ────────────────────────────────────────────────────────────────────────────────────────────────

    attachment #2: video (video/webm) ──────────────────────────────────────────────────────────────
    test-results/customer-behavior-Auth-–-S-329e7--Sign-In-link-back-to-login-mobile-chrome/video.webm
    ────────────────────────────────────────────────────────────────────────────────────────────────

    Error Context: test-results/customer-behavior-Auth-–-S-329e7--Sign-In-link-back-to-login-mobile-chrome/error-context.md

    Retry #1 ───────────────────────────────────────────────────────────────────────────────────────

    Error: page.goto: net::ERR_CONNECTION_REFUSED at http://localhost:4000/auth/signup
    Call log:
      - navigating to "http://localhost:4000/auth/signup", waiting until "load"


      388 |
      389 |   test("has a Sign In link back to login", async ({ page }) => {
    > 390 |     await page.goto("/auth/signup");
          |                ^
      391 |     await page.waitForLoadState("networkidle");
      392 |     await expect(page.locator("#signup-email")).toBeVisible({ timeout: 10000 });
      393 |     // Sign In link sits below the form — scroll it into view
        at /home/tbaltzakis/cloudless.gr/e2e/customer-behavior.spec.ts:390:16

    attachment #1: screenshot (image/png) ──────────────────────────────────────────────────────────
    test-results/customer-behavior-Auth-–-S-329e7--Sign-In-link-back-to-login-mobile-chrome-retry1/test-failed-1.png
    ────────────────────────────────────────────────────────────────────────────────────────────────

    attachment #2: video (video/webm) ──────────────────────────────────────────────────────────────
    test-results/customer-behavior-Auth-–-S-329e7--Sign-In-link-back-to-login-mobile-chrome-retry1/video.webm
    ────────────────────────────────────────────────────────────────────────────────────────────────

    Error Context: test-results/customer-behavior-Auth-–-S-329e7--Sign-In-link-back-to-login-mobile-chrome-retry1/error-context.md

    attachment #4: trace (application/zip) ─────────────────────────────────────────────────────────
    test-results/customer-behavior-Auth-–-S-329e7--Sign-In-link-back-to-login-mobile-chrome-retry1/trace.zip
    Usage:

        npx playwright show-trace test-results/customer-behavior-Auth-–-S-329e7--Sign-In-link-back-to-login-mobile-chrome-retry1/trace.zip

    ────────────────────────────────────────────────────────────────────────────────────────────────

  1379) [mobile-chrome] › e2e/customer-behavior.spec.ts:399:7 › Auth – Signup page › password mismatch shows an error 

    Error: page.goto: net::ERR_CONNECTION_REFUSED at http://localhost:4000/auth/signup
    Call log:
      - navigating to "http://localhost:4000/auth/signup", waiting until "load"


      398 |
      399 |   test("password mismatch shows an error", async ({ page }) => {
    > 400 |     await page.goto("/auth/signup");
          |                ^
      401 |     await expect(page.locator("#signup-email")).toBeVisible();
      402 |     await page.locator("#signup-email").fill("test@example.com");
      403 |     await page.locator("#signup-password").fill("password123");
        at /home/tbaltzakis/cloudless.gr/e2e/customer-behavior.spec.ts:400:16

    attachment #1: screenshot (image/png) ──────────────────────────────────────────────────────────
    test-results/customer-behavior-Auth-–-S-4ca41-ord-mismatch-shows-an-error-mobile-chrome/test-failed-1.png
    ────────────────────────────────────────────────────────────────────────────────────────────────

    attachment #2: video (video/webm) ──────────────────────────────────────────────────────────────
    test-results/customer-behavior-Auth-–-S-4ca41-ord-mismatch-shows-an-error-mobile-chrome/video.webm
    ────────────────────────────────────────────────────────────────────────────────────────────────

    Error Context: test-results/customer-behavior-Auth-–-S-4ca41-ord-mismatch-shows-an-error-mobile-chrome/error-context.md

    Retry #1 ───────────────────────────────────────────────────────────────────────────────────────

    Error: page.goto: net::ERR_CONNECTION_REFUSED at http://localhost:4000/auth/signup
    Call log:
      - navigating to "http://localhost:4000/auth/signup", waiting until "load"


      398 |
      399 |   test("password mismatch shows an error", async ({ page }) => {
    > 400 |     await page.goto("/auth/signup");
          |                ^
      401 |     await expect(page.locator("#signup-email")).toBeVisible();
      402 |     await page.locator("#signup-email").fill("test@example.com");
      403 |     await page.locator("#signup-password").fill("password123");
        at /home/tbaltzakis/cloudless.gr/e2e/customer-behavior.spec.ts:400:16

    attachment #1: screenshot (image/png) ──────────────────────────────────────────────────────────
    test-results/customer-behavior-Auth-–-S-4ca41-ord-mismatch-shows-an-error-mobile-chrome-retry1/test-failed-1.png
    ────────────────────────────────────────────────────────────────────────────────────────────────

    attachment #2: video (video/webm) ──────────────────────────────────────────────────────────────
    test-results/customer-behavior-Auth-–-S-4ca41-ord-mismatch-shows-an-error-mobile-chrome-retry1/video.webm
    ────────────────────────────────────────────────────────────────────────────────────────────────

    Error Context: test-results/customer-behavior-Auth-–-S-4ca41-ord-mismatch-shows-an-error-mobile-chrome-retry1/error-context.md

    attachment #4: trace (application/zip) ─────────────────────────────────────────────────────────
    test-results/customer-behavior-Auth-–-S-4ca41-ord-mismatch-shows-an-error-mobile-chrome-retry1/trace.zip
    Usage:

        npx playwright show-trace test-results/customer-behavior-Auth-–-S-4ca41-ord-mismatch-shows-an-error-mobile-chrome-retry1/trace.zip

    ────────────────────────────────────────────────────────────────────────────────────────────────

  1380) [mobile-chrome] › e2e/customer-behavior.spec.ts:412:7 › Auth – Forgot Password page › renders email input and a submit button 

    Error: page.goto: net::ERR_CONNECTION_REFUSED at http://localhost:4000/auth/forgot-password
    Call log:
      - navigating to "http://localhost:4000/auth/forgot-password", waiting until "load"


      411 | test.describe("Auth – Forgot Password page", () => {
      412 |   test("renders email input and a submit button", async ({ page }) => {
    > 413 |     await page.goto("/auth/forgot-password");
          |                ^
      414 |     await page.waitForLoadState("networkidle");
      415 |     await expect(page.locator("#forgot-email")).toBeVisible({ timeout: 15000 });
      416 |     await expect(page.getByRole("button", { name: /send reset link/i })).toBeVisible();
        at /home/tbaltzakis/cloudless.gr/e2e/customer-behavior.spec.ts:413:16

    attachment #1: screenshot (image/png) ──────────────────────────────────────────────────────────
    test-results/customer-behavior-Auth-–-F-3bdfb-l-input-and-a-submit-button-mobile-chrome/test-failed-1.png
    ────────────────────────────────────────────────────────────────────────────────────────────────

    attachment #2: video (video/webm) ──────────────────────────────────────────────────────────────
    test-results/customer-behavior-Auth-–-F-3bdfb-l-input-and-a-submit-button-mobile-chrome/video.webm
    ────────────────────────────────────────────────────────────────────────────────────────────────

    Error Context: test-results/customer-behavior-Auth-–-F-3bdfb-l-input-and-a-submit-button-mobile-chrome/error-context.md

    Retry #1 ───────────────────────────────────────────────────────────────────────────────────────

    Error: page.goto: net::ERR_CONNECTION_REFUSED at http://localhost:4000/auth/forgot-password
    Call log:
      - navigating to "http://localhost:4000/auth/forgot-password", waiting until "load"


      411 | test.describe("Auth – Forgot Password page", () => {
      412 |   test("renders email input and a submit button", async ({ page }) => {
    > 413 |     await page.goto("/auth/forgot-password");
          |                ^
      414 |     await page.waitForLoadState("networkidle");
      415 |     await expect(page.locator("#forgot-email")).toBeVisible({ timeout: 15000 });
      416 |     await expect(page.getByRole("button", { name: /send reset link/i })).toBeVisible();
        at /home/tbaltzakis/cloudless.gr/e2e/customer-behavior.spec.ts:413:16

    attachment #1: screenshot (image/png) ──────────────────────────────────────────────────────────
    test-results/customer-behavior-Auth-–-F-3bdfb-l-input-and-a-submit-button-mobile-chrome-retry1/test-failed-1.png
    ────────────────────────────────────────────────────────────────────────────────────────────────

    attachment #2: video (video/webm) ──────────────────────────────────────────────────────────────
    test-results/customer-behavior-Auth-–-F-3bdfb-l-input-and-a-submit-button-mobile-chrome-retry1/video.webm
    ────────────────────────────────────────────────────────────────────────────────────────────────

    Error Context: test-results/customer-behavior-Auth-–-F-3bdfb-l-input-and-a-submit-button-mobile-chrome-retry1/error-context.md

    attachment #4: trace (application/zip) ─────────────────────────────────────────────────────────
    test-results/customer-behavior-Auth-–-F-3bdfb-l-input-and-a-submit-button-mobile-chrome-retry1/trace.zip
    Usage:

        npx playwright show-trace test-results/customer-behavior-Auth-–-F-3bdfb-l-input-and-a-submit-button-mobile-chrome-retry1/trace.zip

    ────────────────────────────────────────────────────────────────────────────────────────────────

  1381) [mobile-chrome] › e2e/customer-behavior.spec.ts:423:7 › Newsletter subscribe API › valid email returns non-500 @mutating 

    Error: apiRequestContext.post: connect ECONNREFUSED ::1:4000
    Call log:
      - → POST http://localhost:4000/api/subscribe
        - user-agent: Mozilla/5.0 (Linux; Android 14; Pixel 7) AppleWebKit/537.36 (KHTML, like Gecko) Chrome/151.0.7922.34 Mobile Safari/537.36
        - accept: */*
        - accept-encoding: gzip,deflate,br
        - content-type: application/json
        - content-length: 48

        at apiRequestContext.post: connect ECONNREFUSED ::1:4000
        at /home/tbaltzakis/cloudless.gr/e2e/customer-behavior.spec.ts:424:31

    Error Context: test-results/customer-behavior-Newslett-3f072-il-returns-non-500-mutating-mobile-chrome/error-context.md

    Retry #1 ───────────────────────────────────────────────────────────────────────────────────────

    Error: apiRequestContext.post: connect ECONNREFUSED ::1:4000
    Call log:
      - → POST http://localhost:4000/api/subscribe
        - user-agent: Mozilla/5.0 (Linux; Android 14; Pixel 7) AppleWebKit/537.36 (KHTML, like Gecko) Chrome/151.0.7922.34 Mobile Safari/537.36
        - accept: */*
        - accept-encoding: gzip,deflate,br
        - content-type: application/json
        - content-length: 48

        at apiRequestContext.post: connect ECONNREFUSED ::1:4000
        at /home/tbaltzakis/cloudless.gr/e2e/customer-behavior.spec.ts:424:31

    Error Context: test-results/customer-behavior-Newslett-3f072-il-returns-non-500-mutating-mobile-chrome-retry1/error-context.md

    attachment #2: trace (application/zip) ─────────────────────────────────────────────────────────
    test-results/customer-behavior-Newslett-3f072-il-returns-non-500-mutating-mobile-chrome-retry1/trace.zip
    Usage:

        npx playwright show-trace test-results/customer-behavior-Newslett-3f072-il-returns-non-500-mutating-mobile-chrome-retry1/trace.zip

    ────────────────────────────────────────────────────────────────────────────────────────────────

  1382) [mobile-chrome] › e2e/customer-behavior.spec.ts:430:7 › Newsletter subscribe API › invalid email returns 400 

    Error: apiRequestContext.post: connect ECONNREFUSED ::1:4000
    Call log:
      - → POST http://localhost:4000/api/subscribe
        - user-agent: Mozilla/5.0 (Linux; Android 14; Pixel 7) AppleWebKit/537.36 (KHTML, like Gecko) Chrome/151.0.7922.34 Mobile Safari/537.36
        - accept: */*
        - accept-encoding: gzip,deflate,br
        - content-type: application/json
        - content-length: 24

        at apiRequestContext.post: connect ECONNREFUSED ::1:4000
        at /home/tbaltzakis/cloudless.gr/e2e/customer-behavior.spec.ts:431:31

    Error Context: test-results/customer-behavior-Newslett-da625-I-invalid-email-returns-400-mobile-chrome/error-context.md

    Retry #1 ───────────────────────────────────────────────────────────────────────────────────────

    Error: apiRequestContext.post: connect ECONNREFUSED ::1:4000
    Call log:
      - → POST http://localhost:4000/api/subscribe
        - user-agent: Mozilla/5.0 (Linux; Android 14; Pixel 7) AppleWebKit/537.36 (KHTML, like Gecko) Chrome/151.0.7922.34 Mobile Safari/537.36
        - accept: */*
        - accept-encoding: gzip,deflate,br
        - content-type: application/json
        - content-length: 24

        at apiRequestContext.post: connect ECONNREFUSED ::1:4000
        at /home/tbaltzakis/cloudless.gr/e2e/customer-behavior.spec.ts:431:31

    Error Context: test-results/customer-behavior-Newslett-da625-I-invalid-email-returns-400-mobile-chrome-retry1/error-context.md

    attachment #2: trace (application/zip) ─────────────────────────────────────────────────────────
    test-results/customer-behavior-Newslett-da625-I-invalid-email-returns-400-mobile-chrome-retry1/trace.zip
    Usage:

        npx playwright show-trace test-results/customer-behavior-Newslett-da625-I-invalid-email-returns-400-mobile-chrome-retry1/trace.zip

    ────────────────────────────────────────────────────────────────────────────────────────────────

  1383) [mobile-chrome] › e2e/customer-behavior.spec.ts:438:7 › Newsletter subscribe API › missing email returns 400 

    Error: apiRequestContext.post: connect ECONNREFUSED ::1:4000
    Call log:
      - → POST http://localhost:4000/api/subscribe
        - user-agent: Mozilla/5.0 (Linux; Android 14; Pixel 7) AppleWebKit/537.36 (KHTML, like Gecko) Chrome/151.0.7922.34 Mobile Safari/537.36
        - accept: */*
        - accept-encoding: gzip,deflate,br
        - content-type: application/json
        - content-length: 2

        at apiRequestContext.post: connect ECONNREFUSED ::1:4000
        at /home/tbaltzakis/cloudless.gr/e2e/customer-behavior.spec.ts:439:31

    Error Context: test-results/customer-behavior-Newslett-8a9c9-I-missing-email-returns-400-mobile-chrome/error-context.md

    Retry #1 ───────────────────────────────────────────────────────────────────────────────────────

    Error: apiRequestContext.post: connect ECONNREFUSED ::1:4000
    Call log:
      - → POST http://localhost:4000/api/subscribe
        - user-agent: Mozilla/5.0 (Linux; Android 14; Pixel 7) AppleWebKit/537.36 (KHTML, like Gecko) Chrome/151.0.7922.34 Mobile Safari/537.36
        - accept: */*
        - accept-encoding: gzip,deflate,br
        - content-type: application/json
        - content-length: 2

        at apiRequestContext.post: connect ECONNREFUSED ::1:4000
        at /home/tbaltzakis/cloudless.gr/e2e/customer-behavior.spec.ts:439:31

    Error Context: test-results/customer-behavior-Newslett-8a9c9-I-missing-email-returns-400-mobile-chrome-retry1/error-context.md

    attachment #2: trace (application/zip) ─────────────────────────────────────────────────────────
    test-results/customer-behavior-Newslett-8a9c9-I-missing-email-returns-400-mobile-chrome-retry1/trace.zip
    Usage:

        npx playwright show-trace test-results/customer-behavior-Newslett-8a9c9-I-missing-email-returns-400-mobile-chrome-retry1/trace.zip

    ────────────────────────────────────────────────────────────────────────────────────────────────

  1384) [mobile-chrome] › e2e/customer-behavior.spec.ts:448:7 › Unsubscribe API › missing email returns 400 

    Error: apiRequestContext.post: connect ECONNREFUSED ::1:4000
    Call log:
      - → POST http://localhost:4000/api/unsubscribe
        - user-agent: Mozilla/5.0 (Linux; Android 14; Pixel 7) AppleWebKit/537.36 (KHTML, like Gecko) Chrome/151.0.7922.34 Mobile Safari/537.36
        - accept: */*
        - accept-encoding: gzip,deflate,br
        - content-type: application/json
        - content-length: 2

        at apiRequestContext.post: connect ECONNREFUSED ::1:4000
        at /home/tbaltzakis/cloudless.gr/e2e/customer-behavior.spec.ts:449:31

    Error Context: test-results/customer-behavior-Unsubscribe-API-missing-email-returns-400-mobile-chrome/error-context.md

    Retry #1 ───────────────────────────────────────────────────────────────────────────────────────

    Error: apiRequestContext.post: connect ECONNREFUSED ::1:4000
    Call log:
      - → POST http://localhost:4000/api/unsubscribe
        - user-agent: Mozilla/5.0 (Linux; Android 14; Pixel 7) AppleWebKit/537.36 (KHTML, like Gecko) Chrome/151.0.7922.34 Mobile Safari/537.36
        - accept: */*
        - accept-encoding: gzip,deflate,br
        - content-type: application/json
        - content-length: 2

        at apiRequestContext.post: connect ECONNREFUSED ::1:4000
        at /home/tbaltzakis/cloudless.gr/e2e/customer-behavior.spec.ts:449:31

    Error Context: test-results/customer-behavior-Unsubscribe-API-missing-email-returns-400-mobile-chrome-retry1/error-context.md

    attachment #2: trace (application/zip) ─────────────────────────────────────────────────────────
    test-results/customer-behavior-Unsubscribe-API-missing-email-returns-400-mobile-chrome-retry1/trace.zip
    Usage:

        npx playwright show-trace test-results/customer-behavior-Unsubscribe-API-missing-email-returns-400-mobile-chrome-retry1/trace.zip

    ────────────────────────────────────────────────────────────────────────────────────────────────

  1385) [mobile-chrome] › e2e/customer-behavior.spec.ts:458:7 › Calendar booking API › GET /api/calendar/availability returns JSON (200 or 503) 

    Error: apiRequestContext.get: connect ECONNREFUSED ::1:4000
    Call log:
      - → GET http://localhost:4000/api/calendar/availability
        - user-agent: Mozilla/5.0 (Linux; Android 14; Pixel 7) AppleWebKit/537.36 (KHTML, like Gecko) Chrome/151.0.7922.34 Mobile Safari/537.36
        - accept: */*
        - accept-encoding: gzip,deflate,br

        at apiRequestContext.get: connect ECONNREFUSED ::1:4000
        at /home/tbaltzakis/cloudless.gr/e2e/customer-behavior.spec.ts:459:31

    Error Context: test-results/customer-behavior-Calendar-024f3-ty-returns-JSON-200-or-503--mobile-chrome/error-context.md

    Retry #1 ───────────────────────────────────────────────────────────────────────────────────────

    Error: apiRequestContext.get: connect ECONNREFUSED ::1:4000
    Call log:
      - → GET http://localhost:4000/api/calendar/availability
        - user-agent: Mozilla/5.0 (Linux; Android 14; Pixel 7) AppleWebKit/537.36 (KHTML, like Gecko) Chrome/151.0.7922.34 Mobile Safari/537.36
        - accept: */*
        - accept-encoding: gzip,deflate,br

        at apiRequestContext.get: connect ECONNREFUSED ::1:4000
        at /home/tbaltzakis/cloudless.gr/e2e/customer-behavior.spec.ts:459:31

    Error Context: test-results/customer-behavior-Calendar-024f3-ty-returns-JSON-200-or-503--mobile-chrome-retry1/error-context.md

    attachment #2: trace (application/zip) ─────────────────────────────────────────────────────────
    test-results/customer-behavior-Calendar-024f3-ty-returns-JSON-200-or-503--mobile-chrome-retry1/trace.zip
    Usage:

        npx playwright show-trace test-results/customer-behavior-Calendar-024f3-ty-returns-JSON-200-or-503--mobile-chrome-retry1/trace.zip

    ────────────────────────────────────────────────────────────────────────────────────────────────

  1386) [mobile-chrome] › e2e/customer-behavior.spec.ts:467:7 › Calendar booking API › POST /api/calendar/book without required fields returns 4xx or 503 

    Error: apiRequestContext.post: connect ECONNREFUSED ::1:4000
    Call log:
      - → POST http://localhost:4000/api/calendar/book
        - user-agent: Mozilla/5.0 (Linux; Android 14; Pixel 7) AppleWebKit/537.36 (KHTML, like Gecko) Chrome/151.0.7922.34 Mobile Safari/537.36
        - accept: */*
        - accept-encoding: gzip,deflate,br
        - content-type: application/json
        - content-length: 2

        at apiRequestContext.post: connect ECONNREFUSED ::1:4000
        at /home/tbaltzakis/cloudless.gr/e2e/customer-behavior.spec.ts:468:31

    Error Context: test-results/customer-behavior-Calendar-8c8d2-d-fields-returns-4xx-or-503-mobile-chrome/error-context.md

    Retry #1 ───────────────────────────────────────────────────────────────────────────────────────

    Error: apiRequestContext.post: connect ECONNREFUSED ::1:4000
    Call log:
      - → POST http://localhost:4000/api/calendar/book
        - user-agent: Mozilla/5.0 (Linux; Android 14; Pixel 7) AppleWebKit/537.36 (KHTML, like Gecko) Chrome/151.0.7922.34 Mobile Safari/537.36
        - accept: */*
        - accept-encoding: gzip,deflate,br
        - content-type: application/json
        - content-length: 2

        at apiRequestContext.post: connect ECONNREFUSED ::1:4000
        at /home/tbaltzakis/cloudless.gr/e2e/customer-behavior.spec.ts:468:31

    Error Context: test-results/customer-behavior-Calendar-8c8d2-d-fields-returns-4xx-or-503-mobile-chrome-retry1/error-context.md

    attachment #2: trace (application/zip) ─────────────────────────────────────────────────────────
    test-results/customer-behavior-Calendar-8c8d2-d-fields-returns-4xx-or-503-mobile-chrome-retry1/trace.zip
    Usage:

        npx playwright show-trace test-results/customer-behavior-Calendar-8c8d2-d-fields-returns-4xx-or-503-mobile-chrome-retry1/trace.zip

    ────────────────────────────────────────────────────────────────────────────────────────────────

  1387) [mobile-chrome] › e2e/customer-behavior.spec.ts:478:7 › Portal – unauthenticated › portal/waiting renders without crashing 

    Error: page.goto: net::ERR_CONNECTION_REFUSED at http://localhost:4000/portal/waiting
    Call log:
      - navigating to "http://localhost:4000/portal/waiting", waiting until "load"


      477 | test.describe("Portal – unauthenticated", () => {
      478 |   test("portal/waiting renders without crashing", async ({ page }) => {
    > 479 |     await page.goto("/portal/waiting");
          |                ^
      480 |     await expect(page.locator("body")).toBeVisible();
      481 |   });
      482 |
        at /home/tbaltzakis/cloudless.gr/e2e/customer-behavior.spec.ts:479:16

    attachment #1: screenshot (image/png) ──────────────────────────────────────────────────────────
    test-results/customer-behavior-Portal-–-a08e9-ng-renders-without-crashing-mobile-chrome/test-failed-1.png
    ────────────────────────────────────────────────────────────────────────────────────────────────

    attachment #2: video (video/webm) ──────────────────────────────────────────────────────────────
    test-results/customer-behavior-Portal-–-a08e9-ng-renders-without-crashing-mobile-chrome/video.webm
    ────────────────────────────────────────────────────────────────────────────────────────────────

    Error Context: test-results/customer-behavior-Portal-–-a08e9-ng-renders-without-crashing-mobile-chrome/error-context.md

    Retry #1 ───────────────────────────────────────────────────────────────────────────────────────

    Error: page.goto: net::ERR_CONNECTION_REFUSED at http://localhost:4000/portal/waiting
    Call log:
      - navigating to "http://localhost:4000/portal/waiting", waiting until "load"


      477 | test.describe("Portal – unauthenticated", () => {
      478 |   test("portal/waiting renders without crashing", async ({ page }) => {
    > 479 |     await page.goto("/portal/waiting");
          |                ^
      480 |     await expect(page.locator("body")).toBeVisible();
      481 |   });
      482 |
        at /home/tbaltzakis/cloudless.gr/e2e/customer-behavior.spec.ts:479:16

    attachment #1: screenshot (image/png) ──────────────────────────────────────────────────────────
    test-results/customer-behavior-Portal-–-a08e9-ng-renders-without-crashing-mobile-chrome-retry1/test-failed-1.png
    ────────────────────────────────────────────────────────────────────────────────────────────────

    attachment #2: video (video/webm) ──────────────────────────────────────────────────────────────
    test-results/customer-behavior-Portal-–-a08e9-ng-renders-without-crashing-mobile-chrome-retry1/video.webm
    ────────────────────────────────────────────────────────────────────────────────────────────────

    Error Context: test-results/customer-behavior-Portal-–-a08e9-ng-renders-without-crashing-mobile-chrome-retry1/error-context.md

    attachment #4: trace (application/zip) ─────────────────────────────────────────────────────────
    test-results/customer-behavior-Portal-–-a08e9-ng-renders-without-crashing-mobile-chrome-retry1/trace.zip
    Usage:

        npx playwright show-trace test-results/customer-behavior-Portal-–-a08e9-ng-renders-without-crashing-mobile-chrome-retry1/trace.zip

    ────────────────────────────────────────────────────────────────────────────────────────────────

  1388) [mobile-chrome] › e2e/customer-behavior.spec.ts:483:7 › Portal – unauthenticated › portal with fake token does not 500 

    Error: page.goto: net::ERR_CONNECTION_REFUSED at http://localhost:4000/portal/fake-token-xyz
    Call log:
      - navigating to "http://localhost:4000/portal/fake-token-xyz", waiting until "load"


      482 |
      483 |   test("portal with fake token does not 500", async ({ page }) => {
    > 484 |     const res = await page.goto("/portal/fake-token-xyz");
          |                            ^
      485 |     expect(res?.status()).not.toBe(500);
      486 |   });
      487 | });
        at /home/tbaltzakis/cloudless.gr/e2e/customer-behavior.spec.ts:484:28

    attachment #1: screenshot (image/png) ──────────────────────────────────────────────────────────
    test-results/customer-behavior-Portal-–-b4a8c-ith-fake-token-does-not-500-mobile-chrome/test-failed-1.png
    ────────────────────────────────────────────────────────────────────────────────────────────────

    attachment #2: video (video/webm) ──────────────────────────────────────────────────────────────
    test-results/customer-behavior-Portal-–-b4a8c-ith-fake-token-does-not-500-mobile-chrome/video.webm
    ────────────────────────────────────────────────────────────────────────────────────────────────

    Error Context: test-results/customer-behavior-Portal-–-b4a8c-ith-fake-token-does-not-500-mobile-chrome/error-context.md

    Retry #1 ───────────────────────────────────────────────────────────────────────────────────────

    Error: page.goto: net::ERR_CONNECTION_REFUSED at http://localhost:4000/portal/fake-token-xyz
    Call log:
      - navigating to "http://localhost:4000/portal/fake-token-xyz", waiting until "load"


      482 |
      483 |   test("portal with fake token does not 500", async ({ page }) => {
    > 484 |     const res = await page.goto("/portal/fake-token-xyz");
          |                            ^
      485 |     expect(res?.status()).not.toBe(500);
      486 |   });
      487 | });
        at /home/tbaltzakis/cloudless.gr/e2e/customer-behavior.spec.ts:484:28

    attachment #1: screenshot (image/png) ──────────────────────────────────────────────────────────
    test-results/customer-behavior-Portal-–-b4a8c-ith-fake-token-does-not-500-mobile-chrome-retry1/test-failed-1.png
    ────────────────────────────────────────────────────────────────────────────────────────────────

    attachment #2: video (video/webm) ──────────────────────────────────────────────────────────────
    test-results/customer-behavior-Portal-–-b4a8c-ith-fake-token-does-not-500-mobile-chrome-retry1/video.webm
    ────────────────────────────────────────────────────────────────────────────────────────────────

    Error Context: test-results/customer-behavior-Portal-–-b4a8c-ith-fake-token-does-not-500-mobile-chrome-retry1/error-context.md

    attachment #4: trace (application/zip) ─────────────────────────────────────────────────────────
    test-results/customer-behavior-Portal-–-b4a8c-ith-fake-token-does-not-500-mobile-chrome-retry1/trace.zip
    Usage:

        npx playwright show-trace test-results/customer-behavior-Portal-–-b4a8c-ith-fake-token-does-not-500-mobile-chrome-retry1/trace.zip

    ────────────────────────────────────────────────────────────────────────────────────────────────

  1389) [mobile-chrome] › e2e/customer-behavior.spec.ts:498:9 › Legal pages › Privacy page renders h1 

    Error: page.goto: net::ERR_CONNECTION_REFUSED at http://localhost:4000/privacy
    Call log:
      - navigating to "http://localhost:4000/privacy", waiting until "load"


      497 |   ]) {
      498 |     test(`${label} page renders h1`, async ({ page }) => {
    > 499 |       await page.goto(path);
          |                  ^
      500 |       await expect(page.getByRole("heading", { level: 1 })).toBeVisible();
      501 |     });
      502 |   }
        at /home/tbaltzakis/cloudless.gr/e2e/customer-behavior.spec.ts:499:18

    attachment #1: screenshot (image/png) ──────────────────────────────────────────────────────────
    test-results/customer-behavior-Legal-pages-Privacy-page-renders-h1-mobile-chrome/test-failed-1.png
    ────────────────────────────────────────────────────────────────────────────────────────────────

    attachment #2: video (video/webm) ──────────────────────────────────────────────────────────────
    test-results/customer-behavior-Legal-pages-Privacy-page-renders-h1-mobile-chrome/video.webm
    ────────────────────────────────────────────────────────────────────────────────────────────────

    Error Context: test-results/customer-behavior-Legal-pages-Privacy-page-renders-h1-mobile-chrome/error-context.md

    Retry #1 ───────────────────────────────────────────────────────────────────────────────────────

    Error: page.goto: net::ERR_CONNECTION_REFUSED at http://localhost:4000/privacy
    Call log:
      - navigating to "http://localhost:4000/privacy", waiting until "load"


      497 |   ]) {
      498 |     test(`${label} page renders h1`, async ({ page }) => {
    > 499 |       await page.goto(path);
          |                  ^
      500 |       await expect(page.getByRole("heading", { level: 1 })).toBeVisible();
      501 |     });
      502 |   }
        at /home/tbaltzakis/cloudless.gr/e2e/customer-behavior.spec.ts:499:18

    attachment #1: screenshot (image/png) ──────────────────────────────────────────────────────────
    test-results/customer-behavior-Legal-pages-Privacy-page-renders-h1-mobile-chrome-retry1/test-failed-1.png
    ────────────────────────────────────────────────────────────────────────────────────────────────

    attachment #2: video (video/webm) ──────────────────────────────────────────────────────────────
    test-results/customer-behavior-Legal-pages-Privacy-page-renders-h1-mobile-chrome-retry1/video.webm
    ────────────────────────────────────────────────────────────────────────────────────────────────

    Error Context: test-results/customer-behavior-Legal-pages-Privacy-page-renders-h1-mobile-chrome-retry1/error-context.md

    attachment #4: trace (application/zip) ─────────────────────────────────────────────────────────
    test-results/customer-behavior-Legal-pages-Privacy-page-renders-h1-mobile-chrome-retry1/trace.zip
    Usage:

        npx playwright show-trace test-results/customer-behavior-Legal-pages-Privacy-page-renders-h1-mobile-chrome-retry1/trace.zip

    ────────────────────────────────────────────────────────────────────────────────────────────────

  1390) [mobile-chrome] › e2e/customer-behavior.spec.ts:498:9 › Legal pages › Terms page renders h1 

    Error: page.goto: net::ERR_CONNECTION_REFUSED at http://localhost:4000/terms
    Call log:
      - navigating to "http://localhost:4000/terms", waiting until "load"


      497 |   ]) {
      498 |     test(`${label} page renders h1`, async ({ page }) => {
    > 499 |       await page.goto(path);
          |                  ^
      500 |       await expect(page.getByRole("heading", { level: 1 })).toBeVisible();
      501 |     });
      502 |   }
        at /home/tbaltzakis/cloudless.gr/e2e/customer-behavior.spec.ts:499:18

    attachment #1: screenshot (image/png) ──────────────────────────────────────────────────────────
    test-results/customer-behavior-Legal-pages-Terms-page-renders-h1-mobile-chrome/test-failed-1.png
    ────────────────────────────────────────────────────────────────────────────────────────────────

    attachment #2: video (video/webm) ──────────────────────────────────────────────────────────────
    test-results/customer-behavior-Legal-pages-Terms-page-renders-h1-mobile-chrome/video.webm
    ────────────────────────────────────────────────────────────────────────────────────────────────

    Error Context: test-results/customer-behavior-Legal-pages-Terms-page-renders-h1-mobile-chrome/error-context.md

    Retry #1 ───────────────────────────────────────────────────────────────────────────────────────

    Error: page.goto: net::ERR_CONNECTION_REFUSED at http://localhost:4000/terms
    Call log:
      - navigating to "http://localhost:4000/terms", waiting until "load"


      497 |   ]) {
      498 |     test(`${label} page renders h1`, async ({ page }) => {
    > 499 |       await page.goto(path);
          |                  ^
      500 |       await expect(page.getByRole("heading", { level: 1 })).toBeVisible();
      501 |     });
      502 |   }
        at /home/tbaltzakis/cloudless.gr/e2e/customer-behavior.spec.ts:499:18

    attachment #1: screenshot (image/png) ──────────────────────────────────────────────────────────
    test-results/customer-behavior-Legal-pages-Terms-page-renders-h1-mobile-chrome-retry1/test-failed-1.png
    ────────────────────────────────────────────────────────────────────────────────────────────────

    attachment #2: video (video/webm) ──────────────────────────────────────────────────────────────
    test-results/customer-behavior-Legal-pages-Terms-page-renders-h1-mobile-chrome-retry1/video.webm
    ────────────────────────────────────────────────────────────────────────────────────────────────

    Error Context: test-results/customer-behavior-Legal-pages-Terms-page-renders-h1-mobile-chrome-retry1/error-context.md

    attachment #4: trace (application/zip) ─────────────────────────────────────────────────────────
    test-results/customer-behavior-Legal-pages-Terms-page-renders-h1-mobile-chrome-retry1/trace.zip
    Usage:

        npx playwright show-trace test-results/customer-behavior-Legal-pages-Terms-page-renders-h1-mobile-chrome-retry1/trace.zip

    ────────────────────────────────────────────────────────────────────────────────────────────────

  1391) [mobile-chrome] › e2e/customer-behavior.spec.ts:498:9 › Legal pages › Cookies page renders h1 

    Error: page.goto: net::ERR_CONNECTION_REFUSED at http://localhost:4000/cookies
    Call log:
      - navigating to "http://localhost:4000/cookies", waiting until "load"


      497 |   ]) {
      498 |     test(`${label} page renders h1`, async ({ page }) => {
    > 499 |       await page.goto(path);
          |                  ^
      500 |       await expect(page.getByRole("heading", { level: 1 })).toBeVisible();
      501 |     });
      502 |   }
        at /home/tbaltzakis/cloudless.gr/e2e/customer-behavior.spec.ts:499:18

    attachment #1: screenshot (image/png) ──────────────────────────────────────────────────────────
    test-results/customer-behavior-Legal-pages-Cookies-page-renders-h1-mobile-chrome/test-failed-1.png
    ────────────────────────────────────────────────────────────────────────────────────────────────

    attachment #2: video (video/webm) ──────────────────────────────────────────────────────────────
    test-results/customer-behavior-Legal-pages-Cookies-page-renders-h1-mobile-chrome/video.webm
    ────────────────────────────────────────────────────────────────────────────────────────────────

    Error Context: test-results/customer-behavior-Legal-pages-Cookies-page-renders-h1-mobile-chrome/error-context.md

    Retry #1 ───────────────────────────────────────────────────────────────────────────────────────

    Error: page.goto: net::ERR_CONNECTION_REFUSED at http://localhost:4000/cookies
    Call log:
      - navigating to "http://localhost:4000/cookies", waiting until "load"


      497 |   ]) {
      498 |     test(`${label} page renders h1`, async ({ page }) => {
    > 499 |       await page.goto(path);
          |                  ^
      500 |       await expect(page.getByRole("heading", { level: 1 })).toBeVisible();
      501 |     });
      502 |   }
        at /home/tbaltzakis/cloudless.gr/e2e/customer-behavior.spec.ts:499:18

    attachment #1: screenshot (image/png) ──────────────────────────────────────────────────────────
    test-results/customer-behavior-Legal-pages-Cookies-page-renders-h1-mobile-chrome-retry1/test-failed-1.png
    ────────────────────────────────────────────────────────────────────────────────────────────────

    attachment #2: video (video/webm) ──────────────────────────────────────────────────────────────
    test-results/customer-behavior-Legal-pages-Cookies-page-renders-h1-mobile-chrome-retry1/video.webm
    ────────────────────────────────────────────────────────────────────────────────────────────────

    Error Context: test-results/customer-behavior-Legal-pages-Cookies-page-renders-h1-mobile-chrome-retry1/error-context.md

    attachment #4: trace (application/zip) ─────────────────────────────────────────────────────────
    test-results/customer-behavior-Legal-pages-Cookies-page-renders-h1-mobile-chrome-retry1/trace.zip
    Usage:

        npx playwright show-trace test-results/customer-behavior-Legal-pages-Cookies-page-renders-h1-mobile-chrome-retry1/trace.zip

    ────────────────────────────────────────────────────────────────────────────────────────────────

  1392) [mobile-chrome] › e2e/customer-behavior.spec.ts:498:9 › Legal pages › Refund page renders h1 

    Error: page.goto: net::ERR_CONNECTION_REFUSED at http://localhost:4000/refund
    Call log:
      - navigating to "http://localhost:4000/refund", waiting until "load"


      497 |   ]) {
      498 |     test(`${label} page renders h1`, async ({ page }) => {
    > 499 |       await page.goto(path);
          |                  ^
      500 |       await expect(page.getByRole("heading", { level: 1 })).toBeVisible();
      501 |     });
      502 |   }
        at /home/tbaltzakis/cloudless.gr/e2e/customer-behavior.spec.ts:499:18

    attachment #1: screenshot (image/png) ──────────────────────────────────────────────────────────
    test-results/customer-behavior-Legal-pages-Refund-page-renders-h1-mobile-chrome/test-failed-1.png
    ────────────────────────────────────────────────────────────────────────────────────────────────

    attachment #2: video (video/webm) ──────────────────────────────────────────────────────────────
    test-results/customer-behavior-Legal-pages-Refund-page-renders-h1-mobile-chrome/video.webm
    ────────────────────────────────────────────────────────────────────────────────────────────────

    Error Context: test-results/customer-behavior-Legal-pages-Refund-page-renders-h1-mobile-chrome/error-context.md

    Retry #1 ───────────────────────────────────────────────────────────────────────────────────────

    Error: page.goto: net::ERR_CONNECTION_REFUSED at http://localhost:4000/refund
    Call log:
      - navigating to "http://localhost:4000/refund", waiting until "load"


      497 |   ]) {
      498 |     test(`${label} page renders h1`, async ({ page }) => {
    > 499 |       await page.goto(path);
          |                  ^
      500 |       await expect(page.getByRole("heading", { level: 1 })).toBeVisible();
      501 |     });
      502 |   }
        at /home/tbaltzakis/cloudless.gr/e2e/customer-behavior.spec.ts:499:18

    attachment #1: screenshot (image/png) ──────────────────────────────────────────────────────────
    test-results/customer-behavior-Legal-pages-Refund-page-renders-h1-mobile-chrome-retry1/test-failed-1.png
    ────────────────────────────────────────────────────────────────────────────────────────────────

    attachment #2: video (video/webm) ──────────────────────────────────────────────────────────────
    test-results/customer-behavior-Legal-pages-Refund-page-renders-h1-mobile-chrome-retry1/video.webm
    ────────────────────────────────────────────────────────────────────────────────────────────────

    Error Context: test-results/customer-behavior-Legal-pages-Refund-page-renders-h1-mobile-chrome-retry1/error-context.md

    attachment #4: trace (application/zip) ─────────────────────────────────────────────────────────
    test-results/customer-behavior-Legal-pages-Refund-page-renders-h1-mobile-chrome-retry1/trace.zip
    Usage:

        npx playwright show-trace test-results/customer-behavior-Legal-pages-Refund-page-renders-h1-mobile-chrome-retry1/trace.zip

    ────────────────────────────────────────────────────────────────────────────────────────────────

  1393) [mobile-chrome] › e2e/customer-behavior.spec.ts:508:7 › Internationalisation › Greek locale /el renders without crashing 

    Error: page.goto: net::ERR_CONNECTION_REFUSED at http://localhost:4000/el
    Call log:
      - navigating to "http://localhost:4000/el", waiting until "load"


      507 | test.describe("Internationalisation", () => {
      508 |   test("Greek locale /el renders without crashing", async ({ page }) => {
    > 509 |     await page.goto("/el");
          |                ^
      510 |     await expect(page.getByRole("heading", { level: 1 })).toBeVisible();
      511 |   });
      512 |
        at /home/tbaltzakis/cloudless.gr/e2e/customer-behavior.spec.ts:509:16

    attachment #1: screenshot (image/png) ──────────────────────────────────────────────────────────
    test-results/customer-behavior-Internat-76449-el-renders-without-crashing-mobile-chrome/test-failed-1.png
    ────────────────────────────────────────────────────────────────────────────────────────────────

    attachment #2: video (video/webm) ──────────────────────────────────────────────────────────────
    test-results/customer-behavior-Internat-76449-el-renders-without-crashing-mobile-chrome/video.webm
    ────────────────────────────────────────────────────────────────────────────────────────────────

    Error Context: test-results/customer-behavior-Internat-76449-el-renders-without-crashing-mobile-chrome/error-context.md

    Retry #1 ───────────────────────────────────────────────────────────────────────────────────────

    Error: page.goto: net::ERR_CONNECTION_REFUSED at http://localhost:4000/el
    Call log:
      - navigating to "http://localhost:4000/el", waiting until "load"


      507 | test.describe("Internationalisation", () => {
      508 |   test("Greek locale /el renders without crashing", async ({ page }) => {
    > 509 |     await page.goto("/el");
          |                ^
      510 |     await expect(page.getByRole("heading", { level: 1 })).toBeVisible();
      511 |   });
      512 |
        at /home/tbaltzakis/cloudless.gr/e2e/customer-behavior.spec.ts:509:16

    attachment #1: screenshot (image/png) ──────────────────────────────────────────────────────────
    test-results/customer-behavior-Internat-76449-el-renders-without-crashing-mobile-chrome-retry1/test-failed-1.png
    ────────────────────────────────────────────────────────────────────────────────────────────────

    attachment #2: video (video/webm) ──────────────────────────────────────────────────────────────
    test-results/customer-behavior-Internat-76449-el-renders-without-crashing-mobile-chrome-retry1/video.webm
    ────────────────────────────────────────────────────────────────────────────────────────────────

    Error Context: test-results/customer-behavior-Internat-76449-el-renders-without-crashing-mobile-chrome-retry1/error-context.md

    attachment #4: trace (application/zip) ─────────────────────────────────────────────────────────
    test-results/customer-behavior-Internat-76449-el-renders-without-crashing-mobile-chrome-retry1/trace.zip
    Usage:

        npx playwright show-trace test-results/customer-behavior-Internat-76449-el-renders-without-crashing-mobile-chrome-retry1/trace.zip

    ────────────────────────────────────────────────────────────────────────────────────────────────

  1394) [mobile-chrome] › e2e/customer-behavior.spec.ts:513:7 › Internationalisation › both /en and /el homepages have an h1 

    Error: page.goto: net::ERR_CONNECTION_REFUSED at http://localhost:4000/
    Call log:
      - navigating to "http://localhost:4000/", waiting until "load"


      512 |
      513 |   test("both /en and /el homepages have an h1", async ({ page }) => {
    > 514 |     await page.goto("/");
          |                ^
      515 |     const enH1 = await page.getByRole("heading", { level: 1 }).textContent();
      516 |     expect(enH1).toBeTruthy();
      517 |
        at /home/tbaltzakis/cloudless.gr/e2e/customer-behavior.spec.ts:514:16

    attachment #1: screenshot (image/png) ──────────────────────────────────────────────────────────
    test-results/customer-behavior-Internat-086a7-and-el-homepages-have-an-h1-mobile-chrome/test-failed-1.png
    ────────────────────────────────────────────────────────────────────────────────────────────────

    attachment #2: video (video/webm) ──────────────────────────────────────────────────────────────
    test-results/customer-behavior-Internat-086a7-and-el-homepages-have-an-h1-mobile-chrome/video.webm
    ────────────────────────────────────────────────────────────────────────────────────────────────

    Error Context: test-results/customer-behavior-Internat-086a7-and-el-homepages-have-an-h1-mobile-chrome/error-context.md

    Retry #1 ───────────────────────────────────────────────────────────────────────────────────────

    Error: page.goto: net::ERR_CONNECTION_REFUSED at http://localhost:4000/
    Call log:
      - navigating to "http://localhost:4000/", waiting until "load"


      512 |
      513 |   test("both /en and /el homepages have an h1", async ({ page }) => {
    > 514 |     await page.goto("/");
          |                ^
      515 |     const enH1 = await page.getByRole("heading", { level: 1 }).textContent();
      516 |     expect(enH1).toBeTruthy();
      517 |
        at /home/tbaltzakis/cloudless.gr/e2e/customer-behavior.spec.ts:514:16

    attachment #1: screenshot (image/png) ──────────────────────────────────────────────────────────
    test-results/customer-behavior-Internat-086a7-and-el-homepages-have-an-h1-mobile-chrome-retry1/test-failed-1.png
    ────────────────────────────────────────────────────────────────────────────────────────────────

    attachment #2: video (video/webm) ──────────────────────────────────────────────────────────────
    test-results/customer-behavior-Internat-086a7-and-el-homepages-have-an-h1-mobile-chrome-retry1/video.webm
    ────────────────────────────────────────────────────────────────────────────────────────────────

    Error Context: test-results/customer-behavior-Internat-086a7-and-el-homepages-have-an-h1-mobile-chrome-retry1/error-context.md

    attachment #4: trace (application/zip) ─────────────────────────────────────────────────────────
    test-results/customer-behavior-Internat-086a7-and-el-homepages-have-an-h1-mobile-chrome-retry1/trace.zip
    Usage:

        npx playwright show-trace test-results/customer-behavior-Internat-086a7-and-el-homepages-have-an-h1-mobile-chrome-retry1/trace.zip

    ────────────────────────────────────────────────────────────────────────────────────────────────

  1395) [mobile-chrome] › e2e/customer-behavior.spec.ts:527:7 › 404 handling › unknown route returns 404 status 

    Error: page.goto: net::ERR_CONNECTION_REFUSED at http://localhost:4000/this-page-xyz-does-not-exist
    Call log:
      - navigating to "http://localhost:4000/this-page-xyz-does-not-exist", waiting until "load"


      526 | test.describe("404 handling", () => {
      527 |   test("unknown route returns 404 status", async ({ page }) => {
    > 528 |     const res = await page.goto("/this-page-xyz-does-not-exist");
          |                            ^
      529 |     expect(res?.status()).toBe(404);
      530 |   });
      531 |
        at /home/tbaltzakis/cloudless.gr/e2e/customer-behavior.spec.ts:528:28

    attachment #1: screenshot (image/png) ──────────────────────────────────────────────────────────
    test-results/customer-behavior-404-hand-5f23a-wn-route-returns-404-status-mobile-chrome/test-failed-1.png
    ────────────────────────────────────────────────────────────────────────────────────────────────

    attachment #2: video (video/webm) ──────────────────────────────────────────────────────────────
    test-results/customer-behavior-404-hand-5f23a-wn-route-returns-404-status-mobile-chrome/video.webm
    ────────────────────────────────────────────────────────────────────────────────────────────────

    Error Context: test-results/customer-behavior-404-hand-5f23a-wn-route-returns-404-status-mobile-chrome/error-context.md

    Retry #1 ───────────────────────────────────────────────────────────────────────────────────────

    Error: page.goto: net::ERR_CONNECTION_REFUSED at http://localhost:4000/this-page-xyz-does-not-exist
    Call log:
      - navigating to "http://localhost:4000/this-page-xyz-does-not-exist", waiting until "load"


      526 | test.describe("404 handling", () => {
      527 |   test("unknown route returns 404 status", async ({ page }) => {
    > 528 |     const res = await page.goto("/this-page-xyz-does-not-exist");
          |                            ^
      529 |     expect(res?.status()).toBe(404);
      530 |   });
      531 |
        at /home/tbaltzakis/cloudless.gr/e2e/customer-behavior.spec.ts:528:28

    attachment #1: screenshot (image/png) ──────────────────────────────────────────────────────────
    test-results/customer-behavior-404-hand-5f23a-wn-route-returns-404-status-mobile-chrome-retry1/test-failed-1.png
    ────────────────────────────────────────────────────────────────────────────────────────────────

    attachment #2: video (video/webm) ──────────────────────────────────────────────────────────────
    test-results/customer-behavior-404-hand-5f23a-wn-route-returns-404-status-mobile-chrome-retry1/video.webm
    ────────────────────────────────────────────────────────────────────────────────────────────────

    Error Context: test-results/customer-behavior-404-hand-5f23a-wn-route-returns-404-status-mobile-chrome-retry1/error-context.md

    attachment #4: trace (application/zip) ─────────────────────────────────────────────────────────
    test-results/customer-behavior-404-hand-5f23a-wn-route-returns-404-status-mobile-chrome-retry1/trace.zip
    Usage:

        npx playwright show-trace test-results/customer-behavior-404-hand-5f23a-wn-route-returns-404-status-mobile-chrome-retry1/trace.zip

    ────────────────────────────────────────────────────────────────────────────────────────────────

  1396) [mobile-chrome] › e2e/customer-behavior.spec.ts:532:7 › 404 handling › 404 page has a message and a home link 

    Error: page.goto: net::ERR_CONNECTION_REFUSED at http://localhost:4000/this-page-xyz-does-not-exist
    Call log:
      - navigating to "http://localhost:4000/this-page-xyz-does-not-exist", waiting until "load"


      531 |
      532 |   test("404 page has a message and a home link", async ({ page }) => {
    > 533 |     await page.goto("/this-page-xyz-does-not-exist");
          |                ^
      534 |     const body = await page.locator("body").textContent();
      535 |     expect(body).toMatch(/not found|404|missing|doesn't exist/i);
      536 |     const homeLink = page.getByRole("link", { name: /home|go back|return/i });
        at /home/tbaltzakis/cloudless.gr/e2e/customer-behavior.spec.ts:533:16

    attachment #1: screenshot (image/png) ──────────────────────────────────────────────────────────
    test-results/customer-behavior-404-hand-77451-s-a-message-and-a-home-link-mobile-chrome/test-failed-1.png
    ────────────────────────────────────────────────────────────────────────────────────────────────

    attachment #2: video (video/webm) ──────────────────────────────────────────────────────────────
    test-results/customer-behavior-404-hand-77451-s-a-message-and-a-home-link-mobile-chrome/video.webm
    ────────────────────────────────────────────────────────────────────────────────────────────────

    Error Context: test-results/customer-behavior-404-hand-77451-s-a-message-and-a-home-link-mobile-chrome/error-context.md

    Retry #1 ───────────────────────────────────────────────────────────────────────────────────────

    Error: page.goto: net::ERR_CONNECTION_REFUSED at http://localhost:4000/this-page-xyz-does-not-exist
    Call log:
      - navigating to "http://localhost:4000/this-page-xyz-does-not-exist", waiting until "load"


      531 |
      532 |   test("404 page has a message and a home link", async ({ page }) => {
    > 533 |     await page.goto("/this-page-xyz-does-not-exist");
          |                ^
      534 |     const body = await page.locator("body").textContent();
      535 |     expect(body).toMatch(/not found|404|missing|doesn't exist/i);
      536 |     const homeLink = page.getByRole("link", { name: /home|go back|return/i });
        at /home/tbaltzakis/cloudless.gr/e2e/customer-behavior.spec.ts:533:16

    attachment #1: screenshot (image/png) ──────────────────────────────────────────────────────────
    test-results/customer-behavior-404-hand-77451-s-a-message-and-a-home-link-mobile-chrome-retry1/test-failed-1.png
    ────────────────────────────────────────────────────────────────────────────────────────────────

    attachment #2: video (video/webm) ──────────────────────────────────────────────────────────────
    test-results/customer-behavior-404-hand-77451-s-a-message-and-a-home-link-mobile-chrome-retry1/video.webm
    ────────────────────────────────────────────────────────────────────────────────────────────────

    Error Context: test-results/customer-behavior-404-hand-77451-s-a-message-and-a-home-link-mobile-chrome-retry1/error-context.md

    attachment #4: trace (application/zip) ─────────────────────────────────────────────────────────
    test-results/customer-behavior-404-hand-77451-s-a-message-and-a-home-link-mobile-chrome-retry1/trace.zip
    Usage:

        npx playwright show-trace test-results/customer-behavior-404-hand-77451-s-a-message-and-a-home-link-mobile-chrome-retry1/trace.zip

    ────────────────────────────────────────────────────────────────────────────────────────────────

  1397) [mobile-chrome] › e2e/customer-behavior.spec.ts:544:7 › End-to-end visitor journeys › visitor reads services then reaches contact page via direct URL 

    Error: page.goto: net::ERR_CONNECTION_REFUSED at http://localhost:4000/services
    Call log:
      - navigating to "http://localhost:4000/services", waiting until "load"


      543 | test.describe("End-to-end visitor journeys", () => {
      544 |   test("visitor reads services then reaches contact page via direct URL", async ({ page }) => {
    > 545 |     await page.goto("/services");
          |                ^
      546 |     await expect(page.getByRole("heading", { level: 1 })).toBeVisible();
      547 |
      548 |     // Go to contact directly (CTA text varies by locale/experiment)
        at /home/tbaltzakis/cloudless.gr/e2e/customer-behavior.spec.ts:545:16

    attachment #1: screenshot (image/png) ──────────────────────────────────────────────────────────
    test-results/customer-behavior-End-to-e-59d0f-contact-page-via-direct-URL-mobile-chrome/test-failed-1.png
    ────────────────────────────────────────────────────────────────────────────────────────────────

    attachment #2: video (video/webm) ──────────────────────────────────────────────────────────────
    test-results/customer-behavior-End-to-e-59d0f-contact-page-via-direct-URL-mobile-chrome/video.webm
    ────────────────────────────────────────────────────────────────────────────────────────────────

    Error Context: test-results/customer-behavior-End-to-e-59d0f-contact-page-via-direct-URL-mobile-chrome/error-context.md

    Retry #1 ───────────────────────────────────────────────────────────────────────────────────────

    Error: page.goto: net::ERR_CONNECTION_REFUSED at http://localhost:4000/services
    Call log:
      - navigating to "http://localhost:4000/services", waiting until "load"


      543 | test.describe("End-to-end visitor journeys", () => {
      544 |   test("visitor reads services then reaches contact page via direct URL", async ({ page }) => {
    > 545 |     await page.goto("/services");
          |                ^
      546 |     await expect(page.getByRole("heading", { level: 1 })).toBeVisible();
      547 |
      548 |     // Go to contact directly (CTA text varies by locale/experiment)
        at /home/tbaltzakis/cloudless.gr/e2e/customer-behavior.spec.ts:545:16

    attachment #1: screenshot (image/png) ──────────────────────────────────────────────────────────
    test-results/customer-behavior-End-to-e-59d0f-contact-page-via-direct-URL-mobile-chrome-retry1/test-failed-1.png
    ────────────────────────────────────────────────────────────────────────────────────────────────

    attachment #2: video (video/webm) ──────────────────────────────────────────────────────────────
    test-results/customer-behavior-End-to-e-59d0f-contact-page-via-direct-URL-mobile-chrome-retry1/video.webm
    ────────────────────────────────────────────────────────────────────────────────────────────────

    Error Context: test-results/customer-behavior-End-to-e-59d0f-contact-page-via-direct-URL-mobile-chrome-retry1/error-context.md

    attachment #4: trace (application/zip) ─────────────────────────────────────────────────────────
    test-results/customer-behavior-End-to-e-59d0f-contact-page-via-direct-URL-mobile-chrome-retry1/trace.zip
    Usage:

        npx playwright show-trace test-results/customer-behavior-End-to-e-59d0f-contact-page-via-direct-URL-mobile-chrome-retry1/trace.zip

    ────────────────────────────────────────────────────────────────────────────────────────────────

  1398) [mobile-chrome] › e2e/customer-behavior.spec.ts:554:7 › End-to-end visitor journeys › visitor browses store grid and opens a product 

    Error: page.goto: net::ERR_CONNECTION_REFUSED at http://localhost:4000/store
    Call log:
      - navigating to "http://localhost:4000/store", waiting until "load"


      553 |
      554 |   test("visitor browses store grid and opens a product", async ({ page }) => {
    > 555 |     await page.goto("/store");
          |                ^
      556 |     await expect(page.getByRole("heading", { level: 1 })).toBeVisible({ timeout: 10000 });
      557 |
      558 |     await page.goto("/store/dig-cloud-playbook");
        at /home/tbaltzakis/cloudless.gr/e2e/customer-behavior.spec.ts:555:16

    attachment #1: screenshot (image/png) ──────────────────────────────────────────────────────────
    test-results/customer-behavior-End-to-e-3c45d-re-grid-and-opens-a-product-mobile-chrome/test-failed-1.png
    ────────────────────────────────────────────────────────────────────────────────────────────────

    attachment #2: video (video/webm) ──────────────────────────────────────────────────────────────
    test-results/customer-behavior-End-to-e-3c45d-re-grid-and-opens-a-product-mobile-chrome/video.webm
    ────────────────────────────────────────────────────────────────────────────────────────────────

    Error Context: test-results/customer-behavior-End-to-e-3c45d-re-grid-and-opens-a-product-mobile-chrome/error-context.md

    Retry #1 ───────────────────────────────────────────────────────────────────────────────────────

    Error: page.goto: net::ERR_CONNECTION_REFUSED at http://localhost:4000/store
    Call log:
      - navigating to "http://localhost:4000/store", waiting until "load"


      553 |
      554 |   test("visitor browses store grid and opens a product", async ({ page }) => {
    > 555 |     await page.goto("/store");
          |                ^
      556 |     await expect(page.getByRole("heading", { level: 1 })).toBeVisible({ timeout: 10000 });
      557 |
      558 |     await page.goto("/store/dig-cloud-playbook");
        at /home/tbaltzakis/cloudless.gr/e2e/customer-behavior.spec.ts:555:16

    attachment #1: screenshot (image/png) ──────────────────────────────────────────────────────────
    test-results/customer-behavior-End-to-e-3c45d-re-grid-and-opens-a-product-mobile-chrome-retry1/test-failed-1.png
    ────────────────────────────────────────────────────────────────────────────────────────────────

    attachment #2: video (video/webm) ──────────────────────────────────────────────────────────────
    test-results/customer-behavior-End-to-e-3c45d-re-grid-and-opens-a-product-mobile-chrome-retry1/video.webm
    ────────────────────────────────────────────────────────────────────────────────────────────────

    Error Context: test-results/customer-behavior-End-to-e-3c45d-re-grid-and-opens-a-product-mobile-chrome-retry1/error-context.md

    attachment #4: trace (application/zip) ─────────────────────────────────────────────────────────
    test-results/customer-behavior-End-to-e-3c45d-re-grid-and-opens-a-product-mobile-chrome-retry1/trace.zip
    Usage:

        npx playwright show-trace test-results/customer-behavior-End-to-e-3c45d-re-grid-and-opens-a-product-mobile-chrome-retry1/trace.zip

    ────────────────────────────────────────────────────────────────────────────────────────────────

  1399) [mobile-chrome] › e2e/customer-behavior.spec.ts:563:7 › End-to-end visitor journeys › visitor reads a blog post from the blog index 

    Error: page.goto: net::ERR_CONNECTION_REFUSED at http://localhost:4000/blog
    Call log:
      - navigating to "http://localhost:4000/blog", waiting until "load"


      562 |
      563 |   test("visitor reads a blog post from the blog index", async ({ page }) => {
    > 564 |     await page.goto("/blog");
          |                ^
      565 |     await page.waitForLoadState("networkidle");
      566 |     await expect(page.getByRole("heading", { level: 1 })).toBeVisible();
      567 |
        at /home/tbaltzakis/cloudless.gr/e2e/customer-behavior.spec.ts:564:16

    attachment #1: screenshot (image/png) ──────────────────────────────────────────────────────────
    test-results/customer-behavior-End-to-e-61e71-og-post-from-the-blog-index-mobile-chrome/test-failed-1.png
    ────────────────────────────────────────────────────────────────────────────────────────────────

    attachment #2: video (video/webm) ──────────────────────────────────────────────────────────────
    test-results/customer-behavior-End-to-e-61e71-og-post-from-the-blog-index-mobile-chrome/video.webm
    ────────────────────────────────────────────────────────────────────────────────────────────────

    Error Context: test-results/customer-behavior-End-to-e-61e71-og-post-from-the-blog-index-mobile-chrome/error-context.md

    Retry #1 ───────────────────────────────────────────────────────────────────────────────────────

    Error: page.goto: net::ERR_CONNECTION_REFUSED at http://localhost:4000/blog
    Call log:
      - navigating to "http://localhost:4000/blog", waiting until "load"


      562 |
      563 |   test("visitor reads a blog post from the blog index", async ({ page }) => {
    > 564 |     await page.goto("/blog");
          |                ^
      565 |     await page.waitForLoadState("networkidle");
      566 |     await expect(page.getByRole("heading", { level: 1 })).toBeVisible();
      567 |
        at /home/tbaltzakis/cloudless.gr/e2e/customer-behavior.spec.ts:564:16

    attachment #1: screenshot (image/png) ──────────────────────────────────────────────────────────
    test-results/customer-behavior-End-to-e-61e71-og-post-from-the-blog-index-mobile-chrome-retry1/test-failed-1.png
    ────────────────────────────────────────────────────────────────────────────────────────────────

    attachment #2: video (video/webm) ──────────────────────────────────────────────────────────────
    test-results/customer-behavior-End-to-e-61e71-og-post-from-the-blog-index-mobile-chrome-retry1/video.webm
    ────────────────────────────────────────────────────────────────────────────────────────────────

    Error Context: test-results/customer-behavior-End-to-e-61e71-og-post-from-the-blog-index-mobile-chrome-retry1/error-context.md

    attachment #4: trace (application/zip) ─────────────────────────────────────────────────────────
    test-results/customer-behavior-End-to-e-61e71-og-post-from-the-blog-index-mobile-chrome-retry1/trace.zip
    Usage:

        npx playwright show-trace test-results/customer-behavior-End-to-e-61e71-og-post-from-the-blog-index-mobile-chrome-retry1/trace.zip

    ────────────────────────────────────────────────────────────────────────────────────────────────

  1400) [mobile-chrome] › e2e/customer-behavior.spec.ts:583:7 › End-to-end visitor journeys › visitor fills the contact form and sees the send button 

    Error: page.goto: net::ERR_CONNECTION_REFUSED at http://localhost:4000/contact
    Call log:
      - navigating to "http://localhost:4000/contact", waiting until "load"


      582 |
      583 |   test("visitor fills the contact form and sees the send button", async ({ page }) => {
    > 584 |     await page.goto("/contact");
          |                ^
      585 |     await page.locator("#name").fill("Jane Customer");
      586 |     await page.locator("#email").fill("jane@example.com");
      587 |     await page.locator("#message").fill("I'd like to learn more about your cloud services.");
        at /home/tbaltzakis/cloudless.gr/e2e/customer-behavior.spec.ts:584:16

    attachment #1: screenshot (image/png) ──────────────────────────────────────────────────────────
    test-results/customer-behavior-End-to-e-4da3a-rm-and-sees-the-send-button-mobile-chrome/test-failed-1.png
    ────────────────────────────────────────────────────────────────────────────────────────────────

    attachment #2: video (video/webm) ──────────────────────────────────────────────────────────────
    test-results/customer-behavior-End-to-e-4da3a-rm-and-sees-the-send-button-mobile-chrome/video.webm
    ────────────────────────────────────────────────────────────────────────────────────────────────

    Error Context: test-results/customer-behavior-End-to-e-4da3a-rm-and-sees-the-send-button-mobile-chrome/error-context.md

    Retry #1 ───────────────────────────────────────────────────────────────────────────────────────

    Error: page.goto: net::ERR_CONNECTION_REFUSED at http://localhost:4000/contact
    Call log:
      - navigating to "http://localhost:4000/contact", waiting until "load"


      582 |
      583 |   test("visitor fills the contact form and sees the send button", async ({ page }) => {
    > 584 |     await page.goto("/contact");
          |                ^
      585 |     await page.locator("#name").fill("Jane Customer");
      586 |     await page.locator("#email").fill("jane@example.com");
      587 |     await page.locator("#message").fill("I'd like to learn more about your cloud services.");
        at /home/tbaltzakis/cloudless.gr/e2e/customer-behavior.spec.ts:584:16

    attachment #1: screenshot (image/png) ──────────────────────────────────────────────────────────
    test-results/customer-behavior-End-to-e-4da3a-rm-and-sees-the-send-button-mobile-chrome-retry1/test-failed-1.png
    ────────────────────────────────────────────────────────────────────────────────────────────────

    attachment #2: video (video/webm) ──────────────────────────────────────────────────────────────
    test-results/customer-behavior-End-to-e-4da3a-rm-and-sees-the-send-button-mobile-chrome-retry1/video.webm
    ────────────────────────────────────────────────────────────────────────────────────────────────

    Error Context: test-results/customer-behavior-End-to-e-4da3a-rm-and-sees-the-send-button-mobile-chrome-retry1/error-context.md

    attachment #4: trace (application/zip) ─────────────────────────────────────────────────────────
    test-results/customer-behavior-End-to-e-4da3a-rm-and-sees-the-send-button-mobile-chrome-retry1/trace.zip
    Usage:

        npx playwright show-trace test-results/customer-behavior-End-to-e-4da3a-rm-and-sees-the-send-button-mobile-chrome-retry1/trace.zip

    ────────────────────────────────────────────────────────────────────────────────────────────────

  1401) [mobile-chrome] › e2e/customer-journey.spec.ts:4:7 › Customer Journey › homepage shows hero heading and main landmark 

    Error: page.goto: net::ERR_CONNECTION_REFUSED at http://localhost:4000/
    Call log:
      - navigating to "http://localhost:4000/", waiting until "load"


      3 | test.describe("Customer Journey", () => {
      4 |   test("homepage shows hero heading and main landmark", async ({ page }) => {
    > 5 |     await page.goto("/");
        |                ^
      6 |     await expect(page).toHaveTitle(/cloudless/i);
      7 |     await expect(page.locator("main")).toBeVisible();
      8 |     await expect(page.getByRole("heading", { level: 1 })).toBeVisible();
        at /home/tbaltzakis/cloudless.gr/e2e/customer-journey.spec.ts:5:16

    attachment #1: screenshot (image/png) ──────────────────────────────────────────────────────────
    test-results/customer-journey-Customer--eb3e8-o-heading-and-main-landmark-mobile-chrome/test-failed-1.png
    ────────────────────────────────────────────────────────────────────────────────────────────────

    attachment #2: video (video/webm) ──────────────────────────────────────────────────────────────
    test-results/customer-journey-Customer--eb3e8-o-heading-and-main-landmark-mobile-chrome/video.webm
    ────────────────────────────────────────────────────────────────────────────────────────────────

    Error Context: test-results/customer-journey-Customer--eb3e8-o-heading-and-main-landmark-mobile-chrome/error-context.md

    Retry #1 ───────────────────────────────────────────────────────────────────────────────────────

    Error: page.goto: net::ERR_CONNECTION_REFUSED at http://localhost:4000/
    Call log:
      - navigating to "http://localhost:4000/", waiting until "load"


      3 | test.describe("Customer Journey", () => {
      4 |   test("homepage shows hero heading and main landmark", async ({ page }) => {
    > 5 |     await page.goto("/");
        |                ^
      6 |     await expect(page).toHaveTitle(/cloudless/i);
      7 |     await expect(page.locator("main")).toBeVisible();
      8 |     await expect(page.getByRole("heading", { level: 1 })).toBeVisible();
        at /home/tbaltzakis/cloudless.gr/e2e/customer-journey.spec.ts:5:16

    attachment #1: screenshot (image/png) ──────────────────────────────────────────────────────────
    test-results/customer-journey-Customer--eb3e8-o-heading-and-main-landmark-mobile-chrome-retry1/test-failed-1.png
    ────────────────────────────────────────────────────────────────────────────────────────────────

    attachment #2: video (video/webm) ──────────────────────────────────────────────────────────────
    test-results/customer-journey-Customer--eb3e8-o-heading-and-main-landmark-mobile-chrome-retry1/video.webm
    ────────────────────────────────────────────────────────────────────────────────────────────────

    Error Context: test-results/customer-journey-Customer--eb3e8-o-heading-and-main-landmark-mobile-chrome-retry1/error-context.md

    attachment #4: trace (application/zip) ─────────────────────────────────────────────────────────
    test-results/customer-journey-Customer--eb3e8-o-heading-and-main-landmark-mobile-chrome-retry1/trace.zip
    Usage:

        npx playwright show-trace test-results/customer-journey-Customer--eb3e8-o-heading-and-main-landmark-mobile-chrome-retry1/trace.zip

    ────────────────────────────────────────────────────────────────────────────────────────────────

  1402) [mobile-chrome] › e2e/customer-journey.spec.ts:11:7 › Customer Journey › services page renders an h1 

    Error: page.goto: net::ERR_CONNECTION_REFUSED at http://localhost:4000/services
    Call log:
      - navigating to "http://localhost:4000/services", waiting until "load"


      10 |
      11 |   test("services page renders an h1", async ({ page }) => {
    > 12 |     await page.goto("/services");
         |                ^
      13 |     await expect(page.getByRole("heading", { level: 1 })).toBeVisible();
      14 |   });
      15 |
        at /home/tbaltzakis/cloudless.gr/e2e/customer-journey.spec.ts:12:16

    attachment #1: screenshot (image/png) ──────────────────────────────────────────────────────────
    test-results/customer-journey-Customer--0badf-services-page-renders-an-h1-mobile-chrome/test-failed-1.png
    ────────────────────────────────────────────────────────────────────────────────────────────────

    attachment #2: video (video/webm) ──────────────────────────────────────────────────────────────
    test-results/customer-journey-Customer--0badf-services-page-renders-an-h1-mobile-chrome/video.webm
    ────────────────────────────────────────────────────────────────────────────────────────────────

    Error Context: test-results/customer-journey-Customer--0badf-services-page-renders-an-h1-mobile-chrome/error-context.md

    Retry #1 ───────────────────────────────────────────────────────────────────────────────────────

    Error: page.goto: net::ERR_CONNECTION_REFUSED at http://localhost:4000/services
    Call log:
      - navigating to "http://localhost:4000/services", waiting until "load"


      10 |
      11 |   test("services page renders an h1", async ({ page }) => {
    > 12 |     await page.goto("/services");
         |                ^
      13 |     await expect(page.getByRole("heading", { level: 1 })).toBeVisible();
      14 |   });
      15 |
        at /home/tbaltzakis/cloudless.gr/e2e/customer-journey.spec.ts:12:16

    attachment #1: screenshot (image/png) ──────────────────────────────────────────────────────────
    test-results/customer-journey-Customer--0badf-services-page-renders-an-h1-mobile-chrome-retry1/test-failed-1.png
    ────────────────────────────────────────────────────────────────────────────────────────────────

    attachment #2: video (video/webm) ──────────────────────────────────────────────────────────────
    test-results/customer-journey-Customer--0badf-services-page-renders-an-h1-mobile-chrome-retry1/video.webm
    ────────────────────────────────────────────────────────────────────────────────────────────────

    Error Context: test-results/customer-journey-Customer--0badf-services-page-renders-an-h1-mobile-chrome-retry1/error-context.md

    attachment #4: trace (application/zip) ─────────────────────────────────────────────────────────
    test-results/customer-journey-Customer--0badf-services-page-renders-an-h1-mobile-chrome-retry1/trace.zip
    Usage:

        npx playwright show-trace test-results/customer-journey-Customer--0badf-services-page-renders-an-h1-mobile-chrome-retry1/trace.zip

    ────────────────────────────────────────────────────────────────────────────────────────────────

  1403) [mobile-chrome] › e2e/customer-journey.spec.ts:16:7 › Customer Journey › store page renders an h1 

    Error: page.goto: net::ERR_CONNECTION_REFUSED at http://localhost:4000/store
    Call log:
      - navigating to "http://localhost:4000/store", waiting until "load"


      15 |
      16 |   test("store page renders an h1", async ({ page }) => {
    > 17 |     await page.goto("/store");
         |                ^
      18 |     await expect(page.getByRole("heading", { level: 1 })).toBeVisible();
      19 |   });
      20 |
        at /home/tbaltzakis/cloudless.gr/e2e/customer-journey.spec.ts:17:16

    attachment #1: screenshot (image/png) ──────────────────────────────────────────────────────────
    test-results/customer-journey-Customer-Journey-store-page-renders-an-h1-mobile-chrome/test-failed-1.png
    ────────────────────────────────────────────────────────────────────────────────────────────────

    attachment #2: video (video/webm) ──────────────────────────────────────────────────────────────
    test-results/customer-journey-Customer-Journey-store-page-renders-an-h1-mobile-chrome/video.webm
    ────────────────────────────────────────────────────────────────────────────────────────────────

    Error Context: test-results/customer-journey-Customer-Journey-store-page-renders-an-h1-mobile-chrome/error-context.md

    Retry #1 ───────────────────────────────────────────────────────────────────────────────────────

    Error: page.goto: net::ERR_CONNECTION_REFUSED at http://localhost:4000/store
    Call log:
      - navigating to "http://localhost:4000/store", waiting until "load"


      15 |
      16 |   test("store page renders an h1", async ({ page }) => {
    > 17 |     await page.goto("/store");
         |                ^
      18 |     await expect(page.getByRole("heading", { level: 1 })).toBeVisible();
      19 |   });
      20 |
        at /home/tbaltzakis/cloudless.gr/e2e/customer-journey.spec.ts:17:16

    attachment #1: screenshot (image/png) ──────────────────────────────────────────────────────────
    test-results/customer-journey-Customer-Journey-store-page-renders-an-h1-mobile-chrome-retry1/test-failed-1.png
    ────────────────────────────────────────────────────────────────────────────────────────────────

    attachment #2: video (video/webm) ──────────────────────────────────────────────────────────────
    test-results/customer-journey-Customer-Journey-store-page-renders-an-h1-mobile-chrome-retry1/video.webm
    ────────────────────────────────────────────────────────────────────────────────────────────────

    Error Context: test-results/customer-journey-Customer-Journey-store-page-renders-an-h1-mobile-chrome-retry1/error-context.md

    attachment #4: trace (application/zip) ─────────────────────────────────────────────────────────
    test-results/customer-journey-Customer-Journey-store-page-renders-an-h1-mobile-chrome-retry1/trace.zip
    Usage:

        npx playwright show-trace test-results/customer-journey-Customer-Journey-store-page-renders-an-h1-mobile-chrome-retry1/trace.zip

    ────────────────────────────────────────────────────────────────────────────────────────────────

  1404) [mobile-chrome] › e2e/customer-journey.spec.ts:21:7 › Customer Journey › blog page renders an h1 

    Error: page.goto: net::ERR_CONNECTION_REFUSED at http://localhost:4000/blog
    Call log:
      - navigating to "http://localhost:4000/blog", waiting until "load"


      20 |
      21 |   test("blog page renders an h1", async ({ page }) => {
    > 22 |     await page.goto("/blog");
         |                ^
      23 |     await expect(page.getByRole("heading", { level: 1 })).toBeVisible();
      24 |   });
      25 |
        at /home/tbaltzakis/cloudless.gr/e2e/customer-journey.spec.ts:22:16

    attachment #1: screenshot (image/png) ──────────────────────────────────────────────────────────
    test-results/customer-journey-Customer-Journey-blog-page-renders-an-h1-mobile-chrome/test-failed-1.png
    ────────────────────────────────────────────────────────────────────────────────────────────────

    attachment #2: video (video/webm) ──────────────────────────────────────────────────────────────
    test-results/customer-journey-Customer-Journey-blog-page-renders-an-h1-mobile-chrome/video.webm
    ────────────────────────────────────────────────────────────────────────────────────────────────

    Error Context: test-results/customer-journey-Customer-Journey-blog-page-renders-an-h1-mobile-chrome/error-context.md

    Retry #1 ───────────────────────────────────────────────────────────────────────────────────────

    Error: page.goto: net::ERR_CONNECTION_REFUSED at http://localhost:4000/blog
    Call log:
      - navigating to "http://localhost:4000/blog", waiting until "load"


      20 |
      21 |   test("blog page renders an h1", async ({ page }) => {
    > 22 |     await page.goto("/blog");
         |                ^
      23 |     await expect(page.getByRole("heading", { level: 1 })).toBeVisible();
      24 |   });
      25 |
        at /home/tbaltzakis/cloudless.gr/e2e/customer-journey.spec.ts:22:16

    attachment #1: screenshot (image/png) ──────────────────────────────────────────────────────────
    test-results/customer-journey-Customer-Journey-blog-page-renders-an-h1-mobile-chrome-retry1/test-failed-1.png
    ────────────────────────────────────────────────────────────────────────────────────────────────

    attachment #2: video (video/webm) ──────────────────────────────────────────────────────────────
    test-results/customer-journey-Customer-Journey-blog-page-renders-an-h1-mobile-chrome-retry1/video.webm
    ────────────────────────────────────────────────────────────────────────────────────────────────

    Error Context: test-results/customer-journey-Customer-Journey-blog-page-renders-an-h1-mobile-chrome-retry1/error-context.md

    attachment #4: trace (application/zip) ─────────────────────────────────────────────────────────
    test-results/customer-journey-Customer-Journey-blog-page-renders-an-h1-mobile-chrome-retry1/trace.zip
    Usage:

        npx playwright show-trace test-results/customer-journey-Customer-Journey-blog-page-renders-an-h1-mobile-chrome-retry1/trace.zip

    ────────────────────────────────────────────────────────────────────────────────────────────────

  1405) [mobile-chrome] › e2e/customer-journey.spec.ts:26:7 › Customer Journey › contact page renders the form 

    Error: page.goto: net::ERR_CONNECTION_REFUSED at http://localhost:4000/contact
    Call log:
      - navigating to "http://localhost:4000/contact", waiting until "load"


      25 |
      26 |   test("contact page renders the form", async ({ page }) => {
    > 27 |     await page.goto("/contact");
         |                ^
      28 |     await expect(page.getByRole("heading", { level: 1 })).toBeVisible();
      29 |     await expect(
      30 |       page.getByRole("button", { name: /send|submit/i })
        at /home/tbaltzakis/cloudless.gr/e2e/customer-journey.spec.ts:27:16

    attachment #1: screenshot (image/png) ──────────────────────────────────────────────────────────
    test-results/customer-journey-Customer--1cf49-ntact-page-renders-the-form-mobile-chrome/test-failed-1.png
    ────────────────────────────────────────────────────────────────────────────────────────────────

    attachment #2: video (video/webm) ──────────────────────────────────────────────────────────────
    test-results/customer-journey-Customer--1cf49-ntact-page-renders-the-form-mobile-chrome/video.webm
    ────────────────────────────────────────────────────────────────────────────────────────────────

    Error Context: test-results/customer-journey-Customer--1cf49-ntact-page-renders-the-form-mobile-chrome/error-context.md

    Retry #1 ───────────────────────────────────────────────────────────────────────────────────────

    Error: page.goto: net::ERR_CONNECTION_REFUSED at http://localhost:4000/contact
    Call log:
      - navigating to "http://localhost:4000/contact", waiting until "load"


      25 |
      26 |   test("contact page renders the form", async ({ page }) => {
    > 27 |     await page.goto("/contact");
         |                ^
      28 |     await expect(page.getByRole("heading", { level: 1 })).toBeVisible();
      29 |     await expect(
      30 |       page.getByRole("button", { name: /send|submit/i })
        at /home/tbaltzakis/cloudless.gr/e2e/customer-journey.spec.ts:27:16

    attachment #1: screenshot (image/png) ──────────────────────────────────────────────────────────
    test-results/customer-journey-Customer--1cf49-ntact-page-renders-the-form-mobile-chrome-retry1/test-failed-1.png
    ────────────────────────────────────────────────────────────────────────────────────────────────

    attachment #2: video (video/webm) ──────────────────────────────────────────────────────────────
    test-results/customer-journey-Customer--1cf49-ntact-page-renders-the-form-mobile-chrome-retry1/video.webm
    ────────────────────────────────────────────────────────────────────────────────────────────────

    Error Context: test-results/customer-journey-Customer--1cf49-ntact-page-renders-the-form-mobile-chrome-retry1/error-context.md

    attachment #4: trace (application/zip) ─────────────────────────────────────────────────────────
    test-results/customer-journey-Customer--1cf49-ntact-page-renders-the-form-mobile-chrome-retry1/trace.zip
    Usage:

        npx playwright show-trace test-results/customer-journey-Customer--1cf49-ntact-page-renders-the-form-mobile-chrome-retry1/trace.zip

    ────────────────────────────────────────────────────────────────────────────────────────────────

  1406) [mobile-chrome] › e2e/dashboard-deep.spec.mts:32:5 › Dashboard unauthenticated › unauth /en/dashboard — redirects to login or shows sign-in CTA 

    Error: page.goto: net::ERR_CONNECTION_REFUSED at http://localhost:4000/en/dashboard
    Call log:
      - navigating to "http://localhost:4000/en/dashboard", waiting until "load"


      31 |   for (const route of DASHBOARD_PAGES) {
      32 |     test(`unauth ${route} — redirects to login or shows sign-in CTA`, async ({ page }) => {
    > 33 |       await page.goto(route);
         |                  ^
      34 |       // Either redirected to /auth/login or stays on /dashboard with sign-in CTA
      35 |       const url = page.url();
      36 |       const hasSignIn = await page
        at /home/tbaltzakis/cloudless.gr/e2e/dashboard-deep.spec.mts:33:18

    attachment #1: screenshot (image/png) ──────────────────────────────────────────────────────────
    test-results/dashboard-deep-Dashboard-u-ffab3--login-or-shows-sign-in-CTA-mobile-chrome/test-failed-1.png
    ────────────────────────────────────────────────────────────────────────────────────────────────

    attachment #2: video (video/webm) ──────────────────────────────────────────────────────────────
    test-results/dashboard-deep-Dashboard-u-ffab3--login-or-shows-sign-in-CTA-mobile-chrome/video.webm
    ────────────────────────────────────────────────────────────────────────────────────────────────

    Error Context: test-results/dashboard-deep-Dashboard-u-ffab3--login-or-shows-sign-in-CTA-mobile-chrome/error-context.md

    Retry #1 ───────────────────────────────────────────────────────────────────────────────────────

    Error: page.goto: net::ERR_CONNECTION_REFUSED at http://localhost:4000/en/dashboard
    Call log:
      - navigating to "http://localhost:4000/en/dashboard", waiting until "load"


      31 |   for (const route of DASHBOARD_PAGES) {
      32 |     test(`unauth ${route} — redirects to login or shows sign-in CTA`, async ({ page }) => {
    > 33 |       await page.goto(route);
         |                  ^
      34 |       // Either redirected to /auth/login or stays on /dashboard with sign-in CTA
      35 |       const url = page.url();
      36 |       const hasSignIn = await page
        at /home/tbaltzakis/cloudless.gr/e2e/dashboard-deep.spec.mts:33:18

    attachment #1: screenshot (image/png) ──────────────────────────────────────────────────────────
    test-results/dashboard-deep-Dashboard-u-ffab3--login-or-shows-sign-in-CTA-mobile-chrome-retry1/test-failed-1.png
    ────────────────────────────────────────────────────────────────────────────────────────────────

    attachment #2: video (video/webm) ──────────────────────────────────────────────────────────────
    test-results/dashboard-deep-Dashboard-u-ffab3--login-or-shows-sign-in-CTA-mobile-chrome-retry1/video.webm
    ────────────────────────────────────────────────────────────────────────────────────────────────

    Error Context: test-results/dashboard-deep-Dashboard-u-ffab3--login-or-shows-sign-in-CTA-mobile-chrome-retry1/error-context.md

    attachment #4: trace (application/zip) ─────────────────────────────────────────────────────────
    test-results/dashboard-deep-Dashboard-u-ffab3--login-or-shows-sign-in-CTA-mobile-chrome-retry1/trace.zip
    Usage:

        npx playwright show-trace test-results/dashboard-deep-Dashboard-u-ffab3--login-or-shows-sign-in-CTA-mobile-chrome-retry1/trace.zip

    ────────────────────────────────────────────────────────────────────────────────────────────────

  1407) [mobile-chrome] › e2e/dashboard-deep.spec.mts:32:5 › Dashboard unauthenticated › unauth /en/dashboard/consultations — redirects to login or shows sign-in CTA 

    Error: page.goto: net::ERR_CONNECTION_REFUSED at http://localhost:4000/en/dashboard/consultations
    Call log:
      - navigating to "http://localhost:4000/en/dashboard/consultations", waiting until "load"


      31 |   for (const route of DASHBOARD_PAGES) {
      32 |     test(`unauth ${route} — redirects to login or shows sign-in CTA`, async ({ page }) => {
    > 33 |       await page.goto(route);
         |                  ^
      34 |       // Either redirected to /auth/login or stays on /dashboard with sign-in CTA
      35 |       const url = page.url();
      36 |       const hasSignIn = await page
        at /home/tbaltzakis/cloudless.gr/e2e/dashboard-deep.spec.mts:33:18

    attachment #1: screenshot (image/png) ──────────────────────────────────────────────────────────
    test-results/dashboard-deep-Dashboard-u-39724--login-or-shows-sign-in-CTA-mobile-chrome/test-failed-1.png
    ────────────────────────────────────────────────────────────────────────────────────────────────

    attachment #2: video (video/webm) ──────────────────────────────────────────────────────────────
    test-results/dashboard-deep-Dashboard-u-39724--login-or-shows-sign-in-CTA-mobile-chrome/video.webm
    ────────────────────────────────────────────────────────────────────────────────────────────────

    Error Context: test-results/dashboard-deep-Dashboard-u-39724--login-or-shows-sign-in-CTA-mobile-chrome/error-context.md

    Retry #1 ───────────────────────────────────────────────────────────────────────────────────────

    Error: page.goto: net::ERR_CONNECTION_REFUSED at http://localhost:4000/en/dashboard/consultations
    Call log:
      - navigating to "http://localhost:4000/en/dashboard/consultations", waiting until "load"


      31 |   for (const route of DASHBOARD_PAGES) {
      32 |     test(`unauth ${route} — redirects to login or shows sign-in CTA`, async ({ page }) => {
    > 33 |       await page.goto(route);
         |                  ^
      34 |       // Either redirected to /auth/login or stays on /dashboard with sign-in CTA
      35 |       const url = page.url();
      36 |       const hasSignIn = await page
        at /home/tbaltzakis/cloudless.gr/e2e/dashboard-deep.spec.mts:33:18

    attachment #1: screenshot (image/png) ──────────────────────────────────────────────────────────
    test-results/dashboard-deep-Dashboard-u-39724--login-or-shows-sign-in-CTA-mobile-chrome-retry1/test-failed-1.png
    ────────────────────────────────────────────────────────────────────────────────────────────────

    attachment #2: video (video/webm) ──────────────────────────────────────────────────────────────
    test-results/dashboard-deep-Dashboard-u-39724--login-or-shows-sign-in-CTA-mobile-chrome-retry1/video.webm
    ────────────────────────────────────────────────────────────────────────────────────────────────

    Error Context: test-results/dashboard-deep-Dashboard-u-39724--login-or-shows-sign-in-CTA-mobile-chrome-retry1/error-context.md

    attachment #4: trace (application/zip) ─────────────────────────────────────────────────────────
    test-results/dashboard-deep-Dashboard-u-39724--login-or-shows-sign-in-CTA-mobile-chrome-retry1/trace.zip
    Usage:

        npx playwright show-trace test-results/dashboard-deep-Dashboard-u-39724--login-or-shows-sign-in-CTA-mobile-chrome-retry1/trace.zip

    ────────────────────────────────────────────────────────────────────────────────────────────────

  1408) [mobile-chrome] › e2e/dashboard-deep.spec.mts:32:5 › Dashboard unauthenticated › unauth /en/dashboard/profile — redirects to login or shows sign-in CTA 

    Error: page.goto: net::ERR_CONNECTION_REFUSED at http://localhost:4000/en/dashboard/profile
    Call log:
      - navigating to "http://localhost:4000/en/dashboard/profile", waiting until "load"


      31 |   for (const route of DASHBOARD_PAGES) {
      32 |     test(`unauth ${route} — redirects to login or shows sign-in CTA`, async ({ page }) => {
    > 33 |       await page.goto(route);
         |                  ^
      34 |       // Either redirected to /auth/login or stays on /dashboard with sign-in CTA
      35 |       const url = page.url();
      36 |       const hasSignIn = await page
        at /home/tbaltzakis/cloudless.gr/e2e/dashboard-deep.spec.mts:33:18

    attachment #1: screenshot (image/png) ──────────────────────────────────────────────────────────
    test-results/dashboard-deep-Dashboard-u-f76ca--login-or-shows-sign-in-CTA-mobile-chrome/test-failed-1.png
    ────────────────────────────────────────────────────────────────────────────────────────────────

    attachment #2: video (video/webm) ──────────────────────────────────────────────────────────────
    test-results/dashboard-deep-Dashboard-u-f76ca--login-or-shows-sign-in-CTA-mobile-chrome/video.webm
    ────────────────────────────────────────────────────────────────────────────────────────────────

    Error Context: test-results/dashboard-deep-Dashboard-u-f76ca--login-or-shows-sign-in-CTA-mobile-chrome/error-context.md

    Retry #1 ───────────────────────────────────────────────────────────────────────────────────────

    Error: page.goto: net::ERR_CONNECTION_REFUSED at http://localhost:4000/en/dashboard/profile
    Call log:
      - navigating to "http://localhost:4000/en/dashboard/profile", waiting until "load"


      31 |   for (const route of DASHBOARD_PAGES) {
      32 |     test(`unauth ${route} — redirects to login or shows sign-in CTA`, async ({ page }) => {
    > 33 |       await page.goto(route);
         |                  ^
      34 |       // Either redirected to /auth/login or stays on /dashboard with sign-in CTA
      35 |       const url = page.url();
      36 |       const hasSignIn = await page
        at /home/tbaltzakis/cloudless.gr/e2e/dashboard-deep.spec.mts:33:18

    attachment #1: screenshot (image/png) ──────────────────────────────────────────────────────────
    test-results/dashboard-deep-Dashboard-u-f76ca--login-or-shows-sign-in-CTA-mobile-chrome-retry1/test-failed-1.png
    ────────────────────────────────────────────────────────────────────────────────────────────────

    attachment #2: video (video/webm) ──────────────────────────────────────────────────────────────
    test-results/dashboard-deep-Dashboard-u-f76ca--login-or-shows-sign-in-CTA-mobile-chrome-retry1/video.webm
    ────────────────────────────────────────────────────────────────────────────────────────────────

    Error Context: test-results/dashboard-deep-Dashboard-u-f76ca--login-or-shows-sign-in-CTA-mobile-chrome-retry1/error-context.md

    attachment #4: trace (application/zip) ─────────────────────────────────────────────────────────
    test-results/dashboard-deep-Dashboard-u-f76ca--login-or-shows-sign-in-CTA-mobile-chrome-retry1/trace.zip
    Usage:

        npx playwright show-trace test-results/dashboard-deep-Dashboard-u-f76ca--login-or-shows-sign-in-CTA-mobile-chrome-retry1/trace.zip

    ────────────────────────────────────────────────────────────────────────────────────────────────

  1409) [mobile-chrome] › e2e/dashboard-deep.spec.mts:32:5 › Dashboard unauthenticated › unauth /en/dashboard/purchases — redirects to login or shows sign-in CTA 

    Error: page.goto: net::ERR_CONNECTION_REFUSED at http://localhost:4000/en/dashboard/purchases
    Call log:
      - navigating to "http://localhost:4000/en/dashboard/purchases", waiting until "load"


      31 |   for (const route of DASHBOARD_PAGES) {
      32 |     test(`unauth ${route} — redirects to login or shows sign-in CTA`, async ({ page }) => {
    > 33 |       await page.goto(route);
         |                  ^
      34 |       // Either redirected to /auth/login or stays on /dashboard with sign-in CTA
      35 |       const url = page.url();
      36 |       const hasSignIn = await page
        at /home/tbaltzakis/cloudless.gr/e2e/dashboard-deep.spec.mts:33:18

    attachment #1: screenshot (image/png) ──────────────────────────────────────────────────────────
    test-results/dashboard-deep-Dashboard-u-8503a--login-or-shows-sign-in-CTA-mobile-chrome/test-failed-1.png
    ────────────────────────────────────────────────────────────────────────────────────────────────

    attachment #2: video (video/webm) ──────────────────────────────────────────────────────────────
    test-results/dashboard-deep-Dashboard-u-8503a--login-or-shows-sign-in-CTA-mobile-chrome/video.webm
    ────────────────────────────────────────────────────────────────────────────────────────────────

    Error Context: test-results/dashboard-deep-Dashboard-u-8503a--login-or-shows-sign-in-CTA-mobile-chrome/error-context.md

    Retry #1 ───────────────────────────────────────────────────────────────────────────────────────

    Error: page.goto: net::ERR_CONNECTION_REFUSED at http://localhost:4000/en/dashboard/purchases
    Call log:
      - navigating to "http://localhost:4000/en/dashboard/purchases", waiting until "load"


      31 |   for (const route of DASHBOARD_PAGES) {
      32 |     test(`unauth ${route} — redirects to login or shows sign-in CTA`, async ({ page }) => {
    > 33 |       await page.goto(route);
         |                  ^
      34 |       // Either redirected to /auth/login or stays on /dashboard with sign-in CTA
      35 |       const url = page.url();
      36 |       const hasSignIn = await page
        at /home/tbaltzakis/cloudless.gr/e2e/dashboard-deep.spec.mts:33:18

    attachment #1: screenshot (image/png) ──────────────────────────────────────────────────────────
    test-results/dashboard-deep-Dashboard-u-8503a--login-or-shows-sign-in-CTA-mobile-chrome-retry1/test-failed-1.png
    ────────────────────────────────────────────────────────────────────────────────────────────────

    attachment #2: video (video/webm) ──────────────────────────────────────────────────────────────
    test-results/dashboard-deep-Dashboard-u-8503a--login-or-shows-sign-in-CTA-mobile-chrome-retry1/video.webm
    ────────────────────────────────────────────────────────────────────────────────────────────────

    Error Context: test-results/dashboard-deep-Dashboard-u-8503a--login-or-shows-sign-in-CTA-mobile-chrome-retry1/error-context.md

    attachment #4: trace (application/zip) ─────────────────────────────────────────────────────────
    test-results/dashboard-deep-Dashboard-u-8503a--login-or-shows-sign-in-CTA-mobile-chrome-retry1/trace.zip
    Usage:

        npx playwright show-trace test-results/dashboard-deep-Dashboard-u-8503a--login-or-shows-sign-in-CTA-mobile-chrome-retry1/trace.zip

    ────────────────────────────────────────────────────────────────────────────────────────────────

  1410) [mobile-chrome] › e2e/dashboard-deep.spec.mts:32:5 › Dashboard unauthenticated › unauth /en/dashboard/settings — redirects to login or shows sign-in CTA 

    Error: page.goto: net::ERR_CONNECTION_REFUSED at http://localhost:4000/en/dashboard/settings
    Call log:
      - navigating to "http://localhost:4000/en/dashboard/settings", waiting until "load"


      31 |   for (const route of DASHBOARD_PAGES) {
      32 |     test(`unauth ${route} — redirects to login or shows sign-in CTA`, async ({ page }) => {
    > 33 |       await page.goto(route);
         |                  ^
      34 |       // Either redirected to /auth/login or stays on /dashboard with sign-in CTA
      35 |       const url = page.url();
      36 |       const hasSignIn = await page
        at /home/tbaltzakis/cloudless.gr/e2e/dashboard-deep.spec.mts:33:18

    attachment #1: screenshot (image/png) ──────────────────────────────────────────────────────────
    test-results/dashboard-deep-Dashboard-u-77a77--login-or-shows-sign-in-CTA-mobile-chrome/test-failed-1.png
    ────────────────────────────────────────────────────────────────────────────────────────────────

    attachment #2: video (video/webm) ──────────────────────────────────────────────────────────────
    test-results/dashboard-deep-Dashboard-u-77a77--login-or-shows-sign-in-CTA-mobile-chrome/video.webm
    ────────────────────────────────────────────────────────────────────────────────────────────────

    Error Context: test-results/dashboard-deep-Dashboard-u-77a77--login-or-shows-sign-in-CTA-mobile-chrome/error-context.md

    Retry #1 ───────────────────────────────────────────────────────────────────────────────────────

    Error: page.goto: net::ERR_CONNECTION_REFUSED at http://localhost:4000/en/dashboard/settings
    Call log:
      - navigating to "http://localhost:4000/en/dashboard/settings", waiting until "load"


      31 |   for (const route of DASHBOARD_PAGES) {
      32 |     test(`unauth ${route} — redirects to login or shows sign-in CTA`, async ({ page }) => {
    > 33 |       await page.goto(route);
         |                  ^
      34 |       // Either redirected to /auth/login or stays on /dashboard with sign-in CTA
      35 |       const url = page.url();
      36 |       const hasSignIn = await page
        at /home/tbaltzakis/cloudless.gr/e2e/dashboard-deep.spec.mts:33:18

    attachment #1: screenshot (image/png) ──────────────────────────────────────────────────────────
    test-results/dashboard-deep-Dashboard-u-77a77--login-or-shows-sign-in-CTA-mobile-chrome-retry1/test-failed-1.png
    ────────────────────────────────────────────────────────────────────────────────────────────────

    attachment #2: video (video/webm) ──────────────────────────────────────────────────────────────
    test-results/dashboard-deep-Dashboard-u-77a77--login-or-shows-sign-in-CTA-mobile-chrome-retry1/video.webm
    ────────────────────────────────────────────────────────────────────────────────────────────────

    Error Context: test-results/dashboard-deep-Dashboard-u-77a77--login-or-shows-sign-in-CTA-mobile-chrome-retry1/error-context.md

    attachment #4: trace (application/zip) ─────────────────────────────────────────────────────────
    test-results/dashboard-deep-Dashboard-u-77a77--login-or-shows-sign-in-CTA-mobile-chrome-retry1/trace.zip
    Usage:

        npx playwright show-trace test-results/dashboard-deep-Dashboard-u-77a77--login-or-shows-sign-in-CTA-mobile-chrome-retry1/trace.zip

    ────────────────────────────────────────────────────────────────────────────────────────────────

  1411) [mobile-chrome] › e2e/dashboard-deep.spec.mts:96:5 › User APIs without auth › unauth GET /api/user/consultations — returns 401/403 

    Error: apiRequestContext.get: connect ECONNREFUSED ::1:4000
    Call log:
      - → GET http://localhost:4000/api/user/consultations
        - user-agent: Mozilla/5.0 (Linux; Android 14; Pixel 7) AppleWebKit/537.36 (KHTML, like Gecko) Chrome/151.0.7922.34 Mobile Safari/537.36
        - accept: */*
        - accept-encoding: gzip,deflate,br

        at apiRequestContext.get: connect ECONNREFUSED ::1:4000
        at /home/tbaltzakis/cloudless.gr/e2e/dashboard-deep.spec.mts:97:31

    attachment #1: screenshot (image/png) ──────────────────────────────────────────────────────────
    test-results/dashboard-deep-User-APIs-w-cdcf1-ultations-—-returns-401-403-mobile-chrome/test-failed-1.png
    ────────────────────────────────────────────────────────────────────────────────────────────────

    attachment #2: video (video/webm) ──────────────────────────────────────────────────────────────
    test-results/dashboard-deep-User-APIs-w-cdcf1-ultations-—-returns-401-403-mobile-chrome/video.webm
    ────────────────────────────────────────────────────────────────────────────────────────────────

    Error Context: test-results/dashboard-deep-User-APIs-w-cdcf1-ultations-—-returns-401-403-mobile-chrome/error-context.md

    Retry #1 ───────────────────────────────────────────────────────────────────────────────────────

    Error: apiRequestContext.get: connect ECONNREFUSED ::1:4000
    Call log:
      - → GET http://localhost:4000/api/user/consultations
        - user-agent: Mozilla/5.0 (Linux; Android 14; Pixel 7) AppleWebKit/537.36 (KHTML, like Gecko) Chrome/151.0.7922.34 Mobile Safari/537.36
        - accept: */*
        - accept-encoding: gzip,deflate,br

        at apiRequestContext.get: connect ECONNREFUSED ::1:4000
        at /home/tbaltzakis/cloudless.gr/e2e/dashboard-deep.spec.mts:97:31

    attachment #1: screenshot (image/png) ──────────────────────────────────────────────────────────
    test-results/dashboard-deep-User-APIs-w-cdcf1-ultations-—-returns-401-403-mobile-chrome-retry1/test-failed-1.png
    ────────────────────────────────────────────────────────────────────────────────────────────────

    attachment #2: video (video/webm) ──────────────────────────────────────────────────────────────
    test-results/dashboard-deep-User-APIs-w-cdcf1-ultations-—-returns-401-403-mobile-chrome-retry1/video.webm
    ────────────────────────────────────────────────────────────────────────────────────────────────

    Error Context: test-results/dashboard-deep-User-APIs-w-cdcf1-ultations-—-returns-401-403-mobile-chrome-retry1/error-context.md

    attachment #4: trace (application/zip) ─────────────────────────────────────────────────────────
    test-results/dashboard-deep-User-APIs-w-cdcf1-ultations-—-returns-401-403-mobile-chrome-retry1/trace.zip
    Usage:

        npx playwright show-trace test-results/dashboard-deep-User-APIs-w-cdcf1-ultations-—-returns-401-403-mobile-chrome-retry1/trace.zip

    ────────────────────────────────────────────────────────────────────────────────────────────────

  1412) [mobile-chrome] › e2e/dashboard-deep.spec.mts:96:5 › User APIs without auth › unauth GET /api/user/purchases — returns 401/403 

    Error: apiRequestContext.get: connect ECONNREFUSED ::1:4000
    Call log:
      - → GET http://localhost:4000/api/user/purchases
        - user-agent: Mozilla/5.0 (Linux; Android 14; Pixel 7) AppleWebKit/537.36 (KHTML, like Gecko) Chrome/151.0.7922.34 Mobile Safari/537.36
        - accept: */*
        - accept-encoding: gzip,deflate,br

        at apiRequestContext.get: connect ECONNREFUSED ::1:4000
        at /home/tbaltzakis/cloudless.gr/e2e/dashboard-deep.spec.mts:97:31

    attachment #1: screenshot (image/png) ──────────────────────────────────────────────────────────
    test-results/dashboard-deep-User-APIs-w-e2665-purchases-—-returns-401-403-mobile-chrome/test-failed-1.png
    ────────────────────────────────────────────────────────────────────────────────────────────────

    attachment #2: video (video/webm) ──────────────────────────────────────────────────────────────
    test-results/dashboard-deep-User-APIs-w-e2665-purchases-—-returns-401-403-mobile-chrome/video.webm
    ────────────────────────────────────────────────────────────────────────────────────────────────

    Error Context: test-results/dashboard-deep-User-APIs-w-e2665-purchases-—-returns-401-403-mobile-chrome/error-context.md

    Retry #1 ───────────────────────────────────────────────────────────────────────────────────────

    Error: apiRequestContext.get: connect ECONNREFUSED ::1:4000
    Call log:
      - → GET http://localhost:4000/api/user/purchases
        - user-agent: Mozilla/5.0 (Linux; Android 14; Pixel 7) AppleWebKit/537.36 (KHTML, like Gecko) Chrome/151.0.7922.34 Mobile Safari/537.36
        - accept: */*
        - accept-encoding: gzip,deflate,br

        at apiRequestContext.get: connect ECONNREFUSED ::1:4000
        at /home/tbaltzakis/cloudless.gr/e2e/dashboard-deep.spec.mts:97:31

    attachment #1: screenshot (image/png) ──────────────────────────────────────────────────────────
    test-results/dashboard-deep-User-APIs-w-e2665-purchases-—-returns-401-403-mobile-chrome-retry1/test-failed-1.png
    ────────────────────────────────────────────────────────────────────────────────────────────────

    attachment #2: video (video/webm) ──────────────────────────────────────────────────────────────
    test-results/dashboard-deep-User-APIs-w-e2665-purchases-—-returns-401-403-mobile-chrome-retry1/video.webm
    ────────────────────────────────────────────────────────────────────────────────────────────────

    Error Context: test-results/dashboard-deep-User-APIs-w-e2665-purchases-—-returns-401-403-mobile-chrome-retry1/error-context.md

    attachment #4: trace (application/zip) ─────────────────────────────────────────────────────────
    test-results/dashboard-deep-User-APIs-w-e2665-purchases-—-returns-401-403-mobile-chrome-retry1/trace.zip
    Usage:

        npx playwright show-trace test-results/dashboard-deep-User-APIs-w-e2665-purchases-—-returns-401-403-mobile-chrome-retry1/trace.zip

    ────────────────────────────────────────────────────────────────────────────────────────────────

  1413) [mobile-chrome] › e2e/dashboard-deep.spec.mts:96:5 › User APIs without auth › unauth GET /api/newsletter/send — returns 401/403 

    Error: apiRequestContext.get: connect ECONNREFUSED ::1:4000
    Call log:
      - → GET http://localhost:4000/api/newsletter/send
        - user-agent: Mozilla/5.0 (Linux; Android 14; Pixel 7) AppleWebKit/537.36 (KHTML, like Gecko) Chrome/151.0.7922.34 Mobile Safari/537.36
        - accept: */*
        - accept-encoding: gzip,deflate,br

        at apiRequestContext.get: connect ECONNREFUSED ::1:4000
        at /home/tbaltzakis/cloudless.gr/e2e/dashboard-deep.spec.mts:97:31

    attachment #1: screenshot (image/png) ──────────────────────────────────────────────────────────
    test-results/dashboard-deep-User-APIs-w-c2e4a-tter-send-—-returns-401-403-mobile-chrome/test-failed-1.png
    ────────────────────────────────────────────────────────────────────────────────────────────────

    attachment #2: video (video/webm) ──────────────────────────────────────────────────────────────
    test-results/dashboard-deep-User-APIs-w-c2e4a-tter-send-—-returns-401-403-mobile-chrome/video.webm
    ────────────────────────────────────────────────────────────────────────────────────────────────

    Error Context: test-results/dashboard-deep-User-APIs-w-c2e4a-tter-send-—-returns-401-403-mobile-chrome/error-context.md

    Retry #1 ───────────────────────────────────────────────────────────────────────────────────────

    Error: apiRequestContext.get: connect ECONNREFUSED ::1:4000
    Call log:
      - → GET http://localhost:4000/api/newsletter/send
        - user-agent: Mozilla/5.0 (Linux; Android 14; Pixel 7) AppleWebKit/537.36 (KHTML, like Gecko) Chrome/151.0.7922.34 Mobile Safari/537.36
        - accept: */*
        - accept-encoding: gzip,deflate,br

        at apiRequestContext.get: connect ECONNREFUSED ::1:4000
        at /home/tbaltzakis/cloudless.gr/e2e/dashboard-deep.spec.mts:97:31

    attachment #1: screenshot (image/png) ──────────────────────────────────────────────────────────
    test-results/dashboard-deep-User-APIs-w-c2e4a-tter-send-—-returns-401-403-mobile-chrome-retry1/test-failed-1.png
    ────────────────────────────────────────────────────────────────────────────────────────────────

    attachment #2: video (video/webm) ──────────────────────────────────────────────────────────────
    test-results/dashboard-deep-User-APIs-w-c2e4a-tter-send-—-returns-401-403-mobile-chrome-retry1/video.webm
    ────────────────────────────────────────────────────────────────────────────────────────────────

    Error Context: test-results/dashboard-deep-User-APIs-w-c2e4a-tter-send-—-returns-401-403-mobile-chrome-retry1/error-context.md

    attachment #4: trace (application/zip) ─────────────────────────────────────────────────────────
    test-results/dashboard-deep-User-APIs-w-c2e4a-tter-send-—-returns-401-403-mobile-chrome-retry1/trace.zip
    Usage:

        npx playwright show-trace test-results/dashboard-deep-User-APIs-w-c2e4a-tter-send-—-returns-401-403-mobile-chrome-retry1/trace.zip

    ────────────────────────────────────────────────────────────────────────────────────────────────

  1414) [mobile-chrome] › e2e/dashboard-gaps-sweep.spec.ts:33:9 › Dashboard sub-pages (unauthenticated) › /en/dashboard/consultations — redirects to login or renders sign-in CTA 

    Error: page.goto: net::ERR_CONNECTION_REFUSED at http://localhost:4000/en/dashboard/consultations
    Call log:
      - navigating to "http://localhost:4000/en/dashboard/consultations", waiting until "domcontentloaded"


      32 |   for (const route of DASHBOARD_SUB_PAGES) {
      33 |     test(`${route} — redirects to login or renders sign-in CTA`, async ({ page }) => {
    > 34 |       const r = await page.goto(route, { waitUntil: "domcontentloaded" });
         |                            ^
      35 |       // Either a clean response (the gated shell rendered) or a redirect to
      36 |       // the login flow. Either way: never a 5xx.
      37 |       expect(r?.status() ?? 0).toBeLessThan(500);
        at /home/tbaltzakis/cloudless.gr/e2e/dashboard-gaps-sweep.spec.ts:34:28

    attachment #1: screenshot (image/png) ──────────────────────────────────────────────────────────
    test-results/dashboard-gaps-sweep-Dashb-de429-ogin-or-renders-sign-in-CTA-mobile-chrome/test-failed-1.png
    ────────────────────────────────────────────────────────────────────────────────────────────────

    attachment #2: video (video/webm) ──────────────────────────────────────────────────────────────
    test-results/dashboard-gaps-sweep-Dashb-de429-ogin-or-renders-sign-in-CTA-mobile-chrome/video.webm
    ────────────────────────────────────────────────────────────────────────────────────────────────

    Error Context: test-results/dashboard-gaps-sweep-Dashb-de429-ogin-or-renders-sign-in-CTA-mobile-chrome/error-context.md

    Retry #1 ───────────────────────────────────────────────────────────────────────────────────────

    Error: page.goto: net::ERR_CONNECTION_REFUSED at http://localhost:4000/en/dashboard/consultations
    Call log:
      - navigating to "http://localhost:4000/en/dashboard/consultations", waiting until "domcontentloaded"


      32 |   for (const route of DASHBOARD_SUB_PAGES) {
      33 |     test(`${route} — redirects to login or renders sign-in CTA`, async ({ page }) => {
    > 34 |       const r = await page.goto(route, { waitUntil: "domcontentloaded" });
         |                            ^
      35 |       // Either a clean response (the gated shell rendered) or a redirect to
      36 |       // the login flow. Either way: never a 5xx.
      37 |       expect(r?.status() ?? 0).toBeLessThan(500);
        at /home/tbaltzakis/cloudless.gr/e2e/dashboard-gaps-sweep.spec.ts:34:28

    attachment #1: screenshot (image/png) ──────────────────────────────────────────────────────────
    test-results/dashboard-gaps-sweep-Dashb-de429-ogin-or-renders-sign-in-CTA-mobile-chrome-retry1/test-failed-1.png
    ────────────────────────────────────────────────────────────────────────────────────────────────

    attachment #2: video (video/webm) ──────────────────────────────────────────────────────────────
    test-results/dashboard-gaps-sweep-Dashb-de429-ogin-or-renders-sign-in-CTA-mobile-chrome-retry1/video.webm
    ────────────────────────────────────────────────────────────────────────────────────────────────

    Error Context: test-results/dashboard-gaps-sweep-Dashb-de429-ogin-or-renders-sign-in-CTA-mobile-chrome-retry1/error-context.md

    attachment #4: trace (application/zip) ─────────────────────────────────────────────────────────
    test-results/dashboard-gaps-sweep-Dashb-de429-ogin-or-renders-sign-in-CTA-mobile-chrome-retry1/trace.zip
    Usage:

        npx playwright show-trace test-results/dashboard-gaps-sweep-Dashb-de429-ogin-or-renders-sign-in-CTA-mobile-chrome-retry1/trace.zip

    ────────────────────────────────────────────────────────────────────────────────────────────────

  1415) [mobile-chrome] › e2e/dashboard-gaps-sweep.spec.ts:33:9 › Dashboard sub-pages (unauthenticated) › /en/dashboard/profile — redirects to login or renders sign-in CTA 

    Error: page.goto: net::ERR_CONNECTION_REFUSED at http://localhost:4000/en/dashboard/profile
    Call log:
      - navigating to "http://localhost:4000/en/dashboard/profile", waiting until "domcontentloaded"


      32 |   for (const route of DASHBOARD_SUB_PAGES) {
      33 |     test(`${route} — redirects to login or renders sign-in CTA`, async ({ page }) => {
    > 34 |       const r = await page.goto(route, { waitUntil: "domcontentloaded" });
         |                            ^
      35 |       // Either a clean response (the gated shell rendered) or a redirect to
      36 |       // the login flow. Either way: never a 5xx.
      37 |       expect(r?.status() ?? 0).toBeLessThan(500);
        at /home/tbaltzakis/cloudless.gr/e2e/dashboard-gaps-sweep.spec.ts:34:28

    attachment #1: screenshot (image/png) ──────────────────────────────────────────────────────────
    test-results/dashboard-gaps-sweep-Dashb-c87b2-ogin-or-renders-sign-in-CTA-mobile-chrome/test-failed-1.png
    ────────────────────────────────────────────────────────────────────────────────────────────────

    attachment #2: video (video/webm) ──────────────────────────────────────────────────────────────
    test-results/dashboard-gaps-sweep-Dashb-c87b2-ogin-or-renders-sign-in-CTA-mobile-chrome/video.webm
    ────────────────────────────────────────────────────────────────────────────────────────────────

    Error Context: test-results/dashboard-gaps-sweep-Dashb-c87b2-ogin-or-renders-sign-in-CTA-mobile-chrome/error-context.md

    Retry #1 ───────────────────────────────────────────────────────────────────────────────────────

    Error: page.goto: net::ERR_CONNECTION_REFUSED at http://localhost:4000/en/dashboard/profile
    Call log:
      - navigating to "http://localhost:4000/en/dashboard/profile", waiting until "domcontentloaded"


      32 |   for (const route of DASHBOARD_SUB_PAGES) {
      33 |     test(`${route} — redirects to login or renders sign-in CTA`, async ({ page }) => {
    > 34 |       const r = await page.goto(route, { waitUntil: "domcontentloaded" });
         |                            ^
      35 |       // Either a clean response (the gated shell rendered) or a redirect to
      36 |       // the login flow. Either way: never a 5xx.
      37 |       expect(r?.status() ?? 0).toBeLessThan(500);
        at /home/tbaltzakis/cloudless.gr/e2e/dashboard-gaps-sweep.spec.ts:34:28

    attachment #1: screenshot (image/png) ──────────────────────────────────────────────────────────
    test-results/dashboard-gaps-sweep-Dashb-c87b2-ogin-or-renders-sign-in-CTA-mobile-chrome-retry1/test-failed-1.png
    ────────────────────────────────────────────────────────────────────────────────────────────────

    attachment #2: video (video/webm) ──────────────────────────────────────────────────────────────
    test-results/dashboard-gaps-sweep-Dashb-c87b2-ogin-or-renders-sign-in-CTA-mobile-chrome-retry1/video.webm
    ────────────────────────────────────────────────────────────────────────────────────────────────

    Error Context: test-results/dashboard-gaps-sweep-Dashb-c87b2-ogin-or-renders-sign-in-CTA-mobile-chrome-retry1/error-context.md

    attachment #4: trace (application/zip) ─────────────────────────────────────────────────────────
    test-results/dashboard-gaps-sweep-Dashb-c87b2-ogin-or-renders-sign-in-CTA-mobile-chrome-retry1/trace.zip
    Usage:

        npx playwright show-trace test-results/dashboard-gaps-sweep-Dashb-c87b2-ogin-or-renders-sign-in-CTA-mobile-chrome-retry1/trace.zip

    ────────────────────────────────────────────────────────────────────────────────────────────────

  1416) [mobile-chrome] › e2e/dashboard-gaps-sweep.spec.ts:33:9 › Dashboard sub-pages (unauthenticated) › /en/dashboard/purchases — redirects to login or renders sign-in CTA 

    Error: page.goto: net::ERR_CONNECTION_REFUSED at http://localhost:4000/en/dashboard/purchases
    Call log:
      - navigating to "http://localhost:4000/en/dashboard/purchases", waiting until "domcontentloaded"


      32 |   for (const route of DASHBOARD_SUB_PAGES) {
      33 |     test(`${route} — redirects to login or renders sign-in CTA`, async ({ page }) => {
    > 34 |       const r = await page.goto(route, { waitUntil: "domcontentloaded" });
         |                            ^
      35 |       // Either a clean response (the gated shell rendered) or a redirect to
      36 |       // the login flow. Either way: never a 5xx.
      37 |       expect(r?.status() ?? 0).toBeLessThan(500);
        at /home/tbaltzakis/cloudless.gr/e2e/dashboard-gaps-sweep.spec.ts:34:28

    attachment #1: screenshot (image/png) ──────────────────────────────────────────────────────────
    test-results/dashboard-gaps-sweep-Dashb-17759-ogin-or-renders-sign-in-CTA-mobile-chrome/test-failed-1.png
    ────────────────────────────────────────────────────────────────────────────────────────────────

    attachment #2: video (video/webm) ──────────────────────────────────────────────────────────────
    test-results/dashboard-gaps-sweep-Dashb-17759-ogin-or-renders-sign-in-CTA-mobile-chrome/video.webm
    ────────────────────────────────────────────────────────────────────────────────────────────────

    Error Context: test-results/dashboard-gaps-sweep-Dashb-17759-ogin-or-renders-sign-in-CTA-mobile-chrome/error-context.md

    Retry #1 ───────────────────────────────────────────────────────────────────────────────────────

    Error: page.goto: net::ERR_CONNECTION_REFUSED at http://localhost:4000/en/dashboard/purchases
    Call log:
      - navigating to "http://localhost:4000/en/dashboard/purchases", waiting until "domcontentloaded"


      32 |   for (const route of DASHBOARD_SUB_PAGES) {
      33 |     test(`${route} — redirects to login or renders sign-in CTA`, async ({ page }) => {
    > 34 |       const r = await page.goto(route, { waitUntil: "domcontentloaded" });
         |                            ^
      35 |       // Either a clean response (the gated shell rendered) or a redirect to
      36 |       // the login flow. Either way: never a 5xx.
      37 |       expect(r?.status() ?? 0).toBeLessThan(500);
        at /home/tbaltzakis/cloudless.gr/e2e/dashboard-gaps-sweep.spec.ts:34:28

    attachment #1: screenshot (image/png) ──────────────────────────────────────────────────────────
    test-results/dashboard-gaps-sweep-Dashb-17759-ogin-or-renders-sign-in-CTA-mobile-chrome-retry1/test-failed-1.png
    ────────────────────────────────────────────────────────────────────────────────────────────────

    attachment #2: video (video/webm) ──────────────────────────────────────────────────────────────
    test-results/dashboard-gaps-sweep-Dashb-17759-ogin-or-renders-sign-in-CTA-mobile-chrome-retry1/video.webm
    ────────────────────────────────────────────────────────────────────────────────────────────────

    Error Context: test-results/dashboard-gaps-sweep-Dashb-17759-ogin-or-renders-sign-in-CTA-mobile-chrome-retry1/error-context.md

    attachment #4: trace (application/zip) ─────────────────────────────────────────────────────────
    test-results/dashboard-gaps-sweep-Dashb-17759-ogin-or-renders-sign-in-CTA-mobile-chrome-retry1/trace.zip
    Usage:

        npx playwright show-trace test-results/dashboard-gaps-sweep-Dashb-17759-ogin-or-renders-sign-in-CTA-mobile-chrome-retry1/trace.zip

    ────────────────────────────────────────────────────────────────────────────────────────────────

  1417) [mobile-chrome] › e2e/dashboard-gaps-sweep.spec.ts:33:9 › Dashboard sub-pages (unauthenticated) › /en/dashboard/settings — redirects to login or renders sign-in CTA 

    Error: page.goto: net::ERR_CONNECTION_REFUSED at http://localhost:4000/en/dashboard/settings
    Call log:
      - navigating to "http://localhost:4000/en/dashboard/settings", waiting until "domcontentloaded"


      32 |   for (const route of DASHBOARD_SUB_PAGES) {
      33 |     test(`${route} — redirects to login or renders sign-in CTA`, async ({ page }) => {
    > 34 |       const r = await page.goto(route, { waitUntil: "domcontentloaded" });
         |                            ^
      35 |       // Either a clean response (the gated shell rendered) or a redirect to
      36 |       // the login flow. Either way: never a 5xx.
      37 |       expect(r?.status() ?? 0).toBeLessThan(500);
        at /home/tbaltzakis/cloudless.gr/e2e/dashboard-gaps-sweep.spec.ts:34:28

    attachment #1: screenshot (image/png) ──────────────────────────────────────────────────────────
    test-results/dashboard-gaps-sweep-Dashb-3623a-ogin-or-renders-sign-in-CTA-mobile-chrome/test-failed-1.png
    ────────────────────────────────────────────────────────────────────────────────────────────────

    attachment #2: video (video/webm) ──────────────────────────────────────────────────────────────
    test-results/dashboard-gaps-sweep-Dashb-3623a-ogin-or-renders-sign-in-CTA-mobile-chrome/video.webm
    ────────────────────────────────────────────────────────────────────────────────────────────────

    Error Context: test-results/dashboard-gaps-sweep-Dashb-3623a-ogin-or-renders-sign-in-CTA-mobile-chrome/error-context.md

    Retry #1 ───────────────────────────────────────────────────────────────────────────────────────

    Error: page.goto: net::ERR_CONNECTION_REFUSED at http://localhost:4000/en/dashboard/settings
    Call log:
      - navigating to "http://localhost:4000/en/dashboard/settings", waiting until "domcontentloaded"


      32 |   for (const route of DASHBOARD_SUB_PAGES) {
      33 |     test(`${route} — redirects to login or renders sign-in CTA`, async ({ page }) => {
    > 34 |       const r = await page.goto(route, { waitUntil: "domcontentloaded" });
         |                            ^
      35 |       // Either a clean response (the gated shell rendered) or a redirect to
      36 |       // the login flow. Either way: never a 5xx.
      37 |       expect(r?.status() ?? 0).toBeLessThan(500);
        at /home/tbaltzakis/cloudless.gr/e2e/dashboard-gaps-sweep.spec.ts:34:28

    attachment #1: screenshot (image/png) ──────────────────────────────────────────────────────────
    test-results/dashboard-gaps-sweep-Dashb-3623a-ogin-or-renders-sign-in-CTA-mobile-chrome-retry1/test-failed-1.png
    ────────────────────────────────────────────────────────────────────────────────────────────────

    attachment #2: video (video/webm) ──────────────────────────────────────────────────────────────
    test-results/dashboard-gaps-sweep-Dashb-3623a-ogin-or-renders-sign-in-CTA-mobile-chrome-retry1/video.webm
    ────────────────────────────────────────────────────────────────────────────────────────────────

    Error Context: test-results/dashboard-gaps-sweep-Dashb-3623a-ogin-or-renders-sign-in-CTA-mobile-chrome-retry1/error-context.md

    attachment #4: trace (application/zip) ─────────────────────────────────────────────────────────
    test-results/dashboard-gaps-sweep-Dashb-3623a-ogin-or-renders-sign-in-CTA-mobile-chrome-retry1/trace.zip
    Usage:

        npx playwright show-trace test-results/dashboard-gaps-sweep-Dashb-3623a-ogin-or-renders-sign-in-CTA-mobile-chrome-retry1/trace.zip

    ────────────────────────────────────────────────────────────────────────────────────────────────

  1418) [mobile-chrome] › e2e/dashboard-gaps-sweep.spec.ts:66:7 › /auth/post-login bridge route › renders without 5xx for unauthenticated users 

    Error: page.goto: net::ERR_CONNECTION_REFUSED at http://localhost:4000/en/auth/post-login
    Call log:
      - navigating to "http://localhost:4000/en/auth/post-login", waiting until "domcontentloaded"


      67 |     const errors: string[] = [];
      68 |     page.on("pageerror", e => errors.push(e.message));
    > 69 |     const r = await page.goto("/en/auth/post-login", {
         |                          ^
      70 |       waitUntil: "domcontentloaded",
      71 |     });
      72 |     expect(r?.status() ?? 0).toBeLessThan(500);
        at /home/tbaltzakis/cloudless.gr/e2e/dashboard-gaps-sweep.spec.ts:69:26

    attachment #1: screenshot (image/png) ──────────────────────────────────────────────────────────
    test-results/dashboard-gaps-sweep--auth-16863-x-for-unauthenticated-users-mobile-chrome/test-failed-1.png
    ────────────────────────────────────────────────────────────────────────────────────────────────

    attachment #2: video (video/webm) ──────────────────────────────────────────────────────────────
    test-results/dashboard-gaps-sweep--auth-16863-x-for-unauthenticated-users-mobile-chrome/video.webm
    ────────────────────────────────────────────────────────────────────────────────────────────────

    Error Context: test-results/dashboard-gaps-sweep--auth-16863-x-for-unauthenticated-users-mobile-chrome/error-context.md

    Retry #1 ───────────────────────────────────────────────────────────────────────────────────────

    Error: page.goto: net::ERR_CONNECTION_REFUSED at http://localhost:4000/en/auth/post-login
    Call log:
      - navigating to "http://localhost:4000/en/auth/post-login", waiting until "domcontentloaded"


      67 |     const errors: string[] = [];
      68 |     page.on("pageerror", e => errors.push(e.message));
    > 69 |     const r = await page.goto("/en/auth/post-login", {
         |                          ^
      70 |       waitUntil: "domcontentloaded",
      71 |     });
      72 |     expect(r?.status() ?? 0).toBeLessThan(500);
        at /home/tbaltzakis/cloudless.gr/e2e/dashboard-gaps-sweep.spec.ts:69:26

    attachment #1: screenshot (image/png) ──────────────────────────────────────────────────────────
    test-results/dashboard-gaps-sweep--auth-16863-x-for-unauthenticated-users-mobile-chrome-retry1/test-failed-1.png
    ────────────────────────────────────────────────────────────────────────────────────────────────

    attachment #2: video (video/webm) ──────────────────────────────────────────────────────────────
    test-results/dashboard-gaps-sweep--auth-16863-x-for-unauthenticated-users-mobile-chrome-retry1/video.webm
    ────────────────────────────────────────────────────────────────────────────────────────────────

    Error Context: test-results/dashboard-gaps-sweep--auth-16863-x-for-unauthenticated-users-mobile-chrome-retry1/error-context.md

    attachment #4: trace (application/zip) ─────────────────────────────────────────────────────────
    test-results/dashboard-gaps-sweep--auth-16863-x-for-unauthenticated-users-mobile-chrome-retry1/trace.zip
    Usage:

        npx playwright show-trace test-results/dashboard-gaps-sweep--auth-16863-x-for-unauthenticated-users-mobile-chrome-retry1/trace.zip

    ────────────────────────────────────────────────────────────────────────────────────────────────

  1419) [mobile-chrome] › e2e/dashboard.spec.ts:4:7 › Dashboard › login page is accessible ─────────

    Error: page.goto: net::ERR_CONNECTION_REFUSED at http://localhost:4000/auth/login
    Call log:
      - navigating to "http://localhost:4000/auth/login", waiting until "load"


      3 | test.describe("Dashboard", () => {
      4 |   test("login page is accessible", async ({ page }) => {
    > 5 |     await page.goto("/auth/login");
        |                ^
      6 |     await expect(page).toHaveURL(/\/auth\/login/);
      7 |     await page.waitForLoadState("networkidle").catch(() => {});
      8 |     const hasAws = await page.getByRole("button", { name: /continue with aws/i }).isVisible({ timeout: 10_000 }).catch(() => false);
        at /home/tbaltzakis/cloudless.gr/e2e/dashboard.spec.ts:5:16

    attachment #1: screenshot (image/png) ──────────────────────────────────────────────────────────
    test-results/dashboard-Dashboard-login-page-is-accessible-mobile-chrome/test-failed-1.png
    ────────────────────────────────────────────────────────────────────────────────────────────────

    attachment #2: video (video/webm) ──────────────────────────────────────────────────────────────
    test-results/dashboard-Dashboard-login-page-is-accessible-mobile-chrome/video.webm
    ────────────────────────────────────────────────────────────────────────────────────────────────

    Error Context: test-results/dashboard-Dashboard-login-page-is-accessible-mobile-chrome/error-context.md

    Retry #1 ───────────────────────────────────────────────────────────────────────────────────────

    Error: page.goto: net::ERR_CONNECTION_REFUSED at http://localhost:4000/auth/login
    Call log:
      - navigating to "http://localhost:4000/auth/login", waiting until "load"


      3 | test.describe("Dashboard", () => {
      4 |   test("login page is accessible", async ({ page }) => {
    > 5 |     await page.goto("/auth/login");
        |                ^
      6 |     await expect(page).toHaveURL(/\/auth\/login/);
      7 |     await page.waitForLoadState("networkidle").catch(() => {});
      8 |     const hasAws = await page.getByRole("button", { name: /continue with aws/i }).isVisible({ timeout: 10_000 }).catch(() => false);
        at /home/tbaltzakis/cloudless.gr/e2e/dashboard.spec.ts:5:16

    attachment #1: screenshot (image/png) ──────────────────────────────────────────────────────────
    test-results/dashboard-Dashboard-login-page-is-accessible-mobile-chrome-retry1/test-failed-1.png
    ────────────────────────────────────────────────────────────────────────────────────────────────

    attachment #2: video (video/webm) ──────────────────────────────────────────────────────────────
    test-results/dashboard-Dashboard-login-page-is-accessible-mobile-chrome-retry1/video.webm
    ────────────────────────────────────────────────────────────────────────────────────────────────

    Error Context: test-results/dashboard-Dashboard-login-page-is-accessible-mobile-chrome-retry1/error-context.md

    attachment #4: trace (application/zip) ─────────────────────────────────────────────────────────
    test-results/dashboard-Dashboard-login-page-is-accessible-mobile-chrome-retry1/trace.zip
    Usage:

        npx playwright show-trace test-results/dashboard-Dashboard-login-page-is-accessible-mobile-chrome-retry1/trace.zip

    ────────────────────────────────────────────────────────────────────────────────────────────────

  1420) [mobile-chrome] › e2e/dashboard.spec.ts:13:7 › Dashboard › /dashboard redirects unauthenticated users to login 

    Error: page.goto: net::ERR_CONNECTION_REFUSED at http://localhost:4000/dashboard
    Call log:
      - navigating to "http://localhost:4000/dashboard", waiting until "load"


      12 |
      13 |   test("/dashboard redirects unauthenticated users to login", async ({ page }) => {
    > 14 |     await page.goto("/dashboard");
         |                ^
      15 |     // Without an auth session the AuthContext gate either keeps users on
      16 |     // /dashboard with a sign-in CTA or redirects to /auth/login. Either is
      17 |     // acceptable; what matters is that no unauth user sees private content.
        at /home/tbaltzakis/cloudless.gr/e2e/dashboard.spec.ts:14:16

    attachment #1: screenshot (image/png) ──────────────────────────────────────────────────────────
    test-results/dashboard-Dashboard-dashbo-ddff2-uthenticated-users-to-login-mobile-chrome/test-failed-1.png
    ────────────────────────────────────────────────────────────────────────────────────────────────

    attachment #2: video (video/webm) ──────────────────────────────────────────────────────────────
    test-results/dashboard-Dashboard-dashbo-ddff2-uthenticated-users-to-login-mobile-chrome/video.webm
    ────────────────────────────────────────────────────────────────────────────────────────────────

    Error Context: test-results/dashboard-Dashboard-dashbo-ddff2-uthenticated-users-to-login-mobile-chrome/error-context.md

    Retry #1 ───────────────────────────────────────────────────────────────────────────────────────

    Error: page.goto: net::ERR_CONNECTION_REFUSED at http://localhost:4000/dashboard
    Call log:
      - navigating to "http://localhost:4000/dashboard", waiting until "load"


      12 |
      13 |   test("/dashboard redirects unauthenticated users to login", async ({ page }) => {
    > 14 |     await page.goto("/dashboard");
         |                ^
      15 |     // Without an auth session the AuthContext gate either keeps users on
      16 |     // /dashboard with a sign-in CTA or redirects to /auth/login. Either is
      17 |     // acceptable; what matters is that no unauth user sees private content.
        at /home/tbaltzakis/cloudless.gr/e2e/dashboard.spec.ts:14:16

    attachment #1: screenshot (image/png) ──────────────────────────────────────────────────────────
    test-results/dashboard-Dashboard-dashbo-ddff2-uthenticated-users-to-login-mobile-chrome-retry1/test-failed-1.png
    ────────────────────────────────────────────────────────────────────────────────────────────────

    attachment #2: video (video/webm) ──────────────────────────────────────────────────────────────
    test-results/dashboard-Dashboard-dashbo-ddff2-uthenticated-users-to-login-mobile-chrome-retry1/video.webm
    ────────────────────────────────────────────────────────────────────────────────────────────────

    Error Context: test-results/dashboard-Dashboard-dashbo-ddff2-uthenticated-users-to-login-mobile-chrome-retry1/error-context.md

    attachment #4: trace (application/zip) ─────────────────────────────────────────────────────────
    test-results/dashboard-Dashboard-dashbo-ddff2-uthenticated-users-to-login-mobile-chrome-retry1/trace.zip
    Usage:

        npx playwright show-trace test-results/dashboard-Dashboard-dashbo-ddff2-uthenticated-users-to-login-mobile-chrome-retry1/trace.zip

    ────────────────────────────────────────────────────────────────────────────────────────────────

  1421) [mobile-chrome] › e2e/dynamic-detail-pages.spec.ts:49:7 › Dynamic public detail pages › /blog/[slug] — unknown slug returns documented 404 

    Error: page.goto: net::ERR_CONNECTION_REFUSED at http://localhost:4000/blog/this-post-does-not-exist-xyz
    Call log:
      - navigating to "http://localhost:4000/blog/this-post-does-not-exist-xyz", waiting until "load"


      48 |
      49 |   test("/blog/[slug] — unknown slug returns documented 404", async ({ page }) => {
    > 50 |     const res = await page.goto("/blog/this-post-does-not-exist-xyz");
         |                            ^
      51 |     // Either a true 404 status or a soft 200 with a not-found component.
      52 |     const status = res?.status() ?? 0;
      53 |     if (status >= 500) throw new Error(`unexpected 5xx: ${status}`);
        at /home/tbaltzakis/cloudless.gr/e2e/dynamic-detail-pages.spec.ts:50:28

    attachment #1: screenshot (image/png) ──────────────────────────────────────────────────────────
    test-results/dynamic-detail-pages-Dynam-7c38e-slug-returns-documented-404-mobile-chrome/test-failed-1.png
    ────────────────────────────────────────────────────────────────────────────────────────────────

    attachment #2: video (video/webm) ──────────────────────────────────────────────────────────────
    test-results/dynamic-detail-pages-Dynam-7c38e-slug-returns-documented-404-mobile-chrome/video.webm
    ────────────────────────────────────────────────────────────────────────────────────────────────

    Error Context: test-results/dynamic-detail-pages-Dynam-7c38e-slug-returns-documented-404-mobile-chrome/error-context.md

    Retry #1 ───────────────────────────────────────────────────────────────────────────────────────

    Error: page.goto: net::ERR_CONNECTION_REFUSED at http://localhost:4000/blog/this-post-does-not-exist-xyz
    Call log:
      - navigating to "http://localhost:4000/blog/this-post-does-not-exist-xyz", waiting until "load"


      48 |
      49 |   test("/blog/[slug] — unknown slug returns documented 404", async ({ page }) => {
    > 50 |     const res = await page.goto("/blog/this-post-does-not-exist-xyz");
         |                            ^
      51 |     // Either a true 404 status or a soft 200 with a not-found component.
      52 |     const status = res?.status() ?? 0;
      53 |     if (status >= 500) throw new Error(`unexpected 5xx: ${status}`);
        at /home/tbaltzakis/cloudless.gr/e2e/dynamic-detail-pages.spec.ts:50:28

    attachment #1: screenshot (image/png) ──────────────────────────────────────────────────────────
    test-results/dynamic-detail-pages-Dynam-7c38e-slug-returns-documented-404-mobile-chrome-retry1/test-failed-1.png
    ────────────────────────────────────────────────────────────────────────────────────────────────

    attachment #2: video (video/webm) ──────────────────────────────────────────────────────────────
    test-results/dynamic-detail-pages-Dynam-7c38e-slug-returns-documented-404-mobile-chrome-retry1/video.webm
    ────────────────────────────────────────────────────────────────────────────────────────────────

    Error Context: test-results/dynamic-detail-pages-Dynam-7c38e-slug-returns-documented-404-mobile-chrome-retry1/error-context.md

    attachment #4: trace (application/zip) ─────────────────────────────────────────────────────────
    test-results/dynamic-detail-pages-Dynam-7c38e-slug-returns-documented-404-mobile-chrome-retry1/trace.zip
    Usage:

        npx playwright show-trace test-results/dynamic-detail-pages-Dynam-7c38e-slug-returns-documented-404-mobile-chrome-retry1/trace.zip

    ────────────────────────────────────────────────────────────────────────────────────────────────

  1422) [mobile-chrome] › e2e/dynamic-detail-pages.spec.ts:66:7 › Dynamic public detail pages › /case-studies/[slug] — unknown slug 

    Error: page.goto: net::ERR_CONNECTION_REFUSED at http://localhost:4000/case-studies/never-existed
    Call log:
      - navigating to "http://localhost:4000/case-studies/never-existed", waiting until "load"


      65 |
      66 |   test("/case-studies/[slug] — unknown slug", async ({ page }) => {
    > 67 |     const res = await page.goto("/case-studies/never-existed");
         |                            ^
      68 |     expect(res?.status() ?? 0).toBeLessThan(500);
      69 |     await expect(page.locator("body")).toBeVisible();
      70 |   });
        at /home/tbaltzakis/cloudless.gr/e2e/dynamic-detail-pages.spec.ts:67:28

    attachment #1: screenshot (image/png) ──────────────────────────────────────────────────────────
    test-results/dynamic-detail-pages-Dynam-01514-studies-slug-—-unknown-slug-mobile-chrome/test-failed-1.png
    ────────────────────────────────────────────────────────────────────────────────────────────────

    attachment #2: video (video/webm) ──────────────────────────────────────────────────────────────
    test-results/dynamic-detail-pages-Dynam-01514-studies-slug-—-unknown-slug-mobile-chrome/video.webm
    ────────────────────────────────────────────────────────────────────────────────────────────────

    Error Context: test-results/dynamic-detail-pages-Dynam-01514-studies-slug-—-unknown-slug-mobile-chrome/error-context.md

    Retry #1 ───────────────────────────────────────────────────────────────────────────────────────

    Error: page.goto: net::ERR_CONNECTION_REFUSED at http://localhost:4000/case-studies/never-existed
    Call log:
      - navigating to "http://localhost:4000/case-studies/never-existed", waiting until "load"


      65 |
      66 |   test("/case-studies/[slug] — unknown slug", async ({ page }) => {
    > 67 |     const res = await page.goto("/case-studies/never-existed");
         |                            ^
      68 |     expect(res?.status() ?? 0).toBeLessThan(500);
      69 |     await expect(page.locator("body")).toBeVisible();
      70 |   });
        at /home/tbaltzakis/cloudless.gr/e2e/dynamic-detail-pages.spec.ts:67:28

    attachment #1: screenshot (image/png) ──────────────────────────────────────────────────────────
    test-results/dynamic-detail-pages-Dynam-01514-studies-slug-—-unknown-slug-mobile-chrome-retry1/test-failed-1.png
    ────────────────────────────────────────────────────────────────────────────────────────────────

    attachment #2: video (video/webm) ──────────────────────────────────────────────────────────────
    test-results/dynamic-detail-pages-Dynam-01514-studies-slug-—-unknown-slug-mobile-chrome-retry1/video.webm
    ────────────────────────────────────────────────────────────────────────────────────────────────

    Error Context: test-results/dynamic-detail-pages-Dynam-01514-studies-slug-—-unknown-slug-mobile-chrome-retry1/error-context.md

    attachment #4: trace (application/zip) ─────────────────────────────────────────────────────────
    test-results/dynamic-detail-pages-Dynam-01514-studies-slug-—-unknown-slug-mobile-chrome-retry1/trace.zip
    Usage:

        npx playwright show-trace test-results/dynamic-detail-pages-Dynam-01514-studies-slug-—-unknown-slug-mobile-chrome-retry1/trace.zip

    ────────────────────────────────────────────────────────────────────────────────────────────────

  1423) [mobile-chrome] › e2e/dynamic-detail-pages.spec.ts:80:7 › Dynamic public detail pages › /docs/[slug] — unknown slug 

    Error: page.goto: net::ERR_CONNECTION_REFUSED at http://localhost:4000/docs/no-such-doc
    Call log:
      - navigating to "http://localhost:4000/docs/no-such-doc", waiting until "load"


      79 |
      80 |   test("/docs/[slug] — unknown slug", async ({ page }) => {
    > 81 |     const res = await page.goto("/docs/no-such-doc");
         |                            ^
      82 |     expect(res?.status() ?? 0).toBeLessThan(500);
      83 |     await expect(page.locator("body")).toBeVisible();
      84 |   });
        at /home/tbaltzakis/cloudless.gr/e2e/dynamic-detail-pages.spec.ts:81:28

    attachment #1: screenshot (image/png) ──────────────────────────────────────────────────────────
    test-results/dynamic-detail-pages-Dynam-3c55c-es-docs-slug-—-unknown-slug-mobile-chrome/test-failed-1.png
    ────────────────────────────────────────────────────────────────────────────────────────────────

    attachment #2: video (video/webm) ──────────────────────────────────────────────────────────────
    test-results/dynamic-detail-pages-Dynam-3c55c-es-docs-slug-—-unknown-slug-mobile-chrome/video.webm
    ────────────────────────────────────────────────────────────────────────────────────────────────

    Error Context: test-results/dynamic-detail-pages-Dynam-3c55c-es-docs-slug-—-unknown-slug-mobile-chrome/error-context.md

    Retry #1 ───────────────────────────────────────────────────────────────────────────────────────

    Error: page.goto: net::ERR_CONNECTION_REFUSED at http://localhost:4000/docs/no-such-doc
    Call log:
      - navigating to "http://localhost:4000/docs/no-such-doc", waiting until "load"


      79 |
      80 |   test("/docs/[slug] — unknown slug", async ({ page }) => {
    > 81 |     const res = await page.goto("/docs/no-such-doc");
         |                            ^
      82 |     expect(res?.status() ?? 0).toBeLessThan(500);
      83 |     await expect(page.locator("body")).toBeVisible();
      84 |   });
        at /home/tbaltzakis/cloudless.gr/e2e/dynamic-detail-pages.spec.ts:81:28

    attachment #1: screenshot (image/png) ──────────────────────────────────────────────────────────
    test-results/dynamic-detail-pages-Dynam-3c55c-es-docs-slug-—-unknown-slug-mobile-chrome-retry1/test-failed-1.png
    ────────────────────────────────────────────────────────────────────────────────────────────────

    attachment #2: video (video/webm) ──────────────────────────────────────────────────────────────
    test-results/dynamic-detail-pages-Dynam-3c55c-es-docs-slug-—-unknown-slug-mobile-chrome-retry1/video.webm
    ────────────────────────────────────────────────────────────────────────────────────────────────

    Error Context: test-results/dynamic-detail-pages-Dynam-3c55c-es-docs-slug-—-unknown-slug-mobile-chrome-retry1/error-context.md

    attachment #4: trace (application/zip) ─────────────────────────────────────────────────────────
    test-results/dynamic-detail-pages-Dynam-3c55c-es-docs-slug-—-unknown-slug-mobile-chrome-retry1/trace.zip
    Usage:

        npx playwright show-trace test-results/dynamic-detail-pages-Dynam-3c55c-es-docs-slug-—-unknown-slug-mobile-chrome-retry1/trace.zip

    ────────────────────────────────────────────────────────────────────────────────────────────────

  1424) [mobile-chrome] › e2e/dynamic-detail-pages.spec.ts:86:7 › Dynamic public detail pages › /store/[id] — fallback when product list empty 

    Error: page.goto: net::ERR_CONNECTION_REFUSED at http://localhost:4000/store/sample-id
    Call log:
      - navigating to "http://localhost:4000/store/sample-id", waiting until "load"


      87 |     const id = await fetchFirstSlug(request, "/api/services", "id");
      88 |     const target = id ? `/store/${id}` : "/store/sample-id";
    > 89 |     const res = await page.goto(target);
         |                            ^
      90 |     // Store pages may legitimately 404 in test if Stripe isn't connected —
      91 |     // we only assert no server crash.
      92 |     expect(res?.status() ?? 0).toBeLessThan(500);
        at /home/tbaltzakis/cloudless.gr/e2e/dynamic-detail-pages.spec.ts:89:28

    attachment #1: screenshot (image/png) ──────────────────────────────────────────────────────────
    test-results/dynamic-detail-pages-Dynam-d3863-ack-when-product-list-empty-mobile-chrome/test-failed-1.png
    ────────────────────────────────────────────────────────────────────────────────────────────────

    attachment #2: video (video/webm) ──────────────────────────────────────────────────────────────
    test-results/dynamic-detail-pages-Dynam-d3863-ack-when-product-list-empty-mobile-chrome/video.webm
    ────────────────────────────────────────────────────────────────────────────────────────────────

    Error Context: test-results/dynamic-detail-pages-Dynam-d3863-ack-when-product-list-empty-mobile-chrome/error-context.md

    Retry #1 ───────────────────────────────────────────────────────────────────────────────────────

    Error: page.goto: net::ERR_CONNECTION_REFUSED at http://localhost:4000/store/sample-id
    Call log:
      - navigating to "http://localhost:4000/store/sample-id", waiting until "load"


      87 |     const id = await fetchFirstSlug(request, "/api/services", "id");
      88 |     const target = id ? `/store/${id}` : "/store/sample-id";
    > 89 |     const res = await page.goto(target);
         |                            ^
      90 |     // Store pages may legitimately 404 in test if Stripe isn't connected —
      91 |     // we only assert no server crash.
      92 |     expect(res?.status() ?? 0).toBeLessThan(500);
        at /home/tbaltzakis/cloudless.gr/e2e/dynamic-detail-pages.spec.ts:89:28

    attachment #1: screenshot (image/png) ──────────────────────────────────────────────────────────
    test-results/dynamic-detail-pages-Dynam-d3863-ack-when-product-list-empty-mobile-chrome-retry1/test-failed-1.png
    ────────────────────────────────────────────────────────────────────────────────────────────────

    attachment #2: video (video/webm) ──────────────────────────────────────────────────────────────
    test-results/dynamic-detail-pages-Dynam-d3863-ack-when-product-list-empty-mobile-chrome-retry1/video.webm
    ────────────────────────────────────────────────────────────────────────────────────────────────

    Error Context: test-results/dynamic-detail-pages-Dynam-d3863-ack-when-product-list-empty-mobile-chrome-retry1/error-context.md

    attachment #4: trace (application/zip) ─────────────────────────────────────────────────────────
    test-results/dynamic-detail-pages-Dynam-d3863-ack-when-product-list-empty-mobile-chrome-retry1/trace.zip
    Usage:

        npx playwright show-trace test-results/dynamic-detail-pages-Dynam-d3863-ack-when-product-list-empty-mobile-chrome-retry1/trace.zip

    ────────────────────────────────────────────────────────────────────────────────────────────────

  1425) [mobile-chrome] › e2e/dynamic-detail-pages.spec.ts:102:7 › Admin detail routes › /admin/reports/[id] — gated on admin auth 

    Error: page.goto: net::ERR_CONNECTION_REFUSED at http://localhost:4000/admin/reports/sample
    Call log:
      - navigating to "http://localhost:4000/admin/reports/sample", waiting until "domcontentloaded"


      104 |     const anonCtx = await browser.newContext({ storageState: { cookies: [], origins: [] } });
      105 |     const anonPage = await anonCtx.newPage();
    > 106 |     const anonRes = await anonPage.goto("/admin/reports/sample", {
          |                                    ^
      107 |       waitUntil: "domcontentloaded",
      108 |     });
      109 |     const finalUrl = anonPage.url();
        at /home/tbaltzakis/cloudless.gr/e2e/dynamic-detail-pages.spec.ts:106:36

    attachment #1: screenshot (image/png) ──────────────────────────────────────────────────────────
    test-results/dynamic-detail-pages-Admin-c2da1-ts-id-—-gated-on-admin-auth-mobile-chrome/test-failed-1.png
    ────────────────────────────────────────────────────────────────────────────────────────────────

    attachment #2: screenshot (image/png) ──────────────────────────────────────────────────────────
    test-results/dynamic-detail-pages-Admin-c2da1-ts-id-—-gated-on-admin-auth-mobile-chrome/test-failed-2.png
    ────────────────────────────────────────────────────────────────────────────────────────────────

    attachment #3: video (video/webm) ──────────────────────────────────────────────────────────────
    test-results/dynamic-detail-pages-Admin-c2da1-ts-id-—-gated-on-admin-auth-mobile-chrome/video.webm
    ────────────────────────────────────────────────────────────────────────────────────────────────

    Error Context: test-results/dynamic-detail-pages-Admin-c2da1-ts-id-—-gated-on-admin-auth-mobile-chrome/error-context.md

    Retry #1 ───────────────────────────────────────────────────────────────────────────────────────

    Error: page.goto: net::ERR_CONNECTION_REFUSED at http://localhost:4000/admin/reports/sample
    Call log:
      - navigating to "http://localhost:4000/admin/reports/sample", waiting until "domcontentloaded"


      104 |     const anonCtx = await browser.newContext({ storageState: { cookies: [], origins: [] } });
      105 |     const anonPage = await anonCtx.newPage();
    > 106 |     const anonRes = await anonPage.goto("/admin/reports/sample", {
          |                                    ^
      107 |       waitUntil: "domcontentloaded",
      108 |     });
      109 |     const finalUrl = anonPage.url();
        at /home/tbaltzakis/cloudless.gr/e2e/dynamic-detail-pages.spec.ts:106:36

    attachment #1: screenshot (image/png) ──────────────────────────────────────────────────────────
    test-results/dynamic-detail-pages-Admin-c2da1-ts-id-—-gated-on-admin-auth-mobile-chrome-retry1/test-failed-1.png
    ────────────────────────────────────────────────────────────────────────────────────────────────

    attachment #2: screenshot (image/png) ──────────────────────────────────────────────────────────
    test-results/dynamic-detail-pages-Admin-c2da1-ts-id-—-gated-on-admin-auth-mobile-chrome-retry1/test-failed-2.png
    ────────────────────────────────────────────────────────────────────────────────────────────────

    attachment #3: video (video/webm) ──────────────────────────────────────────────────────────────
    test-results/dynamic-detail-pages-Admin-c2da1-ts-id-—-gated-on-admin-auth-mobile-chrome-retry1/video.webm
    ────────────────────────────────────────────────────────────────────────────────────────────────

    Error Context: test-results/dynamic-detail-pages-Admin-c2da1-ts-id-—-gated-on-admin-auth-mobile-chrome-retry1/error-context.md

    attachment #5: trace (application/zip) ─────────────────────────────────────────────────────────
    test-results/dynamic-detail-pages-Admin-c2da1-ts-id-—-gated-on-admin-auth-mobile-chrome-retry1/trace.zip
    Usage:

        npx playwright show-trace test-results/dynamic-detail-pages-Admin-c2da1-ts-id-—-gated-on-admin-auth-mobile-chrome-retry1/trace.zip

    ────────────────────────────────────────────────────────────────────────────────────────────────

  1426) [mobile-chrome] › e2e/encryption-compression.spec.ts:18:9 › compression — HTTP responses are compressed when client supports it › gzip is offered for /en 

    Error: apiRequestContext.get: connect ECONNREFUSED ::1:4000
    Call log:
      - → GET http://localhost:4000/en
        - user-agent: Mozilla/5.0 (Linux; Android 14; Pixel 7) AppleWebKit/537.36 (KHTML, like Gecko) Chrome/151.0.7922.34 Mobile Safari/537.36
        - accept: */*
        - accept-encoding: gzip

        at apiRequestContext.get: connect ECONNREFUSED ::1:4000
        at /home/tbaltzakis/cloudless.gr/e2e/encryption-compression.spec.ts:20:29

    Error Context: test-results/encryption-compression-com-9e642-s-it-gzip-is-offered-for-en-mobile-chrome/error-context.md

    Retry #1 ───────────────────────────────────────────────────────────────────────────────────────

    Error: apiRequestContext.get: connect ECONNREFUSED ::1:4000
    Call log:
      - → GET http://localhost:4000/en
        - user-agent: Mozilla/5.0 (Linux; Android 14; Pixel 7) AppleWebKit/537.36 (KHTML, like Gecko) Chrome/151.0.7922.34 Mobile Safari/537.36
        - accept: */*
        - accept-encoding: gzip

        at apiRequestContext.get: connect ECONNREFUSED ::1:4000
        at /home/tbaltzakis/cloudless.gr/e2e/encryption-compression.spec.ts:20:29

    Error Context: test-results/encryption-compression-com-9e642-s-it-gzip-is-offered-for-en-mobile-chrome-retry1/error-context.md

    attachment #2: trace (application/zip) ─────────────────────────────────────────────────────────
    test-results/encryption-compression-com-9e642-s-it-gzip-is-offered-for-en-mobile-chrome-retry1/trace.zip
    Usage:

        npx playwright show-trace test-results/encryption-compression-com-9e642-s-it-gzip-is-offered-for-en-mobile-chrome-retry1/trace.zip

    ────────────────────────────────────────────────────────────────────────────────────────────────

  1427) [mobile-chrome] › e2e/encryption-compression.spec.ts:33:9 › compression — HTTP responses are compressed when client supports it › brotli is offered for /en when client supports it 

    Error: apiRequestContext.get: connect ECONNREFUSED ::1:4000
    Call log:
      - → GET http://localhost:4000/en
        - user-agent: Mozilla/5.0 (Linux; Android 14; Pixel 7) AppleWebKit/537.36 (KHTML, like Gecko) Chrome/151.0.7922.34 Mobile Safari/537.36
        - accept: */*
        - accept-encoding: br, gzip

        at apiRequestContext.get: connect ECONNREFUSED ::1:4000
        at /home/tbaltzakis/cloudless.gr/e2e/encryption-compression.spec.ts:36:29

    Error Context: test-results/encryption-compression-com-548cc--en-when-client-supports-it-mobile-chrome/error-context.md

    Retry #1 ───────────────────────────────────────────────────────────────────────────────────────

    Error: apiRequestContext.get: connect ECONNREFUSED ::1:4000
    Call log:
      - → GET http://localhost:4000/en
        - user-agent: Mozilla/5.0 (Linux; Android 14; Pixel 7) AppleWebKit/537.36 (KHTML, like Gecko) Chrome/151.0.7922.34 Mobile Safari/537.36
        - accept: */*
        - accept-encoding: br, gzip

        at apiRequestContext.get: connect ECONNREFUSED ::1:4000
        at /home/tbaltzakis/cloudless.gr/e2e/encryption-compression.spec.ts:36:29

    Error Context: test-results/encryption-compression-com-548cc--en-when-client-supports-it-mobile-chrome-retry1/error-context.md

    attachment #2: trace (application/zip) ─────────────────────────────────────────────────────────
    test-results/encryption-compression-com-548cc--en-when-client-supports-it-mobile-chrome-retry1/trace.zip
    Usage:

        npx playwright show-trace test-results/encryption-compression-com-548cc--en-when-client-supports-it-mobile-chrome-retry1/trace.zip

    ────────────────────────────────────────────────────────────────────────────────────────────────

  1428) [mobile-chrome] › e2e/encryption-compression.spec.ts:18:9 › compression — HTTP responses are compressed when client supports it › gzip is offered for /api/health 

    Error: apiRequestContext.get: connect ECONNREFUSED ::1:4000
    Call log:
      - → GET http://localhost:4000/api/health
        - user-agent: Mozilla/5.0 (Linux; Android 14; Pixel 7) AppleWebKit/537.36 (KHTML, like Gecko) Chrome/151.0.7922.34 Mobile Safari/537.36
        - accept: */*
        - accept-encoding: gzip

        at apiRequestContext.get: connect ECONNREFUSED ::1:4000
        at /home/tbaltzakis/cloudless.gr/e2e/encryption-compression.spec.ts:20:29

    Error Context: test-results/encryption-compression-com-8986f-p-is-offered-for-api-health-mobile-chrome/error-context.md

    Retry #1 ───────────────────────────────────────────────────────────────────────────────────────

    Error: apiRequestContext.get: connect ECONNREFUSED ::1:4000
    Call log:
      - → GET http://localhost:4000/api/health
        - user-agent: Mozilla/5.0 (Linux; Android 14; Pixel 7) AppleWebKit/537.36 (KHTML, like Gecko) Chrome/151.0.7922.34 Mobile Safari/537.36
        - accept: */*
        - accept-encoding: gzip

        at apiRequestContext.get: connect ECONNREFUSED ::1:4000
        at /home/tbaltzakis/cloudless.gr/e2e/encryption-compression.spec.ts:20:29

    Error Context: test-results/encryption-compression-com-8986f-p-is-offered-for-api-health-mobile-chrome-retry1/error-context.md

    attachment #2: trace (application/zip) ─────────────────────────────────────────────────────────
    test-results/encryption-compression-com-8986f-p-is-offered-for-api-health-mobile-chrome-retry1/trace.zip
    Usage:

        npx playwright show-trace test-results/encryption-compression-com-8986f-p-is-offered-for-api-health-mobile-chrome-retry1/trace.zip

    ────────────────────────────────────────────────────────────────────────────────────────────────

  1429) [mobile-chrome] › e2e/encryption-compression.spec.ts:33:9 › compression — HTTP responses are compressed when client supports it › brotli is offered for /api/health when client supports it 

    Error: apiRequestContext.get: connect ECONNREFUSED ::1:4000
    Call log:
      - → GET http://localhost:4000/api/health
        - user-agent: Mozilla/5.0 (Linux; Android 14; Pixel 7) AppleWebKit/537.36 (KHTML, like Gecko) Chrome/151.0.7922.34 Mobile Safari/537.36
        - accept: */*
        - accept-encoding: br, gzip

        at apiRequestContext.get: connect ECONNREFUSED ::1:4000
        at /home/tbaltzakis/cloudless.gr/e2e/encryption-compression.spec.ts:36:29

    Error Context: test-results/encryption-compression-com-f8f2d-lth-when-client-supports-it-mobile-chrome/error-context.md

    Retry #1 ───────────────────────────────────────────────────────────────────────────────────────

    Error: apiRequestContext.get: connect ECONNREFUSED ::1:4000
    Call log:
      - → GET http://localhost:4000/api/health
        - user-agent: Mozilla/5.0 (Linux; Android 14; Pixel 7) AppleWebKit/537.36 (KHTML, like Gecko) Chrome/151.0.7922.34 Mobile Safari/537.36
        - accept: */*
        - accept-encoding: br, gzip

        at apiRequestContext.get: connect ECONNREFUSED ::1:4000
        at /home/tbaltzakis/cloudless.gr/e2e/encryption-compression.spec.ts:36:29

    Error Context: test-results/encryption-compression-com-f8f2d-lth-when-client-supports-it-mobile-chrome-retry1/error-context.md

    attachment #2: trace (application/zip) ─────────────────────────────────────────────────────────
    test-results/encryption-compression-com-f8f2d-lth-when-client-supports-it-mobile-chrome-retry1/trace.zip
    Usage:

        npx playwright show-trace test-results/encryption-compression-com-f8f2d-lth-when-client-supports-it-mobile-chrome-retry1/trace.zip

    ────────────────────────────────────────────────────────────────────────────────────────────────

  1430) [mobile-chrome] › e2e/encryption-compression.spec.ts:46:7 › compression — HTTP responses are compressed when client supports it › response body for /en is materially compressible (>2KB) 

    Error: apiRequestContext.get: connect ECONNREFUSED ::1:4000
    Call log:
      - → GET http://localhost:4000/en
        - user-agent: Mozilla/5.0 (Linux; Android 14; Pixel 7) AppleWebKit/537.36 (KHTML, like Gecko) Chrome/151.0.7922.34 Mobile Safari/537.36
        - accept: */*
        - accept-encoding: gzip

        at apiRequestContext.get: connect ECONNREFUSED ::1:4000
        at /home/tbaltzakis/cloudless.gr/e2e/encryption-compression.spec.ts:49:29

    Error Context: test-results/encryption-compression-com-c5bb8-aterially-compressible-2KB--mobile-chrome/error-context.md

    Retry #1 ───────────────────────────────────────────────────────────────────────────────────────

    Error: apiRequestContext.get: connect ECONNREFUSED ::1:4000
    Call log:
      - → GET http://localhost:4000/en
        - user-agent: Mozilla/5.0 (Linux; Android 14; Pixel 7) AppleWebKit/537.36 (KHTML, like Gecko) Chrome/151.0.7922.34 Mobile Safari/537.36
        - accept: */*
        - accept-encoding: gzip

        at apiRequestContext.get: connect ECONNREFUSED ::1:4000
        at /home/tbaltzakis/cloudless.gr/e2e/encryption-compression.spec.ts:49:29

    Error Context: test-results/encryption-compression-com-c5bb8-aterially-compressible-2KB--mobile-chrome-retry1/error-context.md

    attachment #2: trace (application/zip) ─────────────────────────────────────────────────────────
    test-results/encryption-compression-com-c5bb8-aterially-compressible-2KB--mobile-chrome-retry1/trace.zip
    Usage:

        npx playwright show-trace test-results/encryption-compression-com-c5bb8-aterially-compressible-2KB--mobile-chrome-retry1/trace.zip

    ────────────────────────────────────────────────────────────────────────────────────────────────

  1431) [mobile-chrome] › e2e/encryption-compression.spec.ts:60:7 › encryption — HTTPS posture and secret-leak protection › HSTS is preload-eligible (max-age + includeSubDomains + preload) 

    Error: apiRequestContext.get: connect ECONNREFUSED ::1:4000
    Call log:
      - → GET http://localhost:4000/api/health
        - user-agent: Mozilla/5.0 (Linux; Android 14; Pixel 7) AppleWebKit/537.36 (KHTML, like Gecko) Chrome/151.0.7922.34 Mobile Safari/537.36
        - accept: */*
        - accept-encoding: gzip,deflate,br

        at apiRequestContext.get: connect ECONNREFUSED ::1:4000
        at /home/tbaltzakis/cloudless.gr/e2e/encryption-compression.spec.ts:63:29

    Error Context: test-results/encryption-compression-enc-be2de--includeSubDomains-preload--mobile-chrome/error-context.md

    Retry #1 ───────────────────────────────────────────────────────────────────────────────────────

    Error: apiRequestContext.get: connect ECONNREFUSED ::1:4000
    Call log:
      - → GET http://localhost:4000/api/health
        - user-agent: Mozilla/5.0 (Linux; Android 14; Pixel 7) AppleWebKit/537.36 (KHTML, like Gecko) Chrome/151.0.7922.34 Mobile Safari/537.36
        - accept: */*
        - accept-encoding: gzip,deflate,br

        at apiRequestContext.get: connect ECONNREFUSED ::1:4000
        at /home/tbaltzakis/cloudless.gr/e2e/encryption-compression.spec.ts:63:29

    Error Context: test-results/encryption-compression-enc-be2de--includeSubDomains-preload--mobile-chrome-retry1/error-context.md

    attachment #2: trace (application/zip) ─────────────────────────────────────────────────────────
    test-results/encryption-compression-enc-be2de--includeSubDomains-preload--mobile-chrome-retry1/trace.zip
    Usage:

        npx playwright show-trace test-results/encryption-compression-enc-be2de--includeSubDomains-preload--mobile-chrome-retry1/trace.zip

    ────────────────────────────────────────────────────────────────────────────────────────────────

  1432) [mobile-chrome] › e2e/encryption-compression.spec.ts:73:7 › encryption — HTTPS posture and secret-leak protection › the app never echoes raw upstream error text in /api/admin/notion/status 

    Error: apiRequestContext.get: connect ECONNREFUSED ::1:4000
    Call log:
      - → GET http://localhost:4000/api/admin/notion/status
        - user-agent: Mozilla/5.0 (Linux; Android 14; Pixel 7) AppleWebKit/537.36 (KHTML, like Gecko) Chrome/151.0.7922.34 Mobile Safari/537.36
        - accept: */*
        - accept-encoding: gzip,deflate,br

        at apiRequestContext.get: connect ECONNREFUSED ::1:4000
        at /home/tbaltzakis/cloudless.gr/e2e/encryption-compression.spec.ts:78:29

    Error Context: test-results/encryption-compression-enc-bcd3c--in-api-admin-notion-status-mobile-chrome/error-context.md

    Retry #1 ───────────────────────────────────────────────────────────────────────────────────────

    Error: apiRequestContext.get: connect ECONNREFUSED ::1:4000
    Call log:
      - → GET http://localhost:4000/api/admin/notion/status
        - user-agent: Mozilla/5.0 (Linux; Android 14; Pixel 7) AppleWebKit/537.36 (KHTML, like Gecko) Chrome/151.0.7922.34 Mobile Safari/537.36
        - accept: */*
        - accept-encoding: gzip,deflate,br

        at apiRequestContext.get: connect ECONNREFUSED ::1:4000
        at /home/tbaltzakis/cloudless.gr/e2e/encryption-compression.spec.ts:78:29

    Error Context: test-results/encryption-compression-enc-bcd3c--in-api-admin-notion-status-mobile-chrome-retry1/error-context.md

    attachment #2: trace (application/zip) ─────────────────────────────────────────────────────────
    test-results/encryption-compression-enc-bcd3c--in-api-admin-notion-status-mobile-chrome-retry1/trace.zip
    Usage:

        npx playwright show-trace test-results/encryption-compression-enc-bcd3c--in-api-admin-notion-status-mobile-chrome-retry1/trace.zip

    ────────────────────────────────────────────────────────────────────────────────────────────────

  1433) [mobile-chrome] › e2e/encryption-compression.spec.ts:89:7 › encryption — HTTPS posture and secret-leak protection › CSP report endpoint accepts violations without echoing user input 

    Error: apiRequestContext.post: connect ECONNREFUSED ::1:4000
    Call log:
      - → POST http://localhost:4000/api/csp-report
        - user-agent: Mozilla/5.0 (Linux; Android 14; Pixel 7) AppleWebKit/537.36 (KHTML, like Gecko) Chrome/151.0.7922.34 Mobile Safari/537.36
        - accept: */*
        - accept-encoding: gzip,deflate,br
        - content-type: application/csp-report
        - content-length: 81

        at apiRequestContext.post: connect ECONNREFUSED ::1:4000
        at /home/tbaltzakis/cloudless.gr/e2e/encryption-compression.spec.ts:95:29

    Error Context: test-results/encryption-compression-enc-5a4de--without-echoing-user-input-mobile-chrome/error-context.md

    Retry #1 ───────────────────────────────────────────────────────────────────────────────────────

    Error: apiRequestContext.post: connect ECONNREFUSED ::1:4000
    Call log:
      - → POST http://localhost:4000/api/csp-report
        - user-agent: Mozilla/5.0 (Linux; Android 14; Pixel 7) AppleWebKit/537.36 (KHTML, like Gecko) Chrome/151.0.7922.34 Mobile Safari/537.36
        - accept: */*
        - accept-encoding: gzip,deflate,br
        - content-type: application/csp-report
        - content-length: 81

        at apiRequestContext.post: connect ECONNREFUSED ::1:4000
        at /home/tbaltzakis/cloudless.gr/e2e/encryption-compression.spec.ts:95:29

    Error Context: test-results/encryption-compression-enc-5a4de--without-echoing-user-input-mobile-chrome-retry1/error-context.md

    attachment #2: trace (application/zip) ─────────────────────────────────────────────────────────
    test-results/encryption-compression-enc-5a4de--without-echoing-user-input-mobile-chrome-retry1/trace.zip
    Usage:

        npx playwright show-trace test-results/encryption-compression-enc-5a4de--without-echoing-user-input-mobile-chrome-retry1/trace.zip

    ────────────────────────────────────────────────────────────────────────────────────────────────

  1434) [mobile-chrome] › e2e/encryption-compression.spec.ts:108:7 › encryption — HTTPS posture and secret-leak protection › response body length for /api/health is small + cacheable 

    Error: apiRequestContext.get: connect ECONNREFUSED ::1:4000
    Call log:
      - → GET http://localhost:4000/api/health
        - user-agent: Mozilla/5.0 (Linux; Android 14; Pixel 7) AppleWebKit/537.36 (KHTML, like Gecko) Chrome/151.0.7922.34 Mobile Safari/537.36
        - accept: */*
        - accept-encoding: gzip,deflate,br

        at apiRequestContext.get: connect ECONNREFUSED ::1:4000
        at /home/tbaltzakis/cloudless.gr/e2e/encryption-compression.spec.ts:114:29

    Error Context: test-results/encryption-compression-enc-89f9e-i-health-is-small-cacheable-mobile-chrome/error-context.md

    Retry #1 ───────────────────────────────────────────────────────────────────────────────────────

    Error: apiRequestContext.get: connect ECONNREFUSED ::1:4000
    Call log:
      - → GET http://localhost:4000/api/health
        - user-agent: Mozilla/5.0 (Linux; Android 14; Pixel 7) AppleWebKit/537.36 (KHTML, like Gecko) Chrome/151.0.7922.34 Mobile Safari/537.36
        - accept: */*
        - accept-encoding: gzip,deflate,br

        at apiRequestContext.get: connect ECONNREFUSED ::1:4000
        at /home/tbaltzakis/cloudless.gr/e2e/encryption-compression.spec.ts:114:29

    Error Context: test-results/encryption-compression-enc-89f9e-i-health-is-small-cacheable-mobile-chrome-retry1/error-context.md

    attachment #2: trace (application/zip) ─────────────────────────────────────────────────────────
    test-results/encryption-compression-enc-89f9e-i-health-is-small-cacheable-mobile-chrome-retry1/trace.zip
    Usage:

        npx playwright show-trace test-results/encryption-compression-enc-89f9e-i-health-is-small-cacheable-mobile-chrome-retry1/trace.zip

    ────────────────────────────────────────────────────────────────────────────────────────────────

  1435) [mobile-chrome] › e2e/encryption-compression.spec.ts:126:7 › encryption — HTTPS posture and secret-leak protection › X-Powered-By is suppressed across multiple routes (consistent posture) 

    Error: apiRequestContext.get: connect ECONNREFUSED ::1:4000
    Call log:
      - → GET http://localhost:4000/api/health
        - user-agent: Mozilla/5.0 (Linux; Android 14; Pixel 7) AppleWebKit/537.36 (KHTML, like Gecko) Chrome/151.0.7922.34 Mobile Safari/537.36
        - accept: */*
        - accept-encoding: gzip,deflate,br

        at apiRequestContext.get: connect ECONNREFUSED ::1:4000
        at /home/tbaltzakis/cloudless.gr/e2e/encryption-compression.spec.ts:130:21

    Error Context: test-results/encryption-compression-enc-22d0d--routes-consistent-posture--mobile-chrome/error-context.md

    Retry #1 ───────────────────────────────────────────────────────────────────────────────────────

    Error: apiRequestContext.get: connect ECONNREFUSED ::1:4000
    Call log:
      - → GET http://localhost:4000/api/health
        - user-agent: Mozilla/5.0 (Linux; Android 14; Pixel 7) AppleWebKit/537.36 (KHTML, like Gecko) Chrome/151.0.7922.34 Mobile Safari/537.36
        - accept: */*
        - accept-encoding: gzip,deflate,br

        at apiRequestContext.get: connect ECONNREFUSED ::1:4000
        at /home/tbaltzakis/cloudless.gr/e2e/encryption-compression.spec.ts:130:21

    Error Context: test-results/encryption-compression-enc-22d0d--routes-consistent-posture--mobile-chrome-retry1/error-context.md

    attachment #2: trace (application/zip) ─────────────────────────────────────────────────────────
    test-results/encryption-compression-enc-22d0d--routes-consistent-posture--mobile-chrome-retry1/trace.zip
    Usage:

        npx playwright show-trace test-results/encryption-compression-enc-22d0d--routes-consistent-posture--mobile-chrome-retry1/trace.zip

    ────────────────────────────────────────────────────────────────────────────────────────────────

  1436) [mobile-chrome] › e2e/form-submission-flows.spec.ts:24:7 › Contact form (/en/contact) › submitting empty form keeps the user on the contact page 

    Error: page.goto: net::ERR_CONNECTION_REFUSED at http://localhost:4000/en/contact
    Call log:
      - navigating to "http://localhost:4000/en/contact", waiting until "domcontentloaded"


      23 | test.describe("Contact form (/en/contact)", () => {
      24 |   test("submitting empty form keeps the user on the contact page", async ({ page }) => {
    > 25 |     await page.goto("/en/contact", { waitUntil: "domcontentloaded" });
         |                ^
      26 |     await expect(page.locator("form").first()).toBeVisible({ timeout: 20_000 });
      27 |
      28 |     const submit = page
        at /home/tbaltzakis/cloudless.gr/e2e/form-submission-flows.spec.ts:25:16

    attachment #1: screenshot (image/png) ──────────────────────────────────────────────────────────
    test-results/form-submission-flows-Cont-ae761-he-user-on-the-contact-page-mobile-chrome/test-failed-1.png
    ────────────────────────────────────────────────────────────────────────────────────────────────

    attachment #2: video (video/webm) ──────────────────────────────────────────────────────────────
    test-results/form-submission-flows-Cont-ae761-he-user-on-the-contact-page-mobile-chrome/video.webm
    ────────────────────────────────────────────────────────────────────────────────────────────────

    Error Context: test-results/form-submission-flows-Cont-ae761-he-user-on-the-contact-page-mobile-chrome/error-context.md

    Retry #1 ───────────────────────────────────────────────────────────────────────────────────────

    Error: page.goto: net::ERR_CONNECTION_REFUSED at http://localhost:4000/en/contact
    Call log:
      - navigating to "http://localhost:4000/en/contact", waiting until "domcontentloaded"


      23 | test.describe("Contact form (/en/contact)", () => {
      24 |   test("submitting empty form keeps the user on the contact page", async ({ page }) => {
    > 25 |     await page.goto("/en/contact", { waitUntil: "domcontentloaded" });
         |                ^
      26 |     await expect(page.locator("form").first()).toBeVisible({ timeout: 20_000 });
      27 |
      28 |     const submit = page
        at /home/tbaltzakis/cloudless.gr/e2e/form-submission-flows.spec.ts:25:16

    attachment #1: screenshot (image/png) ──────────────────────────────────────────────────────────
    test-results/form-submission-flows-Cont-ae761-he-user-on-the-contact-page-mobile-chrome-retry1/test-failed-1.png
    ────────────────────────────────────────────────────────────────────────────────────────────────

    attachment #2: video (video/webm) ──────────────────────────────────────────────────────────────
    test-results/form-submission-flows-Cont-ae761-he-user-on-the-contact-page-mobile-chrome-retry1/video.webm
    ────────────────────────────────────────────────────────────────────────────────────────────────

    Error Context: test-results/form-submission-flows-Cont-ae761-he-user-on-the-contact-page-mobile-chrome-retry1/error-context.md

    attachment #4: trace (application/zip) ─────────────────────────────────────────────────────────
    test-results/form-submission-flows-Cont-ae761-he-user-on-the-contact-page-mobile-chrome-retry1/trace.zip
    Usage:

        npx playwright show-trace test-results/form-submission-flows-Cont-ae761-he-user-on-the-contact-page-mobile-chrome-retry1/trace.zip

    ────────────────────────────────────────────────────────────────────────────────────────────────

  1437) [mobile-chrome] › e2e/form-submission-flows.spec.ts:40:7 › Contact form (/en/contact) › well-formed submit hits /api/contact and gets a non-5xx 

    Error: page.goto: net::ERR_CONNECTION_REFUSED at http://localhost:4000/en/contact
    Call log:
      - navigating to "http://localhost:4000/en/contact", waiting until "domcontentloaded"


      39 |
      40 |   test("well-formed submit hits /api/contact and gets a non-5xx", async ({ page }) => {
    > 41 |     await page.goto("/en/contact", { waitUntil: "domcontentloaded" });
         |                ^
      42 |     await expect(page.locator("form").first()).toBeVisible({ timeout: 20_000 });
      43 |
      44 |     const responsePromise = page.waitForResponse(
        at /home/tbaltzakis/cloudless.gr/e2e/form-submission-flows.spec.ts:41:16

    attachment #1: screenshot (image/png) ──────────────────────────────────────────────────────────
    test-results/form-submission-flows-Cont-52a8e--contact-and-gets-a-non-5xx-mobile-chrome/test-failed-1.png
    ────────────────────────────────────────────────────────────────────────────────────────────────

    attachment #2: video (video/webm) ──────────────────────────────────────────────────────────────
    test-results/form-submission-flows-Cont-52a8e--contact-and-gets-a-non-5xx-mobile-chrome/video.webm
    ────────────────────────────────────────────────────────────────────────────────────────────────

    Error Context: test-results/form-submission-flows-Cont-52a8e--contact-and-gets-a-non-5xx-mobile-chrome/error-context.md

    Retry #1 ───────────────────────────────────────────────────────────────────────────────────────

    Error: page.goto: net::ERR_CONNECTION_REFUSED at http://localhost:4000/en/contact
    Call log:
      - navigating to "http://localhost:4000/en/contact", waiting until "domcontentloaded"


      39 |
      40 |   test("well-formed submit hits /api/contact and gets a non-5xx", async ({ page }) => {
    > 41 |     await page.goto("/en/contact", { waitUntil: "domcontentloaded" });
         |                ^
      42 |     await expect(page.locator("form").first()).toBeVisible({ timeout: 20_000 });
      43 |
      44 |     const responsePromise = page.waitForResponse(
        at /home/tbaltzakis/cloudless.gr/e2e/form-submission-flows.spec.ts:41:16

    attachment #1: screenshot (image/png) ──────────────────────────────────────────────────────────
    test-results/form-submission-flows-Cont-52a8e--contact-and-gets-a-non-5xx-mobile-chrome-retry1/test-failed-1.png
    ────────────────────────────────────────────────────────────────────────────────────────────────

    attachment #2: video (video/webm) ──────────────────────────────────────────────────────────────
    test-results/form-submission-flows-Cont-52a8e--contact-and-gets-a-non-5xx-mobile-chrome-retry1/video.webm
    ────────────────────────────────────────────────────────────────────────────────────────────────

    Error Context: test-results/form-submission-flows-Cont-52a8e--contact-and-gets-a-non-5xx-mobile-chrome-retry1/error-context.md

    attachment #4: trace (application/zip) ─────────────────────────────────────────────────────────
    test-results/form-submission-flows-Cont-52a8e--contact-and-gets-a-non-5xx-mobile-chrome-retry1/trace.zip
    Usage:

        npx playwright show-trace test-results/form-submission-flows-Cont-52a8e--contact-and-gets-a-non-5xx-mobile-chrome-retry1/trace.zip

    ────────────────────────────────────────────────────────────────────────────────────────────────

  1438) [mobile-chrome] › e2e/form-submission-flows.spec.ts:77:7 › Signup form (/en/auth/signup) › empty submit stays on the signup page 

    Error: page.goto: net::ERR_CONNECTION_REFUSED at http://localhost:4000/en/auth/signup
    Call log:
      - navigating to "http://localhost:4000/en/auth/signup", waiting until "domcontentloaded"


      76 | test.describe("Signup form (/en/auth/signup)", () => {
      77 |   test("empty submit stays on the signup page", async ({ page }) => {
    > 78 |     await page.goto("/en/auth/signup", { waitUntil: "domcontentloaded" });
         |                ^
      79 |     await expect(page.locator("form, input[type=\"email\"]").first()).toBeVisible({
      80 |       timeout: 20_000,
      81 |     });
        at /home/tbaltzakis/cloudless.gr/e2e/form-submission-flows.spec.ts:78:16

    attachment #1: screenshot (image/png) ──────────────────────────────────────────────────────────
    test-results/form-submission-flows-Sign-05cc9-it-stays-on-the-signup-page-mobile-chrome/test-failed-1.png
    ────────────────────────────────────────────────────────────────────────────────────────────────

    attachment #2: video (video/webm) ──────────────────────────────────────────────────────────────
    test-results/form-submission-flows-Sign-05cc9-it-stays-on-the-signup-page-mobile-chrome/video.webm
    ────────────────────────────────────────────────────────────────────────────────────────────────

    Error Context: test-results/form-submission-flows-Sign-05cc9-it-stays-on-the-signup-page-mobile-chrome/error-context.md

    Retry #1 ───────────────────────────────────────────────────────────────────────────────────────

    Error: page.goto: net::ERR_CONNECTION_REFUSED at http://localhost:4000/en/auth/signup
    Call log:
      - navigating to "http://localhost:4000/en/auth/signup", waiting until "domcontentloaded"


      76 | test.describe("Signup form (/en/auth/signup)", () => {
      77 |   test("empty submit stays on the signup page", async ({ page }) => {
    > 78 |     await page.goto("/en/auth/signup", { waitUntil: "domcontentloaded" });
         |                ^
      79 |     await expect(page.locator("form, input[type=\"email\"]").first()).toBeVisible({
      80 |       timeout: 20_000,
      81 |     });
        at /home/tbaltzakis/cloudless.gr/e2e/form-submission-flows.spec.ts:78:16

    attachment #1: screenshot (image/png) ──────────────────────────────────────────────────────────
    test-results/form-submission-flows-Sign-05cc9-it-stays-on-the-signup-page-mobile-chrome-retry1/test-failed-1.png
    ────────────────────────────────────────────────────────────────────────────────────────────────

    attachment #2: video (video/webm) ──────────────────────────────────────────────────────────────
    test-results/form-submission-flows-Sign-05cc9-it-stays-on-the-signup-page-mobile-chrome-retry1/video.webm
    ────────────────────────────────────────────────────────────────────────────────────────────────

    Error Context: test-results/form-submission-flows-Sign-05cc9-it-stays-on-the-signup-page-mobile-chrome-retry1/error-context.md

    attachment #4: trace (application/zip) ─────────────────────────────────────────────────────────
    test-results/form-submission-flows-Sign-05cc9-it-stays-on-the-signup-page-mobile-chrome-retry1/trace.zip
    Usage:

        npx playwright show-trace test-results/form-submission-flows-Sign-05cc9-it-stays-on-the-signup-page-mobile-chrome-retry1/trace.zip

    ────────────────────────────────────────────────────────────────────────────────────────────────

  1439) [mobile-chrome] › e2e/form-submission-flows.spec.ts:93:7 › Signup form (/en/auth/signup) › mismatched passwords do not navigate away 

    Error: page.goto: net::ERR_CONNECTION_REFUSED at http://localhost:4000/en/auth/signup
    Call log:
      - navigating to "http://localhost:4000/en/auth/signup", waiting until "domcontentloaded"


      92 |
      93 |   test("mismatched passwords do not navigate away", async ({ page }) => {
    > 94 |     await page.goto("/en/auth/signup", { waitUntil: "domcontentloaded" });
         |                ^
      95 |     const emailField = page.locator("input[type=\"email\"]").first();
      96 |     await expect(emailField).toBeVisible({ timeout: 20_000 });
      97 |
        at /home/tbaltzakis/cloudless.gr/e2e/form-submission-flows.spec.ts:94:16

    attachment #1: screenshot (image/png) ──────────────────────────────────────────────────────────
    test-results/form-submission-flows-Sign-148b6-swords-do-not-navigate-away-mobile-chrome/test-failed-1.png
    ────────────────────────────────────────────────────────────────────────────────────────────────

    attachment #2: video (video/webm) ──────────────────────────────────────────────────────────────
    test-results/form-submission-flows-Sign-148b6-swords-do-not-navigate-away-mobile-chrome/video.webm
    ────────────────────────────────────────────────────────────────────────────────────────────────

    Error Context: test-results/form-submission-flows-Sign-148b6-swords-do-not-navigate-away-mobile-chrome/error-context.md

    Retry #1 ───────────────────────────────────────────────────────────────────────────────────────

    Error: page.goto: net::ERR_CONNECTION_REFUSED at http://localhost:4000/en/auth/signup
    Call log:
      - navigating to "http://localhost:4000/en/auth/signup", waiting until "domcontentloaded"


      92 |
      93 |   test("mismatched passwords do not navigate away", async ({ page }) => {
    > 94 |     await page.goto("/en/auth/signup", { waitUntil: "domcontentloaded" });
         |                ^
      95 |     const emailField = page.locator("input[type=\"email\"]").first();
      96 |     await expect(emailField).toBeVisible({ timeout: 20_000 });
      97 |
        at /home/tbaltzakis/cloudless.gr/e2e/form-submission-flows.spec.ts:94:16

    attachment #1: screenshot (image/png) ──────────────────────────────────────────────────────────
    test-results/form-submission-flows-Sign-148b6-swords-do-not-navigate-away-mobile-chrome-retry1/test-failed-1.png
    ────────────────────────────────────────────────────────────────────────────────────────────────

    attachment #2: video (video/webm) ──────────────────────────────────────────────────────────────
    test-results/form-submission-flows-Sign-148b6-swords-do-not-navigate-away-mobile-chrome-retry1/video.webm
    ────────────────────────────────────────────────────────────────────────────────────────────────

    Error Context: test-results/form-submission-flows-Sign-148b6-swords-do-not-navigate-away-mobile-chrome-retry1/error-context.md

    attachment #4: trace (application/zip) ─────────────────────────────────────────────────────────
    test-results/form-submission-flows-Sign-148b6-swords-do-not-navigate-away-mobile-chrome-retry1/trace.zip
    Usage:

        npx playwright show-trace test-results/form-submission-flows-Sign-148b6-swords-do-not-navigate-away-mobile-chrome-retry1/trace.zip

    ────────────────────────────────────────────────────────────────────────────────────────────────

  1440) [mobile-chrome] › e2e/form-submission-flows.spec.ts:126:7 › Forgot-password form (/en/auth/forgot-password) › empty submit keeps the user on the page 

    Error: page.goto: net::ERR_CONNECTION_REFUSED at http://localhost:4000/en/auth/forgot-password
    Call log:
      - navigating to "http://localhost:4000/en/auth/forgot-password", waiting until "domcontentloaded"


      125 | test.describe("Forgot-password form (/en/auth/forgot-password)", () => {
      126 |   test("empty submit keeps the user on the page", async ({ page }) => {
    > 127 |     await page.goto("/en/auth/forgot-password", {
          |                ^
      128 |       waitUntil: "domcontentloaded",
      129 |     });
      130 |     await expect(page.locator("input[type=\"email\"]").first()).toBeVisible({
        at /home/tbaltzakis/cloudless.gr/e2e/form-submission-flows.spec.ts:127:16

    attachment #1: screenshot (image/png) ──────────────────────────────────────────────────────────
    test-results/form-submission-flows-Forg-ea013--keeps-the-user-on-the-page-mobile-chrome/test-failed-1.png
    ────────────────────────────────────────────────────────────────────────────────────────────────

    attachment #2: video (video/webm) ──────────────────────────────────────────────────────────────
    test-results/form-submission-flows-Forg-ea013--keeps-the-user-on-the-page-mobile-chrome/video.webm
    ────────────────────────────────────────────────────────────────────────────────────────────────

    Error Context: test-results/form-submission-flows-Forg-ea013--keeps-the-user-on-the-page-mobile-chrome/error-context.md

    Retry #1 ───────────────────────────────────────────────────────────────────────────────────────

    Error: page.goto: net::ERR_CONNECTION_REFUSED at http://localhost:4000/en/auth/forgot-password
    Call log:
      - navigating to "http://localhost:4000/en/auth/forgot-password", waiting until "domcontentloaded"


      125 | test.describe("Forgot-password form (/en/auth/forgot-password)", () => {
      126 |   test("empty submit keeps the user on the page", async ({ page }) => {
    > 127 |     await page.goto("/en/auth/forgot-password", {
          |                ^
      128 |       waitUntil: "domcontentloaded",
      129 |     });
      130 |     await expect(page.locator("input[type=\"email\"]").first()).toBeVisible({
        at /home/tbaltzakis/cloudless.gr/e2e/form-submission-flows.spec.ts:127:16

    attachment #1: screenshot (image/png) ──────────────────────────────────────────────────────────
    test-results/form-submission-flows-Forg-ea013--keeps-the-user-on-the-page-mobile-chrome-retry1/test-failed-1.png
    ────────────────────────────────────────────────────────────────────────────────────────────────

    attachment #2: video (video/webm) ──────────────────────────────────────────────────────────────
    test-results/form-submission-flows-Forg-ea013--keeps-the-user-on-the-page-mobile-chrome-retry1/video.webm
    ────────────────────────────────────────────────────────────────────────────────────────────────

    Error Context: test-results/form-submission-flows-Forg-ea013--keeps-the-user-on-the-page-mobile-chrome-retry1/error-context.md

    attachment #4: trace (application/zip) ─────────────────────────────────────────────────────────
    test-results/form-submission-flows-Forg-ea013--keeps-the-user-on-the-page-mobile-chrome-retry1/trace.zip
    Usage:

        npx playwright show-trace test-results/form-submission-flows-Forg-ea013--keeps-the-user-on-the-page-mobile-chrome-retry1/trace.zip

    ────────────────────────────────────────────────────────────────────────────────────────────────

  1441) [mobile-chrome] › e2e/form-submission-flows.spec.ts:142:7 › Forgot-password form (/en/auth/forgot-password) › well-formed email does not produce a 5xx 

    Error: page.goto: net::ERR_CONNECTION_REFUSED at http://localhost:4000/en/auth/forgot-password
    Call log:
      - navigating to "http://localhost:4000/en/auth/forgot-password", waiting until "domcontentloaded"


      141 |
      142 |   test("well-formed email does not produce a 5xx", async ({ page }) => {
    > 143 |     await page.goto("/en/auth/forgot-password", {
          |                ^
      144 |       waitUntil: "domcontentloaded",
      145 |     });
      146 |
        at /home/tbaltzakis/cloudless.gr/e2e/form-submission-flows.spec.ts:143:16

    attachment #1: screenshot (image/png) ──────────────────────────────────────────────────────────
    test-results/form-submission-flows-Forg-d629f-mail-does-not-produce-a-5xx-mobile-chrome/test-failed-1.png
    ────────────────────────────────────────────────────────────────────────────────────────────────

    attachment #2: video (video/webm) ──────────────────────────────────────────────────────────────
    test-results/form-submission-flows-Forg-d629f-mail-does-not-produce-a-5xx-mobile-chrome/video.webm
    ────────────────────────────────────────────────────────────────────────────────────────────────

    Error Context: test-results/form-submission-flows-Forg-d629f-mail-does-not-produce-a-5xx-mobile-chrome/error-context.md

    Retry #1 ───────────────────────────────────────────────────────────────────────────────────────

    Error: page.goto: net::ERR_CONNECTION_REFUSED at http://localhost:4000/en/auth/forgot-password
    Call log:
      - navigating to "http://localhost:4000/en/auth/forgot-password", waiting until "domcontentloaded"


      141 |
      142 |   test("well-formed email does not produce a 5xx", async ({ page }) => {
    > 143 |     await page.goto("/en/auth/forgot-password", {
          |                ^
      144 |       waitUntil: "domcontentloaded",
      145 |     });
      146 |
        at /home/tbaltzakis/cloudless.gr/e2e/form-submission-flows.spec.ts:143:16

    attachment #1: screenshot (image/png) ──────────────────────────────────────────────────────────
    test-results/form-submission-flows-Forg-d629f-mail-does-not-produce-a-5xx-mobile-chrome-retry1/test-failed-1.png
    ────────────────────────────────────────────────────────────────────────────────────────────────

    attachment #2: video (video/webm) ──────────────────────────────────────────────────────────────
    test-results/form-submission-flows-Forg-d629f-mail-does-not-produce-a-5xx-mobile-chrome-retry1/video.webm
    ────────────────────────────────────────────────────────────────────────────────────────────────

    Error Context: test-results/form-submission-flows-Forg-d629f-mail-does-not-produce-a-5xx-mobile-chrome-retry1/error-context.md

    attachment #4: trace (application/zip) ─────────────────────────────────────────────────────────
    test-results/form-submission-flows-Forg-d629f-mail-does-not-produce-a-5xx-mobile-chrome-retry1/trace.zip
    Usage:

        npx playwright show-trace test-results/form-submission-flows-Forg-d629f-mail-does-not-produce-a-5xx-mobile-chrome-retry1/trace.zip

    ────────────────────────────────────────────────────────────────────────────────────────────────

  1442) [mobile-chrome] › e2e/fullstack-frontend-backend.spec.ts:56:9 › Full-stack frontend coverage › public route responds and renders main content: /en 

    Error: page.goto: net::ERR_CONNECTION_REFUSED at http://localhost:4000/en
    Call log:
      - navigating to "http://localhost:4000/en", waiting until "domcontentloaded"


      57 |       page,
      58 |     }) => {
    > 59 |       const response = await page.goto(route, {
         |                                   ^
      60 |         waitUntil: "domcontentloaded",
      61 |         timeout: 60_000,
      62 |       });
        at /home/tbaltzakis/cloudless.gr/e2e/fullstack-frontend-backend.spec.ts:59:35

    attachment #1: screenshot (image/png) ──────────────────────────────────────────────────────────
    test-results/fullstack-frontend-backend-15798-and-renders-main-content-en-mobile-chrome/test-failed-1.png
    ────────────────────────────────────────────────────────────────────────────────────────────────

    attachment #2: video (video/webm) ──────────────────────────────────────────────────────────────
    test-results/fullstack-frontend-backend-15798-and-renders-main-content-en-mobile-chrome/video.webm
    ────────────────────────────────────────────────────────────────────────────────────────────────

    Error Context: test-results/fullstack-frontend-backend-15798-and-renders-main-content-en-mobile-chrome/error-context.md

    Retry #1 ───────────────────────────────────────────────────────────────────────────────────────

    Error: page.goto: net::ERR_CONNECTION_REFUSED at http://localhost:4000/en
    Call log:
      - navigating to "http://localhost:4000/en", waiting until "domcontentloaded"


      57 |       page,
      58 |     }) => {
    > 59 |       const response = await page.goto(route, {
         |                                   ^
      60 |         waitUntil: "domcontentloaded",
      61 |         timeout: 60_000,
      62 |       });
        at /home/tbaltzakis/cloudless.gr/e2e/fullstack-frontend-backend.spec.ts:59:35

    attachment #1: screenshot (image/png) ──────────────────────────────────────────────────────────
    test-results/fullstack-frontend-backend-15798-and-renders-main-content-en-mobile-chrome-retry1/test-failed-1.png
    ────────────────────────────────────────────────────────────────────────────────────────────────

    attachment #2: video (video/webm) ──────────────────────────────────────────────────────────────
    test-results/fullstack-frontend-backend-15798-and-renders-main-content-en-mobile-chrome-retry1/video.webm
    ────────────────────────────────────────────────────────────────────────────────────────────────

    Error Context: test-results/fullstack-frontend-backend-15798-and-renders-main-content-en-mobile-chrome-retry1/error-context.md

    attachment #4: trace (application/zip) ─────────────────────────────────────────────────────────
    test-results/fullstack-frontend-backend-15798-and-renders-main-content-en-mobile-chrome-retry1/trace.zip
    Usage:

        npx playwright show-trace test-results/fullstack-frontend-backend-15798-and-renders-main-content-en-mobile-chrome-retry1/trace.zip

    ────────────────────────────────────────────────────────────────────────────────────────────────

  1443) [mobile-chrome] › e2e/github-agentic-workflows.spec.ts:27:11 › GitHub Agentic Workflows - Infrastructure › Agentic Workflow Files › workflow ci-babysitter-agentic.yml has valid YAML structure 

    Error: ci-babysitter-agentic.yml should exist

    expect(received).toBeTruthy()

    Received: false

      27 |       test(`workflow ${workflow} has valid YAML structure`, async () => {
      28 |         const workflowPath = path.join(workflowsDir, workflow);
    > 29 |         expect(existsSync(workflowPath), `${workflow} should exist`).toBeTruthy();
         |                                                                      ^
      30 |
      31 |         const content = readFileSync(workflowPath, "utf8");
      32 |         const parsed = yaml.parse(content);
        at /home/tbaltzakis/cloudless.gr/e2e/github-agentic-workflows.spec.ts:29:70

    Error Context: test-results/github-agentic-workflows-G-75b93-ml-has-valid-YAML-structure-mobile-chrome/error-context.md

    Retry #1 ───────────────────────────────────────────────────────────────────────────────────────

    Error: ci-babysitter-agentic.yml should exist

    expect(received).toBeTruthy()

    Received: false

      27 |       test(`workflow ${workflow} has valid YAML structure`, async () => {
      28 |         const workflowPath = path.join(workflowsDir, workflow);
    > 29 |         expect(existsSync(workflowPath), `${workflow} should exist`).toBeTruthy();
         |                                                                      ^
      30 |
      31 |         const content = readFileSync(workflowPath, "utf8");
      32 |         const parsed = yaml.parse(content);
        at /home/tbaltzakis/cloudless.gr/e2e/github-agentic-workflows.spec.ts:29:70

    Error Context: test-results/github-agentic-workflows-G-75b93-ml-has-valid-YAML-structure-mobile-chrome-retry1/error-context.md

    attachment #2: trace (application/zip) ─────────────────────────────────────────────────────────
    test-results/github-agentic-workflows-G-75b93-ml-has-valid-YAML-structure-mobile-chrome-retry1/trace.zip
    Usage:

        npx playwright show-trace test-results/github-agentic-workflows-G-75b93-ml-has-valid-YAML-structure-mobile-chrome-retry1/trace.zip

    ────────────────────────────────────────────────────────────────────────────────────────────────

  1444) [mobile-chrome] › e2e/github-agentic-workflows.spec.ts:27:11 › GitHub Agentic Workflows - Infrastructure › Agentic Workflow Files › workflow pr-review-agentic.yml has valid YAML structure 

    Error: pr-review-agentic.yml should exist

    expect(received).toBeTruthy()

    Received: false

      27 |       test(`workflow ${workflow} has valid YAML structure`, async () => {
      28 |         const workflowPath = path.join(workflowsDir, workflow);
    > 29 |         expect(existsSync(workflowPath), `${workflow} should exist`).toBeTruthy();
         |                                                                      ^
      30 |
      31 |         const content = readFileSync(workflowPath, "utf8");
      32 |         const parsed = yaml.parse(content);
        at /home/tbaltzakis/cloudless.gr/e2e/github-agentic-workflows.spec.ts:29:70

    Error Context: test-results/github-agentic-workflows-G-1357f-ml-has-valid-YAML-structure-mobile-chrome/error-context.md

    Retry #1 ───────────────────────────────────────────────────────────────────────────────────────

    Error: pr-review-agentic.yml should exist

    expect(received).toBeTruthy()

    Received: false

      27 |       test(`workflow ${workflow} has valid YAML structure`, async () => {
      28 |         const workflowPath = path.join(workflowsDir, workflow);
    > 29 |         expect(existsSync(workflowPath), `${workflow} should exist`).toBeTruthy();
         |                                                                      ^
      30 |
      31 |         const content = readFileSync(workflowPath, "utf8");
      32 |         const parsed = yaml.parse(content);
        at /home/tbaltzakis/cloudless.gr/e2e/github-agentic-workflows.spec.ts:29:70

    Error Context: test-results/github-agentic-workflows-G-1357f-ml-has-valid-YAML-structure-mobile-chrome-retry1/error-context.md

    attachment #2: trace (application/zip) ─────────────────────────────────────────────────────────
    test-results/github-agentic-workflows-G-1357f-ml-has-valid-YAML-structure-mobile-chrome-retry1/trace.zip
    Usage:

        npx playwright show-trace test-results/github-agentic-workflows-G-1357f-ml-has-valid-YAML-structure-mobile-chrome-retry1/trace.zip

    ────────────────────────────────────────────────────────────────────────────────────────────────

  1445) [mobile-chrome] › e2e/github-agentic-workflows.spec.ts:92:9 › GitHub Agentic Workflows - Infrastructure › Security Architecture › workflows follow read-only token pattern 

    Error: ENOENT: no such file or directory, open '/home/tbaltzakis/cloudless.gr/.github/workflows/ci-babysitter-agentic.yml'

      93 |       for (const workflow of agenticWorkflows) {
      94 |         const workflowPath = path.join(workflowsDir, workflow);
    > 95 |         const content = readFileSync(workflowPath, "utf8");
         |                                     ^
      96 |         const parsed = yaml.parse(content);
      97 |
      98 |         // Contents should be read-only
        at /home/tbaltzakis/cloudless.gr/e2e/github-agentic-workflows.spec.ts:95:37

    Error Context: test-results/github-agentic-workflows-G-f01f5-low-read-only-token-pattern-mobile-chrome/error-context.md

    Retry #1 ───────────────────────────────────────────────────────────────────────────────────────

    Error: ENOENT: no such file or directory, open '/home/tbaltzakis/cloudless.gr/.github/workflows/ci-babysitter-agentic.yml'

      93 |       for (const workflow of agenticWorkflows) {
      94 |         const workflowPath = path.join(workflowsDir, workflow);
    > 95 |         const content = readFileSync(workflowPath, "utf8");
         |                                     ^
      96 |         const parsed = yaml.parse(content);
      97 |
      98 |         // Contents should be read-only
        at /home/tbaltzakis/cloudless.gr/e2e/github-agentic-workflows.spec.ts:95:37

    Error Context: test-results/github-agentic-workflows-G-f01f5-low-read-only-token-pattern-mobile-chrome-retry1/error-context.md

    attachment #2: trace (application/zip) ─────────────────────────────────────────────────────────
    test-results/github-agentic-workflows-G-f01f5-low-read-only-token-pattern-mobile-chrome-retry1/trace.zip
    Usage:

        npx playwright show-trace test-results/github-agentic-workflows-G-f01f5-low-read-only-token-pattern-mobile-chrome-retry1/trace.zip

    ────────────────────────────────────────────────────────────────────────────────────────────────

  1446) [mobile-chrome] › e2e/github-agentic-workflows.spec.ts:106:9 › GitHub Agentic Workflows - Infrastructure › Security Architecture › no hard-coded API keys in workflow files 

    Error: ENOENT: no such file or directory, open '/home/tbaltzakis/cloudless.gr/.github/workflows/ci-babysitter-agentic.yml'

      107 |       for (const workflow of agenticWorkflows) {
      108 |         const workflowPath = path.join(workflowsDir, workflow);
    > 109 |         const content = readFileSync(workflowPath, "utf8");
          |                                     ^
      110 |
      111 |         // Check for obvious secret patterns
      112 |         const hasHardcodedSecrets =
        at /home/tbaltzakis/cloudless.gr/e2e/github-agentic-workflows.spec.ts:109:37

    Error Context: test-results/github-agentic-workflows-G-e6b2d--API-keys-in-workflow-files-mobile-chrome/error-context.md

    Retry #1 ───────────────────────────────────────────────────────────────────────────────────────

    Error: ENOENT: no such file or directory, open '/home/tbaltzakis/cloudless.gr/.github/workflows/ci-babysitter-agentic.yml'

      107 |       for (const workflow of agenticWorkflows) {
      108 |         const workflowPath = path.join(workflowsDir, workflow);
    > 109 |         const content = readFileSync(workflowPath, "utf8");
          |                                     ^
      110 |
      111 |         // Check for obvious secret patterns
      112 |         const hasHardcodedSecrets =
        at /home/tbaltzakis/cloudless.gr/e2e/github-agentic-workflows.spec.ts:109:37

    Error Context: test-results/github-agentic-workflows-G-e6b2d--API-keys-in-workflow-files-mobile-chrome-retry1/error-context.md

    attachment #2: trace (application/zip) ─────────────────────────────────────────────────────────
    test-results/github-agentic-workflows-G-e6b2d--API-keys-in-workflow-files-mobile-chrome-retry1/trace.zip
    Usage:

        npx playwright show-trace test-results/github-agentic-workflows-G-e6b2d--API-keys-in-workflow-files-mobile-chrome-retry1/trace.zip

    ────────────────────────────────────────────────────────────────────────────────────────────────

  1447) [mobile-chrome] › e2e/health.spec.ts:10:7 › Health API › GET /api/health returns 200 with status payload 

    Error: apiRequestContext.get: connect ECONNREFUSED ::1:4000
    Call log:
      - → GET http://localhost:4000/api/health
        - user-agent: Mozilla/5.0 (Linux; Android 14; Pixel 7) AppleWebKit/537.36 (KHTML, like Gecko) Chrome/151.0.7922.34 Mobile Safari/537.36
        - accept: */*
        - accept-encoding: gzip,deflate,br

        at apiRequestContext.get: connect ECONNREFUSED ::1:4000
        at /home/tbaltzakis/cloudless.gr/e2e/health.spec.ts:11:31

    Error Context: test-results/health-Health-API-GET-api--de2f9-rns-200-with-status-payload-mobile-chrome/error-context.md

    Retry #1 ───────────────────────────────────────────────────────────────────────────────────────

    Error: apiRequestContext.get: connect ECONNREFUSED ::1:4000
    Call log:
      - → GET http://localhost:4000/api/health
        - user-agent: Mozilla/5.0 (Linux; Android 14; Pixel 7) AppleWebKit/537.36 (KHTML, like Gecko) Chrome/151.0.7922.34 Mobile Safari/537.36
        - accept: */*
        - accept-encoding: gzip,deflate,br

        at apiRequestContext.get: connect ECONNREFUSED ::1:4000
        at /home/tbaltzakis/cloudless.gr/e2e/health.spec.ts:11:31

    Error Context: test-results/health-Health-API-GET-api--de2f9-rns-200-with-status-payload-mobile-chrome-retry1/error-context.md

    attachment #2: trace (application/zip) ─────────────────────────────────────────────────────────
    test-results/health-Health-API-GET-api--de2f9-rns-200-with-status-payload-mobile-chrome-retry1/trace.zip
    Usage:

        npx playwright show-trace test-results/health-Health-API-GET-api--de2f9-rns-200-with-status-payload-mobile-chrome-retry1/trace.zip

    ────────────────────────────────────────────────────────────────────────────────────────────────

  1448) [mobile-chrome] › e2e/health.spec.ts:22:7 › Health API › health response is fresh (timestamp within last 10s) 

    Error: apiRequestContext.get: connect ECONNREFUSED ::1:4000
    Call log:
      - → GET http://localhost:4000/api/health
        - user-agent: Mozilla/5.0 (Linux; Android 14; Pixel 7) AppleWebKit/537.36 (KHTML, like Gecko) Chrome/151.0.7922.34 Mobile Safari/537.36
        - accept: */*
        - accept-encoding: gzip,deflate,br

        at apiRequestContext.get: connect ECONNREFUSED ::1:4000
        at /home/tbaltzakis/cloudless.gr/e2e/health.spec.ts:23:31

    Error Context: test-results/health-Health-API-health-r-a7308--timestamp-within-last-10s--mobile-chrome/error-context.md

    Retry #1 ───────────────────────────────────────────────────────────────────────────────────────

    Error: apiRequestContext.get: connect ECONNREFUSED ::1:4000
    Call log:
      - → GET http://localhost:4000/api/health
        - user-agent: Mozilla/5.0 (Linux; Android 14; Pixel 7) AppleWebKit/537.36 (KHTML, like Gecko) Chrome/151.0.7922.34 Mobile Safari/537.36
        - accept: */*
        - accept-encoding: gzip,deflate,br

        at apiRequestContext.get: connect ECONNREFUSED ::1:4000
        at /home/tbaltzakis/cloudless.gr/e2e/health.spec.ts:23:31

    Error Context: test-results/health-Health-API-health-r-a7308--timestamp-within-last-10s--mobile-chrome-retry1/error-context.md

    attachment #2: trace (application/zip) ─────────────────────────────────────────────────────────
    test-results/health-Health-API-health-r-a7308--timestamp-within-last-10s--mobile-chrome-retry1/trace.zip
    Usage:

        npx playwright show-trace test-results/health-Health-API-health-r-a7308--timestamp-within-last-10s--mobile-chrome-retry1/trace.zip

    ────────────────────────────────────────────────────────────────────────────────────────────────

  1449) [mobile-chrome] › e2e/homepage.spec.ts:4:7 › Homepage › loads with correct title ───────────

    Error: page.goto: net::ERR_CONNECTION_REFUSED at http://localhost:4000/
    Call log:
      - navigating to "http://localhost:4000/", waiting until "load"


      3 | test.describe("Homepage", () => {
      4 |   test("loads with correct title", async ({ page }) => {
    > 5 |     await page.goto("/");
        |                ^
      6 |     await expect(page).toHaveTitle(/Cloudless/i);
      7 |   });
      8 |
        at /home/tbaltzakis/cloudless.gr/e2e/homepage.spec.ts:5:16

    attachment #1: screenshot (image/png) ──────────────────────────────────────────────────────────
    test-results/homepage-Homepage-loads-with-correct-title-mobile-chrome/test-failed-1.png
    ────────────────────────────────────────────────────────────────────────────────────────────────

    attachment #2: video (video/webm) ──────────────────────────────────────────────────────────────
    test-results/homepage-Homepage-loads-with-correct-title-mobile-chrome/video.webm
    ────────────────────────────────────────────────────────────────────────────────────────────────

    Error Context: test-results/homepage-Homepage-loads-with-correct-title-mobile-chrome/error-context.md

    Retry #1 ───────────────────────────────────────────────────────────────────────────────────────

    Error: page.goto: net::ERR_CONNECTION_REFUSED at http://localhost:4000/
    Call log:
      - navigating to "http://localhost:4000/", waiting until "load"


      3 | test.describe("Homepage", () => {
      4 |   test("loads with correct title", async ({ page }) => {
    > 5 |     await page.goto("/");
        |                ^
      6 |     await expect(page).toHaveTitle(/Cloudless/i);
      7 |   });
      8 |
        at /home/tbaltzakis/cloudless.gr/e2e/homepage.spec.ts:5:16

    attachment #1: screenshot (image/png) ──────────────────────────────────────────────────────────
    test-results/homepage-Homepage-loads-with-correct-title-mobile-chrome-retry1/test-failed-1.png
    ────────────────────────────────────────────────────────────────────────────────────────────────

    attachment #2: video (video/webm) ──────────────────────────────────────────────────────────────
    test-results/homepage-Homepage-loads-with-correct-title-mobile-chrome-retry1/video.webm
    ────────────────────────────────────────────────────────────────────────────────────────────────

    Error Context: test-results/homepage-Homepage-loads-with-correct-title-mobile-chrome-retry1/error-context.md

    attachment #4: trace (application/zip) ─────────────────────────────────────────────────────────
    test-results/homepage-Homepage-loads-with-correct-title-mobile-chrome-retry1/trace.zip
    Usage:

        npx playwright show-trace test-results/homepage-Homepage-loads-with-correct-title-mobile-chrome-retry1/trace.zip

    ────────────────────────────────────────────────────────────────────────────────────────────────

  1450) [mobile-chrome] › e2e/homepage.spec.ts:9:7 › Homepage › has no broken internal links on homepage (4xx) 

    Error: page.goto: net::ERR_CONNECTION_REFUSED at http://localhost:4000/
    Call log:
      - navigating to "http://localhost:4000/", waiting until "load"


       8 |
       9 |   test("has no broken internal links on homepage (4xx)", async ({ page, request }) => {
    > 10 |     await page.goto("/");
         |                ^
      11 |     const hrefs = await page.evaluate(() =>
      12 |       Array.from(document.querySelectorAll("a[href]"))
      13 |         .map((a) => (a as HTMLAnchorElement).href)
        at /home/tbaltzakis/cloudless.gr/e2e/homepage.spec.ts:10:16

    attachment #1: screenshot (image/png) ──────────────────────────────────────────────────────────
    test-results/homepage-Homepage-has-no-b-513c9-rnal-links-on-homepage-4xx--mobile-chrome/test-failed-1.png
    ────────────────────────────────────────────────────────────────────────────────────────────────

    attachment #2: video (video/webm) ──────────────────────────────────────────────────────────────
    test-results/homepage-Homepage-has-no-b-513c9-rnal-links-on-homepage-4xx--mobile-chrome/video.webm
    ────────────────────────────────────────────────────────────────────────────────────────────────

    Error Context: test-results/homepage-Homepage-has-no-b-513c9-rnal-links-on-homepage-4xx--mobile-chrome/error-context.md

    Retry #1 ───────────────────────────────────────────────────────────────────────────────────────

    Error: page.goto: net::ERR_CONNECTION_REFUSED at http://localhost:4000/
    Call log:
      - navigating to "http://localhost:4000/", waiting until "load"


       8 |
       9 |   test("has no broken internal links on homepage (4xx)", async ({ page, request }) => {
    > 10 |     await page.goto("/");
         |                ^
      11 |     const hrefs = await page.evaluate(() =>
      12 |       Array.from(document.querySelectorAll("a[href]"))
      13 |         .map((a) => (a as HTMLAnchorElement).href)
        at /home/tbaltzakis/cloudless.gr/e2e/homepage.spec.ts:10:16

    attachment #1: screenshot (image/png) ──────────────────────────────────────────────────────────
    test-results/homepage-Homepage-has-no-b-513c9-rnal-links-on-homepage-4xx--mobile-chrome-retry1/test-failed-1.png
    ────────────────────────────────────────────────────────────────────────────────────────────────

    attachment #2: video (video/webm) ──────────────────────────────────────────────────────────────
    test-results/homepage-Homepage-has-no-b-513c9-rnal-links-on-homepage-4xx--mobile-chrome-retry1/video.webm
    ────────────────────────────────────────────────────────────────────────────────────────────────

    Error Context: test-results/homepage-Homepage-has-no-b-513c9-rnal-links-on-homepage-4xx--mobile-chrome-retry1/error-context.md

    attachment #4: trace (application/zip) ─────────────────────────────────────────────────────────
    test-results/homepage-Homepage-has-no-b-513c9-rnal-links-on-homepage-4xx--mobile-chrome-retry1/trace.zip
    Usage:

        npx playwright show-trace test-results/homepage-Homepage-has-no-b-513c9-rnal-links-on-homepage-4xx--mobile-chrome-retry1/trace.zip

    ────────────────────────────────────────────────────────────────────────────────────────────────

  1451) [mobile-chrome] › e2e/homepage.spec.ts:26:7 › Homepage › renders above-the-fold content without JS errors 

    Error: page.goto: net::ERR_CONNECTION_REFUSED at http://localhost:4000/
    Call log:
      - navigating to "http://localhost:4000/", waiting until "load"


      28 |     page.on("pageerror", (e) => errors.push(e.message));
      29 |
    > 30 |     await page.goto("/");
         |                ^
      31 |     await page.waitForLoadState("domcontentloaded");
      32 |
      33 |     expect(errors.filter((e) => !e.includes("ResizeObserver"))).toHaveLength(0);
        at /home/tbaltzakis/cloudless.gr/e2e/homepage.spec.ts:30:16

    attachment #1: screenshot (image/png) ──────────────────────────────────────────────────────────
    test-results/homepage-Homepage-renders--bd69e-d-content-without-JS-errors-mobile-chrome/test-failed-1.png
    ────────────────────────────────────────────────────────────────────────────────────────────────

    attachment #2: video (video/webm) ──────────────────────────────────────────────────────────────
    test-results/homepage-Homepage-renders--bd69e-d-content-without-JS-errors-mobile-chrome/video.webm
    ────────────────────────────────────────────────────────────────────────────────────────────────

    Error Context: test-results/homepage-Homepage-renders--bd69e-d-content-without-JS-errors-mobile-chrome/error-context.md

    Retry #1 ───────────────────────────────────────────────────────────────────────────────────────

    Error: page.goto: net::ERR_CONNECTION_REFUSED at http://localhost:4000/
    Call log:
      - navigating to "http://localhost:4000/", waiting until "load"


      28 |     page.on("pageerror", (e) => errors.push(e.message));
      29 |
    > 30 |     await page.goto("/");
         |                ^
      31 |     await page.waitForLoadState("domcontentloaded");
      32 |
      33 |     expect(errors.filter((e) => !e.includes("ResizeObserver"))).toHaveLength(0);
        at /home/tbaltzakis/cloudless.gr/e2e/homepage.spec.ts:30:16

    attachment #1: screenshot (image/png) ──────────────────────────────────────────────────────────
    test-results/homepage-Homepage-renders--bd69e-d-content-without-JS-errors-mobile-chrome-retry1/test-failed-1.png
    ────────────────────────────────────────────────────────────────────────────────────────────────

    attachment #2: video (video/webm) ──────────────────────────────────────────────────────────────
    test-results/homepage-Homepage-renders--bd69e-d-content-without-JS-errors-mobile-chrome-retry1/video.webm
    ────────────────────────────────────────────────────────────────────────────────────────────────

    Error Context: test-results/homepage-Homepage-renders--bd69e-d-content-without-JS-errors-mobile-chrome-retry1/error-context.md

    attachment #4: trace (application/zip) ─────────────────────────────────────────────────────────
    test-results/homepage-Homepage-renders--bd69e-d-content-without-JS-errors-mobile-chrome-retry1/trace.zip
    Usage:

        npx playwright show-trace test-results/homepage-Homepage-renders--bd69e-d-content-without-JS-errors-mobile-chrome-retry1/trace.zip

    ────────────────────────────────────────────────────────────────────────────────────────────────

  1452) [mobile-chrome] › e2e/homepage.spec.ts:36:7 › Homepage › has meta description and OG tags ──

    Error: page.goto: net::ERR_CONNECTION_REFUSED at http://localhost:4000/
    Call log:
      - navigating to "http://localhost:4000/", waiting until "load"


      35 |
      36 |   test("has meta description and OG tags", async ({ page }) => {
    > 37 |     await page.goto("/");
         |                ^
      38 |     await page.waitForLoadState("networkidle");
      39 |     const desc = await page.$eval('meta[name="description"]', (el) => el.getAttribute("content"));
      40 |     expect(desc).toBeTruthy();
        at /home/tbaltzakis/cloudless.gr/e2e/homepage.spec.ts:37:16

    attachment #1: screenshot (image/png) ──────────────────────────────────────────────────────────
    test-results/homepage-Homepage-has-meta-description-and-OG-tags-mobile-chrome/test-failed-1.png
    ────────────────────────────────────────────────────────────────────────────────────────────────

    attachment #2: video (video/webm) ──────────────────────────────────────────────────────────────
    test-results/homepage-Homepage-has-meta-description-and-OG-tags-mobile-chrome/video.webm
    ────────────────────────────────────────────────────────────────────────────────────────────────

    Error Context: test-results/homepage-Homepage-has-meta-description-and-OG-tags-mobile-chrome/error-context.md

    Retry #1 ───────────────────────────────────────────────────────────────────────────────────────

    Error: page.goto: net::ERR_CONNECTION_REFUSED at http://localhost:4000/
    Call log:
      - navigating to "http://localhost:4000/", waiting until "load"


      35 |
      36 |   test("has meta description and OG tags", async ({ page }) => {
    > 37 |     await page.goto("/");
         |                ^
      38 |     await page.waitForLoadState("networkidle");
      39 |     const desc = await page.$eval('meta[name="description"]', (el) => el.getAttribute("content"));
      40 |     expect(desc).toBeTruthy();
        at /home/tbaltzakis/cloudless.gr/e2e/homepage.spec.ts:37:16

    attachment #1: screenshot (image/png) ──────────────────────────────────────────────────────────
    test-results/homepage-Homepage-has-meta-description-and-OG-tags-mobile-chrome-retry1/test-failed-1.png
    ────────────────────────────────────────────────────────────────────────────────────────────────

    attachment #2: video (video/webm) ──────────────────────────────────────────────────────────────
    test-results/homepage-Homepage-has-meta-description-and-OG-tags-mobile-chrome-retry1/video.webm
    ────────────────────────────────────────────────────────────────────────────────────────────────

    Error Context: test-results/homepage-Homepage-has-meta-description-and-OG-tags-mobile-chrome-retry1/error-context.md

    attachment #4: trace (application/zip) ─────────────────────────────────────────────────────────
    test-results/homepage-Homepage-has-meta-description-and-OG-tags-mobile-chrome-retry1/trace.zip
    Usage:

        npx playwright show-trace test-results/homepage-Homepage-has-meta-description-and-OG-tags-mobile-chrome-retry1/trace.zip

    ────────────────────────────────────────────────────────────────────────────────────────────────

  1453) [mobile-chrome] › e2e/homepage.spec.ts:49:7 › Homepage › has cloudless.gr canonical URL (not personal name) 

    Error: page.goto: net::ERR_CONNECTION_REFUSED at http://localhost:4000/
    Call log:
      - navigating to "http://localhost:4000/", waiting until "load"


      48 |
      49 |   test("has cloudless.gr canonical URL (not personal name)", async ({ page }) => {
    > 50 |     await page.goto("/");
         |                ^
      51 |     const canonical = await page
      52 |       .$eval('link[rel="canonical"]', (el) => el.getAttribute("href"))
      53 |       .catch(() => null);
        at /home/tbaltzakis/cloudless.gr/e2e/homepage.spec.ts:50:16

    attachment #1: screenshot (image/png) ──────────────────────────────────────────────────────────
    test-results/homepage-Homepage-has-clou-67d17-ical-URL-not-personal-name--mobile-chrome/test-failed-1.png
    ────────────────────────────────────────────────────────────────────────────────────────────────

    attachment #2: video (video/webm) ──────────────────────────────────────────────────────────────
    test-results/homepage-Homepage-has-clou-67d17-ical-URL-not-personal-name--mobile-chrome/video.webm
    ────────────────────────────────────────────────────────────────────────────────────────────────

    Error Context: test-results/homepage-Homepage-has-clou-67d17-ical-URL-not-personal-name--mobile-chrome/error-context.md

    Retry #1 ───────────────────────────────────────────────────────────────────────────────────────

    Error: page.goto: net::ERR_CONNECTION_REFUSED at http://localhost:4000/
    Call log:
      - navigating to "http://localhost:4000/", waiting until "load"


      48 |
      49 |   test("has cloudless.gr canonical URL (not personal name)", async ({ page }) => {
    > 50 |     await page.goto("/");
         |                ^
      51 |     const canonical = await page
      52 |       .$eval('link[rel="canonical"]', (el) => el.getAttribute("href"))
      53 |       .catch(() => null);
        at /home/tbaltzakis/cloudless.gr/e2e/homepage.spec.ts:50:16

    attachment #1: screenshot (image/png) ──────────────────────────────────────────────────────────
    test-results/homepage-Homepage-has-clou-67d17-ical-URL-not-personal-name--mobile-chrome-retry1/test-failed-1.png
    ────────────────────────────────────────────────────────────────────────────────────────────────

    attachment #2: video (video/webm) ──────────────────────────────────────────────────────────────
    test-results/homepage-Homepage-has-clou-67d17-ical-URL-not-personal-name--mobile-chrome-retry1/video.webm
    ────────────────────────────────────────────────────────────────────────────────────────────────

    Error Context: test-results/homepage-Homepage-has-clou-67d17-ical-URL-not-personal-name--mobile-chrome-retry1/error-context.md

    attachment #4: trace (application/zip) ─────────────────────────────────────────────────────────
    test-results/homepage-Homepage-has-clou-67d17-ical-URL-not-personal-name--mobile-chrome-retry1/trace.zip
    Usage:

        npx playwright show-trace test-results/homepage-Homepage-has-clou-67d17-ical-URL-not-personal-name--mobile-chrome-retry1/trace.zip

    ────────────────────────────────────────────────────────────────────────────────────────────────

  1454) [mobile-chrome] › e2e/i18n-not-found.spec.ts:49:9 › 404 page localization › en renders translated 404 strings 

    Error: page.goto: net::ERR_CONNECTION_REFUSED at http://localhost:4000/en/this-page-does-not-exist-and-should-404
    Call log:
      - navigating to "http://localhost:4000/en/this-page-does-not-exist-and-should-404", waiting until "load"


      48 |   for (const c of CASES) {
      49 |     test(`${c.locale} renders translated 404 strings`, async ({ page }) => {
    > 50 |       const response = await page.goto(`/${c.locale}${NONEXISTENT_PATH}`);
         |                                   ^
      51 |       // Next.js App Router serves the localized not-found.tsx with HTTP 404.
      52 |       expect(response?.status()).toBe(404);
      53 |       const body = await page.locator("body").innerText();
        at /home/tbaltzakis/cloudless.gr/e2e/i18n-not-found.spec.ts:50:35

    attachment #1: screenshot (image/png) ──────────────────────────────────────────────────────────
    test-results/i18n-not-found-404-page-lo-32ae1-ders-translated-404-strings-mobile-chrome/test-failed-1.png
    ────────────────────────────────────────────────────────────────────────────────────────────────

    attachment #2: video (video/webm) ──────────────────────────────────────────────────────────────
    test-results/i18n-not-found-404-page-lo-32ae1-ders-translated-404-strings-mobile-chrome/video.webm
    ────────────────────────────────────────────────────────────────────────────────────────────────

    Error Context: test-results/i18n-not-found-404-page-lo-32ae1-ders-translated-404-strings-mobile-chrome/error-context.md

    Retry #1 ───────────────────────────────────────────────────────────────────────────────────────

    Error: page.goto: net::ERR_CONNECTION_REFUSED at http://localhost:4000/en/this-page-does-not-exist-and-should-404
    Call log:
      - navigating to "http://localhost:4000/en/this-page-does-not-exist-and-should-404", waiting until "load"


      48 |   for (const c of CASES) {
      49 |     test(`${c.locale} renders translated 404 strings`, async ({ page }) => {
    > 50 |       const response = await page.goto(`/${c.locale}${NONEXISTENT_PATH}`);
         |                                   ^
      51 |       // Next.js App Router serves the localized not-found.tsx with HTTP 404.
      52 |       expect(response?.status()).toBe(404);
      53 |       const body = await page.locator("body").innerText();
        at /home/tbaltzakis/cloudless.gr/e2e/i18n-not-found.spec.ts:50:35

    attachment #1: screenshot (image/png) ──────────────────────────────────────────────────────────
    test-results/i18n-not-found-404-page-lo-32ae1-ders-translated-404-strings-mobile-chrome-retry1/test-failed-1.png
    ────────────────────────────────────────────────────────────────────────────────────────────────

    attachment #2: video (video/webm) ──────────────────────────────────────────────────────────────
    test-results/i18n-not-found-404-page-lo-32ae1-ders-translated-404-strings-mobile-chrome-retry1/video.webm
    ────────────────────────────────────────────────────────────────────────────────────────────────

    Error Context: test-results/i18n-not-found-404-page-lo-32ae1-ders-translated-404-strings-mobile-chrome-retry1/error-context.md

    attachment #4: trace (application/zip) ─────────────────────────────────────────────────────────
    test-results/i18n-not-found-404-page-lo-32ae1-ders-translated-404-strings-mobile-chrome-retry1/trace.zip
    Usage:

        npx playwright show-trace test-results/i18n-not-found-404-page-lo-32ae1-ders-translated-404-strings-mobile-chrome-retry1/trace.zip

    ────────────────────────────────────────────────────────────────────────────────────────────────

  1455) [mobile-chrome] › e2e/i18n-not-found.spec.ts:49:9 › 404 page localization › el renders translated 404 strings 

    Error: page.goto: net::ERR_CONNECTION_REFUSED at http://localhost:4000/el/this-page-does-not-exist-and-should-404
    Call log:
      - navigating to "http://localhost:4000/el/this-page-does-not-exist-and-should-404", waiting until "load"


      48 |   for (const c of CASES) {
      49 |     test(`${c.locale} renders translated 404 strings`, async ({ page }) => {
    > 50 |       const response = await page.goto(`/${c.locale}${NONEXISTENT_PATH}`);
         |                                   ^
      51 |       // Next.js App Router serves the localized not-found.tsx with HTTP 404.
      52 |       expect(response?.status()).toBe(404);
      53 |       const body = await page.locator("body").innerText();
        at /home/tbaltzakis/cloudless.gr/e2e/i18n-not-found.spec.ts:50:35

    attachment #1: screenshot (image/png) ──────────────────────────────────────────────────────────
    test-results/i18n-not-found-404-page-lo-e43d7-ders-translated-404-strings-mobile-chrome/test-failed-1.png
    ────────────────────────────────────────────────────────────────────────────────────────────────

    attachment #2: video (video/webm) ──────────────────────────────────────────────────────────────
    test-results/i18n-not-found-404-page-lo-e43d7-ders-translated-404-strings-mobile-chrome/video.webm
    ────────────────────────────────────────────────────────────────────────────────────────────────

    Error Context: test-results/i18n-not-found-404-page-lo-e43d7-ders-translated-404-strings-mobile-chrome/error-context.md

    Retry #1 ───────────────────────────────────────────────────────────────────────────────────────

    Error: page.goto: net::ERR_CONNECTION_REFUSED at http://localhost:4000/el/this-page-does-not-exist-and-should-404
    Call log:
      - navigating to "http://localhost:4000/el/this-page-does-not-exist-and-should-404", waiting until "load"


      48 |   for (const c of CASES) {
      49 |     test(`${c.locale} renders translated 404 strings`, async ({ page }) => {
    > 50 |       const response = await page.goto(`/${c.locale}${NONEXISTENT_PATH}`);
         |                                   ^
      51 |       // Next.js App Router serves the localized not-found.tsx with HTTP 404.
      52 |       expect(response?.status()).toBe(404);
      53 |       const body = await page.locator("body").innerText();
        at /home/tbaltzakis/cloudless.gr/e2e/i18n-not-found.spec.ts:50:35

    attachment #1: screenshot (image/png) ──────────────────────────────────────────────────────────
    test-results/i18n-not-found-404-page-lo-e43d7-ders-translated-404-strings-mobile-chrome-retry1/test-failed-1.png
    ────────────────────────────────────────────────────────────────────────────────────────────────

    attachment #2: video (video/webm) ──────────────────────────────────────────────────────────────
    test-results/i18n-not-found-404-page-lo-e43d7-ders-translated-404-strings-mobile-chrome-retry1/video.webm
    ────────────────────────────────────────────────────────────────────────────────────────────────

    Error Context: test-results/i18n-not-found-404-page-lo-e43d7-ders-translated-404-strings-mobile-chrome-retry1/error-context.md

    attachment #4: trace (application/zip) ─────────────────────────────────────────────────────────
    test-results/i18n-not-found-404-page-lo-e43d7-ders-translated-404-strings-mobile-chrome-retry1/trace.zip
    Usage:

        npx playwright show-trace test-results/i18n-not-found-404-page-lo-e43d7-ders-translated-404-strings-mobile-chrome-retry1/trace.zip

    ────────────────────────────────────────────────────────────────────────────────────────────────

  1456) [mobile-chrome] › e2e/i18n-not-found.spec.ts:49:9 › 404 page localization › fr renders translated 404 strings 

    Error: page.goto: net::ERR_CONNECTION_REFUSED at http://localhost:4000/fr/this-page-does-not-exist-and-should-404
    Call log:
      - navigating to "http://localhost:4000/fr/this-page-does-not-exist-and-should-404", waiting until "load"


      48 |   for (const c of CASES) {
      49 |     test(`${c.locale} renders translated 404 strings`, async ({ page }) => {
    > 50 |       const response = await page.goto(`/${c.locale}${NONEXISTENT_PATH}`);
         |                                   ^
      51 |       // Next.js App Router serves the localized not-found.tsx with HTTP 404.
      52 |       expect(response?.status()).toBe(404);
      53 |       const body = await page.locator("body").innerText();
        at /home/tbaltzakis/cloudless.gr/e2e/i18n-not-found.spec.ts:50:35

    attachment #1: screenshot (image/png) ──────────────────────────────────────────────────────────
    test-results/i18n-not-found-404-page-lo-993bf-ders-translated-404-strings-mobile-chrome/test-failed-1.png
    ────────────────────────────────────────────────────────────────────────────────────────────────

    attachment #2: video (video/webm) ──────────────────────────────────────────────────────────────
    test-results/i18n-not-found-404-page-lo-993bf-ders-translated-404-strings-mobile-chrome/video.webm
    ────────────────────────────────────────────────────────────────────────────────────────────────

    Error Context: test-results/i18n-not-found-404-page-lo-993bf-ders-translated-404-strings-mobile-chrome/error-context.md

    Retry #1 ───────────────────────────────────────────────────────────────────────────────────────

    Error: page.goto: net::ERR_CONNECTION_REFUSED at http://localhost:4000/fr/this-page-does-not-exist-and-should-404
    Call log:
      - navigating to "http://localhost:4000/fr/this-page-does-not-exist-and-should-404", waiting until "load"


      48 |   for (const c of CASES) {
      49 |     test(`${c.locale} renders translated 404 strings`, async ({ page }) => {
    > 50 |       const response = await page.goto(`/${c.locale}${NONEXISTENT_PATH}`);
         |                                   ^
      51 |       // Next.js App Router serves the localized not-found.tsx with HTTP 404.
      52 |       expect(response?.status()).toBe(404);
      53 |       const body = await page.locator("body").innerText();
        at /home/tbaltzakis/cloudless.gr/e2e/i18n-not-found.spec.ts:50:35

    attachment #1: screenshot (image/png) ──────────────────────────────────────────────────────────
    test-results/i18n-not-found-404-page-lo-993bf-ders-translated-404-strings-mobile-chrome-retry1/test-failed-1.png
    ────────────────────────────────────────────────────────────────────────────────────────────────

    attachment #2: video (video/webm) ──────────────────────────────────────────────────────────────
    test-results/i18n-not-found-404-page-lo-993bf-ders-translated-404-strings-mobile-chrome-retry1/video.webm
    ────────────────────────────────────────────────────────────────────────────────────────────────

    Error Context: test-results/i18n-not-found-404-page-lo-993bf-ders-translated-404-strings-mobile-chrome-retry1/error-context.md

    attachment #4: trace (application/zip) ─────────────────────────────────────────────────────────
    test-results/i18n-not-found-404-page-lo-993bf-ders-translated-404-strings-mobile-chrome-retry1/trace.zip
    Usage:

        npx playwright show-trace test-results/i18n-not-found-404-page-lo-993bf-ders-translated-404-strings-mobile-chrome-retry1/trace.zip

    ────────────────────────────────────────────────────────────────────────────────────────────────

  1457) [mobile-chrome] › e2e/i18n-not-found.spec.ts:49:9 › 404 page localization › de renders translated 404 strings 

    Error: page.goto: net::ERR_CONNECTION_REFUSED at http://localhost:4000/de/this-page-does-not-exist-and-should-404
    Call log:
      - navigating to "http://localhost:4000/de/this-page-does-not-exist-and-should-404", waiting until "load"


      48 |   for (const c of CASES) {
      49 |     test(`${c.locale} renders translated 404 strings`, async ({ page }) => {
    > 50 |       const response = await page.goto(`/${c.locale}${NONEXISTENT_PATH}`);
         |                                   ^
      51 |       // Next.js App Router serves the localized not-found.tsx with HTTP 404.
      52 |       expect(response?.status()).toBe(404);
      53 |       const body = await page.locator("body").innerText();
        at /home/tbaltzakis/cloudless.gr/e2e/i18n-not-found.spec.ts:50:35

    attachment #1: screenshot (image/png) ──────────────────────────────────────────────────────────
    test-results/i18n-not-found-404-page-lo-1524b-ders-translated-404-strings-mobile-chrome/test-failed-1.png
    ────────────────────────────────────────────────────────────────────────────────────────────────

    attachment #2: video (video/webm) ──────────────────────────────────────────────────────────────
    test-results/i18n-not-found-404-page-lo-1524b-ders-translated-404-strings-mobile-chrome/video.webm
    ────────────────────────────────────────────────────────────────────────────────────────────────

    Error Context: test-results/i18n-not-found-404-page-lo-1524b-ders-translated-404-strings-mobile-chrome/error-context.md

    Retry #1 ───────────────────────────────────────────────────────────────────────────────────────

    Error: page.goto: net::ERR_CONNECTION_REFUSED at http://localhost:4000/de/this-page-does-not-exist-and-should-404
    Call log:
      - navigating to "http://localhost:4000/de/this-page-does-not-exist-and-should-404", waiting until "load"


      48 |   for (const c of CASES) {
      49 |     test(`${c.locale} renders translated 404 strings`, async ({ page }) => {
    > 50 |       const response = await page.goto(`/${c.locale}${NONEXISTENT_PATH}`);
         |                                   ^
      51 |       // Next.js App Router serves the localized not-found.tsx with HTTP 404.
      52 |       expect(response?.status()).toBe(404);
      53 |       const body = await page.locator("body").innerText();
        at /home/tbaltzakis/cloudless.gr/e2e/i18n-not-found.spec.ts:50:35

    attachment #1: screenshot (image/png) ──────────────────────────────────────────────────────────
    test-results/i18n-not-found-404-page-lo-1524b-ders-translated-404-strings-mobile-chrome-retry1/test-failed-1.png
    ────────────────────────────────────────────────────────────────────────────────────────────────

    attachment #2: video (video/webm) ──────────────────────────────────────────────────────────────
    test-results/i18n-not-found-404-page-lo-1524b-ders-translated-404-strings-mobile-chrome-retry1/video.webm
    ────────────────────────────────────────────────────────────────────────────────────────────────

    Error Context: test-results/i18n-not-found-404-page-lo-1524b-ders-translated-404-strings-mobile-chrome-retry1/error-context.md

    attachment #4: trace (application/zip) ─────────────────────────────────────────────────────────
    test-results/i18n-not-found-404-page-lo-1524b-ders-translated-404-strings-mobile-chrome-retry1/trace.zip
    Usage:

        npx playwright show-trace test-results/i18n-not-found-404-page-lo-1524b-ders-translated-404-strings-mobile-chrome-retry1/trace.zip

    ────────────────────────────────────────────────────────────────────────────────────────────────

  1458) [mobile-chrome] › e2e/i18n-not-found.spec.ts:63:7 › 404 page localization › the 'Back to Home' CTA is a real internal link 

    Error: page.goto: net::ERR_CONNECTION_REFUSED at http://localhost:4000/en/this-page-does-not-exist-and-should-404
    Call log:
      - navigating to "http://localhost:4000/en/this-page-does-not-exist-and-should-404", waiting until "load"


      62 |
      63 |   test("the 'Back to Home' CTA is a real internal link", async ({ page }) => {
    > 64 |     await page.goto(`/en${NONEXISTENT_PATH}`);
         |                ^
      65 |     const cta = page.locator("a", { hasText: "Back to Home" }).first();
      66 |     await expect(cta).toBeVisible();
      67 |     const href = await cta.getAttribute("href");
        at /home/tbaltzakis/cloudless.gr/e2e/i18n-not-found.spec.ts:64:16

    attachment #1: screenshot (image/png) ──────────────────────────────────────────────────────────
    test-results/i18n-not-found-404-page-lo-a9b9d-CTA-is-a-real-internal-link-mobile-chrome/test-failed-1.png
    ────────────────────────────────────────────────────────────────────────────────────────────────

    attachment #2: video (video/webm) ──────────────────────────────────────────────────────────────
    test-results/i18n-not-found-404-page-lo-a9b9d-CTA-is-a-real-internal-link-mobile-chrome/video.webm
    ────────────────────────────────────────────────────────────────────────────────────────────────

    Error Context: test-results/i18n-not-found-404-page-lo-a9b9d-CTA-is-a-real-internal-link-mobile-chrome/error-context.md

    Retry #1 ───────────────────────────────────────────────────────────────────────────────────────

    Error: page.goto: net::ERR_CONNECTION_REFUSED at http://localhost:4000/en/this-page-does-not-exist-and-should-404
    Call log:
      - navigating to "http://localhost:4000/en/this-page-does-not-exist-and-should-404", waiting until "load"


      62 |
      63 |   test("the 'Back to Home' CTA is a real internal link", async ({ page }) => {
    > 64 |     await page.goto(`/en${NONEXISTENT_PATH}`);
         |                ^
      65 |     const cta = page.locator("a", { hasText: "Back to Home" }).first();
      66 |     await expect(cta).toBeVisible();
      67 |     const href = await cta.getAttribute("href");
        at /home/tbaltzakis/cloudless.gr/e2e/i18n-not-found.spec.ts:64:16

    attachment #1: screenshot (image/png) ──────────────────────────────────────────────────────────
    test-results/i18n-not-found-404-page-lo-a9b9d-CTA-is-a-real-internal-link-mobile-chrome-retry1/test-failed-1.png
    ────────────────────────────────────────────────────────────────────────────────────────────────

    attachment #2: video (video/webm) ──────────────────────────────────────────────────────────────
    test-results/i18n-not-found-404-page-lo-a9b9d-CTA-is-a-real-internal-link-mobile-chrome-retry1/video.webm
    ────────────────────────────────────────────────────────────────────────────────────────────────

    Error Context: test-results/i18n-not-found-404-page-lo-a9b9d-CTA-is-a-real-internal-link-mobile-chrome-retry1/error-context.md

    attachment #4: trace (application/zip) ─────────────────────────────────────────────────────────
    test-results/i18n-not-found-404-page-lo-a9b9d-CTA-is-a-real-internal-link-mobile-chrome-retry1/trace.zip
    Usage:

        npx playwright show-trace test-results/i18n-not-found-404-page-lo-a9b9d-CTA-is-a-real-internal-link-mobile-chrome-retry1/trace.zip

    ────────────────────────────────────────────────────────────────────────────────────────────────

  1459) [mobile-chrome] › e2e/i18n.spec.ts:7:9 › Internationalization › page loads in en ───────────

    Error: page.goto: net::ERR_CONNECTION_REFUSED at http://localhost:4000/en/
    Call log:
      - navigating to "http://localhost:4000/en/", waiting until "load"


       6 |   for (const locale of locales) {
       7 |     test(`page loads in ${locale}`, async ({ page }) => {
    >  8 |       await page.goto(`/${locale}/`);
         |                  ^
       9 |
      10 |       // App may redirect to root while still applying locale via cookies/routing.
      11 |       const url = page.url();
        at /home/tbaltzakis/cloudless.gr/e2e/i18n.spec.ts:8:18

    attachment #1: screenshot (image/png) ──────────────────────────────────────────────────────────
    test-results/i18n-Internationalization-page-loads-in-en-mobile-chrome/test-failed-1.png
    ────────────────────────────────────────────────────────────────────────────────────────────────

    attachment #2: video (video/webm) ──────────────────────────────────────────────────────────────
    test-results/i18n-Internationalization-page-loads-in-en-mobile-chrome/video.webm
    ────────────────────────────────────────────────────────────────────────────────────────────────

    Error Context: test-results/i18n-Internationalization-page-loads-in-en-mobile-chrome/error-context.md

    Retry #1 ───────────────────────────────────────────────────────────────────────────────────────

    Error: page.goto: net::ERR_CONNECTION_REFUSED at http://localhost:4000/en/
    Call log:
      - navigating to "http://localhost:4000/en/", waiting until "load"


       6 |   for (const locale of locales) {
       7 |     test(`page loads in ${locale}`, async ({ page }) => {
    >  8 |       await page.goto(`/${locale}/`);
         |                  ^
       9 |
      10 |       // App may redirect to root while still applying locale via cookies/routing.
      11 |       const url = page.url();
        at /home/tbaltzakis/cloudless.gr/e2e/i18n.spec.ts:8:18

    attachment #1: screenshot (image/png) ──────────────────────────────────────────────────────────
    test-results/i18n-Internationalization-page-loads-in-en-mobile-chrome-retry1/test-failed-1.png
    ────────────────────────────────────────────────────────────────────────────────────────────────

    attachment #2: video (video/webm) ──────────────────────────────────────────────────────────────
    test-results/i18n-Internationalization-page-loads-in-en-mobile-chrome-retry1/video.webm
    ────────────────────────────────────────────────────────────────────────────────────────────────

    Error Context: test-results/i18n-Internationalization-page-loads-in-en-mobile-chrome-retry1/error-context.md

    attachment #4: trace (application/zip) ─────────────────────────────────────────────────────────
    test-results/i18n-Internationalization-page-loads-in-en-mobile-chrome-retry1/trace.zip
    Usage:

        npx playwright show-trace test-results/i18n-Internationalization-page-loads-in-en-mobile-chrome-retry1/trace.zip

    ────────────────────────────────────────────────────────────────────────────────────────────────

  1460) [mobile-chrome] › e2e/i18n.spec.ts:7:9 › Internationalization › page loads in el ───────────

    Error: page.goto: net::ERR_CONNECTION_REFUSED at http://localhost:4000/el/
    Call log:
      - navigating to "http://localhost:4000/el/", waiting until "load"


       6 |   for (const locale of locales) {
       7 |     test(`page loads in ${locale}`, async ({ page }) => {
    >  8 |       await page.goto(`/${locale}/`);
         |                  ^
       9 |
      10 |       // App may redirect to root while still applying locale via cookies/routing.
      11 |       const url = page.url();
        at /home/tbaltzakis/cloudless.gr/e2e/i18n.spec.ts:8:18

    attachment #1: screenshot (image/png) ──────────────────────────────────────────────────────────
    test-results/i18n-Internationalization-page-loads-in-el-mobile-chrome/test-failed-1.png
    ────────────────────────────────────────────────────────────────────────────────────────────────

    attachment #2: video (video/webm) ──────────────────────────────────────────────────────────────
    test-results/i18n-Internationalization-page-loads-in-el-mobile-chrome/video.webm
    ────────────────────────────────────────────────────────────────────────────────────────────────

    Error Context: test-results/i18n-Internationalization-page-loads-in-el-mobile-chrome/error-context.md

    Retry #1 ───────────────────────────────────────────────────────────────────────────────────────

    Error: page.goto: net::ERR_CONNECTION_REFUSED at http://localhost:4000/el/
    Call log:
      - navigating to "http://localhost:4000/el/", waiting until "load"


       6 |   for (const locale of locales) {
       7 |     test(`page loads in ${locale}`, async ({ page }) => {
    >  8 |       await page.goto(`/${locale}/`);
         |                  ^
       9 |
      10 |       // App may redirect to root while still applying locale via cookies/routing.
      11 |       const url = page.url();
        at /home/tbaltzakis/cloudless.gr/e2e/i18n.spec.ts:8:18

    attachment #1: screenshot (image/png) ──────────────────────────────────────────────────────────
    test-results/i18n-Internationalization-page-loads-in-el-mobile-chrome-retry1/test-failed-1.png
    ────────────────────────────────────────────────────────────────────────────────────────────────

    attachment #2: video (video/webm) ──────────────────────────────────────────────────────────────
    test-results/i18n-Internationalization-page-loads-in-el-mobile-chrome-retry1/video.webm
    ────────────────────────────────────────────────────────────────────────────────────────────────

    Error Context: test-results/i18n-Internationalization-page-loads-in-el-mobile-chrome-retry1/error-context.md

    attachment #4: trace (application/zip) ─────────────────────────────────────────────────────────
    test-results/i18n-Internationalization-page-loads-in-el-mobile-chrome-retry1/trace.zip
    Usage:

        npx playwright show-trace test-results/i18n-Internationalization-page-loads-in-el-mobile-chrome-retry1/trace.zip

    ────────────────────────────────────────────────────────────────────────────────────────────────

  1461) [mobile-chrome] › e2e/i18n.spec.ts:7:9 › Internationalization › page loads in fr ───────────

    Error: page.goto: net::ERR_CONNECTION_REFUSED at http://localhost:4000/fr/
    Call log:
      - navigating to "http://localhost:4000/fr/", waiting until "load"


       6 |   for (const locale of locales) {
       7 |     test(`page loads in ${locale}`, async ({ page }) => {
    >  8 |       await page.goto(`/${locale}/`);
         |                  ^
       9 |
      10 |       // App may redirect to root while still applying locale via cookies/routing.
      11 |       const url = page.url();
        at /home/tbaltzakis/cloudless.gr/e2e/i18n.spec.ts:8:18

    attachment #1: screenshot (image/png) ──────────────────────────────────────────────────────────
    test-results/i18n-Internationalization-page-loads-in-fr-mobile-chrome/test-failed-1.png
    ────────────────────────────────────────────────────────────────────────────────────────────────

    attachment #2: video (video/webm) ──────────────────────────────────────────────────────────────
    test-results/i18n-Internationalization-page-loads-in-fr-mobile-chrome/video.webm
    ────────────────────────────────────────────────────────────────────────────────────────────────

    Error Context: test-results/i18n-Internationalization-page-loads-in-fr-mobile-chrome/error-context.md

    Retry #1 ───────────────────────────────────────────────────────────────────────────────────────

    Error: page.goto: net::ERR_CONNECTION_REFUSED at http://localhost:4000/fr/
    Call log:
      - navigating to "http://localhost:4000/fr/", waiting until "load"


       6 |   for (const locale of locales) {
       7 |     test(`page loads in ${locale}`, async ({ page }) => {
    >  8 |       await page.goto(`/${locale}/`);
         |                  ^
       9 |
      10 |       // App may redirect to root while still applying locale via cookies/routing.
      11 |       const url = page.url();
        at /home/tbaltzakis/cloudless.gr/e2e/i18n.spec.ts:8:18

    attachment #1: screenshot (image/png) ──────────────────────────────────────────────────────────
    test-results/i18n-Internationalization-page-loads-in-fr-mobile-chrome-retry1/test-failed-1.png
    ────────────────────────────────────────────────────────────────────────────────────────────────

    attachment #2: video (video/webm) ──────────────────────────────────────────────────────────────
    test-results/i18n-Internationalization-page-loads-in-fr-mobile-chrome-retry1/video.webm
    ────────────────────────────────────────────────────────────────────────────────────────────────

    Error Context: test-results/i18n-Internationalization-page-loads-in-fr-mobile-chrome-retry1/error-context.md

    attachment #4: trace (application/zip) ─────────────────────────────────────────────────────────
    test-results/i18n-Internationalization-page-loads-in-fr-mobile-chrome-retry1/trace.zip
    Usage:

        npx playwright show-trace test-results/i18n-Internationalization-page-loads-in-fr-mobile-chrome-retry1/trace.zip

    ────────────────────────────────────────────────────────────────────────────────────────────────

  1462) [mobile-chrome] › e2e/i18n.spec.ts:17:7 › Internationalization › can switch locales ────────

    Error: page.goto: net::ERR_CONNECTION_REFUSED at http://localhost:4000/en/
    Call log:
      - navigating to "http://localhost:4000/en/", waiting until "load"


      16 |
      17 |   test("can switch locales", async ({ page }) => {
    > 18 |     await page.goto("/en/");
         |                ^
      19 |     let url = page.url();
      20 |     expect(url.includes("/en") || url.endsWith("/")).toBeTruthy();
      21 |
        at /home/tbaltzakis/cloudless.gr/e2e/i18n.spec.ts:18:16

    attachment #1: screenshot (image/png) ──────────────────────────────────────────────────────────
    test-results/i18n-Internationalization-can-switch-locales-mobile-chrome/test-failed-1.png
    ────────────────────────────────────────────────────────────────────────────────────────────────

    attachment #2: video (video/webm) ──────────────────────────────────────────────────────────────
    test-results/i18n-Internationalization-can-switch-locales-mobile-chrome/video.webm
    ────────────────────────────────────────────────────────────────────────────────────────────────

    Error Context: test-results/i18n-Internationalization-can-switch-locales-mobile-chrome/error-context.md

    Retry #1 ───────────────────────────────────────────────────────────────────────────────────────

    Error: page.goto: net::ERR_CONNECTION_REFUSED at http://localhost:4000/en/
    Call log:
      - navigating to "http://localhost:4000/en/", waiting until "load"


      16 |
      17 |   test("can switch locales", async ({ page }) => {
    > 18 |     await page.goto("/en/");
         |                ^
      19 |     let url = page.url();
      20 |     expect(url.includes("/en") || url.endsWith("/")).toBeTruthy();
      21 |
        at /home/tbaltzakis/cloudless.gr/e2e/i18n.spec.ts:18:16

    attachment #1: screenshot (image/png) ──────────────────────────────────────────────────────────
    test-results/i18n-Internationalization-can-switch-locales-mobile-chrome-retry1/test-failed-1.png
    ────────────────────────────────────────────────────────────────────────────────────────────────

    attachment #2: video (video/webm) ──────────────────────────────────────────────────────────────
    test-results/i18n-Internationalization-can-switch-locales-mobile-chrome-retry1/video.webm
    ────────────────────────────────────────────────────────────────────────────────────────────────

    Error Context: test-results/i18n-Internationalization-can-switch-locales-mobile-chrome-retry1/error-context.md

    attachment #4: trace (application/zip) ─────────────────────────────────────────────────────────
    test-results/i18n-Internationalization-can-switch-locales-mobile-chrome-retry1/trace.zip
    Usage:

        npx playwright show-trace test-results/i18n-Internationalization-can-switch-locales-mobile-chrome-retry1/trace.zip

    ────────────────────────────────────────────────────────────────────────────────────────────────

  1463) [mobile-chrome] › e2e/integrations-contracts.spec.ts:40:7 › Integrations contracts › Notion blog API returns posts with source marker 

    Error: apiRequestContext.get: connect ECONNREFUSED ::1:4000
    Call log:
      - → GET http://localhost:4000/api/blog/posts
        - user-agent: Mozilla/5.0 (Linux; Android 14; Pixel 7) AppleWebKit/537.36 (KHTML, like Gecko) Chrome/151.0.7922.34 Mobile Safari/537.36
        - accept: */*
        - accept-encoding: gzip,deflate,br

        at apiRequestContext.get: connect ECONNREFUSED ::1:4000
        at /home/tbaltzakis/cloudless.gr/e2e/integrations-contracts.spec.ts:41:36

    Error Context: test-results/integrations-contracts-Int-5522f-ns-posts-with-source-marker-mobile-chrome/error-context.md

    Retry #1 ───────────────────────────────────────────────────────────────────────────────────────

    Error: apiRequestContext.get: connect ECONNREFUSED ::1:4000
    Call log:
      - → GET http://localhost:4000/api/blog/posts
        - user-agent: Mozilla/5.0 (Linux; Android 14; Pixel 7) AppleWebKit/537.36 (KHTML, like Gecko) Chrome/151.0.7922.34 Mobile Safari/537.36
        - accept: */*
        - accept-encoding: gzip,deflate,br

        at apiRequestContext.get: connect ECONNREFUSED ::1:4000
        at /home/tbaltzakis/cloudless.gr/e2e/integrations-contracts.spec.ts:41:36

    Error Context: test-results/integrations-contracts-Int-5522f-ns-posts-with-source-marker-mobile-chrome-retry1/error-context.md

    attachment #2: trace (application/zip) ─────────────────────────────────────────────────────────
    test-results/integrations-contracts-Int-5522f-ns-posts-with-source-marker-mobile-chrome-retry1/trace.zip
    Usage:

        npx playwright show-trace test-results/integrations-contracts-Int-5522f-ns-posts-with-source-marker-mobile-chrome-retry1/trace.zip

    ────────────────────────────────────────────────────────────────────────────────────────────────

  1464) [mobile-chrome] › e2e/journey-admin-tour.spec.ts:16:7 › Admin dashboard tour › admin can land on /admin and see dashboard 

    Error: page.goto: net::ERR_CONNECTION_REFUSED at http://localhost:4000/en/admin
    Call log:
      - navigating to "http://localhost:4000/en/admin", waiting until "load"


      15 |
      16 |   test("admin can land on /admin and see dashboard", async ({ page }) => {
    > 17 |     await page.goto("/en/admin");
         |                ^
      18 |     // If the cookie bypass didn't propagate (e.g. server-side check), we'll be
      19 |     // redirected to /login. Skip rather than fail — the bypass mechanism is
      20 |     // tested separately via the non-admin redirect test below.
        at /home/tbaltzakis/cloudless.gr/e2e/journey-admin-tour.spec.ts:17:16

    attachment #1: screenshot (image/png) ──────────────────────────────────────────────────────────
    test-results/journey-admin-tour-Admin-d-38bbe--on-admin-and-see-dashboard-mobile-chrome/test-failed-1.png
    ────────────────────────────────────────────────────────────────────────────────────────────────

    attachment #2: video (video/webm) ──────────────────────────────────────────────────────────────
    test-results/journey-admin-tour-Admin-d-38bbe--on-admin-and-see-dashboard-mobile-chrome/video.webm
    ────────────────────────────────────────────────────────────────────────────────────────────────

    Error Context: test-results/journey-admin-tour-Admin-d-38bbe--on-admin-and-see-dashboard-mobile-chrome/error-context.md

    Retry #1 ───────────────────────────────────────────────────────────────────────────────────────

    Error: page.goto: net::ERR_CONNECTION_REFUSED at http://localhost:4000/en/admin
    Call log:
      - navigating to "http://localhost:4000/en/admin", waiting until "load"


      15 |
      16 |   test("admin can land on /admin and see dashboard", async ({ page }) => {
    > 17 |     await page.goto("/en/admin");
         |                ^
      18 |     // If the cookie bypass didn't propagate (e.g. server-side check), we'll be
      19 |     // redirected to /login. Skip rather than fail — the bypass mechanism is
      20 |     // tested separately via the non-admin redirect test below.
        at /home/tbaltzakis/cloudless.gr/e2e/journey-admin-tour.spec.ts:17:16

    attachment #1: screenshot (image/png) ──────────────────────────────────────────────────────────
    test-results/journey-admin-tour-Admin-d-38bbe--on-admin-and-see-dashboard-mobile-chrome-retry1/test-failed-1.png
    ────────────────────────────────────────────────────────────────────────────────────────────────

    attachment #2: video (video/webm) ──────────────────────────────────────────────────────────────
    test-results/journey-admin-tour-Admin-d-38bbe--on-admin-and-see-dashboard-mobile-chrome-retry1/video.webm
    ────────────────────────────────────────────────────────────────────────────────────────────────

    Error Context: test-results/journey-admin-tour-Admin-d-38bbe--on-admin-and-see-dashboard-mobile-chrome-retry1/error-context.md

    attachment #4: trace (application/zip) ─────────────────────────────────────────────────────────
    test-results/journey-admin-tour-Admin-d-38bbe--on-admin-and-see-dashboard-mobile-chrome-retry1/trace.zip
    Usage:

        npx playwright show-trace test-results/journey-admin-tour-Admin-d-38bbe--on-admin-and-see-dashboard-mobile-chrome-retry1/trace.zip

    ────────────────────────────────────────────────────────────────────────────────────────────────

  1465) [mobile-chrome] › e2e/journey-admin-tour.spec.ts:25:7 › Admin dashboard tour › admin can navigate to analytics 

    Error: page.goto: net::ERR_CONNECTION_REFUSED at http://localhost:4000/en/admin/analytics
    Call log:
      - navigating to "http://localhost:4000/en/admin/analytics", waiting until "load"


      24 |
      25 |   test("admin can navigate to analytics", async ({ page }) => {
    > 26 |     await page.goto("/en/admin/analytics");
         |                ^
      27 |     await expect(page.locator("h1, h2").first()).toBeVisible({ timeout: 30_000 });
      28 |   });
      29 |
        at /home/tbaltzakis/cloudless.gr/e2e/journey-admin-tour.spec.ts:26:16

    attachment #1: screenshot (image/png) ──────────────────────────────────────────────────────────
    test-results/journey-admin-tour-Admin-d-9db1f-n-can-navigate-to-analytics-mobile-chrome/test-failed-1.png
    ────────────────────────────────────────────────────────────────────────────────────────────────

    attachment #2: video (video/webm) ──────────────────────────────────────────────────────────────
    test-results/journey-admin-tour-Admin-d-9db1f-n-can-navigate-to-analytics-mobile-chrome/video.webm
    ────────────────────────────────────────────────────────────────────────────────────────────────

    Error Context: test-results/journey-admin-tour-Admin-d-9db1f-n-can-navigate-to-analytics-mobile-chrome/error-context.md

    Retry #1 ───────────────────────────────────────────────────────────────────────────────────────

    Error: page.goto: net::ERR_CONNECTION_REFUSED at http://localhost:4000/en/admin/analytics
    Call log:
      - navigating to "http://localhost:4000/en/admin/analytics", waiting until "load"


      24 |
      25 |   test("admin can navigate to analytics", async ({ page }) => {
    > 26 |     await page.goto("/en/admin/analytics");
         |                ^
      27 |     await expect(page.locator("h1, h2").first()).toBeVisible({ timeout: 30_000 });
      28 |   });
      29 |
        at /home/tbaltzakis/cloudless.gr/e2e/journey-admin-tour.spec.ts:26:16

    attachment #1: screenshot (image/png) ──────────────────────────────────────────────────────────
    test-results/journey-admin-tour-Admin-d-9db1f-n-can-navigate-to-analytics-mobile-chrome-retry1/test-failed-1.png
    ────────────────────────────────────────────────────────────────────────────────────────────────

    attachment #2: video (video/webm) ──────────────────────────────────────────────────────────────
    test-results/journey-admin-tour-Admin-d-9db1f-n-can-navigate-to-analytics-mobile-chrome-retry1/video.webm
    ────────────────────────────────────────────────────────────────────────────────────────────────

    Error Context: test-results/journey-admin-tour-Admin-d-9db1f-n-can-navigate-to-analytics-mobile-chrome-retry1/error-context.md

    attachment #4: trace (application/zip) ─────────────────────────────────────────────────────────
    test-results/journey-admin-tour-Admin-d-9db1f-n-can-navigate-to-analytics-mobile-chrome-retry1/trace.zip
    Usage:

        npx playwright show-trace test-results/journey-admin-tour-Admin-d-9db1f-n-can-navigate-to-analytics-mobile-chrome-retry1/trace.zip

    ────────────────────────────────────────────────────────────────────────────────────────────────

  1466) [mobile-chrome] › e2e/journey-admin-tour.spec.ts:30:7 › Admin dashboard tour › admin can navigate to CRM 

    Error: page.goto: net::ERR_CONNECTION_REFUSED at http://localhost:4000/en/admin/crm
    Call log:
      - navigating to "http://localhost:4000/en/admin/crm", waiting until "load"


      29 |
      30 |   test("admin can navigate to CRM", async ({ page }) => {
    > 31 |     await page.goto("/en/admin/crm");
         |                ^
      32 |     await expect(page.locator("h1, h2").first()).toBeVisible({ timeout: 30_000 });
      33 |   });
      34 |
        at /home/tbaltzakis/cloudless.gr/e2e/journey-admin-tour.spec.ts:31:16

    attachment #1: screenshot (image/png) ──────────────────────────────────────────────────────────
    test-results/journey-admin-tour-Admin-d-db8b4-r-admin-can-navigate-to-CRM-mobile-chrome/test-failed-1.png
    ────────────────────────────────────────────────────────────────────────────────────────────────

    attachment #2: video (video/webm) ──────────────────────────────────────────────────────────────
    test-results/journey-admin-tour-Admin-d-db8b4-r-admin-can-navigate-to-CRM-mobile-chrome/video.webm
    ────────────────────────────────────────────────────────────────────────────────────────────────

    Error Context: test-results/journey-admin-tour-Admin-d-db8b4-r-admin-can-navigate-to-CRM-mobile-chrome/error-context.md

    Retry #1 ───────────────────────────────────────────────────────────────────────────────────────

    Error: page.goto: net::ERR_CONNECTION_REFUSED at http://localhost:4000/en/admin/crm
    Call log:
      - navigating to "http://localhost:4000/en/admin/crm", waiting until "load"


      29 |
      30 |   test("admin can navigate to CRM", async ({ page }) => {
    > 31 |     await page.goto("/en/admin/crm");
         |                ^
      32 |     await expect(page.locator("h1, h2").first()).toBeVisible({ timeout: 30_000 });
      33 |   });
      34 |
        at /home/tbaltzakis/cloudless.gr/e2e/journey-admin-tour.spec.ts:31:16

    attachment #1: screenshot (image/png) ──────────────────────────────────────────────────────────
    test-results/journey-admin-tour-Admin-d-db8b4-r-admin-can-navigate-to-CRM-mobile-chrome-retry1/test-failed-1.png
    ────────────────────────────────────────────────────────────────────────────────────────────────

    attachment #2: video (video/webm) ──────────────────────────────────────────────────────────────
    test-results/journey-admin-tour-Admin-d-db8b4-r-admin-can-navigate-to-CRM-mobile-chrome-retry1/video.webm
    ────────────────────────────────────────────────────────────────────────────────────────────────

    Error Context: test-results/journey-admin-tour-Admin-d-db8b4-r-admin-can-navigate-to-CRM-mobile-chrome-retry1/error-context.md

    attachment #4: trace (application/zip) ─────────────────────────────────────────────────────────
    test-results/journey-admin-tour-Admin-d-db8b4-r-admin-can-navigate-to-CRM-mobile-chrome-retry1/trace.zip
    Usage:

        npx playwright show-trace test-results/journey-admin-tour-Admin-d-db8b4-r-admin-can-navigate-to-CRM-mobile-chrome-retry1/trace.zip

    ────────────────────────────────────────────────────────────────────────────────────────────────

  1467) [mobile-chrome] › e2e/journey-admin-tour.spec.ts:35:7 › Admin dashboard tour › admin can navigate to campaigns 

    Error: page.goto: net::ERR_CONNECTION_REFUSED at http://localhost:4000/en/admin/campaigns
    Call log:
      - navigating to "http://localhost:4000/en/admin/campaigns", waiting until "load"


      34 |
      35 |   test("admin can navigate to campaigns", async ({ page }) => {
    > 36 |     await page.goto("/en/admin/campaigns");
         |                ^
      37 |     await expect(page.locator("h1, h2").first()).toBeVisible({ timeout: 30_000 });
      38 |   });
      39 |
        at /home/tbaltzakis/cloudless.gr/e2e/journey-admin-tour.spec.ts:36:16

    attachment #1: screenshot (image/png) ──────────────────────────────────────────────────────────
    test-results/journey-admin-tour-Admin-d-6485f-n-can-navigate-to-campaigns-mobile-chrome/test-failed-1.png
    ────────────────────────────────────────────────────────────────────────────────────────────────

    attachment #2: video (video/webm) ──────────────────────────────────────────────────────────────
    test-results/journey-admin-tour-Admin-d-6485f-n-can-navigate-to-campaigns-mobile-chrome/video.webm
    ────────────────────────────────────────────────────────────────────────────────────────────────

    Error Context: test-results/journey-admin-tour-Admin-d-6485f-n-can-navigate-to-campaigns-mobile-chrome/error-context.md

    Retry #1 ───────────────────────────────────────────────────────────────────────────────────────

    Error: page.goto: net::ERR_CONNECTION_REFUSED at http://localhost:4000/en/admin/campaigns
    Call log:
      - navigating to "http://localhost:4000/en/admin/campaigns", waiting until "load"


      34 |
      35 |   test("admin can navigate to campaigns", async ({ page }) => {
    > 36 |     await page.goto("/en/admin/campaigns");
         |                ^
      37 |     await expect(page.locator("h1, h2").first()).toBeVisible({ timeout: 30_000 });
      38 |   });
      39 |
        at /home/tbaltzakis/cloudless.gr/e2e/journey-admin-tour.spec.ts:36:16

    attachment #1: screenshot (image/png) ──────────────────────────────────────────────────────────
    test-results/journey-admin-tour-Admin-d-6485f-n-can-navigate-to-campaigns-mobile-chrome-retry1/test-failed-1.png
    ────────────────────────────────────────────────────────────────────────────────────────────────

    attachment #2: video (video/webm) ──────────────────────────────────────────────────────────────
    test-results/journey-admin-tour-Admin-d-6485f-n-can-navigate-to-campaigns-mobile-chrome-retry1/video.webm
    ────────────────────────────────────────────────────────────────────────────────────────────────

    Error Context: test-results/journey-admin-tour-Admin-d-6485f-n-can-navigate-to-campaigns-mobile-chrome-retry1/error-context.md

    attachment #4: trace (application/zip) ─────────────────────────────────────────────────────────
    test-results/journey-admin-tour-Admin-d-6485f-n-can-navigate-to-campaigns-mobile-chrome-retry1/trace.zip
    Usage:

        npx playwright show-trace test-results/journey-admin-tour-Admin-d-6485f-n-can-navigate-to-campaigns-mobile-chrome-retry1/trace.zip

    ────────────────────────────────────────────────────────────────────────────────────────────────

  1468) [mobile-chrome] › e2e/journey-admin-tour.spec.ts:40:7 › Admin dashboard tour › admin can navigate to calendar 

    Error: page.goto: net::ERR_CONNECTION_REFUSED at http://localhost:4000/en/admin/calendar
    Call log:
      - navigating to "http://localhost:4000/en/admin/calendar", waiting until "load"


      39 |
      40 |   test("admin can navigate to calendar", async ({ page }) => {
    > 41 |     await page.goto("/en/admin/calendar");
         |                ^
      42 |     await expect(page.locator("h1, h2").first()).toBeVisible({ timeout: 30_000 });
      43 |   });
      44 |
        at /home/tbaltzakis/cloudless.gr/e2e/journey-admin-tour.spec.ts:41:16

    attachment #1: screenshot (image/png) ──────────────────────────────────────────────────────────
    test-results/journey-admin-tour-Admin-d-7667e-in-can-navigate-to-calendar-mobile-chrome/test-failed-1.png
    ────────────────────────────────────────────────────────────────────────────────────────────────

    attachment #2: video (video/webm) ──────────────────────────────────────────────────────────────
    test-results/journey-admin-tour-Admin-d-7667e-in-can-navigate-to-calendar-mobile-chrome/video.webm
    ────────────────────────────────────────────────────────────────────────────────────────────────

    Error Context: test-results/journey-admin-tour-Admin-d-7667e-in-can-navigate-to-calendar-mobile-chrome/error-context.md

    Retry #1 ───────────────────────────────────────────────────────────────────────────────────────

    Error: page.goto: net::ERR_CONNECTION_REFUSED at http://localhost:4000/en/admin/calendar
    Call log:
      - navigating to "http://localhost:4000/en/admin/calendar", waiting until "load"


      39 |
      40 |   test("admin can navigate to calendar", async ({ page }) => {
    > 41 |     await page.goto("/en/admin/calendar");
         |                ^
      42 |     await expect(page.locator("h1, h2").first()).toBeVisible({ timeout: 30_000 });
      43 |   });
      44 |
        at /home/tbaltzakis/cloudless.gr/e2e/journey-admin-tour.spec.ts:41:16

    attachment #1: screenshot (image/png) ──────────────────────────────────────────────────────────
    test-results/journey-admin-tour-Admin-d-7667e-in-can-navigate-to-calendar-mobile-chrome-retry1/test-failed-1.png
    ────────────────────────────────────────────────────────────────────────────────────────────────

    attachment #2: video (video/webm) ──────────────────────────────────────────────────────────────
    test-results/journey-admin-tour-Admin-d-7667e-in-can-navigate-to-calendar-mobile-chrome-retry1/video.webm
    ────────────────────────────────────────────────────────────────────────────────────────────────

    Error Context: test-results/journey-admin-tour-Admin-d-7667e-in-can-navigate-to-calendar-mobile-chrome-retry1/error-context.md

    attachment #4: trace (application/zip) ─────────────────────────────────────────────────────────
    test-results/journey-admin-tour-Admin-d-7667e-in-can-navigate-to-calendar-mobile-chrome-retry1/trace.zip
    Usage:

        npx playwright show-trace test-results/journey-admin-tour-Admin-d-7667e-in-can-navigate-to-calendar-mobile-chrome-retry1/trace.zip

    ────────────────────────────────────────────────────────────────────────────────────────────────

  1469) [mobile-chrome] › e2e/journey-admin-tour.spec.ts:45:7 › Admin dashboard tour › admin sidebar has navigation links to other sections 

    Error: page.goto: net::ERR_CONNECTION_REFUSED at http://localhost:4000/en/admin
    Call log:
      - navigating to "http://localhost:4000/en/admin", waiting until "load"


      44 |
      45 |   test("admin sidebar has navigation links to other sections", async ({ page }) => {
    > 46 |     await page.goto("/en/admin");
         |                ^
      47 |     if (!page.url().includes("/admin")) test.skip();
      48 |     const links = page.locator('a[href*="/admin"]');
      49 |     // Just check that the admin layout rendered ANY admin links — content may
        at /home/tbaltzakis/cloudless.gr/e2e/journey-admin-tour.spec.ts:46:16

    attachment #1: screenshot (image/png) ──────────────────────────────────────────────────────────
    test-results/journey-admin-tour-Admin-d-c3be6-ion-links-to-other-sections-mobile-chrome/test-failed-1.png
    ────────────────────────────────────────────────────────────────────────────────────────────────

    attachment #2: video (video/webm) ──────────────────────────────────────────────────────────────
    test-results/journey-admin-tour-Admin-d-c3be6-ion-links-to-other-sections-mobile-chrome/video.webm
    ────────────────────────────────────────────────────────────────────────────────────────────────

    Error Context: test-results/journey-admin-tour-Admin-d-c3be6-ion-links-to-other-sections-mobile-chrome/error-context.md

    Retry #1 ───────────────────────────────────────────────────────────────────────────────────────

    Error: page.goto: net::ERR_CONNECTION_REFUSED at http://localhost:4000/en/admin
    Call log:
      - navigating to "http://localhost:4000/en/admin", waiting until "load"


      44 |
      45 |   test("admin sidebar has navigation links to other sections", async ({ page }) => {
    > 46 |     await page.goto("/en/admin");
         |                ^
      47 |     if (!page.url().includes("/admin")) test.skip();
      48 |     const links = page.locator('a[href*="/admin"]');
      49 |     // Just check that the admin layout rendered ANY admin links — content may
        at /home/tbaltzakis/cloudless.gr/e2e/journey-admin-tour.spec.ts:46:16

    attachment #1: screenshot (image/png) ──────────────────────────────────────────────────────────
    test-results/journey-admin-tour-Admin-d-c3be6-ion-links-to-other-sections-mobile-chrome-retry1/test-failed-1.png
    ────────────────────────────────────────────────────────────────────────────────────────────────

    attachment #2: video (video/webm) ──────────────────────────────────────────────────────────────
    test-results/journey-admin-tour-Admin-d-c3be6-ion-links-to-other-sections-mobile-chrome-retry1/video.webm
    ────────────────────────────────────────────────────────────────────────────────────────────────

    Error Context: test-results/journey-admin-tour-Admin-d-c3be6-ion-links-to-other-sections-mobile-chrome-retry1/error-context.md

    attachment #4: trace (application/zip) ─────────────────────────────────────────────────────────
    test-results/journey-admin-tour-Admin-d-c3be6-ion-links-to-other-sections-mobile-chrome-retry1/trace.zip
    Usage:

        npx playwright show-trace test-results/journey-admin-tour-Admin-d-c3be6-ion-links-to-other-sections-mobile-chrome-retry1/trace.zip

    ────────────────────────────────────────────────────────────────────────────────────────────────

  1470) [mobile-chrome] › e2e/journey-admin-tour.spec.ts:54:7 › Admin dashboard tour › non-admin (no cookie) gets redirected away from /admin 

    Error: page.goto: net::ERR_CONNECTION_REFUSED at http://localhost:4000/en/admin
    Call log:
      - navigating to "http://localhost:4000/en/admin", waiting until "load"


      55 |     const ctx = await browser.newContext();
      56 |     const page = await ctx.newPage();
    > 57 |     await page.goto("/en/admin");
         |                ^
      58 |     await page.waitForTimeout(2000);
      59 |     // Should NOT be on /admin anymore (redirected to /auth/login or /dashboard)
      60 |     expect(page.url()).not.toMatch(/\/admin\/?$/);
        at /home/tbaltzakis/cloudless.gr/e2e/journey-admin-tour.spec.ts:57:16

    attachment #1: screenshot (image/png) ──────────────────────────────────────────────────────────
    test-results/journey-admin-tour-Admin-d-1feff--redirected-away-from-admin-mobile-chrome/test-failed-1.png
    ────────────────────────────────────────────────────────────────────────────────────────────────

    Error Context: test-results/journey-admin-tour-Admin-d-1feff--redirected-away-from-admin-mobile-chrome/error-context.md

    Retry #1 ───────────────────────────────────────────────────────────────────────────────────────

    Error: page.goto: net::ERR_CONNECTION_REFUSED at http://localhost:4000/en/admin
    Call log:
      - navigating to "http://localhost:4000/en/admin", waiting until "load"


      55 |     const ctx = await browser.newContext();
      56 |     const page = await ctx.newPage();
    > 57 |     await page.goto("/en/admin");
         |                ^
      58 |     await page.waitForTimeout(2000);
      59 |     // Should NOT be on /admin anymore (redirected to /auth/login or /dashboard)
      60 |     expect(page.url()).not.toMatch(/\/admin\/?$/);
        at /home/tbaltzakis/cloudless.gr/e2e/journey-admin-tour.spec.ts:57:16

    attachment #1: screenshot (image/png) ──────────────────────────────────────────────────────────
    test-results/journey-admin-tour-Admin-d-1feff--redirected-away-from-admin-mobile-chrome-retry1/test-failed-1.png
    ────────────────────────────────────────────────────────────────────────────────────────────────

    Error Context: test-results/journey-admin-tour-Admin-d-1feff--redirected-away-from-admin-mobile-chrome-retry1/error-context.md

    attachment #3: trace (application/zip) ─────────────────────────────────────────────────────────
    test-results/journey-admin-tour-Admin-d-1feff--redirected-away-from-admin-mobile-chrome-retry1/trace.zip
    Usage:

        npx playwright show-trace test-results/journey-admin-tour-Admin-d-1feff--redirected-away-from-admin-mobile-chrome-retry1/trace.zip

    ────────────────────────────────────────────────────────────────────────────────────────────────

  1471) [mobile-chrome] › e2e/journey-blog-nav.spec.ts:9:7 › Blog navigation flow › /en/blog renders post list with at least 1 link to a post 

    Error: page.goto: net::ERR_CONNECTION_REFUSED at http://localhost:4000/en/blog
    Call log:
      - navigating to "http://localhost:4000/en/blog", waiting until "load"


       8 | test.describe("Blog navigation flow", () => {
       9 |   test("/en/blog renders post list with at least 1 link to a post", async ({ page }) => {
    > 10 |     await page.goto("/en/blog");
         |                ^
      11 |     await expect(page.locator("h1, h2").first()).toBeVisible();
      12 |     const postLinks = page.locator('a[href*="/blog/"]:not([href$="/blog"])');
      13 |     expect(await postLinks.count()).toBeGreaterThanOrEqual(0);
        at /home/tbaltzakis/cloudless.gr/e2e/journey-blog-nav.spec.ts:10:16

    attachment #1: screenshot (image/png) ──────────────────────────────────────────────────────────
    test-results/journey-blog-nav-Blog-navi-8cb20-h-at-least-1-link-to-a-post-mobile-chrome/test-failed-1.png
    ────────────────────────────────────────────────────────────────────────────────────────────────

    attachment #2: video (video/webm) ──────────────────────────────────────────────────────────────
    test-results/journey-blog-nav-Blog-navi-8cb20-h-at-least-1-link-to-a-post-mobile-chrome/video.webm
    ────────────────────────────────────────────────────────────────────────────────────────────────

    Error Context: test-results/journey-blog-nav-Blog-navi-8cb20-h-at-least-1-link-to-a-post-mobile-chrome/error-context.md

    Retry #1 ───────────────────────────────────────────────────────────────────────────────────────

    Error: page.goto: net::ERR_CONNECTION_REFUSED at http://localhost:4000/en/blog
    Call log:
      - navigating to "http://localhost:4000/en/blog", waiting until "load"


       8 | test.describe("Blog navigation flow", () => {
       9 |   test("/en/blog renders post list with at least 1 link to a post", async ({ page }) => {
    > 10 |     await page.goto("/en/blog");
         |                ^
      11 |     await expect(page.locator("h1, h2").first()).toBeVisible();
      12 |     const postLinks = page.locator('a[href*="/blog/"]:not([href$="/blog"])');
      13 |     expect(await postLinks.count()).toBeGreaterThanOrEqual(0);
        at /home/tbaltzakis/cloudless.gr/e2e/journey-blog-nav.spec.ts:10:16

    attachment #1: screenshot (image/png) ──────────────────────────────────────────────────────────
    test-results/journey-blog-nav-Blog-navi-8cb20-h-at-least-1-link-to-a-post-mobile-chrome-retry1/test-failed-1.png
    ────────────────────────────────────────────────────────────────────────────────────────────────

    attachment #2: video (video/webm) ──────────────────────────────────────────────────────────────
    test-results/journey-blog-nav-Blog-navi-8cb20-h-at-least-1-link-to-a-post-mobile-chrome-retry1/video.webm
    ────────────────────────────────────────────────────────────────────────────────────────────────

    Error Context: test-results/journey-blog-nav-Blog-navi-8cb20-h-at-least-1-link-to-a-post-mobile-chrome-retry1/error-context.md

    attachment #4: trace (application/zip) ─────────────────────────────────────────────────────────
    test-results/journey-blog-nav-Blog-navi-8cb20-h-at-least-1-link-to-a-post-mobile-chrome-retry1/trace.zip
    Usage:

        npx playwright show-trace test-results/journey-blog-nav-Blog-navi-8cb20-h-at-least-1-link-to-a-post-mobile-chrome-retry1/trace.zip

    ────────────────────────────────────────────────────────────────────────────────────────────────

  1472) [mobile-chrome] › e2e/journey-blog-nav.spec.ts:16:7 › Blog navigation flow › clicking the first post opens a detail page with content 

    Error: page.goto: net::ERR_CONNECTION_REFUSED at http://localhost:4000/en/blog
    Call log:
      - navigating to "http://localhost:4000/en/blog", waiting until "load"


      15 |
      16 |   test("clicking the first post opens a detail page with content", async ({ page }) => {
    > 17 |     await page.goto("/en/blog");
         |                ^
      18 |     const post = page.locator('a[href*="/blog/"]:not([href$="/blog"])').first();
      19 |     if (await post.count() === 0) {
      20 |       test.skip();
        at /home/tbaltzakis/cloudless.gr/e2e/journey-blog-nav.spec.ts:17:16

    attachment #1: screenshot (image/png) ──────────────────────────────────────────────────────────
    test-results/journey-blog-nav-Blog-navi-6dce7--a-detail-page-with-content-mobile-chrome/test-failed-1.png
    ────────────────────────────────────────────────────────────────────────────────────────────────

    attachment #2: video (video/webm) ──────────────────────────────────────────────────────────────
    test-results/journey-blog-nav-Blog-navi-6dce7--a-detail-page-with-content-mobile-chrome/video.webm
    ────────────────────────────────────────────────────────────────────────────────────────────────

    Error Context: test-results/journey-blog-nav-Blog-navi-6dce7--a-detail-page-with-content-mobile-chrome/error-context.md

    Retry #1 ───────────────────────────────────────────────────────────────────────────────────────

    Error: page.goto: net::ERR_CONNECTION_REFUSED at http://localhost:4000/en/blog
    Call log:
      - navigating to "http://localhost:4000/en/blog", waiting until "load"


      15 |
      16 |   test("clicking the first post opens a detail page with content", async ({ page }) => {
    > 17 |     await page.goto("/en/blog");
         |                ^
      18 |     const post = page.locator('a[href*="/blog/"]:not([href$="/blog"])').first();
      19 |     if (await post.count() === 0) {
      20 |       test.skip();
        at /home/tbaltzakis/cloudless.gr/e2e/journey-blog-nav.spec.ts:17:16

    attachment #1: screenshot (image/png) ──────────────────────────────────────────────────────────
    test-results/journey-blog-nav-Blog-navi-6dce7--a-detail-page-with-content-mobile-chrome-retry1/test-failed-1.png
    ────────────────────────────────────────────────────────────────────────────────────────────────

    attachment #2: video (video/webm) ──────────────────────────────────────────────────────────────
    test-results/journey-blog-nav-Blog-navi-6dce7--a-detail-page-with-content-mobile-chrome-retry1/video.webm
    ────────────────────────────────────────────────────────────────────────────────────────────────

    Error Context: test-results/journey-blog-nav-Blog-navi-6dce7--a-detail-page-with-content-mobile-chrome-retry1/error-context.md

    attachment #4: trace (application/zip) ─────────────────────────────────────────────────────────
    test-results/journey-blog-nav-Blog-navi-6dce7--a-detail-page-with-content-mobile-chrome-retry1/trace.zip
    Usage:

        npx playwright show-trace test-results/journey-blog-nav-Blog-navi-6dce7--a-detail-page-with-content-mobile-chrome-retry1/trace.zip

    ────────────────────────────────────────────────────────────────────────────────────────────────

  1473) [mobile-chrome] › e2e/journey-blog-nav.spec.ts:41:7 › Blog navigation flow › /en/blog has SEO basics (title + meta description) 

    Error: page.goto: net::ERR_CONNECTION_REFUSED at http://localhost:4000/en/blog
    Call log:
      - navigating to "http://localhost:4000/en/blog", waiting until "load"


      40 |
      41 |   test("/en/blog has SEO basics (title + meta description)", async ({ page }) => {
    > 42 |     await page.goto("/en/blog");
         |                ^
      43 |     const title = await page.title();
      44 |     expect(title.length).toBeGreaterThan(5);
      45 |     const desc = await page.locator('meta[name="description"]').getAttribute("content");
        at /home/tbaltzakis/cloudless.gr/e2e/journey-blog-nav.spec.ts:42:16

    attachment #1: screenshot (image/png) ──────────────────────────────────────────────────────────
    test-results/journey-blog-nav-Blog-navi-d92da-ics-title-meta-description--mobile-chrome/test-failed-1.png
    ────────────────────────────────────────────────────────────────────────────────────────────────

    attachment #2: video (video/webm) ──────────────────────────────────────────────────────────────
    test-results/journey-blog-nav-Blog-navi-d92da-ics-title-meta-description--mobile-chrome/video.webm
    ────────────────────────────────────────────────────────────────────────────────────────────────

    Error Context: test-results/journey-blog-nav-Blog-navi-d92da-ics-title-meta-description--mobile-chrome/error-context.md

    Retry #1 ───────────────────────────────────────────────────────────────────────────────────────

    Error: page.goto: net::ERR_CONNECTION_REFUSED at http://localhost:4000/en/blog
    Call log:
      - navigating to "http://localhost:4000/en/blog", waiting until "load"


      40 |
      41 |   test("/en/blog has SEO basics (title + meta description)", async ({ page }) => {
    > 42 |     await page.goto("/en/blog");
         |                ^
      43 |     const title = await page.title();
      44 |     expect(title.length).toBeGreaterThan(5);
      45 |     const desc = await page.locator('meta[name="description"]').getAttribute("content");
        at /home/tbaltzakis/cloudless.gr/e2e/journey-blog-nav.spec.ts:42:16

    attachment #1: screenshot (image/png) ──────────────────────────────────────────────────────────
    test-results/journey-blog-nav-Blog-navi-d92da-ics-title-meta-description--mobile-chrome-retry1/test-failed-1.png
    ────────────────────────────────────────────────────────────────────────────────────────────────

    attachment #2: video (video/webm) ──────────────────────────────────────────────────────────────
    test-results/journey-blog-nav-Blog-navi-d92da-ics-title-meta-description--mobile-chrome-retry1/video.webm
    ────────────────────────────────────────────────────────────────────────────────────────────────

    Error Context: test-results/journey-blog-nav-Blog-navi-d92da-ics-title-meta-description--mobile-chrome-retry1/error-context.md

    attachment #4: trace (application/zip) ─────────────────────────────────────────────────────────
    test-results/journey-blog-nav-Blog-navi-d92da-ics-title-meta-description--mobile-chrome-retry1/trace.zip
    Usage:

        npx playwright show-trace test-results/journey-blog-nav-Blog-navi-d92da-ics-title-meta-description--mobile-chrome-retry1/trace.zip

    ────────────────────────────────────────────────────────────────────────────────────────────────

  1474) [mobile-chrome] › e2e/journey-contact-lead.spec.ts:11:7 › Contact lead flow › visitor lands on home → navigates to contact → submits → sees success 

    Error: page.goto: net::ERR_CONNECTION_REFUSED at http://localhost:4000/en
    Call log:
      - navigating to "http://localhost:4000/en", waiting until "load"


      10 | test.describe("Contact lead flow", () => {
      11 |   test("visitor lands on home → navigates to contact → submits → sees success", async ({ page }) => {
    > 12 |     await page.goto("/en");
         |                ^
      13 |     await expect(page.locator("h1, h2").first()).toBeVisible();
      14 |
      15 |     // Find a contact link in the nav or footer. On mobile viewports the nav
        at /home/tbaltzakis/cloudless.gr/e2e/journey-contact-lead.spec.ts:12:16

    attachment #1: screenshot (image/png) ──────────────────────────────────────────────────────────
    test-results/journey-contact-lead-Conta-170cb-ct-→-submits-→-sees-success-mobile-chrome/test-failed-1.png
    ────────────────────────────────────────────────────────────────────────────────────────────────

    attachment #2: video (video/webm) ──────────────────────────────────────────────────────────────
    test-results/journey-contact-lead-Conta-170cb-ct-→-submits-→-sees-success-mobile-chrome/video.webm
    ────────────────────────────────────────────────────────────────────────────────────────────────

    Error Context: test-results/journey-contact-lead-Conta-170cb-ct-→-submits-→-sees-success-mobile-chrome/error-context.md

    Retry #1 ───────────────────────────────────────────────────────────────────────────────────────

    Error: page.goto: net::ERR_CONNECTION_REFUSED at http://localhost:4000/en
    Call log:
      - navigating to "http://localhost:4000/en", waiting until "load"


      10 | test.describe("Contact lead flow", () => {
      11 |   test("visitor lands on home → navigates to contact → submits → sees success", async ({ page }) => {
    > 12 |     await page.goto("/en");
         |                ^
      13 |     await expect(page.locator("h1, h2").first()).toBeVisible();
      14 |
      15 |     // Find a contact link in the nav or footer. On mobile viewports the nav
        at /home/tbaltzakis/cloudless.gr/e2e/journey-contact-lead.spec.ts:12:16

    attachment #1: screenshot (image/png) ──────────────────────────────────────────────────────────
    test-results/journey-contact-lead-Conta-170cb-ct-→-submits-→-sees-success-mobile-chrome-retry1/test-failed-1.png
    ────────────────────────────────────────────────────────────────────────────────────────────────

    attachment #2: video (video/webm) ──────────────────────────────────────────────────────────────
    test-results/journey-contact-lead-Conta-170cb-ct-→-submits-→-sees-success-mobile-chrome-retry1/video.webm
    ────────────────────────────────────────────────────────────────────────────────────────────────

    Error Context: test-results/journey-contact-lead-Conta-170cb-ct-→-submits-→-sees-success-mobile-chrome-retry1/error-context.md

    attachment #4: trace (application/zip) ─────────────────────────────────────────────────────────
    test-results/journey-contact-lead-Conta-170cb-ct-→-submits-→-sees-success-mobile-chrome-retry1/trace.zip
    Usage:

        npx playwright show-trace test-results/journey-contact-lead-Conta-170cb-ct-→-submits-→-sees-success-mobile-chrome-retry1/trace.zip

    ────────────────────────────────────────────────────────────────────────────────────────────────

  1475) [mobile-chrome] › e2e/journey-contact-lead.spec.ts:56:7 › Contact lead flow › contact form rejects empty submit with visible error or no nav 

    Error: page.goto: net::ERR_CONNECTION_REFUSED at http://localhost:4000/en/contact
    Call log:
      - navigating to "http://localhost:4000/en/contact", waiting until "load"


      55 |
      56 |   test("contact form rejects empty submit with visible error or no nav", async ({ page }) => {
    > 57 |     await page.goto("/en/contact");
         |                ^
      58 |     const submit = page.getByRole("button", { name: /send|submit|message/i }).first();
      59 |     if (await submit.isVisible()) {
      60 |       await submit.click();
        at /home/tbaltzakis/cloudless.gr/e2e/journey-contact-lead.spec.ts:57:16

    attachment #1: screenshot (image/png) ──────────────────────────────────────────────────────────
    test-results/journey-contact-lead-Conta-3699a-ith-visible-error-or-no-nav-mobile-chrome/test-failed-1.png
    ────────────────────────────────────────────────────────────────────────────────────────────────

    attachment #2: video (video/webm) ──────────────────────────────────────────────────────────────
    test-results/journey-contact-lead-Conta-3699a-ith-visible-error-or-no-nav-mobile-chrome/video.webm
    ────────────────────────────────────────────────────────────────────────────────────────────────

    Error Context: test-results/journey-contact-lead-Conta-3699a-ith-visible-error-or-no-nav-mobile-chrome/error-context.md

    Retry #1 ───────────────────────────────────────────────────────────────────────────────────────

    Error: page.goto: net::ERR_CONNECTION_REFUSED at http://localhost:4000/en/contact
    Call log:
      - navigating to "http://localhost:4000/en/contact", waiting until "load"


      55 |
      56 |   test("contact form rejects empty submit with visible error or no nav", async ({ page }) => {
    > 57 |     await page.goto("/en/contact");
         |                ^
      58 |     const submit = page.getByRole("button", { name: /send|submit|message/i }).first();
      59 |     if (await submit.isVisible()) {
      60 |       await submit.click();
        at /home/tbaltzakis/cloudless.gr/e2e/journey-contact-lead.spec.ts:57:16

    attachment #1: screenshot (image/png) ──────────────────────────────────────────────────────────
    test-results/journey-contact-lead-Conta-3699a-ith-visible-error-or-no-nav-mobile-chrome-retry1/test-failed-1.png
    ────────────────────────────────────────────────────────────────────────────────────────────────

    attachment #2: video (video/webm) ──────────────────────────────────────────────────────────────
    test-results/journey-contact-lead-Conta-3699a-ith-visible-error-or-no-nav-mobile-chrome-retry1/video.webm
    ────────────────────────────────────────────────────────────────────────────────────────────────

    Error Context: test-results/journey-contact-lead-Conta-3699a-ith-visible-error-or-no-nav-mobile-chrome-retry1/error-context.md

    attachment #4: trace (application/zip) ─────────────────────────────────────────────────────────
    test-results/journey-contact-lead-Conta-3699a-ith-visible-error-or-no-nav-mobile-chrome-retry1/trace.zip
    Usage:

        npx playwright show-trace test-results/journey-contact-lead-Conta-3699a-ith-visible-error-or-no-nav-mobile-chrome-retry1/trace.zip

    ────────────────────────────────────────────────────────────────────────────────────────────────

  1476) [mobile-chrome] › e2e/journey-store-checkout.spec.ts:12:7 › Store checkout flow › /en/store renders product cards 

    Error: page.goto: net::ERR_CONNECTION_REFUSED at http://localhost:4000/en/store
    Call log:
      - navigating to "http://localhost:4000/en/store", waiting until "load"


      11 | test.describe("Store checkout flow", () => {
      12 |   test("/en/store renders product cards", async ({ page }) => {
    > 13 |     await page.goto("/en/store");
         |                ^
      14 |     await expect(page.locator("h1, h2").first()).toBeVisible();
      15 |     // At least one product card / link to a detail page
      16 |     const links = page.locator('a[href*="/store/"]');
        at /home/tbaltzakis/cloudless.gr/e2e/journey-store-checkout.spec.ts:13:16

    attachment #1: screenshot (image/png) ──────────────────────────────────────────────────────────
    test-results/journey-store-checkout-Sto-cc47c-store-renders-product-cards-mobile-chrome/test-failed-1.png
    ────────────────────────────────────────────────────────────────────────────────────────────────

    attachment #2: video (video/webm) ──────────────────────────────────────────────────────────────
    test-results/journey-store-checkout-Sto-cc47c-store-renders-product-cards-mobile-chrome/video.webm
    ────────────────────────────────────────────────────────────────────────────────────────────────

    Error Context: test-results/journey-store-checkout-Sto-cc47c-store-renders-product-cards-mobile-chrome/error-context.md

    Retry #1 ───────────────────────────────────────────────────────────────────────────────────────

    Error: page.goto: net::ERR_CONNECTION_REFUSED at http://localhost:4000/en/store
    Call log:
      - navigating to "http://localhost:4000/en/store", waiting until "load"


      11 | test.describe("Store checkout flow", () => {
      12 |   test("/en/store renders product cards", async ({ page }) => {
    > 13 |     await page.goto("/en/store");
         |                ^
      14 |     await expect(page.locator("h1, h2").first()).toBeVisible();
      15 |     // At least one product card / link to a detail page
      16 |     const links = page.locator('a[href*="/store/"]');
        at /home/tbaltzakis/cloudless.gr/e2e/journey-store-checkout.spec.ts:13:16

    attachment #1: screenshot (image/png) ──────────────────────────────────────────────────────────
    test-results/journey-store-checkout-Sto-cc47c-store-renders-product-cards-mobile-chrome-retry1/test-failed-1.png
    ────────────────────────────────────────────────────────────────────────────────────────────────

    attachment #2: video (video/webm) ──────────────────────────────────────────────────────────────
    test-results/journey-store-checkout-Sto-cc47c-store-renders-product-cards-mobile-chrome-retry1/video.webm
    ────────────────────────────────────────────────────────────────────────────────────────────────

    Error Context: test-results/journey-store-checkout-Sto-cc47c-store-renders-product-cards-mobile-chrome-retry1/error-context.md

    attachment #4: trace (application/zip) ─────────────────────────────────────────────────────────
    test-results/journey-store-checkout-Sto-cc47c-store-renders-product-cards-mobile-chrome-retry1/trace.zip
    Usage:

        npx playwright show-trace test-results/journey-store-checkout-Sto-cc47c-store-renders-product-cards-mobile-chrome-retry1/trace.zip

    ────────────────────────────────────────────────────────────────────────────────────────────────

  1477) [mobile-chrome] › e2e/journey-store-checkout.spec.ts:20:7 › Store checkout flow › /api/checkout returns 4xx for unknown productId 

    Error: apiRequestContext.post: connect ECONNREFUSED ::1:4000
    Call log:
      - → POST http://localhost:4000/api/checkout
        - user-agent: Mozilla/5.0 (Linux; Android 14; Pixel 7) AppleWebKit/537.36 (KHTML, like Gecko) Chrome/151.0.7922.34 Mobile Safari/537.36
        - accept: */*
        - accept-encoding: gzip,deflate,br
        - content-type: application/json
        - content-length: 59

        at apiRequestContext.post: connect ECONNREFUSED ::1:4000
        at /home/tbaltzakis/cloudless.gr/e2e/journey-store-checkout.spec.ts:21:29

    Error Context: test-results/journey-store-checkout-Sto-18d97-s-4xx-for-unknown-productId-mobile-chrome/error-context.md

    Retry #1 ───────────────────────────────────────────────────────────────────────────────────────

    Error: apiRequestContext.post: connect ECONNREFUSED ::1:4000
    Call log:
      - → POST http://localhost:4000/api/checkout
        - user-agent: Mozilla/5.0 (Linux; Android 14; Pixel 7) AppleWebKit/537.36 (KHTML, like Gecko) Chrome/151.0.7922.34 Mobile Safari/537.36
        - accept: */*
        - accept-encoding: gzip,deflate,br
        - content-type: application/json
        - content-length: 59

        at apiRequestContext.post: connect ECONNREFUSED ::1:4000
        at /home/tbaltzakis/cloudless.gr/e2e/journey-store-checkout.spec.ts:21:29

    Error Context: test-results/journey-store-checkout-Sto-18d97-s-4xx-for-unknown-productId-mobile-chrome-retry1/error-context.md

    attachment #2: trace (application/zip) ─────────────────────────────────────────────────────────
    test-results/journey-store-checkout-Sto-18d97-s-4xx-for-unknown-productId-mobile-chrome-retry1/trace.zip
    Usage:

        npx playwright show-trace test-results/journey-store-checkout-Sto-18d97-s-4xx-for-unknown-productId-mobile-chrome-retry1/trace.zip

    ────────────────────────────────────────────────────────────────────────────────────────────────

  1478) [mobile-chrome] › e2e/journey-store-checkout.spec.ts:28:7 › Store checkout flow › /api/checkout rejects empty body with 4xx 

    Error: apiRequestContext.post: connect ECONNREFUSED ::1:4000
    Call log:
      - → POST http://localhost:4000/api/checkout
        - user-agent: Mozilla/5.0 (Linux; Android 14; Pixel 7) AppleWebKit/537.36 (KHTML, like Gecko) Chrome/151.0.7922.34 Mobile Safari/537.36
        - accept: */*
        - accept-encoding: gzip,deflate,br
        - content-type: application/json
        - content-length: 2

        at apiRequestContext.post: connect ECONNREFUSED ::1:4000
        at /home/tbaltzakis/cloudless.gr/e2e/journey-store-checkout.spec.ts:29:29

    Error Context: test-results/journey-store-checkout-Sto-3372d-rejects-empty-body-with-4xx-mobile-chrome/error-context.md

    Retry #1 ───────────────────────────────────────────────────────────────────────────────────────

    Error: apiRequestContext.post: connect ECONNREFUSED ::1:4000
    Call log:
      - → POST http://localhost:4000/api/checkout
        - user-agent: Mozilla/5.0 (Linux; Android 14; Pixel 7) AppleWebKit/537.36 (KHTML, like Gecko) Chrome/151.0.7922.34 Mobile Safari/537.36
        - accept: */*
        - accept-encoding: gzip,deflate,br
        - content-type: application/json
        - content-length: 2

        at apiRequestContext.post: connect ECONNREFUSED ::1:4000
        at /home/tbaltzakis/cloudless.gr/e2e/journey-store-checkout.spec.ts:29:29

    Error Context: test-results/journey-store-checkout-Sto-3372d-rejects-empty-body-with-4xx-mobile-chrome-retry1/error-context.md

    attachment #2: trace (application/zip) ─────────────────────────────────────────────────────────
    test-results/journey-store-checkout-Sto-3372d-rejects-empty-body-with-4xx-mobile-chrome-retry1/trace.zip
    Usage:

        npx playwright show-trace test-results/journey-store-checkout-Sto-3372d-rejects-empty-body-with-4xx-mobile-chrome-retry1/trace.zip

    ────────────────────────────────────────────────────────────────────────────────────────────────

  1479) [mobile-chrome] › e2e/journey-store-checkout.spec.ts:34:7 › Store checkout flow › clicking a product on /store opens a detail page (when products exist) 

    Error: page.goto: net::ERR_CONNECTION_REFUSED at http://localhost:4000/en/store
    Call log:
      - navigating to "http://localhost:4000/en/store", waiting until "load"


      33 |
      34 |   test("clicking a product on /store opens a detail page (when products exist)", async ({ page }) => {
    > 35 |     await page.goto("/en/store");
         |                ^
      36 |     const productLink = page.locator('a[href*="/store/"]').first();
      37 |     if (await productLink.count() > 0) {
      38 |       const href = await productLink.getAttribute("href");
        at /home/tbaltzakis/cloudless.gr/e2e/journey-store-checkout.spec.ts:35:16

    attachment #1: screenshot (image/png) ──────────────────────────────────────────────────────────
    test-results/journey-store-checkout-Sto-a1fe7-l-page-when-products-exist--mobile-chrome/test-failed-1.png
    ────────────────────────────────────────────────────────────────────────────────────────────────

    attachment #2: video (video/webm) ──────────────────────────────────────────────────────────────
    test-results/journey-store-checkout-Sto-a1fe7-l-page-when-products-exist--mobile-chrome/video.webm
    ────────────────────────────────────────────────────────────────────────────────────────────────

    Error Context: test-results/journey-store-checkout-Sto-a1fe7-l-page-when-products-exist--mobile-chrome/error-context.md

    Retry #1 ───────────────────────────────────────────────────────────────────────────────────────

    Error: page.goto: net::ERR_CONNECTION_REFUSED at http://localhost:4000/en/store
    Call log:
      - navigating to "http://localhost:4000/en/store", waiting until "load"


      33 |
      34 |   test("clicking a product on /store opens a detail page (when products exist)", async ({ page }) => {
    > 35 |     await page.goto("/en/store");
         |                ^
      36 |     const productLink = page.locator('a[href*="/store/"]').first();
      37 |     if (await productLink.count() > 0) {
      38 |       const href = await productLink.getAttribute("href");
        at /home/tbaltzakis/cloudless.gr/e2e/journey-store-checkout.spec.ts:35:16

    attachment #1: screenshot (image/png) ──────────────────────────────────────────────────────────
    test-results/journey-store-checkout-Sto-a1fe7-l-page-when-products-exist--mobile-chrome-retry1/test-failed-1.png
    ────────────────────────────────────────────────────────────────────────────────────────────────

    attachment #2: video (video/webm) ──────────────────────────────────────────────────────────────
    test-results/journey-store-checkout-Sto-a1fe7-l-page-when-products-exist--mobile-chrome-retry1/video.webm
    ────────────────────────────────────────────────────────────────────────────────────────────────

    Error Context: test-results/journey-store-checkout-Sto-a1fe7-l-page-when-products-exist--mobile-chrome-retry1/error-context.md

    attachment #4: trace (application/zip) ─────────────────────────────────────────────────────────
    test-results/journey-store-checkout-Sto-a1fe7-l-page-when-products-exist--mobile-chrome-retry1/trace.zip
    Usage:

        npx playwright show-trace test-results/journey-store-checkout-Sto-a1fe7-l-page-when-products-exist--mobile-chrome-retry1/trace.zip

    ────────────────────────────────────────────────────────────────────────────────────────────────

  1480) [mobile-chrome] › e2e/journey-store-checkout.spec.ts:49:7 › Store checkout flow › /en/order-success renders confirmation heading 

    Error: page.goto: net::ERR_CONNECTION_REFUSED at http://localhost:4000/en/order-success
    Call log:
      - navigating to "http://localhost:4000/en/order-success", waiting until "load"


      48 |
      49 |   test("/en/order-success renders confirmation heading", async ({ page }) => {
    > 50 |     const r = await page.goto("/en/order-success");
         |                          ^
      51 |     expect(r?.status()).toBeLessThan(500);
      52 |     await expect(page.locator("h1, h2").first()).toBeVisible();
      53 |   });
        at /home/tbaltzakis/cloudless.gr/e2e/journey-store-checkout.spec.ts:50:26

    attachment #1: screenshot (image/png) ──────────────────────────────────────────────────────────
    test-results/journey-store-checkout-Sto-27192-enders-confirmation-heading-mobile-chrome/test-failed-1.png
    ────────────────────────────────────────────────────────────────────────────────────────────────

    attachment #2: video (video/webm) ──────────────────────────────────────────────────────────────
    test-results/journey-store-checkout-Sto-27192-enders-confirmation-heading-mobile-chrome/video.webm
    ────────────────────────────────────────────────────────────────────────────────────────────────

    Error Context: test-results/journey-store-checkout-Sto-27192-enders-confirmation-heading-mobile-chrome/error-context.md

    Retry #1 ───────────────────────────────────────────────────────────────────────────────────────

    Error: page.goto: net::ERR_CONNECTION_REFUSED at http://localhost:4000/en/order-success
    Call log:
      - navigating to "http://localhost:4000/en/order-success", waiting until "load"


      48 |
      49 |   test("/en/order-success renders confirmation heading", async ({ page }) => {
    > 50 |     const r = await page.goto("/en/order-success");
         |                          ^
      51 |     expect(r?.status()).toBeLessThan(500);
      52 |     await expect(page.locator("h1, h2").first()).toBeVisible();
      53 |   });
        at /home/tbaltzakis/cloudless.gr/e2e/journey-store-checkout.spec.ts:50:26

    attachment #1: screenshot (image/png) ──────────────────────────────────────────────────────────
    test-results/journey-store-checkout-Sto-27192-enders-confirmation-heading-mobile-chrome-retry1/test-failed-1.png
    ────────────────────────────────────────────────────────────────────────────────────────────────

    attachment #2: video (video/webm) ──────────────────────────────────────────────────────────────
    test-results/journey-store-checkout-Sto-27192-enders-confirmation-heading-mobile-chrome-retry1/video.webm
    ────────────────────────────────────────────────────────────────────────────────────────────────

    Error Context: test-results/journey-store-checkout-Sto-27192-enders-confirmation-heading-mobile-chrome-retry1/error-context.md

    attachment #4: trace (application/zip) ─────────────────────────────────────────────────────────
    test-results/journey-store-checkout-Sto-27192-enders-confirmation-heading-mobile-chrome-retry1/trace.zip
    Usage:

        npx playwright show-trace test-results/journey-store-checkout-Sto-27192-enders-confirmation-heading-mobile-chrome-retry1/trace.zip

    ────────────────────────────────────────────────────────────────────────────────────────────────

  1481) [mobile-chrome] › e2e/journey-theme-locale.spec.ts:20:7 › Theme switcher › light theme applies data-theme=light and persists 

    Error: page.goto: net::ERR_CONNECTION_REFUSED at http://localhost:4000/en
    Call log:
      - navigating to "http://localhost:4000/en", waiting until "load"


      19 | test.describe("Theme switcher", () => {
      20 |   test("light theme applies data-theme=light and persists", async ({ page }) => {
    > 21 |     await page.goto("/en");
         |                ^
      22 |     await openMobileMenuIfNeeded(page);
      23 |     // Open the theme switcher (might be popover or inline button). The navbar
      24 |     // renders one instance for desktop and one inside the mobile drawer, so
        at /home/tbaltzakis/cloudless.gr/e2e/journey-theme-locale.spec.ts:21:16

    attachment #1: screenshot (image/png) ──────────────────────────────────────────────────────────
    test-results/journey-theme-locale-Theme-26a3a-ta-theme-light-and-persists-mobile-chrome/test-failed-1.png
    ────────────────────────────────────────────────────────────────────────────────────────────────

    attachment #2: video (video/webm) ──────────────────────────────────────────────────────────────
    test-results/journey-theme-locale-Theme-26a3a-ta-theme-light-and-persists-mobile-chrome/video.webm
    ────────────────────────────────────────────────────────────────────────────────────────────────

    Error Context: test-results/journey-theme-locale-Theme-26a3a-ta-theme-light-and-persists-mobile-chrome/error-context.md

    Retry #1 ───────────────────────────────────────────────────────────────────────────────────────

    Error: page.goto: net::ERR_CONNECTION_REFUSED at http://localhost:4000/en
    Call log:
      - navigating to "http://localhost:4000/en", waiting until "load"


      19 | test.describe("Theme switcher", () => {
      20 |   test("light theme applies data-theme=light and persists", async ({ page }) => {
    > 21 |     await page.goto("/en");
         |                ^
      22 |     await openMobileMenuIfNeeded(page);
      23 |     // Open the theme switcher (might be popover or inline button). The navbar
      24 |     // renders one instance for desktop and one inside the mobile drawer, so
        at /home/tbaltzakis/cloudless.gr/e2e/journey-theme-locale.spec.ts:21:16

    attachment #1: screenshot (image/png) ──────────────────────────────────────────────────────────
    test-results/journey-theme-locale-Theme-26a3a-ta-theme-light-and-persists-mobile-chrome-retry1/test-failed-1.png
    ────────────────────────────────────────────────────────────────────────────────────────────────

    attachment #2: video (video/webm) ──────────────────────────────────────────────────────────────
    test-results/journey-theme-locale-Theme-26a3a-ta-theme-light-and-persists-mobile-chrome-retry1/video.webm
    ────────────────────────────────────────────────────────────────────────────────────────────────

    Error Context: test-results/journey-theme-locale-Theme-26a3a-ta-theme-light-and-persists-mobile-chrome-retry1/error-context.md

    attachment #4: trace (application/zip) ─────────────────────────────────────────────────────────
    test-results/journey-theme-locale-Theme-26a3a-ta-theme-light-and-persists-mobile-chrome-retry1/trace.zip
    Usage:

        npx playwright show-trace test-results/journey-theme-locale-Theme-26a3a-ta-theme-light-and-persists-mobile-chrome-retry1/trace.zip

    ────────────────────────────────────────────────────────────────────────────────────────────────

  1482) [mobile-chrome] › e2e/journey-theme-locale.spec.ts:44:7 › Theme switcher › dark theme applies data-theme=dark 

    Error: page.goto: net::ERR_CONNECTION_REFUSED at http://localhost:4000/en
    Call log:
      - navigating to "http://localhost:4000/en", waiting until "load"


      43 |
      44 |   test("dark theme applies data-theme=dark", async ({ page }) => {
    > 45 |     await page.goto("/en");
         |                ^
      46 |     await openMobileMenuIfNeeded(page);
      47 |     // Filter to the visible instance — desktop + mobile-drawer both exist in DOM.
      48 |     const themeTrigger = page.locator(
        at /home/tbaltzakis/cloudless.gr/e2e/journey-theme-locale.spec.ts:45:16

    attachment #1: screenshot (image/png) ──────────────────────────────────────────────────────────
    test-results/journey-theme-locale-Theme-7bf42-eme-applies-data-theme-dark-mobile-chrome/test-failed-1.png
    ────────────────────────────────────────────────────────────────────────────────────────────────

    attachment #2: video (video/webm) ──────────────────────────────────────────────────────────────
    test-results/journey-theme-locale-Theme-7bf42-eme-applies-data-theme-dark-mobile-chrome/video.webm
    ────────────────────────────────────────────────────────────────────────────────────────────────

    Error Context: test-results/journey-theme-locale-Theme-7bf42-eme-applies-data-theme-dark-mobile-chrome/error-context.md

    Retry #1 ───────────────────────────────────────────────────────────────────────────────────────

    Error: page.goto: net::ERR_CONNECTION_REFUSED at http://localhost:4000/en
    Call log:
      - navigating to "http://localhost:4000/en", waiting until "load"


      43 |
      44 |   test("dark theme applies data-theme=dark", async ({ page }) => {
    > 45 |     await page.goto("/en");
         |                ^
      46 |     await openMobileMenuIfNeeded(page);
      47 |     // Filter to the visible instance — desktop + mobile-drawer both exist in DOM.
      48 |     const themeTrigger = page.locator(
        at /home/tbaltzakis/cloudless.gr/e2e/journey-theme-locale.spec.ts:45:16

    attachment #1: screenshot (image/png) ──────────────────────────────────────────────────────────
    test-results/journey-theme-locale-Theme-7bf42-eme-applies-data-theme-dark-mobile-chrome-retry1/test-failed-1.png
    ────────────────────────────────────────────────────────────────────────────────────────────────

    attachment #2: video (video/webm) ──────────────────────────────────────────────────────────────
    test-results/journey-theme-locale-Theme-7bf42-eme-applies-data-theme-dark-mobile-chrome-retry1/video.webm
    ────────────────────────────────────────────────────────────────────────────────────────────────

    Error Context: test-results/journey-theme-locale-Theme-7bf42-eme-applies-data-theme-dark-mobile-chrome-retry1/error-context.md

    attachment #4: trace (application/zip) ─────────────────────────────────────────────────────────
    test-results/journey-theme-locale-Theme-7bf42-eme-applies-data-theme-dark-mobile-chrome-retry1/trace.zip
    Usage:

        npx playwright show-trace test-results/journey-theme-locale-Theme-7bf42-eme-applies-data-theme-dark-mobile-chrome-retry1/trace.zip

    ────────────────────────────────────────────────────────────────────────────────────────────────

  1483) [mobile-chrome] › e2e/journey-theme-locale.spec.ts:64:7 › Locale switcher › switching to Greek navigates to /el 

    Error: page.goto: net::ERR_CONNECTION_REFUSED at http://localhost:4000/en
    Call log:
      - navigating to "http://localhost:4000/en", waiting until "load"


      63 | test.describe("Locale switcher", () => {
      64 |   test("switching to Greek navigates to /el", async ({ page }) => {
    > 65 |     await page.goto("/en");
         |                ^
      66 |     const localeTrigger = page.locator(
      67 |       '[aria-label*="language" i], [aria-label*="locale" i], [data-testid="locale-switcher"]'
      68 |     ).first();
        at /home/tbaltzakis/cloudless.gr/e2e/journey-theme-locale.spec.ts:65:16

    attachment #1: screenshot (image/png) ──────────────────────────────────────────────────────────
    test-results/journey-theme-locale-Local-e206b-ng-to-Greek-navigates-to-el-mobile-chrome/test-failed-1.png
    ────────────────────────────────────────────────────────────────────────────────────────────────

    attachment #2: video (video/webm) ──────────────────────────────────────────────────────────────
    test-results/journey-theme-locale-Local-e206b-ng-to-Greek-navigates-to-el-mobile-chrome/video.webm
    ────────────────────────────────────────────────────────────────────────────────────────────────

    Error Context: test-results/journey-theme-locale-Local-e206b-ng-to-Greek-navigates-to-el-mobile-chrome/error-context.md

    Retry #1 ───────────────────────────────────────────────────────────────────────────────────────

    Error: page.goto: net::ERR_CONNECTION_REFUSED at http://localhost:4000/en
    Call log:
      - navigating to "http://localhost:4000/en", waiting until "load"


      63 | test.describe("Locale switcher", () => {
      64 |   test("switching to Greek navigates to /el", async ({ page }) => {
    > 65 |     await page.goto("/en");
         |                ^
      66 |     const localeTrigger = page.locator(
      67 |       '[aria-label*="language" i], [aria-label*="locale" i], [data-testid="locale-switcher"]'
      68 |     ).first();
        at /home/tbaltzakis/cloudless.gr/e2e/journey-theme-locale.spec.ts:65:16

    attachment #1: screenshot (image/png) ──────────────────────────────────────────────────────────
    test-results/journey-theme-locale-Local-e206b-ng-to-Greek-navigates-to-el-mobile-chrome-retry1/test-failed-1.png
    ────────────────────────────────────────────────────────────────────────────────────────────────

    attachment #2: video (video/webm) ──────────────────────────────────────────────────────────────
    test-results/journey-theme-locale-Local-e206b-ng-to-Greek-navigates-to-el-mobile-chrome-retry1/video.webm
    ────────────────────────────────────────────────────────────────────────────────────────────────

    Error Context: test-results/journey-theme-locale-Local-e206b-ng-to-Greek-navigates-to-el-mobile-chrome-retry1/error-context.md

    attachment #4: trace (application/zip) ─────────────────────────────────────────────────────────
    test-results/journey-theme-locale-Local-e206b-ng-to-Greek-navigates-to-el-mobile-chrome-retry1/trace.zip
    Usage:

        npx playwright show-trace test-results/journey-theme-locale-Local-e206b-ng-to-Greek-navigates-to-el-mobile-chrome-retry1/trace.zip

    ────────────────────────────────────────────────────────────────────────────────────────────────

  1484) [mobile-chrome] › e2e/journey-theme-locale.spec.ts:93:7 › Locale switcher › /el shows Greek content (html lang=el) 

    Error: page.goto: net::ERR_CONNECTION_REFUSED at http://localhost:4000/el
    Call log:
      - navigating to "http://localhost:4000/el", waiting until "load"


      92 |
      93 |   test("/el shows Greek content (html lang=el)", async ({ page }) => {
    > 94 |     await page.goto("/el");
         |                ^
      95 |     expect(await page.locator("html").getAttribute("lang")).toMatch(/^el/);
      96 |   });
      97 | });
        at /home/tbaltzakis/cloudless.gr/e2e/journey-theme-locale.spec.ts:94:16

    attachment #1: screenshot (image/png) ──────────────────────────────────────────────────────────
    test-results/journey-theme-locale-Local-7a9cc-Greek-content-html-lang-el--mobile-chrome/test-failed-1.png
    ────────────────────────────────────────────────────────────────────────────────────────────────

    attachment #2: video (video/webm) ──────────────────────────────────────────────────────────────
    test-results/journey-theme-locale-Local-7a9cc-Greek-content-html-lang-el--mobile-chrome/video.webm
    ────────────────────────────────────────────────────────────────────────────────────────────────

    Error Context: test-results/journey-theme-locale-Local-7a9cc-Greek-content-html-lang-el--mobile-chrome/error-context.md

    Retry #1 ───────────────────────────────────────────────────────────────────────────────────────

    Error: page.goto: net::ERR_CONNECTION_REFUSED at http://localhost:4000/el
    Call log:
      - navigating to "http://localhost:4000/el", waiting until "load"


      92 |
      93 |   test("/el shows Greek content (html lang=el)", async ({ page }) => {
    > 94 |     await page.goto("/el");
         |                ^
      95 |     expect(await page.locator("html").getAttribute("lang")).toMatch(/^el/);
      96 |   });
      97 | });
        at /home/tbaltzakis/cloudless.gr/e2e/journey-theme-locale.spec.ts:94:16

    attachment #1: screenshot (image/png) ──────────────────────────────────────────────────────────
    test-results/journey-theme-locale-Local-7a9cc-Greek-content-html-lang-el--mobile-chrome-retry1/test-failed-1.png
    ────────────────────────────────────────────────────────────────────────────────────────────────

    attachment #2: video (video/webm) ──────────────────────────────────────────────────────────────
    test-results/journey-theme-locale-Local-7a9cc-Greek-content-html-lang-el--mobile-chrome-retry1/video.webm
    ────────────────────────────────────────────────────────────────────────────────────────────────

    Error Context: test-results/journey-theme-locale-Local-7a9cc-Greek-content-html-lang-el--mobile-chrome-retry1/error-context.md

    attachment #4: trace (application/zip) ─────────────────────────────────────────────────────────
    test-results/journey-theme-locale-Local-7a9cc-Greek-content-html-lang-el--mobile-chrome-retry1/trace.zip
    Usage:

        npx playwright show-trace test-results/journey-theme-locale-Local-7a9cc-Greek-content-html-lang-el--mobile-chrome-retry1/trace.zip

    ────────────────────────────────────────────────────────────────────────────────────────────────

  1485) [mobile-chrome] › e2e/journeys/admin-journey.spec.ts:15:7 › Admin User Journey › should allow admin to navigate to login page 

    Error: page.goto: net::ERR_CONNECTION_REFUSED at http://localhost:4000/
    Call log:
      - navigating to "http://localhost:4000/", waiting until "load"


       9 |   test.beforeEach(async ({ page }) => {
      10 |     // Start from homepage
    > 11 |     await page.goto("/");
         |                ^
      12 |     await expect(page).toHaveURL(/.*\/$/);
      13 |   });
      14 |
        at /home/tbaltzakis/cloudless.gr/e2e/journeys/admin-journey.spec.ts:11:16

    attachment #1: screenshot (image/png) ──────────────────────────────────────────────────────────
    test-results/journeys-admin-journey-Adm-770e8-n-to-navigate-to-login-page-mobile-chrome/test-failed-1.png
    ────────────────────────────────────────────────────────────────────────────────────────────────

    attachment #2: video (video/webm) ──────────────────────────────────────────────────────────────
    test-results/journeys-admin-journey-Adm-770e8-n-to-navigate-to-login-page-mobile-chrome/video.webm
    ────────────────────────────────────────────────────────────────────────────────────────────────

    Error Context: test-results/journeys-admin-journey-Adm-770e8-n-to-navigate-to-login-page-mobile-chrome/error-context.md

    Retry #1 ───────────────────────────────────────────────────────────────────────────────────────

    Error: page.goto: net::ERR_CONNECTION_REFUSED at http://localhost:4000/
    Call log:
      - navigating to "http://localhost:4000/", waiting until "load"


       9 |   test.beforeEach(async ({ page }) => {
      10 |     // Start from homepage
    > 11 |     await page.goto("/");
         |                ^
      12 |     await expect(page).toHaveURL(/.*\/$/);
      13 |   });
      14 |
        at /home/tbaltzakis/cloudless.gr/e2e/journeys/admin-journey.spec.ts:11:16

    attachment #1: screenshot (image/png) ──────────────────────────────────────────────────────────
    test-results/journeys-admin-journey-Adm-770e8-n-to-navigate-to-login-page-mobile-chrome-retry1/test-failed-1.png
    ────────────────────────────────────────────────────────────────────────────────────────────────

    attachment #2: video (video/webm) ──────────────────────────────────────────────────────────────
    test-results/journeys-admin-journey-Adm-770e8-n-to-navigate-to-login-page-mobile-chrome-retry1/video.webm
    ────────────────────────────────────────────────────────────────────────────────────────────────

    Error Context: test-results/journeys-admin-journey-Adm-770e8-n-to-navigate-to-login-page-mobile-chrome-retry1/error-context.md

    attachment #4: trace (application/zip) ─────────────────────────────────────────────────────────
    test-results/journeys-admin-journey-Adm-770e8-n-to-navigate-to-login-page-mobile-chrome-retry1/trace.zip
    Usage:

        npx playwright show-trace test-results/journeys-admin-journey-Adm-770e8-n-to-navigate-to-login-page-mobile-chrome-retry1/trace.zip

    ────────────────────────────────────────────────────────────────────────────────────────────────

  1486) [mobile-chrome] › e2e/journeys/admin-journey.spec.ts:25:7 › Admin User Journey › should show admin login form with required fields 

    Error: page.goto: net::ERR_CONNECTION_REFUSED at http://localhost:4000/
    Call log:
      - navigating to "http://localhost:4000/", waiting until "load"


       9 |   test.beforeEach(async ({ page }) => {
      10 |     // Start from homepage
    > 11 |     await page.goto("/");
         |                ^
      12 |     await expect(page).toHaveURL(/.*\/$/);
      13 |   });
      14 |
        at /home/tbaltzakis/cloudless.gr/e2e/journeys/admin-journey.spec.ts:11:16

    attachment #1: screenshot (image/png) ──────────────────────────────────────────────────────────
    test-results/journeys-admin-journey-Adm-bfd0e-n-form-with-required-fields-mobile-chrome/test-failed-1.png
    ────────────────────────────────────────────────────────────────────────────────────────────────

    attachment #2: video (video/webm) ──────────────────────────────────────────────────────────────
    test-results/journeys-admin-journey-Adm-bfd0e-n-form-with-required-fields-mobile-chrome/video.webm
    ────────────────────────────────────────────────────────────────────────────────────────────────

    Error Context: test-results/journeys-admin-journey-Adm-bfd0e-n-form-with-required-fields-mobile-chrome/error-context.md

    Retry #1 ───────────────────────────────────────────────────────────────────────────────────────

    Error: page.goto: net::ERR_CONNECTION_REFUSED at http://localhost:4000/
    Call log:
      - navigating to "http://localhost:4000/", waiting until "load"


       9 |   test.beforeEach(async ({ page }) => {
      10 |     // Start from homepage
    > 11 |     await page.goto("/");
         |                ^
      12 |     await expect(page).toHaveURL(/.*\/$/);
      13 |   });
      14 |
        at /home/tbaltzakis/cloudless.gr/e2e/journeys/admin-journey.spec.ts:11:16

    attachment #1: screenshot (image/png) ──────────────────────────────────────────────────────────
    test-results/journeys-admin-journey-Adm-bfd0e-n-form-with-required-fields-mobile-chrome-retry1/test-failed-1.png
    ────────────────────────────────────────────────────────────────────────────────────────────────

    attachment #2: video (video/webm) ──────────────────────────────────────────────────────────────
    test-results/journeys-admin-journey-Adm-bfd0e-n-form-with-required-fields-mobile-chrome-retry1/video.webm
    ────────────────────────────────────────────────────────────────────────────────────────────────

    Error Context: test-results/journeys-admin-journey-Adm-bfd0e-n-form-with-required-fields-mobile-chrome-retry1/error-context.md

    attachment #4: trace (application/zip) ─────────────────────────────────────────────────────────
    test-results/journeys-admin-journey-Adm-bfd0e-n-form-with-required-fields-mobile-chrome-retry1/trace.zip
    Usage:

        npx playwright show-trace test-results/journeys-admin-journey-Adm-bfd0e-n-form-with-required-fields-mobile-chrome-retry1/trace.zip

    ────────────────────────────────────────────────────────────────────────────────────────────────

  1487) [mobile-chrome] › e2e/journeys/admin-journey.spec.ts:39:7 › Admin User Journey › should allow admin to login with valid credentials (test credentials) 

    Error: page.goto: net::ERR_CONNECTION_REFUSED at http://localhost:4000/
    Call log:
      - navigating to "http://localhost:4000/", waiting until "load"


       9 |   test.beforeEach(async ({ page }) => {
      10 |     // Start from homepage
    > 11 |     await page.goto("/");
         |                ^
      12 |     await expect(page).toHaveURL(/.*\/$/);
      13 |   });
      14 |
        at /home/tbaltzakis/cloudless.gr/e2e/journeys/admin-journey.spec.ts:11:16

    attachment #1: screenshot (image/png) ──────────────────────────────────────────────────────────
    test-results/journeys-admin-journey-Adm-30965-edentials-test-credentials--mobile-chrome/test-failed-1.png
    ────────────────────────────────────────────────────────────────────────────────────────────────

    attachment #2: video (video/webm) ──────────────────────────────────────────────────────────────
    test-results/journeys-admin-journey-Adm-30965-edentials-test-credentials--mobile-chrome/video.webm
    ────────────────────────────────────────────────────────────────────────────────────────────────

    Error Context: test-results/journeys-admin-journey-Adm-30965-edentials-test-credentials--mobile-chrome/error-context.md

    Retry #1 ───────────────────────────────────────────────────────────────────────────────────────

    Error: page.goto: net::ERR_CONNECTION_REFUSED at http://localhost:4000/
    Call log:
      - navigating to "http://localhost:4000/", waiting until "load"


       9 |   test.beforeEach(async ({ page }) => {
      10 |     // Start from homepage
    > 11 |     await page.goto("/");
         |                ^
      12 |     await expect(page).toHaveURL(/.*\/$/);
      13 |   });
      14 |
        at /home/tbaltzakis/cloudless.gr/e2e/journeys/admin-journey.spec.ts:11:16

    attachment #1: screenshot (image/png) ──────────────────────────────────────────────────────────
    test-results/journeys-admin-journey-Adm-30965-edentials-test-credentials--mobile-chrome-retry1/test-failed-1.png
    ────────────────────────────────────────────────────────────────────────────────────────────────

    attachment #2: video (video/webm) ──────────────────────────────────────────────────────────────
    test-results/journeys-admin-journey-Adm-30965-edentials-test-credentials--mobile-chrome-retry1/video.webm
    ────────────────────────────────────────────────────────────────────────────────────────────────

    Error Context: test-results/journeys-admin-journey-Adm-30965-edentials-test-credentials--mobile-chrome-retry1/error-context.md

    attachment #4: trace (application/zip) ─────────────────────────────────────────────────────────
    test-results/journeys-admin-journey-Adm-30965-edentials-test-credentials--mobile-chrome-retry1/trace.zip
    Usage:

        npx playwright show-trace test-results/journeys-admin-journey-Adm-30965-edentials-test-credentials--mobile-chrome-retry1/trace.zip

    ────────────────────────────────────────────────────────────────────────────────────────────────

  1488) [mobile-chrome] › e2e/journeys/admin-journey.spec.ts:59:7 › Admin User Journey › should show appropriate error for invalid login credentials 

    Error: page.goto: net::ERR_CONNECTION_REFUSED at http://localhost:4000/
    Call log:
      - navigating to "http://localhost:4000/", waiting until "load"


       9 |   test.beforeEach(async ({ page }) => {
      10 |     // Start from homepage
    > 11 |     await page.goto("/");
         |                ^
      12 |     await expect(page).toHaveURL(/.*\/$/);
      13 |   });
      14 |
        at /home/tbaltzakis/cloudless.gr/e2e/journeys/admin-journey.spec.ts:11:16

    attachment #1: screenshot (image/png) ──────────────────────────────────────────────────────────
    test-results/journeys-admin-journey-Adm-3695f-r-invalid-login-credentials-mobile-chrome/test-failed-1.png
    ────────────────────────────────────────────────────────────────────────────────────────────────

    attachment #2: video (video/webm) ──────────────────────────────────────────────────────────────
    test-results/journeys-admin-journey-Adm-3695f-r-invalid-login-credentials-mobile-chrome/video.webm
    ────────────────────────────────────────────────────────────────────────────────────────────────

    Error Context: test-results/journeys-admin-journey-Adm-3695f-r-invalid-login-credentials-mobile-chrome/error-context.md

    Retry #1 ───────────────────────────────────────────────────────────────────────────────────────

    Error: page.goto: net::ERR_CONNECTION_REFUSED at http://localhost:4000/
    Call log:
      - navigating to "http://localhost:4000/", waiting until "load"


       9 |   test.beforeEach(async ({ page }) => {
      10 |     // Start from homepage
    > 11 |     await page.goto("/");
         |                ^
      12 |     await expect(page).toHaveURL(/.*\/$/);
      13 |   });
      14 |
        at /home/tbaltzakis/cloudless.gr/e2e/journeys/admin-journey.spec.ts:11:16

    attachment #1: screenshot (image/png) ──────────────────────────────────────────────────────────
    test-results/journeys-admin-journey-Adm-3695f-r-invalid-login-credentials-mobile-chrome-retry1/test-failed-1.png
    ────────────────────────────────────────────────────────────────────────────────────────────────

    attachment #2: video (video/webm) ──────────────────────────────────────────────────────────────
    test-results/journeys-admin-journey-Adm-3695f-r-invalid-login-credentials-mobile-chrome-retry1/video.webm
    ────────────────────────────────────────────────────────────────────────────────────────────────

    Error Context: test-results/journeys-admin-journey-Adm-3695f-r-invalid-login-credentials-mobile-chrome-retry1/error-context.md

    attachment #4: trace (application/zip) ─────────────────────────────────────────────────────────
    test-results/journeys-admin-journey-Adm-3695f-r-invalid-login-credentials-mobile-chrome-retry1/trace.zip
    Usage:

        npx playwright show-trace test-results/journeys-admin-journey-Adm-3695f-r-invalid-login-credentials-mobile-chrome-retry1/trace.zip

    ────────────────────────────────────────────────────────────────────────────────────────────────

  1489) [mobile-chrome] › e2e/journeys/admin-journey.spec.ts:77:7 › Admin User Journey › should allow admin to access dashboard after login (if credentials work) 

    Error: page.goto: net::ERR_CONNECTION_REFUSED at http://localhost:4000/
    Call log:
      - navigating to "http://localhost:4000/", waiting until "load"


       9 |   test.beforeEach(async ({ page }) => {
      10 |     // Start from homepage
    > 11 |     await page.goto("/");
         |                ^
      12 |     await expect(page).toHaveURL(/.*\/$/);
      13 |   });
      14 |
        at /home/tbaltzakis/cloudless.gr/e2e/journeys/admin-journey.spec.ts:11:16

    attachment #1: screenshot (image/png) ──────────────────────────────────────────────────────────
    test-results/journeys-admin-journey-Adm-bff80--login-if-credentials-work--mobile-chrome/test-failed-1.png
    ────────────────────────────────────────────────────────────────────────────────────────────────

    attachment #2: video (video/webm) ──────────────────────────────────────────────────────────────
    test-results/journeys-admin-journey-Adm-bff80--login-if-credentials-work--mobile-chrome/video.webm
    ────────────────────────────────────────────────────────────────────────────────────────────────

    Error Context: test-results/journeys-admin-journey-Adm-bff80--login-if-credentials-work--mobile-chrome/error-context.md

    Retry #1 ───────────────────────────────────────────────────────────────────────────────────────

    Error: page.goto: net::ERR_CONNECTION_REFUSED at http://localhost:4000/
    Call log:
      - navigating to "http://localhost:4000/", waiting until "load"


       9 |   test.beforeEach(async ({ page }) => {
      10 |     // Start from homepage
    > 11 |     await page.goto("/");
         |                ^
      12 |     await expect(page).toHaveURL(/.*\/$/);
      13 |   });
      14 |
        at /home/tbaltzakis/cloudless.gr/e2e/journeys/admin-journey.spec.ts:11:16

    attachment #1: screenshot (image/png) ──────────────────────────────────────────────────────────
    test-results/journeys-admin-journey-Adm-bff80--login-if-credentials-work--mobile-chrome-retry1/test-failed-1.png
    ────────────────────────────────────────────────────────────────────────────────────────────────

    attachment #2: video (video/webm) ──────────────────────────────────────────────────────────────
    test-results/journeys-admin-journey-Adm-bff80--login-if-credentials-work--mobile-chrome-retry1/video.webm
    ────────────────────────────────────────────────────────────────────────────────────────────────

    Error Context: test-results/journeys-admin-journey-Adm-bff80--login-if-credentials-work--mobile-chrome-retry1/error-context.md

    attachment #4: trace (application/zip) ─────────────────────────────────────────────────────────
    test-results/journeys-admin-journey-Adm-bff80--login-if-credentials-work--mobile-chrome-retry1/trace.zip
    Usage:

        npx playwright show-trace test-results/journeys-admin-journey-Adm-bff80--login-if-credentials-work--mobile-chrome-retry1/trace.zip

    ────────────────────────────────────────────────────────────────────────────────────────────────

  1490) [mobile-chrome] › e2e/journeys/admin-journey.spec.ts:90:7 › Admin User Journey › should show admin dashboard widgets and navigation after login 

    Error: page.goto: net::ERR_CONNECTION_REFUSED at http://localhost:4000/
    Call log:
      - navigating to "http://localhost:4000/", waiting until "load"


       9 |   test.beforeEach(async ({ page }) => {
      10 |     // Start from homepage
    > 11 |     await page.goto("/");
         |                ^
      12 |     await expect(page).toHaveURL(/.*\/$/);
      13 |   });
      14 |
        at /home/tbaltzakis/cloudless.gr/e2e/journeys/admin-journey.spec.ts:11:16

    attachment #1: screenshot (image/png) ──────────────────────────────────────────────────────────
    test-results/journeys-admin-journey-Adm-aec70--and-navigation-after-login-mobile-chrome/test-failed-1.png
    ────────────────────────────────────────────────────────────────────────────────────────────────

    attachment #2: video (video/webm) ──────────────────────────────────────────────────────────────
    test-results/journeys-admin-journey-Adm-aec70--and-navigation-after-login-mobile-chrome/video.webm
    ────────────────────────────────────────────────────────────────────────────────────────────────

    Error Context: test-results/journeys-admin-journey-Adm-aec70--and-navigation-after-login-mobile-chrome/error-context.md

    Retry #1 ───────────────────────────────────────────────────────────────────────────────────────

    Error: page.goto: net::ERR_CONNECTION_REFUSED at http://localhost:4000/
    Call log:
      - navigating to "http://localhost:4000/", waiting until "load"


       9 |   test.beforeEach(async ({ page }) => {
      10 |     // Start from homepage
    > 11 |     await page.goto("/");
         |                ^
      12 |     await expect(page).toHaveURL(/.*\/$/);
      13 |   });
      14 |
        at /home/tbaltzakis/cloudless.gr/e2e/journeys/admin-journey.spec.ts:11:16

    attachment #1: screenshot (image/png) ──────────────────────────────────────────────────────────
    test-results/journeys-admin-journey-Adm-aec70--and-navigation-after-login-mobile-chrome-retry1/test-failed-1.png
    ────────────────────────────────────────────────────────────────────────────────────────────────

    attachment #2: video (video/webm) ──────────────────────────────────────────────────────────────
    test-results/journeys-admin-journey-Adm-aec70--and-navigation-after-login-mobile-chrome-retry1/video.webm
    ────────────────────────────────────────────────────────────────────────────────────────────────

    Error Context: test-results/journeys-admin-journey-Adm-aec70--and-navigation-after-login-mobile-chrome-retry1/error-context.md

    attachment #4: trace (application/zip) ─────────────────────────────────────────────────────────
    test-results/journeys-admin-journey-Adm-aec70--and-navigation-after-login-mobile-chrome-retry1/trace.zip
    Usage:

        npx playwright show-trace test-results/journeys-admin-journey-Adm-aec70--and-navigation-after-login-mobile-chrome-retry1/trace.zip

    ────────────────────────────────────────────────────────────────────────────────────────────────

  1491) [mobile-chrome] › e2e/journeys/admin-journey.spec.ts:104:7 › Admin User Journey › should allow admin to navigate to different admin sections 

    Error: page.goto: net::ERR_CONNECTION_REFUSED at http://localhost:4000/
    Call log:
      - navigating to "http://localhost:4000/", waiting until "load"


       9 |   test.beforeEach(async ({ page }) => {
      10 |     // Start from homepage
    > 11 |     await page.goto("/");
         |                ^
      12 |     await expect(page).toHaveURL(/.*\/$/);
      13 |   });
      14 |
        at /home/tbaltzakis/cloudless.gr/e2e/journeys/admin-journey.spec.ts:11:16

    attachment #1: screenshot (image/png) ──────────────────────────────────────────────────────────
    test-results/journeys-admin-journey-Adm-b1bc1-to-different-admin-sections-mobile-chrome/test-failed-1.png
    ────────────────────────────────────────────────────────────────────────────────────────────────

    attachment #2: video (video/webm) ──────────────────────────────────────────────────────────────
    test-results/journeys-admin-journey-Adm-b1bc1-to-different-admin-sections-mobile-chrome/video.webm
    ────────────────────────────────────────────────────────────────────────────────────────────────

    Error Context: test-results/journeys-admin-journey-Adm-b1bc1-to-different-admin-sections-mobile-chrome/error-context.md

    Retry #1 ───────────────────────────────────────────────────────────────────────────────────────

    Error: page.goto: net::ERR_CONNECTION_REFUSED at http://localhost:4000/
    Call log:
      - navigating to "http://localhost:4000/", waiting until "load"


       9 |   test.beforeEach(async ({ page }) => {
      10 |     // Start from homepage
    > 11 |     await page.goto("/");
         |                ^
      12 |     await expect(page).toHaveURL(/.*\/$/);
      13 |   });
      14 |
        at /home/tbaltzakis/cloudless.gr/e2e/journeys/admin-journey.spec.ts:11:16

    attachment #1: screenshot (image/png) ──────────────────────────────────────────────────────────
    test-results/journeys-admin-journey-Adm-b1bc1-to-different-admin-sections-mobile-chrome-retry1/test-failed-1.png
    ────────────────────────────────────────────────────────────────────────────────────────────────

    attachment #2: video (video/webm) ──────────────────────────────────────────────────────────────
    test-results/journeys-admin-journey-Adm-b1bc1-to-different-admin-sections-mobile-chrome-retry1/video.webm
    ────────────────────────────────────────────────────────────────────────────────────────────────

    Error Context: test-results/journeys-admin-journey-Adm-b1bc1-to-different-admin-sections-mobile-chrome-retry1/error-context.md

    attachment #4: trace (application/zip) ─────────────────────────────────────────────────────────
    test-results/journeys-admin-journey-Adm-b1bc1-to-different-admin-sections-mobile-chrome-retry1/trace.zip
    Usage:

        npx playwright show-trace test-results/journeys-admin-journey-Adm-b1bc1-to-different-admin-sections-mobile-chrome-retry1/trace.zip

    ────────────────────────────────────────────────────────────────────────────────────────────────

  1492) [mobile-chrome] › e2e/journeys/admin-journey.spec.ts:124:7 › Admin User Journey › should allow admin to log out 

    Error: page.goto: net::ERR_CONNECTION_REFUSED at http://localhost:4000/
    Call log:
      - navigating to "http://localhost:4000/", waiting until "load"


       9 |   test.beforeEach(async ({ page }) => {
      10 |     // Start from homepage
    > 11 |     await page.goto("/");
         |                ^
      12 |     await expect(page).toHaveURL(/.*\/$/);
      13 |   });
      14 |
        at /home/tbaltzakis/cloudless.gr/e2e/journeys/admin-journey.spec.ts:11:16

    attachment #1: screenshot (image/png) ──────────────────────────────────────────────────────────
    test-results/journeys-admin-journey-Adm-51105-ould-allow-admin-to-log-out-mobile-chrome/test-failed-1.png
    ────────────────────────────────────────────────────────────────────────────────────────────────

    attachment #2: video (video/webm) ──────────────────────────────────────────────────────────────
    test-results/journeys-admin-journey-Adm-51105-ould-allow-admin-to-log-out-mobile-chrome/video.webm
    ────────────────────────────────────────────────────────────────────────────────────────────────

    Error Context: test-results/journeys-admin-journey-Adm-51105-ould-allow-admin-to-log-out-mobile-chrome/error-context.md

    Retry #1 ───────────────────────────────────────────────────────────────────────────────────────

    Error: page.goto: net::ERR_CONNECTION_REFUSED at http://localhost:4000/
    Call log:
      - navigating to "http://localhost:4000/", waiting until "load"


       9 |   test.beforeEach(async ({ page }) => {
      10 |     // Start from homepage
    > 11 |     await page.goto("/");
         |                ^
      12 |     await expect(page).toHaveURL(/.*\/$/);
      13 |   });
      14 |
        at /home/tbaltzakis/cloudless.gr/e2e/journeys/admin-journey.spec.ts:11:16

    attachment #1: screenshot (image/png) ──────────────────────────────────────────────────────────
    test-results/journeys-admin-journey-Adm-51105-ould-allow-admin-to-log-out-mobile-chrome-retry1/test-failed-1.png
    ────────────────────────────────────────────────────────────────────────────────────────────────

    attachment #2: video (video/webm) ──────────────────────────────────────────────────────────────
    test-results/journeys-admin-journey-Adm-51105-ould-allow-admin-to-log-out-mobile-chrome-retry1/video.webm
    ────────────────────────────────────────────────────────────────────────────────────────────────

    Error Context: test-results/journeys-admin-journey-Adm-51105-ould-allow-admin-to-log-out-mobile-chrome-retry1/error-context.md

    attachment #4: trace (application/zip) ─────────────────────────────────────────────────────────
    test-results/journeys-admin-journey-Adm-51105-ould-allow-admin-to-log-out-mobile-chrome-retry1/trace.zip
    Usage:

        npx playwright show-trace test-results/journeys-admin-journey-Adm-51105-ould-allow-admin-to-log-out-mobile-chrome-retry1/trace.zip

    ────────────────────────────────────────────────────────────────────────────────────────────────

  1493) [mobile-chrome] › e2e/journeys/auth-journey.spec.ts:21:9 › Authentication Journey › Login Flow › should allow user to login with valid credentials 

    Error: page.goto: net::ERR_CONNECTION_REFUSED at http://localhost:4000/
    Call log:
      - navigating to "http://localhost:4000/", waiting until "load"


       at helpers/page-helpers.ts:13

      11 |
      12 |   async navigate(path: string) {
    > 13 |     await this.page.goto(path);
         |                     ^
      14 |     await this.page.waitForLoadState("networkidle");
      15 |   }
      16 |
        at BasePage.navigate (/home/tbaltzakis/cloudless.gr/e2e/helpers/page-helpers.ts:13:21)
        at /home/tbaltzakis/cloudless.gr/e2e/journeys/auth-journey.spec.ts:23:18

    attachment #1: screenshot (image/png) ──────────────────────────────────────────────────────────
    test-results/journeys-auth-journey-Auth-b8408-ogin-with-valid-credentials-mobile-chrome/test-failed-1.png
    ────────────────────────────────────────────────────────────────────────────────────────────────

    attachment #2: video (video/webm) ──────────────────────────────────────────────────────────────
    test-results/journeys-auth-journey-Auth-b8408-ogin-with-valid-credentials-mobile-chrome/video.webm
    ────────────────────────────────────────────────────────────────────────────────────────────────

    Error Context: test-results/journeys-auth-journey-Auth-b8408-ogin-with-valid-credentials-mobile-chrome/error-context.md

    Retry #1 ───────────────────────────────────────────────────────────────────────────────────────

    Error: page.goto: net::ERR_CONNECTION_REFUSED at http://localhost:4000/
    Call log:
      - navigating to "http://localhost:4000/", waiting until "load"


       at helpers/page-helpers.ts:13

      11 |
      12 |   async navigate(path: string) {
    > 13 |     await this.page.goto(path);
         |                     ^
      14 |     await this.page.waitForLoadState("networkidle");
      15 |   }
      16 |
        at BasePage.navigate (/home/tbaltzakis/cloudless.gr/e2e/helpers/page-helpers.ts:13:21)
        at /home/tbaltzakis/cloudless.gr/e2e/journeys/auth-journey.spec.ts:23:18

    attachment #1: screenshot (image/png) ──────────────────────────────────────────────────────────
    test-results/journeys-auth-journey-Auth-b8408-ogin-with-valid-credentials-mobile-chrome-retry1/test-failed-1.png
    ────────────────────────────────────────────────────────────────────────────────────────────────

    attachment #2: video (video/webm) ──────────────────────────────────────────────────────────────
    test-results/journeys-auth-journey-Auth-b8408-ogin-with-valid-credentials-mobile-chrome-retry1/video.webm
    ────────────────────────────────────────────────────────────────────────────────────────────────

    Error Context: test-results/journeys-auth-journey-Auth-b8408-ogin-with-valid-credentials-mobile-chrome-retry1/error-context.md

    attachment #4: trace (application/zip) ─────────────────────────────────────────────────────────
    test-results/journeys-auth-journey-Auth-b8408-ogin-with-valid-credentials-mobile-chrome-retry1/trace.zip
    Usage:

        npx playwright show-trace test-results/journeys-auth-journey-Auth-b8408-ogin-with-valid-credentials-mobile-chrome-retry1/trace.zip

    ────────────────────────────────────────────────────────────────────────────────────────────────

  1494) [mobile-chrome] › e2e/journeys/auth-journey.spec.ts:58:9 › Authentication Journey › Login Flow › should show error for invalid login credentials 

    Error: page.goto: net::ERR_CONNECTION_REFUSED at http://localhost:4000/
    Call log:
      - navigating to "http://localhost:4000/", waiting until "load"


       at helpers/page-helpers.ts:13

      11 |
      12 |   async navigate(path: string) {
    > 13 |     await this.page.goto(path);
         |                     ^
      14 |     await this.page.waitForLoadState("networkidle");
      15 |   }
      16 |
        at BasePage.navigate (/home/tbaltzakis/cloudless.gr/e2e/helpers/page-helpers.ts:13:21)
        at /home/tbaltzakis/cloudless.gr/e2e/journeys/auth-journey.spec.ts:60:18

    attachment #1: screenshot (image/png) ──────────────────────────────────────────────────────────
    test-results/journeys-auth-journey-Auth-79d64-r-invalid-login-credentials-mobile-chrome/test-failed-1.png
    ────────────────────────────────────────────────────────────────────────────────────────────────

    attachment #2: video (video/webm) ──────────────────────────────────────────────────────────────
    test-results/journeys-auth-journey-Auth-79d64-r-invalid-login-credentials-mobile-chrome/video.webm
    ────────────────────────────────────────────────────────────────────────────────────────────────

    Error Context: test-results/journeys-auth-journey-Auth-79d64-r-invalid-login-credentials-mobile-chrome/error-context.md

    Retry #1 ───────────────────────────────────────────────────────────────────────────────────────

    Error: page.goto: net::ERR_CONNECTION_REFUSED at http://localhost:4000/
    Call log:
      - navigating to "http://localhost:4000/", waiting until "load"


       at helpers/page-helpers.ts:13

      11 |
      12 |   async navigate(path: string) {
    > 13 |     await this.page.goto(path);
         |                     ^
      14 |     await this.page.waitForLoadState("networkidle");
      15 |   }
      16 |
        at BasePage.navigate (/home/tbaltzakis/cloudless.gr/e2e/helpers/page-helpers.ts:13:21)
        at /home/tbaltzakis/cloudless.gr/e2e/journeys/auth-journey.spec.ts:60:18

    attachment #1: screenshot (image/png) ──────────────────────────────────────────────────────────
    test-results/journeys-auth-journey-Auth-79d64-r-invalid-login-credentials-mobile-chrome-retry1/test-failed-1.png
    ────────────────────────────────────────────────────────────────────────────────────────────────

    attachment #2: video (video/webm) ──────────────────────────────────────────────────────────────
    test-results/journeys-auth-journey-Auth-79d64-r-invalid-login-credentials-mobile-chrome-retry1/video.webm
    ────────────────────────────────────────────────────────────────────────────────────────────────

    Error Context: test-results/journeys-auth-journey-Auth-79d64-r-invalid-login-credentials-mobile-chrome-retry1/error-context.md

    attachment #4: trace (application/zip) ─────────────────────────────────────────────────────────
    test-results/journeys-auth-journey-Auth-79d64-r-invalid-login-credentials-mobile-chrome-retry1/trace.zip
    Usage:

        npx playwright show-trace test-results/journeys-auth-journey-Auth-79d64-r-invalid-login-credentials-mobile-chrome-retry1/trace.zip

    ────────────────────────────────────────────────────────────────────────────────────────────────

  1495) [mobile-chrome] › e2e/journeys/auth-journey.spec.ts:92:9 › Authentication Journey › Login Flow › should show validation errors for empty login fields 

    Error: page.goto: net::ERR_CONNECTION_REFUSED at http://localhost:4000/
    Call log:
      - navigating to "http://localhost:4000/", waiting until "load"


       at helpers/page-helpers.ts:13

      11 |
      12 |   async navigate(path: string) {
    > 13 |     await this.page.goto(path);
         |                     ^
      14 |     await this.page.waitForLoadState("networkidle");
      15 |   }
      16 |
        at BasePage.navigate (/home/tbaltzakis/cloudless.gr/e2e/helpers/page-helpers.ts:13:21)
        at /home/tbaltzakis/cloudless.gr/e2e/journeys/auth-journey.spec.ts:94:18

    attachment #1: screenshot (image/png) ──────────────────────────────────────────────────────────
    test-results/journeys-auth-journey-Auth-532c2-rors-for-empty-login-fields-mobile-chrome/test-failed-1.png
    ────────────────────────────────────────────────────────────────────────────────────────────────

    attachment #2: video (video/webm) ──────────────────────────────────────────────────────────────
    test-results/journeys-auth-journey-Auth-532c2-rors-for-empty-login-fields-mobile-chrome/video.webm
    ────────────────────────────────────────────────────────────────────────────────────────────────

    Error Context: test-results/journeys-auth-journey-Auth-532c2-rors-for-empty-login-fields-mobile-chrome/error-context.md

    Retry #1 ───────────────────────────────────────────────────────────────────────────────────────

    Error: page.goto: net::ERR_CONNECTION_REFUSED at http://localhost:4000/
    Call log:
      - navigating to "http://localhost:4000/", waiting until "load"


       at helpers/page-helpers.ts:13

      11 |
      12 |   async navigate(path: string) {
    > 13 |     await this.page.goto(path);
         |                     ^
      14 |     await this.page.waitForLoadState("networkidle");
      15 |   }
      16 |
        at BasePage.navigate (/home/tbaltzakis/cloudless.gr/e2e/helpers/page-helpers.ts:13:21)
        at /home/tbaltzakis/cloudless.gr/e2e/journeys/auth-journey.spec.ts:94:18

    attachment #1: screenshot (image/png) ──────────────────────────────────────────────────────────
    test-results/journeys-auth-journey-Auth-532c2-rors-for-empty-login-fields-mobile-chrome-retry1/test-failed-1.png
    ────────────────────────────────────────────────────────────────────────────────────────────────

    attachment #2: video (video/webm) ──────────────────────────────────────────────────────────────
    test-results/journeys-auth-journey-Auth-532c2-rors-for-empty-login-fields-mobile-chrome-retry1/video.webm
    ────────────────────────────────────────────────────────────────────────────────────────────────

    Error Context: test-results/journeys-auth-journey-Auth-532c2-rors-for-empty-login-fields-mobile-chrome-retry1/error-context.md

    attachment #4: trace (application/zip) ─────────────────────────────────────────────────────────
    test-results/journeys-auth-journey-Auth-532c2-rors-for-empty-login-fields-mobile-chrome-retry1/trace.zip
    Usage:

        npx playwright show-trace test-results/journeys-auth-journey-Auth-532c2-rors-for-empty-login-fields-mobile-chrome-retry1/trace.zip

    ────────────────────────────────────────────────────────────────────────────────────────────────

  1496) [mobile-chrome] › e2e/journeys/auth-journey.spec.ts:118:9 › Authentication Journey › Registration Flow › should allow user to register with valid information 

    Error: page.goto: net::ERR_CONNECTION_REFUSED at http://localhost:4000/
    Call log:
      - navigating to "http://localhost:4000/", waiting until "load"


       at helpers/page-helpers.ts:13

      11 |
      12 |   async navigate(path: string) {
    > 13 |     await this.page.goto(path);
         |                     ^
      14 |     await this.page.waitForLoadState("networkidle");
      15 |   }
      16 |
        at BasePage.navigate (/home/tbaltzakis/cloudless.gr/e2e/helpers/page-helpers.ts:13:21)
        at /home/tbaltzakis/cloudless.gr/e2e/journeys/auth-journey.spec.ts:120:18

    attachment #1: screenshot (image/png) ──────────────────────────────────────────────────────────
    test-results/journeys-auth-journey-Auth-4b215-ster-with-valid-information-mobile-chrome/test-failed-1.png
    ────────────────────────────────────────────────────────────────────────────────────────────────

    attachment #2: video (video/webm) ──────────────────────────────────────────────────────────────
    test-results/journeys-auth-journey-Auth-4b215-ster-with-valid-information-mobile-chrome/video.webm
    ────────────────────────────────────────────────────────────────────────────────────────────────

    Error Context: test-results/journeys-auth-journey-Auth-4b215-ster-with-valid-information-mobile-chrome/error-context.md

    Retry #1 ───────────────────────────────────────────────────────────────────────────────────────

    Error: page.goto: net::ERR_CONNECTION_REFUSED at http://localhost:4000/
    Call log:
      - navigating to "http://localhost:4000/", waiting until "load"


       at helpers/page-helpers.ts:13

      11 |
      12 |   async navigate(path: string) {
    > 13 |     await this.page.goto(path);
         |                     ^
      14 |     await this.page.waitForLoadState("networkidle");
      15 |   }
      16 |
        at BasePage.navigate (/home/tbaltzakis/cloudless.gr/e2e/helpers/page-helpers.ts:13:21)
        at /home/tbaltzakis/cloudless.gr/e2e/journeys/auth-journey.spec.ts:120:18

    attachment #1: screenshot (image/png) ──────────────────────────────────────────────────────────
    test-results/journeys-auth-journey-Auth-4b215-ster-with-valid-information-mobile-chrome-retry1/test-failed-1.png
    ────────────────────────────────────────────────────────────────────────────────────────────────

    attachment #2: video (video/webm) ──────────────────────────────────────────────────────────────
    test-results/journeys-auth-journey-Auth-4b215-ster-with-valid-information-mobile-chrome-retry1/video.webm
    ────────────────────────────────────────────────────────────────────────────────────────────────

    Error Context: test-results/journeys-auth-journey-Auth-4b215-ster-with-valid-information-mobile-chrome-retry1/error-context.md

    attachment #4: trace (application/zip) ─────────────────────────────────────────────────────────
    test-results/journeys-auth-journey-Auth-4b215-ster-with-valid-information-mobile-chrome-retry1/trace.zip
    Usage:

        npx playwright show-trace test-results/journeys-auth-journey-Auth-4b215-ster-with-valid-information-mobile-chrome-retry1/trace.zip

    ────────────────────────────────────────────────────────────────────────────────────────────────

  1497) [mobile-chrome] › e2e/journeys/auth-journey.spec.ts:162:9 › Authentication Journey › Registration Flow › should show error for duplicate email registration 

    Error: page.goto: net::ERR_CONNECTION_REFUSED at http://localhost:4000/
    Call log:
      - navigating to "http://localhost:4000/", waiting until "load"


       at helpers/page-helpers.ts:13

      11 |
      12 |   async navigate(path: string) {
    > 13 |     await this.page.goto(path);
         |                     ^
      14 |     await this.page.waitForLoadState("networkidle");
      15 |   }
      16 |
        at BasePage.navigate (/home/tbaltzakis/cloudless.gr/e2e/helpers/page-helpers.ts:13:21)
        at /home/tbaltzakis/cloudless.gr/e2e/journeys/auth-journey.spec.ts:164:18

    attachment #1: screenshot (image/png) ──────────────────────────────────────────────────────────
    test-results/journeys-auth-journey-Auth-cc215-uplicate-email-registration-mobile-chrome/test-failed-1.png
    ────────────────────────────────────────────────────────────────────────────────────────────────

    attachment #2: video (video/webm) ──────────────────────────────────────────────────────────────
    test-results/journeys-auth-journey-Auth-cc215-uplicate-email-registration-mobile-chrome/video.webm
    ────────────────────────────────────────────────────────────────────────────────────────────────

    Error Context: test-results/journeys-auth-journey-Auth-cc215-uplicate-email-registration-mobile-chrome/error-context.md

    Retry #1 ───────────────────────────────────────────────────────────────────────────────────────

    Error: page.goto: net::ERR_CONNECTION_REFUSED at http://localhost:4000/
    Call log:
      - navigating to "http://localhost:4000/", waiting until "load"


       at helpers/page-helpers.ts:13

      11 |
      12 |   async navigate(path: string) {
    > 13 |     await this.page.goto(path);
         |                     ^
      14 |     await this.page.waitForLoadState("networkidle");
      15 |   }
      16 |
        at BasePage.navigate (/home/tbaltzakis/cloudless.gr/e2e/helpers/page-helpers.ts:13:21)
        at /home/tbaltzakis/cloudless.gr/e2e/journeys/auth-journey.spec.ts:164:18

    attachment #1: screenshot (image/png) ──────────────────────────────────────────────────────────
    test-results/journeys-auth-journey-Auth-cc215-uplicate-email-registration-mobile-chrome-retry1/test-failed-1.png
    ────────────────────────────────────────────────────────────────────────────────────────────────

    attachment #2: video (video/webm) ──────────────────────────────────────────────────────────────
    test-results/journeys-auth-journey-Auth-cc215-uplicate-email-registration-mobile-chrome-retry1/video.webm
    ────────────────────────────────────────────────────────────────────────────────────────────────

    Error Context: test-results/journeys-auth-journey-Auth-cc215-uplicate-email-registration-mobile-chrome-retry1/error-context.md

    attachment #4: trace (application/zip) ─────────────────────────────────────────────────────────
    test-results/journeys-auth-journey-Auth-cc215-uplicate-email-registration-mobile-chrome-retry1/trace.zip
    Usage:

        npx playwright show-trace test-results/journeys-auth-journey-Auth-cc215-uplicate-email-registration-mobile-chrome-retry1/trace.zip

    ────────────────────────────────────────────────────────────────────────────────────────────────

  1498) [mobile-chrome] › e2e/journeys/auth-journey.spec.ts:202:9 › Authentication Journey › Registration Flow › should show validation errors for empty registration fields 

    Error: page.goto: net::ERR_CONNECTION_REFUSED at http://localhost:4000/
    Call log:
      - navigating to "http://localhost:4000/", waiting until "load"


       at helpers/page-helpers.ts:13

      11 |
      12 |   async navigate(path: string) {
    > 13 |     await this.page.goto(path);
         |                     ^
      14 |     await this.page.waitForLoadState("networkidle");
      15 |   }
      16 |
        at BasePage.navigate (/home/tbaltzakis/cloudless.gr/e2e/helpers/page-helpers.ts:13:21)
        at /home/tbaltzakis/cloudless.gr/e2e/journeys/auth-journey.spec.ts:204:18

    attachment #1: screenshot (image/png) ──────────────────────────────────────────────────────────
    test-results/journeys-auth-journey-Auth-cee50-r-empty-registration-fields-mobile-chrome/test-failed-1.png
    ────────────────────────────────────────────────────────────────────────────────────────────────

    attachment #2: video (video/webm) ──────────────────────────────────────────────────────────────
    test-results/journeys-auth-journey-Auth-cee50-r-empty-registration-fields-mobile-chrome/video.webm
    ────────────────────────────────────────────────────────────────────────────────────────────────

    Error Context: test-results/journeys-auth-journey-Auth-cee50-r-empty-registration-fields-mobile-chrome/error-context.md

    Retry #1 ───────────────────────────────────────────────────────────────────────────────────────

    Error: page.goto: net::ERR_CONNECTION_REFUSED at http://localhost:4000/
    Call log:
      - navigating to "http://localhost:4000/", waiting until "load"


       at helpers/page-helpers.ts:13

      11 |
      12 |   async navigate(path: string) {
    > 13 |     await this.page.goto(path);
         |                     ^
      14 |     await this.page.waitForLoadState("networkidle");
      15 |   }
      16 |
        at BasePage.navigate (/home/tbaltzakis/cloudless.gr/e2e/helpers/page-helpers.ts:13:21)
        at /home/tbaltzakis/cloudless.gr/e2e/journeys/auth-journey.spec.ts:204:18

    attachment #1: screenshot (image/png) ──────────────────────────────────────────────────────────
    test-results/journeys-auth-journey-Auth-cee50-r-empty-registration-fields-mobile-chrome-retry1/test-failed-1.png
    ────────────────────────────────────────────────────────────────────────────────────────────────

    attachment #2: video (video/webm) ──────────────────────────────────────────────────────────────
    test-results/journeys-auth-journey-Auth-cee50-r-empty-registration-fields-mobile-chrome-retry1/video.webm
    ────────────────────────────────────────────────────────────────────────────────────────────────

    Error Context: test-results/journeys-auth-journey-Auth-cee50-r-empty-registration-fields-mobile-chrome-retry1/error-context.md

    attachment #4: trace (application/zip) ─────────────────────────────────────────────────────────
    test-results/journeys-auth-journey-Auth-cee50-r-empty-registration-fields-mobile-chrome-retry1/trace.zip
    Usage:

        npx playwright show-trace test-results/journeys-auth-journey-Auth-cee50-r-empty-registration-fields-mobile-chrome-retry1/trace.zip

    ────────────────────────────────────────────────────────────────────────────────────────────────

  1499) [mobile-chrome] › e2e/journeys/auth-journey.spec.ts:230:9 › Authentication Journey › Registration Flow › should show validation error for password mismatch 

    Error: page.goto: net::ERR_CONNECTION_REFUSED at http://localhost:4000/
    Call log:
      - navigating to "http://localhost:4000/", waiting until "load"


       at helpers/page-helpers.ts:13

      11 |
      12 |   async navigate(path: string) {
    > 13 |     await this.page.goto(path);
         |                     ^
      14 |     await this.page.waitForLoadState("networkidle");
      15 |   }
      16 |
        at BasePage.navigate (/home/tbaltzakis/cloudless.gr/e2e/helpers/page-helpers.ts:13:21)
        at /home/tbaltzakis/cloudless.gr/e2e/journeys/auth-journey.spec.ts:232:18

    attachment #1: screenshot (image/png) ──────────────────────────────────────────────────────────
    test-results/journeys-auth-journey-Auth-f8530-error-for-password-mismatch-mobile-chrome/test-failed-1.png
    ────────────────────────────────────────────────────────────────────────────────────────────────

    attachment #2: video (video/webm) ──────────────────────────────────────────────────────────────
    test-results/journeys-auth-journey-Auth-f8530-error-for-password-mismatch-mobile-chrome/video.webm
    ────────────────────────────────────────────────────────────────────────────────────────────────

    Error Context: test-results/journeys-auth-journey-Auth-f8530-error-for-password-mismatch-mobile-chrome/error-context.md

    Retry #1 ───────────────────────────────────────────────────────────────────────────────────────

    Error: page.goto: net::ERR_CONNECTION_REFUSED at http://localhost:4000/
    Call log:
      - navigating to "http://localhost:4000/", waiting until "load"


       at helpers/page-helpers.ts:13

      11 |
      12 |   async navigate(path: string) {
    > 13 |     await this.page.goto(path);
         |                     ^
      14 |     await this.page.waitForLoadState("networkidle");
      15 |   }
      16 |
        at BasePage.navigate (/home/tbaltzakis/cloudless.gr/e2e/helpers/page-helpers.ts:13:21)
        at /home/tbaltzakis/cloudless.gr/e2e/journeys/auth-journey.spec.ts:232:18

    attachment #1: screenshot (image/png) ──────────────────────────────────────────────────────────
    test-results/journeys-auth-journey-Auth-f8530-error-for-password-mismatch-mobile-chrome-retry1/test-failed-1.png
    ────────────────────────────────────────────────────────────────────────────────────────────────

    attachment #2: video (video/webm) ──────────────────────────────────────────────────────────────
    test-results/journeys-auth-journey-Auth-f8530-error-for-password-mismatch-mobile-chrome-retry1/video.webm
    ────────────────────────────────────────────────────────────────────────────────────────────────

    Error Context: test-results/journeys-auth-journey-Auth-f8530-error-for-password-mismatch-mobile-chrome-retry1/error-context.md

    attachment #4: trace (application/zip) ─────────────────────────────────────────────────────────
    test-results/journeys-auth-journey-Auth-f8530-error-for-password-mismatch-mobile-chrome-retry1/trace.zip
    Usage:

        npx playwright show-trace test-results/journeys-auth-journey-Auth-f8530-error-for-password-mismatch-mobile-chrome-retry1/trace.zip

    ────────────────────────────────────────────────────────────────────────────────────────────────

  1500) [mobile-chrome] › e2e/journeys/auth-journey.spec.ts:272:9 › Authentication Journey › Password Reset Flow › should allow user to request password reset 

    Error: page.goto: net::ERR_CONNECTION_REFUSED at http://localhost:4000/
    Call log:
      - navigating to "http://localhost:4000/", waiting until "load"


       at helpers/page-helpers.ts:13

      11 |
      12 |   async navigate(path: string) {
    > 13 |     await this.page.goto(path);
         |                     ^
      14 |     await this.page.waitForLoadState("networkidle");
      15 |   }
      16 |
        at BasePage.navigate (/home/tbaltzakis/cloudless.gr/e2e/helpers/page-helpers.ts:13:21)
        at /home/tbaltzakis/cloudless.gr/e2e/journeys/auth-journey.spec.ts:274:18

    attachment #1: screenshot (image/png) ──────────────────────────────────────────────────────────
    test-results/journeys-auth-journey-Auth-fc557-r-to-request-password-reset-mobile-chrome/test-failed-1.png
    ────────────────────────────────────────────────────────────────────────────────────────────────

    attachment #2: video (video/webm) ──────────────────────────────────────────────────────────────
    test-results/journeys-auth-journey-Auth-fc557-r-to-request-password-reset-mobile-chrome/video.webm
    ────────────────────────────────────────────────────────────────────────────────────────────────

    Error Context: test-results/journeys-auth-journey-Auth-fc557-r-to-request-password-reset-mobile-chrome/error-context.md

    Retry #1 ───────────────────────────────────────────────────────────────────────────────────────

    Error: page.goto: net::ERR_CONNECTION_REFUSED at http://localhost:4000/
    Call log:
      - navigating to "http://localhost:4000/", waiting until "load"


       at helpers/page-helpers.ts:13

      11 |
      12 |   async navigate(path: string) {
    > 13 |     await this.page.goto(path);
         |                     ^
      14 |     await this.page.waitForLoadState("networkidle");
      15 |   }
      16 |
        at BasePage.navigate (/home/tbaltzakis/cloudless.gr/e2e/helpers/page-helpers.ts:13:21)
        at /home/tbaltzakis/cloudless.gr/e2e/journeys/auth-journey.spec.ts:274:18

    attachment #1: screenshot (image/png) ──────────────────────────────────────────────────────────
    test-results/journeys-auth-journey-Auth-fc557-r-to-request-password-reset-mobile-chrome-retry1/test-failed-1.png
    ────────────────────────────────────────────────────────────────────────────────────────────────

    attachment #2: video (video/webm) ──────────────────────────────────────────────────────────────
    test-results/journeys-auth-journey-Auth-fc557-r-to-request-password-reset-mobile-chrome-retry1/video.webm
    ────────────────────────────────────────────────────────────────────────────────────────────────

    Error Context: test-results/journeys-auth-journey-Auth-fc557-r-to-request-password-reset-mobile-chrome-retry1/error-context.md

    attachment #4: trace (application/zip) ─────────────────────────────────────────────────────────
    test-results/journeys-auth-journey-Auth-fc557-r-to-request-password-reset-mobile-chrome-retry1/trace.zip
    Usage:

        npx playwright show-trace test-results/journeys-auth-journey-Auth-fc557-r-to-request-password-reset-mobile-chrome-retry1/trace.zip

    ────────────────────────────────────────────────────────────────────────────────────────────────

  1501) [mobile-chrome] › e2e/journeys/auth-journey.spec.ts:310:9 › Authentication Journey › Password Reset Flow › should show error for non-existent email in password reset 

    Error: page.goto: net::ERR_CONNECTION_REFUSED at http://localhost:4000/
    Call log:
      - navigating to "http://localhost:4000/", waiting until "load"


       at helpers/page-helpers.ts:13

      11 |
      12 |   async navigate(path: string) {
    > 13 |     await this.page.goto(path);
         |                     ^
      14 |     await this.page.waitForLoadState("networkidle");
      15 |   }
      16 |
        at BasePage.navigate (/home/tbaltzakis/cloudless.gr/e2e/helpers/page-helpers.ts:13:21)
        at /home/tbaltzakis/cloudless.gr/e2e/journeys/auth-journey.spec.ts:312:18

    attachment #1: screenshot (image/png) ──────────────────────────────────────────────────────────
    test-results/journeys-auth-journey-Auth-7e29f-ent-email-in-password-reset-mobile-chrome/test-failed-1.png
    ────────────────────────────────────────────────────────────────────────────────────────────────

    attachment #2: video (video/webm) ──────────────────────────────────────────────────────────────
    test-results/journeys-auth-journey-Auth-7e29f-ent-email-in-password-reset-mobile-chrome/video.webm
    ────────────────────────────────────────────────────────────────────────────────────────────────

    Error Context: test-results/journeys-auth-journey-Auth-7e29f-ent-email-in-password-reset-mobile-chrome/error-context.md

    Retry #1 ───────────────────────────────────────────────────────────────────────────────────────

    Error: page.goto: net::ERR_CONNECTION_REFUSED at http://localhost:4000/
    Call log:
      - navigating to "http://localhost:4000/", waiting until "load"


       at helpers/page-helpers.ts:13

      11 |
      12 |   async navigate(path: string) {
    > 13 |     await this.page.goto(path);
         |                     ^
      14 |     await this.page.waitForLoadState("networkidle");
      15 |   }
      16 |
        at BasePage.navigate (/home/tbaltzakis/cloudless.gr/e2e/helpers/page-helpers.ts:13:21)
        at /home/tbaltzakis/cloudless.gr/e2e/journeys/auth-journey.spec.ts:312:18

    attachment #1: screenshot (image/png) ──────────────────────────────────────────────────────────
    test-results/journeys-auth-journey-Auth-7e29f-ent-email-in-password-reset-mobile-chrome-retry1/test-failed-1.png
    ────────────────────────────────────────────────────────────────────────────────────────────────

    attachment #2: video (video/webm) ──────────────────────────────────────────────────────────────
    test-results/journeys-auth-journey-Auth-7e29f-ent-email-in-password-reset-mobile-chrome-retry1/video.webm
    ────────────────────────────────────────────────────────────────────────────────────────────────

    Error Context: test-results/journeys-auth-journey-Auth-7e29f-ent-email-in-password-reset-mobile-chrome-retry1/error-context.md

    attachment #4: trace (application/zip) ─────────────────────────────────────────────────────────
    test-results/journeys-auth-journey-Auth-7e29f-ent-email-in-password-reset-mobile-chrome-retry1/trace.zip
    Usage:

        npx playwright show-trace test-results/journeys-auth-journey-Auth-7e29f-ent-email-in-password-reset-mobile-chrome-retry1/trace.zip

    ────────────────────────────────────────────────────────────────────────────────────────────────

  1502) [mobile-chrome] › e2e/journeys/auth-journey.spec.ts:348:9 › Authentication Journey › Logout Flow › should allow user to logout successfully 

    Error: page.goto: net::ERR_CONNECTION_REFUSED at http://localhost:4000/auth/login
    Call log:
      - navigating to "http://localhost:4000/auth/login", waiting until "load"


       at helpers/page-helpers.ts:77

      75 |
      76 |     // Fallback: UI-based login
    > 77 |     await this.page.goto("/auth/login");
         |                     ^
      78 |     await this.page.waitForSelector("form", { timeout: 5_000 });
      79 |     
      80 |     const emailInput = this.page.locator('input[name="email"], input[name="username"], input[type="email"]').first();
        at AuthenticatedPage.loginViaApi (/home/tbaltzakis/cloudless.gr/e2e/helpers/page-helpers.ts:77:21)
        at /home/tbaltzakis/cloudless.gr/e2e/journeys/auth-journey.spec.ts:350:7

    attachment #1: screenshot (image/png) ──────────────────────────────────────────────────────────
    test-results/journeys-auth-journey-Auth-fa0db-user-to-logout-successfully-mobile-chrome/test-failed-1.png
    ────────────────────────────────────────────────────────────────────────────────────────────────

    attachment #2: video (video/webm) ──────────────────────────────────────────────────────────────
    test-results/journeys-auth-journey-Auth-fa0db-user-to-logout-successfully-mobile-chrome/video.webm
    ────────────────────────────────────────────────────────────────────────────────────────────────

    Error Context: test-results/journeys-auth-journey-Auth-fa0db-user-to-logout-successfully-mobile-chrome/error-context.md

    Retry #1 ───────────────────────────────────────────────────────────────────────────────────────

    Error: page.goto: net::ERR_CONNECTION_REFUSED at http://localhost:4000/auth/login
    Call log:
      - navigating to "http://localhost:4000/auth/login", waiting until "load"


       at helpers/page-helpers.ts:77

      75 |
      76 |     // Fallback: UI-based login
    > 77 |     await this.page.goto("/auth/login");
         |                     ^
      78 |     await this.page.waitForSelector("form", { timeout: 5_000 });
      79 |     
      80 |     const emailInput = this.page.locator('input[name="email"], input[name="username"], input[type="email"]').first();
        at AuthenticatedPage.loginViaApi (/home/tbaltzakis/cloudless.gr/e2e/helpers/page-helpers.ts:77:21)
        at /home/tbaltzakis/cloudless.gr/e2e/journeys/auth-journey.spec.ts:350:7

    attachment #1: screenshot (image/png) ──────────────────────────────────────────────────────────
    test-results/journeys-auth-journey-Auth-fa0db-user-to-logout-successfully-mobile-chrome-retry1/test-failed-1.png
    ────────────────────────────────────────────────────────────────────────────────────────────────

    attachment #2: video (video/webm) ──────────────────────────────────────────────────────────────
    test-results/journeys-auth-journey-Auth-fa0db-user-to-logout-successfully-mobile-chrome-retry1/video.webm
    ────────────────────────────────────────────────────────────────────────────────────────────────

    Error Context: test-results/journeys-auth-journey-Auth-fa0db-user-to-logout-successfully-mobile-chrome-retry1/error-context.md

    attachment #4: trace (application/zip) ─────────────────────────────────────────────────────────
    test-results/journeys-auth-journey-Auth-fa0db-user-to-logout-successfully-mobile-chrome-retry1/trace.zip
    Usage:

        npx playwright show-trace test-results/journeys-auth-journey-Auth-fa0db-user-to-logout-successfully-mobile-chrome-retry1/trace.zip

    ────────────────────────────────────────────────────────────────────────────────────────────────

  1503) [mobile-chrome] › e2e/journeys/auth-journey.spec.ts:378:9 › Authentication Journey › Session Persistence › should maintain session across page reloads 

    Error: page.goto: net::ERR_CONNECTION_REFUSED at http://localhost:4000/auth/login
    Call log:
      - navigating to "http://localhost:4000/auth/login", waiting until "load"


       at helpers/page-helpers.ts:77

      75 |
      76 |     // Fallback: UI-based login
    > 77 |     await this.page.goto("/auth/login");
         |                     ^
      78 |     await this.page.waitForSelector("form", { timeout: 5_000 });
      79 |     
      80 |     const emailInput = this.page.locator('input[name="email"], input[name="username"], input[type="email"]').first();
        at AuthenticatedPage.loginViaApi (/home/tbaltzakis/cloudless.gr/e2e/helpers/page-helpers.ts:77:21)
        at /home/tbaltzakis/cloudless.gr/e2e/journeys/auth-journey.spec.ts:380:7

    attachment #1: screenshot (image/png) ──────────────────────────────────────────────────────────
    test-results/journeys-auth-journey-Auth-045c8-session-across-page-reloads-mobile-chrome/test-failed-1.png
    ────────────────────────────────────────────────────────────────────────────────────────────────

    attachment #2: video (video/webm) ──────────────────────────────────────────────────────────────
    test-results/journeys-auth-journey-Auth-045c8-session-across-page-reloads-mobile-chrome/video.webm
    ────────────────────────────────────────────────────────────────────────────────────────────────

    Error Context: test-results/journeys-auth-journey-Auth-045c8-session-across-page-reloads-mobile-chrome/error-context.md

    Retry #1 ───────────────────────────────────────────────────────────────────────────────────────

    Error: page.goto: net::ERR_CONNECTION_REFUSED at http://localhost:4000/auth/login
    Call log:
      - navigating to "http://localhost:4000/auth/login", waiting until "load"


       at helpers/page-helpers.ts:77

      75 |
      76 |     // Fallback: UI-based login
    > 77 |     await this.page.goto("/auth/login");
         |                     ^
      78 |     await this.page.waitForSelector("form", { timeout: 5_000 });
      79 |     
      80 |     const emailInput = this.page.locator('input[name="email"], input[name="username"], input[type="email"]').first();
        at AuthenticatedPage.loginViaApi (/home/tbaltzakis/cloudless.gr/e2e/helpers/page-helpers.ts:77:21)
        at /home/tbaltzakis/cloudless.gr/e2e/journeys/auth-journey.spec.ts:380:7

    attachment #1: screenshot (image/png) ──────────────────────────────────────────────────────────
    test-results/journeys-auth-journey-Auth-045c8-session-across-page-reloads-mobile-chrome-retry1/test-failed-1.png
    ────────────────────────────────────────────────────────────────────────────────────────────────

    attachment #2: video (video/webm) ──────────────────────────────────────────────────────────────
    test-results/journeys-auth-journey-Auth-045c8-session-across-page-reloads-mobile-chrome-retry1/video.webm
    ────────────────────────────────────────────────────────────────────────────────────────────────

    Error Context: test-results/journeys-auth-journey-Auth-045c8-session-across-page-reloads-mobile-chrome-retry1/error-context.md

    attachment #4: trace (application/zip) ─────────────────────────────────────────────────────────
    test-results/journeys-auth-journey-Auth-045c8-session-across-page-reloads-mobile-chrome-retry1/trace.zip
    Usage:

        npx playwright show-trace test-results/journeys-auth-journey-Auth-045c8-session-across-page-reloads-mobile-chrome-retry1/trace.zip

    ────────────────────────────────────────────────────────────────────────────────────────────────

  1504) [mobile-chrome] › e2e/journeys/auth-journey.spec.ts:395:9 › Authentication Journey › Session Persistence › should maintain session across navigation 

    Error: page.goto: net::ERR_CONNECTION_REFUSED at http://localhost:4000/auth/login
    Call log:
      - navigating to "http://localhost:4000/auth/login", waiting until "load"


       at helpers/page-helpers.ts:77

      75 |
      76 |     // Fallback: UI-based login
    > 77 |     await this.page.goto("/auth/login");
         |                     ^
      78 |     await this.page.waitForSelector("form", { timeout: 5_000 });
      79 |     
      80 |     const emailInput = this.page.locator('input[name="email"], input[name="username"], input[type="email"]').first();
        at AuthenticatedPage.loginViaApi (/home/tbaltzakis/cloudless.gr/e2e/helpers/page-helpers.ts:77:21)
        at /home/tbaltzakis/cloudless.gr/e2e/journeys/auth-journey.spec.ts:397:7

    attachment #1: screenshot (image/png) ──────────────────────────────────────────────────────────
    test-results/journeys-auth-journey-Auth-86697-n-session-across-navigation-mobile-chrome/test-failed-1.png
    ────────────────────────────────────────────────────────────────────────────────────────────────

    attachment #2: video (video/webm) ──────────────────────────────────────────────────────────────
    test-results/journeys-auth-journey-Auth-86697-n-session-across-navigation-mobile-chrome/video.webm
    ────────────────────────────────────────────────────────────────────────────────────────────────

    Error Context: test-results/journeys-auth-journey-Auth-86697-n-session-across-navigation-mobile-chrome/error-context.md

    Retry #1 ───────────────────────────────────────────────────────────────────────────────────────

    Error: page.goto: net::ERR_CONNECTION_REFUSED at http://localhost:4000/auth/login
    Call log:
      - navigating to "http://localhost:4000/auth/login", waiting until "load"


       at helpers/page-helpers.ts:77

      75 |
      76 |     // Fallback: UI-based login
    > 77 |     await this.page.goto("/auth/login");
         |                     ^
      78 |     await this.page.waitForSelector("form", { timeout: 5_000 });
      79 |     
      80 |     const emailInput = this.page.locator('input[name="email"], input[name="username"], input[type="email"]').first();
        at AuthenticatedPage.loginViaApi (/home/tbaltzakis/cloudless.gr/e2e/helpers/page-helpers.ts:77:21)
        at /home/tbaltzakis/cloudless.gr/e2e/journeys/auth-journey.spec.ts:397:7

    attachment #1: screenshot (image/png) ──────────────────────────────────────────────────────────
    test-results/journeys-auth-journey-Auth-86697-n-session-across-navigation-mobile-chrome-retry1/test-failed-1.png
    ────────────────────────────────────────────────────────────────────────────────────────────────

    attachment #2: video (video/webm) ──────────────────────────────────────────────────────────────
    test-results/journeys-auth-journey-Auth-86697-n-session-across-navigation-mobile-chrome-retry1/video.webm
    ────────────────────────────────────────────────────────────────────────────────────────────────

    Error Context: test-results/journeys-auth-journey-Auth-86697-n-session-across-navigation-mobile-chrome-retry1/error-context.md

    attachment #4: trace (application/zip) ─────────────────────────────────────────────────────────
    test-results/journeys-auth-journey-Auth-86697-n-session-across-navigation-mobile-chrome-retry1/trace.zip
    Usage:

        npx playwright show-trace test-results/journeys-auth-journey-Auth-86697-n-session-across-navigation-mobile-chrome-retry1/trace.zip

    ────────────────────────────────────────────────────────────────────────────────────────────────

  1505) [mobile-chrome] › e2e/journeys/auth-journey.spec.ts:424:9 › Authentication Journey › Responsive Design › should work correctly on mobile 

    Error: page.goto: net::ERR_CONNECTION_REFUSED at http://localhost:4000/
    Call log:
      - navigating to "http://localhost:4000/", waiting until "load"


       at helpers/page-helpers.ts:13

      11 |
      12 |   async navigate(path: string) {
    > 13 |     await this.page.goto(path);
         |                     ^
      14 |     await this.page.waitForLoadState("networkidle");
      15 |   }
      16 |
        at BasePage.navigate (/home/tbaltzakis/cloudless.gr/e2e/helpers/page-helpers.ts:13:21)
        at /home/tbaltzakis/cloudless.gr/e2e/journeys/auth-journey.spec.ts:428:18

    attachment #1: screenshot (image/png) ──────────────────────────────────────────────────────────
    test-results/journeys-auth-journey-Auth-2bdae-ld-work-correctly-on-mobile-mobile-chrome/test-failed-1.png
    ────────────────────────────────────────────────────────────────────────────────────────────────

    attachment #2: video (video/webm) ──────────────────────────────────────────────────────────────
    test-results/journeys-auth-journey-Auth-2bdae-ld-work-correctly-on-mobile-mobile-chrome/video.webm
    ────────────────────────────────────────────────────────────────────────────────────────────────

    Error Context: test-results/journeys-auth-journey-Auth-2bdae-ld-work-correctly-on-mobile-mobile-chrome/error-context.md

    Retry #1 ───────────────────────────────────────────────────────────────────────────────────────

    Error: page.goto: net::ERR_CONNECTION_REFUSED at http://localhost:4000/
    Call log:
      - navigating to "http://localhost:4000/", waiting until "load"


       at helpers/page-helpers.ts:13

      11 |
      12 |   async navigate(path: string) {
    > 13 |     await this.page.goto(path);
         |                     ^
      14 |     await this.page.waitForLoadState("networkidle");
      15 |   }
      16 |
        at BasePage.navigate (/home/tbaltzakis/cloudless.gr/e2e/helpers/page-helpers.ts:13:21)
        at /home/tbaltzakis/cloudless.gr/e2e/journeys/auth-journey.spec.ts:428:18

    attachment #1: screenshot (image/png) ──────────────────────────────────────────────────────────
    test-results/journeys-auth-journey-Auth-2bdae-ld-work-correctly-on-mobile-mobile-chrome-retry1/test-failed-1.png
    ────────────────────────────────────────────────────────────────────────────────────────────────

    attachment #2: video (video/webm) ──────────────────────────────────────────────────────────────
    test-results/journeys-auth-journey-Auth-2bdae-ld-work-correctly-on-mobile-mobile-chrome-retry1/video.webm
    ────────────────────────────────────────────────────────────────────────────────────────────────

    Error Context: test-results/journeys-auth-journey-Auth-2bdae-ld-work-correctly-on-mobile-mobile-chrome-retry1/error-context.md

    attachment #4: trace (application/zip) ─────────────────────────────────────────────────────────
    test-results/journeys-auth-journey-Auth-2bdae-ld-work-correctly-on-mobile-mobile-chrome-retry1/trace.zip
    Usage:

        npx playwright show-trace test-results/journeys-auth-journey-Auth-2bdae-ld-work-correctly-on-mobile-mobile-chrome-retry1/trace.zip

    ────────────────────────────────────────────────────────────────────────────────────────────────

  1506) [mobile-chrome] › e2e/journeys/auth-journey.spec.ts:460:9 › Authentication Journey › Responsive Design › should work correctly on tablet 

    Error: page.goto: net::ERR_CONNECTION_REFUSED at http://localhost:4000/
    Call log:
      - navigating to "http://localhost:4000/", waiting until "load"


       at helpers/page-helpers.ts:13

      11 |
      12 |   async navigate(path: string) {
    > 13 |     await this.page.goto(path);
         |                     ^
      14 |     await this.page.waitForLoadState("networkidle");
      15 |   }
      16 |
        at BasePage.navigate (/home/tbaltzakis/cloudless.gr/e2e/helpers/page-helpers.ts:13:21)
        at /home/tbaltzakis/cloudless.gr/e2e/journeys/auth-journey.spec.ts:464:18

    attachment #1: screenshot (image/png) ──────────────────────────────────────────────────────────
    test-results/journeys-auth-journey-Auth-a7d4e-ld-work-correctly-on-tablet-mobile-chrome/test-failed-1.png
    ────────────────────────────────────────────────────────────────────────────────────────────────

    attachment #2: video (video/webm) ──────────────────────────────────────────────────────────────
    test-results/journeys-auth-journey-Auth-a7d4e-ld-work-correctly-on-tablet-mobile-chrome/video.webm
    ────────────────────────────────────────────────────────────────────────────────────────────────

    Error Context: test-results/journeys-auth-journey-Auth-a7d4e-ld-work-correctly-on-tablet-mobile-chrome/error-context.md

    Retry #1 ───────────────────────────────────────────────────────────────────────────────────────

    Error: page.goto: net::ERR_CONNECTION_REFUSED at http://localhost:4000/
    Call log:
      - navigating to "http://localhost:4000/", waiting until "load"


       at helpers/page-helpers.ts:13

      11 |
      12 |   async navigate(path: string) {
    > 13 |     await this.page.goto(path);
         |                     ^
      14 |     await this.page.waitForLoadState("networkidle");
      15 |   }
      16 |
        at BasePage.navigate (/home/tbaltzakis/cloudless.gr/e2e/helpers/page-helpers.ts:13:21)
        at /home/tbaltzakis/cloudless.gr/e2e/journeys/auth-journey.spec.ts:464:18

    attachment #1: screenshot (image/png) ──────────────────────────────────────────────────────────
    test-results/journeys-auth-journey-Auth-a7d4e-ld-work-correctly-on-tablet-mobile-chrome-retry1/test-failed-1.png
    ────────────────────────────────────────────────────────────────────────────────────────────────

    attachment #2: video (video/webm) ──────────────────────────────────────────────────────────────
    test-results/journeys-auth-journey-Auth-a7d4e-ld-work-correctly-on-tablet-mobile-chrome-retry1/video.webm
    ────────────────────────────────────────────────────────────────────────────────────────────────

    Error Context: test-results/journeys-auth-journey-Auth-a7d4e-ld-work-correctly-on-tablet-mobile-chrome-retry1/error-context.md

    attachment #4: trace (application/zip) ─────────────────────────────────────────────────────────
    test-results/journeys-auth-journey-Auth-a7d4e-ld-work-correctly-on-tablet-mobile-chrome-retry1/trace.zip
    Usage:

        npx playwright show-trace test-results/journeys-auth-journey-Auth-a7d4e-ld-work-correctly-on-tablet-mobile-chrome-retry1/trace.zip

    ────────────────────────────────────────────────────────────────────────────────────────────────

  1507) [mobile-chrome] › e2e/journeys/auth-journey.spec.ts:496:9 › Authentication Journey › Responsive Design › should work correctly on desktop 

    Error: page.goto: net::ERR_CONNECTION_REFUSED at http://localhost:4000/
    Call log:
      - navigating to "http://localhost:4000/", waiting until "load"


       at helpers/page-helpers.ts:13

      11 |
      12 |   async navigate(path: string) {
    > 13 |     await this.page.goto(path);
         |                     ^
      14 |     await this.page.waitForLoadState("networkidle");
      15 |   }
      16 |
        at BasePage.navigate (/home/tbaltzakis/cloudless.gr/e2e/helpers/page-helpers.ts:13:21)
        at /home/tbaltzakis/cloudless.gr/e2e/journeys/auth-journey.spec.ts:500:18

    attachment #1: screenshot (image/png) ──────────────────────────────────────────────────────────
    test-results/journeys-auth-journey-Auth-847b3-d-work-correctly-on-desktop-mobile-chrome/test-failed-1.png
    ────────────────────────────────────────────────────────────────────────────────────────────────

    attachment #2: video (video/webm) ──────────────────────────────────────────────────────────────
    test-results/journeys-auth-journey-Auth-847b3-d-work-correctly-on-desktop-mobile-chrome/video.webm
    ────────────────────────────────────────────────────────────────────────────────────────────────

    Error Context: test-results/journeys-auth-journey-Auth-847b3-d-work-correctly-on-desktop-mobile-chrome/error-context.md

    Retry #1 ───────────────────────────────────────────────────────────────────────────────────────

    Error: page.goto: net::ERR_CONNECTION_REFUSED at http://localhost:4000/
    Call log:
      - navigating to "http://localhost:4000/", waiting until "load"


       at helpers/page-helpers.ts:13

      11 |
      12 |   async navigate(path: string) {
    > 13 |     await this.page.goto(path);
         |                     ^
      14 |     await this.page.waitForLoadState("networkidle");
      15 |   }
      16 |
        at BasePage.navigate (/home/tbaltzakis/cloudless.gr/e2e/helpers/page-helpers.ts:13:21)
        at /home/tbaltzakis/cloudless.gr/e2e/journeys/auth-journey.spec.ts:500:18

    attachment #1: screenshot (image/png) ──────────────────────────────────────────────────────────
    test-results/journeys-auth-journey-Auth-847b3-d-work-correctly-on-desktop-mobile-chrome-retry1/test-failed-1.png
    ────────────────────────────────────────────────────────────────────────────────────────────────

    attachment #2: video (video/webm) ──────────────────────────────────────────────────────────────
    test-results/journeys-auth-journey-Auth-847b3-d-work-correctly-on-desktop-mobile-chrome-retry1/video.webm
    ────────────────────────────────────────────────────────────────────────────────────────────────

    Error Context: test-results/journeys-auth-journey-Auth-847b3-d-work-correctly-on-desktop-mobile-chrome-retry1/error-context.md

    attachment #4: trace (application/zip) ─────────────────────────────────────────────────────────
    test-results/journeys-auth-journey-Auth-847b3-d-work-correctly-on-desktop-mobile-chrome-retry1/trace.zip
    Usage:

        npx playwright show-trace test-results/journeys-auth-journey-Auth-847b3-d-work-correctly-on-desktop-mobile-chrome-retry1/trace.zip

    ────────────────────────────────────────────────────────────────────────────────────────────────

  1508) [mobile-chrome] › e2e/journeys/auth-journey.spec.ts:534:9 › Authentication Journey › Accessibility › should have accessible login form 

    Error: page.goto: net::ERR_CONNECTION_REFUSED at http://localhost:4000/
    Call log:
      - navigating to "http://localhost:4000/", waiting until "load"


       at helpers/page-helpers.ts:13

      11 |
      12 |   async navigate(path: string) {
    > 13 |     await this.page.goto(path);
         |                     ^
      14 |     await this.page.waitForLoadState("networkidle");
      15 |   }
      16 |
        at BasePage.navigate (/home/tbaltzakis/cloudless.gr/e2e/helpers/page-helpers.ts:13:21)
        at /home/tbaltzakis/cloudless.gr/e2e/journeys/auth-journey.spec.ts:536:18

    attachment #1: screenshot (image/png) ──────────────────────────────────────────────────────────
    test-results/journeys-auth-journey-Auth-0a102--have-accessible-login-form-mobile-chrome/test-failed-1.png
    ────────────────────────────────────────────────────────────────────────────────────────────────

    attachment #2: video (video/webm) ──────────────────────────────────────────────────────────────
    test-results/journeys-auth-journey-Auth-0a102--have-accessible-login-form-mobile-chrome/video.webm
    ────────────────────────────────────────────────────────────────────────────────────────────────

    Error Context: test-results/journeys-auth-journey-Auth-0a102--have-accessible-login-form-mobile-chrome/error-context.md

    Retry #1 ───────────────────────────────────────────────────────────────────────────────────────

    Error: page.goto: net::ERR_CONNECTION_REFUSED at http://localhost:4000/
    Call log:
      - navigating to "http://localhost:4000/", waiting until "load"


       at helpers/page-helpers.ts:13

      11 |
      12 |   async navigate(path: string) {
    > 13 |     await this.page.goto(path);
         |                     ^
      14 |     await this.page.waitForLoadState("networkidle");
      15 |   }
      16 |
        at BasePage.navigate (/home/tbaltzakis/cloudless.gr/e2e/helpers/page-helpers.ts:13:21)
        at /home/tbaltzakis/cloudless.gr/e2e/journeys/auth-journey.spec.ts:536:18

    attachment #1: screenshot (image/png) ──────────────────────────────────────────────────────────
    test-results/journeys-auth-journey-Auth-0a102--have-accessible-login-form-mobile-chrome-retry1/test-failed-1.png
    ────────────────────────────────────────────────────────────────────────────────────────────────

    attachment #2: video (video/webm) ──────────────────────────────────────────────────────────────
    test-results/journeys-auth-journey-Auth-0a102--have-accessible-login-form-mobile-chrome-retry1/video.webm
    ────────────────────────────────────────────────────────────────────────────────────────────────

    Error Context: test-results/journeys-auth-journey-Auth-0a102--have-accessible-login-form-mobile-chrome-retry1/error-context.md

    attachment #4: trace (application/zip) ─────────────────────────────────────────────────────────
    test-results/journeys-auth-journey-Auth-0a102--have-accessible-login-form-mobile-chrome-retry1/trace.zip
    Usage:

        npx playwright show-trace test-results/journeys-auth-journey-Auth-0a102--have-accessible-login-form-mobile-chrome-retry1/trace.zip

    ────────────────────────────────────────────────────────────────────────────────────────────────

  1509) [mobile-chrome] › e2e/journeys/auth-journey.spec.ts:580:9 › Authentication Journey › Accessibility › should have accessible registration form 

    Error: page.goto: net::ERR_CONNECTION_REFUSED at http://localhost:4000/
    Call log:
      - navigating to "http://localhost:4000/", waiting until "load"


       at helpers/page-helpers.ts:13

      11 |
      12 |   async navigate(path: string) {
    > 13 |     await this.page.goto(path);
         |                     ^
      14 |     await this.page.waitForLoadState("networkidle");
      15 |   }
      16 |
        at BasePage.navigate (/home/tbaltzakis/cloudless.gr/e2e/helpers/page-helpers.ts:13:21)
        at /home/tbaltzakis/cloudless.gr/e2e/journeys/auth-journey.spec.ts:582:18

    attachment #1: screenshot (image/png) ──────────────────────────────────────────────────────────
    test-results/journeys-auth-journey-Auth-819c1-ccessible-registration-form-mobile-chrome/test-failed-1.png
    ────────────────────────────────────────────────────────────────────────────────────────────────

    attachment #2: video (video/webm) ──────────────────────────────────────────────────────────────
    test-results/journeys-auth-journey-Auth-819c1-ccessible-registration-form-mobile-chrome/video.webm
    ────────────────────────────────────────────────────────────────────────────────────────────────

    Error Context: test-results/journeys-auth-journey-Auth-819c1-ccessible-registration-form-mobile-chrome/error-context.md

    Retry #1 ───────────────────────────────────────────────────────────────────────────────────────

    Error: page.goto: net::ERR_CONNECTION_REFUSED at http://localhost:4000/
    Call log:
      - navigating to "http://localhost:4000/", waiting until "load"


       at helpers/page-helpers.ts:13

      11 |
      12 |   async navigate(path: string) {
    > 13 |     await this.page.goto(path);
         |                     ^
      14 |     await this.page.waitForLoadState("networkidle");
      15 |   }
      16 |
        at BasePage.navigate (/home/tbaltzakis/cloudless.gr/e2e/helpers/page-helpers.ts:13:21)
        at /home/tbaltzakis/cloudless.gr/e2e/journeys/auth-journey.spec.ts:582:18

    attachment #1: screenshot (image/png) ──────────────────────────────────────────────────────────
    test-results/journeys-auth-journey-Auth-819c1-ccessible-registration-form-mobile-chrome-retry1/test-failed-1.png
    ────────────────────────────────────────────────────────────────────────────────────────────────

    attachment #2: video (video/webm) ──────────────────────────────────────────────────────────────
    test-results/journeys-auth-journey-Auth-819c1-ccessible-registration-form-mobile-chrome-retry1/video.webm
    ────────────────────────────────────────────────────────────────────────────────────────────────

    Error Context: test-results/journeys-auth-journey-Auth-819c1-ccessible-registration-form-mobile-chrome-retry1/error-context.md

    attachment #4: trace (application/zip) ─────────────────────────────────────────────────────────
    test-results/journeys-auth-journey-Auth-819c1-ccessible-registration-form-mobile-chrome-retry1/trace.zip
    Usage:

        npx playwright show-trace test-results/journeys-auth-journey-Auth-819c1-ccessible-registration-form-mobile-chrome-retry1/trace.zip

    ────────────────────────────────────────────────────────────────────────────────────────────────

  1510) [mobile-chrome] › e2e/journeys/auth-journey.spec.ts:648:9 › Authentication Journey › Performance › should load login page within reasonable time 

    Error: page.goto: net::ERR_CONNECTION_REFUSED at http://localhost:4000/
    Call log:
      - navigating to "http://localhost:4000/", waiting until "load"


       at helpers/page-helpers.ts:13

      11 |
      12 |   async navigate(path: string) {
    > 13 |     await this.page.goto(path);
         |                     ^
      14 |     await this.page.waitForLoadState("networkidle");
      15 |   }
      16 |
        at BasePage.navigate (/home/tbaltzakis/cloudless.gr/e2e/helpers/page-helpers.ts:13:21)
        at /home/tbaltzakis/cloudless.gr/e2e/journeys/auth-journey.spec.ts:650:18

    attachment #1: screenshot (image/png) ──────────────────────────────────────────────────────────
    test-results/journeys-auth-journey-Auth-f334d-page-within-reasonable-time-mobile-chrome/test-failed-1.png
    ────────────────────────────────────────────────────────────────────────────────────────────────

    attachment #2: video (video/webm) ──────────────────────────────────────────────────────────────
    test-results/journeys-auth-journey-Auth-f334d-page-within-reasonable-time-mobile-chrome/video.webm
    ────────────────────────────────────────────────────────────────────────────────────────────────

    Error Context: test-results/journeys-auth-journey-Auth-f334d-page-within-reasonable-time-mobile-chrome/error-context.md

    Retry #1 ───────────────────────────────────────────────────────────────────────────────────────

    Error: page.goto: net::ERR_CONNECTION_REFUSED at http://localhost:4000/
    Call log:
      - navigating to "http://localhost:4000/", waiting until "load"


       at helpers/page-helpers.ts:13

      11 |
      12 |   async navigate(path: string) {
    > 13 |     await this.page.goto(path);
         |                     ^
      14 |     await this.page.waitForLoadState("networkidle");
      15 |   }
      16 |
        at BasePage.navigate (/home/tbaltzakis/cloudless.gr/e2e/helpers/page-helpers.ts:13:21)
        at /home/tbaltzakis/cloudless.gr/e2e/journeys/auth-journey.spec.ts:650:18

    attachment #1: screenshot (image/png) ──────────────────────────────────────────────────────────
    test-results/journeys-auth-journey-Auth-f334d-page-within-reasonable-time-mobile-chrome-retry1/test-failed-1.png
    ────────────────────────────────────────────────────────────────────────────────────────────────

    attachment #2: video (video/webm) ──────────────────────────────────────────────────────────────
    test-results/journeys-auth-journey-Auth-f334d-page-within-reasonable-time-mobile-chrome-retry1/video.webm
    ────────────────────────────────────────────────────────────────────────────────────────────────

    Error Context: test-results/journeys-auth-journey-Auth-f334d-page-within-reasonable-time-mobile-chrome-retry1/error-context.md

    attachment #4: trace (application/zip) ─────────────────────────────────────────────────────────
    test-results/journeys-auth-journey-Auth-f334d-page-within-reasonable-time-mobile-chrome-retry1/trace.zip
    Usage:

        npx playwright show-trace test-results/journeys-auth-journey-Auth-f334d-page-within-reasonable-time-mobile-chrome-retry1/trace.zip

    ────────────────────────────────────────────────────────────────────────────────────────────────

  1511) [mobile-chrome] › e2e/journeys/auth-journey.spec.ts:664:9 › Authentication Journey › Performance › should complete login process within reasonable time 

    Error: page.goto: net::ERR_CONNECTION_REFUSED at http://localhost:4000/
    Call log:
      - navigating to "http://localhost:4000/", waiting until "load"


       at helpers/page-helpers.ts:13

      11 |
      12 |   async navigate(path: string) {
    > 13 |     await this.page.goto(path);
         |                     ^
      14 |     await this.page.waitForLoadState("networkidle");
      15 |   }
      16 |
        at BasePage.navigate (/home/tbaltzakis/cloudless.gr/e2e/helpers/page-helpers.ts:13:21)
        at /home/tbaltzakis/cloudless.gr/e2e/journeys/auth-journey.spec.ts:668:18

    attachment #1: screenshot (image/png) ──────────────────────────────────────────────────────────
    test-results/journeys-auth-journey-Auth-e1039-cess-within-reasonable-time-mobile-chrome/test-failed-1.png
    ────────────────────────────────────────────────────────────────────────────────────────────────

    attachment #2: video (video/webm) ──────────────────────────────────────────────────────────────
    test-results/journeys-auth-journey-Auth-e1039-cess-within-reasonable-time-mobile-chrome/video.webm
    ────────────────────────────────────────────────────────────────────────────────────────────────

    Error Context: test-results/journeys-auth-journey-Auth-e1039-cess-within-reasonable-time-mobile-chrome/error-context.md

    Retry #1 ───────────────────────────────────────────────────────────────────────────────────────

    Error: page.goto: net::ERR_CONNECTION_REFUSED at http://localhost:4000/
    Call log:
      - navigating to "http://localhost:4000/", waiting until "load"


       at helpers/page-helpers.ts:13

      11 |
      12 |   async navigate(path: string) {
    > 13 |     await this.page.goto(path);
         |                     ^
      14 |     await this.page.waitForLoadState("networkidle");
      15 |   }
      16 |
        at BasePage.navigate (/home/tbaltzakis/cloudless.gr/e2e/helpers/page-helpers.ts:13:21)
        at /home/tbaltzakis/cloudless.gr/e2e/journeys/auth-journey.spec.ts:668:18

    attachment #1: screenshot (image/png) ──────────────────────────────────────────────────────────
    test-results/journeys-auth-journey-Auth-e1039-cess-within-reasonable-time-mobile-chrome-retry1/test-failed-1.png
    ────────────────────────────────────────────────────────────────────────────────────────────────

    attachment #2: video (video/webm) ──────────────────────────────────────────────────────────────
    test-results/journeys-auth-journey-Auth-e1039-cess-within-reasonable-time-mobile-chrome-retry1/video.webm
    ────────────────────────────────────────────────────────────────────────────────────────────────

    Error Context: test-results/journeys-auth-journey-Auth-e1039-cess-within-reasonable-time-mobile-chrome-retry1/error-context.md

    attachment #4: trace (application/zip) ─────────────────────────────────────────────────────────
    test-results/journeys-auth-journey-Auth-e1039-cess-within-reasonable-time-mobile-chrome-retry1/trace.zip
    Usage:

        npx playwright show-trace test-results/journeys-auth-journey-Auth-e1039-cess-within-reasonable-time-mobile-chrome-retry1/trace.zip

    ────────────────────────────────────────────────────────────────────────────────────────────────

  1512) [mobile-chrome] › e2e/journeys/blog-journey.spec.ts:15:7 › Blog User Journey › should allow user to browse blog posts 

    Error: page.goto: net::ERR_CONNECTION_REFUSED at http://localhost:4000/
    Call log:
      - navigating to "http://localhost:4000/", waiting until "load"


       9 |   test.beforeEach(async ({ page }) => {
      10 |     // Start from homepage
    > 11 |     await page.goto("/");
         |                ^
      12 |     await expect(page).toHaveURL(/.*\/$/);
      13 |   });
      14 |
        at /home/tbaltzakis/cloudless.gr/e2e/journeys/blog-journey.spec.ts:11:16

    attachment #1: screenshot (image/png) ──────────────────────────────────────────────────────────
    test-results/journeys-blog-journey-Blog-50ad1-w-user-to-browse-blog-posts-mobile-chrome/test-failed-1.png
    ────────────────────────────────────────────────────────────────────────────────────────────────

    attachment #2: video (video/webm) ──────────────────────────────────────────────────────────────
    test-results/journeys-blog-journey-Blog-50ad1-w-user-to-browse-blog-posts-mobile-chrome/video.webm
    ────────────────────────────────────────────────────────────────────────────────────────────────

    Error Context: test-results/journeys-blog-journey-Blog-50ad1-w-user-to-browse-blog-posts-mobile-chrome/error-context.md

    Retry #1 ───────────────────────────────────────────────────────────────────────────────────────

    Error: page.goto: net::ERR_CONNECTION_REFUSED at http://localhost:4000/
    Call log:
      - navigating to "http://localhost:4000/", waiting until "load"


       9 |   test.beforeEach(async ({ page }) => {
      10 |     // Start from homepage
    > 11 |     await page.goto("/");
         |                ^
      12 |     await expect(page).toHaveURL(/.*\/$/);
      13 |   });
      14 |
        at /home/tbaltzakis/cloudless.gr/e2e/journeys/blog-journey.spec.ts:11:16

    attachment #1: screenshot (image/png) ──────────────────────────────────────────────────────────
    test-results/journeys-blog-journey-Blog-50ad1-w-user-to-browse-blog-posts-mobile-chrome-retry1/test-failed-1.png
    ────────────────────────────────────────────────────────────────────────────────────────────────

    attachment #2: video (video/webm) ──────────────────────────────────────────────────────────────
    test-results/journeys-blog-journey-Blog-50ad1-w-user-to-browse-blog-posts-mobile-chrome-retry1/video.webm
    ────────────────────────────────────────────────────────────────────────────────────────────────

    Error Context: test-results/journeys-blog-journey-Blog-50ad1-w-user-to-browse-blog-posts-mobile-chrome-retry1/error-context.md

    attachment #4: trace (application/zip) ─────────────────────────────────────────────────────────
    test-results/journeys-blog-journey-Blog-50ad1-w-user-to-browse-blog-posts-mobile-chrome-retry1/trace.zip
    Usage:

        npx playwright show-trace test-results/journeys-blog-journey-Blog-50ad1-w-user-to-browse-blog-posts-mobile-chrome-retry1/trace.zip

    ────────────────────────────────────────────────────────────────────────────────────────────────

  1513) [mobile-chrome] › e2e/journeys/blog-journey.spec.ts:31:7 › Blog User Journey › should allow user to view individual blog post 

    Error: page.goto: net::ERR_CONNECTION_REFUSED at http://localhost:4000/
    Call log:
      - navigating to "http://localhost:4000/", waiting until "load"


       9 |   test.beforeEach(async ({ page }) => {
      10 |     // Start from homepage
    > 11 |     await page.goto("/");
         |                ^
      12 |     await expect(page).toHaveURL(/.*\/$/);
      13 |   });
      14 |
        at /home/tbaltzakis/cloudless.gr/e2e/journeys/blog-journey.spec.ts:11:16

    attachment #1: screenshot (image/png) ──────────────────────────────────────────────────────────
    test-results/journeys-blog-journey-Blog-89d80-o-view-individual-blog-post-mobile-chrome/test-failed-1.png
    ────────────────────────────────────────────────────────────────────────────────────────────────

    attachment #2: video (video/webm) ──────────────────────────────────────────────────────────────
    test-results/journeys-blog-journey-Blog-89d80-o-view-individual-blog-post-mobile-chrome/video.webm
    ────────────────────────────────────────────────────────────────────────────────────────────────

    Error Context: test-results/journeys-blog-journey-Blog-89d80-o-view-individual-blog-post-mobile-chrome/error-context.md

    Retry #1 ───────────────────────────────────────────────────────────────────────────────────────

    Error: page.goto: net::ERR_CONNECTION_REFUSED at http://localhost:4000/
    Call log:
      - navigating to "http://localhost:4000/", waiting until "load"


       9 |   test.beforeEach(async ({ page }) => {
      10 |     // Start from homepage
    > 11 |     await page.goto("/");
         |                ^
      12 |     await expect(page).toHaveURL(/.*\/$/);
      13 |   });
      14 |
        at /home/tbaltzakis/cloudless.gr/e2e/journeys/blog-journey.spec.ts:11:16

    attachment #1: screenshot (image/png) ──────────────────────────────────────────────────────────
    test-results/journeys-blog-journey-Blog-89d80-o-view-individual-blog-post-mobile-chrome-retry1/test-failed-1.png
    ────────────────────────────────────────────────────────────────────────────────────────────────

    attachment #2: video (video/webm) ──────────────────────────────────────────────────────────────
    test-results/journeys-blog-journey-Blog-89d80-o-view-individual-blog-post-mobile-chrome-retry1/video.webm
    ────────────────────────────────────────────────────────────────────────────────────────────────

    Error Context: test-results/journeys-blog-journey-Blog-89d80-o-view-individual-blog-post-mobile-chrome-retry1/error-context.md

    attachment #4: trace (application/zip) ─────────────────────────────────────────────────────────
    test-results/journeys-blog-journey-Blog-89d80-o-view-individual-blog-post-mobile-chrome-retry1/trace.zip
    Usage:

        npx playwright show-trace test-results/journeys-blog-journey-Blog-89d80-o-view-individual-blog-post-mobile-chrome-retry1/trace.zip

    ────────────────────────────────────────────────────────────────────────────────────────────────

  1514) [mobile-chrome] › e2e/journeys/blog-journey.spec.ts:53:7 › Blog User Journey › should allow user to search blog posts 

    Error: page.goto: net::ERR_CONNECTION_REFUSED at http://localhost:4000/
    Call log:
      - navigating to "http://localhost:4000/", waiting until "load"


       9 |   test.beforeEach(async ({ page }) => {
      10 |     // Start from homepage
    > 11 |     await page.goto("/");
         |                ^
      12 |     await expect(page).toHaveURL(/.*\/$/);
      13 |   });
      14 |
        at /home/tbaltzakis/cloudless.gr/e2e/journeys/blog-journey.spec.ts:11:16

    attachment #1: screenshot (image/png) ──────────────────────────────────────────────────────────
    test-results/journeys-blog-journey-Blog-2ada5-w-user-to-search-blog-posts-mobile-chrome/test-failed-1.png
    ────────────────────────────────────────────────────────────────────────────────────────────────

    attachment #2: video (video/webm) ──────────────────────────────────────────────────────────────
    test-results/journeys-blog-journey-Blog-2ada5-w-user-to-search-blog-posts-mobile-chrome/video.webm
    ────────────────────────────────────────────────────────────────────────────────────────────────

    Error Context: test-results/journeys-blog-journey-Blog-2ada5-w-user-to-search-blog-posts-mobile-chrome/error-context.md

    Retry #1 ───────────────────────────────────────────────────────────────────────────────────────

    Error: page.goto: net::ERR_CONNECTION_REFUSED at http://localhost:4000/
    Call log:
      - navigating to "http://localhost:4000/", waiting until "load"


       9 |   test.beforeEach(async ({ page }) => {
      10 |     // Start from homepage
    > 11 |     await page.goto("/");
         |                ^
      12 |     await expect(page).toHaveURL(/.*\/$/);
      13 |   });
      14 |
        at /home/tbaltzakis/cloudless.gr/e2e/journeys/blog-journey.spec.ts:11:16

    attachment #1: screenshot (image/png) ──────────────────────────────────────────────────────────
    test-results/journeys-blog-journey-Blog-2ada5-w-user-to-search-blog-posts-mobile-chrome-retry1/test-failed-1.png
    ────────────────────────────────────────────────────────────────────────────────────────────────

    attachment #2: video (video/webm) ──────────────────────────────────────────────────────────────
    test-results/journeys-blog-journey-Blog-2ada5-w-user-to-search-blog-posts-mobile-chrome-retry1/video.webm
    ────────────────────────────────────────────────────────────────────────────────────────────────

    Error Context: test-results/journeys-blog-journey-Blog-2ada5-w-user-to-search-blog-posts-mobile-chrome-retry1/error-context.md

    attachment #4: trace (application/zip) ─────────────────────────────────────────────────────────
    test-results/journeys-blog-journey-Blog-2ada5-w-user-to-search-blog-posts-mobile-chrome-retry1/trace.zip
    Usage:

        npx playwright show-trace test-results/journeys-blog-journey-Blog-2ada5-w-user-to-search-blog-posts-mobile-chrome-retry1/trace.zip

    ────────────────────────────────────────────────────────────────────────────────────────────────

  1515) [mobile-chrome] › e2e/journeys/blog-journey.spec.ts:72:7 › Blog User Journey › should allow user to filter blog by category or tag 

    Error: page.goto: net::ERR_CONNECTION_REFUSED at http://localhost:4000/
    Call log:
      - navigating to "http://localhost:4000/", waiting until "load"


       9 |   test.beforeEach(async ({ page }) => {
      10 |     // Start from homepage
    > 11 |     await page.goto("/");
         |                ^
      12 |     await expect(page).toHaveURL(/.*\/$/);
      13 |   });
      14 |
        at /home/tbaltzakis/cloudless.gr/e2e/journeys/blog-journey.spec.ts:11:16

    attachment #1: screenshot (image/png) ──────────────────────────────────────────────────────────
    test-results/journeys-blog-journey-Blog-eebe5-ter-blog-by-category-or-tag-mobile-chrome/test-failed-1.png
    ────────────────────────────────────────────────────────────────────────────────────────────────

    attachment #2: video (video/webm) ──────────────────────────────────────────────────────────────
    test-results/journeys-blog-journey-Blog-eebe5-ter-blog-by-category-or-tag-mobile-chrome/video.webm
    ────────────────────────────────────────────────────────────────────────────────────────────────

    Error Context: test-results/journeys-blog-journey-Blog-eebe5-ter-blog-by-category-or-tag-mobile-chrome/error-context.md

    Retry #1 ───────────────────────────────────────────────────────────────────────────────────────

    Error: page.goto: net::ERR_CONNECTION_REFUSED at http://localhost:4000/
    Call log:
      - navigating to "http://localhost:4000/", waiting until "load"


       9 |   test.beforeEach(async ({ page }) => {
      10 |     // Start from homepage
    > 11 |     await page.goto("/");
         |                ^
      12 |     await expect(page).toHaveURL(/.*\/$/);
      13 |   });
      14 |
        at /home/tbaltzakis/cloudless.gr/e2e/journeys/blog-journey.spec.ts:11:16

    attachment #1: screenshot (image/png) ──────────────────────────────────────────────────────────
    test-results/journeys-blog-journey-Blog-eebe5-ter-blog-by-category-or-tag-mobile-chrome-retry1/test-failed-1.png
    ────────────────────────────────────────────────────────────────────────────────────────────────

    attachment #2: video (video/webm) ──────────────────────────────────────────────────────────────
    test-results/journeys-blog-journey-Blog-eebe5-ter-blog-by-category-or-tag-mobile-chrome-retry1/video.webm
    ────────────────────────────────────────────────────────────────────────────────────────────────

    Error Context: test-results/journeys-blog-journey-Blog-eebe5-ter-blog-by-category-or-tag-mobile-chrome-retry1/error-context.md

    attachment #4: trace (application/zip) ─────────────────────────────────────────────────────────
    test-results/journeys-blog-journey-Blog-eebe5-ter-blog-by-category-or-tag-mobile-chrome-retry1/trace.zip
    Usage:

        npx playwright show-trace test-results/journeys-blog-journey-Blog-eebe5-ter-blog-by-category-or-tag-mobile-chrome-retry1/trace.zip

    ────────────────────────────────────────────────────────────────────────────────────────────────

  1516) [mobile-chrome] › e2e/journeys/blog-journey.spec.ts:89:7 › Blog User Journey › should allow user to subscribe to blog newsletter 

    Error: page.goto: net::ERR_CONNECTION_REFUSED at http://localhost:4000/
    Call log:
      - navigating to "http://localhost:4000/", waiting until "load"


       9 |   test.beforeEach(async ({ page }) => {
      10 |     // Start from homepage
    > 11 |     await page.goto("/");
         |                ^
      12 |     await expect(page).toHaveURL(/.*\/$/);
      13 |   });
      14 |
        at /home/tbaltzakis/cloudless.gr/e2e/journeys/blog-journey.spec.ts:11:16

    attachment #1: screenshot (image/png) ──────────────────────────────────────────────────────────
    test-results/journeys-blog-journey-Blog-50533-ubscribe-to-blog-newsletter-mobile-chrome/test-failed-1.png
    ────────────────────────────────────────────────────────────────────────────────────────────────

    attachment #2: video (video/webm) ──────────────────────────────────────────────────────────────
    test-results/journeys-blog-journey-Blog-50533-ubscribe-to-blog-newsletter-mobile-chrome/video.webm
    ────────────────────────────────────────────────────────────────────────────────────────────────

    Error Context: test-results/journeys-blog-journey-Blog-50533-ubscribe-to-blog-newsletter-mobile-chrome/error-context.md

    Retry #1 ───────────────────────────────────────────────────────────────────────────────────────

    Error: page.goto: net::ERR_CONNECTION_REFUSED at http://localhost:4000/
    Call log:
      - navigating to "http://localhost:4000/", waiting until "load"


       9 |   test.beforeEach(async ({ page }) => {
      10 |     // Start from homepage
    > 11 |     await page.goto("/");
         |                ^
      12 |     await expect(page).toHaveURL(/.*\/$/);
      13 |   });
      14 |
        at /home/tbaltzakis/cloudless.gr/e2e/journeys/blog-journey.spec.ts:11:16

    attachment #1: screenshot (image/png) ──────────────────────────────────────────────────────────
    test-results/journeys-blog-journey-Blog-50533-ubscribe-to-blog-newsletter-mobile-chrome-retry1/test-failed-1.png
    ────────────────────────────────────────────────────────────────────────────────────────────────

    attachment #2: video (video/webm) ──────────────────────────────────────────────────────────────
    test-results/journeys-blog-journey-Blog-50533-ubscribe-to-blog-newsletter-mobile-chrome-retry1/video.webm
    ────────────────────────────────────────────────────────────────────────────────────────────────

    Error Context: test-results/journeys-blog-journey-Blog-50533-ubscribe-to-blog-newsletter-mobile-chrome-retry1/error-context.md

    attachment #4: trace (application/zip) ─────────────────────────────────────────────────────────
    test-results/journeys-blog-journey-Blog-50533-ubscribe-to-blog-newsletter-mobile-chrome-retry1/trace.zip
    Usage:

        npx playwright show-trace test-results/journeys-blog-journey-Blog-50533-ubscribe-to-blog-newsletter-mobile-chrome-retry1/trace.zip

    ────────────────────────────────────────────────────────────────────────────────────────────────

  1517) [mobile-chrome] › e2e/journeys/contact-journey.spec.ts:15:7 › Contact User Journey › should allow user to navigate to contact page 

    Error: page.goto: net::ERR_CONNECTION_REFUSED at http://localhost:4000/
    Call log:
      - navigating to "http://localhost:4000/", waiting until "load"


       9 |   test.beforeEach(async ({ page }) => {
      10 |     // Start from homepage
    > 11 |     await page.goto("/");
         |                ^
      12 |     await expect(page).toHaveURL(/.*\/$/);
      13 |   });
      14 |
        at /home/tbaltzakis/cloudless.gr/e2e/journeys/contact-journey.spec.ts:11:16

    attachment #1: screenshot (image/png) ──────────────────────────────────────────────────────────
    test-results/journeys-contact-journey-C-b2d58-to-navigate-to-contact-page-mobile-chrome/test-failed-1.png
    ────────────────────────────────────────────────────────────────────────────────────────────────

    attachment #2: video (video/webm) ──────────────────────────────────────────────────────────────
    test-results/journeys-contact-journey-C-b2d58-to-navigate-to-contact-page-mobile-chrome/video.webm
    ────────────────────────────────────────────────────────────────────────────────────────────────

    Error Context: test-results/journeys-contact-journey-C-b2d58-to-navigate-to-contact-page-mobile-chrome/error-context.md

    Retry #1 ───────────────────────────────────────────────────────────────────────────────────────

    Error: page.goto: net::ERR_CONNECTION_REFUSED at http://localhost:4000/
    Call log:
      - navigating to "http://localhost:4000/", waiting until "load"


       9 |   test.beforeEach(async ({ page }) => {
      10 |     // Start from homepage
    > 11 |     await page.goto("/");
         |                ^
      12 |     await expect(page).toHaveURL(/.*\/$/);
      13 |   });
      14 |
        at /home/tbaltzakis/cloudless.gr/e2e/journeys/contact-journey.spec.ts:11:16

    attachment #1: screenshot (image/png) ──────────────────────────────────────────────────────────
    test-results/journeys-contact-journey-C-b2d58-to-navigate-to-contact-page-mobile-chrome-retry1/test-failed-1.png
    ────────────────────────────────────────────────────────────────────────────────────────────────

    attachment #2: video (video/webm) ──────────────────────────────────────────────────────────────
    test-results/journeys-contact-journey-C-b2d58-to-navigate-to-contact-page-mobile-chrome-retry1/video.webm
    ────────────────────────────────────────────────────────────────────────────────────────────────

    Error Context: test-results/journeys-contact-journey-C-b2d58-to-navigate-to-contact-page-mobile-chrome-retry1/error-context.md

    attachment #4: trace (application/zip) ─────────────────────────────────────────────────────────
    test-results/journeys-contact-journey-C-b2d58-to-navigate-to-contact-page-mobile-chrome-retry1/trace.zip
    Usage:

        npx playwright show-trace test-results/journeys-contact-journey-C-b2d58-to-navigate-to-contact-page-mobile-chrome-retry1/trace.zip

    ────────────────────────────────────────────────────────────────────────────────────────────────

  1518) [mobile-chrome] › e2e/journeys/contact-journey.spec.ts:25:7 › Contact User Journey › should display contact form with required fields 

    Error: page.goto: net::ERR_CONNECTION_REFUSED at http://localhost:4000/
    Call log:
      - navigating to "http://localhost:4000/", waiting until "load"


       9 |   test.beforeEach(async ({ page }) => {
      10 |     // Start from homepage
    > 11 |     await page.goto("/");
         |                ^
      12 |     await expect(page).toHaveURL(/.*\/$/);
      13 |   });
      14 |
        at /home/tbaltzakis/cloudless.gr/e2e/journeys/contact-journey.spec.ts:11:16

    attachment #1: screenshot (image/png) ──────────────────────────────────────────────────────────
    test-results/journeys-contact-journey-C-27086-t-form-with-required-fields-mobile-chrome/test-failed-1.png
    ────────────────────────────────────────────────────────────────────────────────────────────────

    attachment #2: video (video/webm) ──────────────────────────────────────────────────────────────
    test-results/journeys-contact-journey-C-27086-t-form-with-required-fields-mobile-chrome/video.webm
    ────────────────────────────────────────────────────────────────────────────────────────────────

    Error Context: test-results/journeys-contact-journey-C-27086-t-form-with-required-fields-mobile-chrome/error-context.md

    Retry #1 ───────────────────────────────────────────────────────────────────────────────────────

    Error: page.goto: net::ERR_CONNECTION_REFUSED at http://localhost:4000/
    Call log:
      - navigating to "http://localhost:4000/", waiting until "load"


       9 |   test.beforeEach(async ({ page }) => {
      10 |     // Start from homepage
    > 11 |     await page.goto("/");
         |                ^
      12 |     await expect(page).toHaveURL(/.*\/$/);
      13 |   });
      14 |
        at /home/tbaltzakis/cloudless.gr/e2e/journeys/contact-journey.spec.ts:11:16

    attachment #1: screenshot (image/png) ──────────────────────────────────────────────────────────
    test-results/journeys-contact-journey-C-27086-t-form-with-required-fields-mobile-chrome-retry1/test-failed-1.png
    ────────────────────────────────────────────────────────────────────────────────────────────────

    attachment #2: video (video/webm) ──────────────────────────────────────────────────────────────
    test-results/journeys-contact-journey-C-27086-t-form-with-required-fields-mobile-chrome-retry1/video.webm
    ────────────────────────────────────────────────────────────────────────────────────────────────

    Error Context: test-results/journeys-contact-journey-C-27086-t-form-with-required-fields-mobile-chrome-retry1/error-context.md

    attachment #4: trace (application/zip) ─────────────────────────────────────────────────────────
    test-results/journeys-contact-journey-C-27086-t-form-with-required-fields-mobile-chrome-retry1/trace.zip
    Usage:

        npx playwright show-trace test-results/journeys-contact-journey-C-27086-t-form-with-required-fields-mobile-chrome-retry1/trace.zip

    ────────────────────────────────────────────────────────────────────────────────────────────────

  1519) [mobile-chrome] › e2e/journeys/contact-journey.spec.ts:40:7 › Contact User Journey › should allow user to submit contact form with valid data 

    Error: page.goto: net::ERR_CONNECTION_REFUSED at http://localhost:4000/
    Call log:
      - navigating to "http://localhost:4000/", waiting until "load"


       9 |   test.beforeEach(async ({ page }) => {
      10 |     // Start from homepage
    > 11 |     await page.goto("/");
         |                ^
      12 |     await expect(page).toHaveURL(/.*\/$/);
      13 |   });
      14 |
        at /home/tbaltzakis/cloudless.gr/e2e/journeys/contact-journey.spec.ts:11:16

    attachment #1: screenshot (image/png) ──────────────────────────────────────────────────────────
    test-results/journeys-contact-journey-C-0fada-ontact-form-with-valid-data-mobile-chrome/test-failed-1.png
    ────────────────────────────────────────────────────────────────────────────────────────────────

    attachment #2: video (video/webm) ──────────────────────────────────────────────────────────────
    test-results/journeys-contact-journey-C-0fada-ontact-form-with-valid-data-mobile-chrome/video.webm
    ────────────────────────────────────────────────────────────────────────────────────────────────

    Error Context: test-results/journeys-contact-journey-C-0fada-ontact-form-with-valid-data-mobile-chrome/error-context.md

    Retry #1 ───────────────────────────────────────────────────────────────────────────────────────

    Error: page.goto: net::ERR_CONNECTION_REFUSED at http://localhost:4000/
    Call log:
      - navigating to "http://localhost:4000/", waiting until "load"


       9 |   test.beforeEach(async ({ page }) => {
      10 |     // Start from homepage
    > 11 |     await page.goto("/");
         |                ^
      12 |     await expect(page).toHaveURL(/.*\/$/);
      13 |   });
      14 |
        at /home/tbaltzakis/cloudless.gr/e2e/journeys/contact-journey.spec.ts:11:16

    attachment #1: screenshot (image/png) ──────────────────────────────────────────────────────────
    test-results/journeys-contact-journey-C-0fada-ontact-form-with-valid-data-mobile-chrome-retry1/test-failed-1.png
    ────────────────────────────────────────────────────────────────────────────────────────────────

    attachment #2: video (video/webm) ──────────────────────────────────────────────────────────────
    test-results/journeys-contact-journey-C-0fada-ontact-form-with-valid-data-mobile-chrome-retry1/video.webm
    ────────────────────────────────────────────────────────────────────────────────────────────────

    Error Context: test-results/journeys-contact-journey-C-0fada-ontact-form-with-valid-data-mobile-chrome-retry1/error-context.md

    attachment #4: trace (application/zip) ─────────────────────────────────────────────────────────
    test-results/journeys-contact-journey-C-0fada-ontact-form-with-valid-data-mobile-chrome-retry1/trace.zip
    Usage:

        npx playwright show-trace test-results/journeys-contact-journey-C-0fada-ontact-form-with-valid-data-mobile-chrome-retry1/trace.zip

    ────────────────────────────────────────────────────────────────────────────────────────────────

  1520) [mobile-chrome] › e2e/journeys/contact-journey.spec.ts:60:7 › Contact User Journey › should validate contact form data and show errors for invalid input 

    Error: page.goto: net::ERR_CONNECTION_REFUSED at http://localhost:4000/
    Call log:
      - navigating to "http://localhost:4000/", waiting until "load"


       9 |   test.beforeEach(async ({ page }) => {
      10 |     // Start from homepage
    > 11 |     await page.goto("/");
         |                ^
      12 |     await expect(page).toHaveURL(/.*\/$/);
      13 |   });
      14 |
        at /home/tbaltzakis/cloudless.gr/e2e/journeys/contact-journey.spec.ts:11:16

    attachment #1: screenshot (image/png) ──────────────────────────────────────────────────────────
    test-results/journeys-contact-journey-C-9cb2e-ow-errors-for-invalid-input-mobile-chrome/test-failed-1.png
    ────────────────────────────────────────────────────────────────────────────────────────────────

    attachment #2: video (video/webm) ──────────────────────────────────────────────────────────────
    test-results/journeys-contact-journey-C-9cb2e-ow-errors-for-invalid-input-mobile-chrome/video.webm
    ────────────────────────────────────────────────────────────────────────────────────────────────

    Error Context: test-results/journeys-contact-journey-C-9cb2e-ow-errors-for-invalid-input-mobile-chrome/error-context.md

    Retry #1 ───────────────────────────────────────────────────────────────────────────────────────

    Error: page.goto: net::ERR_CONNECTION_REFUSED at http://localhost:4000/
    Call log:
      - navigating to "http://localhost:4000/", waiting until "load"


       9 |   test.beforeEach(async ({ page }) => {
      10 |     // Start from homepage
    > 11 |     await page.goto("/");
         |                ^
      12 |     await expect(page).toHaveURL(/.*\/$/);
      13 |   });
      14 |
        at /home/tbaltzakis/cloudless.gr/e2e/journeys/contact-journey.spec.ts:11:16

    attachment #1: screenshot (image/png) ──────────────────────────────────────────────────────────
    test-results/journeys-contact-journey-C-9cb2e-ow-errors-for-invalid-input-mobile-chrome-retry1/test-failed-1.png
    ────────────────────────────────────────────────────────────────────────────────────────────────

    attachment #2: video (video/webm) ──────────────────────────────────────────────────────────────
    test-results/journeys-contact-journey-C-9cb2e-ow-errors-for-invalid-input-mobile-chrome-retry1/video.webm
    ────────────────────────────────────────────────────────────────────────────────────────────────

    Error Context: test-results/journeys-contact-journey-C-9cb2e-ow-errors-for-invalid-input-mobile-chrome-retry1/error-context.md

    attachment #4: trace (application/zip) ─────────────────────────────────────────────────────────
    test-results/journeys-contact-journey-C-9cb2e-ow-errors-for-invalid-input-mobile-chrome-retry1/trace.zip
    Usage:

        npx playwright show-trace test-results/journeys-contact-journey-C-9cb2e-ow-errors-for-invalid-input-mobile-chrome-retry1/trace.zip

    ────────────────────────────────────────────────────────────────────────────────────────────────

  1521) [mobile-chrome] › e2e/journeys/contact-journey.spec.ts:77:7 › Contact User Journey › should validate email format in contact form 

    Error: page.goto: net::ERR_CONNECTION_REFUSED at http://localhost:4000/
    Call log:
      - navigating to "http://localhost:4000/", waiting until "load"


       9 |   test.beforeEach(async ({ page }) => {
      10 |     // Start from homepage
    > 11 |     await page.goto("/");
         |                ^
      12 |     await expect(page).toHaveURL(/.*\/$/);
      13 |   });
      14 |
        at /home/tbaltzakis/cloudless.gr/e2e/journeys/contact-journey.spec.ts:11:16

    attachment #1: screenshot (image/png) ──────────────────────────────────────────────────────────
    test-results/journeys-contact-journey-C-47a90-mail-format-in-contact-form-mobile-chrome/test-failed-1.png
    ────────────────────────────────────────────────────────────────────────────────────────────────

    attachment #2: video (video/webm) ──────────────────────────────────────────────────────────────
    test-results/journeys-contact-journey-C-47a90-mail-format-in-contact-form-mobile-chrome/video.webm
    ────────────────────────────────────────────────────────────────────────────────────────────────

    Error Context: test-results/journeys-contact-journey-C-47a90-mail-format-in-contact-form-mobile-chrome/error-context.md

    Retry #1 ───────────────────────────────────────────────────────────────────────────────────────

    Error: page.goto: net::ERR_CONNECTION_REFUSED at http://localhost:4000/
    Call log:
      - navigating to "http://localhost:4000/", waiting until "load"


       9 |   test.beforeEach(async ({ page }) => {
      10 |     // Start from homepage
    > 11 |     await page.goto("/");
         |                ^
      12 |     await expect(page).toHaveURL(/.*\/$/);
      13 |   });
      14 |
        at /home/tbaltzakis/cloudless.gr/e2e/journeys/contact-journey.spec.ts:11:16

    attachment #1: screenshot (image/png) ──────────────────────────────────────────────────────────
    test-results/journeys-contact-journey-C-47a90-mail-format-in-contact-form-mobile-chrome-retry1/test-failed-1.png
    ────────────────────────────────────────────────────────────────────────────────────────────────

    attachment #2: video (video/webm) ──────────────────────────────────────────────────────────────
    test-results/journeys-contact-journey-C-47a90-mail-format-in-contact-form-mobile-chrome-retry1/video.webm
    ────────────────────────────────────────────────────────────────────────────────────────────────

    Error Context: test-results/journeys-contact-journey-C-47a90-mail-format-in-contact-form-mobile-chrome-retry1/error-context.md

    attachment #4: trace (application/zip) ─────────────────────────────────────────────────────────
    test-results/journeys-contact-journey-C-47a90-mail-format-in-contact-form-mobile-chrome-retry1/trace.zip
    Usage:

        npx playwright show-trace test-results/journeys-contact-journey-C-47a90-mail-format-in-contact-form-mobile-chrome-retry1/trace.zip

    ────────────────────────────────────────────────────────────────────────────────────────────────

  1522) [mobile-chrome] › e2e/journeys/contact-journey.spec.ts:97:7 › Contact User Journey › should allow user to view contact information (phone, address, etc.) 

    Error: page.goto: net::ERR_CONNECTION_REFUSED at http://localhost:4000/
    Call log:
      - navigating to "http://localhost:4000/", waiting until "load"


       9 |   test.beforeEach(async ({ page }) => {
      10 |     // Start from homepage
    > 11 |     await page.goto("/");
         |                ^
      12 |     await expect(page).toHaveURL(/.*\/$/);
      13 |   });
      14 |
        at /home/tbaltzakis/cloudless.gr/e2e/journeys/contact-journey.spec.ts:11:16

    attachment #1: screenshot (image/png) ──────────────────────────────────────────────────────────
    test-results/journeys-contact-journey-C-d589f-ormation-phone-address-etc--mobile-chrome/test-failed-1.png
    ────────────────────────────────────────────────────────────────────────────────────────────────

    attachment #2: video (video/webm) ──────────────────────────────────────────────────────────────
    test-results/journeys-contact-journey-C-d589f-ormation-phone-address-etc--mobile-chrome/video.webm
    ────────────────────────────────────────────────────────────────────────────────────────────────

    Error Context: test-results/journeys-contact-journey-C-d589f-ormation-phone-address-etc--mobile-chrome/error-context.md

    Retry #1 ───────────────────────────────────────────────────────────────────────────────────────

    Error: page.goto: net::ERR_CONNECTION_REFUSED at http://localhost:4000/
    Call log:
      - navigating to "http://localhost:4000/", waiting until "load"


       9 |   test.beforeEach(async ({ page }) => {
      10 |     // Start from homepage
    > 11 |     await page.goto("/");
         |                ^
      12 |     await expect(page).toHaveURL(/.*\/$/);
      13 |   });
      14 |
        at /home/tbaltzakis/cloudless.gr/e2e/journeys/contact-journey.spec.ts:11:16

    attachment #1: screenshot (image/png) ──────────────────────────────────────────────────────────
    test-results/journeys-contact-journey-C-d589f-ormation-phone-address-etc--mobile-chrome-retry1/test-failed-1.png
    ────────────────────────────────────────────────────────────────────────────────────────────────

    attachment #2: video (video/webm) ──────────────────────────────────────────────────────────────
    test-results/journeys-contact-journey-C-d589f-ormation-phone-address-etc--mobile-chrome-retry1/video.webm
    ────────────────────────────────────────────────────────────────────────────────────────────────

    Error Context: test-results/journeys-contact-journey-C-d589f-ormation-phone-address-etc--mobile-chrome-retry1/error-context.md

    attachment #4: trace (application/zip) ─────────────────────────────────────────────────────────
    test-results/journeys-contact-journey-C-d589f-ormation-phone-address-etc--mobile-chrome-retry1/trace.zip
    Usage:

        npx playwright show-trace test-results/journeys-contact-journey-C-d589f-ormation-phone-address-etc--mobile-chrome-retry1/trace.zip

    ────────────────────────────────────────────────────────────────────────────────────────────────

  1523) [mobile-chrome] › e2e/journeys/ecommerce-journey.spec.ts:16:7 › E-commerce User Journey › should allow user to browse products and add to cart 

    Error: page.goto: net::ERR_CONNECTION_REFUSED at http://localhost:4000/
    Call log:
      - navigating to "http://localhost:4000/", waiting until "load"


       9 |   test.beforeEach(async ({ page }) => {
      10 |     // Start from homepage
    > 11 |     await page.goto("/");
         |                ^
      12 |     // Wait for redirect to locale-specific homepage (e.g., /en)
      13 |     await expect(page).toHaveURL(/\/.*\/?$/);
      14 |   });
        at /home/tbaltzakis/cloudless.gr/e2e/journeys/ecommerce-journey.spec.ts:11:16

    attachment #1: screenshot (image/png) ──────────────────────────────────────────────────────────
    test-results/journeys-ecommerce-journey-f7b29-se-products-and-add-to-cart-mobile-chrome/test-failed-1.png
    ────────────────────────────────────────────────────────────────────────────────────────────────

    attachment #2: video (video/webm) ──────────────────────────────────────────────────────────────
    test-results/journeys-ecommerce-journey-f7b29-se-products-and-add-to-cart-mobile-chrome/video.webm
    ────────────────────────────────────────────────────────────────────────────────────────────────

    Error Context: test-results/journeys-ecommerce-journey-f7b29-se-products-and-add-to-cart-mobile-chrome/error-context.md

    Retry #1 ───────────────────────────────────────────────────────────────────────────────────────

    Error: page.goto: net::ERR_CONNECTION_REFUSED at http://localhost:4000/
    Call log:
      - navigating to "http://localhost:4000/", waiting until "load"


       9 |   test.beforeEach(async ({ page }) => {
      10 |     // Start from homepage
    > 11 |     await page.goto("/");
         |                ^
      12 |     // Wait for redirect to locale-specific homepage (e.g., /en)
      13 |     await expect(page).toHaveURL(/\/.*\/?$/);
      14 |   });
        at /home/tbaltzakis/cloudless.gr/e2e/journeys/ecommerce-journey.spec.ts:11:16

    attachment #1: screenshot (image/png) ──────────────────────────────────────────────────────────
    test-results/journeys-ecommerce-journey-f7b29-se-products-and-add-to-cart-mobile-chrome-retry1/test-failed-1.png
    ────────────────────────────────────────────────────────────────────────────────────────────────

    attachment #2: video (video/webm) ──────────────────────────────────────────────────────────────
    test-results/journeys-ecommerce-journey-f7b29-se-products-and-add-to-cart-mobile-chrome-retry1/video.webm
    ────────────────────────────────────────────────────────────────────────────────────────────────

    Error Context: test-results/journeys-ecommerce-journey-f7b29-se-products-and-add-to-cart-mobile-chrome-retry1/error-context.md

    attachment #4: trace (application/zip) ─────────────────────────────────────────────────────────
    test-results/journeys-ecommerce-journey-f7b29-se-products-and-add-to-cart-mobile-chrome-retry1/trace.zip
    Usage:

        npx playwright show-trace test-results/journeys-ecommerce-journey-f7b29-se-products-and-add-to-cart-mobile-chrome-retry1/trace.zip

    ────────────────────────────────────────────────────────────────────────────────────────────────

  1524) [mobile-chrome] › e2e/journeys/ecommerce-journey.spec.ts:59:9 › E-commerce User Journey › should allow user to view cart and proceed to checkout 

    Error: page.goto: net::ERR_CONNECTION_REFUSED at http://localhost:4000/
    Call log:
      - navigating to "http://localhost:4000/", waiting until "load"


       9 |   test.beforeEach(async ({ page }) => {
      10 |     // Start from homepage
    > 11 |     await page.goto("/");
         |                ^
      12 |     // Wait for redirect to locale-specific homepage (e.g., /en)
      13 |     await expect(page).toHaveURL(/\/.*\/?$/);
      14 |   });
        at /home/tbaltzakis/cloudless.gr/e2e/journeys/ecommerce-journey.spec.ts:11:16

    attachment #1: screenshot (image/png) ──────────────────────────────────────────────────────────
    test-results/journeys-ecommerce-journey-ec728-art-and-proceed-to-checkout-mobile-chrome/test-failed-1.png
    ────────────────────────────────────────────────────────────────────────────────────────────────

    attachment #2: video (video/webm) ──────────────────────────────────────────────────────────────
    test-results/journeys-ecommerce-journey-ec728-art-and-proceed-to-checkout-mobile-chrome/video.webm
    ────────────────────────────────────────────────────────────────────────────────────────────────

    Error Context: test-results/journeys-ecommerce-journey-ec728-art-and-proceed-to-checkout-mobile-chrome/error-context.md

    Retry #1 ───────────────────────────────────────────────────────────────────────────────────────

    Error: page.goto: net::ERR_CONNECTION_REFUSED at http://localhost:4000/
    Call log:
      - navigating to "http://localhost:4000/", waiting until "load"


       9 |   test.beforeEach(async ({ page }) => {
      10 |     // Start from homepage
    > 11 |     await page.goto("/");
         |                ^
      12 |     // Wait for redirect to locale-specific homepage (e.g., /en)
      13 |     await expect(page).toHaveURL(/\/.*\/?$/);
      14 |   });
        at /home/tbaltzakis/cloudless.gr/e2e/journeys/ecommerce-journey.spec.ts:11:16

    attachment #1: screenshot (image/png) ──────────────────────────────────────────────────────────
    test-results/journeys-ecommerce-journey-ec728-art-and-proceed-to-checkout-mobile-chrome-retry1/test-failed-1.png
    ────────────────────────────────────────────────────────────────────────────────────────────────

    attachment #2: video (video/webm) ──────────────────────────────────────────────────────────────
    test-results/journeys-ecommerce-journey-ec728-art-and-proceed-to-checkout-mobile-chrome-retry1/video.webm
    ────────────────────────────────────────────────────────────────────────────────────────────────

    Error Context: test-results/journeys-ecommerce-journey-ec728-art-and-proceed-to-checkout-mobile-chrome-retry1/error-context.md

    attachment #4: trace (application/zip) ─────────────────────────────────────────────────────────
    test-results/journeys-ecommerce-journey-ec728-art-and-proceed-to-checkout-mobile-chrome-retry1/trace.zip
    Usage:

        npx playwright show-trace test-results/journeys-ecommerce-journey-ec728-art-and-proceed-to-checkout-mobile-chrome-retry1/trace.zip

    ────────────────────────────────────────────────────────────────────────────────────────────────

  1525) [mobile-chrome] › e2e/journeys/ecommerce-journey.spec.ts:257:7 › E-commerce User Journey › should allow user to complete checkout process 

    Error: page.goto: net::ERR_CONNECTION_REFUSED at http://localhost:4000/
    Call log:
      - navigating to "http://localhost:4000/", waiting until "load"


       9 |   test.beforeEach(async ({ page }) => {
      10 |     // Start from homepage
    > 11 |     await page.goto("/");
         |                ^
      12 |     // Wait for redirect to locale-specific homepage (e.g., /en)
      13 |     await expect(page).toHaveURL(/\/.*\/?$/);
      14 |   });
        at /home/tbaltzakis/cloudless.gr/e2e/journeys/ecommerce-journey.spec.ts:11:16

    attachment #1: screenshot (image/png) ──────────────────────────────────────────────────────────
    test-results/journeys-ecommerce-journey-675e4-o-complete-checkout-process-mobile-chrome/test-failed-1.png
    ────────────────────────────────────────────────────────────────────────────────────────────────

    attachment #2: video (video/webm) ──────────────────────────────────────────────────────────────
    test-results/journeys-ecommerce-journey-675e4-o-complete-checkout-process-mobile-chrome/video.webm
    ────────────────────────────────────────────────────────────────────────────────────────────────

    Error Context: test-results/journeys-ecommerce-journey-675e4-o-complete-checkout-process-mobile-chrome/error-context.md

    Retry #1 ───────────────────────────────────────────────────────────────────────────────────────

    Error: page.goto: net::ERR_CONNECTION_REFUSED at http://localhost:4000/
    Call log:
      - navigating to "http://localhost:4000/", waiting until "load"


       9 |   test.beforeEach(async ({ page }) => {
      10 |     // Start from homepage
    > 11 |     await page.goto("/");
         |                ^
      12 |     // Wait for redirect to locale-specific homepage (e.g., /en)
      13 |     await expect(page).toHaveURL(/\/.*\/?$/);
      14 |   });
        at /home/tbaltzakis/cloudless.gr/e2e/journeys/ecommerce-journey.spec.ts:11:16

    attachment #1: screenshot (image/png) ──────────────────────────────────────────────────────────
    test-results/journeys-ecommerce-journey-675e4-o-complete-checkout-process-mobile-chrome-retry1/test-failed-1.png
    ────────────────────────────────────────────────────────────────────────────────────────────────

    attachment #2: video (video/webm) ──────────────────────────────────────────────────────────────
    test-results/journeys-ecommerce-journey-675e4-o-complete-checkout-process-mobile-chrome-retry1/video.webm
    ────────────────────────────────────────────────────────────────────────────────────────────────

    Error Context: test-results/journeys-ecommerce-journey-675e4-o-complete-checkout-process-mobile-chrome-retry1/error-context.md

    attachment #4: trace (application/zip) ─────────────────────────────────────────────────────────
    test-results/journeys-ecommerce-journey-675e4-o-complete-checkout-process-mobile-chrome-retry1/trace.zip
    Usage:

        npx playwright show-trace test-results/journeys-ecommerce-journey-675e4-o-complete-checkout-process-mobile-chrome-retry1/trace.zip

    ────────────────────────────────────────────────────────────────────────────────────────────────

  1526) [mobile-chrome] › e2e/journeys/ecommerce-journey.spec.ts:480:7 › E-commerce User Journey › should allow user to view order history 

    Error: page.goto: net::ERR_CONNECTION_REFUSED at http://localhost:4000/
    Call log:
      - navigating to "http://localhost:4000/", waiting until "load"


       9 |   test.beforeEach(async ({ page }) => {
      10 |     // Start from homepage
    > 11 |     await page.goto("/");
         |                ^
      12 |     // Wait for redirect to locale-specific homepage (e.g., /en)
      13 |     await expect(page).toHaveURL(/\/.*\/?$/);
      14 |   });
        at /home/tbaltzakis/cloudless.gr/e2e/journeys/ecommerce-journey.spec.ts:11:16

    attachment #1: screenshot (image/png) ──────────────────────────────────────────────────────────
    test-results/journeys-ecommerce-journey-0db8a--user-to-view-order-history-mobile-chrome/test-failed-1.png
    ────────────────────────────────────────────────────────────────────────────────────────────────

    attachment #2: video (video/webm) ──────────────────────────────────────────────────────────────
    test-results/journeys-ecommerce-journey-0db8a--user-to-view-order-history-mobile-chrome/video.webm
    ────────────────────────────────────────────────────────────────────────────────────────────────

    Error Context: test-results/journeys-ecommerce-journey-0db8a--user-to-view-order-history-mobile-chrome/error-context.md

    Retry #1 ───────────────────────────────────────────────────────────────────────────────────────

    Error: page.goto: net::ERR_CONNECTION_REFUSED at http://localhost:4000/
    Call log:
      - navigating to "http://localhost:4000/", waiting until "load"


       9 |   test.beforeEach(async ({ page }) => {
      10 |     // Start from homepage
    > 11 |     await page.goto("/");
         |                ^
      12 |     // Wait for redirect to locale-specific homepage (e.g., /en)
      13 |     await expect(page).toHaveURL(/\/.*\/?$/);
      14 |   });
        at /home/tbaltzakis/cloudless.gr/e2e/journeys/ecommerce-journey.spec.ts:11:16

    attachment #1: screenshot (image/png) ──────────────────────────────────────────────────────────
    test-results/journeys-ecommerce-journey-0db8a--user-to-view-order-history-mobile-chrome-retry1/test-failed-1.png
    ────────────────────────────────────────────────────────────────────────────────────────────────

    attachment #2: video (video/webm) ──────────────────────────────────────────────────────────────
    test-results/journeys-ecommerce-journey-0db8a--user-to-view-order-history-mobile-chrome-retry1/video.webm
    ────────────────────────────────────────────────────────────────────────────────────────────────

    Error Context: test-results/journeys-ecommerce-journey-0db8a--user-to-view-order-history-mobile-chrome-retry1/error-context.md

    attachment #4: trace (application/zip) ─────────────────────────────────────────────────────────
    test-results/journeys-ecommerce-journey-0db8a--user-to-view-order-history-mobile-chrome-retry1/trace.zip
    Usage:

        npx playwright show-trace test-results/journeys-ecommerce-journey-0db8a--user-to-view-order-history-mobile-chrome-retry1/trace.zip

    ────────────────────────────────────────────────────────────────────────────────────────────────

  1527) [mobile-chrome] › e2e/journeys/ecommerce-journey.spec.ts:509:7 › E-commerce User Journey › should allow user to manage profile 

    Error: page.goto: net::ERR_CONNECTION_REFUSED at http://localhost:4000/
    Call log:
      - navigating to "http://localhost:4000/", waiting until "load"


       9 |   test.beforeEach(async ({ page }) => {
      10 |     // Start from homepage
    > 11 |     await page.goto("/");
         |                ^
      12 |     // Wait for redirect to locale-specific homepage (e.g., /en)
      13 |     await expect(page).toHaveURL(/\/.*\/?$/);
      14 |   });
        at /home/tbaltzakis/cloudless.gr/e2e/journeys/ecommerce-journey.spec.ts:11:16

    attachment #1: screenshot (image/png) ──────────────────────────────────────────────────────────
    test-results/journeys-ecommerce-journey-fcd01-llow-user-to-manage-profile-mobile-chrome/test-failed-1.png
    ────────────────────────────────────────────────────────────────────────────────────────────────

    attachment #2: video (video/webm) ──────────────────────────────────────────────────────────────
    test-results/journeys-ecommerce-journey-fcd01-llow-user-to-manage-profile-mobile-chrome/video.webm
    ────────────────────────────────────────────────────────────────────────────────────────────────

    Error Context: test-results/journeys-ecommerce-journey-fcd01-llow-user-to-manage-profile-mobile-chrome/error-context.md

    Retry #1 ───────────────────────────────────────────────────────────────────────────────────────

    Error: page.goto: net::ERR_CONNECTION_REFUSED at http://localhost:4000/
    Call log:
      - navigating to "http://localhost:4000/", waiting until "load"


       9 |   test.beforeEach(async ({ page }) => {
      10 |     // Start from homepage
    > 11 |     await page.goto("/");
         |                ^
      12 |     // Wait for redirect to locale-specific homepage (e.g., /en)
      13 |     await expect(page).toHaveURL(/\/.*\/?$/);
      14 |   });
        at /home/tbaltzakis/cloudless.gr/e2e/journeys/ecommerce-journey.spec.ts:11:16

    attachment #1: screenshot (image/png) ──────────────────────────────────────────────────────────
    test-results/journeys-ecommerce-journey-fcd01-llow-user-to-manage-profile-mobile-chrome-retry1/test-failed-1.png
    ────────────────────────────────────────────────────────────────────────────────────────────────

    attachment #2: video (video/webm) ──────────────────────────────────────────────────────────────
    test-results/journeys-ecommerce-journey-fcd01-llow-user-to-manage-profile-mobile-chrome-retry1/video.webm
    ────────────────────────────────────────────────────────────────────────────────────────────────

    Error Context: test-results/journeys-ecommerce-journey-fcd01-llow-user-to-manage-profile-mobile-chrome-retry1/error-context.md

    attachment #4: trace (application/zip) ─────────────────────────────────────────────────────────
    test-results/journeys-ecommerce-journey-fcd01-llow-user-to-manage-profile-mobile-chrome-retry1/trace.zip
    Usage:

        npx playwright show-trace test-results/journeys-ecommerce-journey-fcd01-llow-user-to-manage-profile-mobile-chrome-retry1/trace.zip

    ────────────────────────────────────────────────────────────────────────────────────────────────

  1528) [mobile-chrome] › e2e/locale-pages-sweep.spec.ts:57:11 › Locale: el — public pages › /el renders without missing-translation 5xx 

    Error: page.goto: net::ERR_CONNECTION_REFUSED at http://localhost:4000/el
    Call log:
      - navigating to "http://localhost:4000/el", waiting until "domcontentloaded"


      58 |         const errors: string[] = [];
      59 |         page.on("pageerror", e => errors.push(e.message));
    > 60 |         const r = await page.goto(url, { waitUntil: "domcontentloaded" });
         |                              ^
      61 |         expect(r?.status() ?? 0).toBeLessThan(500);
      62 |
      63 |         // Middleware must preserve the locale prefix. (A redirect to a
        at /home/tbaltzakis/cloudless.gr/e2e/locale-pages-sweep.spec.ts:60:30

    attachment #1: screenshot (image/png) ──────────────────────────────────────────────────────────
    test-results/locale-pages-sweep-Locale--7d2b7-out-missing-translation-5xx-mobile-chrome/test-failed-1.png
    ────────────────────────────────────────────────────────────────────────────────────────────────

    attachment #2: video (video/webm) ──────────────────────────────────────────────────────────────
    test-results/locale-pages-sweep-Locale--7d2b7-out-missing-translation-5xx-mobile-chrome/video.webm
    ────────────────────────────────────────────────────────────────────────────────────────────────

    Error Context: test-results/locale-pages-sweep-Locale--7d2b7-out-missing-translation-5xx-mobile-chrome/error-context.md

    Retry #1 ───────────────────────────────────────────────────────────────────────────────────────

    Error: page.goto: net::ERR_CONNECTION_REFUSED at http://localhost:4000/el
    Call log:
      - navigating to "http://localhost:4000/el", waiting until "domcontentloaded"


      58 |         const errors: string[] = [];
      59 |         page.on("pageerror", e => errors.push(e.message));
    > 60 |         const r = await page.goto(url, { waitUntil: "domcontentloaded" });
         |                              ^
      61 |         expect(r?.status() ?? 0).toBeLessThan(500);
      62 |
      63 |         // Middleware must preserve the locale prefix. (A redirect to a
        at /home/tbaltzakis/cloudless.gr/e2e/locale-pages-sweep.spec.ts:60:30

    attachment #1: screenshot (image/png) ──────────────────────────────────────────────────────────
    test-results/locale-pages-sweep-Locale--7d2b7-out-missing-translation-5xx-mobile-chrome-retry1/test-failed-1.png
    ────────────────────────────────────────────────────────────────────────────────────────────────

    attachment #2: video (video/webm) ──────────────────────────────────────────────────────────────
    test-results/locale-pages-sweep-Locale--7d2b7-out-missing-translation-5xx-mobile-chrome-retry1/video.webm
    ────────────────────────────────────────────────────────────────────────────────────────────────

    Error Context: test-results/locale-pages-sweep-Locale--7d2b7-out-missing-translation-5xx-mobile-chrome-retry1/error-context.md

    attachment #4: trace (application/zip) ─────────────────────────────────────────────────────────
    test-results/locale-pages-sweep-Locale--7d2b7-out-missing-translation-5xx-mobile-chrome-retry1/trace.zip
    Usage:

        npx playwright show-trace test-results/locale-pages-sweep-Locale--7d2b7-out-missing-translation-5xx-mobile-chrome-retry1/trace.zip

    ────────────────────────────────────────────────────────────────────────────────────────────────

  1529) [mobile-chrome] › e2e/migrated/admin-api.spec.ts:37:9 › Admin API — auth-gated mounted routes › GET /api/admin/calendar rejects unauthenticated requests with 401/403 

    Error: apiRequestContext.get: connect ECONNREFUSED ::1:4000
    Call log:
      - → GET http://localhost:4000/api/admin/calendar
        - user-agent: Mozilla/5.0 (Linux; Android 14; Pixel 7) AppleWebKit/537.36 (KHTML, like Gecko) Chrome/151.0.7922.34 Mobile Safari/537.36
        - accept: */*
        - accept-encoding: gzip,deflate,br

        at apiRequestContext.get: connect ECONNREFUSED ::1:4000
        at /home/tbaltzakis/cloudless.gr/e2e/migrated/admin-api.spec.ts:38:31

    Error Context: test-results/migrated-admin-api-Admin-A-98ebb-cated-requests-with-401-403-mobile-chrome/error-context.md

    Retry #1 ───────────────────────────────────────────────────────────────────────────────────────

    Error: apiRequestContext.get: connect ECONNREFUSED ::1:4000
    Call log:
      - → GET http://localhost:4000/api/admin/calendar
        - user-agent: Mozilla/5.0 (Linux; Android 14; Pixel 7) AppleWebKit/537.36 (KHTML, like Gecko) Chrome/151.0.7922.34 Mobile Safari/537.36
        - accept: */*
        - accept-encoding: gzip,deflate,br

        at apiRequestContext.get: connect ECONNREFUSED ::1:4000
        at /home/tbaltzakis/cloudless.gr/e2e/migrated/admin-api.spec.ts:38:31

    Error Context: test-results/migrated-admin-api-Admin-A-98ebb-cated-requests-with-401-403-mobile-chrome-retry1/error-context.md

    attachment #2: trace (application/zip) ─────────────────────────────────────────────────────────
    test-results/migrated-admin-api-Admin-A-98ebb-cated-requests-with-401-403-mobile-chrome-retry1/trace.zip
    Usage:

        npx playwright show-trace test-results/migrated-admin-api-Admin-A-98ebb-cated-requests-with-401-403-mobile-chrome-retry1/trace.zip

    ────────────────────────────────────────────────────────────────────────────────────────────────

  1530) [mobile-chrome] › e2e/migrated/admin-api.spec.ts:37:9 › Admin API — auth-gated mounted routes › GET /api/admin/kpi rejects unauthenticated requests with 401/403 

    Error: apiRequestContext.get: connect ECONNREFUSED ::1:4000
    Call log:
      - → GET http://localhost:4000/api/admin/kpi
        - user-agent: Mozilla/5.0 (Linux; Android 14; Pixel 7) AppleWebKit/537.36 (KHTML, like Gecko) Chrome/151.0.7922.34 Mobile Safari/537.36
        - accept: */*
        - accept-encoding: gzip,deflate,br

        at apiRequestContext.get: connect ECONNREFUSED ::1:4000
        at /home/tbaltzakis/cloudless.gr/e2e/migrated/admin-api.spec.ts:38:31

    Error Context: test-results/migrated-admin-api-Admin-A-add60-cated-requests-with-401-403-mobile-chrome/error-context.md

    Retry #1 ───────────────────────────────────────────────────────────────────────────────────────

    Error: apiRequestContext.get: connect ECONNREFUSED ::1:4000
    Call log:
      - → GET http://localhost:4000/api/admin/kpi
        - user-agent: Mozilla/5.0 (Linux; Android 14; Pixel 7) AppleWebKit/537.36 (KHTML, like Gecko) Chrome/151.0.7922.34 Mobile Safari/537.36
        - accept: */*
        - accept-encoding: gzip,deflate,br

        at apiRequestContext.get: connect ECONNREFUSED ::1:4000
        at /home/tbaltzakis/cloudless.gr/e2e/migrated/admin-api.spec.ts:38:31

    Error Context: test-results/migrated-admin-api-Admin-A-add60-cated-requests-with-401-403-mobile-chrome-retry1/error-context.md

    attachment #2: trace (application/zip) ─────────────────────────────────────────────────────────
    test-results/migrated-admin-api-Admin-A-add60-cated-requests-with-401-403-mobile-chrome-retry1/trace.zip
    Usage:

        npx playwright show-trace test-results/migrated-admin-api-Admin-A-add60-cated-requests-with-401-403-mobile-chrome-retry1/trace.zip

    ────────────────────────────────────────────────────────────────────────────────────────────────

  1531) [mobile-chrome] › e2e/migrated/admin-api.spec.ts:37:9 › Admin API — auth-gated mounted routes › GET /api/admin/notion/blog rejects unauthenticated requests with 401/403 

    Error: apiRequestContext.get: connect ECONNREFUSED ::1:4000
    Call log:
      - → GET http://localhost:4000/api/admin/notion/blog
        - user-agent: Mozilla/5.0 (Linux; Android 14; Pixel 7) AppleWebKit/537.36 (KHTML, like Gecko) Chrome/151.0.7922.34 Mobile Safari/537.36
        - accept: */*
        - accept-encoding: gzip,deflate,br

        at apiRequestContext.get: connect ECONNREFUSED ::1:4000
        at /home/tbaltzakis/cloudless.gr/e2e/migrated/admin-api.spec.ts:38:31

    Error Context: test-results/migrated-admin-api-Admin-A-f67a7-cated-requests-with-401-403-mobile-chrome/error-context.md

    Retry #1 ───────────────────────────────────────────────────────────────────────────────────────

    Error: apiRequestContext.get: connect ECONNREFUSED ::1:4000
    Call log:
      - → GET http://localhost:4000/api/admin/notion/blog
        - user-agent: Mozilla/5.0 (Linux; Android 14; Pixel 7) AppleWebKit/537.36 (KHTML, like Gecko) Chrome/151.0.7922.34 Mobile Safari/537.36
        - accept: */*
        - accept-encoding: gzip,deflate,br

        at apiRequestContext.get: connect ECONNREFUSED ::1:4000
        at /home/tbaltzakis/cloudless.gr/e2e/migrated/admin-api.spec.ts:38:31

    Error Context: test-results/migrated-admin-api-Admin-A-f67a7-cated-requests-with-401-403-mobile-chrome-retry1/error-context.md

    attachment #2: trace (application/zip) ─────────────────────────────────────────────────────────
    test-results/migrated-admin-api-Admin-A-f67a7-cated-requests-with-401-403-mobile-chrome-retry1/trace.zip
    Usage:

        npx playwright show-trace test-results/migrated-admin-api-Admin-A-f67a7-cated-requests-with-401-403-mobile-chrome-retry1/trace.zip

    ────────────────────────────────────────────────────────────────────────────────────────────────

  1532) [mobile-chrome] › e2e/migrated/admin-api.spec.ts:37:9 › Admin API — auth-gated mounted routes › GET /api/admin/notion/docs rejects unauthenticated requests with 401/403 

    Error: apiRequestContext.get: connect ECONNREFUSED ::1:4000
    Call log:
      - → GET http://localhost:4000/api/admin/notion/docs
        - user-agent: Mozilla/5.0 (Linux; Android 14; Pixel 7) AppleWebKit/537.36 (KHTML, like Gecko) Chrome/151.0.7922.34 Mobile Safari/537.36
        - accept: */*
        - accept-encoding: gzip,deflate,br

        at apiRequestContext.get: connect ECONNREFUSED ::1:4000
        at /home/tbaltzakis/cloudless.gr/e2e/migrated/admin-api.spec.ts:38:31

    Error Context: test-results/migrated-admin-api-Admin-A-e38d2-cated-requests-with-401-403-mobile-chrome/error-context.md

    Retry #1 ───────────────────────────────────────────────────────────────────────────────────────

    Error: apiRequestContext.get: connect ECONNREFUSED ::1:4000
    Call log:
      - → GET http://localhost:4000/api/admin/notion/docs
        - user-agent: Mozilla/5.0 (Linux; Android 14; Pixel 7) AppleWebKit/537.36 (KHTML, like Gecko) Chrome/151.0.7922.34 Mobile Safari/537.36
        - accept: */*
        - accept-encoding: gzip,deflate,br

        at apiRequestContext.get: connect ECONNREFUSED ::1:4000
        at /home/tbaltzakis/cloudless.gr/e2e/migrated/admin-api.spec.ts:38:31

    Error Context: test-results/migrated-admin-api-Admin-A-e38d2-cated-requests-with-401-403-mobile-chrome-retry1/error-context.md

    attachment #2: trace (application/zip) ─────────────────────────────────────────────────────────
    test-results/migrated-admin-api-Admin-A-e38d2-cated-requests-with-401-403-mobile-chrome-retry1/trace.zip
    Usage:

        npx playwright show-trace test-results/migrated-admin-api-Admin-A-e38d2-cated-requests-with-401-403-mobile-chrome-retry1/trace.zip

    ────────────────────────────────────────────────────────────────────────────────────────────────

  1533) [mobile-chrome] › e2e/migrated/admin-api.spec.ts:37:9 › Admin API — auth-gated mounted routes › GET /api/admin/notion/submissions rejects unauthenticated requests with 401/403 

    Error: apiRequestContext.get: connect ECONNREFUSED ::1:4000
    Call log:
      - → GET http://localhost:4000/api/admin/notion/submissions
        - user-agent: Mozilla/5.0 (Linux; Android 14; Pixel 7) AppleWebKit/537.36 (KHTML, like Gecko) Chrome/151.0.7922.34 Mobile Safari/537.36
        - accept: */*
        - accept-encoding: gzip,deflate,br

        at apiRequestContext.get: connect ECONNREFUSED ::1:4000
        at /home/tbaltzakis/cloudless.gr/e2e/migrated/admin-api.spec.ts:38:31

    Error Context: test-results/migrated-admin-api-Admin-A-2677d-cated-requests-with-401-403-mobile-chrome/error-context.md

    Retry #1 ───────────────────────────────────────────────────────────────────────────────────────

    Error: apiRequestContext.get: connect ECONNREFUSED ::1:4000
    Call log:
      - → GET http://localhost:4000/api/admin/notion/submissions
        - user-agent: Mozilla/5.0 (Linux; Android 14; Pixel 7) AppleWebKit/537.36 (KHTML, like Gecko) Chrome/151.0.7922.34 Mobile Safari/537.36
        - accept: */*
        - accept-encoding: gzip,deflate,br

        at apiRequestContext.get: connect ECONNREFUSED ::1:4000
        at /home/tbaltzakis/cloudless.gr/e2e/migrated/admin-api.spec.ts:38:31

    Error Context: test-results/migrated-admin-api-Admin-A-2677d-cated-requests-with-401-403-mobile-chrome-retry1/error-context.md

    attachment #2: trace (application/zip) ─────────────────────────────────────────────────────────
    test-results/migrated-admin-api-Admin-A-2677d-cated-requests-with-401-403-mobile-chrome-retry1/trace.zip
    Usage:

        npx playwright show-trace test-results/migrated-admin-api-Admin-A-2677d-cated-requests-with-401-403-mobile-chrome-retry1/trace.zip

    ────────────────────────────────────────────────────────────────────────────────────────────────

  1534) [mobile-chrome] › e2e/migrated/admin-api.spec.ts:37:9 › Admin API — auth-gated mounted routes › GET /api/admin/notion/tasks rejects unauthenticated requests with 401/403 

    Error: apiRequestContext.get: connect ECONNREFUSED ::1:4000
    Call log:
      - → GET http://localhost:4000/api/admin/notion/tasks
        - user-agent: Mozilla/5.0 (Linux; Android 14; Pixel 7) AppleWebKit/537.36 (KHTML, like Gecko) Chrome/151.0.7922.34 Mobile Safari/537.36
        - accept: */*
        - accept-encoding: gzip,deflate,br

        at apiRequestContext.get: connect ECONNREFUSED ::1:4000
        at /home/tbaltzakis/cloudless.gr/e2e/migrated/admin-api.spec.ts:38:31

    Error Context: test-results/migrated-admin-api-Admin-A-17cbe-cated-requests-with-401-403-mobile-chrome/error-context.md

    Retry #1 ───────────────────────────────────────────────────────────────────────────────────────

    Error: apiRequestContext.get: connect ECONNREFUSED ::1:4000
    Call log:
      - → GET http://localhost:4000/api/admin/notion/tasks
        - user-agent: Mozilla/5.0 (Linux; Android 14; Pixel 7) AppleWebKit/537.36 (KHTML, like Gecko) Chrome/151.0.7922.34 Mobile Safari/537.36
        - accept: */*
        - accept-encoding: gzip,deflate,br

        at apiRequestContext.get: connect ECONNREFUSED ::1:4000
        at /home/tbaltzakis/cloudless.gr/e2e/migrated/admin-api.spec.ts:38:31

    Error Context: test-results/migrated-admin-api-Admin-A-17cbe-cated-requests-with-401-403-mobile-chrome-retry1/error-context.md

    attachment #2: trace (application/zip) ─────────────────────────────────────────────────────────
    test-results/migrated-admin-api-Admin-A-17cbe-cated-requests-with-401-403-mobile-chrome-retry1/trace.zip
    Usage:

        npx playwright show-trace test-results/migrated-admin-api-Admin-A-17cbe-cated-requests-with-401-403-mobile-chrome-retry1/trace.zip

    ────────────────────────────────────────────────────────────────────────────────────────────────

  1535) [mobile-chrome] › e2e/migrated/admin-api.spec.ts:37:9 › Admin API — auth-gated mounted routes › GET /api/admin/ab-tests rejects unauthenticated requests with 401/403 

    Error: apiRequestContext.get: connect ECONNREFUSED ::1:4000
    Call log:
      - → GET http://localhost:4000/api/admin/ab-tests
        - user-agent: Mozilla/5.0 (Linux; Android 14; Pixel 7) AppleWebKit/537.36 (KHTML, like Gecko) Chrome/151.0.7922.34 Mobile Safari/537.36
        - accept: */*
        - accept-encoding: gzip,deflate,br

        at apiRequestContext.get: connect ECONNREFUSED ::1:4000
        at /home/tbaltzakis/cloudless.gr/e2e/migrated/admin-api.spec.ts:38:31

    Error Context: test-results/migrated-admin-api-Admin-A-392d5-cated-requests-with-401-403-mobile-chrome/error-context.md

    Retry #1 ───────────────────────────────────────────────────────────────────────────────────────

    Error: apiRequestContext.get: connect ECONNREFUSED ::1:4000
    Call log:
      - → GET http://localhost:4000/api/admin/ab-tests
        - user-agent: Mozilla/5.0 (Linux; Android 14; Pixel 7) AppleWebKit/537.36 (KHTML, like Gecko) Chrome/151.0.7922.34 Mobile Safari/537.36
        - accept: */*
        - accept-encoding: gzip,deflate,br

        at apiRequestContext.get: connect ECONNREFUSED ::1:4000
        at /home/tbaltzakis/cloudless.gr/e2e/migrated/admin-api.spec.ts:38:31

    Error Context: test-results/migrated-admin-api-Admin-A-392d5-cated-requests-with-401-403-mobile-chrome-retry1/error-context.md

    attachment #2: trace (application/zip) ─────────────────────────────────────────────────────────
    test-results/migrated-admin-api-Admin-A-392d5-cated-requests-with-401-403-mobile-chrome-retry1/trace.zip
    Usage:

        npx playwright show-trace test-results/migrated-admin-api-Admin-A-392d5-cated-requests-with-401-403-mobile-chrome-retry1/trace.zip

    ────────────────────────────────────────────────────────────────────────────────────────────────

  1536) [mobile-chrome] › e2e/migrated/admin-api.spec.ts:37:9 › Admin API — auth-gated mounted routes › GET /api/admin/client-portals rejects unauthenticated requests with 401/403 

    Error: apiRequestContext.get: connect ECONNREFUSED ::1:4000
    Call log:
      - → GET http://localhost:4000/api/admin/client-portals
        - user-agent: Mozilla/5.0 (Linux; Android 14; Pixel 7) AppleWebKit/537.36 (KHTML, like Gecko) Chrome/151.0.7922.34 Mobile Safari/537.36
        - accept: */*
        - accept-encoding: gzip,deflate,br

        at apiRequestContext.get: connect ECONNREFUSED ::1:4000
        at /home/tbaltzakis/cloudless.gr/e2e/migrated/admin-api.spec.ts:38:31

    Error Context: test-results/migrated-admin-api-Admin-A-a01ae-cated-requests-with-401-403-mobile-chrome/error-context.md

    Retry #1 ───────────────────────────────────────────────────────────────────────────────────────

    Error: apiRequestContext.get: connect ECONNREFUSED ::1:4000
    Call log:
      - → GET http://localhost:4000/api/admin/client-portals
        - user-agent: Mozilla/5.0 (Linux; Android 14; Pixel 7) AppleWebKit/537.36 (KHTML, like Gecko) Chrome/151.0.7922.34 Mobile Safari/537.36
        - accept: */*
        - accept-encoding: gzip,deflate,br

        at apiRequestContext.get: connect ECONNREFUSED ::1:4000
        at /home/tbaltzakis/cloudless.gr/e2e/migrated/admin-api.spec.ts:38:31

    Error Context: test-results/migrated-admin-api-Admin-A-a01ae-cated-requests-with-401-403-mobile-chrome-retry1/error-context.md

    attachment #2: trace (application/zip) ─────────────────────────────────────────────────────────
    test-results/migrated-admin-api-Admin-A-a01ae-cated-requests-with-401-403-mobile-chrome-retry1/trace.zip
    Usage:

        npx playwright show-trace test-results/migrated-admin-api-Admin-A-a01ae-cated-requests-with-401-403-mobile-chrome-retry1/trace.zip

    ────────────────────────────────────────────────────────────────────────────────────────────────

  1537) [mobile-chrome] › e2e/migrated/admin-api.spec.ts:37:9 › Admin API — auth-gated mounted routes › GET /api/admin/users rejects unauthenticated requests with 401/403 

    Error: apiRequestContext.get: connect ECONNREFUSED ::1:4000
    Call log:
      - → GET http://localhost:4000/api/admin/users
        - user-agent: Mozilla/5.0 (Linux; Android 14; Pixel 7) AppleWebKit/537.36 (KHTML, like Gecko) Chrome/151.0.7922.34 Mobile Safari/537.36
        - accept: */*
        - accept-encoding: gzip,deflate,br

        at apiRequestContext.get: connect ECONNREFUSED ::1:4000
        at /home/tbaltzakis/cloudless.gr/e2e/migrated/admin-api.spec.ts:38:31

    Error Context: test-results/migrated-admin-api-Admin-A-e8718-cated-requests-with-401-403-mobile-chrome/error-context.md

    Retry #1 ───────────────────────────────────────────────────────────────────────────────────────

    Error: apiRequestContext.get: connect ECONNREFUSED ::1:4000
    Call log:
      - → GET http://localhost:4000/api/admin/users
        - user-agent: Mozilla/5.0 (Linux; Android 14; Pixel 7) AppleWebKit/537.36 (KHTML, like Gecko) Chrome/151.0.7922.34 Mobile Safari/537.36
        - accept: */*
        - accept-encoding: gzip,deflate,br

        at apiRequestContext.get: connect ECONNREFUSED ::1:4000
        at /home/tbaltzakis/cloudless.gr/e2e/migrated/admin-api.spec.ts:38:31

    Error Context: test-results/migrated-admin-api-Admin-A-e8718-cated-requests-with-401-403-mobile-chrome-retry1/error-context.md

    attachment #2: trace (application/zip) ─────────────────────────────────────────────────────────
    test-results/migrated-admin-api-Admin-A-e8718-cated-requests-with-401-403-mobile-chrome-retry1/trace.zip
    Usage:

        npx playwright show-trace test-results/migrated-admin-api-Admin-A-e8718-cated-requests-with-401-403-mobile-chrome-retry1/trace.zip

    ────────────────────────────────────────────────────────────────────────────────────────────────

  1538) [mobile-chrome] › e2e/migrated/admin-api.spec.ts:37:9 › Admin API — auth-gated mounted routes › GET /api/admin/workspaces rejects unauthenticated requests with 401/403 

    Error: apiRequestContext.get: connect ECONNREFUSED ::1:4000
    Call log:
      - → GET http://localhost:4000/api/admin/workspaces
        - user-agent: Mozilla/5.0 (Linux; Android 14; Pixel 7) AppleWebKit/537.36 (KHTML, like Gecko) Chrome/151.0.7922.34 Mobile Safari/537.36
        - accept: */*
        - accept-encoding: gzip,deflate,br

        at apiRequestContext.get: connect ECONNREFUSED ::1:4000
        at /home/tbaltzakis/cloudless.gr/e2e/migrated/admin-api.spec.ts:38:31

    Error Context: test-results/migrated-admin-api-Admin-A-dc29e-cated-requests-with-401-403-mobile-chrome/error-context.md

    Retry #1 ───────────────────────────────────────────────────────────────────────────────────────

    Error: apiRequestContext.get: connect ECONNREFUSED ::1:4000
    Call log:
      - → GET http://localhost:4000/api/admin/workspaces
        - user-agent: Mozilla/5.0 (Linux; Android 14; Pixel 7) AppleWebKit/537.36 (KHTML, like Gecko) Chrome/151.0.7922.34 Mobile Safari/537.36
        - accept: */*
        - accept-encoding: gzip,deflate,br

        at apiRequestContext.get: connect ECONNREFUSED ::1:4000
        at /home/tbaltzakis/cloudless.gr/e2e/migrated/admin-api.spec.ts:38:31

    Error Context: test-results/migrated-admin-api-Admin-A-dc29e-cated-requests-with-401-403-mobile-chrome-retry1/error-context.md

    attachment #2: trace (application/zip) ─────────────────────────────────────────────────────────
    test-results/migrated-admin-api-Admin-A-dc29e-cated-requests-with-401-403-mobile-chrome-retry1/trace.zip
    Usage:

        npx playwright show-trace test-results/migrated-admin-api-Admin-A-dc29e-cated-requests-with-401-403-mobile-chrome-retry1/trace.zip

    ────────────────────────────────────────────────────────────────────────────────────────────────

  1539) [mobile-chrome] › e2e/migrated/admin-api.spec.ts:37:9 › Admin API — auth-gated mounted routes › GET /api/admin/orders rejects unauthenticated requests with 401/403 

    Error: apiRequestContext.get: connect ECONNREFUSED ::1:4000
    Call log:
      - → GET http://localhost:4000/api/admin/orders
        - user-agent: Mozilla/5.0 (Linux; Android 14; Pixel 7) AppleWebKit/537.36 (KHTML, like Gecko) Chrome/151.0.7922.34 Mobile Safari/537.36
        - accept: */*
        - accept-encoding: gzip,deflate,br

        at apiRequestContext.get: connect ECONNREFUSED ::1:4000
        at /home/tbaltzakis/cloudless.gr/e2e/migrated/admin-api.spec.ts:38:31

    Error Context: test-results/migrated-admin-api-Admin-A-70961-cated-requests-with-401-403-mobile-chrome/error-context.md

    Retry #1 ───────────────────────────────────────────────────────────────────────────────────────

    Error: apiRequestContext.get: connect ECONNREFUSED ::1:4000
    Call log:
      - → GET http://localhost:4000/api/admin/orders
        - user-agent: Mozilla/5.0 (Linux; Android 14; Pixel 7) AppleWebKit/537.36 (KHTML, like Gecko) Chrome/151.0.7922.34 Mobile Safari/537.36
        - accept: */*
        - accept-encoding: gzip,deflate,br

        at apiRequestContext.get: connect ECONNREFUSED ::1:4000
        at /home/tbaltzakis/cloudless.gr/e2e/migrated/admin-api.spec.ts:38:31

    Error Context: test-results/migrated-admin-api-Admin-A-70961-cated-requests-with-401-403-mobile-chrome-retry1/error-context.md

    attachment #2: trace (application/zip) ─────────────────────────────────────────────────────────
    test-results/migrated-admin-api-Admin-A-70961-cated-requests-with-401-403-mobile-chrome-retry1/trace.zip
    Usage:

        npx playwright show-trace test-results/migrated-admin-api-Admin-A-70961-cated-requests-with-401-403-mobile-chrome-retry1/trace.zip

    ────────────────────────────────────────────────────────────────────────────────────────────────

  1540) [mobile-chrome] › e2e/migrated/admin-api.spec.ts:37:9 › Admin API — auth-gated mounted routes › GET /api/admin/integrations/status rejects unauthenticated requests with 401/403 

    Error: apiRequestContext.get: connect ECONNREFUSED ::1:4000
    Call log:
      - → GET http://localhost:4000/api/admin/integrations/status
        - user-agent: Mozilla/5.0 (Linux; Android 14; Pixel 7) AppleWebKit/537.36 (KHTML, like Gecko) Chrome/151.0.7922.34 Mobile Safari/537.36
        - accept: */*
        - accept-encoding: gzip,deflate,br

        at apiRequestContext.get: connect ECONNREFUSED ::1:4000
        at /home/tbaltzakis/cloudless.gr/e2e/migrated/admin-api.spec.ts:38:31

    Error Context: test-results/migrated-admin-api-Admin-A-eaf40-cated-requests-with-401-403-mobile-chrome/error-context.md

    Retry #1 ───────────────────────────────────────────────────────────────────────────────────────

    Error: apiRequestContext.get: connect ECONNREFUSED ::1:4000
    Call log:
      - → GET http://localhost:4000/api/admin/integrations/status
        - user-agent: Mozilla/5.0 (Linux; Android 14; Pixel 7) AppleWebKit/537.36 (KHTML, like Gecko) Chrome/151.0.7922.34 Mobile Safari/537.36
        - accept: */*
        - accept-encoding: gzip,deflate,br

        at apiRequestContext.get: connect ECONNREFUSED ::1:4000
        at /home/tbaltzakis/cloudless.gr/e2e/migrated/admin-api.spec.ts:38:31

    Error Context: test-results/migrated-admin-api-Admin-A-eaf40-cated-requests-with-401-403-mobile-chrome-retry1/error-context.md

    attachment #2: trace (application/zip) ─────────────────────────────────────────────────────────
    test-results/migrated-admin-api-Admin-A-eaf40-cated-requests-with-401-403-mobile-chrome-retry1/trace.zip
    Usage:

        npx playwright show-trace test-results/migrated-admin-api-Admin-A-eaf40-cated-requests-with-401-403-mobile-chrome-retry1/trace.zip

    ────────────────────────────────────────────────────────────────────────────────────────────────

  1541) [mobile-chrome] › e2e/migrated/admin-api.spec.ts:37:9 › Admin API — auth-gated mounted routes › GET /api/admin/notifications rejects unauthenticated requests with 401/403 

    Error: apiRequestContext.get: connect ECONNREFUSED ::1:4000
    Call log:
      - → GET http://localhost:4000/api/admin/notifications
        - user-agent: Mozilla/5.0 (Linux; Android 14; Pixel 7) AppleWebKit/537.36 (KHTML, like Gecko) Chrome/151.0.7922.34 Mobile Safari/537.36
        - accept: */*
        - accept-encoding: gzip,deflate,br

        at apiRequestContext.get: connect ECONNREFUSED ::1:4000
        at /home/tbaltzakis/cloudless.gr/e2e/migrated/admin-api.spec.ts:38:31

    Error Context: test-results/migrated-admin-api-Admin-A-ffe7c-cated-requests-with-401-403-mobile-chrome/error-context.md

    Retry #1 ───────────────────────────────────────────────────────────────────────────────────────

    Error: apiRequestContext.get: connect ECONNREFUSED ::1:4000
    Call log:
      - → GET http://localhost:4000/api/admin/notifications
        - user-agent: Mozilla/5.0 (Linux; Android 14; Pixel 7) AppleWebKit/537.36 (KHTML, like Gecko) Chrome/151.0.7922.34 Mobile Safari/537.36
        - accept: */*
        - accept-encoding: gzip,deflate,br

        at apiRequestContext.get: connect ECONNREFUSED ::1:4000
        at /home/tbaltzakis/cloudless.gr/e2e/migrated/admin-api.spec.ts:38:31

    Error Context: test-results/migrated-admin-api-Admin-A-ffe7c-cated-requests-with-401-403-mobile-chrome-retry1/error-context.md

    attachment #2: trace (application/zip) ─────────────────────────────────────────────────────────
    test-results/migrated-admin-api-Admin-A-ffe7c-cated-requests-with-401-403-mobile-chrome-retry1/trace.zip
    Usage:

        npx playwright show-trace test-results/migrated-admin-api-Admin-A-ffe7c-cated-requests-with-401-403-mobile-chrome-retry1/trace.zip

    ────────────────────────────────────────────────────────────────────────────────────────────────

  1542) [mobile-chrome] › e2e/migrated/admin-api.spec.ts:37:9 › Admin API — auth-gated mounted routes › GET /api/admin/ops/monitor rejects unauthenticated requests with 401/403 

    Error: apiRequestContext.get: connect ECONNREFUSED ::1:4000
    Call log:
      - → GET http://localhost:4000/api/admin/ops/monitor
        - user-agent: Mozilla/5.0 (Linux; Android 14; Pixel 7) AppleWebKit/537.36 (KHTML, like Gecko) Chrome/151.0.7922.34 Mobile Safari/537.36
        - accept: */*
        - accept-encoding: gzip,deflate,br

        at apiRequestContext.get: connect ECONNREFUSED ::1:4000
        at /home/tbaltzakis/cloudless.gr/e2e/migrated/admin-api.spec.ts:38:31

    Error Context: test-results/migrated-admin-api-Admin-A-cc76a-cated-requests-with-401-403-mobile-chrome/error-context.md

    Retry #1 ───────────────────────────────────────────────────────────────────────────────────────

    Error: apiRequestContext.get: connect ECONNREFUSED ::1:4000
    Call log:
      - → GET http://localhost:4000/api/admin/ops/monitor
        - user-agent: Mozilla/5.0 (Linux; Android 14; Pixel 7) AppleWebKit/537.36 (KHTML, like Gecko) Chrome/151.0.7922.34 Mobile Safari/537.36
        - accept: */*
        - accept-encoding: gzip,deflate,br

        at apiRequestContext.get: connect ECONNREFUSED ::1:4000
        at /home/tbaltzakis/cloudless.gr/e2e/migrated/admin-api.spec.ts:38:31

    Error Context: test-results/migrated-admin-api-Admin-A-cc76a-cated-requests-with-401-403-mobile-chrome-retry1/error-context.md

    attachment #2: trace (application/zip) ─────────────────────────────────────────────────────────
    test-results/migrated-admin-api-Admin-A-cc76a-cated-requests-with-401-403-mobile-chrome-retry1/trace.zip
    Usage:

        npx playwright show-trace test-results/migrated-admin-api-Admin-A-cc76a-cated-requests-with-401-403-mobile-chrome-retry1/trace.zip

    ────────────────────────────────────────────────────────────────────────────────────────────────

  1543) [mobile-chrome] › e2e/migrated/admin-api.spec.ts:57:9 › Admin API — unmounted parent paths › GET /api/admin/analytics is the not-found HTML page (no API exposed) 

    Error: apiRequestContext.get: connect ECONNREFUSED ::1:4000
    Call log:
      - → GET http://localhost:4000/api/admin/analytics
        - user-agent: Mozilla/5.0 (Linux; Android 14; Pixel 7) AppleWebKit/537.36 (KHTML, like Gecko) Chrome/151.0.7922.34 Mobile Safari/537.36
        - accept: */*
        - accept-encoding: gzip,deflate,br

        at apiRequestContext.get: connect ECONNREFUSED ::1:4000
        at /home/tbaltzakis/cloudless.gr/e2e/migrated/admin-api.spec.ts:58:31

    Error Context: test-results/migrated-admin-api-Admin-A-f4126-d-HTML-page-no-API-exposed--mobile-chrome/error-context.md

    Retry #1 ───────────────────────────────────────────────────────────────────────────────────────

    Error: apiRequestContext.get: connect ECONNREFUSED ::1:4000
    Call log:
      - → GET http://localhost:4000/api/admin/analytics
        - user-agent: Mozilla/5.0 (Linux; Android 14; Pixel 7) AppleWebKit/537.36 (KHTML, like Gecko) Chrome/151.0.7922.34 Mobile Safari/537.36
        - accept: */*
        - accept-encoding: gzip,deflate,br

        at apiRequestContext.get: connect ECONNREFUSED ::1:4000
        at /home/tbaltzakis/cloudless.gr/e2e/migrated/admin-api.spec.ts:58:31

    Error Context: test-results/migrated-admin-api-Admin-A-f4126-d-HTML-page-no-API-exposed--mobile-chrome-retry1/error-context.md

    attachment #2: trace (application/zip) ─────────────────────────────────────────────────────────
    test-results/migrated-admin-api-Admin-A-f4126-d-HTML-page-no-API-exposed--mobile-chrome-retry1/trace.zip
    Usage:

        npx playwright show-trace test-results/migrated-admin-api-Admin-A-f4126-d-HTML-page-no-API-exposed--mobile-chrome-retry1/trace.zip

    ────────────────────────────────────────────────────────────────────────────────────────────────

  1544) [mobile-chrome] › e2e/migrated/admin-api.spec.ts:57:9 › Admin API — unmounted parent paths › GET /api/admin/campaigns is the not-found HTML page (no API exposed) 

    Error: apiRequestContext.get: connect ECONNREFUSED ::1:4000
    Call log:
      - → GET http://localhost:4000/api/admin/campaigns
        - user-agent: Mozilla/5.0 (Linux; Android 14; Pixel 7) AppleWebKit/537.36 (KHTML, like Gecko) Chrome/151.0.7922.34 Mobile Safari/537.36
        - accept: */*
        - accept-encoding: gzip,deflate,br

        at apiRequestContext.get: connect ECONNREFUSED ::1:4000
        at /home/tbaltzakis/cloudless.gr/e2e/migrated/admin-api.spec.ts:58:31

    Error Context: test-results/migrated-admin-api-Admin-A-485ca-d-HTML-page-no-API-exposed--mobile-chrome/error-context.md

    Retry #1 ───────────────────────────────────────────────────────────────────────────────────────

    Error: apiRequestContext.get: connect ECONNREFUSED ::1:4000
    Call log:
      - → GET http://localhost:4000/api/admin/campaigns
        - user-agent: Mozilla/5.0 (Linux; Android 14; Pixel 7) AppleWebKit/537.36 (KHTML, like Gecko) Chrome/151.0.7922.34 Mobile Safari/537.36
        - accept: */*
        - accept-encoding: gzip,deflate,br

        at apiRequestContext.get: connect ECONNREFUSED ::1:4000
        at /home/tbaltzakis/cloudless.gr/e2e/migrated/admin-api.spec.ts:58:31

    Error Context: test-results/migrated-admin-api-Admin-A-485ca-d-HTML-page-no-API-exposed--mobile-chrome-retry1/error-context.md

    attachment #2: trace (application/zip) ─────────────────────────────────────────────────────────
    test-results/migrated-admin-api-Admin-A-485ca-d-HTML-page-no-API-exposed--mobile-chrome-retry1/trace.zip
    Usage:

        npx playwright show-trace test-results/migrated-admin-api-Admin-A-485ca-d-HTML-page-no-API-exposed--mobile-chrome-retry1/trace.zip

    ────────────────────────────────────────────────────────────────────────────────────────────────

  1545) [mobile-chrome] › e2e/migrated/admin-api.spec.ts:57:9 › Admin API — unmounted parent paths › GET /api/admin/crm is the not-found HTML page (no API exposed) 

    Error: apiRequestContext.get: connect ECONNREFUSED ::1:4000
    Call log:
      - → GET http://localhost:4000/api/admin/crm
        - user-agent: Mozilla/5.0 (Linux; Android 14; Pixel 7) AppleWebKit/537.36 (KHTML, like Gecko) Chrome/151.0.7922.34 Mobile Safari/537.36
        - accept: */*
        - accept-encoding: gzip,deflate,br

        at apiRequestContext.get: connect ECONNREFUSED ::1:4000
        at /home/tbaltzakis/cloudless.gr/e2e/migrated/admin-api.spec.ts:58:31

    Error Context: test-results/migrated-admin-api-Admin-A-cc118-d-HTML-page-no-API-exposed--mobile-chrome/error-context.md

    Retry #1 ───────────────────────────────────────────────────────────────────────────────────────

    Error: apiRequestContext.get: connect ECONNREFUSED ::1:4000
    Call log:
      - → GET http://localhost:4000/api/admin/crm
        - user-agent: Mozilla/5.0 (Linux; Android 14; Pixel 7) AppleWebKit/537.36 (KHTML, like Gecko) Chrome/151.0.7922.34 Mobile Safari/537.36
        - accept: */*
        - accept-encoding: gzip,deflate,br

        at apiRequestContext.get: connect ECONNREFUSED ::1:4000
        at /home/tbaltzakis/cloudless.gr/e2e/migrated/admin-api.spec.ts:58:31

    Error Context: test-results/migrated-admin-api-Admin-A-cc118-d-HTML-page-no-API-exposed--mobile-chrome-retry1/error-context.md

    attachment #2: trace (application/zip) ─────────────────────────────────────────────────────────
    test-results/migrated-admin-api-Admin-A-cc118-d-HTML-page-no-API-exposed--mobile-chrome-retry1/trace.zip
    Usage:

        npx playwright show-trace test-results/migrated-admin-api-Admin-A-cc118-d-HTML-page-no-API-exposed--mobile-chrome-retry1/trace.zip

    ────────────────────────────────────────────────────────────────────────────────────────────────

  1546) [mobile-chrome] › e2e/migrated/admin-api.spec.ts:57:9 › Admin API — unmounted parent paths › GET /api/admin/email is the not-found HTML page (no API exposed) 

    Error: apiRequestContext.get: connect ECONNREFUSED ::1:4000
    Call log:
      - → GET http://localhost:4000/api/admin/email
        - user-agent: Mozilla/5.0 (Linux; Android 14; Pixel 7) AppleWebKit/537.36 (KHTML, like Gecko) Chrome/151.0.7922.34 Mobile Safari/537.36
        - accept: */*
        - accept-encoding: gzip,deflate,br

        at apiRequestContext.get: connect ECONNREFUSED ::1:4000
        at /home/tbaltzakis/cloudless.gr/e2e/migrated/admin-api.spec.ts:58:31

    Error Context: test-results/migrated-admin-api-Admin-A-368e9-d-HTML-page-no-API-exposed--mobile-chrome/error-context.md

    Retry #1 ───────────────────────────────────────────────────────────────────────────────────────

    Error: apiRequestContext.get: connect ECONNREFUSED ::1:4000
    Call log:
      - → GET http://localhost:4000/api/admin/email
        - user-agent: Mozilla/5.0 (Linux; Android 14; Pixel 7) AppleWebKit/537.36 (KHTML, like Gecko) Chrome/151.0.7922.34 Mobile Safari/537.36
        - accept: */*
        - accept-encoding: gzip,deflate,br

        at apiRequestContext.get: connect ECONNREFUSED ::1:4000
        at /home/tbaltzakis/cloudless.gr/e2e/migrated/admin-api.spec.ts:58:31

    Error Context: test-results/migrated-admin-api-Admin-A-368e9-d-HTML-page-no-API-exposed--mobile-chrome-retry1/error-context.md

    attachment #2: trace (application/zip) ─────────────────────────────────────────────────────────
    test-results/migrated-admin-api-Admin-A-368e9-d-HTML-page-no-API-exposed--mobile-chrome-retry1/trace.zip
    Usage:

        npx playwright show-trace test-results/migrated-admin-api-Admin-A-368e9-d-HTML-page-no-API-exposed--mobile-chrome-retry1/trace.zip

    ────────────────────────────────────────────────────────────────────────────────────────────────

  1547) [mobile-chrome] › e2e/migrated/admin-api.spec.ts:57:9 › Admin API — unmounted parent paths › GET /api/admin/pipeline is the not-found HTML page (no API exposed) 

    Error: apiRequestContext.get: connect ECONNREFUSED ::1:4000
    Call log:
      - → GET http://localhost:4000/api/admin/pipeline
        - user-agent: Mozilla/5.0 (Linux; Android 14; Pixel 7) AppleWebKit/537.36 (KHTML, like Gecko) Chrome/151.0.7922.34 Mobile Safari/537.36
        - accept: */*
        - accept-encoding: gzip,deflate,br

        at apiRequestContext.get: connect ECONNREFUSED ::1:4000
        at /home/tbaltzakis/cloudless.gr/e2e/migrated/admin-api.spec.ts:58:31

    Error Context: test-results/migrated-admin-api-Admin-A-2885e-d-HTML-page-no-API-exposed--mobile-chrome/error-context.md

    Retry #1 ───────────────────────────────────────────────────────────────────────────────────────

    Error: apiRequestContext.get: connect ECONNREFUSED ::1:4000
    Call log:
      - → GET http://localhost:4000/api/admin/pipeline
        - user-agent: Mozilla/5.0 (Linux; Android 14; Pixel 7) AppleWebKit/537.36 (KHTML, like Gecko) Chrome/151.0.7922.34 Mobile Safari/537.36
        - accept: */*
        - accept-encoding: gzip,deflate,br

        at apiRequestContext.get: connect ECONNREFUSED ::1:4000
        at /home/tbaltzakis/cloudless.gr/e2e/migrated/admin-api.spec.ts:58:31

    Error Context: test-results/migrated-admin-api-Admin-A-2885e-d-HTML-page-no-API-exposed--mobile-chrome-retry1/error-context.md

    attachment #2: trace (application/zip) ─────────────────────────────────────────────────────────
    test-results/migrated-admin-api-Admin-A-2885e-d-HTML-page-no-API-exposed--mobile-chrome-retry1/trace.zip
    Usage:

        npx playwright show-trace test-results/migrated-admin-api-Admin-A-2885e-d-HTML-page-no-API-exposed--mobile-chrome-retry1/trace.zip

    ────────────────────────────────────────────────────────────────────────────────────────────────

  1548) [mobile-chrome] › e2e/migrated/admin-api.spec.ts:57:9 › Admin API — unmounted parent paths › GET /api/admin/projects is the not-found HTML page (no API exposed) 

    Error: apiRequestContext.get: connect ECONNREFUSED ::1:4000
    Call log:
      - → GET http://localhost:4000/api/admin/projects
        - user-agent: Mozilla/5.0 (Linux; Android 14; Pixel 7) AppleWebKit/537.36 (KHTML, like Gecko) Chrome/151.0.7922.34 Mobile Safari/537.36
        - accept: */*
        - accept-encoding: gzip,deflate,br

        at apiRequestContext.get: connect ECONNREFUSED ::1:4000
        at /home/tbaltzakis/cloudless.gr/e2e/migrated/admin-api.spec.ts:58:31

    Error Context: test-results/migrated-admin-api-Admin-A-d9d79-d-HTML-page-no-API-exposed--mobile-chrome/error-context.md

    Retry #1 ───────────────────────────────────────────────────────────────────────────────────────

    Error: apiRequestContext.get: connect ECONNREFUSED ::1:4000
    Call log:
      - → GET http://localhost:4000/api/admin/projects
        - user-agent: Mozilla/5.0 (Linux; Android 14; Pixel 7) AppleWebKit/537.36 (KHTML, like Gecko) Chrome/151.0.7922.34 Mobile Safari/537.36
        - accept: */*
        - accept-encoding: gzip,deflate,br

        at apiRequestContext.get: connect ECONNREFUSED ::1:4000
        at /home/tbaltzakis/cloudless.gr/e2e/migrated/admin-api.spec.ts:58:31

    Error Context: test-results/migrated-admin-api-Admin-A-d9d79-d-HTML-page-no-API-exposed--mobile-chrome-retry1/error-context.md

    attachment #2: trace (application/zip) ─────────────────────────────────────────────────────────
    test-results/migrated-admin-api-Admin-A-d9d79-d-HTML-page-no-API-exposed--mobile-chrome-retry1/trace.zip
    Usage:

        npx playwright show-trace test-results/migrated-admin-api-Admin-A-d9d79-d-HTML-page-no-API-exposed--mobile-chrome-retry1/trace.zip

    ────────────────────────────────────────────────────────────────────────────────────────────────

  1549) [mobile-chrome] › e2e/migrated/admin-api.spec.ts:68:7 › Admin API — cache control › GET /api/admin/cache returns 401 or 405 

    Error: apiRequestContext.get: connect ECONNREFUSED ::1:4000
    Call log:
      - → GET http://localhost:4000/api/admin/cache
        - user-agent: Mozilla/5.0 (Linux; Android 14; Pixel 7) AppleWebKit/537.36 (KHTML, like Gecko) Chrome/151.0.7922.34 Mobile Safari/537.36
        - accept: */*
        - accept-encoding: gzip,deflate,br

        at apiRequestContext.get: connect ECONNREFUSED ::1:4000
        at /home/tbaltzakis/cloudless.gr/e2e/migrated/admin-api.spec.ts:69:29

    Error Context: test-results/migrated-admin-api-Admin-A-47041-in-cache-returns-401-or-405-mobile-chrome/error-context.md

    Retry #1 ───────────────────────────────────────────────────────────────────────────────────────

    Error: apiRequestContext.get: connect ECONNREFUSED ::1:4000
    Call log:
      - → GET http://localhost:4000/api/admin/cache
        - user-agent: Mozilla/5.0 (Linux; Android 14; Pixel 7) AppleWebKit/537.36 (KHTML, like Gecko) Chrome/151.0.7922.34 Mobile Safari/537.36
        - accept: */*
        - accept-encoding: gzip,deflate,br

        at apiRequestContext.get: connect ECONNREFUSED ::1:4000
        at /home/tbaltzakis/cloudless.gr/e2e/migrated/admin-api.spec.ts:69:29

    Error Context: test-results/migrated-admin-api-Admin-A-47041-in-cache-returns-401-or-405-mobile-chrome-retry1/error-context.md

    attachment #2: trace (application/zip) ─────────────────────────────────────────────────────────
    test-results/migrated-admin-api-Admin-A-47041-in-cache-returns-401-or-405-mobile-chrome-retry1/trace.zip
    Usage:

        npx playwright show-trace test-results/migrated-admin-api-Admin-A-47041-in-cache-returns-401-or-405-mobile-chrome-retry1/trace.zip

    ────────────────────────────────────────────────────────────────────────────────────────────────

  1550) [mobile-chrome] › e2e/migrated/admin-api.spec.ts:75:7 › Admin API — POST endpoints require auth › POST /api/admin/ai/analytics-orchestration without auth → 401 

    Error: apiRequestContext.post: connect ECONNREFUSED ::1:4000
    Call log:
      - → POST http://localhost:4000/api/admin/ai/analytics-orchestration
        - user-agent: Mozilla/5.0 (Linux; Android 14; Pixel 7) AppleWebKit/537.36 (KHTML, like Gecko) Chrome/151.0.7922.34 Mobile Safari/537.36
        - accept: */*
        - accept-encoding: gzip,deflate,br
        - content-type: application/json
        - content-length: 2

        at apiRequestContext.post: connect ECONNREFUSED ::1:4000
        at /home/tbaltzakis/cloudless.gr/e2e/migrated/admin-api.spec.ts:76:29

    Error Context: test-results/migrated-admin-api-Admin-A-c0e05-stration-without-auth-→-401-mobile-chrome/error-context.md

    Retry #1 ───────────────────────────────────────────────────────────────────────────────────────

    Error: apiRequestContext.post: connect ECONNREFUSED ::1:4000
    Call log:
      - → POST http://localhost:4000/api/admin/ai/analytics-orchestration
        - user-agent: Mozilla/5.0 (Linux; Android 14; Pixel 7) AppleWebKit/537.36 (KHTML, like Gecko) Chrome/151.0.7922.34 Mobile Safari/537.36
        - accept: */*
        - accept-encoding: gzip,deflate,br
        - content-type: application/json
        - content-length: 2

        at apiRequestContext.post: connect ECONNREFUSED ::1:4000
        at /home/tbaltzakis/cloudless.gr/e2e/migrated/admin-api.spec.ts:76:29

    Error Context: test-results/migrated-admin-api-Admin-A-c0e05-stration-without-auth-→-401-mobile-chrome-retry1/error-context.md

    attachment #2: trace (application/zip) ─────────────────────────────────────────────────────────
    test-results/migrated-admin-api-Admin-A-c0e05-stration-without-auth-→-401-mobile-chrome-retry1/trace.zip
    Usage:

        npx playwright show-trace test-results/migrated-admin-api-Admin-A-c0e05-stration-without-auth-→-401-mobile-chrome-retry1/trace.zip

    ────────────────────────────────────────────────────────────────────────────────────────────────

  1551) [mobile-chrome] › e2e/migrated/admin-api.spec.ts:80:7 › Admin API — POST endpoints require auth › POST /api/admin/ai/analytics-orchestration/pdf without auth → 401 

    Error: apiRequestContext.post: connect ECONNREFUSED ::1:4000
    Call log:
      - → POST http://localhost:4000/api/admin/ai/analytics-orchestration/pdf
        - user-agent: Mozilla/5.0 (Linux; Android 14; Pixel 7) AppleWebKit/537.36 (KHTML, like Gecko) Chrome/151.0.7922.34 Mobile Safari/537.36
        - accept: */*
        - accept-encoding: gzip,deflate,br
        - content-type: application/json
        - content-length: 2

        at apiRequestContext.post: connect ECONNREFUSED ::1:4000
        at /home/tbaltzakis/cloudless.gr/e2e/migrated/admin-api.spec.ts:81:29

    Error Context: test-results/migrated-admin-api-Admin-A-5d2b2-tion-pdf-without-auth-→-401-mobile-chrome/error-context.md

    Retry #1 ───────────────────────────────────────────────────────────────────────────────────────

    Error: apiRequestContext.post: connect ECONNREFUSED ::1:4000
    Call log:
      - → POST http://localhost:4000/api/admin/ai/analytics-orchestration/pdf
        - user-agent: Mozilla/5.0 (Linux; Android 14; Pixel 7) AppleWebKit/537.36 (KHTML, like Gecko) Chrome/151.0.7922.34 Mobile Safari/537.36
        - accept: */*
        - accept-encoding: gzip,deflate,br
        - content-type: application/json
        - content-length: 2

        at apiRequestContext.post: connect ECONNREFUSED ::1:4000
        at /home/tbaltzakis/cloudless.gr/e2e/migrated/admin-api.spec.ts:81:29

    Error Context: test-results/migrated-admin-api-Admin-A-5d2b2-tion-pdf-without-auth-→-401-mobile-chrome-retry1/error-context.md

    attachment #2: trace (application/zip) ─────────────────────────────────────────────────────────
    test-results/migrated-admin-api-Admin-A-5d2b2-tion-pdf-without-auth-→-401-mobile-chrome-retry1/trace.zip
    Usage:

        npx playwright show-trace test-results/migrated-admin-api-Admin-A-5d2b2-tion-pdf-without-auth-→-401-mobile-chrome-retry1/trace.zip

    ────────────────────────────────────────────────────────────────────────────────────────────────

  1552) [mobile-chrome] › e2e/migrated/i18n-branches.spec.ts:9:7 › Locale negotiation branches › root / redirects to default locale 

    Error: apiRequestContext.get: connect ECONNREFUSED ::1:4000
    Call log:
      - → GET http://localhost:4000/
        - user-agent: Mozilla/5.0 (Linux; Android 14; Pixel 7) AppleWebKit/537.36 (KHTML, like Gecko) Chrome/151.0.7922.34 Mobile Safari/537.36
        - accept: */*
        - accept-encoding: gzip,deflate,br

        at apiRequestContext.get: connect ECONNREFUSED ::1:4000
        at /home/tbaltzakis/cloudless.gr/e2e/migrated/i18n-branches.spec.ts:10:29

    Error Context: test-results/migrated-i18n-branches-Loc-cc92f-redirects-to-default-locale-mobile-chrome/error-context.md

    Retry #1 ───────────────────────────────────────────────────────────────────────────────────────

    Error: apiRequestContext.get: connect ECONNREFUSED ::1:4000
    Call log:
      - → GET http://localhost:4000/
        - user-agent: Mozilla/5.0 (Linux; Android 14; Pixel 7) AppleWebKit/537.36 (KHTML, like Gecko) Chrome/151.0.7922.34 Mobile Safari/537.36
        - accept: */*
        - accept-encoding: gzip,deflate,br

        at apiRequestContext.get: connect ECONNREFUSED ::1:4000
        at /home/tbaltzakis/cloudless.gr/e2e/migrated/i18n-branches.spec.ts:10:29

    Error Context: test-results/migrated-i18n-branches-Loc-cc92f-redirects-to-default-locale-mobile-chrome-retry1/error-context.md

    attachment #2: trace (application/zip) ─────────────────────────────────────────────────────────
    test-results/migrated-i18n-branches-Loc-cc92f-redirects-to-default-locale-mobile-chrome-retry1/trace.zip
    Usage:

        npx playwright show-trace test-results/migrated-i18n-branches-Loc-cc92f-redirects-to-default-locale-mobile-chrome-retry1/trace.zip

    ────────────────────────────────────────────────────────────────────────────────────────────────

  1553) [mobile-chrome] › e2e/migrated/i18n-branches.spec.ts:18:7 › Locale negotiation branches › Accept-Language: el prefers Greek 

    Error: apiRequestContext.get: connect ECONNREFUSED ::1:4000
    Call log:
      - → GET http://localhost:4000/
        - user-agent: Mozilla/5.0 (Linux; Android 14; Pixel 7) AppleWebKit/537.36 (KHTML, like Gecko) Chrome/151.0.7922.34 Mobile Safari/537.36
        - accept: */*
        - accept-encoding: gzip,deflate,br
        - accept-language: el-GR,el;q=0.9

        at apiRequestContext.get: connect ECONNREFUSED ::1:4000
        at /home/tbaltzakis/cloudless.gr/e2e/migrated/i18n-branches.spec.ts:19:29

    Error Context: test-results/migrated-i18n-branches-Loc-f7e29-t-Language-el-prefers-Greek-mobile-chrome/error-context.md

    Retry #1 ───────────────────────────────────────────────────────────────────────────────────────

    Error: apiRequestContext.get: connect ECONNREFUSED ::1:4000
    Call log:
      - → GET http://localhost:4000/
        - user-agent: Mozilla/5.0 (Linux; Android 14; Pixel 7) AppleWebKit/537.36 (KHTML, like Gecko) Chrome/151.0.7922.34 Mobile Safari/537.36
        - accept: */*
        - accept-encoding: gzip,deflate,br
        - accept-language: el-GR,el;q=0.9

        at apiRequestContext.get: connect ECONNREFUSED ::1:4000
        at /home/tbaltzakis/cloudless.gr/e2e/migrated/i18n-branches.spec.ts:19:29

    Error Context: test-results/migrated-i18n-branches-Loc-f7e29-t-Language-el-prefers-Greek-mobile-chrome-retry1/error-context.md

    attachment #2: trace (application/zip) ─────────────────────────────────────────────────────────
    test-results/migrated-i18n-branches-Loc-f7e29-t-Language-el-prefers-Greek-mobile-chrome-retry1/trace.zip
    Usage:

        npx playwright show-trace test-results/migrated-i18n-branches-Loc-f7e29-t-Language-el-prefers-Greek-mobile-chrome-retry1/trace.zip

    ────────────────────────────────────────────────────────────────────────────────────────────────

  1554) [mobile-chrome] › e2e/migrated/i18n-branches.spec.ts:30:7 › Locale negotiation branches › known locale /en returns 200 

    Error: apiRequestContext.get: connect ECONNREFUSED ::1:4000
    Call log:
      - → GET http://localhost:4000/en
        - user-agent: Mozilla/5.0 (Linux; Android 14; Pixel 7) AppleWebKit/537.36 (KHTML, like Gecko) Chrome/151.0.7922.34 Mobile Safari/537.36
        - accept: */*
        - accept-encoding: gzip,deflate,br

        at apiRequestContext.get: connect ECONNREFUSED ::1:4000
        at /home/tbaltzakis/cloudless.gr/e2e/migrated/i18n-branches.spec.ts:31:29

    Error Context: test-results/migrated-i18n-branches-Loc-bdf5d-known-locale-en-returns-200-mobile-chrome/error-context.md

    Retry #1 ───────────────────────────────────────────────────────────────────────────────────────

    Error: apiRequestContext.get: connect ECONNREFUSED ::1:4000
    Call log:
      - → GET http://localhost:4000/en
        - user-agent: Mozilla/5.0 (Linux; Android 14; Pixel 7) AppleWebKit/537.36 (KHTML, like Gecko) Chrome/151.0.7922.34 Mobile Safari/537.36
        - accept: */*
        - accept-encoding: gzip,deflate,br

        at apiRequestContext.get: connect ECONNREFUSED ::1:4000
        at /home/tbaltzakis/cloudless.gr/e2e/migrated/i18n-branches.spec.ts:31:29

    Error Context: test-results/migrated-i18n-branches-Loc-bdf5d-known-locale-en-returns-200-mobile-chrome-retry1/error-context.md

    attachment #2: trace (application/zip) ─────────────────────────────────────────────────────────
    test-results/migrated-i18n-branches-Loc-bdf5d-known-locale-en-returns-200-mobile-chrome-retry1/trace.zip
    Usage:

        npx playwright show-trace test-results/migrated-i18n-branches-Loc-bdf5d-known-locale-en-returns-200-mobile-chrome-retry1/trace.zip

    ────────────────────────────────────────────────────────────────────────────────────────────────

  1555) [mobile-chrome] › e2e/migrated/i18n-branches.spec.ts:35:7 › Locale negotiation branches › known locale /el returns 200 

    Error: apiRequestContext.get: connect ECONNREFUSED ::1:4000
    Call log:
      - → GET http://localhost:4000/el
        - user-agent: Mozilla/5.0 (Linux; Android 14; Pixel 7) AppleWebKit/537.36 (KHTML, like Gecko) Chrome/151.0.7922.34 Mobile Safari/537.36
        - accept: */*
        - accept-encoding: gzip,deflate,br

        at apiRequestContext.get: connect ECONNREFUSED ::1:4000
        at /home/tbaltzakis/cloudless.gr/e2e/migrated/i18n-branches.spec.ts:36:29

    Error Context: test-results/migrated-i18n-branches-Loc-e3e49-known-locale-el-returns-200-mobile-chrome/error-context.md

    Retry #1 ───────────────────────────────────────────────────────────────────────────────────────

    Error: apiRequestContext.get: connect ECONNREFUSED ::1:4000
    Call log:
      - → GET http://localhost:4000/el
        - user-agent: Mozilla/5.0 (Linux; Android 14; Pixel 7) AppleWebKit/537.36 (KHTML, like Gecko) Chrome/151.0.7922.34 Mobile Safari/537.36
        - accept: */*
        - accept-encoding: gzip,deflate,br

        at apiRequestContext.get: connect ECONNREFUSED ::1:4000
        at /home/tbaltzakis/cloudless.gr/e2e/migrated/i18n-branches.spec.ts:36:29

    Error Context: test-results/migrated-i18n-branches-Loc-e3e49-known-locale-el-returns-200-mobile-chrome-retry1/error-context.md

    attachment #2: trace (application/zip) ─────────────────────────────────────────────────────────
    test-results/migrated-i18n-branches-Loc-e3e49-known-locale-el-returns-200-mobile-chrome-retry1/trace.zip
    Usage:

        npx playwright show-trace test-results/migrated-i18n-branches-Loc-e3e49-known-locale-el-returns-200-mobile-chrome-retry1/trace.zip

    ────────────────────────────────────────────────────────────────────────────────────────────────

  1556) [mobile-chrome] › e2e/migrated/i18n-branches.spec.ts:40:7 › Locale negotiation branches › unknown locale /zz falls back or 404s 

    Error: apiRequestContext.get: connect ECONNREFUSED ::1:4000
    Call log:
      - → GET http://localhost:4000/zz
        - user-agent: Mozilla/5.0 (Linux; Android 14; Pixel 7) AppleWebKit/537.36 (KHTML, like Gecko) Chrome/151.0.7922.34 Mobile Safari/537.36
        - accept: */*
        - accept-encoding: gzip,deflate,br

        at apiRequestContext.get: connect ECONNREFUSED ::1:4000
        at /home/tbaltzakis/cloudless.gr/e2e/migrated/i18n-branches.spec.ts:41:29

    Error Context: test-results/migrated-i18n-branches-Loc-5e561-ocale-zz-falls-back-or-404s-mobile-chrome/error-context.md

    Retry #1 ───────────────────────────────────────────────────────────────────────────────────────

    Error: apiRequestContext.get: connect ECONNREFUSED ::1:4000
    Call log:
      - → GET http://localhost:4000/zz
        - user-agent: Mozilla/5.0 (Linux; Android 14; Pixel 7) AppleWebKit/537.36 (KHTML, like Gecko) Chrome/151.0.7922.34 Mobile Safari/537.36
        - accept: */*
        - accept-encoding: gzip,deflate,br

        at apiRequestContext.get: connect ECONNREFUSED ::1:4000
        at /home/tbaltzakis/cloudless.gr/e2e/migrated/i18n-branches.spec.ts:41:29

    Error Context: test-results/migrated-i18n-branches-Loc-5e561-ocale-zz-falls-back-or-404s-mobile-chrome-retry1/error-context.md

    attachment #2: trace (application/zip) ─────────────────────────────────────────────────────────
    test-results/migrated-i18n-branches-Loc-5e561-ocale-zz-falls-back-or-404s-mobile-chrome-retry1/trace.zip
    Usage:

        npx playwright show-trace test-results/migrated-i18n-branches-Loc-5e561-ocale-zz-falls-back-or-404s-mobile-chrome-retry1/trace.zip

    ────────────────────────────────────────────────────────────────────────────────────────────────

  1557) [mobile-chrome] › e2e/migrated/i18n-branches.spec.ts:45:7 › Locale negotiation branches › invalid locale code with special chars 404s 

    Error: apiRequestContext.get: connect ECONNREFUSED ::1:4000
    Call log:
      - → GET http://localhost:4000/en%00
        - user-agent: Mozilla/5.0 (Linux; Android 14; Pixel 7) AppleWebKit/537.36 (KHTML, like Gecko) Chrome/151.0.7922.34 Mobile Safari/537.36
        - accept: */*
        - accept-encoding: gzip,deflate,br

        at apiRequestContext.get: connect ECONNREFUSED ::1:4000
        at /home/tbaltzakis/cloudless.gr/e2e/migrated/i18n-branches.spec.ts:46:29

    Error Context: test-results/migrated-i18n-branches-Loc-8d6ff-ode-with-special-chars-404s-mobile-chrome/error-context.md

    Retry #1 ───────────────────────────────────────────────────────────────────────────────────────

    Error: apiRequestContext.get: connect ECONNREFUSED ::1:4000
    Call log:
      - → GET http://localhost:4000/en%00
        - user-agent: Mozilla/5.0 (Linux; Android 14; Pixel 7) AppleWebKit/537.36 (KHTML, like Gecko) Chrome/151.0.7922.34 Mobile Safari/537.36
        - accept: */*
        - accept-encoding: gzip,deflate,br

        at apiRequestContext.get: connect ECONNREFUSED ::1:4000
        at /home/tbaltzakis/cloudless.gr/e2e/migrated/i18n-branches.spec.ts:46:29

    Error Context: test-results/migrated-i18n-branches-Loc-8d6ff-ode-with-special-chars-404s-mobile-chrome-retry1/error-context.md

    attachment #2: trace (application/zip) ─────────────────────────────────────────────────────────
    test-results/migrated-i18n-branches-Loc-8d6ff-ode-with-special-chars-404s-mobile-chrome-retry1/trace.zip
    Usage:

        npx playwright show-trace test-results/migrated-i18n-branches-Loc-8d6ff-ode-with-special-chars-404s-mobile-chrome-retry1/trace.zip

    ────────────────────────────────────────────────────────────────────────────────────────────────

  1558) [mobile-chrome] › e2e/migrated/i18n-branches.spec.ts:50:7 › Locale negotiation branches › HTML lang attribute matches the served locale 

    Error: page.goto: net::ERR_CONNECTION_REFUSED at http://localhost:4000/el
    Call log:
      - navigating to "http://localhost:4000/el", waiting until "load"


      49 |
      50 |   test("HTML lang attribute matches the served locale", async ({ page }) => {
    > 51 |     await page.goto("/el");
         |                ^
      52 |     const lang = await page.locator("html").getAttribute("lang");
      53 |     expect(lang).toMatch(/^el/);
      54 |   });
        at /home/tbaltzakis/cloudless.gr/e2e/migrated/i18n-branches.spec.ts:51:16

    attachment #1: screenshot (image/png) ──────────────────────────────────────────────────────────
    test-results/migrated-i18n-branches-Loc-dfbc5-e-matches-the-served-locale-mobile-chrome/test-failed-1.png
    ────────────────────────────────────────────────────────────────────────────────────────────────

    attachment #2: video (video/webm) ──────────────────────────────────────────────────────────────
    test-results/migrated-i18n-branches-Loc-dfbc5-e-matches-the-served-locale-mobile-chrome/video.webm
    ────────────────────────────────────────────────────────────────────────────────────────────────

    Error Context: test-results/migrated-i18n-branches-Loc-dfbc5-e-matches-the-served-locale-mobile-chrome/error-context.md

    Retry #1 ───────────────────────────────────────────────────────────────────────────────────────

    Error: page.goto: net::ERR_CONNECTION_REFUSED at http://localhost:4000/el
    Call log:
      - navigating to "http://localhost:4000/el", waiting until "load"


      49 |
      50 |   test("HTML lang attribute matches the served locale", async ({ page }) => {
    > 51 |     await page.goto("/el");
         |                ^
      52 |     const lang = await page.locator("html").getAttribute("lang");
      53 |     expect(lang).toMatch(/^el/);
      54 |   });
        at /home/tbaltzakis/cloudless.gr/e2e/migrated/i18n-branches.spec.ts:51:16

    attachment #1: screenshot (image/png) ──────────────────────────────────────────────────────────
    test-results/migrated-i18n-branches-Loc-dfbc5-e-matches-the-served-locale-mobile-chrome-retry1/test-failed-1.png
    ────────────────────────────────────────────────────────────────────────────────────────────────

    attachment #2: video (video/webm) ──────────────────────────────────────────────────────────────
    test-results/migrated-i18n-branches-Loc-dfbc5-e-matches-the-served-locale-mobile-chrome-retry1/video.webm
    ────────────────────────────────────────────────────────────────────────────────────────────────

    Error Context: test-results/migrated-i18n-branches-Loc-dfbc5-e-matches-the-served-locale-mobile-chrome-retry1/error-context.md

    attachment #4: trace (application/zip) ─────────────────────────────────────────────────────────
    test-results/migrated-i18n-branches-Loc-dfbc5-e-matches-the-served-locale-mobile-chrome-retry1/trace.zip
    Usage:

        npx playwright show-trace test-results/migrated-i18n-branches-Loc-dfbc5-e-matches-the-served-locale-mobile-chrome-retry1/trace.zip

    ────────────────────────────────────────────────────────────────────────────────────────────────

  1559) [mobile-chrome] › e2e/migrated/i18n-branches.spec.ts:58:7 › Locale-aware navigation links › internal links carry the active locale prefix 

    Error: page.goto: net::ERR_CONNECTION_REFUSED at http://localhost:4000/en
    Call log:
      - navigating to "http://localhost:4000/en", waiting until "load"


      57 | test.describe("Locale-aware navigation links", () => {
      58 |   test("internal links carry the active locale prefix", async ({ page }) => {
    > 59 |     await page.goto("/en");
         |                ^
      60 |     const hrefs = await page.locator("a[href^='/']").evaluateAll(els =>
      61 |       els.map(e => (e as HTMLAnchorElement).getAttribute("href") || "")
      62 |     );
        at /home/tbaltzakis/cloudless.gr/e2e/migrated/i18n-branches.spec.ts:59:16

    attachment #1: screenshot (image/png) ──────────────────────────────────────────────────────────
    test-results/migrated-i18n-branches-Loc-90122-ry-the-active-locale-prefix-mobile-chrome/test-failed-1.png
    ────────────────────────────────────────────────────────────────────────────────────────────────

    attachment #2: video (video/webm) ──────────────────────────────────────────────────────────────
    test-results/migrated-i18n-branches-Loc-90122-ry-the-active-locale-prefix-mobile-chrome/video.webm
    ────────────────────────────────────────────────────────────────────────────────────────────────

    Error Context: test-results/migrated-i18n-branches-Loc-90122-ry-the-active-locale-prefix-mobile-chrome/error-context.md

    Retry #1 ───────────────────────────────────────────────────────────────────────────────────────

    Error: page.goto: net::ERR_CONNECTION_REFUSED at http://localhost:4000/en
    Call log:
      - navigating to "http://localhost:4000/en", waiting until "load"


      57 | test.describe("Locale-aware navigation links", () => {
      58 |   test("internal links carry the active locale prefix", async ({ page }) => {
    > 59 |     await page.goto("/en");
         |                ^
      60 |     const hrefs = await page.locator("a[href^='/']").evaluateAll(els =>
      61 |       els.map(e => (e as HTMLAnchorElement).getAttribute("href") || "")
      62 |     );
        at /home/tbaltzakis/cloudless.gr/e2e/migrated/i18n-branches.spec.ts:59:16

    attachment #1: screenshot (image/png) ──────────────────────────────────────────────────────────
    test-results/migrated-i18n-branches-Loc-90122-ry-the-active-locale-prefix-mobile-chrome-retry1/test-failed-1.png
    ────────────────────────────────────────────────────────────────────────────────────────────────

    attachment #2: video (video/webm) ──────────────────────────────────────────────────────────────
    test-results/migrated-i18n-branches-Loc-90122-ry-the-active-locale-prefix-mobile-chrome-retry1/video.webm
    ────────────────────────────────────────────────────────────────────────────────────────────────

    Error Context: test-results/migrated-i18n-branches-Loc-90122-ry-the-active-locale-prefix-mobile-chrome-retry1/error-context.md

    attachment #4: trace (application/zip) ─────────────────────────────────────────────────────────
    test-results/migrated-i18n-branches-Loc-90122-ry-the-active-locale-prefix-mobile-chrome-retry1/trace.zip
    Usage:

        npx playwright show-trace test-results/migrated-i18n-branches-Loc-90122-ry-the-active-locale-prefix-mobile-chrome-retry1/trace.zip

    ────────────────────────────────────────────────────────────────────────────────────────────────

  1560) [mobile-chrome] › e2e/migrated/integrations.spec.ts:4:7 › Calendar API › GET /api/calendar/availability responds (any 2xx-5xx accepted in CI/dev) 

    Error: apiRequestContext.get: connect ECONNREFUSED ::1:4000
    Call log:
      - → GET http://localhost:4000/api/calendar/availability
        - user-agent: Mozilla/5.0 (Linux; Android 14; Pixel 7) AppleWebKit/537.36 (KHTML, like Gecko) Chrome/151.0.7922.34 Mobile Safari/537.36
        - accept: */*
        - accept-encoding: gzip,deflate,br

        at apiRequestContext.get: connect ECONNREFUSED ::1:4000
        at /home/tbaltzakis/cloudless.gr/e2e/migrated/integrations.spec.ts:5:29

    Error Context: test-results/migrated-integrations-Cale-89852-2xx-5xx-accepted-in-CI-dev--mobile-chrome/error-context.md

    Retry #1 ───────────────────────────────────────────────────────────────────────────────────────

    Error: apiRequestContext.get: connect ECONNREFUSED ::1:4000
    Call log:
      - → GET http://localhost:4000/api/calendar/availability
        - user-agent: Mozilla/5.0 (Linux; Android 14; Pixel 7) AppleWebKit/537.36 (KHTML, like Gecko) Chrome/151.0.7922.34 Mobile Safari/537.36
        - accept: */*
        - accept-encoding: gzip,deflate,br

        at apiRequestContext.get: connect ECONNREFUSED ::1:4000
        at /home/tbaltzakis/cloudless.gr/e2e/migrated/integrations.spec.ts:5:29

    Error Context: test-results/migrated-integrations-Cale-89852-2xx-5xx-accepted-in-CI-dev--mobile-chrome-retry1/error-context.md

    attachment #2: trace (application/zip) ─────────────────────────────────────────────────────────
    test-results/migrated-integrations-Cale-89852-2xx-5xx-accepted-in-CI-dev--mobile-chrome-retry1/trace.zip
    Usage:

        npx playwright show-trace test-results/migrated-integrations-Cale-89852-2xx-5xx-accepted-in-CI-dev--mobile-chrome-retry1/trace.zip

    ────────────────────────────────────────────────────────────────────────────────────────────────

  1561) [mobile-chrome] › e2e/migrated/integrations.spec.ts:11:7 › Blog (public) › GET /en/blog renders with a heading 

    Error: page.goto: net::ERR_CONNECTION_REFUSED at http://localhost:4000/en/blog
    Call log:
      - navigating to "http://localhost:4000/en/blog", waiting until "load"


      10 | test.describe("Blog (public)", () => {
      11 |   test("GET /en/blog renders with a heading", async ({ page }) => {
    > 12 |     const r = await page.goto("/en/blog");
         |                          ^
      13 |     expect(r?.status()).toBe(200);
      14 |     await expect(page.locator("h1, h2").first()).toBeVisible();
      15 |   });
        at /home/tbaltzakis/cloudless.gr/e2e/migrated/integrations.spec.ts:12:26

    attachment #1: screenshot (image/png) ──────────────────────────────────────────────────────────
    test-results/migrated-integrations-Blog-7aefe-blog-renders-with-a-heading-mobile-chrome/test-failed-1.png
    ────────────────────────────────────────────────────────────────────────────────────────────────

    attachment #2: video (video/webm) ──────────────────────────────────────────────────────────────
    test-results/migrated-integrations-Blog-7aefe-blog-renders-with-a-heading-mobile-chrome/video.webm
    ────────────────────────────────────────────────────────────────────────────────────────────────

    Error Context: test-results/migrated-integrations-Blog-7aefe-blog-renders-with-a-heading-mobile-chrome/error-context.md

    Retry #1 ───────────────────────────────────────────────────────────────────────────────────────

    Error: page.goto: net::ERR_CONNECTION_REFUSED at http://localhost:4000/en/blog
    Call log:
      - navigating to "http://localhost:4000/en/blog", waiting until "load"


      10 | test.describe("Blog (public)", () => {
      11 |   test("GET /en/blog renders with a heading", async ({ page }) => {
    > 12 |     const r = await page.goto("/en/blog");
         |                          ^
      13 |     expect(r?.status()).toBe(200);
      14 |     await expect(page.locator("h1, h2").first()).toBeVisible();
      15 |   });
        at /home/tbaltzakis/cloudless.gr/e2e/migrated/integrations.spec.ts:12:26

    attachment #1: screenshot (image/png) ──────────────────────────────────────────────────────────
    test-results/migrated-integrations-Blog-7aefe-blog-renders-with-a-heading-mobile-chrome-retry1/test-failed-1.png
    ────────────────────────────────────────────────────────────────────────────────────────────────

    attachment #2: video (video/webm) ──────────────────────────────────────────────────────────────
    test-results/migrated-integrations-Blog-7aefe-blog-renders-with-a-heading-mobile-chrome-retry1/video.webm
    ────────────────────────────────────────────────────────────────────────────────────────────────

    Error Context: test-results/migrated-integrations-Blog-7aefe-blog-renders-with-a-heading-mobile-chrome-retry1/error-context.md

    attachment #4: trace (application/zip) ─────────────────────────────────────────────────────────
    test-results/migrated-integrations-Blog-7aefe-blog-renders-with-a-heading-mobile-chrome-retry1/trace.zip
    Usage:

        npx playwright show-trace test-results/migrated-integrations-Blog-7aefe-blog-renders-with-a-heading-mobile-chrome-retry1/trace.zip

    ────────────────────────────────────────────────────────────────────────────────────────────────

  1562) [mobile-chrome] › e2e/migrated/integrations.spec.ts:20:9 › i18n routing › GET /en returns 200 

    Error: apiRequestContext.get: connect ECONNREFUSED ::1:4000
    Call log:
      - → GET http://localhost:4000/en
        - user-agent: Mozilla/5.0 (Linux; Android 14; Pixel 7) AppleWebKit/537.36 (KHTML, like Gecko) Chrome/151.0.7922.34 Mobile Safari/537.36
        - accept: */*
        - accept-encoding: gzip,deflate,br

        at apiRequestContext.get: connect ECONNREFUSED ::1:4000
        at /home/tbaltzakis/cloudless.gr/e2e/migrated/integrations.spec.ts:21:31

    Error Context: test-results/migrated-integrations-i18n-routing-GET-en-returns-200-mobile-chrome/error-context.md

    Retry #1 ───────────────────────────────────────────────────────────────────────────────────────

    Error: apiRequestContext.get: connect ECONNREFUSED ::1:4000
    Call log:
      - → GET http://localhost:4000/en
        - user-agent: Mozilla/5.0 (Linux; Android 14; Pixel 7) AppleWebKit/537.36 (KHTML, like Gecko) Chrome/151.0.7922.34 Mobile Safari/537.36
        - accept: */*
        - accept-encoding: gzip,deflate,br

        at apiRequestContext.get: connect ECONNREFUSED ::1:4000
        at /home/tbaltzakis/cloudless.gr/e2e/migrated/integrations.spec.ts:21:31

    Error Context: test-results/migrated-integrations-i18n-routing-GET-en-returns-200-mobile-chrome-retry1/error-context.md

    attachment #2: trace (application/zip) ─────────────────────────────────────────────────────────
    test-results/migrated-integrations-i18n-routing-GET-en-returns-200-mobile-chrome-retry1/trace.zip
    Usage:

        npx playwright show-trace test-results/migrated-integrations-i18n-routing-GET-en-returns-200-mobile-chrome-retry1/trace.zip

    ────────────────────────────────────────────────────────────────────────────────────────────────

  1563) [mobile-chrome] › e2e/migrated/integrations.spec.ts:20:9 › i18n routing › GET /el returns 200 

    Error: apiRequestContext.get: connect ECONNREFUSED ::1:4000
    Call log:
      - → GET http://localhost:4000/el
        - user-agent: Mozilla/5.0 (Linux; Android 14; Pixel 7) AppleWebKit/537.36 (KHTML, like Gecko) Chrome/151.0.7922.34 Mobile Safari/537.36
        - accept: */*
        - accept-encoding: gzip,deflate,br

        at apiRequestContext.get: connect ECONNREFUSED ::1:4000
        at /home/tbaltzakis/cloudless.gr/e2e/migrated/integrations.spec.ts:21:31

    Error Context: test-results/migrated-integrations-i18n-routing-GET-el-returns-200-mobile-chrome/error-context.md

    Retry #1 ───────────────────────────────────────────────────────────────────────────────────────

    Error: apiRequestContext.get: connect ECONNREFUSED ::1:4000
    Call log:
      - → GET http://localhost:4000/el
        - user-agent: Mozilla/5.0 (Linux; Android 14; Pixel 7) AppleWebKit/537.36 (KHTML, like Gecko) Chrome/151.0.7922.34 Mobile Safari/537.36
        - accept: */*
        - accept-encoding: gzip,deflate,br

        at apiRequestContext.get: connect ECONNREFUSED ::1:4000
        at /home/tbaltzakis/cloudless.gr/e2e/migrated/integrations.spec.ts:21:31

    Error Context: test-results/migrated-integrations-i18n-routing-GET-el-returns-200-mobile-chrome-retry1/error-context.md

    attachment #2: trace (application/zip) ─────────────────────────────────────────────────────────
    test-results/migrated-integrations-i18n-routing-GET-el-returns-200-mobile-chrome-retry1/trace.zip
    Usage:

        npx playwright show-trace test-results/migrated-integrations-i18n-routing-GET-el-returns-200-mobile-chrome-retry1/trace.zip

    ────────────────────────────────────────────────────────────────────────────────────────────────

  1564) [mobile-chrome] › e2e/migrated/integrations.spec.ts:26:7 › i18n routing › GET /zz unknown locale falls back or 404s 

    Error: apiRequestContext.get: connect ECONNREFUSED ::1:4000
    Call log:
      - → GET http://localhost:4000/zz
        - user-agent: Mozilla/5.0 (Linux; Android 14; Pixel 7) AppleWebKit/537.36 (KHTML, like Gecko) Chrome/151.0.7922.34 Mobile Safari/537.36
        - accept: */*
        - accept-encoding: gzip,deflate,br

        at apiRequestContext.get: connect ECONNREFUSED ::1:4000
        at /home/tbaltzakis/cloudless.gr/e2e/migrated/integrations.spec.ts:27:29

    Error Context: test-results/migrated-integrations-i18n-d7fd0-n-locale-falls-back-or-404s-mobile-chrome/error-context.md

    Retry #1 ───────────────────────────────────────────────────────────────────────────────────────

    Error: apiRequestContext.get: connect ECONNREFUSED ::1:4000
    Call log:
      - → GET http://localhost:4000/zz
        - user-agent: Mozilla/5.0 (Linux; Android 14; Pixel 7) AppleWebKit/537.36 (KHTML, like Gecko) Chrome/151.0.7922.34 Mobile Safari/537.36
        - accept: */*
        - accept-encoding: gzip,deflate,br

        at apiRequestContext.get: connect ECONNREFUSED ::1:4000
        at /home/tbaltzakis/cloudless.gr/e2e/migrated/integrations.spec.ts:27:29

    Error Context: test-results/migrated-integrations-i18n-d7fd0-n-locale-falls-back-or-404s-mobile-chrome-retry1/error-context.md

    attachment #2: trace (application/zip) ─────────────────────────────────────────────────────────
    test-results/migrated-integrations-i18n-d7fd0-n-locale-falls-back-or-404s-mobile-chrome-retry1/trace.zip
    Usage:

        npx playwright show-trace test-results/migrated-integrations-i18n-d7fd0-n-locale-falls-back-or-404s-mobile-chrome-retry1/trace.zip

    ────────────────────────────────────────────────────────────────────────────────────────────────

  1565) [mobile-chrome] › e2e/migrated/integrations.spec.ts:33:7 › A/B flags › GET /api/ab/variant responds without 5xx 

    Error: apiRequestContext.get: connect ECONNREFUSED ::1:4000
    Call log:
      - → GET http://localhost:4000/api/ab/variant?test=hero-cta
        - user-agent: Mozilla/5.0 (Linux; Android 14; Pixel 7) AppleWebKit/537.36 (KHTML, like Gecko) Chrome/151.0.7922.34 Mobile Safari/537.36
        - accept: */*
        - accept-encoding: gzip,deflate,br

        at apiRequestContext.get: connect ECONNREFUSED ::1:4000
        at /home/tbaltzakis/cloudless.gr/e2e/migrated/integrations.spec.ts:34:29

    Error Context: test-results/migrated-integrations-A-B--697f0-ariant-responds-without-5xx-mobile-chrome/error-context.md

    Retry #1 ───────────────────────────────────────────────────────────────────────────────────────

    Error: apiRequestContext.get: connect ECONNREFUSED ::1:4000
    Call log:
      - → GET http://localhost:4000/api/ab/variant?test=hero-cta
        - user-agent: Mozilla/5.0 (Linux; Android 14; Pixel 7) AppleWebKit/537.36 (KHTML, like Gecko) Chrome/151.0.7922.34 Mobile Safari/537.36
        - accept: */*
        - accept-encoding: gzip,deflate,br

        at apiRequestContext.get: connect ECONNREFUSED ::1:4000
        at /home/tbaltzakis/cloudless.gr/e2e/migrated/integrations.spec.ts:34:29

    Error Context: test-results/migrated-integrations-A-B--697f0-ariant-responds-without-5xx-mobile-chrome-retry1/error-context.md

    attachment #2: trace (application/zip) ─────────────────────────────────────────────────────────
    test-results/migrated-integrations-A-B--697f0-ariant-responds-without-5xx-mobile-chrome-retry1/trace.zip
    Usage:

        npx playwright show-trace test-results/migrated-integrations-A-B--697f0-ariant-responds-without-5xx-mobile-chrome-retry1/trace.zip

    ────────────────────────────────────────────────────────────────────────────────────────────────

  1566) [mobile-chrome] › e2e/migrated/integrations.spec.ts:40:7 › Search / Notion-backed lookups › GET /api/search responds without 5xx 

    Error: apiRequestContext.get: connect ECONNREFUSED ::1:4000
    Call log:
      - → GET http://localhost:4000/api/search?q=cloud
        - user-agent: Mozilla/5.0 (Linux; Android 14; Pixel 7) AppleWebKit/537.36 (KHTML, like Gecko) Chrome/151.0.7922.34 Mobile Safari/537.36
        - accept: */*
        - accept-encoding: gzip,deflate,br

        at apiRequestContext.get: connect ECONNREFUSED ::1:4000
        at /home/tbaltzakis/cloudless.gr/e2e/migrated/integrations.spec.ts:41:29

    Error Context: test-results/migrated-integrations-Sear-70636-search-responds-without-5xx-mobile-chrome/error-context.md

    Retry #1 ───────────────────────────────────────────────────────────────────────────────────────

    Error: apiRequestContext.get: connect ECONNREFUSED ::1:4000
    Call log:
      - → GET http://localhost:4000/api/search?q=cloud
        - user-agent: Mozilla/5.0 (Linux; Android 14; Pixel 7) AppleWebKit/537.36 (KHTML, like Gecko) Chrome/151.0.7922.34 Mobile Safari/537.36
        - accept: */*
        - accept-encoding: gzip,deflate,br

        at apiRequestContext.get: connect ECONNREFUSED ::1:4000
        at /home/tbaltzakis/cloudless.gr/e2e/migrated/integrations.spec.ts:41:29

    Error Context: test-results/migrated-integrations-Sear-70636-search-responds-without-5xx-mobile-chrome-retry1/error-context.md

    attachment #2: trace (application/zip) ─────────────────────────────────────────────────────────
    test-results/migrated-integrations-Sear-70636-search-responds-without-5xx-mobile-chrome-retry1/trace.zip
    Usage:

        npx playwright show-trace test-results/migrated-integrations-Sear-70636-search-responds-without-5xx-mobile-chrome-retry1/trace.zip

    ────────────────────────────────────────────────────────────────────────────────────────────────

  1567) [mobile-chrome] › e2e/migrated/integrations.spec.ts:47:7 › Store page › /en/store loads with 200 and renders content 

    Error: page.goto: net::ERR_CONNECTION_REFUSED at http://localhost:4000/en/store
    Call log:
      - navigating to "http://localhost:4000/en/store", waiting until "load"


      46 | test.describe("Store page", () => {
      47 |   test("/en/store loads with 200 and renders content", async ({ page }) => {
    > 48 |     const r = await page.goto("/en/store");
         |                          ^
      49 |     expect(r?.status()).toBe(200);
      50 |     const text = await page.locator("body").innerText();
      51 |     expect(text.length).toBeGreaterThan(50);
        at /home/tbaltzakis/cloudless.gr/e2e/migrated/integrations.spec.ts:48:26

    attachment #1: screenshot (image/png) ──────────────────────────────────────────────────────────
    test-results/migrated-integrations-Stor-6f90f-ith-200-and-renders-content-mobile-chrome/test-failed-1.png
    ────────────────────────────────────────────────────────────────────────────────────────────────

    attachment #2: video (video/webm) ──────────────────────────────────────────────────────────────
    test-results/migrated-integrations-Stor-6f90f-ith-200-and-renders-content-mobile-chrome/video.webm
    ────────────────────────────────────────────────────────────────────────────────────────────────

    Error Context: test-results/migrated-integrations-Stor-6f90f-ith-200-and-renders-content-mobile-chrome/error-context.md

    Retry #1 ───────────────────────────────────────────────────────────────────────────────────────

    Error: page.goto: net::ERR_CONNECTION_REFUSED at http://localhost:4000/en/store
    Call log:
      - navigating to "http://localhost:4000/en/store", waiting until "load"


      46 | test.describe("Store page", () => {
      47 |   test("/en/store loads with 200 and renders content", async ({ page }) => {
    > 48 |     const r = await page.goto("/en/store");
         |                          ^
      49 |     expect(r?.status()).toBe(200);
      50 |     const text = await page.locator("body").innerText();
      51 |     expect(text.length).toBeGreaterThan(50);
        at /home/tbaltzakis/cloudless.gr/e2e/migrated/integrations.spec.ts:48:26

    attachment #1: screenshot (image/png) ──────────────────────────────────────────────────────────
    test-results/migrated-integrations-Stor-6f90f-ith-200-and-renders-content-mobile-chrome-retry1/test-failed-1.png
    ────────────────────────────────────────────────────────────────────────────────────────────────

    attachment #2: video (video/webm) ──────────────────────────────────────────────────────────────
    test-results/migrated-integrations-Stor-6f90f-ith-200-and-renders-content-mobile-chrome-retry1/video.webm
    ────────────────────────────────────────────────────────────────────────────────────────────────

    Error Context: test-results/migrated-integrations-Stor-6f90f-ith-200-and-renders-content-mobile-chrome-retry1/error-context.md

    attachment #4: trace (application/zip) ─────────────────────────────────────────────────────────
    test-results/migrated-integrations-Stor-6f90f-ith-200-and-renders-content-mobile-chrome-retry1/trace.zip
    Usage:

        npx playwright show-trace test-results/migrated-integrations-Stor-6f90f-ith-200-and-renders-content-mobile-chrome-retry1/trace.zip

    ────────────────────────────────────────────────────────────────────────────────────────────────

  1568) [mobile-chrome] › e2e/migrated/jwt-branches.spec.ts:12:7 › Authorization header parsing branches › no header → 401 

    Error: apiRequestContext.get: connect ECONNREFUSED ::1:4000
    Call log:
      - → GET http://localhost:4000/api/admin/kpi
        - user-agent: Mozilla/5.0 (Linux; Android 14; Pixel 7) AppleWebKit/537.36 (KHTML, like Gecko) Chrome/151.0.7922.34 Mobile Safari/537.36
        - accept: */*
        - accept-encoding: gzip,deflate,br

        at apiRequestContext.get: connect ECONNREFUSED ::1:4000
        at /home/tbaltzakis/cloudless.gr/e2e/migrated/jwt-branches.spec.ts:13:29

    Error Context: test-results/migrated-jwt-branches-Auth-5cf59-ng-branches-no-header-→-401-mobile-chrome/error-context.md

    Retry #1 ───────────────────────────────────────────────────────────────────────────────────────

    Error: apiRequestContext.get: connect ECONNREFUSED ::1:4000
    Call log:
      - → GET http://localhost:4000/api/admin/kpi
        - user-agent: Mozilla/5.0 (Linux; Android 14; Pixel 7) AppleWebKit/537.36 (KHTML, like Gecko) Chrome/151.0.7922.34 Mobile Safari/537.36
        - accept: */*
        - accept-encoding: gzip,deflate,br

        at apiRequestContext.get: connect ECONNREFUSED ::1:4000
        at /home/tbaltzakis/cloudless.gr/e2e/migrated/jwt-branches.spec.ts:13:29

    Error Context: test-results/migrated-jwt-branches-Auth-5cf59-ng-branches-no-header-→-401-mobile-chrome-retry1/error-context.md

    attachment #2: trace (application/zip) ─────────────────────────────────────────────────────────
    test-results/migrated-jwt-branches-Auth-5cf59-ng-branches-no-header-→-401-mobile-chrome-retry1/trace.zip
    Usage:

        npx playwright show-trace test-results/migrated-jwt-branches-Auth-5cf59-ng-branches-no-header-→-401-mobile-chrome-retry1/trace.zip

    ────────────────────────────────────────────────────────────────────────────────────────────────

  1569) [mobile-chrome] › e2e/migrated/jwt-branches.spec.ts:17:7 › Authorization header parsing branches › empty Authorization → 401 

    Error: apiRequestContext.get: connect ECONNREFUSED ::1:4000
    Call log:
      - → GET http://localhost:4000/api/admin/kpi
        - user-agent: Mozilla/5.0 (Linux; Android 14; Pixel 7) AppleWebKit/537.36 (KHTML, like Gecko) Chrome/151.0.7922.34 Mobile Safari/537.36
        - accept: */*
        - accept-encoding: gzip,deflate,br
        - authorization:

        at apiRequestContext.get: connect ECONNREFUSED ::1:4000
        at /home/tbaltzakis/cloudless.gr/e2e/migrated/jwt-branches.spec.ts:18:29

    Error Context: test-results/migrated-jwt-branches-Auth-d2fcd-s-empty-Authorization-→-401-mobile-chrome/error-context.md

    Retry #1 ───────────────────────────────────────────────────────────────────────────────────────

    Error: apiRequestContext.get: connect ECONNREFUSED ::1:4000
    Call log:
      - → GET http://localhost:4000/api/admin/kpi
        - user-agent: Mozilla/5.0 (Linux; Android 14; Pixel 7) AppleWebKit/537.36 (KHTML, like Gecko) Chrome/151.0.7922.34 Mobile Safari/537.36
        - accept: */*
        - accept-encoding: gzip,deflate,br
        - authorization:

        at apiRequestContext.get: connect ECONNREFUSED ::1:4000
        at /home/tbaltzakis/cloudless.gr/e2e/migrated/jwt-branches.spec.ts:18:29

    Error Context: test-results/migrated-jwt-branches-Auth-d2fcd-s-empty-Authorization-→-401-mobile-chrome-retry1/error-context.md

    attachment #2: trace (application/zip) ─────────────────────────────────────────────────────────
    test-results/migrated-jwt-branches-Auth-d2fcd-s-empty-Authorization-→-401-mobile-chrome-retry1/trace.zip
    Usage:

        npx playwright show-trace test-results/migrated-jwt-branches-Auth-d2fcd-s-empty-Authorization-→-401-mobile-chrome-retry1/trace.zip

    ────────────────────────────────────────────────────────────────────────────────────────────────

  1570) [mobile-chrome] › e2e/migrated/jwt-branches.spec.ts:22:7 › Authorization header parsing branches › Authorization missing 'Bearer ' prefix → 401 

    Error: apiRequestContext.get: connect ECONNREFUSED ::1:4000
    Call log:
      - → GET http://localhost:4000/api/admin/kpi
        - user-agent: Mozilla/5.0 (Linux; Android 14; Pixel 7) AppleWebKit/537.36 (KHTML, like Gecko) Chrome/151.0.7922.34 Mobile Safari/537.36
        - accept: */*
        - accept-encoding: gzip,deflate,br
        - authorization: abc.def.ghi

        at apiRequestContext.get: connect ECONNREFUSED ::1:4000
        at /home/tbaltzakis/cloudless.gr/e2e/migrated/jwt-branches.spec.ts:23:29

    Error Context: test-results/migrated-jwt-branches-Auth-04404-missing-Bearer-prefix-→-401-mobile-chrome/error-context.md

    Retry #1 ───────────────────────────────────────────────────────────────────────────────────────

    Error: apiRequestContext.get: connect ECONNREFUSED ::1:4000
    Call log:
      - → GET http://localhost:4000/api/admin/kpi
        - user-agent: Mozilla/5.0 (Linux; Android 14; Pixel 7) AppleWebKit/537.36 (KHTML, like Gecko) Chrome/151.0.7922.34 Mobile Safari/537.36
        - accept: */*
        - accept-encoding: gzip,deflate,br
        - authorization: abc.def.ghi

        at apiRequestContext.get: connect ECONNREFUSED ::1:4000
        at /home/tbaltzakis/cloudless.gr/e2e/migrated/jwt-branches.spec.ts:23:29

    Error Context: test-results/migrated-jwt-branches-Auth-04404-missing-Bearer-prefix-→-401-mobile-chrome-retry1/error-context.md

    attachment #2: trace (application/zip) ─────────────────────────────────────────────────────────
    test-results/migrated-jwt-branches-Auth-04404-missing-Bearer-prefix-→-401-mobile-chrome-retry1/trace.zip
    Usage:

        npx playwright show-trace test-results/migrated-jwt-branches-Auth-04404-missing-Bearer-prefix-→-401-mobile-chrome-retry1/trace.zip

    ────────────────────────────────────────────────────────────────────────────────────────────────

  1571) [mobile-chrome] › e2e/migrated/jwt-branches.spec.ts:27:7 › Authorization header parsing branches › Authorization 'Bearer ' with empty token → 401 

    Error: apiRequestContext.get: connect ECONNREFUSED ::1:4000
    Call log:
      - → GET http://localhost:4000/api/admin/kpi
        - user-agent: Mozilla/5.0 (Linux; Android 14; Pixel 7) AppleWebKit/537.36 (KHTML, like Gecko) Chrome/151.0.7922.34 Mobile Safari/537.36
        - accept: */*
        - accept-encoding: gzip,deflate,br
        - authorization: Bearer

        at apiRequestContext.get: connect ECONNREFUSED ::1:4000
        at /home/tbaltzakis/cloudless.gr/e2e/migrated/jwt-branches.spec.ts:28:29

    Error Context: test-results/migrated-jwt-branches-Auth-d2228-arer-with-empty-token-→-401-mobile-chrome/error-context.md

    Retry #1 ───────────────────────────────────────────────────────────────────────────────────────

    Error: apiRequestContext.get: connect ECONNREFUSED ::1:4000
    Call log:
      - → GET http://localhost:4000/api/admin/kpi
        - user-agent: Mozilla/5.0 (Linux; Android 14; Pixel 7) AppleWebKit/537.36 (KHTML, like Gecko) Chrome/151.0.7922.34 Mobile Safari/537.36
        - accept: */*
        - accept-encoding: gzip,deflate,br
        - authorization: Bearer

        at apiRequestContext.get: connect ECONNREFUSED ::1:4000
        at /home/tbaltzakis/cloudless.gr/e2e/migrated/jwt-branches.spec.ts:28:29

    Error Context: test-results/migrated-jwt-branches-Auth-d2228-arer-with-empty-token-→-401-mobile-chrome-retry1/error-context.md

    attachment #2: trace (application/zip) ─────────────────────────────────────────────────────────
    test-results/migrated-jwt-branches-Auth-d2228-arer-with-empty-token-→-401-mobile-chrome-retry1/trace.zip
    Usage:

        npx playwright show-trace test-results/migrated-jwt-branches-Auth-d2228-arer-with-empty-token-→-401-mobile-chrome-retry1/trace.zip

    ────────────────────────────────────────────────────────────────────────────────────────────────

  1572) [mobile-chrome] › e2e/migrated/jwt-branches.spec.ts:32:7 › Authorization header parsing branches › Authorization 'Bearer' (no space) → 401 

    Error: apiRequestContext.get: connect ECONNREFUSED ::1:4000
    Call log:
      - → GET http://localhost:4000/api/admin/kpi
        - user-agent: Mozilla/5.0 (Linux; Android 14; Pixel 7) AppleWebKit/537.36 (KHTML, like Gecko) Chrome/151.0.7922.34 Mobile Safari/537.36
        - accept: */*
        - accept-encoding: gzip,deflate,br
        - authorization: Bearer

        at apiRequestContext.get: connect ECONNREFUSED ::1:4000
        at /home/tbaltzakis/cloudless.gr/e2e/migrated/jwt-branches.spec.ts:33:29

    Error Context: test-results/migrated-jwt-branches-Auth-dd81e-ation-Bearer-no-space-→-401-mobile-chrome/error-context.md

    Retry #1 ───────────────────────────────────────────────────────────────────────────────────────

    Error: apiRequestContext.get: connect ECONNREFUSED ::1:4000
    Call log:
      - → GET http://localhost:4000/api/admin/kpi
        - user-agent: Mozilla/5.0 (Linux; Android 14; Pixel 7) AppleWebKit/537.36 (KHTML, like Gecko) Chrome/151.0.7922.34 Mobile Safari/537.36
        - accept: */*
        - accept-encoding: gzip,deflate,br
        - authorization: Bearer

        at apiRequestContext.get: connect ECONNREFUSED ::1:4000
        at /home/tbaltzakis/cloudless.gr/e2e/migrated/jwt-branches.spec.ts:33:29

    Error Context: test-results/migrated-jwt-branches-Auth-dd81e-ation-Bearer-no-space-→-401-mobile-chrome-retry1/error-context.md

    attachment #2: trace (application/zip) ─────────────────────────────────────────────────────────
    test-results/migrated-jwt-branches-Auth-dd81e-ation-Bearer-no-space-→-401-mobile-chrome-retry1/trace.zip
    Usage:

        npx playwright show-trace test-results/migrated-jwt-branches-Auth-dd81e-ation-Bearer-no-space-→-401-mobile-chrome-retry1/trace.zip

    ────────────────────────────────────────────────────────────────────────────────────────────────

  1573) [mobile-chrome] › e2e/migrated/jwt-branches.spec.ts:37:7 › Authorization header parsing branches › Authorization with non-JWT junk → 401 

    Error: apiRequestContext.get: connect ECONNREFUSED ::1:4000
    Call log:
      - → GET http://localhost:4000/api/admin/kpi
        - user-agent: Mozilla/5.0 (Linux; Android 14; Pixel 7) AppleWebKit/537.36 (KHTML, like Gecko) Chrome/151.0.7922.34 Mobile Safari/537.36
        - accept: */*
        - accept-encoding: gzip,deflate,br
        - authorization: Bearer not-a-jwt

        at apiRequestContext.get: connect ECONNREFUSED ::1:4000
        at /home/tbaltzakis/cloudless.gr/e2e/migrated/jwt-branches.spec.ts:38:29

    Error Context: test-results/migrated-jwt-branches-Auth-77816-ion-with-non-JWT-junk-→-401-mobile-chrome/error-context.md

    Retry #1 ───────────────────────────────────────────────────────────────────────────────────────

    Error: apiRequestContext.get: connect ECONNREFUSED ::1:4000
    Call log:
      - → GET http://localhost:4000/api/admin/kpi
        - user-agent: Mozilla/5.0 (Linux; Android 14; Pixel 7) AppleWebKit/537.36 (KHTML, like Gecko) Chrome/151.0.7922.34 Mobile Safari/537.36
        - accept: */*
        - accept-encoding: gzip,deflate,br
        - authorization: Bearer not-a-jwt

        at apiRequestContext.get: connect ECONNREFUSED ::1:4000
        at /home/tbaltzakis/cloudless.gr/e2e/migrated/jwt-branches.spec.ts:38:29

    Error Context: test-results/migrated-jwt-branches-Auth-77816-ion-with-non-JWT-junk-→-401-mobile-chrome-retry1/error-context.md

    attachment #2: trace (application/zip) ─────────────────────────────────────────────────────────
    test-results/migrated-jwt-branches-Auth-77816-ion-with-non-JWT-junk-→-401-mobile-chrome-retry1/trace.zip
    Usage:

        npx playwright show-trace test-results/migrated-jwt-branches-Auth-77816-ion-with-non-JWT-junk-→-401-mobile-chrome-retry1/trace.zip

    ────────────────────────────────────────────────────────────────────────────────────────────────

  1574) [mobile-chrome] › e2e/migrated/jwt-branches.spec.ts:42:7 › Authorization header parsing branches › Authorization with structurally-valid JWT but bad signature → 401 

    Error: apiRequestContext.get: connect ECONNREFUSED ::1:4000
    Call log:
      - → GET http://localhost:4000/api/admin/kpi
        - user-agent: Mozilla/5.0 (Linux; Android 14; Pixel 7) AppleWebKit/537.36 (KHTML, like Gecko) Chrome/151.0.7922.34 Mobile Safari/537.36
        - accept: */*
        - accept-encoding: gzip,deflate,br
        - authorization: Bearer eyJhbGciOiJSUzI1NiJ9.eyJzdWIiOiJ4Iiwicm9sZXMiOlsiYWRtaW4iXX0.AAAAAAAAAAAAAAAAAAAAAAAAAAAAAAAAAAAAAAAAAAAAAAAAAAAAAAAAAA

        at apiRequestContext.get: connect ECONNREFUSED ::1:4000
        at /home/tbaltzakis/cloudless.gr/e2e/migrated/jwt-branches.spec.ts:47:29

    Error Context: test-results/migrated-jwt-branches-Auth-c418d-JWT-but-bad-signature-→-401-mobile-chrome/error-context.md

    Retry #1 ───────────────────────────────────────────────────────────────────────────────────────

    Error: apiRequestContext.get: connect ECONNREFUSED ::1:4000
    Call log:
      - → GET http://localhost:4000/api/admin/kpi
        - user-agent: Mozilla/5.0 (Linux; Android 14; Pixel 7) AppleWebKit/537.36 (KHTML, like Gecko) Chrome/151.0.7922.34 Mobile Safari/537.36
        - accept: */*
        - accept-encoding: gzip,deflate,br
        - authorization: Bearer eyJhbGciOiJSUzI1NiJ9.eyJzdWIiOiJ4Iiwicm9sZXMiOlsiYWRtaW4iXX0.AAAAAAAAAAAAAAAAAAAAAAAAAAAAAAAAAAAAAAAAAAAAAAAAAAAAAAAAAA

        at apiRequestContext.get: connect ECONNREFUSED ::1:4000
        at /home/tbaltzakis/cloudless.gr/e2e/migrated/jwt-branches.spec.ts:47:29

    Error Context: test-results/migrated-jwt-branches-Auth-c418d-JWT-but-bad-signature-→-401-mobile-chrome-retry1/error-context.md

    attachment #2: trace (application/zip) ─────────────────────────────────────────────────────────
    test-results/migrated-jwt-branches-Auth-c418d-JWT-but-bad-signature-→-401-mobile-chrome-retry1/trace.zip
    Usage:

        npx playwright show-trace test-results/migrated-jwt-branches-Auth-c418d-JWT-but-bad-signature-→-401-mobile-chrome-retry1/trace.zip

    ────────────────────────────────────────────────────────────────────────────────────────────────

  1575) [mobile-chrome] › e2e/migrated/jwt-branches.spec.ts:51:7 › Authorization header parsing branches › Authorization with lowercased 'bearer ' → 401 

    Error: apiRequestContext.get: connect ECONNREFUSED ::1:4000
    Call log:
      - → GET http://localhost:4000/api/admin/kpi
        - user-agent: Mozilla/5.0 (Linux; Android 14; Pixel 7) AppleWebKit/537.36 (KHTML, like Gecko) Chrome/151.0.7922.34 Mobile Safari/537.36
        - accept: */*
        - accept-encoding: gzip,deflate,br
        - authorization: bearer xxx.yyy.zzz

        at apiRequestContext.get: connect ECONNREFUSED ::1:4000
        at /home/tbaltzakis/cloudless.gr/e2e/migrated/jwt-branches.spec.ts:52:29

    Error Context: test-results/migrated-jwt-branches-Auth-85f4a-ith-lowercased-bearer-→-401-mobile-chrome/error-context.md

    Retry #1 ───────────────────────────────────────────────────────────────────────────────────────

    Error: apiRequestContext.get: connect ECONNREFUSED ::1:4000
    Call log:
      - → GET http://localhost:4000/api/admin/kpi
        - user-agent: Mozilla/5.0 (Linux; Android 14; Pixel 7) AppleWebKit/537.36 (KHTML, like Gecko) Chrome/151.0.7922.34 Mobile Safari/537.36
        - accept: */*
        - accept-encoding: gzip,deflate,br
        - authorization: bearer xxx.yyy.zzz

        at apiRequestContext.get: connect ECONNREFUSED ::1:4000
        at /home/tbaltzakis/cloudless.gr/e2e/migrated/jwt-branches.spec.ts:52:29

    Error Context: test-results/migrated-jwt-branches-Auth-85f4a-ith-lowercased-bearer-→-401-mobile-chrome-retry1/error-context.md

    attachment #2: trace (application/zip) ─────────────────────────────────────────────────────────
    test-results/migrated-jwt-branches-Auth-85f4a-ith-lowercased-bearer-→-401-mobile-chrome-retry1/trace.zip
    Usage:

        npx playwright show-trace test-results/migrated-jwt-branches-Auth-85f4a-ith-lowercased-bearer-→-401-mobile-chrome-retry1/trace.zip

    ────────────────────────────────────────────────────────────────────────────────────────────────

  1576) [mobile-chrome] › e2e/migrated/public-api.spec.ts:7:7 › Public API — contract › GET /api/health returns 200 with status+timestamp+version 

    Error: apiRequestContext.get: connect ECONNREFUSED ::1:4000
    Call log:
      - → GET http://localhost:4000/api/health
        - user-agent: Mozilla/5.0 (Linux; Android 14; Pixel 7) AppleWebKit/537.36 (KHTML, like Gecko) Chrome/151.0.7922.34 Mobile Safari/537.36
        - accept: */*
        - accept-encoding: gzip,deflate,br

        at apiRequestContext.get: connect ECONNREFUSED ::1:4000
        at /home/tbaltzakis/cloudless.gr/e2e/migrated/public-api.spec.ts:8:29

    Error Context: test-results/migrated-public-api-Public-7f75f-th-status-timestamp-version-mobile-chrome/error-context.md

    Retry #1 ───────────────────────────────────────────────────────────────────────────────────────

    Error: apiRequestContext.get: connect ECONNREFUSED ::1:4000
    Call log:
      - → GET http://localhost:4000/api/health
        - user-agent: Mozilla/5.0 (Linux; Android 14; Pixel 7) AppleWebKit/537.36 (KHTML, like Gecko) Chrome/151.0.7922.34 Mobile Safari/537.36
        - accept: */*
        - accept-encoding: gzip,deflate,br

        at apiRequestContext.get: connect ECONNREFUSED ::1:4000
        at /home/tbaltzakis/cloudless.gr/e2e/migrated/public-api.spec.ts:8:29

    Error Context: test-results/migrated-public-api-Public-7f75f-th-status-timestamp-version-mobile-chrome-retry1/error-context.md

    attachment #2: trace (application/zip) ─────────────────────────────────────────────────────────
    test-results/migrated-public-api-Public-7f75f-th-status-timestamp-version-mobile-chrome-retry1/trace.zip
    Usage:

        npx playwright show-trace test-results/migrated-public-api-Public-7f75f-th-status-timestamp-version-mobile-chrome-retry1/trace.zip

    ────────────────────────────────────────────────────────────────────────────────────────────────

  1577) [mobile-chrome] › e2e/migrated/public-api.spec.ts:16:7 › Public API — contract › POST /api/contact rejects empty body 

    Error: apiRequestContext.post: connect ECONNREFUSED ::1:4000
    Call log:
      - → POST http://localhost:4000/api/contact
        - user-agent: Mozilla/5.0 (Linux; Android 14; Pixel 7) AppleWebKit/537.36 (KHTML, like Gecko) Chrome/151.0.7922.34 Mobile Safari/537.36
        - accept: */*
        - accept-encoding: gzip,deflate,br
        - content-type: application/json
        - content-length: 2

        at apiRequestContext.post: connect ECONNREFUSED ::1:4000
        at /home/tbaltzakis/cloudless.gr/e2e/migrated/public-api.spec.ts:17:29

    Error Context: test-results/migrated-public-api-Public-69639--contact-rejects-empty-body-mobile-chrome/error-context.md

    Retry #1 ───────────────────────────────────────────────────────────────────────────────────────

    Error: apiRequestContext.post: connect ECONNREFUSED ::1:4000
    Call log:
      - → POST http://localhost:4000/api/contact
        - user-agent: Mozilla/5.0 (Linux; Android 14; Pixel 7) AppleWebKit/537.36 (KHTML, like Gecko) Chrome/151.0.7922.34 Mobile Safari/537.36
        - accept: */*
        - accept-encoding: gzip,deflate,br
        - content-type: application/json
        - content-length: 2

        at apiRequestContext.post: connect ECONNREFUSED ::1:4000
        at /home/tbaltzakis/cloudless.gr/e2e/migrated/public-api.spec.ts:17:29

    Error Context: test-results/migrated-public-api-Public-69639--contact-rejects-empty-body-mobile-chrome-retry1/error-context.md

    attachment #2: trace (application/zip) ─────────────────────────────────────────────────────────
    test-results/migrated-public-api-Public-69639--contact-rejects-empty-body-mobile-chrome-retry1/trace.zip
    Usage:

        npx playwright show-trace test-results/migrated-public-api-Public-69639--contact-rejects-empty-body-mobile-chrome-retry1/trace.zip

    ────────────────────────────────────────────────────────────────────────────────────────────────

  1578) [mobile-chrome] › e2e/migrated/public-api.spec.ts:21:7 › Public API — contract › POST /api/contact rejects invalid email 

    Error: apiRequestContext.post: connect ECONNREFUSED ::1:4000
    Call log:
      - → POST http://localhost:4000/api/contact
        - user-agent: Mozilla/5.0 (Linux; Android 14; Pixel 7) AppleWebKit/537.36 (KHTML, like Gecko) Chrome/151.0.7922.34 Mobile Safari/537.36
        - accept: */*
        - accept-encoding: gzip,deflate,br
        - content-type: application/json
        - content-length: 67

        at apiRequestContext.post: connect ECONNREFUSED ::1:4000
        at /home/tbaltzakis/cloudless.gr/e2e/migrated/public-api.spec.ts:22:29

    Error Context: test-results/migrated-public-api-Public-ca4ad-ntact-rejects-invalid-email-mobile-chrome/error-context.md

    Retry #1 ───────────────────────────────────────────────────────────────────────────────────────

    Error: apiRequestContext.post: connect ECONNREFUSED ::1:4000
    Call log:
      - → POST http://localhost:4000/api/contact
        - user-agent: Mozilla/5.0 (Linux; Android 14; Pixel 7) AppleWebKit/537.36 (KHTML, like Gecko) Chrome/151.0.7922.34 Mobile Safari/537.36
        - accept: */*
        - accept-encoding: gzip,deflate,br
        - content-type: application/json
        - content-length: 67

        at apiRequestContext.post: connect ECONNREFUSED ::1:4000
        at /home/tbaltzakis/cloudless.gr/e2e/migrated/public-api.spec.ts:22:29

    Error Context: test-results/migrated-public-api-Public-ca4ad-ntact-rejects-invalid-email-mobile-chrome-retry1/error-context.md

    attachment #2: trace (application/zip) ─────────────────────────────────────────────────────────
    test-results/migrated-public-api-Public-ca4ad-ntact-rejects-invalid-email-mobile-chrome-retry1/trace.zip
    Usage:

        npx playwright show-trace test-results/migrated-public-api-Public-ca4ad-ntact-rejects-invalid-email-mobile-chrome-retry1/trace.zip

    ────────────────────────────────────────────────────────────────────────────────────────────────

  1579) [mobile-chrome] › e2e/migrated/public-api.spec.ts:28:7 › Public API — contract › POST /api/subscribe rejects missing email 

    Error: apiRequestContext.post: connect ECONNREFUSED ::1:4000
    Call log:
      - → POST http://localhost:4000/api/subscribe
        - user-agent: Mozilla/5.0 (Linux; Android 14; Pixel 7) AppleWebKit/537.36 (KHTML, like Gecko) Chrome/151.0.7922.34 Mobile Safari/537.36
        - accept: */*
        - accept-encoding: gzip,deflate,br
        - content-type: application/json
        - content-length: 18

        at apiRequestContext.post: connect ECONNREFUSED ::1:4000
        at /home/tbaltzakis/cloudless.gr/e2e/migrated/public-api.spec.ts:29:29

    Error Context: test-results/migrated-public-api-Public-325c4-cribe-rejects-missing-email-mobile-chrome/error-context.md

    Retry #1 ───────────────────────────────────────────────────────────────────────────────────────

    Error: apiRequestContext.post: connect ECONNREFUSED ::1:4000
    Call log:
      - → POST http://localhost:4000/api/subscribe
        - user-agent: Mozilla/5.0 (Linux; Android 14; Pixel 7) AppleWebKit/537.36 (KHTML, like Gecko) Chrome/151.0.7922.34 Mobile Safari/537.36
        - accept: */*
        - accept-encoding: gzip,deflate,br
        - content-type: application/json
        - content-length: 18

        at apiRequestContext.post: connect ECONNREFUSED ::1:4000
        at /home/tbaltzakis/cloudless.gr/e2e/migrated/public-api.spec.ts:29:29

    Error Context: test-results/migrated-public-api-Public-325c4-cribe-rejects-missing-email-mobile-chrome-retry1/error-context.md

    attachment #2: trace (application/zip) ─────────────────────────────────────────────────────────
    test-results/migrated-public-api-Public-325c4-cribe-rejects-missing-email-mobile-chrome-retry1/trace.zip
    Usage:

        npx playwright show-trace test-results/migrated-public-api-Public-325c4-cribe-rejects-missing-email-mobile-chrome-retry1/trace.zip

    ────────────────────────────────────────────────────────────────────────────────────────────────

  1580) [mobile-chrome] › e2e/migrated/public-api.spec.ts:33:7 › Public API — contract › POST /api/subscribe rejects invalid email 

    Error: apiRequestContext.post: connect ECONNREFUSED ::1:4000
    Call log:
      - → POST http://localhost:4000/api/subscribe
        - user-agent: Mozilla/5.0 (Linux; Android 14; Pixel 7) AppleWebKit/537.36 (KHTML, like Gecko) Chrome/151.0.7922.34 Mobile Safari/537.36
        - accept: */*
        - accept-encoding: gzip,deflate,br
        - content-type: application/json
        - content-length: 25

        at apiRequestContext.post: connect ECONNREFUSED ::1:4000
        at /home/tbaltzakis/cloudless.gr/e2e/migrated/public-api.spec.ts:34:29

    Error Context: test-results/migrated-public-api-Public-19858-cribe-rejects-invalid-email-mobile-chrome/error-context.md

    Retry #1 ───────────────────────────────────────────────────────────────────────────────────────

    Error: apiRequestContext.post: connect ECONNREFUSED ::1:4000
    Call log:
      - → POST http://localhost:4000/api/subscribe
        - user-agent: Mozilla/5.0 (Linux; Android 14; Pixel 7) AppleWebKit/537.36 (KHTML, like Gecko) Chrome/151.0.7922.34 Mobile Safari/537.36
        - accept: */*
        - accept-encoding: gzip,deflate,br
        - content-type: application/json
        - content-length: 25

        at apiRequestContext.post: connect ECONNREFUSED ::1:4000
        at /home/tbaltzakis/cloudless.gr/e2e/migrated/public-api.spec.ts:34:29

    Error Context: test-results/migrated-public-api-Public-19858-cribe-rejects-invalid-email-mobile-chrome-retry1/error-context.md

    attachment #2: trace (application/zip) ─────────────────────────────────────────────────────────
    test-results/migrated-public-api-Public-19858-cribe-rejects-invalid-email-mobile-chrome-retry1/trace.zip
    Usage:

        npx playwright show-trace test-results/migrated-public-api-Public-19858-cribe-rejects-invalid-email-mobile-chrome-retry1/trace.zip

    ────────────────────────────────────────────────────────────────────────────────────────────────

  1581) [mobile-chrome] › e2e/migrated/public-api.spec.ts:38:7 › Public API — contract › GET /api/unsubscribe without token returns 4xx 

    Error: apiRequestContext.get: connect ECONNREFUSED ::1:4000
    Call log:
      - → GET http://localhost:4000/api/unsubscribe
        - user-agent: Mozilla/5.0 (Linux; Android 14; Pixel 7) AppleWebKit/537.36 (KHTML, like Gecko) Chrome/151.0.7922.34 Mobile Safari/537.36
        - accept: */*
        - accept-encoding: gzip,deflate,br

        at apiRequestContext.get: connect ECONNREFUSED ::1:4000
        at /home/tbaltzakis/cloudless.gr/e2e/migrated/public-api.spec.ts:39:29

    Error Context: test-results/migrated-public-api-Public-8726b-e-without-token-returns-4xx-mobile-chrome/error-context.md

    Retry #1 ───────────────────────────────────────────────────────────────────────────────────────

    Error: apiRequestContext.get: connect ECONNREFUSED ::1:4000
    Call log:
      - → GET http://localhost:4000/api/unsubscribe
        - user-agent: Mozilla/5.0 (Linux; Android 14; Pixel 7) AppleWebKit/537.36 (KHTML, like Gecko) Chrome/151.0.7922.34 Mobile Safari/537.36
        - accept: */*
        - accept-encoding: gzip,deflate,br

        at apiRequestContext.get: connect ECONNREFUSED ::1:4000
        at /home/tbaltzakis/cloudless.gr/e2e/migrated/public-api.spec.ts:39:29

    Error Context: test-results/migrated-public-api-Public-8726b-e-without-token-returns-4xx-mobile-chrome-retry1/error-context.md

    attachment #2: trace (application/zip) ─────────────────────────────────────────────────────────
    test-results/migrated-public-api-Public-8726b-e-without-token-returns-4xx-mobile-chrome-retry1/trace.zip
    Usage:

        npx playwright show-trace test-results/migrated-public-api-Public-8726b-e-without-token-returns-4xx-mobile-chrome-retry1/trace.zip

    ────────────────────────────────────────────────────────────────────────────────────────────────

  1582) [mobile-chrome] › e2e/migrated/public-api.spec.ts:44:7 › Public API — contract › POST /api/csp-report accepts an empty body 

    Error: apiRequestContext.post: connect ECONNREFUSED ::1:4000
    Call log:
      - → POST http://localhost:4000/api/csp-report
        - user-agent: Mozilla/5.0 (Linux; Android 14; Pixel 7) AppleWebKit/537.36 (KHTML, like Gecko) Chrome/151.0.7922.34 Mobile Safari/537.36
        - accept: */*
        - accept-encoding: gzip,deflate,br
        - content-type: application/json
        - content-length: 2

        at apiRequestContext.post: connect ECONNREFUSED ::1:4000
        at /home/tbaltzakis/cloudless.gr/e2e/migrated/public-api.spec.ts:45:29

    Error Context: test-results/migrated-public-api-Public-f462e-eport-accepts-an-empty-body-mobile-chrome/error-context.md

    Retry #1 ───────────────────────────────────────────────────────────────────────────────────────

    Error: apiRequestContext.post: connect ECONNREFUSED ::1:4000
    Call log:
      - → POST http://localhost:4000/api/csp-report
        - user-agent: Mozilla/5.0 (Linux; Android 14; Pixel 7) AppleWebKit/537.36 (KHTML, like Gecko) Chrome/151.0.7922.34 Mobile Safari/537.36
        - accept: */*
        - accept-encoding: gzip,deflate,br
        - content-type: application/json
        - content-length: 2

        at apiRequestContext.post: connect ECONNREFUSED ::1:4000
        at /home/tbaltzakis/cloudless.gr/e2e/migrated/public-api.spec.ts:45:29

    Error Context: test-results/migrated-public-api-Public-f462e-eport-accepts-an-empty-body-mobile-chrome-retry1/error-context.md

    attachment #2: trace (application/zip) ─────────────────────────────────────────────────────────
    test-results/migrated-public-api-Public-f462e-eport-accepts-an-empty-body-mobile-chrome-retry1/trace.zip
    Usage:

        npx playwright show-trace test-results/migrated-public-api-Public-f462e-eport-accepts-an-empty-body-mobile-chrome-retry1/trace.zip

    ────────────────────────────────────────────────────────────────────────────────────────────────

  1583) [mobile-chrome] › e2e/migrated/public-api.spec.ts:49:7 › Public API — contract › GET /api/pwa-manifest returns JSON manifest 

    Error: apiRequestContext.get: connect ECONNREFUSED ::1:4000
    Call log:
      - → GET http://localhost:4000/api/pwa-manifest
        - user-agent: Mozilla/5.0 (Linux; Android 14; Pixel 7) AppleWebKit/537.36 (KHTML, like Gecko) Chrome/151.0.7922.34 Mobile Safari/537.36
        - accept: */*
        - accept-encoding: gzip,deflate,br

        at apiRequestContext.get: connect ECONNREFUSED ::1:4000
        at /home/tbaltzakis/cloudless.gr/e2e/migrated/public-api.spec.ts:50:29

    Error Context: test-results/migrated-public-api-Public-e73da-ifest-returns-JSON-manifest-mobile-chrome/error-context.md

    Retry #1 ───────────────────────────────────────────────────────────────────────────────────────

    Error: apiRequestContext.get: connect ECONNREFUSED ::1:4000
    Call log:
      - → GET http://localhost:4000/api/pwa-manifest
        - user-agent: Mozilla/5.0 (Linux; Android 14; Pixel 7) AppleWebKit/537.36 (KHTML, like Gecko) Chrome/151.0.7922.34 Mobile Safari/537.36
        - accept: */*
        - accept-encoding: gzip,deflate,br

        at apiRequestContext.get: connect ECONNREFUSED ::1:4000
        at /home/tbaltzakis/cloudless.gr/e2e/migrated/public-api.spec.ts:50:29

    Error Context: test-results/migrated-public-api-Public-e73da-ifest-returns-JSON-manifest-mobile-chrome-retry1/error-context.md

    attachment #2: trace (application/zip) ─────────────────────────────────────────────────────────
    test-results/migrated-public-api-Public-e73da-ifest-returns-JSON-manifest-mobile-chrome-retry1/trace.zip
    Usage:

        npx playwright show-trace test-results/migrated-public-api-Public-e73da-ifest-returns-JSON-manifest-mobile-chrome-retry1/trace.zip

    ────────────────────────────────────────────────────────────────────────────────────────────────

  1584) [mobile-chrome] › e2e/migrated/validation-branches.spec.ts:15:7 › Contact validation branches › rejects empty name 

    Error: apiRequestContext.post: connect ECONNREFUSED ::1:4000
    Call log:
      - → POST http://localhost:4000/api/contact
        - user-agent: Mozilla/5.0 (Linux; Android 14; Pixel 7) AppleWebKit/537.36 (KHTML, like Gecko) Chrome/151.0.7922.34 Mobile Safari/537.36
        - accept: */*
        - accept-encoding: gzip,deflate,br
        - content-type: application/json
        - content-length: 53

        at apiRequestContext.post: connect ECONNREFUSED ::1:4000
        at /home/tbaltzakis/cloudless.gr/e2e/migrated/validation-branches.spec.ts:16:29

    Error Context: test-results/migrated-validation-branch-425b2-branches-rejects-empty-name-mobile-chrome/error-context.md

    Retry #1 ───────────────────────────────────────────────────────────────────────────────────────

    Error: apiRequestContext.post: connect ECONNREFUSED ::1:4000
    Call log:
      - → POST http://localhost:4000/api/contact
        - user-agent: Mozilla/5.0 (Linux; Android 14; Pixel 7) AppleWebKit/537.36 (KHTML, like Gecko) Chrome/151.0.7922.34 Mobile Safari/537.36
        - accept: */*
        - accept-encoding: gzip,deflate,br
        - content-type: application/json
        - content-length: 53

        at apiRequestContext.post: connect ECONNREFUSED ::1:4000
        at /home/tbaltzakis/cloudless.gr/e2e/migrated/validation-branches.spec.ts:16:29

    Error Context: test-results/migrated-validation-branch-425b2-branches-rejects-empty-name-mobile-chrome-retry1/error-context.md

    attachment #2: trace (application/zip) ─────────────────────────────────────────────────────────
    test-results/migrated-validation-branch-425b2-branches-rejects-empty-name-mobile-chrome-retry1/trace.zip
    Usage:

        npx playwright show-trace test-results/migrated-validation-branch-425b2-branches-rejects-empty-name-mobile-chrome-retry1/trace.zip

    ────────────────────────────────────────────────────────────────────────────────────────────────

  1585) [mobile-chrome] › e2e/migrated/validation-branches.spec.ts:22:7 › Contact validation branches › rejects oversized message (10KB+) 

    Error: apiRequestContext.post: connect ECONNREFUSED ::1:4000
    Call log:
      - → POST http://localhost:4000/api/contact
        - user-agent: Mozilla/5.0 (Linux; Android 14; Pixel 7) AppleWebKit/537.36 (KHTML, like Gecko) Chrome/151.0.7922.34 Mobile Safari/537.36
        - accept: */*
        - accept-encoding: gzip,deflate,br
        - content-type: application/json
        - content-length: 15061

        at apiRequestContext.post: connect ECONNREFUSED ::1:4000
        at /home/tbaltzakis/cloudless.gr/e2e/migrated/validation-branches.spec.ts:23:29

    Error Context: test-results/migrated-validation-branch-f2ca0-cts-oversized-message-10KB--mobile-chrome/error-context.md

    Retry #1 ───────────────────────────────────────────────────────────────────────────────────────

    Error: apiRequestContext.post: connect ECONNREFUSED ::1:4000
    Call log:
      - → POST http://localhost:4000/api/contact
        - user-agent: Mozilla/5.0 (Linux; Android 14; Pixel 7) AppleWebKit/537.36 (KHTML, like Gecko) Chrome/151.0.7922.34 Mobile Safari/537.36
        - accept: */*
        - accept-encoding: gzip,deflate,br
        - content-type: application/json
        - content-length: 15061

        at apiRequestContext.post: connect ECONNREFUSED ::1:4000
        at /home/tbaltzakis/cloudless.gr/e2e/migrated/validation-branches.spec.ts:23:29

    Error Context: test-results/migrated-validation-branch-f2ca0-cts-oversized-message-10KB--mobile-chrome-retry1/error-context.md

    attachment #2: trace (application/zip) ─────────────────────────────────────────────────────────
    test-results/migrated-validation-branch-f2ca0-cts-oversized-message-10KB--mobile-chrome-retry1/trace.zip
    Usage:

        npx playwright show-trace test-results/migrated-validation-branch-f2ca0-cts-oversized-message-10KB--mobile-chrome-retry1/trace.zip

    ────────────────────────────────────────────────────────────────────────────────────────────────

  1586) [mobile-chrome] › e2e/migrated/validation-branches.spec.ts:29:7 › Contact validation branches › rejects message containing only whitespace 

    Error: apiRequestContext.post: connect ECONNREFUSED ::1:4000
    Call log:
      - → POST http://localhost:4000/api/contact
        - user-agent: Mozilla/5.0 (Linux; Android 14; Pixel 7) AppleWebKit/537.36 (KHTML, like Gecko) Chrome/151.0.7922.34 Mobile Safari/537.36
        - accept: */*
        - accept-encoding: gzip,deflate,br
        - content-type: application/json
        - content-length: 70

        at apiRequestContext.post: connect ECONNREFUSED ::1:4000
        at /home/tbaltzakis/cloudless.gr/e2e/migrated/validation-branches.spec.ts:30:29

    Error Context: test-results/migrated-validation-branch-3b66a--containing-only-whitespace-mobile-chrome/error-context.md

    Retry #1 ───────────────────────────────────────────────────────────────────────────────────────

    Error: apiRequestContext.post: connect ECONNREFUSED ::1:4000
    Call log:
      - → POST http://localhost:4000/api/contact
        - user-agent: Mozilla/5.0 (Linux; Android 14; Pixel 7) AppleWebKit/537.36 (KHTML, like Gecko) Chrome/151.0.7922.34 Mobile Safari/537.36
        - accept: */*
        - accept-encoding: gzip,deflate,br
        - content-type: application/json
        - content-length: 70

        at apiRequestContext.post: connect ECONNREFUSED ::1:4000
        at /home/tbaltzakis/cloudless.gr/e2e/migrated/validation-branches.spec.ts:30:29

    Error Context: test-results/migrated-validation-branch-3b66a--containing-only-whitespace-mobile-chrome-retry1/error-context.md

    attachment #2: trace (application/zip) ─────────────────────────────────────────────────────────
    test-results/migrated-validation-branch-3b66a--containing-only-whitespace-mobile-chrome-retry1/trace.zip
    Usage:

        npx playwright show-trace test-results/migrated-validation-branch-3b66a--containing-only-whitespace-mobile-chrome-retry1/trace.zip

    ────────────────────────────────────────────────────────────────────────────────────────────────

  1587) [mobile-chrome] › e2e/migrated/validation-branches.spec.ts:36:7 › Contact validation branches › rejects non-string field types 

    Error: apiRequestContext.post: connect ECONNREFUSED ::1:4000
    Call log:
      - → POST http://localhost:4000/api/contact
        - user-agent: Mozilla/5.0 (Linux; Android 14; Pixel 7) AppleWebKit/537.36 (KHTML, like Gecko) Chrome/151.0.7922.34 Mobile Safari/537.36
        - accept: */*
        - accept-encoding: gzip,deflate,br
        - content-type: application/json
        - content-length: 58

        at apiRequestContext.post: connect ECONNREFUSED ::1:4000
        at /home/tbaltzakis/cloudless.gr/e2e/migrated/validation-branches.spec.ts:37:29

    Error Context: test-results/migrated-validation-branch-ba439-ects-non-string-field-types-mobile-chrome/error-context.md

    Retry #1 ───────────────────────────────────────────────────────────────────────────────────────

    Error: apiRequestContext.post: connect ECONNREFUSED ::1:4000
    Call log:
      - → POST http://localhost:4000/api/contact
        - user-agent: Mozilla/5.0 (Linux; Android 14; Pixel 7) AppleWebKit/537.36 (KHTML, like Gecko) Chrome/151.0.7922.34 Mobile Safari/537.36
        - accept: */*
        - accept-encoding: gzip,deflate,br
        - content-type: application/json
        - content-length: 58

        at apiRequestContext.post: connect ECONNREFUSED ::1:4000
        at /home/tbaltzakis/cloudless.gr/e2e/migrated/validation-branches.spec.ts:37:29

    Error Context: test-results/migrated-validation-branch-ba439-ects-non-string-field-types-mobile-chrome-retry1/error-context.md

    attachment #2: trace (application/zip) ─────────────────────────────────────────────────────────
    test-results/migrated-validation-branch-ba439-ects-non-string-field-types-mobile-chrome-retry1/trace.zip
    Usage:

        npx playwright show-trace test-results/migrated-validation-branch-ba439-ects-non-string-field-types-mobile-chrome-retry1/trace.zip

    ────────────────────────────────────────────────────────────────────────────────────────────────

  1588) [mobile-chrome] › e2e/migrated/validation-branches.spec.ts:45:7 › Subscribe email validation branches › rejects email missing @ 

    Error: apiRequestContext.post: connect ECONNREFUSED ::1:4000
    Call log:
      - → POST http://localhost:4000/api/subscribe
        - user-agent: Mozilla/5.0 (Linux; Android 14; Pixel 7) AppleWebKit/537.36 (KHTML, like Gecko) Chrome/151.0.7922.34 Mobile Safari/537.36
        - accept: */*
        - accept-encoding: gzip,deflate,br
        - content-type: application/json
        - content-length: 29

        at apiRequestContext.post: connect ECONNREFUSED ::1:4000
        at /home/tbaltzakis/cloudless.gr/e2e/migrated/validation-branches.spec.ts:46:29

    Error Context: test-results/migrated-validation-branch-a9758-ches-rejects-email-missing--mobile-chrome/error-context.md

    Retry #1 ───────────────────────────────────────────────────────────────────────────────────────

    Error: apiRequestContext.post: connect ECONNREFUSED ::1:4000
    Call log:
      - → POST http://localhost:4000/api/subscribe
        - user-agent: Mozilla/5.0 (Linux; Android 14; Pixel 7) AppleWebKit/537.36 (KHTML, like Gecko) Chrome/151.0.7922.34 Mobile Safari/537.36
        - accept: */*
        - accept-encoding: gzip,deflate,br
        - content-type: application/json
        - content-length: 29

        at apiRequestContext.post: connect ECONNREFUSED ::1:4000
        at /home/tbaltzakis/cloudless.gr/e2e/migrated/validation-branches.spec.ts:46:29

    Error Context: test-results/migrated-validation-branch-a9758-ches-rejects-email-missing--mobile-chrome-retry1/error-context.md

    attachment #2: trace (application/zip) ─────────────────────────────────────────────────────────
    test-results/migrated-validation-branch-a9758-ches-rejects-email-missing--mobile-chrome-retry1/trace.zip
    Usage:

        npx playwright show-trace test-results/migrated-validation-branch-a9758-ches-rejects-email-missing--mobile-chrome-retry1/trace.zip

    ────────────────────────────────────────────────────────────────────────────────────────────────

  1589) [mobile-chrome] › e2e/migrated/validation-branches.spec.ts:50:7 › Subscribe email validation branches › rejects email with leading whitespace 

    Error: apiRequestContext.post: connect ECONNREFUSED ::1:4000
    Call log:
      - → POST http://localhost:4000/api/subscribe
        - user-agent: Mozilla/5.0 (Linux; Android 14; Pixel 7) AppleWebKit/537.36 (KHTML, like Gecko) Chrome/151.0.7922.34 Mobile Safari/537.36
        - accept: */*
        - accept-encoding: gzip,deflate,br
        - content-type: application/json
        - content-length: 31

        at apiRequestContext.post: connect ECONNREFUSED ::1:4000
        at /home/tbaltzakis/cloudless.gr/e2e/migrated/validation-branches.spec.ts:51:29

    Error Context: test-results/migrated-validation-branch-12467-ail-with-leading-whitespace-mobile-chrome/error-context.md

    Retry #1 ───────────────────────────────────────────────────────────────────────────────────────

    Error: apiRequestContext.post: connect ECONNREFUSED ::1:4000
    Call log:
      - → POST http://localhost:4000/api/subscribe
        - user-agent: Mozilla/5.0 (Linux; Android 14; Pixel 7) AppleWebKit/537.36 (KHTML, like Gecko) Chrome/151.0.7922.34 Mobile Safari/537.36
        - accept: */*
        - accept-encoding: gzip,deflate,br
        - content-type: application/json
        - content-length: 31

        at apiRequestContext.post: connect ECONNREFUSED ::1:4000
        at /home/tbaltzakis/cloudless.gr/e2e/migrated/validation-branches.spec.ts:51:29

    Error Context: test-results/migrated-validation-branch-12467-ail-with-leading-whitespace-mobile-chrome-retry1/error-context.md

    attachment #2: trace (application/zip) ─────────────────────────────────────────────────────────
    test-results/migrated-validation-branch-12467-ail-with-leading-whitespace-mobile-chrome-retry1/trace.zip
    Usage:

        npx playwright show-trace test-results/migrated-validation-branch-12467-ail-with-leading-whitespace-mobile-chrome-retry1/trace.zip

    ────────────────────────────────────────────────────────────────────────────────────────────────

  1590) [mobile-chrome] › e2e/migrated/validation-branches.spec.ts:55:7 › Subscribe email validation branches › rejects email with two @ 

    Error: apiRequestContext.post: connect ECONNREFUSED ::1:4000
    Call log:
      - → POST http://localhost:4000/api/subscribe
        - user-agent: Mozilla/5.0 (Linux; Android 14; Pixel 7) AppleWebKit/537.36 (KHTML, like Gecko) Chrome/151.0.7922.34 Mobile Safari/537.36
        - accept: */*
        - accept-encoding: gzip,deflate,br
        - content-type: application/json
        - content-length: 29

        at apiRequestContext.post: connect ECONNREFUSED ::1:4000
        at /home/tbaltzakis/cloudless.gr/e2e/migrated/validation-branches.spec.ts:56:29

    Error Context: test-results/migrated-validation-branch-275f9-hes-rejects-email-with-two--mobile-chrome/error-context.md

    Retry #1 ───────────────────────────────────────────────────────────────────────────────────────

    Error: apiRequestContext.post: connect ECONNREFUSED ::1:4000
    Call log:
      - → POST http://localhost:4000/api/subscribe
        - user-agent: Mozilla/5.0 (Linux; Android 14; Pixel 7) AppleWebKit/537.36 (KHTML, like Gecko) Chrome/151.0.7922.34 Mobile Safari/537.36
        - accept: */*
        - accept-encoding: gzip,deflate,br
        - content-type: application/json
        - content-length: 29

        at apiRequestContext.post: connect ECONNREFUSED ::1:4000
        at /home/tbaltzakis/cloudless.gr/e2e/migrated/validation-branches.spec.ts:56:29

    Error Context: test-results/migrated-validation-branch-275f9-hes-rejects-email-with-two--mobile-chrome-retry1/error-context.md

    attachment #2: trace (application/zip) ─────────────────────────────────────────────────────────
    test-results/migrated-validation-branch-275f9-hes-rejects-email-with-two--mobile-chrome-retry1/trace.zip
    Usage:

        npx playwright show-trace test-results/migrated-validation-branch-275f9-hes-rejects-email-with-two--mobile-chrome-retry1/trace.zip

    ────────────────────────────────────────────────────────────────────────────────────────────────

  1591) [mobile-chrome] › e2e/migrated/validation-branches.spec.ts:60:7 › Subscribe email validation branches › rejects null email 

    Error: apiRequestContext.post: connect ECONNREFUSED ::1:4000
    Call log:
      - → POST http://localhost:4000/api/subscribe
        - user-agent: Mozilla/5.0 (Linux; Android 14; Pixel 7) AppleWebKit/537.36 (KHTML, like Gecko) Chrome/151.0.7922.34 Mobile Safari/537.36
        - accept: */*
        - accept-encoding: gzip,deflate,br
        - content-type: application/json
        - content-length: 31

        at apiRequestContext.post: connect ECONNREFUSED ::1:4000
        at /home/tbaltzakis/cloudless.gr/e2e/migrated/validation-branches.spec.ts:61:29

    Error Context: test-results/migrated-validation-branch-1cfb8-branches-rejects-null-email-mobile-chrome/error-context.md

    Retry #1 ───────────────────────────────────────────────────────────────────────────────────────

    Error: apiRequestContext.post: connect ECONNREFUSED ::1:4000
    Call log:
      - → POST http://localhost:4000/api/subscribe
        - user-agent: Mozilla/5.0 (Linux; Android 14; Pixel 7) AppleWebKit/537.36 (KHTML, like Gecko) Chrome/151.0.7922.34 Mobile Safari/537.36
        - accept: */*
        - accept-encoding: gzip,deflate,br
        - content-type: application/json
        - content-length: 31

        at apiRequestContext.post: connect ECONNREFUSED ::1:4000
        at /home/tbaltzakis/cloudless.gr/e2e/migrated/validation-branches.spec.ts:61:29

    Error Context: test-results/migrated-validation-branch-1cfb8-branches-rejects-null-email-mobile-chrome-retry1/error-context.md

    attachment #2: trace (application/zip) ─────────────────────────────────────────────────────────
    test-results/migrated-validation-branch-1cfb8-branches-rejects-null-email-mobile-chrome-retry1/trace.zip
    Usage:

        npx playwright show-trace test-results/migrated-validation-branch-1cfb8-branches-rejects-null-email-mobile-chrome-retry1/trace.zip

    ────────────────────────────────────────────────────────────────────────────────────────────────

  1592) [mobile-chrome] › e2e/migrated/validation-branches.spec.ts:67:7 › Webhook signature validation branches › Stripe rejects empty signature header 

    Error: apiRequestContext.post: connect ECONNREFUSED ::1:4000
    Call log:
      - → POST http://localhost:4000/api/webhooks/stripe
        - user-agent: Mozilla/5.0 (Linux; Android 14; Pixel 7) AppleWebKit/537.36 (KHTML, like Gecko) Chrome/151.0.7922.34 Mobile Safari/537.36
        - accept: */*
        - accept-encoding: gzip,deflate,br
        - stripe-signature:
        - content-type: application/json
        - content-length: 15

        at apiRequestContext.post: connect ECONNREFUSED ::1:4000
        at /home/tbaltzakis/cloudless.gr/e2e/migrated/validation-branches.spec.ts:68:29

    Error Context: test-results/migrated-validation-branch-62248-ects-empty-signature-header-mobile-chrome/error-context.md

    Retry #1 ───────────────────────────────────────────────────────────────────────────────────────

    Error: apiRequestContext.post: connect ECONNREFUSED ::1:4000
    Call log:
      - → POST http://localhost:4000/api/webhooks/stripe
        - user-agent: Mozilla/5.0 (Linux; Android 14; Pixel 7) AppleWebKit/537.36 (KHTML, like Gecko) Chrome/151.0.7922.34 Mobile Safari/537.36
        - accept: */*
        - accept-encoding: gzip,deflate,br
        - stripe-signature:
        - content-type: application/json
        - content-length: 15

        at apiRequestContext.post: connect ECONNREFUSED ::1:4000
        at /home/tbaltzakis/cloudless.gr/e2e/migrated/validation-branches.spec.ts:68:29

    Error Context: test-results/migrated-validation-branch-62248-ects-empty-signature-header-mobile-chrome-retry1/error-context.md

    attachment #2: trace (application/zip) ─────────────────────────────────────────────────────────
    test-results/migrated-validation-branch-62248-ects-empty-signature-header-mobile-chrome-retry1/trace.zip
    Usage:

        npx playwright show-trace test-results/migrated-validation-branch-62248-ects-empty-signature-header-mobile-chrome-retry1/trace.zip

    ────────────────────────────────────────────────────────────────────────────────────────────────

  1593) [mobile-chrome] › e2e/migrated/validation-branches.spec.ts:76:7 › Webhook signature validation branches › Stripe rejects malformed signature 

    Error: apiRequestContext.post: connect ECONNREFUSED ::1:4000
    Call log:
      - → POST http://localhost:4000/api/webhooks/stripe
        - user-agent: Mozilla/5.0 (Linux; Android 14; Pixel 7) AppleWebKit/537.36 (KHTML, like Gecko) Chrome/151.0.7922.34 Mobile Safari/537.36
        - accept: */*
        - accept-encoding: gzip,deflate,br
        - stripe-signature: t=,v1=
        - content-type: application/json
        - content-length: 15

        at apiRequestContext.post: connect ECONNREFUSED ::1:4000
        at /home/tbaltzakis/cloudless.gr/e2e/migrated/validation-branches.spec.ts:77:29

    Error Context: test-results/migrated-validation-branch-719d8-rejects-malformed-signature-mobile-chrome/error-context.md

    Retry #1 ───────────────────────────────────────────────────────────────────────────────────────

    Error: apiRequestContext.post: connect ECONNREFUSED ::1:4000
    Call log:
      - → POST http://localhost:4000/api/webhooks/stripe
        - user-agent: Mozilla/5.0 (Linux; Android 14; Pixel 7) AppleWebKit/537.36 (KHTML, like Gecko) Chrome/151.0.7922.34 Mobile Safari/537.36
        - accept: */*
        - accept-encoding: gzip,deflate,br
        - stripe-signature: t=,v1=
        - content-type: application/json
        - content-length: 15

        at apiRequestContext.post: connect ECONNREFUSED ::1:4000
        at /home/tbaltzakis/cloudless.gr/e2e/migrated/validation-branches.spec.ts:77:29

    Error Context: test-results/migrated-validation-branch-719d8-rejects-malformed-signature-mobile-chrome-retry1/error-context.md

    attachment #2: trace (application/zip) ─────────────────────────────────────────────────────────
    test-results/migrated-validation-branch-719d8-rejects-malformed-signature-mobile-chrome-retry1/trace.zip
    Usage:

        npx playwright show-trace test-results/migrated-validation-branch-719d8-rejects-malformed-signature-mobile-chrome-retry1/trace.zip

    ────────────────────────────────────────────────────────────────────────────────────────────────

  1594) [mobile-chrome] › e2e/migrated/webhooks.spec.ts:11:7 › Webhook signature gates › POST /api/webhooks/stripe without signature → 400 

    Error: apiRequestContext.post: connect ECONNREFUSED ::1:4000
    Call log:
      - → POST http://localhost:4000/api/webhooks/stripe
        - user-agent: Mozilla/5.0 (Linux; Android 14; Pixel 7) AppleWebKit/537.36 (KHTML, like Gecko) Chrome/151.0.7922.34 Mobile Safari/537.36
        - accept: */*
        - accept-encoding: gzip,deflate,br
        - content-type: application/json
        - content-length: 15

        at apiRequestContext.post: connect ECONNREFUSED ::1:4000
        at /home/tbaltzakis/cloudless.gr/e2e/migrated/webhooks.spec.ts:12:29

    Error Context: test-results/migrated-webhooks-Webhook--0ec5d-ipe-without-signature-→-400-mobile-chrome/error-context.md

    Retry #1 ───────────────────────────────────────────────────────────────────────────────────────

    Error: apiRequestContext.post: connect ECONNREFUSED ::1:4000
    Call log:
      - → POST http://localhost:4000/api/webhooks/stripe
        - user-agent: Mozilla/5.0 (Linux; Android 14; Pixel 7) AppleWebKit/537.36 (KHTML, like Gecko) Chrome/151.0.7922.34 Mobile Safari/537.36
        - accept: */*
        - accept-encoding: gzip,deflate,br
        - content-type: application/json
        - content-length: 15

        at apiRequestContext.post: connect ECONNREFUSED ::1:4000
        at /home/tbaltzakis/cloudless.gr/e2e/migrated/webhooks.spec.ts:12:29

    Error Context: test-results/migrated-webhooks-Webhook--0ec5d-ipe-without-signature-→-400-mobile-chrome-retry1/error-context.md

    attachment #2: trace (application/zip) ─────────────────────────────────────────────────────────
    test-results/migrated-webhooks-Webhook--0ec5d-ipe-without-signature-→-400-mobile-chrome-retry1/trace.zip
    Usage:

        npx playwright show-trace test-results/migrated-webhooks-Webhook--0ec5d-ipe-without-signature-→-400-mobile-chrome-retry1/trace.zip

    ────────────────────────────────────────────────────────────────────────────────────────────────

  1595) [mobile-chrome] › e2e/migrated/webhooks.spec.ts:16:7 › Webhook signature gates › POST /api/webhooks/stripe with bad signature → 400 

    Error: apiRequestContext.post: connect ECONNREFUSED ::1:4000
    Call log:
      - → POST http://localhost:4000/api/webhooks/stripe
        - user-agent: Mozilla/5.0 (Linux; Android 14; Pixel 7) AppleWebKit/537.36 (KHTML, like Gecko) Chrome/151.0.7922.34 Mobile Safari/537.36
        - accept: */*
        - accept-encoding: gzip,deflate,br
        - stripe-signature: bogus
        - content-type: application/json
        - content-length: 15

        at apiRequestContext.post: connect ECONNREFUSED ::1:4000
        at /home/tbaltzakis/cloudless.gr/e2e/migrated/webhooks.spec.ts:17:29

    Error Context: test-results/migrated-webhooks-Webhook--80fbf-pe-with-bad-signature-→-400-mobile-chrome/error-context.md

    Retry #1 ───────────────────────────────────────────────────────────────────────────────────────

    Error: apiRequestContext.post: connect ECONNREFUSED ::1:4000
    Call log:
      - → POST http://localhost:4000/api/webhooks/stripe
        - user-agent: Mozilla/5.0 (Linux; Android 14; Pixel 7) AppleWebKit/537.36 (KHTML, like Gecko) Chrome/151.0.7922.34 Mobile Safari/537.36
        - accept: */*
        - accept-encoding: gzip,deflate,br
        - stripe-signature: bogus
        - content-type: application/json
        - content-length: 15

        at apiRequestContext.post: connect ECONNREFUSED ::1:4000
        at /home/tbaltzakis/cloudless.gr/e2e/migrated/webhooks.spec.ts:17:29

    Error Context: test-results/migrated-webhooks-Webhook--80fbf-pe-with-bad-signature-→-400-mobile-chrome-retry1/error-context.md

    attachment #2: trace (application/zip) ─────────────────────────────────────────────────────────
    test-results/migrated-webhooks-Webhook--80fbf-pe-with-bad-signature-→-400-mobile-chrome-retry1/trace.zip
    Usage:

        npx playwright show-trace test-results/migrated-webhooks-Webhook--80fbf-pe-with-bad-signature-→-400-mobile-chrome-retry1/trace.zip

    ────────────────────────────────────────────────────────────────────────────────────────────────

  1596) [mobile-chrome] › e2e/migrated/webhooks.spec.ts:24:7 › Webhook signature gates › POST /api/webhooks/espocrm without secret → 4xx 

    Error: apiRequestContext.post: connect ECONNREFUSED ::1:4000
    Call log:
      - → POST http://localhost:4000/api/webhooks/espocrm
        - user-agent: Mozilla/5.0 (Linux; Android 14; Pixel 7) AppleWebKit/537.36 (KHTML, like Gecko) Chrome/151.0.7922.34 Mobile Safari/537.36
        - accept: */*
        - accept-encoding: gzip,deflate,br
        - content-type: application/json
        - content-length: 2

        at apiRequestContext.post: connect ECONNREFUSED ::1:4000
        at /home/tbaltzakis/cloudless.gr/e2e/migrated/webhooks.spec.ts:27:29

    Error Context: test-results/migrated-webhooks-Webhook--6c510-spocrm-without-secret-→-4xx-mobile-chrome/error-context.md

    Retry #1 ───────────────────────────────────────────────────────────────────────────────────────

    Error: apiRequestContext.post: connect ECONNREFUSED ::1:4000
    Call log:
      - → POST http://localhost:4000/api/webhooks/espocrm
        - user-agent: Mozilla/5.0 (Linux; Android 14; Pixel 7) AppleWebKit/537.36 (KHTML, like Gecko) Chrome/151.0.7922.34 Mobile Safari/537.36
        - accept: */*
        - accept-encoding: gzip,deflate,br
        - content-type: application/json
        - content-length: 2

        at apiRequestContext.post: connect ECONNREFUSED ::1:4000
        at /home/tbaltzakis/cloudless.gr/e2e/migrated/webhooks.spec.ts:27:29

    Error Context: test-results/migrated-webhooks-Webhook--6c510-spocrm-without-secret-→-4xx-mobile-chrome-retry1/error-context.md

    attachment #2: trace (application/zip) ─────────────────────────────────────────────────────────
    test-results/migrated-webhooks-Webhook--6c510-spocrm-without-secret-→-4xx-mobile-chrome-retry1/trace.zip
    Usage:

        npx playwright show-trace test-results/migrated-webhooks-Webhook--6c510-spocrm-without-secret-→-4xx-mobile-chrome-retry1/trace.zip

    ────────────────────────────────────────────────────────────────────────────────────────────────

  1597) [mobile-chrome] › e2e/migrated/webhooks.spec.ts:32:7 › Webhook signature gates › POST /api/webhooks/notion without signature → 4xx 

    Error: apiRequestContext.post: connect ECONNREFUSED ::1:4000
    Call log:
      - → POST http://localhost:4000/api/webhooks/notion
        - user-agent: Mozilla/5.0 (Linux; Android 14; Pixel 7) AppleWebKit/537.36 (KHTML, like Gecko) Chrome/151.0.7922.34 Mobile Safari/537.36
        - accept: */*
        - accept-encoding: gzip,deflate,br
        - content-type: application/json
        - content-length: 2

        at apiRequestContext.post: connect ECONNREFUSED ::1:4000
        at /home/tbaltzakis/cloudless.gr/e2e/migrated/webhooks.spec.ts:33:29

    Error Context: test-results/migrated-webhooks-Webhook--c87dc-ion-without-signature-→-4xx-mobile-chrome/error-context.md

    Retry #1 ───────────────────────────────────────────────────────────────────────────────────────

    Error: apiRequestContext.post: connect ECONNREFUSED ::1:4000
    Call log:
      - → POST http://localhost:4000/api/webhooks/notion
        - user-agent: Mozilla/5.0 (Linux; Android 14; Pixel 7) AppleWebKit/537.36 (KHTML, like Gecko) Chrome/151.0.7922.34 Mobile Safari/537.36
        - accept: */*
        - accept-encoding: gzip,deflate,br
        - content-type: application/json
        - content-length: 2

        at apiRequestContext.post: connect ECONNREFUSED ::1:4000
        at /home/tbaltzakis/cloudless.gr/e2e/migrated/webhooks.spec.ts:33:29

    Error Context: test-results/migrated-webhooks-Webhook--c87dc-ion-without-signature-→-4xx-mobile-chrome-retry1/error-context.md

    attachment #2: trace (application/zip) ─────────────────────────────────────────────────────────
    test-results/migrated-webhooks-Webhook--c87dc-ion-without-signature-→-4xx-mobile-chrome-retry1/trace.zip
    Usage:

        npx playwright show-trace test-results/migrated-webhooks-Webhook--c87dc-ion-without-signature-→-4xx-mobile-chrome-retry1/trace.zip

    ────────────────────────────────────────────────────────────────────────────────────────────────

  1598) [mobile-chrome] › e2e/migrated/webhooks.spec.ts:47:9 › Cron endpoints — auth gate › GET /api/cron/slack-digest without cron secret → 401/403/404 

    Error: apiRequestContext.get: connect ECONNREFUSED ::1:4000
    Call log:
      - → GET http://localhost:4000/api/cron/slack-digest
        - user-agent: Mozilla/5.0 (Linux; Android 14; Pixel 7) AppleWebKit/537.36 (KHTML, like Gecko) Chrome/151.0.7922.34 Mobile Safari/537.36
        - accept: */*
        - accept-encoding: gzip,deflate,br

        at apiRequestContext.get: connect ECONNREFUSED ::1:4000
        at /home/tbaltzakis/cloudless.gr/e2e/migrated/webhooks.spec.ts:48:31

    Error Context: test-results/migrated-webhooks-Cron-end-81173-t-cron-secret-→-401-403-404-mobile-chrome/error-context.md

    Retry #1 ───────────────────────────────────────────────────────────────────────────────────────

    Error: apiRequestContext.get: connect ECONNREFUSED ::1:4000
    Call log:
      - → GET http://localhost:4000/api/cron/slack-digest
        - user-agent: Mozilla/5.0 (Linux; Android 14; Pixel 7) AppleWebKit/537.36 (KHTML, like Gecko) Chrome/151.0.7922.34 Mobile Safari/537.36
        - accept: */*
        - accept-encoding: gzip,deflate,br

        at apiRequestContext.get: connect ECONNREFUSED ::1:4000
        at /home/tbaltzakis/cloudless.gr/e2e/migrated/webhooks.spec.ts:48:31

    Error Context: test-results/migrated-webhooks-Cron-end-81173-t-cron-secret-→-401-403-404-mobile-chrome-retry1/error-context.md

    attachment #2: trace (application/zip) ─────────────────────────────────────────────────────────
    test-results/migrated-webhooks-Cron-end-81173-t-cron-secret-→-401-403-404-mobile-chrome-retry1/trace.zip
    Usage:

        npx playwright show-trace test-results/migrated-webhooks-Cron-end-81173-t-cron-secret-→-401-403-404-mobile-chrome-retry1/trace.zip

    ────────────────────────────────────────────────────────────────────────────────────────────────

  1599) [mobile-chrome] › e2e/migrated/webhooks.spec.ts:47:9 › Cron endpoints — auth gate › GET /api/cron/digest without cron secret → 401/403/404 

    Error: apiRequestContext.get: connect ECONNREFUSED ::1:4000
    Call log:
      - → GET http://localhost:4000/api/cron/digest
        - user-agent: Mozilla/5.0 (Linux; Android 14; Pixel 7) AppleWebKit/537.36 (KHTML, like Gecko) Chrome/151.0.7922.34 Mobile Safari/537.36
        - accept: */*
        - accept-encoding: gzip,deflate,br

        at apiRequestContext.get: connect ECONNREFUSED ::1:4000
        at /home/tbaltzakis/cloudless.gr/e2e/migrated/webhooks.spec.ts:48:31

    Error Context: test-results/migrated-webhooks-Cron-end-cbf77-t-cron-secret-→-401-403-404-mobile-chrome/error-context.md

    Retry #1 ───────────────────────────────────────────────────────────────────────────────────────

    Error: apiRequestContext.get: connect ECONNREFUSED ::1:4000
    Call log:
      - → GET http://localhost:4000/api/cron/digest
        - user-agent: Mozilla/5.0 (Linux; Android 14; Pixel 7) AppleWebKit/537.36 (KHTML, like Gecko) Chrome/151.0.7922.34 Mobile Safari/537.36
        - accept: */*
        - accept-encoding: gzip,deflate,br

        at apiRequestContext.get: connect ECONNREFUSED ::1:4000
        at /home/tbaltzakis/cloudless.gr/e2e/migrated/webhooks.spec.ts:48:31

    Error Context: test-results/migrated-webhooks-Cron-end-cbf77-t-cron-secret-→-401-403-404-mobile-chrome-retry1/error-context.md

    attachment #2: trace (application/zip) ─────────────────────────────────────────────────────────
    test-results/migrated-webhooks-Cron-end-cbf77-t-cron-secret-→-401-403-404-mobile-chrome-retry1/trace.zip
    Usage:

        npx playwright show-trace test-results/migrated-webhooks-Cron-end-cbf77-t-cron-secret-→-401-403-404-mobile-chrome-retry1/trace.zip

    ────────────────────────────────────────────────────────────────────────────────────────────────

  1600) [mobile-chrome] › e2e/migrated/webhooks.spec.ts:47:9 › Cron endpoints — auth gate › GET /api/cron/sync without cron secret → 401/403/404 

    Error: apiRequestContext.get: connect ECONNREFUSED ::1:4000
    Call log:
      - → GET http://localhost:4000/api/cron/sync
        - user-agent: Mozilla/5.0 (Linux; Android 14; Pixel 7) AppleWebKit/537.36 (KHTML, like Gecko) Chrome/151.0.7922.34 Mobile Safari/537.36
        - accept: */*
        - accept-encoding: gzip,deflate,br

        at apiRequestContext.get: connect ECONNREFUSED ::1:4000
        at /home/tbaltzakis/cloudless.gr/e2e/migrated/webhooks.spec.ts:48:31

    Error Context: test-results/migrated-webhooks-Cron-end-1183d-t-cron-secret-→-401-403-404-mobile-chrome/error-context.md

    Retry #1 ───────────────────────────────────────────────────────────────────────────────────────

    Error: apiRequestContext.get: connect ECONNREFUSED ::1:4000
    Call log:
      - → GET http://localhost:4000/api/cron/sync
        - user-agent: Mozilla/5.0 (Linux; Android 14; Pixel 7) AppleWebKit/537.36 (KHTML, like Gecko) Chrome/151.0.7922.34 Mobile Safari/537.36
        - accept: */*
        - accept-encoding: gzip,deflate,br

        at apiRequestContext.get: connect ECONNREFUSED ::1:4000
        at /home/tbaltzakis/cloudless.gr/e2e/migrated/webhooks.spec.ts:48:31

    Error Context: test-results/migrated-webhooks-Cron-end-1183d-t-cron-secret-→-401-403-404-mobile-chrome-retry1/error-context.md

    attachment #2: trace (application/zip) ─────────────────────────────────────────────────────────
    test-results/migrated-webhooks-Cron-end-1183d-t-cron-secret-→-401-403-404-mobile-chrome-retry1/trace.zip
    Usage:

        npx playwright show-trace test-results/migrated-webhooks-Cron-end-1183d-t-cron-secret-→-401-403-404-mobile-chrome-retry1/trace.zip

    ────────────────────────────────────────────────────────────────────────────────────────────────

  1601) [mobile-chrome] › e2e/migrated/webhooks.spec.ts:47:9 › Cron endpoints — auth gate › GET /api/cron/refresh-cache without cron secret → 401/403/404 

    Error: apiRequestContext.get: connect ECONNREFUSED ::1:4000
    Call log:
      - → GET http://localhost:4000/api/cron/refresh-cache
        - user-agent: Mozilla/5.0 (Linux; Android 14; Pixel 7) AppleWebKit/537.36 (KHTML, like Gecko) Chrome/151.0.7922.34 Mobile Safari/537.36
        - accept: */*
        - accept-encoding: gzip,deflate,br

        at apiRequestContext.get: connect ECONNREFUSED ::1:4000
        at /home/tbaltzakis/cloudless.gr/e2e/migrated/webhooks.spec.ts:48:31

    Error Context: test-results/migrated-webhooks-Cron-end-9720c-t-cron-secret-→-401-403-404-mobile-chrome/error-context.md

    Retry #1 ───────────────────────────────────────────────────────────────────────────────────────

    Error: apiRequestContext.get: connect ECONNREFUSED ::1:4000
    Call log:
      - → GET http://localhost:4000/api/cron/refresh-cache
        - user-agent: Mozilla/5.0 (Linux; Android 14; Pixel 7) AppleWebKit/537.36 (KHTML, like Gecko) Chrome/151.0.7922.34 Mobile Safari/537.36
        - accept: */*
        - accept-encoding: gzip,deflate,br

        at apiRequestContext.get: connect ECONNREFUSED ::1:4000
        at /home/tbaltzakis/cloudless.gr/e2e/migrated/webhooks.spec.ts:48:31

    Error Context: test-results/migrated-webhooks-Cron-end-9720c-t-cron-secret-→-401-403-404-mobile-chrome-retry1/error-context.md

    attachment #2: trace (application/zip) ─────────────────────────────────────────────────────────
    test-results/migrated-webhooks-Cron-end-9720c-t-cron-secret-→-401-403-404-mobile-chrome-retry1/trace.zip
    Usage:

        npx playwright show-trace test-results/migrated-webhooks-Cron-end-9720c-t-cron-secret-→-401-403-404-mobile-chrome-retry1/trace.zip

    ────────────────────────────────────────────────────────────────────────────────────────────────

  1602) [mobile-chrome] › e2e/mobile-responsive.spec.ts:4:7 › Mobile & Responsive › homepage main and h1 are visible on the active viewport 

    Error: page.goto: net::ERR_CONNECTION_REFUSED at http://localhost:4000/
    Call log:
      - navigating to "http://localhost:4000/", waiting until "load"


      3 | test.describe("Mobile & Responsive", () => {
      4 |   test("homepage main and h1 are visible on the active viewport", async ({ page }) => {
    > 5 |     await page.goto("/");
        |                ^
      6 |     await expect(page.locator("main")).toBeVisible();
      7 |     await expect(page.getByRole("heading", { level: 1 })).toBeVisible();
      8 |   });
        at /home/tbaltzakis/cloudless.gr/e2e/mobile-responsive.spec.ts:5:16

    attachment #1: screenshot (image/png) ──────────────────────────────────────────────────────────
    test-results/mobile-responsive-Mobile-R-cfb1a-ible-on-the-active-viewport-mobile-chrome/test-failed-1.png
    ────────────────────────────────────────────────────────────────────────────────────────────────

    attachment #2: video (video/webm) ──────────────────────────────────────────────────────────────
    test-results/mobile-responsive-Mobile-R-cfb1a-ible-on-the-active-viewport-mobile-chrome/video.webm
    ────────────────────────────────────────────────────────────────────────────────────────────────

    Error Context: test-results/mobile-responsive-Mobile-R-cfb1a-ible-on-the-active-viewport-mobile-chrome/error-context.md

    Retry #1 ───────────────────────────────────────────────────────────────────────────────────────

    Error: page.goto: net::ERR_CONNECTION_REFUSED at http://localhost:4000/
    Call log:
      - navigating to "http://localhost:4000/", waiting until "load"


      3 | test.describe("Mobile & Responsive", () => {
      4 |   test("homepage main and h1 are visible on the active viewport", async ({ page }) => {
    > 5 |     await page.goto("/");
        |                ^
      6 |     await expect(page.locator("main")).toBeVisible();
      7 |     await expect(page.getByRole("heading", { level: 1 })).toBeVisible();
      8 |   });
        at /home/tbaltzakis/cloudless.gr/e2e/mobile-responsive.spec.ts:5:16

    attachment #1: screenshot (image/png) ──────────────────────────────────────────────────────────
    test-results/mobile-responsive-Mobile-R-cfb1a-ible-on-the-active-viewport-mobile-chrome-retry1/test-failed-1.png
    ────────────────────────────────────────────────────────────────────────────────────────────────

    attachment #2: video (video/webm) ──────────────────────────────────────────────────────────────
    test-results/mobile-responsive-Mobile-R-cfb1a-ible-on-the-active-viewport-mobile-chrome-retry1/video.webm
    ────────────────────────────────────────────────────────────────────────────────────────────────

    Error Context: test-results/mobile-responsive-Mobile-R-cfb1a-ible-on-the-active-viewport-mobile-chrome-retry1/error-context.md

    attachment #4: trace (application/zip) ─────────────────────────────────────────────────────────
    test-results/mobile-responsive-Mobile-R-cfb1a-ible-on-the-active-viewport-mobile-chrome-retry1/trace.zip
    Usage:

        npx playwright show-trace test-results/mobile-responsive-Mobile-R-cfb1a-ible-on-the-active-viewport-mobile-chrome-retry1/trace.zip

    ────────────────────────────────────────────────────────────────────────────────────────────────

  1603) [mobile-chrome] › e2e/mobile-responsive.spec.ts:10:7 › Mobile & Responsive › homepage exposes at least one navigable link 

    Error: page.goto: net::ERR_CONNECTION_REFUSED at http://localhost:4000/
    Call log:
      - navigating to "http://localhost:4000/", waiting until "load"


       9 |
      10 |   test("homepage exposes at least one navigable link", async ({ page }) => {
    > 11 |     await page.goto("/");
         |                ^
      12 |     const links = page.getByRole("link");
      13 |     await expect(links.first()).toBeVisible();
      14 |     expect(await links.count()).toBeGreaterThan(0);
        at /home/tbaltzakis/cloudless.gr/e2e/mobile-responsive.spec.ts:11:16

    attachment #1: screenshot (image/png) ──────────────────────────────────────────────────────────
    test-results/mobile-responsive-Mobile-R-d66ae-at-least-one-navigable-link-mobile-chrome/test-failed-1.png
    ────────────────────────────────────────────────────────────────────────────────────────────────

    attachment #2: video (video/webm) ──────────────────────────────────────────────────────────────
    test-results/mobile-responsive-Mobile-R-d66ae-at-least-one-navigable-link-mobile-chrome/video.webm
    ────────────────────────────────────────────────────────────────────────────────────────────────

    Error Context: test-results/mobile-responsive-Mobile-R-d66ae-at-least-one-navigable-link-mobile-chrome/error-context.md

    Retry #1 ───────────────────────────────────────────────────────────────────────────────────────

    Error: page.goto: net::ERR_CONNECTION_REFUSED at http://localhost:4000/
    Call log:
      - navigating to "http://localhost:4000/", waiting until "load"


       9 |
      10 |   test("homepage exposes at least one navigable link", async ({ page }) => {
    > 11 |     await page.goto("/");
         |                ^
      12 |     const links = page.getByRole("link");
      13 |     await expect(links.first()).toBeVisible();
      14 |     expect(await links.count()).toBeGreaterThan(0);
        at /home/tbaltzakis/cloudless.gr/e2e/mobile-responsive.spec.ts:11:16

    attachment #1: screenshot (image/png) ──────────────────────────────────────────────────────────
    test-results/mobile-responsive-Mobile-R-d66ae-at-least-one-navigable-link-mobile-chrome-retry1/test-failed-1.png
    ────────────────────────────────────────────────────────────────────────────────────────────────

    attachment #2: video (video/webm) ──────────────────────────────────────────────────────────────
    test-results/mobile-responsive-Mobile-R-d66ae-at-least-one-navigable-link-mobile-chrome-retry1/video.webm
    ────────────────────────────────────────────────────────────────────────────────────────────────

    Error Context: test-results/mobile-responsive-Mobile-R-d66ae-at-least-one-navigable-link-mobile-chrome-retry1/error-context.md

    attachment #4: trace (application/zip) ─────────────────────────────────────────────────────────
    test-results/mobile-responsive-Mobile-R-d66ae-at-least-one-navigable-link-mobile-chrome-retry1/trace.zip
    Usage:

        npx playwright show-trace test-results/mobile-responsive-Mobile-R-d66ae-at-least-one-navigable-link-mobile-chrome-retry1/trace.zip

    ────────────────────────────────────────────────────────────────────────────────────────────────

  1604) [mobile-chrome] › e2e/mobile-responsive.spec.ts:17:7 › Mobile & Responsive › footer contact link reaches the contact page 

    Error: page.goto: net::ERR_CONNECTION_REFUSED at http://localhost:4000/
    Call log:
      - navigating to "http://localhost:4000/", waiting until "load"


      16 |
      17 |   test("footer contact link reaches the contact page", async ({ page }) => {
    > 18 |     await page.goto("/");
         |                ^
      19 |     // The footer link is rendered last and is visible on every viewport
      20 |     // (no hamburger gating it on mobile).
      21 |     await page
        at /home/tbaltzakis/cloudless.gr/e2e/mobile-responsive.spec.ts:18:16

    attachment #1: screenshot (image/png) ──────────────────────────────────────────────────────────
    test-results/mobile-responsive-Mobile-R-d22e0-nk-reaches-the-contact-page-mobile-chrome/test-failed-1.png
    ────────────────────────────────────────────────────────────────────────────────────────────────

    attachment #2: video (video/webm) ──────────────────────────────────────────────────────────────
    test-results/mobile-responsive-Mobile-R-d22e0-nk-reaches-the-contact-page-mobile-chrome/video.webm
    ────────────────────────────────────────────────────────────────────────────────────────────────

    Error Context: test-results/mobile-responsive-Mobile-R-d22e0-nk-reaches-the-contact-page-mobile-chrome/error-context.md

    Retry #1 ───────────────────────────────────────────────────────────────────────────────────────

    Error: page.goto: net::ERR_CONNECTION_REFUSED at http://localhost:4000/
    Call log:
      - navigating to "http://localhost:4000/", waiting until "load"


      16 |
      17 |   test("footer contact link reaches the contact page", async ({ page }) => {
    > 18 |     await page.goto("/");
         |                ^
      19 |     // The footer link is rendered last and is visible on every viewport
      20 |     // (no hamburger gating it on mobile).
      21 |     await page
        at /home/tbaltzakis/cloudless.gr/e2e/mobile-responsive.spec.ts:18:16

    attachment #1: screenshot (image/png) ──────────────────────────────────────────────────────────
    test-results/mobile-responsive-Mobile-R-d22e0-nk-reaches-the-contact-page-mobile-chrome-retry1/test-failed-1.png
    ────────────────────────────────────────────────────────────────────────────────────────────────

    attachment #2: video (video/webm) ──────────────────────────────────────────────────────────────
    test-results/mobile-responsive-Mobile-R-d22e0-nk-reaches-the-contact-page-mobile-chrome-retry1/video.webm
    ────────────────────────────────────────────────────────────────────────────────────────────────

    Error Context: test-results/mobile-responsive-Mobile-R-d22e0-nk-reaches-the-contact-page-mobile-chrome-retry1/error-context.md

    attachment #4: trace (application/zip) ─────────────────────────────────────────────────────────
    test-results/mobile-responsive-Mobile-R-d22e0-nk-reaches-the-contact-page-mobile-chrome-retry1/trace.zip
    Usage:

        npx playwright show-trace test-results/mobile-responsive-Mobile-R-d22e0-nk-reaches-the-contact-page-mobile-chrome-retry1/trace.zip

    ────────────────────────────────────────────────────────────────────────────────────────────────

  1605) [mobile-chrome] › e2e/notion-cms.spec.ts:39:7 › AppFlowy CMS — /blog › renders the blog header and search input 

    Error: page.goto: net::ERR_CONNECTION_REFUSED at http://localhost:4000/blog
    Call log:
      - navigating to "http://localhost:4000/blog", waiting until "load"


      38 | test.describe("AppFlowy CMS — /blog", () => {
      39 |   test("renders the blog header and search input", async ({ page }) => {
    > 40 |     await page.goto("/blog");
         |                ^
      41 |     await expect(
      42 |       page.getByRole("heading", { level: 1, name: /insights/i })
      43 |     ).toBeVisible();
        at /home/tbaltzakis/cloudless.gr/e2e/notion-cms.spec.ts:40:16

    attachment #1: screenshot (image/png) ──────────────────────────────────────────────────────────
    test-results/notion-cms-AppFlowy-CMS-—--d6236-log-header-and-search-input-mobile-chrome/test-failed-1.png
    ────────────────────────────────────────────────────────────────────────────────────────────────

    attachment #2: video (video/webm) ──────────────────────────────────────────────────────────────
    test-results/notion-cms-AppFlowy-CMS-—--d6236-log-header-and-search-input-mobile-chrome/video.webm
    ────────────────────────────────────────────────────────────────────────────────────────────────

    Error Context: test-results/notion-cms-AppFlowy-CMS-—--d6236-log-header-and-search-input-mobile-chrome/error-context.md

    Retry #1 ───────────────────────────────────────────────────────────────────────────────────────

    Error: page.goto: net::ERR_CONNECTION_REFUSED at http://localhost:4000/blog
    Call log:
      - navigating to "http://localhost:4000/blog", waiting until "load"


      38 | test.describe("AppFlowy CMS — /blog", () => {
      39 |   test("renders the blog header and search input", async ({ page }) => {
    > 40 |     await page.goto("/blog");
         |                ^
      41 |     await expect(
      42 |       page.getByRole("heading", { level: 1, name: /insights/i })
      43 |     ).toBeVisible();
        at /home/tbaltzakis/cloudless.gr/e2e/notion-cms.spec.ts:40:16

    attachment #1: screenshot (image/png) ──────────────────────────────────────────────────────────
    test-results/notion-cms-AppFlowy-CMS-—--d6236-log-header-and-search-input-mobile-chrome-retry1/test-failed-1.png
    ────────────────────────────────────────────────────────────────────────────────────────────────

    attachment #2: video (video/webm) ──────────────────────────────────────────────────────────────
    test-results/notion-cms-AppFlowy-CMS-—--d6236-log-header-and-search-input-mobile-chrome-retry1/video.webm
    ────────────────────────────────────────────────────────────────────────────────────────────────

    Error Context: test-results/notion-cms-AppFlowy-CMS-—--d6236-log-header-and-search-input-mobile-chrome-retry1/error-context.md

    attachment #4: trace (application/zip) ─────────────────────────────────────────────────────────
    test-results/notion-cms-AppFlowy-CMS-—--d6236-log-header-and-search-input-mobile-chrome-retry1/trace.zip
    Usage:

        npx playwright show-trace test-results/notion-cms-AppFlowy-CMS-—--d6236-log-header-and-search-input-mobile-chrome-retry1/trace.zip

    ────────────────────────────────────────────────────────────────────────────────────────────────

  1606) [mobile-chrome] › e2e/notion-cms.spec.ts:47:7 › AppFlowy CMS — /blog › lists at least one post card linking to /blog/[slug] 

    Error: page.goto: net::ERR_CONNECTION_REFUSED at http://localhost:4000/blog
    Call log:
      - navigating to "http://localhost:4000/blog", waiting until "load"


      46 |
      47 |   test("lists at least one post card linking to /blog/[slug]", async ({ page }) => {
    > 48 |     await page.goto("/blog");
         |                ^
      49 |     const postLinks = page.locator('a[href^="/blog/"], a[href*="/blog/"]').filter({
      50 |       hasNot: page.locator('a[href$="/blog"]'),
      51 |     });
        at /home/tbaltzakis/cloudless.gr/e2e/notion-cms.spec.ts:48:16

    attachment #1: screenshot (image/png) ──────────────────────────────────────────────────────────
    test-results/notion-cms-AppFlowy-CMS-—--cadae--card-linking-to-blog-slug--mobile-chrome/test-failed-1.png
    ────────────────────────────────────────────────────────────────────────────────────────────────

    attachment #2: video (video/webm) ──────────────────────────────────────────────────────────────
    test-results/notion-cms-AppFlowy-CMS-—--cadae--card-linking-to-blog-slug--mobile-chrome/video.webm
    ────────────────────────────────────────────────────────────────────────────────────────────────

    Error Context: test-results/notion-cms-AppFlowy-CMS-—--cadae--card-linking-to-blog-slug--mobile-chrome/error-context.md

    Retry #1 ───────────────────────────────────────────────────────────────────────────────────────

    Error: page.goto: net::ERR_CONNECTION_REFUSED at http://localhost:4000/blog
    Call log:
      - navigating to "http://localhost:4000/blog", waiting until "load"


      46 |
      47 |   test("lists at least one post card linking to /blog/[slug]", async ({ page }) => {
    > 48 |     await page.goto("/blog");
         |                ^
      49 |     const postLinks = page.locator('a[href^="/blog/"], a[href*="/blog/"]').filter({
      50 |       hasNot: page.locator('a[href$="/blog"]'),
      51 |     });
        at /home/tbaltzakis/cloudless.gr/e2e/notion-cms.spec.ts:48:16

    attachment #1: screenshot (image/png) ──────────────────────────────────────────────────────────
    test-results/notion-cms-AppFlowy-CMS-—--cadae--card-linking-to-blog-slug--mobile-chrome-retry1/test-failed-1.png
    ────────────────────────────────────────────────────────────────────────────────────────────────

    attachment #2: video (video/webm) ──────────────────────────────────────────────────────────────
    test-results/notion-cms-AppFlowy-CMS-—--cadae--card-linking-to-blog-slug--mobile-chrome-retry1/video.webm
    ────────────────────────────────────────────────────────────────────────────────────────────────

    Error Context: test-results/notion-cms-AppFlowy-CMS-—--cadae--card-linking-to-blog-slug--mobile-chrome-retry1/error-context.md

    attachment #4: trace (application/zip) ─────────────────────────────────────────────────────────
    test-results/notion-cms-AppFlowy-CMS-—--cadae--card-linking-to-blog-slug--mobile-chrome-retry1/trace.zip
    Usage:

        npx playwright show-trace test-results/notion-cms-AppFlowy-CMS-—--cadae--card-linking-to-blog-slug--mobile-chrome-retry1/trace.zip

    ────────────────────────────────────────────────────────────────────────────────────────────────

  1607) [mobile-chrome] › e2e/notion-cms.spec.ts:56:7 › AppFlowy CMS — /blog › search query is preserved in the input 

    Error: page.goto: net::ERR_CONNECTION_REFUSED at http://localhost:4000/blog?q=cloud
    Call log:
      - navigating to "http://localhost:4000/blog?q=cloud", waiting until "load"


      55 |
      56 |   test("search query is preserved in the input", async ({ page }) => {
    > 57 |     await page.goto("/blog?q=cloud");
         |                ^
      58 |     await expect(page.getByPlaceholder(/search posts/i)).toHaveValue("cloud");
      59 |   });
      60 |
        at /home/tbaltzakis/cloudless.gr/e2e/notion-cms.spec.ts:57:16

    attachment #1: screenshot (image/png) ──────────────────────────────────────────────────────────
    test-results/notion-cms-AppFlowy-CMS-—--45d82-y-is-preserved-in-the-input-mobile-chrome/test-failed-1.png
    ────────────────────────────────────────────────────────────────────────────────────────────────

    attachment #2: video (video/webm) ──────────────────────────────────────────────────────────────
    test-results/notion-cms-AppFlowy-CMS-—--45d82-y-is-preserved-in-the-input-mobile-chrome/video.webm
    ────────────────────────────────────────────────────────────────────────────────────────────────

    Error Context: test-results/notion-cms-AppFlowy-CMS-—--45d82-y-is-preserved-in-the-input-mobile-chrome/error-context.md

    Retry #1 ───────────────────────────────────────────────────────────────────────────────────────

    Error: page.goto: net::ERR_CONNECTION_REFUSED at http://localhost:4000/blog?q=cloud
    Call log:
      - navigating to "http://localhost:4000/blog?q=cloud", waiting until "load"


      55 |
      56 |   test("search query is preserved in the input", async ({ page }) => {
    > 57 |     await page.goto("/blog?q=cloud");
         |                ^
      58 |     await expect(page.getByPlaceholder(/search posts/i)).toHaveValue("cloud");
      59 |   });
      60 |
        at /home/tbaltzakis/cloudless.gr/e2e/notion-cms.spec.ts:57:16

    attachment #1: screenshot (image/png) ──────────────────────────────────────────────────────────
    test-results/notion-cms-AppFlowy-CMS-—--45d82-y-is-preserved-in-the-input-mobile-chrome-retry1/test-failed-1.png
    ────────────────────────────────────────────────────────────────────────────────────────────────

    attachment #2: video (video/webm) ──────────────────────────────────────────────────────────────
    test-results/notion-cms-AppFlowy-CMS-—--45d82-y-is-preserved-in-the-input-mobile-chrome-retry1/video.webm
    ────────────────────────────────────────────────────────────────────────────────────────────────

    Error Context: test-results/notion-cms-AppFlowy-CMS-—--45d82-y-is-preserved-in-the-input-mobile-chrome-retry1/error-context.md

    attachment #4: trace (application/zip) ─────────────────────────────────────────────────────────
    test-results/notion-cms-AppFlowy-CMS-—--45d82-y-is-preserved-in-the-input-mobile-chrome-retry1/trace.zip
    Usage:

        npx playwright show-trace test-results/notion-cms-AppFlowy-CMS-—--45d82-y-is-preserved-in-the-input-mobile-chrome-retry1/trace.zip

    ────────────────────────────────────────────────────────────────────────────────────────────────

  1608) [mobile-chrome] › e2e/notion-cms.spec.ts:61:7 › AppFlowy CMS — /blog › nonexistent search yields empty-state message 

    Error: page.goto: net::ERR_CONNECTION_REFUSED at http://localhost:4000/blog?q=zzz_no_such_post_xyz
    Call log:
      - navigating to "http://localhost:4000/blog?q=zzz_no_such_post_xyz", waiting until "load"


      60 |
      61 |   test("nonexistent search yields empty-state message", async ({ page }) => {
    > 62 |     await page.goto("/blog?q=zzz_no_such_post_xyz");
         |                ^
      63 |     await expect(page.getByText(/no posts found/i)).toBeVisible();
      64 |   });
      65 | });
        at /home/tbaltzakis/cloudless.gr/e2e/notion-cms.spec.ts:62:16

    attachment #1: screenshot (image/png) ──────────────────────────────────────────────────────────
    test-results/notion-cms-AppFlowy-CMS-—--994c5--yields-empty-state-message-mobile-chrome/test-failed-1.png
    ────────────────────────────────────────────────────────────────────────────────────────────────

    attachment #2: video (video/webm) ──────────────────────────────────────────────────────────────
    test-results/notion-cms-AppFlowy-CMS-—--994c5--yields-empty-state-message-mobile-chrome/video.webm
    ────────────────────────────────────────────────────────────────────────────────────────────────

    Error Context: test-results/notion-cms-AppFlowy-CMS-—--994c5--yields-empty-state-message-mobile-chrome/error-context.md

    Retry #1 ───────────────────────────────────────────────────────────────────────────────────────

    Error: page.goto: net::ERR_CONNECTION_REFUSED at http://localhost:4000/blog?q=zzz_no_such_post_xyz
    Call log:
      - navigating to "http://localhost:4000/blog?q=zzz_no_such_post_xyz", waiting until "load"


      60 |
      61 |   test("nonexistent search yields empty-state message", async ({ page }) => {
    > 62 |     await page.goto("/blog?q=zzz_no_such_post_xyz");
         |                ^
      63 |     await expect(page.getByText(/no posts found/i)).toBeVisible();
      64 |   });
      65 | });
        at /home/tbaltzakis/cloudless.gr/e2e/notion-cms.spec.ts:62:16

    attachment #1: screenshot (image/png) ──────────────────────────────────────────────────────────
    test-results/notion-cms-AppFlowy-CMS-—--994c5--yields-empty-state-message-mobile-chrome-retry1/test-failed-1.png
    ────────────────────────────────────────────────────────────────────────────────────────────────

    attachment #2: video (video/webm) ──────────────────────────────────────────────────────────────
    test-results/notion-cms-AppFlowy-CMS-—--994c5--yields-empty-state-message-mobile-chrome-retry1/video.webm
    ────────────────────────────────────────────────────────────────────────────────────────────────

    Error Context: test-results/notion-cms-AppFlowy-CMS-—--994c5--yields-empty-state-message-mobile-chrome-retry1/error-context.md

    attachment #4: trace (application/zip) ─────────────────────────────────────────────────────────
    test-results/notion-cms-AppFlowy-CMS-—--994c5--yields-empty-state-message-mobile-chrome-retry1/trace.zip
    Usage:

        npx playwright show-trace test-results/notion-cms-AppFlowy-CMS-—--994c5--yields-empty-state-message-mobile-chrome-retry1/trace.zip

    ────────────────────────────────────────────────────────────────────────────────────────────────

  1609) [mobile-chrome] › e2e/notion-cms.spec.ts:70:7 › AppFlowy CMS — /blog/[slug] › static fallback post renders an article heading 

    Error: page.goto: net::ERR_CONNECTION_REFUSED at http://localhost:4000/blog/why-serverless-is-perfect-for-startups
    Call log:
      - navigating to "http://localhost:4000/blog/why-serverless-is-perfect-for-startups", waiting until "load"


      69 |
      70 |   test("static fallback post renders an article heading", async ({ page }) => {
    > 71 |     await page.goto(`/blog/${FIRST_STATIC_POST_SLUG}`);
         |                ^
      72 |     await expect(page).toHaveURL(new RegExp(`/blog/${FIRST_STATIC_POST_SLUG}`));
      73 |     await expect(page.getByRole("heading", { level: 1 })).toBeVisible();
      74 |   });
        at /home/tbaltzakis/cloudless.gr/e2e/notion-cms.spec.ts:71:16

    attachment #1: screenshot (image/png) ──────────────────────────────────────────────────────────
    test-results/notion-cms-AppFlowy-CMS-—--ef420--renders-an-article-heading-mobile-chrome/test-failed-1.png
    ────────────────────────────────────────────────────────────────────────────────────────────────

    attachment #2: video (video/webm) ──────────────────────────────────────────────────────────────
    test-results/notion-cms-AppFlowy-CMS-—--ef420--renders-an-article-heading-mobile-chrome/video.webm
    ────────────────────────────────────────────────────────────────────────────────────────────────

    Error Context: test-results/notion-cms-AppFlowy-CMS-—--ef420--renders-an-article-heading-mobile-chrome/error-context.md

    Retry #1 ───────────────────────────────────────────────────────────────────────────────────────

    Error: page.goto: net::ERR_CONNECTION_REFUSED at http://localhost:4000/blog/why-serverless-is-perfect-for-startups
    Call log:
      - navigating to "http://localhost:4000/blog/why-serverless-is-perfect-for-startups", waiting until "load"


      69 |
      70 |   test("static fallback post renders an article heading", async ({ page }) => {
    > 71 |     await page.goto(`/blog/${FIRST_STATIC_POST_SLUG}`);
         |                ^
      72 |     await expect(page).toHaveURL(new RegExp(`/blog/${FIRST_STATIC_POST_SLUG}`));
      73 |     await expect(page.getByRole("heading", { level: 1 })).toBeVisible();
      74 |   });
        at /home/tbaltzakis/cloudless.gr/e2e/notion-cms.spec.ts:71:16

    attachment #1: screenshot (image/png) ──────────────────────────────────────────────────────────
    test-results/notion-cms-AppFlowy-CMS-—--ef420--renders-an-article-heading-mobile-chrome-retry1/test-failed-1.png
    ────────────────────────────────────────────────────────────────────────────────────────────────

    attachment #2: video (video/webm) ──────────────────────────────────────────────────────────────
    test-results/notion-cms-AppFlowy-CMS-—--ef420--renders-an-article-heading-mobile-chrome-retry1/video.webm
    ────────────────────────────────────────────────────────────────────────────────────────────────

    Error Context: test-results/notion-cms-AppFlowy-CMS-—--ef420--renders-an-article-heading-mobile-chrome-retry1/error-context.md

    attachment #4: trace (application/zip) ─────────────────────────────────────────────────────────
    test-results/notion-cms-AppFlowy-CMS-—--ef420--renders-an-article-heading-mobile-chrome-retry1/trace.zip
    Usage:

        npx playwright show-trace test-results/notion-cms-AppFlowy-CMS-—--ef420--renders-an-article-heading-mobile-chrome-retry1/trace.zip

    ────────────────────────────────────────────────────────────────────────────────────────────────

  1610) [mobile-chrome] › e2e/notion-cms.spec.ts:76:7 › AppFlowy CMS — /blog/[slug] › nonexistent slug renders the 404 page 

    Error: page.goto: net::ERR_CONNECTION_REFUSED at http://localhost:4000/blog/this-slug-does-not-exist
    Call log:
      - navigating to "http://localhost:4000/blog/this-slug-does-not-exist", waiting until "load"


      75 |
      76 |   test("nonexistent slug renders the 404 page", async ({ page }) => {
    > 77 |     await page.goto("/blog/this-slug-does-not-exist");
         |                ^
      78 |     await expect(
      79 |       page.getByRole("heading", { level: 1, name: /page not found|introuvable|δεν βρέθηκε/i })
      80 |     ).toBeVisible();
        at /home/tbaltzakis/cloudless.gr/e2e/notion-cms.spec.ts:77:16

    attachment #1: screenshot (image/png) ──────────────────────────────────────────────────────────
    test-results/notion-cms-AppFlowy-CMS-—--151d1-t-slug-renders-the-404-page-mobile-chrome/test-failed-1.png
    ────────────────────────────────────────────────────────────────────────────────────────────────

    attachment #2: video (video/webm) ──────────────────────────────────────────────────────────────
    test-results/notion-cms-AppFlowy-CMS-—--151d1-t-slug-renders-the-404-page-mobile-chrome/video.webm
    ────────────────────────────────────────────────────────────────────────────────────────────────

    Error Context: test-results/notion-cms-AppFlowy-CMS-—--151d1-t-slug-renders-the-404-page-mobile-chrome/error-context.md

    Retry #1 ───────────────────────────────────────────────────────────────────────────────────────

    Error: page.goto: net::ERR_CONNECTION_REFUSED at http://localhost:4000/blog/this-slug-does-not-exist
    Call log:
      - navigating to "http://localhost:4000/blog/this-slug-does-not-exist", waiting until "load"


      75 |
      76 |   test("nonexistent slug renders the 404 page", async ({ page }) => {
    > 77 |     await page.goto("/blog/this-slug-does-not-exist");
         |                ^
      78 |     await expect(
      79 |       page.getByRole("heading", { level: 1, name: /page not found|introuvable|δεν βρέθηκε/i })
      80 |     ).toBeVisible();
        at /home/tbaltzakis/cloudless.gr/e2e/notion-cms.spec.ts:77:16

    attachment #1: screenshot (image/png) ──────────────────────────────────────────────────────────
    test-results/notion-cms-AppFlowy-CMS-—--151d1-t-slug-renders-the-404-page-mobile-chrome-retry1/test-failed-1.png
    ────────────────────────────────────────────────────────────────────────────────────────────────

    attachment #2: video (video/webm) ──────────────────────────────────────────────────────────────
    test-results/notion-cms-AppFlowy-CMS-—--151d1-t-slug-renders-the-404-page-mobile-chrome-retry1/video.webm
    ────────────────────────────────────────────────────────────────────────────────────────────────

    Error Context: test-results/notion-cms-AppFlowy-CMS-—--151d1-t-slug-renders-the-404-page-mobile-chrome-retry1/error-context.md

    attachment #4: trace (application/zip) ─────────────────────────────────────────────────────────
    test-results/notion-cms-AppFlowy-CMS-—--151d1-t-slug-renders-the-404-page-mobile-chrome-retry1/trace.zip
    Usage:

        npx playwright show-trace test-results/notion-cms-AppFlowy-CMS-—--151d1-t-slug-renders-the-404-page-mobile-chrome-retry1/trace.zip

    ────────────────────────────────────────────────────────────────────────────────────────────────

  1611) [mobile-chrome] › e2e/notion-cms.spec.ts:85:7 › AppFlowy CMS — /api/blog/posts contract › returns a non-empty array of posts with required fields 

    Error: apiRequestContext.get: connect ECONNREFUSED ::1:4000
    Call log:
      - → GET http://localhost:4000/api/blog/posts
        - user-agent: Mozilla/5.0 (Linux; Android 14; Pixel 7) AppleWebKit/537.36 (KHTML, like Gecko) Chrome/151.0.7922.34 Mobile Safari/537.36
        - accept: */*
        - accept-encoding: gzip,deflate,br

        at apiRequestContext.get: connect ECONNREFUSED ::1:4000
        at /home/tbaltzakis/cloudless.gr/e2e/notion-cms.spec.ts:86:31

    Error Context: test-results/notion-cms-AppFlowy-CMS-—--3e7a8--posts-with-required-fields-mobile-chrome/error-context.md

    Retry #1 ───────────────────────────────────────────────────────────────────────────────────────

    Error: apiRequestContext.get: connect ECONNREFUSED ::1:4000
    Call log:
      - → GET http://localhost:4000/api/blog/posts
        - user-agent: Mozilla/5.0 (Linux; Android 14; Pixel 7) AppleWebKit/537.36 (KHTML, like Gecko) Chrome/151.0.7922.34 Mobile Safari/537.36
        - accept: */*
        - accept-encoding: gzip,deflate,br

        at apiRequestContext.get: connect ECONNREFUSED ::1:4000
        at /home/tbaltzakis/cloudless.gr/e2e/notion-cms.spec.ts:86:31

    Error Context: test-results/notion-cms-AppFlowy-CMS-—--3e7a8--posts-with-required-fields-mobile-chrome-retry1/error-context.md

    attachment #2: trace (application/zip) ─────────────────────────────────────────────────────────
    test-results/notion-cms-AppFlowy-CMS-—--3e7a8--posts-with-required-fields-mobile-chrome-retry1/trace.zip
    Usage:

        npx playwright show-trace test-results/notion-cms-AppFlowy-CMS-—--3e7a8--posts-with-required-fields-mobile-chrome-retry1/trace.zip

    ────────────────────────────────────────────────────────────────────────────────────────────────

  1612) [mobile-chrome] › e2e/notion-cms.spec.ts:104:7 › AppFlowy CMS — /docs › renders the docs header and search input 

    Error: page.goto: net::ERR_CONNECTION_REFUSED at http://localhost:4000/docs
    Call log:
      - navigating to "http://localhost:4000/docs", waiting until "load"


      103 | test.describe("AppFlowy CMS — /docs", () => {
      104 |   test("renders the docs header and search input", async ({ page }) => {
    > 105 |     await page.goto("/docs");
          |                ^
      106 |     await page.waitForLoadState("networkidle");
      107 |     await expect(
      108 |       page.getByRole("heading", { level: 1, name: /documentation/i })
        at /home/tbaltzakis/cloudless.gr/e2e/notion-cms.spec.ts:105:16

    attachment #1: screenshot (image/png) ──────────────────────────────────────────────────────────
    test-results/notion-cms-AppFlowy-CMS-—--a64c1-ocs-header-and-search-input-mobile-chrome/test-failed-1.png
    ────────────────────────────────────────────────────────────────────────────────────────────────

    attachment #2: video (video/webm) ──────────────────────────────────────────────────────────────
    test-results/notion-cms-AppFlowy-CMS-—--a64c1-ocs-header-and-search-input-mobile-chrome/video.webm
    ────────────────────────────────────────────────────────────────────────────────────────────────

    Error Context: test-results/notion-cms-AppFlowy-CMS-—--a64c1-ocs-header-and-search-input-mobile-chrome/error-context.md

    Retry #1 ───────────────────────────────────────────────────────────────────────────────────────

    Error: page.goto: net::ERR_CONNECTION_REFUSED at http://localhost:4000/docs
    Call log:
      - navigating to "http://localhost:4000/docs", waiting until "load"


      103 | test.describe("AppFlowy CMS — /docs", () => {
      104 |   test("renders the docs header and search input", async ({ page }) => {
    > 105 |     await page.goto("/docs");
          |                ^
      106 |     await page.waitForLoadState("networkidle");
      107 |     await expect(
      108 |       page.getByRole("heading", { level: 1, name: /documentation/i })
        at /home/tbaltzakis/cloudless.gr/e2e/notion-cms.spec.ts:105:16

    attachment #1: screenshot (image/png) ──────────────────────────────────────────────────────────
    test-results/notion-cms-AppFlowy-CMS-—--a64c1-ocs-header-and-search-input-mobile-chrome-retry1/test-failed-1.png
    ────────────────────────────────────────────────────────────────────────────────────────────────

    attachment #2: video (video/webm) ──────────────────────────────────────────────────────────────
    test-results/notion-cms-AppFlowy-CMS-—--a64c1-ocs-header-and-search-input-mobile-chrome-retry1/video.webm
    ────────────────────────────────────────────────────────────────────────────────────────────────

    Error Context: test-results/notion-cms-AppFlowy-CMS-—--a64c1-ocs-header-and-search-input-mobile-chrome-retry1/error-context.md

    attachment #4: trace (application/zip) ─────────────────────────────────────────────────────────
    test-results/notion-cms-AppFlowy-CMS-—--a64c1-ocs-header-and-search-input-mobile-chrome-retry1/trace.zip
    Usage:

        npx playwright show-trace test-results/notion-cms-AppFlowy-CMS-—--a64c1-ocs-header-and-search-input-mobile-chrome-retry1/trace.zip

    ────────────────────────────────────────────────────────────────────────────────────────────────

  1613) [mobile-chrome] › e2e/notion-cms.spec.ts:113:7 › AppFlowy CMS — /docs › renders either category headings or the empty state 

    Error: page.goto: net::ERR_CONNECTION_REFUSED at http://localhost:4000/docs
    Call log:
      - navigating to "http://localhost:4000/docs", waiting until "load"


      112 |
      113 |   test("renders either category headings or the empty state", async ({ page }) => {
    > 114 |     await page.goto("/docs");
          |                ^
      115 |     const categoryHeading = page.getByRole("heading", { level: 2 });
      116 |     const emptyState = page.getByText(/no documentation published yet|no docs match/i);
      117 |     await expect(categoryHeading.or(emptyState).first()).toBeVisible();
        at /home/tbaltzakis/cloudless.gr/e2e/notion-cms.spec.ts:114:16

    attachment #1: screenshot (image/png) ──────────────────────────────────────────────────────────
    test-results/notion-cms-AppFlowy-CMS-—--0d8e6-headings-or-the-empty-state-mobile-chrome/test-failed-1.png
    ────────────────────────────────────────────────────────────────────────────────────────────────

    attachment #2: video (video/webm) ──────────────────────────────────────────────────────────────
    test-results/notion-cms-AppFlowy-CMS-—--0d8e6-headings-or-the-empty-state-mobile-chrome/video.webm
    ────────────────────────────────────────────────────────────────────────────────────────────────

    Error Context: test-results/notion-cms-AppFlowy-CMS-—--0d8e6-headings-or-the-empty-state-mobile-chrome/error-context.md

    Retry #1 ───────────────────────────────────────────────────────────────────────────────────────

    Error: page.goto: net::ERR_CONNECTION_REFUSED at http://localhost:4000/docs
    Call log:
      - navigating to "http://localhost:4000/docs", waiting until "load"


      112 |
      113 |   test("renders either category headings or the empty state", async ({ page }) => {
    > 114 |     await page.goto("/docs");
          |                ^
      115 |     const categoryHeading = page.getByRole("heading", { level: 2 });
      116 |     const emptyState = page.getByText(/no documentation published yet|no docs match/i);
      117 |     await expect(categoryHeading.or(emptyState).first()).toBeVisible();
        at /home/tbaltzakis/cloudless.gr/e2e/notion-cms.spec.ts:114:16

    attachment #1: screenshot (image/png) ──────────────────────────────────────────────────────────
    test-results/notion-cms-AppFlowy-CMS-—--0d8e6-headings-or-the-empty-state-mobile-chrome-retry1/test-failed-1.png
    ────────────────────────────────────────────────────────────────────────────────────────────────

    attachment #2: video (video/webm) ──────────────────────────────────────────────────────────────
    test-results/notion-cms-AppFlowy-CMS-—--0d8e6-headings-or-the-empty-state-mobile-chrome-retry1/video.webm
    ────────────────────────────────────────────────────────────────────────────────────────────────

    Error Context: test-results/notion-cms-AppFlowy-CMS-—--0d8e6-headings-or-the-empty-state-mobile-chrome-retry1/error-context.md

    attachment #4: trace (application/zip) ─────────────────────────────────────────────────────────
    test-results/notion-cms-AppFlowy-CMS-—--0d8e6-headings-or-the-empty-state-mobile-chrome-retry1/trace.zip
    Usage:

        npx playwright show-trace test-results/notion-cms-AppFlowy-CMS-—--0d8e6-headings-or-the-empty-state-mobile-chrome-retry1/trace.zip

    ────────────────────────────────────────────────────────────────────────────────────────────────

  1614) [mobile-chrome] › e2e/notion-cms.spec.ts:120:7 › AppFlowy CMS — /docs › filtering with no matches shows the no-results state 

    Error: page.goto: net::ERR_CONNECTION_REFUSED at http://localhost:4000/docs?q=zzz_no_such_doc_xyz
    Call log:
      - navigating to "http://localhost:4000/docs?q=zzz_no_such_doc_xyz", waiting until "load"


      119 |
      120 |   test("filtering with no matches shows the no-results state", async ({ page }) => {
    > 121 |     await page.goto("/docs?q=zzz_no_such_doc_xyz");
          |                ^
      122 |     await page.waitForLoadState("networkidle");
      123 |     await expect(
      124 |       page.getByText(/no docs match your filters|no documentation published yet/i)
        at /home/tbaltzakis/cloudless.gr/e2e/notion-cms.spec.ts:121:16

    attachment #1: screenshot (image/png) ──────────────────────────────────────────────────────────
    test-results/notion-cms-AppFlowy-CMS-—--5d3c4--shows-the-no-results-state-mobile-chrome/test-failed-1.png
    ────────────────────────────────────────────────────────────────────────────────────────────────

    attachment #2: video (video/webm) ──────────────────────────────────────────────────────────────
    test-results/notion-cms-AppFlowy-CMS-—--5d3c4--shows-the-no-results-state-mobile-chrome/video.webm
    ────────────────────────────────────────────────────────────────────────────────────────────────

    Error Context: test-results/notion-cms-AppFlowy-CMS-—--5d3c4--shows-the-no-results-state-mobile-chrome/error-context.md

    Retry #1 ───────────────────────────────────────────────────────────────────────────────────────

    Error: page.goto: net::ERR_CONNECTION_REFUSED at http://localhost:4000/docs?q=zzz_no_such_doc_xyz
    Call log:
      - navigating to "http://localhost:4000/docs?q=zzz_no_such_doc_xyz", waiting until "load"


      119 |
      120 |   test("filtering with no matches shows the no-results state", async ({ page }) => {
    > 121 |     await page.goto("/docs?q=zzz_no_such_doc_xyz");
          |                ^
      122 |     await page.waitForLoadState("networkidle");
      123 |     await expect(
      124 |       page.getByText(/no docs match your filters|no documentation published yet/i)
        at /home/tbaltzakis/cloudless.gr/e2e/notion-cms.spec.ts:121:16

    attachment #1: screenshot (image/png) ──────────────────────────────────────────────────────────
    test-results/notion-cms-AppFlowy-CMS-—--5d3c4--shows-the-no-results-state-mobile-chrome-retry1/test-failed-1.png
    ────────────────────────────────────────────────────────────────────────────────────────────────

    attachment #2: video (video/webm) ──────────────────────────────────────────────────────────────
    test-results/notion-cms-AppFlowy-CMS-—--5d3c4--shows-the-no-results-state-mobile-chrome-retry1/video.webm
    ────────────────────────────────────────────────────────────────────────────────────────────────

    Error Context: test-results/notion-cms-AppFlowy-CMS-—--5d3c4--shows-the-no-results-state-mobile-chrome-retry1/error-context.md

    attachment #4: trace (application/zip) ─────────────────────────────────────────────────────────
    test-results/notion-cms-AppFlowy-CMS-—--5d3c4--shows-the-no-results-state-mobile-chrome-retry1/trace.zip
    Usage:

        npx playwright show-trace test-results/notion-cms-AppFlowy-CMS-—--5d3c4--shows-the-no-results-state-mobile-chrome-retry1/trace.zip

    ────────────────────────────────────────────────────────────────────────────────────────────────

  1615) [mobile-chrome] › e2e/notion-cms.spec.ts:130:7 › AppFlowy CMS — /api/docs contract › returns an array (empty or populated) with required fields 

    Error: apiRequestContext.get: connect ECONNREFUSED ::1:4000
    Call log:
      - → GET http://localhost:4000/api/docs
        - user-agent: Mozilla/5.0 (Linux; Android 14; Pixel 7) AppleWebKit/537.36 (KHTML, like Gecko) Chrome/151.0.7922.34 Mobile Safari/537.36
        - accept: */*
        - accept-encoding: gzip,deflate,br

        at apiRequestContext.get: connect ECONNREFUSED ::1:4000
        at /home/tbaltzakis/cloudless.gr/e2e/notion-cms.spec.ts:131:31

    Error Context: test-results/notion-cms-AppFlowy-CMS-—--524cb-ulated-with-required-fields-mobile-chrome/error-context.md

    Retry #1 ───────────────────────────────────────────────────────────────────────────────────────

    Error: apiRequestContext.get: connect ECONNREFUSED ::1:4000
    Call log:
      - → GET http://localhost:4000/api/docs
        - user-agent: Mozilla/5.0 (Linux; Android 14; Pixel 7) AppleWebKit/537.36 (KHTML, like Gecko) Chrome/151.0.7922.34 Mobile Safari/537.36
        - accept: */*
        - accept-encoding: gzip,deflate,br

        at apiRequestContext.get: connect ECONNREFUSED ::1:4000
        at /home/tbaltzakis/cloudless.gr/e2e/notion-cms.spec.ts:131:31

    Error Context: test-results/notion-cms-AppFlowy-CMS-—--524cb-ulated-with-required-fields-mobile-chrome-retry1/error-context.md

    attachment #2: trace (application/zip) ─────────────────────────────────────────────────────────
    test-results/notion-cms-AppFlowy-CMS-—--524cb-ulated-with-required-fields-mobile-chrome-retry1/trace.zip
    Usage:

        npx playwright show-trace test-results/notion-cms-AppFlowy-CMS-—--524cb-ulated-with-required-fields-mobile-chrome-retry1/trace.zip

    ────────────────────────────────────────────────────────────────────────────────────────────────

  1616) [mobile-chrome] › e2e/notion-cms.spec.ts:150:7 › AppFlowy CMS — /api/testimonials contract › returns an array with required fields 

    Error: apiRequestContext.get: connect ECONNREFUSED ::1:4000
    Call log:
      - → GET http://localhost:4000/api/testimonials
        - user-agent: Mozilla/5.0 (Linux; Android 14; Pixel 7) AppleWebKit/537.36 (KHTML, like Gecko) Chrome/151.0.7922.34 Mobile Safari/537.36
        - accept: */*
        - accept-encoding: gzip,deflate,br

        at apiRequestContext.get: connect ECONNREFUSED ::1:4000
        at /home/tbaltzakis/cloudless.gr/e2e/notion-cms.spec.ts:151:31

    Error Context: test-results/notion-cms-AppFlowy-CMS-—--03ff3--array-with-required-fields-mobile-chrome/error-context.md

    Retry #1 ───────────────────────────────────────────────────────────────────────────────────────

    Error: apiRequestContext.get: connect ECONNREFUSED ::1:4000
    Call log:
      - → GET http://localhost:4000/api/testimonials
        - user-agent: Mozilla/5.0 (Linux; Android 14; Pixel 7) AppleWebKit/537.36 (KHTML, like Gecko) Chrome/151.0.7922.34 Mobile Safari/537.36
        - accept: */*
        - accept-encoding: gzip,deflate,br

        at apiRequestContext.get: connect ECONNREFUSED ::1:4000
        at /home/tbaltzakis/cloudless.gr/e2e/notion-cms.spec.ts:151:31

    Error Context: test-results/notion-cms-AppFlowy-CMS-—--03ff3--array-with-required-fields-mobile-chrome-retry1/error-context.md

    attachment #2: trace (application/zip) ─────────────────────────────────────────────────────────
    test-results/notion-cms-AppFlowy-CMS-—--03ff3--array-with-required-fields-mobile-chrome-retry1/trace.zip
    Usage:

        npx playwright show-trace test-results/notion-cms-AppFlowy-CMS-—--03ff3--array-with-required-fields-mobile-chrome-retry1/trace.zip

    ────────────────────────────────────────────────────────────────────────────────────────────────

  1617) [mobile-chrome] › e2e/notion-cms.spec.ts:167:7 › AppFlowy CMS — /api/testimonials contract › featured endpoint returns only featured items 

    Error: apiRequestContext.get: connect ECONNREFUSED ::1:4000
    Call log:
      - → GET http://localhost:4000/api/testimonials?featured=true
        - user-agent: Mozilla/5.0 (Linux; Android 14; Pixel 7) AppleWebKit/537.36 (KHTML, like Gecko) Chrome/151.0.7922.34 Mobile Safari/537.36
        - accept: */*
        - accept-encoding: gzip,deflate,br

        at apiRequestContext.get: connect ECONNREFUSED ::1:4000
        at /home/tbaltzakis/cloudless.gr/e2e/notion-cms.spec.ts:168:31

    Error Context: test-results/notion-cms-AppFlowy-CMS-—--b665f-returns-only-featured-items-mobile-chrome/error-context.md

    Retry #1 ───────────────────────────────────────────────────────────────────────────────────────

    Error: apiRequestContext.get: connect ECONNREFUSED ::1:4000
    Call log:
      - → GET http://localhost:4000/api/testimonials?featured=true
        - user-agent: Mozilla/5.0 (Linux; Android 14; Pixel 7) AppleWebKit/537.36 (KHTML, like Gecko) Chrome/151.0.7922.34 Mobile Safari/537.36
        - accept: */*
        - accept-encoding: gzip,deflate,br

        at apiRequestContext.get: connect ECONNREFUSED ::1:4000
        at /home/tbaltzakis/cloudless.gr/e2e/notion-cms.spec.ts:168:31

    Error Context: test-results/notion-cms-AppFlowy-CMS-—--b665f-returns-only-featured-items-mobile-chrome-retry1/error-context.md

    attachment #2: trace (application/zip) ─────────────────────────────────────────────────────────
    test-results/notion-cms-AppFlowy-CMS-—--b665f-returns-only-featured-items-mobile-chrome-retry1/trace.zip
    Usage:

        npx playwright show-trace test-results/notion-cms-AppFlowy-CMS-—--b665f-returns-only-featured-items-mobile-chrome-retry1/trace.zip

    ────────────────────────────────────────────────────────────────────────────────────────────────

  1618) [mobile-chrome] › e2e/notion-cms.spec.ts:180:7 › AppFlowy CMS — testimonials on homepage › homepage renders at least one testimonial quote 

    Error: page.goto: net::ERR_CONNECTION_REFUSED at http://localhost:4000/
    Call log:
      - navigating to "http://localhost:4000/", waiting until "load"


      179 | test.describe("AppFlowy CMS — testimonials on homepage", () => {
      180 |   test("homepage renders at least one testimonial quote", async ({ page }) => {
    > 181 |     await page.goto("/");
          |                ^
      182 |     await page.waitForLoadState("networkidle");
      183 |     // Testimonials are rendered as blockquotes or elements with the quote text
      184 |     const firstQuote = staticTestimonials[0].quote.slice(0, 20);
        at /home/tbaltzakis/cloudless.gr/e2e/notion-cms.spec.ts:181:16

    attachment #1: screenshot (image/png) ──────────────────────────────────────────────────────────
    test-results/notion-cms-AppFlowy-CMS-—--1a149-least-one-testimonial-quote-mobile-chrome/test-failed-1.png
    ────────────────────────────────────────────────────────────────────────────────────────────────

    attachment #2: video (video/webm) ──────────────────────────────────────────────────────────────
    test-results/notion-cms-AppFlowy-CMS-—--1a149-least-one-testimonial-quote-mobile-chrome/video.webm
    ────────────────────────────────────────────────────────────────────────────────────────────────

    Error Context: test-results/notion-cms-AppFlowy-CMS-—--1a149-least-one-testimonial-quote-mobile-chrome/error-context.md

    Retry #1 ───────────────────────────────────────────────────────────────────────────────────────

    Error: page.goto: net::ERR_CONNECTION_REFUSED at http://localhost:4000/
    Call log:
      - navigating to "http://localhost:4000/", waiting until "load"


      179 | test.describe("AppFlowy CMS — testimonials on homepage", () => {
      180 |   test("homepage renders at least one testimonial quote", async ({ page }) => {
    > 181 |     await page.goto("/");
          |                ^
      182 |     await page.waitForLoadState("networkidle");
      183 |     // Testimonials are rendered as blockquotes or elements with the quote text
      184 |     const firstQuote = staticTestimonials[0].quote.slice(0, 20);
        at /home/tbaltzakis/cloudless.gr/e2e/notion-cms.spec.ts:181:16

    attachment #1: screenshot (image/png) ──────────────────────────────────────────────────────────
    test-results/notion-cms-AppFlowy-CMS-—--1a149-least-one-testimonial-quote-mobile-chrome-retry1/test-failed-1.png
    ────────────────────────────────────────────────────────────────────────────────────────────────

    attachment #2: video (video/webm) ──────────────────────────────────────────────────────────────
    test-results/notion-cms-AppFlowy-CMS-—--1a149-least-one-testimonial-quote-mobile-chrome-retry1/video.webm
    ────────────────────────────────────────────────────────────────────────────────────────────────

    Error Context: test-results/notion-cms-AppFlowy-CMS-—--1a149-least-one-testimonial-quote-mobile-chrome-retry1/error-context.md

    attachment #4: trace (application/zip) ─────────────────────────────────────────────────────────
    test-results/notion-cms-AppFlowy-CMS-—--1a149-least-one-testimonial-quote-mobile-chrome-retry1/trace.zip
    Usage:

        npx playwright show-trace test-results/notion-cms-AppFlowy-CMS-—--1a149-least-one-testimonial-quote-mobile-chrome-retry1/trace.zip

    ────────────────────────────────────────────────────────────────────────────────────────────────

  1619) [mobile-chrome] › e2e/notion-cms.spec.ts:198:7 › AppFlowy CMS — /services page › renders the services heading 

    Error: page.goto: net::ERR_CONNECTION_REFUSED at http://localhost:4000/services
    Call log:
      - navigating to "http://localhost:4000/services", waiting until "load"


      197 | test.describe("AppFlowy CMS — /services page", () => {
      198 |   test("renders the services heading", async ({ page }) => {
    > 199 |     await page.goto("/services");
          |                ^
      200 |     await page.waitForLoadState("networkidle");
      201 |     await expect(
      202 |       page.getByRole("heading", { level: 1 })
        at /home/tbaltzakis/cloudless.gr/e2e/notion-cms.spec.ts:199:16

    attachment #1: screenshot (image/png) ──────────────────────────────────────────────────────────
    test-results/notion-cms-AppFlowy-CMS-—--f4867-enders-the-services-heading-mobile-chrome/test-failed-1.png
    ────────────────────────────────────────────────────────────────────────────────────────────────

    attachment #2: video (video/webm) ──────────────────────────────────────────────────────────────
    test-results/notion-cms-AppFlowy-CMS-—--f4867-enders-the-services-heading-mobile-chrome/video.webm
    ────────────────────────────────────────────────────────────────────────────────────────────────

    Error Context: test-results/notion-cms-AppFlowy-CMS-—--f4867-enders-the-services-heading-mobile-chrome/error-context.md

    Retry #1 ───────────────────────────────────────────────────────────────────────────────────────

    Error: page.goto: net::ERR_CONNECTION_REFUSED at http://localhost:4000/services
    Call log:
      - navigating to "http://localhost:4000/services", waiting until "load"


      197 | test.describe("AppFlowy CMS — /services page", () => {
      198 |   test("renders the services heading", async ({ page }) => {
    > 199 |     await page.goto("/services");
          |                ^
      200 |     await page.waitForLoadState("networkidle");
      201 |     await expect(
      202 |       page.getByRole("heading", { level: 1 })
        at /home/tbaltzakis/cloudless.gr/e2e/notion-cms.spec.ts:199:16

    attachment #1: screenshot (image/png) ──────────────────────────────────────────────────────────
    test-results/notion-cms-AppFlowy-CMS-—--f4867-enders-the-services-heading-mobile-chrome-retry1/test-failed-1.png
    ────────────────────────────────────────────────────────────────────────────────────────────────

    attachment #2: video (video/webm) ──────────────────────────────────────────────────────────────
    test-results/notion-cms-AppFlowy-CMS-—--f4867-enders-the-services-heading-mobile-chrome-retry1/video.webm
    ────────────────────────────────────────────────────────────────────────────────────────────────

    Error Context: test-results/notion-cms-AppFlowy-CMS-—--f4867-enders-the-services-heading-mobile-chrome-retry1/error-context.md

    attachment #4: trace (application/zip) ─────────────────────────────────────────────────────────
    test-results/notion-cms-AppFlowy-CMS-—--f4867-enders-the-services-heading-mobile-chrome-retry1/trace.zip
    Usage:

        npx playwright show-trace test-results/notion-cms-AppFlowy-CMS-—--f4867-enders-the-services-heading-mobile-chrome-retry1/trace.zip

    ────────────────────────────────────────────────────────────────────────────────────────────────

  1620) [mobile-chrome] › e2e/notion-cms.spec.ts:206:7 › AppFlowy CMS — /services page › lists service cards on the services page 

    Error: page.goto: net::ERR_CONNECTION_REFUSED at http://localhost:4000/services
    Call log:
      - navigating to "http://localhost:4000/services", waiting until "load"


      205 |
      206 |   test("lists service cards on the services page", async ({ page }) => {
    > 207 |     await page.goto("/services");
          |                ^
      208 |     await page.waitForLoadState("networkidle");
      209 |     // When Notion is unreachable, the page renders static fallback data.
      210 |     // Assert the page has rendered service-related content.
        at /home/tbaltzakis/cloudless.gr/e2e/notion-cms.spec.ts:207:16

    attachment #1: screenshot (image/png) ──────────────────────────────────────────────────────────
    test-results/notion-cms-AppFlowy-CMS-—--0f178--cards-on-the-services-page-mobile-chrome/test-failed-1.png
    ────────────────────────────────────────────────────────────────────────────────────────────────

    attachment #2: video (video/webm) ──────────────────────────────────────────────────────────────
    test-results/notion-cms-AppFlowy-CMS-—--0f178--cards-on-the-services-page-mobile-chrome/video.webm
    ────────────────────────────────────────────────────────────────────────────────────────────────

    Error Context: test-results/notion-cms-AppFlowy-CMS-—--0f178--cards-on-the-services-page-mobile-chrome/error-context.md

    Retry #1 ───────────────────────────────────────────────────────────────────────────────────────

    Error: page.goto: net::ERR_CONNECTION_REFUSED at http://localhost:4000/services
    Call log:
      - navigating to "http://localhost:4000/services", waiting until "load"


      205 |
      206 |   test("lists service cards on the services page", async ({ page }) => {
    > 207 |     await page.goto("/services");
          |                ^
      208 |     await page.waitForLoadState("networkidle");
      209 |     // When Notion is unreachable, the page renders static fallback data.
      210 |     // Assert the page has rendered service-related content.
        at /home/tbaltzakis/cloudless.gr/e2e/notion-cms.spec.ts:207:16

    attachment #1: screenshot (image/png) ──────────────────────────────────────────────────────────
    test-results/notion-cms-AppFlowy-CMS-—--0f178--cards-on-the-services-page-mobile-chrome-retry1/test-failed-1.png
    ────────────────────────────────────────────────────────────────────────────────────────────────

    attachment #2: video (video/webm) ──────────────────────────────────────────────────────────────
    test-results/notion-cms-AppFlowy-CMS-—--0f178--cards-on-the-services-page-mobile-chrome-retry1/video.webm
    ────────────────────────────────────────────────────────────────────────────────────────────────

    Error Context: test-results/notion-cms-AppFlowy-CMS-—--0f178--cards-on-the-services-page-mobile-chrome-retry1/error-context.md

    attachment #4: trace (application/zip) ─────────────────────────────────────────────────────────
    test-results/notion-cms-AppFlowy-CMS-—--0f178--cards-on-the-services-page-mobile-chrome-retry1/trace.zip
    Usage:

        npx playwright show-trace test-results/notion-cms-AppFlowy-CMS-—--0f178--cards-on-the-services-page-mobile-chrome-retry1/trace.zip

    ────────────────────────────────────────────────────────────────────────────────────────────────

  1621) [mobile-chrome] › e2e/notion-cms.spec.ts:220:7 › AppFlowy CMS — /api/services contract › returns a non-empty array with required fields 

    Error: apiRequestContext.get: connect ECONNREFUSED ::1:4000
    Call log:
      - → GET http://localhost:4000/api/services
        - user-agent: Mozilla/5.0 (Linux; Android 14; Pixel 7) AppleWebKit/537.36 (KHTML, like Gecko) Chrome/151.0.7922.34 Mobile Safari/537.36
        - accept: */*
        - accept-encoding: gzip,deflate,br

        at apiRequestContext.get: connect ECONNREFUSED ::1:4000
        at /home/tbaltzakis/cloudless.gr/e2e/notion-cms.spec.ts:221:31

    Error Context: test-results/notion-cms-AppFlowy-CMS-—--2883f--array-with-required-fields-mobile-chrome/error-context.md

    Retry #1 ───────────────────────────────────────────────────────────────────────────────────────

    Error: apiRequestContext.get: connect ECONNREFUSED ::1:4000
    Call log:
      - → GET http://localhost:4000/api/services
        - user-agent: Mozilla/5.0 (Linux; Android 14; Pixel 7) AppleWebKit/537.36 (KHTML, like Gecko) Chrome/151.0.7922.34 Mobile Safari/537.36
        - accept: */*
        - accept-encoding: gzip,deflate,br

        at apiRequestContext.get: connect ECONNREFUSED ::1:4000
        at /home/tbaltzakis/cloudless.gr/e2e/notion-cms.spec.ts:221:31

    Error Context: test-results/notion-cms-AppFlowy-CMS-—--2883f--array-with-required-fields-mobile-chrome-retry1/error-context.md

    attachment #2: trace (application/zip) ─────────────────────────────────────────────────────────
    test-results/notion-cms-AppFlowy-CMS-—--2883f--array-with-required-fields-mobile-chrome-retry1/trace.zip
    Usage:

        npx playwright show-trace test-results/notion-cms-AppFlowy-CMS-—--2883f--array-with-required-fields-mobile-chrome-retry1/trace.zip

    ────────────────────────────────────────────────────────────────────────────────────────────────

  1622) [mobile-chrome] › e2e/notion-cms.spec.ts:235:7 › AppFlowy CMS — /api/services contract › category filter returns only matching services 

    Error: apiRequestContext.get: connect ECONNREFUSED ::1:4000
    Call log:
      - → GET http://localhost:4000/api/services?category=audit
        - user-agent: Mozilla/5.0 (Linux; Android 14; Pixel 7) AppleWebKit/537.36 (KHTML, like Gecko) Chrome/151.0.7922.34 Mobile Safari/537.36
        - accept: */*
        - accept-encoding: gzip,deflate,br

        at apiRequestContext.get: connect ECONNREFUSED ::1:4000
        at /home/tbaltzakis/cloudless.gr/e2e/notion-cms.spec.ts:236:31

    Error Context: test-results/notion-cms-AppFlowy-CMS-—--90312-urns-only-matching-services-mobile-chrome/error-context.md

    Retry #1 ───────────────────────────────────────────────────────────────────────────────────────

    Error: apiRequestContext.get: connect ECONNREFUSED ::1:4000
    Call log:
      - → GET http://localhost:4000/api/services?category=audit
        - user-agent: Mozilla/5.0 (Linux; Android 14; Pixel 7) AppleWebKit/537.36 (KHTML, like Gecko) Chrome/151.0.7922.34 Mobile Safari/537.36
        - accept: */*
        - accept-encoding: gzip,deflate,br

        at apiRequestContext.get: connect ECONNREFUSED ::1:4000
        at /home/tbaltzakis/cloudless.gr/e2e/notion-cms.spec.ts:236:31

    Error Context: test-results/notion-cms-AppFlowy-CMS-—--90312-urns-only-matching-services-mobile-chrome-retry1/error-context.md

    attachment #2: trace (application/zip) ─────────────────────────────────────────────────────────
    test-results/notion-cms-AppFlowy-CMS-—--90312-urns-only-matching-services-mobile-chrome-retry1/trace.zip
    Usage:

        npx playwright show-trace test-results/notion-cms-AppFlowy-CMS-—--90312-urns-only-matching-services-mobile-chrome-retry1/trace.zip

    ────────────────────────────────────────────────────────────────────────────────────────────────

  1623) [mobile-chrome] › e2e/notion-cms.spec.ts:252:7 › AppFlowy CMS — /api/faqs contract › returns a non-empty array with required fields 

    Error: apiRequestContext.get: connect ECONNREFUSED ::1:4000
    Call log:
      - → GET http://localhost:4000/api/faqs
        - user-agent: Mozilla/5.0 (Linux; Android 14; Pixel 7) AppleWebKit/537.36 (KHTML, like Gecko) Chrome/151.0.7922.34 Mobile Safari/537.36
        - accept: */*
        - accept-encoding: gzip,deflate,br

        at apiRequestContext.get: connect ECONNREFUSED ::1:4000
        at /home/tbaltzakis/cloudless.gr/e2e/notion-cms.spec.ts:253:31

    Error Context: test-results/notion-cms-AppFlowy-CMS-—--1084f--array-with-required-fields-mobile-chrome/error-context.md

    Retry #1 ───────────────────────────────────────────────────────────────────────────────────────

    Error: apiRequestContext.get: connect ECONNREFUSED ::1:4000
    Call log:
      - → GET http://localhost:4000/api/faqs
        - user-agent: Mozilla/5.0 (Linux; Android 14; Pixel 7) AppleWebKit/537.36 (KHTML, like Gecko) Chrome/151.0.7922.34 Mobile Safari/537.36
        - accept: */*
        - accept-encoding: gzip,deflate,br

        at apiRequestContext.get: connect ECONNREFUSED ::1:4000
        at /home/tbaltzakis/cloudless.gr/e2e/notion-cms.spec.ts:253:31

    Error Context: test-results/notion-cms-AppFlowy-CMS-—--1084f--array-with-required-fields-mobile-chrome-retry1/error-context.md

    attachment #2: trace (application/zip) ─────────────────────────────────────────────────────────
    test-results/notion-cms-AppFlowy-CMS-—--1084f--array-with-required-fields-mobile-chrome-retry1/trace.zip
    Usage:

        npx playwright show-trace test-results/notion-cms-AppFlowy-CMS-—--1084f--array-with-required-fields-mobile-chrome-retry1/trace.zip

    ────────────────────────────────────────────────────────────────────────────────────────────────

  1624) [mobile-chrome] › e2e/notion-cms.spec.ts:266:7 › AppFlowy CMS — /api/faqs contract › category filter returns only matching faqs 

    Error: apiRequestContext.get: connect ECONNREFUSED ::1:4000
    Call log:
      - → GET http://localhost:4000/api/faqs?category=general
        - user-agent: Mozilla/5.0 (Linux; Android 14; Pixel 7) AppleWebKit/537.36 (KHTML, like Gecko) Chrome/151.0.7922.34 Mobile Safari/537.36
        - accept: */*
        - accept-encoding: gzip,deflate,br

        at apiRequestContext.get: connect ECONNREFUSED ::1:4000
        at /home/tbaltzakis/cloudless.gr/e2e/notion-cms.spec.ts:267:31

    Error Context: test-results/notion-cms-AppFlowy-CMS-—--148d0--returns-only-matching-faqs-mobile-chrome/error-context.md

    Retry #1 ───────────────────────────────────────────────────────────────────────────────────────

    Error: apiRequestContext.get: connect ECONNREFUSED ::1:4000
    Call log:
      - → GET http://localhost:4000/api/faqs?category=general
        - user-agent: Mozilla/5.0 (Linux; Android 14; Pixel 7) AppleWebKit/537.36 (KHTML, like Gecko) Chrome/151.0.7922.34 Mobile Safari/537.36
        - accept: */*
        - accept-encoding: gzip,deflate,br

        at apiRequestContext.get: connect ECONNREFUSED ::1:4000
        at /home/tbaltzakis/cloudless.gr/e2e/notion-cms.spec.ts:267:31

    Error Context: test-results/notion-cms-AppFlowy-CMS-—--148d0--returns-only-matching-faqs-mobile-chrome-retry1/error-context.md

    attachment #2: trace (application/zip) ─────────────────────────────────────────────────────────
    test-results/notion-cms-AppFlowy-CMS-—--148d0--returns-only-matching-faqs-mobile-chrome-retry1/trace.zip
    Usage:

        npx playwright show-trace test-results/notion-cms-AppFlowy-CMS-—--148d0--returns-only-matching-faqs-mobile-chrome-retry1/trace.zip

    ────────────────────────────────────────────────────────────────────────────────────────────────

  1625) [mobile-chrome] › e2e/notion-cms.spec.ts:276:7 › AppFlowy CMS — /api/faqs contract › locale filter returns faqs for that locale or global ones 

    Error: apiRequestContext.get: connect ECONNREFUSED ::1:4000
    Call log:
      - → GET http://localhost:4000/api/faqs?locale=en
        - user-agent: Mozilla/5.0 (Linux; Android 14; Pixel 7) AppleWebKit/537.36 (KHTML, like Gecko) Chrome/151.0.7922.34 Mobile Safari/537.36
        - accept: */*
        - accept-encoding: gzip,deflate,br

        at apiRequestContext.get: connect ECONNREFUSED ::1:4000
        at /home/tbaltzakis/cloudless.gr/e2e/notion-cms.spec.ts:277:31

    Error Context: test-results/notion-cms-AppFlowy-CMS-—--631a6--that-locale-or-global-ones-mobile-chrome/error-context.md

    Retry #1 ───────────────────────────────────────────────────────────────────────────────────────

    Error: apiRequestContext.get: connect ECONNREFUSED ::1:4000
    Call log:
      - → GET http://localhost:4000/api/faqs?locale=en
        - user-agent: Mozilla/5.0 (Linux; Android 14; Pixel 7) AppleWebKit/537.36 (KHTML, like Gecko) Chrome/151.0.7922.34 Mobile Safari/537.36
        - accept: */*
        - accept-encoding: gzip,deflate,br

        at apiRequestContext.get: connect ECONNREFUSED ::1:4000
        at /home/tbaltzakis/cloudless.gr/e2e/notion-cms.spec.ts:277:31

    Error Context: test-results/notion-cms-AppFlowy-CMS-—--631a6--that-locale-or-global-ones-mobile-chrome-retry1/error-context.md

    attachment #2: trace (application/zip) ─────────────────────────────────────────────────────────
    test-results/notion-cms-AppFlowy-CMS-—--631a6--that-locale-or-global-ones-mobile-chrome-retry1/trace.zip
    Usage:

        npx playwright show-trace test-results/notion-cms-AppFlowy-CMS-—--631a6--that-locale-or-global-ones-mobile-chrome-retry1/trace.zip

    ────────────────────────────────────────────────────────────────────────────────────────────────

  1626) [mobile-chrome] › e2e/notion-cms.spec.ts:291:7 › AppFlowy CMS — /case-studies page › renders the case studies heading 

    Error: page.goto: net::ERR_CONNECTION_REFUSED at http://localhost:4000/case-studies
    Call log:
      - navigating to "http://localhost:4000/case-studies", waiting until "load"


      290 | test.describe("AppFlowy CMS — /case-studies page", () => {
      291 |   test("renders the case studies heading", async ({ page }) => {
    > 292 |     await page.goto("/case-studies");
          |                ^
      293 |     await page.waitForLoadState("networkidle");
      294 |     await expect(page.getByRole("heading", { level: 1 })).toBeVisible({ timeout: 10000 });
      295 |   });
        at /home/tbaltzakis/cloudless.gr/e2e/notion-cms.spec.ts:292:16

    attachment #1: screenshot (image/png) ──────────────────────────────────────────────────────────
    test-results/notion-cms-AppFlowy-CMS-—--aae59-rs-the-case-studies-heading-mobile-chrome/test-failed-1.png
    ────────────────────────────────────────────────────────────────────────────────────────────────

    attachment #2: video (video/webm) ──────────────────────────────────────────────────────────────
    test-results/notion-cms-AppFlowy-CMS-—--aae59-rs-the-case-studies-heading-mobile-chrome/video.webm
    ────────────────────────────────────────────────────────────────────────────────────────────────

    Error Context: test-results/notion-cms-AppFlowy-CMS-—--aae59-rs-the-case-studies-heading-mobile-chrome/error-context.md

    Retry #1 ───────────────────────────────────────────────────────────────────────────────────────

    Error: page.goto: net::ERR_CONNECTION_REFUSED at http://localhost:4000/case-studies
    Call log:
      - navigating to "http://localhost:4000/case-studies", waiting until "load"


      290 | test.describe("AppFlowy CMS — /case-studies page", () => {
      291 |   test("renders the case studies heading", async ({ page }) => {
    > 292 |     await page.goto("/case-studies");
          |                ^
      293 |     await page.waitForLoadState("networkidle");
      294 |     await expect(page.getByRole("heading", { level: 1 })).toBeVisible({ timeout: 10000 });
      295 |   });
        at /home/tbaltzakis/cloudless.gr/e2e/notion-cms.spec.ts:292:16

    attachment #1: screenshot (image/png) ──────────────────────────────────────────────────────────
    test-results/notion-cms-AppFlowy-CMS-—--aae59-rs-the-case-studies-heading-mobile-chrome-retry1/test-failed-1.png
    ────────────────────────────────────────────────────────────────────────────────────────────────

    attachment #2: video (video/webm) ──────────────────────────────────────────────────────────────
    test-results/notion-cms-AppFlowy-CMS-—--aae59-rs-the-case-studies-heading-mobile-chrome-retry1/video.webm
    ────────────────────────────────────────────────────────────────────────────────────────────────

    Error Context: test-results/notion-cms-AppFlowy-CMS-—--aae59-rs-the-case-studies-heading-mobile-chrome-retry1/error-context.md

    attachment #4: trace (application/zip) ─────────────────────────────────────────────────────────
    test-results/notion-cms-AppFlowy-CMS-—--aae59-rs-the-case-studies-heading-mobile-chrome-retry1/trace.zip
    Usage:

        npx playwright show-trace test-results/notion-cms-AppFlowy-CMS-—--aae59-rs-the-case-studies-heading-mobile-chrome-retry1/trace.zip

    ────────────────────────────────────────────────────────────────────────────────────────────────

  1627) [mobile-chrome] › e2e/notion-cms.spec.ts:297:7 › AppFlowy CMS — /case-studies page › lists case studies on the case-studies page 

    Error: page.goto: net::ERR_CONNECTION_REFUSED at http://localhost:4000/case-studies
    Call log:
      - navigating to "http://localhost:4000/case-studies", waiting until "load"


      296 |
      297 |   test("lists case studies on the case-studies page", async ({ page }) => {
    > 298 |     await page.goto("/case-studies");
          |                ^
      299 |     await page.waitForLoadState("networkidle");
      300 |     // When Notion is unreachable, the page may show static fallback or
      301 |     // an empty state. Assert the page has rendered without crashing.
        at /home/tbaltzakis/cloudless.gr/e2e/notion-cms.spec.ts:298:16

    attachment #1: screenshot (image/png) ──────────────────────────────────────────────────────────
    test-results/notion-cms-AppFlowy-CMS-—--ad69c-es-on-the-case-studies-page-mobile-chrome/test-failed-1.png
    ────────────────────────────────────────────────────────────────────────────────────────────────

    attachment #2: video (video/webm) ──────────────────────────────────────────────────────────────
    test-results/notion-cms-AppFlowy-CMS-—--ad69c-es-on-the-case-studies-page-mobile-chrome/video.webm
    ────────────────────────────────────────────────────────────────────────────────────────────────

    Error Context: test-results/notion-cms-AppFlowy-CMS-—--ad69c-es-on-the-case-studies-page-mobile-chrome/error-context.md

    Retry #1 ───────────────────────────────────────────────────────────────────────────────────────

    Error: page.goto: net::ERR_CONNECTION_REFUSED at http://localhost:4000/case-studies
    Call log:
      - navigating to "http://localhost:4000/case-studies", waiting until "load"


      296 |
      297 |   test("lists case studies on the case-studies page", async ({ page }) => {
    > 298 |     await page.goto("/case-studies");
          |                ^
      299 |     await page.waitForLoadState("networkidle");
      300 |     // When Notion is unreachable, the page may show static fallback or
      301 |     // an empty state. Assert the page has rendered without crashing.
        at /home/tbaltzakis/cloudless.gr/e2e/notion-cms.spec.ts:298:16

    attachment #1: screenshot (image/png) ──────────────────────────────────────────────────────────
    test-results/notion-cms-AppFlowy-CMS-—--ad69c-es-on-the-case-studies-page-mobile-chrome-retry1/test-failed-1.png
    ────────────────────────────────────────────────────────────────────────────────────────────────

    attachment #2: video (video/webm) ──────────────────────────────────────────────────────────────
    test-results/notion-cms-AppFlowy-CMS-—--ad69c-es-on-the-case-studies-page-mobile-chrome-retry1/video.webm
    ────────────────────────────────────────────────────────────────────────────────────────────────

    Error Context: test-results/notion-cms-AppFlowy-CMS-—--ad69c-es-on-the-case-studies-page-mobile-chrome-retry1/error-context.md

    attachment #4: trace (application/zip) ─────────────────────────────────────────────────────────
    test-results/notion-cms-AppFlowy-CMS-—--ad69c-es-on-the-case-studies-page-mobile-chrome-retry1/trace.zip
    Usage:

        npx playwright show-trace test-results/notion-cms-AppFlowy-CMS-—--ad69c-es-on-the-case-studies-page-mobile-chrome-retry1/trace.zip

    ────────────────────────────────────────────────────────────────────────────────────────────────

  1628) [mobile-chrome] › e2e/notion-cms.spec.ts:310:7 › AppFlowy CMS — /case-studies/[slug] › static fallback case study renders an article heading 

    Error: page.goto: net::ERR_CONNECTION_REFUSED at http://localhost:4000/case-studies/techflow-aws-cost-reduction
    Call log:
      - navigating to "http://localhost:4000/case-studies/techflow-aws-cost-reduction", waiting until "load"


      309 |
      310 |   test("static fallback case study renders an article heading", async ({ page }) => {
    > 311 |     await page.goto(`/case-studies/${FIRST_STATIC_CASE_SLUG}`);
          |                ^
      312 |     await expect(page).toHaveURL(new RegExp(`/case-studies/${FIRST_STATIC_CASE_SLUG}`));
      313 |     await expect(page.getByRole("heading", { level: 1 })).toBeVisible({ timeout: 10000 });
      314 |   });
        at /home/tbaltzakis/cloudless.gr/e2e/notion-cms.spec.ts:311:16

    attachment #1: screenshot (image/png) ──────────────────────────────────────────────────────────
    test-results/notion-cms-AppFlowy-CMS-—--e89ed--renders-an-article-heading-mobile-chrome/test-failed-1.png
    ────────────────────────────────────────────────────────────────────────────────────────────────

    attachment #2: video (video/webm) ──────────────────────────────────────────────────────────────
    test-results/notion-cms-AppFlowy-CMS-—--e89ed--renders-an-article-heading-mobile-chrome/video.webm
    ────────────────────────────────────────────────────────────────────────────────────────────────

    Error Context: test-results/notion-cms-AppFlowy-CMS-—--e89ed--renders-an-article-heading-mobile-chrome/error-context.md

    Retry #1 ───────────────────────────────────────────────────────────────────────────────────────

    Error: page.goto: net::ERR_CONNECTION_REFUSED at http://localhost:4000/case-studies/techflow-aws-cost-reduction
    Call log:
      - navigating to "http://localhost:4000/case-studies/techflow-aws-cost-reduction", waiting until "load"


      309 |
      310 |   test("static fallback case study renders an article heading", async ({ page }) => {
    > 311 |     await page.goto(`/case-studies/${FIRST_STATIC_CASE_SLUG}`);
          |                ^
      312 |     await expect(page).toHaveURL(new RegExp(`/case-studies/${FIRST_STATIC_CASE_SLUG}`));
      313 |     await expect(page.getByRole("heading", { level: 1 })).toBeVisible({ timeout: 10000 });
      314 |   });
        at /home/tbaltzakis/cloudless.gr/e2e/notion-cms.spec.ts:311:16

    attachment #1: screenshot (image/png) ──────────────────────────────────────────────────────────
    test-results/notion-cms-AppFlowy-CMS-—--e89ed--renders-an-article-heading-mobile-chrome-retry1/test-failed-1.png
    ────────────────────────────────────────────────────────────────────────────────────────────────

    attachment #2: video (video/webm) ──────────────────────────────────────────────────────────────
    test-results/notion-cms-AppFlowy-CMS-—--e89ed--renders-an-article-heading-mobile-chrome-retry1/video.webm
    ────────────────────────────────────────────────────────────────────────────────────────────────

    Error Context: test-results/notion-cms-AppFlowy-CMS-—--e89ed--renders-an-article-heading-mobile-chrome-retry1/error-context.md

    attachment #4: trace (application/zip) ─────────────────────────────────────────────────────────
    test-results/notion-cms-AppFlowy-CMS-—--e89ed--renders-an-article-heading-mobile-chrome-retry1/trace.zip
    Usage:

        npx playwright show-trace test-results/notion-cms-AppFlowy-CMS-—--e89ed--renders-an-article-heading-mobile-chrome-retry1/trace.zip

    ────────────────────────────────────────────────────────────────────────────────────────────────

  1629) [mobile-chrome] › e2e/notion-cms.spec.ts:316:7 › AppFlowy CMS — /case-studies/[slug] › nonexistent slug renders the 404 page 

    Error: page.goto: net::ERR_CONNECTION_REFUSED at http://localhost:4000/case-studies/this-slug-does-not-exist
    Call log:
      - navigating to "http://localhost:4000/case-studies/this-slug-does-not-exist", waiting until "load"


      315 |
      316 |   test("nonexistent slug renders the 404 page", async ({ page }) => {
    > 317 |     await page.goto("/case-studies/this-slug-does-not-exist");
          |                ^
      318 |     await expect(
      319 |       page.getByRole("heading", { level: 1, name: /page not found|introuvable|δεν βρέθηκε/i })
      320 |     ).toBeVisible();
        at /home/tbaltzakis/cloudless.gr/e2e/notion-cms.spec.ts:317:16

    attachment #1: screenshot (image/png) ──────────────────────────────────────────────────────────
    test-results/notion-cms-AppFlowy-CMS-—--12107-t-slug-renders-the-404-page-mobile-chrome/test-failed-1.png
    ────────────────────────────────────────────────────────────────────────────────────────────────

    attachment #2: video (video/webm) ──────────────────────────────────────────────────────────────
    test-results/notion-cms-AppFlowy-CMS-—--12107-t-slug-renders-the-404-page-mobile-chrome/video.webm
    ────────────────────────────────────────────────────────────────────────────────────────────────

    Error Context: test-results/notion-cms-AppFlowy-CMS-—--12107-t-slug-renders-the-404-page-mobile-chrome/error-context.md

    Retry #1 ───────────────────────────────────────────────────────────────────────────────────────

    Error: page.goto: net::ERR_CONNECTION_REFUSED at http://localhost:4000/case-studies/this-slug-does-not-exist
    Call log:
      - navigating to "http://localhost:4000/case-studies/this-slug-does-not-exist", waiting until "load"


      315 |
      316 |   test("nonexistent slug renders the 404 page", async ({ page }) => {
    > 317 |     await page.goto("/case-studies/this-slug-does-not-exist");
          |                ^
      318 |     await expect(
      319 |       page.getByRole("heading", { level: 1, name: /page not found|introuvable|δεν βρέθηκε/i })
      320 |     ).toBeVisible();
        at /home/tbaltzakis/cloudless.gr/e2e/notion-cms.spec.ts:317:16

    attachment #1: screenshot (image/png) ──────────────────────────────────────────────────────────
    test-results/notion-cms-AppFlowy-CMS-—--12107-t-slug-renders-the-404-page-mobile-chrome-retry1/test-failed-1.png
    ────────────────────────────────────────────────────────────────────────────────────────────────

    attachment #2: video (video/webm) ──────────────────────────────────────────────────────────────
    test-results/notion-cms-AppFlowy-CMS-—--12107-t-slug-renders-the-404-page-mobile-chrome-retry1/video.webm
    ────────────────────────────────────────────────────────────────────────────────────────────────

    Error Context: test-results/notion-cms-AppFlowy-CMS-—--12107-t-slug-renders-the-404-page-mobile-chrome-retry1/error-context.md

    attachment #4: trace (application/zip) ─────────────────────────────────────────────────────────
    test-results/notion-cms-AppFlowy-CMS-—--12107-t-slug-renders-the-404-page-mobile-chrome-retry1/trace.zip
    Usage:

        npx playwright show-trace test-results/notion-cms-AppFlowy-CMS-—--12107-t-slug-renders-the-404-page-mobile-chrome-retry1/trace.zip

    ────────────────────────────────────────────────────────────────────────────────────────────────

  1630) [mobile-chrome] › e2e/notion-cms.spec.ts:325:7 › AppFlowy CMS — /api/case-studies contract › returns an array with required fields 

    Error: apiRequestContext.get: connect ECONNREFUSED ::1:4000
    Call log:
      - → GET http://localhost:4000/api/case-studies
        - user-agent: Mozilla/5.0 (Linux; Android 14; Pixel 7) AppleWebKit/537.36 (KHTML, like Gecko) Chrome/151.0.7922.34 Mobile Safari/537.36
        - accept: */*
        - accept-encoding: gzip,deflate,br

        at apiRequestContext.get: connect ECONNREFUSED ::1:4000
        at /home/tbaltzakis/cloudless.gr/e2e/notion-cms.spec.ts:326:31

    Error Context: test-results/notion-cms-AppFlowy-CMS-—--2da9b--array-with-required-fields-mobile-chrome/error-context.md

    Retry #1 ───────────────────────────────────────────────────────────────────────────────────────

    Error: apiRequestContext.get: connect ECONNREFUSED ::1:4000
    Call log:
      - → GET http://localhost:4000/api/case-studies
        - user-agent: Mozilla/5.0 (Linux; Android 14; Pixel 7) AppleWebKit/537.36 (KHTML, like Gecko) Chrome/151.0.7922.34 Mobile Safari/537.36
        - accept: */*
        - accept-encoding: gzip,deflate,br

        at apiRequestContext.get: connect ECONNREFUSED ::1:4000
        at /home/tbaltzakis/cloudless.gr/e2e/notion-cms.spec.ts:326:31

    Error Context: test-results/notion-cms-AppFlowy-CMS-—--2da9b--array-with-required-fields-mobile-chrome-retry1/error-context.md

    attachment #2: trace (application/zip) ─────────────────────────────────────────────────────────
    test-results/notion-cms-AppFlowy-CMS-—--2da9b--array-with-required-fields-mobile-chrome-retry1/trace.zip
    Usage:

        npx playwright show-trace test-results/notion-cms-AppFlowy-CMS-—--2da9b--array-with-required-fields-mobile-chrome-retry1/trace.zip

    ────────────────────────────────────────────────────────────────────────────────────────────────

  1631) [mobile-chrome] › e2e/notion-cms.spec.ts:342:7 › AppFlowy CMS — /api/case-studies contract › featured filter returns only featured case studies 

    Error: apiRequestContext.get: connect ECONNREFUSED ::1:4000
    Call log:
      - → GET http://localhost:4000/api/case-studies?featured=true
        - user-agent: Mozilla/5.0 (Linux; Android 14; Pixel 7) AppleWebKit/537.36 (KHTML, like Gecko) Chrome/151.0.7922.34 Mobile Safari/537.36
        - accept: */*
        - accept-encoding: gzip,deflate,br

        at apiRequestContext.get: connect ECONNREFUSED ::1:4000
        at /home/tbaltzakis/cloudless.gr/e2e/notion-cms.spec.ts:343:31

    Error Context: test-results/notion-cms-AppFlowy-CMS-—--cbddd--only-featured-case-studies-mobile-chrome/error-context.md

    Retry #1 ───────────────────────────────────────────────────────────────────────────────────────

    Error: apiRequestContext.get: connect ECONNREFUSED ::1:4000
    Call log:
      - → GET http://localhost:4000/api/case-studies?featured=true
        - user-agent: Mozilla/5.0 (Linux; Android 14; Pixel 7) AppleWebKit/537.36 (KHTML, like Gecko) Chrome/151.0.7922.34 Mobile Safari/537.36
        - accept: */*
        - accept-encoding: gzip,deflate,br

        at apiRequestContext.get: connect ECONNREFUSED ::1:4000
        at /home/tbaltzakis/cloudless.gr/e2e/notion-cms.spec.ts:343:31

    Error Context: test-results/notion-cms-AppFlowy-CMS-—--cbddd--only-featured-case-studies-mobile-chrome-retry1/error-context.md

    attachment #2: trace (application/zip) ─────────────────────────────────────────────────────────
    test-results/notion-cms-AppFlowy-CMS-—--cbddd--only-featured-case-studies-mobile-chrome-retry1/trace.zip
    Usage:

        npx playwright show-trace test-results/notion-cms-AppFlowy-CMS-—--cbddd--only-featured-case-studies-mobile-chrome-retry1/trace.zip

    ────────────────────────────────────────────────────────────────────────────────────────────────

  1632) [mobile-chrome] › e2e/notion-cms.spec.ts:353:7 › AppFlowy CMS — /api/case-studies contract › slug endpoint returns a case study or 404 when not found 

    Error: apiRequestContext.get: connect ECONNREFUSED ::1:4000
    Call log:
      - → GET http://localhost:4000/api/case-studies/techflow-aws-cost-reduction
        - user-agent: Mozilla/5.0 (Linux; Android 14; Pixel 7) AppleWebKit/537.36 (KHTML, like Gecko) Chrome/151.0.7922.34 Mobile Safari/537.36
        - accept: */*
        - accept-encoding: gzip,deflate,br

        at apiRequestContext.get: connect ECONNREFUSED ::1:4000
        at /home/tbaltzakis/cloudless.gr/e2e/notion-cms.spec.ts:354:31

    Error Context: test-results/notion-cms-AppFlowy-CMS-—--ed9b4-study-or-404-when-not-found-mobile-chrome/error-context.md

    Retry #1 ───────────────────────────────────────────────────────────────────────────────────────

    Error: apiRequestContext.get: connect ECONNREFUSED ::1:4000
    Call log:
      - → GET http://localhost:4000/api/case-studies/techflow-aws-cost-reduction
        - user-agent: Mozilla/5.0 (Linux; Android 14; Pixel 7) AppleWebKit/537.36 (KHTML, like Gecko) Chrome/151.0.7922.34 Mobile Safari/537.36
        - accept: */*
        - accept-encoding: gzip,deflate,br

        at apiRequestContext.get: connect ECONNREFUSED ::1:4000
        at /home/tbaltzakis/cloudless.gr/e2e/notion-cms.spec.ts:354:31

    Error Context: test-results/notion-cms-AppFlowy-CMS-—--ed9b4-study-or-404-when-not-found-mobile-chrome-retry1/error-context.md

    attachment #2: trace (application/zip) ─────────────────────────────────────────────────────────
    test-results/notion-cms-AppFlowy-CMS-—--ed9b4-study-or-404-when-not-found-mobile-chrome-retry1/trace.zip
    Usage:

        npx playwright show-trace test-results/notion-cms-AppFlowy-CMS-—--ed9b4-study-or-404-when-not-found-mobile-chrome-retry1/trace.zip

    ────────────────────────────────────────────────────────────────────────────────────────────────

  1633) [mobile-chrome] › e2e/notion-cms.spec.ts:367:7 › AppFlowy CMS — /api/case-studies contract › unknown slug returns 404 

    Error: apiRequestContext.get: connect ECONNREFUSED ::1:4000
    Call log:
      - → GET http://localhost:4000/api/case-studies/no-such-case-study-xyz
        - user-agent: Mozilla/5.0 (Linux; Android 14; Pixel 7) AppleWebKit/537.36 (KHTML, like Gecko) Chrome/151.0.7922.34 Mobile Safari/537.36
        - accept: */*
        - accept-encoding: gzip,deflate,br

        at apiRequestContext.get: connect ECONNREFUSED ::1:4000
        at /home/tbaltzakis/cloudless.gr/e2e/notion-cms.spec.ts:368:31

    Error Context: test-results/notion-cms-AppFlowy-CMS-—--917e4-ct-unknown-slug-returns-404-mobile-chrome/error-context.md

    Retry #1 ───────────────────────────────────────────────────────────────────────────────────────

    Error: apiRequestContext.get: connect ECONNREFUSED ::1:4000
    Call log:
      - → GET http://localhost:4000/api/case-studies/no-such-case-study-xyz
        - user-agent: Mozilla/5.0 (Linux; Android 14; Pixel 7) AppleWebKit/537.36 (KHTML, like Gecko) Chrome/151.0.7922.34 Mobile Safari/537.36
        - accept: */*
        - accept-encoding: gzip,deflate,br

        at apiRequestContext.get: connect ECONNREFUSED ::1:4000
        at /home/tbaltzakis/cloudless.gr/e2e/notion-cms.spec.ts:368:31

    Error Context: test-results/notion-cms-AppFlowy-CMS-—--917e4-ct-unknown-slug-returns-404-mobile-chrome-retry1/error-context.md

    attachment #2: trace (application/zip) ─────────────────────────────────────────────────────────
    test-results/notion-cms-AppFlowy-CMS-—--917e4-ct-unknown-slug-returns-404-mobile-chrome-retry1/trace.zip
    Usage:

        npx playwright show-trace test-results/notion-cms-AppFlowy-CMS-—--917e4-ct-unknown-slug-returns-404-mobile-chrome-retry1/trace.zip

    ────────────────────────────────────────────────────────────────────────────────────────────────

  1634) [mobile-chrome] › e2e/performance/core-web-vitals.spec.ts:9:7 › Core Web Vitals › should measure LCP (Largest Contentful Paint) on homepage 

    Error: page.goto: net::ERR_CONNECTION_REFUSED at http://localhost:4000/
    Call log:
      - navigating to "http://localhost:4000/", waiting until "load"


       8 | test.describe("Core Web Vitals", () => {
       9 |   test("should measure LCP (Largest Contentful Paint) on homepage", async ({ page }) => {
    > 10 |     await page.goto("/");
         |                ^
      11 |     
      12 |     // Wait for page to load
      13 |     await page.waitForLoadState('networkidle');
        at /home/tbaltzakis/cloudless.gr/e2e/performance/core-web-vitals.spec.ts:10:16

    attachment #1: screenshot (image/png) ──────────────────────────────────────────────────────────
    test-results/performance-core-web-vital-2aa36-ontentful-Paint-on-homepage-mobile-chrome/test-failed-1.png
    ────────────────────────────────────────────────────────────────────────────────────────────────

    attachment #2: video (video/webm) ──────────────────────────────────────────────────────────────
    test-results/performance-core-web-vital-2aa36-ontentful-Paint-on-homepage-mobile-chrome/video.webm
    ────────────────────────────────────────────────────────────────────────────────────────────────

    Error Context: test-results/performance-core-web-vital-2aa36-ontentful-Paint-on-homepage-mobile-chrome/error-context.md

    Retry #1 ───────────────────────────────────────────────────────────────────────────────────────

    Error: page.goto: net::ERR_CONNECTION_REFUSED at http://localhost:4000/
    Call log:
      - navigating to "http://localhost:4000/", waiting until "load"


       8 | test.describe("Core Web Vitals", () => {
       9 |   test("should measure LCP (Largest Contentful Paint) on homepage", async ({ page }) => {
    > 10 |     await page.goto("/");
         |                ^
      11 |     
      12 |     // Wait for page to load
      13 |     await page.waitForLoadState('networkidle');
        at /home/tbaltzakis/cloudless.gr/e2e/performance/core-web-vitals.spec.ts:10:16

    attachment #1: screenshot (image/png) ──────────────────────────────────────────────────────────
    test-results/performance-core-web-vital-2aa36-ontentful-Paint-on-homepage-mobile-chrome-retry1/test-failed-1.png
    ────────────────────────────────────────────────────────────────────────────────────────────────

    attachment #2: video (video/webm) ──────────────────────────────────────────────────────────────
    test-results/performance-core-web-vital-2aa36-ontentful-Paint-on-homepage-mobile-chrome-retry1/video.webm
    ────────────────────────────────────────────────────────────────────────────────────────────────

    Error Context: test-results/performance-core-web-vital-2aa36-ontentful-Paint-on-homepage-mobile-chrome-retry1/error-context.md

    attachment #4: trace (application/zip) ─────────────────────────────────────────────────────────
    test-results/performance-core-web-vital-2aa36-ontentful-Paint-on-homepage-mobile-chrome-retry1/trace.zip
    Usage:

        npx playwright show-trace test-results/performance-core-web-vital-2aa36-ontentful-Paint-on-homepage-mobile-chrome-retry1/trace.zip

    ────────────────────────────────────────────────────────────────────────────────────────────────

  1635) [mobile-chrome] › e2e/performance/core-web-vitals.spec.ts:38:7 › Core Web Vitals › should measure FID (First Input Delay) on homepage 

    Error: page.goto: net::ERR_CONNECTION_REFUSED at http://localhost:4000/
    Call log:
      - navigating to "http://localhost:4000/", waiting until "load"


      37 |   
      38 |   test("should measure FID (First Input Delay) on homepage", async ({ page }) => {
    > 39 |     await page.goto("/");
         |                ^
      40 |     
      41 |     // Wait for page to load
      42 |     await page.waitForLoadState('networkidle');
        at /home/tbaltzakis/cloudless.gr/e2e/performance/core-web-vitals.spec.ts:39:16

    attachment #1: screenshot (image/png) ──────────────────────────────────────────────────────────
    test-results/performance-core-web-vital-f6203-rst-Input-Delay-on-homepage-mobile-chrome/test-failed-1.png
    ────────────────────────────────────────────────────────────────────────────────────────────────

    attachment #2: video (video/webm) ──────────────────────────────────────────────────────────────
    test-results/performance-core-web-vital-f6203-rst-Input-Delay-on-homepage-mobile-chrome/video.webm
    ────────────────────────────────────────────────────────────────────────────────────────────────

    Error Context: test-results/performance-core-web-vital-f6203-rst-Input-Delay-on-homepage-mobile-chrome/error-context.md

    Retry #1 ───────────────────────────────────────────────────────────────────────────────────────

    Error: page.goto: net::ERR_CONNECTION_REFUSED at http://localhost:4000/
    Call log:
      - navigating to "http://localhost:4000/", waiting until "load"


      37 |   
      38 |   test("should measure FID (First Input Delay) on homepage", async ({ page }) => {
    > 39 |     await page.goto("/");
         |                ^
      40 |     
      41 |     // Wait for page to load
      42 |     await page.waitForLoadState('networkidle');
        at /home/tbaltzakis/cloudless.gr/e2e/performance/core-web-vitals.spec.ts:39:16

    attachment #1: screenshot (image/png) ──────────────────────────────────────────────────────────
    test-results/performance-core-web-vital-f6203-rst-Input-Delay-on-homepage-mobile-chrome-retry1/test-failed-1.png
    ────────────────────────────────────────────────────────────────────────────────────────────────

    attachment #2: video (video/webm) ──────────────────────────────────────────────────────────────
    test-results/performance-core-web-vital-f6203-rst-Input-Delay-on-homepage-mobile-chrome-retry1/video.webm
    ────────────────────────────────────────────────────────────────────────────────────────────────

    Error Context: test-results/performance-core-web-vital-f6203-rst-Input-Delay-on-homepage-mobile-chrome-retry1/error-context.md

    attachment #4: trace (application/zip) ─────────────────────────────────────────────────────────
    test-results/performance-core-web-vital-f6203-rst-Input-Delay-on-homepage-mobile-chrome-retry1/trace.zip
    Usage:

        npx playwright show-trace test-results/performance-core-web-vital-f6203-rst-Input-Delay-on-homepage-mobile-chrome-retry1/trace.zip

    ────────────────────────────────────────────────────────────────────────────────────────────────

  1636) [mobile-chrome] › e2e/performance/core-web-vitals.spec.ts:67:7 › Core Web Vitals › should measure CLS (Cumulative Layout Shift) on homepage 

    Error: page.goto: net::ERR_CONNECTION_REFUSED at http://localhost:4000/
    Call log:
      - navigating to "http://localhost:4000/", waiting until "load"


      66 |   
      67 |   test("should measure CLS (Cumulative Layout Shift) on homepage", async ({ page }) => {
    > 68 |     await page.goto("/");
         |                ^
      69 |     
      70 |     // Wait for page to load and stabilize
      71 |     await page.waitForLoadState('networkidle');
        at /home/tbaltzakis/cloudless.gr/e2e/performance/core-web-vitals.spec.ts:68:16

    attachment #1: screenshot (image/png) ──────────────────────────────────────────────────────────
    test-results/performance-core-web-vital-8a55c-ve-Layout-Shift-on-homepage-mobile-chrome/test-failed-1.png
    ────────────────────────────────────────────────────────────────────────────────────────────────

    attachment #2: video (video/webm) ──────────────────────────────────────────────────────────────
    test-results/performance-core-web-vital-8a55c-ve-Layout-Shift-on-homepage-mobile-chrome/video.webm
    ────────────────────────────────────────────────────────────────────────────────────────────────

    Error Context: test-results/performance-core-web-vital-8a55c-ve-Layout-Shift-on-homepage-mobile-chrome/error-context.md

    Retry #1 ───────────────────────────────────────────────────────────────────────────────────────

    Error: page.goto: net::ERR_CONNECTION_REFUSED at http://localhost:4000/
    Call log:
      - navigating to "http://localhost:4000/", waiting until "load"


      66 |   
      67 |   test("should measure CLS (Cumulative Layout Shift) on homepage", async ({ page }) => {
    > 68 |     await page.goto("/");
         |                ^
      69 |     
      70 |     // Wait for page to load and stabilize
      71 |     await page.waitForLoadState('networkidle');
        at /home/tbaltzakis/cloudless.gr/e2e/performance/core-web-vitals.spec.ts:68:16

    attachment #1: screenshot (image/png) ──────────────────────────────────────────────────────────
    test-results/performance-core-web-vital-8a55c-ve-Layout-Shift-on-homepage-mobile-chrome-retry1/test-failed-1.png
    ────────────────────────────────────────────────────────────────────────────────────────────────

    attachment #2: video (video/webm) ──────────────────────────────────────────────────────────────
    test-results/performance-core-web-vital-8a55c-ve-Layout-Shift-on-homepage-mobile-chrome-retry1/video.webm
    ────────────────────────────────────────────────────────────────────────────────────────────────

    Error Context: test-results/performance-core-web-vital-8a55c-ve-Layout-Shift-on-homepage-mobile-chrome-retry1/error-context.md

    attachment #4: trace (application/zip) ─────────────────────────────────────────────────────────
    test-results/performance-core-web-vital-8a55c-ve-Layout-Shift-on-homepage-mobile-chrome-retry1/trace.zip
    Usage:

        npx playwright show-trace test-results/performance-core-web-vital-8a55c-ve-Layout-Shift-on-homepage-mobile-chrome-retry1/trace.zip

    ────────────────────────────────────────────────────────────────────────────────────────────────

  1637) [mobile-chrome] › e2e/performance/core-web-vitals.spec.ts:101:7 › Core Web Vitals › should measure FCP (First Contentful Paint) on homepage 

    Error: page.goto: net::ERR_CONNECTION_REFUSED at http://localhost:4000/
    Call log:
      - navigating to "http://localhost:4000/", waiting until "load"


      100 |   
      101 |   test("should measure FCP (First Contentful Paint) on homepage", async ({ page }) => {
    > 102 |     await page.goto("/");
          |                ^
      103 |     
      104 |     // Wait for page to load
      105 |     await page.waitForLoadState('networkidle');
        at /home/tbaltzakis/cloudless.gr/e2e/performance/core-web-vitals.spec.ts:102:16

    attachment #1: screenshot (image/png) ──────────────────────────────────────────────────────────
    test-results/performance-core-web-vital-7f920-ontentful-Paint-on-homepage-mobile-chrome/test-failed-1.png
    ────────────────────────────────────────────────────────────────────────────────────────────────

    attachment #2: video (video/webm) ──────────────────────────────────────────────────────────────
    test-results/performance-core-web-vital-7f920-ontentful-Paint-on-homepage-mobile-chrome/video.webm
    ────────────────────────────────────────────────────────────────────────────────────────────────

    Error Context: test-results/performance-core-web-vital-7f920-ontentful-Paint-on-homepage-mobile-chrome/error-context.md

    Retry #1 ───────────────────────────────────────────────────────────────────────────────────────

    Error: page.goto: net::ERR_CONNECTION_REFUSED at http://localhost:4000/
    Call log:
      - navigating to "http://localhost:4000/", waiting until "load"


      100 |   
      101 |   test("should measure FCP (First Contentful Paint) on homepage", async ({ page }) => {
    > 102 |     await page.goto("/");
          |                ^
      103 |     
      104 |     // Wait for page to load
      105 |     await page.waitForLoadState('networkidle');
        at /home/tbaltzakis/cloudless.gr/e2e/performance/core-web-vitals.spec.ts:102:16

    attachment #1: screenshot (image/png) ──────────────────────────────────────────────────────────
    test-results/performance-core-web-vital-7f920-ontentful-Paint-on-homepage-mobile-chrome-retry1/test-failed-1.png
    ────────────────────────────────────────────────────────────────────────────────────────────────

    attachment #2: video (video/webm) ──────────────────────────────────────────────────────────────
    test-results/performance-core-web-vital-7f920-ontentful-Paint-on-homepage-mobile-chrome-retry1/video.webm
    ────────────────────────────────────────────────────────────────────────────────────────────────

    Error Context: test-results/performance-core-web-vital-7f920-ontentful-Paint-on-homepage-mobile-chrome-retry1/error-context.md

    attachment #4: trace (application/zip) ─────────────────────────────────────────────────────────
    test-results/performance-core-web-vital-7f920-ontentful-Paint-on-homepage-mobile-chrome-retry1/trace.zip
    Usage:

        npx playwright show-trace test-results/performance-core-web-vital-7f920-ontentful-Paint-on-homepage-mobile-chrome-retry1/trace.zip

    ────────────────────────────────────────────────────────────────────────────────────────────────

  1638) [mobile-chrome] › e2e/performance/core-web-vitals.spec.ts:130:7 › Core Web Vitals › should measure TTFB (Time to First Byte) on homepage 

    Error: page.goto: net::ERR_CONNECTION_REFUSED at http://localhost:4000/
    Call log:
      - navigating to "http://localhost:4000/", waiting until "load"


      129 |   
      130 |   test("should measure TTFB (Time to First Byte) on homepage", async ({ page }) => {
    > 131 |     await page.goto("/");
          |                ^
      132 |     
      133 |     // Measure TTFB using Navigation Timing API
      134 |     const ttfb = await page.evaluate(() => {
        at /home/tbaltzakis/cloudless.gr/e2e/performance/core-web-vitals.spec.ts:131:16

    attachment #1: screenshot (image/png) ──────────────────────────────────────────────────────────
    test-results/performance-core-web-vital-f7bca-e-to-First-Byte-on-homepage-mobile-chrome/test-failed-1.png
    ────────────────────────────────────────────────────────────────────────────────────────────────

    attachment #2: video (video/webm) ──────────────────────────────────────────────────────────────
    test-results/performance-core-web-vital-f7bca-e-to-First-Byte-on-homepage-mobile-chrome/video.webm
    ────────────────────────────────────────────────────────────────────────────────────────────────

    Error Context: test-results/performance-core-web-vital-f7bca-e-to-First-Byte-on-homepage-mobile-chrome/error-context.md

    Retry #1 ───────────────────────────────────────────────────────────────────────────────────────

    Error: page.goto: net::ERR_CONNECTION_REFUSED at http://localhost:4000/
    Call log:
      - navigating to "http://localhost:4000/", waiting until "load"


      129 |   
      130 |   test("should measure TTFB (Time to First Byte) on homepage", async ({ page }) => {
    > 131 |     await page.goto("/");
          |                ^
      132 |     
      133 |     // Measure TTFB using Navigation Timing API
      134 |     const ttfb = await page.evaluate(() => {
        at /home/tbaltzakis/cloudless.gr/e2e/performance/core-web-vitals.spec.ts:131:16

    attachment #1: screenshot (image/png) ──────────────────────────────────────────────────────────
    test-results/performance-core-web-vital-f7bca-e-to-First-Byte-on-homepage-mobile-chrome-retry1/test-failed-1.png
    ────────────────────────────────────────────────────────────────────────────────────────────────

    attachment #2: video (video/webm) ──────────────────────────────────────────────────────────────
    test-results/performance-core-web-vital-f7bca-e-to-First-Byte-on-homepage-mobile-chrome-retry1/video.webm
    ────────────────────────────────────────────────────────────────────────────────────────────────

    Error Context: test-results/performance-core-web-vital-f7bca-e-to-First-Byte-on-homepage-mobile-chrome-retry1/error-context.md

    attachment #4: trace (application/zip) ─────────────────────────────────────────────────────────
    test-results/performance-core-web-vital-f7bca-e-to-First-Byte-on-homepage-mobile-chrome-retry1/trace.zip
    Usage:

        npx playwright show-trace test-results/performance-core-web-vital-f7bca-e-to-First-Byte-on-homepage-mobile-chrome-retry1/trace.zip

    ────────────────────────────────────────────────────────────────────────────────────────────────

  1639) [mobile-chrome] › e2e/performance/core-web-vitals.spec.ts:145:7 › Page Load Times › homepage should load within reasonable time 

    Error: page.goto: net::ERR_CONNECTION_REFUSED at http://localhost:4000/
    Call log:
      - navigating to "http://localhost:4000/", waiting until "networkidle"


      145 |   test("homepage should load within reasonable time", async ({ page }) => {
      146 |     const startTime = Date.now();
    > 147 |     await page.goto("/", { waitUntil: 'networkidle' });
          |                ^
      148 |     const endTime = Date.now();
      149 |     
      150 |     const loadTime = endTime - startTime;
        at /home/tbaltzakis/cloudless.gr/e2e/performance/core-web-vitals.spec.ts:147:16

    attachment #1: screenshot (image/png) ──────────────────────────────────────────────────────────
    test-results/performance-core-web-vital-ce19b-load-within-reasonable-time-mobile-chrome/test-failed-1.png
    ────────────────────────────────────────────────────────────────────────────────────────────────

    attachment #2: video (video/webm) ──────────────────────────────────────────────────────────────
    test-results/performance-core-web-vital-ce19b-load-within-reasonable-time-mobile-chrome/video.webm
    ────────────────────────────────────────────────────────────────────────────────────────────────

    Error Context: test-results/performance-core-web-vital-ce19b-load-within-reasonable-time-mobile-chrome/error-context.md

    Retry #1 ───────────────────────────────────────────────────────────────────────────────────────

    Error: page.goto: net::ERR_CONNECTION_REFUSED at http://localhost:4000/
    Call log:
      - navigating to "http://localhost:4000/", waiting until "networkidle"


      145 |   test("homepage should load within reasonable time", async ({ page }) => {
      146 |     const startTime = Date.now();
    > 147 |     await page.goto("/", { waitUntil: 'networkidle' });
          |                ^
      148 |     const endTime = Date.now();
      149 |     
      150 |     const loadTime = endTime - startTime;
        at /home/tbaltzakis/cloudless.gr/e2e/performance/core-web-vitals.spec.ts:147:16

    attachment #1: screenshot (image/png) ──────────────────────────────────────────────────────────
    test-results/performance-core-web-vital-ce19b-load-within-reasonable-time-mobile-chrome-retry1/test-failed-1.png
    ────────────────────────────────────────────────────────────────────────────────────────────────

    attachment #2: video (video/webm) ──────────────────────────────────────────────────────────────
    test-results/performance-core-web-vital-ce19b-load-within-reasonable-time-mobile-chrome-retry1/video.webm
    ────────────────────────────────────────────────────────────────────────────────────────────────

    Error Context: test-results/performance-core-web-vital-ce19b-load-within-reasonable-time-mobile-chrome-retry1/error-context.md

    attachment #4: trace (application/zip) ─────────────────────────────────────────────────────────
    test-results/performance-core-web-vital-ce19b-load-within-reasonable-time-mobile-chrome-retry1/trace.zip
    Usage:

        npx playwright show-trace test-results/performance-core-web-vital-ce19b-load-within-reasonable-time-mobile-chrome-retry1/trace.zip

    ────────────────────────────────────────────────────────────────────────────────────────────────

  1640) [mobile-chrome] › e2e/performance/core-web-vitals.spec.ts:154:7 › Page Load Times › services page should load within reasonable time 

    Error: page.goto: net::ERR_CONNECTION_REFUSED at http://localhost:4000/services
    Call log:
      - navigating to "http://localhost:4000/services", waiting until "networkidle"


      154 |   test("services page should load within reasonable time", async ({ page }) => {
      155 |     const startTime = Date.now();
    > 156 |     await page.goto("/services", { waitUntil: 'networkidle' });
          |                ^
      157 |     const endTime = Date.now();
      158 |     
      159 |     const loadTime = endTime - startTime;
        at /home/tbaltzakis/cloudless.gr/e2e/performance/core-web-vitals.spec.ts:156:16

    attachment #1: screenshot (image/png) ──────────────────────────────────────────────────────────
    test-results/performance-core-web-vital-c60c1-load-within-reasonable-time-mobile-chrome/test-failed-1.png
    ────────────────────────────────────────────────────────────────────────────────────────────────

    attachment #2: video (video/webm) ──────────────────────────────────────────────────────────────
    test-results/performance-core-web-vital-c60c1-load-within-reasonable-time-mobile-chrome/video.webm
    ────────────────────────────────────────────────────────────────────────────────────────────────

    Error Context: test-results/performance-core-web-vital-c60c1-load-within-reasonable-time-mobile-chrome/error-context.md

    Retry #1 ───────────────────────────────────────────────────────────────────────────────────────

    Error: page.goto: net::ERR_CONNECTION_REFUSED at http://localhost:4000/services
    Call log:
      - navigating to "http://localhost:4000/services", waiting until "networkidle"


      154 |   test("services page should load within reasonable time", async ({ page }) => {
      155 |     const startTime = Date.now();
    > 156 |     await page.goto("/services", { waitUntil: 'networkidle' });
          |                ^
      157 |     const endTime = Date.now();
      158 |     
      159 |     const loadTime = endTime - startTime;
        at /home/tbaltzakis/cloudless.gr/e2e/performance/core-web-vitals.spec.ts:156:16

    attachment #1: screenshot (image/png) ──────────────────────────────────────────────────────────
    test-results/performance-core-web-vital-c60c1-load-within-reasonable-time-mobile-chrome-retry1/test-failed-1.png
    ────────────────────────────────────────────────────────────────────────────────────────────────

    attachment #2: video (video/webm) ──────────────────────────────────────────────────────────────
    test-results/performance-core-web-vital-c60c1-load-within-reasonable-time-mobile-chrome-retry1/video.webm
    ────────────────────────────────────────────────────────────────────────────────────────────────

    Error Context: test-results/performance-core-web-vital-c60c1-load-within-reasonable-time-mobile-chrome-retry1/error-context.md

    attachment #4: trace (application/zip) ─────────────────────────────────────────────────────────
    test-results/performance-core-web-vital-c60c1-load-within-reasonable-time-mobile-chrome-retry1/trace.zip
    Usage:

        npx playwright show-trace test-results/performance-core-web-vital-c60c1-load-within-reasonable-time-mobile-chrome-retry1/trace.zip

    ────────────────────────────────────────────────────────────────────────────────────────────────

  1641) [mobile-chrome] › e2e/performance/core-web-vitals.spec.ts:163:7 › Page Load Times › store page should load within reasonable time 

    Error: page.goto: net::ERR_CONNECTION_REFUSED at http://localhost:4000/store
    Call log:
      - navigating to "http://localhost:4000/store", waiting until "networkidle"


      163 |   test("store page should load within reasonable time", async ({ page }) => {
      164 |     const startTime = Date.now();
    > 165 |     await page.goto("/store", { waitUntil: 'networkidle' });
          |                ^
      166 |     const endTime = Date.now();
      167 |     
      168 |     const loadTime = endTime - startTime;
        at /home/tbaltzakis/cloudless.gr/e2e/performance/core-web-vitals.spec.ts:165:16

    attachment #1: screenshot (image/png) ──────────────────────────────────────────────────────────
    test-results/performance-core-web-vital-23378-load-within-reasonable-time-mobile-chrome/test-failed-1.png
    ────────────────────────────────────────────────────────────────────────────────────────────────

    attachment #2: video (video/webm) ──────────────────────────────────────────────────────────────
    test-results/performance-core-web-vital-23378-load-within-reasonable-time-mobile-chrome/video.webm
    ────────────────────────────────────────────────────────────────────────────────────────────────

    Error Context: test-results/performance-core-web-vital-23378-load-within-reasonable-time-mobile-chrome/error-context.md

    Retry #1 ───────────────────────────────────────────────────────────────────────────────────────

    Error: page.goto: net::ERR_CONNECTION_REFUSED at http://localhost:4000/store
    Call log:
      - navigating to "http://localhost:4000/store", waiting until "networkidle"


      163 |   test("store page should load within reasonable time", async ({ page }) => {
      164 |     const startTime = Date.now();
    > 165 |     await page.goto("/store", { waitUntil: 'networkidle' });
          |                ^
      166 |     const endTime = Date.now();
      167 |     
      168 |     const loadTime = endTime - startTime;
        at /home/tbaltzakis/cloudless.gr/e2e/performance/core-web-vitals.spec.ts:165:16

    attachment #1: screenshot (image/png) ──────────────────────────────────────────────────────────
    test-results/performance-core-web-vital-23378-load-within-reasonable-time-mobile-chrome-retry1/test-failed-1.png
    ────────────────────────────────────────────────────────────────────────────────────────────────

    attachment #2: video (video/webm) ──────────────────────────────────────────────────────────────
    test-results/performance-core-web-vital-23378-load-within-reasonable-time-mobile-chrome-retry1/video.webm
    ────────────────────────────────────────────────────────────────────────────────────────────────

    Error Context: test-results/performance-core-web-vital-23378-load-within-reasonable-time-mobile-chrome-retry1/error-context.md

    attachment #4: trace (application/zip) ─────────────────────────────────────────────────────────
    test-results/performance-core-web-vital-23378-load-within-reasonable-time-mobile-chrome-retry1/trace.zip
    Usage:

        npx playwright show-trace test-results/performance-core-web-vital-23378-load-within-reasonable-time-mobile-chrome-retry1/trace.zip

    ────────────────────────────────────────────────────────────────────────────────────────────────

  1642) [mobile-chrome] › e2e/performance/core-web-vitals.spec.ts:172:7 › Page Load Times › blog page should load within reasonable time 

    Error: page.goto: net::ERR_CONNECTION_REFUSED at http://localhost:4000/blog
    Call log:
      - navigating to "http://localhost:4000/blog", waiting until "networkidle"


      172 |   test("blog page should load within reasonable time", async ({ page }) => {
      173 |     const startTime = Date.now();
    > 174 |     await page.goto("/blog", { waitUntil: 'networkidle' });
          |                ^
      175 |     const endTime = Date.now();
      176 |     
      177 |     const loadTime = endTime - startTime;
        at /home/tbaltzakis/cloudless.gr/e2e/performance/core-web-vitals.spec.ts:174:16

    attachment #1: screenshot (image/png) ──────────────────────────────────────────────────────────
    test-results/performance-core-web-vital-bb9f6-load-within-reasonable-time-mobile-chrome/test-failed-1.png
    ────────────────────────────────────────────────────────────────────────────────────────────────

    attachment #2: video (video/webm) ──────────────────────────────────────────────────────────────
    test-results/performance-core-web-vital-bb9f6-load-within-reasonable-time-mobile-chrome/video.webm
    ────────────────────────────────────────────────────────────────────────────────────────────────

    Error Context: test-results/performance-core-web-vital-bb9f6-load-within-reasonable-time-mobile-chrome/error-context.md

    Retry #1 ───────────────────────────────────────────────────────────────────────────────────────

    Error: page.goto: net::ERR_CONNECTION_REFUSED at http://localhost:4000/blog
    Call log:
      - navigating to "http://localhost:4000/blog", waiting until "networkidle"


      172 |   test("blog page should load within reasonable time", async ({ page }) => {
      173 |     const startTime = Date.now();
    > 174 |     await page.goto("/blog", { waitUntil: 'networkidle' });
          |                ^
      175 |     const endTime = Date.now();
      176 |     
      177 |     const loadTime = endTime - startTime;
        at /home/tbaltzakis/cloudless.gr/e2e/performance/core-web-vitals.spec.ts:174:16

    attachment #1: screenshot (image/png) ──────────────────────────────────────────────────────────
    test-results/performance-core-web-vital-bb9f6-load-within-reasonable-time-mobile-chrome-retry1/test-failed-1.png
    ────────────────────────────────────────────────────────────────────────────────────────────────

    attachment #2: video (video/webm) ──────────────────────────────────────────────────────────────
    test-results/performance-core-web-vital-bb9f6-load-within-reasonable-time-mobile-chrome-retry1/video.webm
    ────────────────────────────────────────────────────────────────────────────────────────────────

    Error Context: test-results/performance-core-web-vital-bb9f6-load-within-reasonable-time-mobile-chrome-retry1/error-context.md

    attachment #4: trace (application/zip) ─────────────────────────────────────────────────────────
    test-results/performance-core-web-vital-bb9f6-load-within-reasonable-time-mobile-chrome-retry1/trace.zip
    Usage:

        npx playwright show-trace test-results/performance-core-web-vital-bb9f6-load-within-reasonable-time-mobile-chrome-retry1/trace.zip

    ────────────────────────────────────────────────────────────────────────────────────────────────

  1643) [mobile-chrome] › e2e/performance/core-web-vitals.spec.ts:181:7 › Page Load Times › contact page should load within reasonable time 

    Error: page.goto: net::ERR_CONNECTION_REFUSED at http://localhost:4000/contact
    Call log:
      - navigating to "http://localhost:4000/contact", waiting until "networkidle"


      181 |   test("contact page should load within reasonable time", async ({ page }) => {
      182 |     const startTime = Date.now();
    > 183 |     await page.goto("/contact", { waitUntil: 'networkidle' });
          |                ^
      184 |     const endTime = Date.now();
      185 |     
      186 |     const loadTime = endTime - startTime;
        at /home/tbaltzakis/cloudless.gr/e2e/performance/core-web-vitals.spec.ts:183:16

    attachment #1: screenshot (image/png) ──────────────────────────────────────────────────────────
    test-results/performance-core-web-vital-f2142-load-within-reasonable-time-mobile-chrome/test-failed-1.png
    ────────────────────────────────────────────────────────────────────────────────────────────────

    attachment #2: video (video/webm) ──────────────────────────────────────────────────────────────
    test-results/performance-core-web-vital-f2142-load-within-reasonable-time-mobile-chrome/video.webm
    ────────────────────────────────────────────────────────────────────────────────────────────────

    Error Context: test-results/performance-core-web-vital-f2142-load-within-reasonable-time-mobile-chrome/error-context.md

    Retry #1 ───────────────────────────────────────────────────────────────────────────────────────

    Error: page.goto: net::ERR_CONNECTION_REFUSED at http://localhost:4000/contact
    Call log:
      - navigating to "http://localhost:4000/contact", waiting until "networkidle"


      181 |   test("contact page should load within reasonable time", async ({ page }) => {
      182 |     const startTime = Date.now();
    > 183 |     await page.goto("/contact", { waitUntil: 'networkidle' });
          |                ^
      184 |     const endTime = Date.now();
      185 |     
      186 |     const loadTime = endTime - startTime;
        at /home/tbaltzakis/cloudless.gr/e2e/performance/core-web-vitals.spec.ts:183:16

    attachment #1: screenshot (image/png) ──────────────────────────────────────────────────────────
    test-results/performance-core-web-vital-f2142-load-within-reasonable-time-mobile-chrome-retry1/test-failed-1.png
    ────────────────────────────────────────────────────────────────────────────────────────────────

    attachment #2: video (video/webm) ──────────────────────────────────────────────────────────────
    test-results/performance-core-web-vital-f2142-load-within-reasonable-time-mobile-chrome-retry1/video.webm
    ────────────────────────────────────────────────────────────────────────────────────────────────

    Error Context: test-results/performance-core-web-vital-f2142-load-within-reasonable-time-mobile-chrome-retry1/error-context.md

    attachment #4: trace (application/zip) ─────────────────────────────────────────────────────────
    test-results/performance-core-web-vital-f2142-load-within-reasonable-time-mobile-chrome-retry1/trace.zip
    Usage:

        npx playwright show-trace test-results/performance-core-web-vital-f2142-load-within-reasonable-time-mobile-chrome-retry1/trace.zip

    ────────────────────────────────────────────────────────────────────────────────────────────────

  1644) [mobile-chrome] › e2e/performance/core-web-vitals.spec.ts:190:7 › Page Load Times › dashboard page should load within reasonable time 

    Error: browserContext.addCookies: Cookie should have a valid expires, only -1 or a positive number for the unix timestamp in seconds is allowed

      190 |   test("dashboard page should load within reasonable time", async ({ page }) => {
      191 |     // Login first
    > 192 |     await page.context().addCookies([
          |                          ^
      193 |       {
      194 |         name: "session_token",
      195 |         value: "test-session-token",
        at /home/tbaltzakis/cloudless.gr/e2e/performance/core-web-vitals.spec.ts:192:26

    attachment #1: screenshot (image/png) ──────────────────────────────────────────────────────────
    test-results/performance-core-web-vital-7fd42-load-within-reasonable-time-mobile-chrome/test-failed-1.png
    ────────────────────────────────────────────────────────────────────────────────────────────────

    attachment #2: video (video/webm) ──────────────────────────────────────────────────────────────
    test-results/performance-core-web-vital-7fd42-load-within-reasonable-time-mobile-chrome/video.webm
    ────────────────────────────────────────────────────────────────────────────────────────────────

    Error Context: test-results/performance-core-web-vital-7fd42-load-within-reasonable-time-mobile-chrome/error-context.md

    Retry #1 ───────────────────────────────────────────────────────────────────────────────────────

    Error: browserContext.addCookies: Cookie should have a valid expires, only -1 or a positive number for the unix timestamp in seconds is allowed

      190 |   test("dashboard page should load within reasonable time", async ({ page }) => {
      191 |     // Login first
    > 192 |     await page.context().addCookies([
          |                          ^
      193 |       {
      194 |         name: "session_token",
      195 |         value: "test-session-token",
        at /home/tbaltzakis/cloudless.gr/e2e/performance/core-web-vitals.spec.ts:192:26

    attachment #1: screenshot (image/png) ──────────────────────────────────────────────────────────
    test-results/performance-core-web-vital-7fd42-load-within-reasonable-time-mobile-chrome-retry1/test-failed-1.png
    ────────────────────────────────────────────────────────────────────────────────────────────────

    attachment #2: video (video/webm) ──────────────────────────────────────────────────────────────
    test-results/performance-core-web-vital-7fd42-load-within-reasonable-time-mobile-chrome-retry1/video.webm
    ────────────────────────────────────────────────────────────────────────────────────────────────

    Error Context: test-results/performance-core-web-vital-7fd42-load-within-reasonable-time-mobile-chrome-retry1/error-context.md

    attachment #4: trace (application/zip) ─────────────────────────────────────────────────────────
    test-results/performance-core-web-vital-7fd42-load-within-reasonable-time-mobile-chrome-retry1/trace.zip
    Usage:

        npx playwright show-trace test-results/performance-core-web-vital-7fd42-load-within-reasonable-time-mobile-chrome-retry1/trace.zip

    ────────────────────────────────────────────────────────────────────────────────────────────────

  1645) [mobile-chrome] › e2e/performance/core-web-vitals.spec.ts:212:7 › Page Load Times › admin page should load within reasonable time 

    Error: browserContext.addCookies: Cookie should have a valid expires, only -1 or a positive number for the unix timestamp in seconds is allowed

      212 |   test("admin page should load within reasonable time", async ({ page }) => {
      213 |     // Login as admin first
    > 214 |     await page.context().addCookies([
          |                          ^
      215 |       {
      216 |         name: "session_token",
      217 |         value: "test-admin-session-token",
        at /home/tbaltzakis/cloudless.gr/e2e/performance/core-web-vitals.spec.ts:214:26

    attachment #1: screenshot (image/png) ──────────────────────────────────────────────────────────
    test-results/performance-core-web-vital-aec28-load-within-reasonable-time-mobile-chrome/test-failed-1.png
    ────────────────────────────────────────────────────────────────────────────────────────────────

    attachment #2: video (video/webm) ──────────────────────────────────────────────────────────────
    test-results/performance-core-web-vital-aec28-load-within-reasonable-time-mobile-chrome/video.webm
    ────────────────────────────────────────────────────────────────────────────────────────────────

    Error Context: test-results/performance-core-web-vital-aec28-load-within-reasonable-time-mobile-chrome/error-context.md

    Retry #1 ───────────────────────────────────────────────────────────────────────────────────────

    Error: browserContext.addCookies: Cookie should have a valid expires, only -1 or a positive number for the unix timestamp in seconds is allowed

      212 |   test("admin page should load within reasonable time", async ({ page }) => {
      213 |     // Login as admin first
    > 214 |     await page.context().addCookies([
          |                          ^
      215 |       {
      216 |         name: "session_token",
      217 |         value: "test-admin-session-token",
        at /home/tbaltzakis/cloudless.gr/e2e/performance/core-web-vitals.spec.ts:214:26

    attachment #1: screenshot (image/png) ──────────────────────────────────────────────────────────
    test-results/performance-core-web-vital-aec28-load-within-reasonable-time-mobile-chrome-retry1/test-failed-1.png
    ────────────────────────────────────────────────────────────────────────────────────────────────

    attachment #2: video (video/webm) ──────────────────────────────────────────────────────────────
    test-results/performance-core-web-vital-aec28-load-within-reasonable-time-mobile-chrome-retry1/video.webm
    ────────────────────────────────────────────────────────────────────────────────────────────────

    Error Context: test-results/performance-core-web-vital-aec28-load-within-reasonable-time-mobile-chrome-retry1/error-context.md

    attachment #4: trace (application/zip) ─────────────────────────────────────────────────────────
    test-results/performance-core-web-vital-aec28-load-within-reasonable-time-mobile-chrome-retry1/trace.zip
    Usage:

        npx playwright show-trace test-results/performance-core-web-vital-aec28-load-within-reasonable-time-mobile-chrome-retry1/trace.zip

    ────────────────────────────────────────────────────────────────────────────────────────────────

  1646) [mobile-chrome] › e2e/performance/core-web-vitals.spec.ts:236:7 › Resource Optimization › should optimize image loading 

    Error: page.goto: net::ERR_CONNECTION_REFUSED at http://localhost:4000/
    Call log:
      - navigating to "http://localhost:4000/", waiting until "load"


      235 | test.describe("Resource Optimization", () => {
      236 |   test("should optimize image loading", async ({ page }) => {
    > 237 |     await page.goto("/");
          |                ^
      238 |     
      239 |     const imageOptimization = await page.evaluate(() => {
      240 |       const images = document.querySelectorAll('img');
        at /home/tbaltzakis/cloudless.gr/e2e/performance/core-web-vitals.spec.ts:237:16

    attachment #1: screenshot (image/png) ──────────────────────────────────────────────────────────
    test-results/performance-core-web-vital-d8b5f-ould-optimize-image-loading-mobile-chrome/test-failed-1.png
    ────────────────────────────────────────────────────────────────────────────────────────────────

    attachment #2: video (video/webm) ──────────────────────────────────────────────────────────────
    test-results/performance-core-web-vital-d8b5f-ould-optimize-image-loading-mobile-chrome/video.webm
    ────────────────────────────────────────────────────────────────────────────────────────────────

    Error Context: test-results/performance-core-web-vital-d8b5f-ould-optimize-image-loading-mobile-chrome/error-context.md

    Retry #1 ───────────────────────────────────────────────────────────────────────────────────────

    Error: page.goto: net::ERR_CONNECTION_REFUSED at http://localhost:4000/
    Call log:
      - navigating to "http://localhost:4000/", waiting until "load"


      235 | test.describe("Resource Optimization", () => {
      236 |   test("should optimize image loading", async ({ page }) => {
    > 237 |     await page.goto("/");
          |                ^
      238 |     
      239 |     const imageOptimization = await page.evaluate(() => {
      240 |       const images = document.querySelectorAll('img');
        at /home/tbaltzakis/cloudless.gr/e2e/performance/core-web-vitals.spec.ts:237:16

    attachment #1: screenshot (image/png) ──────────────────────────────────────────────────────────
    test-results/performance-core-web-vital-d8b5f-ould-optimize-image-loading-mobile-chrome-retry1/test-failed-1.png
    ────────────────────────────────────────────────────────────────────────────────────────────────

    attachment #2: video (video/webm) ──────────────────────────────────────────────────────────────
    test-results/performance-core-web-vital-d8b5f-ould-optimize-image-loading-mobile-chrome-retry1/video.webm
    ────────────────────────────────────────────────────────────────────────────────────────────────

    Error Context: test-results/performance-core-web-vital-d8b5f-ould-optimize-image-loading-mobile-chrome-retry1/error-context.md

    attachment #4: trace (application/zip) ─────────────────────────────────────────────────────────
    test-results/performance-core-web-vital-d8b5f-ould-optimize-image-loading-mobile-chrome-retry1/trace.zip
    Usage:

        npx playwright show-trace test-results/performance-core-web-vital-d8b5f-ould-optimize-image-loading-mobile-chrome-retry1/trace.zip

    ────────────────────────────────────────────────────────────────────────────────────────────────

  1647) [mobile-chrome] › e2e/performance/core-web-vitals.spec.ts:280:7 › Resource Optimization › should minimize render-blocking resources 

    Error: page.goto: net::ERR_CONNECTION_REFUSED at http://localhost:4000/
    Call log:
      - navigating to "http://localhost:4000/", waiting until "load"


      279 |   
      280 |   test("should minimize render-blocking resources", async ({ page }) => {
    > 281 |     await page.goto("/");
          |                ^
      282 |     
      283 |     const renderBlocking = await page.evaluate(() => {
      284 |       const links = document.querySelectorAll('link[rel="stylesheet"]');
        at /home/tbaltzakis/cloudless.gr/e2e/performance/core-web-vitals.spec.ts:281:16

    attachment #1: screenshot (image/png) ──────────────────────────────────────────────────────────
    test-results/performance-core-web-vital-e43e1-e-render-blocking-resources-mobile-chrome/test-failed-1.png
    ────────────────────────────────────────────────────────────────────────────────────────────────

    attachment #2: video (video/webm) ──────────────────────────────────────────────────────────────
    test-results/performance-core-web-vital-e43e1-e-render-blocking-resources-mobile-chrome/video.webm
    ────────────────────────────────────────────────────────────────────────────────────────────────

    Error Context: test-results/performance-core-web-vital-e43e1-e-render-blocking-resources-mobile-chrome/error-context.md

    Retry #1 ───────────────────────────────────────────────────────────────────────────────────────

    Error: page.goto: net::ERR_CONNECTION_REFUSED at http://localhost:4000/
    Call log:
      - navigating to "http://localhost:4000/", waiting until "load"


      279 |   
      280 |   test("should minimize render-blocking resources", async ({ page }) => {
    > 281 |     await page.goto("/");
          |                ^
      282 |     
      283 |     const renderBlocking = await page.evaluate(() => {
      284 |       const links = document.querySelectorAll('link[rel="stylesheet"]');
        at /home/tbaltzakis/cloudless.gr/e2e/performance/core-web-vitals.spec.ts:281:16

    attachment #1: screenshot (image/png) ──────────────────────────────────────────────────────────
    test-results/performance-core-web-vital-e43e1-e-render-blocking-resources-mobile-chrome-retry1/test-failed-1.png
    ────────────────────────────────────────────────────────────────────────────────────────────────

    attachment #2: video (video/webm) ──────────────────────────────────────────────────────────────
    test-results/performance-core-web-vital-e43e1-e-render-blocking-resources-mobile-chrome-retry1/video.webm
    ────────────────────────────────────────────────────────────────────────────────────────────────

    Error Context: test-results/performance-core-web-vital-e43e1-e-render-blocking-resources-mobile-chrome-retry1/error-context.md

    attachment #4: trace (application/zip) ─────────────────────────────────────────────────────────
    test-results/performance-core-web-vital-e43e1-e-render-blocking-resources-mobile-chrome-retry1/trace.zip
    Usage:

        npx playwright show-trace test-results/performance-core-web-vital-e43e1-e-render-blocking-resources-mobile-chrome-retry1/trace.zip

    ────────────────────────────────────────────────────────────────────────────────────────────────

  1648) [mobile-chrome] › e2e/performance/core-web-vitals.spec.ts:308:7 › Resource Optimization › should use browser caching 

    Error: page.goto: net::ERR_CONNECTION_REFUSED at http://localhost:4000/
    Call log:
      - navigating to "http://localhost:4000/", waiting until "load"


      307 |   
      308 |   test("should use browser caching", async ({ page }) => {
    > 309 |     await page.goto("/");
          |                ^
      310 |     
      311 |     // Reload to check cache headers
      312 |     await page.reload();
        at /home/tbaltzakis/cloudless.gr/e2e/performance/core-web-vitals.spec.ts:309:16

    attachment #1: screenshot (image/png) ──────────────────────────────────────────────────────────
    test-results/performance-core-web-vital-315b9--should-use-browser-caching-mobile-chrome/test-failed-1.png
    ────────────────────────────────────────────────────────────────────────────────────────────────

    attachment #2: video (video/webm) ──────────────────────────────────────────────────────────────
    test-results/performance-core-web-vital-315b9--should-use-browser-caching-mobile-chrome/video.webm
    ────────────────────────────────────────────────────────────────────────────────────────────────

    Error Context: test-results/performance-core-web-vital-315b9--should-use-browser-caching-mobile-chrome/error-context.md

    Retry #1 ───────────────────────────────────────────────────────────────────────────────────────

    Error: page.goto: net::ERR_CONNECTION_REFUSED at http://localhost:4000/
    Call log:
      - navigating to "http://localhost:4000/", waiting until "load"


      307 |   
      308 |   test("should use browser caching", async ({ page }) => {
    > 309 |     await page.goto("/");
          |                ^
      310 |     
      311 |     // Reload to check cache headers
      312 |     await page.reload();
        at /home/tbaltzakis/cloudless.gr/e2e/performance/core-web-vitals.spec.ts:309:16

    attachment #1: screenshot (image/png) ──────────────────────────────────────────────────────────
    test-results/performance-core-web-vital-315b9--should-use-browser-caching-mobile-chrome-retry1/test-failed-1.png
    ────────────────────────────────────────────────────────────────────────────────────────────────

    attachment #2: video (video/webm) ──────────────────────────────────────────────────────────────
    test-results/performance-core-web-vital-315b9--should-use-browser-caching-mobile-chrome-retry1/video.webm
    ────────────────────────────────────────────────────────────────────────────────────────────────

    Error Context: test-results/performance-core-web-vital-315b9--should-use-browser-caching-mobile-chrome-retry1/error-context.md

    attachment #4: trace (application/zip) ─────────────────────────────────────────────────────────
    test-results/performance-core-web-vital-315b9--should-use-browser-caching-mobile-chrome-retry1/trace.zip
    Usage:

        npx playwright show-trace test-results/performance-core-web-vital-315b9--should-use-browser-caching-mobile-chrome-retry1/trace.zip

    ────────────────────────────────────────────────────────────────────────────────────────────────

  1649) [mobile-chrome] › e2e/performance/core-web-vitals.spec.ts:322:7 › Mobile Performance › should perform well on mobile devices 

    Error: page.goto: net::ERR_CONNECTION_REFUSED at http://localhost:4000/
    Call log:
      - navigating to "http://localhost:4000/", waiting until "networkidle"


      325 |     
      326 |     const startTime = Date.now();
    > 327 |     await page.goto("/", { waitUntil: 'networkidle' });
          |                ^
      328 |     const endTime = Date.now();
      329 |     
      330 |     const loadTime = endTime - startTime;
        at /home/tbaltzakis/cloudless.gr/e2e/performance/core-web-vitals.spec.ts:327:16

    attachment #1: screenshot (image/png) ──────────────────────────────────────────────────────────
    test-results/performance-core-web-vital-985bc-form-well-on-mobile-devices-mobile-chrome/test-failed-1.png
    ────────────────────────────────────────────────────────────────────────────────────────────────

    attachment #2: video (video/webm) ──────────────────────────────────────────────────────────────
    test-results/performance-core-web-vital-985bc-form-well-on-mobile-devices-mobile-chrome/video.webm
    ────────────────────────────────────────────────────────────────────────────────────────────────

    Error Context: test-results/performance-core-web-vital-985bc-form-well-on-mobile-devices-mobile-chrome/error-context.md

    Retry #1 ───────────────────────────────────────────────────────────────────────────────────────

    Error: page.goto: net::ERR_CONNECTION_REFUSED at http://localhost:4000/
    Call log:
      - navigating to "http://localhost:4000/", waiting until "networkidle"


      325 |     
      326 |     const startTime = Date.now();
    > 327 |     await page.goto("/", { waitUntil: 'networkidle' });
          |                ^
      328 |     const endTime = Date.now();
      329 |     
      330 |     const loadTime = endTime - startTime;
        at /home/tbaltzakis/cloudless.gr/e2e/performance/core-web-vitals.spec.ts:327:16

    attachment #1: screenshot (image/png) ──────────────────────────────────────────────────────────
    test-results/performance-core-web-vital-985bc-form-well-on-mobile-devices-mobile-chrome-retry1/test-failed-1.png
    ────────────────────────────────────────────────────────────────────────────────────────────────

    attachment #2: video (video/webm) ──────────────────────────────────────────────────────────────
    test-results/performance-core-web-vital-985bc-form-well-on-mobile-devices-mobile-chrome-retry1/video.webm
    ────────────────────────────────────────────────────────────────────────────────────────────────

    Error Context: test-results/performance-core-web-vital-985bc-form-well-on-mobile-devices-mobile-chrome-retry1/error-context.md

    attachment #4: trace (application/zip) ─────────────────────────────────────────────────────────
    test-results/performance-core-web-vital-985bc-form-well-on-mobile-devices-mobile-chrome-retry1/trace.zip
    Usage:

        npx playwright show-trace test-results/performance-core-web-vital-985bc-form-well-on-mobile-devices-mobile-chrome-retry1/trace.zip

    ────────────────────────────────────────────────────────────────────────────────────────────────

  1650) [mobile-chrome] › e2e/performance/core-web-vitals.spec.ts:346:7 › Mobile Performance › should have appropriate tap targets on mobile 

    Error: page.goto: net::ERR_CONNECTION_REFUSED at http://localhost:4000/
    Call log:
      - navigating to "http://localhost:4000/", waiting until "load"


      346 |   test("should have appropriate tap targets on mobile", async ({ page }) => {
      347 |     await page.setViewportSize({ width: 375, height: 667 }); // iPhone SE
    > 348 |     await page.goto("/");
          |                ^
      349 |     
      350 |     const tapTargets = await page.evaluate(() => {
      351 |       const interactiveElements = document.querySelectorAll('a, button, [role="button"], input, select, textarea');
        at /home/tbaltzakis/cloudless.gr/e2e/performance/core-web-vitals.spec.ts:348:16

    attachment #1: screenshot (image/png) ──────────────────────────────────────────────────────────
    test-results/performance-core-web-vital-70e82-riate-tap-targets-on-mobile-mobile-chrome/test-failed-1.png
    ────────────────────────────────────────────────────────────────────────────────────────────────

    attachment #2: video (video/webm) ──────────────────────────────────────────────────────────────
    test-results/performance-core-web-vital-70e82-riate-tap-targets-on-mobile-mobile-chrome/video.webm
    ────────────────────────────────────────────────────────────────────────────────────────────────

    Error Context: test-results/performance-core-web-vital-70e82-riate-tap-targets-on-mobile-mobile-chrome/error-context.md

    Retry #1 ───────────────────────────────────────────────────────────────────────────────────────

    Error: page.goto: net::ERR_CONNECTION_REFUSED at http://localhost:4000/
    Call log:
      - navigating to "http://localhost:4000/", waiting until "load"


      346 |   test("should have appropriate tap targets on mobile", async ({ page }) => {
      347 |     await page.setViewportSize({ width: 375, height: 667 }); // iPhone SE
    > 348 |     await page.goto("/");
          |                ^
      349 |     
      350 |     const tapTargets = await page.evaluate(() => {
      351 |       const interactiveElements = document.querySelectorAll('a, button, [role="button"], input, select, textarea');
        at /home/tbaltzakis/cloudless.gr/e2e/performance/core-web-vitals.spec.ts:348:16

    attachment #1: screenshot (image/png) ──────────────────────────────────────────────────────────
    test-results/performance-core-web-vital-70e82-riate-tap-targets-on-mobile-mobile-chrome-retry1/test-failed-1.png
    ────────────────────────────────────────────────────────────────────────────────────────────────

    attachment #2: video (video/webm) ──────────────────────────────────────────────────────────────
    test-results/performance-core-web-vital-70e82-riate-tap-targets-on-mobile-mobile-chrome-retry1/video.webm
    ────────────────────────────────────────────────────────────────────────────────────────────────

    Error Context: test-results/performance-core-web-vital-70e82-riate-tap-targets-on-mobile-mobile-chrome-retry1/error-context.md

    attachment #4: trace (application/zip) ─────────────────────────────────────────────────────────
    test-results/performance-core-web-vital-70e82-riate-tap-targets-on-mobile-mobile-chrome-retry1/trace.zip
    Usage:

        npx playwright show-trace test-results/performance-core-web-vital-70e82-riate-tap-targets-on-mobile-mobile-chrome-retry1/trace.zip

    ────────────────────────────────────────────────────────────────────────────────────────────────

  1651) [mobile-chrome] › e2e/performance/core-web-vitals.spec.ts:380:7 › Performance Budgets › should keep total page size under budget 

    Error: page.goto: net::ERR_CONNECTION_REFUSED at http://localhost:4000/
    Call log:
      - navigating to "http://localhost:4000/", waiting until "load"


      379 | test.describe("Performance Budgets", () => {
      380 |   test("should keep total page size under budget", async ({ page }) => {
    > 381 |     await page.goto("/");
          |                ^
      382 |     
      383 |     const totalSize = await page.evaluate(() => {
      384 |       let totalSize = 0;
        at /home/tbaltzakis/cloudless.gr/e2e/performance/core-web-vitals.spec.ts:381:16

    attachment #1: screenshot (image/png) ──────────────────────────────────────────────────────────
    test-results/performance-core-web-vital-59a1f-otal-page-size-under-budget-mobile-chrome/test-failed-1.png
    ────────────────────────────────────────────────────────────────────────────────────────────────

    attachment #2: video (video/webm) ──────────────────────────────────────────────────────────────
    test-results/performance-core-web-vital-59a1f-otal-page-size-under-budget-mobile-chrome/video.webm
    ────────────────────────────────────────────────────────────────────────────────────────────────

    Error Context: test-results/performance-core-web-vital-59a1f-otal-page-size-under-budget-mobile-chrome/error-context.md

    Retry #1 ───────────────────────────────────────────────────────────────────────────────────────

    Error: page.goto: net::ERR_CONNECTION_REFUSED at http://localhost:4000/
    Call log:
      - navigating to "http://localhost:4000/", waiting until "load"


      379 | test.describe("Performance Budgets", () => {
      380 |   test("should keep total page size under budget", async ({ page }) => {
    > 381 |     await page.goto("/");
          |                ^
      382 |     
      383 |     const totalSize = await page.evaluate(() => {
      384 |       let totalSize = 0;
        at /home/tbaltzakis/cloudless.gr/e2e/performance/core-web-vitals.spec.ts:381:16

    attachment #1: screenshot (image/png) ──────────────────────────────────────────────────────────
    test-results/performance-core-web-vital-59a1f-otal-page-size-under-budget-mobile-chrome-retry1/test-failed-1.png
    ────────────────────────────────────────────────────────────────────────────────────────────────

    attachment #2: video (video/webm) ──────────────────────────────────────────────────────────────
    test-results/performance-core-web-vital-59a1f-otal-page-size-under-budget-mobile-chrome-retry1/video.webm
    ────────────────────────────────────────────────────────────────────────────────────────────────

    Error Context: test-results/performance-core-web-vital-59a1f-otal-page-size-under-budget-mobile-chrome-retry1/error-context.md

    attachment #4: trace (application/zip) ─────────────────────────────────────────────────────────
    test-results/performance-core-web-vital-59a1f-otal-page-size-under-budget-mobile-chrome-retry1/trace.zip
    Usage:

        npx playwright show-trace test-results/performance-core-web-vital-59a1f-otal-page-size-under-budget-mobile-chrome-retry1/trace.zip

    ────────────────────────────────────────────────────────────────────────────────────────────────

  1652) [mobile-chrome] › e2e/performance/core-web-vitals.spec.ts:398:7 › Performance Budgets › should keep number of requests under budget 

    Error: page.goto: net::ERR_CONNECTION_REFUSED at http://localhost:4000/
    Call log:
      - navigating to "http://localhost:4000/", waiting until "load"


      397 |   
      398 |   test("should keep number of requests under budget", async ({ page }) => {
    > 399 |     await page.goto("/");
          |                ^
      400 |     
      401 |     const requestCount = await page.evaluate(() => {
      402 |       return performance.getEntriesByType('resource').length;
        at /home/tbaltzakis/cloudless.gr/e2e/performance/core-web-vitals.spec.ts:399:16

    attachment #1: screenshot (image/png) ──────────────────────────────────────────────────────────
    test-results/performance-core-web-vital-78882-er-of-requests-under-budget-mobile-chrome/test-failed-1.png
    ────────────────────────────────────────────────────────────────────────────────────────────────

    attachment #2: video (video/webm) ──────────────────────────────────────────────────────────────
    test-results/performance-core-web-vital-78882-er-of-requests-under-budget-mobile-chrome/video.webm
    ────────────────────────────────────────────────────────────────────────────────────────────────

    Error Context: test-results/performance-core-web-vital-78882-er-of-requests-under-budget-mobile-chrome/error-context.md

    Retry #1 ───────────────────────────────────────────────────────────────────────────────────────

    Error: page.goto: net::ERR_CONNECTION_REFUSED at http://localhost:4000/
    Call log:
      - navigating to "http://localhost:4000/", waiting until "load"


      397 |   
      398 |   test("should keep number of requests under budget", async ({ page }) => {
    > 399 |     await page.goto("/");
          |                ^
      400 |     
      401 |     const requestCount = await page.evaluate(() => {
      402 |       return performance.getEntriesByType('resource').length;
        at /home/tbaltzakis/cloudless.gr/e2e/performance/core-web-vitals.spec.ts:399:16

    attachment #1: screenshot (image/png) ──────────────────────────────────────────────────────────
    test-results/performance-core-web-vital-78882-er-of-requests-under-budget-mobile-chrome-retry1/test-failed-1.png
    ────────────────────────────────────────────────────────────────────────────────────────────────

    attachment #2: video (video/webm) ──────────────────────────────────────────────────────────────
    test-results/performance-core-web-vital-78882-er-of-requests-under-budget-mobile-chrome-retry1/video.webm
    ────────────────────────────────────────────────────────────────────────────────────────────────

    Error Context: test-results/performance-core-web-vital-78882-er-of-requests-under-budget-mobile-chrome-retry1/error-context.md

    attachment #4: trace (application/zip) ─────────────────────────────────────────────────────────
    test-results/performance-core-web-vital-78882-er-of-requests-under-budget-mobile-chrome-retry1/trace.zip
    Usage:

        npx playwright show-trace test-results/performance-core-web-vital-78882-er-of-requests-under-budget-mobile-chrome-retry1/trace.zip

    ────────────────────────────────────────────────────────────────────────────────────────────────

  1653) [mobile-chrome] › e2e/performance/core-web-vitals.spec.ts:410:7 › Performance Budgets › should keep CSS size under budget 

    Error: page.goto: net::ERR_CONNECTION_REFUSED at http://localhost:4000/
    Call log:
      - navigating to "http://localhost:4000/", waiting until "load"


      409 |   
      410 |   test("should keep CSS size under budget", async ({ page }) => {
    > 411 |     await page.goto("/");
          |                ^
      412 |     
      413 |     const cssSize = await page.evaluate(() => {
      414 |       let totalSize = 0;
        at /home/tbaltzakis/cloudless.gr/e2e/performance/core-web-vitals.spec.ts:411:16

    attachment #1: screenshot (image/png) ──────────────────────────────────────────────────────────
    test-results/performance-core-web-vital-f7420--keep-CSS-size-under-budget-mobile-chrome/test-failed-1.png
    ────────────────────────────────────────────────────────────────────────────────────────────────

    attachment #2: video (video/webm) ──────────────────────────────────────────────────────────────
    test-results/performance-core-web-vital-f7420--keep-CSS-size-under-budget-mobile-chrome/video.webm
    ────────────────────────────────────────────────────────────────────────────────────────────────

    Error Context: test-results/performance-core-web-vital-f7420--keep-CSS-size-under-budget-mobile-chrome/error-context.md

    Retry #1 ───────────────────────────────────────────────────────────────────────────────────────

    Error: page.goto: net::ERR_CONNECTION_REFUSED at http://localhost:4000/
    Call log:
      - navigating to "http://localhost:4000/", waiting until "load"


      409 |   
      410 |   test("should keep CSS size under budget", async ({ page }) => {
    > 411 |     await page.goto("/");
          |                ^
      412 |     
      413 |     const cssSize = await page.evaluate(() => {
      414 |       let totalSize = 0;
        at /home/tbaltzakis/cloudless.gr/e2e/performance/core-web-vitals.spec.ts:411:16

    attachment #1: screenshot (image/png) ──────────────────────────────────────────────────────────
    test-results/performance-core-web-vital-f7420--keep-CSS-size-under-budget-mobile-chrome-retry1/test-failed-1.png
    ────────────────────────────────────────────────────────────────────────────────────────────────

    attachment #2: video (video/webm) ──────────────────────────────────────────────────────────────
    test-results/performance-core-web-vital-f7420--keep-CSS-size-under-budget-mobile-chrome-retry1/video.webm
    ────────────────────────────────────────────────────────────────────────────────────────────────

    Error Context: test-results/performance-core-web-vital-f7420--keep-CSS-size-under-budget-mobile-chrome-retry1/error-context.md

    attachment #4: trace (application/zip) ─────────────────────────────────────────────────────────
    test-results/performance-core-web-vital-f7420--keep-CSS-size-under-budget-mobile-chrome-retry1/trace.zip
    Usage:

        npx playwright show-trace test-results/performance-core-web-vital-f7420--keep-CSS-size-under-budget-mobile-chrome-retry1/trace.zip

    ────────────────────────────────────────────────────────────────────────────────────────────────

  1654) [mobile-chrome] › e2e/performance/core-web-vitals.spec.ts:431:7 › Performance Budgets › should keep JavaScript size under budget 

    Error: page.goto: net::ERR_CONNECTION_REFUSED at http://localhost:4000/
    Call log:
      - navigating to "http://localhost:4000/", waiting until "load"


      430 |   
      431 |   test("should keep JavaScript size under budget", async ({ page }) => {
    > 432 |     await page.goto("/");
          |                ^
      433 |     
      434 |     const jsSize = await page.evaluate(() => {
      435 |       let totalSize = 0;
        at /home/tbaltzakis/cloudless.gr/e2e/performance/core-web-vitals.spec.ts:432:16

    attachment #1: screenshot (image/png) ──────────────────────────────────────────────────────────
    test-results/performance-core-web-vital-57e95-avaScript-size-under-budget-mobile-chrome/test-failed-1.png
    ────────────────────────────────────────────────────────────────────────────────────────────────

    attachment #2: video (video/webm) ──────────────────────────────────────────────────────────────
    test-results/performance-core-web-vital-57e95-avaScript-size-under-budget-mobile-chrome/video.webm
    ────────────────────────────────────────────────────────────────────────────────────────────────

    Error Context: test-results/performance-core-web-vital-57e95-avaScript-size-under-budget-mobile-chrome/error-context.md

    Retry #1 ───────────────────────────────────────────────────────────────────────────────────────

    Error: page.goto: net::ERR_CONNECTION_REFUSED at http://localhost:4000/
    Call log:
      - navigating to "http://localhost:4000/", waiting until "load"


      430 |   
      431 |   test("should keep JavaScript size under budget", async ({ page }) => {
    > 432 |     await page.goto("/");
          |                ^
      433 |     
      434 |     const jsSize = await page.evaluate(() => {
      435 |       let totalSize = 0;
        at /home/tbaltzakis/cloudless.gr/e2e/performance/core-web-vitals.spec.ts:432:16

    attachment #1: screenshot (image/png) ──────────────────────────────────────────────────────────
    test-results/performance-core-web-vital-57e95-avaScript-size-under-budget-mobile-chrome-retry1/test-failed-1.png
    ────────────────────────────────────────────────────────────────────────────────────────────────

    attachment #2: video (video/webm) ──────────────────────────────────────────────────────────────
    test-results/performance-core-web-vital-57e95-avaScript-size-under-budget-mobile-chrome-retry1/video.webm
    ────────────────────────────────────────────────────────────────────────────────────────────────

    Error Context: test-results/performance-core-web-vital-57e95-avaScript-size-under-budget-mobile-chrome-retry1/error-context.md

    attachment #4: trace (application/zip) ─────────────────────────────────────────────────────────
    test-results/performance-core-web-vital-57e95-avaScript-size-under-budget-mobile-chrome-retry1/trace.zip
    Usage:

        npx playwright show-trace test-results/performance-core-web-vital-57e95-avaScript-size-under-budget-mobile-chrome-retry1/trace.zip

    ────────────────────────────────────────────────────────────────────────────────────────────────

  1655) [mobile-chrome] › e2e/performance-budgets.spec.ts:58:9 › Performance: /en/ › meets dev-server budgets 

    Error: page.goto: net::ERR_CONNECTION_REFUSED at http://localhost:4000/en/
    Call log:
      - navigating to "http://localhost:4000/en/", waiting until "load"


      57 |   test.describe(`Performance: ${url}`, () => {
      58 |     test("meets dev-server budgets", async ({ page }) => {
    > 59 |       await page.goto(url, { waitUntil: "load" });
         |                  ^
      60 |       // Wait one extra rAF so paint metrics flush.
      61 |       await page.evaluate(
      62 |         () => new Promise(r => requestAnimationFrame(() => requestAnimationFrame(() => r(0)))),
        at /home/tbaltzakis/cloudless.gr/e2e/performance-budgets.spec.ts:59:18

    attachment #1: screenshot (image/png) ──────────────────────────────────────────────────────────
    test-results/performance-budgets-Performance-en-meets-dev-server-budgets-mobile-chrome/test-failed-1.png
    ────────────────────────────────────────────────────────────────────────────────────────────────

    attachment #2: video (video/webm) ──────────────────────────────────────────────────────────────
    test-results/performance-budgets-Performance-en-meets-dev-server-budgets-mobile-chrome/video.webm
    ────────────────────────────────────────────────────────────────────────────────────────────────

    Error Context: test-results/performance-budgets-Performance-en-meets-dev-server-budgets-mobile-chrome/error-context.md

    Retry #1 ───────────────────────────────────────────────────────────────────────────────────────

    Error: page.goto: net::ERR_CONNECTION_REFUSED at http://localhost:4000/en/
    Call log:
      - navigating to "http://localhost:4000/en/", waiting until "load"


      57 |   test.describe(`Performance: ${url}`, () => {
      58 |     test("meets dev-server budgets", async ({ page }) => {
    > 59 |       await page.goto(url, { waitUntil: "load" });
         |                  ^
      60 |       // Wait one extra rAF so paint metrics flush.
      61 |       await page.evaluate(
      62 |         () => new Promise(r => requestAnimationFrame(() => requestAnimationFrame(() => r(0)))),
        at /home/tbaltzakis/cloudless.gr/e2e/performance-budgets.spec.ts:59:18

    attachment #1: screenshot (image/png) ──────────────────────────────────────────────────────────
    test-results/performance-budgets-Performance-en-meets-dev-server-budgets-mobile-chrome-retry1/test-failed-1.png
    ────────────────────────────────────────────────────────────────────────────────────────────────

    attachment #2: video (video/webm) ──────────────────────────────────────────────────────────────
    test-results/performance-budgets-Performance-en-meets-dev-server-budgets-mobile-chrome-retry1/video.webm
    ────────────────────────────────────────────────────────────────────────────────────────────────

    Error Context: test-results/performance-budgets-Performance-en-meets-dev-server-budgets-mobile-chrome-retry1/error-context.md

    attachment #4: trace (application/zip) ─────────────────────────────────────────────────────────
    test-results/performance-budgets-Performance-en-meets-dev-server-budgets-mobile-chrome-retry1/trace.zip
    Usage:

        npx playwright show-trace test-results/performance-budgets-Performance-en-meets-dev-server-budgets-mobile-chrome-retry1/trace.zip

    ────────────────────────────────────────────────────────────────────────────────────────────────

  1656) [mobile-chrome] › e2e/performance.spec.ts:4:7 › Response time budgets › homepage responds within 10s (dev) / 3s (prod) 

    Error: page.goto: net::ERR_CONNECTION_REFUSED at http://localhost:4000/
    Call log:
      - navigating to "http://localhost:4000/", waiting until "domcontentloaded"


       9 |     const budget = isProd ? 3_000 : 10_000;
      10 |     const start = Date.now();
    > 11 |     await page.goto("/", { waitUntil: "domcontentloaded" });
         |                ^
      12 |     expect(Date.now() - start).toBeLessThan(budget);
      13 |   });
      14 |
        at /home/tbaltzakis/cloudless.gr/e2e/performance.spec.ts:11:16

    attachment #1: screenshot (image/png) ──────────────────────────────────────────────────────────
    test-results/performance-Response-time--e72d4-nds-within-10s-dev-3s-prod--mobile-chrome/test-failed-1.png
    ────────────────────────────────────────────────────────────────────────────────────────────────

    attachment #2: video (video/webm) ──────────────────────────────────────────────────────────────
    test-results/performance-Response-time--e72d4-nds-within-10s-dev-3s-prod--mobile-chrome/video.webm
    ────────────────────────────────────────────────────────────────────────────────────────────────

    Error Context: test-results/performance-Response-time--e72d4-nds-within-10s-dev-3s-prod--mobile-chrome/error-context.md

    Retry #1 ───────────────────────────────────────────────────────────────────────────────────────

    Error: page.goto: net::ERR_CONNECTION_REFUSED at http://localhost:4000/
    Call log:
      - navigating to "http://localhost:4000/", waiting until "domcontentloaded"


       9 |     const budget = isProd ? 3_000 : 10_000;
      10 |     const start = Date.now();
    > 11 |     await page.goto("/", { waitUntil: "domcontentloaded" });
         |                ^
      12 |     expect(Date.now() - start).toBeLessThan(budget);
      13 |   });
      14 |
        at /home/tbaltzakis/cloudless.gr/e2e/performance.spec.ts:11:16

    attachment #1: screenshot (image/png) ──────────────────────────────────────────────────────────
    test-results/performance-Response-time--e72d4-nds-within-10s-dev-3s-prod--mobile-chrome-retry1/test-failed-1.png
    ────────────────────────────────────────────────────────────────────────────────────────────────

    attachment #2: video (video/webm) ──────────────────────────────────────────────────────────────
    test-results/performance-Response-time--e72d4-nds-within-10s-dev-3s-prod--mobile-chrome-retry1/video.webm
    ────────────────────────────────────────────────────────────────────────────────────────────────

    Error Context: test-results/performance-Response-time--e72d4-nds-within-10s-dev-3s-prod--mobile-chrome-retry1/error-context.md

    attachment #4: trace (application/zip) ─────────────────────────────────────────────────────────
    test-results/performance-Response-time--e72d4-nds-within-10s-dev-3s-prod--mobile-chrome-retry1/trace.zip
    Usage:

        npx playwright show-trace test-results/performance-Response-time--e72d4-nds-within-10s-dev-3s-prod--mobile-chrome-retry1/trace.zip

    ────────────────────────────────────────────────────────────────────────────────────────────────

  1657) [mobile-chrome] › e2e/performance.spec.ts:15:7 › Response time budgets › health API responds within 500ms (prod) / 3s (dev) 

    Error: apiRequestContext.get: connect ECONNREFUSED ::1:4000
    Call log:
      - → GET http://localhost:4000/api/health
        - user-agent: Mozilla/5.0 (Linux; Android 14; Pixel 7) AppleWebKit/537.36 (KHTML, like Gecko) Chrome/151.0.7922.34 Mobile Safari/537.36
        - accept: */*
        - accept-encoding: gzip,deflate,br

        at apiRequestContext.get: connect ECONNREFUSED ::1:4000
        at /home/tbaltzakis/cloudless.gr/e2e/performance.spec.ts:19:19

    Error Context: test-results/performance-Response-time--05dbb-s-within-500ms-prod-3s-dev--mobile-chrome/error-context.md

    Retry #1 ───────────────────────────────────────────────────────────────────────────────────────

    Error: apiRequestContext.get: connect ECONNREFUSED ::1:4000
    Call log:
      - → GET http://localhost:4000/api/health
        - user-agent: Mozilla/5.0 (Linux; Android 14; Pixel 7) AppleWebKit/537.36 (KHTML, like Gecko) Chrome/151.0.7922.34 Mobile Safari/537.36
        - accept: */*
        - accept-encoding: gzip,deflate,br

        at apiRequestContext.get: connect ECONNREFUSED ::1:4000
        at /home/tbaltzakis/cloudless.gr/e2e/performance.spec.ts:19:19

    Error Context: test-results/performance-Response-time--05dbb-s-within-500ms-prod-3s-dev--mobile-chrome-retry1/error-context.md

    attachment #2: trace (application/zip) ─────────────────────────────────────────────────────────
    test-results/performance-Response-time--05dbb-s-within-500ms-prod-3s-dev--mobile-chrome-retry1/trace.zip
    Usage:

        npx playwright show-trace test-results/performance-Response-time--05dbb-s-within-500ms-prod-3s-dev--mobile-chrome-retry1/trace.zip

    ────────────────────────────────────────────────────────────────────────────────────────────────

  1658) [mobile-chrome] › e2e/performance.spec.ts:25:7 › SEO basics › homepage has exactly one H1 ──

    Error: page.goto: net::ERR_CONNECTION_REFUSED at http://localhost:4000/
    Call log:
      - navigating to "http://localhost:4000/", waiting until "load"


      24 | test.describe("SEO basics", () => {
      25 |   test("homepage has exactly one H1", async ({ page }) => {
    > 26 |     await page.goto("/");
         |                ^
      27 |     await page.waitForLoadState("domcontentloaded");
      28 |     const h1Count = await page.locator("h1").count();
      29 |     expect(h1Count).toBe(1);
        at /home/tbaltzakis/cloudless.gr/e2e/performance.spec.ts:26:16

    attachment #1: screenshot (image/png) ──────────────────────────────────────────────────────────
    test-results/performance-SEO-basics-homepage-has-exactly-one-H1-mobile-chrome/test-failed-1.png
    ────────────────────────────────────────────────────────────────────────────────────────────────

    attachment #2: video (video/webm) ──────────────────────────────────────────────────────────────
    test-results/performance-SEO-basics-homepage-has-exactly-one-H1-mobile-chrome/video.webm
    ────────────────────────────────────────────────────────────────────────────────────────────────

    Error Context: test-results/performance-SEO-basics-homepage-has-exactly-one-H1-mobile-chrome/error-context.md

    Retry #1 ───────────────────────────────────────────────────────────────────────────────────────

    Error: page.goto: net::ERR_CONNECTION_REFUSED at http://localhost:4000/
    Call log:
      - navigating to "http://localhost:4000/", waiting until "load"


      24 | test.describe("SEO basics", () => {
      25 |   test("homepage has exactly one H1", async ({ page }) => {
    > 26 |     await page.goto("/");
         |                ^
      27 |     await page.waitForLoadState("domcontentloaded");
      28 |     const h1Count = await page.locator("h1").count();
      29 |     expect(h1Count).toBe(1);
        at /home/tbaltzakis/cloudless.gr/e2e/performance.spec.ts:26:16

    attachment #1: screenshot (image/png) ──────────────────────────────────────────────────────────
    test-results/performance-SEO-basics-homepage-has-exactly-one-H1-mobile-chrome-retry1/test-failed-1.png
    ────────────────────────────────────────────────────────────────────────────────────────────────

    attachment #2: video (video/webm) ──────────────────────────────────────────────────────────────
    test-results/performance-SEO-basics-homepage-has-exactly-one-H1-mobile-chrome-retry1/video.webm
    ────────────────────────────────────────────────────────────────────────────────────────────────

    Error Context: test-results/performance-SEO-basics-homepage-has-exactly-one-H1-mobile-chrome-retry1/error-context.md

    attachment #4: trace (application/zip) ─────────────────────────────────────────────────────────
    test-results/performance-SEO-basics-homepage-has-exactly-one-H1-mobile-chrome-retry1/trace.zip
    Usage:

        npx playwright show-trace test-results/performance-SEO-basics-homepage-has-exactly-one-H1-mobile-chrome-retry1/trace.zip

    ────────────────────────────────────────────────────────────────────────────────────────────────

  1659) [mobile-chrome] › e2e/performance.spec.ts:32:7 › SEO basics › all images have alt text ─────

    Error: page.goto: net::ERR_CONNECTION_REFUSED at http://localhost:4000/
    Call log:
      - navigating to "http://localhost:4000/", waiting until "load"


      31 |
      32 |   test("all images have alt text", async ({ page }) => {
    > 33 |     await page.goto("/");
         |                ^
      34 |     await page.waitForLoadState("domcontentloaded");
      35 |     const missing = await page.evaluate(() =>
      36 |       Array.from(document.querySelectorAll("img"))
        at /home/tbaltzakis/cloudless.gr/e2e/performance.spec.ts:33:16

    attachment #1: screenshot (image/png) ──────────────────────────────────────────────────────────
    test-results/performance-SEO-basics-all-images-have-alt-text-mobile-chrome/test-failed-1.png
    ────────────────────────────────────────────────────────────────────────────────────────────────

    attachment #2: video (video/webm) ──────────────────────────────────────────────────────────────
    test-results/performance-SEO-basics-all-images-have-alt-text-mobile-chrome/video.webm
    ────────────────────────────────────────────────────────────────────────────────────────────────

    Error Context: test-results/performance-SEO-basics-all-images-have-alt-text-mobile-chrome/error-context.md

    Retry #1 ───────────────────────────────────────────────────────────────────────────────────────

    Error: page.goto: net::ERR_CONNECTION_REFUSED at http://localhost:4000/
    Call log:
      - navigating to "http://localhost:4000/", waiting until "load"


      31 |
      32 |   test("all images have alt text", async ({ page }) => {
    > 33 |     await page.goto("/");
         |                ^
      34 |     await page.waitForLoadState("domcontentloaded");
      35 |     const missing = await page.evaluate(() =>
      36 |       Array.from(document.querySelectorAll("img"))
        at /home/tbaltzakis/cloudless.gr/e2e/performance.spec.ts:33:16

    attachment #1: screenshot (image/png) ──────────────────────────────────────────────────────────
    test-results/performance-SEO-basics-all-images-have-alt-text-mobile-chrome-retry1/test-failed-1.png
    ────────────────────────────────────────────────────────────────────────────────────────────────

    attachment #2: video (video/webm) ──────────────────────────────────────────────────────────────
    test-results/performance-SEO-basics-all-images-have-alt-text-mobile-chrome-retry1/video.webm
    ────────────────────────────────────────────────────────────────────────────────────────────────

    Error Context: test-results/performance-SEO-basics-all-images-have-alt-text-mobile-chrome-retry1/error-context.md

    attachment #4: trace (application/zip) ─────────────────────────────────────────────────────────
    test-results/performance-SEO-basics-all-images-have-alt-text-mobile-chrome-retry1/trace.zip
    Usage:

        npx playwright show-trace test-results/performance-SEO-basics-all-images-have-alt-text-mobile-chrome-retry1/trace.zip

    ────────────────────────────────────────────────────────────────────────────────────────────────

  1660) [mobile-chrome] › e2e/post-audit-coverage.spec.ts:18:7 › rate-limit cap — /api/contact (3 req/min/container) › 4th rapid same-IP submission is rejected (429 or 4xx) 

    Error: apiRequestContext.post: connect ECONNREFUSED ::1:4000
    Call log:
      - → POST http://localhost:4000/api/contact
        - user-agent: Mozilla/5.0 (Linux; Android 14; Pixel 7) AppleWebKit/537.36 (KHTML, like Gecko) Chrome/151.0.7922.34 Mobile Safari/537.36
        - accept: */*
        - accept-encoding: gzip,deflate,br
        - content-type: application/json
        - x-forwarded-for: 203.0.113.99
        - content-length: 57

        at apiRequestContext.post: connect ECONNREFUSED ::1:4000
        at /home/tbaltzakis/cloudless.gr/e2e/post-audit-coverage.spec.ts:44:31

    Error Context: test-results/post-audit-coverage-rate-l-3145a-ion-is-rejected-429-or-4xx--mobile-chrome/error-context.md

    Retry #1 ───────────────────────────────────────────────────────────────────────────────────────

    Error: apiRequestContext.post: connect ECONNREFUSED ::1:4000
    Call log:
      - → POST http://localhost:4000/api/contact
        - user-agent: Mozilla/5.0 (Linux; Android 14; Pixel 7) AppleWebKit/537.36 (KHTML, like Gecko) Chrome/151.0.7922.34 Mobile Safari/537.36
        - accept: */*
        - accept-encoding: gzip,deflate,br
        - content-type: application/json
        - x-forwarded-for: 203.0.113.99
        - content-length: 57

        at apiRequestContext.post: connect ECONNREFUSED ::1:4000
        at /home/tbaltzakis/cloudless.gr/e2e/post-audit-coverage.spec.ts:44:31

    Error Context: test-results/post-audit-coverage-rate-l-3145a-ion-is-rejected-429-or-4xx--mobile-chrome-retry1/error-context.md

    attachment #2: trace (application/zip) ─────────────────────────────────────────────────────────
    test-results/post-audit-coverage-rate-l-3145a-ion-is-rejected-429-or-4xx--mobile-chrome-retry1/trace.zip
    Usage:

        npx playwright show-trace test-results/post-audit-coverage-rate-l-3145a-ion-is-rejected-429-or-4xx--mobile-chrome-retry1/trace.zip

    ────────────────────────────────────────────────────────────────────────────────────────────────

  1661) [mobile-chrome] › e2e/post-audit-coverage.spec.ts:70:7 › image optimizer — AVIF/WebP support › optimizer endpoint is reachable and returns an image 

    Error: apiRequestContext.get: connect ECONNREFUSED ::1:4000
    Call log:
      - → GET http://localhost:4000/_next/image?url=%2Ficons%2Ficon-512.png&w=256&q=75
        - user-agent: Mozilla/5.0 (Linux; Android 14; Pixel 7) AppleWebKit/537.36 (KHTML, like Gecko) Chrome/151.0.7922.34 Mobile Safari/537.36
        - accept: image/avif,image/webp,image/apng,*/*;q=0.8
        - accept-encoding: gzip,deflate,br

        at apiRequestContext.get: connect ECONNREFUSED ::1:4000
        at /home/tbaltzakis/cloudless.gr/e2e/post-audit-coverage.spec.ts:73:29

    Error Context: test-results/post-audit-coverage-image--854a2-chable-and-returns-an-image-mobile-chrome/error-context.md

    Retry #1 ───────────────────────────────────────────────────────────────────────────────────────

    Error: apiRequestContext.get: connect ECONNREFUSED ::1:4000
    Call log:
      - → GET http://localhost:4000/_next/image?url=%2Ficons%2Ficon-512.png&w=256&q=75
        - user-agent: Mozilla/5.0 (Linux; Android 14; Pixel 7) AppleWebKit/537.36 (KHTML, like Gecko) Chrome/151.0.7922.34 Mobile Safari/537.36
        - accept: image/avif,image/webp,image/apng,*/*;q=0.8
        - accept-encoding: gzip,deflate,br

        at apiRequestContext.get: connect ECONNREFUSED ::1:4000
        at /home/tbaltzakis/cloudless.gr/e2e/post-audit-coverage.spec.ts:73:29

    Error Context: test-results/post-audit-coverage-image--854a2-chable-and-returns-an-image-mobile-chrome-retry1/error-context.md

    attachment #2: trace (application/zip) ─────────────────────────────────────────────────────────
    test-results/post-audit-coverage-image--854a2-chable-and-returns-an-image-mobile-chrome-retry1/trace.zip
    Usage:

        npx playwright show-trace test-results/post-audit-coverage-image--854a2-chable-and-returns-an-image-mobile-chrome-retry1/trace.zip

    ────────────────────────────────────────────────────────────────────────────────────────────────

  1662) [mobile-chrome] › e2e/post-audit-coverage.spec.ts:90:7 › image optimizer — AVIF/WebP support › optimizer responds to width-variant requests (used by srcset) 

    Error: apiRequestContext.get: connect ECONNREFUSED ::1:4000
    Call log:
      - → GET http://localhost:4000/_next/image?url=%2Ficons%2Ficon-512.png&w=256&q=75
        - user-agent: Mozilla/5.0 (Linux; Android 14; Pixel 7) AppleWebKit/537.36 (KHTML, like Gecko) Chrome/151.0.7922.34 Mobile Safari/537.36
        - accept: image/avif,image/webp,*/*
        - accept-encoding: gzip,deflate,br

        at apiRequestContext.get: connect ECONNREFUSED ::1:4000
        at /home/tbaltzakis/cloudless.gr/e2e/post-audit-coverage.spec.ts:101:31

    Error Context: test-results/post-audit-coverage-image--7eb4d-nt-requests-used-by-srcset--mobile-chrome/error-context.md

    Retry #1 ───────────────────────────────────────────────────────────────────────────────────────

    Error: apiRequestContext.get: connect ECONNREFUSED ::1:4000
    Call log:
      - → GET http://localhost:4000/_next/image?url=%2Ficons%2Ficon-512.png&w=256&q=75
        - user-agent: Mozilla/5.0 (Linux; Android 14; Pixel 7) AppleWebKit/537.36 (KHTML, like Gecko) Chrome/151.0.7922.34 Mobile Safari/537.36
        - accept: image/avif,image/webp,*/*
        - accept-encoding: gzip,deflate,br

        at apiRequestContext.get: connect ECONNREFUSED ::1:4000
        at /home/tbaltzakis/cloudless.gr/e2e/post-audit-coverage.spec.ts:101:31

    Error Context: test-results/post-audit-coverage-image--7eb4d-nt-requests-used-by-srcset--mobile-chrome-retry1/error-context.md

    attachment #2: trace (application/zip) ─────────────────────────────────────────────────────────
    test-results/post-audit-coverage-image--7eb4d-nt-requests-used-by-srcset--mobile-chrome-retry1/trace.zip
    Usage:

        npx playwright show-trace test-results/post-audit-coverage-image--7eb4d-nt-requests-used-by-srcset--mobile-chrome-retry1/trace.zip

    ────────────────────────────────────────────────────────────────────────────────────────────────

  1663) [mobile-chrome] › e2e/post-audit-coverage.spec.ts:111:7 › EspoCRM loader gate (only on real cloudless.gr hosts) › the EspoCRM script tag is NOT in the DOM on localhost 

    Error: page.goto: net::ERR_CONNECTION_REFUSED at http://localhost:4000/en
    Call log:
      - navigating to "http://localhost:4000/en", waiting until "load"


      112 |     page,
      113 |   }) => {
    > 114 |     await page.goto("/en");
          |                ^
      115 |     await page.waitForLoadState("networkidle");
      116 |     // The HubSpotScript client component returns null when window.location.hostname
      117 |     // is not "cloudless.gr" / "www.cloudless.gr". On localhost it should return null.
        at /home/tbaltzakis/cloudless.gr/e2e/post-audit-coverage.spec.ts:114:16

    attachment #1: screenshot (image/png) ──────────────────────────────────────────────────────────
    test-results/post-audit-coverage-EspoCR-d3056-NOT-in-the-DOM-on-localhost-mobile-chrome/test-failed-1.png
    ────────────────────────────────────────────────────────────────────────────────────────────────

    attachment #2: video (video/webm) ──────────────────────────────────────────────────────────────
    test-results/post-audit-coverage-EspoCR-d3056-NOT-in-the-DOM-on-localhost-mobile-chrome/video.webm
    ────────────────────────────────────────────────────────────────────────────────────────────────

    Error Context: test-results/post-audit-coverage-EspoCR-d3056-NOT-in-the-DOM-on-localhost-mobile-chrome/error-context.md

    Retry #1 ───────────────────────────────────────────────────────────────────────────────────────

    Error: page.goto: net::ERR_CONNECTION_REFUSED at http://localhost:4000/en
    Call log:
      - navigating to "http://localhost:4000/en", waiting until "load"


      112 |     page,
      113 |   }) => {
    > 114 |     await page.goto("/en");
          |                ^
      115 |     await page.waitForLoadState("networkidle");
      116 |     // The HubSpotScript client component returns null when window.location.hostname
      117 |     // is not "cloudless.gr" / "www.cloudless.gr". On localhost it should return null.
        at /home/tbaltzakis/cloudless.gr/e2e/post-audit-coverage.spec.ts:114:16

    attachment #1: screenshot (image/png) ──────────────────────────────────────────────────────────
    test-results/post-audit-coverage-EspoCR-d3056-NOT-in-the-DOM-on-localhost-mobile-chrome-retry1/test-failed-1.png
    ────────────────────────────────────────────────────────────────────────────────────────────────

    attachment #2: video (video/webm) ──────────────────────────────────────────────────────────────
    test-results/post-audit-coverage-EspoCR-d3056-NOT-in-the-DOM-on-localhost-mobile-chrome-retry1/video.webm
    ────────────────────────────────────────────────────────────────────────────────────────────────

    Error Context: test-results/post-audit-coverage-EspoCR-d3056-NOT-in-the-DOM-on-localhost-mobile-chrome-retry1/error-context.md

    attachment #4: trace (application/zip) ─────────────────────────────────────────────────────────
    test-results/post-audit-coverage-EspoCR-d3056-NOT-in-the-DOM-on-localhost-mobile-chrome-retry1/trace.zip
    Usage:

        npx playwright show-trace test-results/post-audit-coverage-EspoCR-d3056-NOT-in-the-DOM-on-localhost-mobile-chrome-retry1/trace.zip

    ────────────────────────────────────────────────────────────────────────────────────────────────

  1664) [mobile-chrome] › e2e/post-audit-coverage.spec.ts:122:7 › EspoCRM loader gate (only on real cloudless.gr hosts) › no network requests to hs-scripts.com from localhost 

    Error: page.goto: net::ERR_CONNECTION_REFUSED at http://localhost:4000/en
    Call log:
      - navigating to "http://localhost:4000/en", waiting until "load"


      145 |       }
      146 |     });
    > 147 |     await page.goto("/en");
          |                ^
      148 |     await page.waitForLoadState("networkidle");
      149 |     expect(hsRequests, hsRequests.join("\n")).toEqual([]);
      150 |   });
        at /home/tbaltzakis/cloudless.gr/e2e/post-audit-coverage.spec.ts:147:16

    attachment #1: screenshot (image/png) ──────────────────────────────────────────────────────────
    test-results/post-audit-coverage-EspoCR-ff690--scripts-com-from-localhost-mobile-chrome/test-failed-1.png
    ────────────────────────────────────────────────────────────────────────────────────────────────

    attachment #2: video (video/webm) ──────────────────────────────────────────────────────────────
    test-results/post-audit-coverage-EspoCR-ff690--scripts-com-from-localhost-mobile-chrome/video.webm
    ────────────────────────────────────────────────────────────────────────────────────────────────

    Error Context: test-results/post-audit-coverage-EspoCR-ff690--scripts-com-from-localhost-mobile-chrome/error-context.md

    Retry #1 ───────────────────────────────────────────────────────────────────────────────────────

    Error: page.goto: net::ERR_CONNECTION_REFUSED at http://localhost:4000/en
    Call log:
      - navigating to "http://localhost:4000/en", waiting until "load"


      145 |       }
      146 |     });
    > 147 |     await page.goto("/en");
          |                ^
      148 |     await page.waitForLoadState("networkidle");
      149 |     expect(hsRequests, hsRequests.join("\n")).toEqual([]);
      150 |   });
        at /home/tbaltzakis/cloudless.gr/e2e/post-audit-coverage.spec.ts:147:16

    attachment #1: screenshot (image/png) ──────────────────────────────────────────────────────────
    test-results/post-audit-coverage-EspoCR-ff690--scripts-com-from-localhost-mobile-chrome-retry1/test-failed-1.png
    ────────────────────────────────────────────────────────────────────────────────────────────────

    attachment #2: video (video/webm) ──────────────────────────────────────────────────────────────
    test-results/post-audit-coverage-EspoCR-ff690--scripts-com-from-localhost-mobile-chrome-retry1/video.webm
    ────────────────────────────────────────────────────────────────────────────────────────────────

    Error Context: test-results/post-audit-coverage-EspoCR-ff690--scripts-com-from-localhost-mobile-chrome-retry1/error-context.md

    attachment #4: trace (application/zip) ─────────────────────────────────────────────────────────
    test-results/post-audit-coverage-EspoCR-ff690--scripts-com-from-localhost-mobile-chrome-retry1/trace.zip
    Usage:

        npx playwright show-trace test-results/post-audit-coverage-EspoCR-ff690--scripts-com-from-localhost-mobile-chrome-retry1/trace.zip

    ────────────────────────────────────────────────────────────────────────────────────────────────

  1665) [mobile-chrome] › e2e/public-api-deep.spec.ts:18:7 › GET /api/health — non-5xx ─────────────

    Error: apiRequestContext.get: connect ECONNREFUSED ::1:4000
    Call log:
      - → GET http://localhost:4000/api/health
        - user-agent: Mozilla/5.0 (Linux; Android 14; Pixel 7) AppleWebKit/537.36 (KHTML, like Gecko) Chrome/151.0.7922.34 Mobile Safari/537.36
        - accept: */*
        - accept-encoding: gzip,deflate,br

        at apiRequestContext.get: connect ECONNREFUSED ::1:4000
        at /home/tbaltzakis/cloudless.gr/e2e/public-api-deep.spec.ts:19:29

    attachment #1: screenshot (image/png) ──────────────────────────────────────────────────────────
    test-results/public-api-deep-GET-api-health-—-non-5xx-mobile-chrome/test-failed-1.png
    ────────────────────────────────────────────────────────────────────────────────────────────────

    attachment #2: video (video/webm) ──────────────────────────────────────────────────────────────
    test-results/public-api-deep-GET-api-health-—-non-5xx-mobile-chrome/video.webm
    ────────────────────────────────────────────────────────────────────────────────────────────────

    Error Context: test-results/public-api-deep-GET-api-health-—-non-5xx-mobile-chrome/error-context.md

    Retry #1 ───────────────────────────────────────────────────────────────────────────────────────

    Error: apiRequestContext.get: connect ECONNREFUSED ::1:4000
    Call log:
      - → GET http://localhost:4000/api/health
        - user-agent: Mozilla/5.0 (Linux; Android 14; Pixel 7) AppleWebKit/537.36 (KHTML, like Gecko) Chrome/151.0.7922.34 Mobile Safari/537.36
        - accept: */*
        - accept-encoding: gzip,deflate,br

        at apiRequestContext.get: connect ECONNREFUSED ::1:4000
        at /home/tbaltzakis/cloudless.gr/e2e/public-api-deep.spec.ts:19:29

    attachment #1: screenshot (image/png) ──────────────────────────────────────────────────────────
    test-results/public-api-deep-GET-api-health-—-non-5xx-mobile-chrome-retry1/test-failed-1.png
    ────────────────────────────────────────────────────────────────────────────────────────────────

    attachment #2: video (video/webm) ──────────────────────────────────────────────────────────────
    test-results/public-api-deep-GET-api-health-—-non-5xx-mobile-chrome-retry1/video.webm
    ────────────────────────────────────────────────────────────────────────────────────────────────

    Error Context: test-results/public-api-deep-GET-api-health-—-non-5xx-mobile-chrome-retry1/error-context.md

    attachment #4: trace (application/zip) ─────────────────────────────────────────────────────────
    test-results/public-api-deep-GET-api-health-—-non-5xx-mobile-chrome-retry1/trace.zip
    Usage:

        npx playwright show-trace test-results/public-api-deep-GET-api-health-—-non-5xx-mobile-chrome-retry1/trace.zip

    ────────────────────────────────────────────────────────────────────────────────────────────────

  1666) [mobile-chrome] › e2e/public-api-deep.spec.ts:18:7 › GET /api/services — non-5xx ───────────

    Error: apiRequestContext.get: connect ECONNREFUSED ::1:4000
    Call log:
      - → GET http://localhost:4000/api/services
        - user-agent: Mozilla/5.0 (Linux; Android 14; Pixel 7) AppleWebKit/537.36 (KHTML, like Gecko) Chrome/151.0.7922.34 Mobile Safari/537.36
        - accept: */*
        - accept-encoding: gzip,deflate,br

        at apiRequestContext.get: connect ECONNREFUSED ::1:4000
        at /home/tbaltzakis/cloudless.gr/e2e/public-api-deep.spec.ts:19:29

    attachment #1: screenshot (image/png) ──────────────────────────────────────────────────────────
    test-results/public-api-deep-GET-api-services-—-non-5xx-mobile-chrome/test-failed-1.png
    ────────────────────────────────────────────────────────────────────────────────────────────────

    attachment #2: video (video/webm) ──────────────────────────────────────────────────────────────
    test-results/public-api-deep-GET-api-services-—-non-5xx-mobile-chrome/video.webm
    ────────────────────────────────────────────────────────────────────────────────────────────────

    Error Context: test-results/public-api-deep-GET-api-services-—-non-5xx-mobile-chrome/error-context.md

    Retry #1 ───────────────────────────────────────────────────────────────────────────────────────

    Error: apiRequestContext.get: connect ECONNREFUSED ::1:4000
    Call log:
      - → GET http://localhost:4000/api/services
        - user-agent: Mozilla/5.0 (Linux; Android 14; Pixel 7) AppleWebKit/537.36 (KHTML, like Gecko) Chrome/151.0.7922.34 Mobile Safari/537.36
        - accept: */*
        - accept-encoding: gzip,deflate,br

        at apiRequestContext.get: connect ECONNREFUSED ::1:4000
        at /home/tbaltzakis/cloudless.gr/e2e/public-api-deep.spec.ts:19:29

    attachment #1: screenshot (image/png) ──────────────────────────────────────────────────────────
    test-results/public-api-deep-GET-api-services-—-non-5xx-mobile-chrome-retry1/test-failed-1.png
    ────────────────────────────────────────────────────────────────────────────────────────────────

    attachment #2: video (video/webm) ──────────────────────────────────────────────────────────────
    test-results/public-api-deep-GET-api-services-—-non-5xx-mobile-chrome-retry1/video.webm
    ────────────────────────────────────────────────────────────────────────────────────────────────

    Error Context: test-results/public-api-deep-GET-api-services-—-non-5xx-mobile-chrome-retry1/error-context.md

    attachment #4: trace (application/zip) ─────────────────────────────────────────────────────────
    test-results/public-api-deep-GET-api-services-—-non-5xx-mobile-chrome-retry1/trace.zip
    Usage:

        npx playwright show-trace test-results/public-api-deep-GET-api-services-—-non-5xx-mobile-chrome-retry1/trace.zip

    ────────────────────────────────────────────────────────────────────────────────────────────────

  1667) [mobile-chrome] › e2e/public-api-deep.spec.ts:18:7 › GET /api/case-studies — non-5xx ───────

    Error: apiRequestContext.get: connect ECONNREFUSED ::1:4000
    Call log:
      - → GET http://localhost:4000/api/case-studies
        - user-agent: Mozilla/5.0 (Linux; Android 14; Pixel 7) AppleWebKit/537.36 (KHTML, like Gecko) Chrome/151.0.7922.34 Mobile Safari/537.36
        - accept: */*
        - accept-encoding: gzip,deflate,br

        at apiRequestContext.get: connect ECONNREFUSED ::1:4000
        at /home/tbaltzakis/cloudless.gr/e2e/public-api-deep.spec.ts:19:29

    attachment #1: screenshot (image/png) ──────────────────────────────────────────────────────────
    test-results/public-api-deep-GET-api-case-studies-—-non-5xx-mobile-chrome/test-failed-1.png
    ────────────────────────────────────────────────────────────────────────────────────────────────

    attachment #2: video (video/webm) ──────────────────────────────────────────────────────────────
    test-results/public-api-deep-GET-api-case-studies-—-non-5xx-mobile-chrome/video.webm
    ────────────────────────────────────────────────────────────────────────────────────────────────

    Error Context: test-results/public-api-deep-GET-api-case-studies-—-non-5xx-mobile-chrome/error-context.md

    Retry #1 ───────────────────────────────────────────────────────────────────────────────────────

    Error: apiRequestContext.get: connect ECONNREFUSED ::1:4000
    Call log:
      - → GET http://localhost:4000/api/case-studies
        - user-agent: Mozilla/5.0 (Linux; Android 14; Pixel 7) AppleWebKit/537.36 (KHTML, like Gecko) Chrome/151.0.7922.34 Mobile Safari/537.36
        - accept: */*
        - accept-encoding: gzip,deflate,br

        at apiRequestContext.get: connect ECONNREFUSED ::1:4000
        at /home/tbaltzakis/cloudless.gr/e2e/public-api-deep.spec.ts:19:29

    attachment #1: screenshot (image/png) ──────────────────────────────────────────────────────────
    test-results/public-api-deep-GET-api-case-studies-—-non-5xx-mobile-chrome-retry1/test-failed-1.png
    ────────────────────────────────────────────────────────────────────────────────────────────────

    attachment #2: video (video/webm) ──────────────────────────────────────────────────────────────
    test-results/public-api-deep-GET-api-case-studies-—-non-5xx-mobile-chrome-retry1/video.webm
    ────────────────────────────────────────────────────────────────────────────────────────────────

    Error Context: test-results/public-api-deep-GET-api-case-studies-—-non-5xx-mobile-chrome-retry1/error-context.md

    attachment #4: trace (application/zip) ─────────────────────────────────────────────────────────
    test-results/public-api-deep-GET-api-case-studies-—-non-5xx-mobile-chrome-retry1/trace.zip
    Usage:

        npx playwright show-trace test-results/public-api-deep-GET-api-case-studies-—-non-5xx-mobile-chrome-retry1/trace.zip

    ────────────────────────────────────────────────────────────────────────────────────────────────

  1668) [mobile-chrome] › e2e/public-api-deep.spec.ts:18:7 › GET /api/blog/posts — non-5xx ─────────

    Error: apiRequestContext.get: connect ECONNREFUSED ::1:4000
    Call log:
      - → GET http://localhost:4000/api/blog/posts
        - user-agent: Mozilla/5.0 (Linux; Android 14; Pixel 7) AppleWebKit/537.36 (KHTML, like Gecko) Chrome/151.0.7922.34 Mobile Safari/537.36
        - accept: */*
        - accept-encoding: gzip,deflate,br

        at apiRequestContext.get: connect ECONNREFUSED ::1:4000
        at /home/tbaltzakis/cloudless.gr/e2e/public-api-deep.spec.ts:19:29

    attachment #1: screenshot (image/png) ──────────────────────────────────────────────────────────
    test-results/public-api-deep-GET-api-blog-posts-—-non-5xx-mobile-chrome/test-failed-1.png
    ────────────────────────────────────────────────────────────────────────────────────────────────

    attachment #2: video (video/webm) ──────────────────────────────────────────────────────────────
    test-results/public-api-deep-GET-api-blog-posts-—-non-5xx-mobile-chrome/video.webm
    ────────────────────────────────────────────────────────────────────────────────────────────────

    Error Context: test-results/public-api-deep-GET-api-blog-posts-—-non-5xx-mobile-chrome/error-context.md

    Retry #1 ───────────────────────────────────────────────────────────────────────────────────────

    Error: apiRequestContext.get: connect ECONNREFUSED ::1:4000
    Call log:
      - → GET http://localhost:4000/api/blog/posts
        - user-agent: Mozilla/5.0 (Linux; Android 14; Pixel 7) AppleWebKit/537.36 (KHTML, like Gecko) Chrome/151.0.7922.34 Mobile Safari/537.36
        - accept: */*
        - accept-encoding: gzip,deflate,br

        at apiRequestContext.get: connect ECONNREFUSED ::1:4000
        at /home/tbaltzakis/cloudless.gr/e2e/public-api-deep.spec.ts:19:29

    attachment #1: screenshot (image/png) ──────────────────────────────────────────────────────────
    test-results/public-api-deep-GET-api-blog-posts-—-non-5xx-mobile-chrome-retry1/test-failed-1.png
    ────────────────────────────────────────────────────────────────────────────────────────────────

    attachment #2: video (video/webm) ──────────────────────────────────────────────────────────────
    test-results/public-api-deep-GET-api-blog-posts-—-non-5xx-mobile-chrome-retry1/video.webm
    ────────────────────────────────────────────────────────────────────────────────────────────────

    Error Context: test-results/public-api-deep-GET-api-blog-posts-—-non-5xx-mobile-chrome-retry1/error-context.md

    attachment #4: trace (application/zip) ─────────────────────────────────────────────────────────
    test-results/public-api-deep-GET-api-blog-posts-—-non-5xx-mobile-chrome-retry1/trace.zip
    Usage:

        npx playwright show-trace test-results/public-api-deep-GET-api-blog-posts-—-non-5xx-mobile-chrome-retry1/trace.zip

    ────────────────────────────────────────────────────────────────────────────────────────────────

  1669) [mobile-chrome] › e2e/public-api-deep.spec.ts:18:7 › GET /api/faqs — non-5xx ───────────────

    Error: apiRequestContext.get: connect ECONNREFUSED ::1:4000
    Call log:
      - → GET http://localhost:4000/api/faqs
        - user-agent: Mozilla/5.0 (Linux; Android 14; Pixel 7) AppleWebKit/537.36 (KHTML, like Gecko) Chrome/151.0.7922.34 Mobile Safari/537.36
        - accept: */*
        - accept-encoding: gzip,deflate,br

        at apiRequestContext.get: connect ECONNREFUSED ::1:4000
        at /home/tbaltzakis/cloudless.gr/e2e/public-api-deep.spec.ts:19:29

    attachment #1: screenshot (image/png) ──────────────────────────────────────────────────────────
    test-results/public-api-deep-GET-api-faqs-—-non-5xx-mobile-chrome/test-failed-1.png
    ────────────────────────────────────────────────────────────────────────────────────────────────

    attachment #2: video (video/webm) ──────────────────────────────────────────────────────────────
    test-results/public-api-deep-GET-api-faqs-—-non-5xx-mobile-chrome/video.webm
    ────────────────────────────────────────────────────────────────────────────────────────────────

    Error Context: test-results/public-api-deep-GET-api-faqs-—-non-5xx-mobile-chrome/error-context.md

    Retry #1 ───────────────────────────────────────────────────────────────────────────────────────

    Error: apiRequestContext.get: connect ECONNREFUSED ::1:4000
    Call log:
      - → GET http://localhost:4000/api/faqs
        - user-agent: Mozilla/5.0 (Linux; Android 14; Pixel 7) AppleWebKit/537.36 (KHTML, like Gecko) Chrome/151.0.7922.34 Mobile Safari/537.36
        - accept: */*
        - accept-encoding: gzip,deflate,br

        at apiRequestContext.get: connect ECONNREFUSED ::1:4000
        at /home/tbaltzakis/cloudless.gr/e2e/public-api-deep.spec.ts:19:29

    attachment #1: screenshot (image/png) ──────────────────────────────────────────────────────────
    test-results/public-api-deep-GET-api-faqs-—-non-5xx-mobile-chrome-retry1/test-failed-1.png
    ────────────────────────────────────────────────────────────────────────────────────────────────

    attachment #2: video (video/webm) ──────────────────────────────────────────────────────────────
    test-results/public-api-deep-GET-api-faqs-—-non-5xx-mobile-chrome-retry1/video.webm
    ────────────────────────────────────────────────────────────────────────────────────────────────

    Error Context: test-results/public-api-deep-GET-api-faqs-—-non-5xx-mobile-chrome-retry1/error-context.md

    attachment #4: trace (application/zip) ─────────────────────────────────────────────────────────
    test-results/public-api-deep-GET-api-faqs-—-non-5xx-mobile-chrome-retry1/trace.zip
    Usage:

        npx playwright show-trace test-results/public-api-deep-GET-api-faqs-—-non-5xx-mobile-chrome-retry1/trace.zip

    ────────────────────────────────────────────────────────────────────────────────────────────────

  1670) [mobile-chrome] › e2e/public-api-deep.spec.ts:18:7 › GET /api/testimonials — non-5xx ───────

    Error: apiRequestContext.get: connect ECONNREFUSED ::1:4000
    Call log:
      - → GET http://localhost:4000/api/testimonials
        - user-agent: Mozilla/5.0 (Linux; Android 14; Pixel 7) AppleWebKit/537.36 (KHTML, like Gecko) Chrome/151.0.7922.34 Mobile Safari/537.36
        - accept: */*
        - accept-encoding: gzip,deflate,br

        at apiRequestContext.get: connect ECONNREFUSED ::1:4000
        at /home/tbaltzakis/cloudless.gr/e2e/public-api-deep.spec.ts:19:29

    attachment #1: screenshot (image/png) ──────────────────────────────────────────────────────────
    test-results/public-api-deep-GET-api-testimonials-—-non-5xx-mobile-chrome/test-failed-1.png
    ────────────────────────────────────────────────────────────────────────────────────────────────

    attachment #2: video (video/webm) ──────────────────────────────────────────────────────────────
    test-results/public-api-deep-GET-api-testimonials-—-non-5xx-mobile-chrome/video.webm
    ────────────────────────────────────────────────────────────────────────────────────────────────

    Error Context: test-results/public-api-deep-GET-api-testimonials-—-non-5xx-mobile-chrome/error-context.md

    Retry #1 ───────────────────────────────────────────────────────────────────────────────────────

    Error: apiRequestContext.get: connect ECONNREFUSED ::1:4000
    Call log:
      - → GET http://localhost:4000/api/testimonials
        - user-agent: Mozilla/5.0 (Linux; Android 14; Pixel 7) AppleWebKit/537.36 (KHTML, like Gecko) Chrome/151.0.7922.34 Mobile Safari/537.36
        - accept: */*
        - accept-encoding: gzip,deflate,br

        at apiRequestContext.get: connect ECONNREFUSED ::1:4000
        at /home/tbaltzakis/cloudless.gr/e2e/public-api-deep.spec.ts:19:29

    attachment #1: screenshot (image/png) ──────────────────────────────────────────────────────────
    test-results/public-api-deep-GET-api-testimonials-—-non-5xx-mobile-chrome-retry1/test-failed-1.png
    ────────────────────────────────────────────────────────────────────────────────────────────────

    attachment #2: video (video/webm) ──────────────────────────────────────────────────────────────
    test-results/public-api-deep-GET-api-testimonials-—-non-5xx-mobile-chrome-retry1/video.webm
    ────────────────────────────────────────────────────────────────────────────────────────────────

    Error Context: test-results/public-api-deep-GET-api-testimonials-—-non-5xx-mobile-chrome-retry1/error-context.md

    attachment #4: trace (application/zip) ─────────────────────────────────────────────────────────
    test-results/public-api-deep-GET-api-testimonials-—-non-5xx-mobile-chrome-retry1/trace.zip
    Usage:

        npx playwright show-trace test-results/public-api-deep-GET-api-testimonials-—-non-5xx-mobile-chrome-retry1/trace.zip

    ────────────────────────────────────────────────────────────────────────────────────────────────

  1671) [mobile-chrome] › e2e/public-api-deep.spec.ts:18:7 › GET /api/docs — non-5xx ───────────────

    Error: apiRequestContext.get: connect ECONNREFUSED ::1:4000
    Call log:
      - → GET http://localhost:4000/api/docs
        - user-agent: Mozilla/5.0 (Linux; Android 14; Pixel 7) AppleWebKit/537.36 (KHTML, like Gecko) Chrome/151.0.7922.34 Mobile Safari/537.36
        - accept: */*
        - accept-encoding: gzip,deflate,br

        at apiRequestContext.get: connect ECONNREFUSED ::1:4000
        at /home/tbaltzakis/cloudless.gr/e2e/public-api-deep.spec.ts:19:29

    attachment #1: screenshot (image/png) ──────────────────────────────────────────────────────────
    test-results/public-api-deep-GET-api-docs-—-non-5xx-mobile-chrome/test-failed-1.png
    ────────────────────────────────────────────────────────────────────────────────────────────────

    attachment #2: video (video/webm) ──────────────────────────────────────────────────────────────
    test-results/public-api-deep-GET-api-docs-—-non-5xx-mobile-chrome/video.webm
    ────────────────────────────────────────────────────────────────────────────────────────────────

    Error Context: test-results/public-api-deep-GET-api-docs-—-non-5xx-mobile-chrome/error-context.md

    Retry #1 ───────────────────────────────────────────────────────────────────────────────────────

    Error: apiRequestContext.get: connect ECONNREFUSED ::1:4000
    Call log:
      - → GET http://localhost:4000/api/docs
        - user-agent: Mozilla/5.0 (Linux; Android 14; Pixel 7) AppleWebKit/537.36 (KHTML, like Gecko) Chrome/151.0.7922.34 Mobile Safari/537.36
        - accept: */*
        - accept-encoding: gzip,deflate,br

        at apiRequestContext.get: connect ECONNREFUSED ::1:4000
        at /home/tbaltzakis/cloudless.gr/e2e/public-api-deep.spec.ts:19:29

    attachment #1: screenshot (image/png) ──────────────────────────────────────────────────────────
    test-results/public-api-deep-GET-api-docs-—-non-5xx-mobile-chrome-retry1/test-failed-1.png
    ────────────────────────────────────────────────────────────────────────────────────────────────

    attachment #2: video (video/webm) ──────────────────────────────────────────────────────────────
    test-results/public-api-deep-GET-api-docs-—-non-5xx-mobile-chrome-retry1/video.webm
    ────────────────────────────────────────────────────────────────────────────────────────────────

    Error Context: test-results/public-api-deep-GET-api-docs-—-non-5xx-mobile-chrome-retry1/error-context.md

    attachment #4: trace (application/zip) ─────────────────────────────────────────────────────────
    test-results/public-api-deep-GET-api-docs-—-non-5xx-mobile-chrome-retry1/trace.zip
    Usage:

        npx playwright show-trace test-results/public-api-deep-GET-api-docs-—-non-5xx-mobile-chrome-retry1/trace.zip

    ────────────────────────────────────────────────────────────────────────────────────────────────

  1672) [mobile-chrome] › e2e/public-api-deep.spec.ts:18:7 › GET /api/pwa-manifest — non-5xx ───────

    Error: apiRequestContext.get: connect ECONNREFUSED ::1:4000
    Call log:
      - → GET http://localhost:4000/api/pwa-manifest
        - user-agent: Mozilla/5.0 (Linux; Android 14; Pixel 7) AppleWebKit/537.36 (KHTML, like Gecko) Chrome/151.0.7922.34 Mobile Safari/537.36
        - accept: */*
        - accept-encoding: gzip,deflate,br

        at apiRequestContext.get: connect ECONNREFUSED ::1:4000
        at /home/tbaltzakis/cloudless.gr/e2e/public-api-deep.spec.ts:19:29

    attachment #1: screenshot (image/png) ──────────────────────────────────────────────────────────
    test-results/public-api-deep-GET-api-pwa-manifest-—-non-5xx-mobile-chrome/test-failed-1.png
    ────────────────────────────────────────────────────────────────────────────────────────────────

    attachment #2: video (video/webm) ──────────────────────────────────────────────────────────────
    test-results/public-api-deep-GET-api-pwa-manifest-—-non-5xx-mobile-chrome/video.webm
    ────────────────────────────────────────────────────────────────────────────────────────────────

    Error Context: test-results/public-api-deep-GET-api-pwa-manifest-—-non-5xx-mobile-chrome/error-context.md

    Retry #1 ───────────────────────────────────────────────────────────────────────────────────────

    Error: apiRequestContext.get: connect ECONNREFUSED ::1:4000
    Call log:
      - → GET http://localhost:4000/api/pwa-manifest
        - user-agent: Mozilla/5.0 (Linux; Android 14; Pixel 7) AppleWebKit/537.36 (KHTML, like Gecko) Chrome/151.0.7922.34 Mobile Safari/537.36
        - accept: */*
        - accept-encoding: gzip,deflate,br

        at apiRequestContext.get: connect ECONNREFUSED ::1:4000
        at /home/tbaltzakis/cloudless.gr/e2e/public-api-deep.spec.ts:19:29

    attachment #1: screenshot (image/png) ──────────────────────────────────────────────────────────
    test-results/public-api-deep-GET-api-pwa-manifest-—-non-5xx-mobile-chrome-retry1/test-failed-1.png
    ────────────────────────────────────────────────────────────────────────────────────────────────

    attachment #2: video (video/webm) ──────────────────────────────────────────────────────────────
    test-results/public-api-deep-GET-api-pwa-manifest-—-non-5xx-mobile-chrome-retry1/video.webm
    ────────────────────────────────────────────────────────────────────────────────────────────────

    Error Context: test-results/public-api-deep-GET-api-pwa-manifest-—-non-5xx-mobile-chrome-retry1/error-context.md

    attachment #4: trace (application/zip) ─────────────────────────────────────────────────────────
    test-results/public-api-deep-GET-api-pwa-manifest-—-non-5xx-mobile-chrome-retry1/trace.zip
    Usage:

        npx playwright show-trace test-results/public-api-deep-GET-api-pwa-manifest-—-non-5xx-mobile-chrome-retry1/trace.zip

    ────────────────────────────────────────────────────────────────────────────────────────────────

  1673) [mobile-chrome] › e2e/public-api-deep.spec.ts:18:7 › GET /api/calendar/availability — non-5xx 

    Error: apiRequestContext.get: connect ECONNREFUSED ::1:4000
    Call log:
      - → GET http://localhost:4000/api/calendar/availability
        - user-agent: Mozilla/5.0 (Linux; Android 14; Pixel 7) AppleWebKit/537.36 (KHTML, like Gecko) Chrome/151.0.7922.34 Mobile Safari/537.36
        - accept: */*
        - accept-encoding: gzip,deflate,br

        at apiRequestContext.get: connect ECONNREFUSED ::1:4000
        at /home/tbaltzakis/cloudless.gr/e2e/public-api-deep.spec.ts:19:29

    attachment #1: screenshot (image/png) ──────────────────────────────────────────────────────────
    test-results/public-api-deep-GET-api-calendar-availability-—-non-5xx-mobile-chrome/test-failed-1.png
    ────────────────────────────────────────────────────────────────────────────────────────────────

    attachment #2: video (video/webm) ──────────────────────────────────────────────────────────────
    test-results/public-api-deep-GET-api-calendar-availability-—-non-5xx-mobile-chrome/video.webm
    ────────────────────────────────────────────────────────────────────────────────────────────────

    Error Context: test-results/public-api-deep-GET-api-calendar-availability-—-non-5xx-mobile-chrome/error-context.md

    Retry #1 ───────────────────────────────────────────────────────────────────────────────────────

    Error: apiRequestContext.get: connect ECONNREFUSED ::1:4000
    Call log:
      - → GET http://localhost:4000/api/calendar/availability
        - user-agent: Mozilla/5.0 (Linux; Android 14; Pixel 7) AppleWebKit/537.36 (KHTML, like Gecko) Chrome/151.0.7922.34 Mobile Safari/537.36
        - accept: */*
        - accept-encoding: gzip,deflate,br

        at apiRequestContext.get: connect ECONNREFUSED ::1:4000
        at /home/tbaltzakis/cloudless.gr/e2e/public-api-deep.spec.ts:19:29

    attachment #1: screenshot (image/png) ──────────────────────────────────────────────────────────
    test-results/public-api-deep-GET-api-calendar-availability-—-non-5xx-mobile-chrome-retry1/test-failed-1.png
    ────────────────────────────────────────────────────────────────────────────────────────────────

    attachment #2: video (video/webm) ──────────────────────────────────────────────────────────────
    test-results/public-api-deep-GET-api-calendar-availability-—-non-5xx-mobile-chrome-retry1/video.webm
    ────────────────────────────────────────────────────────────────────────────────────────────────

    Error Context: test-results/public-api-deep-GET-api-calendar-availability-—-non-5xx-mobile-chrome-retry1/error-context.md

    attachment #4: trace (application/zip) ─────────────────────────────────────────────────────────
    test-results/public-api-deep-GET-api-calendar-availability-—-non-5xx-mobile-chrome-retry1/trace.zip
    Usage:

        npx playwright show-trace test-results/public-api-deep-GET-api-calendar-availability-—-non-5xx-mobile-chrome-retry1/trace.zip

    ────────────────────────────────────────────────────────────────────────────────────────────────

  1674) [mobile-chrome] › e2e/public-api-deep.spec.ts:30:7 › GET /api/blog/:slug — handles unknown slug (404 or empty 200) 

    Error: apiRequestContext.get: connect ECONNREFUSED ::1:4000
    Call log:
      - → GET http://localhost:4000/api/blog/hello-world
        - user-agent: Mozilla/5.0 (Linux; Android 14; Pixel 7) AppleWebKit/537.36 (KHTML, like Gecko) Chrome/151.0.7922.34 Mobile Safari/537.36
        - accept: */*
        - accept-encoding: gzip,deflate,br

        at apiRequestContext.get: connect ECONNREFUSED ::1:4000
        at /home/tbaltzakis/cloudless.gr/e2e/public-api-deep.spec.ts:31:29

    attachment #1: screenshot (image/png) ──────────────────────────────────────────────────────────
    test-results/public-api-deep-GET-api-bl-49fd2-nown-slug-404-or-empty-200--mobile-chrome/test-failed-1.png
    ────────────────────────────────────────────────────────────────────────────────────────────────

    attachment #2: video (video/webm) ──────────────────────────────────────────────────────────────
    test-results/public-api-deep-GET-api-bl-49fd2-nown-slug-404-or-empty-200--mobile-chrome/video.webm
    ────────────────────────────────────────────────────────────────────────────────────────────────

    Error Context: test-results/public-api-deep-GET-api-bl-49fd2-nown-slug-404-or-empty-200--mobile-chrome/error-context.md

    Retry #1 ───────────────────────────────────────────────────────────────────────────────────────

    Error: apiRequestContext.get: connect ECONNREFUSED ::1:4000
    Call log:
      - → GET http://localhost:4000/api/blog/hello-world
        - user-agent: Mozilla/5.0 (Linux; Android 14; Pixel 7) AppleWebKit/537.36 (KHTML, like Gecko) Chrome/151.0.7922.34 Mobile Safari/537.36
        - accept: */*
        - accept-encoding: gzip,deflate,br

        at apiRequestContext.get: connect ECONNREFUSED ::1:4000
        at /home/tbaltzakis/cloudless.gr/e2e/public-api-deep.spec.ts:31:29

    attachment #1: screenshot (image/png) ──────────────────────────────────────────────────────────
    test-results/public-api-deep-GET-api-bl-49fd2-nown-slug-404-or-empty-200--mobile-chrome-retry1/test-failed-1.png
    ────────────────────────────────────────────────────────────────────────────────────────────────

    attachment #2: video (video/webm) ──────────────────────────────────────────────────────────────
    test-results/public-api-deep-GET-api-bl-49fd2-nown-slug-404-or-empty-200--mobile-chrome-retry1/video.webm
    ────────────────────────────────────────────────────────────────────────────────────────────────

    Error Context: test-results/public-api-deep-GET-api-bl-49fd2-nown-slug-404-or-empty-200--mobile-chrome-retry1/error-context.md

    attachment #4: trace (application/zip) ─────────────────────────────────────────────────────────
    test-results/public-api-deep-GET-api-bl-49fd2-nown-slug-404-or-empty-200--mobile-chrome-retry1/trace.zip
    Usage:

        npx playwright show-trace test-results/public-api-deep-GET-api-bl-49fd2-nown-slug-404-or-empty-200--mobile-chrome-retry1/trace.zip

    ────────────────────────────────────────────────────────────────────────────────────────────────

  1675) [mobile-chrome] › e2e/public-api-deep.spec.ts:30:7 › GET /api/case-studies/:slug — handles unknown slug (404 or empty 200) 

    Error: apiRequestContext.get: connect ECONNREFUSED ::1:4000
    Call log:
      - → GET http://localhost:4000/api/case-studies/sample
        - user-agent: Mozilla/5.0 (Linux; Android 14; Pixel 7) AppleWebKit/537.36 (KHTML, like Gecko) Chrome/151.0.7922.34 Mobile Safari/537.36
        - accept: */*
        - accept-encoding: gzip,deflate,br

        at apiRequestContext.get: connect ECONNREFUSED ::1:4000
        at /home/tbaltzakis/cloudless.gr/e2e/public-api-deep.spec.ts:31:29

    attachment #1: screenshot (image/png) ──────────────────────────────────────────────────────────
    test-results/public-api-deep-GET-api-ca-f266b-nown-slug-404-or-empty-200--mobile-chrome/test-failed-1.png
    ────────────────────────────────────────────────────────────────────────────────────────────────

    attachment #2: video (video/webm) ──────────────────────────────────────────────────────────────
    test-results/public-api-deep-GET-api-ca-f266b-nown-slug-404-or-empty-200--mobile-chrome/video.webm
    ────────────────────────────────────────────────────────────────────────────────────────────────

    Error Context: test-results/public-api-deep-GET-api-ca-f266b-nown-slug-404-or-empty-200--mobile-chrome/error-context.md

    Retry #1 ───────────────────────────────────────────────────────────────────────────────────────

    Error: apiRequestContext.get: connect ECONNREFUSED ::1:4000
    Call log:
      - → GET http://localhost:4000/api/case-studies/sample
        - user-agent: Mozilla/5.0 (Linux; Android 14; Pixel 7) AppleWebKit/537.36 (KHTML, like Gecko) Chrome/151.0.7922.34 Mobile Safari/537.36
        - accept: */*
        - accept-encoding: gzip,deflate,br

        at apiRequestContext.get: connect ECONNREFUSED ::1:4000
        at /home/tbaltzakis/cloudless.gr/e2e/public-api-deep.spec.ts:31:29

    attachment #1: screenshot (image/png) ──────────────────────────────────────────────────────────
    test-results/public-api-deep-GET-api-ca-f266b-nown-slug-404-or-empty-200--mobile-chrome-retry1/test-failed-1.png
    ────────────────────────────────────────────────────────────────────────────────────────────────

    attachment #2: video (video/webm) ──────────────────────────────────────────────────────────────
    test-results/public-api-deep-GET-api-ca-f266b-nown-slug-404-or-empty-200--mobile-chrome-retry1/video.webm
    ────────────────────────────────────────────────────────────────────────────────────────────────

    Error Context: test-results/public-api-deep-GET-api-ca-f266b-nown-slug-404-or-empty-200--mobile-chrome-retry1/error-context.md

    attachment #4: trace (application/zip) ─────────────────────────────────────────────────────────
    test-results/public-api-deep-GET-api-ca-f266b-nown-slug-404-or-empty-200--mobile-chrome-retry1/trace.zip
    Usage:

        npx playwright show-trace test-results/public-api-deep-GET-api-ca-f266b-nown-slug-404-or-empty-200--mobile-chrome-retry1/trace.zip

    ────────────────────────────────────────────────────────────────────────────────────────────────

  1676) [mobile-chrome] › e2e/public-api-deep.spec.ts:30:7 › GET /api/docs/:slug — handles unknown slug (404 or empty 200) 

    Error: apiRequestContext.get: connect ECONNREFUSED ::1:4000
    Call log:
      - → GET http://localhost:4000/api/docs/getting-started
        - user-agent: Mozilla/5.0 (Linux; Android 14; Pixel 7) AppleWebKit/537.36 (KHTML, like Gecko) Chrome/151.0.7922.34 Mobile Safari/537.36
        - accept: */*
        - accept-encoding: gzip,deflate,br

        at apiRequestContext.get: connect ECONNREFUSED ::1:4000
        at /home/tbaltzakis/cloudless.gr/e2e/public-api-deep.spec.ts:31:29

    attachment #1: screenshot (image/png) ──────────────────────────────────────────────────────────
    test-results/public-api-deep-GET-api-do-fe725-nown-slug-404-or-empty-200--mobile-chrome/test-failed-1.png
    ────────────────────────────────────────────────────────────────────────────────────────────────

    attachment #2: video (video/webm) ──────────────────────────────────────────────────────────────
    test-results/public-api-deep-GET-api-do-fe725-nown-slug-404-or-empty-200--mobile-chrome/video.webm
    ────────────────────────────────────────────────────────────────────────────────────────────────

    Error Context: test-results/public-api-deep-GET-api-do-fe725-nown-slug-404-or-empty-200--mobile-chrome/error-context.md

    Retry #1 ───────────────────────────────────────────────────────────────────────────────────────

    Error: apiRequestContext.get: connect ECONNREFUSED ::1:4000
    Call log:
      - → GET http://localhost:4000/api/docs/getting-started
        - user-agent: Mozilla/5.0 (Linux; Android 14; Pixel 7) AppleWebKit/537.36 (KHTML, like Gecko) Chrome/151.0.7922.34 Mobile Safari/537.36
        - accept: */*
        - accept-encoding: gzip,deflate,br

        at apiRequestContext.get: connect ECONNREFUSED ::1:4000
        at /home/tbaltzakis/cloudless.gr/e2e/public-api-deep.spec.ts:31:29

    attachment #1: screenshot (image/png) ──────────────────────────────────────────────────────────
    test-results/public-api-deep-GET-api-do-fe725-nown-slug-404-or-empty-200--mobile-chrome-retry1/test-failed-1.png
    ────────────────────────────────────────────────────────────────────────────────────────────────

    attachment #2: video (video/webm) ──────────────────────────────────────────────────────────────
    test-results/public-api-deep-GET-api-do-fe725-nown-slug-404-or-empty-200--mobile-chrome-retry1/video.webm
    ────────────────────────────────────────────────────────────────────────────────────────────────

    Error Context: test-results/public-api-deep-GET-api-do-fe725-nown-slug-404-or-empty-200--mobile-chrome-retry1/error-context.md

    attachment #4: trace (application/zip) ─────────────────────────────────────────────────────────
    test-results/public-api-deep-GET-api-do-fe725-nown-slug-404-or-empty-200--mobile-chrome-retry1/trace.zip
    Usage:

        npx playwright show-trace test-results/public-api-deep-GET-api-do-fe725-nown-slug-404-or-empty-200--mobile-chrome-retry1/trace.zip

    ────────────────────────────────────────────────────────────────────────────────────────────────

  1677) [mobile-chrome] › e2e/public-api-deep.spec.ts:30:7 › GET /api/portal/:token — handles unknown slug (404 or empty 200) 

    Error: apiRequestContext.get: connect ECONNREFUSED ::1:4000
    Call log:
      - → GET http://localhost:4000/api/portal/dummy-token
        - user-agent: Mozilla/5.0 (Linux; Android 14; Pixel 7) AppleWebKit/537.36 (KHTML, like Gecko) Chrome/151.0.7922.34 Mobile Safari/537.36
        - accept: */*
        - accept-encoding: gzip,deflate,br

        at apiRequestContext.get: connect ECONNREFUSED ::1:4000
        at /home/tbaltzakis/cloudless.gr/e2e/public-api-deep.spec.ts:31:29

    attachment #1: screenshot (image/png) ──────────────────────────────────────────────────────────
    test-results/public-api-deep-GET-api-po-cf9a2-nown-slug-404-or-empty-200--mobile-chrome/test-failed-1.png
    ────────────────────────────────────────────────────────────────────────────────────────────────

    attachment #2: video (video/webm) ──────────────────────────────────────────────────────────────
    test-results/public-api-deep-GET-api-po-cf9a2-nown-slug-404-or-empty-200--mobile-chrome/video.webm
    ────────────────────────────────────────────────────────────────────────────────────────────────

    Error Context: test-results/public-api-deep-GET-api-po-cf9a2-nown-slug-404-or-empty-200--mobile-chrome/error-context.md

    Retry #1 ───────────────────────────────────────────────────────────────────────────────────────

    Error: apiRequestContext.get: connect ECONNREFUSED ::1:4000
    Call log:
      - → GET http://localhost:4000/api/portal/dummy-token
        - user-agent: Mozilla/5.0 (Linux; Android 14; Pixel 7) AppleWebKit/537.36 (KHTML, like Gecko) Chrome/151.0.7922.34 Mobile Safari/537.36
        - accept: */*
        - accept-encoding: gzip,deflate,br

        at apiRequestContext.get: connect ECONNREFUSED ::1:4000
        at /home/tbaltzakis/cloudless.gr/e2e/public-api-deep.spec.ts:31:29

    attachment #1: screenshot (image/png) ──────────────────────────────────────────────────────────
    test-results/public-api-deep-GET-api-po-cf9a2-nown-slug-404-or-empty-200--mobile-chrome-retry1/test-failed-1.png
    ────────────────────────────────────────────────────────────────────────────────────────────────

    attachment #2: video (video/webm) ──────────────────────────────────────────────────────────────
    test-results/public-api-deep-GET-api-po-cf9a2-nown-slug-404-or-empty-200--mobile-chrome-retry1/video.webm
    ────────────────────────────────────────────────────────────────────────────────────────────────

    Error Context: test-results/public-api-deep-GET-api-po-cf9a2-nown-slug-404-or-empty-200--mobile-chrome-retry1/error-context.md

    attachment #4: trace (application/zip) ─────────────────────────────────────────────────────────
    test-results/public-api-deep-GET-api-po-cf9a2-nown-slug-404-or-empty-200--mobile-chrome-retry1/trace.zip
    Usage:

        npx playwright show-trace test-results/public-api-deep-GET-api-po-cf9a2-nown-slug-404-or-empty-200--mobile-chrome-retry1/trace.zip

    ────────────────────────────────────────────────────────────────────────────────────────────────

  1678) [mobile-chrome] › e2e/public-api-deep.spec.ts:39:7 › POST /api/contact — empty body rejected with 4xx 

    Error: apiRequestContext.post: connect ECONNREFUSED ::1:4000
    Call log:
      - → POST http://localhost:4000/api/contact
        - user-agent: Mozilla/5.0 (Linux; Android 14; Pixel 7) AppleWebKit/537.36 (KHTML, like Gecko) Chrome/151.0.7922.34 Mobile Safari/537.36
        - accept: */*
        - accept-encoding: gzip,deflate,br
        - content-type: application/json
        - content-length: 2

        at apiRequestContext.post: connect ECONNREFUSED ::1:4000
        at /home/tbaltzakis/cloudless.gr/e2e/public-api-deep.spec.ts:40:29

    attachment #1: screenshot (image/png) ──────────────────────────────────────────────────────────
    test-results/public-api-deep-POST-api-c-c1a28-mpty-body-rejected-with-4xx-mobile-chrome/test-failed-1.png
    ────────────────────────────────────────────────────────────────────────────────────────────────

    attachment #2: video (video/webm) ──────────────────────────────────────────────────────────────
    test-results/public-api-deep-POST-api-c-c1a28-mpty-body-rejected-with-4xx-mobile-chrome/video.webm
    ────────────────────────────────────────────────────────────────────────────────────────────────

    Error Context: test-results/public-api-deep-POST-api-c-c1a28-mpty-body-rejected-with-4xx-mobile-chrome/error-context.md

    Retry #1 ───────────────────────────────────────────────────────────────────────────────────────

    Error: apiRequestContext.post: connect ECONNREFUSED ::1:4000
    Call log:
      - → POST http://localhost:4000/api/contact
        - user-agent: Mozilla/5.0 (Linux; Android 14; Pixel 7) AppleWebKit/537.36 (KHTML, like Gecko) Chrome/151.0.7922.34 Mobile Safari/537.36
        - accept: */*
        - accept-encoding: gzip,deflate,br
        - content-type: application/json
        - content-length: 2

        at apiRequestContext.post: connect ECONNREFUSED ::1:4000
        at /home/tbaltzakis/cloudless.gr/e2e/public-api-deep.spec.ts:40:29

    attachment #1: screenshot (image/png) ──────────────────────────────────────────────────────────
    test-results/public-api-deep-POST-api-c-c1a28-mpty-body-rejected-with-4xx-mobile-chrome-retry1/test-failed-1.png
    ────────────────────────────────────────────────────────────────────────────────────────────────

    attachment #2: video (video/webm) ──────────────────────────────────────────────────────────────
    test-results/public-api-deep-POST-api-c-c1a28-mpty-body-rejected-with-4xx-mobile-chrome-retry1/video.webm
    ────────────────────────────────────────────────────────────────────────────────────────────────

    Error Context: test-results/public-api-deep-POST-api-c-c1a28-mpty-body-rejected-with-4xx-mobile-chrome-retry1/error-context.md

    attachment #4: trace (application/zip) ─────────────────────────────────────────────────────────
    test-results/public-api-deep-POST-api-c-c1a28-mpty-body-rejected-with-4xx-mobile-chrome-retry1/trace.zip
    Usage:

        npx playwright show-trace test-results/public-api-deep-POST-api-c-c1a28-mpty-body-rejected-with-4xx-mobile-chrome-retry1/trace.zip

    ────────────────────────────────────────────────────────────────────────────────────────────────

  1679) [mobile-chrome] › e2e/public-api-deep.spec.ts:45:7 › POST /api/contact — malformed JSON rejected 

    Error: apiRequestContext.post: connect ECONNREFUSED ::1:4000
    Call log:
      - → POST http://localhost:4000/api/contact
        - user-agent: Mozilla/5.0 (Linux; Android 14; Pixel 7) AppleWebKit/537.36 (KHTML, like Gecko) Chrome/151.0.7922.34 Mobile Safari/537.36
        - accept: */*
        - accept-encoding: gzip,deflate,br
        - Content-Type: application/json
        - content-length: 18

        at apiRequestContext.post: connect ECONNREFUSED ::1:4000
        at /home/tbaltzakis/cloudless.gr/e2e/public-api-deep.spec.ts:46:29

    attachment #1: screenshot (image/png) ──────────────────────────────────────────────────────────
    test-results/public-api-deep-POST-api-contact-—-malformed-JSON-rejected-mobile-chrome/test-failed-1.png
    ────────────────────────────────────────────────────────────────────────────────────────────────

    attachment #2: video (video/webm) ──────────────────────────────────────────────────────────────
    test-results/public-api-deep-POST-api-contact-—-malformed-JSON-rejected-mobile-chrome/video.webm
    ────────────────────────────────────────────────────────────────────────────────────────────────

    Error Context: test-results/public-api-deep-POST-api-contact-—-malformed-JSON-rejected-mobile-chrome/error-context.md

    Retry #1 ───────────────────────────────────────────────────────────────────────────────────────

    Error: apiRequestContext.post: connect ECONNREFUSED ::1:4000
    Call log:
      - → POST http://localhost:4000/api/contact
        - user-agent: Mozilla/5.0 (Linux; Android 14; Pixel 7) AppleWebKit/537.36 (KHTML, like Gecko) Chrome/151.0.7922.34 Mobile Safari/537.36
        - accept: */*
        - accept-encoding: gzip,deflate,br
        - Content-Type: application/json
        - content-length: 18

        at apiRequestContext.post: connect ECONNREFUSED ::1:4000
        at /home/tbaltzakis/cloudless.gr/e2e/public-api-deep.spec.ts:46:29

    attachment #1: screenshot (image/png) ──────────────────────────────────────────────────────────
    test-results/public-api-deep-POST-api-contact-—-malformed-JSON-rejected-mobile-chrome-retry1/test-failed-1.png
    ────────────────────────────────────────────────────────────────────────────────────────────────

    attachment #2: video (video/webm) ──────────────────────────────────────────────────────────────
    test-results/public-api-deep-POST-api-contact-—-malformed-JSON-rejected-mobile-chrome-retry1/video.webm
    ────────────────────────────────────────────────────────────────────────────────────────────────

    Error Context: test-results/public-api-deep-POST-api-contact-—-malformed-JSON-rejected-mobile-chrome-retry1/error-context.md

    attachment #4: trace (application/zip) ─────────────────────────────────────────────────────────
    test-results/public-api-deep-POST-api-contact-—-malformed-JSON-rejected-mobile-chrome-retry1/trace.zip
    Usage:

        npx playwright show-trace test-results/public-api-deep-POST-api-contact-—-malformed-JSON-rejected-mobile-chrome-retry1/trace.zip

    ────────────────────────────────────────────────────────────────────────────────────────────────

  1680) [mobile-chrome] › e2e/public-api-deep.spec.ts:39:7 › POST /api/subscribe — empty body rejected with 4xx 

    Error: apiRequestContext.post: connect ECONNREFUSED ::1:4000
    Call log:
      - → POST http://localhost:4000/api/subscribe
        - user-agent: Mozilla/5.0 (Linux; Android 14; Pixel 7) AppleWebKit/537.36 (KHTML, like Gecko) Chrome/151.0.7922.34 Mobile Safari/537.36
        - accept: */*
        - accept-encoding: gzip,deflate,br
        - content-type: application/json
        - content-length: 2

        at apiRequestContext.post: connect ECONNREFUSED ::1:4000
        at /home/tbaltzakis/cloudless.gr/e2e/public-api-deep.spec.ts:40:29

    attachment #1: screenshot (image/png) ──────────────────────────────────────────────────────────
    test-results/public-api-deep-POST-api-s-34bd5-mpty-body-rejected-with-4xx-mobile-chrome/test-failed-1.png
    ────────────────────────────────────────────────────────────────────────────────────────────────

    attachment #2: video (video/webm) ──────────────────────────────────────────────────────────────
    test-results/public-api-deep-POST-api-s-34bd5-mpty-body-rejected-with-4xx-mobile-chrome/video.webm
    ────────────────────────────────────────────────────────────────────────────────────────────────

    Error Context: test-results/public-api-deep-POST-api-s-34bd5-mpty-body-rejected-with-4xx-mobile-chrome/error-context.md

    Retry #1 ───────────────────────────────────────────────────────────────────────────────────────

    Error: apiRequestContext.post: connect ECONNREFUSED ::1:4000
    Call log:
      - → POST http://localhost:4000/api/subscribe
        - user-agent: Mozilla/5.0 (Linux; Android 14; Pixel 7) AppleWebKit/537.36 (KHTML, like Gecko) Chrome/151.0.7922.34 Mobile Safari/537.36
        - accept: */*
        - accept-encoding: gzip,deflate,br
        - content-type: application/json
        - content-length: 2

        at apiRequestContext.post: connect ECONNREFUSED ::1:4000
        at /home/tbaltzakis/cloudless.gr/e2e/public-api-deep.spec.ts:40:29

    attachment #1: screenshot (image/png) ──────────────────────────────────────────────────────────
    test-results/public-api-deep-POST-api-s-34bd5-mpty-body-rejected-with-4xx-mobile-chrome-retry1/test-failed-1.png
    ────────────────────────────────────────────────────────────────────────────────────────────────

    attachment #2: video (video/webm) ──────────────────────────────────────────────────────────────
    test-results/public-api-deep-POST-api-s-34bd5-mpty-body-rejected-with-4xx-mobile-chrome-retry1/video.webm
    ────────────────────────────────────────────────────────────────────────────────────────────────

    Error Context: test-results/public-api-deep-POST-api-s-34bd5-mpty-body-rejected-with-4xx-mobile-chrome-retry1/error-context.md

    attachment #4: trace (application/zip) ─────────────────────────────────────────────────────────
    test-results/public-api-deep-POST-api-s-34bd5-mpty-body-rejected-with-4xx-mobile-chrome-retry1/trace.zip
    Usage:

        npx playwright show-trace test-results/public-api-deep-POST-api-s-34bd5-mpty-body-rejected-with-4xx-mobile-chrome-retry1/trace.zip

    ────────────────────────────────────────────────────────────────────────────────────────────────

  1681) [mobile-chrome] › e2e/public-api-deep.spec.ts:45:7 › POST /api/subscribe — malformed JSON rejected 

    Error: apiRequestContext.post: connect ECONNREFUSED ::1:4000
    Call log:
      - → POST http://localhost:4000/api/subscribe
        - user-agent: Mozilla/5.0 (Linux; Android 14; Pixel 7) AppleWebKit/537.36 (KHTML, like Gecko) Chrome/151.0.7922.34 Mobile Safari/537.36
        - accept: */*
        - accept-encoding: gzip,deflate,br
        - Content-Type: application/json
        - content-length: 18

        at apiRequestContext.post: connect ECONNREFUSED ::1:4000
        at /home/tbaltzakis/cloudless.gr/e2e/public-api-deep.spec.ts:46:29

    attachment #1: screenshot (image/png) ──────────────────────────────────────────────────────────
    test-results/public-api-deep-POST-api-subscribe-—-malformed-JSON-rejected-mobile-chrome/test-failed-1.png
    ────────────────────────────────────────────────────────────────────────────────────────────────

    attachment #2: video (video/webm) ──────────────────────────────────────────────────────────────
    test-results/public-api-deep-POST-api-subscribe-—-malformed-JSON-rejected-mobile-chrome/video.webm
    ────────────────────────────────────────────────────────────────────────────────────────────────

    Error Context: test-results/public-api-deep-POST-api-subscribe-—-malformed-JSON-rejected-mobile-chrome/error-context.md

    Retry #1 ───────────────────────────────────────────────────────────────────────────────────────

    Error: apiRequestContext.post: connect ECONNREFUSED ::1:4000
    Call log:
      - → POST http://localhost:4000/api/subscribe
        - user-agent: Mozilla/5.0 (Linux; Android 14; Pixel 7) AppleWebKit/537.36 (KHTML, like Gecko) Chrome/151.0.7922.34 Mobile Safari/537.36
        - accept: */*
        - accept-encoding: gzip,deflate,br
        - Content-Type: application/json
        - content-length: 18

        at apiRequestContext.post: connect ECONNREFUSED ::1:4000
        at /home/tbaltzakis/cloudless.gr/e2e/public-api-deep.spec.ts:46:29

    attachment #1: screenshot (image/png) ──────────────────────────────────────────────────────────
    test-results/public-api-deep-POST-api-subscribe-—-malformed-JSON-rejected-mobile-chrome-retry1/test-failed-1.png
    ────────────────────────────────────────────────────────────────────────────────────────────────

    attachment #2: video (video/webm) ──────────────────────────────────────────────────────────────
    test-results/public-api-deep-POST-api-subscribe-—-malformed-JSON-rejected-mobile-chrome-retry1/video.webm
    ────────────────────────────────────────────────────────────────────────────────────────────────

    Error Context: test-results/public-api-deep-POST-api-subscribe-—-malformed-JSON-rejected-mobile-chrome-retry1/error-context.md

    attachment #4: trace (application/zip) ─────────────────────────────────────────────────────────
    test-results/public-api-deep-POST-api-subscribe-—-malformed-JSON-rejected-mobile-chrome-retry1/trace.zip
    Usage:

        npx playwright show-trace test-results/public-api-deep-POST-api-subscribe-—-malformed-JSON-rejected-mobile-chrome-retry1/trace.zip

    ────────────────────────────────────────────────────────────────────────────────────────────────

  1682) [mobile-chrome] › e2e/public-api-deep.spec.ts:39:7 › POST /api/unsubscribe — empty body rejected with 4xx 

    Error: apiRequestContext.post: connect ECONNREFUSED ::1:4000
    Call log:
      - → POST http://localhost:4000/api/unsubscribe
        - user-agent: Mozilla/5.0 (Linux; Android 14; Pixel 7) AppleWebKit/537.36 (KHTML, like Gecko) Chrome/151.0.7922.34 Mobile Safari/537.36
        - accept: */*
        - accept-encoding: gzip,deflate,br
        - content-type: application/json
        - content-length: 2

        at apiRequestContext.post: connect ECONNREFUSED ::1:4000
        at /home/tbaltzakis/cloudless.gr/e2e/public-api-deep.spec.ts:40:29

    attachment #1: screenshot (image/png) ──────────────────────────────────────────────────────────
    test-results/public-api-deep-POST-api-u-b2100-mpty-body-rejected-with-4xx-mobile-chrome/test-failed-1.png
    ────────────────────────────────────────────────────────────────────────────────────────────────

    attachment #2: video (video/webm) ──────────────────────────────────────────────────────────────
    test-results/public-api-deep-POST-api-u-b2100-mpty-body-rejected-with-4xx-mobile-chrome/video.webm
    ────────────────────────────────────────────────────────────────────────────────────────────────

    Error Context: test-results/public-api-deep-POST-api-u-b2100-mpty-body-rejected-with-4xx-mobile-chrome/error-context.md

    Retry #1 ───────────────────────────────────────────────────────────────────────────────────────

    Error: apiRequestContext.post: connect ECONNREFUSED ::1:4000
    Call log:
      - → POST http://localhost:4000/api/unsubscribe
        - user-agent: Mozilla/5.0 (Linux; Android 14; Pixel 7) AppleWebKit/537.36 (KHTML, like Gecko) Chrome/151.0.7922.34 Mobile Safari/537.36
        - accept: */*
        - accept-encoding: gzip,deflate,br
        - content-type: application/json
        - content-length: 2

        at apiRequestContext.post: connect ECONNREFUSED ::1:4000
        at /home/tbaltzakis/cloudless.gr/e2e/public-api-deep.spec.ts:40:29

    attachment #1: screenshot (image/png) ──────────────────────────────────────────────────────────
    test-results/public-api-deep-POST-api-u-b2100-mpty-body-rejected-with-4xx-mobile-chrome-retry1/test-failed-1.png
    ────────────────────────────────────────────────────────────────────────────────────────────────

    attachment #2: video (video/webm) ──────────────────────────────────────────────────────────────
    test-results/public-api-deep-POST-api-u-b2100-mpty-body-rejected-with-4xx-mobile-chrome-retry1/video.webm
    ────────────────────────────────────────────────────────────────────────────────────────────────

    Error Context: test-results/public-api-deep-POST-api-u-b2100-mpty-body-rejected-with-4xx-mobile-chrome-retry1/error-context.md

    attachment #4: trace (application/zip) ─────────────────────────────────────────────────────────
    test-results/public-api-deep-POST-api-u-b2100-mpty-body-rejected-with-4xx-mobile-chrome-retry1/trace.zip
    Usage:

        npx playwright show-trace test-results/public-api-deep-POST-api-u-b2100-mpty-body-rejected-with-4xx-mobile-chrome-retry1/trace.zip

    ────────────────────────────────────────────────────────────────────────────────────────────────

  1683) [mobile-chrome] › e2e/public-api-deep.spec.ts:45:7 › POST /api/unsubscribe — malformed JSON rejected 

    Error: apiRequestContext.post: connect ECONNREFUSED ::1:4000
    Call log:
      - → POST http://localhost:4000/api/unsubscribe
        - user-agent: Mozilla/5.0 (Linux; Android 14; Pixel 7) AppleWebKit/537.36 (KHTML, like Gecko) Chrome/151.0.7922.34 Mobile Safari/537.36
        - accept: */*
        - accept-encoding: gzip,deflate,br
        - Content-Type: application/json
        - content-length: 18

        at apiRequestContext.post: connect ECONNREFUSED ::1:4000
        at /home/tbaltzakis/cloudless.gr/e2e/public-api-deep.spec.ts:46:29

    attachment #1: screenshot (image/png) ──────────────────────────────────────────────────────────
    test-results/public-api-deep-POST-api-u-0cc24-e-—-malformed-JSON-rejected-mobile-chrome/test-failed-1.png
    ────────────────────────────────────────────────────────────────────────────────────────────────

    attachment #2: video (video/webm) ──────────────────────────────────────────────────────────────
    test-results/public-api-deep-POST-api-u-0cc24-e-—-malformed-JSON-rejected-mobile-chrome/video.webm
    ────────────────────────────────────────────────────────────────────────────────────────────────

    Error Context: test-results/public-api-deep-POST-api-u-0cc24-e-—-malformed-JSON-rejected-mobile-chrome/error-context.md

    Retry #1 ───────────────────────────────────────────────────────────────────────────────────────

    Error: apiRequestContext.post: connect ECONNREFUSED ::1:4000
    Call log:
      - → POST http://localhost:4000/api/unsubscribe
        - user-agent: Mozilla/5.0 (Linux; Android 14; Pixel 7) AppleWebKit/537.36 (KHTML, like Gecko) Chrome/151.0.7922.34 Mobile Safari/537.36
        - accept: */*
        - accept-encoding: gzip,deflate,br
        - Content-Type: application/json
        - content-length: 18

        at apiRequestContext.post: connect ECONNREFUSED ::1:4000
        at /home/tbaltzakis/cloudless.gr/e2e/public-api-deep.spec.ts:46:29

    attachment #1: screenshot (image/png) ──────────────────────────────────────────────────────────
    test-results/public-api-deep-POST-api-u-0cc24-e-—-malformed-JSON-rejected-mobile-chrome-retry1/test-failed-1.png
    ────────────────────────────────────────────────────────────────────────────────────────────────

    attachment #2: video (video/webm) ──────────────────────────────────────────────────────────────
    test-results/public-api-deep-POST-api-u-0cc24-e-—-malformed-JSON-rejected-mobile-chrome-retry1/video.webm
    ────────────────────────────────────────────────────────────────────────────────────────────────

    Error Context: test-results/public-api-deep-POST-api-u-0cc24-e-—-malformed-JSON-rejected-mobile-chrome-retry1/error-context.md

    attachment #4: trace (application/zip) ─────────────────────────────────────────────────────────
    test-results/public-api-deep-POST-api-u-0cc24-e-—-malformed-JSON-rejected-mobile-chrome-retry1/trace.zip
    Usage:

        npx playwright show-trace test-results/public-api-deep-POST-api-u-0cc24-e-—-malformed-JSON-rejected-mobile-chrome-retry1/trace.zip

    ────────────────────────────────────────────────────────────────────────────────────────────────

  1684) [mobile-chrome] › e2e/public-api-deep.spec.ts:39:7 › POST /api/calendar/book — empty body rejected with 4xx 

    Error: apiRequestContext.post: connect ECONNREFUSED ::1:4000
    Call log:
      - → POST http://localhost:4000/api/calendar/book
        - user-agent: Mozilla/5.0 (Linux; Android 14; Pixel 7) AppleWebKit/537.36 (KHTML, like Gecko) Chrome/151.0.7922.34 Mobile Safari/537.36
        - accept: */*
        - accept-encoding: gzip,deflate,br
        - content-type: application/json
        - content-length: 2

        at apiRequestContext.post: connect ECONNREFUSED ::1:4000
        at /home/tbaltzakis/cloudless.gr/e2e/public-api-deep.spec.ts:40:29

    attachment #1: screenshot (image/png) ──────────────────────────────────────────────────────────
    test-results/public-api-deep-POST-api-c-23b71-mpty-body-rejected-with-4xx-mobile-chrome/test-failed-1.png
    ────────────────────────────────────────────────────────────────────────────────────────────────

    attachment #2: video (video/webm) ──────────────────────────────────────────────────────────────
    test-results/public-api-deep-POST-api-c-23b71-mpty-body-rejected-with-4xx-mobile-chrome/video.webm
    ────────────────────────────────────────────────────────────────────────────────────────────────

    Error Context: test-results/public-api-deep-POST-api-c-23b71-mpty-body-rejected-with-4xx-mobile-chrome/error-context.md

    Retry #1 ───────────────────────────────────────────────────────────────────────────────────────

    Error: apiRequestContext.post: connect ECONNREFUSED ::1:4000
    Call log:
      - → POST http://localhost:4000/api/calendar/book
        - user-agent: Mozilla/5.0 (Linux; Android 14; Pixel 7) AppleWebKit/537.36 (KHTML, like Gecko) Chrome/151.0.7922.34 Mobile Safari/537.36
        - accept: */*
        - accept-encoding: gzip,deflate,br
        - content-type: application/json
        - content-length: 2

        at apiRequestContext.post: connect ECONNREFUSED ::1:4000
        at /home/tbaltzakis/cloudless.gr/e2e/public-api-deep.spec.ts:40:29

    attachment #1: screenshot (image/png) ──────────────────────────────────────────────────────────
    test-results/public-api-deep-POST-api-c-23b71-mpty-body-rejected-with-4xx-mobile-chrome-retry1/test-failed-1.png
    ────────────────────────────────────────────────────────────────────────────────────────────────

    attachment #2: video (video/webm) ──────────────────────────────────────────────────────────────
    test-results/public-api-deep-POST-api-c-23b71-mpty-body-rejected-with-4xx-mobile-chrome-retry1/video.webm
    ────────────────────────────────────────────────────────────────────────────────────────────────

    Error Context: test-results/public-api-deep-POST-api-c-23b71-mpty-body-rejected-with-4xx-mobile-chrome-retry1/error-context.md

    attachment #4: trace (application/zip) ─────────────────────────────────────────────────────────
    test-results/public-api-deep-POST-api-c-23b71-mpty-body-rejected-with-4xx-mobile-chrome-retry1/trace.zip
    Usage:

        npx playwright show-trace test-results/public-api-deep-POST-api-c-23b71-mpty-body-rejected-with-4xx-mobile-chrome-retry1/trace.zip

    ────────────────────────────────────────────────────────────────────────────────────────────────

  1685) [mobile-chrome] › e2e/public-api-deep.spec.ts:45:7 › POST /api/calendar/book — malformed JSON rejected 

    Error: apiRequestContext.post: connect ECONNREFUSED ::1:4000
    Call log:
      - → POST http://localhost:4000/api/calendar/book
        - user-agent: Mozilla/5.0 (Linux; Android 14; Pixel 7) AppleWebKit/537.36 (KHTML, like Gecko) Chrome/151.0.7922.34 Mobile Safari/537.36
        - accept: */*
        - accept-encoding: gzip,deflate,br
        - Content-Type: application/json
        - content-length: 18

        at apiRequestContext.post: connect ECONNREFUSED ::1:4000
        at /home/tbaltzakis/cloudless.gr/e2e/public-api-deep.spec.ts:46:29

    attachment #1: screenshot (image/png) ──────────────────────────────────────────────────────────
    test-results/public-api-deep-POST-api-c-b0555-k-—-malformed-JSON-rejected-mobile-chrome/test-failed-1.png
    ────────────────────────────────────────────────────────────────────────────────────────────────

    attachment #2: video (video/webm) ──────────────────────────────────────────────────────────────
    test-results/public-api-deep-POST-api-c-b0555-k-—-malformed-JSON-rejected-mobile-chrome/video.webm
    ────────────────────────────────────────────────────────────────────────────────────────────────

    Error Context: test-results/public-api-deep-POST-api-c-b0555-k-—-malformed-JSON-rejected-mobile-chrome/error-context.md

    Retry #1 ───────────────────────────────────────────────────────────────────────────────────────

    Error: apiRequestContext.post: connect ECONNREFUSED ::1:4000
    Call log:
      - → POST http://localhost:4000/api/calendar/book
        - user-agent: Mozilla/5.0 (Linux; Android 14; Pixel 7) AppleWebKit/537.36 (KHTML, like Gecko) Chrome/151.0.7922.34 Mobile Safari/537.36
        - accept: */*
        - accept-encoding: gzip,deflate,br
        - Content-Type: application/json
        - content-length: 18

        at apiRequestContext.post: connect ECONNREFUSED ::1:4000
        at /home/tbaltzakis/cloudless.gr/e2e/public-api-deep.spec.ts:46:29

    attachment #1: screenshot (image/png) ──────────────────────────────────────────────────────────
    test-results/public-api-deep-POST-api-c-b0555-k-—-malformed-JSON-rejected-mobile-chrome-retry1/test-failed-1.png
    ────────────────────────────────────────────────────────────────────────────────────────────────

    attachment #2: video (video/webm) ──────────────────────────────────────────────────────────────
    test-results/public-api-deep-POST-api-c-b0555-k-—-malformed-JSON-rejected-mobile-chrome-retry1/video.webm
    ────────────────────────────────────────────────────────────────────────────────────────────────

    Error Context: test-results/public-api-deep-POST-api-c-b0555-k-—-malformed-JSON-rejected-mobile-chrome-retry1/error-context.md

    attachment #4: trace (application/zip) ─────────────────────────────────────────────────────────
    test-results/public-api-deep-POST-api-c-b0555-k-—-malformed-JSON-rejected-mobile-chrome-retry1/trace.zip
    Usage:

        npx playwright show-trace test-results/public-api-deep-POST-api-c-b0555-k-—-malformed-JSON-rejected-mobile-chrome-retry1/trace.zip

    ────────────────────────────────────────────────────────────────────────────────────────────────

  1686) [mobile-chrome] › e2e/public-api-deep.spec.ts:39:7 › POST /api/checkout — empty body rejected with 4xx 

    Error: apiRequestContext.post: connect ECONNREFUSED ::1:4000
    Call log:
      - → POST http://localhost:4000/api/checkout
        - user-agent: Mozilla/5.0 (Linux; Android 14; Pixel 7) AppleWebKit/537.36 (KHTML, like Gecko) Chrome/151.0.7922.34 Mobile Safari/537.36
        - accept: */*
        - accept-encoding: gzip,deflate,br
        - content-type: application/json
        - content-length: 2

        at apiRequestContext.post: connect ECONNREFUSED ::1:4000
        at /home/tbaltzakis/cloudless.gr/e2e/public-api-deep.spec.ts:40:29

    attachment #1: screenshot (image/png) ──────────────────────────────────────────────────────────
    test-results/public-api-deep-POST-api-c-5a688-mpty-body-rejected-with-4xx-mobile-chrome/test-failed-1.png
    ────────────────────────────────────────────────────────────────────────────────────────────────

    attachment #2: video (video/webm) ──────────────────────────────────────────────────────────────
    test-results/public-api-deep-POST-api-c-5a688-mpty-body-rejected-with-4xx-mobile-chrome/video.webm
    ────────────────────────────────────────────────────────────────────────────────────────────────

    Error Context: test-results/public-api-deep-POST-api-c-5a688-mpty-body-rejected-with-4xx-mobile-chrome/error-context.md

    Retry #1 ───────────────────────────────────────────────────────────────────────────────────────

    Error: apiRequestContext.post: connect ECONNREFUSED ::1:4000
    Call log:
      - → POST http://localhost:4000/api/checkout
        - user-agent: Mozilla/5.0 (Linux; Android 14; Pixel 7) AppleWebKit/537.36 (KHTML, like Gecko) Chrome/151.0.7922.34 Mobile Safari/537.36
        - accept: */*
        - accept-encoding: gzip,deflate,br
        - content-type: application/json
        - content-length: 2

        at apiRequestContext.post: connect ECONNREFUSED ::1:4000
        at /home/tbaltzakis/cloudless.gr/e2e/public-api-deep.spec.ts:40:29

    attachment #1: screenshot (image/png) ──────────────────────────────────────────────────────────
    test-results/public-api-deep-POST-api-c-5a688-mpty-body-rejected-with-4xx-mobile-chrome-retry1/test-failed-1.png
    ────────────────────────────────────────────────────────────────────────────────────────────────

    attachment #2: video (video/webm) ──────────────────────────────────────────────────────────────
    test-results/public-api-deep-POST-api-c-5a688-mpty-body-rejected-with-4xx-mobile-chrome-retry1/video.webm
    ────────────────────────────────────────────────────────────────────────────────────────────────

    Error Context: test-results/public-api-deep-POST-api-c-5a688-mpty-body-rejected-with-4xx-mobile-chrome-retry1/error-context.md

    attachment #4: trace (application/zip) ─────────────────────────────────────────────────────────
    test-results/public-api-deep-POST-api-c-5a688-mpty-body-rejected-with-4xx-mobile-chrome-retry1/trace.zip
    Usage:

        npx playwright show-trace test-results/public-api-deep-POST-api-c-5a688-mpty-body-rejected-with-4xx-mobile-chrome-retry1/trace.zip

    ────────────────────────────────────────────────────────────────────────────────────────────────

  1687) [mobile-chrome] › e2e/public-api-deep.spec.ts:45:7 › POST /api/checkout — malformed JSON rejected 

    Error: apiRequestContext.post: connect ECONNREFUSED ::1:4000
    Call log:
      - → POST http://localhost:4000/api/checkout
        - user-agent: Mozilla/5.0 (Linux; Android 14; Pixel 7) AppleWebKit/537.36 (KHTML, like Gecko) Chrome/151.0.7922.34 Mobile Safari/537.36
        - accept: */*
        - accept-encoding: gzip,deflate,br
        - Content-Type: application/json
        - content-length: 18

        at apiRequestContext.post: connect ECONNREFUSED ::1:4000
        at /home/tbaltzakis/cloudless.gr/e2e/public-api-deep.spec.ts:46:29

    attachment #1: screenshot (image/png) ──────────────────────────────────────────────────────────
    test-results/public-api-deep-POST-api-checkout-—-malformed-JSON-rejected-mobile-chrome/test-failed-1.png
    ────────────────────────────────────────────────────────────────────────────────────────────────

    attachment #2: video (video/webm) ──────────────────────────────────────────────────────────────
    test-results/public-api-deep-POST-api-checkout-—-malformed-JSON-rejected-mobile-chrome/video.webm
    ────────────────────────────────────────────────────────────────────────────────────────────────

    Error Context: test-results/public-api-deep-POST-api-checkout-—-malformed-JSON-rejected-mobile-chrome/error-context.md

    Retry #1 ───────────────────────────────────────────────────────────────────────────────────────

    Error: apiRequestContext.post: connect ECONNREFUSED ::1:4000
    Call log:
      - → POST http://localhost:4000/api/checkout
        - user-agent: Mozilla/5.0 (Linux; Android 14; Pixel 7) AppleWebKit/537.36 (KHTML, like Gecko) Chrome/151.0.7922.34 Mobile Safari/537.36
        - accept: */*
        - accept-encoding: gzip,deflate,br
        - Content-Type: application/json
        - content-length: 18

        at apiRequestContext.post: connect ECONNREFUSED ::1:4000
        at /home/tbaltzakis/cloudless.gr/e2e/public-api-deep.spec.ts:46:29

    attachment #1: screenshot (image/png) ──────────────────────────────────────────────────────────
    test-results/public-api-deep-POST-api-checkout-—-malformed-JSON-rejected-mobile-chrome-retry1/test-failed-1.png
    ────────────────────────────────────────────────────────────────────────────────────────────────

    attachment #2: video (video/webm) ──────────────────────────────────────────────────────────────
    test-results/public-api-deep-POST-api-checkout-—-malformed-JSON-rejected-mobile-chrome-retry1/video.webm
    ────────────────────────────────────────────────────────────────────────────────────────────────

    Error Context: test-results/public-api-deep-POST-api-checkout-—-malformed-JSON-rejected-mobile-chrome-retry1/error-context.md

    attachment #4: trace (application/zip) ─────────────────────────────────────────────────────────
    test-results/public-api-deep-POST-api-checkout-—-malformed-JSON-rejected-mobile-chrome-retry1/trace.zip
    Usage:

        npx playwright show-trace test-results/public-api-deep-POST-api-checkout-—-malformed-JSON-rejected-mobile-chrome-retry1/trace.zip

    ────────────────────────────────────────────────────────────────────────────────────────────────

  1688) [mobile-chrome] › e2e/public-api-deep.spec.ts:39:7 › POST /api/track — empty body rejected with 4xx 

    Error: apiRequestContext.post: connect ECONNREFUSED ::1:4000
    Call log:
      - → POST http://localhost:4000/api/track
        - user-agent: Mozilla/5.0 (Linux; Android 14; Pixel 7) AppleWebKit/537.36 (KHTML, like Gecko) Chrome/151.0.7922.34 Mobile Safari/537.36
        - accept: */*
        - accept-encoding: gzip,deflate,br
        - content-type: application/json
        - content-length: 2

        at apiRequestContext.post: connect ECONNREFUSED ::1:4000
        at /home/tbaltzakis/cloudless.gr/e2e/public-api-deep.spec.ts:40:29

    attachment #1: screenshot (image/png) ──────────────────────────────────────────────────────────
    test-results/public-api-deep-POST-api-t-89812-mpty-body-rejected-with-4xx-mobile-chrome/test-failed-1.png
    ────────────────────────────────────────────────────────────────────────────────────────────────

    attachment #2: video (video/webm) ──────────────────────────────────────────────────────────────
    test-results/public-api-deep-POST-api-t-89812-mpty-body-rejected-with-4xx-mobile-chrome/video.webm
    ────────────────────────────────────────────────────────────────────────────────────────────────

    Error Context: test-results/public-api-deep-POST-api-t-89812-mpty-body-rejected-with-4xx-mobile-chrome/error-context.md

    Retry #1 ───────────────────────────────────────────────────────────────────────────────────────

    Error: apiRequestContext.post: connect ECONNREFUSED ::1:4000
    Call log:
      - → POST http://localhost:4000/api/track
        - user-agent: Mozilla/5.0 (Linux; Android 14; Pixel 7) AppleWebKit/537.36 (KHTML, like Gecko) Chrome/151.0.7922.34 Mobile Safari/537.36
        - accept: */*
        - accept-encoding: gzip,deflate,br
        - content-type: application/json
        - content-length: 2

        at apiRequestContext.post: connect ECONNREFUSED ::1:4000
        at /home/tbaltzakis/cloudless.gr/e2e/public-api-deep.spec.ts:40:29

    attachment #1: screenshot (image/png) ──────────────────────────────────────────────────────────
    test-results/public-api-deep-POST-api-t-89812-mpty-body-rejected-with-4xx-mobile-chrome-retry1/test-failed-1.png
    ────────────────────────────────────────────────────────────────────────────────────────────────

    attachment #2: video (video/webm) ──────────────────────────────────────────────────────────────
    test-results/public-api-deep-POST-api-t-89812-mpty-body-rejected-with-4xx-mobile-chrome-retry1/video.webm
    ────────────────────────────────────────────────────────────────────────────────────────────────

    Error Context: test-results/public-api-deep-POST-api-t-89812-mpty-body-rejected-with-4xx-mobile-chrome-retry1/error-context.md

    attachment #4: trace (application/zip) ─────────────────────────────────────────────────────────
    test-results/public-api-deep-POST-api-t-89812-mpty-body-rejected-with-4xx-mobile-chrome-retry1/trace.zip
    Usage:

        npx playwright show-trace test-results/public-api-deep-POST-api-t-89812-mpty-body-rejected-with-4xx-mobile-chrome-retry1/trace.zip

    ────────────────────────────────────────────────────────────────────────────────────────────────

  1689) [mobile-chrome] › e2e/public-api-deep.spec.ts:45:7 › POST /api/track — malformed JSON rejected 

    Error: apiRequestContext.post: connect ECONNREFUSED ::1:4000
    Call log:
      - → POST http://localhost:4000/api/track
        - user-agent: Mozilla/5.0 (Linux; Android 14; Pixel 7) AppleWebKit/537.36 (KHTML, like Gecko) Chrome/151.0.7922.34 Mobile Safari/537.36
        - accept: */*
        - accept-encoding: gzip,deflate,br
        - Content-Type: application/json
        - content-length: 18

        at apiRequestContext.post: connect ECONNREFUSED ::1:4000
        at /home/tbaltzakis/cloudless.gr/e2e/public-api-deep.spec.ts:46:29

    attachment #1: screenshot (image/png) ──────────────────────────────────────────────────────────
    test-results/public-api-deep-POST-api-track-—-malformed-JSON-rejected-mobile-chrome/test-failed-1.png
    ────────────────────────────────────────────────────────────────────────────────────────────────

    attachment #2: video (video/webm) ──────────────────────────────────────────────────────────────
    test-results/public-api-deep-POST-api-track-—-malformed-JSON-rejected-mobile-chrome/video.webm
    ────────────────────────────────────────────────────────────────────────────────────────────────

    Error Context: test-results/public-api-deep-POST-api-track-—-malformed-JSON-rejected-mobile-chrome/error-context.md

    Retry #1 ───────────────────────────────────────────────────────────────────────────────────────

    Error: apiRequestContext.post: connect ECONNREFUSED ::1:4000
    Call log:
      - → POST http://localhost:4000/api/track
        - user-agent: Mozilla/5.0 (Linux; Android 14; Pixel 7) AppleWebKit/537.36 (KHTML, like Gecko) Chrome/151.0.7922.34 Mobile Safari/537.36
        - accept: */*
        - accept-encoding: gzip,deflate,br
        - Content-Type: application/json
        - content-length: 18

        at apiRequestContext.post: connect ECONNREFUSED ::1:4000
        at /home/tbaltzakis/cloudless.gr/e2e/public-api-deep.spec.ts:46:29

    attachment #1: screenshot (image/png) ──────────────────────────────────────────────────────────
    test-results/public-api-deep-POST-api-track-—-malformed-JSON-rejected-mobile-chrome-retry1/test-failed-1.png
    ────────────────────────────────────────────────────────────────────────────────────────────────

    attachment #2: video (video/webm) ──────────────────────────────────────────────────────────────
    test-results/public-api-deep-POST-api-track-—-malformed-JSON-rejected-mobile-chrome-retry1/video.webm
    ────────────────────────────────────────────────────────────────────────────────────────────────

    Error Context: test-results/public-api-deep-POST-api-track-—-malformed-JSON-rejected-mobile-chrome-retry1/error-context.md

    attachment #4: trace (application/zip) ─────────────────────────────────────────────────────────
    test-results/public-api-deep-POST-api-track-—-malformed-JSON-rejected-mobile-chrome-retry1/trace.zip
    Usage:

        npx playwright show-trace test-results/public-api-deep-POST-api-track-—-malformed-JSON-rejected-mobile-chrome-retry1/trace.zip

    ────────────────────────────────────────────────────────────────────────────────────────────────

  1690) [mobile-chrome] › e2e/public-api-deep.spec.ts:39:7 › POST /api/csp-report — empty body rejected with 4xx 

    Error: apiRequestContext.post: connect ECONNREFUSED ::1:4000
    Call log:
      - → POST http://localhost:4000/api/csp-report
        - user-agent: Mozilla/5.0 (Linux; Android 14; Pixel 7) AppleWebKit/537.36 (KHTML, like Gecko) Chrome/151.0.7922.34 Mobile Safari/537.36
        - accept: */*
        - accept-encoding: gzip,deflate,br
        - content-type: application/json
        - content-length: 2

        at apiRequestContext.post: connect ECONNREFUSED ::1:4000
        at /home/tbaltzakis/cloudless.gr/e2e/public-api-deep.spec.ts:40:29

    attachment #1: screenshot (image/png) ──────────────────────────────────────────────────────────
    test-results/public-api-deep-POST-api-c-4cf97-mpty-body-rejected-with-4xx-mobile-chrome/test-failed-1.png
    ────────────────────────────────────────────────────────────────────────────────────────────────

    attachment #2: video (video/webm) ──────────────────────────────────────────────────────────────
    test-results/public-api-deep-POST-api-c-4cf97-mpty-body-rejected-with-4xx-mobile-chrome/video.webm
    ────────────────────────────────────────────────────────────────────────────────────────────────

    Error Context: test-results/public-api-deep-POST-api-c-4cf97-mpty-body-rejected-with-4xx-mobile-chrome/error-context.md

    Retry #1 ───────────────────────────────────────────────────────────────────────────────────────

    Error: apiRequestContext.post: connect ECONNREFUSED ::1:4000
    Call log:
      - → POST http://localhost:4000/api/csp-report
        - user-agent: Mozilla/5.0 (Linux; Android 14; Pixel 7) AppleWebKit/537.36 (KHTML, like Gecko) Chrome/151.0.7922.34 Mobile Safari/537.36
        - accept: */*
        - accept-encoding: gzip,deflate,br
        - content-type: application/json
        - content-length: 2

        at apiRequestContext.post: connect ECONNREFUSED ::1:4000
        at /home/tbaltzakis/cloudless.gr/e2e/public-api-deep.spec.ts:40:29

    attachment #1: screenshot (image/png) ──────────────────────────────────────────────────────────
    test-results/public-api-deep-POST-api-c-4cf97-mpty-body-rejected-with-4xx-mobile-chrome-retry1/test-failed-1.png
    ────────────────────────────────────────────────────────────────────────────────────────────────

    attachment #2: video (video/webm) ──────────────────────────────────────────────────────────────
    test-results/public-api-deep-POST-api-c-4cf97-mpty-body-rejected-with-4xx-mobile-chrome-retry1/video.webm
    ────────────────────────────────────────────────────────────────────────────────────────────────

    Error Context: test-results/public-api-deep-POST-api-c-4cf97-mpty-body-rejected-with-4xx-mobile-chrome-retry1/error-context.md

    attachment #4: trace (application/zip) ─────────────────────────────────────────────────────────
    test-results/public-api-deep-POST-api-c-4cf97-mpty-body-rejected-with-4xx-mobile-chrome-retry1/trace.zip
    Usage:

        npx playwright show-trace test-results/public-api-deep-POST-api-c-4cf97-mpty-body-rejected-with-4xx-mobile-chrome-retry1/trace.zip

    ────────────────────────────────────────────────────────────────────────────────────────────────

  1691) [mobile-chrome] › e2e/public-api-deep.spec.ts:45:7 › POST /api/csp-report — malformed JSON rejected 

    Error: apiRequestContext.post: connect ECONNREFUSED ::1:4000
    Call log:
      - → POST http://localhost:4000/api/csp-report
        - user-agent: Mozilla/5.0 (Linux; Android 14; Pixel 7) AppleWebKit/537.36 (KHTML, like Gecko) Chrome/151.0.7922.34 Mobile Safari/537.36
        - accept: */*
        - accept-encoding: gzip,deflate,br
        - Content-Type: application/json
        - content-length: 18

        at apiRequestContext.post: connect ECONNREFUSED ::1:4000
        at /home/tbaltzakis/cloudless.gr/e2e/public-api-deep.spec.ts:46:29

    attachment #1: screenshot (image/png) ──────────────────────────────────────────────────────────
    test-results/public-api-deep-POST-api-c-0734f-t-—-malformed-JSON-rejected-mobile-chrome/test-failed-1.png
    ────────────────────────────────────────────────────────────────────────────────────────────────

    attachment #2: video (video/webm) ──────────────────────────────────────────────────────────────
    test-results/public-api-deep-POST-api-c-0734f-t-—-malformed-JSON-rejected-mobile-chrome/video.webm
    ────────────────────────────────────────────────────────────────────────────────────────────────

    Error Context: test-results/public-api-deep-POST-api-c-0734f-t-—-malformed-JSON-rejected-mobile-chrome/error-context.md

    Retry #1 ───────────────────────────────────────────────────────────────────────────────────────

    Error: apiRequestContext.post: connect ECONNREFUSED ::1:4000
    Call log:
      - → POST http://localhost:4000/api/csp-report
        - user-agent: Mozilla/5.0 (Linux; Android 14; Pixel 7) AppleWebKit/537.36 (KHTML, like Gecko) Chrome/151.0.7922.34 Mobile Safari/537.36
        - accept: */*
        - accept-encoding: gzip,deflate,br
        - Content-Type: application/json
        - content-length: 18

        at apiRequestContext.post: connect ECONNREFUSED ::1:4000
        at /home/tbaltzakis/cloudless.gr/e2e/public-api-deep.spec.ts:46:29

    attachment #1: screenshot (image/png) ──────────────────────────────────────────────────────────
    test-results/public-api-deep-POST-api-c-0734f-t-—-malformed-JSON-rejected-mobile-chrome-retry1/test-failed-1.png
    ────────────────────────────────────────────────────────────────────────────────────────────────

    attachment #2: video (video/webm) ──────────────────────────────────────────────────────────────
    test-results/public-api-deep-POST-api-c-0734f-t-—-malformed-JSON-rejected-mobile-chrome-retry1/video.webm
    ────────────────────────────────────────────────────────────────────────────────────────────────

    Error Context: test-results/public-api-deep-POST-api-c-0734f-t-—-malformed-JSON-rejected-mobile-chrome-retry1/error-context.md

    attachment #4: trace (application/zip) ─────────────────────────────────────────────────────────
    test-results/public-api-deep-POST-api-c-0734f-t-—-malformed-JSON-rejected-mobile-chrome-retry1/trace.zip
    Usage:

        npx playwright show-trace test-results/public-api-deep-POST-api-c-0734f-t-—-malformed-JSON-rejected-mobile-chrome-retry1/trace.zip

    ────────────────────────────────────────────────────────────────────────────────────────────────

  1692) [mobile-chrome] › e2e/public-api-deep.spec.ts:39:7 › POST /api/crm/contact — empty body rejected with 4xx 

    Error: apiRequestContext.post: connect ECONNREFUSED ::1:4000
    Call log:
      - → POST http://localhost:4000/api/crm/contact
        - user-agent: Mozilla/5.0 (Linux; Android 14; Pixel 7) AppleWebKit/537.36 (KHTML, like Gecko) Chrome/151.0.7922.34 Mobile Safari/537.36
        - accept: */*
        - accept-encoding: gzip,deflate,br
        - content-type: application/json
        - content-length: 2

        at apiRequestContext.post: connect ECONNREFUSED ::1:4000
        at /home/tbaltzakis/cloudless.gr/e2e/public-api-deep.spec.ts:40:29

    attachment #1: screenshot (image/png) ──────────────────────────────────────────────────────────
    test-results/public-api-deep-POST-api-c-f14ca-mpty-body-rejected-with-4xx-mobile-chrome/test-failed-1.png
    ────────────────────────────────────────────────────────────────────────────────────────────────

    attachment #2: video (video/webm) ──────────────────────────────────────────────────────────────
    test-results/public-api-deep-POST-api-c-f14ca-mpty-body-rejected-with-4xx-mobile-chrome/video.webm
    ────────────────────────────────────────────────────────────────────────────────────────────────

    Error Context: test-results/public-api-deep-POST-api-c-f14ca-mpty-body-rejected-with-4xx-mobile-chrome/error-context.md

    Retry #1 ───────────────────────────────────────────────────────────────────────────────────────

    Error: apiRequestContext.post: connect ECONNREFUSED ::1:4000
    Call log:
      - → POST http://localhost:4000/api/crm/contact
        - user-agent: Mozilla/5.0 (Linux; Android 14; Pixel 7) AppleWebKit/537.36 (KHTML, like Gecko) Chrome/151.0.7922.34 Mobile Safari/537.36
        - accept: */*
        - accept-encoding: gzip,deflate,br
        - content-type: application/json
        - content-length: 2

        at apiRequestContext.post: connect ECONNREFUSED ::1:4000
        at /home/tbaltzakis/cloudless.gr/e2e/public-api-deep.spec.ts:40:29

    attachment #1: screenshot (image/png) ──────────────────────────────────────────────────────────
    test-results/public-api-deep-POST-api-c-f14ca-mpty-body-rejected-with-4xx-mobile-chrome-retry1/test-failed-1.png
    ────────────────────────────────────────────────────────────────────────────────────────────────

    attachment #2: video (video/webm) ──────────────────────────────────────────────────────────────
    test-results/public-api-deep-POST-api-c-f14ca-mpty-body-rejected-with-4xx-mobile-chrome-retry1/video.webm
    ────────────────────────────────────────────────────────────────────────────────────────────────

    Error Context: test-results/public-api-deep-POST-api-c-f14ca-mpty-body-rejected-with-4xx-mobile-chrome-retry1/error-context.md

    attachment #4: trace (application/zip) ─────────────────────────────────────────────────────────
    test-results/public-api-deep-POST-api-c-f14ca-mpty-body-rejected-with-4xx-mobile-chrome-retry1/trace.zip
    Usage:

        npx playwright show-trace test-results/public-api-deep-POST-api-c-f14ca-mpty-body-rejected-with-4xx-mobile-chrome-retry1/trace.zip

    ────────────────────────────────────────────────────────────────────────────────────────────────

  1693) [mobile-chrome] › e2e/public-api-deep.spec.ts:45:7 › POST /api/crm/contact — malformed JSON rejected 

    Error: apiRequestContext.post: connect ECONNREFUSED ::1:4000
    Call log:
      - → POST http://localhost:4000/api/crm/contact
        - user-agent: Mozilla/5.0 (Linux; Android 14; Pixel 7) AppleWebKit/537.36 (KHTML, like Gecko) Chrome/151.0.7922.34 Mobile Safari/537.36
        - accept: */*
        - accept-encoding: gzip,deflate,br
        - Content-Type: application/json
        - content-length: 18

        at apiRequestContext.post: connect ECONNREFUSED ::1:4000
        at /home/tbaltzakis/cloudless.gr/e2e/public-api-deep.spec.ts:46:29

    attachment #1: screenshot (image/png) ──────────────────────────────────────────────────────────
    test-results/public-api-deep-POST-api-c-4d839-t-—-malformed-JSON-rejected-mobile-chrome/test-failed-1.png
    ────────────────────────────────────────────────────────────────────────────────────────────────

    attachment #2: video (video/webm) ──────────────────────────────────────────────────────────────
    test-results/public-api-deep-POST-api-c-4d839-t-—-malformed-JSON-rejected-mobile-chrome/video.webm
    ────────────────────────────────────────────────────────────────────────────────────────────────

    Error Context: test-results/public-api-deep-POST-api-c-4d839-t-—-malformed-JSON-rejected-mobile-chrome/error-context.md

    Retry #1 ───────────────────────────────────────────────────────────────────────────────────────

    Error: apiRequestContext.post: connect ECONNREFUSED ::1:4000
    Call log:
      - → POST http://localhost:4000/api/crm/contact
        - user-agent: Mozilla/5.0 (Linux; Android 14; Pixel 7) AppleWebKit/537.36 (KHTML, like Gecko) Chrome/151.0.7922.34 Mobile Safari/537.36
        - accept: */*
        - accept-encoding: gzip,deflate,br
        - Content-Type: application/json
        - content-length: 18

        at apiRequestContext.post: connect ECONNREFUSED ::1:4000
        at /home/tbaltzakis/cloudless.gr/e2e/public-api-deep.spec.ts:46:29

    attachment #1: screenshot (image/png) ──────────────────────────────────────────────────────────
    test-results/public-api-deep-POST-api-c-4d839-t-—-malformed-JSON-rejected-mobile-chrome-retry1/test-failed-1.png
    ────────────────────────────────────────────────────────────────────────────────────────────────

    attachment #2: video (video/webm) ──────────────────────────────────────────────────────────────
    test-results/public-api-deep-POST-api-c-4d839-t-—-malformed-JSON-rejected-mobile-chrome-retry1/video.webm
    ────────────────────────────────────────────────────────────────────────────────────────────────

    Error Context: test-results/public-api-deep-POST-api-c-4d839-t-—-malformed-JSON-rejected-mobile-chrome-retry1/error-context.md

    attachment #4: trace (application/zip) ─────────────────────────────────────────────────────────
    test-results/public-api-deep-POST-api-c-4d839-t-—-malformed-JSON-rejected-mobile-chrome-retry1/trace.zip
    Usage:

        npx playwright show-trace test-results/public-api-deep-POST-api-c-4d839-t-—-malformed-JSON-rejected-mobile-chrome-retry1/trace.zip

    ────────────────────────────────────────────────────────────────────────────────────────────────

  1694) [mobile-chrome] › e2e/public-api-deep.spec.ts:39:7 › POST /api/notion-image — empty body rejected with 4xx 

    Error: apiRequestContext.post: connect ECONNREFUSED ::1:4000
    Call log:
      - → POST http://localhost:4000/api/notion-image
        - user-agent: Mozilla/5.0 (Linux; Android 14; Pixel 7) AppleWebKit/537.36 (KHTML, like Gecko) Chrome/151.0.7922.34 Mobile Safari/537.36
        - accept: */*
        - accept-encoding: gzip,deflate,br
        - content-type: application/json
        - content-length: 2

        at apiRequestContext.post: connect ECONNREFUSED ::1:4000
        at /home/tbaltzakis/cloudless.gr/e2e/public-api-deep.spec.ts:40:29

    attachment #1: screenshot (image/png) ──────────────────────────────────────────────────────────
    test-results/public-api-deep-POST-api-n-354f2-mpty-body-rejected-with-4xx-mobile-chrome/test-failed-1.png
    ────────────────────────────────────────────────────────────────────────────────────────────────

    attachment #2: video (video/webm) ──────────────────────────────────────────────────────────────
    test-results/public-api-deep-POST-api-n-354f2-mpty-body-rejected-with-4xx-mobile-chrome/video.webm
    ────────────────────────────────────────────────────────────────────────────────────────────────

    Error Context: test-results/public-api-deep-POST-api-n-354f2-mpty-body-rejected-with-4xx-mobile-chrome/error-context.md

    Retry #1 ───────────────────────────────────────────────────────────────────────────────────────

    Error: apiRequestContext.post: connect ECONNREFUSED ::1:4000
    Call log:
      - → POST http://localhost:4000/api/notion-image
        - user-agent: Mozilla/5.0 (Linux; Android 14; Pixel 7) AppleWebKit/537.36 (KHTML, like Gecko) Chrome/151.0.7922.34 Mobile Safari/537.36
        - accept: */*
        - accept-encoding: gzip,deflate,br
        - content-type: application/json
        - content-length: 2

        at apiRequestContext.post: connect ECONNREFUSED ::1:4000
        at /home/tbaltzakis/cloudless.gr/e2e/public-api-deep.spec.ts:40:29

    attachment #1: screenshot (image/png) ──────────────────────────────────────────────────────────
    test-results/public-api-deep-POST-api-n-354f2-mpty-body-rejected-with-4xx-mobile-chrome-retry1/test-failed-1.png
    ────────────────────────────────────────────────────────────────────────────────────────────────

    attachment #2: video (video/webm) ──────────────────────────────────────────────────────────────
    test-results/public-api-deep-POST-api-n-354f2-mpty-body-rejected-with-4xx-mobile-chrome-retry1/video.webm
    ────────────────────────────────────────────────────────────────────────────────────────────────

    Error Context: test-results/public-api-deep-POST-api-n-354f2-mpty-body-rejected-with-4xx-mobile-chrome-retry1/error-context.md

    attachment #4: trace (application/zip) ─────────────────────────────────────────────────────────
    test-results/public-api-deep-POST-api-n-354f2-mpty-body-rejected-with-4xx-mobile-chrome-retry1/trace.zip
    Usage:

        npx playwright show-trace test-results/public-api-deep-POST-api-n-354f2-mpty-body-rejected-with-4xx-mobile-chrome-retry1/trace.zip

    ────────────────────────────────────────────────────────────────────────────────────────────────

  1695) [mobile-chrome] › e2e/public-api-deep.spec.ts:45:7 › POST /api/notion-image — malformed JSON rejected 

    Error: apiRequestContext.post: connect ECONNREFUSED ::1:4000
    Call log:
      - → POST http://localhost:4000/api/notion-image
        - user-agent: Mozilla/5.0 (Linux; Android 14; Pixel 7) AppleWebKit/537.36 (KHTML, like Gecko) Chrome/151.0.7922.34 Mobile Safari/537.36
        - accept: */*
        - accept-encoding: gzip,deflate,br
        - Content-Type: application/json
        - content-length: 18

        at apiRequestContext.post: connect ECONNREFUSED ::1:4000
        at /home/tbaltzakis/cloudless.gr/e2e/public-api-deep.spec.ts:46:29

    attachment #1: screenshot (image/png) ──────────────────────────────────────────────────────────
    test-results/public-api-deep-POST-api-n-4a3ae-e-—-malformed-JSON-rejected-mobile-chrome/test-failed-1.png
    ────────────────────────────────────────────────────────────────────────────────────────────────

    attachment #2: video (video/webm) ──────────────────────────────────────────────────────────────
    test-results/public-api-deep-POST-api-n-4a3ae-e-—-malformed-JSON-rejected-mobile-chrome/video.webm
    ────────────────────────────────────────────────────────────────────────────────────────────────

    Error Context: test-results/public-api-deep-POST-api-n-4a3ae-e-—-malformed-JSON-rejected-mobile-chrome/error-context.md

    Retry #1 ───────────────────────────────────────────────────────────────────────────────────────

    Error: apiRequestContext.post: connect ECONNREFUSED ::1:4000
    Call log:
      - → POST http://localhost:4000/api/notion-image
        - user-agent: Mozilla/5.0 (Linux; Android 14; Pixel 7) AppleWebKit/537.36 (KHTML, like Gecko) Chrome/151.0.7922.34 Mobile Safari/537.36
        - accept: */*
        - accept-encoding: gzip,deflate,br
        - Content-Type: application/json
        - content-length: 18

        at apiRequestContext.post: connect ECONNREFUSED ::1:4000
        at /home/tbaltzakis/cloudless.gr/e2e/public-api-deep.spec.ts:46:29

    attachment #1: screenshot (image/png) ──────────────────────────────────────────────────────────
    test-results/public-api-deep-POST-api-n-4a3ae-e-—-malformed-JSON-rejected-mobile-chrome-retry1/test-failed-1.png
    ────────────────────────────────────────────────────────────────────────────────────────────────

    attachment #2: video (video/webm) ──────────────────────────────────────────────────────────────
    test-results/public-api-deep-POST-api-n-4a3ae-e-—-malformed-JSON-rejected-mobile-chrome-retry1/video.webm
    ────────────────────────────────────────────────────────────────────────────────────────────────

    Error Context: test-results/public-api-deep-POST-api-n-4a3ae-e-—-malformed-JSON-rejected-mobile-chrome-retry1/error-context.md

    attachment #4: trace (application/zip) ─────────────────────────────────────────────────────────
    test-results/public-api-deep-POST-api-n-4a3ae-e-—-malformed-JSON-rejected-mobile-chrome-retry1/trace.zip
    Usage:

        npx playwright show-trace test-results/public-api-deep-POST-api-n-4a3ae-e-—-malformed-JSON-rejected-mobile-chrome-retry1/trace.zip

    ────────────────────────────────────────────────────────────────────────────────────────────────

  1696) [mobile-chrome] › e2e/public-api-deep.spec.ts:39:7 › POST /api/agent/book — empty body rejected with 4xx 

    Error: apiRequestContext.post: connect ECONNREFUSED ::1:4000
    Call log:
      - → POST http://localhost:4000/api/agent/book
        - user-agent: Mozilla/5.0 (Linux; Android 14; Pixel 7) AppleWebKit/537.36 (KHTML, like Gecko) Chrome/151.0.7922.34 Mobile Safari/537.36
        - accept: */*
        - accept-encoding: gzip,deflate,br
        - content-type: application/json
        - content-length: 2

        at apiRequestContext.post: connect ECONNREFUSED ::1:4000
        at /home/tbaltzakis/cloudless.gr/e2e/public-api-deep.spec.ts:40:29

    attachment #1: screenshot (image/png) ──────────────────────────────────────────────────────────
    test-results/public-api-deep-POST-api-a-2b481-mpty-body-rejected-with-4xx-mobile-chrome/test-failed-1.png
    ────────────────────────────────────────────────────────────────────────────────────────────────

    attachment #2: video (video/webm) ──────────────────────────────────────────────────────────────
    test-results/public-api-deep-POST-api-a-2b481-mpty-body-rejected-with-4xx-mobile-chrome/video.webm
    ────────────────────────────────────────────────────────────────────────────────────────────────

    Error Context: test-results/public-api-deep-POST-api-a-2b481-mpty-body-rejected-with-4xx-mobile-chrome/error-context.md

    Retry #1 ───────────────────────────────────────────────────────────────────────────────────────

    Error: apiRequestContext.post: connect ECONNREFUSED ::1:4000
    Call log:
      - → POST http://localhost:4000/api/agent/book
        - user-agent: Mozilla/5.0 (Linux; Android 14; Pixel 7) AppleWebKit/537.36 (KHTML, like Gecko) Chrome/151.0.7922.34 Mobile Safari/537.36
        - accept: */*
        - accept-encoding: gzip,deflate,br
        - content-type: application/json
        - content-length: 2

        at apiRequestContext.post: connect ECONNREFUSED ::1:4000
        at /home/tbaltzakis/cloudless.gr/e2e/public-api-deep.spec.ts:40:29

    attachment #1: screenshot (image/png) ──────────────────────────────────────────────────────────
    test-results/public-api-deep-POST-api-a-2b481-mpty-body-rejected-with-4xx-mobile-chrome-retry1/test-failed-1.png
    ────────────────────────────────────────────────────────────────────────────────────────────────

    attachment #2: video (video/webm) ──────────────────────────────────────────────────────────────
    test-results/public-api-deep-POST-api-a-2b481-mpty-body-rejected-with-4xx-mobile-chrome-retry1/video.webm
    ────────────────────────────────────────────────────────────────────────────────────────────────

    Error Context: test-results/public-api-deep-POST-api-a-2b481-mpty-body-rejected-with-4xx-mobile-chrome-retry1/error-context.md

    attachment #4: trace (application/zip) ─────────────────────────────────────────────────────────
    test-results/public-api-deep-POST-api-a-2b481-mpty-body-rejected-with-4xx-mobile-chrome-retry1/trace.zip
    Usage:

        npx playwright show-trace test-results/public-api-deep-POST-api-a-2b481-mpty-body-rejected-with-4xx-mobile-chrome-retry1/trace.zip

    ────────────────────────────────────────────────────────────────────────────────────────────────

  1697) [mobile-chrome] › e2e/public-api-deep.spec.ts:45:7 › POST /api/agent/book — malformed JSON rejected 

    Error: apiRequestContext.post: connect ECONNREFUSED ::1:4000
    Call log:
      - → POST http://localhost:4000/api/agent/book
        - user-agent: Mozilla/5.0 (Linux; Android 14; Pixel 7) AppleWebKit/537.36 (KHTML, like Gecko) Chrome/151.0.7922.34 Mobile Safari/537.36
        - accept: */*
        - accept-encoding: gzip,deflate,br
        - Content-Type: application/json
        - content-length: 18

        at apiRequestContext.post: connect ECONNREFUSED ::1:4000
        at /home/tbaltzakis/cloudless.gr/e2e/public-api-deep.spec.ts:46:29

    attachment #1: screenshot (image/png) ──────────────────────────────────────────────────────────
    test-results/public-api-deep-POST-api-a-25e9a-k-—-malformed-JSON-rejected-mobile-chrome/test-failed-1.png
    ────────────────────────────────────────────────────────────────────────────────────────────────

    attachment #2: video (video/webm) ──────────────────────────────────────────────────────────────
    test-results/public-api-deep-POST-api-a-25e9a-k-—-malformed-JSON-rejected-mobile-chrome/video.webm
    ────────────────────────────────────────────────────────────────────────────────────────────────

    Error Context: test-results/public-api-deep-POST-api-a-25e9a-k-—-malformed-JSON-rejected-mobile-chrome/error-context.md

    Retry #1 ───────────────────────────────────────────────────────────────────────────────────────

    Error: apiRequestContext.post: connect ECONNREFUSED ::1:4000
    Call log:
      - → POST http://localhost:4000/api/agent/book
        - user-agent: Mozilla/5.0 (Linux; Android 14; Pixel 7) AppleWebKit/537.36 (KHTML, like Gecko) Chrome/151.0.7922.34 Mobile Safari/537.36
        - accept: */*
        - accept-encoding: gzip,deflate,br
        - Content-Type: application/json
        - content-length: 18

        at apiRequestContext.post: connect ECONNREFUSED ::1:4000
        at /home/tbaltzakis/cloudless.gr/e2e/public-api-deep.spec.ts:46:29

    attachment #1: screenshot (image/png) ──────────────────────────────────────────────────────────
    test-results/public-api-deep-POST-api-a-25e9a-k-—-malformed-JSON-rejected-mobile-chrome-retry1/test-failed-1.png
    ────────────────────────────────────────────────────────────────────────────────────────────────

    attachment #2: video (video/webm) ──────────────────────────────────────────────────────────────
    test-results/public-api-deep-POST-api-a-25e9a-k-—-malformed-JSON-rejected-mobile-chrome-retry1/video.webm
    ────────────────────────────────────────────────────────────────────────────────────────────────

    Error Context: test-results/public-api-deep-POST-api-a-25e9a-k-—-malformed-JSON-rejected-mobile-chrome-retry1/error-context.md

    attachment #4: trace (application/zip) ─────────────────────────────────────────────────────────
    test-results/public-api-deep-POST-api-a-25e9a-k-—-malformed-JSON-rejected-mobile-chrome-retry1/trace.zip
    Usage:

        npx playwright show-trace test-results/public-api-deep-POST-api-a-25e9a-k-—-malformed-JSON-rejected-mobile-chrome-retry1/trace.zip

    ────────────────────────────────────────────────────────────────────────────────────────────────

  1698) [mobile-chrome] › e2e/public-api-deep.spec.ts:39:7 › POST /api/chat — empty body rejected with 4xx 

    Error: apiRequestContext.post: connect ECONNREFUSED ::1:4000
    Call log:
      - → POST http://localhost:4000/api/chat
        - user-agent: Mozilla/5.0 (Linux; Android 14; Pixel 7) AppleWebKit/537.36 (KHTML, like Gecko) Chrome/151.0.7922.34 Mobile Safari/537.36
        - accept: */*
        - accept-encoding: gzip,deflate,br
        - content-type: application/json
        - content-length: 2

        at apiRequestContext.post: connect ECONNREFUSED ::1:4000
        at /home/tbaltzakis/cloudless.gr/e2e/public-api-deep.spec.ts:40:29

    attachment #1: screenshot (image/png) ──────────────────────────────────────────────────────────
    test-results/public-api-deep-POST-api-chat-—-empty-body-rejected-with-4xx-mobile-chrome/test-failed-1.png
    ────────────────────────────────────────────────────────────────────────────────────────────────

    attachment #2: video (video/webm) ──────────────────────────────────────────────────────────────
    test-results/public-api-deep-POST-api-chat-—-empty-body-rejected-with-4xx-mobile-chrome/video.webm
    ────────────────────────────────────────────────────────────────────────────────────────────────

    Error Context: test-results/public-api-deep-POST-api-chat-—-empty-body-rejected-with-4xx-mobile-chrome/error-context.md

    Retry #1 ───────────────────────────────────────────────────────────────────────────────────────

    Error: apiRequestContext.post: connect ECONNREFUSED ::1:4000
    Call log:
      - → POST http://localhost:4000/api/chat
        - user-agent: Mozilla/5.0 (Linux; Android 14; Pixel 7) AppleWebKit/537.36 (KHTML, like Gecko) Chrome/151.0.7922.34 Mobile Safari/537.36
        - accept: */*
        - accept-encoding: gzip,deflate,br
        - content-type: application/json
        - content-length: 2

        at apiRequestContext.post: connect ECONNREFUSED ::1:4000
        at /home/tbaltzakis/cloudless.gr/e2e/public-api-deep.spec.ts:40:29

    attachment #1: screenshot (image/png) ──────────────────────────────────────────────────────────
    test-results/public-api-deep-POST-api-chat-—-empty-body-rejected-with-4xx-mobile-chrome-retry1/test-failed-1.png
    ────────────────────────────────────────────────────────────────────────────────────────────────

    attachment #2: video (video/webm) ──────────────────────────────────────────────────────────────
    test-results/public-api-deep-POST-api-chat-—-empty-body-rejected-with-4xx-mobile-chrome-retry1/video.webm
    ────────────────────────────────────────────────────────────────────────────────────────────────

    Error Context: test-results/public-api-deep-POST-api-chat-—-empty-body-rejected-with-4xx-mobile-chrome-retry1/error-context.md

    attachment #4: trace (application/zip) ─────────────────────────────────────────────────────────
    test-results/public-api-deep-POST-api-chat-—-empty-body-rejected-with-4xx-mobile-chrome-retry1/trace.zip
    Usage:

        npx playwright show-trace test-results/public-api-deep-POST-api-chat-—-empty-body-rejected-with-4xx-mobile-chrome-retry1/trace.zip

    ────────────────────────────────────────────────────────────────────────────────────────────────

  1699) [mobile-chrome] › e2e/public-api-deep.spec.ts:45:7 › POST /api/chat — malformed JSON rejected 

    Error: apiRequestContext.post: connect ECONNREFUSED ::1:4000
    Call log:
      - → POST http://localhost:4000/api/chat
        - user-agent: Mozilla/5.0 (Linux; Android 14; Pixel 7) AppleWebKit/537.36 (KHTML, like Gecko) Chrome/151.0.7922.34 Mobile Safari/537.36
        - accept: */*
        - accept-encoding: gzip,deflate,br
        - Content-Type: application/json
        - content-length: 18

        at apiRequestContext.post: connect ECONNREFUSED ::1:4000
        at /home/tbaltzakis/cloudless.gr/e2e/public-api-deep.spec.ts:46:29

    attachment #1: screenshot (image/png) ──────────────────────────────────────────────────────────
    test-results/public-api-deep-POST-api-chat-—-malformed-JSON-rejected-mobile-chrome/test-failed-1.png
    ────────────────────────────────────────────────────────────────────────────────────────────────

    attachment #2: video (video/webm) ──────────────────────────────────────────────────────────────
    test-results/public-api-deep-POST-api-chat-—-malformed-JSON-rejected-mobile-chrome/video.webm
    ────────────────────────────────────────────────────────────────────────────────────────────────

    Error Context: test-results/public-api-deep-POST-api-chat-—-malformed-JSON-rejected-mobile-chrome/error-context.md

    Retry #1 ───────────────────────────────────────────────────────────────────────────────────────

    Error: apiRequestContext.post: connect ECONNREFUSED ::1:4000
    Call log:
      - → POST http://localhost:4000/api/chat
        - user-agent: Mozilla/5.0 (Linux; Android 14; Pixel 7) AppleWebKit/537.36 (KHTML, like Gecko) Chrome/151.0.7922.34 Mobile Safari/537.36
        - accept: */*
        - accept-encoding: gzip,deflate,br
        - Content-Type: application/json
        - content-length: 18

        at apiRequestContext.post: connect ECONNREFUSED ::1:4000
        at /home/tbaltzakis/cloudless.gr/e2e/public-api-deep.spec.ts:46:29

    attachment #1: screenshot (image/png) ──────────────────────────────────────────────────────────
    test-results/public-api-deep-POST-api-chat-—-malformed-JSON-rejected-mobile-chrome-retry1/test-failed-1.png
    ────────────────────────────────────────────────────────────────────────────────────────────────

    attachment #2: video (video/webm) ──────────────────────────────────────────────────────────────
    test-results/public-api-deep-POST-api-chat-—-malformed-JSON-rejected-mobile-chrome-retry1/video.webm
    ────────────────────────────────────────────────────────────────────────────────────────────────

    Error Context: test-results/public-api-deep-POST-api-chat-—-malformed-JSON-rejected-mobile-chrome-retry1/error-context.md

    attachment #4: trace (application/zip) ─────────────────────────────────────────────────────────
    test-results/public-api-deep-POST-api-chat-—-malformed-JSON-rejected-mobile-chrome-retry1/trace.zip
    Usage:

        npx playwright show-trace test-results/public-api-deep-POST-api-chat-—-malformed-JSON-rejected-mobile-chrome-retry1/trace.zip

    ────────────────────────────────────────────────────────────────────────────────────────────────

  1700) [mobile-chrome] › e2e/public-api-deep.spec.ts:39:7 › POST /api/portal/enroll — empty body rejected with 4xx 

    Error: apiRequestContext.post: connect ECONNREFUSED ::1:4000
    Call log:
      - → POST http://localhost:4000/api/portal/enroll
        - user-agent: Mozilla/5.0 (Linux; Android 14; Pixel 7) AppleWebKit/537.36 (KHTML, like Gecko) Chrome/151.0.7922.34 Mobile Safari/537.36
        - accept: */*
        - accept-encoding: gzip,deflate,br
        - content-type: application/json
        - content-length: 2

        at apiRequestContext.post: connect ECONNREFUSED ::1:4000
        at /home/tbaltzakis/cloudless.gr/e2e/public-api-deep.spec.ts:40:29

    attachment #1: screenshot (image/png) ──────────────────────────────────────────────────────────
    test-results/public-api-deep-POST-api-p-55841-mpty-body-rejected-with-4xx-mobile-chrome/test-failed-1.png
    ────────────────────────────────────────────────────────────────────────────────────────────────

    attachment #2: video (video/webm) ──────────────────────────────────────────────────────────────
    test-results/public-api-deep-POST-api-p-55841-mpty-body-rejected-with-4xx-mobile-chrome/video.webm
    ────────────────────────────────────────────────────────────────────────────────────────────────

    Error Context: test-results/public-api-deep-POST-api-p-55841-mpty-body-rejected-with-4xx-mobile-chrome/error-context.md

    Retry #1 ───────────────────────────────────────────────────────────────────────────────────────

    Error: apiRequestContext.post: connect ECONNREFUSED ::1:4000
    Call log:
      - → POST http://localhost:4000/api/portal/enroll
        - user-agent: Mozilla/5.0 (Linux; Android 14; Pixel 7) AppleWebKit/537.36 (KHTML, like Gecko) Chrome/151.0.7922.34 Mobile Safari/537.36
        - accept: */*
        - accept-encoding: gzip,deflate,br
        - content-type: application/json
        - content-length: 2

        at apiRequestContext.post: connect ECONNREFUSED ::1:4000
        at /home/tbaltzakis/cloudless.gr/e2e/public-api-deep.spec.ts:40:29

    attachment #1: screenshot (image/png) ──────────────────────────────────────────────────────────
    test-results/public-api-deep-POST-api-p-55841-mpty-body-rejected-with-4xx-mobile-chrome-retry1/test-failed-1.png
    ────────────────────────────────────────────────────────────────────────────────────────────────

    attachment #2: video (video/webm) ──────────────────────────────────────────────────────────────
    test-results/public-api-deep-POST-api-p-55841-mpty-body-rejected-with-4xx-mobile-chrome-retry1/video.webm
    ────────────────────────────────────────────────────────────────────────────────────────────────

    Error Context: test-results/public-api-deep-POST-api-p-55841-mpty-body-rejected-with-4xx-mobile-chrome-retry1/error-context.md

    attachment #4: trace (application/zip) ─────────────────────────────────────────────────────────
    test-results/public-api-deep-POST-api-p-55841-mpty-body-rejected-with-4xx-mobile-chrome-retry1/trace.zip
    Usage:

        npx playwright show-trace test-results/public-api-deep-POST-api-p-55841-mpty-body-rejected-with-4xx-mobile-chrome-retry1/trace.zip

    ────────────────────────────────────────────────────────────────────────────────────────────────

  1701) [mobile-chrome] › e2e/public-api-deep.spec.ts:45:7 › POST /api/portal/enroll — malformed JSON rejected 

    Error: apiRequestContext.post: connect ECONNREFUSED ::1:4000
    Call log:
      - → POST http://localhost:4000/api/portal/enroll
        - user-agent: Mozilla/5.0 (Linux; Android 14; Pixel 7) AppleWebKit/537.36 (KHTML, like Gecko) Chrome/151.0.7922.34 Mobile Safari/537.36
        - accept: */*
        - accept-encoding: gzip,deflate,br
        - Content-Type: application/json
        - content-length: 18

        at apiRequestContext.post: connect ECONNREFUSED ::1:4000
        at /home/tbaltzakis/cloudless.gr/e2e/public-api-deep.spec.ts:46:29

    attachment #1: screenshot (image/png) ──────────────────────────────────────────────────────────
    test-results/public-api-deep-POST-api-p-6cacb-l-—-malformed-JSON-rejected-mobile-chrome/test-failed-1.png
    ────────────────────────────────────────────────────────────────────────────────────────────────

    attachment #2: video (video/webm) ──────────────────────────────────────────────────────────────
    test-results/public-api-deep-POST-api-p-6cacb-l-—-malformed-JSON-rejected-mobile-chrome/video.webm
    ────────────────────────────────────────────────────────────────────────────────────────────────

    Error Context: test-results/public-api-deep-POST-api-p-6cacb-l-—-malformed-JSON-rejected-mobile-chrome/error-context.md

    Retry #1 ───────────────────────────────────────────────────────────────────────────────────────

    Error: apiRequestContext.post: connect ECONNREFUSED ::1:4000
    Call log:
      - → POST http://localhost:4000/api/portal/enroll
        - user-agent: Mozilla/5.0 (Linux; Android 14; Pixel 7) AppleWebKit/537.36 (KHTML, like Gecko) Chrome/151.0.7922.34 Mobile Safari/537.36
        - accept: */*
        - accept-encoding: gzip,deflate,br
        - Content-Type: application/json
        - content-length: 18

        at apiRequestContext.post: connect ECONNREFUSED ::1:4000
        at /home/tbaltzakis/cloudless.gr/e2e/public-api-deep.spec.ts:46:29

    attachment #1: screenshot (image/png) ──────────────────────────────────────────────────────────
    test-results/public-api-deep-POST-api-p-6cacb-l-—-malformed-JSON-rejected-mobile-chrome-retry1/test-failed-1.png
    ────────────────────────────────────────────────────────────────────────────────────────────────

    attachment #2: video (video/webm) ──────────────────────────────────────────────────────────────
    test-results/public-api-deep-POST-api-p-6cacb-l-—-malformed-JSON-rejected-mobile-chrome-retry1/video.webm
    ────────────────────────────────────────────────────────────────────────────────────────────────

    Error Context: test-results/public-api-deep-POST-api-p-6cacb-l-—-malformed-JSON-rejected-mobile-chrome-retry1/error-context.md

    attachment #4: trace (application/zip) ─────────────────────────────────────────────────────────
    test-results/public-api-deep-POST-api-p-6cacb-l-—-malformed-JSON-rejected-mobile-chrome-retry1/trace.zip
    Usage:

        npx playwright show-trace test-results/public-api-deep-POST-api-p-6cacb-l-—-malformed-JSON-rejected-mobile-chrome-retry1/trace.zip

    ────────────────────────────────────────────────────────────────────────────────────────────────

  1702) [mobile-chrome] › e2e/public-api-deep.spec.ts:39:7 › POST /api/portal/me — empty body rejected with 4xx 

    Error: apiRequestContext.post: connect ECONNREFUSED ::1:4000
    Call log:
      - → POST http://localhost:4000/api/portal/me
        - user-agent: Mozilla/5.0 (Linux; Android 14; Pixel 7) AppleWebKit/537.36 (KHTML, like Gecko) Chrome/151.0.7922.34 Mobile Safari/537.36
        - accept: */*
        - accept-encoding: gzip,deflate,br
        - content-type: application/json
        - content-length: 2

        at apiRequestContext.post: connect ECONNREFUSED ::1:4000
        at /home/tbaltzakis/cloudless.gr/e2e/public-api-deep.spec.ts:40:29

    attachment #1: screenshot (image/png) ──────────────────────────────────────────────────────────
    test-results/public-api-deep-POST-api-p-aa9b6-mpty-body-rejected-with-4xx-mobile-chrome/test-failed-1.png
    ────────────────────────────────────────────────────────────────────────────────────────────────

    attachment #2: video (video/webm) ──────────────────────────────────────────────────────────────
    test-results/public-api-deep-POST-api-p-aa9b6-mpty-body-rejected-with-4xx-mobile-chrome/video.webm
    ────────────────────────────────────────────────────────────────────────────────────────────────

    Error Context: test-results/public-api-deep-POST-api-p-aa9b6-mpty-body-rejected-with-4xx-mobile-chrome/error-context.md

    Retry #1 ───────────────────────────────────────────────────────────────────────────────────────

    Error: apiRequestContext.post: connect ECONNREFUSED ::1:4000
    Call log:
      - → POST http://localhost:4000/api/portal/me
        - user-agent: Mozilla/5.0 (Linux; Android 14; Pixel 7) AppleWebKit/537.36 (KHTML, like Gecko) Chrome/151.0.7922.34 Mobile Safari/537.36
        - accept: */*
        - accept-encoding: gzip,deflate,br
        - content-type: application/json
        - content-length: 2

        at apiRequestContext.post: connect ECONNREFUSED ::1:4000
        at /home/tbaltzakis/cloudless.gr/e2e/public-api-deep.spec.ts:40:29

    attachment #1: screenshot (image/png) ──────────────────────────────────────────────────────────
    test-results/public-api-deep-POST-api-p-aa9b6-mpty-body-rejected-with-4xx-mobile-chrome-retry1/test-failed-1.png
    ────────────────────────────────────────────────────────────────────────────────────────────────

    attachment #2: video (video/webm) ──────────────────────────────────────────────────────────────
    test-results/public-api-deep-POST-api-p-aa9b6-mpty-body-rejected-with-4xx-mobile-chrome-retry1/video.webm
    ────────────────────────────────────────────────────────────────────────────────────────────────

    Error Context: test-results/public-api-deep-POST-api-p-aa9b6-mpty-body-rejected-with-4xx-mobile-chrome-retry1/error-context.md

    attachment #4: trace (application/zip) ─────────────────────────────────────────────────────────
    test-results/public-api-deep-POST-api-p-aa9b6-mpty-body-rejected-with-4xx-mobile-chrome-retry1/trace.zip
    Usage:

        npx playwright show-trace test-results/public-api-deep-POST-api-p-aa9b6-mpty-body-rejected-with-4xx-mobile-chrome-retry1/trace.zip

    ────────────────────────────────────────────────────────────────────────────────────────────────

  1703) [mobile-chrome] › e2e/public-api-deep.spec.ts:45:7 › POST /api/portal/me — malformed JSON rejected 

    Error: apiRequestContext.post: connect ECONNREFUSED ::1:4000
    Call log:
      - → POST http://localhost:4000/api/portal/me
        - user-agent: Mozilla/5.0 (Linux; Android 14; Pixel 7) AppleWebKit/537.36 (KHTML, like Gecko) Chrome/151.0.7922.34 Mobile Safari/537.36
        - accept: */*
        - accept-encoding: gzip,deflate,br
        - Content-Type: application/json
        - content-length: 18

        at apiRequestContext.post: connect ECONNREFUSED ::1:4000
        at /home/tbaltzakis/cloudless.gr/e2e/public-api-deep.spec.ts:46:29

    attachment #1: screenshot (image/png) ──────────────────────────────────────────────────────────
    test-results/public-api-deep-POST-api-portal-me-—-malformed-JSON-rejected-mobile-chrome/test-failed-1.png
    ────────────────────────────────────────────────────────────────────────────────────────────────

    attachment #2: video (video/webm) ──────────────────────────────────────────────────────────────
    test-results/public-api-deep-POST-api-portal-me-—-malformed-JSON-rejected-mobile-chrome/video.webm
    ────────────────────────────────────────────────────────────────────────────────────────────────

    Error Context: test-results/public-api-deep-POST-api-portal-me-—-malformed-JSON-rejected-mobile-chrome/error-context.md

    Retry #1 ───────────────────────────────────────────────────────────────────────────────────────

    Error: apiRequestContext.post: connect ECONNREFUSED ::1:4000
    Call log:
      - → POST http://localhost:4000/api/portal/me
        - user-agent: Mozilla/5.0 (Linux; Android 14; Pixel 7) AppleWebKit/537.36 (KHTML, like Gecko) Chrome/151.0.7922.34 Mobile Safari/537.36
        - accept: */*
        - accept-encoding: gzip,deflate,br
        - Content-Type: application/json
        - content-length: 18

        at apiRequestContext.post: connect ECONNREFUSED ::1:4000
        at /home/tbaltzakis/cloudless.gr/e2e/public-api-deep.spec.ts:46:29

    attachment #1: screenshot (image/png) ──────────────────────────────────────────────────────────
    test-results/public-api-deep-POST-api-portal-me-—-malformed-JSON-rejected-mobile-chrome-retry1/test-failed-1.png
    ────────────────────────────────────────────────────────────────────────────────────────────────

    attachment #2: video (video/webm) ──────────────────────────────────────────────────────────────
    test-results/public-api-deep-POST-api-portal-me-—-malformed-JSON-rejected-mobile-chrome-retry1/video.webm
    ────────────────────────────────────────────────────────────────────────────────────────────────

    Error Context: test-results/public-api-deep-POST-api-portal-me-—-malformed-JSON-rejected-mobile-chrome-retry1/error-context.md

    attachment #4: trace (application/zip) ─────────────────────────────────────────────────────────
    test-results/public-api-deep-POST-api-portal-me-—-malformed-JSON-rejected-mobile-chrome-retry1/trace.zip
    Usage:

        npx playwright show-trace test-results/public-api-deep-POST-api-portal-me-—-malformed-JSON-rejected-mobile-chrome-retry1/trace.zip

    ────────────────────────────────────────────────────────────────────────────────────────────────

  1704) [mobile-chrome] › e2e/public-api-deep.spec.ts:55:5 › GET /api/auth/session — returns session shape 

    Error: apiRequestContext.get: connect ECONNREFUSED ::1:4000
    Call log:
      - → GET http://localhost:4000/api/auth/session
        - user-agent: Mozilla/5.0 (Linux; Android 14; Pixel 7) AppleWebKit/537.36 (KHTML, like Gecko) Chrome/151.0.7922.34 Mobile Safari/537.36
        - accept: */*
        - accept-encoding: gzip,deflate,br

        at apiRequestContext.get: connect ECONNREFUSED ::1:4000
        at /home/tbaltzakis/cloudless.gr/e2e/public-api-deep.spec.ts:56:27

    attachment #1: screenshot (image/png) ──────────────────────────────────────────────────────────
    test-results/public-api-deep-GET-api-auth-session-—-returns-session-shape-mobile-chrome/test-failed-1.png
    ────────────────────────────────────────────────────────────────────────────────────────────────

    attachment #2: video (video/webm) ──────────────────────────────────────────────────────────────
    test-results/public-api-deep-GET-api-auth-session-—-returns-session-shape-mobile-chrome/video.webm
    ────────────────────────────────────────────────────────────────────────────────────────────────

    Error Context: test-results/public-api-deep-GET-api-auth-session-—-returns-session-shape-mobile-chrome/error-context.md

    Retry #1 ───────────────────────────────────────────────────────────────────────────────────────

    Error: apiRequestContext.get: connect ECONNREFUSED ::1:4000
    Call log:
      - → GET http://localhost:4000/api/auth/session
        - user-agent: Mozilla/5.0 (Linux; Android 14; Pixel 7) AppleWebKit/537.36 (KHTML, like Gecko) Chrome/151.0.7922.34 Mobile Safari/537.36
        - accept: */*
        - accept-encoding: gzip,deflate,br

        at apiRequestContext.get: connect ECONNREFUSED ::1:4000
        at /home/tbaltzakis/cloudless.gr/e2e/public-api-deep.spec.ts:56:27

    attachment #1: screenshot (image/png) ──────────────────────────────────────────────────────────
    test-results/public-api-deep-GET-api-auth-session-—-returns-session-shape-mobile-chrome-retry1/test-failed-1.png
    ────────────────────────────────────────────────────────────────────────────────────────────────

    attachment #2: video (video/webm) ──────────────────────────────────────────────────────────────
    test-results/public-api-deep-GET-api-auth-session-—-returns-session-shape-mobile-chrome-retry1/video.webm
    ────────────────────────────────────────────────────────────────────────────────────────────────

    Error Context: test-results/public-api-deep-GET-api-auth-session-—-returns-session-shape-mobile-chrome-retry1/error-context.md

    attachment #4: trace (application/zip) ─────────────────────────────────────────────────────────
    test-results/public-api-deep-GET-api-auth-session-—-returns-session-shape-mobile-chrome-retry1/trace.zip
    Usage:

        npx playwright show-trace test-results/public-api-deep-GET-api-auth-session-—-returns-session-shape-mobile-chrome-retry1/trace.zip

    ────────────────────────────────────────────────────────────────────────────────────────────────

  1705) [mobile-chrome] › e2e/public-api-deep.spec.ts:64:5 › GET /api/auth/csrf — returns csrf token 

    Error: apiRequestContext.get: connect ECONNREFUSED ::1:4000
    Call log:
      - → GET http://localhost:4000/api/auth/csrf
        - user-agent: Mozilla/5.0 (Linux; Android 14; Pixel 7) AppleWebKit/537.36 (KHTML, like Gecko) Chrome/151.0.7922.34 Mobile Safari/537.36
        - accept: */*
        - accept-encoding: gzip,deflate,br

        at apiRequestContext.get: connect ECONNREFUSED ::1:4000
        at /home/tbaltzakis/cloudless.gr/e2e/public-api-deep.spec.ts:65:27

    attachment #1: screenshot (image/png) ──────────────────────────────────────────────────────────
    test-results/public-api-deep-GET-api-auth-csrf-—-returns-csrf-token-mobile-chrome/test-failed-1.png
    ────────────────────────────────────────────────────────────────────────────────────────────────

    attachment #2: video (video/webm) ──────────────────────────────────────────────────────────────
    test-results/public-api-deep-GET-api-auth-csrf-—-returns-csrf-token-mobile-chrome/video.webm
    ────────────────────────────────────────────────────────────────────────────────────────────────

    Error Context: test-results/public-api-deep-GET-api-auth-csrf-—-returns-csrf-token-mobile-chrome/error-context.md

    Retry #1 ───────────────────────────────────────────────────────────────────────────────────────

    Error: apiRequestContext.get: connect ECONNREFUSED ::1:4000
    Call log:
      - → GET http://localhost:4000/api/auth/csrf
        - user-agent: Mozilla/5.0 (Linux; Android 14; Pixel 7) AppleWebKit/537.36 (KHTML, like Gecko) Chrome/151.0.7922.34 Mobile Safari/537.36
        - accept: */*
        - accept-encoding: gzip,deflate,br

        at apiRequestContext.get: connect ECONNREFUSED ::1:4000
        at /home/tbaltzakis/cloudless.gr/e2e/public-api-deep.spec.ts:65:27

    attachment #1: screenshot (image/png) ──────────────────────────────────────────────────────────
    test-results/public-api-deep-GET-api-auth-csrf-—-returns-csrf-token-mobile-chrome-retry1/test-failed-1.png
    ────────────────────────────────────────────────────────────────────────────────────────────────

    attachment #2: video (video/webm) ──────────────────────────────────────────────────────────────
    test-results/public-api-deep-GET-api-auth-csrf-—-returns-csrf-token-mobile-chrome-retry1/video.webm
    ────────────────────────────────────────────────────────────────────────────────────────────────

    Error Context: test-results/public-api-deep-GET-api-auth-csrf-—-returns-csrf-token-mobile-chrome-retry1/error-context.md

    attachment #4: trace (application/zip) ─────────────────────────────────────────────────────────
    test-results/public-api-deep-GET-api-auth-csrf-—-returns-csrf-token-mobile-chrome-retry1/trace.zip
    Usage:

        npx playwright show-trace test-results/public-api-deep-GET-api-auth-csrf-—-returns-csrf-token-mobile-chrome-retry1/trace.zip

    ────────────────────────────────────────────────────────────────────────────────────────────────

  1706) [mobile-chrome] › e2e/public-api-deep.spec.ts:69:5 › GET /api/auth/providers — lists providers 

    Error: apiRequestContext.get: connect ECONNREFUSED ::1:4000
    Call log:
      - → GET http://localhost:4000/api/auth/providers
        - user-agent: Mozilla/5.0 (Linux; Android 14; Pixel 7) AppleWebKit/537.36 (KHTML, like Gecko) Chrome/151.0.7922.34 Mobile Safari/537.36
        - accept: */*
        - accept-encoding: gzip,deflate,br

        at apiRequestContext.get: connect ECONNREFUSED ::1:4000
        at /home/tbaltzakis/cloudless.gr/e2e/public-api-deep.spec.ts:70:27

    attachment #1: screenshot (image/png) ──────────────────────────────────────────────────────────
    test-results/public-api-deep-GET-api-auth-providers-—-lists-providers-mobile-chrome/test-failed-1.png
    ────────────────────────────────────────────────────────────────────────────────────────────────

    attachment #2: video (video/webm) ──────────────────────────────────────────────────────────────
    test-results/public-api-deep-GET-api-auth-providers-—-lists-providers-mobile-chrome/video.webm
    ────────────────────────────────────────────────────────────────────────────────────────────────

    Error Context: test-results/public-api-deep-GET-api-auth-providers-—-lists-providers-mobile-chrome/error-context.md

    Retry #1 ───────────────────────────────────────────────────────────────────────────────────────

    Error: apiRequestContext.get: connect ECONNREFUSED ::1:4000
    Call log:
      - → GET http://localhost:4000/api/auth/providers
        - user-agent: Mozilla/5.0 (Linux; Android 14; Pixel 7) AppleWebKit/537.36 (KHTML, like Gecko) Chrome/151.0.7922.34 Mobile Safari/537.36
        - accept: */*
        - accept-encoding: gzip,deflate,br

        at apiRequestContext.get: connect ECONNREFUSED ::1:4000
        at /home/tbaltzakis/cloudless.gr/e2e/public-api-deep.spec.ts:70:27

    attachment #1: screenshot (image/png) ──────────────────────────────────────────────────────────
    test-results/public-api-deep-GET-api-auth-providers-—-lists-providers-mobile-chrome-retry1/test-failed-1.png
    ────────────────────────────────────────────────────────────────────────────────────────────────

    attachment #2: video (video/webm) ──────────────────────────────────────────────────────────────
    test-results/public-api-deep-GET-api-auth-providers-—-lists-providers-mobile-chrome-retry1/video.webm
    ────────────────────────────────────────────────────────────────────────────────────────────────

    Error Context: test-results/public-api-deep-GET-api-auth-providers-—-lists-providers-mobile-chrome-retry1/error-context.md

    attachment #4: trace (application/zip) ─────────────────────────────────────────────────────────
    test-results/public-api-deep-GET-api-auth-providers-—-lists-providers-mobile-chrome-retry1/trace.zip
    Usage:

        npx playwright show-trace test-results/public-api-deep-GET-api-auth-providers-—-lists-providers-mobile-chrome-retry1/trace.zip

    ────────────────────────────────────────────────────────────────────────────────────────────────

  1707) [mobile-chrome] › e2e/public-api-deep.spec.ts:74:5 › POST /api/contact — happy path with valid payload 

    Error: apiRequestContext.post: connect ECONNREFUSED ::1:4000
    Call log:
      - → POST http://localhost:4000/api/contact
        - user-agent: Mozilla/5.0 (Linux; Android 14; Pixel 7) AppleWebKit/537.36 (KHTML, like Gecko) Chrome/151.0.7922.34 Mobile Safari/537.36
        - accept: */*
        - accept-encoding: gzip,deflate,br
        - content-type: application/json
        - content-length: 135

        at apiRequestContext.post: connect ECONNREFUSED ::1:4000
        at /home/tbaltzakis/cloudless.gr/e2e/public-api-deep.spec.ts:75:27

    attachment #1: screenshot (image/png) ──────────────────────────────────────────────────────────
    test-results/public-api-deep-POST-api-c-cd892-ppy-path-with-valid-payload-mobile-chrome/test-failed-1.png
    ────────────────────────────────────────────────────────────────────────────────────────────────

    attachment #2: video (video/webm) ──────────────────────────────────────────────────────────────
    test-results/public-api-deep-POST-api-c-cd892-ppy-path-with-valid-payload-mobile-chrome/video.webm
    ────────────────────────────────────────────────────────────────────────────────────────────────

    Error Context: test-results/public-api-deep-POST-api-c-cd892-ppy-path-with-valid-payload-mobile-chrome/error-context.md

    Retry #1 ───────────────────────────────────────────────────────────────────────────────────────

    Error: apiRequestContext.post: connect ECONNREFUSED ::1:4000
    Call log:
      - → POST http://localhost:4000/api/contact
        - user-agent: Mozilla/5.0 (Linux; Android 14; Pixel 7) AppleWebKit/537.36 (KHTML, like Gecko) Chrome/151.0.7922.34 Mobile Safari/537.36
        - accept: */*
        - accept-encoding: gzip,deflate,br
        - content-type: application/json
        - content-length: 135

        at apiRequestContext.post: connect ECONNREFUSED ::1:4000
        at /home/tbaltzakis/cloudless.gr/e2e/public-api-deep.spec.ts:75:27

    attachment #1: screenshot (image/png) ──────────────────────────────────────────────────────────
    test-results/public-api-deep-POST-api-c-cd892-ppy-path-with-valid-payload-mobile-chrome-retry1/test-failed-1.png
    ────────────────────────────────────────────────────────────────────────────────────────────────

    attachment #2: video (video/webm) ──────────────────────────────────────────────────────────────
    test-results/public-api-deep-POST-api-c-cd892-ppy-path-with-valid-payload-mobile-chrome-retry1/video.webm
    ────────────────────────────────────────────────────────────────────────────────────────────────

    Error Context: test-results/public-api-deep-POST-api-c-cd892-ppy-path-with-valid-payload-mobile-chrome-retry1/error-context.md

    attachment #4: trace (application/zip) ─────────────────────────────────────────────────────────
    test-results/public-api-deep-POST-api-c-cd892-ppy-path-with-valid-payload-mobile-chrome-retry1/trace.zip
    Usage:

        npx playwright show-trace test-results/public-api-deep-POST-api-c-cd892-ppy-path-with-valid-payload-mobile-chrome-retry1/trace.zip

    ────────────────────────────────────────────────────────────────────────────────────────────────

  1708) [mobile-chrome] › e2e/public-api-deep.spec.ts:89:5 › POST /api/subscribe — happy path ──────

    Error: apiRequestContext.post: connect ECONNREFUSED ::1:4000
    Call log:
      - → POST http://localhost:4000/api/subscribe
        - user-agent: Mozilla/5.0 (Linux; Android 14; Pixel 7) AppleWebKit/537.36 (KHTML, like Gecko) Chrome/151.0.7922.34 Mobile Safari/537.36
        - accept: */*
        - accept-encoding: gzip,deflate,br
        - content-type: application/json
        - content-length: 42

        at apiRequestContext.post: connect ECONNREFUSED ::1:4000
        at /home/tbaltzakis/cloudless.gr/e2e/public-api-deep.spec.ts:90:27

    attachment #1: screenshot (image/png) ──────────────────────────────────────────────────────────
    test-results/public-api-deep-POST-api-subscribe-—-happy-path-mobile-chrome/test-failed-1.png
    ────────────────────────────────────────────────────────────────────────────────────────────────

    attachment #2: video (video/webm) ──────────────────────────────────────────────────────────────
    test-results/public-api-deep-POST-api-subscribe-—-happy-path-mobile-chrome/video.webm
    ────────────────────────────────────────────────────────────────────────────────────────────────

    Error Context: test-results/public-api-deep-POST-api-subscribe-—-happy-path-mobile-chrome/error-context.md

    Retry #1 ───────────────────────────────────────────────────────────────────────────────────────

    Error: apiRequestContext.post: connect ECONNREFUSED ::1:4000
    Call log:
      - → POST http://localhost:4000/api/subscribe
        - user-agent: Mozilla/5.0 (Linux; Android 14; Pixel 7) AppleWebKit/537.36 (KHTML, like Gecko) Chrome/151.0.7922.34 Mobile Safari/537.36
        - accept: */*
        - accept-encoding: gzip,deflate,br
        - content-type: application/json
        - content-length: 42

        at apiRequestContext.post: connect ECONNREFUSED ::1:4000
        at /home/tbaltzakis/cloudless.gr/e2e/public-api-deep.spec.ts:90:27

    attachment #1: screenshot (image/png) ──────────────────────────────────────────────────────────
    test-results/public-api-deep-POST-api-subscribe-—-happy-path-mobile-chrome-retry1/test-failed-1.png
    ────────────────────────────────────────────────────────────────────────────────────────────────

    attachment #2: video (video/webm) ──────────────────────────────────────────────────────────────
    test-results/public-api-deep-POST-api-subscribe-—-happy-path-mobile-chrome-retry1/video.webm
    ────────────────────────────────────────────────────────────────────────────────────────────────

    Error Context: test-results/public-api-deep-POST-api-subscribe-—-happy-path-mobile-chrome-retry1/error-context.md

    attachment #4: trace (application/zip) ─────────────────────────────────────────────────────────
    test-results/public-api-deep-POST-api-subscribe-—-happy-path-mobile-chrome-retry1/trace.zip
    Usage:

        npx playwright show-trace test-results/public-api-deep-POST-api-subscribe-—-happy-path-mobile-chrome-retry1/trace.zip

    ────────────────────────────────────────────────────────────────────────────────────────────────

  1709) [mobile-chrome] › e2e/public-api-deep.spec.ts:97:5 › POST /api/track — accepts analytics event 

    Error: apiRequestContext.post: connect ECONNREFUSED ::1:4000
    Call log:
      - → POST http://localhost:4000/api/track
        - user-agent: Mozilla/5.0 (Linux; Android 14; Pixel 7) AppleWebKit/537.36 (KHTML, like Gecko) Chrome/151.0.7922.34 Mobile Safari/537.36
        - accept: */*
        - accept-encoding: gzip,deflate,br
        - content-type: application/json
        - content-length: 57

        at apiRequestContext.post: connect ECONNREFUSED ::1:4000
        at /home/tbaltzakis/cloudless.gr/e2e/public-api-deep.spec.ts:98:27

    attachment #1: screenshot (image/png) ──────────────────────────────────────────────────────────
    test-results/public-api-deep-POST-api-track-—-accepts-analytics-event-mobile-chrome/test-failed-1.png
    ────────────────────────────────────────────────────────────────────────────────────────────────

    attachment #2: video (video/webm) ──────────────────────────────────────────────────────────────
    test-results/public-api-deep-POST-api-track-—-accepts-analytics-event-mobile-chrome/video.webm
    ────────────────────────────────────────────────────────────────────────────────────────────────

    Error Context: test-results/public-api-deep-POST-api-track-—-accepts-analytics-event-mobile-chrome/error-context.md

    Retry #1 ───────────────────────────────────────────────────────────────────────────────────────

    Error: apiRequestContext.post: connect ECONNREFUSED ::1:4000
    Call log:
      - → POST http://localhost:4000/api/track
        - user-agent: Mozilla/5.0 (Linux; Android 14; Pixel 7) AppleWebKit/537.36 (KHTML, like Gecko) Chrome/151.0.7922.34 Mobile Safari/537.36
        - accept: */*
        - accept-encoding: gzip,deflate,br
        - content-type: application/json
        - content-length: 57

        at apiRequestContext.post: connect ECONNREFUSED ::1:4000
        at /home/tbaltzakis/cloudless.gr/e2e/public-api-deep.spec.ts:98:27

    attachment #1: screenshot (image/png) ──────────────────────────────────────────────────────────
    test-results/public-api-deep-POST-api-track-—-accepts-analytics-event-mobile-chrome-retry1/test-failed-1.png
    ────────────────────────────────────────────────────────────────────────────────────────────────

    attachment #2: video (video/webm) ──────────────────────────────────────────────────────────────
    test-results/public-api-deep-POST-api-track-—-accepts-analytics-event-mobile-chrome-retry1/video.webm
    ────────────────────────────────────────────────────────────────────────────────────────────────

    Error Context: test-results/public-api-deep-POST-api-track-—-accepts-analytics-event-mobile-chrome-retry1/error-context.md

    attachment #4: trace (application/zip) ─────────────────────────────────────────────────────────
    test-results/public-api-deep-POST-api-track-—-accepts-analytics-event-mobile-chrome-retry1/trace.zip
    Usage:

        npx playwright show-trace test-results/public-api-deep-POST-api-track-—-accepts-analytics-event-mobile-chrome-retry1/trace.zip

    ────────────────────────────────────────────────────────────────────────────────────────────────

  1710) [mobile-chrome] › e2e/public-api-deep.spec.ts:105:5 › POST /api/chat — non-empty message ───

    Error: apiRequestContext.post: connect ECONNREFUSED ::1:4000
    Call log:
      - → POST http://localhost:4000/api/chat
        - user-agent: Mozilla/5.0 (Linux; Android 14; Pixel 7) AppleWebKit/537.36 (KHTML, like Gecko) Chrome/151.0.7922.34 Mobile Safari/537.36
        - accept: */*
        - accept-encoding: gzip,deflate,br
        - content-type: application/json
        - content-length: 47

        at apiRequestContext.post: connect ECONNREFUSED ::1:4000
        at /home/tbaltzakis/cloudless.gr/e2e/public-api-deep.spec.ts:106:27

    attachment #1: screenshot (image/png) ──────────────────────────────────────────────────────────
    test-results/public-api-deep-POST-api-chat-—-non-empty-message-mobile-chrome/test-failed-1.png
    ────────────────────────────────────────────────────────────────────────────────────────────────

    attachment #2: video (video/webm) ──────────────────────────────────────────────────────────────
    test-results/public-api-deep-POST-api-chat-—-non-empty-message-mobile-chrome/video.webm
    ────────────────────────────────────────────────────────────────────────────────────────────────

    Error Context: test-results/public-api-deep-POST-api-chat-—-non-empty-message-mobile-chrome/error-context.md

    Retry #1 ───────────────────────────────────────────────────────────────────────────────────────

    Error: apiRequestContext.post: connect ECONNREFUSED ::1:4000
    Call log:
      - → POST http://localhost:4000/api/chat
        - user-agent: Mozilla/5.0 (Linux; Android 14; Pixel 7) AppleWebKit/537.36 (KHTML, like Gecko) Chrome/151.0.7922.34 Mobile Safari/537.36
        - accept: */*
        - accept-encoding: gzip,deflate,br
        - content-type: application/json
        - content-length: 47

        at apiRequestContext.post: connect ECONNREFUSED ::1:4000
        at /home/tbaltzakis/cloudless.gr/e2e/public-api-deep.spec.ts:106:27

    attachment #1: screenshot (image/png) ──────────────────────────────────────────────────────────
    test-results/public-api-deep-POST-api-chat-—-non-empty-message-mobile-chrome-retry1/test-failed-1.png
    ────────────────────────────────────────────────────────────────────────────────────────────────

    attachment #2: video (video/webm) ──────────────────────────────────────────────────────────────
    test-results/public-api-deep-POST-api-chat-—-non-empty-message-mobile-chrome-retry1/video.webm
    ────────────────────────────────────────────────────────────────────────────────────────────────

    Error Context: test-results/public-api-deep-POST-api-chat-—-non-empty-message-mobile-chrome-retry1/error-context.md

    attachment #4: trace (application/zip) ─────────────────────────────────────────────────────────
    test-results/public-api-deep-POST-api-chat-—-non-empty-message-mobile-chrome-retry1/trace.zip
    Usage:

        npx playwright show-trace test-results/public-api-deep-POST-api-chat-—-non-empty-message-mobile-chrome-retry1/trace.zip

    ────────────────────────────────────────────────────────────────────────────────────────────────

  1711) [mobile-chrome] › e2e/public-api-deep.spec.ts:116:5 › GET /api/notion-image — without url param returns 4xx 

    Error: apiRequestContext.get: connect ECONNREFUSED ::1:4000
    Call log:
      - → GET http://localhost:4000/api/notion-image
        - user-agent: Mozilla/5.0 (Linux; Android 14; Pixel 7) AppleWebKit/537.36 (KHTML, like Gecko) Chrome/151.0.7922.34 Mobile Safari/537.36
        - accept: */*
        - accept-encoding: gzip,deflate,br

        at apiRequestContext.get: connect ECONNREFUSED ::1:4000
        at /home/tbaltzakis/cloudless.gr/e2e/public-api-deep.spec.ts:117:27

    attachment #1: screenshot (image/png) ──────────────────────────────────────────────────────────
    test-results/public-api-deep-GET-api-no-ce90a-thout-url-param-returns-4xx-mobile-chrome/test-failed-1.png
    ────────────────────────────────────────────────────────────────────────────────────────────────

    attachment #2: video (video/webm) ──────────────────────────────────────────────────────────────
    test-results/public-api-deep-GET-api-no-ce90a-thout-url-param-returns-4xx-mobile-chrome/video.webm
    ────────────────────────────────────────────────────────────────────────────────────────────────

    Error Context: test-results/public-api-deep-GET-api-no-ce90a-thout-url-param-returns-4xx-mobile-chrome/error-context.md

    Retry #1 ───────────────────────────────────────────────────────────────────────────────────────

    Error: apiRequestContext.get: connect ECONNREFUSED ::1:4000
    Call log:
      - → GET http://localhost:4000/api/notion-image
        - user-agent: Mozilla/5.0 (Linux; Android 14; Pixel 7) AppleWebKit/537.36 (KHTML, like Gecko) Chrome/151.0.7922.34 Mobile Safari/537.36
        - accept: */*
        - accept-encoding: gzip,deflate,br

        at apiRequestContext.get: connect ECONNREFUSED ::1:4000
        at /home/tbaltzakis/cloudless.gr/e2e/public-api-deep.spec.ts:117:27

    attachment #1: screenshot (image/png) ──────────────────────────────────────────────────────────
    test-results/public-api-deep-GET-api-no-ce90a-thout-url-param-returns-4xx-mobile-chrome-retry1/test-failed-1.png
    ────────────────────────────────────────────────────────────────────────────────────────────────

    attachment #2: video (video/webm) ──────────────────────────────────────────────────────────────
    test-results/public-api-deep-GET-api-no-ce90a-thout-url-param-returns-4xx-mobile-chrome-retry1/video.webm
    ────────────────────────────────────────────────────────────────────────────────────────────────

    Error Context: test-results/public-api-deep-GET-api-no-ce90a-thout-url-param-returns-4xx-mobile-chrome-retry1/error-context.md

    attachment #4: trace (application/zip) ─────────────────────────────────────────────────────────
    test-results/public-api-deep-GET-api-no-ce90a-thout-url-param-returns-4xx-mobile-chrome-retry1/trace.zip
    Usage:

        npx playwright show-trace test-results/public-api-deep-GET-api-no-ce90a-thout-url-param-returns-4xx-mobile-chrome-retry1/trace.zip

    ────────────────────────────────────────────────────────────────────────────────────────────────

  1712) [mobile-chrome] › e2e/public-api-deep.spec.ts:122:5 › POST /api/portal/enroll — empty body rejected 

    Error: apiRequestContext.post: connect ECONNREFUSED ::1:4000
    Call log:
      - → POST http://localhost:4000/api/portal/enroll
        - user-agent: Mozilla/5.0 (Linux; Android 14; Pixel 7) AppleWebKit/537.36 (KHTML, like Gecko) Chrome/151.0.7922.34 Mobile Safari/537.36
        - accept: */*
        - accept-encoding: gzip,deflate,br
        - content-type: application/json
        - content-length: 2

        at apiRequestContext.post: connect ECONNREFUSED ::1:4000
        at /home/tbaltzakis/cloudless.gr/e2e/public-api-deep.spec.ts:123:27

    attachment #1: screenshot (image/png) ──────────────────────────────────────────────────────────
    test-results/public-api-deep-POST-api-portal-enroll-—-empty-body-rejected-mobile-chrome/test-failed-1.png
    ────────────────────────────────────────────────────────────────────────────────────────────────

    attachment #2: video (video/webm) ──────────────────────────────────────────────────────────────
    test-results/public-api-deep-POST-api-portal-enroll-—-empty-body-rejected-mobile-chrome/video.webm
    ────────────────────────────────────────────────────────────────────────────────────────────────

    Error Context: test-results/public-api-deep-POST-api-portal-enroll-—-empty-body-rejected-mobile-chrome/error-context.md

    Retry #1 ───────────────────────────────────────────────────────────────────────────────────────

    Error: apiRequestContext.post: connect ECONNREFUSED ::1:4000
    Call log:
      - → POST http://localhost:4000/api/portal/enroll
        - user-agent: Mozilla/5.0 (Linux; Android 14; Pixel 7) AppleWebKit/537.36 (KHTML, like Gecko) Chrome/151.0.7922.34 Mobile Safari/537.36
        - accept: */*
        - accept-encoding: gzip,deflate,br
        - content-type: application/json
        - content-length: 2

        at apiRequestContext.post: connect ECONNREFUSED ::1:4000
        at /home/tbaltzakis/cloudless.gr/e2e/public-api-deep.spec.ts:123:27

    attachment #1: screenshot (image/png) ──────────────────────────────────────────────────────────
    test-results/public-api-deep-POST-api-portal-enroll-—-empty-body-rejected-mobile-chrome-retry1/test-failed-1.png
    ────────────────────────────────────────────────────────────────────────────────────────────────

    attachment #2: video (video/webm) ──────────────────────────────────────────────────────────────
    test-results/public-api-deep-POST-api-portal-enroll-—-empty-body-rejected-mobile-chrome-retry1/video.webm
    ────────────────────────────────────────────────────────────────────────────────────────────────

    Error Context: test-results/public-api-deep-POST-api-portal-enroll-—-empty-body-rejected-mobile-chrome-retry1/error-context.md

    attachment #4: trace (application/zip) ─────────────────────────────────────────────────────────
    test-results/public-api-deep-POST-api-portal-enroll-—-empty-body-rejected-mobile-chrome-retry1/trace.zip
    Usage:

        npx playwright show-trace test-results/public-api-deep-POST-api-portal-enroll-—-empty-body-rejected-mobile-chrome-retry1/trace.zip

    ────────────────────────────────────────────────────────────────────────────────────────────────

  1713) [mobile-chrome] › e2e/public-api-deep.spec.ts:127:5 › GET /api/portal/me — without auth returns 401 

    Error: apiRequestContext.get: connect ECONNREFUSED ::1:4000
    Call log:
      - → GET http://localhost:4000/api/portal/me
        - user-agent: Mozilla/5.0 (Linux; Android 14; Pixel 7) AppleWebKit/537.36 (KHTML, like Gecko) Chrome/151.0.7922.34 Mobile Safari/537.36
        - accept: */*
        - accept-encoding: gzip,deflate,br

        at apiRequestContext.get: connect ECONNREFUSED ::1:4000
        at /home/tbaltzakis/cloudless.gr/e2e/public-api-deep.spec.ts:128:27

    attachment #1: screenshot (image/png) ──────────────────────────────────────────────────────────
    test-results/public-api-deep-GET-api-portal-me-—-without-auth-returns-401-mobile-chrome/test-failed-1.png
    ────────────────────────────────────────────────────────────────────────────────────────────────

    attachment #2: video (video/webm) ──────────────────────────────────────────────────────────────
    test-results/public-api-deep-GET-api-portal-me-—-without-auth-returns-401-mobile-chrome/video.webm
    ────────────────────────────────────────────────────────────────────────────────────────────────

    Error Context: test-results/public-api-deep-GET-api-portal-me-—-without-auth-returns-401-mobile-chrome/error-context.md

    Retry #1 ───────────────────────────────────────────────────────────────────────────────────────

    Error: apiRequestContext.get: connect ECONNREFUSED ::1:4000
    Call log:
      - → GET http://localhost:4000/api/portal/me
        - user-agent: Mozilla/5.0 (Linux; Android 14; Pixel 7) AppleWebKit/537.36 (KHTML, like Gecko) Chrome/151.0.7922.34 Mobile Safari/537.36
        - accept: */*
        - accept-encoding: gzip,deflate,br

        at apiRequestContext.get: connect ECONNREFUSED ::1:4000
        at /home/tbaltzakis/cloudless.gr/e2e/public-api-deep.spec.ts:128:27

    attachment #1: screenshot (image/png) ──────────────────────────────────────────────────────────
    test-results/public-api-deep-GET-api-portal-me-—-without-auth-returns-401-mobile-chrome-retry1/test-failed-1.png
    ────────────────────────────────────────────────────────────────────────────────────────────────

    attachment #2: video (video/webm) ──────────────────────────────────────────────────────────────
    test-results/public-api-deep-GET-api-portal-me-—-without-auth-returns-401-mobile-chrome-retry1/video.webm
    ────────────────────────────────────────────────────────────────────────────────────────────────

    Error Context: test-results/public-api-deep-GET-api-portal-me-—-without-auth-returns-401-mobile-chrome-retry1/error-context.md

    attachment #4: trace (application/zip) ─────────────────────────────────────────────────────────
    test-results/public-api-deep-GET-api-portal-me-—-without-auth-returns-401-mobile-chrome-retry1/trace.zip
    Usage:

        npx playwright show-trace test-results/public-api-deep-GET-api-portal-me-—-without-auth-returns-401-mobile-chrome-retry1/trace.zip

    ────────────────────────────────────────────────────────────────────────────────────────────────

  1714) [mobile-chrome] › e2e/public-api-deep.spec.ts:132:5 › GET /api/portal/dummy-token — invalid token rejected 

    Error: apiRequestContext.get: connect ECONNREFUSED ::1:4000
    Call log:
      - → GET http://localhost:4000/api/portal/dummy-token
        - user-agent: Mozilla/5.0 (Linux; Android 14; Pixel 7) AppleWebKit/537.36 (KHTML, like Gecko) Chrome/151.0.7922.34 Mobile Safari/537.36
        - accept: */*
        - accept-encoding: gzip,deflate,br

        at apiRequestContext.get: connect ECONNREFUSED ::1:4000
        at /home/tbaltzakis/cloudless.gr/e2e/public-api-deep.spec.ts:133:27

    attachment #1: screenshot (image/png) ──────────────────────────────────────────────────────────
    test-results/public-api-deep-GET-api-po-88e83-en-—-invalid-token-rejected-mobile-chrome/test-failed-1.png
    ────────────────────────────────────────────────────────────────────────────────────────────────

    attachment #2: video (video/webm) ──────────────────────────────────────────────────────────────
    test-results/public-api-deep-GET-api-po-88e83-en-—-invalid-token-rejected-mobile-chrome/video.webm
    ────────────────────────────────────────────────────────────────────────────────────────────────

    Error Context: test-results/public-api-deep-GET-api-po-88e83-en-—-invalid-token-rejected-mobile-chrome/error-context.md

    Retry #1 ───────────────────────────────────────────────────────────────────────────────────────

    Error: apiRequestContext.get: connect ECONNREFUSED ::1:4000
    Call log:
      - → GET http://localhost:4000/api/portal/dummy-token
        - user-agent: Mozilla/5.0 (Linux; Android 14; Pixel 7) AppleWebKit/537.36 (KHTML, like Gecko) Chrome/151.0.7922.34 Mobile Safari/537.36
        - accept: */*
        - accept-encoding: gzip,deflate,br

        at apiRequestContext.get: connect ECONNREFUSED ::1:4000
        at /home/tbaltzakis/cloudless.gr/e2e/public-api-deep.spec.ts:133:27

    attachment #1: screenshot (image/png) ──────────────────────────────────────────────────────────
    test-results/public-api-deep-GET-api-po-88e83-en-—-invalid-token-rejected-mobile-chrome-retry1/test-failed-1.png
    ────────────────────────────────────────────────────────────────────────────────────────────────

    attachment #2: video (video/webm) ──────────────────────────────────────────────────────────────
    test-results/public-api-deep-GET-api-po-88e83-en-—-invalid-token-rejected-mobile-chrome-retry1/video.webm
    ────────────────────────────────────────────────────────────────────────────────────────────────

    Error Context: test-results/public-api-deep-GET-api-po-88e83-en-—-invalid-token-rejected-mobile-chrome-retry1/error-context.md

    attachment #4: trace (application/zip) ─────────────────────────────────────────────────────────
    test-results/public-api-deep-GET-api-po-88e83-en-—-invalid-token-rejected-mobile-chrome-retry1/trace.zip
    Usage:

        npx playwright show-trace test-results/public-api-deep-GET-api-po-88e83-en-—-invalid-token-rejected-mobile-chrome-retry1/trace.zip

    ────────────────────────────────────────────────────────────────────────────────────────────────

  1715) [mobile-chrome] › e2e/public-api-deep.spec.ts:137:5 › POST /api/agent/book — without payload rejected 

    Error: apiRequestContext.post: connect ECONNREFUSED ::1:4000
    Call log:
      - → POST http://localhost:4000/api/agent/book
        - user-agent: Mozilla/5.0 (Linux; Android 14; Pixel 7) AppleWebKit/537.36 (KHTML, like Gecko) Chrome/151.0.7922.34 Mobile Safari/537.36
        - accept: */*
        - accept-encoding: gzip,deflate,br
        - content-type: application/json
        - content-length: 2

        at apiRequestContext.post: connect ECONNREFUSED ::1:4000
        at /home/tbaltzakis/cloudless.gr/e2e/public-api-deep.spec.ts:138:27

    attachment #1: screenshot (image/png) ──────────────────────────────────────────────────────────
    test-results/public-api-deep-POST-api-a-47007--—-without-payload-rejected-mobile-chrome/test-failed-1.png
    ────────────────────────────────────────────────────────────────────────────────────────────────

    attachment #2: video (video/webm) ──────────────────────────────────────────────────────────────
    test-results/public-api-deep-POST-api-a-47007--—-without-payload-rejected-mobile-chrome/video.webm
    ────────────────────────────────────────────────────────────────────────────────────────────────

    Error Context: test-results/public-api-deep-POST-api-a-47007--—-without-payload-rejected-mobile-chrome/error-context.md

    Retry #1 ───────────────────────────────────────────────────────────────────────────────────────

    Error: apiRequestContext.post: connect ECONNREFUSED ::1:4000
    Call log:
      - → POST http://localhost:4000/api/agent/book
        - user-agent: Mozilla/5.0 (Linux; Android 14; Pixel 7) AppleWebKit/537.36 (KHTML, like Gecko) Chrome/151.0.7922.34 Mobile Safari/537.36
        - accept: */*
        - accept-encoding: gzip,deflate,br
        - content-type: application/json
        - content-length: 2

        at apiRequestContext.post: connect ECONNREFUSED ::1:4000
        at /home/tbaltzakis/cloudless.gr/e2e/public-api-deep.spec.ts:138:27

    attachment #1: screenshot (image/png) ──────────────────────────────────────────────────────────
    test-results/public-api-deep-POST-api-a-47007--—-without-payload-rejected-mobile-chrome-retry1/test-failed-1.png
    ────────────────────────────────────────────────────────────────────────────────────────────────

    attachment #2: video (video/webm) ──────────────────────────────────────────────────────────────
    test-results/public-api-deep-POST-api-a-47007--—-without-payload-rejected-mobile-chrome-retry1/video.webm
    ────────────────────────────────────────────────────────────────────────────────────────────────

    Error Context: test-results/public-api-deep-POST-api-a-47007--—-without-payload-rejected-mobile-chrome-retry1/error-context.md

    attachment #4: trace (application/zip) ─────────────────────────────────────────────────────────
    test-results/public-api-deep-POST-api-a-47007--—-without-payload-rejected-mobile-chrome-retry1/trace.zip
    Usage:

        npx playwright show-trace test-results/public-api-deep-POST-api-a-47007--—-without-payload-rejected-mobile-chrome-retry1/trace.zip

    ────────────────────────────────────────────────────────────────────────────────────────────────

  1716) [mobile-chrome] › e2e/public-api-deep.spec.ts:142:5 › POST /api/newsletter/send — without auth returns 401/403 

    Error: apiRequestContext.post: connect ECONNREFUSED ::1:4000
    Call log:
      - → POST http://localhost:4000/api/newsletter/send
        - user-agent: Mozilla/5.0 (Linux; Android 14; Pixel 7) AppleWebKit/537.36 (KHTML, like Gecko) Chrome/151.0.7922.34 Mobile Safari/537.36
        - accept: */*
        - accept-encoding: gzip,deflate,br
        - content-type: application/json
        - content-length: 2

        at apiRequestContext.post: connect ECONNREFUSED ::1:4000
        at /home/tbaltzakis/cloudless.gr/e2e/public-api-deep.spec.ts:143:27

    attachment #1: screenshot (image/png) ──────────────────────────────────────────────────────────
    test-results/public-api-deep-POST-api-n-f8ff7-ithout-auth-returns-401-403-mobile-chrome/test-failed-1.png
    ────────────────────────────────────────────────────────────────────────────────────────────────

    attachment #2: video (video/webm) ──────────────────────────────────────────────────────────────
    test-results/public-api-deep-POST-api-n-f8ff7-ithout-auth-returns-401-403-mobile-chrome/video.webm
    ────────────────────────────────────────────────────────────────────────────────────────────────

    Error Context: test-results/public-api-deep-POST-api-n-f8ff7-ithout-auth-returns-401-403-mobile-chrome/error-context.md

    Retry #1 ───────────────────────────────────────────────────────────────────────────────────────

    Error: apiRequestContext.post: connect ECONNREFUSED ::1:4000
    Call log:
      - → POST http://localhost:4000/api/newsletter/send
        - user-agent: Mozilla/5.0 (Linux; Android 14; Pixel 7) AppleWebKit/537.36 (KHTML, like Gecko) Chrome/151.0.7922.34 Mobile Safari/537.36
        - accept: */*
        - accept-encoding: gzip,deflate,br
        - content-type: application/json
        - content-length: 2

        at apiRequestContext.post: connect ECONNREFUSED ::1:4000
        at /home/tbaltzakis/cloudless.gr/e2e/public-api-deep.spec.ts:143:27

    attachment #1: screenshot (image/png) ──────────────────────────────────────────────────────────
    test-results/public-api-deep-POST-api-n-f8ff7-ithout-auth-returns-401-403-mobile-chrome-retry1/test-failed-1.png
    ────────────────────────────────────────────────────────────────────────────────────────────────

    attachment #2: video (video/webm) ──────────────────────────────────────────────────────────────
    test-results/public-api-deep-POST-api-n-f8ff7-ithout-auth-returns-401-403-mobile-chrome-retry1/video.webm
    ────────────────────────────────────────────────────────────────────────────────────────────────

    Error Context: test-results/public-api-deep-POST-api-n-f8ff7-ithout-auth-returns-401-403-mobile-chrome-retry1/error-context.md

    attachment #4: trace (application/zip) ─────────────────────────────────────────────────────────
    test-results/public-api-deep-POST-api-n-f8ff7-ithout-auth-returns-401-403-mobile-chrome-retry1/trace.zip
    Usage:

        npx playwright show-trace test-results/public-api-deep-POST-api-n-f8ff7-ithout-auth-returns-401-403-mobile-chrome-retry1/trace.zip

    ────────────────────────────────────────────────────────────────────────────────────────────────

  1717) [mobile-chrome] › e2e/public-api-deep.spec.ts:149:5 › GET /api/health — returns ok shape ───

    Error: apiRequestContext.get: connect ECONNREFUSED ::1:4000
    Call log:
      - → GET http://localhost:4000/api/health
        - user-agent: Mozilla/5.0 (Linux; Android 14; Pixel 7) AppleWebKit/537.36 (KHTML, like Gecko) Chrome/151.0.7922.34 Mobile Safari/537.36
        - accept: */*
        - accept-encoding: gzip,deflate,br

        at apiRequestContext.get: connect ECONNREFUSED ::1:4000
        at /home/tbaltzakis/cloudless.gr/e2e/public-api-deep.spec.ts:150:27

    attachment #1: screenshot (image/png) ──────────────────────────────────────────────────────────
    test-results/public-api-deep-GET-api-health-—-returns-ok-shape-mobile-chrome/test-failed-1.png
    ────────────────────────────────────────────────────────────────────────────────────────────────

    attachment #2: video (video/webm) ──────────────────────────────────────────────────────────────
    test-results/public-api-deep-GET-api-health-—-returns-ok-shape-mobile-chrome/video.webm
    ────────────────────────────────────────────────────────────────────────────────────────────────

    Error Context: test-results/public-api-deep-GET-api-health-—-returns-ok-shape-mobile-chrome/error-context.md

    Retry #1 ───────────────────────────────────────────────────────────────────────────────────────

    Error: apiRequestContext.get: connect ECONNREFUSED ::1:4000
    Call log:
      - → GET http://localhost:4000/api/health
        - user-agent: Mozilla/5.0 (Linux; Android 14; Pixel 7) AppleWebKit/537.36 (KHTML, like Gecko) Chrome/151.0.7922.34 Mobile Safari/537.36
        - accept: */*
        - accept-encoding: gzip,deflate,br

        at apiRequestContext.get: connect ECONNREFUSED ::1:4000
        at /home/tbaltzakis/cloudless.gr/e2e/public-api-deep.spec.ts:150:27

    attachment #1: screenshot (image/png) ──────────────────────────────────────────────────────────
    test-results/public-api-deep-GET-api-health-—-returns-ok-shape-mobile-chrome-retry1/test-failed-1.png
    ────────────────────────────────────────────────────────────────────────────────────────────────

    attachment #2: video (video/webm) ──────────────────────────────────────────────────────────────
    test-results/public-api-deep-GET-api-health-—-returns-ok-shape-mobile-chrome-retry1/video.webm
    ────────────────────────────────────────────────────────────────────────────────────────────────

    Error Context: test-results/public-api-deep-GET-api-health-—-returns-ok-shape-mobile-chrome-retry1/error-context.md

    attachment #4: trace (application/zip) ─────────────────────────────────────────────────────────
    test-results/public-api-deep-GET-api-health-—-returns-ok-shape-mobile-chrome-retry1/trace.zip
    Usage:

        npx playwright show-trace test-results/public-api-deep-GET-api-health-—-returns-ok-shape-mobile-chrome-retry1/trace.zip

    ────────────────────────────────────────────────────────────────────────────────────────────────

  1718) [mobile-chrome] › e2e/public-api-deep.spec.ts:162:5 › POST /api/calendar/book — empty body rejected 

    Error: apiRequestContext.post: connect ECONNREFUSED ::1:4000
    Call log:
      - → POST http://localhost:4000/api/calendar/book
        - user-agent: Mozilla/5.0 (Linux; Android 14; Pixel 7) AppleWebKit/537.36 (KHTML, like Gecko) Chrome/151.0.7922.34 Mobile Safari/537.36
        - accept: */*
        - accept-encoding: gzip,deflate,br
        - content-type: application/json
        - content-length: 2

        at apiRequestContext.post: connect ECONNREFUSED ::1:4000
        at /home/tbaltzakis/cloudless.gr/e2e/public-api-deep.spec.ts:163:27

    attachment #1: screenshot (image/png) ──────────────────────────────────────────────────────────
    test-results/public-api-deep-POST-api-calendar-book-—-empty-body-rejected-mobile-chrome/test-failed-1.png
    ────────────────────────────────────────────────────────────────────────────────────────────────

    attachment #2: video (video/webm) ──────────────────────────────────────────────────────────────
    test-results/public-api-deep-POST-api-calendar-book-—-empty-body-rejected-mobile-chrome/video.webm
    ────────────────────────────────────────────────────────────────────────────────────────────────

    Error Context: test-results/public-api-deep-POST-api-calendar-book-—-empty-body-rejected-mobile-chrome/error-context.md

    Retry #1 ───────────────────────────────────────────────────────────────────────────────────────

    Error: apiRequestContext.post: connect ECONNREFUSED ::1:4000
    Call log:
      - → POST http://localhost:4000/api/calendar/book
        - user-agent: Mozilla/5.0 (Linux; Android 14; Pixel 7) AppleWebKit/537.36 (KHTML, like Gecko) Chrome/151.0.7922.34 Mobile Safari/537.36
        - accept: */*
        - accept-encoding: gzip,deflate,br
        - content-type: application/json
        - content-length: 2

        at apiRequestContext.post: connect ECONNREFUSED ::1:4000
        at /home/tbaltzakis/cloudless.gr/e2e/public-api-deep.spec.ts:163:27

    attachment #1: screenshot (image/png) ──────────────────────────────────────────────────────────
    test-results/public-api-deep-POST-api-calendar-book-—-empty-body-rejected-mobile-chrome-retry1/test-failed-1.png
    ────────────────────────────────────────────────────────────────────────────────────────────────

    attachment #2: video (video/webm) ──────────────────────────────────────────────────────────────
    test-results/public-api-deep-POST-api-calendar-book-—-empty-body-rejected-mobile-chrome-retry1/video.webm
    ────────────────────────────────────────────────────────────────────────────────────────────────

    Error Context: test-results/public-api-deep-POST-api-calendar-book-—-empty-body-rejected-mobile-chrome-retry1/error-context.md

    attachment #4: trace (application/zip) ─────────────────────────────────────────────────────────
    test-results/public-api-deep-POST-api-calendar-book-—-empty-body-rejected-mobile-chrome-retry1/trace.zip
    Usage:

        npx playwright show-trace test-results/public-api-deep-POST-api-calendar-book-—-empty-body-rejected-mobile-chrome-retry1/trace.zip

    ────────────────────────────────────────────────────────────────────────────────────────────────

  1719) [mobile-chrome] › e2e/public-api-deep.spec.ts:167:5 › POST /api/checkout — empty body rejected 

    Error: apiRequestContext.post: connect ECONNREFUSED ::1:4000
    Call log:
      - → POST http://localhost:4000/api/checkout
        - user-agent: Mozilla/5.0 (Linux; Android 14; Pixel 7) AppleWebKit/537.36 (KHTML, like Gecko) Chrome/151.0.7922.34 Mobile Safari/537.36
        - accept: */*
        - accept-encoding: gzip,deflate,br
        - content-type: application/json
        - content-length: 2

        at apiRequestContext.post: connect ECONNREFUSED ::1:4000
        at /home/tbaltzakis/cloudless.gr/e2e/public-api-deep.spec.ts:168:27

    attachment #1: screenshot (image/png) ──────────────────────────────────────────────────────────
    test-results/public-api-deep-POST-api-checkout-—-empty-body-rejected-mobile-chrome/test-failed-1.png
    ────────────────────────────────────────────────────────────────────────────────────────────────

    attachment #2: video (video/webm) ──────────────────────────────────────────────────────────────
    test-results/public-api-deep-POST-api-checkout-—-empty-body-rejected-mobile-chrome/video.webm
    ────────────────────────────────────────────────────────────────────────────────────────────────

    Error Context: test-results/public-api-deep-POST-api-checkout-—-empty-body-rejected-mobile-chrome/error-context.md

    Retry #1 ───────────────────────────────────────────────────────────────────────────────────────

    Error: apiRequestContext.post: connect ECONNREFUSED ::1:4000
    Call log:
      - → POST http://localhost:4000/api/checkout
        - user-agent: Mozilla/5.0 (Linux; Android 14; Pixel 7) AppleWebKit/537.36 (KHTML, like Gecko) Chrome/151.0.7922.34 Mobile Safari/537.36
        - accept: */*
        - accept-encoding: gzip,deflate,br
        - content-type: application/json
        - content-length: 2

        at apiRequestContext.post: connect ECONNREFUSED ::1:4000
        at /home/tbaltzakis/cloudless.gr/e2e/public-api-deep.spec.ts:168:27

    attachment #1: screenshot (image/png) ──────────────────────────────────────────────────────────
    test-results/public-api-deep-POST-api-checkout-—-empty-body-rejected-mobile-chrome-retry1/test-failed-1.png
    ────────────────────────────────────────────────────────────────────────────────────────────────

    attachment #2: video (video/webm) ──────────────────────────────────────────────────────────────
    test-results/public-api-deep-POST-api-checkout-—-empty-body-rejected-mobile-chrome-retry1/video.webm
    ────────────────────────────────────────────────────────────────────────────────────────────────

    Error Context: test-results/public-api-deep-POST-api-checkout-—-empty-body-rejected-mobile-chrome-retry1/error-context.md

    attachment #4: trace (application/zip) ─────────────────────────────────────────────────────────
    test-results/public-api-deep-POST-api-checkout-—-empty-body-rejected-mobile-chrome-retry1/trace.zip
    Usage:

        npx playwright show-trace test-results/public-api-deep-POST-api-checkout-—-empty-body-rejected-mobile-chrome-retry1/trace.zip

    ────────────────────────────────────────────────────────────────────────────────────────────────

  1720) [mobile-chrome] › e2e/public-api-deep.spec.ts:172:5 › POST /api/csp-report — accepts CSP violation report 

    Error: apiRequestContext.post: connect ECONNREFUSED ::1:4000
    Call log:
      - → POST http://localhost:4000/api/csp-report
        - user-agent: Mozilla/5.0 (Linux; Android 14; Pixel 7) AppleWebKit/537.36 (KHTML, like Gecko) Chrome/151.0.7922.34 Mobile Safari/537.36
        - accept: */*
        - accept-encoding: gzip,deflate,br
        - Content-Type: application/csp-report
        - content-length: 70

        at apiRequestContext.post: connect ECONNREFUSED ::1:4000
        at /home/tbaltzakis/cloudless.gr/e2e/public-api-deep.spec.ts:173:27

    attachment #1: screenshot (image/png) ──────────────────────────────────────────────────────────
    test-results/public-api-deep-POST-api-c-26a0f-ccepts-CSP-violation-report-mobile-chrome/test-failed-1.png
    ────────────────────────────────────────────────────────────────────────────────────────────────

    attachment #2: video (video/webm) ──────────────────────────────────────────────────────────────
    test-results/public-api-deep-POST-api-c-26a0f-ccepts-CSP-violation-report-mobile-chrome/video.webm
    ────────────────────────────────────────────────────────────────────────────────────────────────

    Error Context: test-results/public-api-deep-POST-api-c-26a0f-ccepts-CSP-violation-report-mobile-chrome/error-context.md

    Retry #1 ───────────────────────────────────────────────────────────────────────────────────────

    Error: apiRequestContext.post: connect ECONNREFUSED ::1:4000
    Call log:
      - → POST http://localhost:4000/api/csp-report
        - user-agent: Mozilla/5.0 (Linux; Android 14; Pixel 7) AppleWebKit/537.36 (KHTML, like Gecko) Chrome/151.0.7922.34 Mobile Safari/537.36
        - accept: */*
        - accept-encoding: gzip,deflate,br
        - Content-Type: application/csp-report
        - content-length: 70

        at apiRequestContext.post: connect ECONNREFUSED ::1:4000
        at /home/tbaltzakis/cloudless.gr/e2e/public-api-deep.spec.ts:173:27

    attachment #1: screenshot (image/png) ──────────────────────────────────────────────────────────
    test-results/public-api-deep-POST-api-c-26a0f-ccepts-CSP-violation-report-mobile-chrome-retry1/test-failed-1.png
    ────────────────────────────────────────────────────────────────────────────────────────────────

    attachment #2: video (video/webm) ──────────────────────────────────────────────────────────────
    test-results/public-api-deep-POST-api-c-26a0f-ccepts-CSP-violation-report-mobile-chrome-retry1/video.webm
    ────────────────────────────────────────────────────────────────────────────────────────────────

    Error Context: test-results/public-api-deep-POST-api-c-26a0f-ccepts-CSP-violation-report-mobile-chrome-retry1/error-context.md

    attachment #4: trace (application/zip) ─────────────────────────────────────────────────────────
    test-results/public-api-deep-POST-api-c-26a0f-ccepts-CSP-violation-report-mobile-chrome-retry1/trace.zip
    Usage:

        npx playwright show-trace test-results/public-api-deep-POST-api-c-26a0f-ccepts-CSP-violation-report-mobile-chrome-retry1/trace.zip

    ────────────────────────────────────────────────────────────────────────────────────────────────

  1721) [mobile-chrome] › e2e/public-api-deep.spec.ts:181:5 › POST /api/crm/contact — empty rejected 

    Error: apiRequestContext.post: connect ECONNREFUSED ::1:4000
    Call log:
      - → POST http://localhost:4000/api/crm/contact
        - user-agent: Mozilla/5.0 (Linux; Android 14; Pixel 7) AppleWebKit/537.36 (KHTML, like Gecko) Chrome/151.0.7922.34 Mobile Safari/537.36
        - accept: */*
        - accept-encoding: gzip,deflate,br
        - content-type: application/json
        - content-length: 2

        at apiRequestContext.post: connect ECONNREFUSED ::1:4000
        at /home/tbaltzakis/cloudless.gr/e2e/public-api-deep.spec.ts:182:27

    attachment #1: screenshot (image/png) ──────────────────────────────────────────────────────────
    test-results/public-api-deep-POST-api-crm-contact-—-empty-rejected-mobile-chrome/test-failed-1.png
    ────────────────────────────────────────────────────────────────────────────────────────────────

    attachment #2: video (video/webm) ──────────────────────────────────────────────────────────────
    test-results/public-api-deep-POST-api-crm-contact-—-empty-rejected-mobile-chrome/video.webm
    ────────────────────────────────────────────────────────────────────────────────────────────────

    Error Context: test-results/public-api-deep-POST-api-crm-contact-—-empty-rejected-mobile-chrome/error-context.md

    Retry #1 ───────────────────────────────────────────────────────────────────────────────────────

    Error: apiRequestContext.post: connect ECONNREFUSED ::1:4000
    Call log:
      - → POST http://localhost:4000/api/crm/contact
        - user-agent: Mozilla/5.0 (Linux; Android 14; Pixel 7) AppleWebKit/537.36 (KHTML, like Gecko) Chrome/151.0.7922.34 Mobile Safari/537.36
        - accept: */*
        - accept-encoding: gzip,deflate,br
        - content-type: application/json
        - content-length: 2

        at apiRequestContext.post: connect ECONNREFUSED ::1:4000
        at /home/tbaltzakis/cloudless.gr/e2e/public-api-deep.spec.ts:182:27

    attachment #1: screenshot (image/png) ──────────────────────────────────────────────────────────
    test-results/public-api-deep-POST-api-crm-contact-—-empty-rejected-mobile-chrome-retry1/test-failed-1.png
    ────────────────────────────────────────────────────────────────────────────────────────────────

    attachment #2: video (video/webm) ──────────────────────────────────────────────────────────────
    test-results/public-api-deep-POST-api-crm-contact-—-empty-rejected-mobile-chrome-retry1/video.webm
    ────────────────────────────────────────────────────────────────────────────────────────────────

    Error Context: test-results/public-api-deep-POST-api-crm-contact-—-empty-rejected-mobile-chrome-retry1/error-context.md

    attachment #4: trace (application/zip) ─────────────────────────────────────────────────────────
    test-results/public-api-deep-POST-api-crm-contact-—-empty-rejected-mobile-chrome-retry1/trace.zip
    Usage:

        npx playwright show-trace test-results/public-api-deep-POST-api-crm-contact-—-empty-rejected-mobile-chrome-retry1/trace.zip

    ────────────────────────────────────────────────────────────────────────────────────────────────

  1722) [mobile-chrome] › e2e/public-api-deep.spec.ts:186:5 › POST /api/unsubscribe — without token rejected 

    Error: apiRequestContext.post: connect ECONNREFUSED ::1:4000
    Call log:
      - → POST http://localhost:4000/api/unsubscribe
        - user-agent: Mozilla/5.0 (Linux; Android 14; Pixel 7) AppleWebKit/537.36 (KHTML, like Gecko) Chrome/151.0.7922.34 Mobile Safari/537.36
        - accept: */*
        - accept-encoding: gzip,deflate,br
        - content-type: application/json
        - content-length: 2

        at apiRequestContext.post: connect ECONNREFUSED ::1:4000
        at /home/tbaltzakis/cloudless.gr/e2e/public-api-deep.spec.ts:187:27

    attachment #1: screenshot (image/png) ──────────────────────────────────────────────────────────
    test-results/public-api-deep-POST-api-u-aaa7f-be-—-without-token-rejected-mobile-chrome/test-failed-1.png
    ────────────────────────────────────────────────────────────────────────────────────────────────

    attachment #2: video (video/webm) ──────────────────────────────────────────────────────────────
    test-results/public-api-deep-POST-api-u-aaa7f-be-—-without-token-rejected-mobile-chrome/video.webm
    ────────────────────────────────────────────────────────────────────────────────────────────────

    Error Context: test-results/public-api-deep-POST-api-u-aaa7f-be-—-without-token-rejected-mobile-chrome/error-context.md

    Retry #1 ───────────────────────────────────────────────────────────────────────────────────────

    Error: apiRequestContext.post: connect ECONNREFUSED ::1:4000
    Call log:
      - → POST http://localhost:4000/api/unsubscribe
        - user-agent: Mozilla/5.0 (Linux; Android 14; Pixel 7) AppleWebKit/537.36 (KHTML, like Gecko) Chrome/151.0.7922.34 Mobile Safari/537.36
        - accept: */*
        - accept-encoding: gzip,deflate,br
        - content-type: application/json
        - content-length: 2

        at apiRequestContext.post: connect ECONNREFUSED ::1:4000
        at /home/tbaltzakis/cloudless.gr/e2e/public-api-deep.spec.ts:187:27

    attachment #1: screenshot (image/png) ──────────────────────────────────────────────────────────
    test-results/public-api-deep-POST-api-u-aaa7f-be-—-without-token-rejected-mobile-chrome-retry1/test-failed-1.png
    ────────────────────────────────────────────────────────────────────────────────────────────────

    attachment #2: video (video/webm) ──────────────────────────────────────────────────────────────
    test-results/public-api-deep-POST-api-u-aaa7f-be-—-without-token-rejected-mobile-chrome-retry1/video.webm
    ────────────────────────────────────────────────────────────────────────────────────────────────

    Error Context: test-results/public-api-deep-POST-api-u-aaa7f-be-—-without-token-rejected-mobile-chrome-retry1/error-context.md

    attachment #4: trace (application/zip) ─────────────────────────────────────────────────────────
    test-results/public-api-deep-POST-api-u-aaa7f-be-—-without-token-rejected-mobile-chrome-retry1/trace.zip
    Usage:

        npx playwright show-trace test-results/public-api-deep-POST-api-u-aaa7f-be-—-without-token-rejected-mobile-chrome-retry1/trace.zip

    ────────────────────────────────────────────────────────────────────────────────────────────────

  1723) [mobile-chrome] › e2e/public-api-deep.spec.ts:196:5 › GET /api/blog/hello-world — handles slug lookup 

    Error: apiRequestContext.get: connect ECONNREFUSED ::1:4000
    Call log:
      - → GET http://localhost:4000/api/blog/hello-world
        - user-agent: Mozilla/5.0 (Linux; Android 14; Pixel 7) AppleWebKit/537.36 (KHTML, like Gecko) Chrome/151.0.7922.34 Mobile Safari/537.36
        - accept: */*
        - accept-encoding: gzip,deflate,br

        at apiRequestContext.get: connect ECONNREFUSED ::1:4000
        at /home/tbaltzakis/cloudless.gr/e2e/public-api-deep.spec.ts:197:27

    attachment #1: screenshot (image/png) ──────────────────────────────────────────────────────────
    test-results/public-api-deep-GET-api-bl-806a2-world-—-handles-slug-lookup-mobile-chrome/test-failed-1.png
    ────────────────────────────────────────────────────────────────────────────────────────────────

    attachment #2: video (video/webm) ──────────────────────────────────────────────────────────────
    test-results/public-api-deep-GET-api-bl-806a2-world-—-handles-slug-lookup-mobile-chrome/video.webm
    ────────────────────────────────────────────────────────────────────────────────────────────────

    Error Context: test-results/public-api-deep-GET-api-bl-806a2-world-—-handles-slug-lookup-mobile-chrome/error-context.md

    Retry #1 ───────────────────────────────────────────────────────────────────────────────────────

    Error: apiRequestContext.get: connect ECONNREFUSED ::1:4000
    Call log:
      - → GET http://localhost:4000/api/blog/hello-world
        - user-agent: Mozilla/5.0 (Linux; Android 14; Pixel 7) AppleWebKit/537.36 (KHTML, like Gecko) Chrome/151.0.7922.34 Mobile Safari/537.36
        - accept: */*
        - accept-encoding: gzip,deflate,br

        at apiRequestContext.get: connect ECONNREFUSED ::1:4000
        at /home/tbaltzakis/cloudless.gr/e2e/public-api-deep.spec.ts:197:27

    attachment #1: screenshot (image/png) ──────────────────────────────────────────────────────────
    test-results/public-api-deep-GET-api-bl-806a2-world-—-handles-slug-lookup-mobile-chrome-retry1/test-failed-1.png
    ────────────────────────────────────────────────────────────────────────────────────────────────

    attachment #2: video (video/webm) ──────────────────────────────────────────────────────────────
    test-results/public-api-deep-GET-api-bl-806a2-world-—-handles-slug-lookup-mobile-chrome-retry1/video.webm
    ────────────────────────────────────────────────────────────────────────────────────────────────

    Error Context: test-results/public-api-deep-GET-api-bl-806a2-world-—-handles-slug-lookup-mobile-chrome-retry1/error-context.md

    attachment #4: trace (application/zip) ─────────────────────────────────────────────────────────
    test-results/public-api-deep-GET-api-bl-806a2-world-—-handles-slug-lookup-mobile-chrome-retry1/trace.zip
    Usage:

        npx playwright show-trace test-results/public-api-deep-GET-api-bl-806a2-world-—-handles-slug-lookup-mobile-chrome-retry1/trace.zip

    ────────────────────────────────────────────────────────────────────────────────────────────────

  1724) [mobile-chrome] › e2e/public-api-deep.spec.ts:201:5 › GET /api/case-studies/sample — handles slug lookup 

    Error: apiRequestContext.get: connect ECONNREFUSED ::1:4000
    Call log:
      - → GET http://localhost:4000/api/case-studies/sample
        - user-agent: Mozilla/5.0 (Linux; Android 14; Pixel 7) AppleWebKit/537.36 (KHTML, like Gecko) Chrome/151.0.7922.34 Mobile Safari/537.36
        - accept: */*
        - accept-encoding: gzip,deflate,br

        at apiRequestContext.get: connect ECONNREFUSED ::1:4000
        at /home/tbaltzakis/cloudless.gr/e2e/public-api-deep.spec.ts:202:27

    attachment #1: screenshot (image/png) ──────────────────────────────────────────────────────────
    test-results/public-api-deep-GET-api-ca-f17d0-ample-—-handles-slug-lookup-mobile-chrome/test-failed-1.png
    ────────────────────────────────────────────────────────────────────────────────────────────────

    attachment #2: video (video/webm) ──────────────────────────────────────────────────────────────
    test-results/public-api-deep-GET-api-ca-f17d0-ample-—-handles-slug-lookup-mobile-chrome/video.webm
    ────────────────────────────────────────────────────────────────────────────────────────────────

    Error Context: test-results/public-api-deep-GET-api-ca-f17d0-ample-—-handles-slug-lookup-mobile-chrome/error-context.md

    Retry #1 ───────────────────────────────────────────────────────────────────────────────────────

    Error: apiRequestContext.get: connect ECONNREFUSED ::1:4000
    Call log:
      - → GET http://localhost:4000/api/case-studies/sample
        - user-agent: Mozilla/5.0 (Linux; Android 14; Pixel 7) AppleWebKit/537.36 (KHTML, like Gecko) Chrome/151.0.7922.34 Mobile Safari/537.36
        - accept: */*
        - accept-encoding: gzip,deflate,br

        at apiRequestContext.get: connect ECONNREFUSED ::1:4000
        at /home/tbaltzakis/cloudless.gr/e2e/public-api-deep.spec.ts:202:27

    attachment #1: screenshot (image/png) ──────────────────────────────────────────────────────────
    test-results/public-api-deep-GET-api-ca-f17d0-ample-—-handles-slug-lookup-mobile-chrome-retry1/test-failed-1.png
    ────────────────────────────────────────────────────────────────────────────────────────────────

    attachment #2: video (video/webm) ──────────────────────────────────────────────────────────────
    test-results/public-api-deep-GET-api-ca-f17d0-ample-—-handles-slug-lookup-mobile-chrome-retry1/video.webm
    ────────────────────────────────────────────────────────────────────────────────────────────────

    Error Context: test-results/public-api-deep-GET-api-ca-f17d0-ample-—-handles-slug-lookup-mobile-chrome-retry1/error-context.md

    attachment #4: trace (application/zip) ─────────────────────────────────────────────────────────
    test-results/public-api-deep-GET-api-ca-f17d0-ample-—-handles-slug-lookup-mobile-chrome-retry1/trace.zip
    Usage:

        npx playwright show-trace test-results/public-api-deep-GET-api-ca-f17d0-ample-—-handles-slug-lookup-mobile-chrome-retry1/trace.zip

    ────────────────────────────────────────────────────────────────────────────────────────────────

  1725) [mobile-chrome] › e2e/public-api-deep.spec.ts:206:5 › GET /api/docs/getting-started — handles slug lookup 

    Error: apiRequestContext.get: connect ECONNREFUSED ::1:4000
    Call log:
      - → GET http://localhost:4000/api/docs/getting-started
        - user-agent: Mozilla/5.0 (Linux; Android 14; Pixel 7) AppleWebKit/537.36 (KHTML, like Gecko) Chrome/151.0.7922.34 Mobile Safari/537.36
        - accept: */*
        - accept-encoding: gzip,deflate,br

        at apiRequestContext.get: connect ECONNREFUSED ::1:4000
        at /home/tbaltzakis/cloudless.gr/e2e/public-api-deep.spec.ts:207:27

    attachment #1: screenshot (image/png) ──────────────────────────────────────────────────────────
    test-results/public-api-deep-GET-api-do-a3cda-arted-—-handles-slug-lookup-mobile-chrome/test-failed-1.png
    ────────────────────────────────────────────────────────────────────────────────────────────────

    attachment #2: video (video/webm) ──────────────────────────────────────────────────────────────
    test-results/public-api-deep-GET-api-do-a3cda-arted-—-handles-slug-lookup-mobile-chrome/video.webm
    ────────────────────────────────────────────────────────────────────────────────────────────────

    Error Context: test-results/public-api-deep-GET-api-do-a3cda-arted-—-handles-slug-lookup-mobile-chrome/error-context.md

    Retry #1 ───────────────────────────────────────────────────────────────────────────────────────

    Error: apiRequestContext.get: connect ECONNREFUSED ::1:4000
    Call log:
      - → GET http://localhost:4000/api/docs/getting-started
        - user-agent: Mozilla/5.0 (Linux; Android 14; Pixel 7) AppleWebKit/537.36 (KHTML, like Gecko) Chrome/151.0.7922.34 Mobile Safari/537.36
        - accept: */*
        - accept-encoding: gzip,deflate,br

        at apiRequestContext.get: connect ECONNREFUSED ::1:4000
        at /home/tbaltzakis/cloudless.gr/e2e/public-api-deep.spec.ts:207:27

    attachment #1: screenshot (image/png) ──────────────────────────────────────────────────────────
    test-results/public-api-deep-GET-api-do-a3cda-arted-—-handles-slug-lookup-mobile-chrome-retry1/test-failed-1.png
    ────────────────────────────────────────────────────────────────────────────────────────────────

    attachment #2: video (video/webm) ──────────────────────────────────────────────────────────────
    test-results/public-api-deep-GET-api-do-a3cda-arted-—-handles-slug-lookup-mobile-chrome-retry1/video.webm
    ────────────────────────────────────────────────────────────────────────────────────────────────

    Error Context: test-results/public-api-deep-GET-api-do-a3cda-arted-—-handles-slug-lookup-mobile-chrome-retry1/error-context.md

    attachment #4: trace (application/zip) ─────────────────────────────────────────────────────────
    test-results/public-api-deep-GET-api-do-a3cda-arted-—-handles-slug-lookup-mobile-chrome-retry1/trace.zip
    Usage:

        npx playwright show-trace test-results/public-api-deep-GET-api-do-a3cda-arted-—-handles-slug-lookup-mobile-chrome-retry1/trace.zip

    ────────────────────────────────────────────────────────────────────────────────────────────────

  1726) [mobile-chrome] › e2e/public-api-deep.spec.ts:213:5 › POST /api/portal/me with missing auth header 

    Error: apiRequestContext.post: connect ECONNREFUSED ::1:4000
    Call log:
      - → POST http://localhost:4000/api/portal/me
        - user-agent: Mozilla/5.0 (Linux; Android 14; Pixel 7) AppleWebKit/537.36 (KHTML, like Gecko) Chrome/151.0.7922.34 Mobile Safari/537.36
        - accept: */*
        - accept-encoding: gzip,deflate,br
        - content-type: application/json
        - content-length: 2

        at apiRequestContext.post: connect ECONNREFUSED ::1:4000
        at /home/tbaltzakis/cloudless.gr/e2e/public-api-deep.spec.ts:214:27

    attachment #1: screenshot (image/png) ──────────────────────────────────────────────────────────
    test-results/public-api-deep-POST-api-portal-me-with-missing-auth-header-mobile-chrome/test-failed-1.png
    ────────────────────────────────────────────────────────────────────────────────────────────────

    attachment #2: video (video/webm) ──────────────────────────────────────────────────────────────
    test-results/public-api-deep-POST-api-portal-me-with-missing-auth-header-mobile-chrome/video.webm
    ────────────────────────────────────────────────────────────────────────────────────────────────

    Error Context: test-results/public-api-deep-POST-api-portal-me-with-missing-auth-header-mobile-chrome/error-context.md

    Retry #1 ───────────────────────────────────────────────────────────────────────────────────────

    Error: apiRequestContext.post: connect ECONNREFUSED ::1:4000
    Call log:
      - → POST http://localhost:4000/api/portal/me
        - user-agent: Mozilla/5.0 (Linux; Android 14; Pixel 7) AppleWebKit/537.36 (KHTML, like Gecko) Chrome/151.0.7922.34 Mobile Safari/537.36
        - accept: */*
        - accept-encoding: gzip,deflate,br
        - content-type: application/json
        - content-length: 2

        at apiRequestContext.post: connect ECONNREFUSED ::1:4000
        at /home/tbaltzakis/cloudless.gr/e2e/public-api-deep.spec.ts:214:27

    attachment #1: screenshot (image/png) ──────────────────────────────────────────────────────────
    test-results/public-api-deep-POST-api-portal-me-with-missing-auth-header-mobile-chrome-retry1/test-failed-1.png
    ────────────────────────────────────────────────────────────────────────────────────────────────

    attachment #2: video (video/webm) ──────────────────────────────────────────────────────────────
    test-results/public-api-deep-POST-api-portal-me-with-missing-auth-header-mobile-chrome-retry1/video.webm
    ────────────────────────────────────────────────────────────────────────────────────────────────

    Error Context: test-results/public-api-deep-POST-api-portal-me-with-missing-auth-header-mobile-chrome-retry1/error-context.md

    attachment #4: trace (application/zip) ─────────────────────────────────────────────────────────
    test-results/public-api-deep-POST-api-portal-me-with-missing-auth-header-mobile-chrome-retry1/trace.zip
    Usage:

        npx playwright show-trace test-results/public-api-deep-POST-api-portal-me-with-missing-auth-header-mobile-chrome-retry1/trace.zip

    ────────────────────────────────────────────────────────────────────────────────────────────────

  1727) [mobile-chrome] › e2e/public-api-deep.spec.ts:218:5 › oversized payload rejected on /api/contact (10MB) 

    Error: apiRequestContext.post: connect ECONNREFUSED ::1:4000
    Call log:
      - → POST http://localhost:4000/api/contact
        - user-agent: Mozilla/5.0 (Linux; Android 14; Pixel 7) AppleWebKit/537.36 (KHTML, like Gecko) Chrome/151.0.7922.34 Mobile Safari/537.36
        - accept: */*
        - accept-encoding: gzip,deflate,br
        - content-type: application/json
        - content-length: 10485803

        at apiRequestContext.post: connect ECONNREFUSED ::1:4000
        at /home/tbaltzakis/cloudless.gr/e2e/public-api-deep.spec.ts:220:27

    attachment #1: screenshot (image/png) ──────────────────────────────────────────────────────────
    test-results/public-api-deep-oversized--99a9d-jected-on-api-contact-10MB--mobile-chrome/test-failed-1.png
    ────────────────────────────────────────────────────────────────────────────────────────────────

    attachment #2: video (video/webm) ──────────────────────────────────────────────────────────────
    test-results/public-api-deep-oversized--99a9d-jected-on-api-contact-10MB--mobile-chrome/video.webm
    ────────────────────────────────────────────────────────────────────────────────────────────────

    Error Context: test-results/public-api-deep-oversized--99a9d-jected-on-api-contact-10MB--mobile-chrome/error-context.md

    Retry #1 ───────────────────────────────────────────────────────────────────────────────────────

    Error: apiRequestContext.post: connect ECONNREFUSED ::1:4000
    Call log:
      - → POST http://localhost:4000/api/contact
        - user-agent: Mozilla/5.0 (Linux; Android 14; Pixel 7) AppleWebKit/537.36 (KHTML, like Gecko) Chrome/151.0.7922.34 Mobile Safari/537.36
        - accept: */*
        - accept-encoding: gzip,deflate,br
        - content-type: application/json
        - content-length: 10485803

        at apiRequestContext.post: connect ECONNREFUSED ::1:4000
        at /home/tbaltzakis/cloudless.gr/e2e/public-api-deep.spec.ts:220:27

    attachment #1: screenshot (image/png) ──────────────────────────────────────────────────────────
    test-results/public-api-deep-oversized--99a9d-jected-on-api-contact-10MB--mobile-chrome-retry1/test-failed-1.png
    ────────────────────────────────────────────────────────────────────────────────────────────────

    attachment #2: video (video/webm) ──────────────────────────────────────────────────────────────
    test-results/public-api-deep-oversized--99a9d-jected-on-api-contact-10MB--mobile-chrome-retry1/video.webm
    ────────────────────────────────────────────────────────────────────────────────────────────────

    Error Context: test-results/public-api-deep-oversized--99a9d-jected-on-api-contact-10MB--mobile-chrome-retry1/error-context.md

    attachment #4: trace (application/zip) ─────────────────────────────────────────────────────────
    test-results/public-api-deep-oversized--99a9d-jected-on-api-contact-10MB--mobile-chrome-retry1/trace.zip
    Usage:

        npx playwright show-trace test-results/public-api-deep-oversized--99a9d-jected-on-api-contact-10MB--mobile-chrome-retry1/trace.zip

    ────────────────────────────────────────────────────────────────────────────────────────────────

  1728) [mobile-chrome] › e2e/public-api-deep.spec.ts:227:5 › oversized payload rejected on /api/track (5MB) 

    Error: apiRequestContext.post: connect ECONNREFUSED ::1:4000
    Call log:
      - → POST http://localhost:4000/api/track
        - user-agent: Mozilla/5.0 (Linux; Android 14; Pixel 7) AppleWebKit/537.36 (KHTML, like Gecko) Chrome/151.0.7922.34 Mobile Safari/537.36
        - accept: */*
        - accept-encoding: gzip,deflate,br
        - content-type: application/json
        - content-length: 5242922

        at apiRequestContext.post: connect ECONNREFUSED ::1:4000
        at /home/tbaltzakis/cloudless.gr/e2e/public-api-deep.spec.ts:229:27

    attachment #1: screenshot (image/png) ──────────────────────────────────────────────────────────
    test-results/public-api-deep-oversized-payload-rejected-on-api-track-5MB--mobile-chrome/test-failed-1.png
    ────────────────────────────────────────────────────────────────────────────────────────────────

    attachment #2: video (video/webm) ──────────────────────────────────────────────────────────────
    test-results/public-api-deep-oversized-payload-rejected-on-api-track-5MB--mobile-chrome/video.webm
    ────────────────────────────────────────────────────────────────────────────────────────────────

    Error Context: test-results/public-api-deep-oversized-payload-rejected-on-api-track-5MB--mobile-chrome/error-context.md

    Retry #1 ───────────────────────────────────────────────────────────────────────────────────────

    Error: apiRequestContext.post: connect ECONNREFUSED ::1:4000
    Call log:
      - → POST http://localhost:4000/api/track
        - user-agent: Mozilla/5.0 (Linux; Android 14; Pixel 7) AppleWebKit/537.36 (KHTML, like Gecko) Chrome/151.0.7922.34 Mobile Safari/537.36
        - accept: */*
        - accept-encoding: gzip,deflate,br
        - content-type: application/json
        - content-length: 5242922

        at apiRequestContext.post: connect ECONNREFUSED ::1:4000
        at /home/tbaltzakis/cloudless.gr/e2e/public-api-deep.spec.ts:229:27

    attachment #1: screenshot (image/png) ──────────────────────────────────────────────────────────
    test-results/public-api-deep-oversized-payload-rejected-on-api-track-5MB--mobile-chrome-retry1/test-failed-1.png
    ────────────────────────────────────────────────────────────────────────────────────────────────

    attachment #2: video (video/webm) ──────────────────────────────────────────────────────────────
    test-results/public-api-deep-oversized-payload-rejected-on-api-track-5MB--mobile-chrome-retry1/video.webm
    ────────────────────────────────────────────────────────────────────────────────────────────────

    Error Context: test-results/public-api-deep-oversized-payload-rejected-on-api-track-5MB--mobile-chrome-retry1/error-context.md

    attachment #4: trace (application/zip) ─────────────────────────────────────────────────────────
    test-results/public-api-deep-oversized-payload-rejected-on-api-track-5MB--mobile-chrome-retry1/trace.zip
    Usage:

        npx playwright show-trace test-results/public-api-deep-oversized-payload-rejected-on-api-track-5MB--mobile-chrome-retry1/trace.zip

    ────────────────────────────────────────────────────────────────────────────────────────────────

  1729) [mobile-chrome] › e2e/public-api-sweep.spec.ts:4:7 › Public API route sweep › GET /api/blog/posts returns 200 

    Error: apiRequestContext.get: connect ECONNREFUSED ::1:4000
    Call log:
      - → GET http://localhost:4000/api/blog/posts
        - user-agent: Mozilla/5.0 (Linux; Android 14; Pixel 7) AppleWebKit/537.36 (KHTML, like Gecko) Chrome/151.0.7922.34 Mobile Safari/537.36
        - accept: */*
        - accept-encoding: gzip,deflate,br

        at apiRequestContext.get: connect ECONNREFUSED ::1:4000
        at /home/tbaltzakis/cloudless.gr/e2e/public-api-sweep.spec.ts:5:31

    Error Context: test-results/public-api-sweep-Public-AP-591ac--api-blog-posts-returns-200-mobile-chrome/error-context.md

    Retry #1 ───────────────────────────────────────────────────────────────────────────────────────

    Error: apiRequestContext.get: connect ECONNREFUSED ::1:4000
    Call log:
      - → GET http://localhost:4000/api/blog/posts
        - user-agent: Mozilla/5.0 (Linux; Android 14; Pixel 7) AppleWebKit/537.36 (KHTML, like Gecko) Chrome/151.0.7922.34 Mobile Safari/537.36
        - accept: */*
        - accept-encoding: gzip,deflate,br

        at apiRequestContext.get: connect ECONNREFUSED ::1:4000
        at /home/tbaltzakis/cloudless.gr/e2e/public-api-sweep.spec.ts:5:31

    Error Context: test-results/public-api-sweep-Public-AP-591ac--api-blog-posts-returns-200-mobile-chrome-retry1/error-context.md

    attachment #2: trace (application/zip) ─────────────────────────────────────────────────────────
    test-results/public-api-sweep-Public-AP-591ac--api-blog-posts-returns-200-mobile-chrome-retry1/trace.zip
    Usage:

        npx playwright show-trace test-results/public-api-sweep-Public-AP-591ac--api-blog-posts-returns-200-mobile-chrome-retry1/trace.zip

    ────────────────────────────────────────────────────────────────────────────────────────────────

  1730) [mobile-chrome] › e2e/public-api-sweep.spec.ts:8:7 › Public API route sweep › GET /api/calendar/availability responds (200 with creds, 5xx without) 

    Error: apiRequestContext.get: connect ECONNREFUSED ::1:4000
    Call log:
      - → GET http://localhost:4000/api/calendar/availability
        - user-agent: Mozilla/5.0 (Linux; Android 14; Pixel 7) AppleWebKit/537.36 (KHTML, like Gecko) Chrome/151.0.7922.34 Mobile Safari/537.36
        - accept: */*
        - accept-encoding: gzip,deflate,br

        at apiRequestContext.get: connect ECONNREFUSED ::1:4000
        at /home/tbaltzakis/cloudless.gr/e2e/public-api-sweep.spec.ts:9:31

    Error Context: test-results/public-api-sweep-Public-AP-4f473-200-with-creds-5xx-without--mobile-chrome/error-context.md

    Retry #1 ───────────────────────────────────────────────────────────────────────────────────────

    Error: apiRequestContext.get: connect ECONNREFUSED ::1:4000
    Call log:
      - → GET http://localhost:4000/api/calendar/availability
        - user-agent: Mozilla/5.0 (Linux; Android 14; Pixel 7) AppleWebKit/537.36 (KHTML, like Gecko) Chrome/151.0.7922.34 Mobile Safari/537.36
        - accept: */*
        - accept-encoding: gzip,deflate,br

        at apiRequestContext.get: connect ECONNREFUSED ::1:4000
        at /home/tbaltzakis/cloudless.gr/e2e/public-api-sweep.spec.ts:9:31

    Error Context: test-results/public-api-sweep-Public-AP-4f473-200-with-creds-5xx-without--mobile-chrome-retry1/error-context.md

    attachment #2: trace (application/zip) ─────────────────────────────────────────────────────────
    test-results/public-api-sweep-Public-AP-4f473-200-with-creds-5xx-without--mobile-chrome-retry1/trace.zip
    Usage:

        npx playwright show-trace test-results/public-api-sweep-Public-AP-4f473-200-with-creds-5xx-without--mobile-chrome-retry1/trace.zip

    ────────────────────────────────────────────────────────────────────────────────────────────────

  1731) [mobile-chrome] › e2e/public-api-sweep.spec.ts:13:7 › Public API route sweep › GET /api/case-studies returns 200 

    Error: apiRequestContext.get: connect ECONNREFUSED ::1:4000
    Call log:
      - → GET http://localhost:4000/api/case-studies
        - user-agent: Mozilla/5.0 (Linux; Android 14; Pixel 7) AppleWebKit/537.36 (KHTML, like Gecko) Chrome/151.0.7922.34 Mobile Safari/537.36
        - accept: */*
        - accept-encoding: gzip,deflate,br

        at apiRequestContext.get: connect ECONNREFUSED ::1:4000
        at /home/tbaltzakis/cloudless.gr/e2e/public-api-sweep.spec.ts:14:31

    Error Context: test-results/public-api-sweep-Public-AP-9427a-pi-case-studies-returns-200-mobile-chrome/error-context.md

    Retry #1 ───────────────────────────────────────────────────────────────────────────────────────

    Error: apiRequestContext.get: connect ECONNREFUSED ::1:4000
    Call log:
      - → GET http://localhost:4000/api/case-studies
        - user-agent: Mozilla/5.0 (Linux; Android 14; Pixel 7) AppleWebKit/537.36 (KHTML, like Gecko) Chrome/151.0.7922.34 Mobile Safari/537.36
        - accept: */*
        - accept-encoding: gzip,deflate,br

        at apiRequestContext.get: connect ECONNREFUSED ::1:4000
        at /home/tbaltzakis/cloudless.gr/e2e/public-api-sweep.spec.ts:14:31

    Error Context: test-results/public-api-sweep-Public-AP-9427a-pi-case-studies-returns-200-mobile-chrome-retry1/error-context.md

    attachment #2: trace (application/zip) ─────────────────────────────────────────────────────────
    test-results/public-api-sweep-Public-AP-9427a-pi-case-studies-returns-200-mobile-chrome-retry1/trace.zip
    Usage:

        npx playwright show-trace test-results/public-api-sweep-Public-AP-9427a-pi-case-studies-returns-200-mobile-chrome-retry1/trace.zip

    ────────────────────────────────────────────────────────────────────────────────────────────────

  1732) [mobile-chrome] › e2e/public-api-sweep.spec.ts:17:7 › Public API route sweep › GET /api/docs returns 200 

    Error: apiRequestContext.get: connect ECONNREFUSED ::1:4000
    Call log:
      - → GET http://localhost:4000/api/docs
        - user-agent: Mozilla/5.0 (Linux; Android 14; Pixel 7) AppleWebKit/537.36 (KHTML, like Gecko) Chrome/151.0.7922.34 Mobile Safari/537.36
        - accept: */*
        - accept-encoding: gzip,deflate,br

        at apiRequestContext.get: connect ECONNREFUSED ::1:4000
        at /home/tbaltzakis/cloudless.gr/e2e/public-api-sweep.spec.ts:18:31

    Error Context: test-results/public-api-sweep-Public-AP-d2462-ep-GET-api-docs-returns-200-mobile-chrome/error-context.md

    Retry #1 ───────────────────────────────────────────────────────────────────────────────────────

    Error: apiRequestContext.get: connect ECONNREFUSED ::1:4000
    Call log:
      - → GET http://localhost:4000/api/docs
        - user-agent: Mozilla/5.0 (Linux; Android 14; Pixel 7) AppleWebKit/537.36 (KHTML, like Gecko) Chrome/151.0.7922.34 Mobile Safari/537.36
        - accept: */*
        - accept-encoding: gzip,deflate,br

        at apiRequestContext.get: connect ECONNREFUSED ::1:4000
        at /home/tbaltzakis/cloudless.gr/e2e/public-api-sweep.spec.ts:18:31

    Error Context: test-results/public-api-sweep-Public-AP-d2462-ep-GET-api-docs-returns-200-mobile-chrome-retry1/error-context.md

    attachment #2: trace (application/zip) ─────────────────────────────────────────────────────────
    test-results/public-api-sweep-Public-AP-d2462-ep-GET-api-docs-returns-200-mobile-chrome-retry1/trace.zip
    Usage:

        npx playwright show-trace test-results/public-api-sweep-Public-AP-d2462-ep-GET-api-docs-returns-200-mobile-chrome-retry1/trace.zip

    ────────────────────────────────────────────────────────────────────────────────────────────────

  1733) [mobile-chrome] › e2e/public-api-sweep.spec.ts:21:7 › Public API route sweep › GET /api/faqs returns 200 

    Error: apiRequestContext.get: connect ECONNREFUSED ::1:4000
    Call log:
      - → GET http://localhost:4000/api/faqs
        - user-agent: Mozilla/5.0 (Linux; Android 14; Pixel 7) AppleWebKit/537.36 (KHTML, like Gecko) Chrome/151.0.7922.34 Mobile Safari/537.36
        - accept: */*
        - accept-encoding: gzip,deflate,br

        at apiRequestContext.get: connect ECONNREFUSED ::1:4000
        at /home/tbaltzakis/cloudless.gr/e2e/public-api-sweep.spec.ts:22:31

    Error Context: test-results/public-api-sweep-Public-AP-efa6d-ep-GET-api-faqs-returns-200-mobile-chrome/error-context.md

    Retry #1 ───────────────────────────────────────────────────────────────────────────────────────

    Error: apiRequestContext.get: connect ECONNREFUSED ::1:4000
    Call log:
      - → GET http://localhost:4000/api/faqs
        - user-agent: Mozilla/5.0 (Linux; Android 14; Pixel 7) AppleWebKit/537.36 (KHTML, like Gecko) Chrome/151.0.7922.34 Mobile Safari/537.36
        - accept: */*
        - accept-encoding: gzip,deflate,br

        at apiRequestContext.get: connect ECONNREFUSED ::1:4000
        at /home/tbaltzakis/cloudless.gr/e2e/public-api-sweep.spec.ts:22:31

    Error Context: test-results/public-api-sweep-Public-AP-efa6d-ep-GET-api-faqs-returns-200-mobile-chrome-retry1/error-context.md

    attachment #2: trace (application/zip) ─────────────────────────────────────────────────────────
    test-results/public-api-sweep-Public-AP-efa6d-ep-GET-api-faqs-returns-200-mobile-chrome-retry1/trace.zip
    Usage:

        npx playwright show-trace test-results/public-api-sweep-Public-AP-efa6d-ep-GET-api-faqs-returns-200-mobile-chrome-retry1/trace.zip

    ────────────────────────────────────────────────────────────────────────────────────────────────

  1734) [mobile-chrome] › e2e/public-api-sweep.spec.ts:25:7 › Public API route sweep › GET /api/health returns 200 

    Error: apiRequestContext.get: connect ECONNREFUSED ::1:4000
    Call log:
      - → GET http://localhost:4000/api/health
        - user-agent: Mozilla/5.0 (Linux; Android 14; Pixel 7) AppleWebKit/537.36 (KHTML, like Gecko) Chrome/151.0.7922.34 Mobile Safari/537.36
        - accept: */*
        - accept-encoding: gzip,deflate,br

        at apiRequestContext.get: connect ECONNREFUSED ::1:4000
        at /home/tbaltzakis/cloudless.gr/e2e/public-api-sweep.spec.ts:26:31

    Error Context: test-results/public-api-sweep-Public-AP-1223a--GET-api-health-returns-200-mobile-chrome/error-context.md

    Retry #1 ───────────────────────────────────────────────────────────────────────────────────────

    Error: apiRequestContext.get: connect ECONNREFUSED ::1:4000
    Call log:
      - → GET http://localhost:4000/api/health
        - user-agent: Mozilla/5.0 (Linux; Android 14; Pixel 7) AppleWebKit/537.36 (KHTML, like Gecko) Chrome/151.0.7922.34 Mobile Safari/537.36
        - accept: */*
        - accept-encoding: gzip,deflate,br

        at apiRequestContext.get: connect ECONNREFUSED ::1:4000
        at /home/tbaltzakis/cloudless.gr/e2e/public-api-sweep.spec.ts:26:31

    Error Context: test-results/public-api-sweep-Public-AP-1223a--GET-api-health-returns-200-mobile-chrome-retry1/error-context.md

    attachment #2: trace (application/zip) ─────────────────────────────────────────────────────────
    test-results/public-api-sweep-Public-AP-1223a--GET-api-health-returns-200-mobile-chrome-retry1/trace.zip
    Usage:

        npx playwright show-trace test-results/public-api-sweep-Public-AP-1223a--GET-api-health-returns-200-mobile-chrome-retry1/trace.zip

    ────────────────────────────────────────────────────────────────────────────────────────────────

  1735) [mobile-chrome] › e2e/public-api-sweep.spec.ts:29:7 › Public API route sweep › GET /api/pwa-manifest returns 200 

    Error: apiRequestContext.get: connect ECONNREFUSED ::1:4000
    Call log:
      - → GET http://localhost:4000/api/pwa-manifest
        - user-agent: Mozilla/5.0 (Linux; Android 14; Pixel 7) AppleWebKit/537.36 (KHTML, like Gecko) Chrome/151.0.7922.34 Mobile Safari/537.36
        - accept: */*
        - accept-encoding: gzip,deflate,br

        at apiRequestContext.get: connect ECONNREFUSED ::1:4000
        at /home/tbaltzakis/cloudless.gr/e2e/public-api-sweep.spec.ts:30:31

    Error Context: test-results/public-api-sweep-Public-AP-db388-pi-pwa-manifest-returns-200-mobile-chrome/error-context.md

    Retry #1 ───────────────────────────────────────────────────────────────────────────────────────

    Error: apiRequestContext.get: connect ECONNREFUSED ::1:4000
    Call log:
      - → GET http://localhost:4000/api/pwa-manifest
        - user-agent: Mozilla/5.0 (Linux; Android 14; Pixel 7) AppleWebKit/537.36 (KHTML, like Gecko) Chrome/151.0.7922.34 Mobile Safari/537.36
        - accept: */*
        - accept-encoding: gzip,deflate,br

        at apiRequestContext.get: connect ECONNREFUSED ::1:4000
        at /home/tbaltzakis/cloudless.gr/e2e/public-api-sweep.spec.ts:30:31

    Error Context: test-results/public-api-sweep-Public-AP-db388-pi-pwa-manifest-returns-200-mobile-chrome-retry1/error-context.md

    attachment #2: trace (application/zip) ─────────────────────────────────────────────────────────
    test-results/public-api-sweep-Public-AP-db388-pi-pwa-manifest-returns-200-mobile-chrome-retry1/trace.zip
    Usage:

        npx playwright show-trace test-results/public-api-sweep-Public-AP-db388-pi-pwa-manifest-returns-200-mobile-chrome-retry1/trace.zip

    ────────────────────────────────────────────────────────────────────────────────────────────────

  1736) [mobile-chrome] › e2e/public-api-sweep.spec.ts:33:7 › Public API route sweep › GET /api/services returns 200 

    Error: apiRequestContext.get: connect ECONNREFUSED ::1:4000
    Call log:
      - → GET http://localhost:4000/api/services
        - user-agent: Mozilla/5.0 (Linux; Android 14; Pixel 7) AppleWebKit/537.36 (KHTML, like Gecko) Chrome/151.0.7922.34 Mobile Safari/537.36
        - accept: */*
        - accept-encoding: gzip,deflate,br

        at apiRequestContext.get: connect ECONNREFUSED ::1:4000
        at /home/tbaltzakis/cloudless.gr/e2e/public-api-sweep.spec.ts:34:31

    Error Context: test-results/public-api-sweep-Public-AP-bf497-ET-api-services-returns-200-mobile-chrome/error-context.md

    Retry #1 ───────────────────────────────────────────────────────────────────────────────────────

    Error: apiRequestContext.get: connect ECONNREFUSED ::1:4000
    Call log:
      - → GET http://localhost:4000/api/services
        - user-agent: Mozilla/5.0 (Linux; Android 14; Pixel 7) AppleWebKit/537.36 (KHTML, like Gecko) Chrome/151.0.7922.34 Mobile Safari/537.36
        - accept: */*
        - accept-encoding: gzip,deflate,br

        at apiRequestContext.get: connect ECONNREFUSED ::1:4000
        at /home/tbaltzakis/cloudless.gr/e2e/public-api-sweep.spec.ts:34:31

    Error Context: test-results/public-api-sweep-Public-AP-bf497-ET-api-services-returns-200-mobile-chrome-retry1/error-context.md

    attachment #2: trace (application/zip) ─────────────────────────────────────────────────────────
    test-results/public-api-sweep-Public-AP-bf497-ET-api-services-returns-200-mobile-chrome-retry1/trace.zip
    Usage:

        npx playwright show-trace test-results/public-api-sweep-Public-AP-bf497-ET-api-services-returns-200-mobile-chrome-retry1/trace.zip

    ────────────────────────────────────────────────────────────────────────────────────────────────

  1737) [mobile-chrome] › e2e/public-api-sweep.spec.ts:37:7 › Public API route sweep › GET /api/testimonials returns 200 

    Error: apiRequestContext.get: connect ECONNREFUSED ::1:4000
    Call log:
      - → GET http://localhost:4000/api/testimonials
        - user-agent: Mozilla/5.0 (Linux; Android 14; Pixel 7) AppleWebKit/537.36 (KHTML, like Gecko) Chrome/151.0.7922.34 Mobile Safari/537.36
        - accept: */*
        - accept-encoding: gzip,deflate,br

        at apiRequestContext.get: connect ECONNREFUSED ::1:4000
        at /home/tbaltzakis/cloudless.gr/e2e/public-api-sweep.spec.ts:38:31

    Error Context: test-results/public-api-sweep-Public-AP-45a2c-pi-testimonials-returns-200-mobile-chrome/error-context.md

    Retry #1 ───────────────────────────────────────────────────────────────────────────────────────

    Error: apiRequestContext.get: connect ECONNREFUSED ::1:4000
    Call log:
      - → GET http://localhost:4000/api/testimonials
        - user-agent: Mozilla/5.0 (Linux; Android 14; Pixel 7) AppleWebKit/537.36 (KHTML, like Gecko) Chrome/151.0.7922.34 Mobile Safari/537.36
        - accept: */*
        - accept-encoding: gzip,deflate,br

        at apiRequestContext.get: connect ECONNREFUSED ::1:4000
        at /home/tbaltzakis/cloudless.gr/e2e/public-api-sweep.spec.ts:38:31

    Error Context: test-results/public-api-sweep-Public-AP-45a2c-pi-testimonials-returns-200-mobile-chrome-retry1/error-context.md

    attachment #2: trace (application/zip) ─────────────────────────────────────────────────────────
    test-results/public-api-sweep-Public-AP-45a2c-pi-testimonials-returns-200-mobile-chrome-retry1/trace.zip
    Usage:

        npx playwright show-trace test-results/public-api-sweep-Public-AP-45a2c-pi-testimonials-returns-200-mobile-chrome-retry1/trace.zip

    ────────────────────────────────────────────────────────────────────────────────────────────────

  1738) [mobile-chrome] › e2e/public-api-sweep.spec.ts:41:7 › Public API route sweep › POST /api/agent/book with empty body returns 4xx 

    Error: apiRequestContext.post: connect ECONNREFUSED ::1:4000
    Call log:
      - → POST http://localhost:4000/api/agent/book
        - user-agent: Mozilla/5.0 (Linux; Android 14; Pixel 7) AppleWebKit/537.36 (KHTML, like Gecko) Chrome/151.0.7922.34 Mobile Safari/537.36
        - accept: */*
        - accept-encoding: gzip,deflate,br
        - content-type: application/json
        - content-length: 2

        at apiRequestContext.post: connect ECONNREFUSED ::1:4000
        at /home/tbaltzakis/cloudless.gr/e2e/public-api-sweep.spec.ts:42:31

    Error Context: test-results/public-api-sweep-Public-AP-b6347-with-empty-body-returns-4xx-mobile-chrome/error-context.md

    Retry #1 ───────────────────────────────────────────────────────────────────────────────────────

    Error: apiRequestContext.post: connect ECONNREFUSED ::1:4000
    Call log:
      - → POST http://localhost:4000/api/agent/book
        - user-agent: Mozilla/5.0 (Linux; Android 14; Pixel 7) AppleWebKit/537.36 (KHTML, like Gecko) Chrome/151.0.7922.34 Mobile Safari/537.36
        - accept: */*
        - accept-encoding: gzip,deflate,br
        - content-type: application/json
        - content-length: 2

        at apiRequestContext.post: connect ECONNREFUSED ::1:4000
        at /home/tbaltzakis/cloudless.gr/e2e/public-api-sweep.spec.ts:42:31

    Error Context: test-results/public-api-sweep-Public-AP-b6347-with-empty-body-returns-4xx-mobile-chrome-retry1/error-context.md

    attachment #2: trace (application/zip) ─────────────────────────────────────────────────────────
    test-results/public-api-sweep-Public-AP-b6347-with-empty-body-returns-4xx-mobile-chrome-retry1/trace.zip
    Usage:

        npx playwright show-trace test-results/public-api-sweep-Public-AP-b6347-with-empty-body-returns-4xx-mobile-chrome-retry1/trace.zip

    ────────────────────────────────────────────────────────────────────────────────────────────────

  1739) [mobile-chrome] › e2e/public-api-sweep.spec.ts:47:7 › Public API route sweep › POST /api/calendar/book with empty body returns 4xx 

    Error: apiRequestContext.post: connect ECONNREFUSED ::1:4000
    Call log:
      - → POST http://localhost:4000/api/calendar/book
        - user-agent: Mozilla/5.0 (Linux; Android 14; Pixel 7) AppleWebKit/537.36 (KHTML, like Gecko) Chrome/151.0.7922.34 Mobile Safari/537.36
        - accept: */*
        - accept-encoding: gzip,deflate,br
        - content-type: application/json
        - content-length: 2

        at apiRequestContext.post: connect ECONNREFUSED ::1:4000
        at /home/tbaltzakis/cloudless.gr/e2e/public-api-sweep.spec.ts:48:31

    Error Context: test-results/public-api-sweep-Public-AP-caa3f-with-empty-body-returns-4xx-mobile-chrome/error-context.md

    Retry #1 ───────────────────────────────────────────────────────────────────────────────────────

    Error: apiRequestContext.post: connect ECONNREFUSED ::1:4000
    Call log:
      - → POST http://localhost:4000/api/calendar/book
        - user-agent: Mozilla/5.0 (Linux; Android 14; Pixel 7) AppleWebKit/537.36 (KHTML, like Gecko) Chrome/151.0.7922.34 Mobile Safari/537.36
        - accept: */*
        - accept-encoding: gzip,deflate,br
        - content-type: application/json
        - content-length: 2

        at apiRequestContext.post: connect ECONNREFUSED ::1:4000
        at /home/tbaltzakis/cloudless.gr/e2e/public-api-sweep.spec.ts:48:31

    Error Context: test-results/public-api-sweep-Public-AP-caa3f-with-empty-body-returns-4xx-mobile-chrome-retry1/error-context.md

    attachment #2: trace (application/zip) ─────────────────────────────────────────────────────────
    test-results/public-api-sweep-Public-AP-caa3f-with-empty-body-returns-4xx-mobile-chrome-retry1/trace.zip
    Usage:

        npx playwright show-trace test-results/public-api-sweep-Public-AP-caa3f-with-empty-body-returns-4xx-mobile-chrome-retry1/trace.zip

    ────────────────────────────────────────────────────────────────────────────────────────────────

  1740) [mobile-chrome] › e2e/public-api-sweep.spec.ts:53:7 › Public API route sweep › POST /api/chat with empty body returns 4xx 

    Error: apiRequestContext.post: connect ECONNREFUSED ::1:4000
    Call log:
      - → POST http://localhost:4000/api/chat
        - user-agent: Mozilla/5.0 (Linux; Android 14; Pixel 7) AppleWebKit/537.36 (KHTML, like Gecko) Chrome/151.0.7922.34 Mobile Safari/537.36
        - accept: */*
        - accept-encoding: gzip,deflate,br
        - content-type: application/json
        - content-length: 2

        at apiRequestContext.post: connect ECONNREFUSED ::1:4000
        at /home/tbaltzakis/cloudless.gr/e2e/public-api-sweep.spec.ts:54:31

    Error Context: test-results/public-api-sweep-Public-AP-004bf-with-empty-body-returns-4xx-mobile-chrome/error-context.md

    Retry #1 ───────────────────────────────────────────────────────────────────────────────────────

    Error: apiRequestContext.post: connect ECONNREFUSED ::1:4000
    Call log:
      - → POST http://localhost:4000/api/chat
        - user-agent: Mozilla/5.0 (Linux; Android 14; Pixel 7) AppleWebKit/537.36 (KHTML, like Gecko) Chrome/151.0.7922.34 Mobile Safari/537.36
        - accept: */*
        - accept-encoding: gzip,deflate,br
        - content-type: application/json
        - content-length: 2

        at apiRequestContext.post: connect ECONNREFUSED ::1:4000
        at /home/tbaltzakis/cloudless.gr/e2e/public-api-sweep.spec.ts:54:31

    Error Context: test-results/public-api-sweep-Public-AP-004bf-with-empty-body-returns-4xx-mobile-chrome-retry1/error-context.md

    attachment #2: trace (application/zip) ─────────────────────────────────────────────────────────
    test-results/public-api-sweep-Public-AP-004bf-with-empty-body-returns-4xx-mobile-chrome-retry1/trace.zip
    Usage:

        npx playwright show-trace test-results/public-api-sweep-Public-AP-004bf-with-empty-body-returns-4xx-mobile-chrome-retry1/trace.zip

    ────────────────────────────────────────────────────────────────────────────────────────────────

  1741) [mobile-chrome] › e2e/public-api-sweep.spec.ts:59:7 › Public API route sweep › POST /api/checkout with empty body returns 4xx 

    Error: apiRequestContext.post: connect ECONNREFUSED ::1:4000
    Call log:
      - → POST http://localhost:4000/api/checkout
        - user-agent: Mozilla/5.0 (Linux; Android 14; Pixel 7) AppleWebKit/537.36 (KHTML, like Gecko) Chrome/151.0.7922.34 Mobile Safari/537.36
        - accept: */*
        - accept-encoding: gzip,deflate,br
        - content-type: application/json
        - content-length: 2

        at apiRequestContext.post: connect ECONNREFUSED ::1:4000
        at /home/tbaltzakis/cloudless.gr/e2e/public-api-sweep.spec.ts:60:31

    Error Context: test-results/public-api-sweep-Public-AP-42ddf-with-empty-body-returns-4xx-mobile-chrome/error-context.md

    Retry #1 ───────────────────────────────────────────────────────────────────────────────────────

    Error: apiRequestContext.post: connect ECONNREFUSED ::1:4000
    Call log:
      - → POST http://localhost:4000/api/checkout
        - user-agent: Mozilla/5.0 (Linux; Android 14; Pixel 7) AppleWebKit/537.36 (KHTML, like Gecko) Chrome/151.0.7922.34 Mobile Safari/537.36
        - accept: */*
        - accept-encoding: gzip,deflate,br
        - content-type: application/json
        - content-length: 2

        at apiRequestContext.post: connect ECONNREFUSED ::1:4000
        at /home/tbaltzakis/cloudless.gr/e2e/public-api-sweep.spec.ts:60:31

    Error Context: test-results/public-api-sweep-Public-AP-42ddf-with-empty-body-returns-4xx-mobile-chrome-retry1/error-context.md

    attachment #2: trace (application/zip) ─────────────────────────────────────────────────────────
    test-results/public-api-sweep-Public-AP-42ddf-with-empty-body-returns-4xx-mobile-chrome-retry1/trace.zip
    Usage:

        npx playwright show-trace test-results/public-api-sweep-Public-AP-42ddf-with-empty-body-returns-4xx-mobile-chrome-retry1/trace.zip

    ────────────────────────────────────────────────────────────────────────────────────────────────

  1742) [mobile-chrome] › e2e/public-api-sweep.spec.ts:65:7 › Public API route sweep › POST /api/contact with empty body returns 4xx 

    Error: apiRequestContext.post: connect ECONNREFUSED ::1:4000
    Call log:
      - → POST http://localhost:4000/api/contact
        - user-agent: Mozilla/5.0 (Linux; Android 14; Pixel 7) AppleWebKit/537.36 (KHTML, like Gecko) Chrome/151.0.7922.34 Mobile Safari/537.36
        - accept: */*
        - accept-encoding: gzip,deflate,br
        - content-type: application/json
        - content-length: 2

        at apiRequestContext.post: connect ECONNREFUSED ::1:4000
        at /home/tbaltzakis/cloudless.gr/e2e/public-api-sweep.spec.ts:66:31

    Error Context: test-results/public-api-sweep-Public-AP-cff7d-with-empty-body-returns-4xx-mobile-chrome/error-context.md

    Retry #1 ───────────────────────────────────────────────────────────────────────────────────────

    Error: apiRequestContext.post: connect ECONNREFUSED ::1:4000
    Call log:
      - → POST http://localhost:4000/api/contact
        - user-agent: Mozilla/5.0 (Linux; Android 14; Pixel 7) AppleWebKit/537.36 (KHTML, like Gecko) Chrome/151.0.7922.34 Mobile Safari/537.36
        - accept: */*
        - accept-encoding: gzip,deflate,br
        - content-type: application/json
        - content-length: 2

        at apiRequestContext.post: connect ECONNREFUSED ::1:4000
        at /home/tbaltzakis/cloudless.gr/e2e/public-api-sweep.spec.ts:66:31

    Error Context: test-results/public-api-sweep-Public-AP-cff7d-with-empty-body-returns-4xx-mobile-chrome-retry1/error-context.md

    attachment #2: trace (application/zip) ─────────────────────────────────────────────────────────
    test-results/public-api-sweep-Public-AP-cff7d-with-empty-body-returns-4xx-mobile-chrome-retry1/trace.zip
    Usage:

        npx playwright show-trace test-results/public-api-sweep-Public-AP-cff7d-with-empty-body-returns-4xx-mobile-chrome-retry1/trace.zip

    ────────────────────────────────────────────────────────────────────────────────────────────────

  1743) [mobile-chrome] › e2e/public-api-sweep.spec.ts:71:7 › Public API route sweep › POST /api/crm/contact with empty body returns 4xx 

    Error: apiRequestContext.post: connect ECONNREFUSED ::1:4000
    Call log:
      - → POST http://localhost:4000/api/crm/contact
        - user-agent: Mozilla/5.0 (Linux; Android 14; Pixel 7) AppleWebKit/537.36 (KHTML, like Gecko) Chrome/151.0.7922.34 Mobile Safari/537.36
        - accept: */*
        - accept-encoding: gzip,deflate,br
        - content-type: application/json
        - content-length: 2

        at apiRequestContext.post: connect ECONNREFUSED ::1:4000
        at /home/tbaltzakis/cloudless.gr/e2e/public-api-sweep.spec.ts:72:31

    Error Context: test-results/public-api-sweep-Public-AP-ae9bb-with-empty-body-returns-4xx-mobile-chrome/error-context.md

    Retry #1 ───────────────────────────────────────────────────────────────────────────────────────

    Error: apiRequestContext.post: connect ECONNREFUSED ::1:4000
    Call log:
      - → POST http://localhost:4000/api/crm/contact
        - user-agent: Mozilla/5.0 (Linux; Android 14; Pixel 7) AppleWebKit/537.36 (KHTML, like Gecko) Chrome/151.0.7922.34 Mobile Safari/537.36
        - accept: */*
        - accept-encoding: gzip,deflate,br
        - content-type: application/json
        - content-length: 2

        at apiRequestContext.post: connect ECONNREFUSED ::1:4000
        at /home/tbaltzakis/cloudless.gr/e2e/public-api-sweep.spec.ts:72:31

    Error Context: test-results/public-api-sweep-Public-AP-ae9bb-with-empty-body-returns-4xx-mobile-chrome-retry1/error-context.md

    attachment #2: trace (application/zip) ─────────────────────────────────────────────────────────
    test-results/public-api-sweep-Public-AP-ae9bb-with-empty-body-returns-4xx-mobile-chrome-retry1/trace.zip
    Usage:

        npx playwright show-trace test-results/public-api-sweep-Public-AP-ae9bb-with-empty-body-returns-4xx-mobile-chrome-retry1/trace.zip

    ────────────────────────────────────────────────────────────────────────────────────────────────

  1744) [mobile-chrome] › e2e/public-api-sweep.spec.ts:80:7 › Public API route sweep › POST /api/newsletter/send with empty body returns 4xx 

    Error: apiRequestContext.post: connect ECONNREFUSED ::1:4000
    Call log:
      - → POST http://localhost:4000/api/newsletter/send
        - user-agent: Mozilla/5.0 (Linux; Android 14; Pixel 7) AppleWebKit/537.36 (KHTML, like Gecko) Chrome/151.0.7922.34 Mobile Safari/537.36
        - accept: */*
        - accept-encoding: gzip,deflate,br
        - content-type: application/json
        - content-length: 2

        at apiRequestContext.post: connect ECONNREFUSED ::1:4000
        at /home/tbaltzakis/cloudless.gr/e2e/public-api-sweep.spec.ts:81:31

    Error Context: test-results/public-api-sweep-Public-AP-b6202-with-empty-body-returns-4xx-mobile-chrome/error-context.md

    Retry #1 ───────────────────────────────────────────────────────────────────────────────────────

    Error: apiRequestContext.post: connect ECONNREFUSED ::1:4000
    Call log:
      - → POST http://localhost:4000/api/newsletter/send
        - user-agent: Mozilla/5.0 (Linux; Android 14; Pixel 7) AppleWebKit/537.36 (KHTML, like Gecko) Chrome/151.0.7922.34 Mobile Safari/537.36
        - accept: */*
        - accept-encoding: gzip,deflate,br
        - content-type: application/json
        - content-length: 2

        at apiRequestContext.post: connect ECONNREFUSED ::1:4000
        at /home/tbaltzakis/cloudless.gr/e2e/public-api-sweep.spec.ts:81:31

    Error Context: test-results/public-api-sweep-Public-AP-b6202-with-empty-body-returns-4xx-mobile-chrome-retry1/error-context.md

    attachment #2: trace (application/zip) ─────────────────────────────────────────────────────────
    test-results/public-api-sweep-Public-AP-b6202-with-empty-body-returns-4xx-mobile-chrome-retry1/trace.zip
    Usage:

        npx playwright show-trace test-results/public-api-sweep-Public-AP-b6202-with-empty-body-returns-4xx-mobile-chrome-retry1/trace.zip

    ────────────────────────────────────────────────────────────────────────────────────────────────

  1745) [mobile-chrome] › e2e/public-api-sweep.spec.ts:86:7 › Public API route sweep › POST /api/subscribe with empty body returns 4xx 

    Error: apiRequestContext.post: connect ECONNREFUSED ::1:4000
    Call log:
      - → POST http://localhost:4000/api/subscribe
        - user-agent: Mozilla/5.0 (Linux; Android 14; Pixel 7) AppleWebKit/537.36 (KHTML, like Gecko) Chrome/151.0.7922.34 Mobile Safari/537.36
        - accept: */*
        - accept-encoding: gzip,deflate,br
        - content-type: application/json
        - content-length: 2

        at apiRequestContext.post: connect ECONNREFUSED ::1:4000
        at /home/tbaltzakis/cloudless.gr/e2e/public-api-sweep.spec.ts:87:31

    Error Context: test-results/public-api-sweep-Public-AP-fa2df-with-empty-body-returns-4xx-mobile-chrome/error-context.md

    Retry #1 ───────────────────────────────────────────────────────────────────────────────────────

    Error: apiRequestContext.post: connect ECONNREFUSED ::1:4000
    Call log:
      - → POST http://localhost:4000/api/subscribe
        - user-agent: Mozilla/5.0 (Linux; Android 14; Pixel 7) AppleWebKit/537.36 (KHTML, like Gecko) Chrome/151.0.7922.34 Mobile Safari/537.36
        - accept: */*
        - accept-encoding: gzip,deflate,br
        - content-type: application/json
        - content-length: 2

        at apiRequestContext.post: connect ECONNREFUSED ::1:4000
        at /home/tbaltzakis/cloudless.gr/e2e/public-api-sweep.spec.ts:87:31

    Error Context: test-results/public-api-sweep-Public-AP-fa2df-with-empty-body-returns-4xx-mobile-chrome-retry1/error-context.md

    attachment #2: trace (application/zip) ─────────────────────────────────────────────────────────
    test-results/public-api-sweep-Public-AP-fa2df-with-empty-body-returns-4xx-mobile-chrome-retry1/trace.zip
    Usage:

        npx playwright show-trace test-results/public-api-sweep-Public-AP-fa2df-with-empty-body-returns-4xx-mobile-chrome-retry1/trace.zip

    ────────────────────────────────────────────────────────────────────────────────────────────────

  1746) [mobile-chrome] › e2e/public-api-sweep.spec.ts:92:7 › Public API route sweep › POST /api/track with empty body returns 4xx 

    Error: apiRequestContext.post: connect ECONNREFUSED ::1:4000
    Call log:
      - → POST http://localhost:4000/api/track
        - user-agent: Mozilla/5.0 (Linux; Android 14; Pixel 7) AppleWebKit/537.36 (KHTML, like Gecko) Chrome/151.0.7922.34 Mobile Safari/537.36
        - accept: */*
        - accept-encoding: gzip,deflate,br
        - content-type: application/json
        - content-length: 2

        at apiRequestContext.post: connect ECONNREFUSED ::1:4000
        at /home/tbaltzakis/cloudless.gr/e2e/public-api-sweep.spec.ts:93:31

    Error Context: test-results/public-api-sweep-Public-AP-560b8-with-empty-body-returns-4xx-mobile-chrome/error-context.md

    Retry #1 ───────────────────────────────────────────────────────────────────────────────────────

    Error: apiRequestContext.post: connect ECONNREFUSED ::1:4000
    Call log:
      - → POST http://localhost:4000/api/track
        - user-agent: Mozilla/5.0 (Linux; Android 14; Pixel 7) AppleWebKit/537.36 (KHTML, like Gecko) Chrome/151.0.7922.34 Mobile Safari/537.36
        - accept: */*
        - accept-encoding: gzip,deflate,br
        - content-type: application/json
        - content-length: 2

        at apiRequestContext.post: connect ECONNREFUSED ::1:4000
        at /home/tbaltzakis/cloudless.gr/e2e/public-api-sweep.spec.ts:93:31

    Error Context: test-results/public-api-sweep-Public-AP-560b8-with-empty-body-returns-4xx-mobile-chrome-retry1/error-context.md

    attachment #2: trace (application/zip) ─────────────────────────────────────────────────────────
    test-results/public-api-sweep-Public-AP-560b8-with-empty-body-returns-4xx-mobile-chrome-retry1/trace.zip
    Usage:

        npx playwright show-trace test-results/public-api-sweep-Public-AP-560b8-with-empty-body-returns-4xx-mobile-chrome-retry1/trace.zip

    ────────────────────────────────────────────────────────────────────────────────────────────────

  1747) [mobile-chrome] › e2e/public-api-sweep.spec.ts:98:7 › Public API route sweep › POST /api/csp-report without auth returns 4xx 

    Error: apiRequestContext.post: connect ECONNREFUSED ::1:4000
    Call log:
      - → POST http://localhost:4000/api/csp-report
        - user-agent: Mozilla/5.0 (Linux; Android 14; Pixel 7) AppleWebKit/537.36 (KHTML, like Gecko) Chrome/151.0.7922.34 Mobile Safari/537.36
        - accept: */*
        - accept-encoding: gzip,deflate,br
        - content-type: application/json
        - content-length: 2

        at apiRequestContext.post: connect ECONNREFUSED ::1:4000
        at /home/tbaltzakis/cloudless.gr/e2e/public-api-sweep.spec.ts:99:31

    Error Context: test-results/public-api-sweep-Public-AP-67c1f-rt-without-auth-returns-4xx-mobile-chrome/error-context.md

    Retry #1 ───────────────────────────────────────────────────────────────────────────────────────

    Error: apiRequestContext.post: connect ECONNREFUSED ::1:4000
    Call log:
      - → POST http://localhost:4000/api/csp-report
        - user-agent: Mozilla/5.0 (Linux; Android 14; Pixel 7) AppleWebKit/537.36 (KHTML, like Gecko) Chrome/151.0.7922.34 Mobile Safari/537.36
        - accept: */*
        - accept-encoding: gzip,deflate,br
        - content-type: application/json
        - content-length: 2

        at apiRequestContext.post: connect ECONNREFUSED ::1:4000
        at /home/tbaltzakis/cloudless.gr/e2e/public-api-sweep.spec.ts:99:31

    Error Context: test-results/public-api-sweep-Public-AP-67c1f-rt-without-auth-returns-4xx-mobile-chrome-retry1/error-context.md

    attachment #2: trace (application/zip) ─────────────────────────────────────────────────────────
    test-results/public-api-sweep-Public-AP-67c1f-rt-without-auth-returns-4xx-mobile-chrome-retry1/trace.zip
    Usage:

        npx playwright show-trace test-results/public-api-sweep-Public-AP-67c1f-rt-without-auth-returns-4xx-mobile-chrome-retry1/trace.zip

    ────────────────────────────────────────────────────────────────────────────────────────────────

  1748) [mobile-chrome] › e2e/public-api-sweep.spec.ts:103:7 › Public API route sweep › POST /api/slack/commands without auth returns 4xx 

    Error: apiRequestContext.post: connect ECONNREFUSED ::1:4000
    Call log:
      - → POST http://localhost:4000/api/slack/commands
        - user-agent: Mozilla/5.0 (Linux; Android 14; Pixel 7) AppleWebKit/537.36 (KHTML, like Gecko) Chrome/151.0.7922.34 Mobile Safari/537.36
        - accept: */*
        - accept-encoding: gzip,deflate,br
        - content-type: application/json
        - content-length: 2

        at apiRequestContext.post: connect ECONNREFUSED ::1:4000
        at /home/tbaltzakis/cloudless.gr/e2e/public-api-sweep.spec.ts:104:31

    Error Context: test-results/public-api-sweep-Public-AP-5aefb-ds-without-auth-returns-4xx-mobile-chrome/error-context.md

    Retry #1 ───────────────────────────────────────────────────────────────────────────────────────

    Error: apiRequestContext.post: connect ECONNREFUSED ::1:4000
    Call log:
      - → POST http://localhost:4000/api/slack/commands
        - user-agent: Mozilla/5.0 (Linux; Android 14; Pixel 7) AppleWebKit/537.36 (KHTML, like Gecko) Chrome/151.0.7922.34 Mobile Safari/537.36
        - accept: */*
        - accept-encoding: gzip,deflate,br
        - content-type: application/json
        - content-length: 2

        at apiRequestContext.post: connect ECONNREFUSED ::1:4000
        at /home/tbaltzakis/cloudless.gr/e2e/public-api-sweep.spec.ts:104:31

    Error Context: test-results/public-api-sweep-Public-AP-5aefb-ds-without-auth-returns-4xx-mobile-chrome-retry1/error-context.md

    attachment #2: trace (application/zip) ─────────────────────────────────────────────────────────
    test-results/public-api-sweep-Public-AP-5aefb-ds-without-auth-returns-4xx-mobile-chrome-retry1/trace.zip
    Usage:

        npx playwright show-trace test-results/public-api-sweep-Public-AP-5aefb-ds-without-auth-returns-4xx-mobile-chrome-retry1/trace.zip

    ────────────────────────────────────────────────────────────────────────────────────────────────

  1749) [mobile-chrome] › e2e/public-api-sweep.spec.ts:108:7 › Public API route sweep › POST /api/slack/events without auth returns 4xx 

    Error: apiRequestContext.post: connect ECONNREFUSED ::1:4000
    Call log:
      - → POST http://localhost:4000/api/slack/events
        - user-agent: Mozilla/5.0 (Linux; Android 14; Pixel 7) AppleWebKit/537.36 (KHTML, like Gecko) Chrome/151.0.7922.34 Mobile Safari/537.36
        - accept: */*
        - accept-encoding: gzip,deflate,br
        - content-type: application/json
        - content-length: 2

        at apiRequestContext.post: connect ECONNREFUSED ::1:4000
        at /home/tbaltzakis/cloudless.gr/e2e/public-api-sweep.spec.ts:109:31

    Error Context: test-results/public-api-sweep-Public-AP-1d053-ts-without-auth-returns-4xx-mobile-chrome/error-context.md

    Retry #1 ───────────────────────────────────────────────────────────────────────────────────────

    Error: apiRequestContext.post: connect ECONNREFUSED ::1:4000
    Call log:
      - → POST http://localhost:4000/api/slack/events
        - user-agent: Mozilla/5.0 (Linux; Android 14; Pixel 7) AppleWebKit/537.36 (KHTML, like Gecko) Chrome/151.0.7922.34 Mobile Safari/537.36
        - accept: */*
        - accept-encoding: gzip,deflate,br
        - content-type: application/json
        - content-length: 2

        at apiRequestContext.post: connect ECONNREFUSED ::1:4000
        at /home/tbaltzakis/cloudless.gr/e2e/public-api-sweep.spec.ts:109:31

    Error Context: test-results/public-api-sweep-Public-AP-1d053-ts-without-auth-returns-4xx-mobile-chrome-retry1/error-context.md

    attachment #2: trace (application/zip) ─────────────────────────────────────────────────────────
    test-results/public-api-sweep-Public-AP-1d053-ts-without-auth-returns-4xx-mobile-chrome-retry1/trace.zip
    Usage:

        npx playwright show-trace test-results/public-api-sweep-Public-AP-1d053-ts-without-auth-returns-4xx-mobile-chrome-retry1/trace.zip

    ────────────────────────────────────────────────────────────────────────────────────────────────

  1750) [mobile-chrome] › e2e/public-api-sweep.spec.ts:113:7 › Public API route sweep › POST /api/slack/interactions without auth returns 4xx 

    Error: apiRequestContext.post: connect ECONNREFUSED ::1:4000
    Call log:
      - → POST http://localhost:4000/api/slack/interactions
        - user-agent: Mozilla/5.0 (Linux; Android 14; Pixel 7) AppleWebKit/537.36 (KHTML, like Gecko) Chrome/151.0.7922.34 Mobile Safari/537.36
        - accept: */*
        - accept-encoding: gzip,deflate,br
        - content-type: application/json
        - content-length: 2

        at apiRequestContext.post: connect ECONNREFUSED ::1:4000
        at /home/tbaltzakis/cloudless.gr/e2e/public-api-sweep.spec.ts:114:31

    Error Context: test-results/public-api-sweep-Public-AP-1fd8e-ns-without-auth-returns-4xx-mobile-chrome/error-context.md

    Retry #1 ───────────────────────────────────────────────────────────────────────────────────────

    Error: apiRequestContext.post: connect ECONNREFUSED ::1:4000
    Call log:
      - → POST http://localhost:4000/api/slack/interactions
        - user-agent: Mozilla/5.0 (Linux; Android 14; Pixel 7) AppleWebKit/537.36 (KHTML, like Gecko) Chrome/151.0.7922.34 Mobile Safari/537.36
        - accept: */*
        - accept-encoding: gzip,deflate,br
        - content-type: application/json
        - content-length: 2

        at apiRequestContext.post: connect ECONNREFUSED ::1:4000
        at /home/tbaltzakis/cloudless.gr/e2e/public-api-sweep.spec.ts:114:31

    Error Context: test-results/public-api-sweep-Public-AP-1fd8e-ns-without-auth-returns-4xx-mobile-chrome-retry1/error-context.md

    attachment #2: trace (application/zip) ─────────────────────────────────────────────────────────
    test-results/public-api-sweep-Public-AP-1fd8e-ns-without-auth-returns-4xx-mobile-chrome-retry1/trace.zip
    Usage:

        npx playwright show-trace test-results/public-api-sweep-Public-AP-1fd8e-ns-without-auth-returns-4xx-mobile-chrome-retry1/trace.zip

    ────────────────────────────────────────────────────────────────────────────────────────────────

  1751) [mobile-chrome] › e2e/public-api-sweep.spec.ts:118:7 › Public API route sweep › POST /api/webhooks/espocrm without secret returns 4xx 

    Error: apiRequestContext.post: connect ECONNREFUSED ::1:4000
    Call log:
      - → POST http://localhost:4000/api/webhooks/espocrm
        - user-agent: Mozilla/5.0 (Linux; Android 14; Pixel 7) AppleWebKit/537.36 (KHTML, like Gecko) Chrome/151.0.7922.34 Mobile Safari/537.36
        - accept: */*
        - accept-encoding: gzip,deflate,br
        - content-type: application/json
        - content-length: 2

        at apiRequestContext.post: connect ECONNREFUSED ::1:4000
        at /home/tbaltzakis/cloudless.gr/e2e/public-api-sweep.spec.ts:120:31

    Error Context: test-results/public-api-sweep-Public-AP-5c5f7--without-secret-returns-4xx-mobile-chrome/error-context.md

    Retry #1 ───────────────────────────────────────────────────────────────────────────────────────

    Error: apiRequestContext.post: connect ECONNREFUSED ::1:4000
    Call log:
      - → POST http://localhost:4000/api/webhooks/espocrm
        - user-agent: Mozilla/5.0 (Linux; Android 14; Pixel 7) AppleWebKit/537.36 (KHTML, like Gecko) Chrome/151.0.7922.34 Mobile Safari/537.36
        - accept: */*
        - accept-encoding: gzip,deflate,br
        - content-type: application/json
        - content-length: 2

        at apiRequestContext.post: connect ECONNREFUSED ::1:4000
        at /home/tbaltzakis/cloudless.gr/e2e/public-api-sweep.spec.ts:120:31

    Error Context: test-results/public-api-sweep-Public-AP-5c5f7--without-secret-returns-4xx-mobile-chrome-retry1/error-context.md

    attachment #2: trace (application/zip) ─────────────────────────────────────────────────────────
    test-results/public-api-sweep-Public-AP-5c5f7--without-secret-returns-4xx-mobile-chrome-retry1/trace.zip
    Usage:

        npx playwright show-trace test-results/public-api-sweep-Public-AP-5c5f7--without-secret-returns-4xx-mobile-chrome-retry1/trace.zip

    ────────────────────────────────────────────────────────────────────────────────────────────────

  1752) [mobile-chrome] › e2e/public-api-sweep.spec.ts:124:7 › Public API route sweep › POST /api/webhooks/notion without auth returns 4xx 

    Error: apiRequestContext.post: connect ECONNREFUSED ::1:4000
    Call log:
      - → POST http://localhost:4000/api/webhooks/notion
        - user-agent: Mozilla/5.0 (Linux; Android 14; Pixel 7) AppleWebKit/537.36 (KHTML, like Gecko) Chrome/151.0.7922.34 Mobile Safari/537.36
        - accept: */*
        - accept-encoding: gzip,deflate,br
        - content-type: application/json
        - content-length: 2

        at apiRequestContext.post: connect ECONNREFUSED ::1:4000
        at /home/tbaltzakis/cloudless.gr/e2e/public-api-sweep.spec.ts:125:31

    Error Context: test-results/public-api-sweep-Public-AP-9ce1d-on-without-auth-returns-4xx-mobile-chrome/error-context.md

    Retry #1 ───────────────────────────────────────────────────────────────────────────────────────

    Error: apiRequestContext.post: connect ECONNREFUSED ::1:4000
    Call log:
      - → POST http://localhost:4000/api/webhooks/notion
        - user-agent: Mozilla/5.0 (Linux; Android 14; Pixel 7) AppleWebKit/537.36 (KHTML, like Gecko) Chrome/151.0.7922.34 Mobile Safari/537.36
        - accept: */*
        - accept-encoding: gzip,deflate,br
        - content-type: application/json
        - content-length: 2

        at apiRequestContext.post: connect ECONNREFUSED ::1:4000
        at /home/tbaltzakis/cloudless.gr/e2e/public-api-sweep.spec.ts:125:31

    Error Context: test-results/public-api-sweep-Public-AP-9ce1d-on-without-auth-returns-4xx-mobile-chrome-retry1/error-context.md

    attachment #2: trace (application/zip) ─────────────────────────────────────────────────────────
    test-results/public-api-sweep-Public-AP-9ce1d-on-without-auth-returns-4xx-mobile-chrome-retry1/trace.zip
    Usage:

        npx playwright show-trace test-results/public-api-sweep-Public-AP-9ce1d-on-without-auth-returns-4xx-mobile-chrome-retry1/trace.zip

    ────────────────────────────────────────────────────────────────────────────────────────────────

  1753) [mobile-chrome] › e2e/public-api-sweep.spec.ts:129:7 › Public API route sweep › POST /api/webhooks/stripe without auth returns 4xx 

    Error: apiRequestContext.post: connect ECONNREFUSED ::1:4000
    Call log:
      - → POST http://localhost:4000/api/webhooks/stripe
        - user-agent: Mozilla/5.0 (Linux; Android 14; Pixel 7) AppleWebKit/537.36 (KHTML, like Gecko) Chrome/151.0.7922.34 Mobile Safari/537.36
        - accept: */*
        - accept-encoding: gzip,deflate,br
        - content-type: application/json
        - content-length: 2

        at apiRequestContext.post: connect ECONNREFUSED ::1:4000
        at /home/tbaltzakis/cloudless.gr/e2e/public-api-sweep.spec.ts:130:31

    Error Context: test-results/public-api-sweep-Public-AP-443f1-pe-without-auth-returns-4xx-mobile-chrome/error-context.md

    Retry #1 ───────────────────────────────────────────────────────────────────────────────────────

    Error: apiRequestContext.post: connect ECONNREFUSED ::1:4000
    Call log:
      - → POST http://localhost:4000/api/webhooks/stripe
        - user-agent: Mozilla/5.0 (Linux; Android 14; Pixel 7) AppleWebKit/537.36 (KHTML, like Gecko) Chrome/151.0.7922.34 Mobile Safari/537.36
        - accept: */*
        - accept-encoding: gzip,deflate,br
        - content-type: application/json
        - content-length: 2

        at apiRequestContext.post: connect ECONNREFUSED ::1:4000
        at /home/tbaltzakis/cloudless.gr/e2e/public-api-sweep.spec.ts:130:31

    Error Context: test-results/public-api-sweep-Public-AP-443f1-pe-without-auth-returns-4xx-mobile-chrome-retry1/error-context.md

    attachment #2: trace (application/zip) ─────────────────────────────────────────────────────────
    test-results/public-api-sweep-Public-AP-443f1-pe-without-auth-returns-4xx-mobile-chrome-retry1/trace.zip
    Usage:

        npx playwright show-trace test-results/public-api-sweep-Public-AP-443f1-pe-without-auth-returns-4xx-mobile-chrome-retry1/trace.zip

    ────────────────────────────────────────────────────────────────────────────────────────────────

  1754) [mobile-chrome] › e2e/public-api-sweep.spec.ts:134:7 › Public API route sweep › GET /api/cron/analytics-rollup without cron secret returns 4xx 

    Error: apiRequestContext.get: connect ECONNREFUSED ::1:4000
    Call log:
      - → GET http://localhost:4000/api/cron/analytics-rollup
        - user-agent: Mozilla/5.0 (Linux; Android 14; Pixel 7) AppleWebKit/537.36 (KHTML, like Gecko) Chrome/151.0.7922.34 Mobile Safari/537.36
        - accept: */*
        - accept-encoding: gzip,deflate,br

        at apiRequestContext.get: connect ECONNREFUSED ::1:4000
        at /home/tbaltzakis/cloudless.gr/e2e/public-api-sweep.spec.ts:135:31

    Error Context: test-results/public-api-sweep-Public-AP-b84ff-out-cron-secret-returns-4xx-mobile-chrome/error-context.md

    Retry #1 ───────────────────────────────────────────────────────────────────────────────────────

    Error: apiRequestContext.get: connect ECONNREFUSED ::1:4000
    Call log:
      - → GET http://localhost:4000/api/cron/analytics-rollup
        - user-agent: Mozilla/5.0 (Linux; Android 14; Pixel 7) AppleWebKit/537.36 (KHTML, like Gecko) Chrome/151.0.7922.34 Mobile Safari/537.36
        - accept: */*
        - accept-encoding: gzip,deflate,br

        at apiRequestContext.get: connect ECONNREFUSED ::1:4000
        at /home/tbaltzakis/cloudless.gr/e2e/public-api-sweep.spec.ts:135:31

    Error Context: test-results/public-api-sweep-Public-AP-b84ff-out-cron-secret-returns-4xx-mobile-chrome-retry1/error-context.md

    attachment #2: trace (application/zip) ─────────────────────────────────────────────────────────
    test-results/public-api-sweep-Public-AP-b84ff-out-cron-secret-returns-4xx-mobile-chrome-retry1/trace.zip
    Usage:

        npx playwright show-trace test-results/public-api-sweep-Public-AP-b84ff-out-cron-secret-returns-4xx-mobile-chrome-retry1/trace.zip

    ────────────────────────────────────────────────────────────────────────────────────────────────

  1755) [mobile-chrome] › e2e/public-api-sweep.spec.ts:140:7 › Public API route sweep › GET /api/cron/calendar-digest without cron secret returns 4xx 

    Error: apiRequestContext.get: connect ECONNREFUSED ::1:4000
    Call log:
      - → GET http://localhost:4000/api/cron/calendar-digest
        - user-agent: Mozilla/5.0 (Linux; Android 14; Pixel 7) AppleWebKit/537.36 (KHTML, like Gecko) Chrome/151.0.7922.34 Mobile Safari/537.36
        - accept: */*
        - accept-encoding: gzip,deflate,br

        at apiRequestContext.get: connect ECONNREFUSED ::1:4000
        at /home/tbaltzakis/cloudless.gr/e2e/public-api-sweep.spec.ts:141:31

    Error Context: test-results/public-api-sweep-Public-AP-689ae-out-cron-secret-returns-4xx-mobile-chrome/error-context.md

    Retry #1 ───────────────────────────────────────────────────────────────────────────────────────

    Error: apiRequestContext.get: connect ECONNREFUSED ::1:4000
    Call log:
      - → GET http://localhost:4000/api/cron/calendar-digest
        - user-agent: Mozilla/5.0 (Linux; Android 14; Pixel 7) AppleWebKit/537.36 (KHTML, like Gecko) Chrome/151.0.7922.34 Mobile Safari/537.36
        - accept: */*
        - accept-encoding: gzip,deflate,br

        at apiRequestContext.get: connect ECONNREFUSED ::1:4000
        at /home/tbaltzakis/cloudless.gr/e2e/public-api-sweep.spec.ts:141:31

    Error Context: test-results/public-api-sweep-Public-AP-689ae-out-cron-secret-returns-4xx-mobile-chrome-retry1/error-context.md

    attachment #2: trace (application/zip) ─────────────────────────────────────────────────────────
    test-results/public-api-sweep-Public-AP-689ae-out-cron-secret-returns-4xx-mobile-chrome-retry1/trace.zip
    Usage:

        npx playwright show-trace test-results/public-api-sweep-Public-AP-689ae-out-cron-secret-returns-4xx-mobile-chrome-retry1/trace.zip

    ────────────────────────────────────────────────────────────────────────────────────────────────

  1756) [mobile-chrome] › e2e/public-api-sweep.spec.ts:146:7 › Public API route sweep › GET /api/cron/report-cleanup without cron secret returns 4xx 

    Error: apiRequestContext.get: connect ECONNREFUSED ::1:4000
    Call log:
      - → GET http://localhost:4000/api/cron/report-cleanup
        - user-agent: Mozilla/5.0 (Linux; Android 14; Pixel 7) AppleWebKit/537.36 (KHTML, like Gecko) Chrome/151.0.7922.34 Mobile Safari/537.36
        - accept: */*
        - accept-encoding: gzip,deflate,br

        at apiRequestContext.get: connect ECONNREFUSED ::1:4000
        at /home/tbaltzakis/cloudless.gr/e2e/public-api-sweep.spec.ts:147:31

    Error Context: test-results/public-api-sweep-Public-AP-c6456-out-cron-secret-returns-4xx-mobile-chrome/error-context.md

    Retry #1 ───────────────────────────────────────────────────────────────────────────────────────

    Error: apiRequestContext.get: connect ECONNREFUSED ::1:4000
    Call log:
      - → GET http://localhost:4000/api/cron/report-cleanup
        - user-agent: Mozilla/5.0 (Linux; Android 14; Pixel 7) AppleWebKit/537.36 (KHTML, like Gecko) Chrome/151.0.7922.34 Mobile Safari/537.36
        - accept: */*
        - accept-encoding: gzip,deflate,br

        at apiRequestContext.get: connect ECONNREFUSED ::1:4000
        at /home/tbaltzakis/cloudless.gr/e2e/public-api-sweep.spec.ts:147:31

    Error Context: test-results/public-api-sweep-Public-AP-c6456-out-cron-secret-returns-4xx-mobile-chrome-retry1/error-context.md

    attachment #2: trace (application/zip) ─────────────────────────────────────────────────────────
    test-results/public-api-sweep-Public-AP-c6456-out-cron-secret-returns-4xx-mobile-chrome-retry1/trace.zip
    Usage:

        npx playwright show-trace test-results/public-api-sweep-Public-AP-c6456-out-cron-secret-returns-4xx-mobile-chrome-retry1/trace.zip

    ────────────────────────────────────────────────────────────────────────────────────────────────

  1757) [mobile-chrome] › e2e/public-api-sweep.spec.ts:152:7 › Public API route sweep › GET /api/cron/slack-digest without cron secret returns 4xx 

    Error: apiRequestContext.get: connect ECONNREFUSED ::1:4000
    Call log:
      - → GET http://localhost:4000/api/cron/slack-digest
        - user-agent: Mozilla/5.0 (Linux; Android 14; Pixel 7) AppleWebKit/537.36 (KHTML, like Gecko) Chrome/151.0.7922.34 Mobile Safari/537.36
        - accept: */*
        - accept-encoding: gzip,deflate,br

        at apiRequestContext.get: connect ECONNREFUSED ::1:4000
        at /home/tbaltzakis/cloudless.gr/e2e/public-api-sweep.spec.ts:153:31

    Error Context: test-results/public-api-sweep-Public-AP-76231-out-cron-secret-returns-4xx-mobile-chrome/error-context.md

    Retry #1 ───────────────────────────────────────────────────────────────────────────────────────

    Error: apiRequestContext.get: connect ECONNREFUSED ::1:4000
    Call log:
      - → GET http://localhost:4000/api/cron/slack-digest
        - user-agent: Mozilla/5.0 (Linux; Android 14; Pixel 7) AppleWebKit/537.36 (KHTML, like Gecko) Chrome/151.0.7922.34 Mobile Safari/537.36
        - accept: */*
        - accept-encoding: gzip,deflate,br

        at apiRequestContext.get: connect ECONNREFUSED ::1:4000
        at /home/tbaltzakis/cloudless.gr/e2e/public-api-sweep.spec.ts:153:31

    Error Context: test-results/public-api-sweep-Public-AP-76231-out-cron-secret-returns-4xx-mobile-chrome-retry1/error-context.md

    attachment #2: trace (application/zip) ─────────────────────────────────────────────────────────
    test-results/public-api-sweep-Public-AP-76231-out-cron-secret-returns-4xx-mobile-chrome-retry1/trace.zip
    Usage:

        npx playwright show-trace test-results/public-api-sweep-Public-AP-76231-out-cron-secret-returns-4xx-mobile-chrome-retry1/trace.zip

    ────────────────────────────────────────────────────────────────────────────────────────────────

  1758) [mobile-chrome] › e2e/public-api-sweep.spec.ts:158:7 › Public API route sweep › GET /api/cron/voice-brief without cron secret returns 4xx 

    Error: apiRequestContext.get: connect ECONNREFUSED ::1:4000
    Call log:
      - → GET http://localhost:4000/api/cron/voice-brief
        - user-agent: Mozilla/5.0 (Linux; Android 14; Pixel 7) AppleWebKit/537.36 (KHTML, like Gecko) Chrome/151.0.7922.34 Mobile Safari/537.36
        - accept: */*
        - accept-encoding: gzip,deflate,br

        at apiRequestContext.get: connect ECONNREFUSED ::1:4000
        at /home/tbaltzakis/cloudless.gr/e2e/public-api-sweep.spec.ts:159:31

    Error Context: test-results/public-api-sweep-Public-AP-87575-out-cron-secret-returns-4xx-mobile-chrome/error-context.md

    Retry #1 ───────────────────────────────────────────────────────────────────────────────────────

    Error: apiRequestContext.get: connect ECONNREFUSED ::1:4000
    Call log:
      - → GET http://localhost:4000/api/cron/voice-brief
        - user-agent: Mozilla/5.0 (Linux; Android 14; Pixel 7) AppleWebKit/537.36 (KHTML, like Gecko) Chrome/151.0.7922.34 Mobile Safari/537.36
        - accept: */*
        - accept-encoding: gzip,deflate,br

        at apiRequestContext.get: connect ECONNREFUSED ::1:4000
        at /home/tbaltzakis/cloudless.gr/e2e/public-api-sweep.spec.ts:159:31

    Error Context: test-results/public-api-sweep-Public-AP-87575-out-cron-secret-returns-4xx-mobile-chrome-retry1/error-context.md

    attachment #2: trace (application/zip) ─────────────────────────────────────────────────────────
    test-results/public-api-sweep-Public-AP-87575-out-cron-secret-returns-4xx-mobile-chrome-retry1/trace.zip
    Usage:

        npx playwright show-trace test-results/public-api-sweep-Public-AP-87575-out-cron-secret-returns-4xx-mobile-chrome-retry1/trace.zip

    ────────────────────────────────────────────────────────────────────────────────────────────────

  1759) [mobile-chrome] › e2e/public-api-sweep.spec.ts:164:7 › Public API route sweep › GET /api/user/consultations without auth returns 4xx 

    Error: apiRequestContext.get: connect ECONNREFUSED ::1:4000
    Call log:
      - → GET http://localhost:4000/api/user/consultations
        - user-agent: Mozilla/5.0 (Linux; Android 14; Pixel 7) AppleWebKit/537.36 (KHTML, like Gecko) Chrome/151.0.7922.34 Mobile Safari/537.36
        - accept: */*
        - accept-encoding: gzip,deflate,br

        at apiRequestContext.get: connect ECONNREFUSED ::1:4000
        at /home/tbaltzakis/cloudless.gr/e2e/public-api-sweep.spec.ts:165:31

    Error Context: test-results/public-api-sweep-Public-AP-2134f-ns-without-auth-returns-4xx-mobile-chrome/error-context.md

    Retry #1 ───────────────────────────────────────────────────────────────────────────────────────

    Error: apiRequestContext.get: connect ECONNREFUSED ::1:4000
    Call log:
      - → GET http://localhost:4000/api/user/consultations
        - user-agent: Mozilla/5.0 (Linux; Android 14; Pixel 7) AppleWebKit/537.36 (KHTML, like Gecko) Chrome/151.0.7922.34 Mobile Safari/537.36
        - accept: */*
        - accept-encoding: gzip,deflate,br

        at apiRequestContext.get: connect ECONNREFUSED ::1:4000
        at /home/tbaltzakis/cloudless.gr/e2e/public-api-sweep.spec.ts:165:31

    Error Context: test-results/public-api-sweep-Public-AP-2134f-ns-without-auth-returns-4xx-mobile-chrome-retry1/error-context.md

    attachment #2: trace (application/zip) ─────────────────────────────────────────────────────────
    test-results/public-api-sweep-Public-AP-2134f-ns-without-auth-returns-4xx-mobile-chrome-retry1/trace.zip
    Usage:

        npx playwright show-trace test-results/public-api-sweep-Public-AP-2134f-ns-without-auth-returns-4xx-mobile-chrome-retry1/trace.zip

    ────────────────────────────────────────────────────────────────────────────────────────────────

  1760) [mobile-chrome] › e2e/public-api-sweep.spec.ts:170:7 › Public API route sweep › GET /api/user/purchases without auth returns 4xx 

    Error: apiRequestContext.get: connect ECONNREFUSED ::1:4000
    Call log:
      - → GET http://localhost:4000/api/user/purchases
        - user-agent: Mozilla/5.0 (Linux; Android 14; Pixel 7) AppleWebKit/537.36 (KHTML, like Gecko) Chrome/151.0.7922.34 Mobile Safari/537.36
        - accept: */*
        - accept-encoding: gzip,deflate,br

        at apiRequestContext.get: connect ECONNREFUSED ::1:4000
        at /home/tbaltzakis/cloudless.gr/e2e/public-api-sweep.spec.ts:171:31

    Error Context: test-results/public-api-sweep-Public-AP-4b29e-es-without-auth-returns-4xx-mobile-chrome/error-context.md

    Retry #1 ───────────────────────────────────────────────────────────────────────────────────────

    Error: apiRequestContext.get: connect ECONNREFUSED ::1:4000
    Call log:
      - → GET http://localhost:4000/api/user/purchases
        - user-agent: Mozilla/5.0 (Linux; Android 14; Pixel 7) AppleWebKit/537.36 (KHTML, like Gecko) Chrome/151.0.7922.34 Mobile Safari/537.36
        - accept: */*
        - accept-encoding: gzip,deflate,br

        at apiRequestContext.get: connect ECONNREFUSED ::1:4000
        at /home/tbaltzakis/cloudless.gr/e2e/public-api-sweep.spec.ts:171:31

    Error Context: test-results/public-api-sweep-Public-AP-4b29e-es-without-auth-returns-4xx-mobile-chrome-retry1/error-context.md

    attachment #2: trace (application/zip) ─────────────────────────────────────────────────────────
    test-results/public-api-sweep-Public-AP-4b29e-es-without-auth-returns-4xx-mobile-chrome-retry1/trace.zip
    Usage:

        npx playwright show-trace test-results/public-api-sweep-Public-AP-4b29e-es-without-auth-returns-4xx-mobile-chrome-retry1/trace.zip

    ────────────────────────────────────────────────────────────────────────────────────────────────

  1761) [mobile-chrome] › e2e/public-api-sweep.spec.ts:176:7 › Public API route sweep › GET /api/notion-image responds without 5xx 

    Error: apiRequestContext.get: connect ECONNREFUSED ::1:4000
    Call log:
      - → GET http://localhost:4000/api/notion-image
        - user-agent: Mozilla/5.0 (Linux; Android 14; Pixel 7) AppleWebKit/537.36 (KHTML, like Gecko) Chrome/151.0.7922.34 Mobile Safari/537.36
        - accept: */*
        - accept-encoding: gzip,deflate,br

        at apiRequestContext.get: connect ECONNREFUSED ::1:4000
        at /home/tbaltzakis/cloudless.gr/e2e/public-api-sweep.spec.ts:177:31

    Error Context: test-results/public-api-sweep-Public-AP-daf8f--image-responds-without-5xx-mobile-chrome/error-context.md

    Retry #1 ───────────────────────────────────────────────────────────────────────────────────────

    Error: apiRequestContext.get: connect ECONNREFUSED ::1:4000
    Call log:
      - → GET http://localhost:4000/api/notion-image
        - user-agent: Mozilla/5.0 (Linux; Android 14; Pixel 7) AppleWebKit/537.36 (KHTML, like Gecko) Chrome/151.0.7922.34 Mobile Safari/537.36
        - accept: */*
        - accept-encoding: gzip,deflate,br

        at apiRequestContext.get: connect ECONNREFUSED ::1:4000
        at /home/tbaltzakis/cloudless.gr/e2e/public-api-sweep.spec.ts:177:31

    Error Context: test-results/public-api-sweep-Public-AP-daf8f--image-responds-without-5xx-mobile-chrome-retry1/error-context.md

    attachment #2: trace (application/zip) ─────────────────────────────────────────────────────────
    test-results/public-api-sweep-Public-AP-daf8f--image-responds-without-5xx-mobile-chrome-retry1/trace.zip
    Usage:

        npx playwright show-trace test-results/public-api-sweep-Public-AP-daf8f--image-responds-without-5xx-mobile-chrome-retry1/trace.zip

    ────────────────────────────────────────────────────────────────────────────────────────────────

  1762) [mobile-chrome] › e2e/public-api-sweep.spec.ts:181:7 › Public API route sweep › GET /api/portal/enroll responds without 5xx 

    Error: apiRequestContext.get: connect ECONNREFUSED ::1:4000
    Call log:
      - → GET http://localhost:4000/api/portal/enroll
        - user-agent: Mozilla/5.0 (Linux; Android 14; Pixel 7) AppleWebKit/537.36 (KHTML, like Gecko) Chrome/151.0.7922.34 Mobile Safari/537.36
        - accept: */*
        - accept-encoding: gzip,deflate,br

        at apiRequestContext.get: connect ECONNREFUSED ::1:4000
        at /home/tbaltzakis/cloudless.gr/e2e/public-api-sweep.spec.ts:182:31

    Error Context: test-results/public-api-sweep-Public-AP-e6dab-enroll-responds-without-5xx-mobile-chrome/error-context.md

    Retry #1 ───────────────────────────────────────────────────────────────────────────────────────

    Error: apiRequestContext.get: connect ECONNREFUSED ::1:4000
    Call log:
      - → GET http://localhost:4000/api/portal/enroll
        - user-agent: Mozilla/5.0 (Linux; Android 14; Pixel 7) AppleWebKit/537.36 (KHTML, like Gecko) Chrome/151.0.7922.34 Mobile Safari/537.36
        - accept: */*
        - accept-encoding: gzip,deflate,br

        at apiRequestContext.get: connect ECONNREFUSED ::1:4000
        at /home/tbaltzakis/cloudless.gr/e2e/public-api-sweep.spec.ts:182:31

    Error Context: test-results/public-api-sweep-Public-AP-e6dab-enroll-responds-without-5xx-mobile-chrome-retry1/error-context.md

    attachment #2: trace (application/zip) ─────────────────────────────────────────────────────────
    test-results/public-api-sweep-Public-AP-e6dab-enroll-responds-without-5xx-mobile-chrome-retry1/trace.zip
    Usage:

        npx playwright show-trace test-results/public-api-sweep-Public-AP-e6dab-enroll-responds-without-5xx-mobile-chrome-retry1/trace.zip

    ────────────────────────────────────────────────────────────────────────────────────────────────

  1763) [mobile-chrome] › e2e/public-api-sweep.spec.ts:186:7 › Public API route sweep › GET /api/portal/me responds without 5xx 

    Error: apiRequestContext.get: connect ECONNREFUSED ::1:4000
    Call log:
      - → GET http://localhost:4000/api/portal/me
        - user-agent: Mozilla/5.0 (Linux; Android 14; Pixel 7) AppleWebKit/537.36 (KHTML, like Gecko) Chrome/151.0.7922.34 Mobile Safari/537.36
        - accept: */*
        - accept-encoding: gzip,deflate,br

        at apiRequestContext.get: connect ECONNREFUSED ::1:4000
        at /home/tbaltzakis/cloudless.gr/e2e/public-api-sweep.spec.ts:187:31

    Error Context: test-results/public-api-sweep-Public-AP-76ddf-tal-me-responds-without-5xx-mobile-chrome/error-context.md

    Retry #1 ───────────────────────────────────────────────────────────────────────────────────────

    Error: apiRequestContext.get: connect ECONNREFUSED ::1:4000
    Call log:
      - → GET http://localhost:4000/api/portal/me
        - user-agent: Mozilla/5.0 (Linux; Android 14; Pixel 7) AppleWebKit/537.36 (KHTML, like Gecko) Chrome/151.0.7922.34 Mobile Safari/537.36
        - accept: */*
        - accept-encoding: gzip,deflate,br

        at apiRequestContext.get: connect ECONNREFUSED ::1:4000
        at /home/tbaltzakis/cloudless.gr/e2e/public-api-sweep.spec.ts:187:31

    Error Context: test-results/public-api-sweep-Public-AP-76ddf-tal-me-responds-without-5xx-mobile-chrome-retry1/error-context.md

    attachment #2: trace (application/zip) ─────────────────────────────────────────────────────────
    test-results/public-api-sweep-Public-AP-76ddf-tal-me-responds-without-5xx-mobile-chrome-retry1/trace.zip
    Usage:

        npx playwright show-trace test-results/public-api-sweep-Public-AP-76ddf-tal-me-responds-without-5xx-mobile-chrome-retry1/trace.zip

    ────────────────────────────────────────────────────────────────────────────────────────────────

  1764) [mobile-chrome] › e2e/public-api-sweep.spec.ts:191:7 › Public API route sweep › GET /api/unsubscribe responds without 5xx 

    Error: apiRequestContext.get: connect ECONNREFUSED ::1:4000
    Call log:
      - → GET http://localhost:4000/api/unsubscribe
        - user-agent: Mozilla/5.0 (Linux; Android 14; Pixel 7) AppleWebKit/537.36 (KHTML, like Gecko) Chrome/151.0.7922.34 Mobile Safari/537.36
        - accept: */*
        - accept-encoding: gzip,deflate,br

        at apiRequestContext.get: connect ECONNREFUSED ::1:4000
        at /home/tbaltzakis/cloudless.gr/e2e/public-api-sweep.spec.ts:192:31

    Error Context: test-results/public-api-sweep-Public-AP-2a31f-scribe-responds-without-5xx-mobile-chrome/error-context.md

    Retry #1 ───────────────────────────────────────────────────────────────────────────────────────

    Error: apiRequestContext.get: connect ECONNREFUSED ::1:4000
    Call log:
      - → GET http://localhost:4000/api/unsubscribe
        - user-agent: Mozilla/5.0 (Linux; Android 14; Pixel 7) AppleWebKit/537.36 (KHTML, like Gecko) Chrome/151.0.7922.34 Mobile Safari/537.36
        - accept: */*
        - accept-encoding: gzip,deflate,br

        at apiRequestContext.get: connect ECONNREFUSED ::1:4000
        at /home/tbaltzakis/cloudless.gr/e2e/public-api-sweep.spec.ts:192:31

    Error Context: test-results/public-api-sweep-Public-AP-2a31f-scribe-responds-without-5xx-mobile-chrome-retry1/error-context.md

    attachment #2: trace (application/zip) ─────────────────────────────────────────────────────────
    test-results/public-api-sweep-Public-AP-2a31f-scribe-responds-without-5xx-mobile-chrome-retry1/trace.zip
    Usage:

        npx playwright show-trace test-results/public-api-sweep-Public-AP-2a31f-scribe-responds-without-5xx-mobile-chrome-retry1/trace.zip

    ────────────────────────────────────────────────────────────────────────────────────────────────

  1765) [mobile-chrome] › e2e/public-pages-audit.spec.ts:82:9 › static /en ─────────────────────────

    Error: page.goto: net::ERR_CONNECTION_REFUSED at http://localhost:4000/en
    Call log:
      - navigating to "http://localhost:4000/en", waiting until "domcontentloaded"


       97 |       });
       98 |
    >  99 |       const response = await page.goto(route, {
          |                                   ^
      100 |         waitUntil: "domcontentloaded",
      101 |         timeout: 60_000,
      102 |       });
        at /home/tbaltzakis/cloudless.gr/e2e/public-pages-audit.spec.ts:99:35

    attachment #1: screenshot (image/png) ──────────────────────────────────────────────────────────
    test-results/public-pages-audit-static-en-mobile-chrome/test-failed-1.png
    ────────────────────────────────────────────────────────────────────────────────────────────────

    attachment #2: video (video/webm) ──────────────────────────────────────────────────────────────
    test-results/public-pages-audit-static-en-mobile-chrome/video.webm
    ────────────────────────────────────────────────────────────────────────────────────────────────

    Error Context: test-results/public-pages-audit-static-en-mobile-chrome/error-context.md

    Error Context: test-results/public-pages-audit-static-en-mobile-chrome/error-context.md

    Retry #1 ───────────────────────────────────────────────────────────────────────────────────────

    Error: page.goto: net::ERR_CONNECTION_REFUSED at http://localhost:4000/en
    Call log:
      - navigating to "http://localhost:4000/en", waiting until "domcontentloaded"


       97 |       });
       98 |
    >  99 |       const response = await page.goto(route, {
          |                                   ^
      100 |         waitUntil: "domcontentloaded",
      101 |         timeout: 60_000,
      102 |       });
        at /home/tbaltzakis/cloudless.gr/e2e/public-pages-audit.spec.ts:99:35

    attachment #1: screenshot (image/png) ──────────────────────────────────────────────────────────
    test-results/public-pages-audit-static-en-mobile-chrome-retry1/test-failed-1.png
    ────────────────────────────────────────────────────────────────────────────────────────────────

    attachment #2: video (video/webm) ──────────────────────────────────────────────────────────────
    test-results/public-pages-audit-static-en-mobile-chrome-retry1/video.webm
    ────────────────────────────────────────────────────────────────────────────────────────────────

    Error Context: test-results/public-pages-audit-static-en-mobile-chrome-retry1/error-context.md

    Error Context: test-results/public-pages-audit-static-en-mobile-chrome-retry1/error-context.md

    attachment #5: trace (application/zip) ─────────────────────────────────────────────────────────
    test-results/public-pages-audit-static-en-mobile-chrome-retry1/trace.zip
    Usage:

        npx playwright show-trace test-results/public-pages-audit-static-en-mobile-chrome-retry1/trace.zip

    ────────────────────────────────────────────────────────────────────────────────────────────────

  1766) [mobile-chrome] › e2e/pwa-manifest.spec.ts:38:7 › PWA manifest › /manifest.webmanifest serves application/manifest+json 

    Error: apiRequestContext.get: connect ECONNREFUSED ::1:4000
    Call log:
      - → GET http://localhost:4000/manifest.webmanifest
        - user-agent: Mozilla/5.0 (Linux; Android 14; Pixel 7) AppleWebKit/537.36 (KHTML, like Gecko) Chrome/151.0.7922.34 Mobile Safari/537.36
        - accept: */*
        - accept-encoding: gzip,deflate,br

        at apiRequestContext.get: connect ECONNREFUSED ::1:4000
        at /home/tbaltzakis/cloudless.gr/e2e/pwa-manifest.spec.ts:41:29

    Error Context: test-results/pwa-manifest-PWA-manifest--0f0e7-s-application-manifest-json-mobile-chrome/error-context.md

    Retry #1 ───────────────────────────────────────────────────────────────────────────────────────

    Error: apiRequestContext.get: connect ECONNREFUSED ::1:4000
    Call log:
      - → GET http://localhost:4000/manifest.webmanifest
        - user-agent: Mozilla/5.0 (Linux; Android 14; Pixel 7) AppleWebKit/537.36 (KHTML, like Gecko) Chrome/151.0.7922.34 Mobile Safari/537.36
        - accept: */*
        - accept-encoding: gzip,deflate,br

        at apiRequestContext.get: connect ECONNREFUSED ::1:4000
        at /home/tbaltzakis/cloudless.gr/e2e/pwa-manifest.spec.ts:41:29

    Error Context: test-results/pwa-manifest-PWA-manifest--0f0e7-s-application-manifest-json-mobile-chrome-retry1/error-context.md

    attachment #2: trace (application/zip) ─────────────────────────────────────────────────────────
    test-results/pwa-manifest-PWA-manifest--0f0e7-s-application-manifest-json-mobile-chrome-retry1/trace.zip
    Usage:

        npx playwright show-trace test-results/pwa-manifest-PWA-manifest--0f0e7-s-application-manifest-json-mobile-chrome-retry1/trace.zip

    ────────────────────────────────────────────────────────────────────────────────────────────────

  1767) [mobile-chrome] › e2e/pwa-manifest.spec.ts:48:7 › PWA manifest › /api/pwa-manifest is the actual handler and returns valid JSON 

    Error: apiRequestContext.get: connect ECONNREFUSED ::1:4000
    Call log:
      - → GET http://localhost:4000/api/pwa-manifest
        - user-agent: Mozilla/5.0 (Linux; Android 14; Pixel 7) AppleWebKit/537.36 (KHTML, like Gecko) Chrome/151.0.7922.34 Mobile Safari/537.36
        - accept: */*
        - accept-encoding: gzip,deflate,br

        at apiRequestContext.get: connect ECONNREFUSED ::1:4000
        at /home/tbaltzakis/cloudless.gr/e2e/pwa-manifest.spec.ts:51:29

    Error Context: test-results/pwa-manifest-PWA-manifest--bff14-dler-and-returns-valid-JSON-mobile-chrome/error-context.md

    Retry #1 ───────────────────────────────────────────────────────────────────────────────────────

    Error: apiRequestContext.get: connect ECONNREFUSED ::1:4000
    Call log:
      - → GET http://localhost:4000/api/pwa-manifest
        - user-agent: Mozilla/5.0 (Linux; Android 14; Pixel 7) AppleWebKit/537.36 (KHTML, like Gecko) Chrome/151.0.7922.34 Mobile Safari/537.36
        - accept: */*
        - accept-encoding: gzip,deflate,br

        at apiRequestContext.get: connect ECONNREFUSED ::1:4000
        at /home/tbaltzakis/cloudless.gr/e2e/pwa-manifest.spec.ts:51:29

    Error Context: test-results/pwa-manifest-PWA-manifest--bff14-dler-and-returns-valid-JSON-mobile-chrome-retry1/error-context.md

    attachment #2: trace (application/zip) ─────────────────────────────────────────────────────────
    test-results/pwa-manifest-PWA-manifest--bff14-dler-and-returns-valid-JSON-mobile-chrome-retry1/trace.zip
    Usage:

        npx playwright show-trace test-results/pwa-manifest-PWA-manifest--bff14-dler-and-returns-valid-JSON-mobile-chrome-retry1/trace.zip

    ────────────────────────────────────────────────────────────────────────────────────────────────

  1768) [mobile-chrome] › e2e/pwa-manifest.spec.ts:61:7 › PWA manifest › manifest declares 192/512 PNG icons + maskable variant 

    Error: apiRequestContext.get: connect ECONNREFUSED ::1:4000
    Call log:
      - → GET http://localhost:4000/api/pwa-manifest
        - user-agent: Mozilla/5.0 (Linux; Android 14; Pixel 7) AppleWebKit/537.36 (KHTML, like Gecko) Chrome/151.0.7922.34 Mobile Safari/537.36
        - accept: */*
        - accept-encoding: gzip,deflate,br

        at apiRequestContext.get: connect ECONNREFUSED ::1:4000
        at /home/tbaltzakis/cloudless.gr/e2e/pwa-manifest.spec.ts:64:29

    Error Context: test-results/pwa-manifest-PWA-manifest--5bc02--PNG-icons-maskable-variant-mobile-chrome/error-context.md

    Retry #1 ───────────────────────────────────────────────────────────────────────────────────────

    Error: apiRequestContext.get: connect ECONNREFUSED ::1:4000
    Call log:
      - → GET http://localhost:4000/api/pwa-manifest
        - user-agent: Mozilla/5.0 (Linux; Android 14; Pixel 7) AppleWebKit/537.36 (KHTML, like Gecko) Chrome/151.0.7922.34 Mobile Safari/537.36
        - accept: */*
        - accept-encoding: gzip,deflate,br

        at apiRequestContext.get: connect ECONNREFUSED ::1:4000
        at /home/tbaltzakis/cloudless.gr/e2e/pwa-manifest.spec.ts:64:29

    Error Context: test-results/pwa-manifest-PWA-manifest--5bc02--PNG-icons-maskable-variant-mobile-chrome-retry1/error-context.md

    attachment #2: trace (application/zip) ─────────────────────────────────────────────────────────
    test-results/pwa-manifest-PWA-manifest--5bc02--PNG-icons-maskable-variant-mobile-chrome-retry1/trace.zip
    Usage:

        npx playwright show-trace test-results/pwa-manifest-PWA-manifest--5bc02--PNG-icons-maskable-variant-mobile-chrome-retry1/trace.zip

    ────────────────────────────────────────────────────────────────────────────────────────────────

  1769) [mobile-chrome] › e2e/pwa-manifest.spec.ts:72:7 › PWA manifest › manifest shortcuts include core nav targets 

    Error: apiRequestContext.get: connect ECONNREFUSED ::1:4000
    Call log:
      - → GET http://localhost:4000/api/pwa-manifest
        - user-agent: Mozilla/5.0 (Linux; Android 14; Pixel 7) AppleWebKit/537.36 (KHTML, like Gecko) Chrome/151.0.7922.34 Mobile Safari/537.36
        - accept: */*
        - accept-encoding: gzip,deflate,br

        at apiRequestContext.get: connect ECONNREFUSED ::1:4000
        at /home/tbaltzakis/cloudless.gr/e2e/pwa-manifest.spec.ts:73:29

    Error Context: test-results/pwa-manifest-PWA-manifest--21f86-ts-include-core-nav-targets-mobile-chrome/error-context.md

    Retry #1 ───────────────────────────────────────────────────────────────────────────────────────

    Error: apiRequestContext.get: connect ECONNREFUSED ::1:4000
    Call log:
      - → GET http://localhost:4000/api/pwa-manifest
        - user-agent: Mozilla/5.0 (Linux; Android 14; Pixel 7) AppleWebKit/537.36 (KHTML, like Gecko) Chrome/151.0.7922.34 Mobile Safari/537.36
        - accept: */*
        - accept-encoding: gzip,deflate,br

        at apiRequestContext.get: connect ECONNREFUSED ::1:4000
        at /home/tbaltzakis/cloudless.gr/e2e/pwa-manifest.spec.ts:73:29

    Error Context: test-results/pwa-manifest-PWA-manifest--21f86-ts-include-core-nav-targets-mobile-chrome-retry1/error-context.md

    attachment #2: trace (application/zip) ─────────────────────────────────────────────────────────
    test-results/pwa-manifest-PWA-manifest--21f86-ts-include-core-nav-targets-mobile-chrome-retry1/trace.zip
    Usage:

        npx playwright show-trace test-results/pwa-manifest-PWA-manifest--21f86-ts-include-core-nav-targets-mobile-chrome-retry1/trace.zip

    ────────────────────────────────────────────────────────────────────────────────────────────────

  1770) [mobile-chrome] › e2e/pwa-manifest.spec.ts:81:7 › PWA manifest › rewrite path matches the API route output byte-for-byte (key fields) 

    Error: apiRequestContext.get: connect ECONNREFUSED ::1:4000
    Call log:
      - → GET http://localhost:4000/manifest.webmanifest
        - user-agent: Mozilla/5.0 (Linux; Android 14; Pixel 7) AppleWebKit/537.36 (KHTML, like Gecko) Chrome/151.0.7922.34 Mobile Safari/537.36
        - accept: */*
        - accept-encoding: gzip,deflate,br

        at apiRequestContext.get: connect ECONNREFUSED ::1:4000
        at /home/tbaltzakis/cloudless.gr/e2e/pwa-manifest.spec.ts:87:37

    Error Context: test-results/pwa-manifest-PWA-manifest--0bf5d-t-byte-for-byte-key-fields--mobile-chrome/error-context.md

    Retry #1 ───────────────────────────────────────────────────────────────────────────────────────

    Error: apiRequestContext.get: connect ECONNREFUSED ::1:4000
    Call log:
      - → GET http://localhost:4000/manifest.webmanifest
        - user-agent: Mozilla/5.0 (Linux; Android 14; Pixel 7) AppleWebKit/537.36 (KHTML, like Gecko) Chrome/151.0.7922.34 Mobile Safari/537.36
        - accept: */*
        - accept-encoding: gzip,deflate,br

        at apiRequestContext.get: connect ECONNREFUSED ::1:4000
        at /home/tbaltzakis/cloudless.gr/e2e/pwa-manifest.spec.ts:87:37

    Error Context: test-results/pwa-manifest-PWA-manifest--0bf5d-t-byte-for-byte-key-fields--mobile-chrome-retry1/error-context.md

    attachment #2: trace (application/zip) ─────────────────────────────────────────────────────────
    test-results/pwa-manifest-PWA-manifest--0bf5d-t-byte-for-byte-key-fields--mobile-chrome-retry1/trace.zip
    Usage:

        npx playwright show-trace test-results/pwa-manifest-PWA-manifest--0bf5d-t-byte-for-byte-key-fields--mobile-chrome-retry1/trace.zip

    ────────────────────────────────────────────────────────────────────────────────────────────────

  1771) [mobile-chrome] › e2e/pwa-manifest.spec.ts:98:7 › PWA manifest › layout.tsx points to the manifest path 

    Error: page.goto: net::ERR_CONNECTION_REFUSED at http://localhost:4000/en
    Call log:
      - navigating to "http://localhost:4000/en", waiting until "load"


       97 |
       98 |   test("layout.tsx points to the manifest path", async ({ page }) => {
    >  99 |     await page.goto("/en");
          |                ^
      100 |     const href = await page.locator('link[rel="manifest"]').getAttribute("href");
      101 |     expect(href).toBeTruthy();
      102 |     expect(href).toMatch(/manifest\.webmanifest$|\/api\/pwa-manifest$/);
        at /home/tbaltzakis/cloudless.gr/e2e/pwa-manifest.spec.ts:99:16

    attachment #1: screenshot (image/png) ──────────────────────────────────────────────────────────
    test-results/pwa-manifest-PWA-manifest--09321-points-to-the-manifest-path-mobile-chrome/test-failed-1.png
    ────────────────────────────────────────────────────────────────────────────────────────────────

    attachment #2: video (video/webm) ──────────────────────────────────────────────────────────────
    test-results/pwa-manifest-PWA-manifest--09321-points-to-the-manifest-path-mobile-chrome/video.webm
    ────────────────────────────────────────────────────────────────────────────────────────────────

    Error Context: test-results/pwa-manifest-PWA-manifest--09321-points-to-the-manifest-path-mobile-chrome/error-context.md

    Retry #1 ───────────────────────────────────────────────────────────────────────────────────────

    Error: page.goto: net::ERR_CONNECTION_REFUSED at http://localhost:4000/en
    Call log:
      - navigating to "http://localhost:4000/en", waiting until "load"


       97 |
       98 |   test("layout.tsx points to the manifest path", async ({ page }) => {
    >  99 |     await page.goto("/en");
          |                ^
      100 |     const href = await page.locator('link[rel="manifest"]').getAttribute("href");
      101 |     expect(href).toBeTruthy();
      102 |     expect(href).toMatch(/manifest\.webmanifest$|\/api\/pwa-manifest$/);
        at /home/tbaltzakis/cloudless.gr/e2e/pwa-manifest.spec.ts:99:16

    attachment #1: screenshot (image/png) ──────────────────────────────────────────────────────────
    test-results/pwa-manifest-PWA-manifest--09321-points-to-the-manifest-path-mobile-chrome-retry1/test-failed-1.png
    ────────────────────────────────────────────────────────────────────────────────────────────────

    attachment #2: video (video/webm) ──────────────────────────────────────────────────────────────
    test-results/pwa-manifest-PWA-manifest--09321-points-to-the-manifest-path-mobile-chrome-retry1/video.webm
    ────────────────────────────────────────────────────────────────────────────────────────────────

    Error Context: test-results/pwa-manifest-PWA-manifest--09321-points-to-the-manifest-path-mobile-chrome-retry1/error-context.md

    attachment #4: trace (application/zip) ─────────────────────────────────────────────────────────
    test-results/pwa-manifest-PWA-manifest--09321-points-to-the-manifest-path-mobile-chrome-retry1/trace.zip
    Usage:

        npx playwright show-trace test-results/pwa-manifest-PWA-manifest--09321-points-to-the-manifest-path-mobile-chrome-retry1/trace.zip

    ────────────────────────────────────────────────────────────────────────────────────────────────

  1772) [mobile-chrome] › e2e/register-user-flow.spec.ts:36:9 › new-user registration flow › signup page rendering › renders without a plan param 

    Error: page.goto: net::ERR_CONNECTION_REFUSED at http://localhost:4000/en/auth/signup
    Call log:
      - navigating to "http://localhost:4000/en/auth/signup", waiting until "load"


      35 |   test.describe("signup page rendering", () => {
      36 |     test("renders without a plan param", async ({ page }) => {
    > 37 |       const res = await page.goto("/en/auth/signup");
         |                              ^
      38 |       expect(res?.status()).toBe(200);
      39 |       await expect(page.locator("h1, h2").first()).toBeVisible({ timeout: 15_000 });
      40 |     });
        at /home/tbaltzakis/cloudless.gr/e2e/register-user-flow.spec.ts:37:30

    attachment #1: screenshot (image/png) ──────────────────────────────────────────────────────────
    test-results/register-user-flow-new-use-bc7fb-enders-without-a-plan-param-mobile-chrome/test-failed-1.png
    ────────────────────────────────────────────────────────────────────────────────────────────────

    attachment #2: video (video/webm) ──────────────────────────────────────────────────────────────
    test-results/register-user-flow-new-use-bc7fb-enders-without-a-plan-param-mobile-chrome/video.webm
    ────────────────────────────────────────────────────────────────────────────────────────────────

    Error Context: test-results/register-user-flow-new-use-bc7fb-enders-without-a-plan-param-mobile-chrome/error-context.md

    Retry #1 ───────────────────────────────────────────────────────────────────────────────────────

    Error: page.goto: net::ERR_CONNECTION_REFUSED at http://localhost:4000/en/auth/signup
    Call log:
      - navigating to "http://localhost:4000/en/auth/signup", waiting until "load"


      35 |   test.describe("signup page rendering", () => {
      36 |     test("renders without a plan param", async ({ page }) => {
    > 37 |       const res = await page.goto("/en/auth/signup");
         |                              ^
      38 |       expect(res?.status()).toBe(200);
      39 |       await expect(page.locator("h1, h2").first()).toBeVisible({ timeout: 15_000 });
      40 |     });
        at /home/tbaltzakis/cloudless.gr/e2e/register-user-flow.spec.ts:37:30

    attachment #1: screenshot (image/png) ──────────────────────────────────────────────────────────
    test-results/register-user-flow-new-use-bc7fb-enders-without-a-plan-param-mobile-chrome-retry1/test-failed-1.png
    ────────────────────────────────────────────────────────────────────────────────────────────────

    attachment #2: video (video/webm) ──────────────────────────────────────────────────────────────
    test-results/register-user-flow-new-use-bc7fb-enders-without-a-plan-param-mobile-chrome-retry1/video.webm
    ────────────────────────────────────────────────────────────────────────────────────────────────

    Error Context: test-results/register-user-flow-new-use-bc7fb-enders-without-a-plan-param-mobile-chrome-retry1/error-context.md

    attachment #4: trace (application/zip) ─────────────────────────────────────────────────────────
    test-results/register-user-flow-new-use-bc7fb-enders-without-a-plan-param-mobile-chrome-retry1/trace.zip
    Usage:

        npx playwright show-trace test-results/register-user-flow-new-use-bc7fb-enders-without-a-plan-param-mobile-chrome-retry1/trace.zip

    ────────────────────────────────────────────────────────────────────────────────────────────────

  1773) [mobile-chrome] › e2e/register-user-flow.spec.ts:43:11 › new-user registration flow › signup page rendering › renders for plan=cloud 

    Error: page.goto: net::ERR_CONNECTION_REFUSED at http://localhost:4000/en/auth/signup?plan=cloud
    Call log:
      - navigating to "http://localhost:4000/en/auth/signup?plan=cloud", waiting until "load"


      42 |     for (const plan of VALID_PLANS) {
      43 |       test(`renders for plan=${plan}`, async ({ page }) => {
    > 44 |         const res = await page.goto(`/en/auth/signup?plan=${plan}`);
         |                                ^
      45 |         expect(res?.status()).toBe(200);
      46 |       });
      47 |     }
        at /home/tbaltzakis/cloudless.gr/e2e/register-user-flow.spec.ts:44:32

    attachment #1: screenshot (image/png) ──────────────────────────────────────────────────────────
    test-results/register-user-flow-new-use-f1a30-ring-renders-for-plan-cloud-mobile-chrome/test-failed-1.png
    ────────────────────────────────────────────────────────────────────────────────────────────────

    attachment #2: video (video/webm) ──────────────────────────────────────────────────────────────
    test-results/register-user-flow-new-use-f1a30-ring-renders-for-plan-cloud-mobile-chrome/video.webm
    ────────────────────────────────────────────────────────────────────────────────────────────────

    Error Context: test-results/register-user-flow-new-use-f1a30-ring-renders-for-plan-cloud-mobile-chrome/error-context.md

    Retry #1 ───────────────────────────────────────────────────────────────────────────────────────

    Error: page.goto: net::ERR_CONNECTION_REFUSED at http://localhost:4000/en/auth/signup?plan=cloud
    Call log:
      - navigating to "http://localhost:4000/en/auth/signup?plan=cloud", waiting until "load"


      42 |     for (const plan of VALID_PLANS) {
      43 |       test(`renders for plan=${plan}`, async ({ page }) => {
    > 44 |         const res = await page.goto(`/en/auth/signup?plan=${plan}`);
         |                                ^
      45 |         expect(res?.status()).toBe(200);
      46 |       });
      47 |     }
        at /home/tbaltzakis/cloudless.gr/e2e/register-user-flow.spec.ts:44:32

    attachment #1: screenshot (image/png) ──────────────────────────────────────────────────────────
    test-results/register-user-flow-new-use-f1a30-ring-renders-for-plan-cloud-mobile-chrome-retry1/test-failed-1.png
    ────────────────────────────────────────────────────────────────────────────────────────────────

    attachment #2: video (video/webm) ──────────────────────────────────────────────────────────────
    test-results/register-user-flow-new-use-f1a30-ring-renders-for-plan-cloud-mobile-chrome-retry1/video.webm
    ────────────────────────────────────────────────────────────────────────────────────────────────

    Error Context: test-results/register-user-flow-new-use-f1a30-ring-renders-for-plan-cloud-mobile-chrome-retry1/error-context.md

    attachment #4: trace (application/zip) ─────────────────────────────────────────────────────────
    test-results/register-user-flow-new-use-f1a30-ring-renders-for-plan-cloud-mobile-chrome-retry1/trace.zip
    Usage:

        npx playwright show-trace test-results/register-user-flow-new-use-f1a30-ring-renders-for-plan-cloud-mobile-chrome-retry1/trace.zip

    ────────────────────────────────────────────────────────────────────────────────────────────────

  1774) [mobile-chrome] › e2e/register-user-flow.spec.ts:43:11 › new-user registration flow › signup page rendering › renders for plan=serverless 

    Error: page.goto: net::ERR_CONNECTION_REFUSED at http://localhost:4000/en/auth/signup?plan=serverless
    Call log:
      - navigating to "http://localhost:4000/en/auth/signup?plan=serverless", waiting until "load"


      42 |     for (const plan of VALID_PLANS) {
      43 |       test(`renders for plan=${plan}`, async ({ page }) => {
    > 44 |         const res = await page.goto(`/en/auth/signup?plan=${plan}`);
         |                                ^
      45 |         expect(res?.status()).toBe(200);
      46 |       });
      47 |     }
        at /home/tbaltzakis/cloudless.gr/e2e/register-user-flow.spec.ts:44:32

    attachment #1: screenshot (image/png) ──────────────────────────────────────────────────────────
    test-results/register-user-flow-new-use-7efe0-renders-for-plan-serverless-mobile-chrome/test-failed-1.png
    ────────────────────────────────────────────────────────────────────────────────────────────────

    attachment #2: video (video/webm) ──────────────────────────────────────────────────────────────
    test-results/register-user-flow-new-use-7efe0-renders-for-plan-serverless-mobile-chrome/video.webm
    ────────────────────────────────────────────────────────────────────────────────────────────────

    Error Context: test-results/register-user-flow-new-use-7efe0-renders-for-plan-serverless-mobile-chrome/error-context.md

    Retry #1 ───────────────────────────────────────────────────────────────────────────────────────

    Error: page.goto: net::ERR_CONNECTION_REFUSED at http://localhost:4000/en/auth/signup?plan=serverless
    Call log:
      - navigating to "http://localhost:4000/en/auth/signup?plan=serverless", waiting until "load"


      42 |     for (const plan of VALID_PLANS) {
      43 |       test(`renders for plan=${plan}`, async ({ page }) => {
    > 44 |         const res = await page.goto(`/en/auth/signup?plan=${plan}`);
         |                                ^
      45 |         expect(res?.status()).toBe(200);
      46 |       });
      47 |     }
        at /home/tbaltzakis/cloudless.gr/e2e/register-user-flow.spec.ts:44:32

    attachment #1: screenshot (image/png) ──────────────────────────────────────────────────────────
    test-results/register-user-flow-new-use-7efe0-renders-for-plan-serverless-mobile-chrome-retry1/test-failed-1.png
    ────────────────────────────────────────────────────────────────────────────────────────────────

    attachment #2: video (video/webm) ──────────────────────────────────────────────────────────────
    test-results/register-user-flow-new-use-7efe0-renders-for-plan-serverless-mobile-chrome-retry1/video.webm
    ────────────────────────────────────────────────────────────────────────────────────────────────

    Error Context: test-results/register-user-flow-new-use-7efe0-renders-for-plan-serverless-mobile-chrome-retry1/error-context.md

    attachment #4: trace (application/zip) ─────────────────────────────────────────────────────────
    test-results/register-user-flow-new-use-7efe0-renders-for-plan-serverless-mobile-chrome-retry1/trace.zip
    Usage:

        npx playwright show-trace test-results/register-user-flow-new-use-7efe0-renders-for-plan-serverless-mobile-chrome-retry1/trace.zip

    ────────────────────────────────────────────────────────────────────────────────────────────────

  1775) [mobile-chrome] › e2e/register-user-flow.spec.ts:43:11 › new-user registration flow › signup page rendering › renders for plan=analytics 

    Error: page.goto: net::ERR_CONNECTION_REFUSED at http://localhost:4000/en/auth/signup?plan=analytics
    Call log:
      - navigating to "http://localhost:4000/en/auth/signup?plan=analytics", waiting until "load"


      42 |     for (const plan of VALID_PLANS) {
      43 |       test(`renders for plan=${plan}`, async ({ page }) => {
    > 44 |         const res = await page.goto(`/en/auth/signup?plan=${plan}`);
         |                                ^
      45 |         expect(res?.status()).toBe(200);
      46 |       });
      47 |     }
        at /home/tbaltzakis/cloudless.gr/e2e/register-user-flow.spec.ts:44:32

    attachment #1: screenshot (image/png) ──────────────────────────────────────────────────────────
    test-results/register-user-flow-new-use-b9a5d--renders-for-plan-analytics-mobile-chrome/test-failed-1.png
    ────────────────────────────────────────────────────────────────────────────────────────────────

    attachment #2: video (video/webm) ──────────────────────────────────────────────────────────────
    test-results/register-user-flow-new-use-b9a5d--renders-for-plan-analytics-mobile-chrome/video.webm
    ────────────────────────────────────────────────────────────────────────────────────────────────

    Error Context: test-results/register-user-flow-new-use-b9a5d--renders-for-plan-analytics-mobile-chrome/error-context.md

    Retry #1 ───────────────────────────────────────────────────────────────────────────────────────

    Error: page.goto: net::ERR_CONNECTION_REFUSED at http://localhost:4000/en/auth/signup?plan=analytics
    Call log:
      - navigating to "http://localhost:4000/en/auth/signup?plan=analytics", waiting until "load"


      42 |     for (const plan of VALID_PLANS) {
      43 |       test(`renders for plan=${plan}`, async ({ page }) => {
    > 44 |         const res = await page.goto(`/en/auth/signup?plan=${plan}`);
         |                                ^
      45 |         expect(res?.status()).toBe(200);
      46 |       });
      47 |     }
        at /home/tbaltzakis/cloudless.gr/e2e/register-user-flow.spec.ts:44:32

    attachment #1: screenshot (image/png) ──────────────────────────────────────────────────────────
    test-results/register-user-flow-new-use-b9a5d--renders-for-plan-analytics-mobile-chrome-retry1/test-failed-1.png
    ────────────────────────────────────────────────────────────────────────────────────────────────

    attachment #2: video (video/webm) ──────────────────────────────────────────────────────────────
    test-results/register-user-flow-new-use-b9a5d--renders-for-plan-analytics-mobile-chrome-retry1/video.webm
    ────────────────────────────────────────────────────────────────────────────────────────────────

    Error Context: test-results/register-user-flow-new-use-b9a5d--renders-for-plan-analytics-mobile-chrome-retry1/error-context.md

    attachment #4: trace (application/zip) ─────────────────────────────────────────────────────────
    test-results/register-user-flow-new-use-b9a5d--renders-for-plan-analytics-mobile-chrome-retry1/trace.zip
    Usage:

        npx playwright show-trace test-results/register-user-flow-new-use-b9a5d--renders-for-plan-analytics-mobile-chrome-retry1/trace.zip

    ────────────────────────────────────────────────────────────────────────────────────────────────

  1776) [mobile-chrome] › e2e/register-user-flow.spec.ts:43:11 › new-user registration flow › signup page rendering › renders for plan=marketing 

    Error: page.goto: net::ERR_CONNECTION_REFUSED at http://localhost:4000/en/auth/signup?plan=marketing
    Call log:
      - navigating to "http://localhost:4000/en/auth/signup?plan=marketing", waiting until "load"


      42 |     for (const plan of VALID_PLANS) {
      43 |       test(`renders for plan=${plan}`, async ({ page }) => {
    > 44 |         const res = await page.goto(`/en/auth/signup?plan=${plan}`);
         |                                ^
      45 |         expect(res?.status()).toBe(200);
      46 |       });
      47 |     }
        at /home/tbaltzakis/cloudless.gr/e2e/register-user-flow.spec.ts:44:32

    attachment #1: screenshot (image/png) ──────────────────────────────────────────────────────────
    test-results/register-user-flow-new-use-45a32--renders-for-plan-marketing-mobile-chrome/test-failed-1.png
    ────────────────────────────────────────────────────────────────────────────────────────────────

    attachment #2: video (video/webm) ──────────────────────────────────────────────────────────────
    test-results/register-user-flow-new-use-45a32--renders-for-plan-marketing-mobile-chrome/video.webm
    ────────────────────────────────────────────────────────────────────────────────────────────────

    Error Context: test-results/register-user-flow-new-use-45a32--renders-for-plan-marketing-mobile-chrome/error-context.md

    Retry #1 ───────────────────────────────────────────────────────────────────────────────────────

    Error: page.goto: net::ERR_CONNECTION_REFUSED at http://localhost:4000/en/auth/signup?plan=marketing
    Call log:
      - navigating to "http://localhost:4000/en/auth/signup?plan=marketing", waiting until "load"


      42 |     for (const plan of VALID_PLANS) {
      43 |       test(`renders for plan=${plan}`, async ({ page }) => {
    > 44 |         const res = await page.goto(`/en/auth/signup?plan=${plan}`);
         |                                ^
      45 |         expect(res?.status()).toBe(200);
      46 |       });
      47 |     }
        at /home/tbaltzakis/cloudless.gr/e2e/register-user-flow.spec.ts:44:32

    attachment #1: screenshot (image/png) ──────────────────────────────────────────────────────────
    test-results/register-user-flow-new-use-45a32--renders-for-plan-marketing-mobile-chrome-retry1/test-failed-1.png
    ────────────────────────────────────────────────────────────────────────────────────────────────

    attachment #2: video (video/webm) ──────────────────────────────────────────────────────────────
    test-results/register-user-flow-new-use-45a32--renders-for-plan-marketing-mobile-chrome-retry1/video.webm
    ────────────────────────────────────────────────────────────────────────────────────────────────

    Error Context: test-results/register-user-flow-new-use-45a32--renders-for-plan-marketing-mobile-chrome-retry1/error-context.md

    attachment #4: trace (application/zip) ─────────────────────────────────────────────────────────
    test-results/register-user-flow-new-use-45a32--renders-for-plan-marketing-mobile-chrome-retry1/trace.zip
    Usage:

        npx playwright show-trace test-results/register-user-flow-new-use-45a32--renders-for-plan-marketing-mobile-chrome-retry1/trace.zip

    ────────────────────────────────────────────────────────────────────────────────────────────────

  1777) [mobile-chrome] › e2e/register-user-flow.spec.ts:43:11 › new-user registration flow › signup page rendering › renders for plan=web 

    Error: page.goto: net::ERR_CONNECTION_REFUSED at http://localhost:4000/en/auth/signup?plan=web
    Call log:
      - navigating to "http://localhost:4000/en/auth/signup?plan=web", waiting until "load"


      42 |     for (const plan of VALID_PLANS) {
      43 |       test(`renders for plan=${plan}`, async ({ page }) => {
    > 44 |         const res = await page.goto(`/en/auth/signup?plan=${plan}`);
         |                                ^
      45 |         expect(res?.status()).toBe(200);
      46 |       });
      47 |     }
        at /home/tbaltzakis/cloudless.gr/e2e/register-user-flow.spec.ts:44:32

    attachment #1: screenshot (image/png) ──────────────────────────────────────────────────────────
    test-results/register-user-flow-new-use-e99e3-dering-renders-for-plan-web-mobile-chrome/test-failed-1.png
    ────────────────────────────────────────────────────────────────────────────────────────────────

    attachment #2: video (video/webm) ──────────────────────────────────────────────────────────────
    test-results/register-user-flow-new-use-e99e3-dering-renders-for-plan-web-mobile-chrome/video.webm
    ────────────────────────────────────────────────────────────────────────────────────────────────

    Error Context: test-results/register-user-flow-new-use-e99e3-dering-renders-for-plan-web-mobile-chrome/error-context.md

    Retry #1 ───────────────────────────────────────────────────────────────────────────────────────

    Error: page.goto: net::ERR_CONNECTION_REFUSED at http://localhost:4000/en/auth/signup?plan=web
    Call log:
      - navigating to "http://localhost:4000/en/auth/signup?plan=web", waiting until "load"


      42 |     for (const plan of VALID_PLANS) {
      43 |       test(`renders for plan=${plan}`, async ({ page }) => {
    > 44 |         const res = await page.goto(`/en/auth/signup?plan=${plan}`);
         |                                ^
      45 |         expect(res?.status()).toBe(200);
      46 |       });
      47 |     }
        at /home/tbaltzakis/cloudless.gr/e2e/register-user-flow.spec.ts:44:32

    attachment #1: screenshot (image/png) ──────────────────────────────────────────────────────────
    test-results/register-user-flow-new-use-e99e3-dering-renders-for-plan-web-mobile-chrome-retry1/test-failed-1.png
    ────────────────────────────────────────────────────────────────────────────────────────────────

    attachment #2: video (video/webm) ──────────────────────────────────────────────────────────────
    test-results/register-user-flow-new-use-e99e3-dering-renders-for-plan-web-mobile-chrome-retry1/video.webm
    ────────────────────────────────────────────────────────────────────────────────────────────────

    Error Context: test-results/register-user-flow-new-use-e99e3-dering-renders-for-plan-web-mobile-chrome-retry1/error-context.md

    attachment #4: trace (application/zip) ─────────────────────────────────────────────────────────
    test-results/register-user-flow-new-use-e99e3-dering-renders-for-plan-web-mobile-chrome-retry1/trace.zip
    Usage:

        npx playwright show-trace test-results/register-user-flow-new-use-e99e3-dering-renders-for-plan-web-mobile-chrome-retry1/trace.zip

    ────────────────────────────────────────────────────────────────────────────────────────────────

  1778) [mobile-chrome] › e2e/register-user-flow.spec.ts:43:11 › new-user registration flow › signup page rendering › renders for plan=hosting 

    Error: page.goto: net::ERR_CONNECTION_REFUSED at http://localhost:4000/en/auth/signup?plan=hosting
    Call log:
      - navigating to "http://localhost:4000/en/auth/signup?plan=hosting", waiting until "load"


      42 |     for (const plan of VALID_PLANS) {
      43 |       test(`renders for plan=${plan}`, async ({ page }) => {
    > 44 |         const res = await page.goto(`/en/auth/signup?plan=${plan}`);
         |                                ^
      45 |         expect(res?.status()).toBe(200);
      46 |       });
      47 |     }
        at /home/tbaltzakis/cloudless.gr/e2e/register-user-flow.spec.ts:44:32

    attachment #1: screenshot (image/png) ──────────────────────────────────────────────────────────
    test-results/register-user-flow-new-use-27f6c-ng-renders-for-plan-hosting-mobile-chrome/test-failed-1.png
    ────────────────────────────────────────────────────────────────────────────────────────────────

    attachment #2: video (video/webm) ──────────────────────────────────────────────────────────────
    test-results/register-user-flow-new-use-27f6c-ng-renders-for-plan-hosting-mobile-chrome/video.webm
    ────────────────────────────────────────────────────────────────────────────────────────────────

    Error Context: test-results/register-user-flow-new-use-27f6c-ng-renders-for-plan-hosting-mobile-chrome/error-context.md

    Retry #1 ───────────────────────────────────────────────────────────────────────────────────────

    Error: page.goto: net::ERR_CONNECTION_REFUSED at http://localhost:4000/en/auth/signup?plan=hosting
    Call log:
      - navigating to "http://localhost:4000/en/auth/signup?plan=hosting", waiting until "load"


      42 |     for (const plan of VALID_PLANS) {
      43 |       test(`renders for plan=${plan}`, async ({ page }) => {
    > 44 |         const res = await page.goto(`/en/auth/signup?plan=${plan}`);
         |                                ^
      45 |         expect(res?.status()).toBe(200);
      46 |       });
      47 |     }
        at /home/tbaltzakis/cloudless.gr/e2e/register-user-flow.spec.ts:44:32

    attachment #1: screenshot (image/png) ──────────────────────────────────────────────────────────
    test-results/register-user-flow-new-use-27f6c-ng-renders-for-plan-hosting-mobile-chrome-retry1/test-failed-1.png
    ────────────────────────────────────────────────────────────────────────────────────────────────

    attachment #2: video (video/webm) ──────────────────────────────────────────────────────────────
    test-results/register-user-flow-new-use-27f6c-ng-renders-for-plan-hosting-mobile-chrome-retry1/video.webm
    ────────────────────────────────────────────────────────────────────────────────────────────────

    Error Context: test-results/register-user-flow-new-use-27f6c-ng-renders-for-plan-hosting-mobile-chrome-retry1/error-context.md

    attachment #4: trace (application/zip) ─────────────────────────────────────────────────────────
    test-results/register-user-flow-new-use-27f6c-ng-renders-for-plan-hosting-mobile-chrome-retry1/trace.zip
    Usage:

        npx playwright show-trace test-results/register-user-flow-new-use-27f6c-ng-renders-for-plan-hosting-mobile-chrome-retry1/trace.zip

    ────────────────────────────────────────────────────────────────────────────────────────────────

  1779) [mobile-chrome] › e2e/register-user-flow.spec.ts:43:11 › new-user registration flow › signup page rendering › renders for plan=bundle 

    Error: page.goto: net::ERR_CONNECTION_REFUSED at http://localhost:4000/en/auth/signup?plan=bundle
    Call log:
      - navigating to "http://localhost:4000/en/auth/signup?plan=bundle", waiting until "load"


      42 |     for (const plan of VALID_PLANS) {
      43 |       test(`renders for plan=${plan}`, async ({ page }) => {
    > 44 |         const res = await page.goto(`/en/auth/signup?plan=${plan}`);
         |                                ^
      45 |         expect(res?.status()).toBe(200);
      46 |       });
      47 |     }
        at /home/tbaltzakis/cloudless.gr/e2e/register-user-flow.spec.ts:44:32

    attachment #1: screenshot (image/png) ──────────────────────────────────────────────────────────
    test-results/register-user-flow-new-use-35be4-ing-renders-for-plan-bundle-mobile-chrome/test-failed-1.png
    ────────────────────────────────────────────────────────────────────────────────────────────────

    attachment #2: video (video/webm) ──────────────────────────────────────────────────────────────
    test-results/register-user-flow-new-use-35be4-ing-renders-for-plan-bundle-mobile-chrome/video.webm
    ────────────────────────────────────────────────────────────────────────────────────────────────

    Error Context: test-results/register-user-flow-new-use-35be4-ing-renders-for-plan-bundle-mobile-chrome/error-context.md

    Retry #1 ───────────────────────────────────────────────────────────────────────────────────────

    Error: page.goto: net::ERR_CONNECTION_REFUSED at http://localhost:4000/en/auth/signup?plan=bundle
    Call log:
      - navigating to "http://localhost:4000/en/auth/signup?plan=bundle", waiting until "load"


      42 |     for (const plan of VALID_PLANS) {
      43 |       test(`renders for plan=${plan}`, async ({ page }) => {
    > 44 |         const res = await page.goto(`/en/auth/signup?plan=${plan}`);
         |                                ^
      45 |         expect(res?.status()).toBe(200);
      46 |       });
      47 |     }
        at /home/tbaltzakis/cloudless.gr/e2e/register-user-flow.spec.ts:44:32

    attachment #1: screenshot (image/png) ──────────────────────────────────────────────────────────
    test-results/register-user-flow-new-use-35be4-ing-renders-for-plan-bundle-mobile-chrome-retry1/test-failed-1.png
    ────────────────────────────────────────────────────────────────────────────────────────────────

    attachment #2: video (video/webm) ──────────────────────────────────────────────────────────────
    test-results/register-user-flow-new-use-35be4-ing-renders-for-plan-bundle-mobile-chrome-retry1/video.webm
    ────────────────────────────────────────────────────────────────────────────────────────────────

    Error Context: test-results/register-user-flow-new-use-35be4-ing-renders-for-plan-bundle-mobile-chrome-retry1/error-context.md

    attachment #4: trace (application/zip) ─────────────────────────────────────────────────────────
    test-results/register-user-flow-new-use-35be4-ing-renders-for-plan-bundle-mobile-chrome-retry1/trace.zip
    Usage:

        npx playwright show-trace test-results/register-user-flow-new-use-35be4-ing-renders-for-plan-bundle-mobile-chrome-retry1/trace.zip

    ────────────────────────────────────────────────────────────────────────────────────────────────

  1780) [mobile-chrome] › e2e/register-user-flow.spec.ts:49:9 › new-user registration flow › signup page rendering › renders for invalid plan (client-side validator drops it) 

    Error: page.goto: net::ERR_CONNECTION_REFUSED at http://localhost:4000/en/auth/signup?plan=junk-xss-payload
    Call log:
      - navigating to "http://localhost:4000/en/auth/signup?plan=junk-xss-payload", waiting until "load"


      48 |
      49 |     test("renders for invalid plan (client-side validator drops it)", async ({ page }) => {
    > 50 |       const res = await page.goto("/en/auth/signup?plan=junk-xss-payload");
         |                              ^
      51 |       expect(res?.status()).toBe(200);
      52 |     });
      53 |   });
        at /home/tbaltzakis/cloudless.gr/e2e/register-user-flow.spec.ts:50:30

    attachment #1: screenshot (image/png) ──────────────────────────────────────────────────────────
    test-results/register-user-flow-new-use-34936-nt-side-validator-drops-it--mobile-chrome/test-failed-1.png
    ────────────────────────────────────────────────────────────────────────────────────────────────

    attachment #2: video (video/webm) ──────────────────────────────────────────────────────────────
    test-results/register-user-flow-new-use-34936-nt-side-validator-drops-it--mobile-chrome/video.webm
    ────────────────────────────────────────────────────────────────────────────────────────────────

    Error Context: test-results/register-user-flow-new-use-34936-nt-side-validator-drops-it--mobile-chrome/error-context.md

    Retry #1 ───────────────────────────────────────────────────────────────────────────────────────

    Error: page.goto: net::ERR_CONNECTION_REFUSED at http://localhost:4000/en/auth/signup?plan=junk-xss-payload
    Call log:
      - navigating to "http://localhost:4000/en/auth/signup?plan=junk-xss-payload", waiting until "load"


      48 |
      49 |     test("renders for invalid plan (client-side validator drops it)", async ({ page }) => {
    > 50 |       const res = await page.goto("/en/auth/signup?plan=junk-xss-payload");
         |                              ^
      51 |       expect(res?.status()).toBe(200);
      52 |     });
      53 |   });
        at /home/tbaltzakis/cloudless.gr/e2e/register-user-flow.spec.ts:50:30

    attachment #1: screenshot (image/png) ──────────────────────────────────────────────────────────
    test-results/register-user-flow-new-use-34936-nt-side-validator-drops-it--mobile-chrome-retry1/test-failed-1.png
    ────────────────────────────────────────────────────────────────────────────────────────────────

    attachment #2: video (video/webm) ──────────────────────────────────────────────────────────────
    test-results/register-user-flow-new-use-34936-nt-side-validator-drops-it--mobile-chrome-retry1/video.webm
    ────────────────────────────────────────────────────────────────────────────────────────────────

    Error Context: test-results/register-user-flow-new-use-34936-nt-side-validator-drops-it--mobile-chrome-retry1/error-context.md

    attachment #4: trace (application/zip) ─────────────────────────────────────────────────────────
    test-results/register-user-flow-new-use-34936-nt-side-validator-drops-it--mobile-chrome-retry1/trace.zip
    Usage:

        npx playwright show-trace test-results/register-user-flow-new-use-34936-nt-side-validator-drops-it--mobile-chrome-retry1/trace.zip

    ────────────────────────────────────────────────────────────────────────────────────────────────

  1781) [mobile-chrome] › e2e/register-user-flow.spec.ts:56:9 › new-user registration flow › waiting room behavior (unauthenticated) › does NOT leak waiting-room content to an unauthenticated visitor 

    Error: page.goto: net::ERR_CONNECTION_REFUSED at http://localhost:4000/portal/waiting?plan=cloud
    Call log:
      - navigating to "http://localhost:4000/portal/waiting?plan=cloud", waiting until "load"


      55 |   test.describe("waiting room behavior (unauthenticated)", () => {
      56 |     test("does NOT leak waiting-room content to an unauthenticated visitor", async ({ page }) => {
    > 57 |       await page.goto("/portal/waiting?plan=cloud");
         |                  ^
      58 |       // The page hits one of two safe states for an unauth visitor:
      59 |       //   (a) redirected to /<locale>/auth/login?next=...
      60 |       //   (b) stuck on the auth-check spinner (no waiting-room content visible)
        at /home/tbaltzakis/cloudless.gr/e2e/register-user-flow.spec.ts:57:18

    attachment #1: screenshot (image/png) ──────────────────────────────────────────────────────────
    test-results/register-user-flow-new-use-4037f--an-unauthenticated-visitor-mobile-chrome/test-failed-1.png
    ────────────────────────────────────────────────────────────────────────────────────────────────

    attachment #2: video (video/webm) ──────────────────────────────────────────────────────────────
    test-results/register-user-flow-new-use-4037f--an-unauthenticated-visitor-mobile-chrome/video.webm
    ────────────────────────────────────────────────────────────────────────────────────────────────

    Error Context: test-results/register-user-flow-new-use-4037f--an-unauthenticated-visitor-mobile-chrome/error-context.md

    Retry #1 ───────────────────────────────────────────────────────────────────────────────────────

    Error: page.goto: net::ERR_CONNECTION_REFUSED at http://localhost:4000/portal/waiting?plan=cloud
    Call log:
      - navigating to "http://localhost:4000/portal/waiting?plan=cloud", waiting until "load"


      55 |   test.describe("waiting room behavior (unauthenticated)", () => {
      56 |     test("does NOT leak waiting-room content to an unauthenticated visitor", async ({ page }) => {
    > 57 |       await page.goto("/portal/waiting?plan=cloud");
         |                  ^
      58 |       // The page hits one of two safe states for an unauth visitor:
      59 |       //   (a) redirected to /<locale>/auth/login?next=...
      60 |       //   (b) stuck on the auth-check spinner (no waiting-room content visible)
        at /home/tbaltzakis/cloudless.gr/e2e/register-user-flow.spec.ts:57:18

    attachment #1: screenshot (image/png) ──────────────────────────────────────────────────────────
    test-results/register-user-flow-new-use-4037f--an-unauthenticated-visitor-mobile-chrome-retry1/test-failed-1.png
    ────────────────────────────────────────────────────────────────────────────────────────────────

    attachment #2: video (video/webm) ──────────────────────────────────────────────────────────────
    test-results/register-user-flow-new-use-4037f--an-unauthenticated-visitor-mobile-chrome-retry1/video.webm
    ────────────────────────────────────────────────────────────────────────────────────────────────

    Error Context: test-results/register-user-flow-new-use-4037f--an-unauthenticated-visitor-mobile-chrome-retry1/error-context.md

    attachment #4: trace (application/zip) ─────────────────────────────────────────────────────────
    test-results/register-user-flow-new-use-4037f--an-unauthenticated-visitor-mobile-chrome-retry1/trace.zip
    Usage:

        npx playwright show-trace test-results/register-user-flow-new-use-4037f--an-unauthenticated-visitor-mobile-chrome-retry1/trace.zip

    ────────────────────────────────────────────────────────────────────────────────────────────────

  1782) [mobile-chrome] › e2e/register-user-flow.spec.ts:74:9 › new-user registration flow › waiting room behavior (unauthenticated) › /en/portal/waiting 308-redirects to /portal/waiting 

    Error: page.goto: net::ERR_CONNECTION_REFUSED at http://localhost:4000/en/portal/waiting?plan=cloud
    Call log:
      - navigating to "http://localhost:4000/en/portal/waiting?plan=cloud", waiting until "commit"


      73 |
      74 |     test("/en/portal/waiting 308-redirects to /portal/waiting", async ({ page }) => {
    > 75 |       const res = await page.goto("/en/portal/waiting?plan=cloud", { waitUntil: "commit" });
         |                              ^
      76 |       // 308 chain ends up at /portal/waiting?plan=cloud
      77 |       await page.waitForURL(/\/portal\/waiting\?plan=cloud/, { timeout: 10_000 });
      78 |       expect(res?.status()).toBeLessThan(500);
        at /home/tbaltzakis/cloudless.gr/e2e/register-user-flow.spec.ts:75:30

    attachment #1: screenshot (image/png) ──────────────────────────────────────────────────────────
    test-results/register-user-flow-new-use-cea60-redirects-to-portal-waiting-mobile-chrome/test-failed-1.png
    ────────────────────────────────────────────────────────────────────────────────────────────────

    attachment #2: video (video/webm) ──────────────────────────────────────────────────────────────
    test-results/register-user-flow-new-use-cea60-redirects-to-portal-waiting-mobile-chrome/video.webm
    ────────────────────────────────────────────────────────────────────────────────────────────────

    Error Context: test-results/register-user-flow-new-use-cea60-redirects-to-portal-waiting-mobile-chrome/error-context.md

    Retry #1 ───────────────────────────────────────────────────────────────────────────────────────

    Error: page.goto: net::ERR_CONNECTION_REFUSED at http://localhost:4000/en/portal/waiting?plan=cloud
    Call log:
      - navigating to "http://localhost:4000/en/portal/waiting?plan=cloud", waiting until "commit"


      73 |
      74 |     test("/en/portal/waiting 308-redirects to /portal/waiting", async ({ page }) => {
    > 75 |       const res = await page.goto("/en/portal/waiting?plan=cloud", { waitUntil: "commit" });
         |                              ^
      76 |       // 308 chain ends up at /portal/waiting?plan=cloud
      77 |       await page.waitForURL(/\/portal\/waiting\?plan=cloud/, { timeout: 10_000 });
      78 |       expect(res?.status()).toBeLessThan(500);
        at /home/tbaltzakis/cloudless.gr/e2e/register-user-flow.spec.ts:75:30

    attachment #1: screenshot (image/png) ──────────────────────────────────────────────────────────
    test-results/register-user-flow-new-use-cea60-redirects-to-portal-waiting-mobile-chrome-retry1/test-failed-1.png
    ────────────────────────────────────────────────────────────────────────────────────────────────

    attachment #2: video (video/webm) ──────────────────────────────────────────────────────────────
    test-results/register-user-flow-new-use-cea60-redirects-to-portal-waiting-mobile-chrome-retry1/video.webm
    ────────────────────────────────────────────────────────────────────────────────────────────────

    Error Context: test-results/register-user-flow-new-use-cea60-redirects-to-portal-waiting-mobile-chrome-retry1/error-context.md

    attachment #4: trace (application/zip) ─────────────────────────────────────────────────────────
    test-results/register-user-flow-new-use-cea60-redirects-to-portal-waiting-mobile-chrome-retry1/trace.zip
    Usage:

        npx playwright show-trace test-results/register-user-flow-new-use-cea60-redirects-to-portal-waiting-mobile-chrome-retry1/trace.zip

    ────────────────────────────────────────────────────────────────────────────────────────────────

  1783) [mobile-chrome] › e2e/register-user-flow.spec.ts:83:9 › new-user registration flow › API contracts — /api/portal/enroll › unauthenticated POST returns 401 

    Error: apiRequestContext.post: connect ECONNREFUSED ::1:4000
    Call log:
      - → POST http://localhost:4000/api/portal/enroll
        - user-agent: Mozilla/5.0 (Linux; Android 14; Pixel 7) AppleWebKit/537.36 (KHTML, like Gecko) Chrome/151.0.7922.34 Mobile Safari/537.36
        - accept: */*
        - accept-encoding: gzip,deflate,br
        - content-type: application/json
        - content-length: 16

        at apiRequestContext.post: connect ECONNREFUSED ::1:4000
        at /home/tbaltzakis/cloudless.gr/e2e/register-user-flow.spec.ts:85:29

    Error Context: test-results/register-user-flow-new-use-e05f3-henticated-POST-returns-401-mobile-chrome/error-context.md

    Retry #1 ───────────────────────────────────────────────────────────────────────────────────────

    Error: apiRequestContext.post: connect ECONNREFUSED ::1:4000
    Call log:
      - → POST http://localhost:4000/api/portal/enroll
        - user-agent: Mozilla/5.0 (Linux; Android 14; Pixel 7) AppleWebKit/537.36 (KHTML, like Gecko) Chrome/151.0.7922.34 Mobile Safari/537.36
        - accept: */*
        - accept-encoding: gzip,deflate,br
        - content-type: application/json
        - content-length: 16

        at apiRequestContext.post: connect ECONNREFUSED ::1:4000
        at /home/tbaltzakis/cloudless.gr/e2e/register-user-flow.spec.ts:85:29

    Error Context: test-results/register-user-flow-new-use-e05f3-henticated-POST-returns-401-mobile-chrome-retry1/error-context.md

    attachment #2: trace (application/zip) ─────────────────────────────────────────────────────────
    test-results/register-user-flow-new-use-e05f3-henticated-POST-returns-401-mobile-chrome-retry1/trace.zip
    Usage:

        npx playwright show-trace test-results/register-user-flow-new-use-e05f3-henticated-POST-returns-401-mobile-chrome-retry1/trace.zip

    ────────────────────────────────────────────────────────────────────────────────────────────────

  1784) [mobile-chrome] › e2e/register-user-flow.spec.ts:92:9 › new-user registration flow › API contracts — /api/portal/enroll › authenticated POST with unknown plan returns 400 

    Error: apiRequestContext.post: connect ECONNREFUSED ::1:4000
    Call log:
      - → POST http://localhost:4000/api/portal/enroll
        - user-agent: Mozilla/5.0 (Linux; Android 14; Pixel 7) AppleWebKit/537.36 (KHTML, like Gecko) Chrome/151.0.7922.34 Mobile Safari/537.36
        - accept: */*
        - accept-encoding: gzip,deflate,br
        - Authorization: Bearer e2e-admin-token-do-not-use-in-prod
        - content-type: application/json
        - content-length: 23

        at apiRequestContext.post: connect ECONNREFUSED ::1:4000
        at /home/tbaltzakis/cloudless.gr/e2e/register-user-flow.spec.ts:96:29

    Error Context: test-results/register-user-flow-new-use-ef3da-th-unknown-plan-returns-400-mobile-chrome/error-context.md

    Retry #1 ───────────────────────────────────────────────────────────────────────────────────────

    Error: apiRequestContext.post: connect ECONNREFUSED ::1:4000
    Call log:
      - → POST http://localhost:4000/api/portal/enroll
        - user-agent: Mozilla/5.0 (Linux; Android 14; Pixel 7) AppleWebKit/537.36 (KHTML, like Gecko) Chrome/151.0.7922.34 Mobile Safari/537.36
        - accept: */*
        - accept-encoding: gzip,deflate,br
        - Authorization: Bearer e2e-admin-token-do-not-use-in-prod
        - content-type: application/json
        - content-length: 23

        at apiRequestContext.post: connect ECONNREFUSED ::1:4000
        at /home/tbaltzakis/cloudless.gr/e2e/register-user-flow.spec.ts:96:29

    Error Context: test-results/register-user-flow-new-use-ef3da-th-unknown-plan-returns-400-mobile-chrome-retry1/error-context.md

    attachment #2: trace (application/zip) ─────────────────────────────────────────────────────────
    test-results/register-user-flow-new-use-ef3da-th-unknown-plan-returns-400-mobile-chrome-retry1/trace.zip
    Usage:

        npx playwright show-trace test-results/register-user-flow-new-use-ef3da-th-unknown-plan-returns-400-mobile-chrome-retry1/trace.zip

    ────────────────────────────────────────────────────────────────────────────────────────────────

  1785) [mobile-chrome] › e2e/register-user-flow.spec.ts:109:9 › new-user registration flow › API contracts — /api/portal/enroll › authenticated POST with each valid plan does not 4xx-validation-fail 

    Error: apiRequestContext.post: connect ECONNREFUSED ::1:4000
    Call log:
      - → POST http://localhost:4000/api/portal/enroll
        - user-agent: Mozilla/5.0 (Linux; Android 14; Pixel 7) AppleWebKit/537.36 (KHTML, like Gecko) Chrome/151.0.7922.34 Mobile Safari/537.36
        - accept: */*
        - accept-encoding: gzip,deflate,br
        - Authorization: Bearer e2e-admin-token-do-not-use-in-prod
        - content-type: application/json
        - content-length: 35

        at apiRequestContext.post: connect ECONNREFUSED ::1:4000
        at /home/tbaltzakis/cloudless.gr/e2e/register-user-flow.spec.ts:114:31

    Error Context: test-results/register-user-flow-new-use-25a54-oes-not-4xx-validation-fail-mobile-chrome/error-context.md

    Retry #1 ───────────────────────────────────────────────────────────────────────────────────────

    Error: apiRequestContext.post: connect ECONNREFUSED ::1:4000
    Call log:
      - → POST http://localhost:4000/api/portal/enroll
        - user-agent: Mozilla/5.0 (Linux; Android 14; Pixel 7) AppleWebKit/537.36 (KHTML, like Gecko) Chrome/151.0.7922.34 Mobile Safari/537.36
        - accept: */*
        - accept-encoding: gzip,deflate,br
        - Authorization: Bearer e2e-admin-token-do-not-use-in-prod
        - content-type: application/json
        - content-length: 35

        at apiRequestContext.post: connect ECONNREFUSED ::1:4000
        at /home/tbaltzakis/cloudless.gr/e2e/register-user-flow.spec.ts:114:31

    Error Context: test-results/register-user-flow-new-use-25a54-oes-not-4xx-validation-fail-mobile-chrome-retry1/error-context.md

    attachment #2: trace (application/zip) ─────────────────────────────────────────────────────────
    test-results/register-user-flow-new-use-25a54-oes-not-4xx-validation-fail-mobile-chrome-retry1/trace.zip
    Usage:

        npx playwright show-trace test-results/register-user-flow-new-use-25a54-oes-not-4xx-validation-fail-mobile-chrome-retry1/trace.zip

    ────────────────────────────────────────────────────────────────────────────────────────────────

  1786) [mobile-chrome] › e2e/register-user-flow.spec.ts:127:9 › new-user registration flow › API contracts — /api/portal/me › unauthenticated GET returns 401 

    Error: apiRequestContext.get: connect ECONNREFUSED ::1:4000
    Call log:
      - → GET http://localhost:4000/api/portal/me
        - user-agent: Mozilla/5.0 (Linux; Android 14; Pixel 7) AppleWebKit/537.36 (KHTML, like Gecko) Chrome/151.0.7922.34 Mobile Safari/537.36
        - accept: */*
        - accept-encoding: gzip,deflate,br

        at apiRequestContext.get: connect ECONNREFUSED ::1:4000
        at /home/tbaltzakis/cloudless.gr/e2e/register-user-flow.spec.ts:129:29

    Error Context: test-results/register-user-flow-new-use-14934-thenticated-GET-returns-401-mobile-chrome/error-context.md

    Retry #1 ───────────────────────────────────────────────────────────────────────────────────────

    Error: apiRequestContext.get: connect ECONNREFUSED ::1:4000
    Call log:
      - → GET http://localhost:4000/api/portal/me
        - user-agent: Mozilla/5.0 (Linux; Android 14; Pixel 7) AppleWebKit/537.36 (KHTML, like Gecko) Chrome/151.0.7922.34 Mobile Safari/537.36
        - accept: */*
        - accept-encoding: gzip,deflate,br

        at apiRequestContext.get: connect ECONNREFUSED ::1:4000
        at /home/tbaltzakis/cloudless.gr/e2e/register-user-flow.spec.ts:129:29

    Error Context: test-results/register-user-flow-new-use-14934-thenticated-GET-returns-401-mobile-chrome-retry1/error-context.md

    attachment #2: trace (application/zip) ─────────────────────────────────────────────────────────
    test-results/register-user-flow-new-use-14934-thenticated-GET-returns-401-mobile-chrome-retry1/trace.zip
    Usage:

        npx playwright show-trace test-results/register-user-flow-new-use-14934-thenticated-GET-returns-401-mobile-chrome-retry1/trace.zip

    ────────────────────────────────────────────────────────────────────────────────────────────────

  1787) [mobile-chrome] › e2e/register-user-flow.spec.ts:134:9 › new-user registration flow › API contracts — /api/portal/me › authenticated GET returns valid PortalStatus shape 

    Error: apiRequestContext.get: connect ECONNREFUSED ::1:4000
    Call log:
      - → GET http://localhost:4000/api/portal/me
        - user-agent: Mozilla/5.0 (Linux; Android 14; Pixel 7) AppleWebKit/537.36 (KHTML, like Gecko) Chrome/151.0.7922.34 Mobile Safari/537.36
        - accept: */*
        - accept-encoding: gzip,deflate,br
        - Authorization: Bearer e2e-admin-token-do-not-use-in-prod

        at apiRequestContext.get: connect ECONNREFUSED ::1:4000
        at /home/tbaltzakis/cloudless.gr/e2e/register-user-flow.spec.ts:138:29

    Error Context: test-results/register-user-flow-new-use-7e0d4-ns-valid-PortalStatus-shape-mobile-chrome/error-context.md

    Retry #1 ───────────────────────────────────────────────────────────────────────────────────────

    Error: apiRequestContext.get: connect ECONNREFUSED ::1:4000
    Call log:
      - → GET http://localhost:4000/api/portal/me
        - user-agent: Mozilla/5.0 (Linux; Android 14; Pixel 7) AppleWebKit/537.36 (KHTML, like Gecko) Chrome/151.0.7922.34 Mobile Safari/537.36
        - accept: */*
        - accept-encoding: gzip,deflate,br
        - Authorization: Bearer e2e-admin-token-do-not-use-in-prod

        at apiRequestContext.get: connect ECONNREFUSED ::1:4000
        at /home/tbaltzakis/cloudless.gr/e2e/register-user-flow.spec.ts:138:29

    Error Context: test-results/register-user-flow-new-use-7e0d4-ns-valid-PortalStatus-shape-mobile-chrome-retry1/error-context.md

    attachment #2: trace (application/zip) ─────────────────────────────────────────────────────────
    test-results/register-user-flow-new-use-7e0d4-ns-valid-PortalStatus-shape-mobile-chrome-retry1/trace.zip
    Usage:

        npx playwright show-trace test-results/register-user-flow-new-use-7e0d4-ns-valid-PortalStatus-shape-mobile-chrome-retry1/trace.zip

    ────────────────────────────────────────────────────────────────────────────────────────────────

  1788) [mobile-chrome] › e2e/register-user-flow.spec.ts:149:9 › new-user registration flow › Cognito provider wiring › next-auth signin endpoint is reachable 

    Error: apiRequestContext.get: connect ECONNREFUSED ::1:4000
    Call log:
      - → GET http://localhost:4000/api/auth/providers
        - user-agent: Mozilla/5.0 (Linux; Android 14; Pixel 7) AppleWebKit/537.36 (KHTML, like Gecko) Chrome/151.0.7922.34 Mobile Safari/537.36
        - accept: */*
        - accept-encoding: gzip,deflate,br

        at apiRequestContext.get: connect ECONNREFUSED ::1:4000
        at /home/tbaltzakis/cloudless.gr/e2e/register-user-flow.spec.ts:151:29

    Error Context: test-results/register-user-flow-new-use-16a83-ignin-endpoint-is-reachable-mobile-chrome/error-context.md

    Retry #1 ───────────────────────────────────────────────────────────────────────────────────────

    Error: apiRequestContext.get: connect ECONNREFUSED ::1:4000
    Call log:
      - → GET http://localhost:4000/api/auth/providers
        - user-agent: Mozilla/5.0 (Linux; Android 14; Pixel 7) AppleWebKit/537.36 (KHTML, like Gecko) Chrome/151.0.7922.34 Mobile Safari/537.36
        - accept: */*
        - accept-encoding: gzip,deflate,br

        at apiRequestContext.get: connect ECONNREFUSED ::1:4000
        at /home/tbaltzakis/cloudless.gr/e2e/register-user-flow.spec.ts:151:29

    Error Context: test-results/register-user-flow-new-use-16a83-ignin-endpoint-is-reachable-mobile-chrome-retry1/error-context.md

    attachment #2: trace (application/zip) ─────────────────────────────────────────────────────────
    test-results/register-user-flow-new-use-16a83-ignin-endpoint-is-reachable-mobile-chrome-retry1/trace.zip
    Usage:

        npx playwright show-trace test-results/register-user-flow-new-use-16a83-ignin-endpoint-is-reachable-mobile-chrome-retry1/trace.zip

    ────────────────────────────────────────────────────────────────────────────────────────────────

  1789) [mobile-chrome] › e2e/register-user-flow.spec.ts:158:9 › new-user registration flow › Cognito provider wiring › /api/auth/csrf returns a token 

    Error: apiRequestContext.get: connect ECONNREFUSED ::1:4000
    Call log:
      - → GET http://localhost:4000/api/auth/csrf
        - user-agent: Mozilla/5.0 (Linux; Android 14; Pixel 7) AppleWebKit/537.36 (KHTML, like Gecko) Chrome/151.0.7922.34 Mobile Safari/537.36
        - accept: */*
        - accept-encoding: gzip,deflate,br

        at apiRequestContext.get: connect ECONNREFUSED ::1:4000
        at /home/tbaltzakis/cloudless.gr/e2e/register-user-flow.spec.ts:160:29

    Error Context: test-results/register-user-flow-new-use-0f03d-i-auth-csrf-returns-a-token-mobile-chrome/error-context.md

    Retry #1 ───────────────────────────────────────────────────────────────────────────────────────

    Error: apiRequestContext.get: connect ECONNREFUSED ::1:4000
    Call log:
      - → GET http://localhost:4000/api/auth/csrf
        - user-agent: Mozilla/5.0 (Linux; Android 14; Pixel 7) AppleWebKit/537.36 (KHTML, like Gecko) Chrome/151.0.7922.34 Mobile Safari/537.36
        - accept: */*
        - accept-encoding: gzip,deflate,br

        at apiRequestContext.get: connect ECONNREFUSED ::1:4000
        at /home/tbaltzakis/cloudless.gr/e2e/register-user-flow.spec.ts:160:29

    Error Context: test-results/register-user-flow-new-use-0f03d-i-auth-csrf-returns-a-token-mobile-chrome-retry1/error-context.md

    attachment #2: trace (application/zip) ─────────────────────────────────────────────────────────
    test-results/register-user-flow-new-use-0f03d-i-auth-csrf-returns-a-token-mobile-chrome-retry1/trace.zip
    Usage:

        npx playwright show-trace test-results/register-user-flow-new-use-0f03d-i-auth-csrf-returns-a-token-mobile-chrome-retry1/trace.zip

    ────────────────────────────────────────────────────────────────────────────────────────────────

  1790) [mobile-chrome] › e2e/register-user-flow.spec.ts:169:9 › new-user registration flow › Inbound funnel — /en/services → signup › services page renders and exposes the get-started CTA 

    Error: page.goto: net::ERR_CONNECTION_REFUSED at http://localhost:4000/en/services
    Call log:
      - navigating to "http://localhost:4000/en/services", waiting until "load"


      168 |   test.describe("Inbound funnel — /en/services → signup", () => {
      169 |     test("services page renders and exposes the get-started CTA", async ({ page }) => {
    > 170 |       const res = await page.goto("/en/services");
          |                              ^
      171 |       expect(res?.status()).toBe(200);
      172 |       // The 6 service-card CTAs target /auth/signup?plan=<key>; verify at
      173 |       // least one is rendered.
        at /home/tbaltzakis/cloudless.gr/e2e/register-user-flow.spec.ts:170:30

    attachment #1: screenshot (image/png) ──────────────────────────────────────────────────────────
    test-results/register-user-flow-new-use-273e7-exposes-the-get-started-CTA-mobile-chrome/test-failed-1.png
    ────────────────────────────────────────────────────────────────────────────────────────────────

    attachment #2: video (video/webm) ──────────────────────────────────────────────────────────────
    test-results/register-user-flow-new-use-273e7-exposes-the-get-started-CTA-mobile-chrome/video.webm
    ────────────────────────────────────────────────────────────────────────────────────────────────

    Error Context: test-results/register-user-flow-new-use-273e7-exposes-the-get-started-CTA-mobile-chrome/error-context.md

    Retry #1 ───────────────────────────────────────────────────────────────────────────────────────

    Error: page.goto: net::ERR_CONNECTION_REFUSED at http://localhost:4000/en/services
    Call log:
      - navigating to "http://localhost:4000/en/services", waiting until "load"


      168 |   test.describe("Inbound funnel — /en/services → signup", () => {
      169 |     test("services page renders and exposes the get-started CTA", async ({ page }) => {
    > 170 |       const res = await page.goto("/en/services");
          |                              ^
      171 |       expect(res?.status()).toBe(200);
      172 |       // The 6 service-card CTAs target /auth/signup?plan=<key>; verify at
      173 |       // least one is rendered.
        at /home/tbaltzakis/cloudless.gr/e2e/register-user-flow.spec.ts:170:30

    attachment #1: screenshot (image/png) ──────────────────────────────────────────────────────────
    test-results/register-user-flow-new-use-273e7-exposes-the-get-started-CTA-mobile-chrome-retry1/test-failed-1.png
    ────────────────────────────────────────────────────────────────────────────────────────────────

    attachment #2: video (video/webm) ──────────────────────────────────────────────────────────────
    test-results/register-user-flow-new-use-273e7-exposes-the-get-started-CTA-mobile-chrome-retry1/video.webm
    ────────────────────────────────────────────────────────────────────────────────────────────────

    Error Context: test-results/register-user-flow-new-use-273e7-exposes-the-get-started-CTA-mobile-chrome-retry1/error-context.md

    attachment #4: trace (application/zip) ─────────────────────────────────────────────────────────
    test-results/register-user-flow-new-use-273e7-exposes-the-get-started-CTA-mobile-chrome-retry1/trace.zip
    Usage:

        npx playwright show-trace test-results/register-user-flow-new-use-273e7-exposes-the-get-started-CTA-mobile-chrome-retry1/trace.zip

    ────────────────────────────────────────────────────────────────────────────────────────────────

  1791) [mobile-chrome] › e2e/remaining-coverage-deep.spec.mts:61:5 › Dynamic admin APIs — unauthenticated › unauth GET /api/admin/ai/analytics-orchestration/pdf — rejected 

    Error: apiRequestContext.get: connect ECONNREFUSED ::1:4000
    Call log:
      - → GET http://localhost:4000/api/admin/ai/analytics-orchestration/pdf
        - user-agent: Mozilla/5.0 (Linux; Android 14; Pixel 7) AppleWebKit/537.36 (KHTML, like Gecko) Chrome/151.0.7922.34 Mobile Safari/537.36
        - accept: */*
        - accept-encoding: gzip,deflate,br

        at apiRequestContext.get: connect ECONNREFUSED ::1:4000
        at /home/tbaltzakis/cloudless.gr/e2e/remaining-coverage-deep.spec.mts:65:27

    attachment #1: screenshot (image/png) ──────────────────────────────────────────────────────────
    test-results/remaining-coverage-deep-Dy-76022-rchestration-pdf-—-rejected-mobile-chrome/test-failed-1.png
    ────────────────────────────────────────────────────────────────────────────────────────────────

    attachment #2: video (video/webm) ──────────────────────────────────────────────────────────────
    test-results/remaining-coverage-deep-Dy-76022-rchestration-pdf-—-rejected-mobile-chrome/video.webm
    ────────────────────────────────────────────────────────────────────────────────────────────────

    Error Context: test-results/remaining-coverage-deep-Dy-76022-rchestration-pdf-—-rejected-mobile-chrome/error-context.md

    Retry #1 ───────────────────────────────────────────────────────────────────────────────────────

    Error: apiRequestContext.get: connect ECONNREFUSED ::1:4000
    Call log:
      - → GET http://localhost:4000/api/admin/ai/analytics-orchestration/pdf
        - user-agent: Mozilla/5.0 (Linux; Android 14; Pixel 7) AppleWebKit/537.36 (KHTML, like Gecko) Chrome/151.0.7922.34 Mobile Safari/537.36
        - accept: */*
        - accept-encoding: gzip,deflate,br

        at apiRequestContext.get: connect ECONNREFUSED ::1:4000
        at /home/tbaltzakis/cloudless.gr/e2e/remaining-coverage-deep.spec.mts:65:27

    attachment #1: screenshot (image/png) ──────────────────────────────────────────────────────────
    test-results/remaining-coverage-deep-Dy-76022-rchestration-pdf-—-rejected-mobile-chrome-retry1/test-failed-1.png
    ────────────────────────────────────────────────────────────────────────────────────────────────

    attachment #2: video (video/webm) ──────────────────────────────────────────────────────────────
    test-results/remaining-coverage-deep-Dy-76022-rchestration-pdf-—-rejected-mobile-chrome-retry1/video.webm
    ────────────────────────────────────────────────────────────────────────────────────────────────

    Error Context: test-results/remaining-coverage-deep-Dy-76022-rchestration-pdf-—-rejected-mobile-chrome-retry1/error-context.md

    attachment #4: trace (application/zip) ─────────────────────────────────────────────────────────
    test-results/remaining-coverage-deep-Dy-76022-rchestration-pdf-—-rejected-mobile-chrome-retry1/trace.zip
    Usage:

        npx playwright show-trace test-results/remaining-coverage-deep-Dy-76022-rchestration-pdf-—-rejected-mobile-chrome-retry1/trace.zip

    ────────────────────────────────────────────────────────────────────────────────────────────────

  1792) [mobile-chrome] › e2e/remaining-coverage-deep.spec.mts:61:5 › Dynamic admin APIs — unauthenticated › unauth GET /api/admin/calendar/[id] — rejected 

    Error: apiRequestContext.get: connect ECONNREFUSED ::1:4000
    Call log:
      - → GET http://localhost:4000/api/admin/calendar/dummy-id
        - user-agent: Mozilla/5.0 (Linux; Android 14; Pixel 7) AppleWebKit/537.36 (KHTML, like Gecko) Chrome/151.0.7922.34 Mobile Safari/537.36
        - accept: */*
        - accept-encoding: gzip,deflate,br

        at apiRequestContext.get: connect ECONNREFUSED ::1:4000
        at /home/tbaltzakis/cloudless.gr/e2e/remaining-coverage-deep.spec.mts:65:27

    attachment #1: screenshot (image/png) ──────────────────────────────────────────────────────────
    test-results/remaining-coverage-deep-Dy-491da-dmin-calendar-id-—-rejected-mobile-chrome/test-failed-1.png
    ────────────────────────────────────────────────────────────────────────────────────────────────

    attachment #2: video (video/webm) ──────────────────────────────────────────────────────────────
    test-results/remaining-coverage-deep-Dy-491da-dmin-calendar-id-—-rejected-mobile-chrome/video.webm
    ────────────────────────────────────────────────────────────────────────────────────────────────

    Error Context: test-results/remaining-coverage-deep-Dy-491da-dmin-calendar-id-—-rejected-mobile-chrome/error-context.md

    Retry #1 ───────────────────────────────────────────────────────────────────────────────────────

    Error: apiRequestContext.get: connect ECONNREFUSED ::1:4000
    Call log:
      - → GET http://localhost:4000/api/admin/calendar/dummy-id
        - user-agent: Mozilla/5.0 (Linux; Android 14; Pixel 7) AppleWebKit/537.36 (KHTML, like Gecko) Chrome/151.0.7922.34 Mobile Safari/537.36
        - accept: */*
        - accept-encoding: gzip,deflate,br

        at apiRequestContext.get: connect ECONNREFUSED ::1:4000
        at /home/tbaltzakis/cloudless.gr/e2e/remaining-coverage-deep.spec.mts:65:27

    attachment #1: screenshot (image/png) ──────────────────────────────────────────────────────────
    test-results/remaining-coverage-deep-Dy-491da-dmin-calendar-id-—-rejected-mobile-chrome-retry1/test-failed-1.png
    ────────────────────────────────────────────────────────────────────────────────────────────────

    attachment #2: video (video/webm) ──────────────────────────────────────────────────────────────
    test-results/remaining-coverage-deep-Dy-491da-dmin-calendar-id-—-rejected-mobile-chrome-retry1/video.webm
    ────────────────────────────────────────────────────────────────────────────────────────────────

    Error Context: test-results/remaining-coverage-deep-Dy-491da-dmin-calendar-id-—-rejected-mobile-chrome-retry1/error-context.md

    attachment #4: trace (application/zip) ─────────────────────────────────────────────────────────
    test-results/remaining-coverage-deep-Dy-491da-dmin-calendar-id-—-rejected-mobile-chrome-retry1/trace.zip
    Usage:

        npx playwright show-trace test-results/remaining-coverage-deep-Dy-491da-dmin-calendar-id-—-rejected-mobile-chrome-retry1/trace.zip

    ────────────────────────────────────────────────────────────────────────────────────────────────

  1793) [mobile-chrome] › e2e/remaining-coverage-deep.spec.mts:61:5 › Dynamic admin APIs — unauthenticated › unauth POST /api/admin/calendar/create — rejected 

    Error: apiRequestContext.post: connect ECONNREFUSED ::1:4000
    Call log:
      - → POST http://localhost:4000/api/admin/calendar/create
        - user-agent: Mozilla/5.0 (Linux; Android 14; Pixel 7) AppleWebKit/537.36 (KHTML, like Gecko) Chrome/151.0.7922.34 Mobile Safari/537.36
        - accept: */*
        - accept-encoding: gzip,deflate,br
        - content-type: application/json
        - content-length: 2

        at apiRequestContext.post: connect ECONNREFUSED ::1:4000
        at /home/tbaltzakis/cloudless.gr/e2e/remaining-coverage-deep.spec.mts:64:27

    attachment #1: screenshot (image/png) ──────────────────────────────────────────────────────────
    test-results/remaining-coverage-deep-Dy-38630--calendar-create-—-rejected-mobile-chrome/test-failed-1.png
    ────────────────────────────────────────────────────────────────────────────────────────────────

    attachment #2: video (video/webm) ──────────────────────────────────────────────────────────────
    test-results/remaining-coverage-deep-Dy-38630--calendar-create-—-rejected-mobile-chrome/video.webm
    ────────────────────────────────────────────────────────────────────────────────────────────────

    Error Context: test-results/remaining-coverage-deep-Dy-38630--calendar-create-—-rejected-mobile-chrome/error-context.md

    Retry #1 ───────────────────────────────────────────────────────────────────────────────────────

    Error: apiRequestContext.post: connect ECONNREFUSED ::1:4000
    Call log:
      - → POST http://localhost:4000/api/admin/calendar/create
        - user-agent: Mozilla/5.0 (Linux; Android 14; Pixel 7) AppleWebKit/537.36 (KHTML, like Gecko) Chrome/151.0.7922.34 Mobile Safari/537.36
        - accept: */*
        - accept-encoding: gzip,deflate,br
        - content-type: application/json
        - content-length: 2

        at apiRequestContext.post: connect ECONNREFUSED ::1:4000
        at /home/tbaltzakis/cloudless.gr/e2e/remaining-coverage-deep.spec.mts:64:27

    attachment #1: screenshot (image/png) ──────────────────────────────────────────────────────────
    test-results/remaining-coverage-deep-Dy-38630--calendar-create-—-rejected-mobile-chrome-retry1/test-failed-1.png
    ────────────────────────────────────────────────────────────────────────────────────────────────

    attachment #2: video (video/webm) ──────────────────────────────────────────────────────────────
    test-results/remaining-coverage-deep-Dy-38630--calendar-create-—-rejected-mobile-chrome-retry1/video.webm
    ────────────────────────────────────────────────────────────────────────────────────────────────

    Error Context: test-results/remaining-coverage-deep-Dy-38630--calendar-create-—-rejected-mobile-chrome-retry1/error-context.md

    attachment #4: trace (application/zip) ─────────────────────────────────────────────────────────
    test-results/remaining-coverage-deep-Dy-38630--calendar-create-—-rejected-mobile-chrome-retry1/trace.zip
    Usage:

        npx playwright show-trace test-results/remaining-coverage-deep-Dy-38630--calendar-create-—-rejected-mobile-chrome-retry1/trace.zip

    ────────────────────────────────────────────────────────────────────────────────────────────────

  1794) [mobile-chrome] › e2e/remaining-coverage-deep.spec.mts:61:5 › Dynamic admin APIs — unauthenticated › unauth GET /api/admin/email/campaigns/[id] — rejected 

    Error: apiRequestContext.get: connect ECONNREFUSED ::1:4000
    Call log:
      - → GET http://localhost:4000/api/admin/email/campaigns/dummy-id
        - user-agent: Mozilla/5.0 (Linux; Android 14; Pixel 7) AppleWebKit/537.36 (KHTML, like Gecko) Chrome/151.0.7922.34 Mobile Safari/537.36
        - accept: */*
        - accept-encoding: gzip,deflate,br

        at apiRequestContext.get: connect ECONNREFUSED ::1:4000
        at /home/tbaltzakis/cloudless.gr/e2e/remaining-coverage-deep.spec.mts:65:27

    attachment #1: screenshot (image/png) ──────────────────────────────────────────────────────────
    test-results/remaining-coverage-deep-Dy-a4fab-ail-campaigns-id-—-rejected-mobile-chrome/test-failed-1.png
    ────────────────────────────────────────────────────────────────────────────────────────────────

    attachment #2: video (video/webm) ──────────────────────────────────────────────────────────────
    test-results/remaining-coverage-deep-Dy-a4fab-ail-campaigns-id-—-rejected-mobile-chrome/video.webm
    ────────────────────────────────────────────────────────────────────────────────────────────────

    Error Context: test-results/remaining-coverage-deep-Dy-a4fab-ail-campaigns-id-—-rejected-mobile-chrome/error-context.md

    Retry #1 ───────────────────────────────────────────────────────────────────────────────────────

    Error: apiRequestContext.get: connect ECONNREFUSED ::1:4000
    Call log:
      - → GET http://localhost:4000/api/admin/email/campaigns/dummy-id
        - user-agent: Mozilla/5.0 (Linux; Android 14; Pixel 7) AppleWebKit/537.36 (KHTML, like Gecko) Chrome/151.0.7922.34 Mobile Safari/537.36
        - accept: */*
        - accept-encoding: gzip,deflate,br

        at apiRequestContext.get: connect ECONNREFUSED ::1:4000
        at /home/tbaltzakis/cloudless.gr/e2e/remaining-coverage-deep.spec.mts:65:27

    attachment #1: screenshot (image/png) ──────────────────────────────────────────────────────────
    test-results/remaining-coverage-deep-Dy-a4fab-ail-campaigns-id-—-rejected-mobile-chrome-retry1/test-failed-1.png
    ────────────────────────────────────────────────────────────────────────────────────────────────

    attachment #2: video (video/webm) ──────────────────────────────────────────────────────────────
    test-results/remaining-coverage-deep-Dy-a4fab-ail-campaigns-id-—-rejected-mobile-chrome-retry1/video.webm
    ────────────────────────────────────────────────────────────────────────────────────────────────

    Error Context: test-results/remaining-coverage-deep-Dy-a4fab-ail-campaigns-id-—-rejected-mobile-chrome-retry1/error-context.md

    attachment #4: trace (application/zip) ─────────────────────────────────────────────────────────
    test-results/remaining-coverage-deep-Dy-a4fab-ail-campaigns-id-—-rejected-mobile-chrome-retry1/trace.zip
    Usage:

        npx playwright show-trace test-results/remaining-coverage-deep-Dy-a4fab-ail-campaigns-id-—-rejected-mobile-chrome-retry1/trace.zip

    ────────────────────────────────────────────────────────────────────────────────────────────────

  1795) [mobile-chrome] › e2e/remaining-coverage-deep.spec.mts:61:5 › Dynamic admin APIs — unauthenticated › unauth GET /api/admin/oauth/tiktok/callback — rejected 

    Error: apiRequestContext.get: connect ECONNREFUSED ::1:4000
    Call log:
      - → GET http://localhost:4000/api/admin/oauth/tiktok/callback
        - user-agent: Mozilla/5.0 (Linux; Android 14; Pixel 7) AppleWebKit/537.36 (KHTML, like Gecko) Chrome/151.0.7922.34 Mobile Safari/537.36
        - accept: */*
        - accept-encoding: gzip,deflate,br

        at apiRequestContext.get: connect ECONNREFUSED ::1:4000
        at /home/tbaltzakis/cloudless.gr/e2e/remaining-coverage-deep.spec.mts:65:27

    attachment #1: screenshot (image/png) ──────────────────────────────────────────────────────────
    test-results/remaining-coverage-deep-Dy-676ce--tiktok-callback-—-rejected-mobile-chrome/test-failed-1.png
    ────────────────────────────────────────────────────────────────────────────────────────────────

    attachment #2: video (video/webm) ──────────────────────────────────────────────────────────────
    test-results/remaining-coverage-deep-Dy-676ce--tiktok-callback-—-rejected-mobile-chrome/video.webm
    ────────────────────────────────────────────────────────────────────────────────────────────────

    Error Context: test-results/remaining-coverage-deep-Dy-676ce--tiktok-callback-—-rejected-mobile-chrome/error-context.md

    Retry #1 ───────────────────────────────────────────────────────────────────────────────────────

    Error: apiRequestContext.get: connect ECONNREFUSED ::1:4000
    Call log:
      - → GET http://localhost:4000/api/admin/oauth/tiktok/callback
        - user-agent: Mozilla/5.0 (Linux; Android 14; Pixel 7) AppleWebKit/537.36 (KHTML, like Gecko) Chrome/151.0.7922.34 Mobile Safari/537.36
        - accept: */*
        - accept-encoding: gzip,deflate,br

        at apiRequestContext.get: connect ECONNREFUSED ::1:4000
        at /home/tbaltzakis/cloudless.gr/e2e/remaining-coverage-deep.spec.mts:65:27

    attachment #1: screenshot (image/png) ──────────────────────────────────────────────────────────
    test-results/remaining-coverage-deep-Dy-676ce--tiktok-callback-—-rejected-mobile-chrome-retry1/test-failed-1.png
    ────────────────────────────────────────────────────────────────────────────────────────────────

    attachment #2: video (video/webm) ──────────────────────────────────────────────────────────────
    test-results/remaining-coverage-deep-Dy-676ce--tiktok-callback-—-rejected-mobile-chrome-retry1/video.webm
    ────────────────────────────────────────────────────────────────────────────────────────────────

    Error Context: test-results/remaining-coverage-deep-Dy-676ce--tiktok-callback-—-rejected-mobile-chrome-retry1/error-context.md

    attachment #4: trace (application/zip) ─────────────────────────────────────────────────────────
    test-results/remaining-coverage-deep-Dy-676ce--tiktok-callback-—-rejected-mobile-chrome-retry1/trace.zip
    Usage:

        npx playwright show-trace test-results/remaining-coverage-deep-Dy-676ce--tiktok-callback-—-rejected-mobile-chrome-retry1/trace.zip

    ────────────────────────────────────────────────────────────────────────────────────────────────

  1796) [mobile-chrome] › e2e/remaining-coverage-deep.spec.mts:61:5 › Dynamic admin APIs — unauthenticated › unauth GET /api/admin/ops/errors/[id] — rejected 

    Error: apiRequestContext.get: connect ECONNREFUSED ::1:4000
    Call log:
      - → GET http://localhost:4000/api/admin/ops/errors/dummy-id
        - user-agent: Mozilla/5.0 (Linux; Android 14; Pixel 7) AppleWebKit/537.36 (KHTML, like Gecko) Chrome/151.0.7922.34 Mobile Safari/537.36
        - accept: */*
        - accept-encoding: gzip,deflate,br

        at apiRequestContext.get: connect ECONNREFUSED ::1:4000
        at /home/tbaltzakis/cloudless.gr/e2e/remaining-coverage-deep.spec.mts:65:27

    attachment #1: screenshot (image/png) ──────────────────────────────────────────────────────────
    test-results/remaining-coverage-deep-Dy-ae6cf-in-ops-errors-id-—-rejected-mobile-chrome/test-failed-1.png
    ────────────────────────────────────────────────────────────────────────────────────────────────

    attachment #2: video (video/webm) ──────────────────────────────────────────────────────────────
    test-results/remaining-coverage-deep-Dy-ae6cf-in-ops-errors-id-—-rejected-mobile-chrome/video.webm
    ────────────────────────────────────────────────────────────────────────────────────────────────

    Error Context: test-results/remaining-coverage-deep-Dy-ae6cf-in-ops-errors-id-—-rejected-mobile-chrome/error-context.md

    Retry #1 ───────────────────────────────────────────────────────────────────────────────────────

    Error: apiRequestContext.get: connect ECONNREFUSED ::1:4000
    Call log:
      - → GET http://localhost:4000/api/admin/ops/errors/dummy-id
        - user-agent: Mozilla/5.0 (Linux; Android 14; Pixel 7) AppleWebKit/537.36 (KHTML, like Gecko) Chrome/151.0.7922.34 Mobile Safari/537.36
        - accept: */*
        - accept-encoding: gzip,deflate,br

        at apiRequestContext.get: connect ECONNREFUSED ::1:4000
        at /home/tbaltzakis/cloudless.gr/e2e/remaining-coverage-deep.spec.mts:65:27

    attachment #1: screenshot (image/png) ──────────────────────────────────────────────────────────
    test-results/remaining-coverage-deep-Dy-ae6cf-in-ops-errors-id-—-rejected-mobile-chrome-retry1/test-failed-1.png
    ────────────────────────────────────────────────────────────────────────────────────────────────

    attachment #2: video (video/webm) ──────────────────────────────────────────────────────────────
    test-results/remaining-coverage-deep-Dy-ae6cf-in-ops-errors-id-—-rejected-mobile-chrome-retry1/video.webm
    ────────────────────────────────────────────────────────────────────────────────────────────────

    Error Context: test-results/remaining-coverage-deep-Dy-ae6cf-in-ops-errors-id-—-rejected-mobile-chrome-retry1/error-context.md

    attachment #4: trace (application/zip) ─────────────────────────────────────────────────────────
    test-results/remaining-coverage-deep-Dy-ae6cf-in-ops-errors-id-—-rejected-mobile-chrome-retry1/trace.zip
    Usage:

        npx playwright show-trace test-results/remaining-coverage-deep-Dy-ae6cf-in-ops-errors-id-—-rejected-mobile-chrome-retry1/trace.zip

    ────────────────────────────────────────────────────────────────────────────────────────────────

  1797) [mobile-chrome] › e2e/remaining-coverage-deep.spec.mts:61:5 › Dynamic admin APIs — unauthenticated › unauth POST /api/admin/pipeline/deals/[id]/move — rejected 

    Error: apiRequestContext.post: connect ECONNREFUSED ::1:4000
    Call log:
      - → POST http://localhost:4000/api/admin/pipeline/deals/dummy-id/move
        - user-agent: Mozilla/5.0 (Linux; Android 14; Pixel 7) AppleWebKit/537.36 (KHTML, like Gecko) Chrome/151.0.7922.34 Mobile Safari/537.36
        - accept: */*
        - accept-encoding: gzip,deflate,br
        - content-type: application/json
        - content-length: 2

        at apiRequestContext.post: connect ECONNREFUSED ::1:4000
        at /home/tbaltzakis/cloudless.gr/e2e/remaining-coverage-deep.spec.mts:64:27

    attachment #1: screenshot (image/png) ──────────────────────────────────────────────────────────
    test-results/remaining-coverage-deep-Dy-6e411-ne-deals-id-move-—-rejected-mobile-chrome/test-failed-1.png
    ────────────────────────────────────────────────────────────────────────────────────────────────

    attachment #2: video (video/webm) ──────────────────────────────────────────────────────────────
    test-results/remaining-coverage-deep-Dy-6e411-ne-deals-id-move-—-rejected-mobile-chrome/video.webm
    ────────────────────────────────────────────────────────────────────────────────────────────────

    Error Context: test-results/remaining-coverage-deep-Dy-6e411-ne-deals-id-move-—-rejected-mobile-chrome/error-context.md

    Retry #1 ───────────────────────────────────────────────────────────────────────────────────────

    Error: apiRequestContext.post: connect ECONNREFUSED ::1:4000
    Call log:
      - → POST http://localhost:4000/api/admin/pipeline/deals/dummy-id/move
        - user-agent: Mozilla/5.0 (Linux; Android 14; Pixel 7) AppleWebKit/537.36 (KHTML, like Gecko) Chrome/151.0.7922.34 Mobile Safari/537.36
        - accept: */*
        - accept-encoding: gzip,deflate,br
        - content-type: application/json
        - content-length: 2

        at apiRequestContext.post: connect ECONNREFUSED ::1:4000
        at /home/tbaltzakis/cloudless.gr/e2e/remaining-coverage-deep.spec.mts:64:27

    attachment #1: screenshot (image/png) ──────────────────────────────────────────────────────────
    test-results/remaining-coverage-deep-Dy-6e411-ne-deals-id-move-—-rejected-mobile-chrome-retry1/test-failed-1.png
    ────────────────────────────────────────────────────────────────────────────────────────────────

    attachment #2: video (video/webm) ──────────────────────────────────────────────────────────────
    test-results/remaining-coverage-deep-Dy-6e411-ne-deals-id-move-—-rejected-mobile-chrome-retry1/video.webm
    ────────────────────────────────────────────────────────────────────────────────────────────────

    Error Context: test-results/remaining-coverage-deep-Dy-6e411-ne-deals-id-move-—-rejected-mobile-chrome-retry1/error-context.md

    attachment #4: trace (application/zip) ─────────────────────────────────────────────────────────
    test-results/remaining-coverage-deep-Dy-6e411-ne-deals-id-move-—-rejected-mobile-chrome-retry1/trace.zip
    Usage:

        npx playwright show-trace test-results/remaining-coverage-deep-Dy-6e411-ne-deals-id-move-—-rejected-mobile-chrome-retry1/trace.zip

    ────────────────────────────────────────────────────────────────────────────────────────────────

  1798) [mobile-chrome] › e2e/remaining-coverage-deep.spec.mts:61:5 › Dynamic admin APIs — unauthenticated › unauth GET /api/admin/pipeline/deals/[id]/notes — rejected 

    Error: apiRequestContext.get: connect ECONNREFUSED ::1:4000
    Call log:
      - → GET http://localhost:4000/api/admin/pipeline/deals/dummy-id/notes
        - user-agent: Mozilla/5.0 (Linux; Android 14; Pixel 7) AppleWebKit/537.36 (KHTML, like Gecko) Chrome/151.0.7922.34 Mobile Safari/537.36
        - accept: */*
        - accept-encoding: gzip,deflate,br

        at apiRequestContext.get: connect ECONNREFUSED ::1:4000
        at /home/tbaltzakis/cloudless.gr/e2e/remaining-coverage-deep.spec.mts:65:27

    attachment #1: screenshot (image/png) ──────────────────────────────────────────────────────────
    test-results/remaining-coverage-deep-Dy-f9b88-e-deals-id-notes-—-rejected-mobile-chrome/test-failed-1.png
    ────────────────────────────────────────────────────────────────────────────────────────────────

    attachment #2: video (video/webm) ──────────────────────────────────────────────────────────────
    test-results/remaining-coverage-deep-Dy-f9b88-e-deals-id-notes-—-rejected-mobile-chrome/video.webm
    ────────────────────────────────────────────────────────────────────────────────────────────────

    Error Context: test-results/remaining-coverage-deep-Dy-f9b88-e-deals-id-notes-—-rejected-mobile-chrome/error-context.md

    Retry #1 ───────────────────────────────────────────────────────────────────────────────────────

    Error: apiRequestContext.get: connect ECONNREFUSED ::1:4000
    Call log:
      - → GET http://localhost:4000/api/admin/pipeline/deals/dummy-id/notes
        - user-agent: Mozilla/5.0 (Linux; Android 14; Pixel 7) AppleWebKit/537.36 (KHTML, like Gecko) Chrome/151.0.7922.34 Mobile Safari/537.36
        - accept: */*
        - accept-encoding: gzip,deflate,br

        at apiRequestContext.get: connect ECONNREFUSED ::1:4000
        at /home/tbaltzakis/cloudless.gr/e2e/remaining-coverage-deep.spec.mts:65:27

    attachment #1: screenshot (image/png) ──────────────────────────────────────────────────────────
    test-results/remaining-coverage-deep-Dy-f9b88-e-deals-id-notes-—-rejected-mobile-chrome-retry1/test-failed-1.png
    ────────────────────────────────────────────────────────────────────────────────────────────────

    attachment #2: video (video/webm) ──────────────────────────────────────────────────────────────
    test-results/remaining-coverage-deep-Dy-f9b88-e-deals-id-notes-—-rejected-mobile-chrome-retry1/video.webm
    ────────────────────────────────────────────────────────────────────────────────────────────────

    Error Context: test-results/remaining-coverage-deep-Dy-f9b88-e-deals-id-notes-—-rejected-mobile-chrome-retry1/error-context.md

    attachment #4: trace (application/zip) ─────────────────────────────────────────────────────────
    test-results/remaining-coverage-deep-Dy-f9b88-e-deals-id-notes-—-rejected-mobile-chrome-retry1/trace.zip
    Usage:

        npx playwright show-trace test-results/remaining-coverage-deep-Dy-f9b88-e-deals-id-notes-—-rejected-mobile-chrome-retry1/trace.zip

    ────────────────────────────────────────────────────────────────────────────────────────────────

  1799) [mobile-chrome] › e2e/remaining-coverage-deep.spec.mts:61:5 › Dynamic admin APIs — unauthenticated › unauth GET /api/admin/reports/[id] — rejected 

    Error: apiRequestContext.get: connect ECONNREFUSED ::1:4000
    Call log:
      - → GET http://localhost:4000/api/admin/reports/dummy-id
        - user-agent: Mozilla/5.0 (Linux; Android 14; Pixel 7) AppleWebKit/537.36 (KHTML, like Gecko) Chrome/151.0.7922.34 Mobile Safari/537.36
        - accept: */*
        - accept-encoding: gzip,deflate,br

        at apiRequestContext.get: connect ECONNREFUSED ::1:4000
        at /home/tbaltzakis/cloudless.gr/e2e/remaining-coverage-deep.spec.mts:65:27

    attachment #1: screenshot (image/png) ──────────────────────────────────────────────────────────
    test-results/remaining-coverage-deep-Dy-9d56c-admin-reports-id-—-rejected-mobile-chrome/test-failed-1.png
    ────────────────────────────────────────────────────────────────────────────────────────────────

    attachment #2: video (video/webm) ──────────────────────────────────────────────────────────────
    test-results/remaining-coverage-deep-Dy-9d56c-admin-reports-id-—-rejected-mobile-chrome/video.webm
    ────────────────────────────────────────────────────────────────────────────────────────────────

    Error Context: test-results/remaining-coverage-deep-Dy-9d56c-admin-reports-id-—-rejected-mobile-chrome/error-context.md

    Retry #1 ───────────────────────────────────────────────────────────────────────────────────────

    Error: apiRequestContext.get: connect ECONNREFUSED ::1:4000
    Call log:
      - → GET http://localhost:4000/api/admin/reports/dummy-id
        - user-agent: Mozilla/5.0 (Linux; Android 14; Pixel 7) AppleWebKit/537.36 (KHTML, like Gecko) Chrome/151.0.7922.34 Mobile Safari/537.36
        - accept: */*
        - accept-encoding: gzip,deflate,br

        at apiRequestContext.get: connect ECONNREFUSED ::1:4000
        at /home/tbaltzakis/cloudless.gr/e2e/remaining-coverage-deep.spec.mts:65:27

    attachment #1: screenshot (image/png) ──────────────────────────────────────────────────────────
    test-results/remaining-coverage-deep-Dy-9d56c-admin-reports-id-—-rejected-mobile-chrome-retry1/test-failed-1.png
    ────────────────────────────────────────────────────────────────────────────────────────────────

    attachment #2: video (video/webm) ──────────────────────────────────────────────────────────────
    test-results/remaining-coverage-deep-Dy-9d56c-admin-reports-id-—-rejected-mobile-chrome-retry1/video.webm
    ────────────────────────────────────────────────────────────────────────────────────────────────

    Error Context: test-results/remaining-coverage-deep-Dy-9d56c-admin-reports-id-—-rejected-mobile-chrome-retry1/error-context.md

    attachment #4: trace (application/zip) ─────────────────────────────────────────────────────────
    test-results/remaining-coverage-deep-Dy-9d56c-admin-reports-id-—-rejected-mobile-chrome-retry1/trace.zip
    Usage:

        npx playwright show-trace test-results/remaining-coverage-deep-Dy-9d56c-admin-reports-id-—-rejected-mobile-chrome-retry1/trace.zip

    ────────────────────────────────────────────────────────────────────────────────────────────────

  1800) [mobile-chrome] › e2e/remaining-coverage-deep.spec.mts:61:5 › Dynamic admin APIs — unauthenticated › unauth GET /api/admin/reports/[id]/pdf — rejected 

    Error: apiRequestContext.get: connect ECONNREFUSED ::1:4000
    Call log:
      - → GET http://localhost:4000/api/admin/reports/dummy-id/pdf
        - user-agent: Mozilla/5.0 (Linux; Android 14; Pixel 7) AppleWebKit/537.36 (KHTML, like Gecko) Chrome/151.0.7922.34 Mobile Safari/537.36
        - accept: */*
        - accept-encoding: gzip,deflate,br

        at apiRequestContext.get: connect ECONNREFUSED ::1:4000
        at /home/tbaltzakis/cloudless.gr/e2e/remaining-coverage-deep.spec.mts:65:27

    attachment #1: screenshot (image/png) ──────────────────────────────────────────────────────────
    test-results/remaining-coverage-deep-Dy-267ed-n-reports-id-pdf-—-rejected-mobile-chrome/test-failed-1.png
    ────────────────────────────────────────────────────────────────────────────────────────────────

    attachment #2: video (video/webm) ──────────────────────────────────────────────────────────────
    test-results/remaining-coverage-deep-Dy-267ed-n-reports-id-pdf-—-rejected-mobile-chrome/video.webm
    ────────────────────────────────────────────────────────────────────────────────────────────────

    Error Context: test-results/remaining-coverage-deep-Dy-267ed-n-reports-id-pdf-—-rejected-mobile-chrome/error-context.md

    Retry #1 ───────────────────────────────────────────────────────────────────────────────────────

    Error: apiRequestContext.get: connect ECONNREFUSED ::1:4000
    Call log:
      - → GET http://localhost:4000/api/admin/reports/dummy-id/pdf
        - user-agent: Mozilla/5.0 (Linux; Android 14; Pixel 7) AppleWebKit/537.36 (KHTML, like Gecko) Chrome/151.0.7922.34 Mobile Safari/537.36
        - accept: */*
        - accept-encoding: gzip,deflate,br

        at apiRequestContext.get: connect ECONNREFUSED ::1:4000
        at /home/tbaltzakis/cloudless.gr/e2e/remaining-coverage-deep.spec.mts:65:27

    attachment #1: screenshot (image/png) ──────────────────────────────────────────────────────────
    test-results/remaining-coverage-deep-Dy-267ed-n-reports-id-pdf-—-rejected-mobile-chrome-retry1/test-failed-1.png
    ────────────────────────────────────────────────────────────────────────────────────────────────

    attachment #2: video (video/webm) ──────────────────────────────────────────────────────────────
    test-results/remaining-coverage-deep-Dy-267ed-n-reports-id-pdf-—-rejected-mobile-chrome-retry1/video.webm
    ────────────────────────────────────────────────────────────────────────────────────────────────

    Error Context: test-results/remaining-coverage-deep-Dy-267ed-n-reports-id-pdf-—-rejected-mobile-chrome-retry1/error-context.md

    attachment #4: trace (application/zip) ─────────────────────────────────────────────────────────
    test-results/remaining-coverage-deep-Dy-267ed-n-reports-id-pdf-—-rejected-mobile-chrome-retry1/trace.zip
    Usage:

        npx playwright show-trace test-results/remaining-coverage-deep-Dy-267ed-n-reports-id-pdf-—-rejected-mobile-chrome-retry1/trace.zip

    ────────────────────────────────────────────────────────────────────────────────────────────────

  1801) [mobile-chrome] › e2e/remaining-coverage-deep.spec.mts:61:5 › Dynamic admin APIs — unauthenticated › unauth POST /api/admin/reports/generate — rejected 

    Error: apiRequestContext.post: connect ECONNREFUSED ::1:4000
    Call log:
      - → POST http://localhost:4000/api/admin/reports/generate
        - user-agent: Mozilla/5.0 (Linux; Android 14; Pixel 7) AppleWebKit/537.36 (KHTML, like Gecko) Chrome/151.0.7922.34 Mobile Safari/537.36
        - accept: */*
        - accept-encoding: gzip,deflate,br
        - content-type: application/json
        - content-length: 2

        at apiRequestContext.post: connect ECONNREFUSED ::1:4000
        at /home/tbaltzakis/cloudless.gr/e2e/remaining-coverage-deep.spec.mts:64:27

    attachment #1: screenshot (image/png) ──────────────────────────────────────────────────────────
    test-results/remaining-coverage-deep-Dy-a51d8-reports-generate-—-rejected-mobile-chrome/test-failed-1.png
    ────────────────────────────────────────────────────────────────────────────────────────────────

    attachment #2: video (video/webm) ──────────────────────────────────────────────────────────────
    test-results/remaining-coverage-deep-Dy-a51d8-reports-generate-—-rejected-mobile-chrome/video.webm
    ────────────────────────────────────────────────────────────────────────────────────────────────

    Error Context: test-results/remaining-coverage-deep-Dy-a51d8-reports-generate-—-rejected-mobile-chrome/error-context.md

    Retry #1 ───────────────────────────────────────────────────────────────────────────────────────

    Error: apiRequestContext.post: connect ECONNREFUSED ::1:4000
    Call log:
      - → POST http://localhost:4000/api/admin/reports/generate
        - user-agent: Mozilla/5.0 (Linux; Android 14; Pixel 7) AppleWebKit/537.36 (KHTML, like Gecko) Chrome/151.0.7922.34 Mobile Safari/537.36
        - accept: */*
        - accept-encoding: gzip,deflate,br
        - content-type: application/json
        - content-length: 2

        at apiRequestContext.post: connect ECONNREFUSED ::1:4000
        at /home/tbaltzakis/cloudless.gr/e2e/remaining-coverage-deep.spec.mts:64:27

    attachment #1: screenshot (image/png) ──────────────────────────────────────────────────────────
    test-results/remaining-coverage-deep-Dy-a51d8-reports-generate-—-rejected-mobile-chrome-retry1/test-failed-1.png
    ────────────────────────────────────────────────────────────────────────────────────────────────

    attachment #2: video (video/webm) ──────────────────────────────────────────────────────────────
    test-results/remaining-coverage-deep-Dy-a51d8-reports-generate-—-rejected-mobile-chrome-retry1/video.webm
    ────────────────────────────────────────────────────────────────────────────────────────────────

    Error Context: test-results/remaining-coverage-deep-Dy-a51d8-reports-generate-—-rejected-mobile-chrome-retry1/error-context.md

    attachment #4: trace (application/zip) ─────────────────────────────────────────────────────────
    test-results/remaining-coverage-deep-Dy-a51d8-reports-generate-—-rejected-mobile-chrome-retry1/trace.zip
    Usage:

        npx playwright show-trace test-results/remaining-coverage-deep-Dy-a51d8-reports-generate-—-rejected-mobile-chrome-retry1/trace.zip

    ────────────────────────────────────────────────────────────────────────────────────────────────

  1802) [mobile-chrome] › e2e/remaining-coverage-deep.spec.mts:80:5 › Dynamic admin APIs — authenticated › auth GET /api/admin/ai/analytics-orchestration/pdf — non-5xx 

    Error: apiRequestContext.get: connect ECONNREFUSED ::1:4000
    Call log:
      - → GET http://localhost:4000/api/admin/ai/analytics-orchestration/pdf
        - user-agent: Mozilla/5.0 (Linux; Android 14; Pixel 7) AppleWebKit/537.36 (KHTML, like Gecko) Chrome/151.0.7922.34 Mobile Safari/537.36
        - accept: */*
        - accept-encoding: gzip,deflate,br
        - cookie: e2e_admin=1

        at apiRequestContext.get: connect ECONNREFUSED ::1:4000
        at /home/tbaltzakis/cloudless.gr/e2e/remaining-coverage-deep.spec.mts:84:27

    attachment #1: screenshot (image/png) ──────────────────────────────────────────────────────────
    test-results/remaining-coverage-deep-Dy-5cf2e-orchestration-pdf-—-non-5xx-mobile-chrome/test-failed-1.png
    ────────────────────────────────────────────────────────────────────────────────────────────────

    attachment #2: video (video/webm) ──────────────────────────────────────────────────────────────
    test-results/remaining-coverage-deep-Dy-5cf2e-orchestration-pdf-—-non-5xx-mobile-chrome/video.webm
    ────────────────────────────────────────────────────────────────────────────────────────────────

    Error Context: test-results/remaining-coverage-deep-Dy-5cf2e-orchestration-pdf-—-non-5xx-mobile-chrome/error-context.md

    Retry #1 ───────────────────────────────────────────────────────────────────────────────────────

    Error: apiRequestContext.get: connect ECONNREFUSED ::1:4000
    Call log:
      - → GET http://localhost:4000/api/admin/ai/analytics-orchestration/pdf
        - user-agent: Mozilla/5.0 (Linux; Android 14; Pixel 7) AppleWebKit/537.36 (KHTML, like Gecko) Chrome/151.0.7922.34 Mobile Safari/537.36
        - accept: */*
        - accept-encoding: gzip,deflate,br
        - cookie: e2e_admin=1

        at apiRequestContext.get: connect ECONNREFUSED ::1:4000
        at /home/tbaltzakis/cloudless.gr/e2e/remaining-coverage-deep.spec.mts:84:27

    attachment #1: screenshot (image/png) ──────────────────────────────────────────────────────────
    test-results/remaining-coverage-deep-Dy-5cf2e-orchestration-pdf-—-non-5xx-mobile-chrome-retry1/test-failed-1.png
    ────────────────────────────────────────────────────────────────────────────────────────────────

    attachment #2: video (video/webm) ──────────────────────────────────────────────────────────────
    test-results/remaining-coverage-deep-Dy-5cf2e-orchestration-pdf-—-non-5xx-mobile-chrome-retry1/video.webm
    ────────────────────────────────────────────────────────────────────────────────────────────────

    Error Context: test-results/remaining-coverage-deep-Dy-5cf2e-orchestration-pdf-—-non-5xx-mobile-chrome-retry1/error-context.md

    attachment #4: trace (application/zip) ─────────────────────────────────────────────────────────
    test-results/remaining-coverage-deep-Dy-5cf2e-orchestration-pdf-—-non-5xx-mobile-chrome-retry1/trace.zip
    Usage:

        npx playwright show-trace test-results/remaining-coverage-deep-Dy-5cf2e-orchestration-pdf-—-non-5xx-mobile-chrome-retry1/trace.zip

    ────────────────────────────────────────────────────────────────────────────────────────────────

  1803) [mobile-chrome] › e2e/remaining-coverage-deep.spec.mts:80:5 › Dynamic admin APIs — authenticated › auth GET /api/admin/calendar/[id] — non-5xx 

    Error: apiRequestContext.get: connect ECONNREFUSED ::1:4000
    Call log:
      - → GET http://localhost:4000/api/admin/calendar/dummy-id
        - user-agent: Mozilla/5.0 (Linux; Android 14; Pixel 7) AppleWebKit/537.36 (KHTML, like Gecko) Chrome/151.0.7922.34 Mobile Safari/537.36
        - accept: */*
        - accept-encoding: gzip,deflate,br
        - cookie: e2e_admin=1

        at apiRequestContext.get: connect ECONNREFUSED ::1:4000
        at /home/tbaltzakis/cloudless.gr/e2e/remaining-coverage-deep.spec.mts:84:27

    attachment #1: screenshot (image/png) ──────────────────────────────────────────────────────────
    test-results/remaining-coverage-deep-Dy-e650d-admin-calendar-id-—-non-5xx-mobile-chrome/test-failed-1.png
    ────────────────────────────────────────────────────────────────────────────────────────────────

    attachment #2: video (video/webm) ──────────────────────────────────────────────────────────────
    test-results/remaining-coverage-deep-Dy-e650d-admin-calendar-id-—-non-5xx-mobile-chrome/video.webm
    ────────────────────────────────────────────────────────────────────────────────────────────────

    Error Context: test-results/remaining-coverage-deep-Dy-e650d-admin-calendar-id-—-non-5xx-mobile-chrome/error-context.md

    Retry #1 ───────────────────────────────────────────────────────────────────────────────────────

    Error: apiRequestContext.get: connect ECONNREFUSED ::1:4000
    Call log:
      - → GET http://localhost:4000/api/admin/calendar/dummy-id
        - user-agent: Mozilla/5.0 (Linux; Android 14; Pixel 7) AppleWebKit/537.36 (KHTML, like Gecko) Chrome/151.0.7922.34 Mobile Safari/537.36
        - accept: */*
        - accept-encoding: gzip,deflate,br
        - cookie: e2e_admin=1

        at apiRequestContext.get: connect ECONNREFUSED ::1:4000
        at /home/tbaltzakis/cloudless.gr/e2e/remaining-coverage-deep.spec.mts:84:27

    attachment #1: screenshot (image/png) ──────────────────────────────────────────────────────────
    test-results/remaining-coverage-deep-Dy-e650d-admin-calendar-id-—-non-5xx-mobile-chrome-retry1/test-failed-1.png
    ────────────────────────────────────────────────────────────────────────────────────────────────

    attachment #2: video (video/webm) ──────────────────────────────────────────────────────────────
    test-results/remaining-coverage-deep-Dy-e650d-admin-calendar-id-—-non-5xx-mobile-chrome-retry1/video.webm
    ────────────────────────────────────────────────────────────────────────────────────────────────

    Error Context: test-results/remaining-coverage-deep-Dy-e650d-admin-calendar-id-—-non-5xx-mobile-chrome-retry1/error-context.md

    attachment #4: trace (application/zip) ─────────────────────────────────────────────────────────
    test-results/remaining-coverage-deep-Dy-e650d-admin-calendar-id-—-non-5xx-mobile-chrome-retry1/trace.zip
    Usage:

        npx playwright show-trace test-results/remaining-coverage-deep-Dy-e650d-admin-calendar-id-—-non-5xx-mobile-chrome-retry1/trace.zip

    ────────────────────────────────────────────────────────────────────────────────────────────────

  1804) [mobile-chrome] › e2e/remaining-coverage-deep.spec.mts:80:5 › Dynamic admin APIs — authenticated › auth POST /api/admin/calendar/create — non-5xx 

    Error: apiRequestContext.post: connect ECONNREFUSED ::1:4000
    Call log:
      - → POST http://localhost:4000/api/admin/calendar/create
        - user-agent: Mozilla/5.0 (Linux; Android 14; Pixel 7) AppleWebKit/537.36 (KHTML, like Gecko) Chrome/151.0.7922.34 Mobile Safari/537.36
        - accept: */*
        - accept-encoding: gzip,deflate,br
        - content-type: application/json
        - content-length: 2
        - cookie: e2e_admin=1

        at apiRequestContext.post: connect ECONNREFUSED ::1:4000
        at /home/tbaltzakis/cloudless.gr/e2e/remaining-coverage-deep.spec.mts:83:27

    attachment #1: screenshot (image/png) ──────────────────────────────────────────────────────────
    test-results/remaining-coverage-deep-Dy-d943c-n-calendar-create-—-non-5xx-mobile-chrome/test-failed-1.png
    ────────────────────────────────────────────────────────────────────────────────────────────────

    attachment #2: video (video/webm) ──────────────────────────────────────────────────────────────
    test-results/remaining-coverage-deep-Dy-d943c-n-calendar-create-—-non-5xx-mobile-chrome/video.webm
    ────────────────────────────────────────────────────────────────────────────────────────────────

    Error Context: test-results/remaining-coverage-deep-Dy-d943c-n-calendar-create-—-non-5xx-mobile-chrome/error-context.md

    Retry #1 ───────────────────────────────────────────────────────────────────────────────────────

    Error: apiRequestContext.post: connect ECONNREFUSED ::1:4000
    Call log:
      - → POST http://localhost:4000/api/admin/calendar/create
        - user-agent: Mozilla/5.0 (Linux; Android 14; Pixel 7) AppleWebKit/537.36 (KHTML, like Gecko) Chrome/151.0.7922.34 Mobile Safari/537.36
        - accept: */*
        - accept-encoding: gzip,deflate,br
        - content-type: application/json
        - content-length: 2
        - cookie: e2e_admin=1

        at apiRequestContext.post: connect ECONNREFUSED ::1:4000
        at /home/tbaltzakis/cloudless.gr/e2e/remaining-coverage-deep.spec.mts:83:27

    attachment #1: screenshot (image/png) ──────────────────────────────────────────────────────────
    test-results/remaining-coverage-deep-Dy-d943c-n-calendar-create-—-non-5xx-mobile-chrome-retry1/test-failed-1.png
    ────────────────────────────────────────────────────────────────────────────────────────────────

    attachment #2: video (video/webm) ──────────────────────────────────────────────────────────────
    test-results/remaining-coverage-deep-Dy-d943c-n-calendar-create-—-non-5xx-mobile-chrome-retry1/video.webm
    ────────────────────────────────────────────────────────────────────────────────────────────────

    Error Context: test-results/remaining-coverage-deep-Dy-d943c-n-calendar-create-—-non-5xx-mobile-chrome-retry1/error-context.md

    attachment #4: trace (application/zip) ─────────────────────────────────────────────────────────
    test-results/remaining-coverage-deep-Dy-d943c-n-calendar-create-—-non-5xx-mobile-chrome-retry1/trace.zip
    Usage:

        npx playwright show-trace test-results/remaining-coverage-deep-Dy-d943c-n-calendar-create-—-non-5xx-mobile-chrome-retry1/trace.zip

    ────────────────────────────────────────────────────────────────────────────────────────────────

  1805) [mobile-chrome] › e2e/remaining-coverage-deep.spec.mts:80:5 › Dynamic admin APIs — authenticated › auth GET /api/admin/email/campaigns/[id] — non-5xx 

    Error: apiRequestContext.get: connect ECONNREFUSED ::1:4000
    Call log:
      - → GET http://localhost:4000/api/admin/email/campaigns/dummy-id
        - user-agent: Mozilla/5.0 (Linux; Android 14; Pixel 7) AppleWebKit/537.36 (KHTML, like Gecko) Chrome/151.0.7922.34 Mobile Safari/537.36
        - accept: */*
        - accept-encoding: gzip,deflate,br
        - cookie: e2e_admin=1

        at apiRequestContext.get: connect ECONNREFUSED ::1:4000
        at /home/tbaltzakis/cloudless.gr/e2e/remaining-coverage-deep.spec.mts:84:27

    attachment #1: screenshot (image/png) ──────────────────────────────────────────────────────────
    test-results/remaining-coverage-deep-Dy-2f13f-mail-campaigns-id-—-non-5xx-mobile-chrome/test-failed-1.png
    ────────────────────────────────────────────────────────────────────────────────────────────────

    attachment #2: video (video/webm) ──────────────────────────────────────────────────────────────
    test-results/remaining-coverage-deep-Dy-2f13f-mail-campaigns-id-—-non-5xx-mobile-chrome/video.webm
    ────────────────────────────────────────────────────────────────────────────────────────────────

    Error Context: test-results/remaining-coverage-deep-Dy-2f13f-mail-campaigns-id-—-non-5xx-mobile-chrome/error-context.md

    Retry #1 ───────────────────────────────────────────────────────────────────────────────────────

    Error: apiRequestContext.get: connect ECONNREFUSED ::1:4000
    Call log:
      - → GET http://localhost:4000/api/admin/email/campaigns/dummy-id
        - user-agent: Mozilla/5.0 (Linux; Android 14; Pixel 7) AppleWebKit/537.36 (KHTML, like Gecko) Chrome/151.0.7922.34 Mobile Safari/537.36
        - accept: */*
        - accept-encoding: gzip,deflate,br
        - cookie: e2e_admin=1

        at apiRequestContext.get: connect ECONNREFUSED ::1:4000
        at /home/tbaltzakis/cloudless.gr/e2e/remaining-coverage-deep.spec.mts:84:27

    attachment #1: screenshot (image/png) ──────────────────────────────────────────────────────────
    test-results/remaining-coverage-deep-Dy-2f13f-mail-campaigns-id-—-non-5xx-mobile-chrome-retry1/test-failed-1.png
    ────────────────────────────────────────────────────────────────────────────────────────────────

    attachment #2: video (video/webm) ──────────────────────────────────────────────────────────────
    test-results/remaining-coverage-deep-Dy-2f13f-mail-campaigns-id-—-non-5xx-mobile-chrome-retry1/video.webm
    ────────────────────────────────────────────────────────────────────────────────────────────────

    Error Context: test-results/remaining-coverage-deep-Dy-2f13f-mail-campaigns-id-—-non-5xx-mobile-chrome-retry1/error-context.md

    attachment #4: trace (application/zip) ─────────────────────────────────────────────────────────
    test-results/remaining-coverage-deep-Dy-2f13f-mail-campaigns-id-—-non-5xx-mobile-chrome-retry1/trace.zip
    Usage:

        npx playwright show-trace test-results/remaining-coverage-deep-Dy-2f13f-mail-campaigns-id-—-non-5xx-mobile-chrome-retry1/trace.zip

    ────────────────────────────────────────────────────────────────────────────────────────────────

  1806) [mobile-chrome] › e2e/remaining-coverage-deep.spec.mts:80:5 › Dynamic admin APIs — authenticated › auth GET /api/admin/oauth/tiktok/callback — non-5xx 

    Error: apiRequestContext.get: connect ECONNREFUSED ::1:4000
    Call log:
      - → GET http://localhost:4000/api/admin/oauth/tiktok/callback
        - user-agent: Mozilla/5.0 (Linux; Android 14; Pixel 7) AppleWebKit/537.36 (KHTML, like Gecko) Chrome/151.0.7922.34 Mobile Safari/537.36
        - accept: */*
        - accept-encoding: gzip,deflate,br
        - cookie: e2e_admin=1

        at apiRequestContext.get: connect ECONNREFUSED ::1:4000
        at /home/tbaltzakis/cloudless.gr/e2e/remaining-coverage-deep.spec.mts:84:27

    attachment #1: screenshot (image/png) ──────────────────────────────────────────────────────────
    test-results/remaining-coverage-deep-Dy-cc39f-h-tiktok-callback-—-non-5xx-mobile-chrome/test-failed-1.png
    ────────────────────────────────────────────────────────────────────────────────────────────────

    attachment #2: video (video/webm) ──────────────────────────────────────────────────────────────
    test-results/remaining-coverage-deep-Dy-cc39f-h-tiktok-callback-—-non-5xx-mobile-chrome/video.webm
    ────────────────────────────────────────────────────────────────────────────────────────────────

    Error Context: test-results/remaining-coverage-deep-Dy-cc39f-h-tiktok-callback-—-non-5xx-mobile-chrome/error-context.md

    Retry #1 ───────────────────────────────────────────────────────────────────────────────────────

    Error: apiRequestContext.get: connect ECONNREFUSED ::1:4000
    Call log:
      - → GET http://localhost:4000/api/admin/oauth/tiktok/callback
        - user-agent: Mozilla/5.0 (Linux; Android 14; Pixel 7) AppleWebKit/537.36 (KHTML, like Gecko) Chrome/151.0.7922.34 Mobile Safari/537.36
        - accept: */*
        - accept-encoding: gzip,deflate,br
        - cookie: e2e_admin=1

        at apiRequestContext.get: connect ECONNREFUSED ::1:4000
        at /home/tbaltzakis/cloudless.gr/e2e/remaining-coverage-deep.spec.mts:84:27

    attachment #1: screenshot (image/png) ──────────────────────────────────────────────────────────
    test-results/remaining-coverage-deep-Dy-cc39f-h-tiktok-callback-—-non-5xx-mobile-chrome-retry1/test-failed-1.png
    ────────────────────────────────────────────────────────────────────────────────────────────────

    attachment #2: video (video/webm) ──────────────────────────────────────────────────────────────
    test-results/remaining-coverage-deep-Dy-cc39f-h-tiktok-callback-—-non-5xx-mobile-chrome-retry1/video.webm
    ────────────────────────────────────────────────────────────────────────────────────────────────

    Error Context: test-results/remaining-coverage-deep-Dy-cc39f-h-tiktok-callback-—-non-5xx-mobile-chrome-retry1/error-context.md

    attachment #4: trace (application/zip) ─────────────────────────────────────────────────────────
    test-results/remaining-coverage-deep-Dy-cc39f-h-tiktok-callback-—-non-5xx-mobile-chrome-retry1/trace.zip
    Usage:

        npx playwright show-trace test-results/remaining-coverage-deep-Dy-cc39f-h-tiktok-callback-—-non-5xx-mobile-chrome-retry1/trace.zip

    ────────────────────────────────────────────────────────────────────────────────────────────────

  1807) [mobile-chrome] › e2e/remaining-coverage-deep.spec.mts:80:5 › Dynamic admin APIs — authenticated › auth GET /api/admin/ops/errors/[id] — non-5xx 

    Error: apiRequestContext.get: connect ECONNREFUSED ::1:4000
    Call log:
      - → GET http://localhost:4000/api/admin/ops/errors/dummy-id
        - user-agent: Mozilla/5.0 (Linux; Android 14; Pixel 7) AppleWebKit/537.36 (KHTML, like Gecko) Chrome/151.0.7922.34 Mobile Safari/537.36
        - accept: */*
        - accept-encoding: gzip,deflate,br
        - cookie: e2e_admin=1

        at apiRequestContext.get: connect ECONNREFUSED ::1:4000
        at /home/tbaltzakis/cloudless.gr/e2e/remaining-coverage-deep.spec.mts:84:27

    attachment #1: screenshot (image/png) ──────────────────────────────────────────────────────────
    test-results/remaining-coverage-deep-Dy-db84e-min-ops-errors-id-—-non-5xx-mobile-chrome/test-failed-1.png
    ────────────────────────────────────────────────────────────────────────────────────────────────

    attachment #2: video (video/webm) ──────────────────────────────────────────────────────────────
    test-results/remaining-coverage-deep-Dy-db84e-min-ops-errors-id-—-non-5xx-mobile-chrome/video.webm
    ────────────────────────────────────────────────────────────────────────────────────────────────

    Error Context: test-results/remaining-coverage-deep-Dy-db84e-min-ops-errors-id-—-non-5xx-mobile-chrome/error-context.md

    Retry #1 ───────────────────────────────────────────────────────────────────────────────────────

    Error: apiRequestContext.get: connect ECONNREFUSED ::1:4000
    Call log:
      - → GET http://localhost:4000/api/admin/ops/errors/dummy-id
        - user-agent: Mozilla/5.0 (Linux; Android 14; Pixel 7) AppleWebKit/537.36 (KHTML, like Gecko) Chrome/151.0.7922.34 Mobile Safari/537.36
        - accept: */*
        - accept-encoding: gzip,deflate,br
        - cookie: e2e_admin=1

        at apiRequestContext.get: connect ECONNREFUSED ::1:4000
        at /home/tbaltzakis/cloudless.gr/e2e/remaining-coverage-deep.spec.mts:84:27

    attachment #1: screenshot (image/png) ──────────────────────────────────────────────────────────
    test-results/remaining-coverage-deep-Dy-db84e-min-ops-errors-id-—-non-5xx-mobile-chrome-retry1/test-failed-1.png
    ────────────────────────────────────────────────────────────────────────────────────────────────

    attachment #2: video (video/webm) ──────────────────────────────────────────────────────────────
    test-results/remaining-coverage-deep-Dy-db84e-min-ops-errors-id-—-non-5xx-mobile-chrome-retry1/video.webm
    ────────────────────────────────────────────────────────────────────────────────────────────────

    Error Context: test-results/remaining-coverage-deep-Dy-db84e-min-ops-errors-id-—-non-5xx-mobile-chrome-retry1/error-context.md

    attachment #4: trace (application/zip) ─────────────────────────────────────────────────────────
    test-results/remaining-coverage-deep-Dy-db84e-min-ops-errors-id-—-non-5xx-mobile-chrome-retry1/trace.zip
    Usage:

        npx playwright show-trace test-results/remaining-coverage-deep-Dy-db84e-min-ops-errors-id-—-non-5xx-mobile-chrome-retry1/trace.zip

    ────────────────────────────────────────────────────────────────────────────────────────────────

  1808) [mobile-chrome] › e2e/remaining-coverage-deep.spec.mts:80:5 › Dynamic admin APIs — authenticated › auth POST /api/admin/pipeline/deals/[id]/move — non-5xx 

    Error: apiRequestContext.post: connect ECONNREFUSED ::1:4000
    Call log:
      - → POST http://localhost:4000/api/admin/pipeline/deals/dummy-id/move
        - user-agent: Mozilla/5.0 (Linux; Android 14; Pixel 7) AppleWebKit/537.36 (KHTML, like Gecko) Chrome/151.0.7922.34 Mobile Safari/537.36
        - accept: */*
        - accept-encoding: gzip,deflate,br
        - content-type: application/json
        - content-length: 2
        - cookie: e2e_admin=1

        at apiRequestContext.post: connect ECONNREFUSED ::1:4000
        at /home/tbaltzakis/cloudless.gr/e2e/remaining-coverage-deep.spec.mts:83:27

    attachment #1: screenshot (image/png) ──────────────────────────────────────────────────────────
    test-results/remaining-coverage-deep-Dy-9e8cc-ine-deals-id-move-—-non-5xx-mobile-chrome/test-failed-1.png
    ────────────────────────────────────────────────────────────────────────────────────────────────

    attachment #2: video (video/webm) ──────────────────────────────────────────────────────────────
    test-results/remaining-coverage-deep-Dy-9e8cc-ine-deals-id-move-—-non-5xx-mobile-chrome/video.webm
    ────────────────────────────────────────────────────────────────────────────────────────────────

    Error Context: test-results/remaining-coverage-deep-Dy-9e8cc-ine-deals-id-move-—-non-5xx-mobile-chrome/error-context.md

    Retry #1 ───────────────────────────────────────────────────────────────────────────────────────

    Error: apiRequestContext.post: connect ECONNREFUSED ::1:4000
    Call log:
      - → POST http://localhost:4000/api/admin/pipeline/deals/dummy-id/move
        - user-agent: Mozilla/5.0 (Linux; Android 14; Pixel 7) AppleWebKit/537.36 (KHTML, like Gecko) Chrome/151.0.7922.34 Mobile Safari/537.36
        - accept: */*
        - accept-encoding: gzip,deflate,br
        - content-type: application/json
        - content-length: 2
        - cookie: e2e_admin=1

        at apiRequestContext.post: connect ECONNREFUSED ::1:4000
        at /home/tbaltzakis/cloudless.gr/e2e/remaining-coverage-deep.spec.mts:83:27

    attachment #1: screenshot (image/png) ──────────────────────────────────────────────────────────
    test-results/remaining-coverage-deep-Dy-9e8cc-ine-deals-id-move-—-non-5xx-mobile-chrome-retry1/test-failed-1.png
    ────────────────────────────────────────────────────────────────────────────────────────────────

    attachment #2: video (video/webm) ──────────────────────────────────────────────────────────────
    test-results/remaining-coverage-deep-Dy-9e8cc-ine-deals-id-move-—-non-5xx-mobile-chrome-retry1/video.webm
    ────────────────────────────────────────────────────────────────────────────────────────────────

    Error Context: test-results/remaining-coverage-deep-Dy-9e8cc-ine-deals-id-move-—-non-5xx-mobile-chrome-retry1/error-context.md

    attachment #4: trace (application/zip) ─────────────────────────────────────────────────────────
    test-results/remaining-coverage-deep-Dy-9e8cc-ine-deals-id-move-—-non-5xx-mobile-chrome-retry1/trace.zip
    Usage:

        npx playwright show-trace test-results/remaining-coverage-deep-Dy-9e8cc-ine-deals-id-move-—-non-5xx-mobile-chrome-retry1/trace.zip

    ────────────────────────────────────────────────────────────────────────────────────────────────

  1809) [mobile-chrome] › e2e/remaining-coverage-deep.spec.mts:80:5 › Dynamic admin APIs — authenticated › auth GET /api/admin/pipeline/deals/[id]/notes — non-5xx 

    Error: apiRequestContext.get: connect ECONNREFUSED ::1:4000
    Call log:
      - → GET http://localhost:4000/api/admin/pipeline/deals/dummy-id/notes
        - user-agent: Mozilla/5.0 (Linux; Android 14; Pixel 7) AppleWebKit/537.36 (KHTML, like Gecko) Chrome/151.0.7922.34 Mobile Safari/537.36
        - accept: */*
        - accept-encoding: gzip,deflate,br
        - cookie: e2e_admin=1

        at apiRequestContext.get: connect ECONNREFUSED ::1:4000
        at /home/tbaltzakis/cloudless.gr/e2e/remaining-coverage-deep.spec.mts:84:27

    attachment #1: screenshot (image/png) ──────────────────────────────────────────────────────────
    test-results/remaining-coverage-deep-Dy-f37b2-ne-deals-id-notes-—-non-5xx-mobile-chrome/test-failed-1.png
    ────────────────────────────────────────────────────────────────────────────────────────────────

    attachment #2: video (video/webm) ──────────────────────────────────────────────────────────────
    test-results/remaining-coverage-deep-Dy-f37b2-ne-deals-id-notes-—-non-5xx-mobile-chrome/video.webm
    ────────────────────────────────────────────────────────────────────────────────────────────────

    Error Context: test-results/remaining-coverage-deep-Dy-f37b2-ne-deals-id-notes-—-non-5xx-mobile-chrome/error-context.md

    Retry #1 ───────────────────────────────────────────────────────────────────────────────────────

    Error: apiRequestContext.get: connect ECONNREFUSED ::1:4000
    Call log:
      - → GET http://localhost:4000/api/admin/pipeline/deals/dummy-id/notes
        - user-agent: Mozilla/5.0 (Linux; Android 14; Pixel 7) AppleWebKit/537.36 (KHTML, like Gecko) Chrome/151.0.7922.34 Mobile Safari/537.36
        - accept: */*
        - accept-encoding: gzip,deflate,br
        - cookie: e2e_admin=1

        at apiRequestContext.get: connect ECONNREFUSED ::1:4000
        at /home/tbaltzakis/cloudless.gr/e2e/remaining-coverage-deep.spec.mts:84:27

    attachment #1: screenshot (image/png) ──────────────────────────────────────────────────────────
    test-results/remaining-coverage-deep-Dy-f37b2-ne-deals-id-notes-—-non-5xx-mobile-chrome-retry1/test-failed-1.png
    ────────────────────────────────────────────────────────────────────────────────────────────────

    attachment #2: video (video/webm) ──────────────────────────────────────────────────────────────
    test-results/remaining-coverage-deep-Dy-f37b2-ne-deals-id-notes-—-non-5xx-mobile-chrome-retry1/video.webm
    ────────────────────────────────────────────────────────────────────────────────────────────────

    Error Context: test-results/remaining-coverage-deep-Dy-f37b2-ne-deals-id-notes-—-non-5xx-mobile-chrome-retry1/error-context.md

    attachment #4: trace (application/zip) ─────────────────────────────────────────────────────────
    test-results/remaining-coverage-deep-Dy-f37b2-ne-deals-id-notes-—-non-5xx-mobile-chrome-retry1/trace.zip
    Usage:

        npx playwright show-trace test-results/remaining-coverage-deep-Dy-f37b2-ne-deals-id-notes-—-non-5xx-mobile-chrome-retry1/trace.zip

    ────────────────────────────────────────────────────────────────────────────────────────────────

  1810) [mobile-chrome] › e2e/remaining-coverage-deep.spec.mts:80:5 › Dynamic admin APIs — authenticated › auth GET /api/admin/reports/[id] — non-5xx 

    Error: apiRequestContext.get: connect ECONNREFUSED ::1:4000
    Call log:
      - → GET http://localhost:4000/api/admin/reports/dummy-id
        - user-agent: Mozilla/5.0 (Linux; Android 14; Pixel 7) AppleWebKit/537.36 (KHTML, like Gecko) Chrome/151.0.7922.34 Mobile Safari/537.36
        - accept: */*
        - accept-encoding: gzip,deflate,br
        - cookie: e2e_admin=1

        at apiRequestContext.get: connect ECONNREFUSED ::1:4000
        at /home/tbaltzakis/cloudless.gr/e2e/remaining-coverage-deep.spec.mts:84:27

    attachment #1: screenshot (image/png) ──────────────────────────────────────────────────────────
    test-results/remaining-coverage-deep-Dy-778d8--admin-reports-id-—-non-5xx-mobile-chrome/test-failed-1.png
    ────────────────────────────────────────────────────────────────────────────────────────────────

    attachment #2: video (video/webm) ──────────────────────────────────────────────────────────────
    test-results/remaining-coverage-deep-Dy-778d8--admin-reports-id-—-non-5xx-mobile-chrome/video.webm
    ────────────────────────────────────────────────────────────────────────────────────────────────

    Error Context: test-results/remaining-coverage-deep-Dy-778d8--admin-reports-id-—-non-5xx-mobile-chrome/error-context.md

    Retry #1 ───────────────────────────────────────────────────────────────────────────────────────

    Error: apiRequestContext.get: connect ECONNREFUSED ::1:4000
    Call log:
      - → GET http://localhost:4000/api/admin/reports/dummy-id
        - user-agent: Mozilla/5.0 (Linux; Android 14; Pixel 7) AppleWebKit/537.36 (KHTML, like Gecko) Chrome/151.0.7922.34 Mobile Safari/537.36
        - accept: */*
        - accept-encoding: gzip,deflate,br
        - cookie: e2e_admin=1

        at apiRequestContext.get: connect ECONNREFUSED ::1:4000
        at /home/tbaltzakis/cloudless.gr/e2e/remaining-coverage-deep.spec.mts:84:27

    attachment #1: screenshot (image/png) ──────────────────────────────────────────────────────────
    test-results/remaining-coverage-deep-Dy-778d8--admin-reports-id-—-non-5xx-mobile-chrome-retry1/test-failed-1.png
    ────────────────────────────────────────────────────────────────────────────────────────────────

    attachment #2: video (video/webm) ──────────────────────────────────────────────────────────────
    test-results/remaining-coverage-deep-Dy-778d8--admin-reports-id-—-non-5xx-mobile-chrome-retry1/video.webm
    ────────────────────────────────────────────────────────────────────────────────────────────────

    Error Context: test-results/remaining-coverage-deep-Dy-778d8--admin-reports-id-—-non-5xx-mobile-chrome-retry1/error-context.md

    attachment #4: trace (application/zip) ─────────────────────────────────────────────────────────
    test-results/remaining-coverage-deep-Dy-778d8--admin-reports-id-—-non-5xx-mobile-chrome-retry1/trace.zip
    Usage:

        npx playwright show-trace test-results/remaining-coverage-deep-Dy-778d8--admin-reports-id-—-non-5xx-mobile-chrome-retry1/trace.zip

    ────────────────────────────────────────────────────────────────────────────────────────────────

  1811) [mobile-chrome] › e2e/remaining-coverage-deep.spec.mts:80:5 › Dynamic admin APIs — authenticated › auth GET /api/admin/reports/[id]/pdf — non-5xx 

    Error: apiRequestContext.get: connect ECONNREFUSED ::1:4000
    Call log:
      - → GET http://localhost:4000/api/admin/reports/dummy-id/pdf
        - user-agent: Mozilla/5.0 (Linux; Android 14; Pixel 7) AppleWebKit/537.36 (KHTML, like Gecko) Chrome/151.0.7922.34 Mobile Safari/537.36
        - accept: */*
        - accept-encoding: gzip,deflate,br
        - cookie: e2e_admin=1

        at apiRequestContext.get: connect ECONNREFUSED ::1:4000
        at /home/tbaltzakis/cloudless.gr/e2e/remaining-coverage-deep.spec.mts:84:27

    attachment #1: screenshot (image/png) ──────────────────────────────────────────────────────────
    test-results/remaining-coverage-deep-Dy-a518a-in-reports-id-pdf-—-non-5xx-mobile-chrome/test-failed-1.png
    ────────────────────────────────────────────────────────────────────────────────────────────────

    attachment #2: video (video/webm) ──────────────────────────────────────────────────────────────
    test-results/remaining-coverage-deep-Dy-a518a-in-reports-id-pdf-—-non-5xx-mobile-chrome/video.webm
    ────────────────────────────────────────────────────────────────────────────────────────────────

    Error Context: test-results/remaining-coverage-deep-Dy-a518a-in-reports-id-pdf-—-non-5xx-mobile-chrome/error-context.md

    Retry #1 ───────────────────────────────────────────────────────────────────────────────────────

    Error: apiRequestContext.get: connect ECONNREFUSED ::1:4000
    Call log:
      - → GET http://localhost:4000/api/admin/reports/dummy-id/pdf
        - user-agent: Mozilla/5.0 (Linux; Android 14; Pixel 7) AppleWebKit/537.36 (KHTML, like Gecko) Chrome/151.0.7922.34 Mobile Safari/537.36
        - accept: */*
        - accept-encoding: gzip,deflate,br
        - cookie: e2e_admin=1

        at apiRequestContext.get: connect ECONNREFUSED ::1:4000
        at /home/tbaltzakis/cloudless.gr/e2e/remaining-coverage-deep.spec.mts:84:27

    attachment #1: screenshot (image/png) ──────────────────────────────────────────────────────────
    test-results/remaining-coverage-deep-Dy-a518a-in-reports-id-pdf-—-non-5xx-mobile-chrome-retry1/test-failed-1.png
    ────────────────────────────────────────────────────────────────────────────────────────────────

    attachment #2: video (video/webm) ──────────────────────────────────────────────────────────────
    test-results/remaining-coverage-deep-Dy-a518a-in-reports-id-pdf-—-non-5xx-mobile-chrome-retry1/video.webm
    ────────────────────────────────────────────────────────────────────────────────────────────────

    Error Context: test-results/remaining-coverage-deep-Dy-a518a-in-reports-id-pdf-—-non-5xx-mobile-chrome-retry1/error-context.md

    attachment #4: trace (application/zip) ─────────────────────────────────────────────────────────
    test-results/remaining-coverage-deep-Dy-a518a-in-reports-id-pdf-—-non-5xx-mobile-chrome-retry1/trace.zip
    Usage:

        npx playwright show-trace test-results/remaining-coverage-deep-Dy-a518a-in-reports-id-pdf-—-non-5xx-mobile-chrome-retry1/trace.zip

    ────────────────────────────────────────────────────────────────────────────────────────────────

  1812) [mobile-chrome] › e2e/remaining-coverage-deep.spec.mts:80:5 › Dynamic admin APIs — authenticated › auth POST /api/admin/reports/generate — non-5xx 

    Error: apiRequestContext.post: connect ECONNREFUSED ::1:4000
    Call log:
      - → POST http://localhost:4000/api/admin/reports/generate
        - user-agent: Mozilla/5.0 (Linux; Android 14; Pixel 7) AppleWebKit/537.36 (KHTML, like Gecko) Chrome/151.0.7922.34 Mobile Safari/537.36
        - accept: */*
        - accept-encoding: gzip,deflate,br
        - content-type: application/json
        - content-length: 2
        - cookie: e2e_admin=1

        at apiRequestContext.post: connect ECONNREFUSED ::1:4000
        at /home/tbaltzakis/cloudless.gr/e2e/remaining-coverage-deep.spec.mts:83:27

    attachment #1: screenshot (image/png) ──────────────────────────────────────────────────────────
    test-results/remaining-coverage-deep-Dy-e0174--reports-generate-—-non-5xx-mobile-chrome/test-failed-1.png
    ────────────────────────────────────────────────────────────────────────────────────────────────

    attachment #2: video (video/webm) ──────────────────────────────────────────────────────────────
    test-results/remaining-coverage-deep-Dy-e0174--reports-generate-—-non-5xx-mobile-chrome/video.webm
    ────────────────────────────────────────────────────────────────────────────────────────────────

    Error Context: test-results/remaining-coverage-deep-Dy-e0174--reports-generate-—-non-5xx-mobile-chrome/error-context.md

    Retry #1 ───────────────────────────────────────────────────────────────────────────────────────

    Error: apiRequestContext.post: connect ECONNREFUSED ::1:4000
    Call log:
      - → POST http://localhost:4000/api/admin/reports/generate
        - user-agent: Mozilla/5.0 (Linux; Android 14; Pixel 7) AppleWebKit/537.36 (KHTML, like Gecko) Chrome/151.0.7922.34 Mobile Safari/537.36
        - accept: */*
        - accept-encoding: gzip,deflate,br
        - content-type: application/json
        - content-length: 2
        - cookie: e2e_admin=1

        at apiRequestContext.post: connect ECONNREFUSED ::1:4000
        at /home/tbaltzakis/cloudless.gr/e2e/remaining-coverage-deep.spec.mts:83:27

    attachment #1: screenshot (image/png) ──────────────────────────────────────────────────────────
    test-results/remaining-coverage-deep-Dy-e0174--reports-generate-—-non-5xx-mobile-chrome-retry1/test-failed-1.png
    ────────────────────────────────────────────────────────────────────────────────────────────────

    attachment #2: video (video/webm) ──────────────────────────────────────────────────────────────
    test-results/remaining-coverage-deep-Dy-e0174--reports-generate-—-non-5xx-mobile-chrome-retry1/video.webm
    ────────────────────────────────────────────────────────────────────────────────────────────────

    Error Context: test-results/remaining-coverage-deep-Dy-e0174--reports-generate-—-non-5xx-mobile-chrome-retry1/error-context.md

    attachment #4: trace (application/zip) ─────────────────────────────────────────────────────────
    test-results/remaining-coverage-deep-Dy-e0174--reports-generate-—-non-5xx-mobile-chrome-retry1/trace.zip
    Usage:

        npx playwright show-trace test-results/remaining-coverage-deep-Dy-e0174--reports-generate-—-non-5xx-mobile-chrome-retry1/trace.zip

    ────────────────────────────────────────────────────────────────────────────────────────────────

  1813) [mobile-chrome] › e2e/remaining-coverage-deep.spec.mts:90:1 › /en/admin/reports/[id] — dynamic page renders with auth 

    Error: page.goto: net::ERR_CONNECTION_REFUSED at http://localhost:4000/en/admin/reports/dummy-id
    Call log:
      - navigating to "http://localhost:4000/en/admin/reports/dummy-id", waiting until "load"


      93 |   }
      94 |   await page.context().addCookies(JSON.parse(fs.readFileSync(STORAGE, "utf8")).cookies);
    > 95 |   const resp = await page.goto("/en/admin/reports/dummy-id");
         |                           ^
      96 |   expect(resp?.status()).toBeLessThan(500);
      97 | });
      98 |
        at /home/tbaltzakis/cloudless.gr/e2e/remaining-coverage-deep.spec.mts:95:27

    attachment #1: screenshot (image/png) ──────────────────────────────────────────────────────────
    test-results/remaining-coverage-deep--e-5b025-amic-page-renders-with-auth-mobile-chrome/test-failed-1.png
    ────────────────────────────────────────────────────────────────────────────────────────────────

    attachment #2: video (video/webm) ──────────────────────────────────────────────────────────────
    test-results/remaining-coverage-deep--e-5b025-amic-page-renders-with-auth-mobile-chrome/video.webm
    ────────────────────────────────────────────────────────────────────────────────────────────────

    Error Context: test-results/remaining-coverage-deep--e-5b025-amic-page-renders-with-auth-mobile-chrome/error-context.md

    Retry #1 ───────────────────────────────────────────────────────────────────────────────────────

    Error: page.goto: net::ERR_CONNECTION_REFUSED at http://localhost:4000/en/admin/reports/dummy-id
    Call log:
      - navigating to "http://localhost:4000/en/admin/reports/dummy-id", waiting until "load"


      93 |   }
      94 |   await page.context().addCookies(JSON.parse(fs.readFileSync(STORAGE, "utf8")).cookies);
    > 95 |   const resp = await page.goto("/en/admin/reports/dummy-id");
         |                           ^
      96 |   expect(resp?.status()).toBeLessThan(500);
      97 | });
      98 |
        at /home/tbaltzakis/cloudless.gr/e2e/remaining-coverage-deep.spec.mts:95:27

    attachment #1: screenshot (image/png) ──────────────────────────────────────────────────────────
    test-results/remaining-coverage-deep--e-5b025-amic-page-renders-with-auth-mobile-chrome-retry1/test-failed-1.png
    ────────────────────────────────────────────────────────────────────────────────────────────────

    attachment #2: video (video/webm) ──────────────────────────────────────────────────────────────
    test-results/remaining-coverage-deep--e-5b025-amic-page-renders-with-auth-mobile-chrome-retry1/video.webm
    ────────────────────────────────────────────────────────────────────────────────────────────────

    Error Context: test-results/remaining-coverage-deep--e-5b025-amic-page-renders-with-auth-mobile-chrome-retry1/error-context.md

    attachment #4: trace (application/zip) ─────────────────────────────────────────────────────────
    test-results/remaining-coverage-deep--e-5b025-amic-page-renders-with-auth-mobile-chrome-retry1/trace.zip
    Usage:

        npx playwright show-trace test-results/remaining-coverage-deep--e-5b025-amic-page-renders-with-auth-mobile-chrome-retry1/trace.zip

    ────────────────────────────────────────────────────────────────────────────────────────────────

  1814) [mobile-chrome] › e2e/remaining-coverage-deep.spec.mts:99:1 › /en/admin/reports/[id] — without auth redirects 

    Error: page.goto: net::ERR_CONNECTION_REFUSED at http://localhost:4000/en/admin/reports/dummy-id
    Call log:
      - navigating to "http://localhost:4000/en/admin/reports/dummy-id", waiting until "load"


       98 |
       99 | test("/en/admin/reports/[id] — without auth redirects", async ({ page }) => {
    > 100 |   const resp = await page.goto("/en/admin/reports/dummy-id");
          |                           ^
      101 |   await page.waitForLoadState("networkidle").catch(() => {});
      102 |   expect(resp?.status()).toBeLessThan(500);
      103 | });
        at /home/tbaltzakis/cloudless.gr/e2e/remaining-coverage-deep.spec.mts:100:27

    attachment #1: screenshot (image/png) ──────────────────────────────────────────────────────────
    test-results/remaining-coverage-deep--e-c550b-id-—-without-auth-redirects-mobile-chrome/test-failed-1.png
    ────────────────────────────────────────────────────────────────────────────────────────────────

    attachment #2: video (video/webm) ──────────────────────────────────────────────────────────────
    test-results/remaining-coverage-deep--e-c550b-id-—-without-auth-redirects-mobile-chrome/video.webm
    ────────────────────────────────────────────────────────────────────────────────────────────────

    Error Context: test-results/remaining-coverage-deep--e-c550b-id-—-without-auth-redirects-mobile-chrome/error-context.md

    Retry #1 ───────────────────────────────────────────────────────────────────────────────────────

    Error: page.goto: net::ERR_CONNECTION_REFUSED at http://localhost:4000/en/admin/reports/dummy-id
    Call log:
      - navigating to "http://localhost:4000/en/admin/reports/dummy-id", waiting until "load"


       98 |
       99 | test("/en/admin/reports/[id] — without auth redirects", async ({ page }) => {
    > 100 |   const resp = await page.goto("/en/admin/reports/dummy-id");
          |                           ^
      101 |   await page.waitForLoadState("networkidle").catch(() => {});
      102 |   expect(resp?.status()).toBeLessThan(500);
      103 | });
        at /home/tbaltzakis/cloudless.gr/e2e/remaining-coverage-deep.spec.mts:100:27

    attachment #1: screenshot (image/png) ──────────────────────────────────────────────────────────
    test-results/remaining-coverage-deep--e-c550b-id-—-without-auth-redirects-mobile-chrome-retry1/test-failed-1.png
    ────────────────────────────────────────────────────────────────────────────────────────────────

    attachment #2: video (video/webm) ──────────────────────────────────────────────────────────────
    test-results/remaining-coverage-deep--e-c550b-id-—-without-auth-redirects-mobile-chrome-retry1/video.webm
    ────────────────────────────────────────────────────────────────────────────────────────────────

    Error Context: test-results/remaining-coverage-deep--e-c550b-id-—-without-auth-redirects-mobile-chrome-retry1/error-context.md

    attachment #4: trace (application/zip) ─────────────────────────────────────────────────────────
    test-results/remaining-coverage-deep--e-c550b-id-—-without-auth-redirects-mobile-chrome-retry1/trace.zip
    Usage:

        npx playwright show-trace test-results/remaining-coverage-deep--e-c550b-id-—-without-auth-redirects-mobile-chrome-retry1/trace.zip

    ────────────────────────────────────────────────────────────────────────────────────────────────

  1815) [mobile-chrome] › e2e/remaining-coverage-deep.spec.mts:105:1 › GET / — root redirect or render 

    Error: page.goto: net::ERR_CONNECTION_REFUSED at http://localhost:4000/
    Call log:
      - navigating to "http://localhost:4000/", waiting until "domcontentloaded"


      104 |
      105 | test("GET / — root redirect or render", async ({ page }) => {
    > 106 |   const resp = await page.goto("/", { waitUntil: "domcontentloaded" });
          |                           ^
      107 |   expect(resp?.status()).toBeLessThan(500);
      108 |   // After server resolves middleware locale redirect, we should be on a locale
      109 |   expect(page.url()).toMatch(/\/(en|el|fr|de)/);
        at /home/tbaltzakis/cloudless.gr/e2e/remaining-coverage-deep.spec.mts:106:27

    attachment #1: screenshot (image/png) ──────────────────────────────────────────────────────────
    test-results/remaining-coverage-deep-GET-—-root-redirect-or-render-mobile-chrome/test-failed-1.png
    ────────────────────────────────────────────────────────────────────────────────────────────────

    attachment #2: video (video/webm) ──────────────────────────────────────────────────────────────
    test-results/remaining-coverage-deep-GET-—-root-redirect-or-render-mobile-chrome/video.webm
    ────────────────────────────────────────────────────────────────────────────────────────────────

    Error Context: test-results/remaining-coverage-deep-GET-—-root-redirect-or-render-mobile-chrome/error-context.md

    Retry #1 ───────────────────────────────────────────────────────────────────────────────────────

    Error: page.goto: net::ERR_CONNECTION_REFUSED at http://localhost:4000/
    Call log:
      - navigating to "http://localhost:4000/", waiting until "domcontentloaded"


      104 |
      105 | test("GET / — root redirect or render", async ({ page }) => {
    > 106 |   const resp = await page.goto("/", { waitUntil: "domcontentloaded" });
          |                           ^
      107 |   expect(resp?.status()).toBeLessThan(500);
      108 |   // After server resolves middleware locale redirect, we should be on a locale
      109 |   expect(page.url()).toMatch(/\/(en|el|fr|de)/);
        at /home/tbaltzakis/cloudless.gr/e2e/remaining-coverage-deep.spec.mts:106:27

    attachment #1: screenshot (image/png) ──────────────────────────────────────────────────────────
    test-results/remaining-coverage-deep-GET-—-root-redirect-or-render-mobile-chrome-retry1/test-failed-1.png
    ────────────────────────────────────────────────────────────────────────────────────────────────

    attachment #2: video (video/webm) ──────────────────────────────────────────────────────────────
    test-results/remaining-coverage-deep-GET-—-root-redirect-or-render-mobile-chrome-retry1/video.webm
    ────────────────────────────────────────────────────────────────────────────────────────────────

    Error Context: test-results/remaining-coverage-deep-GET-—-root-redirect-or-render-mobile-chrome-retry1/error-context.md

    attachment #4: trace (application/zip) ─────────────────────────────────────────────────────────
    test-results/remaining-coverage-deep-GET-—-root-redirect-or-render-mobile-chrome-retry1/trace.zip
    Usage:

        npx playwright show-trace test-results/remaining-coverage-deep-GET-—-root-redirect-or-render-mobile-chrome-retry1/trace.zip

    ────────────────────────────────────────────────────────────────────────────────────────────────

  1816) [mobile-chrome] › e2e/remaining-coverage-deep.spec.mts:112:1 › GET /icons/[name] — generated icon served 

    Error: apiRequestContext.get: connect ECONNREFUSED ::1:4000
    Call log:
      - → GET http://localhost:4000/icons/512x512.png
        - user-agent: Mozilla/5.0 (Linux; Android 14; Pixel 7) AppleWebKit/537.36 (KHTML, like Gecko) Chrome/151.0.7922.34 Mobile Safari/537.36
        - accept: */*
        - accept-encoding: gzip,deflate,br

        at apiRequestContext.get: connect ECONNREFUSED ::1:4000
        at /home/tbaltzakis/cloudless.gr/e2e/remaining-coverage-deep.spec.mts:117:29

    attachment #1: screenshot (image/png) ──────────────────────────────────────────────────────────
    test-results/remaining-coverage-deep-GE-35e61-ame-—-generated-icon-served-mobile-chrome/test-failed-1.png
    ────────────────────────────────────────────────────────────────────────────────────────────────

    attachment #2: video (video/webm) ──────────────────────────────────────────────────────────────
    test-results/remaining-coverage-deep-GE-35e61-ame-—-generated-icon-served-mobile-chrome/video.webm
    ────────────────────────────────────────────────────────────────────────────────────────────────

    Error Context: test-results/remaining-coverage-deep-GE-35e61-ame-—-generated-icon-served-mobile-chrome/error-context.md

    Retry #1 ───────────────────────────────────────────────────────────────────────────────────────

    Error: apiRequestContext.get: connect ECONNREFUSED ::1:4000
    Call log:
      - → GET http://localhost:4000/icons/512x512.png
        - user-agent: Mozilla/5.0 (Linux; Android 14; Pixel 7) AppleWebKit/537.36 (KHTML, like Gecko) Chrome/151.0.7922.34 Mobile Safari/537.36
        - accept: */*
        - accept-encoding: gzip,deflate,br

        at apiRequestContext.get: connect ECONNREFUSED ::1:4000
        at /home/tbaltzakis/cloudless.gr/e2e/remaining-coverage-deep.spec.mts:117:29

    attachment #1: screenshot (image/png) ──────────────────────────────────────────────────────────
    test-results/remaining-coverage-deep-GE-35e61-ame-—-generated-icon-served-mobile-chrome-retry1/test-failed-1.png
    ────────────────────────────────────────────────────────────────────────────────────────────────

    attachment #2: video (video/webm) ──────────────────────────────────────────────────────────────
    test-results/remaining-coverage-deep-GE-35e61-ame-—-generated-icon-served-mobile-chrome-retry1/video.webm
    ────────────────────────────────────────────────────────────────────────────────────────────────

    Error Context: test-results/remaining-coverage-deep-GE-35e61-ame-—-generated-icon-served-mobile-chrome-retry1/error-context.md

    attachment #4: trace (application/zip) ─────────────────────────────────────────────────────────
    test-results/remaining-coverage-deep-GE-35e61-ame-—-generated-icon-served-mobile-chrome-retry1/trace.zip
    Usage:

        npx playwright show-trace test-results/remaining-coverage-deep-GE-35e61-ame-—-generated-icon-served-mobile-chrome-retry1/trace.zip

    ────────────────────────────────────────────────────────────────────────────────────────────────

  1817) [mobile-chrome] › e2e/remaining-coverage-deep.spec.mts:128:1 › HEAD / — server responds at root path 

    Error: apiRequestContext.fetch: connect ECONNREFUSED ::1:4000
    Call log:
      - → HEAD http://localhost:4000/
        - user-agent: Mozilla/5.0 (Linux; Android 14; Pixel 7) AppleWebKit/537.36 (KHTML, like Gecko) Chrome/151.0.7922.34 Mobile Safari/537.36
        - accept: */*
        - accept-encoding: gzip,deflate,br

        at apiRequestContext.fetch: connect ECONNREFUSED ::1:4000
        at /home/tbaltzakis/cloudless.gr/e2e/remaining-coverage-deep.spec.mts:131:27

    attachment #1: screenshot (image/png) ──────────────────────────────────────────────────────────
    test-results/remaining-coverage-deep-HEAD-—-server-responds-at-root-path-mobile-chrome/test-failed-1.png
    ────────────────────────────────────────────────────────────────────────────────────────────────

    attachment #2: video (video/webm) ──────────────────────────────────────────────────────────────
    test-results/remaining-coverage-deep-HEAD-—-server-responds-at-root-path-mobile-chrome/video.webm
    ────────────────────────────────────────────────────────────────────────────────────────────────

    Error Context: test-results/remaining-coverage-deep-HEAD-—-server-responds-at-root-path-mobile-chrome/error-context.md

    Retry #1 ───────────────────────────────────────────────────────────────────────────────────────

    Error: apiRequestContext.fetch: connect ECONNREFUSED ::1:4000
    Call log:
      - → HEAD http://localhost:4000/
        - user-agent: Mozilla/5.0 (Linux; Android 14; Pixel 7) AppleWebKit/537.36 (KHTML, like Gecko) Chrome/151.0.7922.34 Mobile Safari/537.36
        - accept: */*
        - accept-encoding: gzip,deflate,br

        at apiRequestContext.fetch: connect ECONNREFUSED ::1:4000
        at /home/tbaltzakis/cloudless.gr/e2e/remaining-coverage-deep.spec.mts:131:27

    attachment #1: screenshot (image/png) ──────────────────────────────────────────────────────────
    test-results/remaining-coverage-deep-HEAD-—-server-responds-at-root-path-mobile-chrome-retry1/test-failed-1.png
    ────────────────────────────────────────────────────────────────────────────────────────────────

    attachment #2: video (video/webm) ──────────────────────────────────────────────────────────────
    test-results/remaining-coverage-deep-HEAD-—-server-responds-at-root-path-mobile-chrome-retry1/video.webm
    ────────────────────────────────────────────────────────────────────────────────────────────────

    Error Context: test-results/remaining-coverage-deep-HEAD-—-server-responds-at-root-path-mobile-chrome-retry1/error-context.md

    attachment #4: trace (application/zip) ─────────────────────────────────────────────────────────
    test-results/remaining-coverage-deep-HEAD-—-server-responds-at-root-path-mobile-chrome-retry1/trace.zip
    Usage:

        npx playwright show-trace test-results/remaining-coverage-deep-HEAD-—-server-responds-at-root-path-mobile-chrome-retry1/trace.zip

    ────────────────────────────────────────────────────────────────────────────────────────────────

  1818) [mobile-chrome] › e2e/route-audit.spec.ts:52:7 › audit /en ─────────────────────────────────

    Error: page.goto: net::ERR_CONNECTION_REFUSED at http://localhost:4000/en
    Call log:
      - navigating to "http://localhost:4000/en", waiting until "domcontentloaded"


      78 |     });
      79 |
    > 80 |     const response = await page.goto(route, {
         |                                 ^
      81 |       waitUntil: "domcontentloaded",
      82 |       timeout: 60_000,
      83 |     });
        at /home/tbaltzakis/cloudless.gr/e2e/route-audit.spec.ts:80:33

    attachment #1: screenshot (image/png) ──────────────────────────────────────────────────────────
    test-results/route-audit-audit-en-mobile-chrome/test-failed-1.png
    ────────────────────────────────────────────────────────────────────────────────────────────────

    attachment #2: video (video/webm) ──────────────────────────────────────────────────────────────
    test-results/route-audit-audit-en-mobile-chrome/video.webm
    ────────────────────────────────────────────────────────────────────────────────────────────────

    Error Context: test-results/route-audit-audit-en-mobile-chrome/error-context.md

    Error Context: test-results/route-audit-audit-en-mobile-chrome/error-context.md

    Retry #1 ───────────────────────────────────────────────────────────────────────────────────────

    Error: page.goto: net::ERR_CONNECTION_REFUSED at http://localhost:4000/en
    Call log:
      - navigating to "http://localhost:4000/en", waiting until "domcontentloaded"


      78 |     });
      79 |
    > 80 |     const response = await page.goto(route, {
         |                                 ^
      81 |       waitUntil: "domcontentloaded",
      82 |       timeout: 60_000,
      83 |     });
        at /home/tbaltzakis/cloudless.gr/e2e/route-audit.spec.ts:80:33

    attachment #1: screenshot (image/png) ──────────────────────────────────────────────────────────
    test-results/route-audit-audit-en-mobile-chrome-retry1/test-failed-1.png
    ────────────────────────────────────────────────────────────────────────────────────────────────

    attachment #2: video (video/webm) ──────────────────────────────────────────────────────────────
    test-results/route-audit-audit-en-mobile-chrome-retry1/video.webm
    ────────────────────────────────────────────────────────────────────────────────────────────────

    Error Context: test-results/route-audit-audit-en-mobile-chrome-retry1/error-context.md

    Error Context: test-results/route-audit-audit-en-mobile-chrome-retry1/error-context.md

    attachment #5: trace (application/zip) ─────────────────────────────────────────────────────────
    test-results/route-audit-audit-en-mobile-chrome-retry1/trace.zip
    Usage:

        npx playwright show-trace test-results/route-audit-audit-en-mobile-chrome-retry1/trace.zip

    ────────────────────────────────────────────────────────────────────────────────────────────────

  1819) [mobile-chrome] › e2e/security-headers.spec.ts:18:7 › security headers — cloud › HSTS preload-eligible 

    Error: apiRequestContext.get: connect ECONNREFUSED ::1:4000
    Call log:
      - → GET http://localhost:4000/api/health
        - user-agent: Mozilla/5.0 (Linux; Android 14; Pixel 7) AppleWebKit/537.36 (KHTML, like Gecko) Chrome/151.0.7922.34 Mobile Safari/537.36
        - accept: */*
        - accept-encoding: gzip,deflate,br

        at apiRequestContext.get: connect ECONNREFUSED ::1:4000
        at /home/tbaltzakis/cloudless.gr/e2e/security-headers.spec.ts:19:29

    Error Context: test-results/security-headers-security--ee325-cloud-HSTS-preload-eligible-mobile-chrome/error-context.md

    Retry #1 ───────────────────────────────────────────────────────────────────────────────────────

    Error: apiRequestContext.get: connect ECONNREFUSED ::1:4000
    Call log:
      - → GET http://localhost:4000/api/health
        - user-agent: Mozilla/5.0 (Linux; Android 14; Pixel 7) AppleWebKit/537.36 (KHTML, like Gecko) Chrome/151.0.7922.34 Mobile Safari/537.36
        - accept: */*
        - accept-encoding: gzip,deflate,br

        at apiRequestContext.get: connect ECONNREFUSED ::1:4000
        at /home/tbaltzakis/cloudless.gr/e2e/security-headers.spec.ts:19:29

    Error Context: test-results/security-headers-security--ee325-cloud-HSTS-preload-eligible-mobile-chrome-retry1/error-context.md

    attachment #2: trace (application/zip) ─────────────────────────────────────────────────────────
    test-results/security-headers-security--ee325-cloud-HSTS-preload-eligible-mobile-chrome-retry1/trace.zip
    Usage:

        npx playwright show-trace test-results/security-headers-security--ee325-cloud-HSTS-preload-eligible-mobile-chrome-retry1/trace.zip

    ────────────────────────────────────────────────────────────────────────────────────────────────

  1820) [mobile-chrome] › e2e/security-headers.spec.ts:26:7 › security headers — cloud › X-Content-Type-Options nosniff 

    Error: apiRequestContext.get: connect ECONNREFUSED ::1:4000
    Call log:
      - → GET http://localhost:4000/api/health
        - user-agent: Mozilla/5.0 (Linux; Android 14; Pixel 7) AppleWebKit/537.36 (KHTML, like Gecko) Chrome/151.0.7922.34 Mobile Safari/537.36
        - accept: */*
        - accept-encoding: gzip,deflate,br

        at apiRequestContext.get: connect ECONNREFUSED ::1:4000
        at /home/tbaltzakis/cloudless.gr/e2e/security-headers.spec.ts:27:29

    Error Context: test-results/security-headers-security--1b7ec-ontent-Type-Options-nosniff-mobile-chrome/error-context.md

    Retry #1 ───────────────────────────────────────────────────────────────────────────────────────

    Error: apiRequestContext.get: connect ECONNREFUSED ::1:4000
    Call log:
      - → GET http://localhost:4000/api/health
        - user-agent: Mozilla/5.0 (Linux; Android 14; Pixel 7) AppleWebKit/537.36 (KHTML, like Gecko) Chrome/151.0.7922.34 Mobile Safari/537.36
        - accept: */*
        - accept-encoding: gzip,deflate,br

        at apiRequestContext.get: connect ECONNREFUSED ::1:4000
        at /home/tbaltzakis/cloudless.gr/e2e/security-headers.spec.ts:27:29

    Error Context: test-results/security-headers-security--1b7ec-ontent-Type-Options-nosniff-mobile-chrome-retry1/error-context.md

    attachment #2: trace (application/zip) ─────────────────────────────────────────────────────────
    test-results/security-headers-security--1b7ec-ontent-Type-Options-nosniff-mobile-chrome-retry1/trace.zip
    Usage:

        npx playwright show-trace test-results/security-headers-security--1b7ec-ontent-Type-Options-nosniff-mobile-chrome-retry1/trace.zip

    ────────────────────────────────────────────────────────────────────────────────────────────────

  1821) [mobile-chrome] › e2e/security-headers.spec.ts:31:7 › security headers — cloud › X-Frame-Options DENY 

    Error: apiRequestContext.get: connect ECONNREFUSED ::1:4000
    Call log:
      - → GET http://localhost:4000/api/health
        - user-agent: Mozilla/5.0 (Linux; Android 14; Pixel 7) AppleWebKit/537.36 (KHTML, like Gecko) Chrome/151.0.7922.34 Mobile Safari/537.36
        - accept: */*
        - accept-encoding: gzip,deflate,br

        at apiRequestContext.get: connect ECONNREFUSED ::1:4000
        at /home/tbaltzakis/cloudless.gr/e2e/security-headers.spec.ts:32:29

    Error Context: test-results/security-headers-security--2be3a--cloud-X-Frame-Options-DENY-mobile-chrome/error-context.md

    Retry #1 ───────────────────────────────────────────────────────────────────────────────────────

    Error: apiRequestContext.get: connect ECONNREFUSED ::1:4000
    Call log:
      - → GET http://localhost:4000/api/health
        - user-agent: Mozilla/5.0 (Linux; Android 14; Pixel 7) AppleWebKit/537.36 (KHTML, like Gecko) Chrome/151.0.7922.34 Mobile Safari/537.36
        - accept: */*
        - accept-encoding: gzip,deflate,br

        at apiRequestContext.get: connect ECONNREFUSED ::1:4000
        at /home/tbaltzakis/cloudless.gr/e2e/security-headers.spec.ts:32:29

    Error Context: test-results/security-headers-security--2be3a--cloud-X-Frame-Options-DENY-mobile-chrome-retry1/error-context.md

    attachment #2: trace (application/zip) ─────────────────────────────────────────────────────────
    test-results/security-headers-security--2be3a--cloud-X-Frame-Options-DENY-mobile-chrome-retry1/trace.zip
    Usage:

        npx playwright show-trace test-results/security-headers-security--2be3a--cloud-X-Frame-Options-DENY-mobile-chrome-retry1/trace.zip

    ────────────────────────────────────────────────────────────────────────────────────────────────

  1822) [mobile-chrome] › e2e/security-headers.spec.ts:36:7 › security headers — cloud › Referrer-Policy strict 

    Error: apiRequestContext.get: connect ECONNREFUSED ::1:4000
    Call log:
      - → GET http://localhost:4000/api/health
        - user-agent: Mozilla/5.0 (Linux; Android 14; Pixel 7) AppleWebKit/537.36 (KHTML, like Gecko) Chrome/151.0.7922.34 Mobile Safari/537.36
        - accept: */*
        - accept-encoding: gzip,deflate,br

        at apiRequestContext.get: connect ECONNREFUSED ::1:4000
        at /home/tbaltzakis/cloudless.gr/e2e/security-headers.spec.ts:37:29

    Error Context: test-results/security-headers-security--afc25-loud-Referrer-Policy-strict-mobile-chrome/error-context.md

    Retry #1 ───────────────────────────────────────────────────────────────────────────────────────

    Error: apiRequestContext.get: connect ECONNREFUSED ::1:4000
    Call log:
      - → GET http://localhost:4000/api/health
        - user-agent: Mozilla/5.0 (Linux; Android 14; Pixel 7) AppleWebKit/537.36 (KHTML, like Gecko) Chrome/151.0.7922.34 Mobile Safari/537.36
        - accept: */*
        - accept-encoding: gzip,deflate,br

        at apiRequestContext.get: connect ECONNREFUSED ::1:4000
        at /home/tbaltzakis/cloudless.gr/e2e/security-headers.spec.ts:37:29

    Error Context: test-results/security-headers-security--afc25-loud-Referrer-Policy-strict-mobile-chrome-retry1/error-context.md

    attachment #2: trace (application/zip) ─────────────────────────────────────────────────────────
    test-results/security-headers-security--afc25-loud-Referrer-Policy-strict-mobile-chrome-retry1/trace.zip
    Usage:

        npx playwright show-trace test-results/security-headers-security--afc25-loud-Referrer-Policy-strict-mobile-chrome-retry1/trace.zip

    ────────────────────────────────────────────────────────────────────────────────────────────────

  1823) [mobile-chrome] › e2e/security-headers.spec.ts:41:7 › security headers — cloud › X-Powered-By header is suppressed 

    Error: apiRequestContext.get: connect ECONNREFUSED ::1:4000
    Call log:
      - → GET http://localhost:4000/api/health
        - user-agent: Mozilla/5.0 (Linux; Android 14; Pixel 7) AppleWebKit/537.36 (KHTML, like Gecko) Chrome/151.0.7922.34 Mobile Safari/537.36
        - accept: */*
        - accept-encoding: gzip,deflate,br

        at apiRequestContext.get: connect ECONNREFUSED ::1:4000
        at /home/tbaltzakis/cloudless.gr/e2e/security-headers.spec.ts:42:29

    Error Context: test-results/security-headers-security--20c4e-red-By-header-is-suppressed-mobile-chrome/error-context.md

    Retry #1 ───────────────────────────────────────────────────────────────────────────────────────

    Error: apiRequestContext.get: connect ECONNREFUSED ::1:4000
    Call log:
      - → GET http://localhost:4000/api/health
        - user-agent: Mozilla/5.0 (Linux; Android 14; Pixel 7) AppleWebKit/537.36 (KHTML, like Gecko) Chrome/151.0.7922.34 Mobile Safari/537.36
        - accept: */*
        - accept-encoding: gzip,deflate,br

        at apiRequestContext.get: connect ECONNREFUSED ::1:4000
        at /home/tbaltzakis/cloudless.gr/e2e/security-headers.spec.ts:42:29

    Error Context: test-results/security-headers-security--20c4e-red-By-header-is-suppressed-mobile-chrome-retry1/error-context.md

    attachment #2: trace (application/zip) ─────────────────────────────────────────────────────────
    test-results/security-headers-security--20c4e-red-By-header-is-suppressed-mobile-chrome-retry1/trace.zip
    Usage:

        npx playwright show-trace test-results/security-headers-security--20c4e-red-By-header-is-suppressed-mobile-chrome-retry1/trace.zip

    ────────────────────────────────────────────────────────────────────────────────────────────────

  1824) [mobile-chrome] › e2e/security-headers.spec.ts:48:7 › security headers — cloud › Permissions-Policy hard-blocks 24 features (post-audit hardening) 

    Error: apiRequestContext.get: connect ECONNREFUSED ::1:4000
    Call log:
      - → GET http://localhost:4000/api/health
        - user-agent: Mozilla/5.0 (Linux; Android 14; Pixel 7) AppleWebKit/537.36 (KHTML, like Gecko) Chrome/151.0.7922.34 Mobile Safari/537.36
        - accept: */*
        - accept-encoding: gzip,deflate,br

        at apiRequestContext.get: connect ECONNREFUSED ::1:4000
        at /home/tbaltzakis/cloudless.gr/e2e/security-headers.spec.ts:49:29

    Error Context: test-results/security-headers-security--a7042-tures-post-audit-hardening--mobile-chrome/error-context.md

    Retry #1 ───────────────────────────────────────────────────────────────────────────────────────

    Error: apiRequestContext.get: connect ECONNREFUSED ::1:4000
    Call log:
      - → GET http://localhost:4000/api/health
        - user-agent: Mozilla/5.0 (Linux; Android 14; Pixel 7) AppleWebKit/537.36 (KHTML, like Gecko) Chrome/151.0.7922.34 Mobile Safari/537.36
        - accept: */*
        - accept-encoding: gzip,deflate,br

        at apiRequestContext.get: connect ECONNREFUSED ::1:4000
        at /home/tbaltzakis/cloudless.gr/e2e/security-headers.spec.ts:49:29

    Error Context: test-results/security-headers-security--a7042-tures-post-audit-hardening--mobile-chrome-retry1/error-context.md

    attachment #2: trace (application/zip) ─────────────────────────────────────────────────────────
    test-results/security-headers-security--a7042-tures-post-audit-hardening--mobile-chrome-retry1/trace.zip
    Usage:

        npx playwright show-trace test-results/security-headers-security--a7042-tures-post-audit-hardening--mobile-chrome-retry1/trace.zip

    ────────────────────────────────────────────────────────────────────────────────────────────────

  1825) [mobile-chrome] › e2e/security-headers.spec.ts:74:7 › security headers — cloud › CSP header is set with all expected directives 

    Error: apiRequestContext.get: connect ECONNREFUSED ::1:4000
    Call log:
      - → GET http://localhost:4000/api/health
        - user-agent: Mozilla/5.0 (Linux; Android 14; Pixel 7) AppleWebKit/537.36 (KHTML, like Gecko) Chrome/151.0.7922.34 Mobile Safari/537.36
        - accept: */*
        - accept-encoding: gzip,deflate,br

        at apiRequestContext.get: connect ECONNREFUSED ::1:4000
        at /home/tbaltzakis/cloudless.gr/e2e/security-headers.spec.ts:75:29

    Error Context: test-results/security-headers-security--bd9d4-ith-all-expected-directives-mobile-chrome/error-context.md

    Retry #1 ───────────────────────────────────────────────────────────────────────────────────────

    Error: apiRequestContext.get: connect ECONNREFUSED ::1:4000
    Call log:
      - → GET http://localhost:4000/api/health
        - user-agent: Mozilla/5.0 (Linux; Android 14; Pixel 7) AppleWebKit/537.36 (KHTML, like Gecko) Chrome/151.0.7922.34 Mobile Safari/537.36
        - accept: */*
        - accept-encoding: gzip,deflate,br

        at apiRequestContext.get: connect ECONNREFUSED ::1:4000
        at /home/tbaltzakis/cloudless.gr/e2e/security-headers.spec.ts:75:29

    Error Context: test-results/security-headers-security--bd9d4-ith-all-expected-directives-mobile-chrome-retry1/error-context.md

    attachment #2: trace (application/zip) ─────────────────────────────────────────────────────────
    test-results/security-headers-security--bd9d4-ith-all-expected-directives-mobile-chrome-retry1/trace.zip
    Usage:

        npx playwright show-trace test-results/security-headers-security--bd9d4-ith-all-expected-directives-mobile-chrome-retry1/trace.zip

    ────────────────────────────────────────────────────────────────────────────────────────────────

  1826) [mobile-chrome] › e2e/security-headers.spec.ts:93:7 › security headers — cloud › CSP allows Google Analytics and GTM hosts 

    Error: apiRequestContext.get: connect ECONNREFUSED ::1:4000
    Call log:
      - → GET http://localhost:4000/api/health
        - user-agent: Mozilla/5.0 (Linux; Android 14; Pixel 7) AppleWebKit/537.36 (KHTML, like Gecko) Chrome/151.0.7922.34 Mobile Safari/537.36
        - accept: */*
        - accept-encoding: gzip,deflate,br

        at apiRequestContext.get: connect ECONNREFUSED ::1:4000
        at /home/tbaltzakis/cloudless.gr/e2e/security-headers.spec.ts:94:29

    Error Context: test-results/security-headers-security--db6b5-gle-Analytics-and-GTM-hosts-mobile-chrome/error-context.md

    Retry #1 ───────────────────────────────────────────────────────────────────────────────────────

    Error: apiRequestContext.get: connect ECONNREFUSED ::1:4000
    Call log:
      - → GET http://localhost:4000/api/health
        - user-agent: Mozilla/5.0 (Linux; Android 14; Pixel 7) AppleWebKit/537.36 (KHTML, like Gecko) Chrome/151.0.7922.34 Mobile Safari/537.36
        - accept: */*
        - accept-encoding: gzip,deflate,br

        at apiRequestContext.get: connect ECONNREFUSED ::1:4000
        at /home/tbaltzakis/cloudless.gr/e2e/security-headers.spec.ts:94:29

    Error Context: test-results/security-headers-security--db6b5-gle-Analytics-and-GTM-hosts-mobile-chrome-retry1/error-context.md

    attachment #2: trace (application/zip) ─────────────────────────────────────────────────────────
    test-results/security-headers-security--db6b5-gle-Analytics-and-GTM-hosts-mobile-chrome-retry1/trace.zip
    Usage:

        npx playwright show-trace test-results/security-headers-security--db6b5-gle-Analytics-and-GTM-hosts-mobile-chrome-retry1/trace.zip

    ────────────────────────────────────────────────────────────────────────────────────────────────

  1827) [mobile-chrome] › e2e/security-headers.spec.ts:103:7 › security headers — cloud › CSP allows LinkedIn Insight Tag hosts 

    Error: apiRequestContext.get: connect ECONNREFUSED ::1:4000
    Call log:
      - → GET http://localhost:4000/api/health
        - user-agent: Mozilla/5.0 (Linux; Android 14; Pixel 7) AppleWebKit/537.36 (KHTML, like Gecko) Chrome/151.0.7922.34 Mobile Safari/537.36
        - accept: */*
        - accept-encoding: gzip,deflate,br

        at apiRequestContext.get: connect ECONNREFUSED ::1:4000
        at /home/tbaltzakis/cloudless.gr/e2e/security-headers.spec.ts:104:29

    Error Context: test-results/security-headers-security--d6783--LinkedIn-Insight-Tag-hosts-mobile-chrome/error-context.md

    Retry #1 ───────────────────────────────────────────────────────────────────────────────────────

    Error: apiRequestContext.get: connect ECONNREFUSED ::1:4000
    Call log:
      - → GET http://localhost:4000/api/health
        - user-agent: Mozilla/5.0 (Linux; Android 14; Pixel 7) AppleWebKit/537.36 (KHTML, like Gecko) Chrome/151.0.7922.34 Mobile Safari/537.36
        - accept: */*
        - accept-encoding: gzip,deflate,br

        at apiRequestContext.get: connect ECONNREFUSED ::1:4000
        at /home/tbaltzakis/cloudless.gr/e2e/security-headers.spec.ts:104:29

    Error Context: test-results/security-headers-security--d6783--LinkedIn-Insight-Tag-hosts-mobile-chrome-retry1/error-context.md

    attachment #2: trace (application/zip) ─────────────────────────────────────────────────────────
    test-results/security-headers-security--d6783--LinkedIn-Insight-Tag-hosts-mobile-chrome-retry1/trace.zip
    Usage:

        npx playwright show-trace test-results/security-headers-security--d6783--LinkedIn-Insight-Tag-hosts-mobile-chrome-retry1/trace.zip

    ────────────────────────────────────────────────────────────────────────────────────────────────

  1828) [mobile-chrome] › e2e/security-headers.spec.ts:110:7 › security headers — cloud › Report-To header advertises the csp-endpoint group 

    Error: apiRequestContext.get: connect ECONNREFUSED ::1:4000
    Call log:
      - → GET http://localhost:4000/api/health
        - user-agent: Mozilla/5.0 (Linux; Android 14; Pixel 7) AppleWebKit/537.36 (KHTML, like Gecko) Chrome/151.0.7922.34 Mobile Safari/537.36
        - accept: */*
        - accept-encoding: gzip,deflate,br

        at apiRequestContext.get: connect ECONNREFUSED ::1:4000
        at /home/tbaltzakis/cloudless.gr/e2e/security-headers.spec.ts:111:29

    Error Context: test-results/security-headers-security--782dc-ises-the-csp-endpoint-group-mobile-chrome/error-context.md

    Retry #1 ───────────────────────────────────────────────────────────────────────────────────────

    Error: apiRequestContext.get: connect ECONNREFUSED ::1:4000
    Call log:
      - → GET http://localhost:4000/api/health
        - user-agent: Mozilla/5.0 (Linux; Android 14; Pixel 7) AppleWebKit/537.36 (KHTML, like Gecko) Chrome/151.0.7922.34 Mobile Safari/537.36
        - accept: */*
        - accept-encoding: gzip,deflate,br

        at apiRequestContext.get: connect ECONNREFUSED ::1:4000
        at /home/tbaltzakis/cloudless.gr/e2e/security-headers.spec.ts:111:29

    Error Context: test-results/security-headers-security--782dc-ises-the-csp-endpoint-group-mobile-chrome-retry1/error-context.md

    attachment #2: trace (application/zip) ─────────────────────────────────────────────────────────
    test-results/security-headers-security--782dc-ises-the-csp-endpoint-group-mobile-chrome-retry1/trace.zip
    Usage:

        npx playwright show-trace test-results/security-headers-security--782dc-ises-the-csp-endpoint-group-mobile-chrome-retry1/trace.zip

    ────────────────────────────────────────────────────────────────────────────────────────────────

  1829) [mobile-chrome] › e2e/security-headers.spec.ts:120:7 › security headers — cloud › CSP report endpoint accepts violation reports (204) 

    Error: apiRequestContext.post: connect ECONNREFUSED ::1:4000
    Call log:
      - → POST http://localhost:4000/api/csp-report
        - user-agent: Mozilla/5.0 (Linux; Android 14; Pixel 7) AppleWebKit/537.36 (KHTML, like Gecko) Chrome/151.0.7922.34 Mobile Safari/537.36
        - accept: */*
        - accept-encoding: gzip,deflate,br
        - content-type: application/csp-report
        - content-length: 157

        at apiRequestContext.post: connect ECONNREFUSED ::1:4000
        at /home/tbaltzakis/cloudless.gr/e2e/security-headers.spec.ts:121:29

    Error Context: test-results/security-headers-security--5a480-epts-violation-reports-204--mobile-chrome/error-context.md

    Retry #1 ───────────────────────────────────────────────────────────────────────────────────────

    Error: apiRequestContext.post: connect ECONNREFUSED ::1:4000
    Call log:
      - → POST http://localhost:4000/api/csp-report
        - user-agent: Mozilla/5.0 (Linux; Android 14; Pixel 7) AppleWebKit/537.36 (KHTML, like Gecko) Chrome/151.0.7922.34 Mobile Safari/537.36
        - accept: */*
        - accept-encoding: gzip,deflate,br
        - content-type: application/csp-report
        - content-length: 157

        at apiRequestContext.post: connect ECONNREFUSED ::1:4000
        at /home/tbaltzakis/cloudless.gr/e2e/security-headers.spec.ts:121:29

    Error Context: test-results/security-headers-security--5a480-epts-violation-reports-204--mobile-chrome-retry1/error-context.md

    attachment #2: trace (application/zip) ─────────────────────────────────────────────────────────
    test-results/security-headers-security--5a480-epts-violation-reports-204--mobile-chrome-retry1/trace.zip
    Usage:

        npx playwright show-trace test-results/security-headers-security--5a480-epts-violation-reports-204--mobile-chrome-retry1/trace.zip

    ────────────────────────────────────────────────────────────────────────────────────────────────

  1830) [mobile-chrome] › e2e/security-headers.spec.ts:135:7 › security headers — cloud › CSP report endpoint accepts modern Reporting-API payload (204) 

    Error: apiRequestContext.post: connect ECONNREFUSED ::1:4000
    Call log:
      - → POST http://localhost:4000/api/csp-report
        - user-agent: Mozilla/5.0 (Linux; Android 14; Pixel 7) AppleWebKit/537.36 (KHTML, like Gecko) Chrome/151.0.7922.34 Mobile Safari/537.36
        - accept: */*
        - accept-encoding: gzip,deflate,br
        - content-type: application/reports+json
        - content-length: 176

        at apiRequestContext.post: connect ECONNREFUSED ::1:4000
        at /home/tbaltzakis/cloudless.gr/e2e/security-headers.spec.ts:136:29

    Error Context: test-results/security-headers-security--9b0f7--Reporting-API-payload-204--mobile-chrome/error-context.md

    Retry #1 ───────────────────────────────────────────────────────────────────────────────────────

    Error: apiRequestContext.post: connect ECONNREFUSED ::1:4000
    Call log:
      - → POST http://localhost:4000/api/csp-report
        - user-agent: Mozilla/5.0 (Linux; Android 14; Pixel 7) AppleWebKit/537.36 (KHTML, like Gecko) Chrome/151.0.7922.34 Mobile Safari/537.36
        - accept: */*
        - accept-encoding: gzip,deflate,br
        - content-type: application/reports+json
        - content-length: 176

        at apiRequestContext.post: connect ECONNREFUSED ::1:4000
        at /home/tbaltzakis/cloudless.gr/e2e/security-headers.spec.ts:136:29

    Error Context: test-results/security-headers-security--9b0f7--Reporting-API-payload-204--mobile-chrome-retry1/error-context.md

    attachment #2: trace (application/zip) ─────────────────────────────────────────────────────────
    test-results/security-headers-security--9b0f7--Reporting-API-payload-204--mobile-chrome-retry1/trace.zip
    Usage:

        npx playwright show-trace test-results/security-headers-security--9b0f7--Reporting-API-payload-204--mobile-chrome-retry1/trace.zip

    ────────────────────────────────────────────────────────────────────────────────────────────────

  1831) [mobile-chrome] › e2e/security-headers.spec.ts:159:7 › static assets — not locale-prefixed › /_next/static CSS from homepage is 200 text/css (no locale redirect) 

    Error: apiRequestContext.get: connect ECONNREFUSED ::1:4000
    Call log:
      - → GET http://localhost:4000/en
        - user-agent: Mozilla/5.0 (Linux; Android 14; Pixel 7) AppleWebKit/537.36 (KHTML, like Gecko) Chrome/151.0.7922.34 Mobile Safari/537.36
        - accept: */*
        - accept-encoding: gzip,deflate,br

        at apiRequestContext.get: connect ECONNREFUSED ::1:4000
        at /home/tbaltzakis/cloudless.gr/e2e/security-headers.spec.ts:162:35

    Error Context: test-results/security-headers-static-as-2defe-ext-css-no-locale-redirect--mobile-chrome/error-context.md

    Retry #1 ───────────────────────────────────────────────────────────────────────────────────────

    Error: apiRequestContext.get: connect ECONNREFUSED ::1:4000
    Call log:
      - → GET http://localhost:4000/en
        - user-agent: Mozilla/5.0 (Linux; Android 14; Pixel 7) AppleWebKit/537.36 (KHTML, like Gecko) Chrome/151.0.7922.34 Mobile Safari/537.36
        - accept: */*
        - accept-encoding: gzip,deflate,br

        at apiRequestContext.get: connect ECONNREFUSED ::1:4000
        at /home/tbaltzakis/cloudless.gr/e2e/security-headers.spec.ts:162:35

    Error Context: test-results/security-headers-static-as-2defe-ext-css-no-locale-redirect--mobile-chrome-retry1/error-context.md

    attachment #2: trace (application/zip) ─────────────────────────────────────────────────────────
    test-results/security-headers-static-as-2defe-ext-css-no-locale-redirect--mobile-chrome-retry1/trace.zip
    Usage:

        npx playwright show-trace test-results/security-headers-static-as-2defe-ext-css-no-locale-redirect--mobile-chrome-retry1/trace.zip

    ────────────────────────────────────────────────────────────────────────────────────────────────

  1832) [mobile-chrome] › e2e/store-checkout-edges.spec.ts:22:7 › /api/checkout malformed bodies › missing productId is rejected with 4xx 

    Error: apiRequestContext.post: connect ECONNREFUSED ::1:4000
    Call log:
      - → POST http://localhost:4000/api/checkout
        - user-agent: Mozilla/5.0 (Linux; Android 14; Pixel 7) AppleWebKit/537.36 (KHTML, like Gecko) Chrome/151.0.7922.34 Mobile Safari/537.36
        - accept: */*
        - accept-encoding: gzip,deflate,br
        - content-type: application/json
        - content-length: 13

        at apiRequestContext.post: connect ECONNREFUSED ::1:4000
        at /home/tbaltzakis/cloudless.gr/e2e/store-checkout-edges.spec.ts:23:29

    Error Context: test-results/store-checkout-edges--api--c3742-ductId-is-rejected-with-4xx-mobile-chrome/error-context.md

    Retry #1 ───────────────────────────────────────────────────────────────────────────────────────

    Error: apiRequestContext.post: connect ECONNREFUSED ::1:4000
    Call log:
      - → POST http://localhost:4000/api/checkout
        - user-agent: Mozilla/5.0 (Linux; Android 14; Pixel 7) AppleWebKit/537.36 (KHTML, like Gecko) Chrome/151.0.7922.34 Mobile Safari/537.36
        - accept: */*
        - accept-encoding: gzip,deflate,br
        - content-type: application/json
        - content-length: 13

        at apiRequestContext.post: connect ECONNREFUSED ::1:4000
        at /home/tbaltzakis/cloudless.gr/e2e/store-checkout-edges.spec.ts:23:29

    Error Context: test-results/store-checkout-edges--api--c3742-ductId-is-rejected-with-4xx-mobile-chrome-retry1/error-context.md

    attachment #2: trace (application/zip) ─────────────────────────────────────────────────────────
    test-results/store-checkout-edges--api--c3742-ductId-is-rejected-with-4xx-mobile-chrome-retry1/trace.zip
    Usage:

        npx playwright show-trace test-results/store-checkout-edges--api--c3742-ductId-is-rejected-with-4xx-mobile-chrome-retry1/trace.zip

    ────────────────────────────────────────────────────────────────────────────────────────────────

  1833) [mobile-chrome] › e2e/store-checkout-edges.spec.ts:28:7 › /api/checkout malformed bodies › non-string productId is rejected with 4xx 

    Error: apiRequestContext.post: connect ECONNREFUSED ::1:4000
    Call log:
      - → POST http://localhost:4000/api/checkout
        - user-agent: Mozilla/5.0 (Linux; Android 14; Pixel 7) AppleWebKit/537.36 (KHTML, like Gecko) Chrome/151.0.7922.34 Mobile Safari/537.36
        - accept: */*
        - accept-encoding: gzip,deflate,br
        - content-type: application/json
        - content-length: 19

        at apiRequestContext.post: connect ECONNREFUSED ::1:4000
        at /home/tbaltzakis/cloudless.gr/e2e/store-checkout-edges.spec.ts:29:29

    Error Context: test-results/store-checkout-edges--api--7acbd-ductId-is-rejected-with-4xx-mobile-chrome/error-context.md

    Retry #1 ───────────────────────────────────────────────────────────────────────────────────────

    Error: apiRequestContext.post: connect ECONNREFUSED ::1:4000
    Call log:
      - → POST http://localhost:4000/api/checkout
        - user-agent: Mozilla/5.0 (Linux; Android 14; Pixel 7) AppleWebKit/537.36 (KHTML, like Gecko) Chrome/151.0.7922.34 Mobile Safari/537.36
        - accept: */*
        - accept-encoding: gzip,deflate,br
        - content-type: application/json
        - content-length: 19

        at apiRequestContext.post: connect ECONNREFUSED ::1:4000
        at /home/tbaltzakis/cloudless.gr/e2e/store-checkout-edges.spec.ts:29:29

    Error Context: test-results/store-checkout-edges--api--7acbd-ductId-is-rejected-with-4xx-mobile-chrome-retry1/error-context.md

    attachment #2: trace (application/zip) ─────────────────────────────────────────────────────────
    test-results/store-checkout-edges--api--7acbd-ductId-is-rejected-with-4xx-mobile-chrome-retry1/trace.zip
    Usage:

        npx playwright show-trace test-results/store-checkout-edges--api--7acbd-ductId-is-rejected-with-4xx-mobile-chrome-retry1/trace.zip

    ────────────────────────────────────────────────────────────────────────────────────────────────

  1834) [mobile-chrome] › e2e/store-checkout-edges.spec.ts:36:7 › /api/checkout malformed bodies › excessively long productId does not 5xx 

    Error: apiRequestContext.post: connect ECONNREFUSED ::1:4000
    Call log:
      - → POST http://localhost:4000/api/checkout
        - user-agent: Mozilla/5.0 (Linux; Android 14; Pixel 7) AppleWebKit/537.36 (KHTML, like Gecko) Chrome/151.0.7922.34 Mobile Safari/537.36
        - accept: */*
        - accept-encoding: gzip,deflate,br
        - content-type: application/json
        - content-length: 5016

        at apiRequestContext.post: connect ECONNREFUSED ::1:4000
        at /home/tbaltzakis/cloudless.gr/e2e/store-checkout-edges.spec.ts:37:29

    Error Context: test-results/store-checkout-edges--api--886a1-long-productId-does-not-5xx-mobile-chrome/error-context.md

    Retry #1 ───────────────────────────────────────────────────────────────────────────────────────

    Error: apiRequestContext.post: connect ECONNREFUSED ::1:4000
    Call log:
      - → POST http://localhost:4000/api/checkout
        - user-agent: Mozilla/5.0 (Linux; Android 14; Pixel 7) AppleWebKit/537.36 (KHTML, like Gecko) Chrome/151.0.7922.34 Mobile Safari/537.36
        - accept: */*
        - accept-encoding: gzip,deflate,br
        - content-type: application/json
        - content-length: 5016

        at apiRequestContext.post: connect ECONNREFUSED ::1:4000
        at /home/tbaltzakis/cloudless.gr/e2e/store-checkout-edges.spec.ts:37:29

    Error Context: test-results/store-checkout-edges--api--886a1-long-productId-does-not-5xx-mobile-chrome-retry1/error-context.md

    attachment #2: trace (application/zip) ─────────────────────────────────────────────────────────
    test-results/store-checkout-edges--api--886a1-long-productId-does-not-5xx-mobile-chrome-retry1/trace.zip
    Usage:

        npx playwright show-trace test-results/store-checkout-edges--api--886a1-long-productId-does-not-5xx-mobile-chrome-retry1/trace.zip

    ────────────────────────────────────────────────────────────────────────────────────────────────

  1835) [mobile-chrome] › e2e/store-checkout-edges.spec.ts:46:7 › /api/checkout malformed bodies › array productId is rejected with 4xx 

    Error: apiRequestContext.post: connect ECONNREFUSED ::1:4000
    Call log:
      - → POST http://localhost:4000/api/checkout
        - user-agent: Mozilla/5.0 (Linux; Android 14; Pixel 7) AppleWebKit/537.36 (KHTML, like Gecko) Chrome/151.0.7922.34 Mobile Safari/537.36
        - accept: */*
        - accept-encoding: gzip,deflate,br
        - content-type: application/json
        - content-length: 23

        at apiRequestContext.post: connect ECONNREFUSED ::1:4000
        at /home/tbaltzakis/cloudless.gr/e2e/store-checkout-edges.spec.ts:47:29

    Error Context: test-results/store-checkout-edges--api--57c36-ductId-is-rejected-with-4xx-mobile-chrome/error-context.md

    Retry #1 ───────────────────────────────────────────────────────────────────────────────────────

    Error: apiRequestContext.post: connect ECONNREFUSED ::1:4000
    Call log:
      - → POST http://localhost:4000/api/checkout
        - user-agent: Mozilla/5.0 (Linux; Android 14; Pixel 7) AppleWebKit/537.36 (KHTML, like Gecko) Chrome/151.0.7922.34 Mobile Safari/537.36
        - accept: */*
        - accept-encoding: gzip,deflate,br
        - content-type: application/json
        - content-length: 23

        at apiRequestContext.post: connect ECONNREFUSED ::1:4000
        at /home/tbaltzakis/cloudless.gr/e2e/store-checkout-edges.spec.ts:47:29

    Error Context: test-results/store-checkout-edges--api--57c36-ductId-is-rejected-with-4xx-mobile-chrome-retry1/error-context.md

    attachment #2: trace (application/zip) ─────────────────────────────────────────────────────────
    test-results/store-checkout-edges--api--57c36-ductId-is-rejected-with-4xx-mobile-chrome-retry1/trace.zip
    Usage:

        npx playwright show-trace test-results/store-checkout-edges--api--57c36-ductId-is-rejected-with-4xx-mobile-chrome-retry1/trace.zip

    ────────────────────────────────────────────────────────────────────────────────────────────────

  1836) [mobile-chrome] › e2e/store-checkout-edges.spec.ts:56:7 › /api/checkout rapid-fire › 5 rapid requests all resolve with < 500 

    Error: apiRequestContext.post: connect ECONNREFUSED ::1:4000
    Call log:
      - → POST http://localhost:4000/api/checkout
        - user-agent: Mozilla/5.0 (Linux; Android 14; Pixel 7) AppleWebKit/537.36 (KHTML, like Gecko) Chrome/151.0.7922.34 Mobile Safari/537.36
        - accept: */*
        - accept-encoding: gzip,deflate,br
        - content-type: application/json
        - content-length: 41

        at apiRequestContext.post: connect ECONNREFUSED ::1:4000
        at from (/home/tbaltzakis/cloudless.gr/e2e/store-checkout-edges.spec.ts:59:17)
        at /home/tbaltzakis/cloudless.gr/e2e/store-checkout-edges.spec.ts:58:13

    Error Context: test-results/store-checkout-edges--api--be6ea-quests-all-resolve-with-500-mobile-chrome/error-context.md

    Retry #1 ───────────────────────────────────────────────────────────────────────────────────────

    Error: apiRequestContext.post: connect ECONNREFUSED ::1:4000
    Call log:
      - → POST http://localhost:4000/api/checkout
        - user-agent: Mozilla/5.0 (Linux; Android 14; Pixel 7) AppleWebKit/537.36 (KHTML, like Gecko) Chrome/151.0.7922.34 Mobile Safari/537.36
        - accept: */*
        - accept-encoding: gzip,deflate,br
        - content-type: application/json
        - content-length: 41

        at apiRequestContext.post: connect ECONNREFUSED ::1:4000
        at from (/home/tbaltzakis/cloudless.gr/e2e/store-checkout-edges.spec.ts:59:17)
        at /home/tbaltzakis/cloudless.gr/e2e/store-checkout-edges.spec.ts:58:13

    Error Context: test-results/store-checkout-edges--api--be6ea-quests-all-resolve-with-500-mobile-chrome-retry1/error-context.md

    attachment #2: trace (application/zip) ─────────────────────────────────────────────────────────
    test-results/store-checkout-edges--api--be6ea-quests-all-resolve-with-500-mobile-chrome-retry1/trace.zip
    Usage:

        npx playwright show-trace test-results/store-checkout-edges--api--be6ea-quests-all-resolve-with-500-mobile-chrome-retry1/trace.zip

    ────────────────────────────────────────────────────────────────────────────────────────────────

  1837) [mobile-chrome] › e2e/store-checkout-edges.spec.ts:72:7 › /store success + 404 pages › /en/store/success?session_id=invalid renders without 5xx 

    Error: page.goto: net::ERR_CONNECTION_REFUSED at http://localhost:4000/en/store/success?session_id=cs_test_invalid
    Call log:
      - navigating to "http://localhost:4000/en/store/success?session_id=cs_test_invalid", waiting until "domcontentloaded"


      71 | test.describe("/store success + 404 pages", () => {
      72 |   test("/en/store/success?session_id=invalid renders without 5xx", async ({ page }) => {
    > 73 |     const r = await page.goto("/en/store/success?session_id=cs_test_invalid", {
         |                          ^
      74 |       waitUntil: "domcontentloaded",
      75 |     });
      76 |     expect(r?.status() ?? 0).toBeLessThan(500);
        at /home/tbaltzakis/cloudless.gr/e2e/store-checkout-edges.spec.ts:73:26

    attachment #1: screenshot (image/png) ──────────────────────────────────────────────────────────
    test-results/store-checkout-edges--stor-c4f42-invalid-renders-without-5xx-mobile-chrome/test-failed-1.png
    ────────────────────────────────────────────────────────────────────────────────────────────────

    attachment #2: video (video/webm) ──────────────────────────────────────────────────────────────
    test-results/store-checkout-edges--stor-c4f42-invalid-renders-without-5xx-mobile-chrome/video.webm
    ────────────────────────────────────────────────────────────────────────────────────────────────

    Error Context: test-results/store-checkout-edges--stor-c4f42-invalid-renders-without-5xx-mobile-chrome/error-context.md

    Retry #1 ───────────────────────────────────────────────────────────────────────────────────────

    Error: page.goto: net::ERR_CONNECTION_REFUSED at http://localhost:4000/en/store/success?session_id=cs_test_invalid
    Call log:
      - navigating to "http://localhost:4000/en/store/success?session_id=cs_test_invalid", waiting until "domcontentloaded"


      71 | test.describe("/store success + 404 pages", () => {
      72 |   test("/en/store/success?session_id=invalid renders without 5xx", async ({ page }) => {
    > 73 |     const r = await page.goto("/en/store/success?session_id=cs_test_invalid", {
         |                          ^
      74 |       waitUntil: "domcontentloaded",
      75 |     });
      76 |     expect(r?.status() ?? 0).toBeLessThan(500);
        at /home/tbaltzakis/cloudless.gr/e2e/store-checkout-edges.spec.ts:73:26

    attachment #1: screenshot (image/png) ──────────────────────────────────────────────────────────
    test-results/store-checkout-edges--stor-c4f42-invalid-renders-without-5xx-mobile-chrome-retry1/test-failed-1.png
    ────────────────────────────────────────────────────────────────────────────────────────────────

    attachment #2: video (video/webm) ──────────────────────────────────────────────────────────────
    test-results/store-checkout-edges--stor-c4f42-invalid-renders-without-5xx-mobile-chrome-retry1/video.webm
    ────────────────────────────────────────────────────────────────────────────────────────────────

    Error Context: test-results/store-checkout-edges--stor-c4f42-invalid-renders-without-5xx-mobile-chrome-retry1/error-context.md

    attachment #4: trace (application/zip) ─────────────────────────────────────────────────────────
    test-results/store-checkout-edges--stor-c4f42-invalid-renders-without-5xx-mobile-chrome-retry1/trace.zip
    Usage:

        npx playwright show-trace test-results/store-checkout-edges--stor-c4f42-invalid-renders-without-5xx-mobile-chrome-retry1/trace.zip

    ────────────────────────────────────────────────────────────────────────────────────────────────

  1838) [mobile-chrome] › e2e/store-checkout-edges.spec.ts:82:7 › /store success + 404 pages › /en/store/success with no query renders without 5xx 

    Error: page.goto: net::ERR_CONNECTION_REFUSED at http://localhost:4000/en/store/success
    Call log:
      - navigating to "http://localhost:4000/en/store/success", waiting until "domcontentloaded"


      81 |
      82 |   test("/en/store/success with no query renders without 5xx", async ({ page }) => {
    > 83 |     const r = await page.goto("/en/store/success", {
         |                          ^
      84 |       waitUntil: "domcontentloaded",
      85 |     });
      86 |     expect(r?.status() ?? 0).toBeLessThan(500);
        at /home/tbaltzakis/cloudless.gr/e2e/store-checkout-edges.spec.ts:83:26

    attachment #1: screenshot (image/png) ──────────────────────────────────────────────────────────
    test-results/store-checkout-edges--stor-e4af1-o-query-renders-without-5xx-mobile-chrome/test-failed-1.png
    ────────────────────────────────────────────────────────────────────────────────────────────────

    attachment #2: video (video/webm) ──────────────────────────────────────────────────────────────
    test-results/store-checkout-edges--stor-e4af1-o-query-renders-without-5xx-mobile-chrome/video.webm
    ────────────────────────────────────────────────────────────────────────────────────────────────

    Error Context: test-results/store-checkout-edges--stor-e4af1-o-query-renders-without-5xx-mobile-chrome/error-context.md

    Retry #1 ───────────────────────────────────────────────────────────────────────────────────────

    Error: page.goto: net::ERR_CONNECTION_REFUSED at http://localhost:4000/en/store/success
    Call log:
      - navigating to "http://localhost:4000/en/store/success", waiting until "domcontentloaded"


      81 |
      82 |   test("/en/store/success with no query renders without 5xx", async ({ page }) => {
    > 83 |     const r = await page.goto("/en/store/success", {
         |                          ^
      84 |       waitUntil: "domcontentloaded",
      85 |     });
      86 |     expect(r?.status() ?? 0).toBeLessThan(500);
        at /home/tbaltzakis/cloudless.gr/e2e/store-checkout-edges.spec.ts:83:26

    attachment #1: screenshot (image/png) ──────────────────────────────────────────────────────────
    test-results/store-checkout-edges--stor-e4af1-o-query-renders-without-5xx-mobile-chrome-retry1/test-failed-1.png
    ────────────────────────────────────────────────────────────────────────────────────────────────

    attachment #2: video (video/webm) ──────────────────────────────────────────────────────────────
    test-results/store-checkout-edges--stor-e4af1-o-query-renders-without-5xx-mobile-chrome-retry1/video.webm
    ────────────────────────────────────────────────────────────────────────────────────────────────

    Error Context: test-results/store-checkout-edges--stor-e4af1-o-query-renders-without-5xx-mobile-chrome-retry1/error-context.md

    attachment #4: trace (application/zip) ─────────────────────────────────────────────────────────
    test-results/store-checkout-edges--stor-e4af1-o-query-renders-without-5xx-mobile-chrome-retry1/trace.zip
    Usage:

        npx playwright show-trace test-results/store-checkout-edges--stor-e4af1-o-query-renders-without-5xx-mobile-chrome-retry1/trace.zip

    ────────────────────────────────────────────────────────────────────────────────────────────────

  1839) [mobile-chrome] › e2e/store-checkout-edges.spec.ts:92:7 › /store success + 404 pages › /en/store/[unknown-id] resolves cleanly (404 or 200 with not-found UI) 

    Error: page.goto: net::ERR_CONNECTION_REFUSED at http://localhost:4000/en/store/this-product-does-not-exist-zzz
    Call log:
      - navigating to "http://localhost:4000/en/store/this-product-does-not-exist-zzz", waiting until "domcontentloaded"


      91 |
      92 |   test("/en/store/[unknown-id] resolves cleanly (404 or 200 with not-found UI)", async ({ page }) => {
    > 93 |     const r = await page.goto("/en/store/this-product-does-not-exist-zzz", {
         |                          ^
      94 |       waitUntil: "domcontentloaded",
      95 |     });
      96 |     // 404 or 200 are both fine; a 5xx is not.
        at /home/tbaltzakis/cloudless.gr/e2e/store-checkout-edges.spec.ts:93:26

    attachment #1: screenshot (image/png) ──────────────────────────────────────────────────────────
    test-results/store-checkout-edges--stor-38b21-4-or-200-with-not-found-UI--mobile-chrome/test-failed-1.png
    ────────────────────────────────────────────────────────────────────────────────────────────────

    attachment #2: video (video/webm) ──────────────────────────────────────────────────────────────
    test-results/store-checkout-edges--stor-38b21-4-or-200-with-not-found-UI--mobile-chrome/video.webm
    ────────────────────────────────────────────────────────────────────────────────────────────────

    Error Context: test-results/store-checkout-edges--stor-38b21-4-or-200-with-not-found-UI--mobile-chrome/error-context.md

    Retry #1 ───────────────────────────────────────────────────────────────────────────────────────

    Error: page.goto: net::ERR_CONNECTION_REFUSED at http://localhost:4000/en/store/this-product-does-not-exist-zzz
    Call log:
      - navigating to "http://localhost:4000/en/store/this-product-does-not-exist-zzz", waiting until "domcontentloaded"


      91 |
      92 |   test("/en/store/[unknown-id] resolves cleanly (404 or 200 with not-found UI)", async ({ page }) => {
    > 93 |     const r = await page.goto("/en/store/this-product-does-not-exist-zzz", {
         |                          ^
      94 |       waitUntil: "domcontentloaded",
      95 |     });
      96 |     // 404 or 200 are both fine; a 5xx is not.
        at /home/tbaltzakis/cloudless.gr/e2e/store-checkout-edges.spec.ts:93:26

    attachment #1: screenshot (image/png) ──────────────────────────────────────────────────────────
    test-results/store-checkout-edges--stor-38b21-4-or-200-with-not-found-UI--mobile-chrome-retry1/test-failed-1.png
    ────────────────────────────────────────────────────────────────────────────────────────────────

    attachment #2: video (video/webm) ──────────────────────────────────────────────────────────────
    test-results/store-checkout-edges--stor-38b21-4-or-200-with-not-found-UI--mobile-chrome-retry1/video.webm
    ────────────────────────────────────────────────────────────────────────────────────────────────

    Error Context: test-results/store-checkout-edges--stor-38b21-4-or-200-with-not-found-UI--mobile-chrome-retry1/error-context.md

    attachment #4: trace (application/zip) ─────────────────────────────────────────────────────────
    test-results/store-checkout-edges--stor-38b21-4-or-200-with-not-found-UI--mobile-chrome-retry1/trace.zip
    Usage:

        npx playwright show-trace test-results/store-checkout-edges--stor-38b21-4-or-200-with-not-found-UI--mobile-chrome-retry1/trace.zip

    ────────────────────────────────────────────────────────────────────────────────────────────────

  1840) [mobile-chrome] › e2e/style.spec.ts:60:7 › Navbar style › sticky header renders with neon-cyan accent bar 

    Error: page.goto: net::ERR_CONNECTION_REFUSED at http://localhost:4000/en
    Call log:
      - navigating to "http://localhost:4000/en", waiting until "domcontentloaded"


      59 | test.describe("Navbar style", () => {
      60 |   test("sticky header renders with neon-cyan accent bar", async ({ page }) => {
    > 61 |     await page.goto("/en", { waitUntil: "domcontentloaded" });
         |                ^
      62 |     await dismissCookieBanner(page);
      63 |
      64 |     const header = page.locator("header").first();
        at /home/tbaltzakis/cloudless.gr/e2e/style.spec.ts:61:16

    attachment #1: screenshot (image/png) ──────────────────────────────────────────────────────────
    test-results/style-Navbar-style-sticky--80077-s-with-neon-cyan-accent-bar-mobile-chrome/test-failed-1.png
    ────────────────────────────────────────────────────────────────────────────────────────────────

    attachment #2: video (video/webm) ──────────────────────────────────────────────────────────────
    test-results/style-Navbar-style-sticky--80077-s-with-neon-cyan-accent-bar-mobile-chrome/video.webm
    ────────────────────────────────────────────────────────────────────────────────────────────────

    Error Context: test-results/style-Navbar-style-sticky--80077-s-with-neon-cyan-accent-bar-mobile-chrome/error-context.md

    Retry #1 ───────────────────────────────────────────────────────────────────────────────────────

    Error: page.goto: net::ERR_CONNECTION_REFUSED at http://localhost:4000/en
    Call log:
      - navigating to "http://localhost:4000/en", waiting until "domcontentloaded"


      59 | test.describe("Navbar style", () => {
      60 |   test("sticky header renders with neon-cyan accent bar", async ({ page }) => {
    > 61 |     await page.goto("/en", { waitUntil: "domcontentloaded" });
         |                ^
      62 |     await dismissCookieBanner(page);
      63 |
      64 |     const header = page.locator("header").first();
        at /home/tbaltzakis/cloudless.gr/e2e/style.spec.ts:61:16

    attachment #1: screenshot (image/png) ──────────────────────────────────────────────────────────
    test-results/style-Navbar-style-sticky--80077-s-with-neon-cyan-accent-bar-mobile-chrome-retry1/test-failed-1.png
    ────────────────────────────────────────────────────────────────────────────────────────────────

    attachment #2: video (video/webm) ──────────────────────────────────────────────────────────────
    test-results/style-Navbar-style-sticky--80077-s-with-neon-cyan-accent-bar-mobile-chrome-retry1/video.webm
    ────────────────────────────────────────────────────────────────────────────────────────────────

    Error Context: test-results/style-Navbar-style-sticky--80077-s-with-neon-cyan-accent-bar-mobile-chrome-retry1/error-context.md

    attachment #4: trace (application/zip) ─────────────────────────────────────────────────────────
    test-results/style-Navbar-style-sticky--80077-s-with-neon-cyan-accent-bar-mobile-chrome-retry1/trace.zip
    Usage:

        npx playwright show-trace test-results/style-Navbar-style-sticky--80077-s-with-neon-cyan-accent-bar-mobile-chrome-retry1/trace.zip

    ────────────────────────────────────────────────────────────────────────────────────────────────

  1841) [mobile-chrome] › e2e/style.spec.ts:80:7 › Navbar style › logo link is visible and points to homepage 

    Error: page.goto: net::ERR_CONNECTION_REFUSED at http://localhost:4000/en
    Call log:
      - navigating to "http://localhost:4000/en", waiting until "domcontentloaded"


      79 |
      80 |   test("logo link is visible and points to homepage", async ({ page }) => {
    > 81 |     await page.goto("/en", { waitUntil: "domcontentloaded" });
         |                ^
      82 |     // The logo link lives inside <nav> and has href="/" (localized to /en).
      83 |     // Use a CSS selector to avoid matching footer social links that also
      84 |     // contain "cloudless" in their accessible name.
        at /home/tbaltzakis/cloudless.gr/e2e/style.spec.ts:81:16

    attachment #1: screenshot (image/png) ──────────────────────────────────────────────────────────
    test-results/style-Navbar-style-logo-li-4cea8-ible-and-points-to-homepage-mobile-chrome/test-failed-1.png
    ────────────────────────────────────────────────────────────────────────────────────────────────

    attachment #2: video (video/webm) ──────────────────────────────────────────────────────────────
    test-results/style-Navbar-style-logo-li-4cea8-ible-and-points-to-homepage-mobile-chrome/video.webm
    ────────────────────────────────────────────────────────────────────────────────────────────────

    Error Context: test-results/style-Navbar-style-logo-li-4cea8-ible-and-points-to-homepage-mobile-chrome/error-context.md

    Retry #1 ───────────────────────────────────────────────────────────────────────────────────────

    Error: page.goto: net::ERR_CONNECTION_REFUSED at http://localhost:4000/en
    Call log:
      - navigating to "http://localhost:4000/en", waiting until "domcontentloaded"


      79 |
      80 |   test("logo link is visible and points to homepage", async ({ page }) => {
    > 81 |     await page.goto("/en", { waitUntil: "domcontentloaded" });
         |                ^
      82 |     // The logo link lives inside <nav> and has href="/" (localized to /en).
      83 |     // Use a CSS selector to avoid matching footer social links that also
      84 |     // contain "cloudless" in their accessible name.
        at /home/tbaltzakis/cloudless.gr/e2e/style.spec.ts:81:16

    attachment #1: screenshot (image/png) ──────────────────────────────────────────────────────────
    test-results/style-Navbar-style-logo-li-4cea8-ible-and-points-to-homepage-mobile-chrome-retry1/test-failed-1.png
    ────────────────────────────────────────────────────────────────────────────────────────────────

    attachment #2: video (video/webm) ──────────────────────────────────────────────────────────────
    test-results/style-Navbar-style-logo-li-4cea8-ible-and-points-to-homepage-mobile-chrome-retry1/video.webm
    ────────────────────────────────────────────────────────────────────────────────────────────────

    Error Context: test-results/style-Navbar-style-logo-li-4cea8-ible-and-points-to-homepage-mobile-chrome-retry1/error-context.md

    attachment #4: trace (application/zip) ─────────────────────────────────────────────────────────
    test-results/style-Navbar-style-logo-li-4cea8-ible-and-points-to-homepage-mobile-chrome-retry1/trace.zip
    Usage:

        npx playwright show-trace test-results/style-Navbar-style-logo-li-4cea8-ible-and-points-to-homepage-mobile-chrome-retry1/trace.zip

    ────────────────────────────────────────────────────────────────────────────────────────────────

  1842) [mobile-chrome] › e2e/style.spec.ts:104:7 › Navbar style › mobile hamburger opens the nav at 390px 

    Error: page.goto: net::ERR_CONNECTION_REFUSED at http://localhost:4000/en
    Call log:
      - navigating to "http://localhost:4000/en", waiting until "domcontentloaded"


      104 |   test("mobile hamburger opens the nav at 390px", async ({ page }) => {
      105 |     await page.setViewportSize({ width: 390, height: 844 });
    > 106 |     await page.goto("/en", { waitUntil: "domcontentloaded" });
          |                ^
      107 |
      108 |     const hamburger = page.getByRole("button", { name: /toggle menu/i });
      109 |     await expect(hamburger).toBeVisible();
        at /home/tbaltzakis/cloudless.gr/e2e/style.spec.ts:106:16

    attachment #1: screenshot (image/png) ──────────────────────────────────────────────────────────
    test-results/style-Navbar-style-mobile-hamburger-opens-the-nav-at-390px-mobile-chrome/test-failed-1.png
    ────────────────────────────────────────────────────────────────────────────────────────────────

    attachment #2: video (video/webm) ──────────────────────────────────────────────────────────────
    test-results/style-Navbar-style-mobile-hamburger-opens-the-nav-at-390px-mobile-chrome/video.webm
    ────────────────────────────────────────────────────────────────────────────────────────────────

    Error Context: test-results/style-Navbar-style-mobile-hamburger-opens-the-nav-at-390px-mobile-chrome/error-context.md

    Retry #1 ───────────────────────────────────────────────────────────────────────────────────────

    Error: page.goto: net::ERR_CONNECTION_REFUSED at http://localhost:4000/en
    Call log:
      - navigating to "http://localhost:4000/en", waiting until "domcontentloaded"


      104 |   test("mobile hamburger opens the nav at 390px", async ({ page }) => {
      105 |     await page.setViewportSize({ width: 390, height: 844 });
    > 106 |     await page.goto("/en", { waitUntil: "domcontentloaded" });
          |                ^
      107 |
      108 |     const hamburger = page.getByRole("button", { name: /toggle menu/i });
      109 |     await expect(hamburger).toBeVisible();
        at /home/tbaltzakis/cloudless.gr/e2e/style.spec.ts:106:16

    attachment #1: screenshot (image/png) ──────────────────────────────────────────────────────────
    test-results/style-Navbar-style-mobile-hamburger-opens-the-nav-at-390px-mobile-chrome-retry1/test-failed-1.png
    ────────────────────────────────────────────────────────────────────────────────────────────────

    attachment #2: video (video/webm) ──────────────────────────────────────────────────────────────
    test-results/style-Navbar-style-mobile-hamburger-opens-the-nav-at-390px-mobile-chrome-retry1/video.webm
    ────────────────────────────────────────────────────────────────────────────────────────────────

    Error Context: test-results/style-Navbar-style-mobile-hamburger-opens-the-nav-at-390px-mobile-chrome-retry1/error-context.md

    attachment #4: trace (application/zip) ─────────────────────────────────────────────────────────
    test-results/style-Navbar-style-mobile-hamburger-opens-the-nav-at-390px-mobile-chrome-retry1/trace.zip
    Usage:

        npx playwright show-trace test-results/style-Navbar-style-mobile-hamburger-opens-the-nav-at-390px-mobile-chrome-retry1/trace.zip

    ────────────────────────────────────────────────────────────────────────────────────────────────

  1843) [mobile-chrome] › e2e/style.spec.ts:120:7 › Background colour (design tokens) › body background resolves to --surface-canvas (not transparent/white) 

    Error: page.goto: net::ERR_CONNECTION_REFUSED at http://localhost:4000/en
    Call log:
      - navigating to "http://localhost:4000/en", waiting until "domcontentloaded"


      121 |     page,
      122 |   }) => {
    > 123 |     await page.goto("/en", { waitUntil: "domcontentloaded" });
          |                ^
      124 |     const bg = await bodyBgColor(page);
      125 |     expect(bg).not.toBe("rgba(0, 0, 0, 0)");
      126 |     expect(bg).not.toBe("rgb(255, 255, 255)");
        at /home/tbaltzakis/cloudless.gr/e2e/style.spec.ts:123:16

    attachment #1: screenshot (image/png) ──────────────────────────────────────────────────────────
    test-results/style-Background-colour-de-716fa-nvas-not-transparent-white--mobile-chrome/test-failed-1.png
    ────────────────────────────────────────────────────────────────────────────────────────────────

    attachment #2: video (video/webm) ──────────────────────────────────────────────────────────────
    test-results/style-Background-colour-de-716fa-nvas-not-transparent-white--mobile-chrome/video.webm
    ────────────────────────────────────────────────────────────────────────────────────────────────

    Error Context: test-results/style-Background-colour-de-716fa-nvas-not-transparent-white--mobile-chrome/error-context.md

    Retry #1 ───────────────────────────────────────────────────────────────────────────────────────

    Error: page.goto: net::ERR_CONNECTION_REFUSED at http://localhost:4000/en
    Call log:
      - navigating to "http://localhost:4000/en", waiting until "domcontentloaded"


      121 |     page,
      122 |   }) => {
    > 123 |     await page.goto("/en", { waitUntil: "domcontentloaded" });
          |                ^
      124 |     const bg = await bodyBgColor(page);
      125 |     expect(bg).not.toBe("rgba(0, 0, 0, 0)");
      126 |     expect(bg).not.toBe("rgb(255, 255, 255)");
        at /home/tbaltzakis/cloudless.gr/e2e/style.spec.ts:123:16

    attachment #1: screenshot (image/png) ──────────────────────────────────────────────────────────
    test-results/style-Background-colour-de-716fa-nvas-not-transparent-white--mobile-chrome-retry1/test-failed-1.png
    ────────────────────────────────────────────────────────────────────────────────────────────────

    attachment #2: video (video/webm) ──────────────────────────────────────────────────────────────
    test-results/style-Background-colour-de-716fa-nvas-not-transparent-white--mobile-chrome-retry1/video.webm
    ────────────────────────────────────────────────────────────────────────────────────────────────

    Error Context: test-results/style-Background-colour-de-716fa-nvas-not-transparent-white--mobile-chrome-retry1/error-context.md

    attachment #4: trace (application/zip) ─────────────────────────────────────────────────────────
    test-results/style-Background-colour-de-716fa-nvas-not-transparent-white--mobile-chrome-retry1/trace.zip
    Usage:

        npx playwright show-trace test-results/style-Background-colour-de-716fa-nvas-not-transparent-white--mobile-chrome-retry1/trace.zip

    ────────────────────────────────────────────────────────────────────────────────────────────────

  1844) [mobile-chrome] › e2e/style.spec.ts:130:7 › Background colour (design tokens) › default theme uses surface-canvas and color-void tokens 

    Error: page.goto: net::ERR_CONNECTION_REFUSED at http://localhost:4000/en
    Call log:
      - navigating to "http://localhost:4000/en", waiting until "domcontentloaded"


      131 |     page,
      132 |   }) => {
    > 133 |     await page.goto("/en", { waitUntil: "domcontentloaded" });
          |                ^
      134 |     const canvas = await cssVar(page, "--surface-canvas");
      135 |     expect(canvas.length).toBeGreaterThan(0);
      136 |     const voidColor = await cssVar(page, "--color-void");
        at /home/tbaltzakis/cloudless.gr/e2e/style.spec.ts:133:16

    attachment #1: screenshot (image/png) ──────────────────────────────────────────────────────────
    test-results/style-Background-colour-de-78193-anvas-and-color-void-tokens-mobile-chrome/test-failed-1.png
    ────────────────────────────────────────────────────────────────────────────────────────────────

    attachment #2: video (video/webm) ──────────────────────────────────────────────────────────────
    test-results/style-Background-colour-de-78193-anvas-and-color-void-tokens-mobile-chrome/video.webm
    ────────────────────────────────────────────────────────────────────────────────────────────────

    Error Context: test-results/style-Background-colour-de-78193-anvas-and-color-void-tokens-mobile-chrome/error-context.md

    Retry #1 ───────────────────────────────────────────────────────────────────────────────────────

    Error: page.goto: net::ERR_CONNECTION_REFUSED at http://localhost:4000/en
    Call log:
      - navigating to "http://localhost:4000/en", waiting until "domcontentloaded"


      131 |     page,
      132 |   }) => {
    > 133 |     await page.goto("/en", { waitUntil: "domcontentloaded" });
          |                ^
      134 |     const canvas = await cssVar(page, "--surface-canvas");
      135 |     expect(canvas.length).toBeGreaterThan(0);
      136 |     const voidColor = await cssVar(page, "--color-void");
        at /home/tbaltzakis/cloudless.gr/e2e/style.spec.ts:133:16

    attachment #1: screenshot (image/png) ──────────────────────────────────────────────────────────
    test-results/style-Background-colour-de-78193-anvas-and-color-void-tokens-mobile-chrome-retry1/test-failed-1.png
    ────────────────────────────────────────────────────────────────────────────────────────────────

    attachment #2: video (video/webm) ──────────────────────────────────────────────────────────────
    test-results/style-Background-colour-de-78193-anvas-and-color-void-tokens-mobile-chrome-retry1/video.webm
    ────────────────────────────────────────────────────────────────────────────────────────────────

    Error Context: test-results/style-Background-colour-de-78193-anvas-and-color-void-tokens-mobile-chrome-retry1/error-context.md

    attachment #4: trace (application/zip) ─────────────────────────────────────────────────────────
    test-results/style-Background-colour-de-78193-anvas-and-color-void-tokens-mobile-chrome-retry1/trace.zip
    Usage:

        npx playwright show-trace test-results/style-Background-colour-de-78193-anvas-and-color-void-tokens-mobile-chrome-retry1/trace.zip

    ────────────────────────────────────────────────────────────────────────────────────────────────

  1845) [mobile-chrome] › e2e/style.spec.ts:140:7 › Background colour (design tokens) › picking Dark theme sets data-theme=dark and darkens canvas 

    Error: page.goto: net::ERR_CONNECTION_REFUSED at http://localhost:4000/en
    Call log:
      - navigating to "http://localhost:4000/en", waiting until "domcontentloaded"


      141 |     page,
      142 |   }) => {
    > 143 |     await page.goto("/en", { waitUntil: "domcontentloaded" });
          |                ^
      144 |     await dismissCookieBanner(page);
      145 |
      146 |     const trigger = page.getByRole("button", { name: /Theme:/i });
        at /home/tbaltzakis/cloudless.gr/e2e/style.spec.ts:143:16

    attachment #1: screenshot (image/png) ──────────────────────────────────────────────────────────
    test-results/style-Background-colour-de-f0c7d-eme-dark-and-darkens-canvas-mobile-chrome/test-failed-1.png
    ────────────────────────────────────────────────────────────────────────────────────────────────

    attachment #2: video (video/webm) ──────────────────────────────────────────────────────────────
    test-results/style-Background-colour-de-f0c7d-eme-dark-and-darkens-canvas-mobile-chrome/video.webm
    ────────────────────────────────────────────────────────────────────────────────────────────────

    Error Context: test-results/style-Background-colour-de-f0c7d-eme-dark-and-darkens-canvas-mobile-chrome/error-context.md

    Retry #1 ───────────────────────────────────────────────────────────────────────────────────────

    Error: page.goto: net::ERR_CONNECTION_REFUSED at http://localhost:4000/en
    Call log:
      - navigating to "http://localhost:4000/en", waiting until "domcontentloaded"


      141 |     page,
      142 |   }) => {
    > 143 |     await page.goto("/en", { waitUntil: "domcontentloaded" });
          |                ^
      144 |     await dismissCookieBanner(page);
      145 |
      146 |     const trigger = page.getByRole("button", { name: /Theme:/i });
        at /home/tbaltzakis/cloudless.gr/e2e/style.spec.ts:143:16

    attachment #1: screenshot (image/png) ──────────────────────────────────────────────────────────
    test-results/style-Background-colour-de-f0c7d-eme-dark-and-darkens-canvas-mobile-chrome-retry1/test-failed-1.png
    ────────────────────────────────────────────────────────────────────────────────────────────────

    attachment #2: video (video/webm) ──────────────────────────────────────────────────────────────
    test-results/style-Background-colour-de-f0c7d-eme-dark-and-darkens-canvas-mobile-chrome-retry1/video.webm
    ────────────────────────────────────────────────────────────────────────────────────────────────

    Error Context: test-results/style-Background-colour-de-f0c7d-eme-dark-and-darkens-canvas-mobile-chrome-retry1/error-context.md

    attachment #4: trace (application/zip) ─────────────────────────────────────────────────────────
    test-results/style-Background-colour-de-f0c7d-eme-dark-and-darkens-canvas-mobile-chrome-retry1/trace.zip
    Usage:

        npx playwright show-trace test-results/style-Background-colour-de-f0c7d-eme-dark-and-darkens-canvas-mobile-chrome-retry1/trace.zip

    ────────────────────────────────────────────────────────────────────────────────────────────────

  1846) [mobile-chrome] › e2e/style.spec.ts:172:7 › Background colour (design tokens) › picking Light theme sets data-theme=light and brightens canvas 

    Error: page.goto: net::ERR_CONNECTION_REFUSED at http://localhost:4000/en
    Call log:
      - navigating to "http://localhost:4000/en", waiting until "domcontentloaded"


      173 |     page,
      174 |   }) => {
    > 175 |     await page.goto("/en", { waitUntil: "domcontentloaded" });
          |                ^
      176 |     await dismissCookieBanner(page);
      177 |
      178 |     const trigger = page.getByRole("button", { name: /Theme:/i });
        at /home/tbaltzakis/cloudless.gr/e2e/style.spec.ts:175:16

    attachment #1: screenshot (image/png) ──────────────────────────────────────────────────────────
    test-results/style-Background-colour-de-43eda--light-and-brightens-canvas-mobile-chrome/test-failed-1.png
    ────────────────────────────────────────────────────────────────────────────────────────────────

    attachment #2: video (video/webm) ──────────────────────────────────────────────────────────────
    test-results/style-Background-colour-de-43eda--light-and-brightens-canvas-mobile-chrome/video.webm
    ────────────────────────────────────────────────────────────────────────────────────────────────

    Error Context: test-results/style-Background-colour-de-43eda--light-and-brightens-canvas-mobile-chrome/error-context.md

    Retry #1 ───────────────────────────────────────────────────────────────────────────────────────

    Error: page.goto: net::ERR_CONNECTION_REFUSED at http://localhost:4000/en
    Call log:
      - navigating to "http://localhost:4000/en", waiting until "domcontentloaded"


      173 |     page,
      174 |   }) => {
    > 175 |     await page.goto("/en", { waitUntil: "domcontentloaded" });
          |                ^
      176 |     await dismissCookieBanner(page);
      177 |
      178 |     const trigger = page.getByRole("button", { name: /Theme:/i });
        at /home/tbaltzakis/cloudless.gr/e2e/style.spec.ts:175:16

    attachment #1: screenshot (image/png) ──────────────────────────────────────────────────────────
    test-results/style-Background-colour-de-43eda--light-and-brightens-canvas-mobile-chrome-retry1/test-failed-1.png
    ────────────────────────────────────────────────────────────────────────────────────────────────

    attachment #2: video (video/webm) ──────────────────────────────────────────────────────────────
    test-results/style-Background-colour-de-43eda--light-and-brightens-canvas-mobile-chrome-retry1/video.webm
    ────────────────────────────────────────────────────────────────────────────────────────────────

    Error Context: test-results/style-Background-colour-de-43eda--light-and-brightens-canvas-mobile-chrome-retry1/error-context.md

    attachment #4: trace (application/zip) ─────────────────────────────────────────────────────────
    test-results/style-Background-colour-de-43eda--light-and-brightens-canvas-mobile-chrome-retry1/trace.zip
    Usage:

        npx playwright show-trace test-results/style-Background-colour-de-43eda--light-and-brightens-canvas-mobile-chrome-retry1/trace.zip

    ────────────────────────────────────────────────────────────────────────────────────────────────

  1847) [mobile-chrome] › e2e/style.spec.ts:208:7 › Neon accent colours › services page has cyan, magenta, and green accented service cards 

    Error: page.goto: net::ERR_CONNECTION_REFUSED at http://localhost:4000/en/services
    Call log:
      - navigating to "http://localhost:4000/en/services", waiting until "domcontentloaded"


      209 |     page,
      210 |   }) => {
    > 211 |     await page.goto("/en/services", { waitUntil: "domcontentloaded" });
          |                ^
      212 |     await dismissCookieBanner(page);
      213 |
      214 |     await expect(
        at /home/tbaltzakis/cloudless.gr/e2e/style.spec.ts:211:16

    attachment #1: screenshot (image/png) ──────────────────────────────────────────────────────────
    test-results/style-Neon-accent-colours--6012d-reen-accented-service-cards-mobile-chrome/test-failed-1.png
    ────────────────────────────────────────────────────────────────────────────────────────────────

    attachment #2: video (video/webm) ──────────────────────────────────────────────────────────────
    test-results/style-Neon-accent-colours--6012d-reen-accented-service-cards-mobile-chrome/video.webm
    ────────────────────────────────────────────────────────────────────────────────────────────────

    Error Context: test-results/style-Neon-accent-colours--6012d-reen-accented-service-cards-mobile-chrome/error-context.md

    Retry #1 ───────────────────────────────────────────────────────────────────────────────────────

    Error: page.goto: net::ERR_CONNECTION_REFUSED at http://localhost:4000/en/services
    Call log:
      - navigating to "http://localhost:4000/en/services", waiting until "domcontentloaded"


      209 |     page,
      210 |   }) => {
    > 211 |     await page.goto("/en/services", { waitUntil: "domcontentloaded" });
          |                ^
      212 |     await dismissCookieBanner(page);
      213 |
      214 |     await expect(
        at /home/tbaltzakis/cloudless.gr/e2e/style.spec.ts:211:16

    attachment #1: screenshot (image/png) ──────────────────────────────────────────────────────────
    test-results/style-Neon-accent-colours--6012d-reen-accented-service-cards-mobile-chrome-retry1/test-failed-1.png
    ────────────────────────────────────────────────────────────────────────────────────────────────

    attachment #2: video (video/webm) ──────────────────────────────────────────────────────────────
    test-results/style-Neon-accent-colours--6012d-reen-accented-service-cards-mobile-chrome-retry1/video.webm
    ────────────────────────────────────────────────────────────────────────────────────────────────

    Error Context: test-results/style-Neon-accent-colours--6012d-reen-accented-service-cards-mobile-chrome-retry1/error-context.md

    attachment #4: trace (application/zip) ─────────────────────────────────────────────────────────
    test-results/style-Neon-accent-colours--6012d-reen-accented-service-cards-mobile-chrome-retry1/trace.zip
    Usage:

        npx playwright show-trace test-results/style-Neon-accent-colours--6012d-reen-accented-service-cards-mobile-chrome-retry1/trace.zip

    ────────────────────────────────────────────────────────────────────────────────────────────────

  1848) [mobile-chrome] › e2e/style.spec.ts:225:7 › Neon accent colours › homepage has at least one neon-cyan accented element 

    Error: page.goto: net::ERR_CONNECTION_REFUSED at http://localhost:4000/en
    Call log:
      - navigating to "http://localhost:4000/en", waiting until "domcontentloaded"


      226 |     page,
      227 |   }) => {
    > 228 |     await page.goto("/en", { waitUntil: "domcontentloaded" });
          |                ^
      229 |     await expect(
      230 |       page.locator('[class*="neon-cyan"]').first(),
      231 |     ).toBeVisible({ timeout: 10_000 });
        at /home/tbaltzakis/cloudless.gr/e2e/style.spec.ts:228:16

    attachment #1: screenshot (image/png) ──────────────────────────────────────────────────────────
    test-results/style-Neon-accent-colours--5f945--neon-cyan-accented-element-mobile-chrome/test-failed-1.png
    ────────────────────────────────────────────────────────────────────────────────────────────────

    attachment #2: video (video/webm) ──────────────────────────────────────────────────────────────
    test-results/style-Neon-accent-colours--5f945--neon-cyan-accented-element-mobile-chrome/video.webm
    ────────────────────────────────────────────────────────────────────────────────────────────────

    Error Context: test-results/style-Neon-accent-colours--5f945--neon-cyan-accented-element-mobile-chrome/error-context.md

    Retry #1 ───────────────────────────────────────────────────────────────────────────────────────

    Error: page.goto: net::ERR_CONNECTION_REFUSED at http://localhost:4000/en
    Call log:
      - navigating to "http://localhost:4000/en", waiting until "domcontentloaded"


      226 |     page,
      227 |   }) => {
    > 228 |     await page.goto("/en", { waitUntil: "domcontentloaded" });
          |                ^
      229 |     await expect(
      230 |       page.locator('[class*="neon-cyan"]').first(),
      231 |     ).toBeVisible({ timeout: 10_000 });
        at /home/tbaltzakis/cloudless.gr/e2e/style.spec.ts:228:16

    attachment #1: screenshot (image/png) ──────────────────────────────────────────────────────────
    test-results/style-Neon-accent-colours--5f945--neon-cyan-accented-element-mobile-chrome-retry1/test-failed-1.png
    ────────────────────────────────────────────────────────────────────────────────────────────────

    attachment #2: video (video/webm) ──────────────────────────────────────────────────────────────
    test-results/style-Neon-accent-colours--5f945--neon-cyan-accented-element-mobile-chrome-retry1/video.webm
    ────────────────────────────────────────────────────────────────────────────────────────────────

    Error Context: test-results/style-Neon-accent-colours--5f945--neon-cyan-accented-element-mobile-chrome-retry1/error-context.md

    attachment #4: trace (application/zip) ─────────────────────────────────────────────────────────
    test-results/style-Neon-accent-colours--5f945--neon-cyan-accented-element-mobile-chrome-retry1/trace.zip
    Usage:

        npx playwright show-trace test-results/style-Neon-accent-colours--5f945--neon-cyan-accented-element-mobile-chrome-retry1/trace.zip

    ────────────────────────────────────────────────────────────────────────────────────────────────

  1849) [mobile-chrome] › e2e/style.spec.ts:234:7 › Neon accent colours › blog page category badges use neon colour classes 

    Error: page.goto: net::ERR_CONNECTION_REFUSED at http://localhost:4000/en/blog
    Call log:
      - navigating to "http://localhost:4000/en/blog", waiting until "domcontentloaded"


      233 |
      234 |   test("blog page category badges use neon colour classes", async ({ page }) => {
    > 235 |     await page.goto("/en/blog", { waitUntil: "domcontentloaded" });
          |                ^
      236 |     await dismissCookieBanner(page);
      237 |     const badges = page.locator(
      238 |       '[class*="neon-cyan"],[class*="neon-green"],[class*="neon-magenta"]',
        at /home/tbaltzakis/cloudless.gr/e2e/style.spec.ts:235:16

    attachment #1: screenshot (image/png) ──────────────────────────────────────────────────────────
    test-results/style-Neon-accent-colours--a70b5-ges-use-neon-colour-classes-mobile-chrome/test-failed-1.png
    ────────────────────────────────────────────────────────────────────────────────────────────────

    attachment #2: video (video/webm) ──────────────────────────────────────────────────────────────
    test-results/style-Neon-accent-colours--a70b5-ges-use-neon-colour-classes-mobile-chrome/video.webm
    ────────────────────────────────────────────────────────────────────────────────────────────────

    Error Context: test-results/style-Neon-accent-colours--a70b5-ges-use-neon-colour-classes-mobile-chrome/error-context.md

    Retry #1 ───────────────────────────────────────────────────────────────────────────────────────

    Error: page.goto: net::ERR_CONNECTION_REFUSED at http://localhost:4000/en/blog
    Call log:
      - navigating to "http://localhost:4000/en/blog", waiting until "domcontentloaded"


      233 |
      234 |   test("blog page category badges use neon colour classes", async ({ page }) => {
    > 235 |     await page.goto("/en/blog", { waitUntil: "domcontentloaded" });
          |                ^
      236 |     await dismissCookieBanner(page);
      237 |     const badges = page.locator(
      238 |       '[class*="neon-cyan"],[class*="neon-green"],[class*="neon-magenta"]',
        at /home/tbaltzakis/cloudless.gr/e2e/style.spec.ts:235:16

    attachment #1: screenshot (image/png) ──────────────────────────────────────────────────────────
    test-results/style-Neon-accent-colours--a70b5-ges-use-neon-colour-classes-mobile-chrome-retry1/test-failed-1.png
    ────────────────────────────────────────────────────────────────────────────────────────────────

    attachment #2: video (video/webm) ──────────────────────────────────────────────────────────────
    test-results/style-Neon-accent-colours--a70b5-ges-use-neon-colour-classes-mobile-chrome-retry1/video.webm
    ────────────────────────────────────────────────────────────────────────────────────────────────

    Error Context: test-results/style-Neon-accent-colours--a70b5-ges-use-neon-colour-classes-mobile-chrome-retry1/error-context.md

    attachment #4: trace (application/zip) ─────────────────────────────────────────────────────────
    test-results/style-Neon-accent-colours--a70b5-ges-use-neon-colour-classes-mobile-chrome-retry1/trace.zip
    Usage:

        npx playwright show-trace test-results/style-Neon-accent-colours--a70b5-ges-use-neon-colour-classes-mobile-chrome-retry1/trace.zip

    ────────────────────────────────────────────────────────────────────────────────────────────────

  1850) [mobile-chrome] › e2e/style.spec.ts:243:7 › Neon accent colours › --color-neon-cyan Tailwind token is set 

    Error: page.goto: net::ERR_CONNECTION_REFUSED at http://localhost:4000/en
    Call log:
      - navigating to "http://localhost:4000/en", waiting until "domcontentloaded"


      242 |
      243 |   test("--color-neon-cyan Tailwind token is set", async ({ page }) => {
    > 244 |     await page.goto("/en", { waitUntil: "domcontentloaded" });
          |                ^
      245 |     const v = await cssVar(page, "--color-neon-cyan");
      246 |     expect(v.length, "--color-neon-cyan must be defined by @theme inline").toBeGreaterThan(0);
      247 |   });
        at /home/tbaltzakis/cloudless.gr/e2e/style.spec.ts:244:16

    attachment #1: screenshot (image/png) ──────────────────────────────────────────────────────────
    test-results/style-Neon-accent-colours--cac04--cyan-Tailwind-token-is-set-mobile-chrome/test-failed-1.png
    ────────────────────────────────────────────────────────────────────────────────────────────────

    attachment #2: video (video/webm) ──────────────────────────────────────────────────────────────
    test-results/style-Neon-accent-colours--cac04--cyan-Tailwind-token-is-set-mobile-chrome/video.webm
    ────────────────────────────────────────────────────────────────────────────────────────────────

    Error Context: test-results/style-Neon-accent-colours--cac04--cyan-Tailwind-token-is-set-mobile-chrome/error-context.md

    Retry #1 ───────────────────────────────────────────────────────────────────────────────────────

    Error: page.goto: net::ERR_CONNECTION_REFUSED at http://localhost:4000/en
    Call log:
      - navigating to "http://localhost:4000/en", waiting until "domcontentloaded"


      242 |
      243 |   test("--color-neon-cyan Tailwind token is set", async ({ page }) => {
    > 244 |     await page.goto("/en", { waitUntil: "domcontentloaded" });
          |                ^
      245 |     const v = await cssVar(page, "--color-neon-cyan");
      246 |     expect(v.length, "--color-neon-cyan must be defined by @theme inline").toBeGreaterThan(0);
      247 |   });
        at /home/tbaltzakis/cloudless.gr/e2e/style.spec.ts:244:16

    attachment #1: screenshot (image/png) ──────────────────────────────────────────────────────────
    test-results/style-Neon-accent-colours--cac04--cyan-Tailwind-token-is-set-mobile-chrome-retry1/test-failed-1.png
    ────────────────────────────────────────────────────────────────────────────────────────────────

    attachment #2: video (video/webm) ──────────────────────────────────────────────────────────────
    test-results/style-Neon-accent-colours--cac04--cyan-Tailwind-token-is-set-mobile-chrome-retry1/video.webm
    ────────────────────────────────────────────────────────────────────────────────────────────────

    Error Context: test-results/style-Neon-accent-colours--cac04--cyan-Tailwind-token-is-set-mobile-chrome-retry1/error-context.md

    attachment #4: trace (application/zip) ─────────────────────────────────────────────────────────
    test-results/style-Neon-accent-colours--cac04--cyan-Tailwind-token-is-set-mobile-chrome-retry1/trace.zip
    Usage:

        npx playwright show-trace test-results/style-Neon-accent-colours--cac04--cyan-Tailwind-token-is-set-mobile-chrome-retry1/trace.zip

    ────────────────────────────────────────────────────────────────────────────────────────────────

  1851) [mobile-chrome] › e2e/style.spec.ts:253:7 › Footer style › footer is present with a top border class 

    Error: page.goto: net::ERR_CONNECTION_REFUSED at http://localhost:4000/en
    Call log:
      - navigating to "http://localhost:4000/en", waiting until "domcontentloaded"


      252 | test.describe("Footer style", () => {
      253 |   test("footer is present with a top border class", async ({ page }) => {
    > 254 |     await page.goto("/en", { waitUntil: "domcontentloaded" });
          |                ^
      255 |     const footer = page.locator("footer").first();
      256 |     await expect(footer).toBeVisible();
      257 |     const cls = await footer.getAttribute("class");
        at /home/tbaltzakis/cloudless.gr/e2e/style.spec.ts:254:16

    attachment #1: screenshot (image/png) ──────────────────────────────────────────────────────────
    test-results/style-Footer-style-footer-is-present-with-a-top-border-class-mobile-chrome/test-failed-1.png
    ────────────────────────────────────────────────────────────────────────────────────────────────

    attachment #2: video (video/webm) ──────────────────────────────────────────────────────────────
    test-results/style-Footer-style-footer-is-present-with-a-top-border-class-mobile-chrome/video.webm
    ────────────────────────────────────────────────────────────────────────────────────────────────

    Error Context: test-results/style-Footer-style-footer-is-present-with-a-top-border-class-mobile-chrome/error-context.md

    Retry #1 ───────────────────────────────────────────────────────────────────────────────────────

    Error: page.goto: net::ERR_CONNECTION_REFUSED at http://localhost:4000/en
    Call log:
      - navigating to "http://localhost:4000/en", waiting until "domcontentloaded"


      252 | test.describe("Footer style", () => {
      253 |   test("footer is present with a top border class", async ({ page }) => {
    > 254 |     await page.goto("/en", { waitUntil: "domcontentloaded" });
          |                ^
      255 |     const footer = page.locator("footer").first();
      256 |     await expect(footer).toBeVisible();
      257 |     const cls = await footer.getAttribute("class");
        at /home/tbaltzakis/cloudless.gr/e2e/style.spec.ts:254:16

    attachment #1: screenshot (image/png) ──────────────────────────────────────────────────────────
    test-results/style-Footer-style-footer-is-present-with-a-top-border-class-mobile-chrome-retry1/test-failed-1.png
    ────────────────────────────────────────────────────────────────────────────────────────────────

    attachment #2: video (video/webm) ──────────────────────────────────────────────────────────────
    test-results/style-Footer-style-footer-is-present-with-a-top-border-class-mobile-chrome-retry1/video.webm
    ────────────────────────────────────────────────────────────────────────────────────────────────

    Error Context: test-results/style-Footer-style-footer-is-present-with-a-top-border-class-mobile-chrome-retry1/error-context.md

    attachment #4: trace (application/zip) ─────────────────────────────────────────────────────────
    test-results/style-Footer-style-footer-is-present-with-a-top-border-class-mobile-chrome-retry1/trace.zip
    Usage:

        npx playwright show-trace test-results/style-Footer-style-footer-is-present-with-a-top-border-class-mobile-chrome-retry1/trace.zip

    ────────────────────────────────────────────────────────────────────────────────────────────────

  1852) [mobile-chrome] › e2e/style.spec.ts:261:7 › Footer style › footer logo link is visible ─────

    Error: page.goto: net::ERR_CONNECTION_REFUSED at http://localhost:4000/en/contact
    Call log:
      - navigating to "http://localhost:4000/en/contact", waiting until "domcontentloaded"


      260 |
      261 |   test("footer logo link is visible", async ({ page }) => {
    > 262 |     await page.goto("/en/contact", { waitUntil: "domcontentloaded" });
          |                ^
      263 |     const footerLogoLink = page
      264 |       .locator("footer")
      265 |       .getByRole("link", { name: /cloudless/i })
        at /home/tbaltzakis/cloudless.gr/e2e/style.spec.ts:262:16

    attachment #1: screenshot (image/png) ──────────────────────────────────────────────────────────
    test-results/style-Footer-style-footer-logo-link-is-visible-mobile-chrome/test-failed-1.png
    ────────────────────────────────────────────────────────────────────────────────────────────────

    attachment #2: video (video/webm) ──────────────────────────────────────────────────────────────
    test-results/style-Footer-style-footer-logo-link-is-visible-mobile-chrome/video.webm
    ────────────────────────────────────────────────────────────────────────────────────────────────

    Error Context: test-results/style-Footer-style-footer-logo-link-is-visible-mobile-chrome/error-context.md

    Retry #1 ───────────────────────────────────────────────────────────────────────────────────────

    Error: page.goto: net::ERR_CONNECTION_REFUSED at http://localhost:4000/en/contact
    Call log:
      - navigating to "http://localhost:4000/en/contact", waiting until "domcontentloaded"


      260 |
      261 |   test("footer logo link is visible", async ({ page }) => {
    > 262 |     await page.goto("/en/contact", { waitUntil: "domcontentloaded" });
          |                ^
      263 |     const footerLogoLink = page
      264 |       .locator("footer")
      265 |       .getByRole("link", { name: /cloudless/i })
        at /home/tbaltzakis/cloudless.gr/e2e/style.spec.ts:262:16

    attachment #1: screenshot (image/png) ──────────────────────────────────────────────────────────
    test-results/style-Footer-style-footer-logo-link-is-visible-mobile-chrome-retry1/test-failed-1.png
    ────────────────────────────────────────────────────────────────────────────────────────────────

    attachment #2: video (video/webm) ──────────────────────────────────────────────────────────────
    test-results/style-Footer-style-footer-logo-link-is-visible-mobile-chrome-retry1/video.webm
    ────────────────────────────────────────────────────────────────────────────────────────────────

    Error Context: test-results/style-Footer-style-footer-logo-link-is-visible-mobile-chrome-retry1/error-context.md

    attachment #4: trace (application/zip) ─────────────────────────────────────────────────────────
    test-results/style-Footer-style-footer-logo-link-is-visible-mobile-chrome-retry1/trace.zip
    Usage:

        npx playwright show-trace test-results/style-Footer-style-footer-logo-link-is-visible-mobile-chrome-retry1/trace.zip

    ────────────────────────────────────────────────────────────────────────────────────────────────

  1853) [mobile-chrome] › e2e/style.spec.ts:271:7 › Footer style › footer has navigate, services, and legal column headings 

    Error: page.goto: net::ERR_CONNECTION_REFUSED at http://localhost:4000/en
    Call log:
      - navigating to "http://localhost:4000/en", waiting until "domcontentloaded"


      272 |     page,
      273 |   }) => {
    > 274 |     await page.goto("/en", { waitUntil: "domcontentloaded" });
          |                ^
      275 |     const footer = page.locator("footer").first();
      276 |     await footer.scrollIntoViewIfNeeded();
      277 |     await expect(footer).toContainText(/navigate|services|legal/i);
        at /home/tbaltzakis/cloudless.gr/e2e/style.spec.ts:274:16

    attachment #1: screenshot (image/png) ──────────────────────────────────────────────────────────
    test-results/style-Footer-style-footer--6d81f-s-and-legal-column-headings-mobile-chrome/test-failed-1.png
    ────────────────────────────────────────────────────────────────────────────────────────────────

    attachment #2: video (video/webm) ──────────────────────────────────────────────────────────────
    test-results/style-Footer-style-footer--6d81f-s-and-legal-column-headings-mobile-chrome/video.webm
    ────────────────────────────────────────────────────────────────────────────────────────────────

    Error Context: test-results/style-Footer-style-footer--6d81f-s-and-legal-column-headings-mobile-chrome/error-context.md

    Retry #1 ───────────────────────────────────────────────────────────────────────────────────────

    Error: page.goto: net::ERR_CONNECTION_REFUSED at http://localhost:4000/en
    Call log:
      - navigating to "http://localhost:4000/en", waiting until "domcontentloaded"


      272 |     page,
      273 |   }) => {
    > 274 |     await page.goto("/en", { waitUntil: "domcontentloaded" });
          |                ^
      275 |     const footer = page.locator("footer").first();
      276 |     await footer.scrollIntoViewIfNeeded();
      277 |     await expect(footer).toContainText(/navigate|services|legal/i);
        at /home/tbaltzakis/cloudless.gr/e2e/style.spec.ts:274:16

    attachment #1: screenshot (image/png) ──────────────────────────────────────────────────────────
    test-results/style-Footer-style-footer--6d81f-s-and-legal-column-headings-mobile-chrome-retry1/test-failed-1.png
    ────────────────────────────────────────────────────────────────────────────────────────────────

    attachment #2: video (video/webm) ──────────────────────────────────────────────────────────────
    test-results/style-Footer-style-footer--6d81f-s-and-legal-column-headings-mobile-chrome-retry1/video.webm
    ────────────────────────────────────────────────────────────────────────────────────────────────

    Error Context: test-results/style-Footer-style-footer--6d81f-s-and-legal-column-headings-mobile-chrome-retry1/error-context.md

    attachment #4: trace (application/zip) ─────────────────────────────────────────────────────────
    test-results/style-Footer-style-footer--6d81f-s-and-legal-column-headings-mobile-chrome-retry1/trace.zip
    Usage:

        npx playwright show-trace test-results/style-Footer-style-footer--6d81f-s-and-legal-column-headings-mobile-chrome-retry1/trace.zip

    ────────────────────────────────────────────────────────────────────────────────────────────────

  1854) [mobile-chrome] › e2e/style.spec.ts:284:7 › Typography › h1 uses Instrument Sans (heading font) 

    Error: page.goto: net::ERR_CONNECTION_REFUSED at http://localhost:4000/en
    Call log:
      - navigating to "http://localhost:4000/en", waiting until "domcontentloaded"


      283 | test.describe("Typography", () => {
      284 |   test("h1 uses Instrument Sans (heading font)", async ({ page }) => {
    > 285 |     await page.goto("/en", { waitUntil: "domcontentloaded" });
          |                ^
      286 |     const h1 = page.getByRole("heading", { level: 1 }).first();
      287 |     await expect(h1).toBeVisible();
      288 |     const fontFamily = await h1.evaluate(
        at /home/tbaltzakis/cloudless.gr/e2e/style.spec.ts:285:16

    attachment #1: screenshot (image/png) ──────────────────────────────────────────────────────────
    test-results/style-Typography-h1-uses-Instrument-Sans-heading-font--mobile-chrome/test-failed-1.png
    ────────────────────────────────────────────────────────────────────────────────────────────────

    attachment #2: video (video/webm) ──────────────────────────────────────────────────────────────
    test-results/style-Typography-h1-uses-Instrument-Sans-heading-font--mobile-chrome/video.webm
    ────────────────────────────────────────────────────────────────────────────────────────────────

    Error Context: test-results/style-Typography-h1-uses-Instrument-Sans-heading-font--mobile-chrome/error-context.md

    Retry #1 ───────────────────────────────────────────────────────────────────────────────────────

    Error: page.goto: net::ERR_CONNECTION_REFUSED at http://localhost:4000/en
    Call log:
      - navigating to "http://localhost:4000/en", waiting until "domcontentloaded"


      283 | test.describe("Typography", () => {
      284 |   test("h1 uses Instrument Sans (heading font)", async ({ page }) => {
    > 285 |     await page.goto("/en", { waitUntil: "domcontentloaded" });
          |                ^
      286 |     const h1 = page.getByRole("heading", { level: 1 }).first();
      287 |     await expect(h1).toBeVisible();
      288 |     const fontFamily = await h1.evaluate(
        at /home/tbaltzakis/cloudless.gr/e2e/style.spec.ts:285:16

    attachment #1: screenshot (image/png) ──────────────────────────────────────────────────────────
    test-results/style-Typography-h1-uses-Instrument-Sans-heading-font--mobile-chrome-retry1/test-failed-1.png
    ────────────────────────────────────────────────────────────────────────────────────────────────

    attachment #2: video (video/webm) ──────────────────────────────────────────────────────────────
    test-results/style-Typography-h1-uses-Instrument-Sans-heading-font--mobile-chrome-retry1/video.webm
    ────────────────────────────────────────────────────────────────────────────────────────────────

    Error Context: test-results/style-Typography-h1-uses-Instrument-Sans-heading-font--mobile-chrome-retry1/error-context.md

    attachment #4: trace (application/zip) ─────────────────────────────────────────────────────────
    test-results/style-Typography-h1-uses-Instrument-Sans-heading-font--mobile-chrome-retry1/trace.zip
    Usage:

        npx playwright show-trace test-results/style-Typography-h1-uses-Instrument-Sans-heading-font--mobile-chrome-retry1/trace.zip

    ────────────────────────────────────────────────────────────────────────────────────────────────

  1855) [mobile-chrome] › e2e/style.spec.ts:294:7 › Typography › body text uses Work Sans or system sans-serif fallback 

    Error: page.goto: net::ERR_CONNECTION_REFUSED at http://localhost:4000/en
    Call log:
      - navigating to "http://localhost:4000/en", waiting until "domcontentloaded"


      295 |     page,
      296 |   }) => {
    > 297 |     await page.goto("/en", { waitUntil: "domcontentloaded" });
          |                ^
      298 |     const fontFamily = await page
      299 |       .locator("body")
      300 |       .evaluate((el) => getComputedStyle(el).fontFamily);
        at /home/tbaltzakis/cloudless.gr/e2e/style.spec.ts:297:16

    attachment #1: screenshot (image/png) ──────────────────────────────────────────────────────────
    test-results/style-Typography-body-text-e5dcb--system-sans-serif-fallback-mobile-chrome/test-failed-1.png
    ────────────────────────────────────────────────────────────────────────────────────────────────

    attachment #2: video (video/webm) ──────────────────────────────────────────────────────────────
    test-results/style-Typography-body-text-e5dcb--system-sans-serif-fallback-mobile-chrome/video.webm
    ────────────────────────────────────────────────────────────────────────────────────────────────

    Error Context: test-results/style-Typography-body-text-e5dcb--system-sans-serif-fallback-mobile-chrome/error-context.md

    Retry #1 ───────────────────────────────────────────────────────────────────────────────────────

    Error: page.goto: net::ERR_CONNECTION_REFUSED at http://localhost:4000/en
    Call log:
      - navigating to "http://localhost:4000/en", waiting until "domcontentloaded"


      295 |     page,
      296 |   }) => {
    > 297 |     await page.goto("/en", { waitUntil: "domcontentloaded" });
          |                ^
      298 |     const fontFamily = await page
      299 |       .locator("body")
      300 |       .evaluate((el) => getComputedStyle(el).fontFamily);
        at /home/tbaltzakis/cloudless.gr/e2e/style.spec.ts:297:16

    attachment #1: screenshot (image/png) ──────────────────────────────────────────────────────────
    test-results/style-Typography-body-text-e5dcb--system-sans-serif-fallback-mobile-chrome-retry1/test-failed-1.png
    ────────────────────────────────────────────────────────────────────────────────────────────────

    attachment #2: video (video/webm) ──────────────────────────────────────────────────────────────
    test-results/style-Typography-body-text-e5dcb--system-sans-serif-fallback-mobile-chrome-retry1/video.webm
    ────────────────────────────────────────────────────────────────────────────────────────────────

    Error Context: test-results/style-Typography-body-text-e5dcb--system-sans-serif-fallback-mobile-chrome-retry1/error-context.md

    attachment #4: trace (application/zip) ─────────────────────────────────────────────────────────
    test-results/style-Typography-body-text-e5dcb--system-sans-serif-fallback-mobile-chrome-retry1/trace.zip
    Usage:

        npx playwright show-trace test-results/style-Typography-body-text-e5dcb--system-sans-serif-fallback-mobile-chrome-retry1/trace.zip

    ────────────────────────────────────────────────────────────────────────────────────────────────

  1856) [mobile-chrome] › e2e/style.spec.ts:304:7 › Typography › mono elements use Geist Mono or a monospace fallback 

    Error: page.goto: net::ERR_CONNECTION_REFUSED at http://localhost:4000/en
    Call log:
      - navigating to "http://localhost:4000/en", waiting until "domcontentloaded"


      305 |     page,
      306 |   }) => {
    > 307 |     await page.goto("/en", { waitUntil: "domcontentloaded" });
          |                ^
      308 |     const monoEl = page.locator('[class*="font-mono"]').first();
      309 |     if (await monoEl.isVisible({ timeout: 5_000 }).catch(() => false)) {
      310 |       const fontFamily = await monoEl.evaluate(
        at /home/tbaltzakis/cloudless.gr/e2e/style.spec.ts:307:16

    attachment #1: screenshot (image/png) ──────────────────────────────────────────────────────────
    test-results/style-Typography-mono-elem-2451b-ono-or-a-monospace-fallback-mobile-chrome/test-failed-1.png
    ────────────────────────────────────────────────────────────────────────────────────────────────

    attachment #2: video (video/webm) ──────────────────────────────────────────────────────────────
    test-results/style-Typography-mono-elem-2451b-ono-or-a-monospace-fallback-mobile-chrome/video.webm
    ────────────────────────────────────────────────────────────────────────────────────────────────

    Error Context: test-results/style-Typography-mono-elem-2451b-ono-or-a-monospace-fallback-mobile-chrome/error-context.md

    Retry #1 ───────────────────────────────────────────────────────────────────────────────────────

    Error: page.goto: net::ERR_CONNECTION_REFUSED at http://localhost:4000/en
    Call log:
      - navigating to "http://localhost:4000/en", waiting until "domcontentloaded"


      305 |     page,
      306 |   }) => {
    > 307 |     await page.goto("/en", { waitUntil: "domcontentloaded" });
          |                ^
      308 |     const monoEl = page.locator('[class*="font-mono"]').first();
      309 |     if (await monoEl.isVisible({ timeout: 5_000 }).catch(() => false)) {
      310 |       const fontFamily = await monoEl.evaluate(
        at /home/tbaltzakis/cloudless.gr/e2e/style.spec.ts:307:16

    attachment #1: screenshot (image/png) ──────────────────────────────────────────────────────────
    test-results/style-Typography-mono-elem-2451b-ono-or-a-monospace-fallback-mobile-chrome-retry1/test-failed-1.png
    ────────────────────────────────────────────────────────────────────────────────────────────────

    attachment #2: video (video/webm) ──────────────────────────────────────────────────────────────
    test-results/style-Typography-mono-elem-2451b-ono-or-a-monospace-fallback-mobile-chrome-retry1/video.webm
    ────────────────────────────────────────────────────────────────────────────────────────────────

    Error Context: test-results/style-Typography-mono-elem-2451b-ono-or-a-monospace-fallback-mobile-chrome-retry1/error-context.md

    attachment #4: trace (application/zip) ─────────────────────────────────────────────────────────
    test-results/style-Typography-mono-elem-2451b-ono-or-a-monospace-fallback-mobile-chrome-retry1/trace.zip
    Usage:

        npx playwright show-trace test-results/style-Typography-mono-elem-2451b-ono-or-a-monospace-fallback-mobile-chrome-retry1/trace.zip

    ────────────────────────────────────────────────────────────────────────────────────────────────

  1857) [mobile-chrome] › e2e/style.spec.ts:321:7 › CSS / asset loading › no CSS or font requests return 4xx 

    Error: page.goto: net::ERR_CONNECTION_REFUSED at http://localhost:4000/en
    Call log:
      - navigating to "http://localhost:4000/en", waiting until "networkidle"


      330 |       }
      331 |     });
    > 332 |     await page.goto("/en", { waitUntil: "networkidle" });
          |                ^
      333 |     expect(failed, `CSS/font requests failed:\n${failed.join("\n")}`).toHaveLength(0);
      334 |   });
      335 |
        at /home/tbaltzakis/cloudless.gr/e2e/style.spec.ts:332:16

    attachment #1: screenshot (image/png) ──────────────────────────────────────────────────────────
    test-results/style-CSS-asset-loading-no-CSS-or-font-requests-return-4xx-mobile-chrome/test-failed-1.png
    ────────────────────────────────────────────────────────────────────────────────────────────────

    attachment #2: video (video/webm) ──────────────────────────────────────────────────────────────
    test-results/style-CSS-asset-loading-no-CSS-or-font-requests-return-4xx-mobile-chrome/video.webm
    ────────────────────────────────────────────────────────────────────────────────────────────────

    Error Context: test-results/style-CSS-asset-loading-no-CSS-or-font-requests-return-4xx-mobile-chrome/error-context.md

    Retry #1 ───────────────────────────────────────────────────────────────────────────────────────

    Error: page.goto: net::ERR_CONNECTION_REFUSED at http://localhost:4000/en
    Call log:
      - navigating to "http://localhost:4000/en", waiting until "networkidle"


      330 |       }
      331 |     });
    > 332 |     await page.goto("/en", { waitUntil: "networkidle" });
          |                ^
      333 |     expect(failed, `CSS/font requests failed:\n${failed.join("\n")}`).toHaveLength(0);
      334 |   });
      335 |
        at /home/tbaltzakis/cloudless.gr/e2e/style.spec.ts:332:16

    attachment #1: screenshot (image/png) ──────────────────────────────────────────────────────────
    test-results/style-CSS-asset-loading-no-CSS-or-font-requests-return-4xx-mobile-chrome-retry1/test-failed-1.png
    ────────────────────────────────────────────────────────────────────────────────────────────────

    attachment #2: video (video/webm) ──────────────────────────────────────────────────────────────
    test-results/style-CSS-asset-loading-no-CSS-or-font-requests-return-4xx-mobile-chrome-retry1/video.webm
    ────────────────────────────────────────────────────────────────────────────────────────────────

    Error Context: test-results/style-CSS-asset-loading-no-CSS-or-font-requests-return-4xx-mobile-chrome-retry1/error-context.md

    attachment #4: trace (application/zip) ─────────────────────────────────────────────────────────
    test-results/style-CSS-asset-loading-no-CSS-or-font-requests-return-4xx-mobile-chrome-retry1/trace.zip
    Usage:

        npx playwright show-trace test-results/style-CSS-asset-loading-no-CSS-or-font-requests-return-4xx-mobile-chrome-retry1/trace.zip

    ────────────────────────────────────────────────────────────────────────────────────────────────

  1858) [mobile-chrome] › e2e/style.spec.ts:336:7 › CSS / asset loading › no JS chunk requests return 4xx on homepage 

    Error: page.goto: net::ERR_CONNECTION_REFUSED at http://localhost:4000/en
    Call log:
      - navigating to "http://localhost:4000/en", waiting until "networkidle"


      342 |       }
      343 |     });
    > 344 |     await page.goto("/en", { waitUntil: "networkidle" });
          |                ^
      345 |     expect(failed, `JS chunk requests failed:\n${failed.join("\n")}`).toHaveLength(0);
      346 |   });
      347 |
        at /home/tbaltzakis/cloudless.gr/e2e/style.spec.ts:344:16

    attachment #1: screenshot (image/png) ──────────────────────────────────────────────────────────
    test-results/style-CSS-asset-loading-no-05869-ests-return-4xx-on-homepage-mobile-chrome/test-failed-1.png
    ────────────────────────────────────────────────────────────────────────────────────────────────

    attachment #2: video (video/webm) ──────────────────────────────────────────────────────────────
    test-results/style-CSS-asset-loading-no-05869-ests-return-4xx-on-homepage-mobile-chrome/video.webm
    ────────────────────────────────────────────────────────────────────────────────────────────────

    Error Context: test-results/style-CSS-asset-loading-no-05869-ests-return-4xx-on-homepage-mobile-chrome/error-context.md

    Retry #1 ───────────────────────────────────────────────────────────────────────────────────────

    Error: page.goto: net::ERR_CONNECTION_REFUSED at http://localhost:4000/en
    Call log:
      - navigating to "http://localhost:4000/en", waiting until "networkidle"


      342 |       }
      343 |     });
    > 344 |     await page.goto("/en", { waitUntil: "networkidle" });
          |                ^
      345 |     expect(failed, `JS chunk requests failed:\n${failed.join("\n")}`).toHaveLength(0);
      346 |   });
      347 |
        at /home/tbaltzakis/cloudless.gr/e2e/style.spec.ts:344:16

    attachment #1: screenshot (image/png) ──────────────────────────────────────────────────────────
    test-results/style-CSS-asset-loading-no-05869-ests-return-4xx-on-homepage-mobile-chrome-retry1/test-failed-1.png
    ────────────────────────────────────────────────────────────────────────────────────────────────

    attachment #2: video (video/webm) ──────────────────────────────────────────────────────────────
    test-results/style-CSS-asset-loading-no-05869-ests-return-4xx-on-homepage-mobile-chrome-retry1/video.webm
    ────────────────────────────────────────────────────────────────────────────────────────────────

    Error Context: test-results/style-CSS-asset-loading-no-05869-ests-return-4xx-on-homepage-mobile-chrome-retry1/error-context.md

    attachment #4: trace (application/zip) ─────────────────────────────────────────────────────────
    test-results/style-CSS-asset-loading-no-05869-ests-return-4xx-on-homepage-mobile-chrome-retry1/trace.zip
    Usage:

        npx playwright show-trace test-results/style-CSS-asset-loading-no-05869-ests-return-4xx-on-homepage-mobile-chrome-retry1/trace.zip

    ────────────────────────────────────────────────────────────────────────────────────────────────

  1859) [mobile-chrome] › e2e/style.spec.ts:348:7 › CSS / asset loading › no console errors related to CSS or styles 

    Error: page.goto: net::ERR_CONNECTION_REFUSED at http://localhost:4000/en
    Call log:
      - navigating to "http://localhost:4000/en", waiting until "domcontentloaded"


      356 |       }
      357 |     });
    > 358 |     await page.goto("/en", { waitUntil: "domcontentloaded" });
          |                ^
      359 |     expect(styleErrors).toHaveLength(0);
      360 |   });
      361 | });
        at /home/tbaltzakis/cloudless.gr/e2e/style.spec.ts:358:16

    attachment #1: screenshot (image/png) ──────────────────────────────────────────────────────────
    test-results/style-CSS-asset-loading-no-bdabe-rs-related-to-CSS-or-styles-mobile-chrome/test-failed-1.png
    ────────────────────────────────────────────────────────────────────────────────────────────────

    attachment #2: video (video/webm) ──────────────────────────────────────────────────────────────
    test-results/style-CSS-asset-loading-no-bdabe-rs-related-to-CSS-or-styles-mobile-chrome/video.webm
    ────────────────────────────────────────────────────────────────────────────────────────────────

    Error Context: test-results/style-CSS-asset-loading-no-bdabe-rs-related-to-CSS-or-styles-mobile-chrome/error-context.md

    Retry #1 ───────────────────────────────────────────────────────────────────────────────────────

    Error: page.goto: net::ERR_CONNECTION_REFUSED at http://localhost:4000/en
    Call log:
      - navigating to "http://localhost:4000/en", waiting until "domcontentloaded"


      356 |       }
      357 |     });
    > 358 |     await page.goto("/en", { waitUntil: "domcontentloaded" });
          |                ^
      359 |     expect(styleErrors).toHaveLength(0);
      360 |   });
      361 | });
        at /home/tbaltzakis/cloudless.gr/e2e/style.spec.ts:358:16

    attachment #1: screenshot (image/png) ──────────────────────────────────────────────────────────
    test-results/style-CSS-asset-loading-no-bdabe-rs-related-to-CSS-or-styles-mobile-chrome-retry1/test-failed-1.png
    ────────────────────────────────────────────────────────────────────────────────────────────────

    attachment #2: video (video/webm) ──────────────────────────────────────────────────────────────
    test-results/style-CSS-asset-loading-no-bdabe-rs-related-to-CSS-or-styles-mobile-chrome-retry1/video.webm
    ────────────────────────────────────────────────────────────────────────────────────────────────

    Error Context: test-results/style-CSS-asset-loading-no-bdabe-rs-related-to-CSS-or-styles-mobile-chrome-retry1/error-context.md

    attachment #4: trace (application/zip) ─────────────────────────────────────────────────────────
    test-results/style-CSS-asset-loading-no-bdabe-rs-related-to-CSS-or-styles-mobile-chrome-retry1/trace.zip
    Usage:

        npx playwright show-trace test-results/style-CSS-asset-loading-no-bdabe-rs-related-to-CSS-or-styles-mobile-chrome-retry1/trace.zip

    ────────────────────────────────────────────────────────────────────────────────────────────────

  1860) [mobile-chrome] › e2e/style.spec.ts:377:9 › Page-level style integrity › /en — h1 is visible and styled 

    Error: page.goto: net::ERR_CONNECTION_REFUSED at http://localhost:4000/en
    Call log:
      - navigating to "http://localhost:4000/en", waiting until "domcontentloaded"


      376 |   for (const { path, heading } of pages) {
      377 |     test(`${path} — h1 is visible and styled`, async ({ page }) => {
    > 378 |       await page.goto(path, { waitUntil: "domcontentloaded" });
          |                  ^
      379 |       await dismissCookieBanner(page);
      380 |
      381 |       const h1 = page.getByRole("heading", { level: 1 }).first();
        at /home/tbaltzakis/cloudless.gr/e2e/style.spec.ts:378:18

    attachment #1: screenshot (image/png) ──────────────────────────────────────────────────────────
    test-results/style-Page-level-style-int-2cf19--—-h1-is-visible-and-styled-mobile-chrome/test-failed-1.png
    ────────────────────────────────────────────────────────────────────────────────────────────────

    attachment #2: video (video/webm) ──────────────────────────────────────────────────────────────
    test-results/style-Page-level-style-int-2cf19--—-h1-is-visible-and-styled-mobile-chrome/video.webm
    ────────────────────────────────────────────────────────────────────────────────────────────────

    Error Context: test-results/style-Page-level-style-int-2cf19--—-h1-is-visible-and-styled-mobile-chrome/error-context.md

    Retry #1 ───────────────────────────────────────────────────────────────────────────────────────

    Error: page.goto: net::ERR_CONNECTION_REFUSED at http://localhost:4000/en
    Call log:
      - navigating to "http://localhost:4000/en", waiting until "domcontentloaded"


      376 |   for (const { path, heading } of pages) {
      377 |     test(`${path} — h1 is visible and styled`, async ({ page }) => {
    > 378 |       await page.goto(path, { waitUntil: "domcontentloaded" });
          |                  ^
      379 |       await dismissCookieBanner(page);
      380 |
      381 |       const h1 = page.getByRole("heading", { level: 1 }).first();
        at /home/tbaltzakis/cloudless.gr/e2e/style.spec.ts:378:18

    attachment #1: screenshot (image/png) ──────────────────────────────────────────────────────────
    test-results/style-Page-level-style-int-2cf19--—-h1-is-visible-and-styled-mobile-chrome-retry1/test-failed-1.png
    ────────────────────────────────────────────────────────────────────────────────────────────────

    attachment #2: video (video/webm) ──────────────────────────────────────────────────────────────
    test-results/style-Page-level-style-int-2cf19--—-h1-is-visible-and-styled-mobile-chrome-retry1/video.webm
    ────────────────────────────────────────────────────────────────────────────────────────────────

    Error Context: test-results/style-Page-level-style-int-2cf19--—-h1-is-visible-and-styled-mobile-chrome-retry1/error-context.md

    attachment #4: trace (application/zip) ─────────────────────────────────────────────────────────
    test-results/style-Page-level-style-int-2cf19--—-h1-is-visible-and-styled-mobile-chrome-retry1/trace.zip
    Usage:

        npx playwright show-trace test-results/style-Page-level-style-int-2cf19--—-h1-is-visible-and-styled-mobile-chrome-retry1/trace.zip

    ────────────────────────────────────────────────────────────────────────────────────────────────

  1861) [mobile-chrome] › e2e/style.spec.ts:377:9 › Page-level style integrity › /en/services — h1 is visible and styled 

    Error: page.goto: net::ERR_CONNECTION_REFUSED at http://localhost:4000/en/services
    Call log:
      - navigating to "http://localhost:4000/en/services", waiting until "domcontentloaded"


      376 |   for (const { path, heading } of pages) {
      377 |     test(`${path} — h1 is visible and styled`, async ({ page }) => {
    > 378 |       await page.goto(path, { waitUntil: "domcontentloaded" });
          |                  ^
      379 |       await dismissCookieBanner(page);
      380 |
      381 |       const h1 = page.getByRole("heading", { level: 1 }).first();
        at /home/tbaltzakis/cloudless.gr/e2e/style.spec.ts:378:18

    attachment #1: screenshot (image/png) ──────────────────────────────────────────────────────────
    test-results/style-Page-level-style-int-07052--—-h1-is-visible-and-styled-mobile-chrome/test-failed-1.png
    ────────────────────────────────────────────────────────────────────────────────────────────────

    attachment #2: video (video/webm) ──────────────────────────────────────────────────────────────
    test-results/style-Page-level-style-int-07052--—-h1-is-visible-and-styled-mobile-chrome/video.webm
    ────────────────────────────────────────────────────────────────────────────────────────────────

    Error Context: test-results/style-Page-level-style-int-07052--—-h1-is-visible-and-styled-mobile-chrome/error-context.md

    Retry #1 ───────────────────────────────────────────────────────────────────────────────────────

    Error: page.goto: net::ERR_CONNECTION_REFUSED at http://localhost:4000/en/services
    Call log:
      - navigating to "http://localhost:4000/en/services", waiting until "domcontentloaded"


      376 |   for (const { path, heading } of pages) {
      377 |     test(`${path} — h1 is visible and styled`, async ({ page }) => {
    > 378 |       await page.goto(path, { waitUntil: "domcontentloaded" });
          |                  ^
      379 |       await dismissCookieBanner(page);
      380 |
      381 |       const h1 = page.getByRole("heading", { level: 1 }).first();
        at /home/tbaltzakis/cloudless.gr/e2e/style.spec.ts:378:18

    attachment #1: screenshot (image/png) ──────────────────────────────────────────────────────────
    test-results/style-Page-level-style-int-07052--—-h1-is-visible-and-styled-mobile-chrome-retry1/test-failed-1.png
    ────────────────────────────────────────────────────────────────────────────────────────────────

    attachment #2: video (video/webm) ──────────────────────────────────────────────────────────────
    test-results/style-Page-level-style-int-07052--—-h1-is-visible-and-styled-mobile-chrome-retry1/video.webm
    ────────────────────────────────────────────────────────────────────────────────────────────────

    Error Context: test-results/style-Page-level-style-int-07052--—-h1-is-visible-and-styled-mobile-chrome-retry1/error-context.md

    attachment #4: trace (application/zip) ─────────────────────────────────────────────────────────
    test-results/style-Page-level-style-int-07052--—-h1-is-visible-and-styled-mobile-chrome-retry1/trace.zip
    Usage:

        npx playwright show-trace test-results/style-Page-level-style-int-07052--—-h1-is-visible-and-styled-mobile-chrome-retry1/trace.zip

    ────────────────────────────────────────────────────────────────────────────────────────────────

  1862) [mobile-chrome] › e2e/style.spec.ts:377:9 › Page-level style integrity › /en/contact — h1 is visible and styled 

    Error: page.goto: net::ERR_CONNECTION_REFUSED at http://localhost:4000/en/contact
    Call log:
      - navigating to "http://localhost:4000/en/contact", waiting until "domcontentloaded"


      376 |   for (const { path, heading } of pages) {
      377 |     test(`${path} — h1 is visible and styled`, async ({ page }) => {
    > 378 |       await page.goto(path, { waitUntil: "domcontentloaded" });
          |                  ^
      379 |       await dismissCookieBanner(page);
      380 |
      381 |       const h1 = page.getByRole("heading", { level: 1 }).first();
        at /home/tbaltzakis/cloudless.gr/e2e/style.spec.ts:378:18

    attachment #1: screenshot (image/png) ──────────────────────────────────────────────────────────
    test-results/style-Page-level-style-int-3e1f7--—-h1-is-visible-and-styled-mobile-chrome/test-failed-1.png
    ────────────────────────────────────────────────────────────────────────────────────────────────

    attachment #2: video (video/webm) ──────────────────────────────────────────────────────────────
    test-results/style-Page-level-style-int-3e1f7--—-h1-is-visible-and-styled-mobile-chrome/video.webm
    ────────────────────────────────────────────────────────────────────────────────────────────────

    Error Context: test-results/style-Page-level-style-int-3e1f7--—-h1-is-visible-and-styled-mobile-chrome/error-context.md

    Retry #1 ───────────────────────────────────────────────────────────────────────────────────────

    Error: page.goto: net::ERR_CONNECTION_REFUSED at http://localhost:4000/en/contact
    Call log:
      - navigating to "http://localhost:4000/en/contact", waiting until "domcontentloaded"


      376 |   for (const { path, heading } of pages) {
      377 |     test(`${path} — h1 is visible and styled`, async ({ page }) => {
    > 378 |       await page.goto(path, { waitUntil: "domcontentloaded" });
          |                  ^
      379 |       await dismissCookieBanner(page);
      380 |
      381 |       const h1 = page.getByRole("heading", { level: 1 }).first();
        at /home/tbaltzakis/cloudless.gr/e2e/style.spec.ts:378:18

    attachment #1: screenshot (image/png) ──────────────────────────────────────────────────────────
    test-results/style-Page-level-style-int-3e1f7--—-h1-is-visible-and-styled-mobile-chrome-retry1/test-failed-1.png
    ────────────────────────────────────────────────────────────────────────────────────────────────

    attachment #2: video (video/webm) ──────────────────────────────────────────────────────────────
    test-results/style-Page-level-style-int-3e1f7--—-h1-is-visible-and-styled-mobile-chrome-retry1/video.webm
    ────────────────────────────────────────────────────────────────────────────────────────────────

    Error Context: test-results/style-Page-level-style-int-3e1f7--—-h1-is-visible-and-styled-mobile-chrome-retry1/error-context.md

    attachment #4: trace (application/zip) ─────────────────────────────────────────────────────────
    test-results/style-Page-level-style-int-3e1f7--—-h1-is-visible-and-styled-mobile-chrome-retry1/trace.zip
    Usage:

        npx playwright show-trace test-results/style-Page-level-style-int-3e1f7--—-h1-is-visible-and-styled-mobile-chrome-retry1/trace.zip

    ────────────────────────────────────────────────────────────────────────────────────────────────

  1863) [mobile-chrome] › e2e/style.spec.ts:377:9 › Page-level style integrity › /en/work — h1 is visible and styled 

    Error: page.goto: net::ERR_CONNECTION_REFUSED at http://localhost:4000/en/work
    Call log:
      - navigating to "http://localhost:4000/en/work", waiting until "domcontentloaded"


      376 |   for (const { path, heading } of pages) {
      377 |     test(`${path} — h1 is visible and styled`, async ({ page }) => {
    > 378 |       await page.goto(path, { waitUntil: "domcontentloaded" });
          |                  ^
      379 |       await dismissCookieBanner(page);
      380 |
      381 |       const h1 = page.getByRole("heading", { level: 1 }).first();
        at /home/tbaltzakis/cloudless.gr/e2e/style.spec.ts:378:18

    attachment #1: screenshot (image/png) ──────────────────────────────────────────────────────────
    test-results/style-Page-level-style-int-ae3ff--—-h1-is-visible-and-styled-mobile-chrome/test-failed-1.png
    ────────────────────────────────────────────────────────────────────────────────────────────────

    attachment #2: video (video/webm) ──────────────────────────────────────────────────────────────
    test-results/style-Page-level-style-int-ae3ff--—-h1-is-visible-and-styled-mobile-chrome/video.webm
    ────────────────────────────────────────────────────────────────────────────────────────────────

    Error Context: test-results/style-Page-level-style-int-ae3ff--—-h1-is-visible-and-styled-mobile-chrome/error-context.md

    Retry #1 ───────────────────────────────────────────────────────────────────────────────────────

    Error: page.goto: net::ERR_CONNECTION_REFUSED at http://localhost:4000/en/work
    Call log:
      - navigating to "http://localhost:4000/en/work", waiting until "domcontentloaded"


      376 |   for (const { path, heading } of pages) {
      377 |     test(`${path} — h1 is visible and styled`, async ({ page }) => {
    > 378 |       await page.goto(path, { waitUntil: "domcontentloaded" });
          |                  ^
      379 |       await dismissCookieBanner(page);
      380 |
      381 |       const h1 = page.getByRole("heading", { level: 1 }).first();
        at /home/tbaltzakis/cloudless.gr/e2e/style.spec.ts:378:18

    attachment #1: screenshot (image/png) ──────────────────────────────────────────────────────────
    test-results/style-Page-level-style-int-ae3ff--—-h1-is-visible-and-styled-mobile-chrome-retry1/test-failed-1.png
    ────────────────────────────────────────────────────────────────────────────────────────────────

    attachment #2: video (video/webm) ──────────────────────────────────────────────────────────────
    test-results/style-Page-level-style-int-ae3ff--—-h1-is-visible-and-styled-mobile-chrome-retry1/video.webm
    ────────────────────────────────────────────────────────────────────────────────────────────────

    Error Context: test-results/style-Page-level-style-int-ae3ff--—-h1-is-visible-and-styled-mobile-chrome-retry1/error-context.md

    attachment #4: trace (application/zip) ─────────────────────────────────────────────────────────
    test-results/style-Page-level-style-int-ae3ff--—-h1-is-visible-and-styled-mobile-chrome-retry1/trace.zip
    Usage:

        npx playwright show-trace test-results/style-Page-level-style-int-ae3ff--—-h1-is-visible-and-styled-mobile-chrome-retry1/trace.zip

    ────────────────────────────────────────────────────────────────────────────────────────────────

  1864) [mobile-chrome] › e2e/style.spec.ts:377:9 › Page-level style integrity › /en/blog — h1 is visible and styled 

    Error: page.goto: net::ERR_CONNECTION_REFUSED at http://localhost:4000/en/blog
    Call log:
      - navigating to "http://localhost:4000/en/blog", waiting until "domcontentloaded"


      376 |   for (const { path, heading } of pages) {
      377 |     test(`${path} — h1 is visible and styled`, async ({ page }) => {
    > 378 |       await page.goto(path, { waitUntil: "domcontentloaded" });
          |                  ^
      379 |       await dismissCookieBanner(page);
      380 |
      381 |       const h1 = page.getByRole("heading", { level: 1 }).first();
        at /home/tbaltzakis/cloudless.gr/e2e/style.spec.ts:378:18

    attachment #1: screenshot (image/png) ──────────────────────────────────────────────────────────
    test-results/style-Page-level-style-int-92684--—-h1-is-visible-and-styled-mobile-chrome/test-failed-1.png
    ────────────────────────────────────────────────────────────────────────────────────────────────

    attachment #2: video (video/webm) ──────────────────────────────────────────────────────────────
    test-results/style-Page-level-style-int-92684--—-h1-is-visible-and-styled-mobile-chrome/video.webm
    ────────────────────────────────────────────────────────────────────────────────────────────────

    Error Context: test-results/style-Page-level-style-int-92684--—-h1-is-visible-and-styled-mobile-chrome/error-context.md

    Retry #1 ───────────────────────────────────────────────────────────────────────────────────────

    Error: page.goto: net::ERR_CONNECTION_REFUSED at http://localhost:4000/en/blog
    Call log:
      - navigating to "http://localhost:4000/en/blog", waiting until "domcontentloaded"


      376 |   for (const { path, heading } of pages) {
      377 |     test(`${path} — h1 is visible and styled`, async ({ page }) => {
    > 378 |       await page.goto(path, { waitUntil: "domcontentloaded" });
          |                  ^
      379 |       await dismissCookieBanner(page);
      380 |
      381 |       const h1 = page.getByRole("heading", { level: 1 }).first();
        at /home/tbaltzakis/cloudless.gr/e2e/style.spec.ts:378:18

    attachment #1: screenshot (image/png) ──────────────────────────────────────────────────────────
    test-results/style-Page-level-style-int-92684--—-h1-is-visible-and-styled-mobile-chrome-retry1/test-failed-1.png
    ────────────────────────────────────────────────────────────────────────────────────────────────

    attachment #2: video (video/webm) ──────────────────────────────────────────────────────────────
    test-results/style-Page-level-style-int-92684--—-h1-is-visible-and-styled-mobile-chrome-retry1/video.webm
    ────────────────────────────────────────────────────────────────────────────────────────────────

    Error Context: test-results/style-Page-level-style-int-92684--—-h1-is-visible-and-styled-mobile-chrome-retry1/error-context.md

    attachment #4: trace (application/zip) ─────────────────────────────────────────────────────────
    test-results/style-Page-level-style-int-92684--—-h1-is-visible-and-styled-mobile-chrome-retry1/trace.zip
    Usage:

        npx playwright show-trace test-results/style-Page-level-style-int-92684--—-h1-is-visible-and-styled-mobile-chrome-retry1/trace.zip

    ────────────────────────────────────────────────────────────────────────────────────────────────

  1865) [mobile-chrome] › e2e/style.spec.ts:390:7 › Page-level style integrity › /en/services page renders at least 4 service card numbers 

    Error: page.goto: net::ERR_CONNECTION_REFUSED at http://localhost:4000/en/services
    Call log:
      - navigating to "http://localhost:4000/en/services", waiting until "domcontentloaded"


      391 |     page,
      392 |   }) => {
    > 393 |     await page.goto("/en/services", { waitUntil: "domcontentloaded" });
          |                ^
      394 |     await dismissCookieBanner(page);
      395 |
      396 |     // Service card numbers 01–04 exist on the page (multiple copies possible
        at /home/tbaltzakis/cloudless.gr/e2e/style.spec.ts:393:16

    attachment #1: screenshot (image/png) ──────────────────────────────────────────────────────────
    test-results/style-Page-level-style-int-13862-east-4-service-card-numbers-mobile-chrome/test-failed-1.png
    ────────────────────────────────────────────────────────────────────────────────────────────────

    attachment #2: video (video/webm) ──────────────────────────────────────────────────────────────
    test-results/style-Page-level-style-int-13862-east-4-service-card-numbers-mobile-chrome/video.webm
    ────────────────────────────────────────────────────────────────────────────────────────────────

    Error Context: test-results/style-Page-level-style-int-13862-east-4-service-card-numbers-mobile-chrome/error-context.md

    Retry #1 ───────────────────────────────────────────────────────────────────────────────────────

    Error: page.goto: net::ERR_CONNECTION_REFUSED at http://localhost:4000/en/services
    Call log:
      - navigating to "http://localhost:4000/en/services", waiting until "domcontentloaded"


      391 |     page,
      392 |   }) => {
    > 393 |     await page.goto("/en/services", { waitUntil: "domcontentloaded" });
          |                ^
      394 |     await dismissCookieBanner(page);
      395 |
      396 |     // Service card numbers 01–04 exist on the page (multiple copies possible
        at /home/tbaltzakis/cloudless.gr/e2e/style.spec.ts:393:16

    attachment #1: screenshot (image/png) ──────────────────────────────────────────────────────────
    test-results/style-Page-level-style-int-13862-east-4-service-card-numbers-mobile-chrome-retry1/test-failed-1.png
    ────────────────────────────────────────────────────────────────────────────────────────────────

    attachment #2: video (video/webm) ──────────────────────────────────────────────────────────────
    test-results/style-Page-level-style-int-13862-east-4-service-card-numbers-mobile-chrome-retry1/video.webm
    ────────────────────────────────────────────────────────────────────────────────────────────────

    Error Context: test-results/style-Page-level-style-int-13862-east-4-service-card-numbers-mobile-chrome-retry1/error-context.md

    attachment #4: trace (application/zip) ─────────────────────────────────────────────────────────
    test-results/style-Page-level-style-int-13862-east-4-service-card-numbers-mobile-chrome-retry1/trace.zip
    Usage:

        npx playwright show-trace test-results/style-Page-level-style-int-13862-east-4-service-card-numbers-mobile-chrome-retry1/trace.zip

    ────────────────────────────────────────────────────────────────────────────────────────────────

  1866) [mobile-chrome] › e2e/style.spec.ts:405:7 › Page-level style integrity › /en/contact page renders the contact form 

    Error: page.goto: net::ERR_CONNECTION_REFUSED at http://localhost:4000/en/contact
    Call log:
      - navigating to "http://localhost:4000/en/contact", waiting until "domcontentloaded"


      404 |
      405 |   test("/en/contact page renders the contact form", async ({ page }) => {
    > 406 |     await page.goto("/en/contact", { waitUntil: "domcontentloaded" });
          |                ^
      407 |     await dismissCookieBanner(page);
      408 |
      409 |     await expect(
        at /home/tbaltzakis/cloudless.gr/e2e/style.spec.ts:406:16

    attachment #1: screenshot (image/png) ──────────────────────────────────────────────────────────
    test-results/style-Page-level-style-int-30fe7-ge-renders-the-contact-form-mobile-chrome/test-failed-1.png
    ────────────────────────────────────────────────────────────────────────────────────────────────

    attachment #2: video (video/webm) ──────────────────────────────────────────────────────────────
    test-results/style-Page-level-style-int-30fe7-ge-renders-the-contact-form-mobile-chrome/video.webm
    ────────────────────────────────────────────────────────────────────────────────────────────────

    Error Context: test-results/style-Page-level-style-int-30fe7-ge-renders-the-contact-form-mobile-chrome/error-context.md

    Retry #1 ───────────────────────────────────────────────────────────────────────────────────────

    Error: page.goto: net::ERR_CONNECTION_REFUSED at http://localhost:4000/en/contact
    Call log:
      - navigating to "http://localhost:4000/en/contact", waiting until "domcontentloaded"


      404 |
      405 |   test("/en/contact page renders the contact form", async ({ page }) => {
    > 406 |     await page.goto("/en/contact", { waitUntil: "domcontentloaded" });
          |                ^
      407 |     await dismissCookieBanner(page);
      408 |
      409 |     await expect(
        at /home/tbaltzakis/cloudless.gr/e2e/style.spec.ts:406:16

    attachment #1: screenshot (image/png) ──────────────────────────────────────────────────────────
    test-results/style-Page-level-style-int-30fe7-ge-renders-the-contact-form-mobile-chrome-retry1/test-failed-1.png
    ────────────────────────────────────────────────────────────────────────────────────────────────

    attachment #2: video (video/webm) ──────────────────────────────────────────────────────────────
    test-results/style-Page-level-style-int-30fe7-ge-renders-the-contact-form-mobile-chrome-retry1/video.webm
    ────────────────────────────────────────────────────────────────────────────────────────────────

    Error Context: test-results/style-Page-level-style-int-30fe7-ge-renders-the-contact-form-mobile-chrome-retry1/error-context.md

    attachment #4: trace (application/zip) ─────────────────────────────────────────────────────────
    test-results/style-Page-level-style-int-30fe7-ge-renders-the-contact-form-mobile-chrome-retry1/trace.zip
    Usage:

        npx playwright show-trace test-results/style-Page-level-style-int-30fe7-ge-renders-the-contact-form-mobile-chrome-retry1/trace.zip

    ────────────────────────────────────────────────────────────────────────────────────────────────

  1867) [mobile-chrome] › e2e/test-mcp-servers.spec.mts:189:3 › OpenNext.js Configuration › open-next.config.ts exists and is valid 

    Error: Should have cachingStrategy or incrementalCache configuration

    expect(received).toBeTruthy()

    Received: false

      199 |       content.includes("cachingStrategy") || content.includes("incrementalCache"),
      200 |       "Should have cachingStrategy or incrementalCache configuration"
    > 201 |     ).toBeTruthy();
          |       ^
      202 |   });
      203 |
      204 |   test("Next.js version is compatible with OpenNext.js", async () => {
        at /home/tbaltzakis/cloudless.gr/e2e/test-mcp-servers.spec.mts:201:7

    Error Context: test-results/test-mcp-servers-OpenNext--d6717-nfig-ts-exists-and-is-valid-mobile-chrome/error-context.md

    Retry #1 ───────────────────────────────────────────────────────────────────────────────────────

    Error: Should have cachingStrategy or incrementalCache configuration

    expect(received).toBeTruthy()

    Received: false

      199 |       content.includes("cachingStrategy") || content.includes("incrementalCache"),
      200 |       "Should have cachingStrategy or incrementalCache configuration"
    > 201 |     ).toBeTruthy();
          |       ^
      202 |   });
      203 |
      204 |   test("Next.js version is compatible with OpenNext.js", async () => {
        at /home/tbaltzakis/cloudless.gr/e2e/test-mcp-servers.spec.mts:201:7

    Error Context: test-results/test-mcp-servers-OpenNext--d6717-nfig-ts-exists-and-is-valid-mobile-chrome-retry1/error-context.md

    attachment #2: trace (application/zip) ─────────────────────────────────────────────────────────
    test-results/test-mcp-servers-OpenNext--d6717-nfig-ts-exists-and-is-valid-mobile-chrome-retry1/trace.zip
    Usage:

        npx playwright show-trace test-results/test-mcp-servers-OpenNext--d6717-nfig-ts-exists-and-is-valid-mobile-chrome-retry1/trace.zip

    ────────────────────────────────────────────────────────────────────────────────────────────────

  1868) [mobile-chrome] › e2e/theme-switcher.spec.ts:102:7 › ThemeSwitcher (mobile inline) › appears as a 3-radio group inside the mobile menu 

    Error: page.goto: net::ERR_CONNECTION_REFUSED at http://localhost:4000/
    Call log:
      - navigating to "http://localhost:4000/", waiting until "load"


      103 |     page,
      104 |   }) => {
    > 105 |     await page.goto("/");
          |                ^
      106 |     // Open the mobile hamburger.
      107 |     await page.getByRole("button", { name: /toggle menu/i }).click();
      108 |     const radios = page.getByRole("radio", { name: /Theme:/i });
        at /home/tbaltzakis/cloudless.gr/e2e/theme-switcher.spec.ts:105:16

    attachment #1: screenshot (image/png) ──────────────────────────────────────────────────────────
    test-results/theme-switcher-ThemeSwitch-43ff6-roup-inside-the-mobile-menu-mobile-chrome/test-failed-1.png
    ────────────────────────────────────────────────────────────────────────────────────────────────

    attachment #2: video (video/webm) ──────────────────────────────────────────────────────────────
    test-results/theme-switcher-ThemeSwitch-43ff6-roup-inside-the-mobile-menu-mobile-chrome/video.webm
    ────────────────────────────────────────────────────────────────────────────────────────────────

    Error Context: test-results/theme-switcher-ThemeSwitch-43ff6-roup-inside-the-mobile-menu-mobile-chrome/error-context.md

    Retry #1 ───────────────────────────────────────────────────────────────────────────────────────

    Error: page.goto: net::ERR_CONNECTION_REFUSED at http://localhost:4000/
    Call log:
      - navigating to "http://localhost:4000/", waiting until "load"


      103 |     page,
      104 |   }) => {
    > 105 |     await page.goto("/");
          |                ^
      106 |     // Open the mobile hamburger.
      107 |     await page.getByRole("button", { name: /toggle menu/i }).click();
      108 |     const radios = page.getByRole("radio", { name: /Theme:/i });
        at /home/tbaltzakis/cloudless.gr/e2e/theme-switcher.spec.ts:105:16

    attachment #1: screenshot (image/png) ──────────────────────────────────────────────────────────
    test-results/theme-switcher-ThemeSwitch-43ff6-roup-inside-the-mobile-menu-mobile-chrome-retry1/test-failed-1.png
    ────────────────────────────────────────────────────────────────────────────────────────────────

    attachment #2: video (video/webm) ──────────────────────────────────────────────────────────────
    test-results/theme-switcher-ThemeSwitch-43ff6-roup-inside-the-mobile-menu-mobile-chrome-retry1/video.webm
    ────────────────────────────────────────────────────────────────────────────────────────────────

    Error Context: test-results/theme-switcher-ThemeSwitch-43ff6-roup-inside-the-mobile-menu-mobile-chrome-retry1/error-context.md

    attachment #4: trace (application/zip) ─────────────────────────────────────────────────────────
    test-results/theme-switcher-ThemeSwitch-43ff6-roup-inside-the-mobile-menu-mobile-chrome-retry1/trace.zip
    Usage:

        npx playwright show-trace test-results/theme-switcher-ThemeSwitch-43ff6-roup-inside-the-mobile-menu-mobile-chrome-retry1/trace.zip

    ────────────────────────────────────────────────────────────────────────────────────────────────

  1869) [mobile-chrome] › e2e/ui/components/button.spec.ts:21:7 › Button Component › should render different button variants 

    Error: page.goto: net::ERR_CONNECTION_REFUSED at http://localhost:4000/services
    Call log:
      - navigating to "http://localhost:4000/services", waiting until "load"


       at helpers/page-helpers.ts:13

      11 |
      12 |   async navigate(path: string) {
    > 13 |     await this.page.goto(path);
         |                     ^
      14 |     await this.page.waitForLoadState("networkidle");
      15 |   }
      16 |
        at BasePage.navigate (/home/tbaltzakis/cloudless.gr/e2e/helpers/page-helpers.ts:13:21)
        at /home/tbaltzakis/cloudless.gr/e2e/ui/components/button.spec.ts:18:16

    attachment #1: screenshot (image/png) ──────────────────────────────────────────────────────────
    test-results/ui-components-button-Butto-618e2-r-different-button-variants-mobile-chrome/test-failed-1.png
    ────────────────────────────────────────────────────────────────────────────────────────────────

    attachment #2: video (video/webm) ──────────────────────────────────────────────────────────────
    test-results/ui-components-button-Butto-618e2-r-different-button-variants-mobile-chrome/video.webm
    ────────────────────────────────────────────────────────────────────────────────────────────────

    Error Context: test-results/ui-components-button-Butto-618e2-r-different-button-variants-mobile-chrome/error-context.md

    Retry #1 ───────────────────────────────────────────────────────────────────────────────────────

    Error: page.goto: net::ERR_CONNECTION_REFUSED at http://localhost:4000/services
    Call log:
      - navigating to "http://localhost:4000/services", waiting until "load"


       at helpers/page-helpers.ts:13

      11 |
      12 |   async navigate(path: string) {
    > 13 |     await this.page.goto(path);
         |                     ^
      14 |     await this.page.waitForLoadState("networkidle");
      15 |   }
      16 |
        at BasePage.navigate (/home/tbaltzakis/cloudless.gr/e2e/helpers/page-helpers.ts:13:21)
        at /home/tbaltzakis/cloudless.gr/e2e/ui/components/button.spec.ts:18:16

    attachment #1: screenshot (image/png) ──────────────────────────────────────────────────────────
    test-results/ui-components-button-Butto-618e2-r-different-button-variants-mobile-chrome-retry1/test-failed-1.png
    ────────────────────────────────────────────────────────────────────────────────────────────────

    attachment #2: video (video/webm) ──────────────────────────────────────────────────────────────
    test-results/ui-components-button-Butto-618e2-r-different-button-variants-mobile-chrome-retry1/video.webm
    ────────────────────────────────────────────────────────────────────────────────────────────────

    Error Context: test-results/ui-components-button-Butto-618e2-r-different-button-variants-mobile-chrome-retry1/error-context.md

    attachment #4: trace (application/zip) ─────────────────────────────────────────────────────────
    test-results/ui-components-button-Butto-618e2-r-different-button-variants-mobile-chrome-retry1/trace.zip
    Usage:

        npx playwright show-trace test-results/ui-components-button-Butto-618e2-r-different-button-variants-mobile-chrome-retry1/trace.zip

    ────────────────────────────────────────────────────────────────────────────────────────────────

  1870) [mobile-chrome] › e2e/ui/components/button.spec.ts:43:7 › Button Component › should have proper button states 

    Error: page.goto: net::ERR_CONNECTION_REFUSED at http://localhost:4000/services
    Call log:
      - navigating to "http://localhost:4000/services", waiting until "load"


       at helpers/page-helpers.ts:13

      11 |
      12 |   async navigate(path: string) {
    > 13 |     await this.page.goto(path);
         |                     ^
      14 |     await this.page.waitForLoadState("networkidle");
      15 |   }
      16 |
        at BasePage.navigate (/home/tbaltzakis/cloudless.gr/e2e/helpers/page-helpers.ts:13:21)
        at /home/tbaltzakis/cloudless.gr/e2e/ui/components/button.spec.ts:18:16

    attachment #1: screenshot (image/png) ──────────────────────────────────────────────────────────
    test-results/ui-components-button-Butto-e63e6-d-have-proper-button-states-mobile-chrome/test-failed-1.png
    ────────────────────────────────────────────────────────────────────────────────────────────────

    attachment #2: video (video/webm) ──────────────────────────────────────────────────────────────
    test-results/ui-components-button-Butto-e63e6-d-have-proper-button-states-mobile-chrome/video.webm
    ────────────────────────────────────────────────────────────────────────────────────────────────

    Error Context: test-results/ui-components-button-Butto-e63e6-d-have-proper-button-states-mobile-chrome/error-context.md

    Retry #1 ───────────────────────────────────────────────────────────────────────────────────────

    Error: page.goto: net::ERR_CONNECTION_REFUSED at http://localhost:4000/services
    Call log:
      - navigating to "http://localhost:4000/services", waiting until "load"


       at helpers/page-helpers.ts:13

      11 |
      12 |   async navigate(path: string) {
    > 13 |     await this.page.goto(path);
         |                     ^
      14 |     await this.page.waitForLoadState("networkidle");
      15 |   }
      16 |
        at BasePage.navigate (/home/tbaltzakis/cloudless.gr/e2e/helpers/page-helpers.ts:13:21)
        at /home/tbaltzakis/cloudless.gr/e2e/ui/components/button.spec.ts:18:16

    attachment #1: screenshot (image/png) ──────────────────────────────────────────────────────────
    test-results/ui-components-button-Butto-e63e6-d-have-proper-button-states-mobile-chrome-retry1/test-failed-1.png
    ────────────────────────────────────────────────────────────────────────────────────────────────

    attachment #2: video (video/webm) ──────────────────────────────────────────────────────────────
    test-results/ui-components-button-Butto-e63e6-d-have-proper-button-states-mobile-chrome-retry1/video.webm
    ────────────────────────────────────────────────────────────────────────────────────────────────

    Error Context: test-results/ui-components-button-Butto-e63e6-d-have-proper-button-states-mobile-chrome-retry1/error-context.md

    attachment #4: trace (application/zip) ─────────────────────────────────────────────────────────
    test-results/ui-components-button-Butto-e63e6-d-have-proper-button-states-mobile-chrome-retry1/trace.zip
    Usage:

        npx playwright show-trace test-results/ui-components-button-Butto-e63e6-d-have-proper-button-states-mobile-chrome-retry1/trace.zip

    ────────────────────────────────────────────────────────────────────────────────────────────────

  1871) [mobile-chrome] › e2e/ui/components/button.spec.ts:76:7 › Button Component › should have accessible button labels 

    Error: page.goto: net::ERR_CONNECTION_REFUSED at http://localhost:4000/services
    Call log:
      - navigating to "http://localhost:4000/services", waiting until "load"


       at helpers/page-helpers.ts:13

      11 |
      12 |   async navigate(path: string) {
    > 13 |     await this.page.goto(path);
         |                     ^
      14 |     await this.page.waitForLoadState("networkidle");
      15 |   }
      16 |
        at BasePage.navigate (/home/tbaltzakis/cloudless.gr/e2e/helpers/page-helpers.ts:13:21)
        at /home/tbaltzakis/cloudless.gr/e2e/ui/components/button.spec.ts:18:16

    attachment #1: screenshot (image/png) ──────────────────────────────────────────────────────────
    test-results/ui-components-button-Butto-6d8db-ve-accessible-button-labels-mobile-chrome/test-failed-1.png
    ────────────────────────────────────────────────────────────────────────────────────────────────

    attachment #2: video (video/webm) ──────────────────────────────────────────────────────────────
    test-results/ui-components-button-Butto-6d8db-ve-accessible-button-labels-mobile-chrome/video.webm
    ────────────────────────────────────────────────────────────────────────────────────────────────

    Error Context: test-results/ui-components-button-Butto-6d8db-ve-accessible-button-labels-mobile-chrome/error-context.md

    Retry #1 ───────────────────────────────────────────────────────────────────────────────────────

    Error: page.goto: net::ERR_CONNECTION_REFUSED at http://localhost:4000/services
    Call log:
      - navigating to "http://localhost:4000/services", waiting until "load"


       at helpers/page-helpers.ts:13

      11 |
      12 |   async navigate(path: string) {
    > 13 |     await this.page.goto(path);
         |                     ^
      14 |     await this.page.waitForLoadState("networkidle");
      15 |   }
      16 |
        at BasePage.navigate (/home/tbaltzakis/cloudless.gr/e2e/helpers/page-helpers.ts:13:21)
        at /home/tbaltzakis/cloudless.gr/e2e/ui/components/button.spec.ts:18:16

    attachment #1: screenshot (image/png) ──────────────────────────────────────────────────────────
    test-results/ui-components-button-Butto-6d8db-ve-accessible-button-labels-mobile-chrome-retry1/test-failed-1.png
    ────────────────────────────────────────────────────────────────────────────────────────────────

    attachment #2: video (video/webm) ──────────────────────────────────────────────────────────────
    test-results/ui-components-button-Butto-6d8db-ve-accessible-button-labels-mobile-chrome-retry1/video.webm
    ────────────────────────────────────────────────────────────────────────────────────────────────

    Error Context: test-results/ui-components-button-Butto-6d8db-ve-accessible-button-labels-mobile-chrome-retry1/error-context.md

    attachment #4: trace (application/zip) ─────────────────────────────────────────────────────────
    test-results/ui-components-button-Butto-6d8db-ve-accessible-button-labels-mobile-chrome-retry1/trace.zip
    Usage:

        npx playwright show-trace test-results/ui-components-button-Butto-6d8db-ve-accessible-button-labels-mobile-chrome-retry1/trace.zip

    ────────────────────────────────────────────────────────────────────────────────────────────────

  1872) [mobile-chrome] › e2e/ui/components/button.spec.ts:108:9 › Button Component › Button Types › should render submit buttons correctly 

    Error: page.goto: net::ERR_CONNECTION_REFUSED at http://localhost:4000/services
    Call log:
      - navigating to "http://localhost:4000/services", waiting until "load"


       at helpers/page-helpers.ts:13

      11 |
      12 |   async navigate(path: string) {
    > 13 |     await this.page.goto(path);
         |                     ^
      14 |     await this.page.waitForLoadState("networkidle");
      15 |   }
      16 |
        at BasePage.navigate (/home/tbaltzakis/cloudless.gr/e2e/helpers/page-helpers.ts:13:21)
        at /home/tbaltzakis/cloudless.gr/e2e/ui/components/button.spec.ts:18:16

    attachment #1: screenshot (image/png) ──────────────────────────────────────────────────────────
    test-results/ui-components-button-Butto-4410d-er-submit-buttons-correctly-mobile-chrome/test-failed-1.png
    ────────────────────────────────────────────────────────────────────────────────────────────────

    attachment #2: video (video/webm) ──────────────────────────────────────────────────────────────
    test-results/ui-components-button-Butto-4410d-er-submit-buttons-correctly-mobile-chrome/video.webm
    ────────────────────────────────────────────────────────────────────────────────────────────────

    Error Context: test-results/ui-components-button-Butto-4410d-er-submit-buttons-correctly-mobile-chrome/error-context.md

    Retry #1 ───────────────────────────────────────────────────────────────────────────────────────

    Error: page.goto: net::ERR_CONNECTION_REFUSED at http://localhost:4000/services
    Call log:
      - navigating to "http://localhost:4000/services", waiting until "load"


       at helpers/page-helpers.ts:13

      11 |
      12 |   async navigate(path: string) {
    > 13 |     await this.page.goto(path);
         |                     ^
      14 |     await this.page.waitForLoadState("networkidle");
      15 |   }
      16 |
        at BasePage.navigate (/home/tbaltzakis/cloudless.gr/e2e/helpers/page-helpers.ts:13:21)
        at /home/tbaltzakis/cloudless.gr/e2e/ui/components/button.spec.ts:18:16

    attachment #1: screenshot (image/png) ──────────────────────────────────────────────────────────
    test-results/ui-components-button-Butto-4410d-er-submit-buttons-correctly-mobile-chrome-retry1/test-failed-1.png
    ────────────────────────────────────────────────────────────────────────────────────────────────

    attachment #2: video (video/webm) ──────────────────────────────────────────────────────────────
    test-results/ui-components-button-Butto-4410d-er-submit-buttons-correctly-mobile-chrome-retry1/video.webm
    ────────────────────────────────────────────────────────────────────────────────────────────────

    Error Context: test-results/ui-components-button-Butto-4410d-er-submit-buttons-correctly-mobile-chrome-retry1/error-context.md

    attachment #4: trace (application/zip) ─────────────────────────────────────────────────────────
    test-results/ui-components-button-Butto-4410d-er-submit-buttons-correctly-mobile-chrome-retry1/trace.zip
    Usage:

        npx playwright show-trace test-results/ui-components-button-Butto-4410d-er-submit-buttons-correctly-mobile-chrome-retry1/trace.zip

    ────────────────────────────────────────────────────────────────────────────────────────────────

  1873) [mobile-chrome] › e2e/ui/components/button.spec.ts:125:9 › Button Component › Button Types › should render button links correctly 

    Error: page.goto: net::ERR_CONNECTION_REFUSED at http://localhost:4000/services
    Call log:
      - navigating to "http://localhost:4000/services", waiting until "load"


       at helpers/page-helpers.ts:13

      11 |
      12 |   async navigate(path: string) {
    > 13 |     await this.page.goto(path);
         |                     ^
      14 |     await this.page.waitForLoadState("networkidle");
      15 |   }
      16 |
        at BasePage.navigate (/home/tbaltzakis/cloudless.gr/e2e/helpers/page-helpers.ts:13:21)
        at /home/tbaltzakis/cloudless.gr/e2e/ui/components/button.spec.ts:18:16

    attachment #1: screenshot (image/png) ──────────────────────────────────────────────────────────
    test-results/ui-components-button-Butto-a5856-nder-button-links-correctly-mobile-chrome/test-failed-1.png
    ────────────────────────────────────────────────────────────────────────────────────────────────

    attachment #2: video (video/webm) ──────────────────────────────────────────────────────────────
    test-results/ui-components-button-Butto-a5856-nder-button-links-correctly-mobile-chrome/video.webm
    ────────────────────────────────────────────────────────────────────────────────────────────────

    Error Context: test-results/ui-components-button-Butto-a5856-nder-button-links-correctly-mobile-chrome/error-context.md

    Retry #1 ───────────────────────────────────────────────────────────────────────────────────────

    Error: page.goto: net::ERR_CONNECTION_REFUSED at http://localhost:4000/services
    Call log:
      - navigating to "http://localhost:4000/services", waiting until "load"


       at helpers/page-helpers.ts:13

      11 |
      12 |   async navigate(path: string) {
    > 13 |     await this.page.goto(path);
         |                     ^
      14 |     await this.page.waitForLoadState("networkidle");
      15 |   }
      16 |
        at BasePage.navigate (/home/tbaltzakis/cloudless.gr/e2e/helpers/page-helpers.ts:13:21)
        at /home/tbaltzakis/cloudless.gr/e2e/ui/components/button.spec.ts:18:16

    attachment #1: screenshot (image/png) ──────────────────────────────────────────────────────────
    test-results/ui-components-button-Butto-a5856-nder-button-links-correctly-mobile-chrome-retry1/test-failed-1.png
    ────────────────────────────────────────────────────────────────────────────────────────────────

    attachment #2: video (video/webm) ──────────────────────────────────────────────────────────────
    test-results/ui-components-button-Butto-a5856-nder-button-links-correctly-mobile-chrome-retry1/video.webm
    ────────────────────────────────────────────────────────────────────────────────────────────────

    Error Context: test-results/ui-components-button-Butto-a5856-nder-button-links-correctly-mobile-chrome-retry1/error-context.md

    attachment #4: trace (application/zip) ─────────────────────────────────────────────────────────
    test-results/ui-components-button-Butto-a5856-nder-button-links-correctly-mobile-chrome-retry1/trace.zip
    Usage:

        npx playwright show-trace test-results/ui-components-button-Butto-a5856-nder-button-links-correctly-mobile-chrome-retry1/trace.zip

    ────────────────────────────────────────────────────────────────────────────────────────────────

  1874) [mobile-chrome] › e2e/ui/components/button.spec.ts:148:9 › Button Component › Button Types › should render icon buttons correctly 

    Error: page.goto: net::ERR_CONNECTION_REFUSED at http://localhost:4000/services
    Call log:
      - navigating to "http://localhost:4000/services", waiting until "load"


       at helpers/page-helpers.ts:13

      11 |
      12 |   async navigate(path: string) {
    > 13 |     await this.page.goto(path);
         |                     ^
      14 |     await this.page.waitForLoadState("networkidle");
      15 |   }
      16 |
        at BasePage.navigate (/home/tbaltzakis/cloudless.gr/e2e/helpers/page-helpers.ts:13:21)
        at /home/tbaltzakis/cloudless.gr/e2e/ui/components/button.spec.ts:18:16

    attachment #1: screenshot (image/png) ──────────────────────────────────────────────────────────
    test-results/ui-components-button-Butto-9f077-nder-icon-buttons-correctly-mobile-chrome/test-failed-1.png
    ────────────────────────────────────────────────────────────────────────────────────────────────

    attachment #2: video (video/webm) ──────────────────────────────────────────────────────────────
    test-results/ui-components-button-Butto-9f077-nder-icon-buttons-correctly-mobile-chrome/video.webm
    ────────────────────────────────────────────────────────────────────────────────────────────────

    Error Context: test-results/ui-components-button-Butto-9f077-nder-icon-buttons-correctly-mobile-chrome/error-context.md

    Retry #1 ───────────────────────────────────────────────────────────────────────────────────────

    Error: page.goto: net::ERR_CONNECTION_REFUSED at http://localhost:4000/services
    Call log:
      - navigating to "http://localhost:4000/services", waiting until "load"


       at helpers/page-helpers.ts:13

      11 |
      12 |   async navigate(path: string) {
    > 13 |     await this.page.goto(path);
         |                     ^
      14 |     await this.page.waitForLoadState("networkidle");
      15 |   }
      16 |
        at BasePage.navigate (/home/tbaltzakis/cloudless.gr/e2e/helpers/page-helpers.ts:13:21)
        at /home/tbaltzakis/cloudless.gr/e2e/ui/components/button.spec.ts:18:16

    attachment #1: screenshot (image/png) ──────────────────────────────────────────────────────────
    test-results/ui-components-button-Butto-9f077-nder-icon-buttons-correctly-mobile-chrome-retry1/test-failed-1.png
    ────────────────────────────────────────────────────────────────────────────────────────────────

    attachment #2: video (video/webm) ──────────────────────────────────────────────────────────────
    test-results/ui-components-button-Butto-9f077-nder-icon-buttons-correctly-mobile-chrome-retry1/video.webm
    ────────────────────────────────────────────────────────────────────────────────────────────────

    Error Context: test-results/ui-components-button-Butto-9f077-nder-icon-buttons-correctly-mobile-chrome-retry1/error-context.md

    attachment #4: trace (application/zip) ─────────────────────────────────────────────────────────
    test-results/ui-components-button-Butto-9f077-nder-icon-buttons-correctly-mobile-chrome-retry1/trace.zip
    Usage:

        npx playwright show-trace test-results/ui-components-button-Butto-9f077-nder-icon-buttons-correctly-mobile-chrome-retry1/trace.zip

    ────────────────────────────────────────────────────────────────────────────────────────────────

  1875) [mobile-chrome] › e2e/ui/components/button.spec.ts:171:9 › Button Component › Button States › should show loading state when disabled 

    Error: page.goto: net::ERR_CONNECTION_REFUSED at http://localhost:4000/services
    Call log:
      - navigating to "http://localhost:4000/services", waiting until "load"


       at helpers/page-helpers.ts:13

      11 |
      12 |   async navigate(path: string) {
    > 13 |     await this.page.goto(path);
         |                     ^
      14 |     await this.page.waitForLoadState("networkidle");
      15 |   }
      16 |
        at BasePage.navigate (/home/tbaltzakis/cloudless.gr/e2e/helpers/page-helpers.ts:13:21)
        at /home/tbaltzakis/cloudless.gr/e2e/ui/components/button.spec.ts:18:16

    attachment #1: screenshot (image/png) ──────────────────────────────────────────────────────────
    test-results/ui-components-button-Butto-c0474-loading-state-when-disabled-mobile-chrome/test-failed-1.png
    ────────────────────────────────────────────────────────────────────────────────────────────────

    attachment #2: video (video/webm) ──────────────────────────────────────────────────────────────
    test-results/ui-components-button-Butto-c0474-loading-state-when-disabled-mobile-chrome/video.webm
    ────────────────────────────────────────────────────────────────────────────────────────────────

    Error Context: test-results/ui-components-button-Butto-c0474-loading-state-when-disabled-mobile-chrome/error-context.md

    Retry #1 ───────────────────────────────────────────────────────────────────────────────────────

    Error: page.goto: net::ERR_CONNECTION_REFUSED at http://localhost:4000/services
    Call log:
      - navigating to "http://localhost:4000/services", waiting until "load"


       at helpers/page-helpers.ts:13

      11 |
      12 |   async navigate(path: string) {
    > 13 |     await this.page.goto(path);
         |                     ^
      14 |     await this.page.waitForLoadState("networkidle");
      15 |   }
      16 |
        at BasePage.navigate (/home/tbaltzakis/cloudless.gr/e2e/helpers/page-helpers.ts:13:21)
        at /home/tbaltzakis/cloudless.gr/e2e/ui/components/button.spec.ts:18:16

    attachment #1: screenshot (image/png) ──────────────────────────────────────────────────────────
    test-results/ui-components-button-Butto-c0474-loading-state-when-disabled-mobile-chrome-retry1/test-failed-1.png
    ────────────────────────────────────────────────────────────────────────────────────────────────

    attachment #2: video (video/webm) ──────────────────────────────────────────────────────────────
    test-results/ui-components-button-Butto-c0474-loading-state-when-disabled-mobile-chrome-retry1/video.webm
    ────────────────────────────────────────────────────────────────────────────────────────────────

    Error Context: test-results/ui-components-button-Butto-c0474-loading-state-when-disabled-mobile-chrome-retry1/error-context.md

    attachment #4: trace (application/zip) ─────────────────────────────────────────────────────────
    test-results/ui-components-button-Butto-c0474-loading-state-when-disabled-mobile-chrome-retry1/trace.zip
    Usage:

        npx playwright show-trace test-results/ui-components-button-Butto-c0474-loading-state-when-disabled-mobile-chrome-retry1/trace.zip

    ────────────────────────────────────────────────────────────────────────────────────────────────

  1876) [mobile-chrome] › e2e/ui/components/button.spec.ts:195:9 › Button Component › Button States › should be disabled when in loading state 

    Error: page.goto: net::ERR_CONNECTION_REFUSED at http://localhost:4000/services
    Call log:
      - navigating to "http://localhost:4000/services", waiting until "load"


       at helpers/page-helpers.ts:13

      11 |
      12 |   async navigate(path: string) {
    > 13 |     await this.page.goto(path);
         |                     ^
      14 |     await this.page.waitForLoadState("networkidle");
      15 |   }
      16 |
        at BasePage.navigate (/home/tbaltzakis/cloudless.gr/e2e/helpers/page-helpers.ts:13:21)
        at /home/tbaltzakis/cloudless.gr/e2e/ui/components/button.spec.ts:18:16

    attachment #1: screenshot (image/png) ──────────────────────────────────────────────────────────
    test-results/ui-components-button-Butto-e155e-abled-when-in-loading-state-mobile-chrome/test-failed-1.png
    ────────────────────────────────────────────────────────────────────────────────────────────────

    attachment #2: video (video/webm) ──────────────────────────────────────────────────────────────
    test-results/ui-components-button-Butto-e155e-abled-when-in-loading-state-mobile-chrome/video.webm
    ────────────────────────────────────────────────────────────────────────────────────────────────

    Error Context: test-results/ui-components-button-Butto-e155e-abled-when-in-loading-state-mobile-chrome/error-context.md

    Retry #1 ───────────────────────────────────────────────────────────────────────────────────────

    Error: page.goto: net::ERR_CONNECTION_REFUSED at http://localhost:4000/services
    Call log:
      - navigating to "http://localhost:4000/services", waiting until "load"


       at helpers/page-helpers.ts:13

      11 |
      12 |   async navigate(path: string) {
    > 13 |     await this.page.goto(path);
         |                     ^
      14 |     await this.page.waitForLoadState("networkidle");
      15 |   }
      16 |
        at BasePage.navigate (/home/tbaltzakis/cloudless.gr/e2e/helpers/page-helpers.ts:13:21)
        at /home/tbaltzakis/cloudless.gr/e2e/ui/components/button.spec.ts:18:16

    attachment #1: screenshot (image/png) ──────────────────────────────────────────────────────────
    test-results/ui-components-button-Butto-e155e-abled-when-in-loading-state-mobile-chrome-retry1/test-failed-1.png
    ────────────────────────────────────────────────────────────────────────────────────────────────

    attachment #2: video (video/webm) ──────────────────────────────────────────────────────────────
    test-results/ui-components-button-Butto-e155e-abled-when-in-loading-state-mobile-chrome-retry1/video.webm
    ────────────────────────────────────────────────────────────────────────────────────────────────

    Error Context: test-results/ui-components-button-Butto-e155e-abled-when-in-loading-state-mobile-chrome-retry1/error-context.md

    attachment #4: trace (application/zip) ─────────────────────────────────────────────────────────
    test-results/ui-components-button-Butto-e155e-abled-when-in-loading-state-mobile-chrome-retry1/trace.zip
    Usage:

        npx playwright show-trace test-results/ui-components-button-Butto-e155e-abled-when-in-loading-state-mobile-chrome-retry1/trace.zip

    ────────────────────────────────────────────────────────────────────────────────────────────────

  1877) [mobile-chrome] › e2e/ui/components/button.spec.ts:228:9 › Button Component › Responsive Design › should render correctly on mobile 

    Error: page.goto: net::ERR_CONNECTION_REFUSED at http://localhost:4000/services
    Call log:
      - navigating to "http://localhost:4000/services", waiting until "load"


       at helpers/page-helpers.ts:13

      11 |
      12 |   async navigate(path: string) {
    > 13 |     await this.page.goto(path);
         |                     ^
      14 |     await this.page.waitForLoadState("networkidle");
      15 |   }
      16 |
        at BasePage.navigate (/home/tbaltzakis/cloudless.gr/e2e/helpers/page-helpers.ts:13:21)
        at /home/tbaltzakis/cloudless.gr/e2e/ui/components/button.spec.ts:18:16

    attachment #1: screenshot (image/png) ──────────────────────────────────────────────────────────
    test-results/ui-components-button-Butto-4bfe3--render-correctly-on-mobile-mobile-chrome/test-failed-1.png
    ────────────────────────────────────────────────────────────────────────────────────────────────

    attachment #2: video (video/webm) ──────────────────────────────────────────────────────────────
    test-results/ui-components-button-Butto-4bfe3--render-correctly-on-mobile-mobile-chrome/video.webm
    ────────────────────────────────────────────────────────────────────────────────────────────────

    Error Context: test-results/ui-components-button-Butto-4bfe3--render-correctly-on-mobile-mobile-chrome/error-context.md

    Retry #1 ───────────────────────────────────────────────────────────────────────────────────────

    Error: page.goto: net::ERR_CONNECTION_REFUSED at http://localhost:4000/services
    Call log:
      - navigating to "http://localhost:4000/services", waiting until "load"


       at helpers/page-helpers.ts:13

      11 |
      12 |   async navigate(path: string) {
    > 13 |     await this.page.goto(path);
         |                     ^
      14 |     await this.page.waitForLoadState("networkidle");
      15 |   }
      16 |
        at BasePage.navigate (/home/tbaltzakis/cloudless.gr/e2e/helpers/page-helpers.ts:13:21)
        at /home/tbaltzakis/cloudless.gr/e2e/ui/components/button.spec.ts:18:16

    attachment #1: screenshot (image/png) ──────────────────────────────────────────────────────────
    test-results/ui-components-button-Butto-4bfe3--render-correctly-on-mobile-mobile-chrome-retry1/test-failed-1.png
    ────────────────────────────────────────────────────────────────────────────────────────────────

    attachment #2: video (video/webm) ──────────────────────────────────────────────────────────────
    test-results/ui-components-button-Butto-4bfe3--render-correctly-on-mobile-mobile-chrome-retry1/video.webm
    ────────────────────────────────────────────────────────────────────────────────────────────────

    Error Context: test-results/ui-components-button-Butto-4bfe3--render-correctly-on-mobile-mobile-chrome-retry1/error-context.md

    attachment #4: trace (application/zip) ─────────────────────────────────────────────────────────
    test-results/ui-components-button-Butto-4bfe3--render-correctly-on-mobile-mobile-chrome-retry1/trace.zip
    Usage:

        npx playwright show-trace test-results/ui-components-button-Butto-4bfe3--render-correctly-on-mobile-mobile-chrome-retry1/trace.zip

    ────────────────────────────────────────────────────────────────────────────────────────────────

  1878) [mobile-chrome] › e2e/ui/components/button.spec.ts:257:9 › Button Component › Responsive Design › should render correctly on tablet 

    Error: page.goto: net::ERR_CONNECTION_REFUSED at http://localhost:4000/services
    Call log:
      - navigating to "http://localhost:4000/services", waiting until "load"


       at helpers/page-helpers.ts:13

      11 |
      12 |   async navigate(path: string) {
    > 13 |     await this.page.goto(path);
         |                     ^
      14 |     await this.page.waitForLoadState("networkidle");
      15 |   }
      16 |
        at BasePage.navigate (/home/tbaltzakis/cloudless.gr/e2e/helpers/page-helpers.ts:13:21)
        at /home/tbaltzakis/cloudless.gr/e2e/ui/components/button.spec.ts:18:16

    attachment #1: screenshot (image/png) ──────────────────────────────────────────────────────────
    test-results/ui-components-button-Butto-5ba72--render-correctly-on-tablet-mobile-chrome/test-failed-1.png
    ────────────────────────────────────────────────────────────────────────────────────────────────

    attachment #2: video (video/webm) ──────────────────────────────────────────────────────────────
    test-results/ui-components-button-Butto-5ba72--render-correctly-on-tablet-mobile-chrome/video.webm
    ────────────────────────────────────────────────────────────────────────────────────────────────

    Error Context: test-results/ui-components-button-Butto-5ba72--render-correctly-on-tablet-mobile-chrome/error-context.md

    Retry #1 ───────────────────────────────────────────────────────────────────────────────────────

    Error: page.goto: net::ERR_CONNECTION_REFUSED at http://localhost:4000/services
    Call log:
      - navigating to "http://localhost:4000/services", waiting until "load"


       at helpers/page-helpers.ts:13

      11 |
      12 |   async navigate(path: string) {
    > 13 |     await this.page.goto(path);
         |                     ^
      14 |     await this.page.waitForLoadState("networkidle");
      15 |   }
      16 |
        at BasePage.navigate (/home/tbaltzakis/cloudless.gr/e2e/helpers/page-helpers.ts:13:21)
        at /home/tbaltzakis/cloudless.gr/e2e/ui/components/button.spec.ts:18:16

    attachment #1: screenshot (image/png) ──────────────────────────────────────────────────────────
    test-results/ui-components-button-Butto-5ba72--render-correctly-on-tablet-mobile-chrome-retry1/test-failed-1.png
    ────────────────────────────────────────────────────────────────────────────────────────────────

    attachment #2: video (video/webm) ──────────────────────────────────────────────────────────────
    test-results/ui-components-button-Butto-5ba72--render-correctly-on-tablet-mobile-chrome-retry1/video.webm
    ────────────────────────────────────────────────────────────────────────────────────────────────

    Error Context: test-results/ui-components-button-Butto-5ba72--render-correctly-on-tablet-mobile-chrome-retry1/error-context.md

    attachment #4: trace (application/zip) ─────────────────────────────────────────────────────────
    test-results/ui-components-button-Butto-5ba72--render-correctly-on-tablet-mobile-chrome-retry1/trace.zip
    Usage:

        npx playwright show-trace test-results/ui-components-button-Butto-5ba72--render-correctly-on-tablet-mobile-chrome-retry1/trace.zip

    ────────────────────────────────────────────────────────────────────────────────────────────────

  1879) [mobile-chrome] › e2e/ui/components/button.spec.ts:276:9 › Button Component › Responsive Design › should render correctly on desktop 

    Error: page.goto: net::ERR_CONNECTION_REFUSED at http://localhost:4000/services
    Call log:
      - navigating to "http://localhost:4000/services", waiting until "load"


       at helpers/page-helpers.ts:13

      11 |
      12 |   async navigate(path: string) {
    > 13 |     await this.page.goto(path);
         |                     ^
      14 |     await this.page.waitForLoadState("networkidle");
      15 |   }
      16 |
        at BasePage.navigate (/home/tbaltzakis/cloudless.gr/e2e/helpers/page-helpers.ts:13:21)
        at /home/tbaltzakis/cloudless.gr/e2e/ui/components/button.spec.ts:18:16

    attachment #1: screenshot (image/png) ──────────────────────────────────────────────────────────
    test-results/ui-components-button-Butto-b3f7d-render-correctly-on-desktop-mobile-chrome/test-failed-1.png
    ────────────────────────────────────────────────────────────────────────────────────────────────

    attachment #2: video (video/webm) ──────────────────────────────────────────────────────────────
    test-results/ui-components-button-Butto-b3f7d-render-correctly-on-desktop-mobile-chrome/video.webm
    ────────────────────────────────────────────────────────────────────────────────────────────────

    Error Context: test-results/ui-components-button-Butto-b3f7d-render-correctly-on-desktop-mobile-chrome/error-context.md

    Retry #1 ───────────────────────────────────────────────────────────────────────────────────────

    Error: page.goto: net::ERR_CONNECTION_REFUSED at http://localhost:4000/services
    Call log:
      - navigating to "http://localhost:4000/services", waiting until "load"


       at helpers/page-helpers.ts:13

      11 |
      12 |   async navigate(path: string) {
    > 13 |     await this.page.goto(path);
         |                     ^
      14 |     await this.page.waitForLoadState("networkidle");
      15 |   }
      16 |
        at BasePage.navigate (/home/tbaltzakis/cloudless.gr/e2e/helpers/page-helpers.ts:13:21)
        at /home/tbaltzakis/cloudless.gr/e2e/ui/components/button.spec.ts:18:16

    attachment #1: screenshot (image/png) ──────────────────────────────────────────────────────────
    test-results/ui-components-button-Butto-b3f7d-render-correctly-on-desktop-mobile-chrome-retry1/test-failed-1.png
    ────────────────────────────────────────────────────────────────────────────────────────────────

    attachment #2: video (video/webm) ──────────────────────────────────────────────────────────────
    test-results/ui-components-button-Butto-b3f7d-render-correctly-on-desktop-mobile-chrome-retry1/video.webm
    ────────────────────────────────────────────────────────────────────────────────────────────────

    Error Context: test-results/ui-components-button-Butto-b3f7d-render-correctly-on-desktop-mobile-chrome-retry1/error-context.md

    attachment #4: trace (application/zip) ─────────────────────────────────────────────────────────
    test-results/ui-components-button-Butto-b3f7d-render-correctly-on-desktop-mobile-chrome-retry1/trace.zip
    Usage:

        npx playwright show-trace test-results/ui-components-button-Butto-b3f7d-render-correctly-on-desktop-mobile-chrome-retry1/trace.zip

    ────────────────────────────────────────────────────────────────────────────────────────────────

  1880) [mobile-chrome] › e2e/ui/components/button.spec.ts:297:9 › Button Component › Accessibility › should have sufficient color contrast 

    Error: page.goto: net::ERR_CONNECTION_REFUSED at http://localhost:4000/services
    Call log:
      - navigating to "http://localhost:4000/services", waiting until "load"


       at helpers/page-helpers.ts:13

      11 |
      12 |   async navigate(path: string) {
    > 13 |     await this.page.goto(path);
         |                     ^
      14 |     await this.page.waitForLoadState("networkidle");
      15 |   }
      16 |
        at BasePage.navigate (/home/tbaltzakis/cloudless.gr/e2e/helpers/page-helpers.ts:13:21)
        at /home/tbaltzakis/cloudless.gr/e2e/ui/components/button.spec.ts:18:16

    attachment #1: screenshot (image/png) ──────────────────────────────────────────────────────────
    test-results/ui-components-button-Butto-457fe-e-sufficient-color-contrast-mobile-chrome/test-failed-1.png
    ────────────────────────────────────────────────────────────────────────────────────────────────

    attachment #2: video (video/webm) ──────────────────────────────────────────────────────────────
    test-results/ui-components-button-Butto-457fe-e-sufficient-color-contrast-mobile-chrome/video.webm
    ────────────────────────────────────────────────────────────────────────────────────────────────

    Error Context: test-results/ui-components-button-Butto-457fe-e-sufficient-color-contrast-mobile-chrome/error-context.md

    Retry #1 ───────────────────────────────────────────────────────────────────────────────────────

    Error: page.goto: net::ERR_CONNECTION_REFUSED at http://localhost:4000/services
    Call log:
      - navigating to "http://localhost:4000/services", waiting until "load"


       at helpers/page-helpers.ts:13

      11 |
      12 |   async navigate(path: string) {
    > 13 |     await this.page.goto(path);
         |                     ^
      14 |     await this.page.waitForLoadState("networkidle");
      15 |   }
      16 |
        at BasePage.navigate (/home/tbaltzakis/cloudless.gr/e2e/helpers/page-helpers.ts:13:21)
        at /home/tbaltzakis/cloudless.gr/e2e/ui/components/button.spec.ts:18:16

    attachment #1: screenshot (image/png) ──────────────────────────────────────────────────────────
    test-results/ui-components-button-Butto-457fe-e-sufficient-color-contrast-mobile-chrome-retry1/test-failed-1.png
    ────────────────────────────────────────────────────────────────────────────────────────────────

    attachment #2: video (video/webm) ──────────────────────────────────────────────────────────────
    test-results/ui-components-button-Butto-457fe-e-sufficient-color-contrast-mobile-chrome-retry1/video.webm
    ────────────────────────────────────────────────────────────────────────────────────────────────

    Error Context: test-results/ui-components-button-Butto-457fe-e-sufficient-color-contrast-mobile-chrome-retry1/error-context.md

    attachment #4: trace (application/zip) ─────────────────────────────────────────────────────────
    test-results/ui-components-button-Butto-457fe-e-sufficient-color-contrast-mobile-chrome-retry1/trace.zip
    Usage:

        npx playwright show-trace test-results/ui-components-button-Butto-457fe-e-sufficient-color-contrast-mobile-chrome-retry1/trace.zip

    ────────────────────────────────────────────────────────────────────────────────────────────────

  1881) [mobile-chrome] › e2e/ui/components/button.spec.ts:328:9 › Button Component › Accessibility › should have accessible names 

    Error: page.goto: net::ERR_CONNECTION_REFUSED at http://localhost:4000/services
    Call log:
      - navigating to "http://localhost:4000/services", waiting until "load"


       at helpers/page-helpers.ts:13

      11 |
      12 |   async navigate(path: string) {
    > 13 |     await this.page.goto(path);
         |                     ^
      14 |     await this.page.waitForLoadState("networkidle");
      15 |   }
      16 |
        at BasePage.navigate (/home/tbaltzakis/cloudless.gr/e2e/helpers/page-helpers.ts:13:21)
        at /home/tbaltzakis/cloudless.gr/e2e/ui/components/button.spec.ts:18:16

    attachment #1: screenshot (image/png) ──────────────────────────────────────────────────────────
    test-results/ui-components-button-Butto-0c3cb-hould-have-accessible-names-mobile-chrome/test-failed-1.png
    ────────────────────────────────────────────────────────────────────────────────────────────────

    attachment #2: video (video/webm) ──────────────────────────────────────────────────────────────
    test-results/ui-components-button-Butto-0c3cb-hould-have-accessible-names-mobile-chrome/video.webm
    ────────────────────────────────────────────────────────────────────────────────────────────────

    Error Context: test-results/ui-components-button-Butto-0c3cb-hould-have-accessible-names-mobile-chrome/error-context.md

    Retry #1 ───────────────────────────────────────────────────────────────────────────────────────

    Error: page.goto: net::ERR_CONNECTION_REFUSED at http://localhost:4000/services
    Call log:
      - navigating to "http://localhost:4000/services", waiting until "load"


       at helpers/page-helpers.ts:13

      11 |
      12 |   async navigate(path: string) {
    > 13 |     await this.page.goto(path);
         |                     ^
      14 |     await this.page.waitForLoadState("networkidle");
      15 |   }
      16 |
        at BasePage.navigate (/home/tbaltzakis/cloudless.gr/e2e/helpers/page-helpers.ts:13:21)
        at /home/tbaltzakis/cloudless.gr/e2e/ui/components/button.spec.ts:18:16

    attachment #1: screenshot (image/png) ──────────────────────────────────────────────────────────
    test-results/ui-components-button-Butto-0c3cb-hould-have-accessible-names-mobile-chrome-retry1/test-failed-1.png
    ────────────────────────────────────────────────────────────────────────────────────────────────

    attachment #2: video (video/webm) ──────────────────────────────────────────────────────────────
    test-results/ui-components-button-Butto-0c3cb-hould-have-accessible-names-mobile-chrome-retry1/video.webm
    ────────────────────────────────────────────────────────────────────────────────────────────────

    Error Context: test-results/ui-components-button-Butto-0c3cb-hould-have-accessible-names-mobile-chrome-retry1/error-context.md

    attachment #4: trace (application/zip) ─────────────────────────────────────────────────────────
    test-results/ui-components-button-Butto-0c3cb-hould-have-accessible-names-mobile-chrome-retry1/trace.zip
    Usage:

        npx playwright show-trace test-results/ui-components-button-Butto-0c3cb-hould-have-accessible-names-mobile-chrome-retry1/trace.zip

    ────────────────────────────────────────────────────────────────────────────────────────────────

  1882) [mobile-chrome] › e2e/ui/components/button.spec.ts:360:9 › Button Component › Accessibility › should be keyboard accessible 

    Error: page.goto: net::ERR_CONNECTION_REFUSED at http://localhost:4000/services
    Call log:
      - navigating to "http://localhost:4000/services", waiting until "load"


       at helpers/page-helpers.ts:13

      11 |
      12 |   async navigate(path: string) {
    > 13 |     await this.page.goto(path);
         |                     ^
      14 |     await this.page.waitForLoadState("networkidle");
      15 |   }
      16 |
        at BasePage.navigate (/home/tbaltzakis/cloudless.gr/e2e/helpers/page-helpers.ts:13:21)
        at /home/tbaltzakis/cloudless.gr/e2e/ui/components/button.spec.ts:18:16

    attachment #1: screenshot (image/png) ──────────────────────────────────────────────────────────
    test-results/ui-components-button-Butto-3a590-ould-be-keyboard-accessible-mobile-chrome/test-failed-1.png
    ────────────────────────────────────────────────────────────────────────────────────────────────

    attachment #2: video (video/webm) ──────────────────────────────────────────────────────────────
    test-results/ui-components-button-Butto-3a590-ould-be-keyboard-accessible-mobile-chrome/video.webm
    ────────────────────────────────────────────────────────────────────────────────────────────────

    Error Context: test-results/ui-components-button-Butto-3a590-ould-be-keyboard-accessible-mobile-chrome/error-context.md

    Retry #1 ───────────────────────────────────────────────────────────────────────────────────────

    Error: page.goto: net::ERR_CONNECTION_REFUSED at http://localhost:4000/services
    Call log:
      - navigating to "http://localhost:4000/services", waiting until "load"


       at helpers/page-helpers.ts:13

      11 |
      12 |   async navigate(path: string) {
    > 13 |     await this.page.goto(path);
         |                     ^
      14 |     await this.page.waitForLoadState("networkidle");
      15 |   }
      16 |
        at BasePage.navigate (/home/tbaltzakis/cloudless.gr/e2e/helpers/page-helpers.ts:13:21)
        at /home/tbaltzakis/cloudless.gr/e2e/ui/components/button.spec.ts:18:16

    attachment #1: screenshot (image/png) ──────────────────────────────────────────────────────────
    test-results/ui-components-button-Butto-3a590-ould-be-keyboard-accessible-mobile-chrome-retry1/test-failed-1.png
    ────────────────────────────────────────────────────────────────────────────────────────────────

    attachment #2: video (video/webm) ──────────────────────────────────────────────────────────────
    test-results/ui-components-button-Butto-3a590-ould-be-keyboard-accessible-mobile-chrome-retry1/video.webm
    ────────────────────────────────────────────────────────────────────────────────────────────────

    Error Context: test-results/ui-components-button-Butto-3a590-ould-be-keyboard-accessible-mobile-chrome-retry1/error-context.md

    attachment #4: trace (application/zip) ─────────────────────────────────────────────────────────
    test-results/ui-components-button-Butto-3a590-ould-be-keyboard-accessible-mobile-chrome-retry1/trace.zip
    Usage:

        npx playwright show-trace test-results/ui-components-button-Butto-3a590-ould-be-keyboard-accessible-mobile-chrome-retry1/trace.zip

    ────────────────────────────────────────────────────────────────────────────────────────────────

  1883) [mobile-chrome] › e2e/ui/components/button.spec.ts:396:9 › Button Component › Performance › should not cause layout shifts 

    Error: page.goto: net::ERR_CONNECTION_REFUSED at http://localhost:4000/services
    Call log:
      - navigating to "http://localhost:4000/services", waiting until "load"


       at helpers/page-helpers.ts:13

      11 |
      12 |   async navigate(path: string) {
    > 13 |     await this.page.goto(path);
         |                     ^
      14 |     await this.page.waitForLoadState("networkidle");
      15 |   }
      16 |
        at BasePage.navigate (/home/tbaltzakis/cloudless.gr/e2e/helpers/page-helpers.ts:13:21)
        at /home/tbaltzakis/cloudless.gr/e2e/ui/components/button.spec.ts:18:16

    attachment #1: screenshot (image/png) ──────────────────────────────────────────────────────────
    test-results/ui-components-button-Butto-13d72-uld-not-cause-layout-shifts-mobile-chrome/test-failed-1.png
    ────────────────────────────────────────────────────────────────────────────────────────────────

    attachment #2: video (video/webm) ──────────────────────────────────────────────────────────────
    test-results/ui-components-button-Butto-13d72-uld-not-cause-layout-shifts-mobile-chrome/video.webm
    ────────────────────────────────────────────────────────────────────────────────────────────────

    Error Context: test-results/ui-components-button-Butto-13d72-uld-not-cause-layout-shifts-mobile-chrome/error-context.md

    Retry #1 ───────────────────────────────────────────────────────────────────────────────────────

    Error: page.goto: net::ERR_CONNECTION_REFUSED at http://localhost:4000/services
    Call log:
      - navigating to "http://localhost:4000/services", waiting until "load"


       at helpers/page-helpers.ts:13

      11 |
      12 |   async navigate(path: string) {
    > 13 |     await this.page.goto(path);
         |                     ^
      14 |     await this.page.waitForLoadState("networkidle");
      15 |   }
      16 |
        at BasePage.navigate (/home/tbaltzakis/cloudless.gr/e2e/helpers/page-helpers.ts:13:21)
        at /home/tbaltzakis/cloudless.gr/e2e/ui/components/button.spec.ts:18:16

    attachment #1: screenshot (image/png) ──────────────────────────────────────────────────────────
    test-results/ui-components-button-Butto-13d72-uld-not-cause-layout-shifts-mobile-chrome-retry1/test-failed-1.png
    ────────────────────────────────────────────────────────────────────────────────────────────────

    attachment #2: video (video/webm) ──────────────────────────────────────────────────────────────
    test-results/ui-components-button-Butto-13d72-uld-not-cause-layout-shifts-mobile-chrome-retry1/video.webm
    ────────────────────────────────────────────────────────────────────────────────────────────────

    Error Context: test-results/ui-components-button-Butto-13d72-uld-not-cause-layout-shifts-mobile-chrome-retry1/error-context.md

    attachment #4: trace (application/zip) ─────────────────────────────────────────────────────────
    test-results/ui-components-button-Butto-13d72-uld-not-cause-layout-shifts-mobile-chrome-retry1/trace.zip
    Usage:

        npx playwright show-trace test-results/ui-components-button-Butto-13d72-uld-not-cause-layout-shifts-mobile-chrome-retry1/trace.zip

    ────────────────────────────────────────────────────────────────────────────────────────────────

  1884) [mobile-chrome] › e2e/ui/components/button.spec.ts:426:9 › Button Component › Performance › should have reasonable number of DOM nodes 

    Error: page.goto: net::ERR_CONNECTION_REFUSED at http://localhost:4000/services
    Call log:
      - navigating to "http://localhost:4000/services", waiting until "load"


       at helpers/page-helpers.ts:13

      11 |
      12 |   async navigate(path: string) {
    > 13 |     await this.page.goto(path);
         |                     ^
      14 |     await this.page.waitForLoadState("networkidle");
      15 |   }
      16 |
        at BasePage.navigate (/home/tbaltzakis/cloudless.gr/e2e/helpers/page-helpers.ts:13:21)
        at /home/tbaltzakis/cloudless.gr/e2e/ui/components/button.spec.ts:18:16

    attachment #1: screenshot (image/png) ──────────────────────────────────────────────────────────
    test-results/ui-components-button-Butto-588f3-sonable-number-of-DOM-nodes-mobile-chrome/test-failed-1.png
    ────────────────────────────────────────────────────────────────────────────────────────────────

    attachment #2: video (video/webm) ──────────────────────────────────────────────────────────────
    test-results/ui-components-button-Butto-588f3-sonable-number-of-DOM-nodes-mobile-chrome/video.webm
    ────────────────────────────────────────────────────────────────────────────────────────────────

    Error Context: test-results/ui-components-button-Butto-588f3-sonable-number-of-DOM-nodes-mobile-chrome/error-context.md

    Retry #1 ───────────────────────────────────────────────────────────────────────────────────────

    Error: page.goto: net::ERR_CONNECTION_REFUSED at http://localhost:4000/services
    Call log:
      - navigating to "http://localhost:4000/services", waiting until "load"


       at helpers/page-helpers.ts:13

      11 |
      12 |   async navigate(path: string) {
    > 13 |     await this.page.goto(path);
         |                     ^
      14 |     await this.page.waitForLoadState("networkidle");
      15 |   }
      16 |
        at BasePage.navigate (/home/tbaltzakis/cloudless.gr/e2e/helpers/page-helpers.ts:13:21)
        at /home/tbaltzakis/cloudless.gr/e2e/ui/components/button.spec.ts:18:16

    attachment #1: screenshot (image/png) ──────────────────────────────────────────────────────────
    test-results/ui-components-button-Butto-588f3-sonable-number-of-DOM-nodes-mobile-chrome-retry1/test-failed-1.png
    ────────────────────────────────────────────────────────────────────────────────────────────────

    attachment #2: video (video/webm) ──────────────────────────────────────────────────────────────
    test-results/ui-components-button-Butto-588f3-sonable-number-of-DOM-nodes-mobile-chrome-retry1/video.webm
    ────────────────────────────────────────────────────────────────────────────────────────────────

    Error Context: test-results/ui-components-button-Butto-588f3-sonable-number-of-DOM-nodes-mobile-chrome-retry1/error-context.md

    attachment #4: trace (application/zip) ─────────────────────────────────────────────────────────
    test-results/ui-components-button-Butto-588f3-sonable-number-of-DOM-nodes-mobile-chrome-retry1/trace.zip
    Usage:

        npx playwright show-trace test-results/ui-components-button-Butto-588f3-sonable-number-of-DOM-nodes-mobile-chrome-retry1/trace.zip

    ────────────────────────────────────────────────────────────────────────────────────────────────

  1885) [mobile-chrome] › e2e/ui/components/card.spec.ts:21:7 › Card Component › should render card containers 

    Error: page.goto: net::ERR_CONNECTION_REFUSED at http://localhost:4000/
    Call log:
      - navigating to "http://localhost:4000/", waiting until "load"


       at helpers/page-helpers.ts:13

      11 |
      12 |   async navigate(path: string) {
    > 13 |     await this.page.goto(path);
         |                     ^
      14 |     await this.page.waitForLoadState("networkidle");
      15 |   }
      16 |
        at BasePage.navigate (/home/tbaltzakis/cloudless.gr/e2e/helpers/page-helpers.ts:13:21)
        at /home/tbaltzakis/cloudless.gr/e2e/ui/components/card.spec.ts:18:16

    attachment #1: screenshot (image/png) ──────────────────────────────────────────────────────────
    test-results/ui-components-card-Card-Co-cc3b8-ould-render-card-containers-mobile-chrome/test-failed-1.png
    ────────────────────────────────────────────────────────────────────────────────────────────────

    attachment #2: video (video/webm) ──────────────────────────────────────────────────────────────
    test-results/ui-components-card-Card-Co-cc3b8-ould-render-card-containers-mobile-chrome/video.webm
    ────────────────────────────────────────────────────────────────────────────────────────────────

    Error Context: test-results/ui-components-card-Card-Co-cc3b8-ould-render-card-containers-mobile-chrome/error-context.md

    Retry #1 ───────────────────────────────────────────────────────────────────────────────────────

    Error: page.goto: net::ERR_CONNECTION_REFUSED at http://localhost:4000/
    Call log:
      - navigating to "http://localhost:4000/", waiting until "load"


       at helpers/page-helpers.ts:13

      11 |
      12 |   async navigate(path: string) {
    > 13 |     await this.page.goto(path);
         |                     ^
      14 |     await this.page.waitForLoadState("networkidle");
      15 |   }
      16 |
        at BasePage.navigate (/home/tbaltzakis/cloudless.gr/e2e/helpers/page-helpers.ts:13:21)
        at /home/tbaltzakis/cloudless.gr/e2e/ui/components/card.spec.ts:18:16

    attachment #1: screenshot (image/png) ──────────────────────────────────────────────────────────
    test-results/ui-components-card-Card-Co-cc3b8-ould-render-card-containers-mobile-chrome-retry1/test-failed-1.png
    ────────────────────────────────────────────────────────────────────────────────────────────────

    attachment #2: video (video/webm) ──────────────────────────────────────────────────────────────
    test-results/ui-components-card-Card-Co-cc3b8-ould-render-card-containers-mobile-chrome-retry1/video.webm
    ────────────────────────────────────────────────────────────────────────────────────────────────

    Error Context: test-results/ui-components-card-Card-Co-cc3b8-ould-render-card-containers-mobile-chrome-retry1/error-context.md

    attachment #4: trace (application/zip) ─────────────────────────────────────────────────────────
    test-results/ui-components-card-Card-Co-cc3b8-ould-render-card-containers-mobile-chrome-retry1/trace.zip
    Usage:

        npx playwright show-trace test-results/ui-components-card-Card-Co-cc3b8-ould-render-card-containers-mobile-chrome-retry1/trace.zip

    ────────────────────────────────────────────────────────────────────────────────────────────────

  1886) [mobile-chrome] › e2e/ui/components/card.spec.ts:32:7 › Card Component › should have proper card structure 

    Error: page.goto: net::ERR_CONNECTION_REFUSED at http://localhost:4000/
    Call log:
      - navigating to "http://localhost:4000/", waiting until "load"


       at helpers/page-helpers.ts:13

      11 |
      12 |   async navigate(path: string) {
    > 13 |     await this.page.goto(path);
         |                     ^
      14 |     await this.page.waitForLoadState("networkidle");
      15 |   }
      16 |
        at BasePage.navigate (/home/tbaltzakis/cloudless.gr/e2e/helpers/page-helpers.ts:13:21)
        at /home/tbaltzakis/cloudless.gr/e2e/ui/components/card.spec.ts:18:16

    attachment #1: screenshot (image/png) ──────────────────────────────────────────────────────────
    test-results/ui-components-card-Card-Co-9f1cf--have-proper-card-structure-mobile-chrome/test-failed-1.png
    ────────────────────────────────────────────────────────────────────────────────────────────────

    attachment #2: video (video/webm) ──────────────────────────────────────────────────────────────
    test-results/ui-components-card-Card-Co-9f1cf--have-proper-card-structure-mobile-chrome/video.webm
    ────────────────────────────────────────────────────────────────────────────────────────────────

    Error Context: test-results/ui-components-card-Card-Co-9f1cf--have-proper-card-structure-mobile-chrome/error-context.md

    Retry #1 ───────────────────────────────────────────────────────────────────────────────────────

    Error: page.goto: net::ERR_CONNECTION_REFUSED at http://localhost:4000/
    Call log:
      - navigating to "http://localhost:4000/", waiting until "load"


       at helpers/page-helpers.ts:13

      11 |
      12 |   async navigate(path: string) {
    > 13 |     await this.page.goto(path);
         |                     ^
      14 |     await this.page.waitForLoadState("networkidle");
      15 |   }
      16 |
        at BasePage.navigate (/home/tbaltzakis/cloudless.gr/e2e/helpers/page-helpers.ts:13:21)
        at /home/tbaltzakis/cloudless.gr/e2e/ui/components/card.spec.ts:18:16

    attachment #1: screenshot (image/png) ──────────────────────────────────────────────────────────
    test-results/ui-components-card-Card-Co-9f1cf--have-proper-card-structure-mobile-chrome-retry1/test-failed-1.png
    ────────────────────────────────────────────────────────────────────────────────────────────────

    attachment #2: video (video/webm) ──────────────────────────────────────────────────────────────
    test-results/ui-components-card-Card-Co-9f1cf--have-proper-card-structure-mobile-chrome-retry1/video.webm
    ────────────────────────────────────────────────────────────────────────────────────────────────

    Error Context: test-results/ui-components-card-Card-Co-9f1cf--have-proper-card-structure-mobile-chrome-retry1/error-context.md

    attachment #4: trace (application/zip) ─────────────────────────────────────────────────────────
    test-results/ui-components-card-Card-Co-9f1cf--have-proper-card-structure-mobile-chrome-retry1/trace.zip
    Usage:

        npx playwright show-trace test-results/ui-components-card-Card-Co-9f1cf--have-proper-card-structure-mobile-chrome-retry1/trace.zip

    ────────────────────────────────────────────────────────────────────────────────────────────────

  1887) [mobile-chrome] › e2e/ui/components/card.spec.ts:66:7 › Card Component › should have accessible card content 

    Error: page.goto: net::ERR_CONNECTION_REFUSED at http://localhost:4000/
    Call log:
      - navigating to "http://localhost:4000/", waiting until "load"


       at helpers/page-helpers.ts:13

      11 |
      12 |   async navigate(path: string) {
    > 13 |     await this.page.goto(path);
         |                     ^
      14 |     await this.page.waitForLoadState("networkidle");
      15 |   }
      16 |
        at BasePage.navigate (/home/tbaltzakis/cloudless.gr/e2e/helpers/page-helpers.ts:13:21)
        at /home/tbaltzakis/cloudless.gr/e2e/ui/components/card.spec.ts:18:16

    attachment #1: screenshot (image/png) ──────────────────────────────────────────────────────────
    test-results/ui-components-card-Card-Co-e2984-ave-accessible-card-content-mobile-chrome/test-failed-1.png
    ────────────────────────────────────────────────────────────────────────────────────────────────

    attachment #2: video (video/webm) ──────────────────────────────────────────────────────────────
    test-results/ui-components-card-Card-Co-e2984-ave-accessible-card-content-mobile-chrome/video.webm
    ────────────────────────────────────────────────────────────────────────────────────────────────

    Error Context: test-results/ui-components-card-Card-Co-e2984-ave-accessible-card-content-mobile-chrome/error-context.md

    Retry #1 ───────────────────────────────────────────────────────────────────────────────────────

    Error: page.goto: net::ERR_CONNECTION_REFUSED at http://localhost:4000/
    Call log:
      - navigating to "http://localhost:4000/", waiting until "load"


       at helpers/page-helpers.ts:13

      11 |
      12 |   async navigate(path: string) {
    > 13 |     await this.page.goto(path);
         |                     ^
      14 |     await this.page.waitForLoadState("networkidle");
      15 |   }
      16 |
        at BasePage.navigate (/home/tbaltzakis/cloudless.gr/e2e/helpers/page-helpers.ts:13:21)
        at /home/tbaltzakis/cloudless.gr/e2e/ui/components/card.spec.ts:18:16

    attachment #1: screenshot (image/png) ──────────────────────────────────────────────────────────
    test-results/ui-components-card-Card-Co-e2984-ave-accessible-card-content-mobile-chrome-retry1/test-failed-1.png
    ────────────────────────────────────────────────────────────────────────────────────────────────

    attachment #2: video (video/webm) ──────────────────────────────────────────────────────────────
    test-results/ui-components-card-Card-Co-e2984-ave-accessible-card-content-mobile-chrome-retry1/video.webm
    ────────────────────────────────────────────────────────────────────────────────────────────────

    Error Context: test-results/ui-components-card-Card-Co-e2984-ave-accessible-card-content-mobile-chrome-retry1/error-context.md

    attachment #4: trace (application/zip) ─────────────────────────────────────────────────────────
    test-results/ui-components-card-Card-Co-e2984-ave-accessible-card-content-mobile-chrome-retry1/trace.zip
    Usage:

        npx playwright show-trace test-results/ui-components-card-Card-Co-e2984-ave-accessible-card-content-mobile-chrome-retry1/trace.zip

    ────────────────────────────────────────────────────────────────────────────────────────────────

  1888) [mobile-chrome] › e2e/ui/components/card.spec.ts:122:9 › Card Component › Card Variants › should render service cards correctly 

    Error: page.goto: net::ERR_CONNECTION_REFUSED at http://localhost:4000/
    Call log:
      - navigating to "http://localhost:4000/", waiting until "load"


       at helpers/page-helpers.ts:13

      11 |
      12 |   async navigate(path: string) {
    > 13 |     await this.page.goto(path);
         |                     ^
      14 |     await this.page.waitForLoadState("networkidle");
      15 |   }
      16 |
        at BasePage.navigate (/home/tbaltzakis/cloudless.gr/e2e/helpers/page-helpers.ts:13:21)
        at /home/tbaltzakis/cloudless.gr/e2e/ui/components/card.spec.ts:18:16

    attachment #1: screenshot (image/png) ──────────────────────────────────────────────────────────
    test-results/ui-components-card-Card-Co-8c1bf-der-service-cards-correctly-mobile-chrome/test-failed-1.png
    ────────────────────────────────────────────────────────────────────────────────────────────────

    attachment #2: video (video/webm) ──────────────────────────────────────────────────────────────
    test-results/ui-components-card-Card-Co-8c1bf-der-service-cards-correctly-mobile-chrome/video.webm
    ────────────────────────────────────────────────────────────────────────────────────────────────

    Error Context: test-results/ui-components-card-Card-Co-8c1bf-der-service-cards-correctly-mobile-chrome/error-context.md

    Retry #1 ───────────────────────────────────────────────────────────────────────────────────────

    Error: page.goto: net::ERR_CONNECTION_REFUSED at http://localhost:4000/
    Call log:
      - navigating to "http://localhost:4000/", waiting until "load"


       at helpers/page-helpers.ts:13

      11 |
      12 |   async navigate(path: string) {
    > 13 |     await this.page.goto(path);
         |                     ^
      14 |     await this.page.waitForLoadState("networkidle");
      15 |   }
      16 |
        at BasePage.navigate (/home/tbaltzakis/cloudless.gr/e2e/helpers/page-helpers.ts:13:21)
        at /home/tbaltzakis/cloudless.gr/e2e/ui/components/card.spec.ts:18:16

    attachment #1: screenshot (image/png) ──────────────────────────────────────────────────────────
    test-results/ui-components-card-Card-Co-8c1bf-der-service-cards-correctly-mobile-chrome-retry1/test-failed-1.png
    ────────────────────────────────────────────────────────────────────────────────────────────────

    attachment #2: video (video/webm) ──────────────────────────────────────────────────────────────
    test-results/ui-components-card-Card-Co-8c1bf-der-service-cards-correctly-mobile-chrome-retry1/video.webm
    ────────────────────────────────────────────────────────────────────────────────────────────────

    Error Context: test-results/ui-components-card-Card-Co-8c1bf-der-service-cards-correctly-mobile-chrome-retry1/error-context.md

    attachment #4: trace (application/zip) ─────────────────────────────────────────────────────────
    test-results/ui-components-card-Card-Co-8c1bf-der-service-cards-correctly-mobile-chrome-retry1/trace.zip
    Usage:

        npx playwright show-trace test-results/ui-components-card-Card-Co-8c1bf-der-service-cards-correctly-mobile-chrome-retry1/trace.zip

    ────────────────────────────────────────────────────────────────────────────────────────────────

  1889) [mobile-chrome] › e2e/ui/components/card.spec.ts:150:9 › Card Component › Card Variants › should render product cards correctly 

    Error: page.goto: net::ERR_CONNECTION_REFUSED at http://localhost:4000/
    Call log:
      - navigating to "http://localhost:4000/", waiting until "load"


       at helpers/page-helpers.ts:13

      11 |
      12 |   async navigate(path: string) {
    > 13 |     await this.page.goto(path);
         |                     ^
      14 |     await this.page.waitForLoadState("networkidle");
      15 |   }
      16 |
        at BasePage.navigate (/home/tbaltzakis/cloudless.gr/e2e/helpers/page-helpers.ts:13:21)
        at /home/tbaltzakis/cloudless.gr/e2e/ui/components/card.spec.ts:18:16

    attachment #1: screenshot (image/png) ──────────────────────────────────────────────────────────
    test-results/ui-components-card-Card-Co-5ab54-der-product-cards-correctly-mobile-chrome/test-failed-1.png
    ────────────────────────────────────────────────────────────────────────────────────────────────

    attachment #2: video (video/webm) ──────────────────────────────────────────────────────────────
    test-results/ui-components-card-Card-Co-5ab54-der-product-cards-correctly-mobile-chrome/video.webm
    ────────────────────────────────────────────────────────────────────────────────────────────────

    Error Context: test-results/ui-components-card-Card-Co-5ab54-der-product-cards-correctly-mobile-chrome/error-context.md

    Retry #1 ───────────────────────────────────────────────────────────────────────────────────────

    Error: page.goto: net::ERR_CONNECTION_REFUSED at http://localhost:4000/
    Call log:
      - navigating to "http://localhost:4000/", waiting until "load"


       at helpers/page-helpers.ts:13

      11 |
      12 |   async navigate(path: string) {
    > 13 |     await this.page.goto(path);
         |                     ^
      14 |     await this.page.waitForLoadState("networkidle");
      15 |   }
      16 |
        at BasePage.navigate (/home/tbaltzakis/cloudless.gr/e2e/helpers/page-helpers.ts:13:21)
        at /home/tbaltzakis/cloudless.gr/e2e/ui/components/card.spec.ts:18:16

    attachment #1: screenshot (image/png) ──────────────────────────────────────────────────────────
    test-results/ui-components-card-Card-Co-5ab54-der-product-cards-correctly-mobile-chrome-retry1/test-failed-1.png
    ────────────────────────────────────────────────────────────────────────────────────────────────

    attachment #2: video (video/webm) ──────────────────────────────────────────────────────────────
    test-results/ui-components-card-Card-Co-5ab54-der-product-cards-correctly-mobile-chrome-retry1/video.webm
    ────────────────────────────────────────────────────────────────────────────────────────────────

    Error Context: test-results/ui-components-card-Card-Co-5ab54-der-product-cards-correctly-mobile-chrome-retry1/error-context.md

    attachment #4: trace (application/zip) ─────────────────────────────────────────────────────────
    test-results/ui-components-card-Card-Co-5ab54-der-product-cards-correctly-mobile-chrome-retry1/trace.zip
    Usage:

        npx playwright show-trace test-results/ui-components-card-Card-Co-5ab54-der-product-cards-correctly-mobile-chrome-retry1/trace.zip

    ────────────────────────────────────────────────────────────────────────────────────────────────

  1890) [mobile-chrome] › e2e/ui/components/card.spec.ts:182:9 › Card Component › Card Variants › should render blog post cards correctly 

    Error: page.goto: net::ERR_CONNECTION_REFUSED at http://localhost:4000/
    Call log:
      - navigating to "http://localhost:4000/", waiting until "load"


       at helpers/page-helpers.ts:13

      11 |
      12 |   async navigate(path: string) {
    > 13 |     await this.page.goto(path);
         |                     ^
      14 |     await this.page.waitForLoadState("networkidle");
      15 |   }
      16 |
        at BasePage.navigate (/home/tbaltzakis/cloudless.gr/e2e/helpers/page-helpers.ts:13:21)
        at /home/tbaltzakis/cloudless.gr/e2e/ui/components/card.spec.ts:18:16

    attachment #1: screenshot (image/png) ──────────────────────────────────────────────────────────
    test-results/ui-components-card-Card-Co-fba2f-r-blog-post-cards-correctly-mobile-chrome/test-failed-1.png
    ────────────────────────────────────────────────────────────────────────────────────────────────

    attachment #2: video (video/webm) ──────────────────────────────────────────────────────────────
    test-results/ui-components-card-Card-Co-fba2f-r-blog-post-cards-correctly-mobile-chrome/video.webm
    ────────────────────────────────────────────────────────────────────────────────────────────────

    Error Context: test-results/ui-components-card-Card-Co-fba2f-r-blog-post-cards-correctly-mobile-chrome/error-context.md

    Retry #1 ───────────────────────────────────────────────────────────────────────────────────────

    Error: page.goto: net::ERR_CONNECTION_REFUSED at http://localhost:4000/
    Call log:
      - navigating to "http://localhost:4000/", waiting until "load"


       at helpers/page-helpers.ts:13

      11 |
      12 |   async navigate(path: string) {
    > 13 |     await this.page.goto(path);
         |                     ^
      14 |     await this.page.waitForLoadState("networkidle");
      15 |   }
      16 |
        at BasePage.navigate (/home/tbaltzakis/cloudless.gr/e2e/helpers/page-helpers.ts:13:21)
        at /home/tbaltzakis/cloudless.gr/e2e/ui/components/card.spec.ts:18:16

    attachment #1: screenshot (image/png) ──────────────────────────────────────────────────────────
    test-results/ui-components-card-Card-Co-fba2f-r-blog-post-cards-correctly-mobile-chrome-retry1/test-failed-1.png
    ────────────────────────────────────────────────────────────────────────────────────────────────

    attachment #2: video (video/webm) ──────────────────────────────────────────────────────────────
    test-results/ui-components-card-Card-Co-fba2f-r-blog-post-cards-correctly-mobile-chrome-retry1/video.webm
    ────────────────────────────────────────────────────────────────────────────────────────────────

    Error Context: test-results/ui-components-card-Card-Co-fba2f-r-blog-post-cards-correctly-mobile-chrome-retry1/error-context.md

    attachment #4: trace (application/zip) ─────────────────────────────────────────────────────────
    test-results/ui-components-card-Card-Co-fba2f-r-blog-post-cards-correctly-mobile-chrome-retry1/trace.zip
    Usage:

        npx playwright show-trace test-results/ui-components-card-Card-Co-fba2f-r-blog-post-cards-correctly-mobile-chrome-retry1/trace.zip

    ────────────────────────────────────────────────────────────────────────────────────────────────

  1891) [mobile-chrome] › e2e/ui/components/card.spec.ts:216:9 › Card Component › Layout and Spacing › should have proper card spacing 

    Error: page.goto: net::ERR_CONNECTION_REFUSED at http://localhost:4000/
    Call log:
      - navigating to "http://localhost:4000/", waiting until "load"


       at helpers/page-helpers.ts:13

      11 |
      12 |   async navigate(path: string) {
    > 13 |     await this.page.goto(path);
         |                     ^
      14 |     await this.page.waitForLoadState("networkidle");
      15 |   }
      16 |
        at BasePage.navigate (/home/tbaltzakis/cloudless.gr/e2e/helpers/page-helpers.ts:13:21)
        at /home/tbaltzakis/cloudless.gr/e2e/ui/components/card.spec.ts:18:16

    attachment #1: screenshot (image/png) ──────────────────────────────────────────────────────────
    test-results/ui-components-card-Card-Co-b76ca-ld-have-proper-card-spacing-mobile-chrome/test-failed-1.png
    ────────────────────────────────────────────────────────────────────────────────────────────────

    attachment #2: video (video/webm) ──────────────────────────────────────────────────────────────
    test-results/ui-components-card-Card-Co-b76ca-ld-have-proper-card-spacing-mobile-chrome/video.webm
    ────────────────────────────────────────────────────────────────────────────────────────────────

    Error Context: test-results/ui-components-card-Card-Co-b76ca-ld-have-proper-card-spacing-mobile-chrome/error-context.md

    Retry #1 ───────────────────────────────────────────────────────────────────────────────────────

    Error: page.goto: net::ERR_CONNECTION_REFUSED at http://localhost:4000/
    Call log:
      - navigating to "http://localhost:4000/", waiting until "load"


       at helpers/page-helpers.ts:13

      11 |
      12 |   async navigate(path: string) {
    > 13 |     await this.page.goto(path);
         |                     ^
      14 |     await this.page.waitForLoadState("networkidle");
      15 |   }
      16 |
        at BasePage.navigate (/home/tbaltzakis/cloudless.gr/e2e/helpers/page-helpers.ts:13:21)
        at /home/tbaltzakis/cloudless.gr/e2e/ui/components/card.spec.ts:18:16

    attachment #1: screenshot (image/png) ──────────────────────────────────────────────────────────
    test-results/ui-components-card-Card-Co-b76ca-ld-have-proper-card-spacing-mobile-chrome-retry1/test-failed-1.png
    ────────────────────────────────────────────────────────────────────────────────────────────────

    attachment #2: video (video/webm) ──────────────────────────────────────────────────────────────
    test-results/ui-components-card-Card-Co-b76ca-ld-have-proper-card-spacing-mobile-chrome-retry1/video.webm
    ────────────────────────────────────────────────────────────────────────────────────────────────

    Error Context: test-results/ui-components-card-Card-Co-b76ca-ld-have-proper-card-spacing-mobile-chrome-retry1/error-context.md

    attachment #4: trace (application/zip) ─────────────────────────────────────────────────────────
    test-results/ui-components-card-Card-Co-b76ca-ld-have-proper-card-spacing-mobile-chrome-retry1/trace.zip
    Usage:

        npx playwright show-trace test-results/ui-components-card-Card-Co-b76ca-ld-have-proper-card-spacing-mobile-chrome-retry1/trace.zip

    ────────────────────────────────────────────────────────────────────────────────────────────────

  1892) [mobile-chrome] › e2e/ui/components/card.spec.ts:251:9 › Card Component › Layout and Spacing › should maintain card aspect ratio for images 

    Error: page.goto: net::ERR_CONNECTION_REFUSED at http://localhost:4000/
    Call log:
      - navigating to "http://localhost:4000/", waiting until "load"


       at helpers/page-helpers.ts:13

      11 |
      12 |   async navigate(path: string) {
    > 13 |     await this.page.goto(path);
         |                     ^
      14 |     await this.page.waitForLoadState("networkidle");
      15 |   }
      16 |
        at BasePage.navigate (/home/tbaltzakis/cloudless.gr/e2e/helpers/page-helpers.ts:13:21)
        at /home/tbaltzakis/cloudless.gr/e2e/ui/components/card.spec.ts:18:16

    attachment #1: screenshot (image/png) ──────────────────────────────────────────────────────────
    test-results/ui-components-card-Card-Co-2ce63-ard-aspect-ratio-for-images-mobile-chrome/test-failed-1.png
    ────────────────────────────────────────────────────────────────────────────────────────────────

    attachment #2: video (video/webm) ──────────────────────────────────────────────────────────────
    test-results/ui-components-card-Card-Co-2ce63-ard-aspect-ratio-for-images-mobile-chrome/video.webm
    ────────────────────────────────────────────────────────────────────────────────────────────────

    Error Context: test-results/ui-components-card-Card-Co-2ce63-ard-aspect-ratio-for-images-mobile-chrome/error-context.md

    Retry #1 ───────────────────────────────────────────────────────────────────────────────────────

    Error: page.goto: net::ERR_CONNECTION_REFUSED at http://localhost:4000/
    Call log:
      - navigating to "http://localhost:4000/", waiting until "load"


       at helpers/page-helpers.ts:13

      11 |
      12 |   async navigate(path: string) {
    > 13 |     await this.page.goto(path);
         |                     ^
      14 |     await this.page.waitForLoadState("networkidle");
      15 |   }
      16 |
        at BasePage.navigate (/home/tbaltzakis/cloudless.gr/e2e/helpers/page-helpers.ts:13:21)
        at /home/tbaltzakis/cloudless.gr/e2e/ui/components/card.spec.ts:18:16

    attachment #1: screenshot (image/png) ──────────────────────────────────────────────────────────
    test-results/ui-components-card-Card-Co-2ce63-ard-aspect-ratio-for-images-mobile-chrome-retry1/test-failed-1.png
    ────────────────────────────────────────────────────────────────────────────────────────────────

    attachment #2: video (video/webm) ──────────────────────────────────────────────────────────────
    test-results/ui-components-card-Card-Co-2ce63-ard-aspect-ratio-for-images-mobile-chrome-retry1/video.webm
    ────────────────────────────────────────────────────────────────────────────────────────────────

    Error Context: test-results/ui-components-card-Card-Co-2ce63-ard-aspect-ratio-for-images-mobile-chrome-retry1/error-context.md

    attachment #4: trace (application/zip) ─────────────────────────────────────────────────────────
    test-results/ui-components-card-Card-Co-2ce63-ard-aspect-ratio-for-images-mobile-chrome-retry1/trace.zip
    Usage:

        npx playwright show-trace test-results/ui-components-card-Card-Co-2ce63-ard-aspect-ratio-for-images-mobile-chrome-retry1/trace.zip

    ────────────────────────────────────────────────────────────────────────────────────────────────

  1893) [mobile-chrome] › e2e/ui/components/card.spec.ts:280:9 › Card Component › Responsive Design › should render correctly on mobile 

    Error: page.goto: net::ERR_CONNECTION_REFUSED at http://localhost:4000/
    Call log:
      - navigating to "http://localhost:4000/", waiting until "load"


       at helpers/page-helpers.ts:13

      11 |
      12 |   async navigate(path: string) {
    > 13 |     await this.page.goto(path);
         |                     ^
      14 |     await this.page.waitForLoadState("networkidle");
      15 |   }
      16 |
        at BasePage.navigate (/home/tbaltzakis/cloudless.gr/e2e/helpers/page-helpers.ts:13:21)
        at /home/tbaltzakis/cloudless.gr/e2e/ui/components/card.spec.ts:18:16

    attachment #1: screenshot (image/png) ──────────────────────────────────────────────────────────
    test-results/ui-components-card-Card-Co-9627a--render-correctly-on-mobile-mobile-chrome/test-failed-1.png
    ────────────────────────────────────────────────────────────────────────────────────────────────

    attachment #2: video (video/webm) ──────────────────────────────────────────────────────────────
    test-results/ui-components-card-Card-Co-9627a--render-correctly-on-mobile-mobile-chrome/video.webm
    ────────────────────────────────────────────────────────────────────────────────────────────────

    Error Context: test-results/ui-components-card-Card-Co-9627a--render-correctly-on-mobile-mobile-chrome/error-context.md

    Retry #1 ───────────────────────────────────────────────────────────────────────────────────────

    Error: page.goto: net::ERR_CONNECTION_REFUSED at http://localhost:4000/
    Call log:
      - navigating to "http://localhost:4000/", waiting until "load"


       at helpers/page-helpers.ts:13

      11 |
      12 |   async navigate(path: string) {
    > 13 |     await this.page.goto(path);
         |                     ^
      14 |     await this.page.waitForLoadState("networkidle");
      15 |   }
      16 |
        at BasePage.navigate (/home/tbaltzakis/cloudless.gr/e2e/helpers/page-helpers.ts:13:21)
        at /home/tbaltzakis/cloudless.gr/e2e/ui/components/card.spec.ts:18:16

    attachment #1: screenshot (image/png) ──────────────────────────────────────────────────────────
    test-results/ui-components-card-Card-Co-9627a--render-correctly-on-mobile-mobile-chrome-retry1/test-failed-1.png
    ────────────────────────────────────────────────────────────────────────────────────────────────

    attachment #2: video (video/webm) ──────────────────────────────────────────────────────────────
    test-results/ui-components-card-Card-Co-9627a--render-correctly-on-mobile-mobile-chrome-retry1/video.webm
    ────────────────────────────────────────────────────────────────────────────────────────────────

    Error Context: test-results/ui-components-card-Card-Co-9627a--render-correctly-on-mobile-mobile-chrome-retry1/error-context.md

    attachment #4: trace (application/zip) ─────────────────────────────────────────────────────────
    test-results/ui-components-card-Card-Co-9627a--render-correctly-on-mobile-mobile-chrome-retry1/trace.zip
    Usage:

        npx playwright show-trace test-results/ui-components-card-Card-Co-9627a--render-correctly-on-mobile-mobile-chrome-retry1/trace.zip

    ────────────────────────────────────────────────────────────────────────────────────────────────

  1894) [mobile-chrome] › e2e/ui/components/card.spec.ts:319:9 › Card Component › Responsive Design › should render correctly on tablet 

    Error: page.goto: net::ERR_CONNECTION_REFUSED at http://localhost:4000/
    Call log:
      - navigating to "http://localhost:4000/", waiting until "load"


       at helpers/page-helpers.ts:13

      11 |
      12 |   async navigate(path: string) {
    > 13 |     await this.page.goto(path);
         |                     ^
      14 |     await this.page.waitForLoadState("networkidle");
      15 |   }
      16 |
        at BasePage.navigate (/home/tbaltzakis/cloudless.gr/e2e/helpers/page-helpers.ts:13:21)
        at /home/tbaltzakis/cloudless.gr/e2e/ui/components/card.spec.ts:18:16

    attachment #1: screenshot (image/png) ──────────────────────────────────────────────────────────
    test-results/ui-components-card-Card-Co-1c154--render-correctly-on-tablet-mobile-chrome/test-failed-1.png
    ────────────────────────────────────────────────────────────────────────────────────────────────

    attachment #2: video (video/webm) ──────────────────────────────────────────────────────────────
    test-results/ui-components-card-Card-Co-1c154--render-correctly-on-tablet-mobile-chrome/video.webm
    ────────────────────────────────────────────────────────────────────────────────────────────────

    Error Context: test-results/ui-components-card-Card-Co-1c154--render-correctly-on-tablet-mobile-chrome/error-context.md

    Retry #1 ───────────────────────────────────────────────────────────────────────────────────────

    Error: page.goto: net::ERR_CONNECTION_REFUSED at http://localhost:4000/
    Call log:
      - navigating to "http://localhost:4000/", waiting until "load"


       at helpers/page-helpers.ts:13

      11 |
      12 |   async navigate(path: string) {
    > 13 |     await this.page.goto(path);
         |                     ^
      14 |     await this.page.waitForLoadState("networkidle");
      15 |   }
      16 |
        at BasePage.navigate (/home/tbaltzakis/cloudless.gr/e2e/helpers/page-helpers.ts:13:21)
        at /home/tbaltzakis/cloudless.gr/e2e/ui/components/card.spec.ts:18:16

    attachment #1: screenshot (image/png) ──────────────────────────────────────────────────────────
    test-results/ui-components-card-Card-Co-1c154--render-correctly-on-tablet-mobile-chrome-retry1/test-failed-1.png
    ────────────────────────────────────────────────────────────────────────────────────────────────

    attachment #2: video (video/webm) ──────────────────────────────────────────────────────────────
    test-results/ui-components-card-Card-Co-1c154--render-correctly-on-tablet-mobile-chrome-retry1/video.webm
    ────────────────────────────────────────────────────────────────────────────────────────────────

    Error Context: test-results/ui-components-card-Card-Co-1c154--render-correctly-on-tablet-mobile-chrome-retry1/error-context.md

    attachment #4: trace (application/zip) ─────────────────────────────────────────────────────────
    test-results/ui-components-card-Card-Co-1c154--render-correctly-on-tablet-mobile-chrome-retry1/trace.zip
    Usage:

        npx playwright show-trace test-results/ui-components-card-Card-Co-1c154--render-correctly-on-tablet-mobile-chrome-retry1/trace.zip

    ────────────────────────────────────────────────────────────────────────────────────────────────

  1895) [mobile-chrome] › e2e/ui/components/card.spec.ts:348:9 › Card Component › Responsive Design › should render correctly on desktop 

    Error: page.goto: net::ERR_CONNECTION_REFUSED at http://localhost:4000/
    Call log:
      - navigating to "http://localhost:4000/", waiting until "load"


       at helpers/page-helpers.ts:13

      11 |
      12 |   async navigate(path: string) {
    > 13 |     await this.page.goto(path);
         |                     ^
      14 |     await this.page.waitForLoadState("networkidle");
      15 |   }
      16 |
        at BasePage.navigate (/home/tbaltzakis/cloudless.gr/e2e/helpers/page-helpers.ts:13:21)
        at /home/tbaltzakis/cloudless.gr/e2e/ui/components/card.spec.ts:18:16

    attachment #1: screenshot (image/png) ──────────────────────────────────────────────────────────
    test-results/ui-components-card-Card-Co-a9aa5-render-correctly-on-desktop-mobile-chrome/test-failed-1.png
    ────────────────────────────────────────────────────────────────────────────────────────────────

    attachment #2: video (video/webm) ──────────────────────────────────────────────────────────────
    test-results/ui-components-card-Card-Co-a9aa5-render-correctly-on-desktop-mobile-chrome/video.webm
    ────────────────────────────────────────────────────────────────────────────────────────────────

    Error Context: test-results/ui-components-card-Card-Co-a9aa5-render-correctly-on-desktop-mobile-chrome/error-context.md

    Retry #1 ───────────────────────────────────────────────────────────────────────────────────────

    Error: page.goto: net::ERR_CONNECTION_REFUSED at http://localhost:4000/
    Call log:
      - navigating to "http://localhost:4000/", waiting until "load"


       at helpers/page-helpers.ts:13

      11 |
      12 |   async navigate(path: string) {
    > 13 |     await this.page.goto(path);
         |                     ^
      14 |     await this.page.waitForLoadState("networkidle");
      15 |   }
      16 |
        at BasePage.navigate (/home/tbaltzakis/cloudless.gr/e2e/helpers/page-helpers.ts:13:21)
        at /home/tbaltzakis/cloudless.gr/e2e/ui/components/card.spec.ts:18:16

    attachment #1: screenshot (image/png) ──────────────────────────────────────────────────────────
    test-results/ui-components-card-Card-Co-a9aa5-render-correctly-on-desktop-mobile-chrome-retry1/test-failed-1.png
    ────────────────────────────────────────────────────────────────────────────────────────────────

    attachment #2: video (video/webm) ──────────────────────────────────────────────────────────────
    test-results/ui-components-card-Card-Co-a9aa5-render-correctly-on-desktop-mobile-chrome-retry1/video.webm
    ────────────────────────────────────────────────────────────────────────────────────────────────

    Error Context: test-results/ui-components-card-Card-Co-a9aa5-render-correctly-on-desktop-mobile-chrome-retry1/error-context.md

    attachment #4: trace (application/zip) ─────────────────────────────────────────────────────────
    test-results/ui-components-card-Card-Co-a9aa5-render-correctly-on-desktop-mobile-chrome-retry1/trace.zip
    Usage:

        npx playwright show-trace test-results/ui-components-card-Card-Co-a9aa5-render-correctly-on-desktop-mobile-chrome-retry1/trace.zip

    ────────────────────────────────────────────────────────────────────────────────────────────────

  1896) [mobile-chrome] › e2e/ui/components/card.spec.ts:389:9 › Card Component › Accessibility › should have accessible card containers 

    Error: page.goto: net::ERR_CONNECTION_REFUSED at http://localhost:4000/
    Call log:
      - navigating to "http://localhost:4000/", waiting until "load"


       at helpers/page-helpers.ts:13

      11 |
      12 |   async navigate(path: string) {
    > 13 |     await this.page.goto(path);
         |                     ^
      14 |     await this.page.waitForLoadState("networkidle");
      15 |   }
      16 |
        at BasePage.navigate (/home/tbaltzakis/cloudless.gr/e2e/helpers/page-helpers.ts:13:21)
        at /home/tbaltzakis/cloudless.gr/e2e/ui/components/card.spec.ts:18:16

    attachment #1: screenshot (image/png) ──────────────────────────────────────────────────────────
    test-results/ui-components-card-Card-Co-dbb82--accessible-card-containers-mobile-chrome/test-failed-1.png
    ────────────────────────────────────────────────────────────────────────────────────────────────

    attachment #2: video (video/webm) ──────────────────────────────────────────────────────────────
    test-results/ui-components-card-Card-Co-dbb82--accessible-card-containers-mobile-chrome/video.webm
    ────────────────────────────────────────────────────────────────────────────────────────────────

    Error Context: test-results/ui-components-card-Card-Co-dbb82--accessible-card-containers-mobile-chrome/error-context.md

    Retry #1 ───────────────────────────────────────────────────────────────────────────────────────

    Error: page.goto: net::ERR_CONNECTION_REFUSED at http://localhost:4000/
    Call log:
      - navigating to "http://localhost:4000/", waiting until "load"


       at helpers/page-helpers.ts:13

      11 |
      12 |   async navigate(path: string) {
    > 13 |     await this.page.goto(path);
         |                     ^
      14 |     await this.page.waitForLoadState("networkidle");
      15 |   }
      16 |
        at BasePage.navigate (/home/tbaltzakis/cloudless.gr/e2e/helpers/page-helpers.ts:13:21)
        at /home/tbaltzakis/cloudless.gr/e2e/ui/components/card.spec.ts:18:16

    attachment #1: screenshot (image/png) ──────────────────────────────────────────────────────────
    test-results/ui-components-card-Card-Co-dbb82--accessible-card-containers-mobile-chrome-retry1/test-failed-1.png
    ────────────────────────────────────────────────────────────────────────────────────────────────

    attachment #2: video (video/webm) ──────────────────────────────────────────────────────────────
    test-results/ui-components-card-Card-Co-dbb82--accessible-card-containers-mobile-chrome-retry1/video.webm
    ────────────────────────────────────────────────────────────────────────────────────────────────

    Error Context: test-results/ui-components-card-Card-Co-dbb82--accessible-card-containers-mobile-chrome-retry1/error-context.md

    attachment #4: trace (application/zip) ─────────────────────────────────────────────────────────
    test-results/ui-components-card-Card-Co-dbb82--accessible-card-containers-mobile-chrome-retry1/trace.zip
    Usage:

        npx playwright show-trace test-results/ui-components-card-Card-Co-dbb82--accessible-card-containers-mobile-chrome-retry1/trace.zip

    ────────────────────────────────────────────────────────────────────────────────────────────────

  1897) [mobile-chrome] › e2e/ui/components/card.spec.ts:418:9 › Card Component › Accessibility › should have accessible card headers 

    Error: page.goto: net::ERR_CONNECTION_REFUSED at http://localhost:4000/
    Call log:
      - navigating to "http://localhost:4000/", waiting until "load"


       at helpers/page-helpers.ts:13

      11 |
      12 |   async navigate(path: string) {
    > 13 |     await this.page.goto(path);
         |                     ^
      14 |     await this.page.waitForLoadState("networkidle");
      15 |   }
      16 |
        at BasePage.navigate (/home/tbaltzakis/cloudless.gr/e2e/helpers/page-helpers.ts:13:21)
        at /home/tbaltzakis/cloudless.gr/e2e/ui/components/card.spec.ts:18:16

    attachment #1: screenshot (image/png) ──────────────────────────────────────────────────────────
    test-results/ui-components-card-Card-Co-fbe4f-ave-accessible-card-headers-mobile-chrome/test-failed-1.png
    ────────────────────────────────────────────────────────────────────────────────────────────────

    attachment #2: video (video/webm) ──────────────────────────────────────────────────────────────
    test-results/ui-components-card-Card-Co-fbe4f-ave-accessible-card-headers-mobile-chrome/video.webm
    ────────────────────────────────────────────────────────────────────────────────────────────────

    Error Context: test-results/ui-components-card-Card-Co-fbe4f-ave-accessible-card-headers-mobile-chrome/error-context.md

    Retry #1 ───────────────────────────────────────────────────────────────────────────────────────

    Error: page.goto: net::ERR_CONNECTION_REFUSED at http://localhost:4000/
    Call log:
      - navigating to "http://localhost:4000/", waiting until "load"


       at helpers/page-helpers.ts:13

      11 |
      12 |   async navigate(path: string) {
    > 13 |     await this.page.goto(path);
         |                     ^
      14 |     await this.page.waitForLoadState("networkidle");
      15 |   }
      16 |
        at BasePage.navigate (/home/tbaltzakis/cloudless.gr/e2e/helpers/page-helpers.ts:13:21)
        at /home/tbaltzakis/cloudless.gr/e2e/ui/components/card.spec.ts:18:16

    attachment #1: screenshot (image/png) ──────────────────────────────────────────────────────────
    test-results/ui-components-card-Card-Co-fbe4f-ave-accessible-card-headers-mobile-chrome-retry1/test-failed-1.png
    ────────────────────────────────────────────────────────────────────────────────────────────────

    attachment #2: video (video/webm) ──────────────────────────────────────────────────────────────
    test-results/ui-components-card-Card-Co-fbe4f-ave-accessible-card-headers-mobile-chrome-retry1/video.webm
    ────────────────────────────────────────────────────────────────────────────────────────────────

    Error Context: test-results/ui-components-card-Card-Co-fbe4f-ave-accessible-card-headers-mobile-chrome-retry1/error-context.md

    attachment #4: trace (application/zip) ─────────────────────────────────────────────────────────
    test-results/ui-components-card-Card-Co-fbe4f-ave-accessible-card-headers-mobile-chrome-retry1/trace.zip
    Usage:

        npx playwright show-trace test-results/ui-components-card-Card-Co-fbe4f-ave-accessible-card-headers-mobile-chrome-retry1/trace.zip

    ────────────────────────────────────────────────────────────────────────────────────────────────

  1898) [mobile-chrome] › e2e/ui/components/card.spec.ts:453:9 › Card Component › Accessibility › should have accessible card content 

    Error: page.goto: net::ERR_CONNECTION_REFUSED at http://localhost:4000/
    Call log:
      - navigating to "http://localhost:4000/", waiting until "load"


       at helpers/page-helpers.ts:13

      11 |
      12 |   async navigate(path: string) {
    > 13 |     await this.page.goto(path);
         |                     ^
      14 |     await this.page.waitForLoadState("networkidle");
      15 |   }
      16 |
        at BasePage.navigate (/home/tbaltzakis/cloudless.gr/e2e/helpers/page-helpers.ts:13:21)
        at /home/tbaltzakis/cloudless.gr/e2e/ui/components/card.spec.ts:18:16

    attachment #1: screenshot (image/png) ──────────────────────────────────────────────────────────
    test-results/ui-components-card-Card-Co-354d3-ave-accessible-card-content-mobile-chrome/test-failed-1.png
    ────────────────────────────────────────────────────────────────────────────────────────────────

    attachment #2: video (video/webm) ──────────────────────────────────────────────────────────────
    test-results/ui-components-card-Card-Co-354d3-ave-accessible-card-content-mobile-chrome/video.webm
    ────────────────────────────────────────────────────────────────────────────────────────────────

    Error Context: test-results/ui-components-card-Card-Co-354d3-ave-accessible-card-content-mobile-chrome/error-context.md

    Retry #1 ───────────────────────────────────────────────────────────────────────────────────────

    Error: page.goto: net::ERR_CONNECTION_REFUSED at http://localhost:4000/
    Call log:
      - navigating to "http://localhost:4000/", waiting until "load"


       at helpers/page-helpers.ts:13

      11 |
      12 |   async navigate(path: string) {
    > 13 |     await this.page.goto(path);
         |                     ^
      14 |     await this.page.waitForLoadState("networkidle");
      15 |   }
      16 |
        at BasePage.navigate (/home/tbaltzakis/cloudless.gr/e2e/helpers/page-helpers.ts:13:21)
        at /home/tbaltzakis/cloudless.gr/e2e/ui/components/card.spec.ts:18:16

    attachment #1: screenshot (image/png) ──────────────────────────────────────────────────────────
    test-results/ui-components-card-Card-Co-354d3-ave-accessible-card-content-mobile-chrome-retry1/test-failed-1.png
    ────────────────────────────────────────────────────────────────────────────────────────────────

    attachment #2: video (video/webm) ──────────────────────────────────────────────────────────────
    test-results/ui-components-card-Card-Co-354d3-ave-accessible-card-content-mobile-chrome-retry1/video.webm
    ────────────────────────────────────────────────────────────────────────────────────────────────

    Error Context: test-results/ui-components-card-Card-Co-354d3-ave-accessible-card-content-mobile-chrome-retry1/error-context.md

    attachment #4: trace (application/zip) ─────────────────────────────────────────────────────────
    test-results/ui-components-card-Card-Co-354d3-ave-accessible-card-content-mobile-chrome-retry1/trace.zip
    Usage:

        npx playwright show-trace test-results/ui-components-card-Card-Co-354d3-ave-accessible-card-content-mobile-chrome-retry1/trace.zip

    ────────────────────────────────────────────────────────────────────────────────────────────────

  1899) [mobile-chrome] › e2e/ui/components/card.spec.ts:488:9 › Card Component › Accessibility › should have accessible card actions 

    Error: page.goto: net::ERR_CONNECTION_REFUSED at http://localhost:4000/
    Call log:
      - navigating to "http://localhost:4000/", waiting until "load"


       at helpers/page-helpers.ts:13

      11 |
      12 |   async navigate(path: string) {
    > 13 |     await this.page.goto(path);
         |                     ^
      14 |     await this.page.waitForLoadState("networkidle");
      15 |   }
      16 |
        at BasePage.navigate (/home/tbaltzakis/cloudless.gr/e2e/helpers/page-helpers.ts:13:21)
        at /home/tbaltzakis/cloudless.gr/e2e/ui/components/card.spec.ts:18:16

    attachment #1: screenshot (image/png) ──────────────────────────────────────────────────────────
    test-results/ui-components-card-Card-Co-08333-ave-accessible-card-actions-mobile-chrome/test-failed-1.png
    ────────────────────────────────────────────────────────────────────────────────────────────────

    attachment #2: video (video/webm) ──────────────────────────────────────────────────────────────
    test-results/ui-components-card-Card-Co-08333-ave-accessible-card-actions-mobile-chrome/video.webm
    ────────────────────────────────────────────────────────────────────────────────────────────────

    Error Context: test-results/ui-components-card-Card-Co-08333-ave-accessible-card-actions-mobile-chrome/error-context.md

    Retry #1 ───────────────────────────────────────────────────────────────────────────────────────

    Error: page.goto: net::ERR_CONNECTION_REFUSED at http://localhost:4000/
    Call log:
      - navigating to "http://localhost:4000/", waiting until "load"


       at helpers/page-helpers.ts:13

      11 |
      12 |   async navigate(path: string) {
    > 13 |     await this.page.goto(path);
         |                     ^
      14 |     await this.page.waitForLoadState("networkidle");
      15 |   }
      16 |
        at BasePage.navigate (/home/tbaltzakis/cloudless.gr/e2e/helpers/page-helpers.ts:13:21)
        at /home/tbaltzakis/cloudless.gr/e2e/ui/components/card.spec.ts:18:16

    attachment #1: screenshot (image/png) ──────────────────────────────────────────────────────────
    test-results/ui-components-card-Card-Co-08333-ave-accessible-card-actions-mobile-chrome-retry1/test-failed-1.png
    ────────────────────────────────────────────────────────────────────────────────────────────────

    attachment #2: video (video/webm) ──────────────────────────────────────────────────────────────
    test-results/ui-components-card-Card-Co-08333-ave-accessible-card-actions-mobile-chrome-retry1/video.webm
    ────────────────────────────────────────────────────────────────────────────────────────────────

    Error Context: test-results/ui-components-card-Card-Co-08333-ave-accessible-card-actions-mobile-chrome-retry1/error-context.md

    attachment #4: trace (application/zip) ─────────────────────────────────────────────────────────
    test-results/ui-components-card-Card-Co-08333-ave-accessible-card-actions-mobile-chrome-retry1/trace.zip
    Usage:

        npx playwright show-trace test-results/ui-components-card-Card-Co-08333-ave-accessible-card-actions-mobile-chrome-retry1/trace.zip

    ────────────────────────────────────────────────────────────────────────────────────────────────

  1900) [mobile-chrome] › e2e/ui/components/card.spec.ts:530:9 › Card Component › Performance › should not cause layout shifts 

    Error: page.goto: net::ERR_CONNECTION_REFUSED at http://localhost:4000/
    Call log:
      - navigating to "http://localhost:4000/", waiting until "load"


       at helpers/page-helpers.ts:13

      11 |
      12 |   async navigate(path: string) {
    > 13 |     await this.page.goto(path);
         |                     ^
      14 |     await this.page.waitForLoadState("networkidle");
      15 |   }
      16 |
        at BasePage.navigate (/home/tbaltzakis/cloudless.gr/e2e/helpers/page-helpers.ts:13:21)
        at /home/tbaltzakis/cloudless.gr/e2e/ui/components/card.spec.ts:18:16

    attachment #1: screenshot (image/png) ──────────────────────────────────────────────────────────
    test-results/ui-components-card-Card-Co-d5249-uld-not-cause-layout-shifts-mobile-chrome/test-failed-1.png
    ────────────────────────────────────────────────────────────────────────────────────────────────

    attachment #2: video (video/webm) ──────────────────────────────────────────────────────────────
    test-results/ui-components-card-Card-Co-d5249-uld-not-cause-layout-shifts-mobile-chrome/video.webm
    ────────────────────────────────────────────────────────────────────────────────────────────────

    Error Context: test-results/ui-components-card-Card-Co-d5249-uld-not-cause-layout-shifts-mobile-chrome/error-context.md

    Retry #1 ───────────────────────────────────────────────────────────────────────────────────────

    Error: page.goto: net::ERR_CONNECTION_REFUSED at http://localhost:4000/
    Call log:
      - navigating to "http://localhost:4000/", waiting until "load"


       at helpers/page-helpers.ts:13

      11 |
      12 |   async navigate(path: string) {
    > 13 |     await this.page.goto(path);
         |                     ^
      14 |     await this.page.waitForLoadState("networkidle");
      15 |   }
      16 |
        at BasePage.navigate (/home/tbaltzakis/cloudless.gr/e2e/helpers/page-helpers.ts:13:21)
        at /home/tbaltzakis/cloudless.gr/e2e/ui/components/card.spec.ts:18:16

    attachment #1: screenshot (image/png) ──────────────────────────────────────────────────────────
    test-results/ui-components-card-Card-Co-d5249-uld-not-cause-layout-shifts-mobile-chrome-retry1/test-failed-1.png
    ────────────────────────────────────────────────────────────────────────────────────────────────

    attachment #2: video (video/webm) ──────────────────────────────────────────────────────────────
    test-results/ui-components-card-Card-Co-d5249-uld-not-cause-layout-shifts-mobile-chrome-retry1/video.webm
    ────────────────────────────────────────────────────────────────────────────────────────────────

    Error Context: test-results/ui-components-card-Card-Co-d5249-uld-not-cause-layout-shifts-mobile-chrome-retry1/error-context.md

    attachment #4: trace (application/zip) ─────────────────────────────────────────────────────────
    test-results/ui-components-card-Card-Co-d5249-uld-not-cause-layout-shifts-mobile-chrome-retry1/trace.zip
    Usage:

        npx playwright show-trace test-results/ui-components-card-Card-Co-d5249-uld-not-cause-layout-shifts-mobile-chrome-retry1/trace.zip

    ────────────────────────────────────────────────────────────────────────────────────────────────

  1901) [mobile-chrome] › e2e/ui/components/card.spec.ts:560:9 › Card Component › Performance › should have reasonable number of DOM nodes 

    Error: page.goto: net::ERR_CONNECTION_REFUSED at http://localhost:4000/
    Call log:
      - navigating to "http://localhost:4000/", waiting until "load"


       at helpers/page-helpers.ts:13

      11 |
      12 |   async navigate(path: string) {
    > 13 |     await this.page.goto(path);
         |                     ^
      14 |     await this.page.waitForLoadState("networkidle");
      15 |   }
      16 |
        at BasePage.navigate (/home/tbaltzakis/cloudless.gr/e2e/helpers/page-helpers.ts:13:21)
        at /home/tbaltzakis/cloudless.gr/e2e/ui/components/card.spec.ts:18:16

    attachment #1: screenshot (image/png) ──────────────────────────────────────────────────────────
    test-results/ui-components-card-Card-Co-bdb97-sonable-number-of-DOM-nodes-mobile-chrome/test-failed-1.png
    ────────────────────────────────────────────────────────────────────────────────────────────────

    attachment #2: video (video/webm) ──────────────────────────────────────────────────────────────
    test-results/ui-components-card-Card-Co-bdb97-sonable-number-of-DOM-nodes-mobile-chrome/video.webm
    ────────────────────────────────────────────────────────────────────────────────────────────────

    Error Context: test-results/ui-components-card-Card-Co-bdb97-sonable-number-of-DOM-nodes-mobile-chrome/error-context.md

    Retry #1 ───────────────────────────────────────────────────────────────────────────────────────

    Error: page.goto: net::ERR_CONNECTION_REFUSED at http://localhost:4000/
    Call log:
      - navigating to "http://localhost:4000/", waiting until "load"


       at helpers/page-helpers.ts:13

      11 |
      12 |   async navigate(path: string) {
    > 13 |     await this.page.goto(path);
         |                     ^
      14 |     await this.page.waitForLoadState("networkidle");
      15 |   }
      16 |
        at BasePage.navigate (/home/tbaltzakis/cloudless.gr/e2e/helpers/page-helpers.ts:13:21)
        at /home/tbaltzakis/cloudless.gr/e2e/ui/components/card.spec.ts:18:16

    attachment #1: screenshot (image/png) ──────────────────────────────────────────────────────────
    test-results/ui-components-card-Card-Co-bdb97-sonable-number-of-DOM-nodes-mobile-chrome-retry1/test-failed-1.png
    ────────────────────────────────────────────────────────────────────────────────────────────────

    attachment #2: video (video/webm) ──────────────────────────────────────────────────────────────
    test-results/ui-components-card-Card-Co-bdb97-sonable-number-of-DOM-nodes-mobile-chrome-retry1/video.webm
    ────────────────────────────────────────────────────────────────────────────────────────────────

    Error Context: test-results/ui-components-card-Card-Co-bdb97-sonable-number-of-DOM-nodes-mobile-chrome-retry1/error-context.md

    attachment #4: trace (application/zip) ─────────────────────────────────────────────────────────
    test-results/ui-components-card-Card-Co-bdb97-sonable-number-of-DOM-nodes-mobile-chrome-retry1/trace.zip
    Usage:

        npx playwright show-trace test-results/ui-components-card-Card-Co-bdb97-sonable-number-of-DOM-nodes-mobile-chrome-retry1/trace.zip

    ────────────────────────────────────────────────────────────────────────────────────────────────

  1902) [mobile-chrome] › e2e/ui/components/card.spec.ts:570:9 › Card Component › Performance › should optimize image loading 

    Error: page.goto: net::ERR_CONNECTION_REFUSED at http://localhost:4000/
    Call log:
      - navigating to "http://localhost:4000/", waiting until "load"


       at helpers/page-helpers.ts:13

      11 |
      12 |   async navigate(path: string) {
    > 13 |     await this.page.goto(path);
         |                     ^
      14 |     await this.page.waitForLoadState("networkidle");
      15 |   }
      16 |
        at BasePage.navigate (/home/tbaltzakis/cloudless.gr/e2e/helpers/page-helpers.ts:13:21)
        at /home/tbaltzakis/cloudless.gr/e2e/ui/components/card.spec.ts:18:16

    attachment #1: screenshot (image/png) ──────────────────────────────────────────────────────────
    test-results/ui-components-card-Card-Co-8857b-ould-optimize-image-loading-mobile-chrome/test-failed-1.png
    ────────────────────────────────────────────────────────────────────────────────────────────────

    attachment #2: video (video/webm) ──────────────────────────────────────────────────────────────
    test-results/ui-components-card-Card-Co-8857b-ould-optimize-image-loading-mobile-chrome/video.webm
    ────────────────────────────────────────────────────────────────────────────────────────────────

    Error Context: test-results/ui-components-card-Card-Co-8857b-ould-optimize-image-loading-mobile-chrome/error-context.md

    Retry #1 ───────────────────────────────────────────────────────────────────────────────────────

    Error: page.goto: net::ERR_CONNECTION_REFUSED at http://localhost:4000/
    Call log:
      - navigating to "http://localhost:4000/", waiting until "load"


       at helpers/page-helpers.ts:13

      11 |
      12 |   async navigate(path: string) {
    > 13 |     await this.page.goto(path);
         |                     ^
      14 |     await this.page.waitForLoadState("networkidle");
      15 |   }
      16 |
        at BasePage.navigate (/home/tbaltzakis/cloudless.gr/e2e/helpers/page-helpers.ts:13:21)
        at /home/tbaltzakis/cloudless.gr/e2e/ui/components/card.spec.ts:18:16

    attachment #1: screenshot (image/png) ──────────────────────────────────────────────────────────
    test-results/ui-components-card-Card-Co-8857b-ould-optimize-image-loading-mobile-chrome-retry1/test-failed-1.png
    ────────────────────────────────────────────────────────────────────────────────────────────────

    attachment #2: video (video/webm) ──────────────────────────────────────────────────────────────
    test-results/ui-components-card-Card-Co-8857b-ould-optimize-image-loading-mobile-chrome-retry1/video.webm
    ────────────────────────────────────────────────────────────────────────────────────────────────

    Error Context: test-results/ui-components-card-Card-Co-8857b-ould-optimize-image-loading-mobile-chrome-retry1/error-context.md

    attachment #4: trace (application/zip) ─────────────────────────────────────────────────────────
    test-results/ui-components-card-Card-Co-8857b-ould-optimize-image-loading-mobile-chrome-retry1/trace.zip
    Usage:

        npx playwright show-trace test-results/ui-components-card-Card-Co-8857b-ould-optimize-image-loading-mobile-chrome-retry1/trace.zip

    ────────────────────────────────────────────────────────────────────────────────────────────────

  1903) [mobile-chrome] › e2e/ui/components/footer.spec.ts:21:7 › Footer Component › should be visible on all pages 

    Error: page.goto: net::ERR_CONNECTION_REFUSED at http://localhost:4000/
    Call log:
      - navigating to "http://localhost:4000/", waiting until "load"


       at helpers/page-helpers.ts:13

      11 |
      12 |   async navigate(path: string) {
    > 13 |     await this.page.goto(path);
         |                     ^
      14 |     await this.page.waitForLoadState("networkidle");
      15 |   }
      16 |
        at BasePage.navigate (/home/tbaltzakis/cloudless.gr/e2e/helpers/page-helpers.ts:13:21)
        at /home/tbaltzakis/cloudless.gr/e2e/ui/components/footer.spec.ts:18:16

    attachment #1: screenshot (image/png) ──────────────────────────────────────────────────────────
    test-results/ui-components-footer-Foote-708dc-uld-be-visible-on-all-pages-mobile-chrome/test-failed-1.png
    ────────────────────────────────────────────────────────────────────────────────────────────────

    attachment #2: video (video/webm) ──────────────────────────────────────────────────────────────
    test-results/ui-components-footer-Foote-708dc-uld-be-visible-on-all-pages-mobile-chrome/video.webm
    ────────────────────────────────────────────────────────────────────────────────────────────────

    Error Context: test-results/ui-components-footer-Foote-708dc-uld-be-visible-on-all-pages-mobile-chrome/error-context.md

    Retry #1 ───────────────────────────────────────────────────────────────────────────────────────

    Error: page.goto: net::ERR_CONNECTION_REFUSED at http://localhost:4000/
    Call log:
      - navigating to "http://localhost:4000/", waiting until "load"


       at helpers/page-helpers.ts:13

      11 |
      12 |   async navigate(path: string) {
    > 13 |     await this.page.goto(path);
         |                     ^
      14 |     await this.page.waitForLoadState("networkidle");
      15 |   }
      16 |
        at BasePage.navigate (/home/tbaltzakis/cloudless.gr/e2e/helpers/page-helpers.ts:13:21)
        at /home/tbaltzakis/cloudless.gr/e2e/ui/components/footer.spec.ts:18:16

    attachment #1: screenshot (image/png) ──────────────────────────────────────────────────────────
    test-results/ui-components-footer-Foote-708dc-uld-be-visible-on-all-pages-mobile-chrome-retry1/test-failed-1.png
    ────────────────────────────────────────────────────────────────────────────────────────────────

    attachment #2: video (video/webm) ──────────────────────────────────────────────────────────────
    test-results/ui-components-footer-Foote-708dc-uld-be-visible-on-all-pages-mobile-chrome-retry1/video.webm
    ────────────────────────────────────────────────────────────────────────────────────────────────

    Error Context: test-results/ui-components-footer-Foote-708dc-uld-be-visible-on-all-pages-mobile-chrome-retry1/error-context.md

    attachment #4: trace (application/zip) ─────────────────────────────────────────────────────────
    test-results/ui-components-footer-Foote-708dc-uld-be-visible-on-all-pages-mobile-chrome-retry1/trace.zip
    Usage:

        npx playwright show-trace test-results/ui-components-footer-Foote-708dc-uld-be-visible-on-all-pages-mobile-chrome-retry1/trace.zip

    ────────────────────────────────────────────────────────────────────────────────────────────────

  1904) [mobile-chrome] › e2e/ui/components/footer.spec.ts:26:7 › Footer Component › should contain copyright information 

    Error: page.goto: net::ERR_CONNECTION_REFUSED at http://localhost:4000/
    Call log:
      - navigating to "http://localhost:4000/", waiting until "load"


       at helpers/page-helpers.ts:13

      11 |
      12 |   async navigate(path: string) {
    > 13 |     await this.page.goto(path);
         |                     ^
      14 |     await this.page.waitForLoadState("networkidle");
      15 |   }
      16 |
        at BasePage.navigate (/home/tbaltzakis/cloudless.gr/e2e/helpers/page-helpers.ts:13:21)
        at /home/tbaltzakis/cloudless.gr/e2e/ui/components/footer.spec.ts:18:16

    attachment #1: screenshot (image/png) ──────────────────────────────────────────────────────────
    test-results/ui-components-footer-Foote-d7842-ntain-copyright-information-mobile-chrome/test-failed-1.png
    ────────────────────────────────────────────────────────────────────────────────────────────────

    attachment #2: video (video/webm) ──────────────────────────────────────────────────────────────
    test-results/ui-components-footer-Foote-d7842-ntain-copyright-information-mobile-chrome/video.webm
    ────────────────────────────────────────────────────────────────────────────────────────────────

    Error Context: test-results/ui-components-footer-Foote-d7842-ntain-copyright-information-mobile-chrome/error-context.md

    Retry #1 ───────────────────────────────────────────────────────────────────────────────────────

    Error: page.goto: net::ERR_CONNECTION_REFUSED at http://localhost:4000/
    Call log:
      - navigating to "http://localhost:4000/", waiting until "load"


       at helpers/page-helpers.ts:13

      11 |
      12 |   async navigate(path: string) {
    > 13 |     await this.page.goto(path);
         |                     ^
      14 |     await this.page.waitForLoadState("networkidle");
      15 |   }
      16 |
        at BasePage.navigate (/home/tbaltzakis/cloudless.gr/e2e/helpers/page-helpers.ts:13:21)
        at /home/tbaltzakis/cloudless.gr/e2e/ui/components/footer.spec.ts:18:16

    attachment #1: screenshot (image/png) ──────────────────────────────────────────────────────────
    test-results/ui-components-footer-Foote-d7842-ntain-copyright-information-mobile-chrome-retry1/test-failed-1.png
    ────────────────────────────────────────────────────────────────────────────────────────────────

    attachment #2: video (video/webm) ──────────────────────────────────────────────────────────────
    test-results/ui-components-footer-Foote-d7842-ntain-copyright-information-mobile-chrome-retry1/video.webm
    ────────────────────────────────────────────────────────────────────────────────────────────────

    Error Context: test-results/ui-components-footer-Foote-d7842-ntain-copyright-information-mobile-chrome-retry1/error-context.md

    attachment #4: trace (application/zip) ─────────────────────────────────────────────────────────
    test-results/ui-components-footer-Foote-d7842-ntain-copyright-information-mobile-chrome-retry1/trace.zip
    Usage:

        npx playwright show-trace test-results/ui-components-footer-Foote-d7842-ntain-copyright-information-mobile-chrome-retry1/trace.zip

    ────────────────────────────────────────────────────────────────────────────────────────────────

  1905) [mobile-chrome] › e2e/ui/components/footer.spec.ts:40:7 › Footer Component › should contain navigation links 

    Error: page.goto: net::ERR_CONNECTION_REFUSED at http://localhost:4000/
    Call log:
      - navigating to "http://localhost:4000/", waiting until "load"


       at helpers/page-helpers.ts:13

      11 |
      12 |   async navigate(path: string) {
    > 13 |     await this.page.goto(path);
         |                     ^
      14 |     await this.page.waitForLoadState("networkidle");
      15 |   }
      16 |
        at BasePage.navigate (/home/tbaltzakis/cloudless.gr/e2e/helpers/page-helpers.ts:13:21)
        at /home/tbaltzakis/cloudless.gr/e2e/ui/components/footer.spec.ts:18:16

    attachment #1: screenshot (image/png) ──────────────────────────────────────────────────────────
    test-results/ui-components-footer-Foote-e60f8-ld-contain-navigation-links-mobile-chrome/test-failed-1.png
    ────────────────────────────────────────────────────────────────────────────────────────────────

    attachment #2: video (video/webm) ──────────────────────────────────────────────────────────────
    test-results/ui-components-footer-Foote-e60f8-ld-contain-navigation-links-mobile-chrome/video.webm
    ────────────────────────────────────────────────────────────────────────────────────────────────

    Error Context: test-results/ui-components-footer-Foote-e60f8-ld-contain-navigation-links-mobile-chrome/error-context.md

    Retry #1 ───────────────────────────────────────────────────────────────────────────────────────

    Error: page.goto: net::ERR_CONNECTION_REFUSED at http://localhost:4000/
    Call log:
      - navigating to "http://localhost:4000/", waiting until "load"


       at helpers/page-helpers.ts:13

      11 |
      12 |   async navigate(path: string) {
    > 13 |     await this.page.goto(path);
         |                     ^
      14 |     await this.page.waitForLoadState("networkidle");
      15 |   }
      16 |
        at BasePage.navigate (/home/tbaltzakis/cloudless.gr/e2e/helpers/page-helpers.ts:13:21)
        at /home/tbaltzakis/cloudless.gr/e2e/ui/components/footer.spec.ts:18:16

    attachment #1: screenshot (image/png) ──────────────────────────────────────────────────────────
    test-results/ui-components-footer-Foote-e60f8-ld-contain-navigation-links-mobile-chrome-retry1/test-failed-1.png
    ────────────────────────────────────────────────────────────────────────────────────────────────

    attachment #2: video (video/webm) ──────────────────────────────────────────────────────────────
    test-results/ui-components-footer-Foote-e60f8-ld-contain-navigation-links-mobile-chrome-retry1/video.webm
    ────────────────────────────────────────────────────────────────────────────────────────────────

    Error Context: test-results/ui-components-footer-Foote-e60f8-ld-contain-navigation-links-mobile-chrome-retry1/error-context.md

    attachment #4: trace (application/zip) ─────────────────────────────────────────────────────────
    test-results/ui-components-footer-Foote-e60f8-ld-contain-navigation-links-mobile-chrome-retry1/trace.zip
    Usage:

        npx playwright show-trace test-results/ui-components-footer-Foote-e60f8-ld-contain-navigation-links-mobile-chrome-retry1/trace.zip

    ────────────────────────────────────────────────────────────────────────────────────────────────

  1906) [mobile-chrome] › e2e/ui/components/footer.spec.ts:71:7 › Footer Component › should contain social media links 

    Error: page.goto: net::ERR_CONNECTION_REFUSED at http://localhost:4000/
    Call log:
      - navigating to "http://localhost:4000/", waiting until "load"


       at helpers/page-helpers.ts:13

      11 |
      12 |   async navigate(path: string) {
    > 13 |     await this.page.goto(path);
         |                     ^
      14 |     await this.page.waitForLoadState("networkidle");
      15 |   }
      16 |
        at BasePage.navigate (/home/tbaltzakis/cloudless.gr/e2e/helpers/page-helpers.ts:13:21)
        at /home/tbaltzakis/cloudless.gr/e2e/ui/components/footer.spec.ts:18:16

    attachment #1: screenshot (image/png) ──────────────────────────────────────────────────────────
    test-results/ui-components-footer-Foote-7c633--contain-social-media-links-mobile-chrome/test-failed-1.png
    ────────────────────────────────────────────────────────────────────────────────────────────────

    attachment #2: video (video/webm) ──────────────────────────────────────────────────────────────
    test-results/ui-components-footer-Foote-7c633--contain-social-media-links-mobile-chrome/video.webm
    ────────────────────────────────────────────────────────────────────────────────────────────────

    Error Context: test-results/ui-components-footer-Foote-7c633--contain-social-media-links-mobile-chrome/error-context.md

    Retry #1 ───────────────────────────────────────────────────────────────────────────────────────

    Error: page.goto: net::ERR_CONNECTION_REFUSED at http://localhost:4000/
    Call log:
      - navigating to "http://localhost:4000/", waiting until "load"


       at helpers/page-helpers.ts:13

      11 |
      12 |   async navigate(path: string) {
    > 13 |     await this.page.goto(path);
         |                     ^
      14 |     await this.page.waitForLoadState("networkidle");
      15 |   }
      16 |
        at BasePage.navigate (/home/tbaltzakis/cloudless.gr/e2e/helpers/page-helpers.ts:13:21)
        at /home/tbaltzakis/cloudless.gr/e2e/ui/components/footer.spec.ts:18:16

    attachment #1: screenshot (image/png) ──────────────────────────────────────────────────────────
    test-results/ui-components-footer-Foote-7c633--contain-social-media-links-mobile-chrome-retry1/test-failed-1.png
    ────────────────────────────────────────────────────────────────────────────────────────────────

    attachment #2: video (video/webm) ──────────────────────────────────────────────────────────────
    test-results/ui-components-footer-Foote-7c633--contain-social-media-links-mobile-chrome-retry1/video.webm
    ────────────────────────────────────────────────────────────────────────────────────────────────

    Error Context: test-results/ui-components-footer-Foote-7c633--contain-social-media-links-mobile-chrome-retry1/error-context.md

    attachment #4: trace (application/zip) ─────────────────────────────────────────────────────────
    test-results/ui-components-footer-Foote-7c633--contain-social-media-links-mobile-chrome-retry1/trace.zip
    Usage:

        npx playwright show-trace test-results/ui-components-footer-Foote-7c633--contain-social-media-links-mobile-chrome-retry1/trace.zip

    ────────────────────────────────────────────────────────────────────────────────────────────────

  1907) [mobile-chrome] › e2e/ui/components/footer.spec.ts:86:7 › Footer Component › should contain newsletter signup 

    Error: page.goto: net::ERR_CONNECTION_REFUSED at http://localhost:4000/
    Call log:
      - navigating to "http://localhost:4000/", waiting until "load"


       at helpers/page-helpers.ts:13

      11 |
      12 |   async navigate(path: string) {
    > 13 |     await this.page.goto(path);
         |                     ^
      14 |     await this.page.waitForLoadState("networkidle");
      15 |   }
      16 |
        at BasePage.navigate (/home/tbaltzakis/cloudless.gr/e2e/helpers/page-helpers.ts:13:21)
        at /home/tbaltzakis/cloudless.gr/e2e/ui/components/footer.spec.ts:18:16

    attachment #1: screenshot (image/png) ──────────────────────────────────────────────────────────
    test-results/ui-components-footer-Foote-d7343-d-contain-newsletter-signup-mobile-chrome/test-failed-1.png
    ────────────────────────────────────────────────────────────────────────────────────────────────

    attachment #2: video (video/webm) ──────────────────────────────────────────────────────────────
    test-results/ui-components-footer-Foote-d7343-d-contain-newsletter-signup-mobile-chrome/video.webm
    ────────────────────────────────────────────────────────────────────────────────────────────────

    Error Context: test-results/ui-components-footer-Foote-d7343-d-contain-newsletter-signup-mobile-chrome/error-context.md

    Retry #1 ───────────────────────────────────────────────────────────────────────────────────────

    Error: page.goto: net::ERR_CONNECTION_REFUSED at http://localhost:4000/
    Call log:
      - navigating to "http://localhost:4000/", waiting until "load"


       at helpers/page-helpers.ts:13

      11 |
      12 |   async navigate(path: string) {
    > 13 |     await this.page.goto(path);
         |                     ^
      14 |     await this.page.waitForLoadState("networkidle");
      15 |   }
      16 |
        at BasePage.navigate (/home/tbaltzakis/cloudless.gr/e2e/helpers/page-helpers.ts:13:21)
        at /home/tbaltzakis/cloudless.gr/e2e/ui/components/footer.spec.ts:18:16

    attachment #1: screenshot (image/png) ──────────────────────────────────────────────────────────
    test-results/ui-components-footer-Foote-d7343-d-contain-newsletter-signup-mobile-chrome-retry1/test-failed-1.png
    ────────────────────────────────────────────────────────────────────────────────────────────────

    attachment #2: video (video/webm) ──────────────────────────────────────────────────────────────
    test-results/ui-components-footer-Foote-d7343-d-contain-newsletter-signup-mobile-chrome-retry1/video.webm
    ────────────────────────────────────────────────────────────────────────────────────────────────

    Error Context: test-results/ui-components-footer-Foote-d7343-d-contain-newsletter-signup-mobile-chrome-retry1/error-context.md

    attachment #4: trace (application/zip) ─────────────────────────────────────────────────────────
    test-results/ui-components-footer-Foote-d7343-d-contain-newsletter-signup-mobile-chrome-retry1/trace.zip
    Usage:

        npx playwright show-trace test-results/ui-components-footer-Foote-d7343-d-contain-newsletter-signup-mobile-chrome-retry1/trace.zip

    ────────────────────────────────────────────────────────────────────────────────────────────────

  1908) [mobile-chrome] › e2e/ui/components/footer.spec.ts:110:9 › Footer Component › Navigation Functionality › should navigate to homepage via footer link 

    Error: page.goto: net::ERR_CONNECTION_REFUSED at http://localhost:4000/
    Call log:
      - navigating to "http://localhost:4000/", waiting until "load"


       at helpers/page-helpers.ts:13

      11 |
      12 |   async navigate(path: string) {
    > 13 |     await this.page.goto(path);
         |                     ^
      14 |     await this.page.waitForLoadState("networkidle");
      15 |   }
      16 |
        at BasePage.navigate (/home/tbaltzakis/cloudless.gr/e2e/helpers/page-helpers.ts:13:21)
        at /home/tbaltzakis/cloudless.gr/e2e/ui/components/footer.spec.ts:18:16

    attachment #1: screenshot (image/png) ──────────────────────────────────────────────────────────
    test-results/ui-components-footer-Foote-bb169-to-homepage-via-footer-link-mobile-chrome/test-failed-1.png
    ────────────────────────────────────────────────────────────────────────────────────────────────

    attachment #2: video (video/webm) ──────────────────────────────────────────────────────────────
    test-results/ui-components-footer-Foote-bb169-to-homepage-via-footer-link-mobile-chrome/video.webm
    ────────────────────────────────────────────────────────────────────────────────────────────────

    Error Context: test-results/ui-components-footer-Foote-bb169-to-homepage-via-footer-link-mobile-chrome/error-context.md

    Retry #1 ───────────────────────────────────────────────────────────────────────────────────────

    Error: page.goto: net::ERR_CONNECTION_REFUSED at http://localhost:4000/
    Call log:
      - navigating to "http://localhost:4000/", waiting until "load"


       at helpers/page-helpers.ts:13

      11 |
      12 |   async navigate(path: string) {
    > 13 |     await this.page.goto(path);
         |                     ^
      14 |     await this.page.waitForLoadState("networkidle");
      15 |   }
      16 |
        at BasePage.navigate (/home/tbaltzakis/cloudless.gr/e2e/helpers/page-helpers.ts:13:21)
        at /home/tbaltzakis/cloudless.gr/e2e/ui/components/footer.spec.ts:18:16

    attachment #1: screenshot (image/png) ──────────────────────────────────────────────────────────
    test-results/ui-components-footer-Foote-bb169-to-homepage-via-footer-link-mobile-chrome-retry1/test-failed-1.png
    ────────────────────────────────────────────────────────────────────────────────────────────────

    attachment #2: video (video/webm) ──────────────────────────────────────────────────────────────
    test-results/ui-components-footer-Foote-bb169-to-homepage-via-footer-link-mobile-chrome-retry1/video.webm
    ────────────────────────────────────────────────────────────────────────────────────────────────

    Error Context: test-results/ui-components-footer-Foote-bb169-to-homepage-via-footer-link-mobile-chrome-retry1/error-context.md

    attachment #4: trace (application/zip) ─────────────────────────────────────────────────────────
    test-results/ui-components-footer-Foote-bb169-to-homepage-via-footer-link-mobile-chrome-retry1/trace.zip
    Usage:

        npx playwright show-trace test-results/ui-components-footer-Foote-bb169-to-homepage-via-footer-link-mobile-chrome-retry1/trace.zip

    ────────────────────────────────────────────────────────────────────────────────────────────────

  1909) [mobile-chrome] › e2e/ui/components/footer.spec.ts:124:9 › Footer Component › Navigation Functionality › should navigate to services via footer link 

    Error: page.goto: net::ERR_CONNECTION_REFUSED at http://localhost:4000/
    Call log:
      - navigating to "http://localhost:4000/", waiting until "load"


       at helpers/page-helpers.ts:13

      11 |
      12 |   async navigate(path: string) {
    > 13 |     await this.page.goto(path);
         |                     ^
      14 |     await this.page.waitForLoadState("networkidle");
      15 |   }
      16 |
        at BasePage.navigate (/home/tbaltzakis/cloudless.gr/e2e/helpers/page-helpers.ts:13:21)
        at /home/tbaltzakis/cloudless.gr/e2e/ui/components/footer.spec.ts:18:16

    attachment #1: screenshot (image/png) ──────────────────────────────────────────────────────────
    test-results/ui-components-footer-Foote-474f0-to-services-via-footer-link-mobile-chrome/test-failed-1.png
    ────────────────────────────────────────────────────────────────────────────────────────────────

    attachment #2: video (video/webm) ──────────────────────────────────────────────────────────────
    test-results/ui-components-footer-Foote-474f0-to-services-via-footer-link-mobile-chrome/video.webm
    ────────────────────────────────────────────────────────────────────────────────────────────────

    Error Context: test-results/ui-components-footer-Foote-474f0-to-services-via-footer-link-mobile-chrome/error-context.md

    Retry #1 ───────────────────────────────────────────────────────────────────────────────────────

    Error: page.goto: net::ERR_CONNECTION_REFUSED at http://localhost:4000/
    Call log:
      - navigating to "http://localhost:4000/", waiting until "load"


       at helpers/page-helpers.ts:13

      11 |
      12 |   async navigate(path: string) {
    > 13 |     await this.page.goto(path);
         |                     ^
      14 |     await this.page.waitForLoadState("networkidle");
      15 |   }
      16 |
        at BasePage.navigate (/home/tbaltzakis/cloudless.gr/e2e/helpers/page-helpers.ts:13:21)
        at /home/tbaltzakis/cloudless.gr/e2e/ui/components/footer.spec.ts:18:16

    attachment #1: screenshot (image/png) ──────────────────────────────────────────────────────────
    test-results/ui-components-footer-Foote-474f0-to-services-via-footer-link-mobile-chrome-retry1/test-failed-1.png
    ────────────────────────────────────────────────────────────────────────────────────────────────

    attachment #2: video (video/webm) ──────────────────────────────────────────────────────────────
    test-results/ui-components-footer-Foote-474f0-to-services-via-footer-link-mobile-chrome-retry1/video.webm
    ────────────────────────────────────────────────────────────────────────────────────────────────

    Error Context: test-results/ui-components-footer-Foote-474f0-to-services-via-footer-link-mobile-chrome-retry1/error-context.md

    attachment #4: trace (application/zip) ─────────────────────────────────────────────────────────
    test-results/ui-components-footer-Foote-474f0-to-services-via-footer-link-mobile-chrome-retry1/trace.zip
    Usage:

        npx playwright show-trace test-results/ui-components-footer-Foote-474f0-to-services-via-footer-link-mobile-chrome-retry1/trace.zip

    ────────────────────────────────────────────────────────────────────────────────────────────────

  1910) [mobile-chrome] › e2e/ui/components/footer.spec.ts:135:9 › Footer Component › Navigation Functionality › should navigate to store via footer link 

    Error: page.goto: net::ERR_CONNECTION_REFUSED at http://localhost:4000/
    Call log:
      - navigating to "http://localhost:4000/", waiting until "load"


       at helpers/page-helpers.ts:13

      11 |
      12 |   async navigate(path: string) {
    > 13 |     await this.page.goto(path);
         |                     ^
      14 |     await this.page.waitForLoadState("networkidle");
      15 |   }
      16 |
        at BasePage.navigate (/home/tbaltzakis/cloudless.gr/e2e/helpers/page-helpers.ts:13:21)
        at /home/tbaltzakis/cloudless.gr/e2e/ui/components/footer.spec.ts:18:16

    attachment #1: screenshot (image/png) ──────────────────────────────────────────────────────────
    test-results/ui-components-footer-Foote-a03ba-te-to-store-via-footer-link-mobile-chrome/test-failed-1.png
    ────────────────────────────────────────────────────────────────────────────────────────────────

    attachment #2: video (video/webm) ──────────────────────────────────────────────────────────────
    test-results/ui-components-footer-Foote-a03ba-te-to-store-via-footer-link-mobile-chrome/video.webm
    ────────────────────────────────────────────────────────────────────────────────────────────────

    Error Context: test-results/ui-components-footer-Foote-a03ba-te-to-store-via-footer-link-mobile-chrome/error-context.md

    Retry #1 ───────────────────────────────────────────────────────────────────────────────────────

    Error: page.goto: net::ERR_CONNECTION_REFUSED at http://localhost:4000/
    Call log:
      - navigating to "http://localhost:4000/", waiting until "load"


       at helpers/page-helpers.ts:13

      11 |
      12 |   async navigate(path: string) {
    > 13 |     await this.page.goto(path);
         |                     ^
      14 |     await this.page.waitForLoadState("networkidle");
      15 |   }
      16 |
        at BasePage.navigate (/home/tbaltzakis/cloudless.gr/e2e/helpers/page-helpers.ts:13:21)
        at /home/tbaltzakis/cloudless.gr/e2e/ui/components/footer.spec.ts:18:16

    attachment #1: screenshot (image/png) ──────────────────────────────────────────────────────────
    test-results/ui-components-footer-Foote-a03ba-te-to-store-via-footer-link-mobile-chrome-retry1/test-failed-1.png
    ────────────────────────────────────────────────────────────────────────────────────────────────

    attachment #2: video (video/webm) ──────────────────────────────────────────────────────────────
    test-results/ui-components-footer-Foote-a03ba-te-to-store-via-footer-link-mobile-chrome-retry1/video.webm
    ────────────────────────────────────────────────────────────────────────────────────────────────

    Error Context: test-results/ui-components-footer-Foote-a03ba-te-to-store-via-footer-link-mobile-chrome-retry1/error-context.md

    attachment #4: trace (application/zip) ─────────────────────────────────────────────────────────
    test-results/ui-components-footer-Foote-a03ba-te-to-store-via-footer-link-mobile-chrome-retry1/trace.zip
    Usage:

        npx playwright show-trace test-results/ui-components-footer-Foote-a03ba-te-to-store-via-footer-link-mobile-chrome-retry1/trace.zip

    ────────────────────────────────────────────────────────────────────────────────────────────────

  1911) [mobile-chrome] › e2e/ui/components/footer.spec.ts:146:9 › Footer Component › Navigation Functionality › should navigate to blog via footer link 

    Error: page.goto: net::ERR_CONNECTION_REFUSED at http://localhost:4000/
    Call log:
      - navigating to "http://localhost:4000/", waiting until "load"


       at helpers/page-helpers.ts:13

      11 |
      12 |   async navigate(path: string) {
    > 13 |     await this.page.goto(path);
         |                     ^
      14 |     await this.page.waitForLoadState("networkidle");
      15 |   }
      16 |
        at BasePage.navigate (/home/tbaltzakis/cloudless.gr/e2e/helpers/page-helpers.ts:13:21)
        at /home/tbaltzakis/cloudless.gr/e2e/ui/components/footer.spec.ts:18:16

    attachment #1: screenshot (image/png) ──────────────────────────────────────────────────────────
    test-results/ui-components-footer-Foote-a8d3d-ate-to-blog-via-footer-link-mobile-chrome/test-failed-1.png
    ────────────────────────────────────────────────────────────────────────────────────────────────

    attachment #2: video (video/webm) ──────────────────────────────────────────────────────────────
    test-results/ui-components-footer-Foote-a8d3d-ate-to-blog-via-footer-link-mobile-chrome/video.webm
    ────────────────────────────────────────────────────────────────────────────────────────────────

    Error Context: test-results/ui-components-footer-Foote-a8d3d-ate-to-blog-via-footer-link-mobile-chrome/error-context.md

    Retry #1 ───────────────────────────────────────────────────────────────────────────────────────

    Error: page.goto: net::ERR_CONNECTION_REFUSED at http://localhost:4000/
    Call log:
      - navigating to "http://localhost:4000/", waiting until "load"


       at helpers/page-helpers.ts:13

      11 |
      12 |   async navigate(path: string) {
    > 13 |     await this.page.goto(path);
         |                     ^
      14 |     await this.page.waitForLoadState("networkidle");
      15 |   }
      16 |
        at BasePage.navigate (/home/tbaltzakis/cloudless.gr/e2e/helpers/page-helpers.ts:13:21)
        at /home/tbaltzakis/cloudless.gr/e2e/ui/components/footer.spec.ts:18:16

    attachment #1: screenshot (image/png) ──────────────────────────────────────────────────────────
    test-results/ui-components-footer-Foote-a8d3d-ate-to-blog-via-footer-link-mobile-chrome-retry1/test-failed-1.png
    ────────────────────────────────────────────────────────────────────────────────────────────────

    attachment #2: video (video/webm) ──────────────────────────────────────────────────────────────
    test-results/ui-components-footer-Foote-a8d3d-ate-to-blog-via-footer-link-mobile-chrome-retry1/video.webm
    ────────────────────────────────────────────────────────────────────────────────────────────────

    Error Context: test-results/ui-components-footer-Foote-a8d3d-ate-to-blog-via-footer-link-mobile-chrome-retry1/error-context.md

    attachment #4: trace (application/zip) ─────────────────────────────────────────────────────────
    test-results/ui-components-footer-Foote-a8d3d-ate-to-blog-via-footer-link-mobile-chrome-retry1/trace.zip
    Usage:

        npx playwright show-trace test-results/ui-components-footer-Foote-a8d3d-ate-to-blog-via-footer-link-mobile-chrome-retry1/trace.zip

    ────────────────────────────────────────────────────────────────────────────────────────────────

  1912) [mobile-chrome] › e2e/ui/components/footer.spec.ts:157:9 › Footer Component › Navigation Functionality › should navigate to contact via footer link 

    Error: page.goto: net::ERR_CONNECTION_REFUSED at http://localhost:4000/
    Call log:
      - navigating to "http://localhost:4000/", waiting until "load"


       at helpers/page-helpers.ts:13

      11 |
      12 |   async navigate(path: string) {
    > 13 |     await this.page.goto(path);
         |                     ^
      14 |     await this.page.waitForLoadState("networkidle");
      15 |   }
      16 |
        at BasePage.navigate (/home/tbaltzakis/cloudless.gr/e2e/helpers/page-helpers.ts:13:21)
        at /home/tbaltzakis/cloudless.gr/e2e/ui/components/footer.spec.ts:18:16

    attachment #1: screenshot (image/png) ──────────────────────────────────────────────────────────
    test-results/ui-components-footer-Foote-17687--to-contact-via-footer-link-mobile-chrome/test-failed-1.png
    ────────────────────────────────────────────────────────────────────────────────────────────────

    attachment #2: video (video/webm) ──────────────────────────────────────────────────────────────
    test-results/ui-components-footer-Foote-17687--to-contact-via-footer-link-mobile-chrome/video.webm
    ────────────────────────────────────────────────────────────────────────────────────────────────

    Error Context: test-results/ui-components-footer-Foote-17687--to-contact-via-footer-link-mobile-chrome/error-context.md

    Retry #1 ───────────────────────────────────────────────────────────────────────────────────────

    Error: page.goto: net::ERR_CONNECTION_REFUSED at http://localhost:4000/
    Call log:
      - navigating to "http://localhost:4000/", waiting until "load"


       at helpers/page-helpers.ts:13

      11 |
      12 |   async navigate(path: string) {
    > 13 |     await this.page.goto(path);
         |                     ^
      14 |     await this.page.waitForLoadState("networkidle");
      15 |   }
      16 |
        at BasePage.navigate (/home/tbaltzakis/cloudless.gr/e2e/helpers/page-helpers.ts:13:21)
        at /home/tbaltzakis/cloudless.gr/e2e/ui/components/footer.spec.ts:18:16

    attachment #1: screenshot (image/png) ──────────────────────────────────────────────────────────
    test-results/ui-components-footer-Foote-17687--to-contact-via-footer-link-mobile-chrome-retry1/test-failed-1.png
    ────────────────────────────────────────────────────────────────────────────────────────────────

    attachment #2: video (video/webm) ──────────────────────────────────────────────────────────────
    test-results/ui-components-footer-Foote-17687--to-contact-via-footer-link-mobile-chrome-retry1/video.webm
    ────────────────────────────────────────────────────────────────────────────────────────────────

    Error Context: test-results/ui-components-footer-Foote-17687--to-contact-via-footer-link-mobile-chrome-retry1/error-context.md

    attachment #4: trace (application/zip) ─────────────────────────────────────────────────────────
    test-results/ui-components-footer-Foote-17687--to-contact-via-footer-link-mobile-chrome-retry1/trace.zip
    Usage:

        npx playwright show-trace test-results/ui-components-footer-Foote-17687--to-contact-via-footer-link-mobile-chrome-retry1/trace.zip

    ────────────────────────────────────────────────────────────────────────────────────────────────

  1913) [mobile-chrome] › e2e/ui/components/footer.spec.ts:170:9 › Footer Component › Newsletter Functionality › should show validation error for empty email 

    Error: page.goto: net::ERR_CONNECTION_REFUSED at http://localhost:4000/
    Call log:
      - navigating to "http://localhost:4000/", waiting until "load"


       at helpers/page-helpers.ts:13

      11 |
      12 |   async navigate(path: string) {
    > 13 |     await this.page.goto(path);
         |                     ^
      14 |     await this.page.waitForLoadState("networkidle");
      15 |   }
      16 |
        at BasePage.navigate (/home/tbaltzakis/cloudless.gr/e2e/helpers/page-helpers.ts:13:21)
        at /home/tbaltzakis/cloudless.gr/e2e/ui/components/footer.spec.ts:18:16

    attachment #1: screenshot (image/png) ──────────────────────────────────────────────────────────
    test-results/ui-components-footer-Foote-9b42a-ation-error-for-empty-email-mobile-chrome/test-failed-1.png
    ────────────────────────────────────────────────────────────────────────────────────────────────

    attachment #2: video (video/webm) ──────────────────────────────────────────────────────────────
    test-results/ui-components-footer-Foote-9b42a-ation-error-for-empty-email-mobile-chrome/video.webm
    ────────────────────────────────────────────────────────────────────────────────────────────────

    Error Context: test-results/ui-components-footer-Foote-9b42a-ation-error-for-empty-email-mobile-chrome/error-context.md

    Retry #1 ───────────────────────────────────────────────────────────────────────────────────────

    Error: page.goto: net::ERR_CONNECTION_REFUSED at http://localhost:4000/
    Call log:
      - navigating to "http://localhost:4000/", waiting until "load"


       at helpers/page-helpers.ts:13

      11 |
      12 |   async navigate(path: string) {
    > 13 |     await this.page.goto(path);
         |                     ^
      14 |     await this.page.waitForLoadState("networkidle");
      15 |   }
      16 |
        at BasePage.navigate (/home/tbaltzakis/cloudless.gr/e2e/helpers/page-helpers.ts:13:21)
        at /home/tbaltzakis/cloudless.gr/e2e/ui/components/footer.spec.ts:18:16

    attachment #1: screenshot (image/png) ──────────────────────────────────────────────────────────
    test-results/ui-components-footer-Foote-9b42a-ation-error-for-empty-email-mobile-chrome-retry1/test-failed-1.png
    ────────────────────────────────────────────────────────────────────────────────────────────────

    attachment #2: video (video/webm) ──────────────────────────────────────────────────────────────
    test-results/ui-components-footer-Foote-9b42a-ation-error-for-empty-email-mobile-chrome-retry1/video.webm
    ────────────────────────────────────────────────────────────────────────────────────────────────

    Error Context: test-results/ui-components-footer-Foote-9b42a-ation-error-for-empty-email-mobile-chrome-retry1/error-context.md

    attachment #4: trace (application/zip) ─────────────────────────────────────────────────────────
    test-results/ui-components-footer-Foote-9b42a-ation-error-for-empty-email-mobile-chrome-retry1/trace.zip
    Usage:

        npx playwright show-trace test-results/ui-components-footer-Foote-9b42a-ation-error-for-empty-email-mobile-chrome-retry1/trace.zip

    ────────────────────────────────────────────────────────────────────────────────────────────────

  1914) [mobile-chrome] › e2e/ui/components/footer.spec.ts:188:9 › Footer Component › Newsletter Functionality › should show validation error for invalid email format 

    Error: page.goto: net::ERR_CONNECTION_REFUSED at http://localhost:4000/
    Call log:
      - navigating to "http://localhost:4000/", waiting until "load"


       at helpers/page-helpers.ts:13

      11 |
      12 |   async navigate(path: string) {
    > 13 |     await this.page.goto(path);
         |                     ^
      14 |     await this.page.waitForLoadState("networkidle");
      15 |   }
      16 |
        at BasePage.navigate (/home/tbaltzakis/cloudless.gr/e2e/helpers/page-helpers.ts:13:21)
        at /home/tbaltzakis/cloudless.gr/e2e/ui/components/footer.spec.ts:18:16

    attachment #1: screenshot (image/png) ──────────────────────────────────────────────────────────
    test-results/ui-components-footer-Foote-bf47d-or-for-invalid-email-format-mobile-chrome/test-failed-1.png
    ────────────────────────────────────────────────────────────────────────────────────────────────

    attachment #2: video (video/webm) ──────────────────────────────────────────────────────────────
    test-results/ui-components-footer-Foote-bf47d-or-for-invalid-email-format-mobile-chrome/video.webm
    ────────────────────────────────────────────────────────────────────────────────────────────────

    Error Context: test-results/ui-components-footer-Foote-bf47d-or-for-invalid-email-format-mobile-chrome/error-context.md

    Retry #1 ───────────────────────────────────────────────────────────────────────────────────────

    Error: page.goto: net::ERR_CONNECTION_REFUSED at http://localhost:4000/
    Call log:
      - navigating to "http://localhost:4000/", waiting until "load"


       at helpers/page-helpers.ts:13

      11 |
      12 |   async navigate(path: string) {
    > 13 |     await this.page.goto(path);
         |                     ^
      14 |     await this.page.waitForLoadState("networkidle");
      15 |   }
      16 |
        at BasePage.navigate (/home/tbaltzakis/cloudless.gr/e2e/helpers/page-helpers.ts:13:21)
        at /home/tbaltzakis/cloudless.gr/e2e/ui/components/footer.spec.ts:18:16

    attachment #1: screenshot (image/png) ──────────────────────────────────────────────────────────
    test-results/ui-components-footer-Foote-bf47d-or-for-invalid-email-format-mobile-chrome-retry1/test-failed-1.png
    ────────────────────────────────────────────────────────────────────────────────────────────────

    attachment #2: video (video/webm) ──────────────────────────────────────────────────────────────
    test-results/ui-components-footer-Foote-bf47d-or-for-invalid-email-format-mobile-chrome-retry1/video.webm
    ────────────────────────────────────────────────────────────────────────────────────────────────

    Error Context: test-results/ui-components-footer-Foote-bf47d-or-for-invalid-email-format-mobile-chrome-retry1/error-context.md

    attachment #4: trace (application/zip) ─────────────────────────────────────────────────────────
    test-results/ui-components-footer-Foote-bf47d-or-for-invalid-email-format-mobile-chrome-retry1/trace.zip
    Usage:

        npx playwright show-trace test-results/ui-components-footer-Foote-bf47d-or-for-invalid-email-format-mobile-chrome-retry1/trace.zip

    ────────────────────────────────────────────────────────────────────────────────────────────────

  1915) [mobile-chrome] › e2e/ui/components/footer.spec.ts:212:9 › Footer Component › Newsletter Functionality › should submit newsletter form successfully 

    Error: page.goto: net::ERR_CONNECTION_REFUSED at http://localhost:4000/
    Call log:
      - navigating to "http://localhost:4000/", waiting until "load"


       at helpers/page-helpers.ts:13

      11 |
      12 |   async navigate(path: string) {
    > 13 |     await this.page.goto(path);
         |                     ^
      14 |     await this.page.waitForLoadState("networkidle");
      15 |   }
      16 |
        at BasePage.navigate (/home/tbaltzakis/cloudless.gr/e2e/helpers/page-helpers.ts:13:21)
        at /home/tbaltzakis/cloudless.gr/e2e/ui/components/footer.spec.ts:18:16

    attachment #1: screenshot (image/png) ──────────────────────────────────────────────────────────
    test-results/ui-components-footer-Foote-7f3b1-ewsletter-form-successfully-mobile-chrome/test-failed-1.png
    ────────────────────────────────────────────────────────────────────────────────────────────────

    attachment #2: video (video/webm) ──────────────────────────────────────────────────────────────
    test-results/ui-components-footer-Foote-7f3b1-ewsletter-form-successfully-mobile-chrome/video.webm
    ────────────────────────────────────────────────────────────────────────────────────────────────

    Error Context: test-results/ui-components-footer-Foote-7f3b1-ewsletter-form-successfully-mobile-chrome/error-context.md

    Retry #1 ───────────────────────────────────────────────────────────────────────────────────────

    Error: page.goto: net::ERR_CONNECTION_REFUSED at http://localhost:4000/
    Call log:
      - navigating to "http://localhost:4000/", waiting until "load"


       at helpers/page-helpers.ts:13

      11 |
      12 |   async navigate(path: string) {
    > 13 |     await this.page.goto(path);
         |                     ^
      14 |     await this.page.waitForLoadState("networkidle");
      15 |   }
      16 |
        at BasePage.navigate (/home/tbaltzakis/cloudless.gr/e2e/helpers/page-helpers.ts:13:21)
        at /home/tbaltzakis/cloudless.gr/e2e/ui/components/footer.spec.ts:18:16

    attachment #1: screenshot (image/png) ──────────────────────────────────────────────────────────
    test-results/ui-components-footer-Foote-7f3b1-ewsletter-form-successfully-mobile-chrome-retry1/test-failed-1.png
    ────────────────────────────────────────────────────────────────────────────────────────────────

    attachment #2: video (video/webm) ──────────────────────────────────────────────────────────────
    test-results/ui-components-footer-Foote-7f3b1-ewsletter-form-successfully-mobile-chrome-retry1/video.webm
    ────────────────────────────────────────────────────────────────────────────────────────────────

    Error Context: test-results/ui-components-footer-Foote-7f3b1-ewsletter-form-successfully-mobile-chrome-retry1/error-context.md

    attachment #4: trace (application/zip) ─────────────────────────────────────────────────────────
    test-results/ui-components-footer-Foote-7f3b1-ewsletter-form-successfully-mobile-chrome-retry1/trace.zip
    Usage:

        npx playwright show-trace test-results/ui-components-footer-Foote-7f3b1-ewsletter-form-successfully-mobile-chrome-retry1/trace.zip

    ────────────────────────────────────────────────────────────────────────────────────────────────

  1916) [mobile-chrome] › e2e/ui/components/footer.spec.ts:242:9 › Footer Component › Responsive Design › should render correctly on mobile 

    Error: page.goto: net::ERR_CONNECTION_REFUSED at http://localhost:4000/
    Call log:
      - navigating to "http://localhost:4000/", waiting until "load"


       at helpers/page-helpers.ts:13

      11 |
      12 |   async navigate(path: string) {
    > 13 |     await this.page.goto(path);
         |                     ^
      14 |     await this.page.waitForLoadState("networkidle");
      15 |   }
      16 |
        at BasePage.navigate (/home/tbaltzakis/cloudless.gr/e2e/helpers/page-helpers.ts:13:21)
        at /home/tbaltzakis/cloudless.gr/e2e/ui/components/footer.spec.ts:18:16

    attachment #1: screenshot (image/png) ──────────────────────────────────────────────────────────
    test-results/ui-components-footer-Foote-ed28c--render-correctly-on-mobile-mobile-chrome/test-failed-1.png
    ────────────────────────────────────────────────────────────────────────────────────────────────

    attachment #2: video (video/webm) ──────────────────────────────────────────────────────────────
    test-results/ui-components-footer-Foote-ed28c--render-correctly-on-mobile-mobile-chrome/video.webm
    ────────────────────────────────────────────────────────────────────────────────────────────────

    Error Context: test-results/ui-components-footer-Foote-ed28c--render-correctly-on-mobile-mobile-chrome/error-context.md

    Retry #1 ───────────────────────────────────────────────────────────────────────────────────────

    Error: page.goto: net::ERR_CONNECTION_REFUSED at http://localhost:4000/
    Call log:
      - navigating to "http://localhost:4000/", waiting until "load"


       at helpers/page-helpers.ts:13

      11 |
      12 |   async navigate(path: string) {
    > 13 |     await this.page.goto(path);
         |                     ^
      14 |     await this.page.waitForLoadState("networkidle");
      15 |   }
      16 |
        at BasePage.navigate (/home/tbaltzakis/cloudless.gr/e2e/helpers/page-helpers.ts:13:21)
        at /home/tbaltzakis/cloudless.gr/e2e/ui/components/footer.spec.ts:18:16

    attachment #1: screenshot (image/png) ──────────────────────────────────────────────────────────
    test-results/ui-components-footer-Foote-ed28c--render-correctly-on-mobile-mobile-chrome-retry1/test-failed-1.png
    ────────────────────────────────────────────────────────────────────────────────────────────────

    attachment #2: video (video/webm) ──────────────────────────────────────────────────────────────
    test-results/ui-components-footer-Foote-ed28c--render-correctly-on-mobile-mobile-chrome-retry1/video.webm
    ────────────────────────────────────────────────────────────────────────────────────────────────

    Error Context: test-results/ui-components-footer-Foote-ed28c--render-correctly-on-mobile-mobile-chrome-retry1/error-context.md

    attachment #4: trace (application/zip) ─────────────────────────────────────────────────────────
    test-results/ui-components-footer-Foote-ed28c--render-correctly-on-mobile-mobile-chrome-retry1/trace.zip
    Usage:

        npx playwright show-trace test-results/ui-components-footer-Foote-ed28c--render-correctly-on-mobile-mobile-chrome-retry1/trace.zip

    ────────────────────────────────────────────────────────────────────────────────────────────────

  1917) [mobile-chrome] › e2e/ui/components/footer.spec.ts:265:9 › Footer Component › Responsive Design › should render correctly on tablet 

    Error: page.goto: net::ERR_CONNECTION_REFUSED at http://localhost:4000/
    Call log:
      - navigating to "http://localhost:4000/", waiting until "load"


       at helpers/page-helpers.ts:13

      11 |
      12 |   async navigate(path: string) {
    > 13 |     await this.page.goto(path);
         |                     ^
      14 |     await this.page.waitForLoadState("networkidle");
      15 |   }
      16 |
        at BasePage.navigate (/home/tbaltzakis/cloudless.gr/e2e/helpers/page-helpers.ts:13:21)
        at /home/tbaltzakis/cloudless.gr/e2e/ui/components/footer.spec.ts:18:16

    attachment #1: screenshot (image/png) ──────────────────────────────────────────────────────────
    test-results/ui-components-footer-Foote-3169b--render-correctly-on-tablet-mobile-chrome/test-failed-1.png
    ────────────────────────────────────────────────────────────────────────────────────────────────

    attachment #2: video (video/webm) ──────────────────────────────────────────────────────────────
    test-results/ui-components-footer-Foote-3169b--render-correctly-on-tablet-mobile-chrome/video.webm
    ────────────────────────────────────────────────────────────────────────────────────────────────

    Error Context: test-results/ui-components-footer-Foote-3169b--render-correctly-on-tablet-mobile-chrome/error-context.md

    Retry #1 ───────────────────────────────────────────────────────────────────────────────────────

    Error: page.goto: net::ERR_CONNECTION_REFUSED at http://localhost:4000/
    Call log:
      - navigating to "http://localhost:4000/", waiting until "load"


       at helpers/page-helpers.ts:13

      11 |
      12 |   async navigate(path: string) {
    > 13 |     await this.page.goto(path);
         |                     ^
      14 |     await this.page.waitForLoadState("networkidle");
      15 |   }
      16 |
        at BasePage.navigate (/home/tbaltzakis/cloudless.gr/e2e/helpers/page-helpers.ts:13:21)
        at /home/tbaltzakis/cloudless.gr/e2e/ui/components/footer.spec.ts:18:16

    attachment #1: screenshot (image/png) ──────────────────────────────────────────────────────────
    test-results/ui-components-footer-Foote-3169b--render-correctly-on-tablet-mobile-chrome-retry1/test-failed-1.png
    ────────────────────────────────────────────────────────────────────────────────────────────────

    attachment #2: video (video/webm) ──────────────────────────────────────────────────────────────
    test-results/ui-components-footer-Foote-3169b--render-correctly-on-tablet-mobile-chrome-retry1/video.webm
    ────────────────────────────────────────────────────────────────────────────────────────────────

    Error Context: test-results/ui-components-footer-Foote-3169b--render-correctly-on-tablet-mobile-chrome-retry1/error-context.md

    attachment #4: trace (application/zip) ─────────────────────────────────────────────────────────
    test-results/ui-components-footer-Foote-3169b--render-correctly-on-tablet-mobile-chrome-retry1/trace.zip
    Usage:

        npx playwright show-trace test-results/ui-components-footer-Foote-3169b--render-correctly-on-tablet-mobile-chrome-retry1/trace.zip

    ────────────────────────────────────────────────────────────────────────────────────────────────

  1918) [mobile-chrome] › e2e/ui/components/footer.spec.ts:283:9 › Footer Component › Responsive Design › should render correctly on desktop 

    Error: page.goto: net::ERR_CONNECTION_REFUSED at http://localhost:4000/
    Call log:
      - navigating to "http://localhost:4000/", waiting until "load"


       at helpers/page-helpers.ts:13

      11 |
      12 |   async navigate(path: string) {
    > 13 |     await this.page.goto(path);
         |                     ^
      14 |     await this.page.waitForLoadState("networkidle");
      15 |   }
      16 |
        at BasePage.navigate (/home/tbaltzakis/cloudless.gr/e2e/helpers/page-helpers.ts:13:21)
        at /home/tbaltzakis/cloudless.gr/e2e/ui/components/footer.spec.ts:18:16

    attachment #1: screenshot (image/png) ──────────────────────────────────────────────────────────
    test-results/ui-components-footer-Foote-c35c7-render-correctly-on-desktop-mobile-chrome/test-failed-1.png
    ────────────────────────────────────────────────────────────────────────────────────────────────

    attachment #2: video (video/webm) ──────────────────────────────────────────────────────────────
    test-results/ui-components-footer-Foote-c35c7-render-correctly-on-desktop-mobile-chrome/video.webm
    ────────────────────────────────────────────────────────────────────────────────────────────────

    Error Context: test-results/ui-components-footer-Foote-c35c7-render-correctly-on-desktop-mobile-chrome/error-context.md

    Retry #1 ───────────────────────────────────────────────────────────────────────────────────────

    Error: page.goto: net::ERR_CONNECTION_REFUSED at http://localhost:4000/
    Call log:
      - navigating to "http://localhost:4000/", waiting until "load"


       at helpers/page-helpers.ts:13

      11 |
      12 |   async navigate(path: string) {
    > 13 |     await this.page.goto(path);
         |                     ^
      14 |     await this.page.waitForLoadState("networkidle");
      15 |   }
      16 |
        at BasePage.navigate (/home/tbaltzakis/cloudless.gr/e2e/helpers/page-helpers.ts:13:21)
        at /home/tbaltzakis/cloudless.gr/e2e/ui/components/footer.spec.ts:18:16

    attachment #1: screenshot (image/png) ──────────────────────────────────────────────────────────
    test-results/ui-components-footer-Foote-c35c7-render-correctly-on-desktop-mobile-chrome-retry1/test-failed-1.png
    ────────────────────────────────────────────────────────────────────────────────────────────────

    attachment #2: video (video/webm) ──────────────────────────────────────────────────────────────
    test-results/ui-components-footer-Foote-c35c7-render-correctly-on-desktop-mobile-chrome-retry1/video.webm
    ────────────────────────────────────────────────────────────────────────────────────────────────

    Error Context: test-results/ui-components-footer-Foote-c35c7-render-correctly-on-desktop-mobile-chrome-retry1/error-context.md

    attachment #4: trace (application/zip) ─────────────────────────────────────────────────────────
    test-results/ui-components-footer-Foote-c35c7-render-correctly-on-desktop-mobile-chrome-retry1/trace.zip
    Usage:

        npx playwright show-trace test-results/ui-components-footer-Foote-c35c7-render-correctly-on-desktop-mobile-chrome-retry1/trace.zip

    ────────────────────────────────────────────────────────────────────────────────────────────────

  1919) [mobile-chrome] › e2e/ui/components/footer.spec.ts:311:9 › Footer Component › Accessibility › should have proper ARIA landmarks 

    Error: page.goto: net::ERR_CONNECTION_REFUSED at http://localhost:4000/
    Call log:
      - navigating to "http://localhost:4000/", waiting until "load"


       at helpers/page-helpers.ts:13

      11 |
      12 |   async navigate(path: string) {
    > 13 |     await this.page.goto(path);
         |                     ^
      14 |     await this.page.waitForLoadState("networkidle");
      15 |   }
      16 |
        at BasePage.navigate (/home/tbaltzakis/cloudless.gr/e2e/helpers/page-helpers.ts:13:21)
        at /home/tbaltzakis/cloudless.gr/e2e/ui/components/footer.spec.ts:18:16

    attachment #1: screenshot (image/png) ──────────────────────────────────────────────────────────
    test-results/ui-components-footer-Foote-33150--have-proper-ARIA-landmarks-mobile-chrome/test-failed-1.png
    ────────────────────────────────────────────────────────────────────────────────────────────────

    attachment #2: video (video/webm) ──────────────────────────────────────────────────────────────
    test-results/ui-components-footer-Foote-33150--have-proper-ARIA-landmarks-mobile-chrome/video.webm
    ────────────────────────────────────────────────────────────────────────────────────────────────

    Error Context: test-results/ui-components-footer-Foote-33150--have-proper-ARIA-landmarks-mobile-chrome/error-context.md

    Retry #1 ───────────────────────────────────────────────────────────────────────────────────────

    Error: page.goto: net::ERR_CONNECTION_REFUSED at http://localhost:4000/
    Call log:
      - navigating to "http://localhost:4000/", waiting until "load"


       at helpers/page-helpers.ts:13

      11 |
      12 |   async navigate(path: string) {
    > 13 |     await this.page.goto(path);
         |                     ^
      14 |     await this.page.waitForLoadState("networkidle");
      15 |   }
      16 |
        at BasePage.navigate (/home/tbaltzakis/cloudless.gr/e2e/helpers/page-helpers.ts:13:21)
        at /home/tbaltzakis/cloudless.gr/e2e/ui/components/footer.spec.ts:18:16

    attachment #1: screenshot (image/png) ──────────────────────────────────────────────────────────
    test-results/ui-components-footer-Foote-33150--have-proper-ARIA-landmarks-mobile-chrome-retry1/test-failed-1.png
    ────────────────────────────────────────────────────────────────────────────────────────────────

    attachment #2: video (video/webm) ──────────────────────────────────────────────────────────────
    test-results/ui-components-footer-Foote-33150--have-proper-ARIA-landmarks-mobile-chrome-retry1/video.webm
    ────────────────────────────────────────────────────────────────────────────────────────────────

    Error Context: test-results/ui-components-footer-Foote-33150--have-proper-ARIA-landmarks-mobile-chrome-retry1/error-context.md

    attachment #4: trace (application/zip) ─────────────────────────────────────────────────────────
    test-results/ui-components-footer-Foote-33150--have-proper-ARIA-landmarks-mobile-chrome-retry1/trace.zip
    Usage:

        npx playwright show-trace test-results/ui-components-footer-Foote-33150--have-proper-ARIA-landmarks-mobile-chrome-retry1/trace.zip

    ────────────────────────────────────────────────────────────────────────────────────────────────

  1920) [mobile-chrome] › e2e/ui/components/footer.spec.ts:320:9 › Footer Component › Accessibility › should have accessible copyright text 

    Error: page.goto: net::ERR_CONNECTION_REFUSED at http://localhost:4000/
    Call log:
      - navigating to "http://localhost:4000/", waiting until "load"


       at helpers/page-helpers.ts:13

      11 |
      12 |   async navigate(path: string) {
    > 13 |     await this.page.goto(path);
         |                     ^
      14 |     await this.page.waitForLoadState("networkidle");
      15 |   }
      16 |
        at BasePage.navigate (/home/tbaltzakis/cloudless.gr/e2e/helpers/page-helpers.ts:13:21)
        at /home/tbaltzakis/cloudless.gr/e2e/ui/components/footer.spec.ts:18:16

    attachment #1: screenshot (image/png) ──────────────────────────────────────────────────────────
    test-results/ui-components-footer-Foote-a3df5-e-accessible-copyright-text-mobile-chrome/test-failed-1.png
    ────────────────────────────────────────────────────────────────────────────────────────────────

    attachment #2: video (video/webm) ──────────────────────────────────────────────────────────────
    test-results/ui-components-footer-Foote-a3df5-e-accessible-copyright-text-mobile-chrome/video.webm
    ────────────────────────────────────────────────────────────────────────────────────────────────

    Error Context: test-results/ui-components-footer-Foote-a3df5-e-accessible-copyright-text-mobile-chrome/error-context.md

    Retry #1 ───────────────────────────────────────────────────────────────────────────────────────

    Error: page.goto: net::ERR_CONNECTION_REFUSED at http://localhost:4000/
    Call log:
      - navigating to "http://localhost:4000/", waiting until "load"


       at helpers/page-helpers.ts:13

      11 |
      12 |   async navigate(path: string) {
    > 13 |     await this.page.goto(path);
         |                     ^
      14 |     await this.page.waitForLoadState("networkidle");
      15 |   }
      16 |
        at BasePage.navigate (/home/tbaltzakis/cloudless.gr/e2e/helpers/page-helpers.ts:13:21)
        at /home/tbaltzakis/cloudless.gr/e2e/ui/components/footer.spec.ts:18:16

    attachment #1: screenshot (image/png) ──────────────────────────────────────────────────────────
    test-results/ui-components-footer-Foote-a3df5-e-accessible-copyright-text-mobile-chrome-retry1/test-failed-1.png
    ────────────────────────────────────────────────────────────────────────────────────────────────

    attachment #2: video (video/webm) ──────────────────────────────────────────────────────────────
    test-results/ui-components-footer-Foote-a3df5-e-accessible-copyright-text-mobile-chrome-retry1/video.webm
    ────────────────────────────────────────────────────────────────────────────────────────────────

    Error Context: test-results/ui-components-footer-Foote-a3df5-e-accessible-copyright-text-mobile-chrome-retry1/error-context.md

    attachment #4: trace (application/zip) ─────────────────────────────────────────────────────────
    test-results/ui-components-footer-Foote-a3df5-e-accessible-copyright-text-mobile-chrome-retry1/trace.zip
    Usage:

        npx playwright show-trace test-results/ui-components-footer-Foote-a3df5-e-accessible-copyright-text-mobile-chrome-retry1/trace.zip

    ────────────────────────────────────────────────────────────────────────────────────────────────

  1921) [mobile-chrome] › e2e/ui/components/footer.spec.ts:332:9 › Footer Component › Accessibility › should have accessible navigation links 

    Error: page.goto: net::ERR_CONNECTION_REFUSED at http://localhost:4000/
    Call log:
      - navigating to "http://localhost:4000/", waiting until "load"


       at helpers/page-helpers.ts:13

      11 |
      12 |   async navigate(path: string) {
    > 13 |     await this.page.goto(path);
         |                     ^
      14 |     await this.page.waitForLoadState("networkidle");
      15 |   }
      16 |
        at BasePage.navigate (/home/tbaltzakis/cloudless.gr/e2e/helpers/page-helpers.ts:13:21)
        at /home/tbaltzakis/cloudless.gr/e2e/ui/components/footer.spec.ts:18:16

    attachment #1: screenshot (image/png) ──────────────────────────────────────────────────────────
    test-results/ui-components-footer-Foote-83600-accessible-navigation-links-mobile-chrome/test-failed-1.png
    ────────────────────────────────────────────────────────────────────────────────────────────────

    attachment #2: video (video/webm) ──────────────────────────────────────────────────────────────
    test-results/ui-components-footer-Foote-83600-accessible-navigation-links-mobile-chrome/video.webm
    ────────────────────────────────────────────────────────────────────────────────────────────────

    Error Context: test-results/ui-components-footer-Foote-83600-accessible-navigation-links-mobile-chrome/error-context.md

    Retry #1 ───────────────────────────────────────────────────────────────────────────────────────

    Error: page.goto: net::ERR_CONNECTION_REFUSED at http://localhost:4000/
    Call log:
      - navigating to "http://localhost:4000/", waiting until "load"


       at helpers/page-helpers.ts:13

      11 |
      12 |   async navigate(path: string) {
    > 13 |     await this.page.goto(path);
         |                     ^
      14 |     await this.page.waitForLoadState("networkidle");
      15 |   }
      16 |
        at BasePage.navigate (/home/tbaltzakis/cloudless.gr/e2e/helpers/page-helpers.ts:13:21)
        at /home/tbaltzakis/cloudless.gr/e2e/ui/components/footer.spec.ts:18:16

    attachment #1: screenshot (image/png) ──────────────────────────────────────────────────────────
    test-results/ui-components-footer-Foote-83600-accessible-navigation-links-mobile-chrome-retry1/test-failed-1.png
    ────────────────────────────────────────────────────────────────────────────────────────────────

    attachment #2: video (video/webm) ──────────────────────────────────────────────────────────────
    test-results/ui-components-footer-Foote-83600-accessible-navigation-links-mobile-chrome-retry1/video.webm
    ────────────────────────────────────────────────────────────────────────────────────────────────

    Error Context: test-results/ui-components-footer-Foote-83600-accessible-navigation-links-mobile-chrome-retry1/error-context.md

    attachment #4: trace (application/zip) ─────────────────────────────────────────────────────────
    test-results/ui-components-footer-Foote-83600-accessible-navigation-links-mobile-chrome-retry1/trace.zip
    Usage:

        npx playwright show-trace test-results/ui-components-footer-Foote-83600-accessible-navigation-links-mobile-chrome-retry1/trace.zip

    ────────────────────────────────────────────────────────────────────────────────────────────────

  1922) [mobile-chrome] › e2e/ui/components/footer.spec.ts:359:9 › Footer Component › Accessibility › should have accessible social media links 

    Error: page.goto: net::ERR_CONNECTION_REFUSED at http://localhost:4000/
    Call log:
      - navigating to "http://localhost:4000/", waiting until "load"


       at helpers/page-helpers.ts:13

      11 |
      12 |   async navigate(path: string) {
    > 13 |     await this.page.goto(path);
         |                     ^
      14 |     await this.page.waitForLoadState("networkidle");
      15 |   }
      16 |
        at BasePage.navigate (/home/tbaltzakis/cloudless.gr/e2e/helpers/page-helpers.ts:13:21)
        at /home/tbaltzakis/cloudless.gr/e2e/ui/components/footer.spec.ts:18:16

    attachment #1: screenshot (image/png) ──────────────────────────────────────────────────────────
    test-results/ui-components-footer-Foote-da6c3-cessible-social-media-links-mobile-chrome/test-failed-1.png
    ────────────────────────────────────────────────────────────────────────────────────────────────

    attachment #2: video (video/webm) ──────────────────────────────────────────────────────────────
    test-results/ui-components-footer-Foote-da6c3-cessible-social-media-links-mobile-chrome/video.webm
    ────────────────────────────────────────────────────────────────────────────────────────────────

    Error Context: test-results/ui-components-footer-Foote-da6c3-cessible-social-media-links-mobile-chrome/error-context.md

    Retry #1 ───────────────────────────────────────────────────────────────────────────────────────

    Error: page.goto: net::ERR_CONNECTION_REFUSED at http://localhost:4000/
    Call log:
      - navigating to "http://localhost:4000/", waiting until "load"


       at helpers/page-helpers.ts:13

      11 |
      12 |   async navigate(path: string) {
    > 13 |     await this.page.goto(path);
         |                     ^
      14 |     await this.page.waitForLoadState("networkidle");
      15 |   }
      16 |
        at BasePage.navigate (/home/tbaltzakis/cloudless.gr/e2e/helpers/page-helpers.ts:13:21)
        at /home/tbaltzakis/cloudless.gr/e2e/ui/components/footer.spec.ts:18:16

    attachment #1: screenshot (image/png) ──────────────────────────────────────────────────────────
    test-results/ui-components-footer-Foote-da6c3-cessible-social-media-links-mobile-chrome-retry1/test-failed-1.png
    ────────────────────────────────────────────────────────────────────────────────────────────────

    attachment #2: video (video/webm) ──────────────────────────────────────────────────────────────
    test-results/ui-components-footer-Foote-da6c3-cessible-social-media-links-mobile-chrome-retry1/video.webm
    ────────────────────────────────────────────────────────────────────────────────────────────────

    Error Context: test-results/ui-components-footer-Foote-da6c3-cessible-social-media-links-mobile-chrome-retry1/error-context.md

    attachment #4: trace (application/zip) ─────────────────────────────────────────────────────────
    test-results/ui-components-footer-Foote-da6c3-cessible-social-media-links-mobile-chrome-retry1/trace.zip
    Usage:

        npx playwright show-trace test-results/ui-components-footer-Foote-da6c3-cessible-social-media-links-mobile-chrome-retry1/trace.zip

    ────────────────────────────────────────────────────────────────────────────────────────────────

  1923) [mobile-chrome] › e2e/ui/components/footer.spec.ts:387:9 › Footer Component › Accessibility › should have accessible newsletter form 

    Error: page.goto: net::ERR_CONNECTION_REFUSED at http://localhost:4000/
    Call log:
      - navigating to "http://localhost:4000/", waiting until "load"


       at helpers/page-helpers.ts:13

      11 |
      12 |   async navigate(path: string) {
    > 13 |     await this.page.goto(path);
         |                     ^
      14 |     await this.page.waitForLoadState("networkidle");
      15 |   }
      16 |
        at BasePage.navigate (/home/tbaltzakis/cloudless.gr/e2e/helpers/page-helpers.ts:13:21)
        at /home/tbaltzakis/cloudless.gr/e2e/ui/components/footer.spec.ts:18:16

    attachment #1: screenshot (image/png) ──────────────────────────────────────────────────────────
    test-results/ui-components-footer-Foote-30834--accessible-newsletter-form-mobile-chrome/test-failed-1.png
    ────────────────────────────────────────────────────────────────────────────────────────────────

    attachment #2: video (video/webm) ──────────────────────────────────────────────────────────────
    test-results/ui-components-footer-Foote-30834--accessible-newsletter-form-mobile-chrome/video.webm
    ────────────────────────────────────────────────────────────────────────────────────────────────

    Error Context: test-results/ui-components-footer-Foote-30834--accessible-newsletter-form-mobile-chrome/error-context.md

    Retry #1 ───────────────────────────────────────────────────────────────────────────────────────

    Error: page.goto: net::ERR_CONNECTION_REFUSED at http://localhost:4000/
    Call log:
      - navigating to "http://localhost:4000/", waiting until "load"


       at helpers/page-helpers.ts:13

      11 |
      12 |   async navigate(path: string) {
    > 13 |     await this.page.goto(path);
         |                     ^
      14 |     await this.page.waitForLoadState("networkidle");
      15 |   }
      16 |
        at BasePage.navigate (/home/tbaltzakis/cloudless.gr/e2e/helpers/page-helpers.ts:13:21)
        at /home/tbaltzakis/cloudless.gr/e2e/ui/components/footer.spec.ts:18:16

    attachment #1: screenshot (image/png) ──────────────────────────────────────────────────────────
    test-results/ui-components-footer-Foote-30834--accessible-newsletter-form-mobile-chrome-retry1/test-failed-1.png
    ────────────────────────────────────────────────────────────────────────────────────────────────

    attachment #2: video (video/webm) ──────────────────────────────────────────────────────────────
    test-results/ui-components-footer-Foote-30834--accessible-newsletter-form-mobile-chrome-retry1/video.webm
    ────────────────────────────────────────────────────────────────────────────────────────────────

    Error Context: test-results/ui-components-footer-Foote-30834--accessible-newsletter-form-mobile-chrome-retry1/error-context.md

    attachment #4: trace (application/zip) ─────────────────────────────────────────────────────────
    test-results/ui-components-footer-Foote-30834--accessible-newsletter-form-mobile-chrome-retry1/trace.zip
    Usage:

        npx playwright show-trace test-results/ui-components-footer-Foote-30834--accessible-newsletter-form-mobile-chrome-retry1/trace.zip

    ────────────────────────────────────────────────────────────────────────────────────────────────

  1924) [mobile-chrome] › e2e/ui/components/footer.spec.ts:424:9 › Footer Component › Performance › should not cause layout shifts 

    Error: page.goto: net::ERR_CONNECTION_REFUSED at http://localhost:4000/
    Call log:
      - navigating to "http://localhost:4000/", waiting until "load"


       at helpers/page-helpers.ts:13

      11 |
      12 |   async navigate(path: string) {
    > 13 |     await this.page.goto(path);
         |                     ^
      14 |     await this.page.waitForLoadState("networkidle");
      15 |   }
      16 |
        at BasePage.navigate (/home/tbaltzakis/cloudless.gr/e2e/helpers/page-helpers.ts:13:21)
        at /home/tbaltzakis/cloudless.gr/e2e/ui/components/footer.spec.ts:18:16

    attachment #1: screenshot (image/png) ──────────────────────────────────────────────────────────
    test-results/ui-components-footer-Foote-e3325-uld-not-cause-layout-shifts-mobile-chrome/test-failed-1.png
    ────────────────────────────────────────────────────────────────────────────────────────────────

    attachment #2: video (video/webm) ──────────────────────────────────────────────────────────────
    test-results/ui-components-footer-Foote-e3325-uld-not-cause-layout-shifts-mobile-chrome/video.webm
    ────────────────────────────────────────────────────────────────────────────────────────────────

    Error Context: test-results/ui-components-footer-Foote-e3325-uld-not-cause-layout-shifts-mobile-chrome/error-context.md

    Retry #1 ───────────────────────────────────────────────────────────────────────────────────────

    Error: page.goto: net::ERR_CONNECTION_REFUSED at http://localhost:4000/
    Call log:
      - navigating to "http://localhost:4000/", waiting until "load"


       at helpers/page-helpers.ts:13

      11 |
      12 |   async navigate(path: string) {
    > 13 |     await this.page.goto(path);
         |                     ^
      14 |     await this.page.waitForLoadState("networkidle");
      15 |   }
      16 |
        at BasePage.navigate (/home/tbaltzakis/cloudless.gr/e2e/helpers/page-helpers.ts:13:21)
        at /home/tbaltzakis/cloudless.gr/e2e/ui/components/footer.spec.ts:18:16

    attachment #1: screenshot (image/png) ──────────────────────────────────────────────────────────
    test-results/ui-components-footer-Foote-e3325-uld-not-cause-layout-shifts-mobile-chrome-retry1/test-failed-1.png
    ────────────────────────────────────────────────────────────────────────────────────────────────

    attachment #2: video (video/webm) ──────────────────────────────────────────────────────────────
    test-results/ui-components-footer-Foote-e3325-uld-not-cause-layout-shifts-mobile-chrome-retry1/video.webm
    ────────────────────────────────────────────────────────────────────────────────────────────────

    Error Context: test-results/ui-components-footer-Foote-e3325-uld-not-cause-layout-shifts-mobile-chrome-retry1/error-context.md

    attachment #4: trace (application/zip) ─────────────────────────────────────────────────────────
    test-results/ui-components-footer-Foote-e3325-uld-not-cause-layout-shifts-mobile-chrome-retry1/trace.zip
    Usage:

        npx playwright show-trace test-results/ui-components-footer-Foote-e3325-uld-not-cause-layout-shifts-mobile-chrome-retry1/trace.zip

    ────────────────────────────────────────────────────────────────────────────────────────────────

  1925) [mobile-chrome] › e2e/ui/components/header.spec.ts:23:7 › Header Component › should be visible on all pages 

    Error: page.goto: net::ERR_CONNECTION_REFUSED at http://localhost:4000/
    Call log:
      - navigating to "http://localhost:4000/", waiting until "load"


       at helpers/page-helpers.ts:13

      11 |
      12 |   async navigate(path: string) {
    > 13 |     await this.page.goto(path);
         |                     ^
      14 |     await this.page.waitForLoadState("networkidle");
      15 |   }
      16 |
        at BasePage.navigate (/home/tbaltzakis/cloudless.gr/e2e/helpers/page-helpers.ts:13:21)
        at /home/tbaltzakis/cloudless.gr/e2e/ui/components/header.spec.ts:20:16

    attachment #1: screenshot (image/png) ──────────────────────────────────────────────────────────
    test-results/ui-components-header-Heade-53522-uld-be-visible-on-all-pages-mobile-chrome/test-failed-1.png
    ────────────────────────────────────────────────────────────────────────────────────────────────

    attachment #2: video (video/webm) ──────────────────────────────────────────────────────────────
    test-results/ui-components-header-Heade-53522-uld-be-visible-on-all-pages-mobile-chrome/video.webm
    ────────────────────────────────────────────────────────────────────────────────────────────────

    Error Context: test-results/ui-components-header-Heade-53522-uld-be-visible-on-all-pages-mobile-chrome/error-context.md

    Retry #1 ───────────────────────────────────────────────────────────────────────────────────────

    Error: page.goto: net::ERR_CONNECTION_REFUSED at http://localhost:4000/
    Call log:
      - navigating to "http://localhost:4000/", waiting until "load"


       at helpers/page-helpers.ts:13

      11 |
      12 |   async navigate(path: string) {
    > 13 |     await this.page.goto(path);
         |                     ^
      14 |     await this.page.waitForLoadState("networkidle");
      15 |   }
      16 |
        at BasePage.navigate (/home/tbaltzakis/cloudless.gr/e2e/helpers/page-helpers.ts:13:21)
        at /home/tbaltzakis/cloudless.gr/e2e/ui/components/header.spec.ts:20:16

    attachment #1: screenshot (image/png) ──────────────────────────────────────────────────────────
    test-results/ui-components-header-Heade-53522-uld-be-visible-on-all-pages-mobile-chrome-retry1/test-failed-1.png
    ────────────────────────────────────────────────────────────────────────────────────────────────

    attachment #2: video (video/webm) ──────────────────────────────────────────────────────────────
    test-results/ui-components-header-Heade-53522-uld-be-visible-on-all-pages-mobile-chrome-retry1/video.webm
    ────────────────────────────────────────────────────────────────────────────────────────────────

    Error Context: test-results/ui-components-header-Heade-53522-uld-be-visible-on-all-pages-mobile-chrome-retry1/error-context.md

    attachment #4: trace (application/zip) ─────────────────────────────────────────────────────────
    test-results/ui-components-header-Heade-53522-uld-be-visible-on-all-pages-mobile-chrome-retry1/trace.zip
    Usage:

        npx playwright show-trace test-results/ui-components-header-Heade-53522-uld-be-visible-on-all-pages-mobile-chrome-retry1/trace.zip

    ────────────────────────────────────────────────────────────────────────────────────────────────

  1926) [mobile-chrome] › e2e/ui/components/header.spec.ts:28:7 › Header Component › should contain logo/brand 

    Error: page.goto: net::ERR_CONNECTION_REFUSED at http://localhost:4000/
    Call log:
      - navigating to "http://localhost:4000/", waiting until "load"


       at helpers/page-helpers.ts:13

      11 |
      12 |   async navigate(path: string) {
    > 13 |     await this.page.goto(path);
         |                     ^
      14 |     await this.page.waitForLoadState("networkidle");
      15 |   }
      16 |
        at BasePage.navigate (/home/tbaltzakis/cloudless.gr/e2e/helpers/page-helpers.ts:13:21)
        at /home/tbaltzakis/cloudless.gr/e2e/ui/components/header.spec.ts:20:16

    attachment #1: screenshot (image/png) ──────────────────────────────────────────────────────────
    test-results/ui-components-header-Heade-6871e-t-should-contain-logo-brand-mobile-chrome/test-failed-1.png
    ────────────────────────────────────────────────────────────────────────────────────────────────

    attachment #2: video (video/webm) ──────────────────────────────────────────────────────────────
    test-results/ui-components-header-Heade-6871e-t-should-contain-logo-brand-mobile-chrome/video.webm
    ────────────────────────────────────────────────────────────────────────────────────────────────

    Error Context: test-results/ui-components-header-Heade-6871e-t-should-contain-logo-brand-mobile-chrome/error-context.md

    Retry #1 ───────────────────────────────────────────────────────────────────────────────────────

    Error: page.goto: net::ERR_CONNECTION_REFUSED at http://localhost:4000/
    Call log:
      - navigating to "http://localhost:4000/", waiting until "load"


       at helpers/page-helpers.ts:13

      11 |
      12 |   async navigate(path: string) {
    > 13 |     await this.page.goto(path);
         |                     ^
      14 |     await this.page.waitForLoadState("networkidle");
      15 |   }
      16 |
        at BasePage.navigate (/home/tbaltzakis/cloudless.gr/e2e/helpers/page-helpers.ts:13:21)
        at /home/tbaltzakis/cloudless.gr/e2e/ui/components/header.spec.ts:20:16

    attachment #1: screenshot (image/png) ──────────────────────────────────────────────────────────
    test-results/ui-components-header-Heade-6871e-t-should-contain-logo-brand-mobile-chrome-retry1/test-failed-1.png
    ────────────────────────────────────────────────────────────────────────────────────────────────

    attachment #2: video (video/webm) ──────────────────────────────────────────────────────────────
    test-results/ui-components-header-Heade-6871e-t-should-contain-logo-brand-mobile-chrome-retry1/video.webm
    ────────────────────────────────────────────────────────────────────────────────────────────────

    Error Context: test-results/ui-components-header-Heade-6871e-t-should-contain-logo-brand-mobile-chrome-retry1/error-context.md

    attachment #4: trace (application/zip) ─────────────────────────────────────────────────────────
    test-results/ui-components-header-Heade-6871e-t-should-contain-logo-brand-mobile-chrome-retry1/trace.zip
    Usage:

        npx playwright show-trace test-results/ui-components-header-Heade-6871e-t-should-contain-logo-brand-mobile-chrome-retry1/trace.zip

    ────────────────────────────────────────────────────────────────────────────────────────────────

  1927) [mobile-chrome] › e2e/ui/components/header.spec.ts:41:7 › Header Component › should contain navigation menu 

    Error: page.goto: net::ERR_CONNECTION_REFUSED at http://localhost:4000/
    Call log:
      - navigating to "http://localhost:4000/", waiting until "load"


       at helpers/page-helpers.ts:13

      11 |
      12 |   async navigate(path: string) {
    > 13 |     await this.page.goto(path);
         |                     ^
      14 |     await this.page.waitForLoadState("networkidle");
      15 |   }
      16 |
        at BasePage.navigate (/home/tbaltzakis/cloudless.gr/e2e/helpers/page-helpers.ts:13:21)
        at /home/tbaltzakis/cloudless.gr/e2e/ui/components/header.spec.ts:20:16

    attachment #1: screenshot (image/png) ──────────────────────────────────────────────────────────
    test-results/ui-components-header-Heade-7fecb-uld-contain-navigation-menu-mobile-chrome/test-failed-1.png
    ────────────────────────────────────────────────────────────────────────────────────────────────

    attachment #2: video (video/webm) ──────────────────────────────────────────────────────────────
    test-results/ui-components-header-Heade-7fecb-uld-contain-navigation-menu-mobile-chrome/video.webm
    ────────────────────────────────────────────────────────────────────────────────────────────────

    Error Context: test-results/ui-components-header-Heade-7fecb-uld-contain-navigation-menu-mobile-chrome/error-context.md

    Retry #1 ───────────────────────────────────────────────────────────────────────────────────────

    Error: page.goto: net::ERR_CONNECTION_REFUSED at http://localhost:4000/
    Call log:
      - navigating to "http://localhost:4000/", waiting until "load"


       at helpers/page-helpers.ts:13

      11 |
      12 |   async navigate(path: string) {
    > 13 |     await this.page.goto(path);
         |                     ^
      14 |     await this.page.waitForLoadState("networkidle");
      15 |   }
      16 |
        at BasePage.navigate (/home/tbaltzakis/cloudless.gr/e2e/helpers/page-helpers.ts:13:21)
        at /home/tbaltzakis/cloudless.gr/e2e/ui/components/header.spec.ts:20:16

    attachment #1: screenshot (image/png) ──────────────────────────────────────────────────────────
    test-results/ui-components-header-Heade-7fecb-uld-contain-navigation-menu-mobile-chrome-retry1/test-failed-1.png
    ────────────────────────────────────────────────────────────────────────────────────────────────

    attachment #2: video (video/webm) ──────────────────────────────────────────────────────────────
    test-results/ui-components-header-Heade-7fecb-uld-contain-navigation-menu-mobile-chrome-retry1/video.webm
    ────────────────────────────────────────────────────────────────────────────────────────────────

    Error Context: test-results/ui-components-header-Heade-7fecb-uld-contain-navigation-menu-mobile-chrome-retry1/error-context.md

    attachment #4: trace (application/zip) ─────────────────────────────────────────────────────────
    test-results/ui-components-header-Heade-7fecb-uld-contain-navigation-menu-mobile-chrome-retry1/trace.zip
    Usage:

        npx playwright show-trace test-results/ui-components-header-Heade-7fecb-uld-contain-navigation-menu-mobile-chrome-retry1/trace.zip

    ────────────────────────────────────────────────────────────────────────────────────────────────

  1928) [mobile-chrome] › e2e/ui/components/header.spec.ts:58:7 › Header Component › should have accessible navigation 

    Error: page.goto: net::ERR_CONNECTION_REFUSED at http://localhost:4000/
    Call log:
      - navigating to "http://localhost:4000/", waiting until "load"


       at helpers/page-helpers.ts:13

      11 |
      12 |   async navigate(path: string) {
    > 13 |     await this.page.goto(path);
         |                     ^
      14 |     await this.page.waitForLoadState("networkidle");
      15 |   }
      16 |
        at BasePage.navigate (/home/tbaltzakis/cloudless.gr/e2e/helpers/page-helpers.ts:13:21)
        at /home/tbaltzakis/cloudless.gr/e2e/ui/components/header.spec.ts:20:16

    attachment #1: screenshot (image/png) ──────────────────────────────────────────────────────────
    test-results/ui-components-header-Heade-02e22--have-accessible-navigation-mobile-chrome/test-failed-1.png
    ────────────────────────────────────────────────────────────────────────────────────────────────

    attachment #2: video (video/webm) ──────────────────────────────────────────────────────────────
    test-results/ui-components-header-Heade-02e22--have-accessible-navigation-mobile-chrome/video.webm
    ────────────────────────────────────────────────────────────────────────────────────────────────

    Error Context: test-results/ui-components-header-Heade-02e22--have-accessible-navigation-mobile-chrome/error-context.md

    Retry #1 ───────────────────────────────────────────────────────────────────────────────────────

    Error: page.goto: net::ERR_CONNECTION_REFUSED at http://localhost:4000/
    Call log:
      - navigating to "http://localhost:4000/", waiting until "load"


       at helpers/page-helpers.ts:13

      11 |
      12 |   async navigate(path: string) {
    > 13 |     await this.page.goto(path);
         |                     ^
      14 |     await this.page.waitForLoadState("networkidle");
      15 |   }
      16 |
        at BasePage.navigate (/home/tbaltzakis/cloudless.gr/e2e/helpers/page-helpers.ts:13:21)
        at /home/tbaltzakis/cloudless.gr/e2e/ui/components/header.spec.ts:20:16

    attachment #1: screenshot (image/png) ──────────────────────────────────────────────────────────
    test-results/ui-components-header-Heade-02e22--have-accessible-navigation-mobile-chrome-retry1/test-failed-1.png
    ────────────────────────────────────────────────────────────────────────────────────────────────

    attachment #2: video (video/webm) ──────────────────────────────────────────────────────────────
    test-results/ui-components-header-Heade-02e22--have-accessible-navigation-mobile-chrome-retry1/video.webm
    ────────────────────────────────────────────────────────────────────────────────────────────────

    Error Context: test-results/ui-components-header-Heade-02e22--have-accessible-navigation-mobile-chrome-retry1/error-context.md

    attachment #4: trace (application/zip) ─────────────────────────────────────────────────────────
    test-results/ui-components-header-Heade-02e22--have-accessible-navigation-mobile-chrome-retry1/trace.zip
    Usage:

        npx playwright show-trace test-results/ui-components-header-Heade-02e22--have-accessible-navigation-mobile-chrome-retry1/trace.zip

    ────────────────────────────────────────────────────────────────────────────────────────────────

  1929) [mobile-chrome] › e2e/ui/components/header.spec.ts:90:9 › Header Component › Navigation Functionality › should navigate to services 

    Error: page.goto: net::ERR_CONNECTION_REFUSED at http://localhost:4000/
    Call log:
      - navigating to "http://localhost:4000/", waiting until "load"


       at helpers/page-helpers.ts:13

      11 |
      12 |   async navigate(path: string) {
    > 13 |     await this.page.goto(path);
         |                     ^
      14 |     await this.page.waitForLoadState("networkidle");
      15 |   }
      16 |
        at BasePage.navigate (/home/tbaltzakis/cloudless.gr/e2e/helpers/page-helpers.ts:13:21)
        at /home/tbaltzakis/cloudless.gr/e2e/ui/components/header.spec.ts:20:16

    attachment #1: screenshot (image/png) ──────────────────────────────────────────────────────────
    test-results/ui-components-header-Heade-7b728-should-navigate-to-services-mobile-chrome/test-failed-1.png
    ────────────────────────────────────────────────────────────────────────────────────────────────

    attachment #2: video (video/webm) ──────────────────────────────────────────────────────────────
    test-results/ui-components-header-Heade-7b728-should-navigate-to-services-mobile-chrome/video.webm
    ────────────────────────────────────────────────────────────────────────────────────────────────

    Error Context: test-results/ui-components-header-Heade-7b728-should-navigate-to-services-mobile-chrome/error-context.md

    Retry #1 ───────────────────────────────────────────────────────────────────────────────────────

    Error: page.goto: net::ERR_CONNECTION_REFUSED at http://localhost:4000/
    Call log:
      - navigating to "http://localhost:4000/", waiting until "load"


       at helpers/page-helpers.ts:13

      11 |
      12 |   async navigate(path: string) {
    > 13 |     await this.page.goto(path);
         |                     ^
      14 |     await this.page.waitForLoadState("networkidle");
      15 |   }
      16 |
        at BasePage.navigate (/home/tbaltzakis/cloudless.gr/e2e/helpers/page-helpers.ts:13:21)
        at /home/tbaltzakis/cloudless.gr/e2e/ui/components/header.spec.ts:20:16

    attachment #1: screenshot (image/png) ──────────────────────────────────────────────────────────
    test-results/ui-components-header-Heade-7b728-should-navigate-to-services-mobile-chrome-retry1/test-failed-1.png
    ────────────────────────────────────────────────────────────────────────────────────────────────

    attachment #2: video (video/webm) ──────────────────────────────────────────────────────────────
    test-results/ui-components-header-Heade-7b728-should-navigate-to-services-mobile-chrome-retry1/video.webm
    ────────────────────────────────────────────────────────────────────────────────────────────────

    Error Context: test-results/ui-components-header-Heade-7b728-should-navigate-to-services-mobile-chrome-retry1/error-context.md

    attachment #4: trace (application/zip) ─────────────────────────────────────────────────────────
    test-results/ui-components-header-Heade-7b728-should-navigate-to-services-mobile-chrome-retry1/trace.zip
    Usage:

        npx playwright show-trace test-results/ui-components-header-Heade-7b728-should-navigate-to-services-mobile-chrome-retry1/trace.zip

    ────────────────────────────────────────────────────────────────────────────────────────────────

  1930) [mobile-chrome] › e2e/ui/components/header.spec.ts:101:9 › Header Component › Navigation Functionality › should navigate to store 

    Error: page.goto: net::ERR_CONNECTION_REFUSED at http://localhost:4000/
    Call log:
      - navigating to "http://localhost:4000/", waiting until "load"


       at helpers/page-helpers.ts:13

      11 |
      12 |   async navigate(path: string) {
    > 13 |     await this.page.goto(path);
         |                     ^
      14 |     await this.page.waitForLoadState("networkidle");
      15 |   }
      16 |
        at BasePage.navigate (/home/tbaltzakis/cloudless.gr/e2e/helpers/page-helpers.ts:13:21)
        at /home/tbaltzakis/cloudless.gr/e2e/ui/components/header.spec.ts:20:16

    attachment #1: screenshot (image/png) ──────────────────────────────────────────────────────────
    test-results/ui-components-header-Heade-d6453-ty-should-navigate-to-store-mobile-chrome/test-failed-1.png
    ────────────────────────────────────────────────────────────────────────────────────────────────

    attachment #2: video (video/webm) ──────────────────────────────────────────────────────────────
    test-results/ui-components-header-Heade-d6453-ty-should-navigate-to-store-mobile-chrome/video.webm
    ────────────────────────────────────────────────────────────────────────────────────────────────

    Error Context: test-results/ui-components-header-Heade-d6453-ty-should-navigate-to-store-mobile-chrome/error-context.md

    Retry #1 ───────────────────────────────────────────────────────────────────────────────────────

    Error: page.goto: net::ERR_CONNECTION_REFUSED at http://localhost:4000/
    Call log:
      - navigating to "http://localhost:4000/", waiting until "load"


       at helpers/page-helpers.ts:13

      11 |
      12 |   async navigate(path: string) {
    > 13 |     await this.page.goto(path);
         |                     ^
      14 |     await this.page.waitForLoadState("networkidle");
      15 |   }
      16 |
        at BasePage.navigate (/home/tbaltzakis/cloudless.gr/e2e/helpers/page-helpers.ts:13:21)
        at /home/tbaltzakis/cloudless.gr/e2e/ui/components/header.spec.ts:20:16

    attachment #1: screenshot (image/png) ──────────────────────────────────────────────────────────
    test-results/ui-components-header-Heade-d6453-ty-should-navigate-to-store-mobile-chrome-retry1/test-failed-1.png
    ────────────────────────────────────────────────────────────────────────────────────────────────

    attachment #2: video (video/webm) ──────────────────────────────────────────────────────────────
    test-results/ui-components-header-Heade-d6453-ty-should-navigate-to-store-mobile-chrome-retry1/video.webm
    ────────────────────────────────────────────────────────────────────────────────────────────────

    Error Context: test-results/ui-components-header-Heade-d6453-ty-should-navigate-to-store-mobile-chrome-retry1/error-context.md

    attachment #4: trace (application/zip) ─────────────────────────────────────────────────────────
    test-results/ui-components-header-Heade-d6453-ty-should-navigate-to-store-mobile-chrome-retry1/trace.zip
    Usage:

        npx playwright show-trace test-results/ui-components-header-Heade-d6453-ty-should-navigate-to-store-mobile-chrome-retry1/trace.zip

    ────────────────────────────────────────────────────────────────────────────────────────────────

  1931) [mobile-chrome] › e2e/ui/components/header.spec.ts:112:9 › Header Component › Navigation Functionality › should navigate to blog 

    Error: page.goto: net::ERR_CONNECTION_REFUSED at http://localhost:4000/
    Call log:
      - navigating to "http://localhost:4000/", waiting until "load"


       at helpers/page-helpers.ts:13

      11 |
      12 |   async navigate(path: string) {
    > 13 |     await this.page.goto(path);
         |                     ^
      14 |     await this.page.waitForLoadState("networkidle");
      15 |   }
      16 |
        at BasePage.navigate (/home/tbaltzakis/cloudless.gr/e2e/helpers/page-helpers.ts:13:21)
        at /home/tbaltzakis/cloudless.gr/e2e/ui/components/header.spec.ts:20:16

    attachment #1: screenshot (image/png) ──────────────────────────────────────────────────────────
    test-results/ui-components-header-Heade-3e54e-ity-should-navigate-to-blog-mobile-chrome/test-failed-1.png
    ────────────────────────────────────────────────────────────────────────────────────────────────

    attachment #2: video (video/webm) ──────────────────────────────────────────────────────────────
    test-results/ui-components-header-Heade-3e54e-ity-should-navigate-to-blog-mobile-chrome/video.webm
    ────────────────────────────────────────────────────────────────────────────────────────────────

    Error Context: test-results/ui-components-header-Heade-3e54e-ity-should-navigate-to-blog-mobile-chrome/error-context.md

    Retry #1 ───────────────────────────────────────────────────────────────────────────────────────

    Error: page.goto: net::ERR_CONNECTION_REFUSED at http://localhost:4000/
    Call log:
      - navigating to "http://localhost:4000/", waiting until "load"


       at helpers/page-helpers.ts:13

      11 |
      12 |   async navigate(path: string) {
    > 13 |     await this.page.goto(path);
         |                     ^
      14 |     await this.page.waitForLoadState("networkidle");
      15 |   }
      16 |
        at BasePage.navigate (/home/tbaltzakis/cloudless.gr/e2e/helpers/page-helpers.ts:13:21)
        at /home/tbaltzakis/cloudless.gr/e2e/ui/components/header.spec.ts:20:16

    attachment #1: screenshot (image/png) ──────────────────────────────────────────────────────────
    test-results/ui-components-header-Heade-3e54e-ity-should-navigate-to-blog-mobile-chrome-retry1/test-failed-1.png
    ────────────────────────────────────────────────────────────────────────────────────────────────

    attachment #2: video (video/webm) ──────────────────────────────────────────────────────────────
    test-results/ui-components-header-Heade-3e54e-ity-should-navigate-to-blog-mobile-chrome-retry1/video.webm
    ────────────────────────────────────────────────────────────────────────────────────────────────

    Error Context: test-results/ui-components-header-Heade-3e54e-ity-should-navigate-to-blog-mobile-chrome-retry1/error-context.md

    attachment #4: trace (application/zip) ─────────────────────────────────────────────────────────
    test-results/ui-components-header-Heade-3e54e-ity-should-navigate-to-blog-mobile-chrome-retry1/trace.zip
    Usage:

        npx playwright show-trace test-results/ui-components-header-Heade-3e54e-ity-should-navigate-to-blog-mobile-chrome-retry1/trace.zip

    ────────────────────────────────────────────────────────────────────────────────────────────────

  1932) [mobile-chrome] › e2e/ui/components/header.spec.ts:123:9 › Header Component › Navigation Functionality › should navigate to contact 

    Error: page.goto: net::ERR_CONNECTION_REFUSED at http://localhost:4000/
    Call log:
      - navigating to "http://localhost:4000/", waiting until "load"


       at helpers/page-helpers.ts:13

      11 |
      12 |   async navigate(path: string) {
    > 13 |     await this.page.goto(path);
         |                     ^
      14 |     await this.page.waitForLoadState("networkidle");
      15 |   }
      16 |
        at BasePage.navigate (/home/tbaltzakis/cloudless.gr/e2e/helpers/page-helpers.ts:13:21)
        at /home/tbaltzakis/cloudless.gr/e2e/ui/components/header.spec.ts:20:16

    attachment #1: screenshot (image/png) ──────────────────────────────────────────────────────────
    test-results/ui-components-header-Heade-570fa--should-navigate-to-contact-mobile-chrome/test-failed-1.png
    ────────────────────────────────────────────────────────────────────────────────────────────────

    attachment #2: video (video/webm) ──────────────────────────────────────────────────────────────
    test-results/ui-components-header-Heade-570fa--should-navigate-to-contact-mobile-chrome/video.webm
    ────────────────────────────────────────────────────────────────────────────────────────────────

    Error Context: test-results/ui-components-header-Heade-570fa--should-navigate-to-contact-mobile-chrome/error-context.md

    Retry #1 ───────────────────────────────────────────────────────────────────────────────────────

    Error: page.goto: net::ERR_CONNECTION_REFUSED at http://localhost:4000/
    Call log:
      - navigating to "http://localhost:4000/", waiting until "load"


       at helpers/page-helpers.ts:13

      11 |
      12 |   async navigate(path: string) {
    > 13 |     await this.page.goto(path);
         |                     ^
      14 |     await this.page.waitForLoadState("networkidle");
      15 |   }
      16 |
        at BasePage.navigate (/home/tbaltzakis/cloudless.gr/e2e/helpers/page-helpers.ts:13:21)
        at /home/tbaltzakis/cloudless.gr/e2e/ui/components/header.spec.ts:20:16

    attachment #1: screenshot (image/png) ──────────────────────────────────────────────────────────
    test-results/ui-components-header-Heade-570fa--should-navigate-to-contact-mobile-chrome-retry1/test-failed-1.png
    ────────────────────────────────────────────────────────────────────────────────────────────────

    attachment #2: video (video/webm) ──────────────────────────────────────────────────────────────
    test-results/ui-components-header-Heade-570fa--should-navigate-to-contact-mobile-chrome-retry1/video.webm
    ────────────────────────────────────────────────────────────────────────────────────────────────

    Error Context: test-results/ui-components-header-Heade-570fa--should-navigate-to-contact-mobile-chrome-retry1/error-context.md

    attachment #4: trace (application/zip) ─────────────────────────────────────────────────────────
    test-results/ui-components-header-Heade-570fa--should-navigate-to-contact-mobile-chrome-retry1/trace.zip
    Usage:

        npx playwright show-trace test-results/ui-components-header-Heade-570fa--should-navigate-to-contact-mobile-chrome-retry1/trace.zip

    ────────────────────────────────────────────────────────────────────────────────────────────────

  1933) [mobile-chrome] › e2e/ui/components/header.spec.ts:134:9 › Header Component › Navigation Functionality › should navigate to homepage via logo 

    Error: page.goto: net::ERR_CONNECTION_REFUSED at http://localhost:4000/
    Call log:
      - navigating to "http://localhost:4000/", waiting until "load"


       at helpers/page-helpers.ts:13

      11 |
      12 |   async navigate(path: string) {
    > 13 |     await this.page.goto(path);
         |                     ^
      14 |     await this.page.waitForLoadState("networkidle");
      15 |   }
      16 |
        at BasePage.navigate (/home/tbaltzakis/cloudless.gr/e2e/helpers/page-helpers.ts:13:21)
        at /home/tbaltzakis/cloudless.gr/e2e/ui/components/header.spec.ts:20:16

    attachment #1: screenshot (image/png) ──────────────────────────────────────────────────────────
    test-results/ui-components-header-Heade-51eb2-vigate-to-homepage-via-logo-mobile-chrome/test-failed-1.png
    ────────────────────────────────────────────────────────────────────────────────────────────────

    attachment #2: video (video/webm) ──────────────────────────────────────────────────────────────
    test-results/ui-components-header-Heade-51eb2-vigate-to-homepage-via-logo-mobile-chrome/video.webm
    ────────────────────────────────────────────────────────────────────────────────────────────────

    Error Context: test-results/ui-components-header-Heade-51eb2-vigate-to-homepage-via-logo-mobile-chrome/error-context.md

    Retry #1 ───────────────────────────────────────────────────────────────────────────────────────

    Error: page.goto: net::ERR_CONNECTION_REFUSED at http://localhost:4000/
    Call log:
      - navigating to "http://localhost:4000/", waiting until "load"


       at helpers/page-helpers.ts:13

      11 |
      12 |   async navigate(path: string) {
    > 13 |     await this.page.goto(path);
         |                     ^
      14 |     await this.page.waitForLoadState("networkidle");
      15 |   }
      16 |
        at BasePage.navigate (/home/tbaltzakis/cloudless.gr/e2e/helpers/page-helpers.ts:13:21)
        at /home/tbaltzakis/cloudless.gr/e2e/ui/components/header.spec.ts:20:16

    attachment #1: screenshot (image/png) ──────────────────────────────────────────────────────────
    test-results/ui-components-header-Heade-51eb2-vigate-to-homepage-via-logo-mobile-chrome-retry1/test-failed-1.png
    ────────────────────────────────────────────────────────────────────────────────────────────────

    attachment #2: video (video/webm) ──────────────────────────────────────────────────────────────
    test-results/ui-components-header-Heade-51eb2-vigate-to-homepage-via-logo-mobile-chrome-retry1/video.webm
    ────────────────────────────────────────────────────────────────────────────────────────────────

    Error Context: test-results/ui-components-header-Heade-51eb2-vigate-to-homepage-via-logo-mobile-chrome-retry1/error-context.md

    attachment #4: trace (application/zip) ─────────────────────────────────────────────────────────
    test-results/ui-components-header-Heade-51eb2-vigate-to-homepage-via-logo-mobile-chrome-retry1/trace.zip
    Usage:

        npx playwright show-trace test-results/ui-components-header-Heade-51eb2-vigate-to-homepage-via-logo-mobile-chrome-retry1/trace.zip

    ────────────────────────────────────────────────────────────────────────────────────────────────

  1934) [mobile-chrome] › e2e/ui/components/header.spec.ts:150:9 › Header Component › Authentication States › should show login/logout buttons when not authenticated 

    Error: page.goto: net::ERR_CONNECTION_REFUSED at http://localhost:4000/
    Call log:
      - navigating to "http://localhost:4000/", waiting until "load"


       at helpers/page-helpers.ts:13

      11 |
      12 |   async navigate(path: string) {
    > 13 |     await this.page.goto(path);
         |                     ^
      14 |     await this.page.waitForLoadState("networkidle");
      15 |   }
      16 |
        at BasePage.navigate (/home/tbaltzakis/cloudless.gr/e2e/helpers/page-helpers.ts:13:21)
        at /home/tbaltzakis/cloudless.gr/e2e/ui/components/header.spec.ts:20:16

    attachment #1: screenshot (image/png) ──────────────────────────────────────────────────────────
    test-results/ui-components-header-Heade-14c20-tons-when-not-authenticated-mobile-chrome/test-failed-1.png
    ────────────────────────────────────────────────────────────────────────────────────────────────

    attachment #2: video (video/webm) ──────────────────────────────────────────────────────────────
    test-results/ui-components-header-Heade-14c20-tons-when-not-authenticated-mobile-chrome/video.webm
    ────────────────────────────────────────────────────────────────────────────────────────────────

    Error Context: test-results/ui-components-header-Heade-14c20-tons-when-not-authenticated-mobile-chrome/error-context.md

    Retry #1 ───────────────────────────────────────────────────────────────────────────────────────

    Error: page.goto: net::ERR_CONNECTION_REFUSED at http://localhost:4000/
    Call log:
      - navigating to "http://localhost:4000/", waiting until "load"


       at helpers/page-helpers.ts:13

      11 |
      12 |   async navigate(path: string) {
    > 13 |     await this.page.goto(path);
         |                     ^
      14 |     await this.page.waitForLoadState("networkidle");
      15 |   }
      16 |
        at BasePage.navigate (/home/tbaltzakis/cloudless.gr/e2e/helpers/page-helpers.ts:13:21)
        at /home/tbaltzakis/cloudless.gr/e2e/ui/components/header.spec.ts:20:16

    attachment #1: screenshot (image/png) ──────────────────────────────────────────────────────────
    test-results/ui-components-header-Heade-14c20-tons-when-not-authenticated-mobile-chrome-retry1/test-failed-1.png
    ────────────────────────────────────────────────────────────────────────────────────────────────

    attachment #2: video (video/webm) ──────────────────────────────────────────────────────────────
    test-results/ui-components-header-Heade-14c20-tons-when-not-authenticated-mobile-chrome-retry1/video.webm
    ────────────────────────────────────────────────────────────────────────────────────────────────

    Error Context: test-results/ui-components-header-Heade-14c20-tons-when-not-authenticated-mobile-chrome-retry1/error-context.md

    attachment #4: trace (application/zip) ─────────────────────────────────────────────────────────
    test-results/ui-components-header-Heade-14c20-tons-when-not-authenticated-mobile-chrome-retry1/trace.zip
    Usage:

        npx playwright show-trace test-results/ui-components-header-Heade-14c20-tons-when-not-authenticated-mobile-chrome-retry1/trace.zip

    ────────────────────────────────────────────────────────────────────────────────────────────────

  1935) [mobile-chrome] › e2e/ui/components/header.spec.ts:163:9 › Header Component › Authentication States › should show user menu when authenticated 

    Error: page.goto: net::ERR_CONNECTION_REFUSED at http://localhost:4000/
    Call log:
      - navigating to "http://localhost:4000/", waiting until "load"


       at helpers/page-helpers.ts:13

      11 |
      12 |   async navigate(path: string) {
    > 13 |     await this.page.goto(path);
         |                     ^
      14 |     await this.page.waitForLoadState("networkidle");
      15 |   }
      16 |
        at BasePage.navigate (/home/tbaltzakis/cloudless.gr/e2e/helpers/page-helpers.ts:13:21)
        at /home/tbaltzakis/cloudless.gr/e2e/ui/components/header.spec.ts:20:16

    attachment #1: screenshot (image/png) ──────────────────────────────────────────────────────────
    test-results/ui-components-header-Heade-11df5-ser-menu-when-authenticated-mobile-chrome/test-failed-1.png
    ────────────────────────────────────────────────────────────────────────────────────────────────

    attachment #2: video (video/webm) ──────────────────────────────────────────────────────────────
    test-results/ui-components-header-Heade-11df5-ser-menu-when-authenticated-mobile-chrome/video.webm
    ────────────────────────────────────────────────────────────────────────────────────────────────

    Error Context: test-results/ui-components-header-Heade-11df5-ser-menu-when-authenticated-mobile-chrome/error-context.md

    Retry #1 ───────────────────────────────────────────────────────────────────────────────────────

    Error: page.goto: net::ERR_CONNECTION_REFUSED at http://localhost:4000/
    Call log:
      - navigating to "http://localhost:4000/", waiting until "load"


       at helpers/page-helpers.ts:13

      11 |
      12 |   async navigate(path: string) {
    > 13 |     await this.page.goto(path);
         |                     ^
      14 |     await this.page.waitForLoadState("networkidle");
      15 |   }
      16 |
        at BasePage.navigate (/home/tbaltzakis/cloudless.gr/e2e/helpers/page-helpers.ts:13:21)
        at /home/tbaltzakis/cloudless.gr/e2e/ui/components/header.spec.ts:20:16

    attachment #1: screenshot (image/png) ──────────────────────────────────────────────────────────
    test-results/ui-components-header-Heade-11df5-ser-menu-when-authenticated-mobile-chrome-retry1/test-failed-1.png
    ────────────────────────────────────────────────────────────────────────────────────────────────

    attachment #2: video (video/webm) ──────────────────────────────────────────────────────────────
    test-results/ui-components-header-Heade-11df5-ser-menu-when-authenticated-mobile-chrome-retry1/video.webm
    ────────────────────────────────────────────────────────────────────────────────────────────────

    Error Context: test-results/ui-components-header-Heade-11df5-ser-menu-when-authenticated-mobile-chrome-retry1/error-context.md

    attachment #4: trace (application/zip) ─────────────────────────────────────────────────────────
    test-results/ui-components-header-Heade-11df5-ser-menu-when-authenticated-mobile-chrome-retry1/trace.zip
    Usage:

        npx playwright show-trace test-results/ui-components-header-Heade-11df5-ser-menu-when-authenticated-mobile-chrome-retry1/trace.zip

    ────────────────────────────────────────────────────────────────────────────────────────────────

  1936) [mobile-chrome] › e2e/ui/components/header.spec.ts:189:9 › Header Component › Responsive Design › should render correctly on mobile 

    Error: page.goto: net::ERR_CONNECTION_REFUSED at http://localhost:4000/
    Call log:
      - navigating to "http://localhost:4000/", waiting until "load"


       at helpers/page-helpers.ts:13

      11 |
      12 |   async navigate(path: string) {
    > 13 |     await this.page.goto(path);
         |                     ^
      14 |     await this.page.waitForLoadState("networkidle");
      15 |   }
      16 |
        at BasePage.navigate (/home/tbaltzakis/cloudless.gr/e2e/helpers/page-helpers.ts:13:21)
        at /home/tbaltzakis/cloudless.gr/e2e/ui/components/header.spec.ts:20:16

    attachment #1: screenshot (image/png) ──────────────────────────────────────────────────────────
    test-results/ui-components-header-Heade-6fe6c--render-correctly-on-mobile-mobile-chrome/test-failed-1.png
    ────────────────────────────────────────────────────────────────────────────────────────────────

    attachment #2: video (video/webm) ──────────────────────────────────────────────────────────────
    test-results/ui-components-header-Heade-6fe6c--render-correctly-on-mobile-mobile-chrome/video.webm
    ────────────────────────────────────────────────────────────────────────────────────────────────

    Error Context: test-results/ui-components-header-Heade-6fe6c--render-correctly-on-mobile-mobile-chrome/error-context.md

    Retry #1 ───────────────────────────────────────────────────────────────────────────────────────

    Error: page.goto: net::ERR_CONNECTION_REFUSED at http://localhost:4000/
    Call log:
      - navigating to "http://localhost:4000/", waiting until "load"


       at helpers/page-helpers.ts:13

      11 |
      12 |   async navigate(path: string) {
    > 13 |     await this.page.goto(path);
         |                     ^
      14 |     await this.page.waitForLoadState("networkidle");
      15 |   }
      16 |
        at BasePage.navigate (/home/tbaltzakis/cloudless.gr/e2e/helpers/page-helpers.ts:13:21)
        at /home/tbaltzakis/cloudless.gr/e2e/ui/components/header.spec.ts:20:16

    attachment #1: screenshot (image/png) ──────────────────────────────────────────────────────────
    test-results/ui-components-header-Heade-6fe6c--render-correctly-on-mobile-mobile-chrome-retry1/test-failed-1.png
    ────────────────────────────────────────────────────────────────────────────────────────────────

    attachment #2: video (video/webm) ──────────────────────────────────────────────────────────────
    test-results/ui-components-header-Heade-6fe6c--render-correctly-on-mobile-mobile-chrome-retry1/video.webm
    ────────────────────────────────────────────────────────────────────────────────────────────────

    Error Context: test-results/ui-components-header-Heade-6fe6c--render-correctly-on-mobile-mobile-chrome-retry1/error-context.md

    attachment #4: trace (application/zip) ─────────────────────────────────────────────────────────
    test-results/ui-components-header-Heade-6fe6c--render-correctly-on-mobile-mobile-chrome-retry1/trace.zip
    Usage:

        npx playwright show-trace test-results/ui-components-header-Heade-6fe6c--render-correctly-on-mobile-mobile-chrome-retry1/trace.zip

    ────────────────────────────────────────────────────────────────────────────────────────────────

  1937) [mobile-chrome] › e2e/ui/components/header.spec.ts:217:9 › Header Component › Responsive Design › should render correctly on tablet 

    Error: page.goto: net::ERR_CONNECTION_REFUSED at http://localhost:4000/
    Call log:
      - navigating to "http://localhost:4000/", waiting until "load"


       at helpers/page-helpers.ts:13

      11 |
      12 |   async navigate(path: string) {
    > 13 |     await this.page.goto(path);
         |                     ^
      14 |     await this.page.waitForLoadState("networkidle");
      15 |   }
      16 |
        at BasePage.navigate (/home/tbaltzakis/cloudless.gr/e2e/helpers/page-helpers.ts:13:21)
        at /home/tbaltzakis/cloudless.gr/e2e/ui/components/header.spec.ts:20:16

    attachment #1: screenshot (image/png) ──────────────────────────────────────────────────────────
    test-results/ui-components-header-Heade-8c624--render-correctly-on-tablet-mobile-chrome/test-failed-1.png
    ────────────────────────────────────────────────────────────────────────────────────────────────

    attachment #2: video (video/webm) ──────────────────────────────────────────────────────────────
    test-results/ui-components-header-Heade-8c624--render-correctly-on-tablet-mobile-chrome/video.webm
    ────────────────────────────────────────────────────────────────────────────────────────────────

    Error Context: test-results/ui-components-header-Heade-8c624--render-correctly-on-tablet-mobile-chrome/error-context.md

    Retry #1 ───────────────────────────────────────────────────────────────────────────────────────

    Error: page.goto: net::ERR_CONNECTION_REFUSED at http://localhost:4000/
    Call log:
      - navigating to "http://localhost:4000/", waiting until "load"


       at helpers/page-helpers.ts:13

      11 |
      12 |   async navigate(path: string) {
    > 13 |     await this.page.goto(path);
         |                     ^
      14 |     await this.page.waitForLoadState("networkidle");
      15 |   }
      16 |
        at BasePage.navigate (/home/tbaltzakis/cloudless.gr/e2e/helpers/page-helpers.ts:13:21)
        at /home/tbaltzakis/cloudless.gr/e2e/ui/components/header.spec.ts:20:16

    attachment #1: screenshot (image/png) ──────────────────────────────────────────────────────────
    test-results/ui-components-header-Heade-8c624--render-correctly-on-tablet-mobile-chrome-retry1/test-failed-1.png
    ────────────────────────────────────────────────────────────────────────────────────────────────

    attachment #2: video (video/webm) ──────────────────────────────────────────────────────────────
    test-results/ui-components-header-Heade-8c624--render-correctly-on-tablet-mobile-chrome-retry1/video.webm
    ────────────────────────────────────────────────────────────────────────────────────────────────

    Error Context: test-results/ui-components-header-Heade-8c624--render-correctly-on-tablet-mobile-chrome-retry1/error-context.md

    attachment #4: trace (application/zip) ─────────────────────────────────────────────────────────
    test-results/ui-components-header-Heade-8c624--render-correctly-on-tablet-mobile-chrome-retry1/trace.zip
    Usage:

        npx playwright show-trace test-results/ui-components-header-Heade-8c624--render-correctly-on-tablet-mobile-chrome-retry1/trace.zip

    ────────────────────────────────────────────────────────────────────────────────────────────────

  1938) [mobile-chrome] › e2e/ui/components/header.spec.ts:237:9 › Header Component › Responsive Design › should render correctly on desktop 

    Error: page.goto: net::ERR_CONNECTION_REFUSED at http://localhost:4000/
    Call log:
      - navigating to "http://localhost:4000/", waiting until "load"


       at helpers/page-helpers.ts:13

      11 |
      12 |   async navigate(path: string) {
    > 13 |     await this.page.goto(path);
         |                     ^
      14 |     await this.page.waitForLoadState("networkidle");
      15 |   }
      16 |
        at BasePage.navigate (/home/tbaltzakis/cloudless.gr/e2e/helpers/page-helpers.ts:13:21)
        at /home/tbaltzakis/cloudless.gr/e2e/ui/components/header.spec.ts:20:16

    attachment #1: screenshot (image/png) ──────────────────────────────────────────────────────────
    test-results/ui-components-header-Heade-9ef17-render-correctly-on-desktop-mobile-chrome/test-failed-1.png
    ────────────────────────────────────────────────────────────────────────────────────────────────

    attachment #2: video (video/webm) ──────────────────────────────────────────────────────────────
    test-results/ui-components-header-Heade-9ef17-render-correctly-on-desktop-mobile-chrome/video.webm
    ────────────────────────────────────────────────────────────────────────────────────────────────

    Error Context: test-results/ui-components-header-Heade-9ef17-render-correctly-on-desktop-mobile-chrome/error-context.md

    Retry #1 ───────────────────────────────────────────────────────────────────────────────────────

    Error: page.goto: net::ERR_CONNECTION_REFUSED at http://localhost:4000/
    Call log:
      - navigating to "http://localhost:4000/", waiting until "load"


       at helpers/page-helpers.ts:13

      11 |
      12 |   async navigate(path: string) {
    > 13 |     await this.page.goto(path);
         |                     ^
      14 |     await this.page.waitForLoadState("networkidle");
      15 |   }
      16 |
        at BasePage.navigate (/home/tbaltzakis/cloudless.gr/e2e/helpers/page-helpers.ts:13:21)
        at /home/tbaltzakis/cloudless.gr/e2e/ui/components/header.spec.ts:20:16

    attachment #1: screenshot (image/png) ──────────────────────────────────────────────────────────
    test-results/ui-components-header-Heade-9ef17-render-correctly-on-desktop-mobile-chrome-retry1/test-failed-1.png
    ────────────────────────────────────────────────────────────────────────────────────────────────

    attachment #2: video (video/webm) ──────────────────────────────────────────────────────────────
    test-results/ui-components-header-Heade-9ef17-render-correctly-on-desktop-mobile-chrome-retry1/video.webm
    ────────────────────────────────────────────────────────────────────────────────────────────────

    Error Context: test-results/ui-components-header-Heade-9ef17-render-correctly-on-desktop-mobile-chrome-retry1/error-context.md

    attachment #4: trace (application/zip) ─────────────────────────────────────────────────────────
    test-results/ui-components-header-Heade-9ef17-render-correctly-on-desktop-mobile-chrome-retry1/trace.zip
    Usage:

        npx playwright show-trace test-results/ui-components-header-Heade-9ef17-render-correctly-on-desktop-mobile-chrome-retry1/trace.zip

    ────────────────────────────────────────────────────────────────────────────────────────────────

  1939) [mobile-chrome] › e2e/ui/components/header.spec.ts:260:9 › Header Component › Accessibility › should have proper ARIA attributes 

    Error: page.goto: net::ERR_CONNECTION_REFUSED at http://localhost:4000/
    Call log:
      - navigating to "http://localhost:4000/", waiting until "load"


       at helpers/page-helpers.ts:13

      11 |
      12 |   async navigate(path: string) {
    > 13 |     await this.page.goto(path);
         |                     ^
      14 |     await this.page.waitForLoadState("networkidle");
      15 |   }
      16 |
        at BasePage.navigate (/home/tbaltzakis/cloudless.gr/e2e/helpers/page-helpers.ts:13:21)
        at /home/tbaltzakis/cloudless.gr/e2e/ui/components/header.spec.ts:20:16

    attachment #1: screenshot (image/png) ──────────────────────────────────────────────────────────
    test-results/ui-components-header-Heade-e2f5d-have-proper-ARIA-attributes-mobile-chrome/test-failed-1.png
    ────────────────────────────────────────────────────────────────────────────────────────────────

    attachment #2: video (video/webm) ──────────────────────────────────────────────────────────────
    test-results/ui-components-header-Heade-e2f5d-have-proper-ARIA-attributes-mobile-chrome/video.webm
    ────────────────────────────────────────────────────────────────────────────────────────────────

    Error Context: test-results/ui-components-header-Heade-e2f5d-have-proper-ARIA-attributes-mobile-chrome/error-context.md

    Retry #1 ───────────────────────────────────────────────────────────────────────────────────────

    Error: page.goto: net::ERR_CONNECTION_REFUSED at http://localhost:4000/
    Call log:
      - navigating to "http://localhost:4000/", waiting until "load"


       at helpers/page-helpers.ts:13

      11 |
      12 |   async navigate(path: string) {
    > 13 |     await this.page.goto(path);
         |                     ^
      14 |     await this.page.waitForLoadState("networkidle");
      15 |   }
      16 |
        at BasePage.navigate (/home/tbaltzakis/cloudless.gr/e2e/helpers/page-helpers.ts:13:21)
        at /home/tbaltzakis/cloudless.gr/e2e/ui/components/header.spec.ts:20:16

    attachment #1: screenshot (image/png) ──────────────────────────────────────────────────────────
    test-results/ui-components-header-Heade-e2f5d-have-proper-ARIA-attributes-mobile-chrome-retry1/test-failed-1.png
    ────────────────────────────────────────────────────────────────────────────────────────────────

    attachment #2: video (video/webm) ──────────────────────────────────────────────────────────────
    test-results/ui-components-header-Heade-e2f5d-have-proper-ARIA-attributes-mobile-chrome-retry1/video.webm
    ────────────────────────────────────────────────────────────────────────────────────────────────

    Error Context: test-results/ui-components-header-Heade-e2f5d-have-proper-ARIA-attributes-mobile-chrome-retry1/error-context.md

    attachment #4: trace (application/zip) ─────────────────────────────────────────────────────────
    test-results/ui-components-header-Heade-e2f5d-have-proper-ARIA-attributes-mobile-chrome-retry1/trace.zip
    Usage:

        npx playwright show-trace test-results/ui-components-header-Heade-e2f5d-have-proper-ARIA-attributes-mobile-chrome-retry1/trace.zip

    ────────────────────────────────────────────────────────────────────────────────────────────────

  1940) [mobile-chrome] › e2e/ui/components/header.spec.ts:282:9 › Header Component › Accessibility › should have accessible logo/link 

    Error: page.goto: net::ERR_CONNECTION_REFUSED at http://localhost:4000/
    Call log:
      - navigating to "http://localhost:4000/", waiting until "load"


       at helpers/page-helpers.ts:13

      11 |
      12 |   async navigate(path: string) {
    > 13 |     await this.page.goto(path);
         |                     ^
      14 |     await this.page.waitForLoadState("networkidle");
      15 |   }
      16 |
        at BasePage.navigate (/home/tbaltzakis/cloudless.gr/e2e/helpers/page-helpers.ts:13:21)
        at /home/tbaltzakis/cloudless.gr/e2e/ui/components/header.spec.ts:20:16

    attachment #1: screenshot (image/png) ──────────────────────────────────────────────────────────
    test-results/ui-components-header-Heade-cac03-d-have-accessible-logo-link-mobile-chrome/test-failed-1.png
    ────────────────────────────────────────────────────────────────────────────────────────────────

    attachment #2: video (video/webm) ──────────────────────────────────────────────────────────────
    test-results/ui-components-header-Heade-cac03-d-have-accessible-logo-link-mobile-chrome/video.webm
    ────────────────────────────────────────────────────────────────────────────────────────────────

    Error Context: test-results/ui-components-header-Heade-cac03-d-have-accessible-logo-link-mobile-chrome/error-context.md

    Retry #1 ───────────────────────────────────────────────────────────────────────────────────────

    Error: page.goto: net::ERR_CONNECTION_REFUSED at http://localhost:4000/
    Call log:
      - navigating to "http://localhost:4000/", waiting until "load"


       at helpers/page-helpers.ts:13

      11 |
      12 |   async navigate(path: string) {
    > 13 |     await this.page.goto(path);
         |                     ^
      14 |     await this.page.waitForLoadState("networkidle");
      15 |   }
      16 |
        at BasePage.navigate (/home/tbaltzakis/cloudless.gr/e2e/helpers/page-helpers.ts:13:21)
        at /home/tbaltzakis/cloudless.gr/e2e/ui/components/header.spec.ts:20:16

    attachment #1: screenshot (image/png) ──────────────────────────────────────────────────────────
    test-results/ui-components-header-Heade-cac03-d-have-accessible-logo-link-mobile-chrome-retry1/test-failed-1.png
    ────────────────────────────────────────────────────────────────────────────────────────────────

    attachment #2: video (video/webm) ──────────────────────────────────────────────────────────────
    test-results/ui-components-header-Heade-cac03-d-have-accessible-logo-link-mobile-chrome-retry1/video.webm
    ────────────────────────────────────────────────────────────────────────────────────────────────

    Error Context: test-results/ui-components-header-Heade-cac03-d-have-accessible-logo-link-mobile-chrome-retry1/error-context.md

    attachment #4: trace (application/zip) ─────────────────────────────────────────────────────────
    test-results/ui-components-header-Heade-cac03-d-have-accessible-logo-link-mobile-chrome-retry1/trace.zip
    Usage:

        npx playwright show-trace test-results/ui-components-header-Heade-cac03-d-have-accessible-logo-link-mobile-chrome-retry1/trace.zip

    ────────────────────────────────────────────────────────────────────────────────────────────────

  1941) [mobile-chrome] › e2e/ui/components/header.spec.ts:305:9 › Header Component › Accessibility › should have accessible navigation links 

    Error: page.goto: net::ERR_CONNECTION_REFUSED at http://localhost:4000/
    Call log:
      - navigating to "http://localhost:4000/", waiting until "load"


       at helpers/page-helpers.ts:13

      11 |
      12 |   async navigate(path: string) {
    > 13 |     await this.page.goto(path);
         |                     ^
      14 |     await this.page.waitForLoadState("networkidle");
      15 |   }
      16 |
        at BasePage.navigate (/home/tbaltzakis/cloudless.gr/e2e/helpers/page-helpers.ts:13:21)
        at /home/tbaltzakis/cloudless.gr/e2e/ui/components/header.spec.ts:20:16

    attachment #1: screenshot (image/png) ──────────────────────────────────────────────────────────
    test-results/ui-components-header-Heade-0ee27-accessible-navigation-links-mobile-chrome/test-failed-1.png
    ────────────────────────────────────────────────────────────────────────────────────────────────

    attachment #2: video (video/webm) ──────────────────────────────────────────────────────────────
    test-results/ui-components-header-Heade-0ee27-accessible-navigation-links-mobile-chrome/video.webm
    ────────────────────────────────────────────────────────────────────────────────────────────────

    Error Context: test-results/ui-components-header-Heade-0ee27-accessible-navigation-links-mobile-chrome/error-context.md

    Retry #1 ───────────────────────────────────────────────────────────────────────────────────────

    Error: page.goto: net::ERR_CONNECTION_REFUSED at http://localhost:4000/
    Call log:
      - navigating to "http://localhost:4000/", waiting until "load"


       at helpers/page-helpers.ts:13

      11 |
      12 |   async navigate(path: string) {
    > 13 |     await this.page.goto(path);
         |                     ^
      14 |     await this.page.waitForLoadState("networkidle");
      15 |   }
      16 |
        at BasePage.navigate (/home/tbaltzakis/cloudless.gr/e2e/helpers/page-helpers.ts:13:21)
        at /home/tbaltzakis/cloudless.gr/e2e/ui/components/header.spec.ts:20:16

    attachment #1: screenshot (image/png) ──────────────────────────────────────────────────────────
    test-results/ui-components-header-Heade-0ee27-accessible-navigation-links-mobile-chrome-retry1/test-failed-1.png
    ────────────────────────────────────────────────────────────────────────────────────────────────

    attachment #2: video (video/webm) ──────────────────────────────────────────────────────────────
    test-results/ui-components-header-Heade-0ee27-accessible-navigation-links-mobile-chrome-retry1/video.webm
    ────────────────────────────────────────────────────────────────────────────────────────────────

    Error Context: test-results/ui-components-header-Heade-0ee27-accessible-navigation-links-mobile-chrome-retry1/error-context.md

    attachment #4: trace (application/zip) ─────────────────────────────────────────────────────────
    test-results/ui-components-header-Heade-0ee27-accessible-navigation-links-mobile-chrome-retry1/trace.zip
    Usage:

        npx playwright show-trace test-results/ui-components-header-Heade-0ee27-accessible-navigation-links-mobile-chrome-retry1/trace.zip

    ────────────────────────────────────────────────────────────────────────────────────────────────

  1942) [mobile-chrome] › e2e/ui/components/header.spec.ts:334:9 › Header Component › Performance › should not cause layout shifts 

    Error: page.goto: net::ERR_CONNECTION_REFUSED at http://localhost:4000/
    Call log:
      - navigating to "http://localhost:4000/", waiting until "load"


       at helpers/page-helpers.ts:13

      11 |
      12 |   async navigate(path: string) {
    > 13 |     await this.page.goto(path);
         |                     ^
      14 |     await this.page.waitForLoadState("networkidle");
      15 |   }
      16 |
        at BasePage.navigate (/home/tbaltzakis/cloudless.gr/e2e/helpers/page-helpers.ts:13:21)
        at /home/tbaltzakis/cloudless.gr/e2e/ui/components/header.spec.ts:20:16

    attachment #1: screenshot (image/png) ──────────────────────────────────────────────────────────
    test-results/ui-components-header-Heade-b18a0-uld-not-cause-layout-shifts-mobile-chrome/test-failed-1.png
    ────────────────────────────────────────────────────────────────────────────────────────────────

    attachment #2: video (video/webm) ──────────────────────────────────────────────────────────────
    test-results/ui-components-header-Heade-b18a0-uld-not-cause-layout-shifts-mobile-chrome/video.webm
    ────────────────────────────────────────────────────────────────────────────────────────────────

    Error Context: test-results/ui-components-header-Heade-b18a0-uld-not-cause-layout-shifts-mobile-chrome/error-context.md

    Retry #1 ───────────────────────────────────────────────────────────────────────────────────────

    Error: page.goto: net::ERR_CONNECTION_REFUSED at http://localhost:4000/
    Call log:
      - navigating to "http://localhost:4000/", waiting until "load"


       at helpers/page-helpers.ts:13

      11 |
      12 |   async navigate(path: string) {
    > 13 |     await this.page.goto(path);
         |                     ^
      14 |     await this.page.waitForLoadState("networkidle");
      15 |   }
      16 |
        at BasePage.navigate (/home/tbaltzakis/cloudless.gr/e2e/helpers/page-helpers.ts:13:21)
        at /home/tbaltzakis/cloudless.gr/e2e/ui/components/header.spec.ts:20:16

    attachment #1: screenshot (image/png) ──────────────────────────────────────────────────────────
    test-results/ui-components-header-Heade-b18a0-uld-not-cause-layout-shifts-mobile-chrome-retry1/test-failed-1.png
    ────────────────────────────────────────────────────────────────────────────────────────────────

    attachment #2: video (video/webm) ──────────────────────────────────────────────────────────────
    test-results/ui-components-header-Heade-b18a0-uld-not-cause-layout-shifts-mobile-chrome-retry1/video.webm
    ────────────────────────────────────────────────────────────────────────────────────────────────

    Error Context: test-results/ui-components-header-Heade-b18a0-uld-not-cause-layout-shifts-mobile-chrome-retry1/error-context.md

    attachment #4: trace (application/zip) ─────────────────────────────────────────────────────────
    test-results/ui-components-header-Heade-b18a0-uld-not-cause-layout-shifts-mobile-chrome-retry1/trace.zip
    Usage:

        npx playwright show-trace test-results/ui-components-header-Heade-b18a0-uld-not-cause-layout-shifts-mobile-chrome-retry1/trace.zip

    ────────────────────────────────────────────────────────────────────────────────────────────────

  1943) [mobile-chrome] › e2e/ui/pages/admin.spec.ts:24:7 › Admin Panel › should load successfully ─

    Error: page.goto: net::ERR_CONNECTION_REFUSED at http://localhost:4000/en/admin
    Call log:
      - navigating to "http://localhost:4000/en/admin", waiting until "load"


       at helpers/page-helpers.ts:13

      11 |
      12 |   async navigate(path: string) {
    > 13 |     await this.page.goto(path);
         |                     ^
      14 |     await this.page.waitForLoadState("networkidle");
      15 |   }
      16 |
        at BasePage.navigate (/home/tbaltzakis/cloudless.gr/e2e/helpers/page-helpers.ts:13:21)
        at /home/tbaltzakis/cloudless.gr/e2e/ui/pages/admin.spec.ts:21:16

    attachment #1: screenshot (image/png) ──────────────────────────────────────────────────────────
    test-results/ui-pages-admin-Admin-Panel-should-load-successfully-mobile-chrome/test-failed-1.png
    ────────────────────────────────────────────────────────────────────────────────────────────────

    attachment #2: video (video/webm) ──────────────────────────────────────────────────────────────
    test-results/ui-pages-admin-Admin-Panel-should-load-successfully-mobile-chrome/video.webm
    ────────────────────────────────────────────────────────────────────────────────────────────────

    Error Context: test-results/ui-pages-admin-Admin-Panel-should-load-successfully-mobile-chrome/error-context.md

    Retry #1 ───────────────────────────────────────────────────────────────────────────────────────

    Error: page.goto: net::ERR_CONNECTION_REFUSED at http://localhost:4000/en/admin
    Call log:
      - navigating to "http://localhost:4000/en/admin", waiting until "load"


       at helpers/page-helpers.ts:13

      11 |
      12 |   async navigate(path: string) {
    > 13 |     await this.page.goto(path);
         |                     ^
      14 |     await this.page.waitForLoadState("networkidle");
      15 |   }
      16 |
        at BasePage.navigate (/home/tbaltzakis/cloudless.gr/e2e/helpers/page-helpers.ts:13:21)
        at /home/tbaltzakis/cloudless.gr/e2e/ui/pages/admin.spec.ts:21:16

    attachment #1: screenshot (image/png) ──────────────────────────────────────────────────────────
    test-results/ui-pages-admin-Admin-Panel-should-load-successfully-mobile-chrome-retry1/test-failed-1.png
    ────────────────────────────────────────────────────────────────────────────────────────────────

    attachment #2: video (video/webm) ──────────────────────────────────────────────────────────────
    test-results/ui-pages-admin-Admin-Panel-should-load-successfully-mobile-chrome-retry1/video.webm
    ────────────────────────────────────────────────────────────────────────────────────────────────

    Error Context: test-results/ui-pages-admin-Admin-Panel-should-load-successfully-mobile-chrome-retry1/error-context.md

    attachment #4: trace (application/zip) ─────────────────────────────────────────────────────────
    test-results/ui-pages-admin-Admin-Panel-should-load-successfully-mobile-chrome-retry1/trace.zip
    Usage:

        npx playwright show-trace test-results/ui-pages-admin-Admin-Panel-should-load-successfully-mobile-chrome-retry1/trace.zip

    ────────────────────────────────────────────────────────────────────────────────────────────────

  1944) [mobile-chrome] › e2e/ui/pages/admin.spec.ts:32:7 › Admin Panel › should show admin user information 

    Error: page.goto: net::ERR_CONNECTION_REFUSED at http://localhost:4000/en/admin
    Call log:
      - navigating to "http://localhost:4000/en/admin", waiting until "load"


       at helpers/page-helpers.ts:13

      11 |
      12 |   async navigate(path: string) {
    > 13 |     await this.page.goto(path);
         |                     ^
      14 |     await this.page.waitForLoadState("networkidle");
      15 |   }
      16 |
        at BasePage.navigate (/home/tbaltzakis/cloudless.gr/e2e/helpers/page-helpers.ts:13:21)
        at /home/tbaltzakis/cloudless.gr/e2e/ui/pages/admin.spec.ts:21:16

    attachment #1: screenshot (image/png) ──────────────────────────────────────────────────────────
    test-results/ui-pages-admin-Admin-Panel-0de06-show-admin-user-information-mobile-chrome/test-failed-1.png
    ────────────────────────────────────────────────────────────────────────────────────────────────

    attachment #2: video (video/webm) ──────────────────────────────────────────────────────────────
    test-results/ui-pages-admin-Admin-Panel-0de06-show-admin-user-information-mobile-chrome/video.webm
    ────────────────────────────────────────────────────────────────────────────────────────────────

    Error Context: test-results/ui-pages-admin-Admin-Panel-0de06-show-admin-user-information-mobile-chrome/error-context.md

    Retry #1 ───────────────────────────────────────────────────────────────────────────────────────

    Error: page.goto: net::ERR_CONNECTION_REFUSED at http://localhost:4000/en/admin
    Call log:
      - navigating to "http://localhost:4000/en/admin", waiting until "load"


       at helpers/page-helpers.ts:13

      11 |
      12 |   async navigate(path: string) {
    > 13 |     await this.page.goto(path);
         |                     ^
      14 |     await this.page.waitForLoadState("networkidle");
      15 |   }
      16 |
        at BasePage.navigate (/home/tbaltzakis/cloudless.gr/e2e/helpers/page-helpers.ts:13:21)
        at /home/tbaltzakis/cloudless.gr/e2e/ui/pages/admin.spec.ts:21:16

    attachment #1: screenshot (image/png) ──────────────────────────────────────────────────────────
    test-results/ui-pages-admin-Admin-Panel-0de06-show-admin-user-information-mobile-chrome-retry1/test-failed-1.png
    ────────────────────────────────────────────────────────────────────────────────────────────────

    attachment #2: video (video/webm) ──────────────────────────────────────────────────────────────
    test-results/ui-pages-admin-Admin-Panel-0de06-show-admin-user-information-mobile-chrome-retry1/video.webm
    ────────────────────────────────────────────────────────────────────────────────────────────────

    Error Context: test-results/ui-pages-admin-Admin-Panel-0de06-show-admin-user-information-mobile-chrome-retry1/error-context.md

    attachment #4: trace (application/zip) ─────────────────────────────────────────────────────────
    test-results/ui-pages-admin-Admin-Panel-0de06-show-admin-user-information-mobile-chrome-retry1/trace.zip
    Usage:

        npx playwright show-trace test-results/ui-pages-admin-Admin-Panel-0de06-show-admin-user-information-mobile-chrome-retry1/trace.zip

    ────────────────────────────────────────────────────────────────────────────────────────────────

  1945) [mobile-chrome] › e2e/ui/pages/admin.spec.ts:39:7 › Admin Panel › should have admin navigation sidebar 

    Error: page.goto: net::ERR_CONNECTION_REFUSED at http://localhost:4000/en/admin
    Call log:
      - navigating to "http://localhost:4000/en/admin", waiting until "load"


       at helpers/page-helpers.ts:13

      11 |
      12 |   async navigate(path: string) {
    > 13 |     await this.page.goto(path);
         |                     ^
      14 |     await this.page.waitForLoadState("networkidle");
      15 |   }
      16 |
        at BasePage.navigate (/home/tbaltzakis/cloudless.gr/e2e/helpers/page-helpers.ts:13:21)
        at /home/tbaltzakis/cloudless.gr/e2e/ui/pages/admin.spec.ts:21:16

    attachment #1: screenshot (image/png) ──────────────────────────────────────────────────────────
    test-results/ui-pages-admin-Admin-Panel-a2437-ve-admin-navigation-sidebar-mobile-chrome/test-failed-1.png
    ────────────────────────────────────────────────────────────────────────────────────────────────

    attachment #2: video (video/webm) ──────────────────────────────────────────────────────────────
    test-results/ui-pages-admin-Admin-Panel-a2437-ve-admin-navigation-sidebar-mobile-chrome/video.webm
    ────────────────────────────────────────────────────────────────────────────────────────────────

    Error Context: test-results/ui-pages-admin-Admin-Panel-a2437-ve-admin-navigation-sidebar-mobile-chrome/error-context.md

    Retry #1 ───────────────────────────────────────────────────────────────────────────────────────

    Error: page.goto: net::ERR_CONNECTION_REFUSED at http://localhost:4000/en/admin
    Call log:
      - navigating to "http://localhost:4000/en/admin", waiting until "load"


       at helpers/page-helpers.ts:13

      11 |
      12 |   async navigate(path: string) {
    > 13 |     await this.page.goto(path);
         |                     ^
      14 |     await this.page.waitForLoadState("networkidle");
      15 |   }
      16 |
        at BasePage.navigate (/home/tbaltzakis/cloudless.gr/e2e/helpers/page-helpers.ts:13:21)
        at /home/tbaltzakis/cloudless.gr/e2e/ui/pages/admin.spec.ts:21:16

    attachment #1: screenshot (image/png) ──────────────────────────────────────────────────────────
    test-results/ui-pages-admin-Admin-Panel-a2437-ve-admin-navigation-sidebar-mobile-chrome-retry1/test-failed-1.png
    ────────────────────────────────────────────────────────────────────────────────────────────────

    attachment #2: video (video/webm) ──────────────────────────────────────────────────────────────
    test-results/ui-pages-admin-Admin-Panel-a2437-ve-admin-navigation-sidebar-mobile-chrome-retry1/video.webm
    ────────────────────────────────────────────────────────────────────────────────────────────────

    Error Context: test-results/ui-pages-admin-Admin-Panel-a2437-ve-admin-navigation-sidebar-mobile-chrome-retry1/error-context.md

    attachment #4: trace (application/zip) ─────────────────────────────────────────────────────────
    test-results/ui-pages-admin-Admin-Panel-a2437-ve-admin-navigation-sidebar-mobile-chrome-retry1/trace.zip
    Usage:

        npx playwright show-trace test-results/ui-pages-admin-Admin-Panel-a2437-ve-admin-navigation-sidebar-mobile-chrome-retry1/trace.zip

    ────────────────────────────────────────────────────────────────────────────────────────────────

  1946) [mobile-chrome] › e2e/ui/pages/admin.spec.ts:54:7 › Admin Panel › should have main content area 

    Error: page.goto: net::ERR_CONNECTION_REFUSED at http://localhost:4000/en/admin
    Call log:
      - navigating to "http://localhost:4000/en/admin", waiting until "load"


       at helpers/page-helpers.ts:13

      11 |
      12 |   async navigate(path: string) {
    > 13 |     await this.page.goto(path);
         |                     ^
      14 |     await this.page.waitForLoadState("networkidle");
      15 |   }
      16 |
        at BasePage.navigate (/home/tbaltzakis/cloudless.gr/e2e/helpers/page-helpers.ts:13:21)
        at /home/tbaltzakis/cloudless.gr/e2e/ui/pages/admin.spec.ts:21:16

    attachment #1: screenshot (image/png) ──────────────────────────────────────────────────────────
    test-results/ui-pages-admin-Admin-Panel-should-have-main-content-area-mobile-chrome/test-failed-1.png
    ────────────────────────────────────────────────────────────────────────────────────────────────

    attachment #2: video (video/webm) ──────────────────────────────────────────────────────────────
    test-results/ui-pages-admin-Admin-Panel-should-have-main-content-area-mobile-chrome/video.webm
    ────────────────────────────────────────────────────────────────────────────────────────────────

    Error Context: test-results/ui-pages-admin-Admin-Panel-should-have-main-content-area-mobile-chrome/error-context.md

    Retry #1 ───────────────────────────────────────────────────────────────────────────────────────

    Error: page.goto: net::ERR_CONNECTION_REFUSED at http://localhost:4000/en/admin
    Call log:
      - navigating to "http://localhost:4000/en/admin", waiting until "load"


       at helpers/page-helpers.ts:13

      11 |
      12 |   async navigate(path: string) {
    > 13 |     await this.page.goto(path);
         |                     ^
      14 |     await this.page.waitForLoadState("networkidle");
      15 |   }
      16 |
        at BasePage.navigate (/home/tbaltzakis/cloudless.gr/e2e/helpers/page-helpers.ts:13:21)
        at /home/tbaltzakis/cloudless.gr/e2e/ui/pages/admin.spec.ts:21:16

    attachment #1: screenshot (image/png) ──────────────────────────────────────────────────────────
    test-results/ui-pages-admin-Admin-Panel-should-have-main-content-area-mobile-chrome-retry1/test-failed-1.png
    ────────────────────────────────────────────────────────────────────────────────────────────────

    attachment #2: video (video/webm) ──────────────────────────────────────────────────────────────
    test-results/ui-pages-admin-Admin-Panel-should-have-main-content-area-mobile-chrome-retry1/video.webm
    ────────────────────────────────────────────────────────────────────────────────────────────────

    Error Context: test-results/ui-pages-admin-Admin-Panel-should-have-main-content-area-mobile-chrome-retry1/error-context.md

    attachment #4: trace (application/zip) ─────────────────────────────────────────────────────────
    test-results/ui-pages-admin-Admin-Panel-should-have-main-content-area-mobile-chrome-retry1/trace.zip
    Usage:

        npx playwright show-trace test-results/ui-pages-admin-Admin-Panel-should-have-main-content-area-mobile-chrome-retry1/trace.zip

    ────────────────────────────────────────────────────────────────────────────────────────────────

  1947) [mobile-chrome] › e2e/ui/pages/admin.spec.ts:59:7 › Admin Panel › should show admin overview widgets or cards 

    Error: page.goto: net::ERR_CONNECTION_REFUSED at http://localhost:4000/en/admin
    Call log:
      - navigating to "http://localhost:4000/en/admin", waiting until "load"


       at helpers/page-helpers.ts:13

      11 |
      12 |   async navigate(path: string) {
    > 13 |     await this.page.goto(path);
         |                     ^
      14 |     await this.page.waitForLoadState("networkidle");
      15 |   }
      16 |
        at BasePage.navigate (/home/tbaltzakis/cloudless.gr/e2e/helpers/page-helpers.ts:13:21)
        at /home/tbaltzakis/cloudless.gr/e2e/ui/pages/admin.spec.ts:21:16

    attachment #1: screenshot (image/png) ──────────────────────────────────────────────────────────
    test-results/ui-pages-admin-Admin-Panel-e02ca-n-overview-widgets-or-cards-mobile-chrome/test-failed-1.png
    ────────────────────────────────────────────────────────────────────────────────────────────────

    attachment #2: video (video/webm) ──────────────────────────────────────────────────────────────
    test-results/ui-pages-admin-Admin-Panel-e02ca-n-overview-widgets-or-cards-mobile-chrome/video.webm
    ────────────────────────────────────────────────────────────────────────────────────────────────

    Error Context: test-results/ui-pages-admin-Admin-Panel-e02ca-n-overview-widgets-or-cards-mobile-chrome/error-context.md

    Retry #1 ───────────────────────────────────────────────────────────────────────────────────────

    Error: page.goto: net::ERR_CONNECTION_REFUSED at http://localhost:4000/en/admin
    Call log:
      - navigating to "http://localhost:4000/en/admin", waiting until "load"


       at helpers/page-helpers.ts:13

      11 |
      12 |   async navigate(path: string) {
    > 13 |     await this.page.goto(path);
         |                     ^
      14 |     await this.page.waitForLoadState("networkidle");
      15 |   }
      16 |
        at BasePage.navigate (/home/tbaltzakis/cloudless.gr/e2e/helpers/page-helpers.ts:13:21)
        at /home/tbaltzakis/cloudless.gr/e2e/ui/pages/admin.spec.ts:21:16

    attachment #1: screenshot (image/png) ──────────────────────────────────────────────────────────
    test-results/ui-pages-admin-Admin-Panel-e02ca-n-overview-widgets-or-cards-mobile-chrome-retry1/test-failed-1.png
    ────────────────────────────────────────────────────────────────────────────────────────────────

    attachment #2: video (video/webm) ──────────────────────────────────────────────────────────────
    test-results/ui-pages-admin-Admin-Panel-e02ca-n-overview-widgets-or-cards-mobile-chrome-retry1/video.webm
    ────────────────────────────────────────────────────────────────────────────────────────────────

    Error Context: test-results/ui-pages-admin-Admin-Panel-e02ca-n-overview-widgets-or-cards-mobile-chrome-retry1/error-context.md

    attachment #4: trace (application/zip) ─────────────────────────────────────────────────────────
    test-results/ui-pages-admin-Admin-Panel-e02ca-n-overview-widgets-or-cards-mobile-chrome-retry1/trace.zip
    Usage:

        npx playwright show-trace test-results/ui-pages-admin-Admin-Panel-e02ca-n-overview-widgets-or-cards-mobile-chrome-retry1/trace.zip

    ────────────────────────────────────────────────────────────────────────────────────────────────

  1948) [mobile-chrome] › e2e/ui/pages/admin.spec.ts:71:7 › Admin Panel › should show action queue or stats 

    Error: page.goto: net::ERR_CONNECTION_REFUSED at http://localhost:4000/en/admin
    Call log:
      - navigating to "http://localhost:4000/en/admin", waiting until "load"


       at helpers/page-helpers.ts:13

      11 |
      12 |   async navigate(path: string) {
    > 13 |     await this.page.goto(path);
         |                     ^
      14 |     await this.page.waitForLoadState("networkidle");
      15 |   }
      16 |
        at BasePage.navigate (/home/tbaltzakis/cloudless.gr/e2e/helpers/page-helpers.ts:13:21)
        at /home/tbaltzakis/cloudless.gr/e2e/ui/pages/admin.spec.ts:21:16

    attachment #1: screenshot (image/png) ──────────────────────────────────────────────────────────
    test-results/ui-pages-admin-Admin-Panel-should-show-action-queue-or-stats-mobile-chrome/test-failed-1.png
    ────────────────────────────────────────────────────────────────────────────────────────────────

    attachment #2: video (video/webm) ──────────────────────────────────────────────────────────────
    test-results/ui-pages-admin-Admin-Panel-should-show-action-queue-or-stats-mobile-chrome/video.webm
    ────────────────────────────────────────────────────────────────────────────────────────────────

    Error Context: test-results/ui-pages-admin-Admin-Panel-should-show-action-queue-or-stats-mobile-chrome/error-context.md

    Retry #1 ───────────────────────────────────────────────────────────────────────────────────────

    Error: page.goto: net::ERR_CONNECTION_REFUSED at http://localhost:4000/en/admin
    Call log:
      - navigating to "http://localhost:4000/en/admin", waiting until "load"


       at helpers/page-helpers.ts:13

      11 |
      12 |   async navigate(path: string) {
    > 13 |     await this.page.goto(path);
         |                     ^
      14 |     await this.page.waitForLoadState("networkidle");
      15 |   }
      16 |
        at BasePage.navigate (/home/tbaltzakis/cloudless.gr/e2e/helpers/page-helpers.ts:13:21)
        at /home/tbaltzakis/cloudless.gr/e2e/ui/pages/admin.spec.ts:21:16

    attachment #1: screenshot (image/png) ──────────────────────────────────────────────────────────
    test-results/ui-pages-admin-Admin-Panel-should-show-action-queue-or-stats-mobile-chrome-retry1/test-failed-1.png
    ────────────────────────────────────────────────────────────────────────────────────────────────

    attachment #2: video (video/webm) ──────────────────────────────────────────────────────────────
    test-results/ui-pages-admin-Admin-Panel-should-show-action-queue-or-stats-mobile-chrome-retry1/video.webm
    ────────────────────────────────────────────────────────────────────────────────────────────────

    Error Context: test-results/ui-pages-admin-Admin-Panel-should-show-action-queue-or-stats-mobile-chrome-retry1/error-context.md

    attachment #4: trace (application/zip) ─────────────────────────────────────────────────────────
    test-results/ui-pages-admin-Admin-Panel-should-show-action-queue-or-stats-mobile-chrome-retry1/trace.zip
    Usage:

        npx playwright show-trace test-results/ui-pages-admin-Admin-Panel-should-show-action-queue-or-stats-mobile-chrome-retry1/trace.zip

    ────────────────────────────────────────────────────────────────────────────────────────────────

  1949) [mobile-chrome] › e2e/ui/pages/admin.spec.ts:83:9 › Admin Panel › Navigation › should navigate to homepage 

    Error: page.goto: net::ERR_CONNECTION_REFUSED at http://localhost:4000/en/admin
    Call log:
      - navigating to "http://localhost:4000/en/admin", waiting until "load"


       at helpers/page-helpers.ts:13

      11 |
      12 |   async navigate(path: string) {
    > 13 |     await this.page.goto(path);
         |                     ^
      14 |     await this.page.waitForLoadState("networkidle");
      15 |   }
      16 |
        at BasePage.navigate (/home/tbaltzakis/cloudless.gr/e2e/helpers/page-helpers.ts:13:21)
        at /home/tbaltzakis/cloudless.gr/e2e/ui/pages/admin.spec.ts:21:16

    attachment #1: screenshot (image/png) ──────────────────────────────────────────────────────────
    test-results/ui-pages-admin-Admin-Panel-94671-should-navigate-to-homepage-mobile-chrome/test-failed-1.png
    ────────────────────────────────────────────────────────────────────────────────────────────────

    attachment #2: video (video/webm) ──────────────────────────────────────────────────────────────
    test-results/ui-pages-admin-Admin-Panel-94671-should-navigate-to-homepage-mobile-chrome/video.webm
    ────────────────────────────────────────────────────────────────────────────────────────────────

    Error Context: test-results/ui-pages-admin-Admin-Panel-94671-should-navigate-to-homepage-mobile-chrome/error-context.md

    Retry #1 ───────────────────────────────────────────────────────────────────────────────────────

    Error: page.goto: net::ERR_CONNECTION_REFUSED at http://localhost:4000/en/admin
    Call log:
      - navigating to "http://localhost:4000/en/admin", waiting until "load"


       at helpers/page-helpers.ts:13

      11 |
      12 |   async navigate(path: string) {
    > 13 |     await this.page.goto(path);
         |                     ^
      14 |     await this.page.waitForLoadState("networkidle");
      15 |   }
      16 |
        at BasePage.navigate (/home/tbaltzakis/cloudless.gr/e2e/helpers/page-helpers.ts:13:21)
        at /home/tbaltzakis/cloudless.gr/e2e/ui/pages/admin.spec.ts:21:16

    attachment #1: screenshot (image/png) ──────────────────────────────────────────────────────────
    test-results/ui-pages-admin-Admin-Panel-94671-should-navigate-to-homepage-mobile-chrome-retry1/test-failed-1.png
    ────────────────────────────────────────────────────────────────────────────────────────────────

    attachment #2: video (video/webm) ──────────────────────────────────────────────────────────────
    test-results/ui-pages-admin-Admin-Panel-94671-should-navigate-to-homepage-mobile-chrome-retry1/video.webm
    ────────────────────────────────────────────────────────────────────────────────────────────────

    Error Context: test-results/ui-pages-admin-Admin-Panel-94671-should-navigate-to-homepage-mobile-chrome-retry1/error-context.md

    attachment #4: trace (application/zip) ─────────────────────────────────────────────────────────
    test-results/ui-pages-admin-Admin-Panel-94671-should-navigate-to-homepage-mobile-chrome-retry1/trace.zip
    Usage:

        npx playwright show-trace test-results/ui-pages-admin-Admin-Panel-94671-should-navigate-to-homepage-mobile-chrome-retry1/trace.zip

    ────────────────────────────────────────────────────────────────────────────────────────────────

  1950) [mobile-chrome] › e2e/ui/pages/admin.spec.ts:93:9 › Admin Panel › Navigation › should navigate to dashboard 

    Error: page.goto: net::ERR_CONNECTION_REFUSED at http://localhost:4000/en/admin
    Call log:
      - navigating to "http://localhost:4000/en/admin", waiting until "load"


       at helpers/page-helpers.ts:13

      11 |
      12 |   async navigate(path: string) {
    > 13 |     await this.page.goto(path);
         |                     ^
      14 |     await this.page.waitForLoadState("networkidle");
      15 |   }
      16 |
        at BasePage.navigate (/home/tbaltzakis/cloudless.gr/e2e/helpers/page-helpers.ts:13:21)
        at /home/tbaltzakis/cloudless.gr/e2e/ui/pages/admin.spec.ts:21:16

    attachment #1: screenshot (image/png) ──────────────────────────────────────────────────────────
    test-results/ui-pages-admin-Admin-Panel-42c31-hould-navigate-to-dashboard-mobile-chrome/test-failed-1.png
    ────────────────────────────────────────────────────────────────────────────────────────────────

    attachment #2: video (video/webm) ──────────────────────────────────────────────────────────────
    test-results/ui-pages-admin-Admin-Panel-42c31-hould-navigate-to-dashboard-mobile-chrome/video.webm
    ────────────────────────────────────────────────────────────────────────────────────────────────

    Error Context: test-results/ui-pages-admin-Admin-Panel-42c31-hould-navigate-to-dashboard-mobile-chrome/error-context.md

    Retry #1 ───────────────────────────────────────────────────────────────────────────────────────

    Error: page.goto: net::ERR_CONNECTION_REFUSED at http://localhost:4000/en/admin
    Call log:
      - navigating to "http://localhost:4000/en/admin", waiting until "load"


       at helpers/page-helpers.ts:13

      11 |
      12 |   async navigate(path: string) {
    > 13 |     await this.page.goto(path);
         |                     ^
      14 |     await this.page.waitForLoadState("networkidle");
      15 |   }
      16 |
        at BasePage.navigate (/home/tbaltzakis/cloudless.gr/e2e/helpers/page-helpers.ts:13:21)
        at /home/tbaltzakis/cloudless.gr/e2e/ui/pages/admin.spec.ts:21:16

    attachment #1: screenshot (image/png) ──────────────────────────────────────────────────────────
    test-results/ui-pages-admin-Admin-Panel-42c31-hould-navigate-to-dashboard-mobile-chrome-retry1/test-failed-1.png
    ────────────────────────────────────────────────────────────────────────────────────────────────

    attachment #2: video (video/webm) ──────────────────────────────────────────────────────────────
    test-results/ui-pages-admin-Admin-Panel-42c31-hould-navigate-to-dashboard-mobile-chrome-retry1/video.webm
    ────────────────────────────────────────────────────────────────────────────────────────────────

    Error Context: test-results/ui-pages-admin-Admin-Panel-42c31-hould-navigate-to-dashboard-mobile-chrome-retry1/error-context.md

    attachment #4: trace (application/zip) ─────────────────────────────────────────────────────────
    test-results/ui-pages-admin-Admin-Panel-42c31-hould-navigate-to-dashboard-mobile-chrome-retry1/trace.zip
    Usage:

        npx playwright show-trace test-results/ui-pages-admin-Admin-Panel-42c31-hould-navigate-to-dashboard-mobile-chrome-retry1/trace.zip

    ────────────────────────────────────────────────────────────────────────────────────────────────

  1951) [mobile-chrome] › e2e/ui/pages/admin.spec.ts:100:9 › Admin Panel › Navigation › should navigate to users management 

    Error: page.goto: net::ERR_CONNECTION_REFUSED at http://localhost:4000/en/admin
    Call log:
      - navigating to "http://localhost:4000/en/admin", waiting until "load"


       at helpers/page-helpers.ts:13

      11 |
      12 |   async navigate(path: string) {
    > 13 |     await this.page.goto(path);
         |                     ^
      14 |     await this.page.waitForLoadState("networkidle");
      15 |   }
      16 |
        at BasePage.navigate (/home/tbaltzakis/cloudless.gr/e2e/helpers/page-helpers.ts:13:21)
        at /home/tbaltzakis/cloudless.gr/e2e/ui/pages/admin.spec.ts:21:16

    attachment #1: screenshot (image/png) ──────────────────────────────────────────────────────────
    test-results/ui-pages-admin-Admin-Panel-c63c9-avigate-to-users-management-mobile-chrome/test-failed-1.png
    ────────────────────────────────────────────────────────────────────────────────────────────────

    attachment #2: video (video/webm) ──────────────────────────────────────────────────────────────
    test-results/ui-pages-admin-Admin-Panel-c63c9-avigate-to-users-management-mobile-chrome/video.webm
    ────────────────────────────────────────────────────────────────────────────────────────────────

    Error Context: test-results/ui-pages-admin-Admin-Panel-c63c9-avigate-to-users-management-mobile-chrome/error-context.md

    Retry #1 ───────────────────────────────────────────────────────────────────────────────────────

    Error: page.goto: net::ERR_CONNECTION_REFUSED at http://localhost:4000/en/admin
    Call log:
      - navigating to "http://localhost:4000/en/admin", waiting until "load"


       at helpers/page-helpers.ts:13

      11 |
      12 |   async navigate(path: string) {
    > 13 |     await this.page.goto(path);
         |                     ^
      14 |     await this.page.waitForLoadState("networkidle");
      15 |   }
      16 |
        at BasePage.navigate (/home/tbaltzakis/cloudless.gr/e2e/helpers/page-helpers.ts:13:21)
        at /home/tbaltzakis/cloudless.gr/e2e/ui/pages/admin.spec.ts:21:16

    attachment #1: screenshot (image/png) ──────────────────────────────────────────────────────────
    test-results/ui-pages-admin-Admin-Panel-c63c9-avigate-to-users-management-mobile-chrome-retry1/test-failed-1.png
    ────────────────────────────────────────────────────────────────────────────────────────────────

    attachment #2: video (video/webm) ──────────────────────────────────────────────────────────────
    test-results/ui-pages-admin-Admin-Panel-c63c9-avigate-to-users-management-mobile-chrome-retry1/video.webm
    ────────────────────────────────────────────────────────────────────────────────────────────────

    Error Context: test-results/ui-pages-admin-Admin-Panel-c63c9-avigate-to-users-management-mobile-chrome-retry1/error-context.md

    attachment #4: trace (application/zip) ─────────────────────────────────────────────────────────
    test-results/ui-pages-admin-Admin-Panel-c63c9-avigate-to-users-management-mobile-chrome-retry1/trace.zip
    Usage:

        npx playwright show-trace test-results/ui-pages-admin-Admin-Panel-c63c9-avigate-to-users-management-mobile-chrome-retry1/trace.zip

    ────────────────────────────────────────────────────────────────────────────────────────────────

  1952) [mobile-chrome] › e2e/ui/pages/admin.spec.ts:110:9 › Admin Panel › Navigation › should navigate to orders management 

    Error: page.goto: net::ERR_CONNECTION_REFUSED at http://localhost:4000/en/admin
    Call log:
      - navigating to "http://localhost:4000/en/admin", waiting until "load"


       at helpers/page-helpers.ts:13

      11 |
      12 |   async navigate(path: string) {
    > 13 |     await this.page.goto(path);
         |                     ^
      14 |     await this.page.waitForLoadState("networkidle");
      15 |   }
      16 |
        at BasePage.navigate (/home/tbaltzakis/cloudless.gr/e2e/helpers/page-helpers.ts:13:21)
        at /home/tbaltzakis/cloudless.gr/e2e/ui/pages/admin.spec.ts:21:16

    attachment #1: screenshot (image/png) ──────────────────────────────────────────────────────────
    test-results/ui-pages-admin-Admin-Panel-982b4-vigate-to-orders-management-mobile-chrome/test-failed-1.png
    ────────────────────────────────────────────────────────────────────────────────────────────────

    attachment #2: video (video/webm) ──────────────────────────────────────────────────────────────
    test-results/ui-pages-admin-Admin-Panel-982b4-vigate-to-orders-management-mobile-chrome/video.webm
    ────────────────────────────────────────────────────────────────────────────────────────────────

    Error Context: test-results/ui-pages-admin-Admin-Panel-982b4-vigate-to-orders-management-mobile-chrome/error-context.md

    Retry #1 ───────────────────────────────────────────────────────────────────────────────────────

    Error: page.goto: net::ERR_CONNECTION_REFUSED at http://localhost:4000/en/admin
    Call log:
      - navigating to "http://localhost:4000/en/admin", waiting until "load"


       at helpers/page-helpers.ts:13

      11 |
      12 |   async navigate(path: string) {
    > 13 |     await this.page.goto(path);
         |                     ^
      14 |     await this.page.waitForLoadState("networkidle");
      15 |   }
      16 |
        at BasePage.navigate (/home/tbaltzakis/cloudless.gr/e2e/helpers/page-helpers.ts:13:21)
        at /home/tbaltzakis/cloudless.gr/e2e/ui/pages/admin.spec.ts:21:16

    attachment #1: screenshot (image/png) ──────────────────────────────────────────────────────────
    test-results/ui-pages-admin-Admin-Panel-982b4-vigate-to-orders-management-mobile-chrome-retry1/test-failed-1.png
    ────────────────────────────────────────────────────────────────────────────────────────────────

    attachment #2: video (video/webm) ──────────────────────────────────────────────────────────────
    test-results/ui-pages-admin-Admin-Panel-982b4-vigate-to-orders-management-mobile-chrome-retry1/video.webm
    ────────────────────────────────────────────────────────────────────────────────────────────────

    Error Context: test-results/ui-pages-admin-Admin-Panel-982b4-vigate-to-orders-management-mobile-chrome-retry1/error-context.md

    attachment #4: trace (application/zip) ─────────────────────────────────────────────────────────
    test-results/ui-pages-admin-Admin-Panel-982b4-vigate-to-orders-management-mobile-chrome-retry1/trace.zip
    Usage:

        npx playwright show-trace test-results/ui-pages-admin-Admin-Panel-982b4-vigate-to-orders-management-mobile-chrome-retry1/trace.zip

    ────────────────────────────────────────────────────────────────────────────────────────────────

  1953) [mobile-chrome] › e2e/ui/pages/admin.spec.ts:120:9 › Admin Panel › Navigation › should navigate to settings 

    Error: page.goto: net::ERR_CONNECTION_REFUSED at http://localhost:4000/en/admin
    Call log:
      - navigating to "http://localhost:4000/en/admin", waiting until "load"


       at helpers/page-helpers.ts:13

      11 |
      12 |   async navigate(path: string) {
    > 13 |     await this.page.goto(path);
         |                     ^
      14 |     await this.page.waitForLoadState("networkidle");
      15 |   }
      16 |
        at BasePage.navigate (/home/tbaltzakis/cloudless.gr/e2e/helpers/page-helpers.ts:13:21)
        at /home/tbaltzakis/cloudless.gr/e2e/ui/pages/admin.spec.ts:21:16

    attachment #1: screenshot (image/png) ──────────────────────────────────────────────────────────
    test-results/ui-pages-admin-Admin-Panel-729a8-should-navigate-to-settings-mobile-chrome/test-failed-1.png
    ────────────────────────────────────────────────────────────────────────────────────────────────

    attachment #2: video (video/webm) ──────────────────────────────────────────────────────────────
    test-results/ui-pages-admin-Admin-Panel-729a8-should-navigate-to-settings-mobile-chrome/video.webm
    ────────────────────────────────────────────────────────────────────────────────────────────────

    Error Context: test-results/ui-pages-admin-Admin-Panel-729a8-should-navigate-to-settings-mobile-chrome/error-context.md

    Retry #1 ───────────────────────────────────────────────────────────────────────────────────────

    Error: page.goto: net::ERR_CONNECTION_REFUSED at http://localhost:4000/en/admin
    Call log:
      - navigating to "http://localhost:4000/en/admin", waiting until "load"


       at helpers/page-helpers.ts:13

      11 |
      12 |   async navigate(path: string) {
    > 13 |     await this.page.goto(path);
         |                     ^
      14 |     await this.page.waitForLoadState("networkidle");
      15 |   }
      16 |
        at BasePage.navigate (/home/tbaltzakis/cloudless.gr/e2e/helpers/page-helpers.ts:13:21)
        at /home/tbaltzakis/cloudless.gr/e2e/ui/pages/admin.spec.ts:21:16

    attachment #1: screenshot (image/png) ──────────────────────────────────────────────────────────
    test-results/ui-pages-admin-Admin-Panel-729a8-should-navigate-to-settings-mobile-chrome-retry1/test-failed-1.png
    ────────────────────────────────────────────────────────────────────────────────────────────────

    attachment #2: video (video/webm) ──────────────────────────────────────────────────────────────
    test-results/ui-pages-admin-Admin-Panel-729a8-should-navigate-to-settings-mobile-chrome-retry1/video.webm
    ────────────────────────────────────────────────────────────────────────────────────────────────

    Error Context: test-results/ui-pages-admin-Admin-Panel-729a8-should-navigate-to-settings-mobile-chrome-retry1/error-context.md

    attachment #4: trace (application/zip) ─────────────────────────────────────────────────────────
    test-results/ui-pages-admin-Admin-Panel-729a8-should-navigate-to-settings-mobile-chrome-retry1/trace.zip
    Usage:

        npx playwright show-trace test-results/ui-pages-admin-Admin-Panel-729a8-should-navigate-to-settings-mobile-chrome-retry1/trace.zip

    ────────────────────────────────────────────────────────────────────────────────────────────────

  1954) [mobile-chrome] › e2e/ui/pages/admin.spec.ts:130:9 › Admin Panel › Navigation › should navigate to leads 

    Error: page.goto: net::ERR_CONNECTION_REFUSED at http://localhost:4000/en/admin
    Call log:
      - navigating to "http://localhost:4000/en/admin", waiting until "load"


       at helpers/page-helpers.ts:13

      11 |
      12 |   async navigate(path: string) {
    > 13 |     await this.page.goto(path);
         |                     ^
      14 |     await this.page.waitForLoadState("networkidle");
      15 |   }
      16 |
        at BasePage.navigate (/home/tbaltzakis/cloudless.gr/e2e/helpers/page-helpers.ts:13:21)
        at /home/tbaltzakis/cloudless.gr/e2e/ui/pages/admin.spec.ts:21:16

    attachment #1: screenshot (image/png) ──────────────────────────────────────────────────────────
    test-results/ui-pages-admin-Admin-Panel-cc73c-on-should-navigate-to-leads-mobile-chrome/test-failed-1.png
    ────────────────────────────────────────────────────────────────────────────────────────────────

    attachment #2: video (video/webm) ──────────────────────────────────────────────────────────────
    test-results/ui-pages-admin-Admin-Panel-cc73c-on-should-navigate-to-leads-mobile-chrome/video.webm
    ────────────────────────────────────────────────────────────────────────────────────────────────

    Error Context: test-results/ui-pages-admin-Admin-Panel-cc73c-on-should-navigate-to-leads-mobile-chrome/error-context.md

    Retry #1 ───────────────────────────────────────────────────────────────────────────────────────

    Error: page.goto: net::ERR_CONNECTION_REFUSED at http://localhost:4000/en/admin
    Call log:
      - navigating to "http://localhost:4000/en/admin", waiting until "load"


       at helpers/page-helpers.ts:13

      11 |
      12 |   async navigate(path: string) {
    > 13 |     await this.page.goto(path);
         |                     ^
      14 |     await this.page.waitForLoadState("networkidle");
      15 |   }
      16 |
        at BasePage.navigate (/home/tbaltzakis/cloudless.gr/e2e/helpers/page-helpers.ts:13:21)
        at /home/tbaltzakis/cloudless.gr/e2e/ui/pages/admin.spec.ts:21:16

    attachment #1: screenshot (image/png) ──────────────────────────────────────────────────────────
    test-results/ui-pages-admin-Admin-Panel-cc73c-on-should-navigate-to-leads-mobile-chrome-retry1/test-failed-1.png
    ────────────────────────────────────────────────────────────────────────────────────────────────

    attachment #2: video (video/webm) ──────────────────────────────────────────────────────────────
    test-results/ui-pages-admin-Admin-Panel-cc73c-on-should-navigate-to-leads-mobile-chrome-retry1/video.webm
    ────────────────────────────────────────────────────────────────────────────────────────────────

    Error Context: test-results/ui-pages-admin-Admin-Panel-cc73c-on-should-navigate-to-leads-mobile-chrome-retry1/error-context.md

    attachment #4: trace (application/zip) ─────────────────────────────────────────────────────────
    test-results/ui-pages-admin-Admin-Panel-cc73c-on-should-navigate-to-leads-mobile-chrome-retry1/trace.zip
    Usage:

        npx playwright show-trace test-results/ui-pages-admin-Admin-Panel-cc73c-on-should-navigate-to-leads-mobile-chrome-retry1/trace.zip

    ────────────────────────────────────────────────────────────────────────────────────────────────

  1955) [mobile-chrome] › e2e/ui/pages/admin.spec.ts:142:9 › Admin Panel › Authentication › should redirect to login if not authenticated 

    Error: page.goto: net::ERR_CONNECTION_REFUSED at http://localhost:4000/en/admin
    Call log:
      - navigating to "http://localhost:4000/en/admin", waiting until "load"


       at helpers/page-helpers.ts:13

      11 |
      12 |   async navigate(path: string) {
    > 13 |     await this.page.goto(path);
         |                     ^
      14 |     await this.page.waitForLoadState("networkidle");
      15 |   }
      16 |
        at BasePage.navigate (/home/tbaltzakis/cloudless.gr/e2e/helpers/page-helpers.ts:13:21)
        at /home/tbaltzakis/cloudless.gr/e2e/ui/pages/admin.spec.ts:21:16

    attachment #1: screenshot (image/png) ──────────────────────────────────────────────────────────
    test-results/ui-pages-admin-Admin-Panel-e635a--login-if-not-authenticated-mobile-chrome/test-failed-1.png
    ────────────────────────────────────────────────────────────────────────────────────────────────

    attachment #2: video (video/webm) ──────────────────────────────────────────────────────────────
    test-results/ui-pages-admin-Admin-Panel-e635a--login-if-not-authenticated-mobile-chrome/video.webm
    ────────────────────────────────────────────────────────────────────────────────────────────────

    Error Context: test-results/ui-pages-admin-Admin-Panel-e635a--login-if-not-authenticated-mobile-chrome/error-context.md

    Retry #1 ───────────────────────────────────────────────────────────────────────────────────────

    Error: page.goto: net::ERR_CONNECTION_REFUSED at http://localhost:4000/en/admin
    Call log:
      - navigating to "http://localhost:4000/en/admin", waiting until "load"


       at helpers/page-helpers.ts:13

      11 |
      12 |   async navigate(path: string) {
    > 13 |     await this.page.goto(path);
         |                     ^
      14 |     await this.page.waitForLoadState("networkidle");
      15 |   }
      16 |
        at BasePage.navigate (/home/tbaltzakis/cloudless.gr/e2e/helpers/page-helpers.ts:13:21)
        at /home/tbaltzakis/cloudless.gr/e2e/ui/pages/admin.spec.ts:21:16

    attachment #1: screenshot (image/png) ──────────────────────────────────────────────────────────
    test-results/ui-pages-admin-Admin-Panel-e635a--login-if-not-authenticated-mobile-chrome-retry1/test-failed-1.png
    ────────────────────────────────────────────────────────────────────────────────────────────────

    attachment #2: video (video/webm) ──────────────────────────────────────────────────────────────
    test-results/ui-pages-admin-Admin-Panel-e635a--login-if-not-authenticated-mobile-chrome-retry1/video.webm
    ────────────────────────────────────────────────────────────────────────────────────────────────

    Error Context: test-results/ui-pages-admin-Admin-Panel-e635a--login-if-not-authenticated-mobile-chrome-retry1/error-context.md

    attachment #4: trace (application/zip) ─────────────────────────────────────────────────────────
    test-results/ui-pages-admin-Admin-Panel-e635a--login-if-not-authenticated-mobile-chrome-retry1/trace.zip
    Usage:

        npx playwright show-trace test-results/ui-pages-admin-Admin-Panel-e635a--login-if-not-authenticated-mobile-chrome-retry1/trace.zip

    ────────────────────────────────────────────────────────────────────────────────────────────────

  1956) [mobile-chrome] › e2e/ui/pages/admin.spec.ts:149:9 › Admin Panel › Authentication › should redirect to dashboard if not admin 

    Error: page.goto: net::ERR_CONNECTION_REFUSED at http://localhost:4000/en/admin
    Call log:
      - navigating to "http://localhost:4000/en/admin", waiting until "load"


       at helpers/page-helpers.ts:13

      11 |
      12 |   async navigate(path: string) {
    > 13 |     await this.page.goto(path);
         |                     ^
      14 |     await this.page.waitForLoadState("networkidle");
      15 |   }
      16 |
        at BasePage.navigate (/home/tbaltzakis/cloudless.gr/e2e/helpers/page-helpers.ts:13:21)
        at /home/tbaltzakis/cloudless.gr/e2e/ui/pages/admin.spec.ts:21:16

    attachment #1: screenshot (image/png) ──────────────────────────────────────────────────────────
    test-results/ui-pages-admin-Admin-Panel-a0485-t-to-dashboard-if-not-admin-mobile-chrome/test-failed-1.png
    ────────────────────────────────────────────────────────────────────────────────────────────────

    attachment #2: video (video/webm) ──────────────────────────────────────────────────────────────
    test-results/ui-pages-admin-Admin-Panel-a0485-t-to-dashboard-if-not-admin-mobile-chrome/video.webm
    ────────────────────────────────────────────────────────────────────────────────────────────────

    Error Context: test-results/ui-pages-admin-Admin-Panel-a0485-t-to-dashboard-if-not-admin-mobile-chrome/error-context.md

    Retry #1 ───────────────────────────────────────────────────────────────────────────────────────

    Error: page.goto: net::ERR_CONNECTION_REFUSED at http://localhost:4000/en/admin
    Call log:
      - navigating to "http://localhost:4000/en/admin", waiting until "load"


       at helpers/page-helpers.ts:13

      11 |
      12 |   async navigate(path: string) {
    > 13 |     await this.page.goto(path);
         |                     ^
      14 |     await this.page.waitForLoadState("networkidle");
      15 |   }
      16 |
        at BasePage.navigate (/home/tbaltzakis/cloudless.gr/e2e/helpers/page-helpers.ts:13:21)
        at /home/tbaltzakis/cloudless.gr/e2e/ui/pages/admin.spec.ts:21:16

    attachment #1: screenshot (image/png) ──────────────────────────────────────────────────────────
    test-results/ui-pages-admin-Admin-Panel-a0485-t-to-dashboard-if-not-admin-mobile-chrome-retry1/test-failed-1.png
    ────────────────────────────────────────────────────────────────────────────────────────────────

    attachment #2: video (video/webm) ──────────────────────────────────────────────────────────────
    test-results/ui-pages-admin-Admin-Panel-a0485-t-to-dashboard-if-not-admin-mobile-chrome-retry1/video.webm
    ────────────────────────────────────────────────────────────────────────────────────────────────

    Error Context: test-results/ui-pages-admin-Admin-Panel-a0485-t-to-dashboard-if-not-admin-mobile-chrome-retry1/error-context.md

    attachment #4: trace (application/zip) ─────────────────────────────────────────────────────────
    test-results/ui-pages-admin-Admin-Panel-a0485-t-to-dashboard-if-not-admin-mobile-chrome-retry1/trace.zip
    Usage:

        npx playwright show-trace test-results/ui-pages-admin-Admin-Panel-a0485-t-to-dashboard-if-not-admin-mobile-chrome-retry1/trace.zip

    ────────────────────────────────────────────────────────────────────────────────────────────────

  1957) [mobile-chrome] › e2e/ui/pages/admin.spec.ts:157:9 › Admin Panel › Responsive Design › should render correctly on mobile 

    Error: page.goto: net::ERR_CONNECTION_REFUSED at http://localhost:4000/en/admin
    Call log:
      - navigating to "http://localhost:4000/en/admin", waiting until "load"


       at helpers/page-helpers.ts:13

      11 |
      12 |   async navigate(path: string) {
    > 13 |     await this.page.goto(path);
         |                     ^
      14 |     await this.page.waitForLoadState("networkidle");
      15 |   }
      16 |
        at BasePage.navigate (/home/tbaltzakis/cloudless.gr/e2e/helpers/page-helpers.ts:13:21)
        at /home/tbaltzakis/cloudless.gr/e2e/ui/pages/admin.spec.ts:21:16

    attachment #1: screenshot (image/png) ──────────────────────────────────────────────────────────
    test-results/ui-pages-admin-Admin-Panel-d3068--render-correctly-on-mobile-mobile-chrome/test-failed-1.png
    ────────────────────────────────────────────────────────────────────────────────────────────────

    attachment #2: video (video/webm) ──────────────────────────────────────────────────────────────
    test-results/ui-pages-admin-Admin-Panel-d3068--render-correctly-on-mobile-mobile-chrome/video.webm
    ────────────────────────────────────────────────────────────────────────────────────────────────

    Error Context: test-results/ui-pages-admin-Admin-Panel-d3068--render-correctly-on-mobile-mobile-chrome/error-context.md

    Retry #1 ───────────────────────────────────────────────────────────────────────────────────────

    Error: page.goto: net::ERR_CONNECTION_REFUSED at http://localhost:4000/en/admin
    Call log:
      - navigating to "http://localhost:4000/en/admin", waiting until "load"


       at helpers/page-helpers.ts:13

      11 |
      12 |   async navigate(path: string) {
    > 13 |     await this.page.goto(path);
         |                     ^
      14 |     await this.page.waitForLoadState("networkidle");
      15 |   }
      16 |
        at BasePage.navigate (/home/tbaltzakis/cloudless.gr/e2e/helpers/page-helpers.ts:13:21)
        at /home/tbaltzakis/cloudless.gr/e2e/ui/pages/admin.spec.ts:21:16

    attachment #1: screenshot (image/png) ──────────────────────────────────────────────────────────
    test-results/ui-pages-admin-Admin-Panel-d3068--render-correctly-on-mobile-mobile-chrome-retry1/test-failed-1.png
    ────────────────────────────────────────────────────────────────────────────────────────────────

    attachment #2: video (video/webm) ──────────────────────────────────────────────────────────────
    test-results/ui-pages-admin-Admin-Panel-d3068--render-correctly-on-mobile-mobile-chrome-retry1/video.webm
    ────────────────────────────────────────────────────────────────────────────────────────────────

    Error Context: test-results/ui-pages-admin-Admin-Panel-d3068--render-correctly-on-mobile-mobile-chrome-retry1/error-context.md

    attachment #4: trace (application/zip) ─────────────────────────────────────────────────────────
    test-results/ui-pages-admin-Admin-Panel-d3068--render-correctly-on-mobile-mobile-chrome-retry1/trace.zip
    Usage:

        npx playwright show-trace test-results/ui-pages-admin-Admin-Panel-d3068--render-correctly-on-mobile-mobile-chrome-retry1/trace.zip

    ────────────────────────────────────────────────────────────────────────────────────────────────

  1958) [mobile-chrome] › e2e/ui/pages/admin.spec.ts:187:9 › Admin Panel › Responsive Design › should render correctly on tablet 

    Error: page.goto: net::ERR_CONNECTION_REFUSED at http://localhost:4000/en/admin
    Call log:
      - navigating to "http://localhost:4000/en/admin", waiting until "load"


       at helpers/page-helpers.ts:13

      11 |
      12 |   async navigate(path: string) {
    > 13 |     await this.page.goto(path);
         |                     ^
      14 |     await this.page.waitForLoadState("networkidle");
      15 |   }
      16 |
        at BasePage.navigate (/home/tbaltzakis/cloudless.gr/e2e/helpers/page-helpers.ts:13:21)
        at /home/tbaltzakis/cloudless.gr/e2e/ui/pages/admin.spec.ts:21:16

    attachment #1: screenshot (image/png) ──────────────────────────────────────────────────────────
    test-results/ui-pages-admin-Admin-Panel-d5cf3--render-correctly-on-tablet-mobile-chrome/test-failed-1.png
    ────────────────────────────────────────────────────────────────────────────────────────────────

    attachment #2: video (video/webm) ──────────────────────────────────────────────────────────────
    test-results/ui-pages-admin-Admin-Panel-d5cf3--render-correctly-on-tablet-mobile-chrome/video.webm
    ────────────────────────────────────────────────────────────────────────────────────────────────

    Error Context: test-results/ui-pages-admin-Admin-Panel-d5cf3--render-correctly-on-tablet-mobile-chrome/error-context.md

    Retry #1 ───────────────────────────────────────────────────────────────────────────────────────

    Error: page.goto: net::ERR_CONNECTION_REFUSED at http://localhost:4000/en/admin
    Call log:
      - navigating to "http://localhost:4000/en/admin", waiting until "load"


       at helpers/page-helpers.ts:13

      11 |
      12 |   async navigate(path: string) {
    > 13 |     await this.page.goto(path);
         |                     ^
      14 |     await this.page.waitForLoadState("networkidle");
      15 |   }
      16 |
        at BasePage.navigate (/home/tbaltzakis/cloudless.gr/e2e/helpers/page-helpers.ts:13:21)
        at /home/tbaltzakis/cloudless.gr/e2e/ui/pages/admin.spec.ts:21:16

    attachment #1: screenshot (image/png) ──────────────────────────────────────────────────────────
    test-results/ui-pages-admin-Admin-Panel-d5cf3--render-correctly-on-tablet-mobile-chrome-retry1/test-failed-1.png
    ────────────────────────────────────────────────────────────────────────────────────────────────

    attachment #2: video (video/webm) ──────────────────────────────────────────────────────────────
    test-results/ui-pages-admin-Admin-Panel-d5cf3--render-correctly-on-tablet-mobile-chrome-retry1/video.webm
    ────────────────────────────────────────────────────────────────────────────────────────────────

    Error Context: test-results/ui-pages-admin-Admin-Panel-d5cf3--render-correctly-on-tablet-mobile-chrome-retry1/error-context.md

    attachment #4: trace (application/zip) ─────────────────────────────────────────────────────────
    test-results/ui-pages-admin-Admin-Panel-d5cf3--render-correctly-on-tablet-mobile-chrome-retry1/trace.zip
    Usage:

        npx playwright show-trace test-results/ui-pages-admin-Admin-Panel-d5cf3--render-correctly-on-tablet-mobile-chrome-retry1/trace.zip

    ────────────────────────────────────────────────────────────────────────────────────────────────

  1959) [mobile-chrome] › e2e/ui/pages/admin.spec.ts:219:9 › Admin Panel › Responsive Design › should render correctly on desktop 

    Error: page.goto: net::ERR_CONNECTION_REFUSED at http://localhost:4000/en/admin
    Call log:
      - navigating to "http://localhost:4000/en/admin", waiting until "load"


       at helpers/page-helpers.ts:13

      11 |
      12 |   async navigate(path: string) {
    > 13 |     await this.page.goto(path);
         |                     ^
      14 |     await this.page.waitForLoadState("networkidle");
      15 |   }
      16 |
        at BasePage.navigate (/home/tbaltzakis/cloudless.gr/e2e/helpers/page-helpers.ts:13:21)
        at /home/tbaltzakis/cloudless.gr/e2e/ui/pages/admin.spec.ts:21:16

    attachment #1: screenshot (image/png) ──────────────────────────────────────────────────────────
    test-results/ui-pages-admin-Admin-Panel-c8196-render-correctly-on-desktop-mobile-chrome/test-failed-1.png
    ────────────────────────────────────────────────────────────────────────────────────────────────

    attachment #2: video (video/webm) ──────────────────────────────────────────────────────────────
    test-results/ui-pages-admin-Admin-Panel-c8196-render-correctly-on-desktop-mobile-chrome/video.webm
    ────────────────────────────────────────────────────────────────────────────────────────────────

    Error Context: test-results/ui-pages-admin-Admin-Panel-c8196-render-correctly-on-desktop-mobile-chrome/error-context.md

    Retry #1 ───────────────────────────────────────────────────────────────────────────────────────

    Error: page.goto: net::ERR_CONNECTION_REFUSED at http://localhost:4000/en/admin
    Call log:
      - navigating to "http://localhost:4000/en/admin", waiting until "load"


       at helpers/page-helpers.ts:13

      11 |
      12 |   async navigate(path: string) {
    > 13 |     await this.page.goto(path);
         |                     ^
      14 |     await this.page.waitForLoadState("networkidle");
      15 |   }
      16 |
        at BasePage.navigate (/home/tbaltzakis/cloudless.gr/e2e/helpers/page-helpers.ts:13:21)
        at /home/tbaltzakis/cloudless.gr/e2e/ui/pages/admin.spec.ts:21:16

    attachment #1: screenshot (image/png) ──────────────────────────────────────────────────────────
    test-results/ui-pages-admin-Admin-Panel-c8196-render-correctly-on-desktop-mobile-chrome-retry1/test-failed-1.png
    ────────────────────────────────────────────────────────────────────────────────────────────────

    attachment #2: video (video/webm) ──────────────────────────────────────────────────────────────
    test-results/ui-pages-admin-Admin-Panel-c8196-render-correctly-on-desktop-mobile-chrome-retry1/video.webm
    ────────────────────────────────────────────────────────────────────────────────────────────────

    Error Context: test-results/ui-pages-admin-Admin-Panel-c8196-render-correctly-on-desktop-mobile-chrome-retry1/error-context.md

    attachment #4: trace (application/zip) ─────────────────────────────────────────────────────────
    test-results/ui-pages-admin-Admin-Panel-c8196-render-correctly-on-desktop-mobile-chrome-retry1/trace.zip
    Usage:

        npx playwright show-trace test-results/ui-pages-admin-Admin-Panel-c8196-render-correctly-on-desktop-mobile-chrome-retry1/trace.zip

    ────────────────────────────────────────────────────────────────────────────────────────────────

  1960) [mobile-chrome] › e2e/ui/pages/admin.spec.ts:248:9 › Admin Panel › Accessibility › should have proper language attribute 

    Error: page.goto: net::ERR_CONNECTION_REFUSED at http://localhost:4000/en/admin
    Call log:
      - navigating to "http://localhost:4000/en/admin", waiting until "load"


       at helpers/page-helpers.ts:13

      11 |
      12 |   async navigate(path: string) {
    > 13 |     await this.page.goto(path);
         |                     ^
      14 |     await this.page.waitForLoadState("networkidle");
      15 |   }
      16 |
        at BasePage.navigate (/home/tbaltzakis/cloudless.gr/e2e/helpers/page-helpers.ts:13:21)
        at /home/tbaltzakis/cloudless.gr/e2e/ui/pages/admin.spec.ts:21:16

    attachment #1: screenshot (image/png) ──────────────────────────────────────────────────────────
    test-results/ui-pages-admin-Admin-Panel-81a52-e-proper-language-attribute-mobile-chrome/test-failed-1.png
    ────────────────────────────────────────────────────────────────────────────────────────────────

    attachment #2: video (video/webm) ──────────────────────────────────────────────────────────────
    test-results/ui-pages-admin-Admin-Panel-81a52-e-proper-language-attribute-mobile-chrome/video.webm
    ────────────────────────────────────────────────────────────────────────────────────────────────

    Error Context: test-results/ui-pages-admin-Admin-Panel-81a52-e-proper-language-attribute-mobile-chrome/error-context.md

    Retry #1 ───────────────────────────────────────────────────────────────────────────────────────

    Error: page.goto: net::ERR_CONNECTION_REFUSED at http://localhost:4000/en/admin
    Call log:
      - navigating to "http://localhost:4000/en/admin", waiting until "load"


       at helpers/page-helpers.ts:13

      11 |
      12 |   async navigate(path: string) {
    > 13 |     await this.page.goto(path);
         |                     ^
      14 |     await this.page.waitForLoadState("networkidle");
      15 |   }
      16 |
        at BasePage.navigate (/home/tbaltzakis/cloudless.gr/e2e/helpers/page-helpers.ts:13:21)
        at /home/tbaltzakis/cloudless.gr/e2e/ui/pages/admin.spec.ts:21:16

    attachment #1: screenshot (image/png) ──────────────────────────────────────────────────────────
    test-results/ui-pages-admin-Admin-Panel-81a52-e-proper-language-attribute-mobile-chrome-retry1/test-failed-1.png
    ────────────────────────────────────────────────────────────────────────────────────────────────

    attachment #2: video (video/webm) ──────────────────────────────────────────────────────────────
    test-results/ui-pages-admin-Admin-Panel-81a52-e-proper-language-attribute-mobile-chrome-retry1/video.webm
    ────────────────────────────────────────────────────────────────────────────────────────────────

    Error Context: test-results/ui-pages-admin-Admin-Panel-81a52-e-proper-language-attribute-mobile-chrome-retry1/error-context.md

    attachment #4: trace (application/zip) ─────────────────────────────────────────────────────────
    test-results/ui-pages-admin-Admin-Panel-81a52-e-proper-language-attribute-mobile-chrome-retry1/trace.zip
    Usage:

        npx playwright show-trace test-results/ui-pages-admin-Admin-Panel-81a52-e-proper-language-attribute-mobile-chrome-retry1/trace.zip

    ────────────────────────────────────────────────────────────────────────────────────────────────

  1961) [mobile-chrome] › e2e/ui/pages/admin.spec.ts:254:9 › Admin Panel › Accessibility › should have proper heading structure 

    Error: page.goto: net::ERR_CONNECTION_REFUSED at http://localhost:4000/en/admin
    Call log:
      - navigating to "http://localhost:4000/en/admin", waiting until "load"


       at helpers/page-helpers.ts:13

      11 |
      12 |   async navigate(path: string) {
    > 13 |     await this.page.goto(path);
         |                     ^
      14 |     await this.page.waitForLoadState("networkidle");
      15 |   }
      16 |
        at BasePage.navigate (/home/tbaltzakis/cloudless.gr/e2e/helpers/page-helpers.ts:13:21)
        at /home/tbaltzakis/cloudless.gr/e2e/ui/pages/admin.spec.ts:21:16

    attachment #1: screenshot (image/png) ──────────────────────────────────────────────────────────
    test-results/ui-pages-admin-Admin-Panel-90d9b-ve-proper-heading-structure-mobile-chrome/test-failed-1.png
    ────────────────────────────────────────────────────────────────────────────────────────────────

    attachment #2: video (video/webm) ──────────────────────────────────────────────────────────────
    test-results/ui-pages-admin-Admin-Panel-90d9b-ve-proper-heading-structure-mobile-chrome/video.webm
    ────────────────────────────────────────────────────────────────────────────────────────────────

    Error Context: test-results/ui-pages-admin-Admin-Panel-90d9b-ve-proper-heading-structure-mobile-chrome/error-context.md

    Retry #1 ───────────────────────────────────────────────────────────────────────────────────────

    Error: page.goto: net::ERR_CONNECTION_REFUSED at http://localhost:4000/en/admin
    Call log:
      - navigating to "http://localhost:4000/en/admin", waiting until "load"


       at helpers/page-helpers.ts:13

      11 |
      12 |   async navigate(path: string) {
    > 13 |     await this.page.goto(path);
         |                     ^
      14 |     await this.page.waitForLoadState("networkidle");
      15 |   }
      16 |
        at BasePage.navigate (/home/tbaltzakis/cloudless.gr/e2e/helpers/page-helpers.ts:13:21)
        at /home/tbaltzakis/cloudless.gr/e2e/ui/pages/admin.spec.ts:21:16

    attachment #1: screenshot (image/png) ──────────────────────────────────────────────────────────
    test-results/ui-pages-admin-Admin-Panel-90d9b-ve-proper-heading-structure-mobile-chrome-retry1/test-failed-1.png
    ────────────────────────────────────────────────────────────────────────────────────────────────

    attachment #2: video (video/webm) ──────────────────────────────────────────────────────────────
    test-results/ui-pages-admin-Admin-Panel-90d9b-ve-proper-heading-structure-mobile-chrome-retry1/video.webm
    ────────────────────────────────────────────────────────────────────────────────────────────────

    Error Context: test-results/ui-pages-admin-Admin-Panel-90d9b-ve-proper-heading-structure-mobile-chrome-retry1/error-context.md

    attachment #4: trace (application/zip) ─────────────────────────────────────────────────────────
    test-results/ui-pages-admin-Admin-Panel-90d9b-ve-proper-heading-structure-mobile-chrome-retry1/trace.zip
    Usage:

        npx playwright show-trace test-results/ui-pages-admin-Admin-Panel-90d9b-ve-proper-heading-structure-mobile-chrome-retry1/trace.zip

    ────────────────────────────────────────────────────────────────────────────────────────────────

  1962) [mobile-chrome] › e2e/ui/pages/admin.spec.ts:272:9 › Admin Panel › Accessibility › should have accessible navigation 

    Error: page.goto: net::ERR_CONNECTION_REFUSED at http://localhost:4000/en/admin
    Call log:
      - navigating to "http://localhost:4000/en/admin", waiting until "load"


       at helpers/page-helpers.ts:13

      11 |
      12 |   async navigate(path: string) {
    > 13 |     await this.page.goto(path);
         |                     ^
      14 |     await this.page.waitForLoadState("networkidle");
      15 |   }
      16 |
        at BasePage.navigate (/home/tbaltzakis/cloudless.gr/e2e/helpers/page-helpers.ts:13:21)
        at /home/tbaltzakis/cloudless.gr/e2e/ui/pages/admin.spec.ts:21:16

    attachment #1: screenshot (image/png) ──────────────────────────────────────────────────────────
    test-results/ui-pages-admin-Admin-Panel-015cd--have-accessible-navigation-mobile-chrome/test-failed-1.png
    ────────────────────────────────────────────────────────────────────────────────────────────────

    attachment #2: video (video/webm) ──────────────────────────────────────────────────────────────
    test-results/ui-pages-admin-Admin-Panel-015cd--have-accessible-navigation-mobile-chrome/video.webm
    ────────────────────────────────────────────────────────────────────────────────────────────────

    Error Context: test-results/ui-pages-admin-Admin-Panel-015cd--have-accessible-navigation-mobile-chrome/error-context.md

    Retry #1 ───────────────────────────────────────────────────────────────────────────────────────

    Error: page.goto: net::ERR_CONNECTION_REFUSED at http://localhost:4000/en/admin
    Call log:
      - navigating to "http://localhost:4000/en/admin", waiting until "load"


       at helpers/page-helpers.ts:13

      11 |
      12 |   async navigate(path: string) {
    > 13 |     await this.page.goto(path);
         |                     ^
      14 |     await this.page.waitForLoadState("networkidle");
      15 |   }
      16 |
        at BasePage.navigate (/home/tbaltzakis/cloudless.gr/e2e/helpers/page-helpers.ts:13:21)
        at /home/tbaltzakis/cloudless.gr/e2e/ui/pages/admin.spec.ts:21:16

    attachment #1: screenshot (image/png) ──────────────────────────────────────────────────────────
    test-results/ui-pages-admin-Admin-Panel-015cd--have-accessible-navigation-mobile-chrome-retry1/test-failed-1.png
    ────────────────────────────────────────────────────────────────────────────────────────────────

    attachment #2: video (video/webm) ──────────────────────────────────────────────────────────────
    test-results/ui-pages-admin-Admin-Panel-015cd--have-accessible-navigation-mobile-chrome-retry1/video.webm
    ────────────────────────────────────────────────────────────────────────────────────────────────

    Error Context: test-results/ui-pages-admin-Admin-Panel-015cd--have-accessible-navigation-mobile-chrome-retry1/error-context.md

    attachment #4: trace (application/zip) ─────────────────────────────────────────────────────────
    test-results/ui-pages-admin-Admin-Panel-015cd--have-accessible-navigation-mobile-chrome-retry1/trace.zip
    Usage:

        npx playwright show-trace test-results/ui-pages-admin-Admin-Panel-015cd--have-accessible-navigation-mobile-chrome-retry1/trace.zip

    ────────────────────────────────────────────────────────────────────────────────────────────────

  1963) [mobile-chrome] › e2e/ui/pages/admin.spec.ts:313:9 › Admin Panel › Accessibility › should have accessible cards/quick actions 

    Error: page.goto: net::ERR_CONNECTION_REFUSED at http://localhost:4000/en/admin
    Call log:
      - navigating to "http://localhost:4000/en/admin", waiting until "load"


       at helpers/page-helpers.ts:13

      11 |
      12 |   async navigate(path: string) {
    > 13 |     await this.page.goto(path);
         |                     ^
      14 |     await this.page.waitForLoadState("networkidle");
      15 |   }
      16 |
        at BasePage.navigate (/home/tbaltzakis/cloudless.gr/e2e/helpers/page-helpers.ts:13:21)
        at /home/tbaltzakis/cloudless.gr/e2e/ui/pages/admin.spec.ts:21:16

    attachment #1: screenshot (image/png) ──────────────────────────────────────────────────────────
    test-results/ui-pages-admin-Admin-Panel-0a4ae-essible-cards-quick-actions-mobile-chrome/test-failed-1.png
    ────────────────────────────────────────────────────────────────────────────────────────────────

    attachment #2: video (video/webm) ──────────────────────────────────────────────────────────────
    test-results/ui-pages-admin-Admin-Panel-0a4ae-essible-cards-quick-actions-mobile-chrome/video.webm
    ────────────────────────────────────────────────────────────────────────────────────────────────

    Error Context: test-results/ui-pages-admin-Admin-Panel-0a4ae-essible-cards-quick-actions-mobile-chrome/error-context.md

    Retry #1 ───────────────────────────────────────────────────────────────────────────────────────

    Error: page.goto: net::ERR_CONNECTION_REFUSED at http://localhost:4000/en/admin
    Call log:
      - navigating to "http://localhost:4000/en/admin", waiting until "load"


       at helpers/page-helpers.ts:13

      11 |
      12 |   async navigate(path: string) {
    > 13 |     await this.page.goto(path);
         |                     ^
      14 |     await this.page.waitForLoadState("networkidle");
      15 |   }
      16 |
        at BasePage.navigate (/home/tbaltzakis/cloudless.gr/e2e/helpers/page-helpers.ts:13:21)
        at /home/tbaltzakis/cloudless.gr/e2e/ui/pages/admin.spec.ts:21:16

    attachment #1: screenshot (image/png) ──────────────────────────────────────────────────────────
    test-results/ui-pages-admin-Admin-Panel-0a4ae-essible-cards-quick-actions-mobile-chrome-retry1/test-failed-1.png
    ────────────────────────────────────────────────────────────────────────────────────────────────

    attachment #2: video (video/webm) ──────────────────────────────────────────────────────────────
    test-results/ui-pages-admin-Admin-Panel-0a4ae-essible-cards-quick-actions-mobile-chrome-retry1/video.webm
    ────────────────────────────────────────────────────────────────────────────────────────────────

    Error Context: test-results/ui-pages-admin-Admin-Panel-0a4ae-essible-cards-quick-actions-mobile-chrome-retry1/error-context.md

    attachment #4: trace (application/zip) ─────────────────────────────────────────────────────────
    test-results/ui-pages-admin-Admin-Panel-0a4ae-essible-cards-quick-actions-mobile-chrome-retry1/trace.zip
    Usage:

        npx playwright show-trace test-results/ui-pages-admin-Admin-Panel-0a4ae-essible-cards-quick-actions-mobile-chrome-retry1/trace.zip

    ────────────────────────────────────────────────────────────────────────────────────────────────

  1964) [mobile-chrome] › e2e/ui/pages/admin.spec.ts:361:9 › Admin Panel › Accessibility › should have accessible forms 

    Error: page.goto: net::ERR_CONNECTION_REFUSED at http://localhost:4000/en/admin
    Call log:
      - navigating to "http://localhost:4000/en/admin", waiting until "load"


       at helpers/page-helpers.ts:13

      11 |
      12 |   async navigate(path: string) {
    > 13 |     await this.page.goto(path);
         |                     ^
      14 |     await this.page.waitForLoadState("networkidle");
      15 |   }
      16 |
        at BasePage.navigate (/home/tbaltzakis/cloudless.gr/e2e/helpers/page-helpers.ts:13:21)
        at /home/tbaltzakis/cloudless.gr/e2e/ui/pages/admin.spec.ts:21:16

    attachment #1: screenshot (image/png) ──────────────────────────────────────────────────────────
    test-results/ui-pages-admin-Admin-Panel-3d6e2-hould-have-accessible-forms-mobile-chrome/test-failed-1.png
    ────────────────────────────────────────────────────────────────────────────────────────────────

    attachment #2: video (video/webm) ──────────────────────────────────────────────────────────────
    test-results/ui-pages-admin-Admin-Panel-3d6e2-hould-have-accessible-forms-mobile-chrome/video.webm
    ────────────────────────────────────────────────────────────────────────────────────────────────

    Error Context: test-results/ui-pages-admin-Admin-Panel-3d6e2-hould-have-accessible-forms-mobile-chrome/error-context.md

    Retry #1 ───────────────────────────────────────────────────────────────────────────────────────

    Error: page.goto: net::ERR_CONNECTION_REFUSED at http://localhost:4000/en/admin
    Call log:
      - navigating to "http://localhost:4000/en/admin", waiting until "load"


       at helpers/page-helpers.ts:13

      11 |
      12 |   async navigate(path: string) {
    > 13 |     await this.page.goto(path);
         |                     ^
      14 |     await this.page.waitForLoadState("networkidle");
      15 |   }
      16 |
        at BasePage.navigate (/home/tbaltzakis/cloudless.gr/e2e/helpers/page-helpers.ts:13:21)
        at /home/tbaltzakis/cloudless.gr/e2e/ui/pages/admin.spec.ts:21:16

    attachment #1: screenshot (image/png) ──────────────────────────────────────────────────────────
    test-results/ui-pages-admin-Admin-Panel-3d6e2-hould-have-accessible-forms-mobile-chrome-retry1/test-failed-1.png
    ────────────────────────────────────────────────────────────────────────────────────────────────

    attachment #2: video (video/webm) ──────────────────────────────────────────────────────────────
    test-results/ui-pages-admin-Admin-Panel-3d6e2-hould-have-accessible-forms-mobile-chrome-retry1/video.webm
    ────────────────────────────────────────────────────────────────────────────────────────────────

    Error Context: test-results/ui-pages-admin-Admin-Panel-3d6e2-hould-have-accessible-forms-mobile-chrome-retry1/error-context.md

    attachment #4: trace (application/zip) ─────────────────────────────────────────────────────────
    test-results/ui-pages-admin-Admin-Panel-3d6e2-hould-have-accessible-forms-mobile-chrome-retry1/trace.zip
    Usage:

        npx playwright show-trace test-results/ui-pages-admin-Admin-Panel-3d6e2-hould-have-accessible-forms-mobile-chrome-retry1/trace.zip

    ────────────────────────────────────────────────────────────────────────────────────────────────

  1965) [mobile-chrome] › e2e/ui/pages/admin.spec.ts:370:9 › Admin Panel › Performance › should load within reasonable time 

    Error: page.goto: net::ERR_CONNECTION_REFUSED at http://localhost:4000/en/admin
    Call log:
      - navigating to "http://localhost:4000/en/admin", waiting until "load"


       at helpers/page-helpers.ts:13

      11 |
      12 |   async navigate(path: string) {
    > 13 |     await this.page.goto(path);
         |                     ^
      14 |     await this.page.waitForLoadState("networkidle");
      15 |   }
      16 |
        at BasePage.navigate (/home/tbaltzakis/cloudless.gr/e2e/helpers/page-helpers.ts:13:21)
        at /home/tbaltzakis/cloudless.gr/e2e/ui/pages/admin.spec.ts:21:16

    attachment #1: screenshot (image/png) ──────────────────────────────────────────────────────────
    test-results/ui-pages-admin-Admin-Panel-c49a0-load-within-reasonable-time-mobile-chrome/test-failed-1.png
    ────────────────────────────────────────────────────────────────────────────────────────────────

    attachment #2: video (video/webm) ──────────────────────────────────────────────────────────────
    test-results/ui-pages-admin-Admin-Panel-c49a0-load-within-reasonable-time-mobile-chrome/video.webm
    ────────────────────────────────────────────────────────────────────────────────────────────────

    Error Context: test-results/ui-pages-admin-Admin-Panel-c49a0-load-within-reasonable-time-mobile-chrome/error-context.md

    Retry #1 ───────────────────────────────────────────────────────────────────────────────────────

    Error: page.goto: net::ERR_CONNECTION_REFUSED at http://localhost:4000/en/admin
    Call log:
      - navigating to "http://localhost:4000/en/admin", waiting until "load"


       at helpers/page-helpers.ts:13

      11 |
      12 |   async navigate(path: string) {
    > 13 |     await this.page.goto(path);
         |                     ^
      14 |     await this.page.waitForLoadState("networkidle");
      15 |   }
      16 |
        at BasePage.navigate (/home/tbaltzakis/cloudless.gr/e2e/helpers/page-helpers.ts:13:21)
        at /home/tbaltzakis/cloudless.gr/e2e/ui/pages/admin.spec.ts:21:16

    attachment #1: screenshot (image/png) ──────────────────────────────────────────────────────────
    test-results/ui-pages-admin-Admin-Panel-c49a0-load-within-reasonable-time-mobile-chrome-retry1/test-failed-1.png
    ────────────────────────────────────────────────────────────────────────────────────────────────

    attachment #2: video (video/webm) ──────────────────────────────────────────────────────────────
    test-results/ui-pages-admin-Admin-Panel-c49a0-load-within-reasonable-time-mobile-chrome-retry1/video.webm
    ────────────────────────────────────────────────────────────────────────────────────────────────

    Error Context: test-results/ui-pages-admin-Admin-Panel-c49a0-load-within-reasonable-time-mobile-chrome-retry1/error-context.md

    attachment #4: trace (application/zip) ─────────────────────────────────────────────────────────
    test-results/ui-pages-admin-Admin-Panel-c49a0-load-within-reasonable-time-mobile-chrome-retry1/trace.zip
    Usage:

        npx playwright show-trace test-results/ui-pages-admin-Admin-Panel-c49a0-load-within-reasonable-time-mobile-chrome-retry1/trace.zip

    ────────────────────────────────────────────────────────────────────────────────────────────────

  1966) [mobile-chrome] › e2e/ui/pages/blog.spec.ts:22:7 › Blog Page › should load successfully ────

    Error: page.goto: net::ERR_CONNECTION_REFUSED at http://localhost:4000/blog
    Call log:
      - navigating to "http://localhost:4000/blog", waiting until "load"


       at helpers/page-helpers.ts:13

      11 |
      12 |   async navigate(path: string) {
    > 13 |     await this.page.goto(path);
         |                     ^
      14 |     await this.page.waitForLoadState("networkidle");
      15 |   }
      16 |
        at BasePage.navigate (/home/tbaltzakis/cloudless.gr/e2e/helpers/page-helpers.ts:13:21)
        at /home/tbaltzakis/cloudless.gr/e2e/ui/pages/blog.spec.ts:19:16

    attachment #1: screenshot (image/png) ──────────────────────────────────────────────────────────
    test-results/ui-pages-blog-Blog-Page-should-load-successfully-mobile-chrome/test-failed-1.png
    ────────────────────────────────────────────────────────────────────────────────────────────────

    attachment #2: video (video/webm) ──────────────────────────────────────────────────────────────
    test-results/ui-pages-blog-Blog-Page-should-load-successfully-mobile-chrome/video.webm
    ────────────────────────────────────────────────────────────────────────────────────────────────

    Error Context: test-results/ui-pages-blog-Blog-Page-should-load-successfully-mobile-chrome/error-context.md

    Retry #1 ───────────────────────────────────────────────────────────────────────────────────────

    Error: page.goto: net::ERR_CONNECTION_REFUSED at http://localhost:4000/blog
    Call log:
      - navigating to "http://localhost:4000/blog", waiting until "load"


       at helpers/page-helpers.ts:13

      11 |
      12 |   async navigate(path: string) {
    > 13 |     await this.page.goto(path);
         |                     ^
      14 |     await this.page.waitForLoadState("networkidle");
      15 |   }
      16 |
        at BasePage.navigate (/home/tbaltzakis/cloudless.gr/e2e/helpers/page-helpers.ts:13:21)
        at /home/tbaltzakis/cloudless.gr/e2e/ui/pages/blog.spec.ts:19:16

    attachment #1: screenshot (image/png) ──────────────────────────────────────────────────────────
    test-results/ui-pages-blog-Blog-Page-should-load-successfully-mobile-chrome-retry1/test-failed-1.png
    ────────────────────────────────────────────────────────────────────────────────────────────────

    attachment #2: video (video/webm) ──────────────────────────────────────────────────────────────
    test-results/ui-pages-blog-Blog-Page-should-load-successfully-mobile-chrome-retry1/video.webm
    ────────────────────────────────────────────────────────────────────────────────────────────────

    Error Context: test-results/ui-pages-blog-Blog-Page-should-load-successfully-mobile-chrome-retry1/error-context.md

    attachment #4: trace (application/zip) ─────────────────────────────────────────────────────────
    test-results/ui-pages-blog-Blog-Page-should-load-successfully-mobile-chrome-retry1/trace.zip
    Usage:

        npx playwright show-trace test-results/ui-pages-blog-Blog-Page-should-load-successfully-mobile-chrome-retry1/trace.zip

    ────────────────────────────────────────────────────────────────────────────────────────────────

  1967) [mobile-chrome] › e2e/ui/pages/blog.spec.ts:30:7 › Blog Page › should have blog posts grid or list 

    Error: page.goto: net::ERR_CONNECTION_REFUSED at http://localhost:4000/blog
    Call log:
      - navigating to "http://localhost:4000/blog", waiting until "load"


       at helpers/page-helpers.ts:13

      11 |
      12 |   async navigate(path: string) {
    > 13 |     await this.page.goto(path);
         |                     ^
      14 |     await this.page.waitForLoadState("networkidle");
      15 |   }
      16 |
        at BasePage.navigate (/home/tbaltzakis/cloudless.gr/e2e/helpers/page-helpers.ts:13:21)
        at /home/tbaltzakis/cloudless.gr/e2e/ui/pages/blog.spec.ts:19:16

    attachment #1: screenshot (image/png) ──────────────────────────────────────────────────────────
    test-results/ui-pages-blog-Blog-Page-should-have-blog-posts-grid-or-list-mobile-chrome/test-failed-1.png
    ────────────────────────────────────────────────────────────────────────────────────────────────

    attachment #2: video (video/webm) ──────────────────────────────────────────────────────────────
    test-results/ui-pages-blog-Blog-Page-should-have-blog-posts-grid-or-list-mobile-chrome/video.webm
    ────────────────────────────────────────────────────────────────────────────────────────────────

    Error Context: test-results/ui-pages-blog-Blog-Page-should-have-blog-posts-grid-or-list-mobile-chrome/error-context.md

    Retry #1 ───────────────────────────────────────────────────────────────────────────────────────

    Error: page.goto: net::ERR_CONNECTION_REFUSED at http://localhost:4000/blog
    Call log:
      - navigating to "http://localhost:4000/blog", waiting until "load"


       at helpers/page-helpers.ts:13

      11 |
      12 |   async navigate(path: string) {
    > 13 |     await this.page.goto(path);
         |                     ^
      14 |     await this.page.waitForLoadState("networkidle");
      15 |   }
      16 |
        at BasePage.navigate (/home/tbaltzakis/cloudless.gr/e2e/helpers/page-helpers.ts:13:21)
        at /home/tbaltzakis/cloudless.gr/e2e/ui/pages/blog.spec.ts:19:16

    attachment #1: screenshot (image/png) ──────────────────────────────────────────────────────────
    test-results/ui-pages-blog-Blog-Page-should-have-blog-posts-grid-or-list-mobile-chrome-retry1/test-failed-1.png
    ────────────────────────────────────────────────────────────────────────────────────────────────

    attachment #2: video (video/webm) ──────────────────────────────────────────────────────────────
    test-results/ui-pages-blog-Blog-Page-should-have-blog-posts-grid-or-list-mobile-chrome-retry1/video.webm
    ────────────────────────────────────────────────────────────────────────────────────────────────

    Error Context: test-results/ui-pages-blog-Blog-Page-should-have-blog-posts-grid-or-list-mobile-chrome-retry1/error-context.md

    attachment #4: trace (application/zip) ─────────────────────────────────────────────────────────
    test-results/ui-pages-blog-Blog-Page-should-have-blog-posts-grid-or-list-mobile-chrome-retry1/trace.zip
    Usage:

        npx playwright show-trace test-results/ui-pages-blog-Blog-Page-should-have-blog-posts-grid-or-list-mobile-chrome-retry1/trace.zip

    ────────────────────────────────────────────────────────────────────────────────────────────────

  1968) [mobile-chrome] › e2e/ui/pages/blog.spec.ts:43:7 › Blog Page › should display blog post details 

    Error: page.goto: net::ERR_CONNECTION_REFUSED at http://localhost:4000/blog
    Call log:
      - navigating to "http://localhost:4000/blog", waiting until "load"


       at helpers/page-helpers.ts:13

      11 |
      12 |   async navigate(path: string) {
    > 13 |     await this.page.goto(path);
         |                     ^
      14 |     await this.page.waitForLoadState("networkidle");
      15 |   }
      16 |
        at BasePage.navigate (/home/tbaltzakis/cloudless.gr/e2e/helpers/page-helpers.ts:13:21)
        at /home/tbaltzakis/cloudless.gr/e2e/ui/pages/blog.spec.ts:19:16

    attachment #1: screenshot (image/png) ──────────────────────────────────────────────────────────
    test-results/ui-pages-blog-Blog-Page-should-display-blog-post-details-mobile-chrome/test-failed-1.png
    ────────────────────────────────────────────────────────────────────────────────────────────────

    attachment #2: video (video/webm) ──────────────────────────────────────────────────────────────
    test-results/ui-pages-blog-Blog-Page-should-display-blog-post-details-mobile-chrome/video.webm
    ────────────────────────────────────────────────────────────────────────────────────────────────

    Error Context: test-results/ui-pages-blog-Blog-Page-should-display-blog-post-details-mobile-chrome/error-context.md

    Retry #1 ───────────────────────────────────────────────────────────────────────────────────────

    Error: page.goto: net::ERR_CONNECTION_REFUSED at http://localhost:4000/blog
    Call log:
      - navigating to "http://localhost:4000/blog", waiting until "load"


       at helpers/page-helpers.ts:13

      11 |
      12 |   async navigate(path: string) {
    > 13 |     await this.page.goto(path);
         |                     ^
      14 |     await this.page.waitForLoadState("networkidle");
      15 |   }
      16 |
        at BasePage.navigate (/home/tbaltzakis/cloudless.gr/e2e/helpers/page-helpers.ts:13:21)
        at /home/tbaltzakis/cloudless.gr/e2e/ui/pages/blog.spec.ts:19:16

    attachment #1: screenshot (image/png) ──────────────────────────────────────────────────────────
    test-results/ui-pages-blog-Blog-Page-should-display-blog-post-details-mobile-chrome-retry1/test-failed-1.png
    ────────────────────────────────────────────────────────────────────────────────────────────────

    attachment #2: video (video/webm) ──────────────────────────────────────────────────────────────
    test-results/ui-pages-blog-Blog-Page-should-display-blog-post-details-mobile-chrome-retry1/video.webm
    ────────────────────────────────────────────────────────────────────────────────────────────────

    Error Context: test-results/ui-pages-blog-Blog-Page-should-display-blog-post-details-mobile-chrome-retry1/error-context.md

    attachment #4: trace (application/zip) ─────────────────────────────────────────────────────────
    test-results/ui-pages-blog-Blog-Page-should-display-blog-post-details-mobile-chrome-retry1/trace.zip
    Usage:

        npx playwright show-trace test-results/ui-pages-blog-Blog-Page-should-display-blog-post-details-mobile-chrome-retry1/trace.zip

    ────────────────────────────────────────────────────────────────────────────────────────────────

  1969) [mobile-chrome] › e2e/ui/pages/blog.spec.ts:70:7 › Blog Page › should have blog categories or tags 

    Error: page.goto: net::ERR_CONNECTION_REFUSED at http://localhost:4000/blog
    Call log:
      - navigating to "http://localhost:4000/blog", waiting until "load"


       at helpers/page-helpers.ts:13

      11 |
      12 |   async navigate(path: string) {
    > 13 |     await this.page.goto(path);
         |                     ^
      14 |     await this.page.waitForLoadState("networkidle");
      15 |   }
      16 |
        at BasePage.navigate (/home/tbaltzakis/cloudless.gr/e2e/helpers/page-helpers.ts:13:21)
        at /home/tbaltzakis/cloudless.gr/e2e/ui/pages/blog.spec.ts:19:16

    attachment #1: screenshot (image/png) ──────────────────────────────────────────────────────────
    test-results/ui-pages-blog-Blog-Page-should-have-blog-categories-or-tags-mobile-chrome/test-failed-1.png
    ────────────────────────────────────────────────────────────────────────────────────────────────

    attachment #2: video (video/webm) ──────────────────────────────────────────────────────────────
    test-results/ui-pages-blog-Blog-Page-should-have-blog-categories-or-tags-mobile-chrome/video.webm
    ────────────────────────────────────────────────────────────────────────────────────────────────

    Error Context: test-results/ui-pages-blog-Blog-Page-should-have-blog-categories-or-tags-mobile-chrome/error-context.md

    Retry #1 ───────────────────────────────────────────────────────────────────────────────────────

    Error: page.goto: net::ERR_CONNECTION_REFUSED at http://localhost:4000/blog
    Call log:
      - navigating to "http://localhost:4000/blog", waiting until "load"


       at helpers/page-helpers.ts:13

      11 |
      12 |   async navigate(path: string) {
    > 13 |     await this.page.goto(path);
         |                     ^
      14 |     await this.page.waitForLoadState("networkidle");
      15 |   }
      16 |
        at BasePage.navigate (/home/tbaltzakis/cloudless.gr/e2e/helpers/page-helpers.ts:13:21)
        at /home/tbaltzakis/cloudless.gr/e2e/ui/pages/blog.spec.ts:19:16

    attachment #1: screenshot (image/png) ──────────────────────────────────────────────────────────
    test-results/ui-pages-blog-Blog-Page-should-have-blog-categories-or-tags-mobile-chrome-retry1/test-failed-1.png
    ────────────────────────────────────────────────────────────────────────────────────────────────

    attachment #2: video (video/webm) ──────────────────────────────────────────────────────────────
    test-results/ui-pages-blog-Blog-Page-should-have-blog-categories-or-tags-mobile-chrome-retry1/video.webm
    ────────────────────────────────────────────────────────────────────────────────────────────────

    Error Context: test-results/ui-pages-blog-Blog-Page-should-have-blog-categories-or-tags-mobile-chrome-retry1/error-context.md

    attachment #4: trace (application/zip) ─────────────────────────────────────────────────────────
    test-results/ui-pages-blog-Blog-Page-should-have-blog-categories-or-tags-mobile-chrome-retry1/trace.zip
    Usage:

        npx playwright show-trace test-results/ui-pages-blog-Blog-Page-should-have-blog-categories-or-tags-mobile-chrome-retry1/trace.zip

    ────────────────────────────────────────────────────────────────────────────────────────────────

  1970) [mobile-chrome] › e2e/ui/pages/blog.spec.ts:85:7 › Blog Page › should have pagination or load more functionality 

    Error: page.goto: net::ERR_CONNECTION_REFUSED at http://localhost:4000/blog
    Call log:
      - navigating to "http://localhost:4000/blog", waiting until "load"


       at helpers/page-helpers.ts:13

      11 |
      12 |   async navigate(path: string) {
    > 13 |     await this.page.goto(path);
         |                     ^
      14 |     await this.page.waitForLoadState("networkidle");
      15 |   }
      16 |
        at BasePage.navigate (/home/tbaltzakis/cloudless.gr/e2e/helpers/page-helpers.ts:13:21)
        at /home/tbaltzakis/cloudless.gr/e2e/ui/pages/blog.spec.ts:19:16

    attachment #1: screenshot (image/png) ──────────────────────────────────────────────────────────
    test-results/ui-pages-blog-Blog-Page-sh-818f1--or-load-more-functionality-mobile-chrome/test-failed-1.png
    ────────────────────────────────────────────────────────────────────────────────────────────────

    attachment #2: video (video/webm) ──────────────────────────────────────────────────────────────
    test-results/ui-pages-blog-Blog-Page-sh-818f1--or-load-more-functionality-mobile-chrome/video.webm
    ────────────────────────────────────────────────────────────────────────────────────────────────

    Error Context: test-results/ui-pages-blog-Blog-Page-sh-818f1--or-load-more-functionality-mobile-chrome/error-context.md

    Retry #1 ───────────────────────────────────────────────────────────────────────────────────────

    Error: page.goto: net::ERR_CONNECTION_REFUSED at http://localhost:4000/blog
    Call log:
      - navigating to "http://localhost:4000/blog", waiting until "load"


       at helpers/page-helpers.ts:13

      11 |
      12 |   async navigate(path: string) {
    > 13 |     await this.page.goto(path);
         |                     ^
      14 |     await this.page.waitForLoadState("networkidle");
      15 |   }
      16 |
        at BasePage.navigate (/home/tbaltzakis/cloudless.gr/e2e/helpers/page-helpers.ts:13:21)
        at /home/tbaltzakis/cloudless.gr/e2e/ui/pages/blog.spec.ts:19:16

    attachment #1: screenshot (image/png) ──────────────────────────────────────────────────────────
    test-results/ui-pages-blog-Blog-Page-sh-818f1--or-load-more-functionality-mobile-chrome-retry1/test-failed-1.png
    ────────────────────────────────────────────────────────────────────────────────────────────────

    attachment #2: video (video/webm) ──────────────────────────────────────────────────────────────
    test-results/ui-pages-blog-Blog-Page-sh-818f1--or-load-more-functionality-mobile-chrome-retry1/video.webm
    ────────────────────────────────────────────────────────────────────────────────────────────────

    Error Context: test-results/ui-pages-blog-Blog-Page-sh-818f1--or-load-more-functionality-mobile-chrome-retry1/error-context.md

    attachment #4: trace (application/zip) ─────────────────────────────────────────────────────────
    test-results/ui-pages-blog-Blog-Page-sh-818f1--or-load-more-functionality-mobile-chrome-retry1/trace.zip
    Usage:

        npx playwright show-trace test-results/ui-pages-blog-Blog-Page-sh-818f1--or-load-more-functionality-mobile-chrome-retry1/trace.zip

    ────────────────────────────────────────────────────────────────────────────────────────────────

  1971) [mobile-chrome] › e2e/ui/pages/blog.spec.ts:95:7 › Blog Page › should have call-to-action for newsletter or subscription 

    Error: page.goto: net::ERR_CONNECTION_REFUSED at http://localhost:4000/blog
    Call log:
      - navigating to "http://localhost:4000/blog", waiting until "load"


       at helpers/page-helpers.ts:13

      11 |
      12 |   async navigate(path: string) {
    > 13 |     await this.page.goto(path);
         |                     ^
      14 |     await this.page.waitForLoadState("networkidle");
      15 |   }
      16 |
        at BasePage.navigate (/home/tbaltzakis/cloudless.gr/e2e/helpers/page-helpers.ts:13:21)
        at /home/tbaltzakis/cloudless.gr/e2e/ui/pages/blog.spec.ts:19:16

    attachment #1: screenshot (image/png) ──────────────────────────────────────────────────────────
    test-results/ui-pages-blog-Blog-Page-sh-68c17--newsletter-or-subscription-mobile-chrome/test-failed-1.png
    ────────────────────────────────────────────────────────────────────────────────────────────────

    attachment #2: video (video/webm) ──────────────────────────────────────────────────────────────
    test-results/ui-pages-blog-Blog-Page-sh-68c17--newsletter-or-subscription-mobile-chrome/video.webm
    ────────────────────────────────────────────────────────────────────────────────────────────────

    Error Context: test-results/ui-pages-blog-Blog-Page-sh-68c17--newsletter-or-subscription-mobile-chrome/error-context.md

    Retry #1 ───────────────────────────────────────────────────────────────────────────────────────

    Error: page.goto: net::ERR_CONNECTION_REFUSED at http://localhost:4000/blog
    Call log:
      - navigating to "http://localhost:4000/blog", waiting until "load"


       at helpers/page-helpers.ts:13

      11 |
      12 |   async navigate(path: string) {
    > 13 |     await this.page.goto(path);
         |                     ^
      14 |     await this.page.waitForLoadState("networkidle");
      15 |   }
      16 |
        at BasePage.navigate (/home/tbaltzakis/cloudless.gr/e2e/helpers/page-helpers.ts:13:21)
        at /home/tbaltzakis/cloudless.gr/e2e/ui/pages/blog.spec.ts:19:16

    attachment #1: screenshot (image/png) ──────────────────────────────────────────────────────────
    test-results/ui-pages-blog-Blog-Page-sh-68c17--newsletter-or-subscription-mobile-chrome-retry1/test-failed-1.png
    ────────────────────────────────────────────────────────────────────────────────────────────────

    attachment #2: video (video/webm) ──────────────────────────────────────────────────────────────
    test-results/ui-pages-blog-Blog-Page-sh-68c17--newsletter-or-subscription-mobile-chrome-retry1/video.webm
    ────────────────────────────────────────────────────────────────────────────────────────────────

    Error Context: test-results/ui-pages-blog-Blog-Page-sh-68c17--newsletter-or-subscription-mobile-chrome-retry1/error-context.md

    attachment #4: trace (application/zip) ─────────────────────────────────────────────────────────
    test-results/ui-pages-blog-Blog-Page-sh-68c17--newsletter-or-subscription-mobile-chrome-retry1/trace.zip
    Usage:

        npx playwright show-trace test-results/ui-pages-blog-Blog-Page-sh-68c17--newsletter-or-subscription-mobile-chrome-retry1/trace.zip

    ────────────────────────────────────────────────────────────────────────────────────────────────

  1972) [mobile-chrome] › e2e/ui/pages/blog.spec.ts:115:9 › Blog Page › Authentication › should show login prompt for commenting when not authenticated 

    Error: page.goto: net::ERR_CONNECTION_REFUSED at http://localhost:4000/blog
    Call log:
      - navigating to "http://localhost:4000/blog", waiting until "load"


       at helpers/page-helpers.ts:13

      11 |
      12 |   async navigate(path: string) {
    > 13 |     await this.page.goto(path);
         |                     ^
      14 |     await this.page.waitForLoadState("networkidle");
      15 |   }
      16 |
        at BasePage.navigate (/home/tbaltzakis/cloudless.gr/e2e/helpers/page-helpers.ts:13:21)
        at /home/tbaltzakis/cloudless.gr/e2e/ui/pages/blog.spec.ts:19:16

    attachment #1: screenshot (image/png) ──────────────────────────────────────────────────────────
    test-results/ui-pages-blog-Blog-Page-Au-61e4d-ting-when-not-authenticated-mobile-chrome/test-failed-1.png
    ────────────────────────────────────────────────────────────────────────────────────────────────

    attachment #2: video (video/webm) ──────────────────────────────────────────────────────────────
    test-results/ui-pages-blog-Blog-Page-Au-61e4d-ting-when-not-authenticated-mobile-chrome/video.webm
    ────────────────────────────────────────────────────────────────────────────────────────────────

    Error Context: test-results/ui-pages-blog-Blog-Page-Au-61e4d-ting-when-not-authenticated-mobile-chrome/error-context.md

    Retry #1 ───────────────────────────────────────────────────────────────────────────────────────

    Error: page.goto: net::ERR_CONNECTION_REFUSED at http://localhost:4000/blog
    Call log:
      - navigating to "http://localhost:4000/blog", waiting until "load"


       at helpers/page-helpers.ts:13

      11 |
      12 |   async navigate(path: string) {
    > 13 |     await this.page.goto(path);
         |                     ^
      14 |     await this.page.waitForLoadState("networkidle");
      15 |   }
      16 |
        at BasePage.navigate (/home/tbaltzakis/cloudless.gr/e2e/helpers/page-helpers.ts:13:21)
        at /home/tbaltzakis/cloudless.gr/e2e/ui/pages/blog.spec.ts:19:16

    attachment #1: screenshot (image/png) ──────────────────────────────────────────────────────────
    test-results/ui-pages-blog-Blog-Page-Au-61e4d-ting-when-not-authenticated-mobile-chrome-retry1/test-failed-1.png
    ────────────────────────────────────────────────────────────────────────────────────────────────

    attachment #2: video (video/webm) ──────────────────────────────────────────────────────────────
    test-results/ui-pages-blog-Blog-Page-Au-61e4d-ting-when-not-authenticated-mobile-chrome-retry1/video.webm
    ────────────────────────────────────────────────────────────────────────────────────────────────

    Error Context: test-results/ui-pages-blog-Blog-Page-Au-61e4d-ting-when-not-authenticated-mobile-chrome-retry1/error-context.md

    attachment #4: trace (application/zip) ─────────────────────────────────────────────────────────
    test-results/ui-pages-blog-Blog-Page-Au-61e4d-ting-when-not-authenticated-mobile-chrome-retry1/trace.zip
    Usage:

        npx playwright show-trace test-results/ui-pages-blog-Blog-Page-Au-61e4d-ting-when-not-authenticated-mobile-chrome-retry1/trace.zip

    ────────────────────────────────────────────────────────────────────────────────────────────────

  1973) [mobile-chrome] › e2e/ui/pages/blog.spec.ts:144:9 › Blog Page › Authentication › should allow authenticated users to comment 

    Error: page.goto: net::ERR_CONNECTION_REFUSED at http://localhost:4000/blog
    Call log:
      - navigating to "http://localhost:4000/blog", waiting until "load"


       at helpers/page-helpers.ts:13

      11 |
      12 |   async navigate(path: string) {
    > 13 |     await this.page.goto(path);
         |                     ^
      14 |     await this.page.waitForLoadState("networkidle");
      15 |   }
      16 |
        at BasePage.navigate (/home/tbaltzakis/cloudless.gr/e2e/helpers/page-helpers.ts:13:21)
        at /home/tbaltzakis/cloudless.gr/e2e/ui/pages/blog.spec.ts:19:16

    attachment #1: screenshot (image/png) ──────────────────────────────────────────────────────────
    test-results/ui-pages-blog-Blog-Page-Au-f9a89-henticated-users-to-comment-mobile-chrome/test-failed-1.png
    ────────────────────────────────────────────────────────────────────────────────────────────────

    attachment #2: video (video/webm) ──────────────────────────────────────────────────────────────
    test-results/ui-pages-blog-Blog-Page-Au-f9a89-henticated-users-to-comment-mobile-chrome/video.webm
    ────────────────────────────────────────────────────────────────────────────────────────────────

    Error Context: test-results/ui-pages-blog-Blog-Page-Au-f9a89-henticated-users-to-comment-mobile-chrome/error-context.md

    Retry #1 ───────────────────────────────────────────────────────────────────────────────────────

    Error: page.goto: net::ERR_CONNECTION_REFUSED at http://localhost:4000/blog
    Call log:
      - navigating to "http://localhost:4000/blog", waiting until "load"


       at helpers/page-helpers.ts:13

      11 |
      12 |   async navigate(path: string) {
    > 13 |     await this.page.goto(path);
         |                     ^
      14 |     await this.page.waitForLoadState("networkidle");
      15 |   }
      16 |
        at BasePage.navigate (/home/tbaltzakis/cloudless.gr/e2e/helpers/page-helpers.ts:13:21)
        at /home/tbaltzakis/cloudless.gr/e2e/ui/pages/blog.spec.ts:19:16

    attachment #1: screenshot (image/png) ──────────────────────────────────────────────────────────
    test-results/ui-pages-blog-Blog-Page-Au-f9a89-henticated-users-to-comment-mobile-chrome-retry1/test-failed-1.png
    ────────────────────────────────────────────────────────────────────────────────────────────────

    attachment #2: video (video/webm) ──────────────────────────────────────────────────────────────
    test-results/ui-pages-blog-Blog-Page-Au-f9a89-henticated-users-to-comment-mobile-chrome-retry1/video.webm
    ────────────────────────────────────────────────────────────────────────────────────────────────

    Error Context: test-results/ui-pages-blog-Blog-Page-Au-f9a89-henticated-users-to-comment-mobile-chrome-retry1/error-context.md

    attachment #4: trace (application/zip) ─────────────────────────────────────────────────────────
    test-results/ui-pages-blog-Blog-Page-Au-f9a89-henticated-users-to-comment-mobile-chrome-retry1/trace.zip
    Usage:

        npx playwright show-trace test-results/ui-pages-blog-Blog-Page-Au-f9a89-henticated-users-to-comment-mobile-chrome-retry1/trace.zip

    ────────────────────────────────────────────────────────────────────────────────────────────────

  1974) [mobile-chrome] › e2e/ui/pages/blog.spec.ts:180:9 › Blog Page › Responsive Design › should render correctly on mobile 

    Error: page.goto: net::ERR_CONNECTION_REFUSED at http://localhost:4000/blog
    Call log:
      - navigating to "http://localhost:4000/blog", waiting until "load"


       at helpers/page-helpers.ts:13

      11 |
      12 |   async navigate(path: string) {
    > 13 |     await this.page.goto(path);
         |                     ^
      14 |     await this.page.waitForLoadState("networkidle");
      15 |   }
      16 |
        at BasePage.navigate (/home/tbaltzakis/cloudless.gr/e2e/helpers/page-helpers.ts:13:21)
        at /home/tbaltzakis/cloudless.gr/e2e/ui/pages/blog.spec.ts:19:16

    attachment #1: screenshot (image/png) ──────────────────────────────────────────────────────────
    test-results/ui-pages-blog-Blog-Page-Re-df7a2--render-correctly-on-mobile-mobile-chrome/test-failed-1.png
    ────────────────────────────────────────────────────────────────────────────────────────────────

    attachment #2: video (video/webm) ──────────────────────────────────────────────────────────────
    test-results/ui-pages-blog-Blog-Page-Re-df7a2--render-correctly-on-mobile-mobile-chrome/video.webm
    ────────────────────────────────────────────────────────────────────────────────────────────────

    Error Context: test-results/ui-pages-blog-Blog-Page-Re-df7a2--render-correctly-on-mobile-mobile-chrome/error-context.md

    Retry #1 ───────────────────────────────────────────────────────────────────────────────────────

    Error: page.goto: net::ERR_CONNECTION_REFUSED at http://localhost:4000/blog
    Call log:
      - navigating to "http://localhost:4000/blog", waiting until "load"


       at helpers/page-helpers.ts:13

      11 |
      12 |   async navigate(path: string) {
    > 13 |     await this.page.goto(path);
         |                     ^
      14 |     await this.page.waitForLoadState("networkidle");
      15 |   }
      16 |
        at BasePage.navigate (/home/tbaltzakis/cloudless.gr/e2e/helpers/page-helpers.ts:13:21)
        at /home/tbaltzakis/cloudless.gr/e2e/ui/pages/blog.spec.ts:19:16

    attachment #1: screenshot (image/png) ──────────────────────────────────────────────────────────
    test-results/ui-pages-blog-Blog-Page-Re-df7a2--render-correctly-on-mobile-mobile-chrome-retry1/test-failed-1.png
    ────────────────────────────────────────────────────────────────────────────────────────────────

    attachment #2: video (video/webm) ──────────────────────────────────────────────────────────────
    test-results/ui-pages-blog-Blog-Page-Re-df7a2--render-correctly-on-mobile-mobile-chrome-retry1/video.webm
    ────────────────────────────────────────────────────────────────────────────────────────────────

    Error Context: test-results/ui-pages-blog-Blog-Page-Re-df7a2--render-correctly-on-mobile-mobile-chrome-retry1/error-context.md

    attachment #4: trace (application/zip) ─────────────────────────────────────────────────────────
    test-results/ui-pages-blog-Blog-Page-Re-df7a2--render-correctly-on-mobile-mobile-chrome-retry1/trace.zip
    Usage:

        npx playwright show-trace test-results/ui-pages-blog-Blog-Page-Re-df7a2--render-correctly-on-mobile-mobile-chrome-retry1/trace.zip

    ────────────────────────────────────────────────────────────────────────────────────────────────

  1975) [mobile-chrome] › e2e/ui/pages/blog.spec.ts:193:9 › Blog Page › Responsive Design › should render correctly on tablet 

    Error: page.goto: net::ERR_CONNECTION_REFUSED at http://localhost:4000/blog
    Call log:
      - navigating to "http://localhost:4000/blog", waiting until "load"


       at helpers/page-helpers.ts:13

      11 |
      12 |   async navigate(path: string) {
    > 13 |     await this.page.goto(path);
         |                     ^
      14 |     await this.page.waitForLoadState("networkidle");
      15 |   }
      16 |
        at BasePage.navigate (/home/tbaltzakis/cloudless.gr/e2e/helpers/page-helpers.ts:13:21)
        at /home/tbaltzakis/cloudless.gr/e2e/ui/pages/blog.spec.ts:19:16

    attachment #1: screenshot (image/png) ──────────────────────────────────────────────────────────
    test-results/ui-pages-blog-Blog-Page-Re-797b3--render-correctly-on-tablet-mobile-chrome/test-failed-1.png
    ────────────────────────────────────────────────────────────────────────────────────────────────

    attachment #2: video (video/webm) ──────────────────────────────────────────────────────────────
    test-results/ui-pages-blog-Blog-Page-Re-797b3--render-correctly-on-tablet-mobile-chrome/video.webm
    ────────────────────────────────────────────────────────────────────────────────────────────────

    Error Context: test-results/ui-pages-blog-Blog-Page-Re-797b3--render-correctly-on-tablet-mobile-chrome/error-context.md

    Retry #1 ───────────────────────────────────────────────────────────────────────────────────────

    Error: page.goto: net::ERR_CONNECTION_REFUSED at http://localhost:4000/blog
    Call log:
      - navigating to "http://localhost:4000/blog", waiting until "load"


       at helpers/page-helpers.ts:13

      11 |
      12 |   async navigate(path: string) {
    > 13 |     await this.page.goto(path);
         |                     ^
      14 |     await this.page.waitForLoadState("networkidle");
      15 |   }
      16 |
        at BasePage.navigate (/home/tbaltzakis/cloudless.gr/e2e/helpers/page-helpers.ts:13:21)
        at /home/tbaltzakis/cloudless.gr/e2e/ui/pages/blog.spec.ts:19:16

    attachment #1: screenshot (image/png) ──────────────────────────────────────────────────────────
    test-results/ui-pages-blog-Blog-Page-Re-797b3--render-correctly-on-tablet-mobile-chrome-retry1/test-failed-1.png
    ────────────────────────────────────────────────────────────────────────────────────────────────

    attachment #2: video (video/webm) ──────────────────────────────────────────────────────────────
    test-results/ui-pages-blog-Blog-Page-Re-797b3--render-correctly-on-tablet-mobile-chrome-retry1/video.webm
    ────────────────────────────────────────────────────────────────────────────────────────────────

    Error Context: test-results/ui-pages-blog-Blog-Page-Re-797b3--render-correctly-on-tablet-mobile-chrome-retry1/error-context.md

    attachment #4: trace (application/zip) ─────────────────────────────────────────────────────────
    test-results/ui-pages-blog-Blog-Page-Re-797b3--render-correctly-on-tablet-mobile-chrome-retry1/trace.zip
    Usage:

        npx playwright show-trace test-results/ui-pages-blog-Blog-Page-Re-797b3--render-correctly-on-tablet-mobile-chrome-retry1/trace.zip

    ────────────────────────────────────────────────────────────────────────────────────────────────

  1976) [mobile-chrome] › e2e/ui/pages/blog.spec.ts:206:9 › Blog Page › Responsive Design › should render correctly on desktop 

    Error: page.goto: net::ERR_CONNECTION_REFUSED at http://localhost:4000/blog
    Call log:
      - navigating to "http://localhost:4000/blog", waiting until "load"


       at helpers/page-helpers.ts:13

      11 |
      12 |   async navigate(path: string) {
    > 13 |     await this.page.goto(path);
         |                     ^
      14 |     await this.page.waitForLoadState("networkidle");
      15 |   }
      16 |
        at BasePage.navigate (/home/tbaltzakis/cloudless.gr/e2e/helpers/page-helpers.ts:13:21)
        at /home/tbaltzakis/cloudless.gr/e2e/ui/pages/blog.spec.ts:19:16

    attachment #1: screenshot (image/png) ──────────────────────────────────────────────────────────
    test-results/ui-pages-blog-Blog-Page-Re-c9cb4-render-correctly-on-desktop-mobile-chrome/test-failed-1.png
    ────────────────────────────────────────────────────────────────────────────────────────────────

    attachment #2: video (video/webm) ──────────────────────────────────────────────────────────────
    test-results/ui-pages-blog-Blog-Page-Re-c9cb4-render-correctly-on-desktop-mobile-chrome/video.webm
    ────────────────────────────────────────────────────────────────────────────────────────────────

    Error Context: test-results/ui-pages-blog-Blog-Page-Re-c9cb4-render-correctly-on-desktop-mobile-chrome/error-context.md

    Retry #1 ───────────────────────────────────────────────────────────────────────────────────────

    Error: page.goto: net::ERR_CONNECTION_REFUSED at http://localhost:4000/blog
    Call log:
      - navigating to "http://localhost:4000/blog", waiting until "load"


       at helpers/page-helpers.ts:13

      11 |
      12 |   async navigate(path: string) {
    > 13 |     await this.page.goto(path);
         |                     ^
      14 |     await this.page.waitForLoadState("networkidle");
      15 |   }
      16 |
        at BasePage.navigate (/home/tbaltzakis/cloudless.gr/e2e/helpers/page-helpers.ts:13:21)
        at /home/tbaltzakis/cloudless.gr/e2e/ui/pages/blog.spec.ts:19:16

    attachment #1: screenshot (image/png) ──────────────────────────────────────────────────────────
    test-results/ui-pages-blog-Blog-Page-Re-c9cb4-render-correctly-on-desktop-mobile-chrome-retry1/test-failed-1.png
    ────────────────────────────────────────────────────────────────────────────────────────────────

    attachment #2: video (video/webm) ──────────────────────────────────────────────────────────────
    test-results/ui-pages-blog-Blog-Page-Re-c9cb4-render-correctly-on-desktop-mobile-chrome-retry1/video.webm
    ────────────────────────────────────────────────────────────────────────────────────────────────

    Error Context: test-results/ui-pages-blog-Blog-Page-Re-c9cb4-render-correctly-on-desktop-mobile-chrome-retry1/error-context.md

    attachment #4: trace (application/zip) ─────────────────────────────────────────────────────────
    test-results/ui-pages-blog-Blog-Page-Re-c9cb4-render-correctly-on-desktop-mobile-chrome-retry1/trace.zip
    Usage:

        npx playwright show-trace test-results/ui-pages-blog-Blog-Page-Re-c9cb4-render-correctly-on-desktop-mobile-chrome-retry1/trace.zip

    ────────────────────────────────────────────────────────────────────────────────────────────────

  1977) [mobile-chrome] › e2e/ui/pages/blog.spec.ts:224:9 › Blog Page › Navigation › should navigate to homepage 

    Error: page.goto: net::ERR_CONNECTION_REFUSED at http://localhost:4000/blog
    Call log:
      - navigating to "http://localhost:4000/blog", waiting until "load"


       at helpers/page-helpers.ts:13

      11 |
      12 |   async navigate(path: string) {
    > 13 |     await this.page.goto(path);
         |                     ^
      14 |     await this.page.waitForLoadState("networkidle");
      15 |   }
      16 |
        at BasePage.navigate (/home/tbaltzakis/cloudless.gr/e2e/helpers/page-helpers.ts:13:21)
        at /home/tbaltzakis/cloudless.gr/e2e/ui/pages/blog.spec.ts:19:16

    attachment #1: screenshot (image/png) ──────────────────────────────────────────────────────────
    test-results/ui-pages-blog-Blog-Page-Na-465d7-should-navigate-to-homepage-mobile-chrome/test-failed-1.png
    ────────────────────────────────────────────────────────────────────────────────────────────────

    attachment #2: video (video/webm) ──────────────────────────────────────────────────────────────
    test-results/ui-pages-blog-Blog-Page-Na-465d7-should-navigate-to-homepage-mobile-chrome/video.webm
    ────────────────────────────────────────────────────────────────────────────────────────────────

    Error Context: test-results/ui-pages-blog-Blog-Page-Na-465d7-should-navigate-to-homepage-mobile-chrome/error-context.md

    Retry #1 ───────────────────────────────────────────────────────────────────────────────────────

    Error: page.goto: net::ERR_CONNECTION_REFUSED at http://localhost:4000/blog
    Call log:
      - navigating to "http://localhost:4000/blog", waiting until "load"


       at helpers/page-helpers.ts:13

      11 |
      12 |   async navigate(path: string) {
    > 13 |     await this.page.goto(path);
         |                     ^
      14 |     await this.page.waitForLoadState("networkidle");
      15 |   }
      16 |
        at BasePage.navigate (/home/tbaltzakis/cloudless.gr/e2e/helpers/page-helpers.ts:13:21)
        at /home/tbaltzakis/cloudless.gr/e2e/ui/pages/blog.spec.ts:19:16

    attachment #1: screenshot (image/png) ──────────────────────────────────────────────────────────
    test-results/ui-pages-blog-Blog-Page-Na-465d7-should-navigate-to-homepage-mobile-chrome-retry1/test-failed-1.png
    ────────────────────────────────────────────────────────────────────────────────────────────────

    attachment #2: video (video/webm) ──────────────────────────────────────────────────────────────
    test-results/ui-pages-blog-Blog-Page-Na-465d7-should-navigate-to-homepage-mobile-chrome-retry1/video.webm
    ────────────────────────────────────────────────────────────────────────────────────────────────

    Error Context: test-results/ui-pages-blog-Blog-Page-Na-465d7-should-navigate-to-homepage-mobile-chrome-retry1/error-context.md

    attachment #4: trace (application/zip) ─────────────────────────────────────────────────────────
    test-results/ui-pages-blog-Blog-Page-Na-465d7-should-navigate-to-homepage-mobile-chrome-retry1/trace.zip
    Usage:

        npx playwright show-trace test-results/ui-pages-blog-Blog-Page-Na-465d7-should-navigate-to-homepage-mobile-chrome-retry1/trace.zip

    ────────────────────────────────────────────────────────────────────────────────────────────────

  1978) [mobile-chrome] › e2e/ui/pages/blog.spec.ts:232:9 › Blog Page › Navigation › should navigate to services 

    Error: page.goto: net::ERR_CONNECTION_REFUSED at http://localhost:4000/blog
    Call log:
      - navigating to "http://localhost:4000/blog", waiting until "load"


       at helpers/page-helpers.ts:13

      11 |
      12 |   async navigate(path: string) {
    > 13 |     await this.page.goto(path);
         |                     ^
      14 |     await this.page.waitForLoadState("networkidle");
      15 |   }
      16 |
        at BasePage.navigate (/home/tbaltzakis/cloudless.gr/e2e/helpers/page-helpers.ts:13:21)
        at /home/tbaltzakis/cloudless.gr/e2e/ui/pages/blog.spec.ts:19:16

    attachment #1: screenshot (image/png) ──────────────────────────────────────────────────────────
    test-results/ui-pages-blog-Blog-Page-Na-e7ca8-should-navigate-to-services-mobile-chrome/test-failed-1.png
    ────────────────────────────────────────────────────────────────────────────────────────────────

    attachment #2: video (video/webm) ──────────────────────────────────────────────────────────────
    test-results/ui-pages-blog-Blog-Page-Na-e7ca8-should-navigate-to-services-mobile-chrome/video.webm
    ────────────────────────────────────────────────────────────────────────────────────────────────

    Error Context: test-results/ui-pages-blog-Blog-Page-Na-e7ca8-should-navigate-to-services-mobile-chrome/error-context.md

    Retry #1 ───────────────────────────────────────────────────────────────────────────────────────

    Error: page.goto: net::ERR_CONNECTION_REFUSED at http://localhost:4000/blog
    Call log:
      - navigating to "http://localhost:4000/blog", waiting until "load"


       at helpers/page-helpers.ts:13

      11 |
      12 |   async navigate(path: string) {
    > 13 |     await this.page.goto(path);
         |                     ^
      14 |     await this.page.waitForLoadState("networkidle");
      15 |   }
      16 |
        at BasePage.navigate (/home/tbaltzakis/cloudless.gr/e2e/helpers/page-helpers.ts:13:21)
        at /home/tbaltzakis/cloudless.gr/e2e/ui/pages/blog.spec.ts:19:16

    attachment #1: screenshot (image/png) ──────────────────────────────────────────────────────────
    test-results/ui-pages-blog-Blog-Page-Na-e7ca8-should-navigate-to-services-mobile-chrome-retry1/test-failed-1.png
    ────────────────────────────────────────────────────────────────────────────────────────────────

    attachment #2: video (video/webm) ──────────────────────────────────────────────────────────────
    test-results/ui-pages-blog-Blog-Page-Na-e7ca8-should-navigate-to-services-mobile-chrome-retry1/video.webm
    ────────────────────────────────────────────────────────────────────────────────────────────────

    Error Context: test-results/ui-pages-blog-Blog-Page-Na-e7ca8-should-navigate-to-services-mobile-chrome-retry1/error-context.md

    attachment #4: trace (application/zip) ─────────────────────────────────────────────────────────
    test-results/ui-pages-blog-Blog-Page-Na-e7ca8-should-navigate-to-services-mobile-chrome-retry1/trace.zip
    Usage:

        npx playwright show-trace test-results/ui-pages-blog-Blog-Page-Na-e7ca8-should-navigate-to-services-mobile-chrome-retry1/trace.zip

    ────────────────────────────────────────────────────────────────────────────────────────────────

  1979) [mobile-chrome] › e2e/ui/pages/blog.spec.ts:240:9 › Blog Page › Navigation › should navigate to store 

    Error: page.goto: net::ERR_CONNECTION_REFUSED at http://localhost:4000/blog
    Call log:
      - navigating to "http://localhost:4000/blog", waiting until "load"


       at helpers/page-helpers.ts:13

      11 |
      12 |   async navigate(path: string) {
    > 13 |     await this.page.goto(path);
         |                     ^
      14 |     await this.page.waitForLoadState("networkidle");
      15 |   }
      16 |
        at BasePage.navigate (/home/tbaltzakis/cloudless.gr/e2e/helpers/page-helpers.ts:13:21)
        at /home/tbaltzakis/cloudless.gr/e2e/ui/pages/blog.spec.ts:19:16

    attachment #1: screenshot (image/png) ──────────────────────────────────────────────────────────
    test-results/ui-pages-blog-Blog-Page-Navigation-should-navigate-to-store-mobile-chrome/test-failed-1.png
    ────────────────────────────────────────────────────────────────────────────────────────────────

    attachment #2: video (video/webm) ──────────────────────────────────────────────────────────────
    test-results/ui-pages-blog-Blog-Page-Navigation-should-navigate-to-store-mobile-chrome/video.webm
    ────────────────────────────────────────────────────────────────────────────────────────────────

    Error Context: test-results/ui-pages-blog-Blog-Page-Navigation-should-navigate-to-store-mobile-chrome/error-context.md

    Retry #1 ───────────────────────────────────────────────────────────────────────────────────────

    Error: page.goto: net::ERR_CONNECTION_REFUSED at http://localhost:4000/blog
    Call log:
      - navigating to "http://localhost:4000/blog", waiting until "load"


       at helpers/page-helpers.ts:13

      11 |
      12 |   async navigate(path: string) {
    > 13 |     await this.page.goto(path);
         |                     ^
      14 |     await this.page.waitForLoadState("networkidle");
      15 |   }
      16 |
        at BasePage.navigate (/home/tbaltzakis/cloudless.gr/e2e/helpers/page-helpers.ts:13:21)
        at /home/tbaltzakis/cloudless.gr/e2e/ui/pages/blog.spec.ts:19:16

    attachment #1: screenshot (image/png) ──────────────────────────────────────────────────────────
    test-results/ui-pages-blog-Blog-Page-Navigation-should-navigate-to-store-mobile-chrome-retry1/test-failed-1.png
    ────────────────────────────────────────────────────────────────────────────────────────────────

    attachment #2: video (video/webm) ──────────────────────────────────────────────────────────────
    test-results/ui-pages-blog-Blog-Page-Navigation-should-navigate-to-store-mobile-chrome-retry1/video.webm
    ────────────────────────────────────────────────────────────────────────────────────────────────

    Error Context: test-results/ui-pages-blog-Blog-Page-Navigation-should-navigate-to-store-mobile-chrome-retry1/error-context.md

    attachment #4: trace (application/zip) ─────────────────────────────────────────────────────────
    test-results/ui-pages-blog-Blog-Page-Navigation-should-navigate-to-store-mobile-chrome-retry1/trace.zip
    Usage:

        npx playwright show-trace test-results/ui-pages-blog-Blog-Page-Navigation-should-navigate-to-store-mobile-chrome-retry1/trace.zip

    ────────────────────────────────────────────────────────────────────────────────────────────────

  1980) [mobile-chrome] › e2e/ui/pages/blog.spec.ts:248:9 › Blog Page › Navigation › should navigate to contact 

    Error: page.goto: net::ERR_CONNECTION_REFUSED at http://localhost:4000/blog
    Call log:
      - navigating to "http://localhost:4000/blog", waiting until "load"


       at helpers/page-helpers.ts:13

      11 |
      12 |   async navigate(path: string) {
    > 13 |     await this.page.goto(path);
         |                     ^
      14 |     await this.page.waitForLoadState("networkidle");
      15 |   }
      16 |
        at BasePage.navigate (/home/tbaltzakis/cloudless.gr/e2e/helpers/page-helpers.ts:13:21)
        at /home/tbaltzakis/cloudless.gr/e2e/ui/pages/blog.spec.ts:19:16

    attachment #1: screenshot (image/png) ──────────────────────────────────────────────────────────
    test-results/ui-pages-blog-Blog-Page-Na-64977--should-navigate-to-contact-mobile-chrome/test-failed-1.png
    ────────────────────────────────────────────────────────────────────────────────────────────────

    attachment #2: video (video/webm) ──────────────────────────────────────────────────────────────
    test-results/ui-pages-blog-Blog-Page-Na-64977--should-navigate-to-contact-mobile-chrome/video.webm
    ────────────────────────────────────────────────────────────────────────────────────────────────

    Error Context: test-results/ui-pages-blog-Blog-Page-Na-64977--should-navigate-to-contact-mobile-chrome/error-context.md

    Retry #1 ───────────────────────────────────────────────────────────────────────────────────────

    Error: page.goto: net::ERR_CONNECTION_REFUSED at http://localhost:4000/blog
    Call log:
      - navigating to "http://localhost:4000/blog", waiting until "load"


       at helpers/page-helpers.ts:13

      11 |
      12 |   async navigate(path: string) {
    > 13 |     await this.page.goto(path);
         |                     ^
      14 |     await this.page.waitForLoadState("networkidle");
      15 |   }
      16 |
        at BasePage.navigate (/home/tbaltzakis/cloudless.gr/e2e/helpers/page-helpers.ts:13:21)
        at /home/tbaltzakis/cloudless.gr/e2e/ui/pages/blog.spec.ts:19:16

    attachment #1: screenshot (image/png) ──────────────────────────────────────────────────────────
    test-results/ui-pages-blog-Blog-Page-Na-64977--should-navigate-to-contact-mobile-chrome-retry1/test-failed-1.png
    ────────────────────────────────────────────────────────────────────────────────────────────────

    attachment #2: video (video/webm) ──────────────────────────────────────────────────────────────
    test-results/ui-pages-blog-Blog-Page-Na-64977--should-navigate-to-contact-mobile-chrome-retry1/video.webm
    ────────────────────────────────────────────────────────────────────────────────────────────────

    Error Context: test-results/ui-pages-blog-Blog-Page-Na-64977--should-navigate-to-contact-mobile-chrome-retry1/error-context.md

    attachment #4: trace (application/zip) ─────────────────────────────────────────────────────────
    test-results/ui-pages-blog-Blog-Page-Na-64977--should-navigate-to-contact-mobile-chrome-retry1/trace.zip
    Usage:

        npx playwright show-trace test-results/ui-pages-blog-Blog-Page-Na-64977--should-navigate-to-contact-mobile-chrome-retry1/trace.zip

    ────────────────────────────────────────────────────────────────────────────────────────────────

  1981) [mobile-chrome] › e2e/ui/pages/blog.spec.ts:256:9 › Blog Page › Navigation › should navigate to individual blog post 

    Error: page.goto: net::ERR_CONNECTION_REFUSED at http://localhost:4000/blog
    Call log:
      - navigating to "http://localhost:4000/blog", waiting until "load"


       at helpers/page-helpers.ts:13

      11 |
      12 |   async navigate(path: string) {
    > 13 |     await this.page.goto(path);
         |                     ^
      14 |     await this.page.waitForLoadState("networkidle");
      15 |   }
      16 |
        at BasePage.navigate (/home/tbaltzakis/cloudless.gr/e2e/helpers/page-helpers.ts:13:21)
        at /home/tbaltzakis/cloudless.gr/e2e/ui/pages/blog.spec.ts:19:16

    attachment #1: screenshot (image/png) ──────────────────────────────────────────────────────────
    test-results/ui-pages-blog-Blog-Page-Na-9ee9e-ate-to-individual-blog-post-mobile-chrome/test-failed-1.png
    ────────────────────────────────────────────────────────────────────────────────────────────────

    attachment #2: video (video/webm) ──────────────────────────────────────────────────────────────
    test-results/ui-pages-blog-Blog-Page-Na-9ee9e-ate-to-individual-blog-post-mobile-chrome/video.webm
    ────────────────────────────────────────────────────────────────────────────────────────────────

    Error Context: test-results/ui-pages-blog-Blog-Page-Na-9ee9e-ate-to-individual-blog-post-mobile-chrome/error-context.md

    Retry #1 ───────────────────────────────────────────────────────────────────────────────────────

    Error: page.goto: net::ERR_CONNECTION_REFUSED at http://localhost:4000/blog
    Call log:
      - navigating to "http://localhost:4000/blog", waiting until "load"


       at helpers/page-helpers.ts:13

      11 |
      12 |   async navigate(path: string) {
    > 13 |     await this.page.goto(path);
         |                     ^
      14 |     await this.page.waitForLoadState("networkidle");
      15 |   }
      16 |
        at BasePage.navigate (/home/tbaltzakis/cloudless.gr/e2e/helpers/page-helpers.ts:13:21)
        at /home/tbaltzakis/cloudless.gr/e2e/ui/pages/blog.spec.ts:19:16

    attachment #1: screenshot (image/png) ──────────────────────────────────────────────────────────
    test-results/ui-pages-blog-Blog-Page-Na-9ee9e-ate-to-individual-blog-post-mobile-chrome-retry1/test-failed-1.png
    ────────────────────────────────────────────────────────────────────────────────────────────────

    attachment #2: video (video/webm) ──────────────────────────────────────────────────────────────
    test-results/ui-pages-blog-Blog-Page-Na-9ee9e-ate-to-individual-blog-post-mobile-chrome-retry1/video.webm
    ────────────────────────────────────────────────────────────────────────────────────────────────

    Error Context: test-results/ui-pages-blog-Blog-Page-Na-9ee9e-ate-to-individual-blog-post-mobile-chrome-retry1/error-context.md

    attachment #4: trace (application/zip) ─────────────────────────────────────────────────────────
    test-results/ui-pages-blog-Blog-Page-Na-9ee9e-ate-to-individual-blog-post-mobile-chrome-retry1/trace.zip
    Usage:

        npx playwright show-trace test-results/ui-pages-blog-Blog-Page-Na-9ee9e-ate-to-individual-blog-post-mobile-chrome-retry1/trace.zip

    ────────────────────────────────────────────────────────────────────────────────────────────────

  1982) [mobile-chrome] › e2e/ui/pages/blog.spec.ts:268:9 › Blog Page › Accessibility › should have proper language attribute 

    Error: page.goto: net::ERR_CONNECTION_REFUSED at http://localhost:4000/blog
    Call log:
      - navigating to "http://localhost:4000/blog", waiting until "load"


       at helpers/page-helpers.ts:13

      11 |
      12 |   async navigate(path: string) {
    > 13 |     await this.page.goto(path);
         |                     ^
      14 |     await this.page.waitForLoadState("networkidle");
      15 |   }
      16 |
        at BasePage.navigate (/home/tbaltzakis/cloudless.gr/e2e/helpers/page-helpers.ts:13:21)
        at /home/tbaltzakis/cloudless.gr/e2e/ui/pages/blog.spec.ts:19:16

    attachment #1: screenshot (image/png) ──────────────────────────────────────────────────────────
    test-results/ui-pages-blog-Blog-Page-Ac-5d049-e-proper-language-attribute-mobile-chrome/test-failed-1.png
    ────────────────────────────────────────────────────────────────────────────────────────────────

    attachment #2: video (video/webm) ──────────────────────────────────────────────────────────────
    test-results/ui-pages-blog-Blog-Page-Ac-5d049-e-proper-language-attribute-mobile-chrome/video.webm
    ────────────────────────────────────────────────────────────────────────────────────────────────

    Error Context: test-results/ui-pages-blog-Blog-Page-Ac-5d049-e-proper-language-attribute-mobile-chrome/error-context.md

    Retry #1 ───────────────────────────────────────────────────────────────────────────────────────

    Error: page.goto: net::ERR_CONNECTION_REFUSED at http://localhost:4000/blog
    Call log:
      - navigating to "http://localhost:4000/blog", waiting until "load"


       at helpers/page-helpers.ts:13

      11 |
      12 |   async navigate(path: string) {
    > 13 |     await this.page.goto(path);
         |                     ^
      14 |     await this.page.waitForLoadState("networkidle");
      15 |   }
      16 |
        at BasePage.navigate (/home/tbaltzakis/cloudless.gr/e2e/helpers/page-helpers.ts:13:21)
        at /home/tbaltzakis/cloudless.gr/e2e/ui/pages/blog.spec.ts:19:16

    attachment #1: screenshot (image/png) ──────────────────────────────────────────────────────────
    test-results/ui-pages-blog-Blog-Page-Ac-5d049-e-proper-language-attribute-mobile-chrome-retry1/test-failed-1.png
    ────────────────────────────────────────────────────────────────────────────────────────────────

    attachment #2: video (video/webm) ──────────────────────────────────────────────────────────────
    test-results/ui-pages-blog-Blog-Page-Ac-5d049-e-proper-language-attribute-mobile-chrome-retry1/video.webm
    ────────────────────────────────────────────────────────────────────────────────────────────────

    Error Context: test-results/ui-pages-blog-Blog-Page-Ac-5d049-e-proper-language-attribute-mobile-chrome-retry1/error-context.md

    attachment #4: trace (application/zip) ─────────────────────────────────────────────────────────
    test-results/ui-pages-blog-Blog-Page-Ac-5d049-e-proper-language-attribute-mobile-chrome-retry1/trace.zip
    Usage:

        npx playwright show-trace test-results/ui-pages-blog-Blog-Page-Ac-5d049-e-proper-language-attribute-mobile-chrome-retry1/trace.zip

    ────────────────────────────────────────────────────────────────────────────────────────────────

  1983) [mobile-chrome] › e2e/ui/pages/blog.spec.ts:274:9 › Blog Page › Accessibility › should have proper heading structure 

    Error: page.goto: net::ERR_CONNECTION_REFUSED at http://localhost:4000/blog
    Call log:
      - navigating to "http://localhost:4000/blog", waiting until "load"


       at helpers/page-helpers.ts:13

      11 |
      12 |   async navigate(path: string) {
    > 13 |     await this.page.goto(path);
         |                     ^
      14 |     await this.page.waitForLoadState("networkidle");
      15 |   }
      16 |
        at BasePage.navigate (/home/tbaltzakis/cloudless.gr/e2e/helpers/page-helpers.ts:13:21)
        at /home/tbaltzakis/cloudless.gr/e2e/ui/pages/blog.spec.ts:19:16

    attachment #1: screenshot (image/png) ──────────────────────────────────────────────────────────
    test-results/ui-pages-blog-Blog-Page-Ac-a23c1-ve-proper-heading-structure-mobile-chrome/test-failed-1.png
    ────────────────────────────────────────────────────────────────────────────────────────────────

    attachment #2: video (video/webm) ──────────────────────────────────────────────────────────────
    test-results/ui-pages-blog-Blog-Page-Ac-a23c1-ve-proper-heading-structure-mobile-chrome/video.webm
    ────────────────────────────────────────────────────────────────────────────────────────────────

    Error Context: test-results/ui-pages-blog-Blog-Page-Ac-a23c1-ve-proper-heading-structure-mobile-chrome/error-context.md

    Retry #1 ───────────────────────────────────────────────────────────────────────────────────────

    Error: page.goto: net::ERR_CONNECTION_REFUSED at http://localhost:4000/blog
    Call log:
      - navigating to "http://localhost:4000/blog", waiting until "load"


       at helpers/page-helpers.ts:13

      11 |
      12 |   async navigate(path: string) {
    > 13 |     await this.page.goto(path);
         |                     ^
      14 |     await this.page.waitForLoadState("networkidle");
      15 |   }
      16 |
        at BasePage.navigate (/home/tbaltzakis/cloudless.gr/e2e/helpers/page-helpers.ts:13:21)
        at /home/tbaltzakis/cloudless.gr/e2e/ui/pages/blog.spec.ts:19:16

    attachment #1: screenshot (image/png) ──────────────────────────────────────────────────────────
    test-results/ui-pages-blog-Blog-Page-Ac-a23c1-ve-proper-heading-structure-mobile-chrome-retry1/test-failed-1.png
    ────────────────────────────────────────────────────────────────────────────────────────────────

    attachment #2: video (video/webm) ──────────────────────────────────────────────────────────────
    test-results/ui-pages-blog-Blog-Page-Ac-a23c1-ve-proper-heading-structure-mobile-chrome-retry1/video.webm
    ────────────────────────────────────────────────────────────────────────────────────────────────

    Error Context: test-results/ui-pages-blog-Blog-Page-Ac-a23c1-ve-proper-heading-structure-mobile-chrome-retry1/error-context.md

    attachment #4: trace (application/zip) ─────────────────────────────────────────────────────────
    test-results/ui-pages-blog-Blog-Page-Ac-a23c1-ve-proper-heading-structure-mobile-chrome-retry1/trace.zip
    Usage:

        npx playwright show-trace test-results/ui-pages-blog-Blog-Page-Ac-a23c1-ve-proper-heading-structure-mobile-chrome-retry1/trace.zip

    ────────────────────────────────────────────────────────────────────────────────────────────────

  1984) [mobile-chrome] › e2e/ui/pages/blog.spec.ts:292:9 › Blog Page › Accessibility › should have accessible post elements 

    Error: page.goto: net::ERR_CONNECTION_REFUSED at http://localhost:4000/blog
    Call log:
      - navigating to "http://localhost:4000/blog", waiting until "load"


       at helpers/page-helpers.ts:13

      11 |
      12 |   async navigate(path: string) {
    > 13 |     await this.page.goto(path);
         |                     ^
      14 |     await this.page.waitForLoadState("networkidle");
      15 |   }
      16 |
        at BasePage.navigate (/home/tbaltzakis/cloudless.gr/e2e/helpers/page-helpers.ts:13:21)
        at /home/tbaltzakis/cloudless.gr/e2e/ui/pages/blog.spec.ts:19:16

    attachment #1: screenshot (image/png) ──────────────────────────────────────────────────────────
    test-results/ui-pages-blog-Blog-Page-Ac-74e43-ve-accessible-post-elements-mobile-chrome/test-failed-1.png
    ────────────────────────────────────────────────────────────────────────────────────────────────

    attachment #2: video (video/webm) ──────────────────────────────────────────────────────────────
    test-results/ui-pages-blog-Blog-Page-Ac-74e43-ve-accessible-post-elements-mobile-chrome/video.webm
    ────────────────────────────────────────────────────────────────────────────────────────────────

    Error Context: test-results/ui-pages-blog-Blog-Page-Ac-74e43-ve-accessible-post-elements-mobile-chrome/error-context.md

    Retry #1 ───────────────────────────────────────────────────────────────────────────────────────

    Error: page.goto: net::ERR_CONNECTION_REFUSED at http://localhost:4000/blog
    Call log:
      - navigating to "http://localhost:4000/blog", waiting until "load"


       at helpers/page-helpers.ts:13

      11 |
      12 |   async navigate(path: string) {
    > 13 |     await this.page.goto(path);
         |                     ^
      14 |     await this.page.waitForLoadState("networkidle");
      15 |   }
      16 |
        at BasePage.navigate (/home/tbaltzakis/cloudless.gr/e2e/helpers/page-helpers.ts:13:21)
        at /home/tbaltzakis/cloudless.gr/e2e/ui/pages/blog.spec.ts:19:16

    attachment #1: screenshot (image/png) ──────────────────────────────────────────────────────────
    test-results/ui-pages-blog-Blog-Page-Ac-74e43-ve-accessible-post-elements-mobile-chrome-retry1/test-failed-1.png
    ────────────────────────────────────────────────────────────────────────────────────────────────

    attachment #2: video (video/webm) ──────────────────────────────────────────────────────────────
    test-results/ui-pages-blog-Blog-Page-Ac-74e43-ve-accessible-post-elements-mobile-chrome-retry1/video.webm
    ────────────────────────────────────────────────────────────────────────────────────────────────

    Error Context: test-results/ui-pages-blog-Blog-Page-Ac-74e43-ve-accessible-post-elements-mobile-chrome-retry1/error-context.md

    attachment #4: trace (application/zip) ─────────────────────────────────────────────────────────
    test-results/ui-pages-blog-Blog-Page-Ac-74e43-ve-accessible-post-elements-mobile-chrome-retry1/trace.zip
    Usage:

        npx playwright show-trace test-results/ui-pages-blog-Blog-Page-Ac-74e43-ve-accessible-post-elements-mobile-chrome-retry1/trace.zip

    ────────────────────────────────────────────────────────────────────────────────────────────────

  1985) [mobile-chrome] › e2e/ui/pages/blog.spec.ts:311:9 › Blog Page › Accessibility › should have accessible images with alt text 

    Error: page.goto: net::ERR_CONNECTION_REFUSED at http://localhost:4000/blog
    Call log:
      - navigating to "http://localhost:4000/blog", waiting until "load"


       at helpers/page-helpers.ts:13

      11 |
      12 |   async navigate(path: string) {
    > 13 |     await this.page.goto(path);
         |                     ^
      14 |     await this.page.waitForLoadState("networkidle");
      15 |   }
      16 |
        at BasePage.navigate (/home/tbaltzakis/cloudless.gr/e2e/helpers/page-helpers.ts:13:21)
        at /home/tbaltzakis/cloudless.gr/e2e/ui/pages/blog.spec.ts:19:16

    attachment #1: screenshot (image/png) ──────────────────────────────────────────────────────────
    test-results/ui-pages-blog-Blog-Page-Ac-b4162-ssible-images-with-alt-text-mobile-chrome/test-failed-1.png
    ────────────────────────────────────────────────────────────────────────────────────────────────

    attachment #2: video (video/webm) ──────────────────────────────────────────────────────────────
    test-results/ui-pages-blog-Blog-Page-Ac-b4162-ssible-images-with-alt-text-mobile-chrome/video.webm
    ────────────────────────────────────────────────────────────────────────────────────────────────

    Error Context: test-results/ui-pages-blog-Blog-Page-Ac-b4162-ssible-images-with-alt-text-mobile-chrome/error-context.md

    Retry #1 ───────────────────────────────────────────────────────────────────────────────────────

    Error: page.goto: net::ERR_CONNECTION_REFUSED at http://localhost:4000/blog
    Call log:
      - navigating to "http://localhost:4000/blog", waiting until "load"


       at helpers/page-helpers.ts:13

      11 |
      12 |   async navigate(path: string) {
    > 13 |     await this.page.goto(path);
         |                     ^
      14 |     await this.page.waitForLoadState("networkidle");
      15 |   }
      16 |
        at BasePage.navigate (/home/tbaltzakis/cloudless.gr/e2e/helpers/page-helpers.ts:13:21)
        at /home/tbaltzakis/cloudless.gr/e2e/ui/pages/blog.spec.ts:19:16

    attachment #1: screenshot (image/png) ──────────────────────────────────────────────────────────
    test-results/ui-pages-blog-Blog-Page-Ac-b4162-ssible-images-with-alt-text-mobile-chrome-retry1/test-failed-1.png
    ────────────────────────────────────────────────────────────────────────────────────────────────

    attachment #2: video (video/webm) ──────────────────────────────────────────────────────────────
    test-results/ui-pages-blog-Blog-Page-Ac-b4162-ssible-images-with-alt-text-mobile-chrome-retry1/video.webm
    ────────────────────────────────────────────────────────────────────────────────────────────────

    Error Context: test-results/ui-pages-blog-Blog-Page-Ac-b4162-ssible-images-with-alt-text-mobile-chrome-retry1/error-context.md

    attachment #4: trace (application/zip) ─────────────────────────────────────────────────────────
    test-results/ui-pages-blog-Blog-Page-Ac-b4162-ssible-images-with-alt-text-mobile-chrome-retry1/trace.zip
    Usage:

        npx playwright show-trace test-results/ui-pages-blog-Blog-Page-Ac-b4162-ssible-images-with-alt-text-mobile-chrome-retry1/trace.zip

    ────────────────────────────────────────────────────────────────────────────────────────────────

  1986) [mobile-chrome] › e2e/ui/pages/blog.spec.ts:330:9 › Blog Page › Performance › should load within reasonable time 

    Error: page.goto: net::ERR_CONNECTION_REFUSED at http://localhost:4000/blog
    Call log:
      - navigating to "http://localhost:4000/blog", waiting until "load"


       at helpers/page-helpers.ts:13

      11 |
      12 |   async navigate(path: string) {
    > 13 |     await this.page.goto(path);
         |                     ^
      14 |     await this.page.waitForLoadState("networkidle");
      15 |   }
      16 |
        at BasePage.navigate (/home/tbaltzakis/cloudless.gr/e2e/helpers/page-helpers.ts:13:21)
        at /home/tbaltzakis/cloudless.gr/e2e/ui/pages/blog.spec.ts:19:16

    attachment #1: screenshot (image/png) ──────────────────────────────────────────────────────────
    test-results/ui-pages-blog-Blog-Page-Pe-3bd8b-load-within-reasonable-time-mobile-chrome/test-failed-1.png
    ────────────────────────────────────────────────────────────────────────────────────────────────

    attachment #2: video (video/webm) ──────────────────────────────────────────────────────────────
    test-results/ui-pages-blog-Blog-Page-Pe-3bd8b-load-within-reasonable-time-mobile-chrome/video.webm
    ────────────────────────────────────────────────────────────────────────────────────────────────

    Error Context: test-results/ui-pages-blog-Blog-Page-Pe-3bd8b-load-within-reasonable-time-mobile-chrome/error-context.md

    Retry #1 ───────────────────────────────────────────────────────────────────────────────────────

    Error: page.goto: net::ERR_CONNECTION_REFUSED at http://localhost:4000/blog
    Call log:
      - navigating to "http://localhost:4000/blog", waiting until "load"


       at helpers/page-helpers.ts:13

      11 |
      12 |   async navigate(path: string) {
    > 13 |     await this.page.goto(path);
         |                     ^
      14 |     await this.page.waitForLoadState("networkidle");
      15 |   }
      16 |
        at BasePage.navigate (/home/tbaltzakis/cloudless.gr/e2e/helpers/page-helpers.ts:13:21)
        at /home/tbaltzakis/cloudless.gr/e2e/ui/pages/blog.spec.ts:19:16

    attachment #1: screenshot (image/png) ──────────────────────────────────────────────────────────
    test-results/ui-pages-blog-Blog-Page-Pe-3bd8b-load-within-reasonable-time-mobile-chrome-retry1/test-failed-1.png
    ────────────────────────────────────────────────────────────────────────────────────────────────

    attachment #2: video (video/webm) ──────────────────────────────────────────────────────────────
    test-results/ui-pages-blog-Blog-Page-Pe-3bd8b-load-within-reasonable-time-mobile-chrome-retry1/video.webm
    ────────────────────────────────────────────────────────────────────────────────────────────────

    Error Context: test-results/ui-pages-blog-Blog-Page-Pe-3bd8b-load-within-reasonable-time-mobile-chrome-retry1/error-context.md

    attachment #4: trace (application/zip) ─────────────────────────────────────────────────────────
    test-results/ui-pages-blog-Blog-Page-Pe-3bd8b-load-within-reasonable-time-mobile-chrome-retry1/trace.zip
    Usage:

        npx playwright show-trace test-results/ui-pages-blog-Blog-Page-Pe-3bd8b-load-within-reasonable-time-mobile-chrome-retry1/trace.zip

    ────────────────────────────────────────────────────────────────────────────────────────────────

  1987) [mobile-chrome] › e2e/ui/pages/contact.spec.ts:22:7 › Contact Page › should load successfully 

    Error: page.goto: net::ERR_CONNECTION_REFUSED at http://localhost:4000/contact
    Call log:
      - navigating to "http://localhost:4000/contact", waiting until "load"


       at helpers/page-helpers.ts:13

      11 |
      12 |   async navigate(path: string) {
    > 13 |     await this.page.goto(path);
         |                     ^
      14 |     await this.page.waitForLoadState("networkidle");
      15 |   }
      16 |
        at BasePage.navigate (/home/tbaltzakis/cloudless.gr/e2e/helpers/page-helpers.ts:13:21)
        at /home/tbaltzakis/cloudless.gr/e2e/ui/pages/contact.spec.ts:19:16

    attachment #1: screenshot (image/png) ──────────────────────────────────────────────────────────
    test-results/ui-pages-contact-Contact-Page-should-load-successfully-mobile-chrome/test-failed-1.png
    ────────────────────────────────────────────────────────────────────────────────────────────────

    attachment #2: video (video/webm) ──────────────────────────────────────────────────────────────
    test-results/ui-pages-contact-Contact-Page-should-load-successfully-mobile-chrome/video.webm
    ────────────────────────────────────────────────────────────────────────────────────────────────

    Error Context: test-results/ui-pages-contact-Contact-Page-should-load-successfully-mobile-chrome/error-context.md

    Retry #1 ───────────────────────────────────────────────────────────────────────────────────────

    Error: page.goto: net::ERR_CONNECTION_REFUSED at http://localhost:4000/contact
    Call log:
      - navigating to "http://localhost:4000/contact", waiting until "load"


       at helpers/page-helpers.ts:13

      11 |
      12 |   async navigate(path: string) {
    > 13 |     await this.page.goto(path);
         |                     ^
      14 |     await this.page.waitForLoadState("networkidle");
      15 |   }
      16 |
        at BasePage.navigate (/home/tbaltzakis/cloudless.gr/e2e/helpers/page-helpers.ts:13:21)
        at /home/tbaltzakis/cloudless.gr/e2e/ui/pages/contact.spec.ts:19:16

    attachment #1: screenshot (image/png) ──────────────────────────────────────────────────────────
    test-results/ui-pages-contact-Contact-Page-should-load-successfully-mobile-chrome-retry1/test-failed-1.png
    ────────────────────────────────────────────────────────────────────────────────────────────────

    attachment #2: video (video/webm) ──────────────────────────────────────────────────────────────
    test-results/ui-pages-contact-Contact-Page-should-load-successfully-mobile-chrome-retry1/video.webm
    ────────────────────────────────────────────────────────────────────────────────────────────────

    Error Context: test-results/ui-pages-contact-Contact-Page-should-load-successfully-mobile-chrome-retry1/error-context.md

    attachment #4: trace (application/zip) ─────────────────────────────────────────────────────────
    test-results/ui-pages-contact-Contact-Page-should-load-successfully-mobile-chrome-retry1/trace.zip
    Usage:

        npx playwright show-trace test-results/ui-pages-contact-Contact-Page-should-load-successfully-mobile-chrome-retry1/trace.zip

    ────────────────────────────────────────────────────────────────────────────────────────────────

  1988) [mobile-chrome] › e2e/ui/pages/contact.spec.ts:30:7 › Contact Page › should have contact form 

    Error: page.goto: net::ERR_CONNECTION_REFUSED at http://localhost:4000/contact
    Call log:
      - navigating to "http://localhost:4000/contact", waiting until "load"


       at helpers/page-helpers.ts:13

      11 |
      12 |   async navigate(path: string) {
    > 13 |     await this.page.goto(path);
         |                     ^
      14 |     await this.page.waitForLoadState("networkidle");
      15 |   }
      16 |
        at BasePage.navigate (/home/tbaltzakis/cloudless.gr/e2e/helpers/page-helpers.ts:13:21)
        at /home/tbaltzakis/cloudless.gr/e2e/ui/pages/contact.spec.ts:19:16

    attachment #1: screenshot (image/png) ──────────────────────────────────────────────────────────
    test-results/ui-pages-contact-Contact-Page-should-have-contact-form-mobile-chrome/test-failed-1.png
    ────────────────────────────────────────────────────────────────────────────────────────────────

    attachment #2: video (video/webm) ──────────────────────────────────────────────────────────────
    test-results/ui-pages-contact-Contact-Page-should-have-contact-form-mobile-chrome/video.webm
    ────────────────────────────────────────────────────────────────────────────────────────────────

    Error Context: test-results/ui-pages-contact-Contact-Page-should-have-contact-form-mobile-chrome/error-context.md

    Retry #1 ───────────────────────────────────────────────────────────────────────────────────────

    Error: page.goto: net::ERR_CONNECTION_REFUSED at http://localhost:4000/contact
    Call log:
      - navigating to "http://localhost:4000/contact", waiting until "load"


       at helpers/page-helpers.ts:13

      11 |
      12 |   async navigate(path: string) {
    > 13 |     await this.page.goto(path);
         |                     ^
      14 |     await this.page.waitForLoadState("networkidle");
      15 |   }
      16 |
        at BasePage.navigate (/home/tbaltzakis/cloudless.gr/e2e/helpers/page-helpers.ts:13:21)
        at /home/tbaltzakis/cloudless.gr/e2e/ui/pages/contact.spec.ts:19:16

    attachment #1: screenshot (image/png) ──────────────────────────────────────────────────────────
    test-results/ui-pages-contact-Contact-Page-should-have-contact-form-mobile-chrome-retry1/test-failed-1.png
    ────────────────────────────────────────────────────────────────────────────────────────────────

    attachment #2: video (video/webm) ──────────────────────────────────────────────────────────────
    test-results/ui-pages-contact-Contact-Page-should-have-contact-form-mobile-chrome-retry1/video.webm
    ────────────────────────────────────────────────────────────────────────────────────────────────

    Error Context: test-results/ui-pages-contact-Contact-Page-should-have-contact-form-mobile-chrome-retry1/error-context.md

    attachment #4: trace (application/zip) ─────────────────────────────────────────────────────────
    test-results/ui-pages-contact-Contact-Page-should-have-contact-form-mobile-chrome-retry1/trace.zip
    Usage:

        npx playwright show-trace test-results/ui-pages-contact-Contact-Page-should-have-contact-form-mobile-chrome-retry1/trace.zip

    ────────────────────────────────────────────────────────────────────────────────────────────────

  1989) [mobile-chrome] › e2e/ui/pages/contact.spec.ts:55:7 › Contact Page › should have contact information 

    Error: page.goto: net::ERR_CONNECTION_REFUSED at http://localhost:4000/contact
    Call log:
      - navigating to "http://localhost:4000/contact", waiting until "load"


       at helpers/page-helpers.ts:13

      11 |
      12 |   async navigate(path: string) {
    > 13 |     await this.page.goto(path);
         |                     ^
      14 |     await this.page.waitForLoadState("networkidle");
      15 |   }
      16 |
        at BasePage.navigate (/home/tbaltzakis/cloudless.gr/e2e/helpers/page-helpers.ts:13:21)
        at /home/tbaltzakis/cloudless.gr/e2e/ui/pages/contact.spec.ts:19:16

    attachment #1: screenshot (image/png) ──────────────────────────────────────────────────────────
    test-results/ui-pages-contact-Contact-P-8a5ce-ld-have-contact-information-mobile-chrome/test-failed-1.png
    ────────────────────────────────────────────────────────────────────────────────────────────────

    attachment #2: video (video/webm) ──────────────────────────────────────────────────────────────
    test-results/ui-pages-contact-Contact-P-8a5ce-ld-have-contact-information-mobile-chrome/video.webm
    ────────────────────────────────────────────────────────────────────────────────────────────────

    Error Context: test-results/ui-pages-contact-Contact-P-8a5ce-ld-have-contact-information-mobile-chrome/error-context.md

    Retry #1 ───────────────────────────────────────────────────────────────────────────────────────

    Error: page.goto: net::ERR_CONNECTION_REFUSED at http://localhost:4000/contact
    Call log:
      - navigating to "http://localhost:4000/contact", waiting until "load"


       at helpers/page-helpers.ts:13

      11 |
      12 |   async navigate(path: string) {
    > 13 |     await this.page.goto(path);
         |                     ^
      14 |     await this.page.waitForLoadState("networkidle");
      15 |   }
      16 |
        at BasePage.navigate (/home/tbaltzakis/cloudless.gr/e2e/helpers/page-helpers.ts:13:21)
        at /home/tbaltzakis/cloudless.gr/e2e/ui/pages/contact.spec.ts:19:16

    attachment #1: screenshot (image/png) ──────────────────────────────────────────────────────────
    test-results/ui-pages-contact-Contact-P-8a5ce-ld-have-contact-information-mobile-chrome-retry1/test-failed-1.png
    ────────────────────────────────────────────────────────────────────────────────────────────────

    attachment #2: video (video/webm) ──────────────────────────────────────────────────────────────
    test-results/ui-pages-contact-Contact-P-8a5ce-ld-have-contact-information-mobile-chrome-retry1/video.webm
    ────────────────────────────────────────────────────────────────────────────────────────────────

    Error Context: test-results/ui-pages-contact-Contact-P-8a5ce-ld-have-contact-information-mobile-chrome-retry1/error-context.md

    attachment #4: trace (application/zip) ─────────────────────────────────────────────────────────
    test-results/ui-pages-contact-Contact-P-8a5ce-ld-have-contact-information-mobile-chrome-retry1/trace.zip
    Usage:

        npx playwright show-trace test-results/ui-pages-contact-Contact-P-8a5ce-ld-have-contact-information-mobile-chrome-retry1/trace.zip

    ────────────────────────────────────────────────────────────────────────────────────────────────

  1990) [mobile-chrome] › e2e/ui/pages/contact.spec.ts:76:7 › Contact Page › should have map or location information 

    Error: page.goto: net::ERR_CONNECTION_REFUSED at http://localhost:4000/contact
    Call log:
      - navigating to "http://localhost:4000/contact", waiting until "load"


       at helpers/page-helpers.ts:13

      11 |
      12 |   async navigate(path: string) {
    > 13 |     await this.page.goto(path);
         |                     ^
      14 |     await this.page.waitForLoadState("networkidle");
      15 |   }
      16 |
        at BasePage.navigate (/home/tbaltzakis/cloudless.gr/e2e/helpers/page-helpers.ts:13:21)
        at /home/tbaltzakis/cloudless.gr/e2e/ui/pages/contact.spec.ts:19:16

    attachment #1: screenshot (image/png) ──────────────────────────────────────────────────────────
    test-results/ui-pages-contact-Contact-P-0491b-map-or-location-information-mobile-chrome/test-failed-1.png
    ────────────────────────────────────────────────────────────────────────────────────────────────

    attachment #2: video (video/webm) ──────────────────────────────────────────────────────────────
    test-results/ui-pages-contact-Contact-P-0491b-map-or-location-information-mobile-chrome/video.webm
    ────────────────────────────────────────────────────────────────────────────────────────────────

    Error Context: test-results/ui-pages-contact-Contact-P-0491b-map-or-location-information-mobile-chrome/error-context.md

    Retry #1 ───────────────────────────────────────────────────────────────────────────────────────

    Error: page.goto: net::ERR_CONNECTION_REFUSED at http://localhost:4000/contact
    Call log:
      - navigating to "http://localhost:4000/contact", waiting until "load"


       at helpers/page-helpers.ts:13

      11 |
      12 |   async navigate(path: string) {
    > 13 |     await this.page.goto(path);
         |                     ^
      14 |     await this.page.waitForLoadState("networkidle");
      15 |   }
      16 |
        at BasePage.navigate (/home/tbaltzakis/cloudless.gr/e2e/helpers/page-helpers.ts:13:21)
        at /home/tbaltzakis/cloudless.gr/e2e/ui/pages/contact.spec.ts:19:16

    attachment #1: screenshot (image/png) ──────────────────────────────────────────────────────────
    test-results/ui-pages-contact-Contact-P-0491b-map-or-location-information-mobile-chrome-retry1/test-failed-1.png
    ────────────────────────────────────────────────────────────────────────────────────────────────

    attachment #2: video (video/webm) ──────────────────────────────────────────────────────────────
    test-results/ui-pages-contact-Contact-P-0491b-map-or-location-information-mobile-chrome-retry1/video.webm
    ────────────────────────────────────────────────────────────────────────────────────────────────

    Error Context: test-results/ui-pages-contact-Contact-P-0491b-map-or-location-information-mobile-chrome-retry1/error-context.md

    attachment #4: trace (application/zip) ─────────────────────────────────────────────────────────
    test-results/ui-pages-contact-Contact-P-0491b-map-or-location-information-mobile-chrome-retry1/trace.zip
    Usage:

        npx playwright show-trace test-results/ui-pages-contact-Contact-P-0491b-map-or-location-information-mobile-chrome-retry1/trace.zip

    ────────────────────────────────────────────────────────────────────────────────────────────────

  1991) [mobile-chrome] › e2e/ui/pages/contact.spec.ts:87:7 › Contact Page › should have call-to-action for newsletter or consultation 

    Error: page.goto: net::ERR_CONNECTION_REFUSED at http://localhost:4000/contact
    Call log:
      - navigating to "http://localhost:4000/contact", waiting until "load"


       at helpers/page-helpers.ts:13

      11 |
      12 |   async navigate(path: string) {
    > 13 |     await this.page.goto(path);
         |                     ^
      14 |     await this.page.waitForLoadState("networkidle");
      15 |   }
      16 |
        at BasePage.navigate (/home/tbaltzakis/cloudless.gr/e2e/helpers/page-helpers.ts:13:21)
        at /home/tbaltzakis/cloudless.gr/e2e/ui/pages/contact.spec.ts:19:16

    attachment #1: screenshot (image/png) ──────────────────────────────────────────────────────────
    test-results/ui-pages-contact-Contact-P-16666--newsletter-or-consultation-mobile-chrome/test-failed-1.png
    ────────────────────────────────────────────────────────────────────────────────────────────────

    attachment #2: video (video/webm) ──────────────────────────────────────────────────────────────
    test-results/ui-pages-contact-Contact-P-16666--newsletter-or-consultation-mobile-chrome/video.webm
    ────────────────────────────────────────────────────────────────────────────────────────────────

    Error Context: test-results/ui-pages-contact-Contact-P-16666--newsletter-or-consultation-mobile-chrome/error-context.md

    Retry #1 ───────────────────────────────────────────────────────────────────────────────────────

    Error: page.goto: net::ERR_CONNECTION_REFUSED at http://localhost:4000/contact
    Call log:
      - navigating to "http://localhost:4000/contact", waiting until "load"


       at helpers/page-helpers.ts:13

      11 |
      12 |   async navigate(path: string) {
    > 13 |     await this.page.goto(path);
         |                     ^
      14 |     await this.page.waitForLoadState("networkidle");
      15 |   }
      16 |
        at BasePage.navigate (/home/tbaltzakis/cloudless.gr/e2e/helpers/page-helpers.ts:13:21)
        at /home/tbaltzakis/cloudless.gr/e2e/ui/pages/contact.spec.ts:19:16

    attachment #1: screenshot (image/png) ──────────────────────────────────────────────────────────
    test-results/ui-pages-contact-Contact-P-16666--newsletter-or-consultation-mobile-chrome-retry1/test-failed-1.png
    ────────────────────────────────────────────────────────────────────────────────────────────────

    attachment #2: video (video/webm) ──────────────────────────────────────────────────────────────
    test-results/ui-pages-contact-Contact-P-16666--newsletter-or-consultation-mobile-chrome-retry1/video.webm
    ────────────────────────────────────────────────────────────────────────────────────────────────

    Error Context: test-results/ui-pages-contact-Contact-P-16666--newsletter-or-consultation-mobile-chrome-retry1/error-context.md

    attachment #4: trace (application/zip) ─────────────────────────────────────────────────────────
    test-results/ui-pages-contact-Contact-P-16666--newsletter-or-consultation-mobile-chrome-retry1/trace.zip
    Usage:

        npx playwright show-trace test-results/ui-pages-contact-Contact-P-16666--newsletter-or-consultation-mobile-chrome-retry1/trace.zip

    ────────────────────────────────────────────────────────────────────────────────────────────────

  1992) [mobile-chrome] › e2e/ui/pages/contact.spec.ts:103:9 › Contact Page › Form Validation › should show validation errors for empty required fields 

    Error: page.goto: net::ERR_CONNECTION_REFUSED at http://localhost:4000/contact
    Call log:
      - navigating to "http://localhost:4000/contact", waiting until "load"


       at helpers/page-helpers.ts:13

      11 |
      12 |   async navigate(path: string) {
    > 13 |     await this.page.goto(path);
         |                     ^
      14 |     await this.page.waitForLoadState("networkidle");
      15 |   }
      16 |
        at BasePage.navigate (/home/tbaltzakis/cloudless.gr/e2e/helpers/page-helpers.ts:13:21)
        at /home/tbaltzakis/cloudless.gr/e2e/ui/pages/contact.spec.ts:19:16

    attachment #1: screenshot (image/png) ──────────────────────────────────────────────────────────
    test-results/ui-pages-contact-Contact-P-8d98f-s-for-empty-required-fields-mobile-chrome/test-failed-1.png
    ────────────────────────────────────────────────────────────────────────────────────────────────

    attachment #2: video (video/webm) ──────────────────────────────────────────────────────────────
    test-results/ui-pages-contact-Contact-P-8d98f-s-for-empty-required-fields-mobile-chrome/video.webm
    ────────────────────────────────────────────────────────────────────────────────────────────────

    Error Context: test-results/ui-pages-contact-Contact-P-8d98f-s-for-empty-required-fields-mobile-chrome/error-context.md

    Retry #1 ───────────────────────────────────────────────────────────────────────────────────────

    Error: page.goto: net::ERR_CONNECTION_REFUSED at http://localhost:4000/contact
    Call log:
      - navigating to "http://localhost:4000/contact", waiting until "load"


       at helpers/page-helpers.ts:13

      11 |
      12 |   async navigate(path: string) {
    > 13 |     await this.page.goto(path);
         |                     ^
      14 |     await this.page.waitForLoadState("networkidle");
      15 |   }
      16 |
        at BasePage.navigate (/home/tbaltzakis/cloudless.gr/e2e/helpers/page-helpers.ts:13:21)
        at /home/tbaltzakis/cloudless.gr/e2e/ui/pages/contact.spec.ts:19:16

    attachment #1: screenshot (image/png) ──────────────────────────────────────────────────────────
    test-results/ui-pages-contact-Contact-P-8d98f-s-for-empty-required-fields-mobile-chrome-retry1/test-failed-1.png
    ────────────────────────────────────────────────────────────────────────────────────────────────

    attachment #2: video (video/webm) ──────────────────────────────────────────────────────────────
    test-results/ui-pages-contact-Contact-P-8d98f-s-for-empty-required-fields-mobile-chrome-retry1/video.webm
    ────────────────────────────────────────────────────────────────────────────────────────────────

    Error Context: test-results/ui-pages-contact-Contact-P-8d98f-s-for-empty-required-fields-mobile-chrome-retry1/error-context.md

    attachment #4: trace (application/zip) ─────────────────────────────────────────────────────────
    test-results/ui-pages-contact-Contact-P-8d98f-s-for-empty-required-fields-mobile-chrome-retry1/trace.zip
    Usage:

        npx playwright show-trace test-results/ui-pages-contact-Contact-P-8d98f-s-for-empty-required-fields-mobile-chrome-retry1/trace.zip

    ────────────────────────────────────────────────────────────────────────────────────────────────

  1993) [mobile-chrome] › e2e/ui/pages/contact.spec.ts:120:9 › Contact Page › Form Validation › should show validation error for invalid email format 

    Error: page.goto: net::ERR_CONNECTION_REFUSED at http://localhost:4000/contact
    Call log:
      - navigating to "http://localhost:4000/contact", waiting until "load"


       at helpers/page-helpers.ts:13

      11 |
      12 |   async navigate(path: string) {
    > 13 |     await this.page.goto(path);
         |                     ^
      14 |     await this.page.waitForLoadState("networkidle");
      15 |   }
      16 |
        at BasePage.navigate (/home/tbaltzakis/cloudless.gr/e2e/helpers/page-helpers.ts:13:21)
        at /home/tbaltzakis/cloudless.gr/e2e/ui/pages/contact.spec.ts:19:16

    attachment #1: screenshot (image/png) ──────────────────────────────────────────────────────────
    test-results/ui-pages-contact-Contact-P-f110a-or-for-invalid-email-format-mobile-chrome/test-failed-1.png
    ────────────────────────────────────────────────────────────────────────────────────────────────

    attachment #2: video (video/webm) ──────────────────────────────────────────────────────────────
    test-results/ui-pages-contact-Contact-P-f110a-or-for-invalid-email-format-mobile-chrome/video.webm
    ────────────────────────────────────────────────────────────────────────────────────────────────

    Error Context: test-results/ui-pages-contact-Contact-P-f110a-or-for-invalid-email-format-mobile-chrome/error-context.md

    Retry #1 ───────────────────────────────────────────────────────────────────────────────────────

    Error: page.goto: net::ERR_CONNECTION_REFUSED at http://localhost:4000/contact
    Call log:
      - navigating to "http://localhost:4000/contact", waiting until "load"


       at helpers/page-helpers.ts:13

      11 |
      12 |   async navigate(path: string) {
    > 13 |     await this.page.goto(path);
         |                     ^
      14 |     await this.page.waitForLoadState("networkidle");
      15 |   }
      16 |
        at BasePage.navigate (/home/tbaltzakis/cloudless.gr/e2e/helpers/page-helpers.ts:13:21)
        at /home/tbaltzakis/cloudless.gr/e2e/ui/pages/contact.spec.ts:19:16

    attachment #1: screenshot (image/png) ──────────────────────────────────────────────────────────
    test-results/ui-pages-contact-Contact-P-f110a-or-for-invalid-email-format-mobile-chrome-retry1/test-failed-1.png
    ────────────────────────────────────────────────────────────────────────────────────────────────

    attachment #2: video (video/webm) ──────────────────────────────────────────────────────────────
    test-results/ui-pages-contact-Contact-P-f110a-or-for-invalid-email-format-mobile-chrome-retry1/video.webm
    ────────────────────────────────────────────────────────────────────────────────────────────────

    Error Context: test-results/ui-pages-contact-Contact-P-f110a-or-for-invalid-email-format-mobile-chrome-retry1/error-context.md

    attachment #4: trace (application/zip) ─────────────────────────────────────────────────────────
    test-results/ui-pages-contact-Contact-P-f110a-or-for-invalid-email-format-mobile-chrome-retry1/trace.zip
    Usage:

        npx playwright show-trace test-results/ui-pages-contact-Contact-P-f110a-or-for-invalid-email-format-mobile-chrome-retry1/trace.zip

    ────────────────────────────────────────────────────────────────────────────────────────────────

  1994) [mobile-chrome] › e2e/ui/pages/contact.spec.ts:142:9 › Contact Page › Form Validation › should submit form successfully with valid data 

    Error: page.goto: net::ERR_CONNECTION_REFUSED at http://localhost:4000/contact
    Call log:
      - navigating to "http://localhost:4000/contact", waiting until "load"


       at helpers/page-helpers.ts:13

      11 |
      12 |   async navigate(path: string) {
    > 13 |     await this.page.goto(path);
         |                     ^
      14 |     await this.page.waitForLoadState("networkidle");
      15 |   }
      16 |
        at BasePage.navigate (/home/tbaltzakis/cloudless.gr/e2e/helpers/page-helpers.ts:13:21)
        at /home/tbaltzakis/cloudless.gr/e2e/ui/pages/contact.spec.ts:19:16

    attachment #1: screenshot (image/png) ──────────────────────────────────────────────────────────
    test-results/ui-pages-contact-Contact-P-af26c-uccessfully-with-valid-data-mobile-chrome/test-failed-1.png
    ────────────────────────────────────────────────────────────────────────────────────────────────

    attachment #2: video (video/webm) ──────────────────────────────────────────────────────────────
    test-results/ui-pages-contact-Contact-P-af26c-uccessfully-with-valid-data-mobile-chrome/video.webm
    ────────────────────────────────────────────────────────────────────────────────────────────────

    Error Context: test-results/ui-pages-contact-Contact-P-af26c-uccessfully-with-valid-data-mobile-chrome/error-context.md

    Retry #1 ───────────────────────────────────────────────────────────────────────────────────────

    Error: page.goto: net::ERR_CONNECTION_REFUSED at http://localhost:4000/contact
    Call log:
      - navigating to "http://localhost:4000/contact", waiting until "load"


       at helpers/page-helpers.ts:13

      11 |
      12 |   async navigate(path: string) {
    > 13 |     await this.page.goto(path);
         |                     ^
      14 |     await this.page.waitForLoadState("networkidle");
      15 |   }
      16 |
        at BasePage.navigate (/home/tbaltzakis/cloudless.gr/e2e/helpers/page-helpers.ts:13:21)
        at /home/tbaltzakis/cloudless.gr/e2e/ui/pages/contact.spec.ts:19:16

    attachment #1: screenshot (image/png) ──────────────────────────────────────────────────────────
    test-results/ui-pages-contact-Contact-P-af26c-uccessfully-with-valid-data-mobile-chrome-retry1/test-failed-1.png
    ────────────────────────────────────────────────────────────────────────────────────────────────

    attachment #2: video (video/webm) ──────────────────────────────────────────────────────────────
    test-results/ui-pages-contact-Contact-P-af26c-uccessfully-with-valid-data-mobile-chrome-retry1/video.webm
    ────────────────────────────────────────────────────────────────────────────────────────────────

    Error Context: test-results/ui-pages-contact-Contact-P-af26c-uccessfully-with-valid-data-mobile-chrome-retry1/error-context.md

    attachment #4: trace (application/zip) ─────────────────────────────────────────────────────────
    test-results/ui-pages-contact-Contact-P-af26c-uccessfully-with-valid-data-mobile-chrome-retry1/trace.zip
    Usage:

        npx playwright show-trace test-results/ui-pages-contact-Contact-P-af26c-uccessfully-with-valid-data-mobile-chrome-retry1/trace.zip

    ────────────────────────────────────────────────────────────────────────────────────────────────

  1995) [mobile-chrome] › e2e/ui/pages/contact.spec.ts:169:9 › Contact Page › Authentication › should show authenticated user info when logged in 

    Error: page.goto: net::ERR_CONNECTION_REFUSED at http://localhost:4000/contact
    Call log:
      - navigating to "http://localhost:4000/contact", waiting until "load"


       at helpers/page-helpers.ts:13

      11 |
      12 |   async navigate(path: string) {
    > 13 |     await this.page.goto(path);
         |                     ^
      14 |     await this.page.waitForLoadState("networkidle");
      15 |   }
      16 |
        at BasePage.navigate (/home/tbaltzakis/cloudless.gr/e2e/helpers/page-helpers.ts:13:21)
        at /home/tbaltzakis/cloudless.gr/e2e/ui/pages/contact.spec.ts:19:16

    attachment #1: screenshot (image/png) ──────────────────────────────────────────────────────────
    test-results/ui-pages-contact-Contact-P-73434-ed-user-info-when-logged-in-mobile-chrome/test-failed-1.png
    ────────────────────────────────────────────────────────────────────────────────────────────────

    attachment #2: video (video/webm) ──────────────────────────────────────────────────────────────
    test-results/ui-pages-contact-Contact-P-73434-ed-user-info-when-logged-in-mobile-chrome/video.webm
    ────────────────────────────────────────────────────────────────────────────────────────────────

    Error Context: test-results/ui-pages-contact-Contact-P-73434-ed-user-info-when-logged-in-mobile-chrome/error-context.md

    Retry #1 ───────────────────────────────────────────────────────────────────────────────────────

    Error: page.goto: net::ERR_CONNECTION_REFUSED at http://localhost:4000/contact
    Call log:
      - navigating to "http://localhost:4000/contact", waiting until "load"


       at helpers/page-helpers.ts:13

      11 |
      12 |   async navigate(path: string) {
    > 13 |     await this.page.goto(path);
         |                     ^
      14 |     await this.page.waitForLoadState("networkidle");
      15 |   }
      16 |
        at BasePage.navigate (/home/tbaltzakis/cloudless.gr/e2e/helpers/page-helpers.ts:13:21)
        at /home/tbaltzakis/cloudless.gr/e2e/ui/pages/contact.spec.ts:19:16

    attachment #1: screenshot (image/png) ──────────────────────────────────────────────────────────
    test-results/ui-pages-contact-Contact-P-73434-ed-user-info-when-logged-in-mobile-chrome-retry1/test-failed-1.png
    ────────────────────────────────────────────────────────────────────────────────────────────────

    attachment #2: video (video/webm) ──────────────────────────────────────────────────────────────
    test-results/ui-pages-contact-Contact-P-73434-ed-user-info-when-logged-in-mobile-chrome-retry1/video.webm
    ────────────────────────────────────────────────────────────────────────────────────────────────

    Error Context: test-results/ui-pages-contact-Contact-P-73434-ed-user-info-when-logged-in-mobile-chrome-retry1/error-context.md

    attachment #4: trace (application/zip) ─────────────────────────────────────────────────────────
    test-results/ui-pages-contact-Contact-P-73434-ed-user-info-when-logged-in-mobile-chrome-retry1/trace.zip
    Usage:

        npx playwright show-trace test-results/ui-pages-contact-Contact-P-73434-ed-user-info-when-logged-in-mobile-chrome-retry1/trace.zip

    ────────────────────────────────────────────────────────────────────────────────────────────────

  1996) [mobile-chrome] › e2e/ui/pages/contact.spec.ts:193:9 › Contact Page › Responsive Design › should render correctly on mobile 

    Error: page.goto: net::ERR_CONNECTION_REFUSED at http://localhost:4000/contact
    Call log:
      - navigating to "http://localhost:4000/contact", waiting until "load"


       at helpers/page-helpers.ts:13

      11 |
      12 |   async navigate(path: string) {
    > 13 |     await this.page.goto(path);
         |                     ^
      14 |     await this.page.waitForLoadState("networkidle");
      15 |   }
      16 |
        at BasePage.navigate (/home/tbaltzakis/cloudless.gr/e2e/helpers/page-helpers.ts:13:21)
        at /home/tbaltzakis/cloudless.gr/e2e/ui/pages/contact.spec.ts:19:16

    attachment #1: screenshot (image/png) ──────────────────────────────────────────────────────────
    test-results/ui-pages-contact-Contact-P-69998--render-correctly-on-mobile-mobile-chrome/test-failed-1.png
    ────────────────────────────────────────────────────────────────────────────────────────────────

    attachment #2: video (video/webm) ──────────────────────────────────────────────────────────────
    test-results/ui-pages-contact-Contact-P-69998--render-correctly-on-mobile-mobile-chrome/video.webm
    ────────────────────────────────────────────────────────────────────────────────────────────────

    Error Context: test-results/ui-pages-contact-Contact-P-69998--render-correctly-on-mobile-mobile-chrome/error-context.md

    Retry #1 ───────────────────────────────────────────────────────────────────────────────────────

    Error: page.goto: net::ERR_CONNECTION_REFUSED at http://localhost:4000/contact
    Call log:
      - navigating to "http://localhost:4000/contact", waiting until "load"


       at helpers/page-helpers.ts:13

      11 |
      12 |   async navigate(path: string) {
    > 13 |     await this.page.goto(path);
         |                     ^
      14 |     await this.page.waitForLoadState("networkidle");
      15 |   }
      16 |
        at BasePage.navigate (/home/tbaltzakis/cloudless.gr/e2e/helpers/page-helpers.ts:13:21)
        at /home/tbaltzakis/cloudless.gr/e2e/ui/pages/contact.spec.ts:19:16

    attachment #1: screenshot (image/png) ──────────────────────────────────────────────────────────
    test-results/ui-pages-contact-Contact-P-69998--render-correctly-on-mobile-mobile-chrome-retry1/test-failed-1.png
    ────────────────────────────────────────────────────────────────────────────────────────────────

    attachment #2: video (video/webm) ──────────────────────────────────────────────────────────────
    test-results/ui-pages-contact-Contact-P-69998--render-correctly-on-mobile-mobile-chrome-retry1/video.webm
    ────────────────────────────────────────────────────────────────────────────────────────────────

    Error Context: test-results/ui-pages-contact-Contact-P-69998--render-correctly-on-mobile-mobile-chrome-retry1/error-context.md

    attachment #4: trace (application/zip) ─────────────────────────────────────────────────────────
    test-results/ui-pages-contact-Contact-P-69998--render-correctly-on-mobile-mobile-chrome-retry1/trace.zip
    Usage:

        npx playwright show-trace test-results/ui-pages-contact-Contact-P-69998--render-correctly-on-mobile-mobile-chrome-retry1/trace.zip

    ────────────────────────────────────────────────────────────────────────────────────────────────

  1997) [mobile-chrome] › e2e/ui/pages/contact.spec.ts:215:9 › Contact Page › Responsive Design › should render correctly on tablet 

    Error: page.goto: net::ERR_CONNECTION_REFUSED at http://localhost:4000/contact
    Call log:
      - navigating to "http://localhost:4000/contact", waiting until "load"


       at helpers/page-helpers.ts:13

      11 |
      12 |   async navigate(path: string) {
    > 13 |     await this.page.goto(path);
         |                     ^
      14 |     await this.page.waitForLoadState("networkidle");
      15 |   }
      16 |
        at BasePage.navigate (/home/tbaltzakis/cloudless.gr/e2e/helpers/page-helpers.ts:13:21)
        at /home/tbaltzakis/cloudless.gr/e2e/ui/pages/contact.spec.ts:19:16

    attachment #1: screenshot (image/png) ──────────────────────────────────────────────────────────
    test-results/ui-pages-contact-Contact-P-208f4--render-correctly-on-tablet-mobile-chrome/test-failed-1.png
    ────────────────────────────────────────────────────────────────────────────────────────────────

    attachment #2: video (video/webm) ──────────────────────────────────────────────────────────────
    test-results/ui-pages-contact-Contact-P-208f4--render-correctly-on-tablet-mobile-chrome/video.webm
    ────────────────────────────────────────────────────────────────────────────────────────────────

    Error Context: test-results/ui-pages-contact-Contact-P-208f4--render-correctly-on-tablet-mobile-chrome/error-context.md

    Retry #1 ───────────────────────────────────────────────────────────────────────────────────────

    Error: page.goto: net::ERR_CONNECTION_REFUSED at http://localhost:4000/contact
    Call log:
      - navigating to "http://localhost:4000/contact", waiting until "load"


       at helpers/page-helpers.ts:13

      11 |
      12 |   async navigate(path: string) {
    > 13 |     await this.page.goto(path);
         |                     ^
      14 |     await this.page.waitForLoadState("networkidle");
      15 |   }
      16 |
        at BasePage.navigate (/home/tbaltzakis/cloudless.gr/e2e/helpers/page-helpers.ts:13:21)
        at /home/tbaltzakis/cloudless.gr/e2e/ui/pages/contact.spec.ts:19:16

    attachment #1: screenshot (image/png) ──────────────────────────────────────────────────────────
    test-results/ui-pages-contact-Contact-P-208f4--render-correctly-on-tablet-mobile-chrome-retry1/test-failed-1.png
    ────────────────────────────────────────────────────────────────────────────────────────────────

    attachment #2: video (video/webm) ──────────────────────────────────────────────────────────────
    test-results/ui-pages-contact-Contact-P-208f4--render-correctly-on-tablet-mobile-chrome-retry1/video.webm
    ────────────────────────────────────────────────────────────────────────────────────────────────

    Error Context: test-results/ui-pages-contact-Contact-P-208f4--render-correctly-on-tablet-mobile-chrome-retry1/error-context.md

    attachment #4: trace (application/zip) ─────────────────────────────────────────────────────────
    test-results/ui-pages-contact-Contact-P-208f4--render-correctly-on-tablet-mobile-chrome-retry1/trace.zip
    Usage:

        npx playwright show-trace test-results/ui-pages-contact-Contact-P-208f4--render-correctly-on-tablet-mobile-chrome-retry1/trace.zip

    ────────────────────────────────────────────────────────────────────────────────────────────────

  1998) [mobile-chrome] › e2e/ui/pages/contact.spec.ts:228:9 › Contact Page › Responsive Design › should render correctly on desktop 

    Error: page.goto: net::ERR_CONNECTION_REFUSED at http://localhost:4000/contact
    Call log:
      - navigating to "http://localhost:4000/contact", waiting until "load"


       at helpers/page-helpers.ts:13

      11 |
      12 |   async navigate(path: string) {
    > 13 |     await this.page.goto(path);
         |                     ^
      14 |     await this.page.waitForLoadState("networkidle");
      15 |   }
      16 |
        at BasePage.navigate (/home/tbaltzakis/cloudless.gr/e2e/helpers/page-helpers.ts:13:21)
        at /home/tbaltzakis/cloudless.gr/e2e/ui/pages/contact.spec.ts:19:16

    attachment #1: screenshot (image/png) ──────────────────────────────────────────────────────────
    test-results/ui-pages-contact-Contact-P-20e5c-render-correctly-on-desktop-mobile-chrome/test-failed-1.png
    ────────────────────────────────────────────────────────────────────────────────────────────────

    attachment #2: video (video/webm) ──────────────────────────────────────────────────────────────
    test-results/ui-pages-contact-Contact-P-20e5c-render-correctly-on-desktop-mobile-chrome/video.webm
    ────────────────────────────────────────────────────────────────────────────────────────────────

    Error Context: test-results/ui-pages-contact-Contact-P-20e5c-render-correctly-on-desktop-mobile-chrome/error-context.md

    Retry #1 ───────────────────────────────────────────────────────────────────────────────────────

    Error: page.goto: net::ERR_CONNECTION_REFUSED at http://localhost:4000/contact
    Call log:
      - navigating to "http://localhost:4000/contact", waiting until "load"


       at helpers/page-helpers.ts:13

      11 |
      12 |   async navigate(path: string) {
    > 13 |     await this.page.goto(path);
         |                     ^
      14 |     await this.page.waitForLoadState("networkidle");
      15 |   }
      16 |
        at BasePage.navigate (/home/tbaltzakis/cloudless.gr/e2e/helpers/page-helpers.ts:13:21)
        at /home/tbaltzakis/cloudless.gr/e2e/ui/pages/contact.spec.ts:19:16

    attachment #1: screenshot (image/png) ──────────────────────────────────────────────────────────
    test-results/ui-pages-contact-Contact-P-20e5c-render-correctly-on-desktop-mobile-chrome-retry1/test-failed-1.png
    ────────────────────────────────────────────────────────────────────────────────────────────────

    attachment #2: video (video/webm) ──────────────────────────────────────────────────────────────
    test-results/ui-pages-contact-Contact-P-20e5c-render-correctly-on-desktop-mobile-chrome-retry1/video.webm
    ────────────────────────────────────────────────────────────────────────────────────────────────

    Error Context: test-results/ui-pages-contact-Contact-P-20e5c-render-correctly-on-desktop-mobile-chrome-retry1/error-context.md

    attachment #4: trace (application/zip) ─────────────────────────────────────────────────────────
    test-results/ui-pages-contact-Contact-P-20e5c-render-correctly-on-desktop-mobile-chrome-retry1/trace.zip
    Usage:

        npx playwright show-trace test-results/ui-pages-contact-Contact-P-20e5c-render-correctly-on-desktop-mobile-chrome-retry1/trace.zip

    ────────────────────────────────────────────────────────────────────────────────────────────────

  1999) [mobile-chrome] › e2e/ui/pages/contact.spec.ts:246:9 › Contact Page › Navigation › should navigate to homepage 

    Error: page.goto: net::ERR_CONNECTION_REFUSED at http://localhost:4000/contact
    Call log:
      - navigating to "http://localhost:4000/contact", waiting until "load"


       at helpers/page-helpers.ts:13

      11 |
      12 |   async navigate(path: string) {
    > 13 |     await this.page.goto(path);
         |                     ^
      14 |     await this.page.waitForLoadState("networkidle");
      15 |   }
      16 |
        at BasePage.navigate (/home/tbaltzakis/cloudless.gr/e2e/helpers/page-helpers.ts:13:21)
        at /home/tbaltzakis/cloudless.gr/e2e/ui/pages/contact.spec.ts:19:16

    attachment #1: screenshot (image/png) ──────────────────────────────────────────────────────────
    test-results/ui-pages-contact-Contact-P-303bc-should-navigate-to-homepage-mobile-chrome/test-failed-1.png
    ────────────────────────────────────────────────────────────────────────────────────────────────

    attachment #2: video (video/webm) ──────────────────────────────────────────────────────────────
    test-results/ui-pages-contact-Contact-P-303bc-should-navigate-to-homepage-mobile-chrome/video.webm
    ────────────────────────────────────────────────────────────────────────────────────────────────

    Error Context: test-results/ui-pages-contact-Contact-P-303bc-should-navigate-to-homepage-mobile-chrome/error-context.md

    Retry #1 ───────────────────────────────────────────────────────────────────────────────────────

    Error: page.goto: net::ERR_CONNECTION_REFUSED at http://localhost:4000/contact
    Call log:
      - navigating to "http://localhost:4000/contact", waiting until "load"


       at helpers/page-helpers.ts:13

      11 |
      12 |   async navigate(path: string) {
    > 13 |     await this.page.goto(path);
         |                     ^
      14 |     await this.page.waitForLoadState("networkidle");
      15 |   }
      16 |
        at BasePage.navigate (/home/tbaltzakis/cloudless.gr/e2e/helpers/page-helpers.ts:13:21)
        at /home/tbaltzakis/cloudless.gr/e2e/ui/pages/contact.spec.ts:19:16

    attachment #1: screenshot (image/png) ──────────────────────────────────────────────────────────
    test-results/ui-pages-contact-Contact-P-303bc-should-navigate-to-homepage-mobile-chrome-retry1/test-failed-1.png
    ────────────────────────────────────────────────────────────────────────────────────────────────

    attachment #2: video (video/webm) ──────────────────────────────────────────────────────────────
    test-results/ui-pages-contact-Contact-P-303bc-should-navigate-to-homepage-mobile-chrome-retry1/video.webm
    ────────────────────────────────────────────────────────────────────────────────────────────────

    Error Context: test-results/ui-pages-contact-Contact-P-303bc-should-navigate-to-homepage-mobile-chrome-retry1/error-context.md

    attachment #4: trace (application/zip) ─────────────────────────────────────────────────────────
    test-results/ui-pages-contact-Contact-P-303bc-should-navigate-to-homepage-mobile-chrome-retry1/trace.zip
    Usage:

        npx playwright show-trace test-results/ui-pages-contact-Contact-P-303bc-should-navigate-to-homepage-mobile-chrome-retry1/trace.zip

    ────────────────────────────────────────────────────────────────────────────────────────────────

  2000) [mobile-chrome] › e2e/ui/pages/contact.spec.ts:254:9 › Contact Page › Navigation › should navigate to services 

    Error: page.goto: net::ERR_CONNECTION_REFUSED at http://localhost:4000/contact
    Call log:
      - navigating to "http://localhost:4000/contact", waiting until "load"


       at helpers/page-helpers.ts:13

      11 |
      12 |   async navigate(path: string) {
    > 13 |     await this.page.goto(path);
         |                     ^
      14 |     await this.page.waitForLoadState("networkidle");
      15 |   }
      16 |
        at BasePage.navigate (/home/tbaltzakis/cloudless.gr/e2e/helpers/page-helpers.ts:13:21)
        at /home/tbaltzakis/cloudless.gr/e2e/ui/pages/contact.spec.ts:19:16

    attachment #1: screenshot (image/png) ──────────────────────────────────────────────────────────
    test-results/ui-pages-contact-Contact-P-8d7cc-should-navigate-to-services-mobile-chrome/test-failed-1.png
    ────────────────────────────────────────────────────────────────────────────────────────────────

    attachment #2: video (video/webm) ──────────────────────────────────────────────────────────────
    test-results/ui-pages-contact-Contact-P-8d7cc-should-navigate-to-services-mobile-chrome/video.webm
    ────────────────────────────────────────────────────────────────────────────────────────────────

    Error Context: test-results/ui-pages-contact-Contact-P-8d7cc-should-navigate-to-services-mobile-chrome/error-context.md

    Retry #1 ───────────────────────────────────────────────────────────────────────────────────────

    Error: page.goto: net::ERR_CONNECTION_REFUSED at http://localhost:4000/contact
    Call log:
      - navigating to "http://localhost:4000/contact", waiting until "load"


       at helpers/page-helpers.ts:13

      11 |
      12 |   async navigate(path: string) {
    > 13 |     await this.page.goto(path);
         |                     ^
      14 |     await this.page.waitForLoadState("networkidle");
      15 |   }
      16 |
        at BasePage.navigate (/home/tbaltzakis/cloudless.gr/e2e/helpers/page-helpers.ts:13:21)
        at /home/tbaltzakis/cloudless.gr/e2e/ui/pages/contact.spec.ts:19:16

    attachment #1: screenshot (image/png) ──────────────────────────────────────────────────────────
    test-results/ui-pages-contact-Contact-P-8d7cc-should-navigate-to-services-mobile-chrome-retry1/test-failed-1.png
    ────────────────────────────────────────────────────────────────────────────────────────────────

    attachment #2: video (video/webm) ──────────────────────────────────────────────────────────────
    test-results/ui-pages-contact-Contact-P-8d7cc-should-navigate-to-services-mobile-chrome-retry1/video.webm
    ────────────────────────────────────────────────────────────────────────────────────────────────

    Error Context: test-results/ui-pages-contact-Contact-P-8d7cc-should-navigate-to-services-mobile-chrome-retry1/error-context.md

    attachment #4: trace (application/zip) ─────────────────────────────────────────────────────────
    test-results/ui-pages-contact-Contact-P-8d7cc-should-navigate-to-services-mobile-chrome-retry1/trace.zip
    Usage:

        npx playwright show-trace test-results/ui-pages-contact-Contact-P-8d7cc-should-navigate-to-services-mobile-chrome-retry1/trace.zip

    ────────────────────────────────────────────────────────────────────────────────────────────────

  2001) [mobile-chrome] › e2e/ui/pages/contact.spec.ts:262:9 › Contact Page › Navigation › should navigate to store 

    Error: page.goto: net::ERR_CONNECTION_REFUSED at http://localhost:4000/contact
    Call log:
      - navigating to "http://localhost:4000/contact", waiting until "load"


       at helpers/page-helpers.ts:13

      11 |
      12 |   async navigate(path: string) {
    > 13 |     await this.page.goto(path);
         |                     ^
      14 |     await this.page.waitForLoadState("networkidle");
      15 |   }
      16 |
        at BasePage.navigate (/home/tbaltzakis/cloudless.gr/e2e/helpers/page-helpers.ts:13:21)
        at /home/tbaltzakis/cloudless.gr/e2e/ui/pages/contact.spec.ts:19:16

    attachment #1: screenshot (image/png) ──────────────────────────────────────────────────────────
    test-results/ui-pages-contact-Contact-P-6dc9e-on-should-navigate-to-store-mobile-chrome/test-failed-1.png
    ────────────────────────────────────────────────────────────────────────────────────────────────

    attachment #2: video (video/webm) ──────────────────────────────────────────────────────────────
    test-results/ui-pages-contact-Contact-P-6dc9e-on-should-navigate-to-store-mobile-chrome/video.webm
    ────────────────────────────────────────────────────────────────────────────────────────────────

    Error Context: test-results/ui-pages-contact-Contact-P-6dc9e-on-should-navigate-to-store-mobile-chrome/error-context.md

    Retry #1 ───────────────────────────────────────────────────────────────────────────────────────

    Error: page.goto: net::ERR_CONNECTION_REFUSED at http://localhost:4000/contact
    Call log:
      - navigating to "http://localhost:4000/contact", waiting until "load"


       at helpers/page-helpers.ts:13

      11 |
      12 |   async navigate(path: string) {
    > 13 |     await this.page.goto(path);
         |                     ^
      14 |     await this.page.waitForLoadState("networkidle");
      15 |   }
      16 |
        at BasePage.navigate (/home/tbaltzakis/cloudless.gr/e2e/helpers/page-helpers.ts:13:21)
        at /home/tbaltzakis/cloudless.gr/e2e/ui/pages/contact.spec.ts:19:16

    attachment #1: screenshot (image/png) ──────────────────────────────────────────────────────────
    test-results/ui-pages-contact-Contact-P-6dc9e-on-should-navigate-to-store-mobile-chrome-retry1/test-failed-1.png
    ────────────────────────────────────────────────────────────────────────────────────────────────

    attachment #2: video (video/webm) ──────────────────────────────────────────────────────────────
    test-results/ui-pages-contact-Contact-P-6dc9e-on-should-navigate-to-store-mobile-chrome-retry1/video.webm
    ────────────────────────────────────────────────────────────────────────────────────────────────

    Error Context: test-results/ui-pages-contact-Contact-P-6dc9e-on-should-navigate-to-store-mobile-chrome-retry1/error-context.md

    attachment #4: trace (application/zip) ─────────────────────────────────────────────────────────
    test-results/ui-pages-contact-Contact-P-6dc9e-on-should-navigate-to-store-mobile-chrome-retry1/trace.zip
    Usage:

        npx playwright show-trace test-results/ui-pages-contact-Contact-P-6dc9e-on-should-navigate-to-store-mobile-chrome-retry1/trace.zip

    ────────────────────────────────────────────────────────────────────────────────────────────────

  2002) [mobile-chrome] › e2e/ui/pages/contact.spec.ts:270:9 › Contact Page › Navigation › should navigate to blog 

    Error: page.goto: net::ERR_CONNECTION_REFUSED at http://localhost:4000/contact
    Call log:
      - navigating to "http://localhost:4000/contact", waiting until "load"


       at helpers/page-helpers.ts:13

      11 |
      12 |   async navigate(path: string) {
    > 13 |     await this.page.goto(path);
         |                     ^
      14 |     await this.page.waitForLoadState("networkidle");
      15 |   }
      16 |
        at BasePage.navigate (/home/tbaltzakis/cloudless.gr/e2e/helpers/page-helpers.ts:13:21)
        at /home/tbaltzakis/cloudless.gr/e2e/ui/pages/contact.spec.ts:19:16

    attachment #1: screenshot (image/png) ──────────────────────────────────────────────────────────
    test-results/ui-pages-contact-Contact-P-28620-ion-should-navigate-to-blog-mobile-chrome/test-failed-1.png
    ────────────────────────────────────────────────────────────────────────────────────────────────

    attachment #2: video (video/webm) ──────────────────────────────────────────────────────────────
    test-results/ui-pages-contact-Contact-P-28620-ion-should-navigate-to-blog-mobile-chrome/video.webm
    ────────────────────────────────────────────────────────────────────────────────────────────────

    Error Context: test-results/ui-pages-contact-Contact-P-28620-ion-should-navigate-to-blog-mobile-chrome/error-context.md

    Retry #1 ───────────────────────────────────────────────────────────────────────────────────────

    Error: page.goto: net::ERR_CONNECTION_REFUSED at http://localhost:4000/contact
    Call log:
      - navigating to "http://localhost:4000/contact", waiting until "load"


       at helpers/page-helpers.ts:13

      11 |
      12 |   async navigate(path: string) {
    > 13 |     await this.page.goto(path);
         |                     ^
      14 |     await this.page.waitForLoadState("networkidle");
      15 |   }
      16 |
        at BasePage.navigate (/home/tbaltzakis/cloudless.gr/e2e/helpers/page-helpers.ts:13:21)
        at /home/tbaltzakis/cloudless.gr/e2e/ui/pages/contact.spec.ts:19:16

    attachment #1: screenshot (image/png) ──────────────────────────────────────────────────────────
    test-results/ui-pages-contact-Contact-P-28620-ion-should-navigate-to-blog-mobile-chrome-retry1/test-failed-1.png
    ────────────────────────────────────────────────────────────────────────────────────────────────

    attachment #2: video (video/webm) ──────────────────────────────────────────────────────────────
    test-results/ui-pages-contact-Contact-P-28620-ion-should-navigate-to-blog-mobile-chrome-retry1/video.webm
    ────────────────────────────────────────────────────────────────────────────────────────────────

    Error Context: test-results/ui-pages-contact-Contact-P-28620-ion-should-navigate-to-blog-mobile-chrome-retry1/error-context.md

    attachment #4: trace (application/zip) ─────────────────────────────────────────────────────────
    test-results/ui-pages-contact-Contact-P-28620-ion-should-navigate-to-blog-mobile-chrome-retry1/trace.zip
    Usage:

        npx playwright show-trace test-results/ui-pages-contact-Contact-P-28620-ion-should-navigate-to-blog-mobile-chrome-retry1/trace.zip

    ────────────────────────────────────────────────────────────────────────────────────────────────

  2003) [mobile-chrome] › e2e/ui/pages/contact.spec.ts:280:9 › Contact Page › Accessibility › should have proper language attribute 

    Error: page.goto: net::ERR_CONNECTION_REFUSED at http://localhost:4000/contact
    Call log:
      - navigating to "http://localhost:4000/contact", waiting until "load"


       at helpers/page-helpers.ts:13

      11 |
      12 |   async navigate(path: string) {
    > 13 |     await this.page.goto(path);
         |                     ^
      14 |     await this.page.waitForLoadState("networkidle");
      15 |   }
      16 |
        at BasePage.navigate (/home/tbaltzakis/cloudless.gr/e2e/helpers/page-helpers.ts:13:21)
        at /home/tbaltzakis/cloudless.gr/e2e/ui/pages/contact.spec.ts:19:16

    attachment #1: screenshot (image/png) ──────────────────────────────────────────────────────────
    test-results/ui-pages-contact-Contact-P-ed9f0-e-proper-language-attribute-mobile-chrome/test-failed-1.png
    ────────────────────────────────────────────────────────────────────────────────────────────────

    attachment #2: video (video/webm) ──────────────────────────────────────────────────────────────
    test-results/ui-pages-contact-Contact-P-ed9f0-e-proper-language-attribute-mobile-chrome/video.webm
    ────────────────────────────────────────────────────────────────────────────────────────────────

    Error Context: test-results/ui-pages-contact-Contact-P-ed9f0-e-proper-language-attribute-mobile-chrome/error-context.md

    Retry #1 ───────────────────────────────────────────────────────────────────────────────────────

    Error: page.goto: net::ERR_CONNECTION_REFUSED at http://localhost:4000/contact
    Call log:
      - navigating to "http://localhost:4000/contact", waiting until "load"


       at helpers/page-helpers.ts:13

      11 |
      12 |   async navigate(path: string) {
    > 13 |     await this.page.goto(path);
         |                     ^
      14 |     await this.page.waitForLoadState("networkidle");
      15 |   }
      16 |
        at BasePage.navigate (/home/tbaltzakis/cloudless.gr/e2e/helpers/page-helpers.ts:13:21)
        at /home/tbaltzakis/cloudless.gr/e2e/ui/pages/contact.spec.ts:19:16

    attachment #1: screenshot (image/png) ──────────────────────────────────────────────────────────
    test-results/ui-pages-contact-Contact-P-ed9f0-e-proper-language-attribute-mobile-chrome-retry1/test-failed-1.png
    ────────────────────────────────────────────────────────────────────────────────────────────────

    attachment #2: video (video/webm) ──────────────────────────────────────────────────────────────
    test-results/ui-pages-contact-Contact-P-ed9f0-e-proper-language-attribute-mobile-chrome-retry1/video.webm
    ────────────────────────────────────────────────────────────────────────────────────────────────

    Error Context: test-results/ui-pages-contact-Contact-P-ed9f0-e-proper-language-attribute-mobile-chrome-retry1/error-context.md

    attachment #4: trace (application/zip) ─────────────────────────────────────────────────────────
    test-results/ui-pages-contact-Contact-P-ed9f0-e-proper-language-attribute-mobile-chrome-retry1/trace.zip
    Usage:

        npx playwright show-trace test-results/ui-pages-contact-Contact-P-ed9f0-e-proper-language-attribute-mobile-chrome-retry1/trace.zip

    ────────────────────────────────────────────────────────────────────────────────────────────────

  2004) [mobile-chrome] › e2e/ui/pages/contact.spec.ts:286:9 › Contact Page › Accessibility › should have accessible form labels 

    Error: page.goto: net::ERR_CONNECTION_REFUSED at http://localhost:4000/contact
    Call log:
      - navigating to "http://localhost:4000/contact", waiting until "load"


       at helpers/page-helpers.ts:13

      11 |
      12 |   async navigate(path: string) {
    > 13 |     await this.page.goto(path);
         |                     ^
      14 |     await this.page.waitForLoadState("networkidle");
      15 |   }
      16 |
        at BasePage.navigate (/home/tbaltzakis/cloudless.gr/e2e/helpers/page-helpers.ts:13:21)
        at /home/tbaltzakis/cloudless.gr/e2e/ui/pages/contact.spec.ts:19:16

    attachment #1: screenshot (image/png) ──────────────────────────────────────────────────────────
    test-results/ui-pages-contact-Contact-P-16fba-have-accessible-form-labels-mobile-chrome/test-failed-1.png
    ────────────────────────────────────────────────────────────────────────────────────────────────

    attachment #2: video (video/webm) ──────────────────────────────────────────────────────────────
    test-results/ui-pages-contact-Contact-P-16fba-have-accessible-form-labels-mobile-chrome/video.webm
    ────────────────────────────────────────────────────────────────────────────────────────────────

    Error Context: test-results/ui-pages-contact-Contact-P-16fba-have-accessible-form-labels-mobile-chrome/error-context.md

    Retry #1 ───────────────────────────────────────────────────────────────────────────────────────

    Error: page.goto: net::ERR_CONNECTION_REFUSED at http://localhost:4000/contact
    Call log:
      - navigating to "http://localhost:4000/contact", waiting until "load"


       at helpers/page-helpers.ts:13

      11 |
      12 |   async navigate(path: string) {
    > 13 |     await this.page.goto(path);
         |                     ^
      14 |     await this.page.waitForLoadState("networkidle");
      15 |   }
      16 |
        at BasePage.navigate (/home/tbaltzakis/cloudless.gr/e2e/helpers/page-helpers.ts:13:21)
        at /home/tbaltzakis/cloudless.gr/e2e/ui/pages/contact.spec.ts:19:16

    attachment #1: screenshot (image/png) ──────────────────────────────────────────────────────────
    test-results/ui-pages-contact-Contact-P-16fba-have-accessible-form-labels-mobile-chrome-retry1/test-failed-1.png
    ────────────────────────────────────────────────────────────────────────────────────────────────

    attachment #2: video (video/webm) ──────────────────────────────────────────────────────────────
    test-results/ui-pages-contact-Contact-P-16fba-have-accessible-form-labels-mobile-chrome-retry1/video.webm
    ────────────────────────────────────────────────────────────────────────────────────────────────

    Error Context: test-results/ui-pages-contact-Contact-P-16fba-have-accessible-form-labels-mobile-chrome-retry1/error-context.md

    attachment #4: trace (application/zip) ─────────────────────────────────────────────────────────
    test-results/ui-pages-contact-Contact-P-16fba-have-accessible-form-labels-mobile-chrome-retry1/trace.zip
    Usage:

        npx playwright show-trace test-results/ui-pages-contact-Contact-P-16fba-have-accessible-form-labels-mobile-chrome-retry1/trace.zip

    ────────────────────────────────────────────────────────────────────────────────────────────────

  2005) [mobile-chrome] › e2e/ui/pages/contact.spec.ts:318:9 › Contact Page › Accessibility › should have accessible buttons 

    Error: page.goto: net::ERR_CONNECTION_REFUSED at http://localhost:4000/contact
    Call log:
      - navigating to "http://localhost:4000/contact", waiting until "load"


       at helpers/page-helpers.ts:13

      11 |
      12 |   async navigate(path: string) {
    > 13 |     await this.page.goto(path);
         |                     ^
      14 |     await this.page.waitForLoadState("networkidle");
      15 |   }
      16 |
        at BasePage.navigate (/home/tbaltzakis/cloudless.gr/e2e/helpers/page-helpers.ts:13:21)
        at /home/tbaltzakis/cloudless.gr/e2e/ui/pages/contact.spec.ts:19:16

    attachment #1: screenshot (image/png) ──────────────────────────────────────────────────────────
    test-results/ui-pages-contact-Contact-P-724d1-uld-have-accessible-buttons-mobile-chrome/test-failed-1.png
    ────────────────────────────────────────────────────────────────────────────────────────────────

    attachment #2: video (video/webm) ──────────────────────────────────────────────────────────────
    test-results/ui-pages-contact-Contact-P-724d1-uld-have-accessible-buttons-mobile-chrome/video.webm
    ────────────────────────────────────────────────────────────────────────────────────────────────

    Error Context: test-results/ui-pages-contact-Contact-P-724d1-uld-have-accessible-buttons-mobile-chrome/error-context.md

    Retry #1 ───────────────────────────────────────────────────────────────────────────────────────

    Error: page.goto: net::ERR_CONNECTION_REFUSED at http://localhost:4000/contact
    Call log:
      - navigating to "http://localhost:4000/contact", waiting until "load"


       at helpers/page-helpers.ts:13

      11 |
      12 |   async navigate(path: string) {
    > 13 |     await this.page.goto(path);
         |                     ^
      14 |     await this.page.waitForLoadState("networkidle");
      15 |   }
      16 |
        at BasePage.navigate (/home/tbaltzakis/cloudless.gr/e2e/helpers/page-helpers.ts:13:21)
        at /home/tbaltzakis/cloudless.gr/e2e/ui/pages/contact.spec.ts:19:16

    attachment #1: screenshot (image/png) ──────────────────────────────────────────────────────────
    test-results/ui-pages-contact-Contact-P-724d1-uld-have-accessible-buttons-mobile-chrome-retry1/test-failed-1.png
    ────────────────────────────────────────────────────────────────────────────────────────────────

    attachment #2: video (video/webm) ──────────────────────────────────────────────────────────────
    test-results/ui-pages-contact-Contact-P-724d1-uld-have-accessible-buttons-mobile-chrome-retry1/video.webm
    ────────────────────────────────────────────────────────────────────────────────────────────────

    Error Context: test-results/ui-pages-contact-Contact-P-724d1-uld-have-accessible-buttons-mobile-chrome-retry1/error-context.md

    attachment #4: trace (application/zip) ─────────────────────────────────────────────────────────
    test-results/ui-pages-contact-Contact-P-724d1-uld-have-accessible-buttons-mobile-chrome-retry1/trace.zip
    Usage:

        npx playwright show-trace test-results/ui-pages-contact-Contact-P-724d1-uld-have-accessible-buttons-mobile-chrome-retry1/trace.zip

    ────────────────────────────────────────────────────────────────────────────────────────────────

  2006) [mobile-chrome] › e2e/ui/pages/contact.spec.ts:338:9 › Contact Page › Accessibility › should have sufficient color contrast for form elements 

    Error: page.goto: net::ERR_CONNECTION_REFUSED at http://localhost:4000/contact
    Call log:
      - navigating to "http://localhost:4000/contact", waiting until "load"


       at helpers/page-helpers.ts:13

      11 |
      12 |   async navigate(path: string) {
    > 13 |     await this.page.goto(path);
         |                     ^
      14 |     await this.page.waitForLoadState("networkidle");
      15 |   }
      16 |
        at BasePage.navigate (/home/tbaltzakis/cloudless.gr/e2e/helpers/page-helpers.ts:13:21)
        at /home/tbaltzakis/cloudless.gr/e2e/ui/pages/contact.spec.ts:19:16

    attachment #1: screenshot (image/png) ──────────────────────────────────────────────────────────
    test-results/ui-pages-contact-Contact-P-352e0--contrast-for-form-elements-mobile-chrome/test-failed-1.png
    ────────────────────────────────────────────────────────────────────────────────────────────────

    attachment #2: video (video/webm) ──────────────────────────────────────────────────────────────
    test-results/ui-pages-contact-Contact-P-352e0--contrast-for-form-elements-mobile-chrome/video.webm
    ────────────────────────────────────────────────────────────────────────────────────────────────

    Error Context: test-results/ui-pages-contact-Contact-P-352e0--contrast-for-form-elements-mobile-chrome/error-context.md

    Retry #1 ───────────────────────────────────────────────────────────────────────────────────────

    Error: page.goto: net::ERR_CONNECTION_REFUSED at http://localhost:4000/contact
    Call log:
      - navigating to "http://localhost:4000/contact", waiting until "load"


       at helpers/page-helpers.ts:13

      11 |
      12 |   async navigate(path: string) {
    > 13 |     await this.page.goto(path);
         |                     ^
      14 |     await this.page.waitForLoadState("networkidle");
      15 |   }
      16 |
        at BasePage.navigate (/home/tbaltzakis/cloudless.gr/e2e/helpers/page-helpers.ts:13:21)
        at /home/tbaltzakis/cloudless.gr/e2e/ui/pages/contact.spec.ts:19:16

    attachment #1: screenshot (image/png) ──────────────────────────────────────────────────────────
    test-results/ui-pages-contact-Contact-P-352e0--contrast-for-form-elements-mobile-chrome-retry1/test-failed-1.png
    ────────────────────────────────────────────────────────────────────────────────────────────────

    attachment #2: video (video/webm) ──────────────────────────────────────────────────────────────
    test-results/ui-pages-contact-Contact-P-352e0--contrast-for-form-elements-mobile-chrome-retry1/video.webm
    ────────────────────────────────────────────────────────────────────────────────────────────────

    Error Context: test-results/ui-pages-contact-Contact-P-352e0--contrast-for-form-elements-mobile-chrome-retry1/error-context.md

    attachment #4: trace (application/zip) ─────────────────────────────────────────────────────────
    test-results/ui-pages-contact-Contact-P-352e0--contrast-for-form-elements-mobile-chrome-retry1/trace.zip
    Usage:

        npx playwright show-trace test-results/ui-pages-contact-Contact-P-352e0--contrast-for-form-elements-mobile-chrome-retry1/trace.zip

    ────────────────────────────────────────────────────────────────────────────────────────────────

  2007) [mobile-chrome] › e2e/ui/pages/contact.spec.ts:357:9 › Contact Page › Performance › should load within reasonable time 

    Error: page.goto: net::ERR_CONNECTION_REFUSED at http://localhost:4000/contact
    Call log:
      - navigating to "http://localhost:4000/contact", waiting until "load"


       at helpers/page-helpers.ts:13

      11 |
      12 |   async navigate(path: string) {
    > 13 |     await this.page.goto(path);
         |                     ^
      14 |     await this.page.waitForLoadState("networkidle");
      15 |   }
      16 |
        at BasePage.navigate (/home/tbaltzakis/cloudless.gr/e2e/helpers/page-helpers.ts:13:21)
        at /home/tbaltzakis/cloudless.gr/e2e/ui/pages/contact.spec.ts:19:16

    attachment #1: screenshot (image/png) ──────────────────────────────────────────────────────────
    test-results/ui-pages-contact-Contact-P-56d72-load-within-reasonable-time-mobile-chrome/test-failed-1.png
    ────────────────────────────────────────────────────────────────────────────────────────────────

    attachment #2: video (video/webm) ──────────────────────────────────────────────────────────────
    test-results/ui-pages-contact-Contact-P-56d72-load-within-reasonable-time-mobile-chrome/video.webm
    ────────────────────────────────────────────────────────────────────────────────────────────────

    Error Context: test-results/ui-pages-contact-Contact-P-56d72-load-within-reasonable-time-mobile-chrome/error-context.md

    Retry #1 ───────────────────────────────────────────────────────────────────────────────────────

    Error: page.goto: net::ERR_CONNECTION_REFUSED at http://localhost:4000/contact
    Call log:
      - navigating to "http://localhost:4000/contact", waiting until "load"


       at helpers/page-helpers.ts:13

      11 |
      12 |   async navigate(path: string) {
    > 13 |     await this.page.goto(path);
         |                     ^
      14 |     await this.page.waitForLoadState("networkidle");
      15 |   }
      16 |
        at BasePage.navigate (/home/tbaltzakis/cloudless.gr/e2e/helpers/page-helpers.ts:13:21)
        at /home/tbaltzakis/cloudless.gr/e2e/ui/pages/contact.spec.ts:19:16

    attachment #1: screenshot (image/png) ──────────────────────────────────────────────────────────
    test-results/ui-pages-contact-Contact-P-56d72-load-within-reasonable-time-mobile-chrome-retry1/test-failed-1.png
    ────────────────────────────────────────────────────────────────────────────────────────────────

    attachment #2: video (video/webm) ──────────────────────────────────────────────────────────────
    test-results/ui-pages-contact-Contact-P-56d72-load-within-reasonable-time-mobile-chrome-retry1/video.webm
    ────────────────────────────────────────────────────────────────────────────────────────────────

    Error Context: test-results/ui-pages-contact-Contact-P-56d72-load-within-reasonable-time-mobile-chrome-retry1/error-context.md

    attachment #4: trace (application/zip) ─────────────────────────────────────────────────────────
    test-results/ui-pages-contact-Contact-P-56d72-load-within-reasonable-time-mobile-chrome-retry1/trace.zip
    Usage:

        npx playwright show-trace test-results/ui-pages-contact-Contact-P-56d72-load-within-reasonable-time-mobile-chrome-retry1/trace.zip

    ────────────────────────────────────────────────────────────────────────────────────────────────

  2008) [mobile-chrome] › e2e/ui/pages/dashboard.spec.ts:26:7 › Dashboard Page › should load successfully 

    Error: page.goto: net::ERR_CONNECTION_REFUSED at http://localhost:4000/auth/login
    Call log:
      - navigating to "http://localhost:4000/auth/login", waiting until "load"


       at helpers/page-helpers.ts:77

      75 |
      76 |     // Fallback: UI-based login
    > 77 |     await this.page.goto("/auth/login");
         |                     ^
      78 |     await this.page.waitForSelector("form", { timeout: 5_000 });
      79 |     
      80 |     const emailInput = this.page.locator('input[name="email"], input[name="username"], input[type="email"]').first();
        at AuthenticatedPage.loginViaApi (/home/tbaltzakis/cloudless.gr/e2e/helpers/page-helpers.ts:77:21)
        at /home/tbaltzakis/cloudless.gr/e2e/ui/pages/dashboard.spec.ts:21:5

    attachment #1: screenshot (image/png) ──────────────────────────────────────────────────────────
    test-results/ui-pages-dashboard-Dashboard-Page-should-load-successfully-mobile-chrome/test-failed-1.png
    ────────────────────────────────────────────────────────────────────────────────────────────────

    attachment #2: video (video/webm) ──────────────────────────────────────────────────────────────
    test-results/ui-pages-dashboard-Dashboard-Page-should-load-successfully-mobile-chrome/video.webm
    ────────────────────────────────────────────────────────────────────────────────────────────────

    Error Context: test-results/ui-pages-dashboard-Dashboard-Page-should-load-successfully-mobile-chrome/error-context.md

    Retry #1 ───────────────────────────────────────────────────────────────────────────────────────

    Error: page.goto: net::ERR_CONNECTION_REFUSED at http://localhost:4000/auth/login
    Call log:
      - navigating to "http://localhost:4000/auth/login", waiting until "load"


       at helpers/page-helpers.ts:77

      75 |
      76 |     // Fallback: UI-based login
    > 77 |     await this.page.goto("/auth/login");
         |                     ^
      78 |     await this.page.waitForSelector("form", { timeout: 5_000 });
      79 |     
      80 |     const emailInput = this.page.locator('input[name="email"], input[name="username"], input[type="email"]').first();
        at AuthenticatedPage.loginViaApi (/home/tbaltzakis/cloudless.gr/e2e/helpers/page-helpers.ts:77:21)
        at /home/tbaltzakis/cloudless.gr/e2e/ui/pages/dashboard.spec.ts:21:5

    attachment #1: screenshot (image/png) ──────────────────────────────────────────────────────────
    test-results/ui-pages-dashboard-Dashboard-Page-should-load-successfully-mobile-chrome-retry1/test-failed-1.png
    ────────────────────────────────────────────────────────────────────────────────────────────────

    attachment #2: video (video/webm) ──────────────────────────────────────────────────────────────
    test-results/ui-pages-dashboard-Dashboard-Page-should-load-successfully-mobile-chrome-retry1/video.webm
    ────────────────────────────────────────────────────────────────────────────────────────────────

    Error Context: test-results/ui-pages-dashboard-Dashboard-Page-should-load-successfully-mobile-chrome-retry1/error-context.md

    attachment #4: trace (application/zip) ─────────────────────────────────────────────────────────
    test-results/ui-pages-dashboard-Dashboard-Page-should-load-successfully-mobile-chrome-retry1/trace.zip
    Usage:

        npx playwright show-trace test-results/ui-pages-dashboard-Dashboard-Page-should-load-successfully-mobile-chrome-retry1/trace.zip

    ────────────────────────────────────────────────────────────────────────────────────────────────

  2009) [mobile-chrome] › e2e/ui/pages/dashboard.spec.ts:34:7 › Dashboard Page › should show user information 

    Error: page.goto: net::ERR_CONNECTION_REFUSED at http://localhost:4000/auth/login
    Call log:
      - navigating to "http://localhost:4000/auth/login", waiting until "load"


       at helpers/page-helpers.ts:77

      75 |
      76 |     // Fallback: UI-based login
    > 77 |     await this.page.goto("/auth/login");
         |                     ^
      78 |     await this.page.waitForSelector("form", { timeout: 5_000 });
      79 |     
      80 |     const emailInput = this.page.locator('input[name="email"], input[name="username"], input[type="email"]').first();
        at AuthenticatedPage.loginViaApi (/home/tbaltzakis/cloudless.gr/e2e/helpers/page-helpers.ts:77:21)
        at /home/tbaltzakis/cloudless.gr/e2e/ui/pages/dashboard.spec.ts:21:5

    attachment #1: screenshot (image/png) ──────────────────────────────────────────────────────────
    test-results/ui-pages-dashboard-Dashboa-e19b1-hould-show-user-information-mobile-chrome/test-failed-1.png
    ────────────────────────────────────────────────────────────────────────────────────────────────

    attachment #2: video (video/webm) ──────────────────────────────────────────────────────────────
    test-results/ui-pages-dashboard-Dashboa-e19b1-hould-show-user-information-mobile-chrome/video.webm
    ────────────────────────────────────────────────────────────────────────────────────────────────

    Error Context: test-results/ui-pages-dashboard-Dashboa-e19b1-hould-show-user-information-mobile-chrome/error-context.md

    Retry #1 ───────────────────────────────────────────────────────────────────────────────────────

    Error: page.goto: net::ERR_CONNECTION_REFUSED at http://localhost:4000/auth/login
    Call log:
      - navigating to "http://localhost:4000/auth/login", waiting until "load"


       at helpers/page-helpers.ts:77

      75 |
      76 |     // Fallback: UI-based login
    > 77 |     await this.page.goto("/auth/login");
         |                     ^
      78 |     await this.page.waitForSelector("form", { timeout: 5_000 });
      79 |     
      80 |     const emailInput = this.page.locator('input[name="email"], input[name="username"], input[type="email"]').first();
        at AuthenticatedPage.loginViaApi (/home/tbaltzakis/cloudless.gr/e2e/helpers/page-helpers.ts:77:21)
        at /home/tbaltzakis/cloudless.gr/e2e/ui/pages/dashboard.spec.ts:21:5

    attachment #1: screenshot (image/png) ──────────────────────────────────────────────────────────
    test-results/ui-pages-dashboard-Dashboa-e19b1-hould-show-user-information-mobile-chrome-retry1/test-failed-1.png
    ────────────────────────────────────────────────────────────────────────────────────────────────

    attachment #2: video (video/webm) ──────────────────────────────────────────────────────────────
    test-results/ui-pages-dashboard-Dashboa-e19b1-hould-show-user-information-mobile-chrome-retry1/video.webm
    ────────────────────────────────────────────────────────────────────────────────────────────────

    Error Context: test-results/ui-pages-dashboard-Dashboa-e19b1-hould-show-user-information-mobile-chrome-retry1/error-context.md

    attachment #4: trace (application/zip) ─────────────────────────────────────────────────────────
    test-results/ui-pages-dashboard-Dashboa-e19b1-hould-show-user-information-mobile-chrome-retry1/trace.zip
    Usage:

        npx playwright show-trace test-results/ui-pages-dashboard-Dashboa-e19b1-hould-show-user-information-mobile-chrome-retry1/trace.zip

    ────────────────────────────────────────────────────────────────────────────────────────────────

  2010) [mobile-chrome] › e2e/ui/pages/dashboard.spec.ts:40:7 › Dashboard Page › should have navigation sidebar 

    Error: page.goto: net::ERR_CONNECTION_REFUSED at http://localhost:4000/auth/login
    Call log:
      - navigating to "http://localhost:4000/auth/login", waiting until "load"


       at helpers/page-helpers.ts:77

      75 |
      76 |     // Fallback: UI-based login
    > 77 |     await this.page.goto("/auth/login");
         |                     ^
      78 |     await this.page.waitForSelector("form", { timeout: 5_000 });
      79 |     
      80 |     const emailInput = this.page.locator('input[name="email"], input[name="username"], input[type="email"]').first();
        at AuthenticatedPage.loginViaApi (/home/tbaltzakis/cloudless.gr/e2e/helpers/page-helpers.ts:77:21)
        at /home/tbaltzakis/cloudless.gr/e2e/ui/pages/dashboard.spec.ts:21:5

    attachment #1: screenshot (image/png) ──────────────────────────────────────────────────────────
    test-results/ui-pages-dashboard-Dashboa-fc7e7-uld-have-navigation-sidebar-mobile-chrome/test-failed-1.png
    ────────────────────────────────────────────────────────────────────────────────────────────────

    attachment #2: video (video/webm) ──────────────────────────────────────────────────────────────
    test-results/ui-pages-dashboard-Dashboa-fc7e7-uld-have-navigation-sidebar-mobile-chrome/video.webm
    ────────────────────────────────────────────────────────────────────────────────────────────────

    Error Context: test-results/ui-pages-dashboard-Dashboa-fc7e7-uld-have-navigation-sidebar-mobile-chrome/error-context.md

    Retry #1 ───────────────────────────────────────────────────────────────────────────────────────

    Error: page.goto: net::ERR_CONNECTION_REFUSED at http://localhost:4000/auth/login
    Call log:
      - navigating to "http://localhost:4000/auth/login", waiting until "load"


       at helpers/page-helpers.ts:77

      75 |
      76 |     // Fallback: UI-based login
    > 77 |     await this.page.goto("/auth/login");
         |                     ^
      78 |     await this.page.waitForSelector("form", { timeout: 5_000 });
      79 |     
      80 |     const emailInput = this.page.locator('input[name="email"], input[name="username"], input[type="email"]').first();
        at AuthenticatedPage.loginViaApi (/home/tbaltzakis/cloudless.gr/e2e/helpers/page-helpers.ts:77:21)
        at /home/tbaltzakis/cloudless.gr/e2e/ui/pages/dashboard.spec.ts:21:5

    attachment #1: screenshot (image/png) ──────────────────────────────────────────────────────────
    test-results/ui-pages-dashboard-Dashboa-fc7e7-uld-have-navigation-sidebar-mobile-chrome-retry1/test-failed-1.png
    ────────────────────────────────────────────────────────────────────────────────────────────────

    attachment #2: video (video/webm) ──────────────────────────────────────────────────────────────
    test-results/ui-pages-dashboard-Dashboa-fc7e7-uld-have-navigation-sidebar-mobile-chrome-retry1/video.webm
    ────────────────────────────────────────────────────────────────────────────────────────────────

    Error Context: test-results/ui-pages-dashboard-Dashboa-fc7e7-uld-have-navigation-sidebar-mobile-chrome-retry1/error-context.md

    attachment #4: trace (application/zip) ─────────────────────────────────────────────────────────
    test-results/ui-pages-dashboard-Dashboa-fc7e7-uld-have-navigation-sidebar-mobile-chrome-retry1/trace.zip
    Usage:

        npx playwright show-trace test-results/ui-pages-dashboard-Dashboa-fc7e7-uld-have-navigation-sidebar-mobile-chrome-retry1/trace.zip

    ────────────────────────────────────────────────────────────────────────────────────────────────

  2011) [mobile-chrome] › e2e/ui/pages/dashboard.spec.ts:51:7 › Dashboard Page › should have main content area 

    Error: page.goto: net::ERR_CONNECTION_REFUSED at http://localhost:4000/auth/login
    Call log:
      - navigating to "http://localhost:4000/auth/login", waiting until "load"


       at helpers/page-helpers.ts:77

      75 |
      76 |     // Fallback: UI-based login
    > 77 |     await this.page.goto("/auth/login");
         |                     ^
      78 |     await this.page.waitForSelector("form", { timeout: 5_000 });
      79 |     
      80 |     const emailInput = this.page.locator('input[name="email"], input[name="username"], input[type="email"]').first();
        at AuthenticatedPage.loginViaApi (/home/tbaltzakis/cloudless.gr/e2e/helpers/page-helpers.ts:77:21)
        at /home/tbaltzakis/cloudless.gr/e2e/ui/pages/dashboard.spec.ts:21:5

    attachment #1: screenshot (image/png) ──────────────────────────────────────────────────────────
    test-results/ui-pages-dashboard-Dashboa-3f099-ould-have-main-content-area-mobile-chrome/test-failed-1.png
    ────────────────────────────────────────────────────────────────────────────────────────────────

    attachment #2: video (video/webm) ──────────────────────────────────────────────────────────────
    test-results/ui-pages-dashboard-Dashboa-3f099-ould-have-main-content-area-mobile-chrome/video.webm
    ────────────────────────────────────────────────────────────────────────────────────────────────

    Error Context: test-results/ui-pages-dashboard-Dashboa-3f099-ould-have-main-content-area-mobile-chrome/error-context.md

    Retry #1 ───────────────────────────────────────────────────────────────────────────────────────

    Error: page.goto: net::ERR_CONNECTION_REFUSED at http://localhost:4000/auth/login
    Call log:
      - navigating to "http://localhost:4000/auth/login", waiting until "load"


       at helpers/page-helpers.ts:77

      75 |
      76 |     // Fallback: UI-based login
    > 77 |     await this.page.goto("/auth/login");
         |                     ^
      78 |     await this.page.waitForSelector("form", { timeout: 5_000 });
      79 |     
      80 |     const emailInput = this.page.locator('input[name="email"], input[name="username"], input[type="email"]').first();
        at AuthenticatedPage.loginViaApi (/home/tbaltzakis/cloudless.gr/e2e/helpers/page-helpers.ts:77:21)
        at /home/tbaltzakis/cloudless.gr/e2e/ui/pages/dashboard.spec.ts:21:5

    attachment #1: screenshot (image/png) ──────────────────────────────────────────────────────────
    test-results/ui-pages-dashboard-Dashboa-3f099-ould-have-main-content-area-mobile-chrome-retry1/test-failed-1.png
    ────────────────────────────────────────────────────────────────────────────────────────────────

    attachment #2: video (video/webm) ──────────────────────────────────────────────────────────────
    test-results/ui-pages-dashboard-Dashboa-3f099-ould-have-main-content-area-mobile-chrome-retry1/video.webm
    ────────────────────────────────────────────────────────────────────────────────────────────────

    Error Context: test-results/ui-pages-dashboard-Dashboa-3f099-ould-have-main-content-area-mobile-chrome-retry1/error-context.md

    attachment #4: trace (application/zip) ─────────────────────────────────────────────────────────
    test-results/ui-pages-dashboard-Dashboa-3f099-ould-have-main-content-area-mobile-chrome-retry1/trace.zip
    Usage:

        npx playwright show-trace test-results/ui-pages-dashboard-Dashboa-3f099-ould-have-main-content-area-mobile-chrome-retry1/trace.zip

    ────────────────────────────────────────────────────────────────────────────────────────────────

  2012) [mobile-chrome] › e2e/ui/pages/dashboard.spec.ts:56:7 › Dashboard Page › should show overview widgets or cards 

    Error: page.goto: net::ERR_CONNECTION_REFUSED at http://localhost:4000/auth/login
    Call log:
      - navigating to "http://localhost:4000/auth/login", waiting until "load"


       at helpers/page-helpers.ts:77

      75 |
      76 |     // Fallback: UI-based login
    > 77 |     await this.page.goto("/auth/login");
         |                     ^
      78 |     await this.page.waitForSelector("form", { timeout: 5_000 });
      79 |     
      80 |     const emailInput = this.page.locator('input[name="email"], input[name="username"], input[type="email"]').first();
        at AuthenticatedPage.loginViaApi (/home/tbaltzakis/cloudless.gr/e2e/helpers/page-helpers.ts:77:21)
        at /home/tbaltzakis/cloudless.gr/e2e/ui/pages/dashboard.spec.ts:21:5

    attachment #1: screenshot (image/png) ──────────────────────────────────────────────────────────
    test-results/ui-pages-dashboard-Dashboa-0c678-w-overview-widgets-or-cards-mobile-chrome/test-failed-1.png
    ────────────────────────────────────────────────────────────────────────────────────────────────

    attachment #2: video (video/webm) ──────────────────────────────────────────────────────────────
    test-results/ui-pages-dashboard-Dashboa-0c678-w-overview-widgets-or-cards-mobile-chrome/video.webm
    ────────────────────────────────────────────────────────────────────────────────────────────────

    Error Context: test-results/ui-pages-dashboard-Dashboa-0c678-w-overview-widgets-or-cards-mobile-chrome/error-context.md

    Retry #1 ───────────────────────────────────────────────────────────────────────────────────────

    Error: page.goto: net::ERR_CONNECTION_REFUSED at http://localhost:4000/auth/login
    Call log:
      - navigating to "http://localhost:4000/auth/login", waiting until "load"


       at helpers/page-helpers.ts:77

      75 |
      76 |     // Fallback: UI-based login
    > 77 |     await this.page.goto("/auth/login");
         |                     ^
      78 |     await this.page.waitForSelector("form", { timeout: 5_000 });
      79 |     
      80 |     const emailInput = this.page.locator('input[name="email"], input[name="username"], input[type="email"]').first();
        at AuthenticatedPage.loginViaApi (/home/tbaltzakis/cloudless.gr/e2e/helpers/page-helpers.ts:77:21)
        at /home/tbaltzakis/cloudless.gr/e2e/ui/pages/dashboard.spec.ts:21:5

    attachment #1: screenshot (image/png) ──────────────────────────────────────────────────────────
    test-results/ui-pages-dashboard-Dashboa-0c678-w-overview-widgets-or-cards-mobile-chrome-retry1/test-failed-1.png
    ────────────────────────────────────────────────────────────────────────────────────────────────

    attachment #2: video (video/webm) ──────────────────────────────────────────────────────────────
    test-results/ui-pages-dashboard-Dashboa-0c678-w-overview-widgets-or-cards-mobile-chrome-retry1/video.webm
    ────────────────────────────────────────────────────────────────────────────────────────────────

    Error Context: test-results/ui-pages-dashboard-Dashboa-0c678-w-overview-widgets-or-cards-mobile-chrome-retry1/error-context.md

    attachment #4: trace (application/zip) ─────────────────────────────────────────────────────────
    test-results/ui-pages-dashboard-Dashboa-0c678-w-overview-widgets-or-cards-mobile-chrome-retry1/trace.zip
    Usage:

        npx playwright show-trace test-results/ui-pages-dashboard-Dashboa-0c678-w-overview-widgets-or-cards-mobile-chrome-retry1/trace.zip

    ────────────────────────────────────────────────────────────────────────────────────────────────

  2013) [mobile-chrome] › e2e/ui/pages/dashboard.spec.ts:74:7 › Dashboard Page › should show recent activity or orders 

    Error: page.goto: net::ERR_CONNECTION_REFUSED at http://localhost:4000/auth/login
    Call log:
      - navigating to "http://localhost:4000/auth/login", waiting until "load"


       at helpers/page-helpers.ts:77

      75 |
      76 |     // Fallback: UI-based login
    > 77 |     await this.page.goto("/auth/login");
         |                     ^
      78 |     await this.page.waitForSelector("form", { timeout: 5_000 });
      79 |     
      80 |     const emailInput = this.page.locator('input[name="email"], input[name="username"], input[type="email"]').first();
        at AuthenticatedPage.loginViaApi (/home/tbaltzakis/cloudless.gr/e2e/helpers/page-helpers.ts:77:21)
        at /home/tbaltzakis/cloudless.gr/e2e/ui/pages/dashboard.spec.ts:21:5

    attachment #1: screenshot (image/png) ──────────────────────────────────────────────────────────
    test-results/ui-pages-dashboard-Dashboa-0d695-w-recent-activity-or-orders-mobile-chrome/test-failed-1.png
    ────────────────────────────────────────────────────────────────────────────────────────────────

    attachment #2: video (video/webm) ──────────────────────────────────────────────────────────────
    test-results/ui-pages-dashboard-Dashboa-0d695-w-recent-activity-or-orders-mobile-chrome/video.webm
    ────────────────────────────────────────────────────────────────────────────────────────────────

    Error Context: test-results/ui-pages-dashboard-Dashboa-0d695-w-recent-activity-or-orders-mobile-chrome/error-context.md

    Retry #1 ───────────────────────────────────────────────────────────────────────────────────────

    Error: page.goto: net::ERR_CONNECTION_REFUSED at http://localhost:4000/auth/login
    Call log:
      - navigating to "http://localhost:4000/auth/login", waiting until "load"


       at helpers/page-helpers.ts:77

      75 |
      76 |     // Fallback: UI-based login
    > 77 |     await this.page.goto("/auth/login");
         |                     ^
      78 |     await this.page.waitForSelector("form", { timeout: 5_000 });
      79 |     
      80 |     const emailInput = this.page.locator('input[name="email"], input[name="username"], input[type="email"]').first();
        at AuthenticatedPage.loginViaApi (/home/tbaltzakis/cloudless.gr/e2e/helpers/page-helpers.ts:77:21)
        at /home/tbaltzakis/cloudless.gr/e2e/ui/pages/dashboard.spec.ts:21:5

    attachment #1: screenshot (image/png) ──────────────────────────────────────────────────────────
    test-results/ui-pages-dashboard-Dashboa-0d695-w-recent-activity-or-orders-mobile-chrome-retry1/test-failed-1.png
    ────────────────────────────────────────────────────────────────────────────────────────────────

    attachment #2: video (video/webm) ──────────────────────────────────────────────────────────────
    test-results/ui-pages-dashboard-Dashboa-0d695-w-recent-activity-or-orders-mobile-chrome-retry1/video.webm
    ────────────────────────────────────────────────────────────────────────────────────────────────

    Error Context: test-results/ui-pages-dashboard-Dashboa-0d695-w-recent-activity-or-orders-mobile-chrome-retry1/error-context.md

    attachment #4: trace (application/zip) ─────────────────────────────────────────────────────────
    test-results/ui-pages-dashboard-Dashboa-0d695-w-recent-activity-or-orders-mobile-chrome-retry1/trace.zip
    Usage:

        npx playwright show-trace test-results/ui-pages-dashboard-Dashboa-0d695-w-recent-activity-or-orders-mobile-chrome-retry1/trace.zip

    ────────────────────────────────────────────────────────────────────────────────────────────────

  2014) [mobile-chrome] › e2e/ui/pages/dashboard.spec.ts:90:9 › Dashboard Page › Navigation › should navigate to homepage 

    Error: page.goto: net::ERR_CONNECTION_REFUSED at http://localhost:4000/auth/login
    Call log:
      - navigating to "http://localhost:4000/auth/login", waiting until "load"


       at helpers/page-helpers.ts:77

      75 |
      76 |     // Fallback: UI-based login
    > 77 |     await this.page.goto("/auth/login");
         |                     ^
      78 |     await this.page.waitForSelector("form", { timeout: 5_000 });
      79 |     
      80 |     const emailInput = this.page.locator('input[name="email"], input[name="username"], input[type="email"]').first();
        at AuthenticatedPage.loginViaApi (/home/tbaltzakis/cloudless.gr/e2e/helpers/page-helpers.ts:77:21)
        at /home/tbaltzakis/cloudless.gr/e2e/ui/pages/dashboard.spec.ts:21:5

    attachment #1: screenshot (image/png) ──────────────────────────────────────────────────────────
    test-results/ui-pages-dashboard-Dashboa-28311-should-navigate-to-homepage-mobile-chrome/test-failed-1.png
    ────────────────────────────────────────────────────────────────────────────────────────────────

    attachment #2: video (video/webm) ──────────────────────────────────────────────────────────────
    test-results/ui-pages-dashboard-Dashboa-28311-should-navigate-to-homepage-mobile-chrome/video.webm
    ────────────────────────────────────────────────────────────────────────────────────────────────

    Error Context: test-results/ui-pages-dashboard-Dashboa-28311-should-navigate-to-homepage-mobile-chrome/error-context.md

    Retry #1 ───────────────────────────────────────────────────────────────────────────────────────

    Error: page.goto: net::ERR_CONNECTION_REFUSED at http://localhost:4000/auth/login
    Call log:
      - navigating to "http://localhost:4000/auth/login", waiting until "load"


       at helpers/page-helpers.ts:77

      75 |
      76 |     // Fallback: UI-based login
    > 77 |     await this.page.goto("/auth/login");
         |                     ^
      78 |     await this.page.waitForSelector("form", { timeout: 5_000 });
      79 |     
      80 |     const emailInput = this.page.locator('input[name="email"], input[name="username"], input[type="email"]').first();
        at AuthenticatedPage.loginViaApi (/home/tbaltzakis/cloudless.gr/e2e/helpers/page-helpers.ts:77:21)
        at /home/tbaltzakis/cloudless.gr/e2e/ui/pages/dashboard.spec.ts:21:5

    attachment #1: screenshot (image/png) ──────────────────────────────────────────────────────────
    test-results/ui-pages-dashboard-Dashboa-28311-should-navigate-to-homepage-mobile-chrome-retry1/test-failed-1.png
    ────────────────────────────────────────────────────────────────────────────────────────────────

    attachment #2: video (video/webm) ──────────────────────────────────────────────────────────────
    test-results/ui-pages-dashboard-Dashboa-28311-should-navigate-to-homepage-mobile-chrome-retry1/video.webm
    ────────────────────────────────────────────────────────────────────────────────────────────────

    Error Context: test-results/ui-pages-dashboard-Dashboa-28311-should-navigate-to-homepage-mobile-chrome-retry1/error-context.md

    attachment #4: trace (application/zip) ─────────────────────────────────────────────────────────
    test-results/ui-pages-dashboard-Dashboa-28311-should-navigate-to-homepage-mobile-chrome-retry1/trace.zip
    Usage:

        npx playwright show-trace test-results/ui-pages-dashboard-Dashboa-28311-should-navigate-to-homepage-mobile-chrome-retry1/trace.zip

    ────────────────────────────────────────────────────────────────────────────────────────────────

  2015) [mobile-chrome] › e2e/ui/pages/dashboard.spec.ts:98:9 › Dashboard Page › Navigation › should navigate to services 

    Error: page.goto: net::ERR_CONNECTION_REFUSED at http://localhost:4000/auth/login
    Call log:
      - navigating to "http://localhost:4000/auth/login", waiting until "load"


       at helpers/page-helpers.ts:77

      75 |
      76 |     // Fallback: UI-based login
    > 77 |     await this.page.goto("/auth/login");
         |                     ^
      78 |     await this.page.waitForSelector("form", { timeout: 5_000 });
      79 |     
      80 |     const emailInput = this.page.locator('input[name="email"], input[name="username"], input[type="email"]').first();
        at AuthenticatedPage.loginViaApi (/home/tbaltzakis/cloudless.gr/e2e/helpers/page-helpers.ts:77:21)
        at /home/tbaltzakis/cloudless.gr/e2e/ui/pages/dashboard.spec.ts:21:5

    attachment #1: screenshot (image/png) ──────────────────────────────────────────────────────────
    test-results/ui-pages-dashboard-Dashboa-5b642-should-navigate-to-services-mobile-chrome/test-failed-1.png
    ────────────────────────────────────────────────────────────────────────────────────────────────

    attachment #2: video (video/webm) ──────────────────────────────────────────────────────────────
    test-results/ui-pages-dashboard-Dashboa-5b642-should-navigate-to-services-mobile-chrome/video.webm
    ────────────────────────────────────────────────────────────────────────────────────────────────

    Error Context: test-results/ui-pages-dashboard-Dashboa-5b642-should-navigate-to-services-mobile-chrome/error-context.md

    Retry #1 ───────────────────────────────────────────────────────────────────────────────────────

    Error: page.goto: net::ERR_CONNECTION_REFUSED at http://localhost:4000/auth/login
    Call log:
      - navigating to "http://localhost:4000/auth/login", waiting until "load"


       at helpers/page-helpers.ts:77

      75 |
      76 |     // Fallback: UI-based login
    > 77 |     await this.page.goto("/auth/login");
         |                     ^
      78 |     await this.page.waitForSelector("form", { timeout: 5_000 });
      79 |     
      80 |     const emailInput = this.page.locator('input[name="email"], input[name="username"], input[type="email"]').first();
        at AuthenticatedPage.loginViaApi (/home/tbaltzakis/cloudless.gr/e2e/helpers/page-helpers.ts:77:21)
        at /home/tbaltzakis/cloudless.gr/e2e/ui/pages/dashboard.spec.ts:21:5

    attachment #1: screenshot (image/png) ──────────────────────────────────────────────────────────
    test-results/ui-pages-dashboard-Dashboa-5b642-should-navigate-to-services-mobile-chrome-retry1/test-failed-1.png
    ────────────────────────────────────────────────────────────────────────────────────────────────

    attachment #2: video (video/webm) ──────────────────────────────────────────────────────────────
    test-results/ui-pages-dashboard-Dashboa-5b642-should-navigate-to-services-mobile-chrome-retry1/video.webm
    ────────────────────────────────────────────────────────────────────────────────────────────────

    Error Context: test-results/ui-pages-dashboard-Dashboa-5b642-should-navigate-to-services-mobile-chrome-retry1/error-context.md

    attachment #4: trace (application/zip) ─────────────────────────────────────────────────────────
    test-results/ui-pages-dashboard-Dashboa-5b642-should-navigate-to-services-mobile-chrome-retry1/trace.zip
    Usage:

        npx playwright show-trace test-results/ui-pages-dashboard-Dashboa-5b642-should-navigate-to-services-mobile-chrome-retry1/trace.zip

    ────────────────────────────────────────────────────────────────────────────────────────────────

  2016) [mobile-chrome] › e2e/ui/pages/dashboard.spec.ts:106:9 › Dashboard Page › Navigation › should navigate to store 

    Error: page.goto: net::ERR_CONNECTION_REFUSED at http://localhost:4000/auth/login
    Call log:
      - navigating to "http://localhost:4000/auth/login", waiting until "load"


       at helpers/page-helpers.ts:77

      75 |
      76 |     // Fallback: UI-based login
    > 77 |     await this.page.goto("/auth/login");
         |                     ^
      78 |     await this.page.waitForSelector("form", { timeout: 5_000 });
      79 |     
      80 |     const emailInput = this.page.locator('input[name="email"], input[name="username"], input[type="email"]').first();
        at AuthenticatedPage.loginViaApi (/home/tbaltzakis/cloudless.gr/e2e/helpers/page-helpers.ts:77:21)
        at /home/tbaltzakis/cloudless.gr/e2e/ui/pages/dashboard.spec.ts:21:5

    attachment #1: screenshot (image/png) ──────────────────────────────────────────────────────────
    test-results/ui-pages-dashboard-Dashboa-0ee80-on-should-navigate-to-store-mobile-chrome/test-failed-1.png
    ────────────────────────────────────────────────────────────────────────────────────────────────

    attachment #2: video (video/webm) ──────────────────────────────────────────────────────────────
    test-results/ui-pages-dashboard-Dashboa-0ee80-on-should-navigate-to-store-mobile-chrome/video.webm
    ────────────────────────────────────────────────────────────────────────────────────────────────

    Error Context: test-results/ui-pages-dashboard-Dashboa-0ee80-on-should-navigate-to-store-mobile-chrome/error-context.md

    Retry #1 ───────────────────────────────────────────────────────────────────────────────────────

    Error: page.goto: net::ERR_CONNECTION_REFUSED at http://localhost:4000/auth/login
    Call log:
      - navigating to "http://localhost:4000/auth/login", waiting until "load"


       at helpers/page-helpers.ts:77

      75 |
      76 |     // Fallback: UI-based login
    > 77 |     await this.page.goto("/auth/login");
         |                     ^
      78 |     await this.page.waitForSelector("form", { timeout: 5_000 });
      79 |     
      80 |     const emailInput = this.page.locator('input[name="email"], input[name="username"], input[type="email"]').first();
        at AuthenticatedPage.loginViaApi (/home/tbaltzakis/cloudless.gr/e2e/helpers/page-helpers.ts:77:21)
        at /home/tbaltzakis/cloudless.gr/e2e/ui/pages/dashboard.spec.ts:21:5

    attachment #1: screenshot (image/png) ──────────────────────────────────────────────────────────
    test-results/ui-pages-dashboard-Dashboa-0ee80-on-should-navigate-to-store-mobile-chrome-retry1/test-failed-1.png
    ────────────────────────────────────────────────────────────────────────────────────────────────

    attachment #2: video (video/webm) ──────────────────────────────────────────────────────────────
    test-results/ui-pages-dashboard-Dashboa-0ee80-on-should-navigate-to-store-mobile-chrome-retry1/video.webm
    ────────────────────────────────────────────────────────────────────────────────────────────────

    Error Context: test-results/ui-pages-dashboard-Dashboa-0ee80-on-should-navigate-to-store-mobile-chrome-retry1/error-context.md

    attachment #4: trace (application/zip) ─────────────────────────────────────────────────────────
    test-results/ui-pages-dashboard-Dashboa-0ee80-on-should-navigate-to-store-mobile-chrome-retry1/trace.zip
    Usage:

        npx playwright show-trace test-results/ui-pages-dashboard-Dashboa-0ee80-on-should-navigate-to-store-mobile-chrome-retry1/trace.zip

    ────────────────────────────────────────────────────────────────────────────────────────────────

  2017) [mobile-chrome] › e2e/ui/pages/dashboard.spec.ts:114:9 › Dashboard Page › Navigation › should navigate to blog 

    Error: page.goto: net::ERR_CONNECTION_REFUSED at http://localhost:4000/auth/login
    Call log:
      - navigating to "http://localhost:4000/auth/login", waiting until "load"


       at helpers/page-helpers.ts:77

      75 |
      76 |     // Fallback: UI-based login
    > 77 |     await this.page.goto("/auth/login");
         |                     ^
      78 |     await this.page.waitForSelector("form", { timeout: 5_000 });
      79 |     
      80 |     const emailInput = this.page.locator('input[name="email"], input[name="username"], input[type="email"]').first();
        at AuthenticatedPage.loginViaApi (/home/tbaltzakis/cloudless.gr/e2e/helpers/page-helpers.ts:77:21)
        at /home/tbaltzakis/cloudless.gr/e2e/ui/pages/dashboard.spec.ts:21:5

    attachment #1: screenshot (image/png) ──────────────────────────────────────────────────────────
    test-results/ui-pages-dashboard-Dashboa-5213f-ion-should-navigate-to-blog-mobile-chrome/test-failed-1.png
    ────────────────────────────────────────────────────────────────────────────────────────────────

    attachment #2: video (video/webm) ──────────────────────────────────────────────────────────────
    test-results/ui-pages-dashboard-Dashboa-5213f-ion-should-navigate-to-blog-mobile-chrome/video.webm
    ────────────────────────────────────────────────────────────────────────────────────────────────

    Error Context: test-results/ui-pages-dashboard-Dashboa-5213f-ion-should-navigate-to-blog-mobile-chrome/error-context.md

    Retry #1 ───────────────────────────────────────────────────────────────────────────────────────

    Error: page.goto: net::ERR_CONNECTION_REFUSED at http://localhost:4000/auth/login
    Call log:
      - navigating to "http://localhost:4000/auth/login", waiting until "load"


       at helpers/page-helpers.ts:77

      75 |
      76 |     // Fallback: UI-based login
    > 77 |     await this.page.goto("/auth/login");
         |                     ^
      78 |     await this.page.waitForSelector("form", { timeout: 5_000 });
      79 |     
      80 |     const emailInput = this.page.locator('input[name="email"], input[name="username"], input[type="email"]').first();
        at AuthenticatedPage.loginViaApi (/home/tbaltzakis/cloudless.gr/e2e/helpers/page-helpers.ts:77:21)
        at /home/tbaltzakis/cloudless.gr/e2e/ui/pages/dashboard.spec.ts:21:5

    attachment #1: screenshot (image/png) ──────────────────────────────────────────────────────────
    test-results/ui-pages-dashboard-Dashboa-5213f-ion-should-navigate-to-blog-mobile-chrome-retry1/test-failed-1.png
    ────────────────────────────────────────────────────────────────────────────────────────────────

    attachment #2: video (video/webm) ──────────────────────────────────────────────────────────────
    test-results/ui-pages-dashboard-Dashboa-5213f-ion-should-navigate-to-blog-mobile-chrome-retry1/video.webm
    ────────────────────────────────────────────────────────────────────────────────────────────────

    Error Context: test-results/ui-pages-dashboard-Dashboa-5213f-ion-should-navigate-to-blog-mobile-chrome-retry1/error-context.md

    attachment #4: trace (application/zip) ─────────────────────────────────────────────────────────
    test-results/ui-pages-dashboard-Dashboa-5213f-ion-should-navigate-to-blog-mobile-chrome-retry1/trace.zip
    Usage:

        npx playwright show-trace test-results/ui-pages-dashboard-Dashboa-5213f-ion-should-navigate-to-blog-mobile-chrome-retry1/trace.zip

    ────────────────────────────────────────────────────────────────────────────────────────────────

  2018) [mobile-chrome] › e2e/ui/pages/dashboard.spec.ts:122:9 › Dashboard Page › Navigation › should navigate to contact 

    Error: page.goto: net::ERR_CONNECTION_REFUSED at http://localhost:4000/auth/login
    Call log:
      - navigating to "http://localhost:4000/auth/login", waiting until "load"


       at helpers/page-helpers.ts:77

      75 |
      76 |     // Fallback: UI-based login
    > 77 |     await this.page.goto("/auth/login");
         |                     ^
      78 |     await this.page.waitForSelector("form", { timeout: 5_000 });
      79 |     
      80 |     const emailInput = this.page.locator('input[name="email"], input[name="username"], input[type="email"]').first();
        at AuthenticatedPage.loginViaApi (/home/tbaltzakis/cloudless.gr/e2e/helpers/page-helpers.ts:77:21)
        at /home/tbaltzakis/cloudless.gr/e2e/ui/pages/dashboard.spec.ts:21:5

    attachment #1: screenshot (image/png) ──────────────────────────────────────────────────────────
    test-results/ui-pages-dashboard-Dashboa-87d02--should-navigate-to-contact-mobile-chrome/test-failed-1.png
    ────────────────────────────────────────────────────────────────────────────────────────────────

    attachment #2: video (video/webm) ──────────────────────────────────────────────────────────────
    test-results/ui-pages-dashboard-Dashboa-87d02--should-navigate-to-contact-mobile-chrome/video.webm
    ────────────────────────────────────────────────────────────────────────────────────────────────

    Error Context: test-results/ui-pages-dashboard-Dashboa-87d02--should-navigate-to-contact-mobile-chrome/error-context.md

    Retry #1 ───────────────────────────────────────────────────────────────────────────────────────

    Error: page.goto: net::ERR_CONNECTION_REFUSED at http://localhost:4000/auth/login
    Call log:
      - navigating to "http://localhost:4000/auth/login", waiting until "load"


       at helpers/page-helpers.ts:77

      75 |
      76 |     // Fallback: UI-based login
    > 77 |     await this.page.goto("/auth/login");
         |                     ^
      78 |     await this.page.waitForSelector("form", { timeout: 5_000 });
      79 |     
      80 |     const emailInput = this.page.locator('input[name="email"], input[name="username"], input[type="email"]').first();
        at AuthenticatedPage.loginViaApi (/home/tbaltzakis/cloudless.gr/e2e/helpers/page-helpers.ts:77:21)
        at /home/tbaltzakis/cloudless.gr/e2e/ui/pages/dashboard.spec.ts:21:5

    attachment #1: screenshot (image/png) ──────────────────────────────────────────────────────────
    test-results/ui-pages-dashboard-Dashboa-87d02--should-navigate-to-contact-mobile-chrome-retry1/test-failed-1.png
    ────────────────────────────────────────────────────────────────────────────────────────────────

    attachment #2: video (video/webm) ──────────────────────────────────────────────────────────────
    test-results/ui-pages-dashboard-Dashboa-87d02--should-navigate-to-contact-mobile-chrome-retry1/video.webm
    ────────────────────────────────────────────────────────────────────────────────────────────────

    Error Context: test-results/ui-pages-dashboard-Dashboa-87d02--should-navigate-to-contact-mobile-chrome-retry1/error-context.md

    attachment #4: trace (application/zip) ─────────────────────────────────────────────────────────
    test-results/ui-pages-dashboard-Dashboa-87d02--should-navigate-to-contact-mobile-chrome-retry1/trace.zip
    Usage:

        npx playwright show-trace test-results/ui-pages-dashboard-Dashboa-87d02--should-navigate-to-contact-mobile-chrome-retry1/trace.zip

    ────────────────────────────────────────────────────────────────────────────────────────────────

  2019) [mobile-chrome] › e2e/ui/pages/dashboard.spec.ts:130:9 › Dashboard Page › Navigation › should navigate to profile 

    Error: page.goto: net::ERR_CONNECTION_REFUSED at http://localhost:4000/auth/login
    Call log:
      - navigating to "http://localhost:4000/auth/login", waiting until "load"


       at helpers/page-helpers.ts:77

      75 |
      76 |     // Fallback: UI-based login
    > 77 |     await this.page.goto("/auth/login");
         |                     ^
      78 |     await this.page.waitForSelector("form", { timeout: 5_000 });
      79 |     
      80 |     const emailInput = this.page.locator('input[name="email"], input[name="username"], input[type="email"]').first();
        at AuthenticatedPage.loginViaApi (/home/tbaltzakis/cloudless.gr/e2e/helpers/page-helpers.ts:77:21)
        at /home/tbaltzakis/cloudless.gr/e2e/ui/pages/dashboard.spec.ts:21:5

    attachment #1: screenshot (image/png) ──────────────────────────────────────────────────────────
    test-results/ui-pages-dashboard-Dashboa-3f191--should-navigate-to-profile-mobile-chrome/test-failed-1.png
    ────────────────────────────────────────────────────────────────────────────────────────────────

    attachment #2: video (video/webm) ──────────────────────────────────────────────────────────────
    test-results/ui-pages-dashboard-Dashboa-3f191--should-navigate-to-profile-mobile-chrome/video.webm
    ────────────────────────────────────────────────────────────────────────────────────────────────

    Error Context: test-results/ui-pages-dashboard-Dashboa-3f191--should-navigate-to-profile-mobile-chrome/error-context.md

    Retry #1 ───────────────────────────────────────────────────────────────────────────────────────

    Error: page.goto: net::ERR_CONNECTION_REFUSED at http://localhost:4000/auth/login
    Call log:
      - navigating to "http://localhost:4000/auth/login", waiting until "load"


       at helpers/page-helpers.ts:77

      75 |
      76 |     // Fallback: UI-based login
    > 77 |     await this.page.goto("/auth/login");
         |                     ^
      78 |     await this.page.waitForSelector("form", { timeout: 5_000 });
      79 |     
      80 |     const emailInput = this.page.locator('input[name="email"], input[name="username"], input[type="email"]').first();
        at AuthenticatedPage.loginViaApi (/home/tbaltzakis/cloudless.gr/e2e/helpers/page-helpers.ts:77:21)
        at /home/tbaltzakis/cloudless.gr/e2e/ui/pages/dashboard.spec.ts:21:5

    attachment #1: screenshot (image/png) ──────────────────────────────────────────────────────────
    test-results/ui-pages-dashboard-Dashboa-3f191--should-navigate-to-profile-mobile-chrome-retry1/test-failed-1.png
    ────────────────────────────────────────────────────────────────────────────────────────────────

    attachment #2: video (video/webm) ──────────────────────────────────────────────────────────────
    test-results/ui-pages-dashboard-Dashboa-3f191--should-navigate-to-profile-mobile-chrome-retry1/video.webm
    ────────────────────────────────────────────────────────────────────────────────────────────────

    Error Context: test-results/ui-pages-dashboard-Dashboa-3f191--should-navigate-to-profile-mobile-chrome-retry1/error-context.md

    attachment #4: trace (application/zip) ─────────────────────────────────────────────────────────
    test-results/ui-pages-dashboard-Dashboa-3f191--should-navigate-to-profile-mobile-chrome-retry1/trace.zip
    Usage:

        npx playwright show-trace test-results/ui-pages-dashboard-Dashboa-3f191--should-navigate-to-profile-mobile-chrome-retry1/trace.zip

    ────────────────────────────────────────────────────────────────────────────────────────────────

  2020) [mobile-chrome] › e2e/ui/pages/dashboard.spec.ts:140:9 › Dashboard Page › Navigation › should navigate to settings 

    Error: page.goto: net::ERR_CONNECTION_REFUSED at http://localhost:4000/auth/login
    Call log:
      - navigating to "http://localhost:4000/auth/login", waiting until "load"


       at helpers/page-helpers.ts:77

      75 |
      76 |     // Fallback: UI-based login
    > 77 |     await this.page.goto("/auth/login");
         |                     ^
      78 |     await this.page.waitForSelector("form", { timeout: 5_000 });
      79 |     
      80 |     const emailInput = this.page.locator('input[name="email"], input[name="username"], input[type="email"]').first();
        at AuthenticatedPage.loginViaApi (/home/tbaltzakis/cloudless.gr/e2e/helpers/page-helpers.ts:77:21)
        at /home/tbaltzakis/cloudless.gr/e2e/ui/pages/dashboard.spec.ts:21:5

    attachment #1: screenshot (image/png) ──────────────────────────────────────────────────────────
    test-results/ui-pages-dashboard-Dashboa-fc3f1-should-navigate-to-settings-mobile-chrome/test-failed-1.png
    ────────────────────────────────────────────────────────────────────────────────────────────────

    attachment #2: video (video/webm) ──────────────────────────────────────────────────────────────
    test-results/ui-pages-dashboard-Dashboa-fc3f1-should-navigate-to-settings-mobile-chrome/video.webm
    ────────────────────────────────────────────────────────────────────────────────────────────────

    Error Context: test-results/ui-pages-dashboard-Dashboa-fc3f1-should-navigate-to-settings-mobile-chrome/error-context.md

    Retry #1 ───────────────────────────────────────────────────────────────────────────────────────

    Error: page.goto: net::ERR_CONNECTION_REFUSED at http://localhost:4000/auth/login
    Call log:
      - navigating to "http://localhost:4000/auth/login", waiting until "load"


       at helpers/page-helpers.ts:77

      75 |
      76 |     // Fallback: UI-based login
    > 77 |     await this.page.goto("/auth/login");
         |                     ^
      78 |     await this.page.waitForSelector("form", { timeout: 5_000 });
      79 |     
      80 |     const emailInput = this.page.locator('input[name="email"], input[name="username"], input[type="email"]').first();
        at AuthenticatedPage.loginViaApi (/home/tbaltzakis/cloudless.gr/e2e/helpers/page-helpers.ts:77:21)
        at /home/tbaltzakis/cloudless.gr/e2e/ui/pages/dashboard.spec.ts:21:5

    attachment #1: screenshot (image/png) ──────────────────────────────────────────────────────────
    test-results/ui-pages-dashboard-Dashboa-fc3f1-should-navigate-to-settings-mobile-chrome-retry1/test-failed-1.png
    ────────────────────────────────────────────────────────────────────────────────────────────────

    attachment #2: video (video/webm) ──────────────────────────────────────────────────────────────
    test-results/ui-pages-dashboard-Dashboa-fc3f1-should-navigate-to-settings-mobile-chrome-retry1/video.webm
    ────────────────────────────────────────────────────────────────────────────────────────────────

    Error Context: test-results/ui-pages-dashboard-Dashboa-fc3f1-should-navigate-to-settings-mobile-chrome-retry1/error-context.md

    attachment #4: trace (application/zip) ─────────────────────────────────────────────────────────
    test-results/ui-pages-dashboard-Dashboa-fc3f1-should-navigate-to-settings-mobile-chrome-retry1/trace.zip
    Usage:

        npx playwright show-trace test-results/ui-pages-dashboard-Dashboa-fc3f1-should-navigate-to-settings-mobile-chrome-retry1/trace.zip

    ────────────────────────────────────────────────────────────────────────────────────────────────

  2021) [mobile-chrome] › e2e/ui/pages/dashboard.spec.ts:152:9 › Dashboard Page › Authentication › should redirect to login if not authenticated 

    Error: page.goto: net::ERR_CONNECTION_REFUSED at http://localhost:4000/auth/login
    Call log:
      - navigating to "http://localhost:4000/auth/login", waiting until "load"


       at helpers/page-helpers.ts:77

      75 |
      76 |     // Fallback: UI-based login
    > 77 |     await this.page.goto("/auth/login");
         |                     ^
      78 |     await this.page.waitForSelector("form", { timeout: 5_000 });
      79 |     
      80 |     const emailInput = this.page.locator('input[name="email"], input[name="username"], input[type="email"]').first();
        at AuthenticatedPage.loginViaApi (/home/tbaltzakis/cloudless.gr/e2e/helpers/page-helpers.ts:77:21)
        at /home/tbaltzakis/cloudless.gr/e2e/ui/pages/dashboard.spec.ts:21:5

    attachment #1: screenshot (image/png) ──────────────────────────────────────────────────────────
    test-results/ui-pages-dashboard-Dashboa-59927--login-if-not-authenticated-mobile-chrome/test-failed-1.png
    ────────────────────────────────────────────────────────────────────────────────────────────────

    attachment #2: video (video/webm) ──────────────────────────────────────────────────────────────
    test-results/ui-pages-dashboard-Dashboa-59927--login-if-not-authenticated-mobile-chrome/video.webm
    ────────────────────────────────────────────────────────────────────────────────────────────────

    Error Context: test-results/ui-pages-dashboard-Dashboa-59927--login-if-not-authenticated-mobile-chrome/error-context.md

    Retry #1 ───────────────────────────────────────────────────────────────────────────────────────

    Error: page.goto: net::ERR_CONNECTION_REFUSED at http://localhost:4000/auth/login
    Call log:
      - navigating to "http://localhost:4000/auth/login", waiting until "load"


       at helpers/page-helpers.ts:77

      75 |
      76 |     // Fallback: UI-based login
    > 77 |     await this.page.goto("/auth/login");
         |                     ^
      78 |     await this.page.waitForSelector("form", { timeout: 5_000 });
      79 |     
      80 |     const emailInput = this.page.locator('input[name="email"], input[name="username"], input[type="email"]').first();
        at AuthenticatedPage.loginViaApi (/home/tbaltzakis/cloudless.gr/e2e/helpers/page-helpers.ts:77:21)
        at /home/tbaltzakis/cloudless.gr/e2e/ui/pages/dashboard.spec.ts:21:5

    attachment #1: screenshot (image/png) ──────────────────────────────────────────────────────────
    test-results/ui-pages-dashboard-Dashboa-59927--login-if-not-authenticated-mobile-chrome-retry1/test-failed-1.png
    ────────────────────────────────────────────────────────────────────────────────────────────────

    attachment #2: video (video/webm) ──────────────────────────────────────────────────────────────
    test-results/ui-pages-dashboard-Dashboa-59927--login-if-not-authenticated-mobile-chrome-retry1/video.webm
    ────────────────────────────────────────────────────────────────────────────────────────────────

    Error Context: test-results/ui-pages-dashboard-Dashboa-59927--login-if-not-authenticated-mobile-chrome-retry1/error-context.md

    attachment #4: trace (application/zip) ─────────────────────────────────────────────────────────
    test-results/ui-pages-dashboard-Dashboa-59927--login-if-not-authenticated-mobile-chrome-retry1/trace.zip
    Usage:

        npx playwright show-trace test-results/ui-pages-dashboard-Dashboa-59927--login-if-not-authenticated-mobile-chrome-retry1/trace.zip

    ────────────────────────────────────────────────────────────────────────────────────────────────

  2022) [mobile-chrome] › e2e/ui/pages/dashboard.spec.ts:165:9 › Dashboard Page › Responsive Design › should render correctly on mobile 

    Error: page.goto: net::ERR_CONNECTION_REFUSED at http://localhost:4000/auth/login
    Call log:
      - navigating to "http://localhost:4000/auth/login", waiting until "load"


       at helpers/page-helpers.ts:77

      75 |
      76 |     // Fallback: UI-based login
    > 77 |     await this.page.goto("/auth/login");
         |                     ^
      78 |     await this.page.waitForSelector("form", { timeout: 5_000 });
      79 |     
      80 |     const emailInput = this.page.locator('input[name="email"], input[name="username"], input[type="email"]').first();
        at AuthenticatedPage.loginViaApi (/home/tbaltzakis/cloudless.gr/e2e/helpers/page-helpers.ts:77:21)
        at /home/tbaltzakis/cloudless.gr/e2e/ui/pages/dashboard.spec.ts:21:5

    attachment #1: screenshot (image/png) ──────────────────────────────────────────────────────────
    test-results/ui-pages-dashboard-Dashboa-78083--render-correctly-on-mobile-mobile-chrome/test-failed-1.png
    ────────────────────────────────────────────────────────────────────────────────────────────────

    attachment #2: video (video/webm) ──────────────────────────────────────────────────────────────
    test-results/ui-pages-dashboard-Dashboa-78083--render-correctly-on-mobile-mobile-chrome/video.webm
    ────────────────────────────────────────────────────────────────────────────────────────────────

    Error Context: test-results/ui-pages-dashboard-Dashboa-78083--render-correctly-on-mobile-mobile-chrome/error-context.md

    Retry #1 ───────────────────────────────────────────────────────────────────────────────────────

    Error: page.goto: net::ERR_CONNECTION_REFUSED at http://localhost:4000/auth/login
    Call log:
      - navigating to "http://localhost:4000/auth/login", waiting until "load"


       at helpers/page-helpers.ts:77

      75 |
      76 |     // Fallback: UI-based login
    > 77 |     await this.page.goto("/auth/login");
         |                     ^
      78 |     await this.page.waitForSelector("form", { timeout: 5_000 });
      79 |     
      80 |     const emailInput = this.page.locator('input[name="email"], input[name="username"], input[type="email"]').first();
        at AuthenticatedPage.loginViaApi (/home/tbaltzakis/cloudless.gr/e2e/helpers/page-helpers.ts:77:21)
        at /home/tbaltzakis/cloudless.gr/e2e/ui/pages/dashboard.spec.ts:21:5

    attachment #1: screenshot (image/png) ──────────────────────────────────────────────────────────
    test-results/ui-pages-dashboard-Dashboa-78083--render-correctly-on-mobile-mobile-chrome-retry1/test-failed-1.png
    ────────────────────────────────────────────────────────────────────────────────────────────────

    attachment #2: video (video/webm) ──────────────────────────────────────────────────────────────
    test-results/ui-pages-dashboard-Dashboa-78083--render-correctly-on-mobile-mobile-chrome-retry1/video.webm
    ────────────────────────────────────────────────────────────────────────────────────────────────

    Error Context: test-results/ui-pages-dashboard-Dashboa-78083--render-correctly-on-mobile-mobile-chrome-retry1/error-context.md

    attachment #4: trace (application/zip) ─────────────────────────────────────────────────────────
    test-results/ui-pages-dashboard-Dashboa-78083--render-correctly-on-mobile-mobile-chrome-retry1/trace.zip
    Usage:

        npx playwright show-trace test-results/ui-pages-dashboard-Dashboa-78083--render-correctly-on-mobile-mobile-chrome-retry1/trace.zip

    ────────────────────────────────────────────────────────────────────────────────────────────────

  2023) [mobile-chrome] › e2e/ui/pages/dashboard.spec.ts:194:9 › Dashboard Page › Responsive Design › should render correctly on tablet 

    Error: page.goto: net::ERR_CONNECTION_REFUSED at http://localhost:4000/auth/login
    Call log:
      - navigating to "http://localhost:4000/auth/login", waiting until "load"


       at helpers/page-helpers.ts:77

      75 |
      76 |     // Fallback: UI-based login
    > 77 |     await this.page.goto("/auth/login");
         |                     ^
      78 |     await this.page.waitForSelector("form", { timeout: 5_000 });
      79 |     
      80 |     const emailInput = this.page.locator('input[name="email"], input[name="username"], input[type="email"]').first();
        at AuthenticatedPage.loginViaApi (/home/tbaltzakis/cloudless.gr/e2e/helpers/page-helpers.ts:77:21)
        at /home/tbaltzakis/cloudless.gr/e2e/ui/pages/dashboard.spec.ts:21:5

    attachment #1: screenshot (image/png) ──────────────────────────────────────────────────────────
    test-results/ui-pages-dashboard-Dashboa-db3b3--render-correctly-on-tablet-mobile-chrome/test-failed-1.png
    ────────────────────────────────────────────────────────────────────────────────────────────────

    attachment #2: video (video/webm) ──────────────────────────────────────────────────────────────
    test-results/ui-pages-dashboard-Dashboa-db3b3--render-correctly-on-tablet-mobile-chrome/video.webm
    ────────────────────────────────────────────────────────────────────────────────────────────────

    Error Context: test-results/ui-pages-dashboard-Dashboa-db3b3--render-correctly-on-tablet-mobile-chrome/error-context.md

    Retry #1 ───────────────────────────────────────────────────────────────────────────────────────

    Error: page.goto: net::ERR_CONNECTION_REFUSED at http://localhost:4000/auth/login
    Call log:
      - navigating to "http://localhost:4000/auth/login", waiting until "load"


       at helpers/page-helpers.ts:77

      75 |
      76 |     // Fallback: UI-based login
    > 77 |     await this.page.goto("/auth/login");
         |                     ^
      78 |     await this.page.waitForSelector("form", { timeout: 5_000 });
      79 |     
      80 |     const emailInput = this.page.locator('input[name="email"], input[name="username"], input[type="email"]').first();
        at AuthenticatedPage.loginViaApi (/home/tbaltzakis/cloudless.gr/e2e/helpers/page-helpers.ts:77:21)
        at /home/tbaltzakis/cloudless.gr/e2e/ui/pages/dashboard.spec.ts:21:5

    attachment #1: screenshot (image/png) ──────────────────────────────────────────────────────────
    test-results/ui-pages-dashboard-Dashboa-db3b3--render-correctly-on-tablet-mobile-chrome-retry1/test-failed-1.png
    ────────────────────────────────────────────────────────────────────────────────────────────────

    attachment #2: video (video/webm) ──────────────────────────────────────────────────────────────
    test-results/ui-pages-dashboard-Dashboa-db3b3--render-correctly-on-tablet-mobile-chrome-retry1/video.webm
    ────────────────────────────────────────────────────────────────────────────────────────────────

    Error Context: test-results/ui-pages-dashboard-Dashboa-db3b3--render-correctly-on-tablet-mobile-chrome-retry1/error-context.md

    attachment #4: trace (application/zip) ─────────────────────────────────────────────────────────
    test-results/ui-pages-dashboard-Dashboa-db3b3--render-correctly-on-tablet-mobile-chrome-retry1/trace.zip
    Usage:

        npx playwright show-trace test-results/ui-pages-dashboard-Dashboa-db3b3--render-correctly-on-tablet-mobile-chrome-retry1/trace.zip

    ────────────────────────────────────────────────────────────────────────────────────────────────

  2024) [mobile-chrome] › e2e/ui/pages/dashboard.spec.ts:211:9 › Dashboard Page › Responsive Design › should render correctly on desktop 

    Error: page.goto: net::ERR_CONNECTION_REFUSED at http://localhost:4000/auth/login
    Call log:
      - navigating to "http://localhost:4000/auth/login", waiting until "load"


       at helpers/page-helpers.ts:77

      75 |
      76 |     // Fallback: UI-based login
    > 77 |     await this.page.goto("/auth/login");
         |                     ^
      78 |     await this.page.waitForSelector("form", { timeout: 5_000 });
      79 |     
      80 |     const emailInput = this.page.locator('input[name="email"], input[name="username"], input[type="email"]').first();
        at AuthenticatedPage.loginViaApi (/home/tbaltzakis/cloudless.gr/e2e/helpers/page-helpers.ts:77:21)
        at /home/tbaltzakis/cloudless.gr/e2e/ui/pages/dashboard.spec.ts:21:5

    attachment #1: screenshot (image/png) ──────────────────────────────────────────────────────────
    test-results/ui-pages-dashboard-Dashboa-84775-render-correctly-on-desktop-mobile-chrome/test-failed-1.png
    ────────────────────────────────────────────────────────────────────────────────────────────────

    attachment #2: video (video/webm) ──────────────────────────────────────────────────────────────
    test-results/ui-pages-dashboard-Dashboa-84775-render-correctly-on-desktop-mobile-chrome/video.webm
    ────────────────────────────────────────────────────────────────────────────────────────────────

    Error Context: test-results/ui-pages-dashboard-Dashboa-84775-render-correctly-on-desktop-mobile-chrome/error-context.md

    Retry #1 ───────────────────────────────────────────────────────────────────────────────────────

    Error: page.goto: net::ERR_CONNECTION_REFUSED at http://localhost:4000/auth/login
    Call log:
      - navigating to "http://localhost:4000/auth/login", waiting until "load"


       at helpers/page-helpers.ts:77

      75 |
      76 |     // Fallback: UI-based login
    > 77 |     await this.page.goto("/auth/login");
         |                     ^
      78 |     await this.page.waitForSelector("form", { timeout: 5_000 });
      79 |     
      80 |     const emailInput = this.page.locator('input[name="email"], input[name="username"], input[type="email"]').first();
        at AuthenticatedPage.loginViaApi (/home/tbaltzakis/cloudless.gr/e2e/helpers/page-helpers.ts:77:21)
        at /home/tbaltzakis/cloudless.gr/e2e/ui/pages/dashboard.spec.ts:21:5

    attachment #1: screenshot (image/png) ──────────────────────────────────────────────────────────
    test-results/ui-pages-dashboard-Dashboa-84775-render-correctly-on-desktop-mobile-chrome-retry1/test-failed-1.png
    ────────────────────────────────────────────────────────────────────────────────────────────────

    attachment #2: video (video/webm) ──────────────────────────────────────────────────────────────
    test-results/ui-pages-dashboard-Dashboa-84775-render-correctly-on-desktop-mobile-chrome-retry1/video.webm
    ────────────────────────────────────────────────────────────────────────────────────────────────

    Error Context: test-results/ui-pages-dashboard-Dashboa-84775-render-correctly-on-desktop-mobile-chrome-retry1/error-context.md

    attachment #4: trace (application/zip) ─────────────────────────────────────────────────────────
    test-results/ui-pages-dashboard-Dashboa-84775-render-correctly-on-desktop-mobile-chrome-retry1/trace.zip
    Usage:

        npx playwright show-trace test-results/ui-pages-dashboard-Dashboa-84775-render-correctly-on-desktop-mobile-chrome-retry1/trace.zip

    ────────────────────────────────────────────────────────────────────────────────────────────────

  2025) [mobile-chrome] › e2e/ui/pages/dashboard.spec.ts:240:9 › Dashboard Page › Accessibility › should have proper language attribute 

    Error: page.goto: net::ERR_CONNECTION_REFUSED at http://localhost:4000/auth/login
    Call log:
      - navigating to "http://localhost:4000/auth/login", waiting until "load"


       at helpers/page-helpers.ts:77

      75 |
      76 |     // Fallback: UI-based login
    > 77 |     await this.page.goto("/auth/login");
         |                     ^
      78 |     await this.page.waitForSelector("form", { timeout: 5_000 });
      79 |     
      80 |     const emailInput = this.page.locator('input[name="email"], input[name="username"], input[type="email"]').first();
        at AuthenticatedPage.loginViaApi (/home/tbaltzakis/cloudless.gr/e2e/helpers/page-helpers.ts:77:21)
        at /home/tbaltzakis/cloudless.gr/e2e/ui/pages/dashboard.spec.ts:21:5

    attachment #1: screenshot (image/png) ──────────────────────────────────────────────────────────
    test-results/ui-pages-dashboard-Dashboa-4f314-e-proper-language-attribute-mobile-chrome/test-failed-1.png
    ────────────────────────────────────────────────────────────────────────────────────────────────

    attachment #2: video (video/webm) ──────────────────────────────────────────────────────────────
    test-results/ui-pages-dashboard-Dashboa-4f314-e-proper-language-attribute-mobile-chrome/video.webm
    ────────────────────────────────────────────────────────────────────────────────────────────────

    Error Context: test-results/ui-pages-dashboard-Dashboa-4f314-e-proper-language-attribute-mobile-chrome/error-context.md

    Retry #1 ───────────────────────────────────────────────────────────────────────────────────────

    Error: page.goto: net::ERR_CONNECTION_REFUSED at http://localhost:4000/auth/login
    Call log:
      - navigating to "http://localhost:4000/auth/login", waiting until "load"


       at helpers/page-helpers.ts:77

      75 |
      76 |     // Fallback: UI-based login
    > 77 |     await this.page.goto("/auth/login");
         |                     ^
      78 |     await this.page.waitForSelector("form", { timeout: 5_000 });
      79 |     
      80 |     const emailInput = this.page.locator('input[name="email"], input[name="username"], input[type="email"]').first();
        at AuthenticatedPage.loginViaApi (/home/tbaltzakis/cloudless.gr/e2e/helpers/page-helpers.ts:77:21)
        at /home/tbaltzakis/cloudless.gr/e2e/ui/pages/dashboard.spec.ts:21:5

    attachment #1: screenshot (image/png) ──────────────────────────────────────────────────────────
    test-results/ui-pages-dashboard-Dashboa-4f314-e-proper-language-attribute-mobile-chrome-retry1/test-failed-1.png
    ────────────────────────────────────────────────────────────────────────────────────────────────

    attachment #2: video (video/webm) ──────────────────────────────────────────────────────────────
    test-results/ui-pages-dashboard-Dashboa-4f314-e-proper-language-attribute-mobile-chrome-retry1/video.webm
    ────────────────────────────────────────────────────────────────────────────────────────────────

    Error Context: test-results/ui-pages-dashboard-Dashboa-4f314-e-proper-language-attribute-mobile-chrome-retry1/error-context.md

    attachment #4: trace (application/zip) ─────────────────────────────────────────────────────────
    test-results/ui-pages-dashboard-Dashboa-4f314-e-proper-language-attribute-mobile-chrome-retry1/trace.zip
    Usage:

        npx playwright show-trace test-results/ui-pages-dashboard-Dashboa-4f314-e-proper-language-attribute-mobile-chrome-retry1/trace.zip

    ────────────────────────────────────────────────────────────────────────────────────────────────

  2026) [mobile-chrome] › e2e/ui/pages/dashboard.spec.ts:246:9 › Dashboard Page › Accessibility › should have proper heading structure 

    Error: page.goto: net::ERR_CONNECTION_REFUSED at http://localhost:4000/auth/login
    Call log:
      - navigating to "http://localhost:4000/auth/login", waiting until "load"


       at helpers/page-helpers.ts:77

      75 |
      76 |     // Fallback: UI-based login
    > 77 |     await this.page.goto("/auth/login");
         |                     ^
      78 |     await this.page.waitForSelector("form", { timeout: 5_000 });
      79 |     
      80 |     const emailInput = this.page.locator('input[name="email"], input[name="username"], input[type="email"]').first();
        at AuthenticatedPage.loginViaApi (/home/tbaltzakis/cloudless.gr/e2e/helpers/page-helpers.ts:77:21)
        at /home/tbaltzakis/cloudless.gr/e2e/ui/pages/dashboard.spec.ts:21:5

    attachment #1: screenshot (image/png) ──────────────────────────────────────────────────────────
    test-results/ui-pages-dashboard-Dashboa-64aa4-ve-proper-heading-structure-mobile-chrome/test-failed-1.png
    ────────────────────────────────────────────────────────────────────────────────────────────────

    attachment #2: video (video/webm) ──────────────────────────────────────────────────────────────
    test-results/ui-pages-dashboard-Dashboa-64aa4-ve-proper-heading-structure-mobile-chrome/video.webm
    ────────────────────────────────────────────────────────────────────────────────────────────────

    Error Context: test-results/ui-pages-dashboard-Dashboa-64aa4-ve-proper-heading-structure-mobile-chrome/error-context.md

    Retry #1 ───────────────────────────────────────────────────────────────────────────────────────

    Error: page.goto: net::ERR_CONNECTION_REFUSED at http://localhost:4000/auth/login
    Call log:
      - navigating to "http://localhost:4000/auth/login", waiting until "load"


       at helpers/page-helpers.ts:77

      75 |
      76 |     // Fallback: UI-based login
    > 77 |     await this.page.goto("/auth/login");
         |                     ^
      78 |     await this.page.waitForSelector("form", { timeout: 5_000 });
      79 |     
      80 |     const emailInput = this.page.locator('input[name="email"], input[name="username"], input[type="email"]').first();
        at AuthenticatedPage.loginViaApi (/home/tbaltzakis/cloudless.gr/e2e/helpers/page-helpers.ts:77:21)
        at /home/tbaltzakis/cloudless.gr/e2e/ui/pages/dashboard.spec.ts:21:5

    attachment #1: screenshot (image/png) ──────────────────────────────────────────────────────────
    test-results/ui-pages-dashboard-Dashboa-64aa4-ve-proper-heading-structure-mobile-chrome-retry1/test-failed-1.png
    ────────────────────────────────────────────────────────────────────────────────────────────────

    attachment #2: video (video/webm) ──────────────────────────────────────────────────────────────
    test-results/ui-pages-dashboard-Dashboa-64aa4-ve-proper-heading-structure-mobile-chrome-retry1/video.webm
    ────────────────────────────────────────────────────────────────────────────────────────────────

    Error Context: test-results/ui-pages-dashboard-Dashboa-64aa4-ve-proper-heading-structure-mobile-chrome-retry1/error-context.md

    attachment #4: trace (application/zip) ─────────────────────────────────────────────────────────
    test-results/ui-pages-dashboard-Dashboa-64aa4-ve-proper-heading-structure-mobile-chrome-retry1/trace.zip
    Usage:

        npx playwright show-trace test-results/ui-pages-dashboard-Dashboa-64aa4-ve-proper-heading-structure-mobile-chrome-retry1/trace.zip

    ────────────────────────────────────────────────────────────────────────────────────────────────

  2027) [mobile-chrome] › e2e/ui/pages/dashboard.spec.ts:264:9 › Dashboard Page › Accessibility › should have accessible navigation 

    Error: page.goto: net::ERR_CONNECTION_REFUSED at http://localhost:4000/auth/login
    Call log:
      - navigating to "http://localhost:4000/auth/login", waiting until "load"


       at helpers/page-helpers.ts:77

      75 |
      76 |     // Fallback: UI-based login
    > 77 |     await this.page.goto("/auth/login");
         |                     ^
      78 |     await this.page.waitForSelector("form", { timeout: 5_000 });
      79 |     
      80 |     const emailInput = this.page.locator('input[name="email"], input[name="username"], input[type="email"]').first();
        at AuthenticatedPage.loginViaApi (/home/tbaltzakis/cloudless.gr/e2e/helpers/page-helpers.ts:77:21)
        at /home/tbaltzakis/cloudless.gr/e2e/ui/pages/dashboard.spec.ts:21:5

    attachment #1: screenshot (image/png) ──────────────────────────────────────────────────────────
    test-results/ui-pages-dashboard-Dashboa-7f400--have-accessible-navigation-mobile-chrome/test-failed-1.png
    ────────────────────────────────────────────────────────────────────────────────────────────────

    attachment #2: video (video/webm) ──────────────────────────────────────────────────────────────
    test-results/ui-pages-dashboard-Dashboa-7f400--have-accessible-navigation-mobile-chrome/video.webm
    ────────────────────────────────────────────────────────────────────────────────────────────────

    Error Context: test-results/ui-pages-dashboard-Dashboa-7f400--have-accessible-navigation-mobile-chrome/error-context.md

    Retry #1 ───────────────────────────────────────────────────────────────────────────────────────

    Error: page.goto: net::ERR_CONNECTION_REFUSED at http://localhost:4000/auth/login
    Call log:
      - navigating to "http://localhost:4000/auth/login", waiting until "load"


       at helpers/page-helpers.ts:77

      75 |
      76 |     // Fallback: UI-based login
    > 77 |     await this.page.goto("/auth/login");
         |                     ^
      78 |     await this.page.waitForSelector("form", { timeout: 5_000 });
      79 |     
      80 |     const emailInput = this.page.locator('input[name="email"], input[name="username"], input[type="email"]').first();
        at AuthenticatedPage.loginViaApi (/home/tbaltzakis/cloudless.gr/e2e/helpers/page-helpers.ts:77:21)
        at /home/tbaltzakis/cloudless.gr/e2e/ui/pages/dashboard.spec.ts:21:5

    attachment #1: screenshot (image/png) ──────────────────────────────────────────────────────────
    test-results/ui-pages-dashboard-Dashboa-7f400--have-accessible-navigation-mobile-chrome-retry1/test-failed-1.png
    ────────────────────────────────────────────────────────────────────────────────────────────────

    attachment #2: video (video/webm) ──────────────────────────────────────────────────────────────
    test-results/ui-pages-dashboard-Dashboa-7f400--have-accessible-navigation-mobile-chrome-retry1/video.webm
    ────────────────────────────────────────────────────────────────────────────────────────────────

    Error Context: test-results/ui-pages-dashboard-Dashboa-7f400--have-accessible-navigation-mobile-chrome-retry1/error-context.md

    attachment #4: trace (application/zip) ─────────────────────────────────────────────────────────
    test-results/ui-pages-dashboard-Dashboa-7f400--have-accessible-navigation-mobile-chrome-retry1/trace.zip
    Usage:

        npx playwright show-trace test-results/ui-pages-dashboard-Dashboa-7f400--have-accessible-navigation-mobile-chrome-retry1/trace.zip

    ────────────────────────────────────────────────────────────────────────────────────────────────

  2028) [mobile-chrome] › e2e/ui/pages/dashboard.spec.ts:315:9 › Dashboard Page › Accessibility › should have accessible widgets/cards 

    Error: page.goto: net::ERR_CONNECTION_REFUSED at http://localhost:4000/auth/login
    Call log:
      - navigating to "http://localhost:4000/auth/login", waiting until "load"


       at helpers/page-helpers.ts:77

      75 |
      76 |     // Fallback: UI-based login
    > 77 |     await this.page.goto("/auth/login");
         |                     ^
      78 |     await this.page.waitForSelector("form", { timeout: 5_000 });
      79 |     
      80 |     const emailInput = this.page.locator('input[name="email"], input[name="username"], input[type="email"]').first();
        at AuthenticatedPage.loginViaApi (/home/tbaltzakis/cloudless.gr/e2e/helpers/page-helpers.ts:77:21)
        at /home/tbaltzakis/cloudless.gr/e2e/ui/pages/dashboard.spec.ts:21:5

    attachment #1: screenshot (image/png) ──────────────────────────────────────────────────────────
    test-results/ui-pages-dashboard-Dashboa-7d162-ve-accessible-widgets-cards-mobile-chrome/test-failed-1.png
    ────────────────────────────────────────────────────────────────────────────────────────────────

    attachment #2: video (video/webm) ──────────────────────────────────────────────────────────────
    test-results/ui-pages-dashboard-Dashboa-7d162-ve-accessible-widgets-cards-mobile-chrome/video.webm
    ────────────────────────────────────────────────────────────────────────────────────────────────

    Error Context: test-results/ui-pages-dashboard-Dashboa-7d162-ve-accessible-widgets-cards-mobile-chrome/error-context.md

    Retry #1 ───────────────────────────────────────────────────────────────────────────────────────

    Error: page.goto: net::ERR_CONNECTION_REFUSED at http://localhost:4000/auth/login
    Call log:
      - navigating to "http://localhost:4000/auth/login", waiting until "load"


       at helpers/page-helpers.ts:77

      75 |
      76 |     // Fallback: UI-based login
    > 77 |     await this.page.goto("/auth/login");
         |                     ^
      78 |     await this.page.waitForSelector("form", { timeout: 5_000 });
      79 |     
      80 |     const emailInput = this.page.locator('input[name="email"], input[name="username"], input[type="email"]').first();
        at AuthenticatedPage.loginViaApi (/home/tbaltzakis/cloudless.gr/e2e/helpers/page-helpers.ts:77:21)
        at /home/tbaltzakis/cloudless.gr/e2e/ui/pages/dashboard.spec.ts:21:5

    attachment #1: screenshot (image/png) ──────────────────────────────────────────────────────────
    test-results/ui-pages-dashboard-Dashboa-7d162-ve-accessible-widgets-cards-mobile-chrome-retry1/test-failed-1.png
    ────────────────────────────────────────────────────────────────────────────────────────────────

    attachment #2: video (video/webm) ──────────────────────────────────────────────────────────────
    test-results/ui-pages-dashboard-Dashboa-7d162-ve-accessible-widgets-cards-mobile-chrome-retry1/video.webm
    ────────────────────────────────────────────────────────────────────────────────────────────────

    Error Context: test-results/ui-pages-dashboard-Dashboa-7d162-ve-accessible-widgets-cards-mobile-chrome-retry1/error-context.md

    attachment #4: trace (application/zip) ─────────────────────────────────────────────────────────
    test-results/ui-pages-dashboard-Dashboa-7d162-ve-accessible-widgets-cards-mobile-chrome-retry1/trace.zip
    Usage:

        npx playwright show-trace test-results/ui-pages-dashboard-Dashboa-7d162-ve-accessible-widgets-cards-mobile-chrome-retry1/trace.zip

    ────────────────────────────────────────────────────────────────────────────────────────────────

  2029) [mobile-chrome] › e2e/ui/pages/dashboard.spec.ts:364:9 › Dashboard Page › Performance › should load within reasonable time 

    Error: page.goto: net::ERR_CONNECTION_REFUSED at http://localhost:4000/auth/login
    Call log:
      - navigating to "http://localhost:4000/auth/login", waiting until "load"


       at helpers/page-helpers.ts:77

      75 |
      76 |     // Fallback: UI-based login
    > 77 |     await this.page.goto("/auth/login");
         |                     ^
      78 |     await this.page.waitForSelector("form", { timeout: 5_000 });
      79 |     
      80 |     const emailInput = this.page.locator('input[name="email"], input[name="username"], input[type="email"]').first();
        at AuthenticatedPage.loginViaApi (/home/tbaltzakis/cloudless.gr/e2e/helpers/page-helpers.ts:77:21)
        at /home/tbaltzakis/cloudless.gr/e2e/ui/pages/dashboard.spec.ts:21:5

    attachment #1: screenshot (image/png) ──────────────────────────────────────────────────────────
    test-results/ui-pages-dashboard-Dashboa-7ea2c-load-within-reasonable-time-mobile-chrome/test-failed-1.png
    ────────────────────────────────────────────────────────────────────────────────────────────────

    attachment #2: video (video/webm) ──────────────────────────────────────────────────────────────
    test-results/ui-pages-dashboard-Dashboa-7ea2c-load-within-reasonable-time-mobile-chrome/video.webm
    ────────────────────────────────────────────────────────────────────────────────────────────────

    Error Context: test-results/ui-pages-dashboard-Dashboa-7ea2c-load-within-reasonable-time-mobile-chrome/error-context.md

    Retry #1 ───────────────────────────────────────────────────────────────────────────────────────

    Error: page.goto: net::ERR_CONNECTION_REFUSED at http://localhost:4000/auth/login
    Call log:
      - navigating to "http://localhost:4000/auth/login", waiting until "load"


       at helpers/page-helpers.ts:77

      75 |
      76 |     // Fallback: UI-based login
    > 77 |     await this.page.goto("/auth/login");
         |                     ^
      78 |     await this.page.waitForSelector("form", { timeout: 5_000 });
      79 |     
      80 |     const emailInput = this.page.locator('input[name="email"], input[name="username"], input[type="email"]').first();
        at AuthenticatedPage.loginViaApi (/home/tbaltzakis/cloudless.gr/e2e/helpers/page-helpers.ts:77:21)
        at /home/tbaltzakis/cloudless.gr/e2e/ui/pages/dashboard.spec.ts:21:5

    attachment #1: screenshot (image/png) ──────────────────────────────────────────────────────────
    test-results/ui-pages-dashboard-Dashboa-7ea2c-load-within-reasonable-time-mobile-chrome-retry1/test-failed-1.png
    ────────────────────────────────────────────────────────────────────────────────────────────────

    attachment #2: video (video/webm) ──────────────────────────────────────────────────────────────
    test-results/ui-pages-dashboard-Dashboa-7ea2c-load-within-reasonable-time-mobile-chrome-retry1/video.webm
    ────────────────────────────────────────────────────────────────────────────────────────────────

    Error Context: test-results/ui-pages-dashboard-Dashboa-7ea2c-load-within-reasonable-time-mobile-chrome-retry1/error-context.md

    attachment #4: trace (application/zip) ─────────────────────────────────────────────────────────
    test-results/ui-pages-dashboard-Dashboa-7ea2c-load-within-reasonable-time-mobile-chrome-retry1/trace.zip
    Usage:

        npx playwright show-trace test-results/ui-pages-dashboard-Dashboa-7ea2c-load-within-reasonable-time-mobile-chrome-retry1/trace.zip

    ────────────────────────────────────────────────────────────────────────────────────────────────

  2030) [mobile-chrome] › e2e/ui/pages/homepage.spec.ts:20:7 › Homepage › should load successfully ─

    Error: page.goto: net::ERR_CONNECTION_REFUSED at http://localhost:4000/
    Call log:
      - navigating to "http://localhost:4000/", waiting until "load"


       at helpers/page-helpers.ts:13

      11 |
      12 |   async navigate(path: string) {
    > 13 |     await this.page.goto(path);
         |                     ^
      14 |     await this.page.waitForLoadState("networkidle");
      15 |   }
      16 |
        at BasePage.navigate (/home/tbaltzakis/cloudless.gr/e2e/helpers/page-helpers.ts:13:21)
        at /home/tbaltzakis/cloudless.gr/e2e/ui/pages/homepage.spec.ts:17:16

    attachment #1: screenshot (image/png) ──────────────────────────────────────────────────────────
    test-results/ui-pages-homepage-Homepage-should-load-successfully-mobile-chrome/test-failed-1.png
    ────────────────────────────────────────────────────────────────────────────────────────────────

    attachment #2: video (video/webm) ──────────────────────────────────────────────────────────────
    test-results/ui-pages-homepage-Homepage-should-load-successfully-mobile-chrome/video.webm
    ────────────────────────────────────────────────────────────────────────────────────────────────

    Error Context: test-results/ui-pages-homepage-Homepage-should-load-successfully-mobile-chrome/error-context.md

    Retry #1 ───────────────────────────────────────────────────────────────────────────────────────

    Error: page.goto: net::ERR_CONNECTION_REFUSED at http://localhost:4000/
    Call log:
      - navigating to "http://localhost:4000/", waiting until "load"


       at helpers/page-helpers.ts:13

      11 |
      12 |   async navigate(path: string) {
    > 13 |     await this.page.goto(path);
         |                     ^
      14 |     await this.page.waitForLoadState("networkidle");
      15 |   }
      16 |
        at BasePage.navigate (/home/tbaltzakis/cloudless.gr/e2e/helpers/page-helpers.ts:13:21)
        at /home/tbaltzakis/cloudless.gr/e2e/ui/pages/homepage.spec.ts:17:16

    attachment #1: screenshot (image/png) ──────────────────────────────────────────────────────────
    test-results/ui-pages-homepage-Homepage-should-load-successfully-mobile-chrome-retry1/test-failed-1.png
    ────────────────────────────────────────────────────────────────────────────────────────────────

    attachment #2: video (video/webm) ──────────────────────────────────────────────────────────────
    test-results/ui-pages-homepage-Homepage-should-load-successfully-mobile-chrome-retry1/video.webm
    ────────────────────────────────────────────────────────────────────────────────────────────────

    Error Context: test-results/ui-pages-homepage-Homepage-should-load-successfully-mobile-chrome-retry1/error-context.md

    attachment #4: trace (application/zip) ─────────────────────────────────────────────────────────
    test-results/ui-pages-homepage-Homepage-should-load-successfully-mobile-chrome-retry1/trace.zip
    Usage:

        npx playwright show-trace test-results/ui-pages-homepage-Homepage-should-load-successfully-mobile-chrome-retry1/trace.zip

    ────────────────────────────────────────────────────────────────────────────────────────────────

  2031) [mobile-chrome] › e2e/ui/pages/homepage.spec.ts:28:7 › Homepage › should have visible navigation 

    Error: page.goto: net::ERR_CONNECTION_REFUSED at http://localhost:4000/
    Call log:
      - navigating to "http://localhost:4000/", waiting until "load"


       at helpers/page-helpers.ts:13

      11 |
      12 |   async navigate(path: string) {
    > 13 |     await this.page.goto(path);
         |                     ^
      14 |     await this.page.waitForLoadState("networkidle");
      15 |   }
      16 |
        at BasePage.navigate (/home/tbaltzakis/cloudless.gr/e2e/helpers/page-helpers.ts:13:21)
        at /home/tbaltzakis/cloudless.gr/e2e/ui/pages/homepage.spec.ts:17:16

    attachment #1: screenshot (image/png) ──────────────────────────────────────────────────────────
    test-results/ui-pages-homepage-Homepage-should-have-visible-navigation-mobile-chrome/test-failed-1.png
    ────────────────────────────────────────────────────────────────────────────────────────────────

    attachment #2: video (video/webm) ──────────────────────────────────────────────────────────────
    test-results/ui-pages-homepage-Homepage-should-have-visible-navigation-mobile-chrome/video.webm
    ────────────────────────────────────────────────────────────────────────────────────────────────

    Error Context: test-results/ui-pages-homepage-Homepage-should-have-visible-navigation-mobile-chrome/error-context.md

    Retry #1 ───────────────────────────────────────────────────────────────────────────────────────

    Error: page.goto: net::ERR_CONNECTION_REFUSED at http://localhost:4000/
    Call log:
      - navigating to "http://localhost:4000/", waiting until "load"


       at helpers/page-helpers.ts:13

      11 |
      12 |   async navigate(path: string) {
    > 13 |     await this.page.goto(path);
         |                     ^
      14 |     await this.page.waitForLoadState("networkidle");
      15 |   }
      16 |
        at BasePage.navigate (/home/tbaltzakis/cloudless.gr/e2e/helpers/page-helpers.ts:13:21)
        at /home/tbaltzakis/cloudless.gr/e2e/ui/pages/homepage.spec.ts:17:16

    attachment #1: screenshot (image/png) ──────────────────────────────────────────────────────────
    test-results/ui-pages-homepage-Homepage-should-have-visible-navigation-mobile-chrome-retry1/test-failed-1.png
    ────────────────────────────────────────────────────────────────────────────────────────────────

    attachment #2: video (video/webm) ──────────────────────────────────────────────────────────────
    test-results/ui-pages-homepage-Homepage-should-have-visible-navigation-mobile-chrome-retry1/video.webm
    ────────────────────────────────────────────────────────────────────────────────────────────────

    Error Context: test-results/ui-pages-homepage-Homepage-should-have-visible-navigation-mobile-chrome-retry1/error-context.md

    attachment #4: trace (application/zip) ─────────────────────────────────────────────────────────
    test-results/ui-pages-homepage-Homepage-should-have-visible-navigation-mobile-chrome-retry1/trace.zip
    Usage:

        npx playwright show-trace test-results/ui-pages-homepage-Homepage-should-have-visible-navigation-mobile-chrome-retry1/trace.zip

    ────────────────────────────────────────────────────────────────────────────────────────────────

  2032) [mobile-chrome] › e2e/ui/pages/homepage.spec.ts:37:7 › Homepage › should have hero section with call-to-action 

    Error: page.goto: net::ERR_CONNECTION_REFUSED at http://localhost:4000/
    Call log:
      - navigating to "http://localhost:4000/", waiting until "load"


       at helpers/page-helpers.ts:13

      11 |
      12 |   async navigate(path: string) {
    > 13 |     await this.page.goto(path);
         |                     ^
      14 |     await this.page.waitForLoadState("networkidle");
      15 |   }
      16 |
        at BasePage.navigate (/home/tbaltzakis/cloudless.gr/e2e/helpers/page-helpers.ts:13:21)
        at /home/tbaltzakis/cloudless.gr/e2e/ui/pages/homepage.spec.ts:17:16

    attachment #1: screenshot (image/png) ──────────────────────────────────────────────────────────
    test-results/ui-pages-homepage-Homepage-5c107-section-with-call-to-action-mobile-chrome/test-failed-1.png
    ────────────────────────────────────────────────────────────────────────────────────────────────

    attachment #2: video (video/webm) ──────────────────────────────────────────────────────────────
    test-results/ui-pages-homepage-Homepage-5c107-section-with-call-to-action-mobile-chrome/video.webm
    ────────────────────────────────────────────────────────────────────────────────────────────────

    Error Context: test-results/ui-pages-homepage-Homepage-5c107-section-with-call-to-action-mobile-chrome/error-context.md

    Retry #1 ───────────────────────────────────────────────────────────────────────────────────────

    Error: page.goto: net::ERR_CONNECTION_REFUSED at http://localhost:4000/
    Call log:
      - navigating to "http://localhost:4000/", waiting until "load"


       at helpers/page-helpers.ts:13

      11 |
      12 |   async navigate(path: string) {
    > 13 |     await this.page.goto(path);
         |                     ^
      14 |     await this.page.waitForLoadState("networkidle");
      15 |   }
      16 |
        at BasePage.navigate (/home/tbaltzakis/cloudless.gr/e2e/helpers/page-helpers.ts:13:21)
        at /home/tbaltzakis/cloudless.gr/e2e/ui/pages/homepage.spec.ts:17:16

    attachment #1: screenshot (image/png) ──────────────────────────────────────────────────────────
    test-results/ui-pages-homepage-Homepage-5c107-section-with-call-to-action-mobile-chrome-retry1/test-failed-1.png
    ────────────────────────────────────────────────────────────────────────────────────────────────

    attachment #2: video (video/webm) ──────────────────────────────────────────────────────────────
    test-results/ui-pages-homepage-Homepage-5c107-section-with-call-to-action-mobile-chrome-retry1/video.webm
    ────────────────────────────────────────────────────────────────────────────────────────────────

    Error Context: test-results/ui-pages-homepage-Homepage-5c107-section-with-call-to-action-mobile-chrome-retry1/error-context.md

    attachment #4: trace (application/zip) ─────────────────────────────────────────────────────────
    test-results/ui-pages-homepage-Homepage-5c107-section-with-call-to-action-mobile-chrome-retry1/trace.zip
    Usage:

        npx playwright show-trace test-results/ui-pages-homepage-Homepage-5c107-section-with-call-to-action-mobile-chrome-retry1/trace.zip

    ────────────────────────────────────────────────────────────────────────────────────────────────

  2033) [mobile-chrome] › e2e/ui/pages/homepage.spec.ts:50:7 › Homepage › should have services section 

    Error: page.goto: net::ERR_CONNECTION_REFUSED at http://localhost:4000/
    Call log:
      - navigating to "http://localhost:4000/", waiting until "load"


       at helpers/page-helpers.ts:13

      11 |
      12 |   async navigate(path: string) {
    > 13 |     await this.page.goto(path);
         |                     ^
      14 |     await this.page.waitForLoadState("networkidle");
      15 |   }
      16 |
        at BasePage.navigate (/home/tbaltzakis/cloudless.gr/e2e/helpers/page-helpers.ts:13:21)
        at /home/tbaltzakis/cloudless.gr/e2e/ui/pages/homepage.spec.ts:17:16

    attachment #1: screenshot (image/png) ──────────────────────────────────────────────────────────
    test-results/ui-pages-homepage-Homepage-should-have-services-section-mobile-chrome/test-failed-1.png
    ────────────────────────────────────────────────────────────────────────────────────────────────

    attachment #2: video (video/webm) ──────────────────────────────────────────────────────────────
    test-results/ui-pages-homepage-Homepage-should-have-services-section-mobile-chrome/video.webm
    ────────────────────────────────────────────────────────────────────────────────────────────────

    Error Context: test-results/ui-pages-homepage-Homepage-should-have-services-section-mobile-chrome/error-context.md

    Retry #1 ───────────────────────────────────────────────────────────────────────────────────────

    Error: page.goto: net::ERR_CONNECTION_REFUSED at http://localhost:4000/
    Call log:
      - navigating to "http://localhost:4000/", waiting until "load"


       at helpers/page-helpers.ts:13

      11 |
      12 |   async navigate(path: string) {
    > 13 |     await this.page.goto(path);
         |                     ^
      14 |     await this.page.waitForLoadState("networkidle");
      15 |   }
      16 |
        at BasePage.navigate (/home/tbaltzakis/cloudless.gr/e2e/helpers/page-helpers.ts:13:21)
        at /home/tbaltzakis/cloudless.gr/e2e/ui/pages/homepage.spec.ts:17:16

    attachment #1: screenshot (image/png) ──────────────────────────────────────────────────────────
    test-results/ui-pages-homepage-Homepage-should-have-services-section-mobile-chrome-retry1/test-failed-1.png
    ────────────────────────────────────────────────────────────────────────────────────────────────

    attachment #2: video (video/webm) ──────────────────────────────────────────────────────────────
    test-results/ui-pages-homepage-Homepage-should-have-services-section-mobile-chrome-retry1/video.webm
    ────────────────────────────────────────────────────────────────────────────────────────────────

    Error Context: test-results/ui-pages-homepage-Homepage-should-have-services-section-mobile-chrome-retry1/error-context.md

    attachment #4: trace (application/zip) ─────────────────────────────────────────────────────────
    test-results/ui-pages-homepage-Homepage-should-have-services-section-mobile-chrome-retry1/trace.zip
    Usage:

        npx playwright show-trace test-results/ui-pages-homepage-Homepage-should-have-services-section-mobile-chrome-retry1/trace.zip

    ────────────────────────────────────────────────────────────────────────────────────────────────

  2034) [mobile-chrome] › e2e/ui/pages/homepage.spec.ts:63:7 › Homepage › should have call-to-action section 

    Error: page.goto: net::ERR_CONNECTION_REFUSED at http://localhost:4000/
    Call log:
      - navigating to "http://localhost:4000/", waiting until "load"


       at helpers/page-helpers.ts:13

      11 |
      12 |   async navigate(path: string) {
    > 13 |     await this.page.goto(path);
         |                     ^
      14 |     await this.page.waitForLoadState("networkidle");
      15 |   }
      16 |
        at BasePage.navigate (/home/tbaltzakis/cloudless.gr/e2e/helpers/page-helpers.ts:13:21)
        at /home/tbaltzakis/cloudless.gr/e2e/ui/pages/homepage.spec.ts:17:16

    attachment #1: screenshot (image/png) ──────────────────────────────────────────────────────────
    test-results/ui-pages-homepage-Homepage-3b9b9-have-call-to-action-section-mobile-chrome/test-failed-1.png
    ────────────────────────────────────────────────────────────────────────────────────────────────

    attachment #2: video (video/webm) ──────────────────────────────────────────────────────────────
    test-results/ui-pages-homepage-Homepage-3b9b9-have-call-to-action-section-mobile-chrome/video.webm
    ────────────────────────────────────────────────────────────────────────────────────────────────

    Error Context: test-results/ui-pages-homepage-Homepage-3b9b9-have-call-to-action-section-mobile-chrome/error-context.md

    Retry #1 ───────────────────────────────────────────────────────────────────────────────────────

    Error: page.goto: net::ERR_CONNECTION_REFUSED at http://localhost:4000/
    Call log:
      - navigating to "http://localhost:4000/", waiting until "load"


       at helpers/page-helpers.ts:13

      11 |
      12 |   async navigate(path: string) {
    > 13 |     await this.page.goto(path);
         |                     ^
      14 |     await this.page.waitForLoadState("networkidle");
      15 |   }
      16 |
        at BasePage.navigate (/home/tbaltzakis/cloudless.gr/e2e/helpers/page-helpers.ts:13:21)
        at /home/tbaltzakis/cloudless.gr/e2e/ui/pages/homepage.spec.ts:17:16

    attachment #1: screenshot (image/png) ──────────────────────────────────────────────────────────
    test-results/ui-pages-homepage-Homepage-3b9b9-have-call-to-action-section-mobile-chrome-retry1/test-failed-1.png
    ────────────────────────────────────────────────────────────────────────────────────────────────

    attachment #2: video (video/webm) ──────────────────────────────────────────────────────────────
    test-results/ui-pages-homepage-Homepage-3b9b9-have-call-to-action-section-mobile-chrome-retry1/video.webm
    ────────────────────────────────────────────────────────────────────────────────────────────────

    Error Context: test-results/ui-pages-homepage-Homepage-3b9b9-have-call-to-action-section-mobile-chrome-retry1/error-context.md

    attachment #4: trace (application/zip) ─────────────────────────────────────────────────────────
    test-results/ui-pages-homepage-Homepage-3b9b9-have-call-to-action-section-mobile-chrome-retry1/trace.zip
    Usage:

        npx playwright show-trace test-results/ui-pages-homepage-Homepage-3b9b9-have-call-to-action-section-mobile-chrome-retry1/trace.zip

    ────────────────────────────────────────────────────────────────────────────────────────────────

  2035) [mobile-chrome] › e2e/ui/pages/homepage.spec.ts:76:7 › Homepage › should have footer with links 

    Error: page.goto: net::ERR_CONNECTION_REFUSED at http://localhost:4000/
    Call log:
      - navigating to "http://localhost:4000/", waiting until "load"


       at helpers/page-helpers.ts:13

      11 |
      12 |   async navigate(path: string) {
    > 13 |     await this.page.goto(path);
         |                     ^
      14 |     await this.page.waitForLoadState("networkidle");
      15 |   }
      16 |
        at BasePage.navigate (/home/tbaltzakis/cloudless.gr/e2e/helpers/page-helpers.ts:13:21)
        at /home/tbaltzakis/cloudless.gr/e2e/ui/pages/homepage.spec.ts:17:16

    attachment #1: screenshot (image/png) ──────────────────────────────────────────────────────────
    test-results/ui-pages-homepage-Homepage-should-have-footer-with-links-mobile-chrome/test-failed-1.png
    ────────────────────────────────────────────────────────────────────────────────────────────────

    attachment #2: video (video/webm) ──────────────────────────────────────────────────────────────
    test-results/ui-pages-homepage-Homepage-should-have-footer-with-links-mobile-chrome/video.webm
    ────────────────────────────────────────────────────────────────────────────────────────────────

    Error Context: test-results/ui-pages-homepage-Homepage-should-have-footer-with-links-mobile-chrome/error-context.md

    Retry #1 ───────────────────────────────────────────────────────────────────────────────────────

    Error: page.goto: net::ERR_CONNECTION_REFUSED at http://localhost:4000/
    Call log:
      - navigating to "http://localhost:4000/", waiting until "load"


       at helpers/page-helpers.ts:13

      11 |
      12 |   async navigate(path: string) {
    > 13 |     await this.page.goto(path);
         |                     ^
      14 |     await this.page.waitForLoadState("networkidle");
      15 |   }
      16 |
        at BasePage.navigate (/home/tbaltzakis/cloudless.gr/e2e/helpers/page-helpers.ts:13:21)
        at /home/tbaltzakis/cloudless.gr/e2e/ui/pages/homepage.spec.ts:17:16

    attachment #1: screenshot (image/png) ──────────────────────────────────────────────────────────
    test-results/ui-pages-homepage-Homepage-should-have-footer-with-links-mobile-chrome-retry1/test-failed-1.png
    ────────────────────────────────────────────────────────────────────────────────────────────────

    attachment #2: video (video/webm) ──────────────────────────────────────────────────────────────
    test-results/ui-pages-homepage-Homepage-should-have-footer-with-links-mobile-chrome-retry1/video.webm
    ────────────────────────────────────────────────────────────────────────────────────────────────

    Error Context: test-results/ui-pages-homepage-Homepage-should-have-footer-with-links-mobile-chrome-retry1/error-context.md

    attachment #4: trace (application/zip) ─────────────────────────────────────────────────────────
    test-results/ui-pages-homepage-Homepage-should-have-footer-with-links-mobile-chrome-retry1/trace.zip
    Usage:

        npx playwright show-trace test-results/ui-pages-homepage-Homepage-should-have-footer-with-links-mobile-chrome-retry1/trace.zip

    ────────────────────────────────────────────────────────────────────────────────────────────────

  2036) [mobile-chrome] › e2e/ui/pages/homepage.spec.ts:93:7 › Homepage › should have accessible navigation 

    Error: page.goto: net::ERR_CONNECTION_REFUSED at http://localhost:4000/
    Call log:
      - navigating to "http://localhost:4000/", waiting until "load"


       at helpers/page-helpers.ts:13

      11 |
      12 |   async navigate(path: string) {
    > 13 |     await this.page.goto(path);
         |                     ^
      14 |     await this.page.waitForLoadState("networkidle");
      15 |   }
      16 |
        at BasePage.navigate (/home/tbaltzakis/cloudless.gr/e2e/helpers/page-helpers.ts:13:21)
        at /home/tbaltzakis/cloudless.gr/e2e/ui/pages/homepage.spec.ts:17:16

    attachment #1: screenshot (image/png) ──────────────────────────────────────────────────────────
    test-results/ui-pages-homepage-Homepage-should-have-accessible-navigation-mobile-chrome/test-failed-1.png
    ────────────────────────────────────────────────────────────────────────────────────────────────

    attachment #2: video (video/webm) ──────────────────────────────────────────────────────────────
    test-results/ui-pages-homepage-Homepage-should-have-accessible-navigation-mobile-chrome/video.webm
    ────────────────────────────────────────────────────────────────────────────────────────────────

    Error Context: test-results/ui-pages-homepage-Homepage-should-have-accessible-navigation-mobile-chrome/error-context.md

    Retry #1 ───────────────────────────────────────────────────────────────────────────────────────

    Error: page.goto: net::ERR_CONNECTION_REFUSED at http://localhost:4000/
    Call log:
      - navigating to "http://localhost:4000/", waiting until "load"


       at helpers/page-helpers.ts:13

      11 |
      12 |   async navigate(path: string) {
    > 13 |     await this.page.goto(path);
         |                     ^
      14 |     await this.page.waitForLoadState("networkidle");
      15 |   }
      16 |
        at BasePage.navigate (/home/tbaltzakis/cloudless.gr/e2e/helpers/page-helpers.ts:13:21)
        at /home/tbaltzakis/cloudless.gr/e2e/ui/pages/homepage.spec.ts:17:16

    attachment #1: screenshot (image/png) ──────────────────────────────────────────────────────────
    test-results/ui-pages-homepage-Homepage-should-have-accessible-navigation-mobile-chrome-retry1/test-failed-1.png
    ────────────────────────────────────────────────────────────────────────────────────────────────

    attachment #2: video (video/webm) ──────────────────────────────────────────────────────────────
    test-results/ui-pages-homepage-Homepage-should-have-accessible-navigation-mobile-chrome-retry1/video.webm
    ────────────────────────────────────────────────────────────────────────────────────────────────

    Error Context: test-results/ui-pages-homepage-Homepage-should-have-accessible-navigation-mobile-chrome-retry1/error-context.md

    attachment #4: trace (application/zip) ─────────────────────────────────────────────────────────
    test-results/ui-pages-homepage-Homepage-should-have-accessible-navigation-mobile-chrome-retry1/trace.zip
    Usage:

        npx playwright show-trace test-results/ui-pages-homepage-Homepage-should-have-accessible-navigation-mobile-chrome-retry1/trace.zip

    ────────────────────────────────────────────────────────────────────────────────────────────────

  2037) [mobile-chrome] › e2e/ui/pages/homepage.spec.ts:110:9 › Homepage › Responsive Design › should render correctly on mobile 

    Error: page.goto: net::ERR_CONNECTION_REFUSED at http://localhost:4000/
    Call log:
      - navigating to "http://localhost:4000/", waiting until "load"


       at helpers/page-helpers.ts:13

      11 |
      12 |   async navigate(path: string) {
    > 13 |     await this.page.goto(path);
         |                     ^
      14 |     await this.page.waitForLoadState("networkidle");
      15 |   }
      16 |
        at BasePage.navigate (/home/tbaltzakis/cloudless.gr/e2e/helpers/page-helpers.ts:13:21)
        at /home/tbaltzakis/cloudless.gr/e2e/ui/pages/homepage.spec.ts:17:16

    attachment #1: screenshot (image/png) ──────────────────────────────────────────────────────────
    test-results/ui-pages-homepage-Homepage-5ae23--render-correctly-on-mobile-mobile-chrome/test-failed-1.png
    ────────────────────────────────────────────────────────────────────────────────────────────────

    attachment #2: video (video/webm) ──────────────────────────────────────────────────────────────
    test-results/ui-pages-homepage-Homepage-5ae23--render-correctly-on-mobile-mobile-chrome/video.webm
    ────────────────────────────────────────────────────────────────────────────────────────────────

    Error Context: test-results/ui-pages-homepage-Homepage-5ae23--render-correctly-on-mobile-mobile-chrome/error-context.md

    Retry #1 ───────────────────────────────────────────────────────────────────────────────────────

    Error: page.goto: net::ERR_CONNECTION_REFUSED at http://localhost:4000/
    Call log:
      - navigating to "http://localhost:4000/", waiting until "load"


       at helpers/page-helpers.ts:13

      11 |
      12 |   async navigate(path: string) {
    > 13 |     await this.page.goto(path);
         |                     ^
      14 |     await this.page.waitForLoadState("networkidle");
      15 |   }
      16 |
        at BasePage.navigate (/home/tbaltzakis/cloudless.gr/e2e/helpers/page-helpers.ts:13:21)
        at /home/tbaltzakis/cloudless.gr/e2e/ui/pages/homepage.spec.ts:17:16

    attachment #1: screenshot (image/png) ──────────────────────────────────────────────────────────
    test-results/ui-pages-homepage-Homepage-5ae23--render-correctly-on-mobile-mobile-chrome-retry1/test-failed-1.png
    ────────────────────────────────────────────────────────────────────────────────────────────────

    attachment #2: video (video/webm) ──────────────────────────────────────────────────────────────
    test-results/ui-pages-homepage-Homepage-5ae23--render-correctly-on-mobile-mobile-chrome-retry1/video.webm
    ────────────────────────────────────────────────────────────────────────────────────────────────

    Error Context: test-results/ui-pages-homepage-Homepage-5ae23--render-correctly-on-mobile-mobile-chrome-retry1/error-context.md

    attachment #4: trace (application/zip) ─────────────────────────────────────────────────────────
    test-results/ui-pages-homepage-Homepage-5ae23--render-correctly-on-mobile-mobile-chrome-retry1/trace.zip
    Usage:

        npx playwright show-trace test-results/ui-pages-homepage-Homepage-5ae23--render-correctly-on-mobile-mobile-chrome-retry1/trace.zip

    ────────────────────────────────────────────────────────────────────────────────────────────────

  2038) [mobile-chrome] › e2e/ui/pages/homepage.spec.ts:135:9 › Homepage › Responsive Design › should render correctly on tablet 

    Error: page.goto: net::ERR_CONNECTION_REFUSED at http://localhost:4000/
    Call log:
      - navigating to "http://localhost:4000/", waiting until "load"


       at helpers/page-helpers.ts:13

      11 |
      12 |   async navigate(path: string) {
    > 13 |     await this.page.goto(path);
         |                     ^
      14 |     await this.page.waitForLoadState("networkidle");
      15 |   }
      16 |
        at BasePage.navigate (/home/tbaltzakis/cloudless.gr/e2e/helpers/page-helpers.ts:13:21)
        at /home/tbaltzakis/cloudless.gr/e2e/ui/pages/homepage.spec.ts:17:16

    attachment #1: screenshot (image/png) ──────────────────────────────────────────────────────────
    test-results/ui-pages-homepage-Homepage-1b992--render-correctly-on-tablet-mobile-chrome/test-failed-1.png
    ────────────────────────────────────────────────────────────────────────────────────────────────

    attachment #2: video (video/webm) ──────────────────────────────────────────────────────────────
    test-results/ui-pages-homepage-Homepage-1b992--render-correctly-on-tablet-mobile-chrome/video.webm
    ────────────────────────────────────────────────────────────────────────────────────────────────

    Error Context: test-results/ui-pages-homepage-Homepage-1b992--render-correctly-on-tablet-mobile-chrome/error-context.md

    Retry #1 ───────────────────────────────────────────────────────────────────────────────────────

    Error: page.goto: net::ERR_CONNECTION_REFUSED at http://localhost:4000/
    Call log:
      - navigating to "http://localhost:4000/", waiting until "load"


       at helpers/page-helpers.ts:13

      11 |
      12 |   async navigate(path: string) {
    > 13 |     await this.page.goto(path);
         |                     ^
      14 |     await this.page.waitForLoadState("networkidle");
      15 |   }
      16 |
        at BasePage.navigate (/home/tbaltzakis/cloudless.gr/e2e/helpers/page-helpers.ts:13:21)
        at /home/tbaltzakis/cloudless.gr/e2e/ui/pages/homepage.spec.ts:17:16

    attachment #1: screenshot (image/png) ──────────────────────────────────────────────────────────
    test-results/ui-pages-homepage-Homepage-1b992--render-correctly-on-tablet-mobile-chrome-retry1/test-failed-1.png
    ────────────────────────────────────────────────────────────────────────────────────────────────

    attachment #2: video (video/webm) ──────────────────────────────────────────────────────────────
    test-results/ui-pages-homepage-Homepage-1b992--render-correctly-on-tablet-mobile-chrome-retry1/video.webm
    ────────────────────────────────────────────────────────────────────────────────────────────────

    Error Context: test-results/ui-pages-homepage-Homepage-1b992--render-correctly-on-tablet-mobile-chrome-retry1/error-context.md

    attachment #4: trace (application/zip) ─────────────────────────────────────────────────────────
    test-results/ui-pages-homepage-Homepage-1b992--render-correctly-on-tablet-mobile-chrome-retry1/trace.zip
    Usage:

        npx playwright show-trace test-results/ui-pages-homepage-Homepage-1b992--render-correctly-on-tablet-mobile-chrome-retry1/trace.zip

    ────────────────────────────────────────────────────────────────────────────────────────────────

  2039) [mobile-chrome] › e2e/ui/pages/homepage.spec.ts:148:9 › Homepage › Responsive Design › should render correctly on desktop 

    Error: page.goto: net::ERR_CONNECTION_REFUSED at http://localhost:4000/
    Call log:
      - navigating to "http://localhost:4000/", waiting until "load"


       at helpers/page-helpers.ts:13

      11 |
      12 |   async navigate(path: string) {
    > 13 |     await this.page.goto(path);
         |                     ^
      14 |     await this.page.waitForLoadState("networkidle");
      15 |   }
      16 |
        at BasePage.navigate (/home/tbaltzakis/cloudless.gr/e2e/helpers/page-helpers.ts:13:21)
        at /home/tbaltzakis/cloudless.gr/e2e/ui/pages/homepage.spec.ts:17:16

    attachment #1: screenshot (image/png) ──────────────────────────────────────────────────────────
    test-results/ui-pages-homepage-Homepage-c6626-render-correctly-on-desktop-mobile-chrome/test-failed-1.png
    ────────────────────────────────────────────────────────────────────────────────────────────────

    attachment #2: video (video/webm) ──────────────────────────────────────────────────────────────
    test-results/ui-pages-homepage-Homepage-c6626-render-correctly-on-desktop-mobile-chrome/video.webm
    ────────────────────────────────────────────────────────────────────────────────────────────────

    Error Context: test-results/ui-pages-homepage-Homepage-c6626-render-correctly-on-desktop-mobile-chrome/error-context.md

    Retry #1 ───────────────────────────────────────────────────────────────────────────────────────

    Error: page.goto: net::ERR_CONNECTION_REFUSED at http://localhost:4000/
    Call log:
      - navigating to "http://localhost:4000/", waiting until "load"


       at helpers/page-helpers.ts:13

      11 |
      12 |   async navigate(path: string) {
    > 13 |     await this.page.goto(path);
         |                     ^
      14 |     await this.page.waitForLoadState("networkidle");
      15 |   }
      16 |
        at BasePage.navigate (/home/tbaltzakis/cloudless.gr/e2e/helpers/page-helpers.ts:13:21)
        at /home/tbaltzakis/cloudless.gr/e2e/ui/pages/homepage.spec.ts:17:16

    attachment #1: screenshot (image/png) ──────────────────────────────────────────────────────────
    test-results/ui-pages-homepage-Homepage-c6626-render-correctly-on-desktop-mobile-chrome-retry1/test-failed-1.png
    ────────────────────────────────────────────────────────────────────────────────────────────────

    attachment #2: video (video/webm) ──────────────────────────────────────────────────────────────
    test-results/ui-pages-homepage-Homepage-c6626-render-correctly-on-desktop-mobile-chrome-retry1/video.webm
    ────────────────────────────────────────────────────────────────────────────────────────────────

    Error Context: test-results/ui-pages-homepage-Homepage-c6626-render-correctly-on-desktop-mobile-chrome-retry1/error-context.md

    attachment #4: trace (application/zip) ─────────────────────────────────────────────────────────
    test-results/ui-pages-homepage-Homepage-c6626-render-correctly-on-desktop-mobile-chrome-retry1/trace.zip
    Usage:

        npx playwright show-trace test-results/ui-pages-homepage-Homepage-c6626-render-correctly-on-desktop-mobile-chrome-retry1/trace.zip

    ────────────────────────────────────────────────────────────────────────────────────────────────

  2040) [mobile-chrome] › e2e/ui/pages/homepage.spec.ts:170:9 › Homepage › Navigation › should navigate to services page 

    Error: page.goto: net::ERR_CONNECTION_REFUSED at http://localhost:4000/
    Call log:
      - navigating to "http://localhost:4000/", waiting until "load"


       at helpers/page-helpers.ts:13

      11 |
      12 |   async navigate(path: string) {
    > 13 |     await this.page.goto(path);
         |                     ^
      14 |     await this.page.waitForLoadState("networkidle");
      15 |   }
      16 |
        at BasePage.navigate (/home/tbaltzakis/cloudless.gr/e2e/helpers/page-helpers.ts:13:21)
        at /home/tbaltzakis/cloudless.gr/e2e/ui/pages/homepage.spec.ts:17:16

    attachment #1: screenshot (image/png) ──────────────────────────────────────────────────────────
    test-results/ui-pages-homepage-Homepage-1d235-d-navigate-to-services-page-mobile-chrome/test-failed-1.png
    ────────────────────────────────────────────────────────────────────────────────────────────────

    attachment #2: video (video/webm) ──────────────────────────────────────────────────────────────
    test-results/ui-pages-homepage-Homepage-1d235-d-navigate-to-services-page-mobile-chrome/video.webm
    ────────────────────────────────────────────────────────────────────────────────────────────────

    Error Context: test-results/ui-pages-homepage-Homepage-1d235-d-navigate-to-services-page-mobile-chrome/error-context.md

    Retry #1 ───────────────────────────────────────────────────────────────────────────────────────

    Error: page.goto: net::ERR_CONNECTION_REFUSED at http://localhost:4000/
    Call log:
      - navigating to "http://localhost:4000/", waiting until "load"


       at helpers/page-helpers.ts:13

      11 |
      12 |   async navigate(path: string) {
    > 13 |     await this.page.goto(path);
         |                     ^
      14 |     await this.page.waitForLoadState("networkidle");
      15 |   }
      16 |
        at BasePage.navigate (/home/tbaltzakis/cloudless.gr/e2e/helpers/page-helpers.ts:13:21)
        at /home/tbaltzakis/cloudless.gr/e2e/ui/pages/homepage.spec.ts:17:16

    attachment #1: screenshot (image/png) ──────────────────────────────────────────────────────────
    test-results/ui-pages-homepage-Homepage-1d235-d-navigate-to-services-page-mobile-chrome-retry1/test-failed-1.png
    ────────────────────────────────────────────────────────────────────────────────────────────────

    attachment #2: video (video/webm) ──────────────────────────────────────────────────────────────
    test-results/ui-pages-homepage-Homepage-1d235-d-navigate-to-services-page-mobile-chrome-retry1/video.webm
    ────────────────────────────────────────────────────────────────────────────────────────────────

    Error Context: test-results/ui-pages-homepage-Homepage-1d235-d-navigate-to-services-page-mobile-chrome-retry1/error-context.md

    attachment #4: trace (application/zip) ─────────────────────────────────────────────────────────
    test-results/ui-pages-homepage-Homepage-1d235-d-navigate-to-services-page-mobile-chrome-retry1/trace.zip
    Usage:

        npx playwright show-trace test-results/ui-pages-homepage-Homepage-1d235-d-navigate-to-services-page-mobile-chrome-retry1/trace.zip

    ────────────────────────────────────────────────────────────────────────────────────────────────

  2041) [mobile-chrome] › e2e/ui/pages/homepage.spec.ts:178:9 › Homepage › Navigation › should navigate to store page 

    Error: page.goto: net::ERR_CONNECTION_REFUSED at http://localhost:4000/
    Call log:
      - navigating to "http://localhost:4000/", waiting until "load"


       at helpers/page-helpers.ts:13

      11 |
      12 |   async navigate(path: string) {
    > 13 |     await this.page.goto(path);
         |                     ^
      14 |     await this.page.waitForLoadState("networkidle");
      15 |   }
      16 |
        at BasePage.navigate (/home/tbaltzakis/cloudless.gr/e2e/helpers/page-helpers.ts:13:21)
        at /home/tbaltzakis/cloudless.gr/e2e/ui/pages/homepage.spec.ts:17:16

    attachment #1: screenshot (image/png) ──────────────────────────────────────────────────────────
    test-results/ui-pages-homepage-Homepage-7e0cc-ould-navigate-to-store-page-mobile-chrome/test-failed-1.png
    ────────────────────────────────────────────────────────────────────────────────────────────────

    attachment #2: video (video/webm) ──────────────────────────────────────────────────────────────
    test-results/ui-pages-homepage-Homepage-7e0cc-ould-navigate-to-store-page-mobile-chrome/video.webm
    ────────────────────────────────────────────────────────────────────────────────────────────────

    Error Context: test-results/ui-pages-homepage-Homepage-7e0cc-ould-navigate-to-store-page-mobile-chrome/error-context.md

    Retry #1 ───────────────────────────────────────────────────────────────────────────────────────

    Error: page.goto: net::ERR_CONNECTION_REFUSED at http://localhost:4000/
    Call log:
      - navigating to "http://localhost:4000/", waiting until "load"


       at helpers/page-helpers.ts:13

      11 |
      12 |   async navigate(path: string) {
    > 13 |     await this.page.goto(path);
         |                     ^
      14 |     await this.page.waitForLoadState("networkidle");
      15 |   }
      16 |
        at BasePage.navigate (/home/tbaltzakis/cloudless.gr/e2e/helpers/page-helpers.ts:13:21)
        at /home/tbaltzakis/cloudless.gr/e2e/ui/pages/homepage.spec.ts:17:16

    attachment #1: screenshot (image/png) ──────────────────────────────────────────────────────────
    test-results/ui-pages-homepage-Homepage-7e0cc-ould-navigate-to-store-page-mobile-chrome-retry1/test-failed-1.png
    ────────────────────────────────────────────────────────────────────────────────────────────────

    attachment #2: video (video/webm) ──────────────────────────────────────────────────────────────
    test-results/ui-pages-homepage-Homepage-7e0cc-ould-navigate-to-store-page-mobile-chrome-retry1/video.webm
    ────────────────────────────────────────────────────────────────────────────────────────────────

    Error Context: test-results/ui-pages-homepage-Homepage-7e0cc-ould-navigate-to-store-page-mobile-chrome-retry1/error-context.md

    attachment #4: trace (application/zip) ─────────────────────────────────────────────────────────
    test-results/ui-pages-homepage-Homepage-7e0cc-ould-navigate-to-store-page-mobile-chrome-retry1/trace.zip
    Usage:

        npx playwright show-trace test-results/ui-pages-homepage-Homepage-7e0cc-ould-navigate-to-store-page-mobile-chrome-retry1/trace.zip

    ────────────────────────────────────────────────────────────────────────────────────────────────

  2042) [mobile-chrome] › e2e/ui/pages/homepage.spec.ts:186:9 › Homepage › Navigation › should navigate to blog page 

    Error: page.goto: net::ERR_CONNECTION_REFUSED at http://localhost:4000/
    Call log:
      - navigating to "http://localhost:4000/", waiting until "load"


       at helpers/page-helpers.ts:13

      11 |
      12 |   async navigate(path: string) {
    > 13 |     await this.page.goto(path);
         |                     ^
      14 |     await this.page.waitForLoadState("networkidle");
      15 |   }
      16 |
        at BasePage.navigate (/home/tbaltzakis/cloudless.gr/e2e/helpers/page-helpers.ts:13:21)
        at /home/tbaltzakis/cloudless.gr/e2e/ui/pages/homepage.spec.ts:17:16

    attachment #1: screenshot (image/png) ──────────────────────────────────────────────────────────
    test-results/ui-pages-homepage-Homepage-8126f-hould-navigate-to-blog-page-mobile-chrome/test-failed-1.png
    ────────────────────────────────────────────────────────────────────────────────────────────────

    attachment #2: video (video/webm) ──────────────────────────────────────────────────────────────
    test-results/ui-pages-homepage-Homepage-8126f-hould-navigate-to-blog-page-mobile-chrome/video.webm
    ────────────────────────────────────────────────────────────────────────────────────────────────

    Error Context: test-results/ui-pages-homepage-Homepage-8126f-hould-navigate-to-blog-page-mobile-chrome/error-context.md

    Retry #1 ───────────────────────────────────────────────────────────────────────────────────────

    Error: page.goto: net::ERR_CONNECTION_REFUSED at http://localhost:4000/
    Call log:
      - navigating to "http://localhost:4000/", waiting until "load"


       at helpers/page-helpers.ts:13

      11 |
      12 |   async navigate(path: string) {
    > 13 |     await this.page.goto(path);
         |                     ^
      14 |     await this.page.waitForLoadState("networkidle");
      15 |   }
      16 |
        at BasePage.navigate (/home/tbaltzakis/cloudless.gr/e2e/helpers/page-helpers.ts:13:21)
        at /home/tbaltzakis/cloudless.gr/e2e/ui/pages/homepage.spec.ts:17:16

    attachment #1: screenshot (image/png) ──────────────────────────────────────────────────────────
    test-results/ui-pages-homepage-Homepage-8126f-hould-navigate-to-blog-page-mobile-chrome-retry1/test-failed-1.png
    ────────────────────────────────────────────────────────────────────────────────────────────────

    attachment #2: video (video/webm) ──────────────────────────────────────────────────────────────
    test-results/ui-pages-homepage-Homepage-8126f-hould-navigate-to-blog-page-mobile-chrome-retry1/video.webm
    ────────────────────────────────────────────────────────────────────────────────────────────────

    Error Context: test-results/ui-pages-homepage-Homepage-8126f-hould-navigate-to-blog-page-mobile-chrome-retry1/error-context.md

    attachment #4: trace (application/zip) ─────────────────────────────────────────────────────────
    test-results/ui-pages-homepage-Homepage-8126f-hould-navigate-to-blog-page-mobile-chrome-retry1/trace.zip
    Usage:

        npx playwright show-trace test-results/ui-pages-homepage-Homepage-8126f-hould-navigate-to-blog-page-mobile-chrome-retry1/trace.zip

    ────────────────────────────────────────────────────────────────────────────────────────────────

  2043) [mobile-chrome] › e2e/ui/pages/homepage.spec.ts:194:9 › Homepage › Navigation › should navigate to contact page 

    Error: page.goto: net::ERR_CONNECTION_REFUSED at http://localhost:4000/
    Call log:
      - navigating to "http://localhost:4000/", waiting until "load"


       at helpers/page-helpers.ts:13

      11 |
      12 |   async navigate(path: string) {
    > 13 |     await this.page.goto(path);
         |                     ^
      14 |     await this.page.waitForLoadState("networkidle");
      15 |   }
      16 |
        at BasePage.navigate (/home/tbaltzakis/cloudless.gr/e2e/helpers/page-helpers.ts:13:21)
        at /home/tbaltzakis/cloudless.gr/e2e/ui/pages/homepage.spec.ts:17:16

    attachment #1: screenshot (image/png) ──────────────────────────────────────────────────────────
    test-results/ui-pages-homepage-Homepage-fc2ab-ld-navigate-to-contact-page-mobile-chrome/test-failed-1.png
    ────────────────────────────────────────────────────────────────────────────────────────────────

    attachment #2: video (video/webm) ──────────────────────────────────────────────────────────────
    test-results/ui-pages-homepage-Homepage-fc2ab-ld-navigate-to-contact-page-mobile-chrome/video.webm
    ────────────────────────────────────────────────────────────────────────────────────────────────

    Error Context: test-results/ui-pages-homepage-Homepage-fc2ab-ld-navigate-to-contact-page-mobile-chrome/error-context.md

    Retry #1 ───────────────────────────────────────────────────────────────────────────────────────

    Error: page.goto: net::ERR_CONNECTION_REFUSED at http://localhost:4000/
    Call log:
      - navigating to "http://localhost:4000/", waiting until "load"


       at helpers/page-helpers.ts:13

      11 |
      12 |   async navigate(path: string) {
    > 13 |     await this.page.goto(path);
         |                     ^
      14 |     await this.page.waitForLoadState("networkidle");
      15 |   }
      16 |
        at BasePage.navigate (/home/tbaltzakis/cloudless.gr/e2e/helpers/page-helpers.ts:13:21)
        at /home/tbaltzakis/cloudless.gr/e2e/ui/pages/homepage.spec.ts:17:16

    attachment #1: screenshot (image/png) ──────────────────────────────────────────────────────────
    test-results/ui-pages-homepage-Homepage-fc2ab-ld-navigate-to-contact-page-mobile-chrome-retry1/test-failed-1.png
    ────────────────────────────────────────────────────────────────────────────────────────────────

    attachment #2: video (video/webm) ──────────────────────────────────────────────────────────────
    test-results/ui-pages-homepage-Homepage-fc2ab-ld-navigate-to-contact-page-mobile-chrome-retry1/video.webm
    ────────────────────────────────────────────────────────────────────────────────────────────────

    Error Context: test-results/ui-pages-homepage-Homepage-fc2ab-ld-navigate-to-contact-page-mobile-chrome-retry1/error-context.md

    attachment #4: trace (application/zip) ─────────────────────────────────────────────────────────
    test-results/ui-pages-homepage-Homepage-fc2ab-ld-navigate-to-contact-page-mobile-chrome-retry1/trace.zip
    Usage:

        npx playwright show-trace test-results/ui-pages-homepage-Homepage-fc2ab-ld-navigate-to-contact-page-mobile-chrome-retry1/trace.zip

    ────────────────────────────────────────────────────────────────────────────────────────────────

  2044) [mobile-chrome] › e2e/ui/pages/homepage.spec.ts:204:9 › Homepage › Performance › should load within reasonable time 

    Error: page.goto: net::ERR_CONNECTION_REFUSED at http://localhost:4000/
    Call log:
      - navigating to "http://localhost:4000/", waiting until "load"


       at helpers/page-helpers.ts:13

      11 |
      12 |   async navigate(path: string) {
    > 13 |     await this.page.goto(path);
         |                     ^
      14 |     await this.page.waitForLoadState("networkidle");
      15 |   }
      16 |
        at BasePage.navigate (/home/tbaltzakis/cloudless.gr/e2e/helpers/page-helpers.ts:13:21)
        at /home/tbaltzakis/cloudless.gr/e2e/ui/pages/homepage.spec.ts:17:16

    attachment #1: screenshot (image/png) ──────────────────────────────────────────────────────────
    test-results/ui-pages-homepage-Homepage-25ab8-load-within-reasonable-time-mobile-chrome/test-failed-1.png
    ────────────────────────────────────────────────────────────────────────────────────────────────

    attachment #2: video (video/webm) ──────────────────────────────────────────────────────────────
    test-results/ui-pages-homepage-Homepage-25ab8-load-within-reasonable-time-mobile-chrome/video.webm
    ────────────────────────────────────────────────────────────────────────────────────────────────

    Error Context: test-results/ui-pages-homepage-Homepage-25ab8-load-within-reasonable-time-mobile-chrome/error-context.md

    Retry #1 ───────────────────────────────────────────────────────────────────────────────────────

    Error: page.goto: net::ERR_CONNECTION_REFUSED at http://localhost:4000/
    Call log:
      - navigating to "http://localhost:4000/", waiting until "load"


       at helpers/page-helpers.ts:13

      11 |
      12 |   async navigate(path: string) {
    > 13 |     await this.page.goto(path);
         |                     ^
      14 |     await this.page.waitForLoadState("networkidle");
      15 |   }
      16 |
        at BasePage.navigate (/home/tbaltzakis/cloudless.gr/e2e/helpers/page-helpers.ts:13:21)
        at /home/tbaltzakis/cloudless.gr/e2e/ui/pages/homepage.spec.ts:17:16

    attachment #1: screenshot (image/png) ──────────────────────────────────────────────────────────
    test-results/ui-pages-homepage-Homepage-25ab8-load-within-reasonable-time-mobile-chrome-retry1/test-failed-1.png
    ────────────────────────────────────────────────────────────────────────────────────────────────

    attachment #2: video (video/webm) ──────────────────────────────────────────────────────────────
    test-results/ui-pages-homepage-Homepage-25ab8-load-within-reasonable-time-mobile-chrome-retry1/video.webm
    ────────────────────────────────────────────────────────────────────────────────────────────────

    Error Context: test-results/ui-pages-homepage-Homepage-25ab8-load-within-reasonable-time-mobile-chrome-retry1/error-context.md

    attachment #4: trace (application/zip) ─────────────────────────────────────────────────────────
    test-results/ui-pages-homepage-Homepage-25ab8-load-within-reasonable-time-mobile-chrome-retry1/trace.zip
    Usage:

        npx playwright show-trace test-results/ui-pages-homepage-Homepage-25ab8-load-within-reasonable-time-mobile-chrome-retry1/trace.zip

    ────────────────────────────────────────────────────────────────────────────────────────────────

  2045) [mobile-chrome] › e2e/ui/pages/homepage.spec.ts:227:9 › Homepage › Performance › should have reasonable page size 

    Error: page.goto: net::ERR_CONNECTION_REFUSED at http://localhost:4000/
    Call log:
      - navigating to "http://localhost:4000/", waiting until "load"


       at helpers/page-helpers.ts:13

      11 |
      12 |   async navigate(path: string) {
    > 13 |     await this.page.goto(path);
         |                     ^
      14 |     await this.page.waitForLoadState("networkidle");
      15 |   }
      16 |
        at BasePage.navigate (/home/tbaltzakis/cloudless.gr/e2e/helpers/page-helpers.ts:13:21)
        at /home/tbaltzakis/cloudless.gr/e2e/ui/pages/homepage.spec.ts:17:16

    attachment #1: screenshot (image/png) ──────────────────────────────────────────────────────────
    test-results/ui-pages-homepage-Homepage-f3bc1-d-have-reasonable-page-size-mobile-chrome/test-failed-1.png
    ────────────────────────────────────────────────────────────────────────────────────────────────

    attachment #2: video (video/webm) ──────────────────────────────────────────────────────────────
    test-results/ui-pages-homepage-Homepage-f3bc1-d-have-reasonable-page-size-mobile-chrome/video.webm
    ────────────────────────────────────────────────────────────────────────────────────────────────

    Error Context: test-results/ui-pages-homepage-Homepage-f3bc1-d-have-reasonable-page-size-mobile-chrome/error-context.md

    Retry #1 ───────────────────────────────────────────────────────────────────────────────────────

    Error: page.goto: net::ERR_CONNECTION_REFUSED at http://localhost:4000/
    Call log:
      - navigating to "http://localhost:4000/", waiting until "load"


       at helpers/page-helpers.ts:13

      11 |
      12 |   async navigate(path: string) {
    > 13 |     await this.page.goto(path);
         |                     ^
      14 |     await this.page.waitForLoadState("networkidle");
      15 |   }
      16 |
        at BasePage.navigate (/home/tbaltzakis/cloudless.gr/e2e/helpers/page-helpers.ts:13:21)
        at /home/tbaltzakis/cloudless.gr/e2e/ui/pages/homepage.spec.ts:17:16

    attachment #1: screenshot (image/png) ──────────────────────────────────────────────────────────
    test-results/ui-pages-homepage-Homepage-f3bc1-d-have-reasonable-page-size-mobile-chrome-retry1/test-failed-1.png
    ────────────────────────────────────────────────────────────────────────────────────────────────

    attachment #2: video (video/webm) ──────────────────────────────────────────────────────────────
    test-results/ui-pages-homepage-Homepage-f3bc1-d-have-reasonable-page-size-mobile-chrome-retry1/video.webm
    ────────────────────────────────────────────────────────────────────────────────────────────────

    Error Context: test-results/ui-pages-homepage-Homepage-f3bc1-d-have-reasonable-page-size-mobile-chrome-retry1/error-context.md

    attachment #4: trace (application/zip) ─────────────────────────────────────────────────────────
    test-results/ui-pages-homepage-Homepage-f3bc1-d-have-reasonable-page-size-mobile-chrome-retry1/trace.zip
    Usage:

        npx playwright show-trace test-results/ui-pages-homepage-Homepage-f3bc1-d-have-reasonable-page-size-mobile-chrome-retry1/trace.zip

    ────────────────────────────────────────────────────────────────────────────────────────────────

  2046) [mobile-chrome] › e2e/ui/pages/homepage.spec.ts:246:9 › Homepage › Accessibility › should have proper language attribute 

    Error: page.goto: net::ERR_CONNECTION_REFUSED at http://localhost:4000/
    Call log:
      - navigating to "http://localhost:4000/", waiting until "load"


       at helpers/page-helpers.ts:13

      11 |
      12 |   async navigate(path: string) {
    > 13 |     await this.page.goto(path);
         |                     ^
      14 |     await this.page.waitForLoadState("networkidle");
      15 |   }
      16 |
        at BasePage.navigate (/home/tbaltzakis/cloudless.gr/e2e/helpers/page-helpers.ts:13:21)
        at /home/tbaltzakis/cloudless.gr/e2e/ui/pages/homepage.spec.ts:17:16

    attachment #1: screenshot (image/png) ──────────────────────────────────────────────────────────
    test-results/ui-pages-homepage-Homepage-194e3-e-proper-language-attribute-mobile-chrome/test-failed-1.png
    ────────────────────────────────────────────────────────────────────────────────────────────────

    attachment #2: video (video/webm) ──────────────────────────────────────────────────────────────
    test-results/ui-pages-homepage-Homepage-194e3-e-proper-language-attribute-mobile-chrome/video.webm
    ────────────────────────────────────────────────────────────────────────────────────────────────

    Error Context: test-results/ui-pages-homepage-Homepage-194e3-e-proper-language-attribute-mobile-chrome/error-context.md

    Retry #1 ───────────────────────────────────────────────────────────────────────────────────────

    Error: page.goto: net::ERR_CONNECTION_REFUSED at http://localhost:4000/
    Call log:
      - navigating to "http://localhost:4000/", waiting until "load"


       at helpers/page-helpers.ts:13

      11 |
      12 |   async navigate(path: string) {
    > 13 |     await this.page.goto(path);
         |                     ^
      14 |     await this.page.waitForLoadState("networkidle");
      15 |   }
      16 |
        at BasePage.navigate (/home/tbaltzakis/cloudless.gr/e2e/helpers/page-helpers.ts:13:21)
        at /home/tbaltzakis/cloudless.gr/e2e/ui/pages/homepage.spec.ts:17:16

    attachment #1: screenshot (image/png) ──────────────────────────────────────────────────────────
    test-results/ui-pages-homepage-Homepage-194e3-e-proper-language-attribute-mobile-chrome-retry1/test-failed-1.png
    ────────────────────────────────────────────────────────────────────────────────────────────────

    attachment #2: video (video/webm) ──────────────────────────────────────────────────────────────
    test-results/ui-pages-homepage-Homepage-194e3-e-proper-language-attribute-mobile-chrome-retry1/video.webm
    ────────────────────────────────────────────────────────────────────────────────────────────────

    Error Context: test-results/ui-pages-homepage-Homepage-194e3-e-proper-language-attribute-mobile-chrome-retry1/error-context.md

    attachment #4: trace (application/zip) ─────────────────────────────────────────────────────────
    test-results/ui-pages-homepage-Homepage-194e3-e-proper-language-attribute-mobile-chrome-retry1/trace.zip
    Usage:

        npx playwright show-trace test-results/ui-pages-homepage-Homepage-194e3-e-proper-language-attribute-mobile-chrome-retry1/trace.zip

    ────────────────────────────────────────────────────────────────────────────────────────────────

  2047) [mobile-chrome] › e2e/ui/pages/homepage.spec.ts:252:9 › Homepage › Accessibility › should have proper character encoding 

    Error: page.goto: net::ERR_CONNECTION_REFUSED at http://localhost:4000/
    Call log:
      - navigating to "http://localhost:4000/", waiting until "load"


       at helpers/page-helpers.ts:13

      11 |
      12 |   async navigate(path: string) {
    > 13 |     await this.page.goto(path);
         |                     ^
      14 |     await this.page.waitForLoadState("networkidle");
      15 |   }
      16 |
        at BasePage.navigate (/home/tbaltzakis/cloudless.gr/e2e/helpers/page-helpers.ts:13:21)
        at /home/tbaltzakis/cloudless.gr/e2e/ui/pages/homepage.spec.ts:17:16

    attachment #1: screenshot (image/png) ──────────────────────────────────────────────────────────
    test-results/ui-pages-homepage-Homepage-76321-e-proper-character-encoding-mobile-chrome/test-failed-1.png
    ────────────────────────────────────────────────────────────────────────────────────────────────

    attachment #2: video (video/webm) ──────────────────────────────────────────────────────────────
    test-results/ui-pages-homepage-Homepage-76321-e-proper-character-encoding-mobile-chrome/video.webm
    ────────────────────────────────────────────────────────────────────────────────────────────────

    Error Context: test-results/ui-pages-homepage-Homepage-76321-e-proper-character-encoding-mobile-chrome/error-context.md

    Retry #1 ───────────────────────────────────────────────────────────────────────────────────────

    Error: page.goto: net::ERR_CONNECTION_REFUSED at http://localhost:4000/
    Call log:
      - navigating to "http://localhost:4000/", waiting until "load"


       at helpers/page-helpers.ts:13

      11 |
      12 |   async navigate(path: string) {
    > 13 |     await this.page.goto(path);
         |                     ^
      14 |     await this.page.waitForLoadState("networkidle");
      15 |   }
      16 |
        at BasePage.navigate (/home/tbaltzakis/cloudless.gr/e2e/helpers/page-helpers.ts:13:21)
        at /home/tbaltzakis/cloudless.gr/e2e/ui/pages/homepage.spec.ts:17:16

    attachment #1: screenshot (image/png) ──────────────────────────────────────────────────────────
    test-results/ui-pages-homepage-Homepage-76321-e-proper-character-encoding-mobile-chrome-retry1/test-failed-1.png
    ────────────────────────────────────────────────────────────────────────────────────────────────

    attachment #2: video (video/webm) ──────────────────────────────────────────────────────────────
    test-results/ui-pages-homepage-Homepage-76321-e-proper-character-encoding-mobile-chrome-retry1/video.webm
    ────────────────────────────────────────────────────────────────────────────────────────────────

    Error Context: test-results/ui-pages-homepage-Homepage-76321-e-proper-character-encoding-mobile-chrome-retry1/error-context.md

    attachment #4: trace (application/zip) ─────────────────────────────────────────────────────────
    test-results/ui-pages-homepage-Homepage-76321-e-proper-character-encoding-mobile-chrome-retry1/trace.zip
    Usage:

        npx playwright show-trace test-results/ui-pages-homepage-Homepage-76321-e-proper-character-encoding-mobile-chrome-retry1/trace.zip

    ────────────────────────────────────────────────────────────────────────────────────────────────

  2048) [mobile-chrome] › e2e/ui/pages/homepage.spec.ts:260:9 › Homepage › Accessibility › should have viewport meta tag 

    Error: page.goto: net::ERR_CONNECTION_REFUSED at http://localhost:4000/
    Call log:
      - navigating to "http://localhost:4000/", waiting until "load"


       at helpers/page-helpers.ts:13

      11 |
      12 |   async navigate(path: string) {
    > 13 |     await this.page.goto(path);
         |                     ^
      14 |     await this.page.waitForLoadState("networkidle");
      15 |   }
      16 |
        at BasePage.navigate (/home/tbaltzakis/cloudless.gr/e2e/helpers/page-helpers.ts:13:21)
        at /home/tbaltzakis/cloudless.gr/e2e/ui/pages/homepage.spec.ts:17:16

    attachment #1: screenshot (image/png) ──────────────────────────────────────────────────────────
    test-results/ui-pages-homepage-Homepage-4f14c-ould-have-viewport-meta-tag-mobile-chrome/test-failed-1.png
    ────────────────────────────────────────────────────────────────────────────────────────────────

    attachment #2: video (video/webm) ──────────────────────────────────────────────────────────────
    test-results/ui-pages-homepage-Homepage-4f14c-ould-have-viewport-meta-tag-mobile-chrome/video.webm
    ────────────────────────────────────────────────────────────────────────────────────────────────

    Error Context: test-results/ui-pages-homepage-Homepage-4f14c-ould-have-viewport-meta-tag-mobile-chrome/error-context.md

    Retry #1 ───────────────────────────────────────────────────────────────────────────────────────

    Error: page.goto: net::ERR_CONNECTION_REFUSED at http://localhost:4000/
    Call log:
      - navigating to "http://localhost:4000/", waiting until "load"


       at helpers/page-helpers.ts:13

      11 |
      12 |   async navigate(path: string) {
    > 13 |     await this.page.goto(path);
         |                     ^
      14 |     await this.page.waitForLoadState("networkidle");
      15 |   }
      16 |
        at BasePage.navigate (/home/tbaltzakis/cloudless.gr/e2e/helpers/page-helpers.ts:13:21)
        at /home/tbaltzakis/cloudless.gr/e2e/ui/pages/homepage.spec.ts:17:16

    attachment #1: screenshot (image/png) ──────────────────────────────────────────────────────────
    test-results/ui-pages-homepage-Homepage-4f14c-ould-have-viewport-meta-tag-mobile-chrome-retry1/test-failed-1.png
    ────────────────────────────────────────────────────────────────────────────────────────────────

    attachment #2: video (video/webm) ──────────────────────────────────────────────────────────────
    test-results/ui-pages-homepage-Homepage-4f14c-ould-have-viewport-meta-tag-mobile-chrome-retry1/video.webm
    ────────────────────────────────────────────────────────────────────────────────────────────────

    Error Context: test-results/ui-pages-homepage-Homepage-4f14c-ould-have-viewport-meta-tag-mobile-chrome-retry1/error-context.md

    attachment #4: trace (application/zip) ─────────────────────────────────────────────────────────
    test-results/ui-pages-homepage-Homepage-4f14c-ould-have-viewport-meta-tag-mobile-chrome-retry1/trace.zip
    Usage:

        npx playwright show-trace test-results/ui-pages-homepage-Homepage-4f14c-ould-have-viewport-meta-tag-mobile-chrome-retry1/trace.zip

    ────────────────────────────────────────────────────────────────────────────────────────────────

  2049) [mobile-chrome] › e2e/ui/pages/homepage.spec.ts:269:9 › Homepage › Accessibility › should have sufficient color contrast (basic check) 

    Error: page.goto: net::ERR_CONNECTION_REFUSED at http://localhost:4000/
    Call log:
      - navigating to "http://localhost:4000/", waiting until "load"


       at helpers/page-helpers.ts:13

      11 |
      12 |   async navigate(path: string) {
    > 13 |     await this.page.goto(path);
         |                     ^
      14 |     await this.page.waitForLoadState("networkidle");
      15 |   }
      16 |
        at BasePage.navigate (/home/tbaltzakis/cloudless.gr/e2e/helpers/page-helpers.ts:13:21)
        at /home/tbaltzakis/cloudless.gr/e2e/ui/pages/homepage.spec.ts:17:16

    attachment #1: screenshot (image/png) ──────────────────────────────────────────────────────────
    test-results/ui-pages-homepage-Homepage-7a2a0-color-contrast-basic-check--mobile-chrome/test-failed-1.png
    ────────────────────────────────────────────────────────────────────────────────────────────────

    attachment #2: video (video/webm) ──────────────────────────────────────────────────────────────
    test-results/ui-pages-homepage-Homepage-7a2a0-color-contrast-basic-check--mobile-chrome/video.webm
    ────────────────────────────────────────────────────────────────────────────────────────────────

    Error Context: test-results/ui-pages-homepage-Homepage-7a2a0-color-contrast-basic-check--mobile-chrome/error-context.md

    Retry #1 ───────────────────────────────────────────────────────────────────────────────────────

    Error: page.goto: net::ERR_CONNECTION_REFUSED at http://localhost:4000/
    Call log:
      - navigating to "http://localhost:4000/", waiting until "load"


       at helpers/page-helpers.ts:13

      11 |
      12 |   async navigate(path: string) {
    > 13 |     await this.page.goto(path);
         |                     ^
      14 |     await this.page.waitForLoadState("networkidle");
      15 |   }
      16 |
        at BasePage.navigate (/home/tbaltzakis/cloudless.gr/e2e/helpers/page-helpers.ts:13:21)
        at /home/tbaltzakis/cloudless.gr/e2e/ui/pages/homepage.spec.ts:17:16

    attachment #1: screenshot (image/png) ──────────────────────────────────────────────────────────
    test-results/ui-pages-homepage-Homepage-7a2a0-color-contrast-basic-check--mobile-chrome-retry1/test-failed-1.png
    ────────────────────────────────────────────────────────────────────────────────────────────────

    attachment #2: video (video/webm) ──────────────────────────────────────────────────────────────
    test-results/ui-pages-homepage-Homepage-7a2a0-color-contrast-basic-check--mobile-chrome-retry1/video.webm
    ────────────────────────────────────────────────────────────────────────────────────────────────

    Error Context: test-results/ui-pages-homepage-Homepage-7a2a0-color-contrast-basic-check--mobile-chrome-retry1/error-context.md

    attachment #4: trace (application/zip) ─────────────────────────────────────────────────────────
    test-results/ui-pages-homepage-Homepage-7a2a0-color-contrast-basic-check--mobile-chrome-retry1/trace.zip
    Usage:

        npx playwright show-trace test-results/ui-pages-homepage-Homepage-7a2a0-color-contrast-basic-check--mobile-chrome-retry1/trace.zip

    ────────────────────────────────────────────────────────────────────────────────────────────────

  2050) [mobile-chrome] › e2e/ui/pages/homepage.spec.ts:292:9 › Homepage › SEO Basics › should have title tag 

    Error: page.goto: net::ERR_CONNECTION_REFUSED at http://localhost:4000/
    Call log:
      - navigating to "http://localhost:4000/", waiting until "load"


       at helpers/page-helpers.ts:13

      11 |
      12 |   async navigate(path: string) {
    > 13 |     await this.page.goto(path);
         |                     ^
      14 |     await this.page.waitForLoadState("networkidle");
      15 |   }
      16 |
        at BasePage.navigate (/home/tbaltzakis/cloudless.gr/e2e/helpers/page-helpers.ts:13:21)
        at /home/tbaltzakis/cloudless.gr/e2e/ui/pages/homepage.spec.ts:17:16

    attachment #1: screenshot (image/png) ──────────────────────────────────────────────────────────
    test-results/ui-pages-homepage-Homepage-SEO-Basics-should-have-title-tag-mobile-chrome/test-failed-1.png
    ────────────────────────────────────────────────────────────────────────────────────────────────

    attachment #2: video (video/webm) ──────────────────────────────────────────────────────────────
    test-results/ui-pages-homepage-Homepage-SEO-Basics-should-have-title-tag-mobile-chrome/video.webm
    ────────────────────────────────────────────────────────────────────────────────────────────────

    Error Context: test-results/ui-pages-homepage-Homepage-SEO-Basics-should-have-title-tag-mobile-chrome/error-context.md

    Retry #1 ───────────────────────────────────────────────────────────────────────────────────────

    Error: page.goto: net::ERR_CONNECTION_REFUSED at http://localhost:4000/
    Call log:
      - navigating to "http://localhost:4000/", waiting until "load"


       at helpers/page-helpers.ts:13

      11 |
      12 |   async navigate(path: string) {
    > 13 |     await this.page.goto(path);
         |                     ^
      14 |     await this.page.waitForLoadState("networkidle");
      15 |   }
      16 |
        at BasePage.navigate (/home/tbaltzakis/cloudless.gr/e2e/helpers/page-helpers.ts:13:21)
        at /home/tbaltzakis/cloudless.gr/e2e/ui/pages/homepage.spec.ts:17:16

    attachment #1: screenshot (image/png) ──────────────────────────────────────────────────────────
    test-results/ui-pages-homepage-Homepage-SEO-Basics-should-have-title-tag-mobile-chrome-retry1/test-failed-1.png
    ────────────────────────────────────────────────────────────────────────────────────────────────

    attachment #2: video (video/webm) ──────────────────────────────────────────────────────────────
    test-results/ui-pages-homepage-Homepage-SEO-Basics-should-have-title-tag-mobile-chrome-retry1/video.webm
    ────────────────────────────────────────────────────────────────────────────────────────────────

    Error Context: test-results/ui-pages-homepage-Homepage-SEO-Basics-should-have-title-tag-mobile-chrome-retry1/error-context.md

    attachment #4: trace (application/zip) ─────────────────────────────────────────────────────────
    test-results/ui-pages-homepage-Homepage-SEO-Basics-should-have-title-tag-mobile-chrome-retry1/trace.zip
    Usage:

        npx playwright show-trace test-results/ui-pages-homepage-Homepage-SEO-Basics-should-have-title-tag-mobile-chrome-retry1/trace.zip

    ────────────────────────────────────────────────────────────────────────────────────────────────

  2051) [mobile-chrome] › e2e/ui/pages/homepage.spec.ts:299:9 › Homepage › SEO Basics › should have meta description 

    Error: page.goto: net::ERR_CONNECTION_REFUSED at http://localhost:4000/
    Call log:
      - navigating to "http://localhost:4000/", waiting until "load"


       at helpers/page-helpers.ts:13

      11 |
      12 |   async navigate(path: string) {
    > 13 |     await this.page.goto(path);
         |                     ^
      14 |     await this.page.waitForLoadState("networkidle");
      15 |   }
      16 |
        at BasePage.navigate (/home/tbaltzakis/cloudless.gr/e2e/helpers/page-helpers.ts:13:21)
        at /home/tbaltzakis/cloudless.gr/e2e/ui/pages/homepage.spec.ts:17:16

    attachment #1: screenshot (image/png) ──────────────────────────────────────────────────────────
    test-results/ui-pages-homepage-Homepage-0464f-hould-have-meta-description-mobile-chrome/test-failed-1.png
    ────────────────────────────────────────────────────────────────────────────────────────────────

    attachment #2: video (video/webm) ──────────────────────────────────────────────────────────────
    test-results/ui-pages-homepage-Homepage-0464f-hould-have-meta-description-mobile-chrome/video.webm
    ────────────────────────────────────────────────────────────────────────────────────────────────

    Error Context: test-results/ui-pages-homepage-Homepage-0464f-hould-have-meta-description-mobile-chrome/error-context.md

    Retry #1 ───────────────────────────────────────────────────────────────────────────────────────

    Error: page.goto: net::ERR_CONNECTION_REFUSED at http://localhost:4000/
    Call log:
      - navigating to "http://localhost:4000/", waiting until "load"


       at helpers/page-helpers.ts:13

      11 |
      12 |   async navigate(path: string) {
    > 13 |     await this.page.goto(path);
         |                     ^
      14 |     await this.page.waitForLoadState("networkidle");
      15 |   }
      16 |
        at BasePage.navigate (/home/tbaltzakis/cloudless.gr/e2e/helpers/page-helpers.ts:13:21)
        at /home/tbaltzakis/cloudless.gr/e2e/ui/pages/homepage.spec.ts:17:16

    attachment #1: screenshot (image/png) ──────────────────────────────────────────────────────────
    test-results/ui-pages-homepage-Homepage-0464f-hould-have-meta-description-mobile-chrome-retry1/test-failed-1.png
    ────────────────────────────────────────────────────────────────────────────────────────────────

    attachment #2: video (video/webm) ──────────────────────────────────────────────────────────────
    test-results/ui-pages-homepage-Homepage-0464f-hould-have-meta-description-mobile-chrome-retry1/video.webm
    ────────────────────────────────────────────────────────────────────────────────────────────────

    Error Context: test-results/ui-pages-homepage-Homepage-0464f-hould-have-meta-description-mobile-chrome-retry1/error-context.md

    attachment #4: trace (application/zip) ─────────────────────────────────────────────────────────
    test-results/ui-pages-homepage-Homepage-0464f-hould-have-meta-description-mobile-chrome-retry1/trace.zip
    Usage:

        npx playwright show-trace test-results/ui-pages-homepage-Homepage-0464f-hould-have-meta-description-mobile-chrome-retry1/trace.zip

    ────────────────────────────────────────────────────────────────────────────────────────────────

  2052) [mobile-chrome] › e2e/ui/pages/homepage.spec.ts:309:9 › Homepage › SEO Basics › should have canonical URL 

    Error: page.goto: net::ERR_CONNECTION_REFUSED at http://localhost:4000/
    Call log:
      - navigating to "http://localhost:4000/", waiting until "load"


       at helpers/page-helpers.ts:13

      11 |
      12 |   async navigate(path: string) {
    > 13 |     await this.page.goto(path);
         |                     ^
      14 |     await this.page.waitForLoadState("networkidle");
      15 |   }
      16 |
        at BasePage.navigate (/home/tbaltzakis/cloudless.gr/e2e/helpers/page-helpers.ts:13:21)
        at /home/tbaltzakis/cloudless.gr/e2e/ui/pages/homepage.spec.ts:17:16

    attachment #1: screenshot (image/png) ──────────────────────────────────────────────────────────
    test-results/ui-pages-homepage-Homepage-22e57-s-should-have-canonical-URL-mobile-chrome/test-failed-1.png
    ────────────────────────────────────────────────────────────────────────────────────────────────

    attachment #2: video (video/webm) ──────────────────────────────────────────────────────────────
    test-results/ui-pages-homepage-Homepage-22e57-s-should-have-canonical-URL-mobile-chrome/video.webm
    ────────────────────────────────────────────────────────────────────────────────────────────────

    Error Context: test-results/ui-pages-homepage-Homepage-22e57-s-should-have-canonical-URL-mobile-chrome/error-context.md

    Retry #1 ───────────────────────────────────────────────────────────────────────────────────────

    Error: page.goto: net::ERR_CONNECTION_REFUSED at http://localhost:4000/
    Call log:
      - navigating to "http://localhost:4000/", waiting until "load"


       at helpers/page-helpers.ts:13

      11 |
      12 |   async navigate(path: string) {
    > 13 |     await this.page.goto(path);
         |                     ^
      14 |     await this.page.waitForLoadState("networkidle");
      15 |   }
      16 |
        at BasePage.navigate (/home/tbaltzakis/cloudless.gr/e2e/helpers/page-helpers.ts:13:21)
        at /home/tbaltzakis/cloudless.gr/e2e/ui/pages/homepage.spec.ts:17:16

    attachment #1: screenshot (image/png) ──────────────────────────────────────────────────────────
    test-results/ui-pages-homepage-Homepage-22e57-s-should-have-canonical-URL-mobile-chrome-retry1/test-failed-1.png
    ────────────────────────────────────────────────────────────────────────────────────────────────

    attachment #2: video (video/webm) ──────────────────────────────────────────────────────────────
    test-results/ui-pages-homepage-Homepage-22e57-s-should-have-canonical-URL-mobile-chrome-retry1/video.webm
    ────────────────────────────────────────────────────────────────────────────────────────────────

    Error Context: test-results/ui-pages-homepage-Homepage-22e57-s-should-have-canonical-URL-mobile-chrome-retry1/error-context.md

    attachment #4: trace (application/zip) ─────────────────────────────────────────────────────────
    test-results/ui-pages-homepage-Homepage-22e57-s-should-have-canonical-URL-mobile-chrome-retry1/trace.zip
    Usage:

        npx playwright show-trace test-results/ui-pages-homepage-Homepage-22e57-s-should-have-canonical-URL-mobile-chrome-retry1/trace.zip

    ────────────────────────────────────────────────────────────────────────────────────────────────

  2053) [mobile-chrome] › e2e/ui/pages/homepage.spec.ts:319:9 › Homepage › SEO Basics › should have open graph tags 

    Error: page.goto: net::ERR_CONNECTION_REFUSED at http://localhost:4000/
    Call log:
      - navigating to "http://localhost:4000/", waiting until "load"


       at helpers/page-helpers.ts:13

      11 |
      12 |   async navigate(path: string) {
    > 13 |     await this.page.goto(path);
         |                     ^
      14 |     await this.page.waitForLoadState("networkidle");
      15 |   }
      16 |
        at BasePage.navigate (/home/tbaltzakis/cloudless.gr/e2e/helpers/page-helpers.ts:13:21)
        at /home/tbaltzakis/cloudless.gr/e2e/ui/pages/homepage.spec.ts:17:16

    attachment #1: screenshot (image/png) ──────────────────────────────────────────────────────────
    test-results/ui-pages-homepage-Homepage-160fe-should-have-open-graph-tags-mobile-chrome/test-failed-1.png
    ────────────────────────────────────────────────────────────────────────────────────────────────

    attachment #2: video (video/webm) ──────────────────────────────────────────────────────────────
    test-results/ui-pages-homepage-Homepage-160fe-should-have-open-graph-tags-mobile-chrome/video.webm
    ────────────────────────────────────────────────────────────────────────────────────────────────

    Error Context: test-results/ui-pages-homepage-Homepage-160fe-should-have-open-graph-tags-mobile-chrome/error-context.md

    Retry #1 ───────────────────────────────────────────────────────────────────────────────────────

    Error: page.goto: net::ERR_CONNECTION_REFUSED at http://localhost:4000/
    Call log:
      - navigating to "http://localhost:4000/", waiting until "load"


       at helpers/page-helpers.ts:13

      11 |
      12 |   async navigate(path: string) {
    > 13 |     await this.page.goto(path);
         |                     ^
      14 |     await this.page.waitForLoadState("networkidle");
      15 |   }
      16 |
        at BasePage.navigate (/home/tbaltzakis/cloudless.gr/e2e/helpers/page-helpers.ts:13:21)
        at /home/tbaltzakis/cloudless.gr/e2e/ui/pages/homepage.spec.ts:17:16

    attachment #1: screenshot (image/png) ──────────────────────────────────────────────────────────
    test-results/ui-pages-homepage-Homepage-160fe-should-have-open-graph-tags-mobile-chrome-retry1/test-failed-1.png
    ────────────────────────────────────────────────────────────────────────────────────────────────

    attachment #2: video (video/webm) ──────────────────────────────────────────────────────────────
    test-results/ui-pages-homepage-Homepage-160fe-should-have-open-graph-tags-mobile-chrome-retry1/video.webm
    ────────────────────────────────────────────────────────────────────────────────────────────────

    Error Context: test-results/ui-pages-homepage-Homepage-160fe-should-have-open-graph-tags-mobile-chrome-retry1/error-context.md

    attachment #4: trace (application/zip) ─────────────────────────────────────────────────────────
    test-results/ui-pages-homepage-Homepage-160fe-should-have-open-graph-tags-mobile-chrome-retry1/trace.zip
    Usage:

        npx playwright show-trace test-results/ui-pages-homepage-Homepage-160fe-should-have-open-graph-tags-mobile-chrome-retry1/trace.zip

    ────────────────────────────────────────────────────────────────────────────────────────────────

  2054) [mobile-chrome] › e2e/ui/pages/services.spec.ts:22:7 › Services Page › should load successfully 

    Error: page.goto: net::ERR_CONNECTION_REFUSED at http://localhost:4000/services
    Call log:
      - navigating to "http://localhost:4000/services", waiting until "load"


       at helpers/page-helpers.ts:13

      11 |
      12 |   async navigate(path: string) {
    > 13 |     await this.page.goto(path);
         |                     ^
      14 |     await this.page.waitForLoadState("networkidle");
      15 |   }
      16 |
        at BasePage.navigate (/home/tbaltzakis/cloudless.gr/e2e/helpers/page-helpers.ts:13:21)
        at /home/tbaltzakis/cloudless.gr/e2e/ui/pages/services.spec.ts:19:16

    attachment #1: screenshot (image/png) ──────────────────────────────────────────────────────────
    test-results/ui-pages-services-Services-Page-should-load-successfully-mobile-chrome/test-failed-1.png
    ────────────────────────────────────────────────────────────────────────────────────────────────

    attachment #2: video (video/webm) ──────────────────────────────────────────────────────────────
    test-results/ui-pages-services-Services-Page-should-load-successfully-mobile-chrome/video.webm
    ────────────────────────────────────────────────────────────────────────────────────────────────

    Error Context: test-results/ui-pages-services-Services-Page-should-load-successfully-mobile-chrome/error-context.md

    Retry #1 ───────────────────────────────────────────────────────────────────────────────────────

    Error: page.goto: net::ERR_CONNECTION_REFUSED at http://localhost:4000/services
    Call log:
      - navigating to "http://localhost:4000/services", waiting until "load"


       at helpers/page-helpers.ts:13

      11 |
      12 |   async navigate(path: string) {
    > 13 |     await this.page.goto(path);
         |                     ^
      14 |     await this.page.waitForLoadState("networkidle");
      15 |   }
      16 |
        at BasePage.navigate (/home/tbaltzakis/cloudless.gr/e2e/helpers/page-helpers.ts:13:21)
        at /home/tbaltzakis/cloudless.gr/e2e/ui/pages/services.spec.ts:19:16

    attachment #1: screenshot (image/png) ──────────────────────────────────────────────────────────
    test-results/ui-pages-services-Services-Page-should-load-successfully-mobile-chrome-retry1/test-failed-1.png
    ────────────────────────────────────────────────────────────────────────────────────────────────

    attachment #2: video (video/webm) ──────────────────────────────────────────────────────────────
    test-results/ui-pages-services-Services-Page-should-load-successfully-mobile-chrome-retry1/video.webm
    ────────────────────────────────────────────────────────────────────────────────────────────────

    Error Context: test-results/ui-pages-services-Services-Page-should-load-successfully-mobile-chrome-retry1/error-context.md

    attachment #4: trace (application/zip) ─────────────────────────────────────────────────────────
    test-results/ui-pages-services-Services-Page-should-load-successfully-mobile-chrome-retry1/trace.zip
    Usage:

        npx playwright show-trace test-results/ui-pages-services-Services-Page-should-load-successfully-mobile-chrome-retry1/trace.zip

    ────────────────────────────────────────────────────────────────────────────────────────────────

  2055) [mobile-chrome] › e2e/ui/pages/services.spec.ts:30:7 › Services Page › should have services grid or list 

    Error: page.goto: net::ERR_CONNECTION_REFUSED at http://localhost:4000/services
    Call log:
      - navigating to "http://localhost:4000/services", waiting until "load"


       at helpers/page-helpers.ts:13

      11 |
      12 |   async navigate(path: string) {
    > 13 |     await this.page.goto(path);
         |                     ^
      14 |     await this.page.waitForLoadState("networkidle");
      15 |   }
      16 |
        at BasePage.navigate (/home/tbaltzakis/cloudless.gr/e2e/helpers/page-helpers.ts:13:21)
        at /home/tbaltzakis/cloudless.gr/e2e/ui/pages/services.spec.ts:19:16

    attachment #1: screenshot (image/png) ──────────────────────────────────────────────────────────
    test-results/ui-pages-services-Services-bb4ed--have-services-grid-or-list-mobile-chrome/test-failed-1.png
    ────────────────────────────────────────────────────────────────────────────────────────────────

    attachment #2: video (video/webm) ──────────────────────────────────────────────────────────────
    test-results/ui-pages-services-Services-bb4ed--have-services-grid-or-list-mobile-chrome/video.webm
    ────────────────────────────────────────────────────────────────────────────────────────────────

    Error Context: test-results/ui-pages-services-Services-bb4ed--have-services-grid-or-list-mobile-chrome/error-context.md

    Retry #1 ───────────────────────────────────────────────────────────────────────────────────────

    Error: page.goto: net::ERR_CONNECTION_REFUSED at http://localhost:4000/services
    Call log:
      - navigating to "http://localhost:4000/services", waiting until "load"


       at helpers/page-helpers.ts:13

      11 |
      12 |   async navigate(path: string) {
    > 13 |     await this.page.goto(path);
         |                     ^
      14 |     await this.page.waitForLoadState("networkidle");
      15 |   }
      16 |
        at BasePage.navigate (/home/tbaltzakis/cloudless.gr/e2e/helpers/page-helpers.ts:13:21)
        at /home/tbaltzakis/cloudless.gr/e2e/ui/pages/services.spec.ts:19:16

    attachment #1: screenshot (image/png) ──────────────────────────────────────────────────────────
    test-results/ui-pages-services-Services-bb4ed--have-services-grid-or-list-mobile-chrome-retry1/test-failed-1.png
    ────────────────────────────────────────────────────────────────────────────────────────────────

    attachment #2: video (video/webm) ──────────────────────────────────────────────────────────────
    test-results/ui-pages-services-Services-bb4ed--have-services-grid-or-list-mobile-chrome-retry1/video.webm
    ────────────────────────────────────────────────────────────────────────────────────────────────

    Error Context: test-results/ui-pages-services-Services-bb4ed--have-services-grid-or-list-mobile-chrome-retry1/error-context.md

    attachment #4: trace (application/zip) ─────────────────────────────────────────────────────────
    test-results/ui-pages-services-Services-bb4ed--have-services-grid-or-list-mobile-chrome-retry1/trace.zip
    Usage:

        npx playwright show-trace test-results/ui-pages-services-Services-bb4ed--have-services-grid-or-list-mobile-chrome-retry1/trace.zip

    ────────────────────────────────────────────────────────────────────────────────────────────────

  2056) [mobile-chrome] › e2e/ui/pages/services.spec.ts:43:7 › Services Page › should display service details 

    Error: page.goto: net::ERR_CONNECTION_REFUSED at http://localhost:4000/services
    Call log:
      - navigating to "http://localhost:4000/services", waiting until "load"


       at helpers/page-helpers.ts:13

      11 |
      12 |   async navigate(path: string) {
    > 13 |     await this.page.goto(path);
         |                     ^
      14 |     await this.page.waitForLoadState("networkidle");
      15 |   }
      16 |
        at BasePage.navigate (/home/tbaltzakis/cloudless.gr/e2e/helpers/page-helpers.ts:13:21)
        at /home/tbaltzakis/cloudless.gr/e2e/ui/pages/services.spec.ts:19:16

    attachment #1: screenshot (image/png) ──────────────────────────────────────────────────────────
    test-results/ui-pages-services-Services-6b783-uld-display-service-details-mobile-chrome/test-failed-1.png
    ────────────────────────────────────────────────────────────────────────────────────────────────

    attachment #2: video (video/webm) ──────────────────────────────────────────────────────────────
    test-results/ui-pages-services-Services-6b783-uld-display-service-details-mobile-chrome/video.webm
    ────────────────────────────────────────────────────────────────────────────────────────────────

    Error Context: test-results/ui-pages-services-Services-6b783-uld-display-service-details-mobile-chrome/error-context.md

    Retry #1 ───────────────────────────────────────────────────────────────────────────────────────

    Error: page.goto: net::ERR_CONNECTION_REFUSED at http://localhost:4000/services
    Call log:
      - navigating to "http://localhost:4000/services", waiting until "load"


       at helpers/page-helpers.ts:13

      11 |
      12 |   async navigate(path: string) {
    > 13 |     await this.page.goto(path);
         |                     ^
      14 |     await this.page.waitForLoadState("networkidle");
      15 |   }
      16 |
        at BasePage.navigate (/home/tbaltzakis/cloudless.gr/e2e/helpers/page-helpers.ts:13:21)
        at /home/tbaltzakis/cloudless.gr/e2e/ui/pages/services.spec.ts:19:16

    attachment #1: screenshot (image/png) ──────────────────────────────────────────────────────────
    test-results/ui-pages-services-Services-6b783-uld-display-service-details-mobile-chrome-retry1/test-failed-1.png
    ────────────────────────────────────────────────────────────────────────────────────────────────

    attachment #2: video (video/webm) ──────────────────────────────────────────────────────────────
    test-results/ui-pages-services-Services-6b783-uld-display-service-details-mobile-chrome-retry1/video.webm
    ────────────────────────────────────────────────────────────────────────────────────────────────

    Error Context: test-results/ui-pages-services-Services-6b783-uld-display-service-details-mobile-chrome-retry1/error-context.md

    attachment #4: trace (application/zip) ─────────────────────────────────────────────────────────
    test-results/ui-pages-services-Services-6b783-uld-display-service-details-mobile-chrome-retry1/trace.zip
    Usage:

        npx playwright show-trace test-results/ui-pages-services-Services-6b783-uld-display-service-details-mobile-chrome-retry1/trace.zip

    ────────────────────────────────────────────────────────────────────────────────────────────────

  2057) [mobile-chrome] › e2e/ui/pages/services.spec.ts:62:7 › Services Page › should have service categories or tags 

    Error: page.goto: net::ERR_CONNECTION_REFUSED at http://localhost:4000/services
    Call log:
      - navigating to "http://localhost:4000/services", waiting until "load"


       at helpers/page-helpers.ts:13

      11 |
      12 |   async navigate(path: string) {
    > 13 |     await this.page.goto(path);
         |                     ^
      14 |     await this.page.waitForLoadState("networkidle");
      15 |   }
      16 |
        at BasePage.navigate (/home/tbaltzakis/cloudless.gr/e2e/helpers/page-helpers.ts:13:21)
        at /home/tbaltzakis/cloudless.gr/e2e/ui/pages/services.spec.ts:19:16

    attachment #1: screenshot (image/png) ──────────────────────────────────────────────────────────
    test-results/ui-pages-services-Services-a0d38--service-categories-or-tags-mobile-chrome/test-failed-1.png
    ────────────────────────────────────────────────────────────────────────────────────────────────

    attachment #2: video (video/webm) ──────────────────────────────────────────────────────────────
    test-results/ui-pages-services-Services-a0d38--service-categories-or-tags-mobile-chrome/video.webm
    ────────────────────────────────────────────────────────────────────────────────────────────────

    Error Context: test-results/ui-pages-services-Services-a0d38--service-categories-or-tags-mobile-chrome/error-context.md

    Retry #1 ───────────────────────────────────────────────────────────────────────────────────────

    Error: page.goto: net::ERR_CONNECTION_REFUSED at http://localhost:4000/services
    Call log:
      - navigating to "http://localhost:4000/services", waiting until "load"


       at helpers/page-helpers.ts:13

      11 |
      12 |   async navigate(path: string) {
    > 13 |     await this.page.goto(path);
         |                     ^
      14 |     await this.page.waitForLoadState("networkidle");
      15 |   }
      16 |
        at BasePage.navigate (/home/tbaltzakis/cloudless.gr/e2e/helpers/page-helpers.ts:13:21)
        at /home/tbaltzakis/cloudless.gr/e2e/ui/pages/services.spec.ts:19:16

    attachment #1: screenshot (image/png) ──────────────────────────────────────────────────────────
    test-results/ui-pages-services-Services-a0d38--service-categories-or-tags-mobile-chrome-retry1/test-failed-1.png
    ────────────────────────────────────────────────────────────────────────────────────────────────

    attachment #2: video (video/webm) ──────────────────────────────────────────────────────────────
    test-results/ui-pages-services-Services-a0d38--service-categories-or-tags-mobile-chrome-retry1/video.webm
    ────────────────────────────────────────────────────────────────────────────────────────────────

    Error Context: test-results/ui-pages-services-Services-a0d38--service-categories-or-tags-mobile-chrome-retry1/error-context.md

    attachment #4: trace (application/zip) ─────────────────────────────────────────────────────────
    test-results/ui-pages-services-Services-a0d38--service-categories-or-tags-mobile-chrome-retry1/trace.zip
    Usage:

        npx playwright show-trace test-results/ui-pages-services-Services-a0d38--service-categories-or-tags-mobile-chrome-retry1/trace.zip

    ────────────────────────────────────────────────────────────────────────────────────────────────

  2058) [mobile-chrome] › e2e/ui/pages/services.spec.ts:77:7 › Services Page › should have call-to-action for getting started 

    Error: page.goto: net::ERR_CONNECTION_REFUSED at http://localhost:4000/services
    Call log:
      - navigating to "http://localhost:4000/services", waiting until "load"


       at helpers/page-helpers.ts:13

      11 |
      12 |   async navigate(path: string) {
    > 13 |     await this.page.goto(path);
         |                     ^
      14 |     await this.page.waitForLoadState("networkidle");
      15 |   }
      16 |
        at BasePage.navigate (/home/tbaltzakis/cloudless.gr/e2e/helpers/page-helpers.ts:13:21)
        at /home/tbaltzakis/cloudless.gr/e2e/ui/pages/services.spec.ts:19:16

    attachment #1: screenshot (image/png) ──────────────────────────────────────────────────────────
    test-results/ui-pages-services-Services-1e983--action-for-getting-started-mobile-chrome/test-failed-1.png
    ────────────────────────────────────────────────────────────────────────────────────────────────

    attachment #2: video (video/webm) ──────────────────────────────────────────────────────────────
    test-results/ui-pages-services-Services-1e983--action-for-getting-started-mobile-chrome/video.webm
    ────────────────────────────────────────────────────────────────────────────────────────────────

    Error Context: test-results/ui-pages-services-Services-1e983--action-for-getting-started-mobile-chrome/error-context.md

    Retry #1 ───────────────────────────────────────────────────────────────────────────────────────

    Error: page.goto: net::ERR_CONNECTION_REFUSED at http://localhost:4000/services
    Call log:
      - navigating to "http://localhost:4000/services", waiting until "load"


       at helpers/page-helpers.ts:13

      11 |
      12 |   async navigate(path: string) {
    > 13 |     await this.page.goto(path);
         |                     ^
      14 |     await this.page.waitForLoadState("networkidle");
      15 |   }
      16 |
        at BasePage.navigate (/home/tbaltzakis/cloudless.gr/e2e/helpers/page-helpers.ts:13:21)
        at /home/tbaltzakis/cloudless.gr/e2e/ui/pages/services.spec.ts:19:16

    attachment #1: screenshot (image/png) ──────────────────────────────────────────────────────────
    test-results/ui-pages-services-Services-1e983--action-for-getting-started-mobile-chrome-retry1/test-failed-1.png
    ────────────────────────────────────────────────────────────────────────────────────────────────

    attachment #2: video (video/webm) ──────────────────────────────────────────────────────────────
    test-results/ui-pages-services-Services-1e983--action-for-getting-started-mobile-chrome-retry1/video.webm
    ────────────────────────────────────────────────────────────────────────────────────────────────

    Error Context: test-results/ui-pages-services-Services-1e983--action-for-getting-started-mobile-chrome-retry1/error-context.md

    attachment #4: trace (application/zip) ─────────────────────────────────────────────────────────
    test-results/ui-pages-services-Services-1e983--action-for-getting-started-mobile-chrome-retry1/trace.zip
    Usage:

        npx playwright show-trace test-results/ui-pages-services-Services-1e983--action-for-getting-started-mobile-chrome-retry1/trace.zip

    ────────────────────────────────────────────────────────────────────────────────────────────────

  2059) [mobile-chrome] › e2e/ui/pages/services.spec.ts:95:9 › Services Page › Responsive Design › should render correctly on mobile 

    Error: page.goto: net::ERR_CONNECTION_REFUSED at http://localhost:4000/services
    Call log:
      - navigating to "http://localhost:4000/services", waiting until "load"


       at helpers/page-helpers.ts:13

      11 |
      12 |   async navigate(path: string) {
    > 13 |     await this.page.goto(path);
         |                     ^
      14 |     await this.page.waitForLoadState("networkidle");
      15 |   }
      16 |
        at BasePage.navigate (/home/tbaltzakis/cloudless.gr/e2e/helpers/page-helpers.ts:13:21)
        at /home/tbaltzakis/cloudless.gr/e2e/ui/pages/services.spec.ts:19:16

    attachment #1: screenshot (image/png) ──────────────────────────────────────────────────────────
    test-results/ui-pages-services-Services-66c91--render-correctly-on-mobile-mobile-chrome/test-failed-1.png
    ────────────────────────────────────────────────────────────────────────────────────────────────

    attachment #2: video (video/webm) ──────────────────────────────────────────────────────────────
    test-results/ui-pages-services-Services-66c91--render-correctly-on-mobile-mobile-chrome/video.webm
    ────────────────────────────────────────────────────────────────────────────────────────────────

    Error Context: test-results/ui-pages-services-Services-66c91--render-correctly-on-mobile-mobile-chrome/error-context.md

    Retry #1 ───────────────────────────────────────────────────────────────────────────────────────

    Error: page.goto: net::ERR_CONNECTION_REFUSED at http://localhost:4000/services
    Call log:
      - navigating to "http://localhost:4000/services", waiting until "load"


       at helpers/page-helpers.ts:13

      11 |
      12 |   async navigate(path: string) {
    > 13 |     await this.page.goto(path);
         |                     ^
      14 |     await this.page.waitForLoadState("networkidle");
      15 |   }
      16 |
        at BasePage.navigate (/home/tbaltzakis/cloudless.gr/e2e/helpers/page-helpers.ts:13:21)
        at /home/tbaltzakis/cloudless.gr/e2e/ui/pages/services.spec.ts:19:16

    attachment #1: screenshot (image/png) ──────────────────────────────────────────────────────────
    test-results/ui-pages-services-Services-66c91--render-correctly-on-mobile-mobile-chrome-retry1/test-failed-1.png
    ────────────────────────────────────────────────────────────────────────────────────────────────

    attachment #2: video (video/webm) ──────────────────────────────────────────────────────────────
    test-results/ui-pages-services-Services-66c91--render-correctly-on-mobile-mobile-chrome-retry1/video.webm
    ────────────────────────────────────────────────────────────────────────────────────────────────

    Error Context: test-results/ui-pages-services-Services-66c91--render-correctly-on-mobile-mobile-chrome-retry1/error-context.md

    attachment #4: trace (application/zip) ─────────────────────────────────────────────────────────
    test-results/ui-pages-services-Services-66c91--render-correctly-on-mobile-mobile-chrome-retry1/trace.zip
    Usage:

        npx playwright show-trace test-results/ui-pages-services-Services-66c91--render-correctly-on-mobile-mobile-chrome-retry1/trace.zip

    ────────────────────────────────────────────────────────────────────────────────────────────────

  2060) [mobile-chrome] › e2e/ui/pages/services.spec.ts:108:9 › Services Page › Responsive Design › should render correctly on tablet 

    Error: page.goto: net::ERR_CONNECTION_REFUSED at http://localhost:4000/services
    Call log:
      - navigating to "http://localhost:4000/services", waiting until "load"


       at helpers/page-helpers.ts:13

      11 |
      12 |   async navigate(path: string) {
    > 13 |     await this.page.goto(path);
         |                     ^
      14 |     await this.page.waitForLoadState("networkidle");
      15 |   }
      16 |
        at BasePage.navigate (/home/tbaltzakis/cloudless.gr/e2e/helpers/page-helpers.ts:13:21)
        at /home/tbaltzakis/cloudless.gr/e2e/ui/pages/services.spec.ts:19:16

    attachment #1: screenshot (image/png) ──────────────────────────────────────────────────────────
    test-results/ui-pages-services-Services-a8d9b--render-correctly-on-tablet-mobile-chrome/test-failed-1.png
    ────────────────────────────────────────────────────────────────────────────────────────────────

    attachment #2: video (video/webm) ──────────────────────────────────────────────────────────────
    test-results/ui-pages-services-Services-a8d9b--render-correctly-on-tablet-mobile-chrome/video.webm
    ────────────────────────────────────────────────────────────────────────────────────────────────

    Error Context: test-results/ui-pages-services-Services-a8d9b--render-correctly-on-tablet-mobile-chrome/error-context.md

    Retry #1 ───────────────────────────────────────────────────────────────────────────────────────

    Error: page.goto: net::ERR_CONNECTION_REFUSED at http://localhost:4000/services
    Call log:
      - navigating to "http://localhost:4000/services", waiting until "load"


       at helpers/page-helpers.ts:13

      11 |
      12 |   async navigate(path: string) {
    > 13 |     await this.page.goto(path);
         |                     ^
      14 |     await this.page.waitForLoadState("networkidle");
      15 |   }
      16 |
        at BasePage.navigate (/home/tbaltzakis/cloudless.gr/e2e/helpers/page-helpers.ts:13:21)
        at /home/tbaltzakis/cloudless.gr/e2e/ui/pages/services.spec.ts:19:16

    attachment #1: screenshot (image/png) ──────────────────────────────────────────────────────────
    test-results/ui-pages-services-Services-a8d9b--render-correctly-on-tablet-mobile-chrome-retry1/test-failed-1.png
    ────────────────────────────────────────────────────────────────────────────────────────────────

    attachment #2: video (video/webm) ──────────────────────────────────────────────────────────────
    test-results/ui-pages-services-Services-a8d9b--render-correctly-on-tablet-mobile-chrome-retry1/video.webm
    ────────────────────────────────────────────────────────────────────────────────────────────────

    Error Context: test-results/ui-pages-services-Services-a8d9b--render-correctly-on-tablet-mobile-chrome-retry1/error-context.md

    attachment #4: trace (application/zip) ─────────────────────────────────────────────────────────
    test-results/ui-pages-services-Services-a8d9b--render-correctly-on-tablet-mobile-chrome-retry1/trace.zip
    Usage:

        npx playwright show-trace test-results/ui-pages-services-Services-a8d9b--render-correctly-on-tablet-mobile-chrome-retry1/trace.zip

    ────────────────────────────────────────────────────────────────────────────────────────────────

  2061) [mobile-chrome] › e2e/ui/pages/services.spec.ts:121:9 › Services Page › Responsive Design › should render correctly on desktop 

    Error: page.goto: net::ERR_CONNECTION_REFUSED at http://localhost:4000/services
    Call log:
      - navigating to "http://localhost:4000/services", waiting until "load"


       at helpers/page-helpers.ts:13

      11 |
      12 |   async navigate(path: string) {
    > 13 |     await this.page.goto(path);
         |                     ^
      14 |     await this.page.waitForLoadState("networkidle");
      15 |   }
      16 |
        at BasePage.navigate (/home/tbaltzakis/cloudless.gr/e2e/helpers/page-helpers.ts:13:21)
        at /home/tbaltzakis/cloudless.gr/e2e/ui/pages/services.spec.ts:19:16

    attachment #1: screenshot (image/png) ──────────────────────────────────────────────────────────
    test-results/ui-pages-services-Services-fe29e-render-correctly-on-desktop-mobile-chrome/test-failed-1.png
    ────────────────────────────────────────────────────────────────────────────────────────────────

    attachment #2: video (video/webm) ──────────────────────────────────────────────────────────────
    test-results/ui-pages-services-Services-fe29e-render-correctly-on-desktop-mobile-chrome/video.webm
    ────────────────────────────────────────────────────────────────────────────────────────────────

    Error Context: test-results/ui-pages-services-Services-fe29e-render-correctly-on-desktop-mobile-chrome/error-context.md

    Retry #1 ───────────────────────────────────────────────────────────────────────────────────────

    Error: page.goto: net::ERR_CONNECTION_REFUSED at http://localhost:4000/services
    Call log:
      - navigating to "http://localhost:4000/services", waiting until "load"


       at helpers/page-helpers.ts:13

      11 |
      12 |   async navigate(path: string) {
    > 13 |     await this.page.goto(path);
         |                     ^
      14 |     await this.page.waitForLoadState("networkidle");
      15 |   }
      16 |
        at BasePage.navigate (/home/tbaltzakis/cloudless.gr/e2e/helpers/page-helpers.ts:13:21)
        at /home/tbaltzakis/cloudless.gr/e2e/ui/pages/services.spec.ts:19:16

    attachment #1: screenshot (image/png) ──────────────────────────────────────────────────────────
    test-results/ui-pages-services-Services-fe29e-render-correctly-on-desktop-mobile-chrome-retry1/test-failed-1.png
    ────────────────────────────────────────────────────────────────────────────────────────────────

    attachment #2: video (video/webm) ──────────────────────────────────────────────────────────────
    test-results/ui-pages-services-Services-fe29e-render-correctly-on-desktop-mobile-chrome-retry1/video.webm
    ────────────────────────────────────────────────────────────────────────────────────────────────

    Error Context: test-results/ui-pages-services-Services-fe29e-render-correctly-on-desktop-mobile-chrome-retry1/error-context.md

    attachment #4: trace (application/zip) ─────────────────────────────────────────────────────────
    test-results/ui-pages-services-Services-fe29e-render-correctly-on-desktop-mobile-chrome-retry1/trace.zip
    Usage:

        npx playwright show-trace test-results/ui-pages-services-Services-fe29e-render-correctly-on-desktop-mobile-chrome-retry1/trace.zip

    ────────────────────────────────────────────────────────────────────────────────────────────────

  2062) [mobile-chrome] › e2e/ui/pages/services.spec.ts:140:9 › Services Page › Navigation › should navigate to homepage 

    Error: page.goto: net::ERR_CONNECTION_REFUSED at http://localhost:4000/services
    Call log:
      - navigating to "http://localhost:4000/services", waiting until "load"


       at helpers/page-helpers.ts:13

      11 |
      12 |   async navigate(path: string) {
    > 13 |     await this.page.goto(path);
         |                     ^
      14 |     await this.page.waitForLoadState("networkidle");
      15 |   }
      16 |
        at BasePage.navigate (/home/tbaltzakis/cloudless.gr/e2e/helpers/page-helpers.ts:13:21)
        at /home/tbaltzakis/cloudless.gr/e2e/ui/pages/services.spec.ts:19:16

    attachment #1: screenshot (image/png) ──────────────────────────────────────────────────────────
    test-results/ui-pages-services-Services-4d71d-should-navigate-to-homepage-mobile-chrome/test-failed-1.png
    ────────────────────────────────────────────────────────────────────────────────────────────────

    attachment #2: video (video/webm) ──────────────────────────────────────────────────────────────
    test-results/ui-pages-services-Services-4d71d-should-navigate-to-homepage-mobile-chrome/video.webm
    ────────────────────────────────────────────────────────────────────────────────────────────────

    Error Context: test-results/ui-pages-services-Services-4d71d-should-navigate-to-homepage-mobile-chrome/error-context.md

    Retry #1 ───────────────────────────────────────────────────────────────────────────────────────

    Error: page.goto: net::ERR_CONNECTION_REFUSED at http://localhost:4000/services
    Call log:
      - navigating to "http://localhost:4000/services", waiting until "load"


       at helpers/page-helpers.ts:13

      11 |
      12 |   async navigate(path: string) {
    > 13 |     await this.page.goto(path);
         |                     ^
      14 |     await this.page.waitForLoadState("networkidle");
      15 |   }
      16 |
        at BasePage.navigate (/home/tbaltzakis/cloudless.gr/e2e/helpers/page-helpers.ts:13:21)
        at /home/tbaltzakis/cloudless.gr/e2e/ui/pages/services.spec.ts:19:16

    attachment #1: screenshot (image/png) ──────────────────────────────────────────────────────────
    test-results/ui-pages-services-Services-4d71d-should-navigate-to-homepage-mobile-chrome-retry1/test-failed-1.png
    ────────────────────────────────────────────────────────────────────────────────────────────────

    attachment #2: video (video/webm) ──────────────────────────────────────────────────────────────
    test-results/ui-pages-services-Services-4d71d-should-navigate-to-homepage-mobile-chrome-retry1/video.webm
    ────────────────────────────────────────────────────────────────────────────────────────────────

    Error Context: test-results/ui-pages-services-Services-4d71d-should-navigate-to-homepage-mobile-chrome-retry1/error-context.md

    attachment #4: trace (application/zip) ─────────────────────────────────────────────────────────
    test-results/ui-pages-services-Services-4d71d-should-navigate-to-homepage-mobile-chrome-retry1/trace.zip
    Usage:

        npx playwright show-trace test-results/ui-pages-services-Services-4d71d-should-navigate-to-homepage-mobile-chrome-retry1/trace.zip

    ────────────────────────────────────────────────────────────────────────────────────────────────

  2063) [mobile-chrome] › e2e/ui/pages/services.spec.ts:148:9 › Services Page › Navigation › should navigate to store 

    Error: page.goto: net::ERR_CONNECTION_REFUSED at http://localhost:4000/services
    Call log:
      - navigating to "http://localhost:4000/services", waiting until "load"


       at helpers/page-helpers.ts:13

      11 |
      12 |   async navigate(path: string) {
    > 13 |     await this.page.goto(path);
         |                     ^
      14 |     await this.page.waitForLoadState("networkidle");
      15 |   }
      16 |
        at BasePage.navigate (/home/tbaltzakis/cloudless.gr/e2e/helpers/page-helpers.ts:13:21)
        at /home/tbaltzakis/cloudless.gr/e2e/ui/pages/services.spec.ts:19:16

    attachment #1: screenshot (image/png) ──────────────────────────────────────────────────────────
    test-results/ui-pages-services-Services-a63b0-on-should-navigate-to-store-mobile-chrome/test-failed-1.png
    ────────────────────────────────────────────────────────────────────────────────────────────────

    attachment #2: video (video/webm) ──────────────────────────────────────────────────────────────
    test-results/ui-pages-services-Services-a63b0-on-should-navigate-to-store-mobile-chrome/video.webm
    ────────────────────────────────────────────────────────────────────────────────────────────────

    Error Context: test-results/ui-pages-services-Services-a63b0-on-should-navigate-to-store-mobile-chrome/error-context.md

    Retry #1 ───────────────────────────────────────────────────────────────────────────────────────

    Error: page.goto: net::ERR_CONNECTION_REFUSED at http://localhost:4000/services
    Call log:
      - navigating to "http://localhost:4000/services", waiting until "load"


       at helpers/page-helpers.ts:13

      11 |
      12 |   async navigate(path: string) {
    > 13 |     await this.page.goto(path);
         |                     ^
      14 |     await this.page.waitForLoadState("networkidle");
      15 |   }
      16 |
        at BasePage.navigate (/home/tbaltzakis/cloudless.gr/e2e/helpers/page-helpers.ts:13:21)
        at /home/tbaltzakis/cloudless.gr/e2e/ui/pages/services.spec.ts:19:16

    attachment #1: screenshot (image/png) ──────────────────────────────────────────────────────────
    test-results/ui-pages-services-Services-a63b0-on-should-navigate-to-store-mobile-chrome-retry1/test-failed-1.png
    ────────────────────────────────────────────────────────────────────────────────────────────────

    attachment #2: video (video/webm) ──────────────────────────────────────────────────────────────
    test-results/ui-pages-services-Services-a63b0-on-should-navigate-to-store-mobile-chrome-retry1/video.webm
    ────────────────────────────────────────────────────────────────────────────────────────────────

    Error Context: test-results/ui-pages-services-Services-a63b0-on-should-navigate-to-store-mobile-chrome-retry1/error-context.md

    attachment #4: trace (application/zip) ─────────────────────────────────────────────────────────
    test-results/ui-pages-services-Services-a63b0-on-should-navigate-to-store-mobile-chrome-retry1/trace.zip
    Usage:

        npx playwright show-trace test-results/ui-pages-services-Services-a63b0-on-should-navigate-to-store-mobile-chrome-retry1/trace.zip

    ────────────────────────────────────────────────────────────────────────────────────────────────

  2064) [mobile-chrome] › e2e/ui/pages/services.spec.ts:156:9 › Services Page › Navigation › should navigate to blog 

    Error: page.goto: net::ERR_CONNECTION_REFUSED at http://localhost:4000/services
    Call log:
      - navigating to "http://localhost:4000/services", waiting until "load"


       at helpers/page-helpers.ts:13

      11 |
      12 |   async navigate(path: string) {
    > 13 |     await this.page.goto(path);
         |                     ^
      14 |     await this.page.waitForLoadState("networkidle");
      15 |   }
      16 |
        at BasePage.navigate (/home/tbaltzakis/cloudless.gr/e2e/helpers/page-helpers.ts:13:21)
        at /home/tbaltzakis/cloudless.gr/e2e/ui/pages/services.spec.ts:19:16

    attachment #1: screenshot (image/png) ──────────────────────────────────────────────────────────
    test-results/ui-pages-services-Services-18539-ion-should-navigate-to-blog-mobile-chrome/test-failed-1.png
    ────────────────────────────────────────────────────────────────────────────────────────────────

    attachment #2: video (video/webm) ──────────────────────────────────────────────────────────────
    test-results/ui-pages-services-Services-18539-ion-should-navigate-to-blog-mobile-chrome/video.webm
    ────────────────────────────────────────────────────────────────────────────────────────────────

    Error Context: test-results/ui-pages-services-Services-18539-ion-should-navigate-to-blog-mobile-chrome/error-context.md

    Retry #1 ───────────────────────────────────────────────────────────────────────────────────────

    Error: page.goto: net::ERR_CONNECTION_REFUSED at http://localhost:4000/services
    Call log:
      - navigating to "http://localhost:4000/services", waiting until "load"


       at helpers/page-helpers.ts:13

      11 |
      12 |   async navigate(path: string) {
    > 13 |     await this.page.goto(path);
         |                     ^
      14 |     await this.page.waitForLoadState("networkidle");
      15 |   }
      16 |
        at BasePage.navigate (/home/tbaltzakis/cloudless.gr/e2e/helpers/page-helpers.ts:13:21)
        at /home/tbaltzakis/cloudless.gr/e2e/ui/pages/services.spec.ts:19:16

    attachment #1: screenshot (image/png) ──────────────────────────────────────────────────────────
    test-results/ui-pages-services-Services-18539-ion-should-navigate-to-blog-mobile-chrome-retry1/test-failed-1.png
    ────────────────────────────────────────────────────────────────────────────────────────────────

    attachment #2: video (video/webm) ──────────────────────────────────────────────────────────────
    test-results/ui-pages-services-Services-18539-ion-should-navigate-to-blog-mobile-chrome-retry1/video.webm
    ────────────────────────────────────────────────────────────────────────────────────────────────

    Error Context: test-results/ui-pages-services-Services-18539-ion-should-navigate-to-blog-mobile-chrome-retry1/error-context.md

    attachment #4: trace (application/zip) ─────────────────────────────────────────────────────────
    test-results/ui-pages-services-Services-18539-ion-should-navigate-to-blog-mobile-chrome-retry1/trace.zip
    Usage:

        npx playwright show-trace test-results/ui-pages-services-Services-18539-ion-should-navigate-to-blog-mobile-chrome-retry1/trace.zip

    ────────────────────────────────────────────────────────────────────────────────────────────────

  2065) [mobile-chrome] › e2e/ui/pages/services.spec.ts:164:9 › Services Page › Navigation › should navigate to contact 

    Error: page.goto: net::ERR_CONNECTION_REFUSED at http://localhost:4000/services
    Call log:
      - navigating to "http://localhost:4000/services", waiting until "load"


       at helpers/page-helpers.ts:13

      11 |
      12 |   async navigate(path: string) {
    > 13 |     await this.page.goto(path);
         |                     ^
      14 |     await this.page.waitForLoadState("networkidle");
      15 |   }
      16 |
        at BasePage.navigate (/home/tbaltzakis/cloudless.gr/e2e/helpers/page-helpers.ts:13:21)
        at /home/tbaltzakis/cloudless.gr/e2e/ui/pages/services.spec.ts:19:16

    attachment #1: screenshot (image/png) ──────────────────────────────────────────────────────────
    test-results/ui-pages-services-Services-4701a--should-navigate-to-contact-mobile-chrome/test-failed-1.png
    ────────────────────────────────────────────────────────────────────────────────────────────────

    attachment #2: video (video/webm) ──────────────────────────────────────────────────────────────
    test-results/ui-pages-services-Services-4701a--should-navigate-to-contact-mobile-chrome/video.webm
    ────────────────────────────────────────────────────────────────────────────────────────────────

    Error Context: test-results/ui-pages-services-Services-4701a--should-navigate-to-contact-mobile-chrome/error-context.md

    Retry #1 ───────────────────────────────────────────────────────────────────────────────────────

    Error: page.goto: net::ERR_CONNECTION_REFUSED at http://localhost:4000/services
    Call log:
      - navigating to "http://localhost:4000/services", waiting until "load"


       at helpers/page-helpers.ts:13

      11 |
      12 |   async navigate(path: string) {
    > 13 |     await this.page.goto(path);
         |                     ^
      14 |     await this.page.waitForLoadState("networkidle");
      15 |   }
      16 |
        at BasePage.navigate (/home/tbaltzakis/cloudless.gr/e2e/helpers/page-helpers.ts:13:21)
        at /home/tbaltzakis/cloudless.gr/e2e/ui/pages/services.spec.ts:19:16

    attachment #1: screenshot (image/png) ──────────────────────────────────────────────────────────
    test-results/ui-pages-services-Services-4701a--should-navigate-to-contact-mobile-chrome-retry1/test-failed-1.png
    ────────────────────────────────────────────────────────────────────────────────────────────────

    attachment #2: video (video/webm) ──────────────────────────────────────────────────────────────
    test-results/ui-pages-services-Services-4701a--should-navigate-to-contact-mobile-chrome-retry1/video.webm
    ────────────────────────────────────────────────────────────────────────────────────────────────

    Error Context: test-results/ui-pages-services-Services-4701a--should-navigate-to-contact-mobile-chrome-retry1/error-context.md

    attachment #4: trace (application/zip) ─────────────────────────────────────────────────────────
    test-results/ui-pages-services-Services-4701a--should-navigate-to-contact-mobile-chrome-retry1/trace.zip
    Usage:

        npx playwright show-trace test-results/ui-pages-services-Services-4701a--should-navigate-to-contact-mobile-chrome-retry1/trace.zip

    ────────────────────────────────────────────────────────────────────────────────────────────────

  2066) [mobile-chrome] › e2e/ui/pages/services.spec.ts:174:9 › Services Page › Accessibility › should have proper language attribute 

    Error: page.goto: net::ERR_CONNECTION_REFUSED at http://localhost:4000/services
    Call log:
      - navigating to "http://localhost:4000/services", waiting until "load"


       at helpers/page-helpers.ts:13

      11 |
      12 |   async navigate(path: string) {
    > 13 |     await this.page.goto(path);
         |                     ^
      14 |     await this.page.waitForLoadState("networkidle");
      15 |   }
      16 |
        at BasePage.navigate (/home/tbaltzakis/cloudless.gr/e2e/helpers/page-helpers.ts:13:21)
        at /home/tbaltzakis/cloudless.gr/e2e/ui/pages/services.spec.ts:19:16

    attachment #1: screenshot (image/png) ──────────────────────────────────────────────────────────
    test-results/ui-pages-services-Services-227b7-e-proper-language-attribute-mobile-chrome/test-failed-1.png
    ────────────────────────────────────────────────────────────────────────────────────────────────

    attachment #2: video (video/webm) ──────────────────────────────────────────────────────────────
    test-results/ui-pages-services-Services-227b7-e-proper-language-attribute-mobile-chrome/video.webm
    ────────────────────────────────────────────────────────────────────────────────────────────────

    Error Context: test-results/ui-pages-services-Services-227b7-e-proper-language-attribute-mobile-chrome/error-context.md

    Retry #1 ───────────────────────────────────────────────────────────────────────────────────────

    Error: page.goto: net::ERR_CONNECTION_REFUSED at http://localhost:4000/services
    Call log:
      - navigating to "http://localhost:4000/services", waiting until "load"


       at helpers/page-helpers.ts:13

      11 |
      12 |   async navigate(path: string) {
    > 13 |     await this.page.goto(path);
         |                     ^
      14 |     await this.page.waitForLoadState("networkidle");
      15 |   }
      16 |
        at BasePage.navigate (/home/tbaltzakis/cloudless.gr/e2e/helpers/page-helpers.ts:13:21)
        at /home/tbaltzakis/cloudless.gr/e2e/ui/pages/services.spec.ts:19:16

    attachment #1: screenshot (image/png) ──────────────────────────────────────────────────────────
    test-results/ui-pages-services-Services-227b7-e-proper-language-attribute-mobile-chrome-retry1/test-failed-1.png
    ────────────────────────────────────────────────────────────────────────────────────────────────

    attachment #2: video (video/webm) ──────────────────────────────────────────────────────────────
    test-results/ui-pages-services-Services-227b7-e-proper-language-attribute-mobile-chrome-retry1/video.webm
    ────────────────────────────────────────────────────────────────────────────────────────────────

    Error Context: test-results/ui-pages-services-Services-227b7-e-proper-language-attribute-mobile-chrome-retry1/error-context.md

    attachment #4: trace (application/zip) ─────────────────────────────────────────────────────────
    test-results/ui-pages-services-Services-227b7-e-proper-language-attribute-mobile-chrome-retry1/trace.zip
    Usage:

        npx playwright show-trace test-results/ui-pages-services-Services-227b7-e-proper-language-attribute-mobile-chrome-retry1/trace.zip

    ────────────────────────────────────────────────────────────────────────────────────────────────

  2067) [mobile-chrome] › e2e/ui/pages/services.spec.ts:180:9 › Services Page › Accessibility › should have proper heading structure 

    Error: page.goto: net::ERR_CONNECTION_REFUSED at http://localhost:4000/services
    Call log:
      - navigating to "http://localhost:4000/services", waiting until "load"


       at helpers/page-helpers.ts:13

      11 |
      12 |   async navigate(path: string) {
    > 13 |     await this.page.goto(path);
         |                     ^
      14 |     await this.page.waitForLoadState("networkidle");
      15 |   }
      16 |
        at BasePage.navigate (/home/tbaltzakis/cloudless.gr/e2e/helpers/page-helpers.ts:13:21)
        at /home/tbaltzakis/cloudless.gr/e2e/ui/pages/services.spec.ts:19:16

    attachment #1: screenshot (image/png) ──────────────────────────────────────────────────────────
    test-results/ui-pages-services-Services-ef6b2-ve-proper-heading-structure-mobile-chrome/test-failed-1.png
    ────────────────────────────────────────────────────────────────────────────────────────────────

    attachment #2: video (video/webm) ──────────────────────────────────────────────────────────────
    test-results/ui-pages-services-Services-ef6b2-ve-proper-heading-structure-mobile-chrome/video.webm
    ────────────────────────────────────────────────────────────────────────────────────────────────

    Error Context: test-results/ui-pages-services-Services-ef6b2-ve-proper-heading-structure-mobile-chrome/error-context.md

    Retry #1 ───────────────────────────────────────────────────────────────────────────────────────

    Error: page.goto: net::ERR_CONNECTION_REFUSED at http://localhost:4000/services
    Call log:
      - navigating to "http://localhost:4000/services", waiting until "load"


       at helpers/page-helpers.ts:13

      11 |
      12 |   async navigate(path: string) {
    > 13 |     await this.page.goto(path);
         |                     ^
      14 |     await this.page.waitForLoadState("networkidle");
      15 |   }
      16 |
        at BasePage.navigate (/home/tbaltzakis/cloudless.gr/e2e/helpers/page-helpers.ts:13:21)
        at /home/tbaltzakis/cloudless.gr/e2e/ui/pages/services.spec.ts:19:16

    attachment #1: screenshot (image/png) ──────────────────────────────────────────────────────────
    test-results/ui-pages-services-Services-ef6b2-ve-proper-heading-structure-mobile-chrome-retry1/test-failed-1.png
    ────────────────────────────────────────────────────────────────────────────────────────────────

    attachment #2: video (video/webm) ──────────────────────────────────────────────────────────────
    test-results/ui-pages-services-Services-ef6b2-ve-proper-heading-structure-mobile-chrome-retry1/video.webm
    ────────────────────────────────────────────────────────────────────────────────────────────────

    Error Context: test-results/ui-pages-services-Services-ef6b2-ve-proper-heading-structure-mobile-chrome-retry1/error-context.md

    attachment #4: trace (application/zip) ─────────────────────────────────────────────────────────
    test-results/ui-pages-services-Services-ef6b2-ve-proper-heading-structure-mobile-chrome-retry1/trace.zip
    Usage:

        npx playwright show-trace test-results/ui-pages-services-Services-ef6b2-ve-proper-heading-structure-mobile-chrome-retry1/trace.zip

    ────────────────────────────────────────────────────────────────────────────────────────────────

  2068) [mobile-chrome] › e2e/ui/pages/services.spec.ts:198:9 › Services Page › Accessibility › should have accessible buttons and links 

    Error: page.goto: net::ERR_CONNECTION_REFUSED at http://localhost:4000/services
    Call log:
      - navigating to "http://localhost:4000/services", waiting until "load"


       at helpers/page-helpers.ts:13

      11 |
      12 |   async navigate(path: string) {
    > 13 |     await this.page.goto(path);
         |                     ^
      14 |     await this.page.waitForLoadState("networkidle");
      15 |   }
      16 |
        at BasePage.navigate (/home/tbaltzakis/cloudless.gr/e2e/helpers/page-helpers.ts:13:21)
        at /home/tbaltzakis/cloudless.gr/e2e/ui/pages/services.spec.ts:19:16

    attachment #1: screenshot (image/png) ──────────────────────────────────────────────────────────
    test-results/ui-pages-services-Services-a50fa-ccessible-buttons-and-links-mobile-chrome/test-failed-1.png
    ────────────────────────────────────────────────────────────────────────────────────────────────

    attachment #2: video (video/webm) ──────────────────────────────────────────────────────────────
    test-results/ui-pages-services-Services-a50fa-ccessible-buttons-and-links-mobile-chrome/video.webm
    ────────────────────────────────────────────────────────────────────────────────────────────────

    Error Context: test-results/ui-pages-services-Services-a50fa-ccessible-buttons-and-links-mobile-chrome/error-context.md

    Retry #1 ───────────────────────────────────────────────────────────────────────────────────────

    Error: page.goto: net::ERR_CONNECTION_REFUSED at http://localhost:4000/services
    Call log:
      - navigating to "http://localhost:4000/services", waiting until "load"


       at helpers/page-helpers.ts:13

      11 |
      12 |   async navigate(path: string) {
    > 13 |     await this.page.goto(path);
         |                     ^
      14 |     await this.page.waitForLoadState("networkidle");
      15 |   }
      16 |
        at BasePage.navigate (/home/tbaltzakis/cloudless.gr/e2e/helpers/page-helpers.ts:13:21)
        at /home/tbaltzakis/cloudless.gr/e2e/ui/pages/services.spec.ts:19:16

    attachment #1: screenshot (image/png) ──────────────────────────────────────────────────────────
    test-results/ui-pages-services-Services-a50fa-ccessible-buttons-and-links-mobile-chrome-retry1/test-failed-1.png
    ────────────────────────────────────────────────────────────────────────────────────────────────

    attachment #2: video (video/webm) ──────────────────────────────────────────────────────────────
    test-results/ui-pages-services-Services-a50fa-ccessible-buttons-and-links-mobile-chrome-retry1/video.webm
    ────────────────────────────────────────────────────────────────────────────────────────────────

    Error Context: test-results/ui-pages-services-Services-a50fa-ccessible-buttons-and-links-mobile-chrome-retry1/error-context.md

    attachment #4: trace (application/zip) ─────────────────────────────────────────────────────────
    test-results/ui-pages-services-Services-a50fa-ccessible-buttons-and-links-mobile-chrome-retry1/trace.zip
    Usage:

        npx playwright show-trace test-results/ui-pages-services-Services-a50fa-ccessible-buttons-and-links-mobile-chrome-retry1/trace.zip

    ────────────────────────────────────────────────────────────────────────────────────────────────

  2069) [mobile-chrome] › e2e/ui/pages/services.spec.ts:220:9 › Services Page › Performance › should load within reasonable time 

    Error: page.goto: net::ERR_CONNECTION_REFUSED at http://localhost:4000/services
    Call log:
      - navigating to "http://localhost:4000/services", waiting until "load"


       at helpers/page-helpers.ts:13

      11 |
      12 |   async navigate(path: string) {
    > 13 |     await this.page.goto(path);
         |                     ^
      14 |     await this.page.waitForLoadState("networkidle");
      15 |   }
      16 |
        at BasePage.navigate (/home/tbaltzakis/cloudless.gr/e2e/helpers/page-helpers.ts:13:21)
        at /home/tbaltzakis/cloudless.gr/e2e/ui/pages/services.spec.ts:19:16

    attachment #1: screenshot (image/png) ──────────────────────────────────────────────────────────
    test-results/ui-pages-services-Services-da850-load-within-reasonable-time-mobile-chrome/test-failed-1.png
    ────────────────────────────────────────────────────────────────────────────────────────────────

    attachment #2: video (video/webm) ──────────────────────────────────────────────────────────────
    test-results/ui-pages-services-Services-da850-load-within-reasonable-time-mobile-chrome/video.webm
    ────────────────────────────────────────────────────────────────────────────────────────────────

    Error Context: test-results/ui-pages-services-Services-da850-load-within-reasonable-time-mobile-chrome/error-context.md

    Retry #1 ───────────────────────────────────────────────────────────────────────────────────────

    Error: page.goto: net::ERR_CONNECTION_REFUSED at http://localhost:4000/services
    Call log:
      - navigating to "http://localhost:4000/services", waiting until "load"


       at helpers/page-helpers.ts:13

      11 |
      12 |   async navigate(path: string) {
    > 13 |     await this.page.goto(path);
         |                     ^
      14 |     await this.page.waitForLoadState("networkidle");
      15 |   }
      16 |
        at BasePage.navigate (/home/tbaltzakis/cloudless.gr/e2e/helpers/page-helpers.ts:13:21)
        at /home/tbaltzakis/cloudless.gr/e2e/ui/pages/services.spec.ts:19:16

    attachment #1: screenshot (image/png) ──────────────────────────────────────────────────────────
    test-results/ui-pages-services-Services-da850-load-within-reasonable-time-mobile-chrome-retry1/test-failed-1.png
    ────────────────────────────────────────────────────────────────────────────────────────────────

    attachment #2: video (video/webm) ──────────────────────────────────────────────────────────────
    test-results/ui-pages-services-Services-da850-load-within-reasonable-time-mobile-chrome-retry1/video.webm
    ────────────────────────────────────────────────────────────────────────────────────────────────

    Error Context: test-results/ui-pages-services-Services-da850-load-within-reasonable-time-mobile-chrome-retry1/error-context.md

    attachment #4: trace (application/zip) ─────────────────────────────────────────────────────────
    test-results/ui-pages-services-Services-da850-load-within-reasonable-time-mobile-chrome-retry1/trace.zip
    Usage:

        npx playwright show-trace test-results/ui-pages-services-Services-da850-load-within-reasonable-time-mobile-chrome-retry1/trace.zip

    ────────────────────────────────────────────────────────────────────────────────────────────────

  2070) [mobile-chrome] › e2e/ui/pages/store.spec.ts:22:7 › Store Page › should load successfully ──

    Error: page.goto: net::ERR_CONNECTION_REFUSED at http://localhost:4000/store
    Call log:
      - navigating to "http://localhost:4000/store", waiting until "load"


       at helpers/page-helpers.ts:13

      11 |
      12 |   async navigate(path: string) {
    > 13 |     await this.page.goto(path);
         |                     ^
      14 |     await this.page.waitForLoadState("networkidle");
      15 |   }
      16 |
        at BasePage.navigate (/home/tbaltzakis/cloudless.gr/e2e/helpers/page-helpers.ts:13:21)
        at /home/tbaltzakis/cloudless.gr/e2e/ui/pages/store.spec.ts:19:16

    attachment #1: screenshot (image/png) ──────────────────────────────────────────────────────────
    test-results/ui-pages-store-Store-Page-should-load-successfully-mobile-chrome/test-failed-1.png
    ────────────────────────────────────────────────────────────────────────────────────────────────

    attachment #2: video (video/webm) ──────────────────────────────────────────────────────────────
    test-results/ui-pages-store-Store-Page-should-load-successfully-mobile-chrome/video.webm
    ────────────────────────────────────────────────────────────────────────────────────────────────

    Error Context: test-results/ui-pages-store-Store-Page-should-load-successfully-mobile-chrome/error-context.md

    Retry #1 ───────────────────────────────────────────────────────────────────────────────────────

    Error: page.goto: net::ERR_CONNECTION_REFUSED at http://localhost:4000/store
    Call log:
      - navigating to "http://localhost:4000/store", waiting until "load"


       at helpers/page-helpers.ts:13

      11 |
      12 |   async navigate(path: string) {
    > 13 |     await this.page.goto(path);
         |                     ^
      14 |     await this.page.waitForLoadState("networkidle");
      15 |   }
      16 |
        at BasePage.navigate (/home/tbaltzakis/cloudless.gr/e2e/helpers/page-helpers.ts:13:21)
        at /home/tbaltzakis/cloudless.gr/e2e/ui/pages/store.spec.ts:19:16

    attachment #1: screenshot (image/png) ──────────────────────────────────────────────────────────
    test-results/ui-pages-store-Store-Page-should-load-successfully-mobile-chrome-retry1/test-failed-1.png
    ────────────────────────────────────────────────────────────────────────────────────────────────

    attachment #2: video (video/webm) ──────────────────────────────────────────────────────────────
    test-results/ui-pages-store-Store-Page-should-load-successfully-mobile-chrome-retry1/video.webm
    ────────────────────────────────────────────────────────────────────────────────────────────────

    Error Context: test-results/ui-pages-store-Store-Page-should-load-successfully-mobile-chrome-retry1/error-context.md

    attachment #4: trace (application/zip) ─────────────────────────────────────────────────────────
    test-results/ui-pages-store-Store-Page-should-load-successfully-mobile-chrome-retry1/trace.zip
    Usage:

        npx playwright show-trace test-results/ui-pages-store-Store-Page-should-load-successfully-mobile-chrome-retry1/trace.zip

    ────────────────────────────────────────────────────────────────────────────────────────────────

  2071) [mobile-chrome] › e2e/ui/pages/store.spec.ts:30:7 › Store Page › should have products grid or list 

    Error: page.goto: net::ERR_CONNECTION_REFUSED at http://localhost:4000/store
    Call log:
      - navigating to "http://localhost:4000/store", waiting until "load"


       at helpers/page-helpers.ts:13

      11 |
      12 |   async navigate(path: string) {
    > 13 |     await this.page.goto(path);
         |                     ^
      14 |     await this.page.waitForLoadState("networkidle");
      15 |   }
      16 |
        at BasePage.navigate (/home/tbaltzakis/cloudless.gr/e2e/helpers/page-helpers.ts:13:21)
        at /home/tbaltzakis/cloudless.gr/e2e/ui/pages/store.spec.ts:19:16

    attachment #1: screenshot (image/png) ──────────────────────────────────────────────────────────
    test-results/ui-pages-store-Store-Page-should-have-products-grid-or-list-mobile-chrome/test-failed-1.png
    ────────────────────────────────────────────────────────────────────────────────────────────────

    attachment #2: video (video/webm) ──────────────────────────────────────────────────────────────
    test-results/ui-pages-store-Store-Page-should-have-products-grid-or-list-mobile-chrome/video.webm
    ────────────────────────────────────────────────────────────────────────────────────────────────

    Error Context: test-results/ui-pages-store-Store-Page-should-have-products-grid-or-list-mobile-chrome/error-context.md

    Retry #1 ───────────────────────────────────────────────────────────────────────────────────────

    Error: page.goto: net::ERR_CONNECTION_REFUSED at http://localhost:4000/store
    Call log:
      - navigating to "http://localhost:4000/store", waiting until "load"


       at helpers/page-helpers.ts:13

      11 |
      12 |   async navigate(path: string) {
    > 13 |     await this.page.goto(path);
         |                     ^
      14 |     await this.page.waitForLoadState("networkidle");
      15 |   }
      16 |
        at BasePage.navigate (/home/tbaltzakis/cloudless.gr/e2e/helpers/page-helpers.ts:13:21)
        at /home/tbaltzakis/cloudless.gr/e2e/ui/pages/store.spec.ts:19:16

    attachment #1: screenshot (image/png) ──────────────────────────────────────────────────────────
    test-results/ui-pages-store-Store-Page-should-have-products-grid-or-list-mobile-chrome-retry1/test-failed-1.png
    ────────────────────────────────────────────────────────────────────────────────────────────────

    attachment #2: video (video/webm) ──────────────────────────────────────────────────────────────
    test-results/ui-pages-store-Store-Page-should-have-products-grid-or-list-mobile-chrome-retry1/video.webm
    ────────────────────────────────────────────────────────────────────────────────────────────────

    Error Context: test-results/ui-pages-store-Store-Page-should-have-products-grid-or-list-mobile-chrome-retry1/error-context.md

    attachment #4: trace (application/zip) ─────────────────────────────────────────────────────────
    test-results/ui-pages-store-Store-Page-should-have-products-grid-or-list-mobile-chrome-retry1/trace.zip
    Usage:

        npx playwright show-trace test-results/ui-pages-store-Store-Page-should-have-products-grid-or-list-mobile-chrome-retry1/trace.zip

    ────────────────────────────────────────────────────────────────────────────────────────────────

  2072) [mobile-chrome] › e2e/ui/pages/store.spec.ts:61:7 › Store Page › should have product categories or filters 

    Error: page.goto: net::ERR_CONNECTION_REFUSED at http://localhost:4000/store
    Call log:
      - navigating to "http://localhost:4000/store", waiting until "load"


       at helpers/page-helpers.ts:13

      11 |
      12 |   async navigate(path: string) {
    > 13 |     await this.page.goto(path);
         |                     ^
      14 |     await this.page.waitForLoadState("networkidle");
      15 |   }
      16 |
        at BasePage.navigate (/home/tbaltzakis/cloudless.gr/e2e/helpers/page-helpers.ts:13:21)
        at /home/tbaltzakis/cloudless.gr/e2e/ui/pages/store.spec.ts:19:16

    attachment #1: screenshot (image/png) ──────────────────────────────────────────────────────────
    test-results/ui-pages-store-Store-Page--c4630-oduct-categories-or-filters-mobile-chrome/test-failed-1.png
    ────────────────────────────────────────────────────────────────────────────────────────────────

    attachment #2: video (video/webm) ──────────────────────────────────────────────────────────────
    test-results/ui-pages-store-Store-Page--c4630-oduct-categories-or-filters-mobile-chrome/video.webm
    ────────────────────────────────────────────────────────────────────────────────────────────────

    Error Context: test-results/ui-pages-store-Store-Page--c4630-oduct-categories-or-filters-mobile-chrome/error-context.md

    Retry #1 ───────────────────────────────────────────────────────────────────────────────────────

    Error: page.goto: net::ERR_CONNECTION_REFUSED at http://localhost:4000/store
    Call log:
      - navigating to "http://localhost:4000/store", waiting until "load"


       at helpers/page-helpers.ts:13

      11 |
      12 |   async navigate(path: string) {
    > 13 |     await this.page.goto(path);
         |                     ^
      14 |     await this.page.waitForLoadState("networkidle");
      15 |   }
      16 |
        at BasePage.navigate (/home/tbaltzakis/cloudless.gr/e2e/helpers/page-helpers.ts:13:21)
        at /home/tbaltzakis/cloudless.gr/e2e/ui/pages/store.spec.ts:19:16

    attachment #1: screenshot (image/png) ──────────────────────────────────────────────────────────
    test-results/ui-pages-store-Store-Page--c4630-oduct-categories-or-filters-mobile-chrome-retry1/test-failed-1.png
    ────────────────────────────────────────────────────────────────────────────────────────────────

    attachment #2: video (video/webm) ──────────────────────────────────────────────────────────────
    test-results/ui-pages-store-Store-Page--c4630-oduct-categories-or-filters-mobile-chrome-retry1/video.webm
    ────────────────────────────────────────────────────────────────────────────────────────────────

    Error Context: test-results/ui-pages-store-Store-Page--c4630-oduct-categories-or-filters-mobile-chrome-retry1/error-context.md

    attachment #4: trace (application/zip) ─────────────────────────────────────────────────────────
    test-results/ui-pages-store-Store-Page--c4630-oduct-categories-or-filters-mobile-chrome-retry1/trace.zip
    Usage:

        npx playwright show-trace test-results/ui-pages-store-Store-Page--c4630-oduct-categories-or-filters-mobile-chrome-retry1/trace.zip

    ────────────────────────────────────────────────────────────────────────────────────────────────

  2073) [mobile-chrome] › e2e/ui/pages/store.spec.ts:71:7 › Store Page › should have shopping cart indicator 

    Error: page.goto: net::ERR_CONNECTION_REFUSED at http://localhost:4000/store
    Call log:
      - navigating to "http://localhost:4000/store", waiting until "load"


       at helpers/page-helpers.ts:13

      11 |
      12 |   async navigate(path: string) {
    > 13 |     await this.page.goto(path);
         |                     ^
      14 |     await this.page.waitForLoadState("networkidle");
      15 |   }
      16 |
        at BasePage.navigate (/home/tbaltzakis/cloudless.gr/e2e/helpers/page-helpers.ts:13:21)
        at /home/tbaltzakis/cloudless.gr/e2e/ui/pages/store.spec.ts:19:16

    attachment #1: screenshot (image/png) ──────────────────────────────────────────────────────────
    test-results/ui-pages-store-Store-Page--008d2-ave-shopping-cart-indicator-mobile-chrome/test-failed-1.png
    ────────────────────────────────────────────────────────────────────────────────────────────────

    attachment #2: video (video/webm) ──────────────────────────────────────────────────────────────
    test-results/ui-pages-store-Store-Page--008d2-ave-shopping-cart-indicator-mobile-chrome/video.webm
    ────────────────────────────────────────────────────────────────────────────────────────────────

    Error Context: test-results/ui-pages-store-Store-Page--008d2-ave-shopping-cart-indicator-mobile-chrome/error-context.md

    Retry #1 ───────────────────────────────────────────────────────────────────────────────────────

    Error: page.goto: net::ERR_CONNECTION_REFUSED at http://localhost:4000/store
    Call log:
      - navigating to "http://localhost:4000/store", waiting until "load"


       at helpers/page-helpers.ts:13

      11 |
      12 |   async navigate(path: string) {
    > 13 |     await this.page.goto(path);
         |                     ^
      14 |     await this.page.waitForLoadState("networkidle");
      15 |   }
      16 |
        at BasePage.navigate (/home/tbaltzakis/cloudless.gr/e2e/helpers/page-helpers.ts:13:21)
        at /home/tbaltzakis/cloudless.gr/e2e/ui/pages/store.spec.ts:19:16

    attachment #1: screenshot (image/png) ──────────────────────────────────────────────────────────
    test-results/ui-pages-store-Store-Page--008d2-ave-shopping-cart-indicator-mobile-chrome-retry1/test-failed-1.png
    ────────────────────────────────────────────────────────────────────────────────────────────────

    attachment #2: video (video/webm) ──────────────────────────────────────────────────────────────
    test-results/ui-pages-store-Store-Page--008d2-ave-shopping-cart-indicator-mobile-chrome-retry1/video.webm
    ────────────────────────────────────────────────────────────────────────────────────────────────

    Error Context: test-results/ui-pages-store-Store-Page--008d2-ave-shopping-cart-indicator-mobile-chrome-retry1/error-context.md

    attachment #4: trace (application/zip) ─────────────────────────────────────────────────────────
    test-results/ui-pages-store-Store-Page--008d2-ave-shopping-cart-indicator-mobile-chrome-retry1/trace.zip
    Usage:

        npx playwright show-trace test-results/ui-pages-store-Store-Page--008d2-ave-shopping-cart-indicator-mobile-chrome-retry1/trace.zip

    ────────────────────────────────────────────────────────────────────────────────────────────────

  2074) [mobile-chrome] › e2e/ui/pages/store.spec.ts:80:7 › Store Page › should have call-to-action for featured products 

    Error: page.goto: net::ERR_CONNECTION_REFUSED at http://localhost:4000/store
    Call log:
      - navigating to "http://localhost:4000/store", waiting until "load"


       at helpers/page-helpers.ts:13

      11 |
      12 |   async navigate(path: string) {
    > 13 |     await this.page.goto(path);
         |                     ^
      14 |     await this.page.waitForLoadState("networkidle");
      15 |   }
      16 |
        at BasePage.navigate (/home/tbaltzakis/cloudless.gr/e2e/helpers/page-helpers.ts:13:21)
        at /home/tbaltzakis/cloudless.gr/e2e/ui/pages/store.spec.ts:19:16

    attachment #1: screenshot (image/png) ──────────────────────────────────────────────────────────
    test-results/ui-pages-store-Store-Page--bedbe-ction-for-featured-products-mobile-chrome/test-failed-1.png
    ────────────────────────────────────────────────────────────────────────────────────────────────

    attachment #2: video (video/webm) ──────────────────────────────────────────────────────────────
    test-results/ui-pages-store-Store-Page--bedbe-ction-for-featured-products-mobile-chrome/video.webm
    ────────────────────────────────────────────────────────────────────────────────────────────────

    Error Context: test-results/ui-pages-store-Store-Page--bedbe-ction-for-featured-products-mobile-chrome/error-context.md

    Retry #1 ───────────────────────────────────────────────────────────────────────────────────────

    Error: page.goto: net::ERR_CONNECTION_REFUSED at http://localhost:4000/store
    Call log:
      - navigating to "http://localhost:4000/store", waiting until "load"


       at helpers/page-helpers.ts:13

      11 |
      12 |   async navigate(path: string) {
    > 13 |     await this.page.goto(path);
         |                     ^
      14 |     await this.page.waitForLoadState("networkidle");
      15 |   }
      16 |
        at BasePage.navigate (/home/tbaltzakis/cloudless.gr/e2e/helpers/page-helpers.ts:13:21)
        at /home/tbaltzakis/cloudless.gr/e2e/ui/pages/store.spec.ts:19:16

    attachment #1: screenshot (image/png) ──────────────────────────────────────────────────────────
    test-results/ui-pages-store-Store-Page--bedbe-ction-for-featured-products-mobile-chrome-retry1/test-failed-1.png
    ────────────────────────────────────────────────────────────────────────────────────────────────

    attachment #2: video (video/webm) ──────────────────────────────────────────────────────────────
    test-results/ui-pages-store-Store-Page--bedbe-ction-for-featured-products-mobile-chrome-retry1/video.webm
    ────────────────────────────────────────────────────────────────────────────────────────────────

    Error Context: test-results/ui-pages-store-Store-Page--bedbe-ction-for-featured-products-mobile-chrome-retry1/error-context.md

    attachment #4: trace (application/zip) ─────────────────────────────────────────────────────────
    test-results/ui-pages-store-Store-Page--bedbe-ction-for-featured-products-mobile-chrome-retry1/trace.zip
    Usage:

        npx playwright show-trace test-results/ui-pages-store-Store-Page--bedbe-ction-for-featured-products-mobile-chrome-retry1/trace.zip

    ────────────────────────────────────────────────────────────────────────────────────────────────

  2075) [mobile-chrome] › e2e/ui/pages/store.spec.ts:96:9 › Store Page › Authentication › should show login prompt for cart actions when not authenticated 

    Error: page.goto: net::ERR_CONNECTION_REFUSED at http://localhost:4000/store
    Call log:
      - navigating to "http://localhost:4000/store", waiting until "load"


       at helpers/page-helpers.ts:13

      11 |
      12 |   async navigate(path: string) {
    > 13 |     await this.page.goto(path);
         |                     ^
      14 |     await this.page.waitForLoadState("networkidle");
      15 |   }
      16 |
        at BasePage.navigate (/home/tbaltzakis/cloudless.gr/e2e/helpers/page-helpers.ts:13:21)
        at /home/tbaltzakis/cloudless.gr/e2e/ui/pages/store.spec.ts:19:16

    attachment #1: screenshot (image/png) ──────────────────────────────────────────────────────────
    test-results/ui-pages-store-Store-Page--25010-ions-when-not-authenticated-mobile-chrome/test-failed-1.png
    ────────────────────────────────────────────────────────────────────────────────────────────────

    attachment #2: video (video/webm) ──────────────────────────────────────────────────────────────
    test-results/ui-pages-store-Store-Page--25010-ions-when-not-authenticated-mobile-chrome/video.webm
    ────────────────────────────────────────────────────────────────────────────────────────────────

    Error Context: test-results/ui-pages-store-Store-Page--25010-ions-when-not-authenticated-mobile-chrome/error-context.md

    Retry #1 ───────────────────────────────────────────────────────────────────────────────────────

    Error: page.goto: net::ERR_CONNECTION_REFUSED at http://localhost:4000/store
    Call log:
      - navigating to "http://localhost:4000/store", waiting until "load"


       at helpers/page-helpers.ts:13

      11 |
      12 |   async navigate(path: string) {
    > 13 |     await this.page.goto(path);
         |                     ^
      14 |     await this.page.waitForLoadState("networkidle");
      15 |   }
      16 |
        at BasePage.navigate (/home/tbaltzakis/cloudless.gr/e2e/helpers/page-helpers.ts:13:21)
        at /home/tbaltzakis/cloudless.gr/e2e/ui/pages/store.spec.ts:19:16

    attachment #1: screenshot (image/png) ──────────────────────────────────────────────────────────
    test-results/ui-pages-store-Store-Page--25010-ions-when-not-authenticated-mobile-chrome-retry1/test-failed-1.png
    ────────────────────────────────────────────────────────────────────────────────────────────────

    attachment #2: video (video/webm) ──────────────────────────────────────────────────────────────
    test-results/ui-pages-store-Store-Page--25010-ions-when-not-authenticated-mobile-chrome-retry1/video.webm
    ────────────────────────────────────────────────────────────────────────────────────────────────

    Error Context: test-results/ui-pages-store-Store-Page--25010-ions-when-not-authenticated-mobile-chrome-retry1/error-context.md

    attachment #4: trace (application/zip) ─────────────────────────────────────────────────────────
    test-results/ui-pages-store-Store-Page--25010-ions-when-not-authenticated-mobile-chrome-retry1/trace.zip
    Usage:

        npx playwright show-trace test-results/ui-pages-store-Store-Page--25010-ions-when-not-authenticated-mobile-chrome-retry1/trace.zip

    ────────────────────────────────────────────────────────────────────────────────────────────────

  2076) [mobile-chrome] › e2e/ui/pages/store.spec.ts:113:9 › Store Page › Authentication › should allow authenticated users to add to cart 

    Error: page.goto: net::ERR_CONNECTION_REFUSED at http://localhost:4000/store
    Call log:
      - navigating to "http://localhost:4000/store", waiting until "load"


       at helpers/page-helpers.ts:13

      11 |
      12 |   async navigate(path: string) {
    > 13 |     await this.page.goto(path);
         |                     ^
      14 |     await this.page.waitForLoadState("networkidle");
      15 |   }
      16 |
        at BasePage.navigate (/home/tbaltzakis/cloudless.gr/e2e/helpers/page-helpers.ts:13:21)
        at /home/tbaltzakis/cloudless.gr/e2e/ui/pages/store.spec.ts:19:16

    attachment #1: screenshot (image/png) ──────────────────────────────────────────────────────────
    test-results/ui-pages-store-Store-Page--de8a1-icated-users-to-add-to-cart-mobile-chrome/test-failed-1.png
    ────────────────────────────────────────────────────────────────────────────────────────────────

    attachment #2: video (video/webm) ──────────────────────────────────────────────────────────────
    test-results/ui-pages-store-Store-Page--de8a1-icated-users-to-add-to-cart-mobile-chrome/video.webm
    ────────────────────────────────────────────────────────────────────────────────────────────────

    Error Context: test-results/ui-pages-store-Store-Page--de8a1-icated-users-to-add-to-cart-mobile-chrome/error-context.md

    Retry #1 ───────────────────────────────────────────────────────────────────────────────────────

    Error: page.goto: net::ERR_CONNECTION_REFUSED at http://localhost:4000/store
    Call log:
      - navigating to "http://localhost:4000/store", waiting until "load"


       at helpers/page-helpers.ts:13

      11 |
      12 |   async navigate(path: string) {
    > 13 |     await this.page.goto(path);
         |                     ^
      14 |     await this.page.waitForLoadState("networkidle");
      15 |   }
      16 |
        at BasePage.navigate (/home/tbaltzakis/cloudless.gr/e2e/helpers/page-helpers.ts:13:21)
        at /home/tbaltzakis/cloudless.gr/e2e/ui/pages/store.spec.ts:19:16

    attachment #1: screenshot (image/png) ──────────────────────────────────────────────────────────
    test-results/ui-pages-store-Store-Page--de8a1-icated-users-to-add-to-cart-mobile-chrome-retry1/test-failed-1.png
    ────────────────────────────────────────────────────────────────────────────────────────────────

    attachment #2: video (video/webm) ──────────────────────────────────────────────────────────────
    test-results/ui-pages-store-Store-Page--de8a1-icated-users-to-add-to-cart-mobile-chrome-retry1/video.webm
    ────────────────────────────────────────────────────────────────────────────────────────────────

    Error Context: test-results/ui-pages-store-Store-Page--de8a1-icated-users-to-add-to-cart-mobile-chrome-retry1/error-context.md

    attachment #4: trace (application/zip) ─────────────────────────────────────────────────────────
    test-results/ui-pages-store-Store-Page--de8a1-icated-users-to-add-to-cart-mobile-chrome-retry1/trace.zip
    Usage:

        npx playwright show-trace test-results/ui-pages-store-Store-Page--de8a1-icated-users-to-add-to-cart-mobile-chrome-retry1/trace.zip

    ────────────────────────────────────────────────────────────────────────────────────────────────

  2077) [mobile-chrome] › e2e/ui/pages/store.spec.ts:142:9 › Store Page › Responsive Design › should render correctly on mobile 

    Error: page.goto: net::ERR_CONNECTION_REFUSED at http://localhost:4000/store
    Call log:
      - navigating to "http://localhost:4000/store", waiting until "load"


       at helpers/page-helpers.ts:13

      11 |
      12 |   async navigate(path: string) {
    > 13 |     await this.page.goto(path);
         |                     ^
      14 |     await this.page.waitForLoadState("networkidle");
      15 |   }
      16 |
        at BasePage.navigate (/home/tbaltzakis/cloudless.gr/e2e/helpers/page-helpers.ts:13:21)
        at /home/tbaltzakis/cloudless.gr/e2e/ui/pages/store.spec.ts:19:16

    attachment #1: screenshot (image/png) ──────────────────────────────────────────────────────────
    test-results/ui-pages-store-Store-Page--c6573--render-correctly-on-mobile-mobile-chrome/test-failed-1.png
    ────────────────────────────────────────────────────────────────────────────────────────────────

    attachment #2: video (video/webm) ──────────────────────────────────────────────────────────────
    test-results/ui-pages-store-Store-Page--c6573--render-correctly-on-mobile-mobile-chrome/video.webm
    ────────────────────────────────────────────────────────────────────────────────────────────────

    Error Context: test-results/ui-pages-store-Store-Page--c6573--render-correctly-on-mobile-mobile-chrome/error-context.md

    Retry #1 ───────────────────────────────────────────────────────────────────────────────────────

    Error: page.goto: net::ERR_CONNECTION_REFUSED at http://localhost:4000/store
    Call log:
      - navigating to "http://localhost:4000/store", waiting until "load"


       at helpers/page-helpers.ts:13

      11 |
      12 |   async navigate(path: string) {
    > 13 |     await this.page.goto(path);
         |                     ^
      14 |     await this.page.waitForLoadState("networkidle");
      15 |   }
      16 |
        at BasePage.navigate (/home/tbaltzakis/cloudless.gr/e2e/helpers/page-helpers.ts:13:21)
        at /home/tbaltzakis/cloudless.gr/e2e/ui/pages/store.spec.ts:19:16

    attachment #1: screenshot (image/png) ──────────────────────────────────────────────────────────
    test-results/ui-pages-store-Store-Page--c6573--render-correctly-on-mobile-mobile-chrome-retry1/test-failed-1.png
    ────────────────────────────────────────────────────────────────────────────────────────────────

    attachment #2: video (video/webm) ──────────────────────────────────────────────────────────────
    test-results/ui-pages-store-Store-Page--c6573--render-correctly-on-mobile-mobile-chrome-retry1/video.webm
    ────────────────────────────────────────────────────────────────────────────────────────────────

    Error Context: test-results/ui-pages-store-Store-Page--c6573--render-correctly-on-mobile-mobile-chrome-retry1/error-context.md

    attachment #4: trace (application/zip) ─────────────────────────────────────────────────────────
    test-results/ui-pages-store-Store-Page--c6573--render-correctly-on-mobile-mobile-chrome-retry1/trace.zip
    Usage:

        npx playwright show-trace test-results/ui-pages-store-Store-Page--c6573--render-correctly-on-mobile-mobile-chrome-retry1/trace.zip

    ────────────────────────────────────────────────────────────────────────────────────────────────

  2078) [mobile-chrome] › e2e/ui/pages/store.spec.ts:157:9 › Store Page › Responsive Design › should render correctly on tablet 

    Error: page.goto: net::ERR_CONNECTION_REFUSED at http://localhost:4000/store
    Call log:
      - navigating to "http://localhost:4000/store", waiting until "load"


       at helpers/page-helpers.ts:13

      11 |
      12 |   async navigate(path: string) {
    > 13 |     await this.page.goto(path);
         |                     ^
      14 |     await this.page.waitForLoadState("networkidle");
      15 |   }
      16 |
        at BasePage.navigate (/home/tbaltzakis/cloudless.gr/e2e/helpers/page-helpers.ts:13:21)
        at /home/tbaltzakis/cloudless.gr/e2e/ui/pages/store.spec.ts:19:16

    attachment #1: screenshot (image/png) ──────────────────────────────────────────────────────────
    test-results/ui-pages-store-Store-Page--81cc6--render-correctly-on-tablet-mobile-chrome/test-failed-1.png
    ────────────────────────────────────────────────────────────────────────────────────────────────

    attachment #2: video (video/webm) ──────────────────────────────────────────────────────────────
    test-results/ui-pages-store-Store-Page--81cc6--render-correctly-on-tablet-mobile-chrome/video.webm
    ────────────────────────────────────────────────────────────────────────────────────────────────

    Error Context: test-results/ui-pages-store-Store-Page--81cc6--render-correctly-on-tablet-mobile-chrome/error-context.md

    Retry #1 ───────────────────────────────────────────────────────────────────────────────────────

    Error: page.goto: net::ERR_CONNECTION_REFUSED at http://localhost:4000/store
    Call log:
      - navigating to "http://localhost:4000/store", waiting until "load"


       at helpers/page-helpers.ts:13

      11 |
      12 |   async navigate(path: string) {
    > 13 |     await this.page.goto(path);
         |                     ^
      14 |     await this.page.waitForLoadState("networkidle");
      15 |   }
      16 |
        at BasePage.navigate (/home/tbaltzakis/cloudless.gr/e2e/helpers/page-helpers.ts:13:21)
        at /home/tbaltzakis/cloudless.gr/e2e/ui/pages/store.spec.ts:19:16

    attachment #1: screenshot (image/png) ──────────────────────────────────────────────────────────
    test-results/ui-pages-store-Store-Page--81cc6--render-correctly-on-tablet-mobile-chrome-retry1/test-failed-1.png
    ────────────────────────────────────────────────────────────────────────────────────────────────

    attachment #2: video (video/webm) ──────────────────────────────────────────────────────────────
    test-results/ui-pages-store-Store-Page--81cc6--render-correctly-on-tablet-mobile-chrome-retry1/video.webm
    ────────────────────────────────────────────────────────────────────────────────────────────────

    Error Context: test-results/ui-pages-store-Store-Page--81cc6--render-correctly-on-tablet-mobile-chrome-retry1/error-context.md

    attachment #4: trace (application/zip) ─────────────────────────────────────────────────────────
    test-results/ui-pages-store-Store-Page--81cc6--render-correctly-on-tablet-mobile-chrome-retry1/trace.zip
    Usage:

        npx playwright show-trace test-results/ui-pages-store-Store-Page--81cc6--render-correctly-on-tablet-mobile-chrome-retry1/trace.zip

    ────────────────────────────────────────────────────────────────────────────────────────────────

  2079) [mobile-chrome] › e2e/ui/pages/store.spec.ts:172:9 › Store Page › Responsive Design › should render correctly on desktop 

    Error: page.goto: net::ERR_CONNECTION_REFUSED at http://localhost:4000/store
    Call log:
      - navigating to "http://localhost:4000/store", waiting until "load"


       at helpers/page-helpers.ts:13

      11 |
      12 |   async navigate(path: string) {
    > 13 |     await this.page.goto(path);
         |                     ^
      14 |     await this.page.waitForLoadState("networkidle");
      15 |   }
      16 |
        at BasePage.navigate (/home/tbaltzakis/cloudless.gr/e2e/helpers/page-helpers.ts:13:21)
        at /home/tbaltzakis/cloudless.gr/e2e/ui/pages/store.spec.ts:19:16

    attachment #1: screenshot (image/png) ──────────────────────────────────────────────────────────
    test-results/ui-pages-store-Store-Page--d7827-render-correctly-on-desktop-mobile-chrome/test-failed-1.png
    ────────────────────────────────────────────────────────────────────────────────────────────────

    attachment #2: video (video/webm) ──────────────────────────────────────────────────────────────
    test-results/ui-pages-store-Store-Page--d7827-render-correctly-on-desktop-mobile-chrome/video.webm
    ────────────────────────────────────────────────────────────────────────────────────────────────

    Error Context: test-results/ui-pages-store-Store-Page--d7827-render-correctly-on-desktop-mobile-chrome/error-context.md

    Retry #1 ───────────────────────────────────────────────────────────────────────────────────────

    Error: page.goto: net::ERR_CONNECTION_REFUSED at http://localhost:4000/store
    Call log:
      - navigating to "http://localhost:4000/store", waiting until "load"


       at helpers/page-helpers.ts:13

      11 |
      12 |   async navigate(path: string) {
    > 13 |     await this.page.goto(path);
         |                     ^
      14 |     await this.page.waitForLoadState("networkidle");
      15 |   }
      16 |
        at BasePage.navigate (/home/tbaltzakis/cloudless.gr/e2e/helpers/page-helpers.ts:13:21)
        at /home/tbaltzakis/cloudless.gr/e2e/ui/pages/store.spec.ts:19:16

    attachment #1: screenshot (image/png) ──────────────────────────────────────────────────────────
    test-results/ui-pages-store-Store-Page--d7827-render-correctly-on-desktop-mobile-chrome-retry1/test-failed-1.png
    ────────────────────────────────────────────────────────────────────────────────────────────────

    attachment #2: video (video/webm) ──────────────────────────────────────────────────────────────
    test-results/ui-pages-store-Store-Page--d7827-render-correctly-on-desktop-mobile-chrome-retry1/video.webm
    ────────────────────────────────────────────────────────────────────────────────────────────────

    Error Context: test-results/ui-pages-store-Store-Page--d7827-render-correctly-on-desktop-mobile-chrome-retry1/error-context.md

    attachment #4: trace (application/zip) ─────────────────────────────────────────────────────────
    test-results/ui-pages-store-Store-Page--d7827-render-correctly-on-desktop-mobile-chrome-retry1/trace.zip
    Usage:

        npx playwright show-trace test-results/ui-pages-store-Store-Page--d7827-render-correctly-on-desktop-mobile-chrome-retry1/trace.zip

    ────────────────────────────────────────────────────────────────────────────────────────────────

  2080) [mobile-chrome] › e2e/ui/pages/store.spec.ts:190:9 › Store Page › Navigation › should navigate to homepage 

    Error: page.goto: net::ERR_CONNECTION_REFUSED at http://localhost:4000/store
    Call log:
      - navigating to "http://localhost:4000/store", waiting until "load"


       at helpers/page-helpers.ts:13

      11 |
      12 |   async navigate(path: string) {
    > 13 |     await this.page.goto(path);
         |                     ^
      14 |     await this.page.waitForLoadState("networkidle");
      15 |   }
      16 |
        at BasePage.navigate (/home/tbaltzakis/cloudless.gr/e2e/helpers/page-helpers.ts:13:21)
        at /home/tbaltzakis/cloudless.gr/e2e/ui/pages/store.spec.ts:19:16

    attachment #1: screenshot (image/png) ──────────────────────────────────────────────────────────
    test-results/ui-pages-store-Store-Page--a562f-should-navigate-to-homepage-mobile-chrome/test-failed-1.png
    ────────────────────────────────────────────────────────────────────────────────────────────────

    attachment #2: video (video/webm) ──────────────────────────────────────────────────────────────
    test-results/ui-pages-store-Store-Page--a562f-should-navigate-to-homepage-mobile-chrome/video.webm
    ────────────────────────────────────────────────────────────────────────────────────────────────

    Error Context: test-results/ui-pages-store-Store-Page--a562f-should-navigate-to-homepage-mobile-chrome/error-context.md

    Retry #1 ───────────────────────────────────────────────────────────────────────────────────────

    Error: page.goto: net::ERR_CONNECTION_REFUSED at http://localhost:4000/store
    Call log:
      - navigating to "http://localhost:4000/store", waiting until "load"


       at helpers/page-helpers.ts:13

      11 |
      12 |   async navigate(path: string) {
    > 13 |     await this.page.goto(path);
         |                     ^
      14 |     await this.page.waitForLoadState("networkidle");
      15 |   }
      16 |
        at BasePage.navigate (/home/tbaltzakis/cloudless.gr/e2e/helpers/page-helpers.ts:13:21)
        at /home/tbaltzakis/cloudless.gr/e2e/ui/pages/store.spec.ts:19:16

    attachment #1: screenshot (image/png) ──────────────────────────────────────────────────────────
    test-results/ui-pages-store-Store-Page--a562f-should-navigate-to-homepage-mobile-chrome-retry1/test-failed-1.png
    ────────────────────────────────────────────────────────────────────────────────────────────────

    attachment #2: video (video/webm) ──────────────────────────────────────────────────────────────
    test-results/ui-pages-store-Store-Page--a562f-should-navigate-to-homepage-mobile-chrome-retry1/video.webm
    ────────────────────────────────────────────────────────────────────────────────────────────────

    Error Context: test-results/ui-pages-store-Store-Page--a562f-should-navigate-to-homepage-mobile-chrome-retry1/error-context.md

    attachment #4: trace (application/zip) ─────────────────────────────────────────────────────────
    test-results/ui-pages-store-Store-Page--a562f-should-navigate-to-homepage-mobile-chrome-retry1/trace.zip
    Usage:

        npx playwright show-trace test-results/ui-pages-store-Store-Page--a562f-should-navigate-to-homepage-mobile-chrome-retry1/trace.zip

    ────────────────────────────────────────────────────────────────────────────────────────────────

  2081) [mobile-chrome] › e2e/ui/pages/store.spec.ts:198:9 › Store Page › Navigation › should navigate to services 

    Error: page.goto: net::ERR_CONNECTION_REFUSED at http://localhost:4000/store
    Call log:
      - navigating to "http://localhost:4000/store", waiting until "load"


       at helpers/page-helpers.ts:13

      11 |
      12 |   async navigate(path: string) {
    > 13 |     await this.page.goto(path);
         |                     ^
      14 |     await this.page.waitForLoadState("networkidle");
      15 |   }
      16 |
        at BasePage.navigate (/home/tbaltzakis/cloudless.gr/e2e/helpers/page-helpers.ts:13:21)
        at /home/tbaltzakis/cloudless.gr/e2e/ui/pages/store.spec.ts:19:16

    attachment #1: screenshot (image/png) ──────────────────────────────────────────────────────────
    test-results/ui-pages-store-Store-Page--296ad-should-navigate-to-services-mobile-chrome/test-failed-1.png
    ────────────────────────────────────────────────────────────────────────────────────────────────

    attachment #2: video (video/webm) ──────────────────────────────────────────────────────────────
    test-results/ui-pages-store-Store-Page--296ad-should-navigate-to-services-mobile-chrome/video.webm
    ────────────────────────────────────────────────────────────────────────────────────────────────

    Error Context: test-results/ui-pages-store-Store-Page--296ad-should-navigate-to-services-mobile-chrome/error-context.md

    Retry #1 ───────────────────────────────────────────────────────────────────────────────────────

    Error: page.goto: net::ERR_CONNECTION_REFUSED at http://localhost:4000/store
    Call log:
      - navigating to "http://localhost:4000/store", waiting until "load"


       at helpers/page-helpers.ts:13

      11 |
      12 |   async navigate(path: string) {
    > 13 |     await this.page.goto(path);
         |                     ^
      14 |     await this.page.waitForLoadState("networkidle");
      15 |   }
      16 |
        at BasePage.navigate (/home/tbaltzakis/cloudless.gr/e2e/helpers/page-helpers.ts:13:21)
        at /home/tbaltzakis/cloudless.gr/e2e/ui/pages/store.spec.ts:19:16

    attachment #1: screenshot (image/png) ──────────────────────────────────────────────────────────
    test-results/ui-pages-store-Store-Page--296ad-should-navigate-to-services-mobile-chrome-retry1/test-failed-1.png
    ────────────────────────────────────────────────────────────────────────────────────────────────

    attachment #2: video (video/webm) ──────────────────────────────────────────────────────────────
    test-results/ui-pages-store-Store-Page--296ad-should-navigate-to-services-mobile-chrome-retry1/video.webm
    ────────────────────────────────────────────────────────────────────────────────────────────────

    Error Context: test-results/ui-pages-store-Store-Page--296ad-should-navigate-to-services-mobile-chrome-retry1/error-context.md

    attachment #4: trace (application/zip) ─────────────────────────────────────────────────────────
    test-results/ui-pages-store-Store-Page--296ad-should-navigate-to-services-mobile-chrome-retry1/trace.zip
    Usage:

        npx playwright show-trace test-results/ui-pages-store-Store-Page--296ad-should-navigate-to-services-mobile-chrome-retry1/trace.zip

    ────────────────────────────────────────────────────────────────────────────────────────────────

  2082) [mobile-chrome] › e2e/ui/pages/store.spec.ts:206:9 › Store Page › Navigation › should navigate to blog 

    Error: page.goto: net::ERR_CONNECTION_REFUSED at http://localhost:4000/store
    Call log:
      - navigating to "http://localhost:4000/store", waiting until "load"


       at helpers/page-helpers.ts:13

      11 |
      12 |   async navigate(path: string) {
    > 13 |     await this.page.goto(path);
         |                     ^
      14 |     await this.page.waitForLoadState("networkidle");
      15 |   }
      16 |
        at BasePage.navigate (/home/tbaltzakis/cloudless.gr/e2e/helpers/page-helpers.ts:13:21)
        at /home/tbaltzakis/cloudless.gr/e2e/ui/pages/store.spec.ts:19:16

    attachment #1: screenshot (image/png) ──────────────────────────────────────────────────────────
    test-results/ui-pages-store-Store-Page-Navigation-should-navigate-to-blog-mobile-chrome/test-failed-1.png
    ────────────────────────────────────────────────────────────────────────────────────────────────

    attachment #2: video (video/webm) ──────────────────────────────────────────────────────────────
    test-results/ui-pages-store-Store-Page-Navigation-should-navigate-to-blog-mobile-chrome/video.webm
    ────────────────────────────────────────────────────────────────────────────────────────────────

    Error Context: test-results/ui-pages-store-Store-Page-Navigation-should-navigate-to-blog-mobile-chrome/error-context.md

    Retry #1 ───────────────────────────────────────────────────────────────────────────────────────

    Error: page.goto: net::ERR_CONNECTION_REFUSED at http://localhost:4000/store
    Call log:
      - navigating to "http://localhost:4000/store", waiting until "load"


       at helpers/page-helpers.ts:13

      11 |
      12 |   async navigate(path: string) {
    > 13 |     await this.page.goto(path);
         |                     ^
      14 |     await this.page.waitForLoadState("networkidle");
      15 |   }
      16 |
        at BasePage.navigate (/home/tbaltzakis/cloudless.gr/e2e/helpers/page-helpers.ts:13:21)
        at /home/tbaltzakis/cloudless.gr/e2e/ui/pages/store.spec.ts:19:16

    attachment #1: screenshot (image/png) ──────────────────────────────────────────────────────────
    test-results/ui-pages-store-Store-Page-Navigation-should-navigate-to-blog-mobile-chrome-retry1/test-failed-1.png
    ────────────────────────────────────────────────────────────────────────────────────────────────

    attachment #2: video (video/webm) ──────────────────────────────────────────────────────────────
    test-results/ui-pages-store-Store-Page-Navigation-should-navigate-to-blog-mobile-chrome-retry1/video.webm
    ────────────────────────────────────────────────────────────────────────────────────────────────

    Error Context: test-results/ui-pages-store-Store-Page-Navigation-should-navigate-to-blog-mobile-chrome-retry1/error-context.md

    attachment #4: trace (application/zip) ─────────────────────────────────────────────────────────
    test-results/ui-pages-store-Store-Page-Navigation-should-navigate-to-blog-mobile-chrome-retry1/trace.zip
    Usage:

        npx playwright show-trace test-results/ui-pages-store-Store-Page-Navigation-should-navigate-to-blog-mobile-chrome-retry1/trace.zip

    ────────────────────────────────────────────────────────────────────────────────────────────────

  2083) [mobile-chrome] › e2e/ui/pages/store.spec.ts:214:9 › Store Page › Navigation › should navigate to contact 

    Error: page.goto: net::ERR_CONNECTION_REFUSED at http://localhost:4000/store
    Call log:
      - navigating to "http://localhost:4000/store", waiting until "load"


       at helpers/page-helpers.ts:13

      11 |
      12 |   async navigate(path: string) {
    > 13 |     await this.page.goto(path);
         |                     ^
      14 |     await this.page.waitForLoadState("networkidle");
      15 |   }
      16 |
        at BasePage.navigate (/home/tbaltzakis/cloudless.gr/e2e/helpers/page-helpers.ts:13:21)
        at /home/tbaltzakis/cloudless.gr/e2e/ui/pages/store.spec.ts:19:16

    attachment #1: screenshot (image/png) ──────────────────────────────────────────────────────────
    test-results/ui-pages-store-Store-Page--79204--should-navigate-to-contact-mobile-chrome/test-failed-1.png
    ────────────────────────────────────────────────────────────────────────────────────────────────

    attachment #2: video (video/webm) ──────────────────────────────────────────────────────────────
    test-results/ui-pages-store-Store-Page--79204--should-navigate-to-contact-mobile-chrome/video.webm
    ────────────────────────────────────────────────────────────────────────────────────────────────

    Error Context: test-results/ui-pages-store-Store-Page--79204--should-navigate-to-contact-mobile-chrome/error-context.md

    Retry #1 ───────────────────────────────────────────────────────────────────────────────────────

    Error: page.goto: net::ERR_CONNECTION_REFUSED at http://localhost:4000/store
    Call log:
      - navigating to "http://localhost:4000/store", waiting until "load"


       at helpers/page-helpers.ts:13

      11 |
      12 |   async navigate(path: string) {
    > 13 |     await this.page.goto(path);
         |                     ^
      14 |     await this.page.waitForLoadState("networkidle");
      15 |   }
      16 |
        at BasePage.navigate (/home/tbaltzakis/cloudless.gr/e2e/helpers/page-helpers.ts:13:21)
        at /home/tbaltzakis/cloudless.gr/e2e/ui/pages/store.spec.ts:19:16

    attachment #1: screenshot (image/png) ──────────────────────────────────────────────────────────
    test-results/ui-pages-store-Store-Page--79204--should-navigate-to-contact-mobile-chrome-retry1/test-failed-1.png
    ────────────────────────────────────────────────────────────────────────────────────────────────

    attachment #2: video (video/webm) ──────────────────────────────────────────────────────────────
    test-results/ui-pages-store-Store-Page--79204--should-navigate-to-contact-mobile-chrome-retry1/video.webm
    ────────────────────────────────────────────────────────────────────────────────────────────────

    Error Context: test-results/ui-pages-store-Store-Page--79204--should-navigate-to-contact-mobile-chrome-retry1/error-context.md

    attachment #4: trace (application/zip) ─────────────────────────────────────────────────────────
    test-results/ui-pages-store-Store-Page--79204--should-navigate-to-contact-mobile-chrome-retry1/trace.zip
    Usage:

        npx playwright show-trace test-results/ui-pages-store-Store-Page--79204--should-navigate-to-contact-mobile-chrome-retry1/trace.zip

    ────────────────────────────────────────────────────────────────────────────────────────────────

  2084) [mobile-chrome] › e2e/ui/pages/store.spec.ts:222:9 › Store Page › Navigation › should navigate to cart 

    Error: page.goto: net::ERR_CONNECTION_REFUSED at http://localhost:4000/store
    Call log:
      - navigating to "http://localhost:4000/store", waiting until "load"


       at helpers/page-helpers.ts:13

      11 |
      12 |   async navigate(path: string) {
    > 13 |     await this.page.goto(path);
         |                     ^
      14 |     await this.page.waitForLoadState("networkidle");
      15 |   }
      16 |
        at BasePage.navigate (/home/tbaltzakis/cloudless.gr/e2e/helpers/page-helpers.ts:13:21)
        at /home/tbaltzakis/cloudless.gr/e2e/ui/pages/store.spec.ts:19:16

    attachment #1: screenshot (image/png) ──────────────────────────────────────────────────────────
    test-results/ui-pages-store-Store-Page-Navigation-should-navigate-to-cart-mobile-chrome/test-failed-1.png
    ────────────────────────────────────────────────────────────────────────────────────────────────

    attachment #2: video (video/webm) ──────────────────────────────────────────────────────────────
    test-results/ui-pages-store-Store-Page-Navigation-should-navigate-to-cart-mobile-chrome/video.webm
    ────────────────────────────────────────────────────────────────────────────────────────────────

    Error Context: test-results/ui-pages-store-Store-Page-Navigation-should-navigate-to-cart-mobile-chrome/error-context.md

    Retry #1 ───────────────────────────────────────────────────────────────────────────────────────

    Error: page.goto: net::ERR_CONNECTION_REFUSED at http://localhost:4000/store
    Call log:
      - navigating to "http://localhost:4000/store", waiting until "load"


       at helpers/page-helpers.ts:13

      11 |
      12 |   async navigate(path: string) {
    > 13 |     await this.page.goto(path);
         |                     ^
      14 |     await this.page.waitForLoadState("networkidle");
      15 |   }
      16 |
        at BasePage.navigate (/home/tbaltzakis/cloudless.gr/e2e/helpers/page-helpers.ts:13:21)
        at /home/tbaltzakis/cloudless.gr/e2e/ui/pages/store.spec.ts:19:16

    attachment #1: screenshot (image/png) ──────────────────────────────────────────────────────────
    test-results/ui-pages-store-Store-Page-Navigation-should-navigate-to-cart-mobile-chrome-retry1/test-failed-1.png
    ────────────────────────────────────────────────────────────────────────────────────────────────

    attachment #2: video (video/webm) ──────────────────────────────────────────────────────────────
    test-results/ui-pages-store-Store-Page-Navigation-should-navigate-to-cart-mobile-chrome-retry1/video.webm
    ────────────────────────────────────────────────────────────────────────────────────────────────

    Error Context: test-results/ui-pages-store-Store-Page-Navigation-should-navigate-to-cart-mobile-chrome-retry1/error-context.md

    attachment #4: trace (application/zip) ─────────────────────────────────────────────────────────
    test-results/ui-pages-store-Store-Page-Navigation-should-navigate-to-cart-mobile-chrome-retry1/trace.zip
    Usage:

        npx playwright show-trace test-results/ui-pages-store-Store-Page-Navigation-should-navigate-to-cart-mobile-chrome-retry1/trace.zip

    ────────────────────────────────────────────────────────────────────────────────────────────────

  2085) [mobile-chrome] › e2e/ui/pages/store.spec.ts:232:9 › Store Page › Accessibility › should have proper language attribute 

    Error: page.goto: net::ERR_CONNECTION_REFUSED at http://localhost:4000/store
    Call log:
      - navigating to "http://localhost:4000/store", waiting until "load"


       at helpers/page-helpers.ts:13

      11 |
      12 |   async navigate(path: string) {
    > 13 |     await this.page.goto(path);
         |                     ^
      14 |     await this.page.waitForLoadState("networkidle");
      15 |   }
      16 |
        at BasePage.navigate (/home/tbaltzakis/cloudless.gr/e2e/helpers/page-helpers.ts:13:21)
        at /home/tbaltzakis/cloudless.gr/e2e/ui/pages/store.spec.ts:19:16

    attachment #1: screenshot (image/png) ──────────────────────────────────────────────────────────
    test-results/ui-pages-store-Store-Page--1e540-e-proper-language-attribute-mobile-chrome/test-failed-1.png
    ────────────────────────────────────────────────────────────────────────────────────────────────

    attachment #2: video (video/webm) ──────────────────────────────────────────────────────────────
    test-results/ui-pages-store-Store-Page--1e540-e-proper-language-attribute-mobile-chrome/video.webm
    ────────────────────────────────────────────────────────────────────────────────────────────────

    Error Context: test-results/ui-pages-store-Store-Page--1e540-e-proper-language-attribute-mobile-chrome/error-context.md

    Retry #1 ───────────────────────────────────────────────────────────────────────────────────────

    Error: page.goto: net::ERR_CONNECTION_REFUSED at http://localhost:4000/store
    Call log:
      - navigating to "http://localhost:4000/store", waiting until "load"


       at helpers/page-helpers.ts:13

      11 |
      12 |   async navigate(path: string) {
    > 13 |     await this.page.goto(path);
         |                     ^
      14 |     await this.page.waitForLoadState("networkidle");
      15 |   }
      16 |
        at BasePage.navigate (/home/tbaltzakis/cloudless.gr/e2e/helpers/page-helpers.ts:13:21)
        at /home/tbaltzakis/cloudless.gr/e2e/ui/pages/store.spec.ts:19:16

    attachment #1: screenshot (image/png) ──────────────────────────────────────────────────────────
    test-results/ui-pages-store-Store-Page--1e540-e-proper-language-attribute-mobile-chrome-retry1/test-failed-1.png
    ────────────────────────────────────────────────────────────────────────────────────────────────

    attachment #2: video (video/webm) ──────────────────────────────────────────────────────────────
    test-results/ui-pages-store-Store-Page--1e540-e-proper-language-attribute-mobile-chrome-retry1/video.webm
    ────────────────────────────────────────────────────────────────────────────────────────────────

    Error Context: test-results/ui-pages-store-Store-Page--1e540-e-proper-language-attribute-mobile-chrome-retry1/error-context.md

    attachment #4: trace (application/zip) ─────────────────────────────────────────────────────────
    test-results/ui-pages-store-Store-Page--1e540-e-proper-language-attribute-mobile-chrome-retry1/trace.zip
    Usage:

        npx playwright show-trace test-results/ui-pages-store-Store-Page--1e540-e-proper-language-attribute-mobile-chrome-retry1/trace.zip

    ────────────────────────────────────────────────────────────────────────────────────────────────

  2086) [mobile-chrome] › e2e/ui/pages/store.spec.ts:238:9 › Store Page › Accessibility › should have accessible product elements 

    Error: page.goto: net::ERR_CONNECTION_REFUSED at http://localhost:4000/store
    Call log:
      - navigating to "http://localhost:4000/store", waiting until "load"


       at helpers/page-helpers.ts:13

      11 |
      12 |   async navigate(path: string) {
    > 13 |     await this.page.goto(path);
         |                     ^
      14 |     await this.page.waitForLoadState("networkidle");
      15 |   }
      16 |
        at BasePage.navigate (/home/tbaltzakis/cloudless.gr/e2e/helpers/page-helpers.ts:13:21)
        at /home/tbaltzakis/cloudless.gr/e2e/ui/pages/store.spec.ts:19:16

    attachment #1: screenshot (image/png) ──────────────────────────────────────────────────────────
    test-results/ui-pages-store-Store-Page--eb38c-accessible-product-elements-mobile-chrome/test-failed-1.png
    ────────────────────────────────────────────────────────────────────────────────────────────────

    attachment #2: video (video/webm) ──────────────────────────────────────────────────────────────
    test-results/ui-pages-store-Store-Page--eb38c-accessible-product-elements-mobile-chrome/video.webm
    ────────────────────────────────────────────────────────────────────────────────────────────────

    Error Context: test-results/ui-pages-store-Store-Page--eb38c-accessible-product-elements-mobile-chrome/error-context.md

    Retry #1 ───────────────────────────────────────────────────────────────────────────────────────

    Error: page.goto: net::ERR_CONNECTION_REFUSED at http://localhost:4000/store
    Call log:
      - navigating to "http://localhost:4000/store", waiting until "load"


       at helpers/page-helpers.ts:13

      11 |
      12 |   async navigate(path: string) {
    > 13 |     await this.page.goto(path);
         |                     ^
      14 |     await this.page.waitForLoadState("networkidle");
      15 |   }
      16 |
        at BasePage.navigate (/home/tbaltzakis/cloudless.gr/e2e/helpers/page-helpers.ts:13:21)
        at /home/tbaltzakis/cloudless.gr/e2e/ui/pages/store.spec.ts:19:16

    attachment #1: screenshot (image/png) ──────────────────────────────────────────────────────────
    test-results/ui-pages-store-Store-Page--eb38c-accessible-product-elements-mobile-chrome-retry1/test-failed-1.png
    ────────────────────────────────────────────────────────────────────────────────────────────────

    attachment #2: video (video/webm) ──────────────────────────────────────────────────────────────
    test-results/ui-pages-store-Store-Page--eb38c-accessible-product-elements-mobile-chrome-retry1/video.webm
    ────────────────────────────────────────────────────────────────────────────────────────────────

    Error Context: test-results/ui-pages-store-Store-Page--eb38c-accessible-product-elements-mobile-chrome-retry1/error-context.md

    attachment #4: trace (application/zip) ─────────────────────────────────────────────────────────
    test-results/ui-pages-store-Store-Page--eb38c-accessible-product-elements-mobile-chrome-retry1/trace.zip
    Usage:

        npx playwright show-trace test-results/ui-pages-store-Store-Page--eb38c-accessible-product-elements-mobile-chrome-retry1/trace.zip

    ────────────────────────────────────────────────────────────────────────────────────────────────

  2087) [mobile-chrome] › e2e/ui/pages/store.spec.ts:257:9 › Store Page › Accessibility › should have accessible buttons 

    Error: page.goto: net::ERR_CONNECTION_REFUSED at http://localhost:4000/store
    Call log:
      - navigating to "http://localhost:4000/store", waiting until "load"


       at helpers/page-helpers.ts:13

      11 |
      12 |   async navigate(path: string) {
    > 13 |     await this.page.goto(path);
         |                     ^
      14 |     await this.page.waitForLoadState("networkidle");
      15 |   }
      16 |
        at BasePage.navigate (/home/tbaltzakis/cloudless.gr/e2e/helpers/page-helpers.ts:13:21)
        at /home/tbaltzakis/cloudless.gr/e2e/ui/pages/store.spec.ts:19:16

    attachment #1: screenshot (image/png) ──────────────────────────────────────────────────────────
    test-results/ui-pages-store-Store-Page--3cfac-uld-have-accessible-buttons-mobile-chrome/test-failed-1.png
    ────────────────────────────────────────────────────────────────────────────────────────────────

    attachment #2: video (video/webm) ──────────────────────────────────────────────────────────────
    test-results/ui-pages-store-Store-Page--3cfac-uld-have-accessible-buttons-mobile-chrome/video.webm
    ────────────────────────────────────────────────────────────────────────────────────────────────

    Error Context: test-results/ui-pages-store-Store-Page--3cfac-uld-have-accessible-buttons-mobile-chrome/error-context.md

    Retry #1 ───────────────────────────────────────────────────────────────────────────────────────

    Error: page.goto: net::ERR_CONNECTION_REFUSED at http://localhost:4000/store
    Call log:
      - navigating to "http://localhost:4000/store", waiting until "load"


       at helpers/page-helpers.ts:13

      11 |
      12 |   async navigate(path: string) {
    > 13 |     await this.page.goto(path);
         |                     ^
      14 |     await this.page.waitForLoadState("networkidle");
      15 |   }
      16 |
        at BasePage.navigate (/home/tbaltzakis/cloudless.gr/e2e/helpers/page-helpers.ts:13:21)
        at /home/tbaltzakis/cloudless.gr/e2e/ui/pages/store.spec.ts:19:16

    attachment #1: screenshot (image/png) ──────────────────────────────────────────────────────────
    test-results/ui-pages-store-Store-Page--3cfac-uld-have-accessible-buttons-mobile-chrome-retry1/test-failed-1.png
    ────────────────────────────────────────────────────────────────────────────────────────────────

    attachment #2: video (video/webm) ──────────────────────────────────────────────────────────────
    test-results/ui-pages-store-Store-Page--3cfac-uld-have-accessible-buttons-mobile-chrome-retry1/video.webm
    ────────────────────────────────────────────────────────────────────────────────────────────────

    Error Context: test-results/ui-pages-store-Store-Page--3cfac-uld-have-accessible-buttons-mobile-chrome-retry1/error-context.md

    attachment #4: trace (application/zip) ─────────────────────────────────────────────────────────
    test-results/ui-pages-store-Store-Page--3cfac-uld-have-accessible-buttons-mobile-chrome-retry1/trace.zip
    Usage:

        npx playwright show-trace test-results/ui-pages-store-Store-Page--3cfac-uld-have-accessible-buttons-mobile-chrome-retry1/trace.zip

    ────────────────────────────────────────────────────────────────────────────────────────────────

  2088) [mobile-chrome] › e2e/ui/pages/store.spec.ts:279:9 › Store Page › Performance › should load within reasonable time 

    Error: page.goto: net::ERR_CONNECTION_REFUSED at http://localhost:4000/store
    Call log:
      - navigating to "http://localhost:4000/store", waiting until "load"


       at helpers/page-helpers.ts:13

      11 |
      12 |   async navigate(path: string) {
    > 13 |     await this.page.goto(path);
         |                     ^
      14 |     await this.page.waitForLoadState("networkidle");
      15 |   }
      16 |
        at BasePage.navigate (/home/tbaltzakis/cloudless.gr/e2e/helpers/page-helpers.ts:13:21)
        at /home/tbaltzakis/cloudless.gr/e2e/ui/pages/store.spec.ts:19:16

    attachment #1: screenshot (image/png) ──────────────────────────────────────────────────────────
    test-results/ui-pages-store-Store-Page--bb6d1-load-within-reasonable-time-mobile-chrome/test-failed-1.png
    ────────────────────────────────────────────────────────────────────────────────────────────────

    attachment #2: video (video/webm) ──────────────────────────────────────────────────────────────
    test-results/ui-pages-store-Store-Page--bb6d1-load-within-reasonable-time-mobile-chrome/video.webm
    ────────────────────────────────────────────────────────────────────────────────────────────────

    Error Context: test-results/ui-pages-store-Store-Page--bb6d1-load-within-reasonable-time-mobile-chrome/error-context.md

    Retry #1 ───────────────────────────────────────────────────────────────────────────────────────

    Error: page.goto: net::ERR_CONNECTION_REFUSED at http://localhost:4000/store
    Call log:
      - navigating to "http://localhost:4000/store", waiting until "load"


       at helpers/page-helpers.ts:13

      11 |
      12 |   async navigate(path: string) {
    > 13 |     await this.page.goto(path);
         |                     ^
      14 |     await this.page.waitForLoadState("networkidle");
      15 |   }
      16 |
        at BasePage.navigate (/home/tbaltzakis/cloudless.gr/e2e/helpers/page-helpers.ts:13:21)
        at /home/tbaltzakis/cloudless.gr/e2e/ui/pages/store.spec.ts:19:16

    attachment #1: screenshot (image/png) ──────────────────────────────────────────────────────────
    test-results/ui-pages-store-Store-Page--bb6d1-load-within-reasonable-time-mobile-chrome-retry1/test-failed-1.png
    ────────────────────────────────────────────────────────────────────────────────────────────────

    attachment #2: video (video/webm) ──────────────────────────────────────────────────────────────
    test-results/ui-pages-store-Store-Page--bb6d1-load-within-reasonable-time-mobile-chrome-retry1/video.webm
    ────────────────────────────────────────────────────────────────────────────────────────────────

    Error Context: test-results/ui-pages-store-Store-Page--bb6d1-load-within-reasonable-time-mobile-chrome-retry1/error-context.md

    attachment #4: trace (application/zip) ─────────────────────────────────────────────────────────
    test-results/ui-pages-store-Store-Page--bb6d1-load-within-reasonable-time-mobile-chrome-retry1/trace.zip
    Usage:

        npx playwright show-trace test-results/ui-pages-store-Store-Page--bb6d1-load-within-reasonable-time-mobile-chrome-retry1/trace.zip

    ────────────────────────────────────────────────────────────────────────────────────────────────

  2089) [mobile-chrome] › e2e/ui/pages/style.spec.ts:165:11 › Style System › Homepage Style › should have void background color 

    Error: page.goto: net::ERR_CONNECTION_REFUSED at http://localhost:4000/
    Call log:
      - navigating to "http://localhost:4000/", waiting until "load"


      158 |     test.describe(`${name} Style`, () => {
      159 |       test.beforeEach(async ({ page }) => {
    > 160 |         await page.goto(path);
          |                    ^
      161 |         // Wait for network idle to ensure styles are applied
      162 |         await page.waitForLoadState("networkidle");
      163 |       });
        at /home/tbaltzakis/cloudless.gr/e2e/ui/pages/style.spec.ts:160:20

    attachment #1: screenshot (image/png) ──────────────────────────────────────────────────────────
    test-results/ui-pages-style-Style-Syste-aaf9e--have-void-background-color-mobile-chrome/test-failed-1.png
    ────────────────────────────────────────────────────────────────────────────────────────────────

    attachment #2: video (video/webm) ──────────────────────────────────────────────────────────────
    test-results/ui-pages-style-Style-Syste-aaf9e--have-void-background-color-mobile-chrome/video.webm
    ────────────────────────────────────────────────────────────────────────────────────────────────

    Error Context: test-results/ui-pages-style-Style-Syste-aaf9e--have-void-background-color-mobile-chrome/error-context.md

    Retry #1 ───────────────────────────────────────────────────────────────────────────────────────

    Error: page.goto: net::ERR_CONNECTION_REFUSED at http://localhost:4000/
    Call log:
      - navigating to "http://localhost:4000/", waiting until "load"


      158 |     test.describe(`${name} Style`, () => {
      159 |       test.beforeEach(async ({ page }) => {
    > 160 |         await page.goto(path);
          |                    ^
      161 |         // Wait for network idle to ensure styles are applied
      162 |         await page.waitForLoadState("networkidle");
      163 |       });
        at /home/tbaltzakis/cloudless.gr/e2e/ui/pages/style.spec.ts:160:20

    attachment #1: screenshot (image/png) ──────────────────────────────────────────────────────────
    test-results/ui-pages-style-Style-Syste-aaf9e--have-void-background-color-mobile-chrome-retry1/test-failed-1.png
    ────────────────────────────────────────────────────────────────────────────────────────────────

    attachment #2: video (video/webm) ──────────────────────────────────────────────────────────────
    test-results/ui-pages-style-Style-Syste-aaf9e--have-void-background-color-mobile-chrome-retry1/video.webm
    ────────────────────────────────────────────────────────────────────────────────────────────────

    Error Context: test-results/ui-pages-style-Style-Syste-aaf9e--have-void-background-color-mobile-chrome-retry1/error-context.md

    attachment #4: trace (application/zip) ─────────────────────────────────────────────────────────
    test-results/ui-pages-style-Style-Syste-aaf9e--have-void-background-color-mobile-chrome-retry1/trace.zip
    Usage:

        npx playwright show-trace test-results/ui-pages-style-Style-Syste-aaf9e--have-void-background-color-mobile-chrome-retry1/trace.zip

    ────────────────────────────────────────────────────────────────────────────────────────────────

  2090) [mobile-chrome] › e2e/ui/pages/style.spec.ts:170:11 › Style System › Homepage Style › should have correct heading font 

    Error: page.goto: net::ERR_CONNECTION_REFUSED at http://localhost:4000/
    Call log:
      - navigating to "http://localhost:4000/", waiting until "load"


      158 |     test.describe(`${name} Style`, () => {
      159 |       test.beforeEach(async ({ page }) => {
    > 160 |         await page.goto(path);
          |                    ^
      161 |         // Wait for network idle to ensure styles are applied
      162 |         await page.waitForLoadState("networkidle");
      163 |       });
        at /home/tbaltzakis/cloudless.gr/e2e/ui/pages/style.spec.ts:160:20

    attachment #1: screenshot (image/png) ──────────────────────────────────────────────────────────
    test-results/ui-pages-style-Style-Syste-b43fa-d-have-correct-heading-font-mobile-chrome/test-failed-1.png
    ────────────────────────────────────────────────────────────────────────────────────────────────

    attachment #2: video (video/webm) ──────────────────────────────────────────────────────────────
    test-results/ui-pages-style-Style-Syste-b43fa-d-have-correct-heading-font-mobile-chrome/video.webm
    ────────────────────────────────────────────────────────────────────────────────────────────────

    Error Context: test-results/ui-pages-style-Style-Syste-b43fa-d-have-correct-heading-font-mobile-chrome/error-context.md

    Retry #1 ───────────────────────────────────────────────────────────────────────────────────────

    Error: page.goto: net::ERR_CONNECTION_REFUSED at http://localhost:4000/
    Call log:
      - navigating to "http://localhost:4000/", waiting until "load"


      158 |     test.describe(`${name} Style`, () => {
      159 |       test.beforeEach(async ({ page }) => {
    > 160 |         await page.goto(path);
          |                    ^
      161 |         // Wait for network idle to ensure styles are applied
      162 |         await page.waitForLoadState("networkidle");
      163 |       });
        at /home/tbaltzakis/cloudless.gr/e2e/ui/pages/style.spec.ts:160:20

    attachment #1: screenshot (image/png) ──────────────────────────────────────────────────────────
    test-results/ui-pages-style-Style-Syste-b43fa-d-have-correct-heading-font-mobile-chrome-retry1/test-failed-1.png
    ────────────────────────────────────────────────────────────────────────────────────────────────

    attachment #2: video (video/webm) ──────────────────────────────────────────────────────────────
    test-results/ui-pages-style-Style-Syste-b43fa-d-have-correct-heading-font-mobile-chrome-retry1/video.webm
    ────────────────────────────────────────────────────────────────────────────────────────────────

    Error Context: test-results/ui-pages-style-Style-Syste-b43fa-d-have-correct-heading-font-mobile-chrome-retry1/error-context.md

    attachment #4: trace (application/zip) ─────────────────────────────────────────────────────────
    test-results/ui-pages-style-Style-Syste-b43fa-d-have-correct-heading-font-mobile-chrome-retry1/trace.zip
    Usage:

        npx playwright show-trace test-results/ui-pages-style-Style-Syste-b43fa-d-have-correct-heading-font-mobile-chrome-retry1/trace.zip

    ────────────────────────────────────────────────────────────────────────────────────────────────

  2091) [mobile-chrome] › e2e/ui/pages/style.spec.ts:175:11 › Style System › Homepage Style › should have correct body font 

    Error: page.goto: net::ERR_CONNECTION_REFUSED at http://localhost:4000/
    Call log:
      - navigating to "http://localhost:4000/", waiting until "load"


      158 |     test.describe(`${name} Style`, () => {
      159 |       test.beforeEach(async ({ page }) => {
    > 160 |         await page.goto(path);
          |                    ^
      161 |         // Wait for network idle to ensure styles are applied
      162 |         await page.waitForLoadState("networkidle");
      163 |       });
        at /home/tbaltzakis/cloudless.gr/e2e/ui/pages/style.spec.ts:160:20

    attachment #1: screenshot (image/png) ──────────────────────────────────────────────────────────
    test-results/ui-pages-style-Style-Syste-cbdff-ould-have-correct-body-font-mobile-chrome/test-failed-1.png
    ────────────────────────────────────────────────────────────────────────────────────────────────

    attachment #2: video (video/webm) ──────────────────────────────────────────────────────────────
    test-results/ui-pages-style-Style-Syste-cbdff-ould-have-correct-body-font-mobile-chrome/video.webm
    ────────────────────────────────────────────────────────────────────────────────────────────────

    Error Context: test-results/ui-pages-style-Style-Syste-cbdff-ould-have-correct-body-font-mobile-chrome/error-context.md

    Retry #1 ───────────────────────────────────────────────────────────────────────────────────────

    Error: page.goto: net::ERR_CONNECTION_REFUSED at http://localhost:4000/
    Call log:
      - navigating to "http://localhost:4000/", waiting until "load"


      158 |     test.describe(`${name} Style`, () => {
      159 |       test.beforeEach(async ({ page }) => {
    > 160 |         await page.goto(path);
          |                    ^
      161 |         // Wait for network idle to ensure styles are applied
      162 |         await page.waitForLoadState("networkidle");
      163 |       });
        at /home/tbaltzakis/cloudless.gr/e2e/ui/pages/style.spec.ts:160:20

    attachment #1: screenshot (image/png) ──────────────────────────────────────────────────────────
    test-results/ui-pages-style-Style-Syste-cbdff-ould-have-correct-body-font-mobile-chrome-retry1/test-failed-1.png
    ────────────────────────────────────────────────────────────────────────────────────────────────

    attachment #2: video (video/webm) ──────────────────────────────────────────────────────────────
    test-results/ui-pages-style-Style-Syste-cbdff-ould-have-correct-body-font-mobile-chrome-retry1/video.webm
    ────────────────────────────────────────────────────────────────────────────────────────────────

    Error Context: test-results/ui-pages-style-Style-Syste-cbdff-ould-have-correct-body-font-mobile-chrome-retry1/error-context.md

    attachment #4: trace (application/zip) ─────────────────────────────────────────────────────────
    test-results/ui-pages-style-Style-Syste-cbdff-ould-have-correct-body-font-mobile-chrome-retry1/trace.zip
    Usage:

        npx playwright show-trace test-results/ui-pages-style-Style-Syste-cbdff-ould-have-correct-body-font-mobile-chrome-retry1/trace.zip

    ────────────────────────────────────────────────────────────────────────────────────────────────

  2092) [mobile-chrome] › e2e/ui/pages/style.spec.ts:180:11 › Style System › Homepage Style › should have correct code font 

    Error: page.goto: net::ERR_CONNECTION_REFUSED at http://localhost:4000/
    Call log:
      - navigating to "http://localhost:4000/", waiting until "load"


      158 |     test.describe(`${name} Style`, () => {
      159 |       test.beforeEach(async ({ page }) => {
    > 160 |         await page.goto(path);
          |                    ^
      161 |         // Wait for network idle to ensure styles are applied
      162 |         await page.waitForLoadState("networkidle");
      163 |       });
        at /home/tbaltzakis/cloudless.gr/e2e/ui/pages/style.spec.ts:160:20

    attachment #1: screenshot (image/png) ──────────────────────────────────────────────────────────
    test-results/ui-pages-style-Style-Syste-f26ff-ould-have-correct-code-font-mobile-chrome/test-failed-1.png
    ────────────────────────────────────────────────────────────────────────────────────────────────

    attachment #2: video (video/webm) ──────────────────────────────────────────────────────────────
    test-results/ui-pages-style-Style-Syste-f26ff-ould-have-correct-code-font-mobile-chrome/video.webm
    ────────────────────────────────────────────────────────────────────────────────────────────────

    Error Context: test-results/ui-pages-style-Style-Syste-f26ff-ould-have-correct-code-font-mobile-chrome/error-context.md

    Retry #1 ───────────────────────────────────────────────────────────────────────────────────────

    Error: page.$eval: Failed to find element matching selector "code, pre"

      119 |     expectedFont: string
      120 |   ): Promise<void> {
    > 121 |     const actualFont = await page.$eval(
          |                                   ^
      122 |       selector,
      123 |       (el) => {
      124 |         const computed = window.getComputedStyle(el);
        at checkFont (/home/tbaltzakis/cloudless.gr/e2e/ui/pages/style.spec.ts:121:35)
        at /home/tbaltzakis/cloudless.gr/e2e/ui/pages/style.spec.ts:182:15

    attachment #1: screenshot (image/png) ──────────────────────────────────────────────────────────
    test-results/ui-pages-style-Style-Syste-f26ff-ould-have-correct-code-font-mobile-chrome-retry1/test-failed-1.png
    ────────────────────────────────────────────────────────────────────────────────────────────────

    attachment #2: video (video/webm) ──────────────────────────────────────────────────────────────
    test-results/ui-pages-style-Style-Syste-f26ff-ould-have-correct-code-font-mobile-chrome-retry1/video.webm
    ────────────────────────────────────────────────────────────────────────────────────────────────

    Error Context: test-results/ui-pages-style-Style-Syste-f26ff-ould-have-correct-code-font-mobile-chrome-retry1/error-context.md

    attachment #4: trace (application/zip) ─────────────────────────────────────────────────────────
    test-results/ui-pages-style-Style-Syste-f26ff-ould-have-correct-code-font-mobile-chrome-retry1/trace.zip
    Usage:

        npx playwright show-trace test-results/ui-pages-style-Style-Syste-f26ff-ould-have-correct-code-font-mobile-chrome-retry1/trace.zip

    ────────────────────────────────────────────────────────────────────────────────────────────────

  2093) [mobile-chrome] › e2e/ui/pages/style.spec.ts:185:11 › Style System › Homepage Style › should have neon cyan accents 

    Error: expect(received).toBeTruthy()

    Matcher error: this matcher must not have an expected argument

    Expected has type:  string
    Expected has value: "No element with neon cyan color found on Homepage"

      212 |           }
      213 |         }
    > 214 |         expect(found).toBeTruthy(
          |                       ^
      215 |           `No element with neon cyan color found on ${name}`
      216 |         );
      217 |       });
        at /home/tbaltzakis/cloudless.gr/e2e/ui/pages/style.spec.ts:214:23

    attachment #1: screenshot (image/png) ──────────────────────────────────────────────────────────
    test-results/ui-pages-style-Style-Syste-629ef-ould-have-neon-cyan-accents-mobile-chrome/test-failed-1.png
    ────────────────────────────────────────────────────────────────────────────────────────────────

    attachment #2: video (video/webm) ──────────────────────────────────────────────────────────────
    test-results/ui-pages-style-Style-Syste-629ef-ould-have-neon-cyan-accents-mobile-chrome/video.webm
    ────────────────────────────────────────────────────────────────────────────────────────────────

    Error Context: test-results/ui-pages-style-Style-Syste-629ef-ould-have-neon-cyan-accents-mobile-chrome/error-context.md

    Retry #1 ───────────────────────────────────────────────────────────────────────────────────────

    Error: expect(received).toBeTruthy()

    Matcher error: this matcher must not have an expected argument

    Expected has type:  string
    Expected has value: "No element with neon cyan color found on Homepage"

      212 |           }
      213 |         }
    > 214 |         expect(found).toBeTruthy(
          |                       ^
      215 |           `No element with neon cyan color found on ${name}`
      216 |         );
      217 |       });
        at /home/tbaltzakis/cloudless.gr/e2e/ui/pages/style.spec.ts:214:23

    attachment #1: screenshot (image/png) ──────────────────────────────────────────────────────────
    test-results/ui-pages-style-Style-Syste-629ef-ould-have-neon-cyan-accents-mobile-chrome-retry1/test-failed-1.png
    ────────────────────────────────────────────────────────────────────────────────────────────────

    attachment #2: video (video/webm) ──────────────────────────────────────────────────────────────
    test-results/ui-pages-style-Style-Syste-629ef-ould-have-neon-cyan-accents-mobile-chrome-retry1/video.webm
    ────────────────────────────────────────────────────────────────────────────────────────────────

    Error Context: test-results/ui-pages-style-Style-Syste-629ef-ould-have-neon-cyan-accents-mobile-chrome-retry1/error-context.md

    attachment #4: trace (application/zip) ─────────────────────────────────────────────────────────
    test-results/ui-pages-style-Style-Syste-629ef-ould-have-neon-cyan-accents-mobile-chrome-retry1/trace.zip
    Usage:

        npx playwright show-trace test-results/ui-pages-style-Style-Syste-629ef-ould-have-neon-cyan-accents-mobile-chrome-retry1/trace.zip

    ────────────────────────────────────────────────────────────────────────────────────────────────

  2094) [mobile-chrome] › e2e/ui/pages/style.spec.ts:219:11 › Style System › Homepage Style › should have neon magenta accents 

    Error: expect(received).toBeTruthy()

    Matcher error: this matcher must not have an expected argument

    Expected has type:  string
    Expected has value: "No element with neon magenta color found on Homepage"

      241 |           }
      242 |         }
    > 243 |         expect(found).toBeTruthy(
          |                       ^
      244 |           `No element with neon magenta color found on ${name}`
      245 |         );
      246 |       });
        at /home/tbaltzakis/cloudless.gr/e2e/ui/pages/style.spec.ts:243:23

    attachment #1: screenshot (image/png) ──────────────────────────────────────────────────────────
    test-results/ui-pages-style-Style-Syste-93a51-d-have-neon-magenta-accents-mobile-chrome/test-failed-1.png
    ────────────────────────────────────────────────────────────────────────────────────────────────

    attachment #2: video (video/webm) ──────────────────────────────────────────────────────────────
    test-results/ui-pages-style-Style-Syste-93a51-d-have-neon-magenta-accents-mobile-chrome/video.webm
    ────────────────────────────────────────────────────────────────────────────────────────────────

    Error Context: test-results/ui-pages-style-Style-Syste-93a51-d-have-neon-magenta-accents-mobile-chrome/error-context.md

    Retry #1 ───────────────────────────────────────────────────────────────────────────────────────

    Error: expect(received).toBeTruthy()

    Matcher error: this matcher must not have an expected argument

    Expected has type:  string
    Expected has value: "No element with neon magenta color found on Homepage"

      241 |           }
      242 |         }
    > 243 |         expect(found).toBeTruthy(
          |                       ^
      244 |           `No element with neon magenta color found on ${name}`
      245 |         );
      246 |       });
        at /home/tbaltzakis/cloudless.gr/e2e/ui/pages/style.spec.ts:243:23

    attachment #1: screenshot (image/png) ──────────────────────────────────────────────────────────
    test-results/ui-pages-style-Style-Syste-93a51-d-have-neon-magenta-accents-mobile-chrome-retry1/test-failed-1.png
    ────────────────────────────────────────────────────────────────────────────────────────────────

    attachment #2: video (video/webm) ──────────────────────────────────────────────────────────────
    test-results/ui-pages-style-Style-Syste-93a51-d-have-neon-magenta-accents-mobile-chrome-retry1/video.webm
    ────────────────────────────────────────────────────────────────────────────────────────────────

    Error Context: test-results/ui-pages-style-Style-Syste-93a51-d-have-neon-magenta-accents-mobile-chrome-retry1/error-context.md

    attachment #4: trace (application/zip) ─────────────────────────────────────────────────────────
    test-results/ui-pages-style-Style-Syste-93a51-d-have-neon-magenta-accents-mobile-chrome-retry1/trace.zip
    Usage:

        npx playwright show-trace test-results/ui-pages-style-Style-Syste-93a51-d-have-neon-magenta-accents-mobile-chrome-retry1/trace.zip

    ────────────────────────────────────────────────────────────────────────────────────────────────

  2095) [mobile-chrome] › e2e/ui/pages/style.spec.ts:248:11 › Style System › Homepage Style › should have neon green accents 

    Error: expect(received).toBeTruthy()

    Matcher error: this matcher must not have an expected argument

    Expected has type:  string
    Expected has value: "No element with neon green color found on Homepage"

      269 |           }
      270 |         }
    > 271 |         expect(found).toBeTruthy(
          |                       ^
      272 |           `No element with neon green color found on ${name}`
      273 |         );
      274 |       });
        at /home/tbaltzakis/cloudless.gr/e2e/ui/pages/style.spec.ts:271:23

    attachment #1: screenshot (image/png) ──────────────────────────────────────────────────────────
    test-results/ui-pages-style-Style-Syste-39e39-uld-have-neon-green-accents-mobile-chrome/test-failed-1.png
    ────────────────────────────────────────────────────────────────────────────────────────────────

    attachment #2: video (video/webm) ──────────────────────────────────────────────────────────────
    test-results/ui-pages-style-Style-Syste-39e39-uld-have-neon-green-accents-mobile-chrome/video.webm
    ────────────────────────────────────────────────────────────────────────────────────────────────

    Error Context: test-results/ui-pages-style-Style-Syste-39e39-uld-have-neon-green-accents-mobile-chrome/error-context.md

    Retry #1 ───────────────────────────────────────────────────────────────────────────────────────

    Error: expect(received).toBeTruthy()

    Matcher error: this matcher must not have an expected argument

    Expected has type:  string
    Expected has value: "No element with neon green color found on Homepage"

      269 |           }
      270 |         }
    > 271 |         expect(found).toBeTruthy(
          |                       ^
      272 |           `No element with neon green color found on ${name}`
      273 |         );
      274 |       });
        at /home/tbaltzakis/cloudless.gr/e2e/ui/pages/style.spec.ts:271:23

    attachment #1: screenshot (image/png) ──────────────────────────────────────────────────────────
    test-results/ui-pages-style-Style-Syste-39e39-uld-have-neon-green-accents-mobile-chrome-retry1/test-failed-1.png
    ────────────────────────────────────────────────────────────────────────────────────────────────

    attachment #2: video (video/webm) ──────────────────────────────────────────────────────────────
    test-results/ui-pages-style-Style-Syste-39e39-uld-have-neon-green-accents-mobile-chrome-retry1/video.webm
    ────────────────────────────────────────────────────────────────────────────────────────────────

    Error Context: test-results/ui-pages-style-Style-Syste-39e39-uld-have-neon-green-accents-mobile-chrome-retry1/error-context.md

    attachment #4: trace (application/zip) ─────────────────────────────────────────────────────────
    test-results/ui-pages-style-Style-Syste-39e39-uld-have-neon-green-accents-mobile-chrome-retry1/trace.zip
    Usage:

        npx playwright show-trace test-results/ui-pages-style-Style-Syste-39e39-uld-have-neon-green-accents-mobile-chrome-retry1/trace.zip

    ────────────────────────────────────────────────────────────────────────────────────────────────

  2096) [mobile-chrome] › e2e/ui/pages/style.spec.ts:276:11 › Style System › Homepage Style › should have neon blue accents 

    Error: expect(received).toBeTruthy()

    Matcher error: this matcher must not have an expected argument

    Expected has type:  string
    Expected has value: "No element with neon blue color found on Homepage"

      297 |           }
      298 |         }
    > 299 |         expect(found).toBeTruthy(
          |                       ^
      300 |           `No element with neon blue color found on ${name}`
      301 |         );
      302 |       });
        at /home/tbaltzakis/cloudless.gr/e2e/ui/pages/style.spec.ts:299:23

    attachment #1: screenshot (image/png) ──────────────────────────────────────────────────────────
    test-results/ui-pages-style-Style-Syste-9c11f-ould-have-neon-blue-accents-mobile-chrome/test-failed-1.png
    ────────────────────────────────────────────────────────────────────────────────────────────────

    attachment #2: video (video/webm) ──────────────────────────────────────────────────────────────
    test-results/ui-pages-style-Style-Syste-9c11f-ould-have-neon-blue-accents-mobile-chrome/video.webm
    ────────────────────────────────────────────────────────────────────────────────────────────────

    Error Context: test-results/ui-pages-style-Style-Syste-9c11f-ould-have-neon-blue-accents-mobile-chrome/error-context.md

    Retry #1 ───────────────────────────────────────────────────────────────────────────────────────

    Error: expect(received).toBeTruthy()

    Matcher error: this matcher must not have an expected argument

    Expected has type:  string
    Expected has value: "No element with neon blue color found on Homepage"

      297 |           }
      298 |         }
    > 299 |         expect(found).toBeTruthy(
          |                       ^
      300 |           `No element with neon blue color found on ${name}`
      301 |         );
      302 |       });
        at /home/tbaltzakis/cloudless.gr/e2e/ui/pages/style.spec.ts:299:23

    attachment #1: screenshot (image/png) ──────────────────────────────────────────────────────────
    test-results/ui-pages-style-Style-Syste-9c11f-ould-have-neon-blue-accents-mobile-chrome-retry1/test-failed-1.png
    ────────────────────────────────────────────────────────────────────────────────────────────────

    attachment #2: video (video/webm) ──────────────────────────────────────────────────────────────
    test-results/ui-pages-style-Style-Syste-9c11f-ould-have-neon-blue-accents-mobile-chrome-retry1/video.webm
    ────────────────────────────────────────────────────────────────────────────────────────────────

    Error Context: test-results/ui-pages-style-Style-Syste-9c11f-ould-have-neon-blue-accents-mobile-chrome-retry1/error-context.md

    attachment #4: trace (application/zip) ─────────────────────────────────────────────────────────
    test-results/ui-pages-style-Style-Syste-9c11f-ould-have-neon-blue-accents-mobile-chrome-retry1/trace.zip
    Usage:

        npx playwright show-trace test-results/ui-pages-style-Style-Syste-9c11f-ould-have-neon-blue-accents-mobile-chrome-retry1/trace.zip

    ────────────────────────────────────────────────────────────────────────────────────────────────

  2097) [mobile-chrome] › e2e/ui/pages/style.spec.ts:306:15 › Style System › Homepage Style › Effects › should have scanlines effect applied 

    Error: expect(received).toBeGreaterThan(expected)

    Expected: > 0
    Received:   0

      143 |       (elements) => elements.length
      144 |     );
    > 145 |     expect(count).toBeGreaterThan(0);
          |                   ^
      146 |   }
      147 |
      148 |   // Test pages
        at checkEffectClass (/home/tbaltzakis/cloudless.gr/e2e/ui/pages/style.spec.ts:145:19)
        at /home/tbaltzakis/cloudless.gr/e2e/ui/pages/style.spec.ts:307:13

    attachment #1: screenshot (image/png) ──────────────────────────────────────────────────────────
    test-results/ui-pages-style-Style-Syste-13917-ve-scanlines-effect-applied-mobile-chrome/test-failed-1.png
    ────────────────────────────────────────────────────────────────────────────────────────────────

    attachment #2: video (video/webm) ──────────────────────────────────────────────────────────────
    test-results/ui-pages-style-Style-Syste-13917-ve-scanlines-effect-applied-mobile-chrome/video.webm
    ────────────────────────────────────────────────────────────────────────────────────────────────

    Error Context: test-results/ui-pages-style-Style-Syste-13917-ve-scanlines-effect-applied-mobile-chrome/error-context.md

    Retry #1 ───────────────────────────────────────────────────────────────────────────────────────

    Error: expect(received).toBeGreaterThan(expected)

    Expected: > 0
    Received:   0

      143 |       (elements) => elements.length
      144 |     );
    > 145 |     expect(count).toBeGreaterThan(0);
          |                   ^
      146 |   }
      147 |
      148 |   // Test pages
        at checkEffectClass (/home/tbaltzakis/cloudless.gr/e2e/ui/pages/style.spec.ts:145:19)
        at /home/tbaltzakis/cloudless.gr/e2e/ui/pages/style.spec.ts:307:13

    attachment #1: screenshot (image/png) ──────────────────────────────────────────────────────────
    test-results/ui-pages-style-Style-Syste-13917-ve-scanlines-effect-applied-mobile-chrome-retry1/test-failed-1.png
    ────────────────────────────────────────────────────────────────────────────────────────────────

    attachment #2: video (video/webm) ──────────────────────────────────────────────────────────────
    test-results/ui-pages-style-Style-Syste-13917-ve-scanlines-effect-applied-mobile-chrome-retry1/video.webm
    ────────────────────────────────────────────────────────────────────────────────────────────────

    Error Context: test-results/ui-pages-style-Style-Syste-13917-ve-scanlines-effect-applied-mobile-chrome-retry1/error-context.md

    attachment #4: trace (application/zip) ─────────────────────────────────────────────────────────
    test-results/ui-pages-style-Style-Syste-13917-ve-scanlines-effect-applied-mobile-chrome-retry1/trace.zip
    Usage:

        npx playwright show-trace test-results/ui-pages-style-Style-Syste-13917-ve-scanlines-effect-applied-mobile-chrome-retry1/trace.zip

    ────────────────────────────────────────────────────────────────────────────────────────────────

  2098) [mobile-chrome] › e2e/ui/pages/style.spec.ts:306:15 › Style System › Homepage Style › Effects › should have cyber-grid effect applied 

    Error: expect(received).toBeGreaterThan(expected)

    Expected: > 0
    Received:   0

      143 |       (elements) => elements.length
      144 |     );
    > 145 |     expect(count).toBeGreaterThan(0);
          |                   ^
      146 |   }
      147 |
      148 |   // Test pages
        at checkEffectClass (/home/tbaltzakis/cloudless.gr/e2e/ui/pages/style.spec.ts:145:19)
        at /home/tbaltzakis/cloudless.gr/e2e/ui/pages/style.spec.ts:307:13

    attachment #1: screenshot (image/png) ──────────────────────────────────────────────────────────
    test-results/ui-pages-style-Style-Syste-c8869-e-cyber-grid-effect-applied-mobile-chrome/test-failed-1.png
    ────────────────────────────────────────────────────────────────────────────────────────────────

    attachment #2: video (video/webm) ──────────────────────────────────────────────────────────────
    test-results/ui-pages-style-Style-Syste-c8869-e-cyber-grid-effect-applied-mobile-chrome/video.webm
    ────────────────────────────────────────────────────────────────────────────────────────────────

    Error Context: test-results/ui-pages-style-Style-Syste-c8869-e-cyber-grid-effect-applied-mobile-chrome/error-context.md

    Retry #1 ───────────────────────────────────────────────────────────────────────────────────────

    Error: expect(received).toBeGreaterThan(expected)

    Expected: > 0
    Received:   0

      143 |       (elements) => elements.length
      144 |     );
    > 145 |     expect(count).toBeGreaterThan(0);
          |                   ^
      146 |   }
      147 |
      148 |   // Test pages
        at checkEffectClass (/home/tbaltzakis/cloudless.gr/e2e/ui/pages/style.spec.ts:145:19)
        at /home/tbaltzakis/cloudless.gr/e2e/ui/pages/style.spec.ts:307:13

    attachment #1: screenshot (image/png) ──────────────────────────────────────────────────────────
    test-results/ui-pages-style-Style-Syste-c8869-e-cyber-grid-effect-applied-mobile-chrome-retry1/test-failed-1.png
    ────────────────────────────────────────────────────────────────────────────────────────────────

    attachment #2: video (video/webm) ──────────────────────────────────────────────────────────────
    test-results/ui-pages-style-Style-Syste-c8869-e-cyber-grid-effect-applied-mobile-chrome-retry1/video.webm
    ────────────────────────────────────────────────────────────────────────────────────────────────

    Error Context: test-results/ui-pages-style-Style-Syste-c8869-e-cyber-grid-effect-applied-mobile-chrome-retry1/error-context.md

    attachment #4: trace (application/zip) ─────────────────────────────────────────────────────────
    test-results/ui-pages-style-Style-Syste-c8869-e-cyber-grid-effect-applied-mobile-chrome-retry1/trace.zip
    Usage:

        npx playwright show-trace test-results/ui-pages-style-Style-Syste-c8869-e-cyber-grid-effect-applied-mobile-chrome-retry1/trace.zip

    ────────────────────────────────────────────────────────────────────────────────────────────────

  2099) [mobile-chrome] › e2e/ui/pages/style.spec.ts:306:15 › Style System › Homepage Style › Effects › should have neon-border effect applied 

    Error: expect(received).toBeGreaterThan(expected)

    Expected: > 0
    Received:   0

      143 |       (elements) => elements.length
      144 |     );
    > 145 |     expect(count).toBeGreaterThan(0);
          |                   ^
      146 |   }
      147 |
      148 |   // Test pages
        at checkEffectClass (/home/tbaltzakis/cloudless.gr/e2e/ui/pages/style.spec.ts:145:19)
        at /home/tbaltzakis/cloudless.gr/e2e/ui/pages/style.spec.ts:307:13

    attachment #1: screenshot (image/png) ──────────────────────────────────────────────────────────
    test-results/ui-pages-style-Style-Syste-a5f50--neon-border-effect-applied-mobile-chrome/test-failed-1.png
    ────────────────────────────────────────────────────────────────────────────────────────────────

    attachment #2: video (video/webm) ──────────────────────────────────────────────────────────────
    test-results/ui-pages-style-Style-Syste-a5f50--neon-border-effect-applied-mobile-chrome/video.webm
    ────────────────────────────────────────────────────────────────────────────────────────────────

    Error Context: test-results/ui-pages-style-Style-Syste-a5f50--neon-border-effect-applied-mobile-chrome/error-context.md

    Retry #1 ───────────────────────────────────────────────────────────────────────────────────────

    Error: expect(received).toBeGreaterThan(expected)

    Expected: > 0
    Received:   0

      143 |       (elements) => elements.length
      144 |     );
    > 145 |     expect(count).toBeGreaterThan(0);
          |                   ^
      146 |   }
      147 |
      148 |   // Test pages
        at checkEffectClass (/home/tbaltzakis/cloudless.gr/e2e/ui/pages/style.spec.ts:145:19)
        at /home/tbaltzakis/cloudless.gr/e2e/ui/pages/style.spec.ts:307:13

    attachment #1: screenshot (image/png) ──────────────────────────────────────────────────────────
    test-results/ui-pages-style-Style-Syste-a5f50--neon-border-effect-applied-mobile-chrome-retry1/test-failed-1.png
    ────────────────────────────────────────────────────────────────────────────────────────────────

    attachment #2: video (video/webm) ──────────────────────────────────────────────────────────────
    test-results/ui-pages-style-Style-Syste-a5f50--neon-border-effect-applied-mobile-chrome-retry1/video.webm
    ────────────────────────────────────────────────────────────────────────────────────────────────

    Error Context: test-results/ui-pages-style-Style-Syste-a5f50--neon-border-effect-applied-mobile-chrome-retry1/error-context.md

    attachment #4: trace (application/zip) ─────────────────────────────────────────────────────────
    test-results/ui-pages-style-Style-Syste-a5f50--neon-border-effect-applied-mobile-chrome-retry1/trace.zip
    Usage:

        npx playwright show-trace test-results/ui-pages-style-Style-Syste-a5f50--neon-border-effect-applied-mobile-chrome-retry1/trace.zip

    ────────────────────────────────────────────────────────────────────────────────────────────────

  2100) [mobile-chrome] › e2e/ui/pages/style.spec.ts:306:15 › Style System › Homepage Style › Effects › should have glow-cyan effect applied 

    Error: expect(received).toBeGreaterThan(expected)

    Expected: > 0
    Received:   0

      143 |       (elements) => elements.length
      144 |     );
    > 145 |     expect(count).toBeGreaterThan(0);
          |                   ^
      146 |   }
      147 |
      148 |   // Test pages
        at checkEffectClass (/home/tbaltzakis/cloudless.gr/e2e/ui/pages/style.spec.ts:145:19)
        at /home/tbaltzakis/cloudless.gr/e2e/ui/pages/style.spec.ts:307:13

    attachment #1: screenshot (image/png) ──────────────────────────────────────────────────────────
    test-results/ui-pages-style-Style-Syste-23e9e-ve-glow-cyan-effect-applied-mobile-chrome/test-failed-1.png
    ────────────────────────────────────────────────────────────────────────────────────────────────

    attachment #2: video (video/webm) ──────────────────────────────────────────────────────────────
    test-results/ui-pages-style-Style-Syste-23e9e-ve-glow-cyan-effect-applied-mobile-chrome/video.webm
    ────────────────────────────────────────────────────────────────────────────────────────────────

    Error Context: test-results/ui-pages-style-Style-Syste-23e9e-ve-glow-cyan-effect-applied-mobile-chrome/error-context.md

    Retry #1 ───────────────────────────────────────────────────────────────────────────────────────

    Error: expect(received).toBeGreaterThan(expected)

    Expected: > 0
    Received:   0

      143 |       (elements) => elements.length
      144 |     );
    > 145 |     expect(count).toBeGreaterThan(0);
          |                   ^
      146 |   }
      147 |
      148 |   // Test pages
        at checkEffectClass (/home/tbaltzakis/cloudless.gr/e2e/ui/pages/style.spec.ts:145:19)
        at /home/tbaltzakis/cloudless.gr/e2e/ui/pages/style.spec.ts:307:13

    attachment #1: screenshot (image/png) ──────────────────────────────────────────────────────────
    test-results/ui-pages-style-Style-Syste-23e9e-ve-glow-cyan-effect-applied-mobile-chrome-retry1/test-failed-1.png
    ────────────────────────────────────────────────────────────────────────────────────────────────

    attachment #2: video (video/webm) ──────────────────────────────────────────────────────────────
    test-results/ui-pages-style-Style-Syste-23e9e-ve-glow-cyan-effect-applied-mobile-chrome-retry1/video.webm
    ────────────────────────────────────────────────────────────────────────────────────────────────

    Error Context: test-results/ui-pages-style-Style-Syste-23e9e-ve-glow-cyan-effect-applied-mobile-chrome-retry1/error-context.md

    attachment #4: trace (application/zip) ─────────────────────────────────────────────────────────
    test-results/ui-pages-style-Style-Syste-23e9e-ve-glow-cyan-effect-applied-mobile-chrome-retry1/trace.zip
    Usage:

        npx playwright show-trace test-results/ui-pages-style-Style-Syste-23e9e-ve-glow-cyan-effect-applied-mobile-chrome-retry1/trace.zip

    ────────────────────────────────────────────────────────────────────────────────────────────────

  2101) [mobile-chrome] › e2e/ui/pages/style.spec.ts:306:15 › Style System › Homepage Style › Effects › should have dot-matrix effect applied 

    Error: expect(received).toBeGreaterThan(expected)

    Expected: > 0
    Received:   0

      143 |       (elements) => elements.length
      144 |     );
    > 145 |     expect(count).toBeGreaterThan(0);
          |                   ^
      146 |   }
      147 |
      148 |   // Test pages
        at checkEffectClass (/home/tbaltzakis/cloudless.gr/e2e/ui/pages/style.spec.ts:145:19)
        at /home/tbaltzakis/cloudless.gr/e2e/ui/pages/style.spec.ts:307:13

    attachment #1: screenshot (image/png) ──────────────────────────────────────────────────────────
    test-results/ui-pages-style-Style-Syste-b3390-e-dot-matrix-effect-applied-mobile-chrome/test-failed-1.png
    ────────────────────────────────────────────────────────────────────────────────────────────────

    attachment #2: video (video/webm) ──────────────────────────────────────────────────────────────
    test-results/ui-pages-style-Style-Syste-b3390-e-dot-matrix-effect-applied-mobile-chrome/video.webm
    ────────────────────────────────────────────────────────────────────────────────────────────────

    Error Context: test-results/ui-pages-style-Style-Syste-b3390-e-dot-matrix-effect-applied-mobile-chrome/error-context.md

    Retry #1 ───────────────────────────────────────────────────────────────────────────────────────

    Error: expect(received).toBeGreaterThan(expected)

    Expected: > 0
    Received:   0

      143 |       (elements) => elements.length
      144 |     );
    > 145 |     expect(count).toBeGreaterThan(0);
          |                   ^
      146 |   }
      147 |
      148 |   // Test pages
        at checkEffectClass (/home/tbaltzakis/cloudless.gr/e2e/ui/pages/style.spec.ts:145:19)
        at /home/tbaltzakis/cloudless.gr/e2e/ui/pages/style.spec.ts:307:13

    attachment #1: screenshot (image/png) ──────────────────────────────────────────────────────────
    test-results/ui-pages-style-Style-Syste-b3390-e-dot-matrix-effect-applied-mobile-chrome-retry1/test-failed-1.png
    ────────────────────────────────────────────────────────────────────────────────────────────────

    attachment #2: video (video/webm) ──────────────────────────────────────────────────────────────
    test-results/ui-pages-style-Style-Syste-b3390-e-dot-matrix-effect-applied-mobile-chrome-retry1/video.webm
    ────────────────────────────────────────────────────────────────────────────────────────────────

    Error Context: test-results/ui-pages-style-Style-Syste-b3390-e-dot-matrix-effect-applied-mobile-chrome-retry1/error-context.md

    attachment #4: trace (application/zip) ─────────────────────────────────────────────────────────
    test-results/ui-pages-style-Style-Syste-b3390-e-dot-matrix-effect-applied-mobile-chrome-retry1/trace.zip
    Usage:

        npx playwright show-trace test-results/ui-pages-style-Style-Syste-b3390-e-dot-matrix-effect-applied-mobile-chrome-retry1/trace.zip

    ────────────────────────────────────────────────────────────────────────────────────────────────

  2102) [mobile-chrome] › e2e/ui/pages/style.spec.ts:313:13 › Style System › Homepage Style › Hover States › should show neon cyan on hover for interactive elements 

    Test timeout of 60000ms exceeded.

    Error: expect(received).toBeTruthy()

    Matcher error: this matcher must not have an expected argument

    Expected has type:  string
    Expected has value: "No interactive element shows neon cyan on hover on Homepage"

      341 |             }
      342 |           }
    > 343 |           expect(foundHover).toBeTruthy(
          |                              ^
      344 |             `No interactive element shows neon cyan on hover on ${name}`
      345 |           );
      346 |         });
        at /home/tbaltzakis/cloudless.gr/e2e/ui/pages/style.spec.ts:343:30

    attachment #1: screenshot (image/png) ──────────────────────────────────────────────────────────
    test-results/ui-pages-style-Style-Syste-2c56b-er-for-interactive-elements-mobile-chrome/test-failed-1.png
    ────────────────────────────────────────────────────────────────────────────────────────────────

    attachment #2: video (video/webm) ──────────────────────────────────────────────────────────────
    test-results/ui-pages-style-Style-Syste-2c56b-er-for-interactive-elements-mobile-chrome/video.webm
    ────────────────────────────────────────────────────────────────────────────────────────────────

    Error Context: test-results/ui-pages-style-Style-Syste-2c56b-er-for-interactive-elements-mobile-chrome/error-context.md

    Retry #1 ───────────────────────────────────────────────────────────────────────────────────────

    Error: page.goto: net::ERR_CONNECTION_REFUSED at http://localhost:4000/
    Call log:
      - navigating to "http://localhost:4000/", waiting until "load"


      158 |     test.describe(`${name} Style`, () => {
      159 |       test.beforeEach(async ({ page }) => {
    > 160 |         await page.goto(path);
          |                    ^
      161 |         // Wait for network idle to ensure styles are applied
      162 |         await page.waitForLoadState("networkidle");
      163 |       });
        at /home/tbaltzakis/cloudless.gr/e2e/ui/pages/style.spec.ts:160:20

    attachment #1: screenshot (image/png) ──────────────────────────────────────────────────────────
    test-results/ui-pages-style-Style-Syste-2c56b-er-for-interactive-elements-mobile-chrome-retry1/test-failed-1.png
    ────────────────────────────────────────────────────────────────────────────────────────────────

    attachment #2: video (video/webm) ──────────────────────────────────────────────────────────────
    test-results/ui-pages-style-Style-Syste-2c56b-er-for-interactive-elements-mobile-chrome-retry1/video.webm
    ────────────────────────────────────────────────────────────────────────────────────────────────

    Error Context: test-results/ui-pages-style-Style-Syste-2c56b-er-for-interactive-elements-mobile-chrome-retry1/error-context.md

    attachment #4: trace (application/zip) ─────────────────────────────────────────────────────────
    test-results/ui-pages-style-Style-Syste-2c56b-er-for-interactive-elements-mobile-chrome-retry1/trace.zip
    Usage:

        npx playwright show-trace test-results/ui-pages-style-Style-Syste-2c56b-er-for-interactive-elements-mobile-chrome-retry1/trace.zip

    ────────────────────────────────────────────────────────────────────────────────────────────────

  2103) [mobile-chrome] › e2e/ui/pages/style.spec.ts:165:11 › Style System › Services Style › should have void background color 

    Error: expect(received).toBeCloseTo(expected, precision)

    Expected: 10
    Received: 252

    Expected precision:    0
    Expected difference: < 0.5
    Received difference:   242

      57 |
      58 |     // Allow small tolerance due to potential alpha or rendering differences
    > 59 |     expect(actualRgb.r).toBeCloseTo(expectedRgb.r, 0);
         |                         ^
      60 |     expect(actualRgb.g).toBeCloseTo(expectedRgb.g, 0);
      61 |     expect(actualRgb.b).toBeCloseTo(expectedRgb.b, 0);
      62 |   }
        at checkColor (/home/tbaltzakis/cloudless.gr/e2e/ui/pages/style.spec.ts:59:25)
        at /home/tbaltzakis/cloudless.gr/e2e/ui/pages/style.spec.ts:167:9

    attachment #1: screenshot (image/png) ──────────────────────────────────────────────────────────
    test-results/ui-pages-style-Style-Syste-b523e--have-void-background-color-mobile-chrome/test-failed-1.png
    ────────────────────────────────────────────────────────────────────────────────────────────────

    attachment #2: video (video/webm) ──────────────────────────────────────────────────────────────
    test-results/ui-pages-style-Style-Syste-b523e--have-void-background-color-mobile-chrome/video.webm
    ────────────────────────────────────────────────────────────────────────────────────────────────

    Error Context: test-results/ui-pages-style-Style-Syste-b523e--have-void-background-color-mobile-chrome/error-context.md

    Retry #1 ───────────────────────────────────────────────────────────────────────────────────────

    Error: page.goto: net::ERR_CONNECTION_REFUSED at http://localhost:4000/services
    Call log:
      - navigating to "http://localhost:4000/services", waiting until "load"


      158 |     test.describe(`${name} Style`, () => {
      159 |       test.beforeEach(async ({ page }) => {
    > 160 |         await page.goto(path);
          |                    ^
      161 |         // Wait for network idle to ensure styles are applied
      162 |         await page.waitForLoadState("networkidle");
      163 |       });
        at /home/tbaltzakis/cloudless.gr/e2e/ui/pages/style.spec.ts:160:20

    attachment #1: screenshot (image/png) ──────────────────────────────────────────────────────────
    test-results/ui-pages-style-Style-Syste-b523e--have-void-background-color-mobile-chrome-retry1/test-failed-1.png
    ────────────────────────────────────────────────────────────────────────────────────────────────

    attachment #2: video (video/webm) ──────────────────────────────────────────────────────────────
    test-results/ui-pages-style-Style-Syste-b523e--have-void-background-color-mobile-chrome-retry1/video.webm
    ────────────────────────────────────────────────────────────────────────────────────────────────

    Error Context: test-results/ui-pages-style-Style-Syste-b523e--have-void-background-color-mobile-chrome-retry1/error-context.md

    attachment #4: trace (application/zip) ─────────────────────────────────────────────────────────
    test-results/ui-pages-style-Style-Syste-b523e--have-void-background-color-mobile-chrome-retry1/trace.zip
    Usage:

        npx playwright show-trace test-results/ui-pages-style-Style-Syste-b523e--have-void-background-color-mobile-chrome-retry1/trace.zip

    ────────────────────────────────────────────────────────────────────────────────────────────────

  2104) [mobile-chrome] › e2e/ui/pages/style.spec.ts:170:11 › Style System › Services Style › should have correct heading font 

    Error: page.goto: net::ERR_CONNECTION_REFUSED at http://localhost:4000/services
    Call log:
      - navigating to "http://localhost:4000/services", waiting until "load"


      158 |     test.describe(`${name} Style`, () => {
      159 |       test.beforeEach(async ({ page }) => {
    > 160 |         await page.goto(path);
          |                    ^
      161 |         // Wait for network idle to ensure styles are applied
      162 |         await page.waitForLoadState("networkidle");
      163 |       });
        at /home/tbaltzakis/cloudless.gr/e2e/ui/pages/style.spec.ts:160:20

    attachment #1: screenshot (image/png) ──────────────────────────────────────────────────────────
    test-results/ui-pages-style-Style-Syste-84ff8-d-have-correct-heading-font-mobile-chrome/test-failed-1.png
    ────────────────────────────────────────────────────────────────────────────────────────────────

    attachment #2: video (video/webm) ──────────────────────────────────────────────────────────────
    test-results/ui-pages-style-Style-Syste-84ff8-d-have-correct-heading-font-mobile-chrome/video.webm
    ────────────────────────────────────────────────────────────────────────────────────────────────

    Error Context: test-results/ui-pages-style-Style-Syste-84ff8-d-have-correct-heading-font-mobile-chrome/error-context.md

    Retry #1 ───────────────────────────────────────────────────────────────────────────────────────

    Error: page.goto: net::ERR_CONNECTION_REFUSED at http://localhost:4000/services
    Call log:
      - navigating to "http://localhost:4000/services", waiting until "load"


      158 |     test.describe(`${name} Style`, () => {
      159 |       test.beforeEach(async ({ page }) => {
    > 160 |         await page.goto(path);
          |                    ^
      161 |         // Wait for network idle to ensure styles are applied
      162 |         await page.waitForLoadState("networkidle");
      163 |       });
        at /home/tbaltzakis/cloudless.gr/e2e/ui/pages/style.spec.ts:160:20

    attachment #1: screenshot (image/png) ──────────────────────────────────────────────────────────
    test-results/ui-pages-style-Style-Syste-84ff8-d-have-correct-heading-font-mobile-chrome-retry1/test-failed-1.png
    ────────────────────────────────────────────────────────────────────────────────────────────────

    attachment #2: video (video/webm) ──────────────────────────────────────────────────────────────
    test-results/ui-pages-style-Style-Syste-84ff8-d-have-correct-heading-font-mobile-chrome-retry1/video.webm
    ────────────────────────────────────────────────────────────────────────────────────────────────

    Error Context: test-results/ui-pages-style-Style-Syste-84ff8-d-have-correct-heading-font-mobile-chrome-retry1/error-context.md

    attachment #4: trace (application/zip) ─────────────────────────────────────────────────────────
    test-results/ui-pages-style-Style-Syste-84ff8-d-have-correct-heading-font-mobile-chrome-retry1/trace.zip
    Usage:

        npx playwright show-trace test-results/ui-pages-style-Style-Syste-84ff8-d-have-correct-heading-font-mobile-chrome-retry1/trace.zip

    ────────────────────────────────────────────────────────────────────────────────────────────────

  2105) [mobile-chrome] › e2e/ui/pages/style.spec.ts:175:11 › Style System › Services Style › should have correct body font 

    Error: page.goto: net::ERR_CONNECTION_REFUSED at http://localhost:4000/services
    Call log:
      - navigating to "http://localhost:4000/services", waiting until "load"


      158 |     test.describe(`${name} Style`, () => {
      159 |       test.beforeEach(async ({ page }) => {
    > 160 |         await page.goto(path);
          |                    ^
      161 |         // Wait for network idle to ensure styles are applied
      162 |         await page.waitForLoadState("networkidle");
      163 |       });
        at /home/tbaltzakis/cloudless.gr/e2e/ui/pages/style.spec.ts:160:20

    attachment #1: screenshot (image/png) ──────────────────────────────────────────────────────────
    test-results/ui-pages-style-Style-Syste-26ecc-ould-have-correct-body-font-mobile-chrome/test-failed-1.png
    ────────────────────────────────────────────────────────────────────────────────────────────────

    attachment #2: video (video/webm) ──────────────────────────────────────────────────────────────
    test-results/ui-pages-style-Style-Syste-26ecc-ould-have-correct-body-font-mobile-chrome/video.webm
    ────────────────────────────────────────────────────────────────────────────────────────────────

    Error Context: test-results/ui-pages-style-Style-Syste-26ecc-ould-have-correct-body-font-mobile-chrome/error-context.md

    Retry #1 ───────────────────────────────────────────────────────────────────────────────────────

    Error: page.goto: net::ERR_CONNECTION_REFUSED at http://localhost:4000/services
    Call log:
      - navigating to "http://localhost:4000/services", waiting until "load"


      158 |     test.describe(`${name} Style`, () => {
      159 |       test.beforeEach(async ({ page }) => {
    > 160 |         await page.goto(path);
          |                    ^
      161 |         // Wait for network idle to ensure styles are applied
      162 |         await page.waitForLoadState("networkidle");
      163 |       });
        at /home/tbaltzakis/cloudless.gr/e2e/ui/pages/style.spec.ts:160:20

    attachment #1: screenshot (image/png) ──────────────────────────────────────────────────────────
    test-results/ui-pages-style-Style-Syste-26ecc-ould-have-correct-body-font-mobile-chrome-retry1/test-failed-1.png
    ────────────────────────────────────────────────────────────────────────────────────────────────

    attachment #2: video (video/webm) ──────────────────────────────────────────────────────────────
    test-results/ui-pages-style-Style-Syste-26ecc-ould-have-correct-body-font-mobile-chrome-retry1/video.webm
    ────────────────────────────────────────────────────────────────────────────────────────────────

    Error Context: test-results/ui-pages-style-Style-Syste-26ecc-ould-have-correct-body-font-mobile-chrome-retry1/error-context.md

    attachment #4: trace (application/zip) ─────────────────────────────────────────────────────────
    test-results/ui-pages-style-Style-Syste-26ecc-ould-have-correct-body-font-mobile-chrome-retry1/trace.zip
    Usage:

        npx playwright show-trace test-results/ui-pages-style-Style-Syste-26ecc-ould-have-correct-body-font-mobile-chrome-retry1/trace.zip

    ────────────────────────────────────────────────────────────────────────────────────────────────

  2106) [mobile-chrome] › e2e/ui/pages/style.spec.ts:180:11 › Style System › Services Style › should have correct code font 

    Error: page.goto: net::ERR_CONNECTION_REFUSED at http://localhost:4000/services
    Call log:
      - navigating to "http://localhost:4000/services", waiting until "load"


      158 |     test.describe(`${name} Style`, () => {
      159 |       test.beforeEach(async ({ page }) => {
    > 160 |         await page.goto(path);
          |                    ^
      161 |         // Wait for network idle to ensure styles are applied
      162 |         await page.waitForLoadState("networkidle");
      163 |       });
        at /home/tbaltzakis/cloudless.gr/e2e/ui/pages/style.spec.ts:160:20

    attachment #1: screenshot (image/png) ──────────────────────────────────────────────────────────
    test-results/ui-pages-style-Style-Syste-d5fe6-ould-have-correct-code-font-mobile-chrome/test-failed-1.png
    ────────────────────────────────────────────────────────────────────────────────────────────────

    attachment #2: video (video/webm) ──────────────────────────────────────────────────────────────
    test-results/ui-pages-style-Style-Syste-d5fe6-ould-have-correct-code-font-mobile-chrome/video.webm
    ────────────────────────────────────────────────────────────────────────────────────────────────

    Error Context: test-results/ui-pages-style-Style-Syste-d5fe6-ould-have-correct-code-font-mobile-chrome/error-context.md

    Retry #1 ───────────────────────────────────────────────────────────────────────────────────────

    Error: page.goto: net::ERR_CONNECTION_REFUSED at http://localhost:4000/services
    Call log:
      - navigating to "http://localhost:4000/services", waiting until "load"


      158 |     test.describe(`${name} Style`, () => {
      159 |       test.beforeEach(async ({ page }) => {
    > 160 |         await page.goto(path);
          |                    ^
      161 |         // Wait for network idle to ensure styles are applied
      162 |         await page.waitForLoadState("networkidle");
      163 |       });
        at /home/tbaltzakis/cloudless.gr/e2e/ui/pages/style.spec.ts:160:20

    attachment #1: screenshot (image/png) ──────────────────────────────────────────────────────────
    test-results/ui-pages-style-Style-Syste-d5fe6-ould-have-correct-code-font-mobile-chrome-retry1/test-failed-1.png
    ────────────────────────────────────────────────────────────────────────────────────────────────

    attachment #2: video (video/webm) ──────────────────────────────────────────────────────────────
    test-results/ui-pages-style-Style-Syste-d5fe6-ould-have-correct-code-font-mobile-chrome-retry1/video.webm
    ────────────────────────────────────────────────────────────────────────────────────────────────

    Error Context: test-results/ui-pages-style-Style-Syste-d5fe6-ould-have-correct-code-font-mobile-chrome-retry1/error-context.md

    attachment #4: trace (application/zip) ─────────────────────────────────────────────────────────
    test-results/ui-pages-style-Style-Syste-d5fe6-ould-have-correct-code-font-mobile-chrome-retry1/trace.zip
    Usage:

        npx playwright show-trace test-results/ui-pages-style-Style-Syste-d5fe6-ould-have-correct-code-font-mobile-chrome-retry1/trace.zip

    ────────────────────────────────────────────────────────────────────────────────────────────────

  2107) [mobile-chrome] › e2e/ui/pages/style.spec.ts:185:11 › Style System › Services Style › should have neon cyan accents 

    Error: page.goto: net::ERR_CONNECTION_REFUSED at http://localhost:4000/services
    Call log:
      - navigating to "http://localhost:4000/services", waiting until "load"


      158 |     test.describe(`${name} Style`, () => {
      159 |       test.beforeEach(async ({ page }) => {
    > 160 |         await page.goto(path);
          |                    ^
      161 |         // Wait for network idle to ensure styles are applied
      162 |         await page.waitForLoadState("networkidle");
      163 |       });
        at /home/tbaltzakis/cloudless.gr/e2e/ui/pages/style.spec.ts:160:20

    attachment #1: screenshot (image/png) ──────────────────────────────────────────────────────────
    test-results/ui-pages-style-Style-Syste-d8aac-ould-have-neon-cyan-accents-mobile-chrome/test-failed-1.png
    ────────────────────────────────────────────────────────────────────────────────────────────────

    attachment #2: video (video/webm) ──────────────────────────────────────────────────────────────
    test-results/ui-pages-style-Style-Syste-d8aac-ould-have-neon-cyan-accents-mobile-chrome/video.webm
    ────────────────────────────────────────────────────────────────────────────────────────────────

    Error Context: test-results/ui-pages-style-Style-Syste-d8aac-ould-have-neon-cyan-accents-mobile-chrome/error-context.md

    Retry #1 ───────────────────────────────────────────────────────────────────────────────────────

    Error: page.goto: net::ERR_CONNECTION_REFUSED at http://localhost:4000/services
    Call log:
      - navigating to "http://localhost:4000/services", waiting until "load"


      158 |     test.describe(`${name} Style`, () => {
      159 |       test.beforeEach(async ({ page }) => {
    > 160 |         await page.goto(path);
          |                    ^
      161 |         // Wait for network idle to ensure styles are applied
      162 |         await page.waitForLoadState("networkidle");
      163 |       });
        at /home/tbaltzakis/cloudless.gr/e2e/ui/pages/style.spec.ts:160:20

    attachment #1: screenshot (image/png) ──────────────────────────────────────────────────────────
    test-results/ui-pages-style-Style-Syste-d8aac-ould-have-neon-cyan-accents-mobile-chrome-retry1/test-failed-1.png
    ────────────────────────────────────────────────────────────────────────────────────────────────

    attachment #2: video (video/webm) ──────────────────────────────────────────────────────────────
    test-results/ui-pages-style-Style-Syste-d8aac-ould-have-neon-cyan-accents-mobile-chrome-retry1/video.webm
    ────────────────────────────────────────────────────────────────────────────────────────────────

    Error Context: test-results/ui-pages-style-Style-Syste-d8aac-ould-have-neon-cyan-accents-mobile-chrome-retry1/error-context.md

    attachment #4: trace (application/zip) ─────────────────────────────────────────────────────────
    test-results/ui-pages-style-Style-Syste-d8aac-ould-have-neon-cyan-accents-mobile-chrome-retry1/trace.zip
    Usage:

        npx playwright show-trace test-results/ui-pages-style-Style-Syste-d8aac-ould-have-neon-cyan-accents-mobile-chrome-retry1/trace.zip

    ────────────────────────────────────────────────────────────────────────────────────────────────

  2108) [mobile-chrome] › e2e/ui/pages/style.spec.ts:219:11 › Style System › Services Style › should have neon magenta accents 

    Error: page.goto: net::ERR_CONNECTION_REFUSED at http://localhost:4000/services
    Call log:
      - navigating to "http://localhost:4000/services", waiting until "load"


      158 |     test.describe(`${name} Style`, () => {
      159 |       test.beforeEach(async ({ page }) => {
    > 160 |         await page.goto(path);
          |                    ^
      161 |         // Wait for network idle to ensure styles are applied
      162 |         await page.waitForLoadState("networkidle");
      163 |       });
        at /home/tbaltzakis/cloudless.gr/e2e/ui/pages/style.spec.ts:160:20

    attachment #1: screenshot (image/png) ──────────────────────────────────────────────────────────
    test-results/ui-pages-style-Style-Syste-d2105-d-have-neon-magenta-accents-mobile-chrome/test-failed-1.png
    ────────────────────────────────────────────────────────────────────────────────────────────────

    attachment #2: video (video/webm) ──────────────────────────────────────────────────────────────
    test-results/ui-pages-style-Style-Syste-d2105-d-have-neon-magenta-accents-mobile-chrome/video.webm
    ────────────────────────────────────────────────────────────────────────────────────────────────

    Error Context: test-results/ui-pages-style-Style-Syste-d2105-d-have-neon-magenta-accents-mobile-chrome/error-context.md

    Retry #1 ───────────────────────────────────────────────────────────────────────────────────────

    Error: page.goto: net::ERR_CONNECTION_REFUSED at http://localhost:4000/services
    Call log:
      - navigating to "http://localhost:4000/services", waiting until "load"


      158 |     test.describe(`${name} Style`, () => {
      159 |       test.beforeEach(async ({ page }) => {
    > 160 |         await page.goto(path);
          |                    ^
      161 |         // Wait for network idle to ensure styles are applied
      162 |         await page.waitForLoadState("networkidle");
      163 |       });
        at /home/tbaltzakis/cloudless.gr/e2e/ui/pages/style.spec.ts:160:20

    attachment #1: screenshot (image/png) ──────────────────────────────────────────────────────────
    test-results/ui-pages-style-Style-Syste-d2105-d-have-neon-magenta-accents-mobile-chrome-retry1/test-failed-1.png
    ────────────────────────────────────────────────────────────────────────────────────────────────

    attachment #2: video (video/webm) ──────────────────────────────────────────────────────────────
    test-results/ui-pages-style-Style-Syste-d2105-d-have-neon-magenta-accents-mobile-chrome-retry1/video.webm
    ────────────────────────────────────────────────────────────────────────────────────────────────

    Error Context: test-results/ui-pages-style-Style-Syste-d2105-d-have-neon-magenta-accents-mobile-chrome-retry1/error-context.md

    attachment #4: trace (application/zip) ─────────────────────────────────────────────────────────
    test-results/ui-pages-style-Style-Syste-d2105-d-have-neon-magenta-accents-mobile-chrome-retry1/trace.zip
    Usage:

        npx playwright show-trace test-results/ui-pages-style-Style-Syste-d2105-d-have-neon-magenta-accents-mobile-chrome-retry1/trace.zip

    ────────────────────────────────────────────────────────────────────────────────────────────────

  2109) [mobile-chrome] › e2e/ui/pages/style.spec.ts:248:11 › Style System › Services Style › should have neon green accents 

    Error: page.goto: net::ERR_CONNECTION_REFUSED at http://localhost:4000/services
    Call log:
      - navigating to "http://localhost:4000/services", waiting until "load"


      158 |     test.describe(`${name} Style`, () => {
      159 |       test.beforeEach(async ({ page }) => {
    > 160 |         await page.goto(path);
          |                    ^
      161 |         // Wait for network idle to ensure styles are applied
      162 |         await page.waitForLoadState("networkidle");
      163 |       });
        at /home/tbaltzakis/cloudless.gr/e2e/ui/pages/style.spec.ts:160:20

    attachment #1: screenshot (image/png) ──────────────────────────────────────────────────────────
    test-results/ui-pages-style-Style-Syste-17d56-uld-have-neon-green-accents-mobile-chrome/test-failed-1.png
    ────────────────────────────────────────────────────────────────────────────────────────────────

    attachment #2: video (video/webm) ──────────────────────────────────────────────────────────────
    test-results/ui-pages-style-Style-Syste-17d56-uld-have-neon-green-accents-mobile-chrome/video.webm
    ────────────────────────────────────────────────────────────────────────────────────────────────

    Error Context: test-results/ui-pages-style-Style-Syste-17d56-uld-have-neon-green-accents-mobile-chrome/error-context.md

    Retry #1 ───────────────────────────────────────────────────────────────────────────────────────

    Error: page.goto: net::ERR_CONNECTION_REFUSED at http://localhost:4000/services
    Call log:
      - navigating to "http://localhost:4000/services", waiting until "load"


      158 |     test.describe(`${name} Style`, () => {
      159 |       test.beforeEach(async ({ page }) => {
    > 160 |         await page.goto(path);
          |                    ^
      161 |         // Wait for network idle to ensure styles are applied
      162 |         await page.waitForLoadState("networkidle");
      163 |       });
        at /home/tbaltzakis/cloudless.gr/e2e/ui/pages/style.spec.ts:160:20

    attachment #1: screenshot (image/png) ──────────────────────────────────────────────────────────
    test-results/ui-pages-style-Style-Syste-17d56-uld-have-neon-green-accents-mobile-chrome-retry1/test-failed-1.png
    ────────────────────────────────────────────────────────────────────────────────────────────────

    attachment #2: video (video/webm) ──────────────────────────────────────────────────────────────
    test-results/ui-pages-style-Style-Syste-17d56-uld-have-neon-green-accents-mobile-chrome-retry1/video.webm
    ────────────────────────────────────────────────────────────────────────────────────────────────

    Error Context: test-results/ui-pages-style-Style-Syste-17d56-uld-have-neon-green-accents-mobile-chrome-retry1/error-context.md

    attachment #4: trace (application/zip) ─────────────────────────────────────────────────────────
    test-results/ui-pages-style-Style-Syste-17d56-uld-have-neon-green-accents-mobile-chrome-retry1/trace.zip
    Usage:

        npx playwright show-trace test-results/ui-pages-style-Style-Syste-17d56-uld-have-neon-green-accents-mobile-chrome-retry1/trace.zip

    ────────────────────────────────────────────────────────────────────────────────────────────────

  2110) [mobile-chrome] › e2e/ui/pages/style.spec.ts:276:11 › Style System › Services Style › should have neon blue accents 

    Error: page.goto: net::ERR_CONNECTION_REFUSED at http://localhost:4000/services
    Call log:
      - navigating to "http://localhost:4000/services", waiting until "load"


      158 |     test.describe(`${name} Style`, () => {
      159 |       test.beforeEach(async ({ page }) => {
    > 160 |         await page.goto(path);
          |                    ^
      161 |         // Wait for network idle to ensure styles are applied
      162 |         await page.waitForLoadState("networkidle");
      163 |       });
        at /home/tbaltzakis/cloudless.gr/e2e/ui/pages/style.spec.ts:160:20

    attachment #1: screenshot (image/png) ──────────────────────────────────────────────────────────
    test-results/ui-pages-style-Style-Syste-e5798-ould-have-neon-blue-accents-mobile-chrome/test-failed-1.png
    ────────────────────────────────────────────────────────────────────────────────────────────────

    attachment #2: video (video/webm) ──────────────────────────────────────────────────────────────
    test-results/ui-pages-style-Style-Syste-e5798-ould-have-neon-blue-accents-mobile-chrome/video.webm
    ────────────────────────────────────────────────────────────────────────────────────────────────

    Error Context: test-results/ui-pages-style-Style-Syste-e5798-ould-have-neon-blue-accents-mobile-chrome/error-context.md

    Retry #1 ───────────────────────────────────────────────────────────────────────────────────────

    Error: page.goto: net::ERR_CONNECTION_REFUSED at http://localhost:4000/services
    Call log:
      - navigating to "http://localhost:4000/services", waiting until "load"


      158 |     test.describe(`${name} Style`, () => {
      159 |       test.beforeEach(async ({ page }) => {
    > 160 |         await page.goto(path);
          |                    ^
      161 |         // Wait for network idle to ensure styles are applied
      162 |         await page.waitForLoadState("networkidle");
      163 |       });
        at /home/tbaltzakis/cloudless.gr/e2e/ui/pages/style.spec.ts:160:20

    attachment #1: screenshot (image/png) ──────────────────────────────────────────────────────────
    test-results/ui-pages-style-Style-Syste-e5798-ould-have-neon-blue-accents-mobile-chrome-retry1/test-failed-1.png
    ────────────────────────────────────────────────────────────────────────────────────────────────

    attachment #2: video (video/webm) ──────────────────────────────────────────────────────────────
    test-results/ui-pages-style-Style-Syste-e5798-ould-have-neon-blue-accents-mobile-chrome-retry1/video.webm
    ────────────────────────────────────────────────────────────────────────────────────────────────

    Error Context: test-results/ui-pages-style-Style-Syste-e5798-ould-have-neon-blue-accents-mobile-chrome-retry1/error-context.md

    attachment #4: trace (application/zip) ─────────────────────────────────────────────────────────
    test-results/ui-pages-style-Style-Syste-e5798-ould-have-neon-blue-accents-mobile-chrome-retry1/trace.zip
    Usage:

        npx playwright show-trace test-results/ui-pages-style-Style-Syste-e5798-ould-have-neon-blue-accents-mobile-chrome-retry1/trace.zip

    ────────────────────────────────────────────────────────────────────────────────────────────────

  2111) [mobile-chrome] › e2e/ui/pages/style.spec.ts:306:15 › Style System › Services Style › Effects › should have scanlines effect applied 

    Error: page.goto: net::ERR_CONNECTION_REFUSED at http://localhost:4000/services
    Call log:
      - navigating to "http://localhost:4000/services", waiting until "load"


      158 |     test.describe(`${name} Style`, () => {
      159 |       test.beforeEach(async ({ page }) => {
    > 160 |         await page.goto(path);
          |                    ^
      161 |         // Wait for network idle to ensure styles are applied
      162 |         await page.waitForLoadState("networkidle");
      163 |       });
        at /home/tbaltzakis/cloudless.gr/e2e/ui/pages/style.spec.ts:160:20

    attachment #1: screenshot (image/png) ──────────────────────────────────────────────────────────
    test-results/ui-pages-style-Style-Syste-d4607-ve-scanlines-effect-applied-mobile-chrome/test-failed-1.png
    ────────────────────────────────────────────────────────────────────────────────────────────────

    attachment #2: video (video/webm) ──────────────────────────────────────────────────────────────
    test-results/ui-pages-style-Style-Syste-d4607-ve-scanlines-effect-applied-mobile-chrome/video.webm
    ────────────────────────────────────────────────────────────────────────────────────────────────

    Error Context: test-results/ui-pages-style-Style-Syste-d4607-ve-scanlines-effect-applied-mobile-chrome/error-context.md

    Retry #1 ───────────────────────────────────────────────────────────────────────────────────────

    Error: page.goto: net::ERR_CONNECTION_REFUSED at http://localhost:4000/services
    Call log:
      - navigating to "http://localhost:4000/services", waiting until "load"


      158 |     test.describe(`${name} Style`, () => {
      159 |       test.beforeEach(async ({ page }) => {
    > 160 |         await page.goto(path);
          |                    ^
      161 |         // Wait for network idle to ensure styles are applied
      162 |         await page.waitForLoadState("networkidle");
      163 |       });
        at /home/tbaltzakis/cloudless.gr/e2e/ui/pages/style.spec.ts:160:20

    attachment #1: screenshot (image/png) ──────────────────────────────────────────────────────────
    test-results/ui-pages-style-Style-Syste-d4607-ve-scanlines-effect-applied-mobile-chrome-retry1/test-failed-1.png
    ────────────────────────────────────────────────────────────────────────────────────────────────

    attachment #2: video (video/webm) ──────────────────────────────────────────────────────────────
    test-results/ui-pages-style-Style-Syste-d4607-ve-scanlines-effect-applied-mobile-chrome-retry1/video.webm
    ────────────────────────────────────────────────────────────────────────────────────────────────

    Error Context: test-results/ui-pages-style-Style-Syste-d4607-ve-scanlines-effect-applied-mobile-chrome-retry1/error-context.md

    attachment #4: trace (application/zip) ─────────────────────────────────────────────────────────
    test-results/ui-pages-style-Style-Syste-d4607-ve-scanlines-effect-applied-mobile-chrome-retry1/trace.zip
    Usage:

        npx playwright show-trace test-results/ui-pages-style-Style-Syste-d4607-ve-scanlines-effect-applied-mobile-chrome-retry1/trace.zip

    ────────────────────────────────────────────────────────────────────────────────────────────────

  2112) [mobile-chrome] › e2e/ui/pages/style.spec.ts:306:15 › Style System › Services Style › Effects › should have cyber-grid effect applied 

    Error: page.goto: net::ERR_CONNECTION_REFUSED at http://localhost:4000/services
    Call log:
      - navigating to "http://localhost:4000/services", waiting until "load"


      158 |     test.describe(`${name} Style`, () => {
      159 |       test.beforeEach(async ({ page }) => {
    > 160 |         await page.goto(path);
          |                    ^
      161 |         // Wait for network idle to ensure styles are applied
      162 |         await page.waitForLoadState("networkidle");
      163 |       });
        at /home/tbaltzakis/cloudless.gr/e2e/ui/pages/style.spec.ts:160:20

    attachment #1: screenshot (image/png) ──────────────────────────────────────────────────────────
    test-results/ui-pages-style-Style-Syste-310cd-e-cyber-grid-effect-applied-mobile-chrome/test-failed-1.png
    ────────────────────────────────────────────────────────────────────────────────────────────────

    attachment #2: video (video/webm) ──────────────────────────────────────────────────────────────
    test-results/ui-pages-style-Style-Syste-310cd-e-cyber-grid-effect-applied-mobile-chrome/video.webm
    ────────────────────────────────────────────────────────────────────────────────────────────────

    Error Context: test-results/ui-pages-style-Style-Syste-310cd-e-cyber-grid-effect-applied-mobile-chrome/error-context.md

    Retry #1 ───────────────────────────────────────────────────────────────────────────────────────

    Error: page.goto: net::ERR_CONNECTION_REFUSED at http://localhost:4000/services
    Call log:
      - navigating to "http://localhost:4000/services", waiting until "load"


      158 |     test.describe(`${name} Style`, () => {
      159 |       test.beforeEach(async ({ page }) => {
    > 160 |         await page.goto(path);
          |                    ^
      161 |         // Wait for network idle to ensure styles are applied
      162 |         await page.waitForLoadState("networkidle");
      163 |       });
        at /home/tbaltzakis/cloudless.gr/e2e/ui/pages/style.spec.ts:160:20

    attachment #1: screenshot (image/png) ──────────────────────────────────────────────────────────
    test-results/ui-pages-style-Style-Syste-310cd-e-cyber-grid-effect-applied-mobile-chrome-retry1/test-failed-1.png
    ────────────────────────────────────────────────────────────────────────────────────────────────

    attachment #2: video (video/webm) ──────────────────────────────────────────────────────────────
    test-results/ui-pages-style-Style-Syste-310cd-e-cyber-grid-effect-applied-mobile-chrome-retry1/video.webm
    ────────────────────────────────────────────────────────────────────────────────────────────────

    Error Context: test-results/ui-pages-style-Style-Syste-310cd-e-cyber-grid-effect-applied-mobile-chrome-retry1/error-context.md

    attachment #4: trace (application/zip) ─────────────────────────────────────────────────────────
    test-results/ui-pages-style-Style-Syste-310cd-e-cyber-grid-effect-applied-mobile-chrome-retry1/trace.zip
    Usage:

        npx playwright show-trace test-results/ui-pages-style-Style-Syste-310cd-e-cyber-grid-effect-applied-mobile-chrome-retry1/trace.zip

    ────────────────────────────────────────────────────────────────────────────────────────────────

  2113) [mobile-chrome] › e2e/ui/pages/style.spec.ts:306:15 › Style System › Services Style › Effects › should have neon-border effect applied 

    Error: page.goto: net::ERR_CONNECTION_REFUSED at http://localhost:4000/services
    Call log:
      - navigating to "http://localhost:4000/services", waiting until "load"


      158 |     test.describe(`${name} Style`, () => {
      159 |       test.beforeEach(async ({ page }) => {
    > 160 |         await page.goto(path);
          |                    ^
      161 |         // Wait for network idle to ensure styles are applied
      162 |         await page.waitForLoadState("networkidle");
      163 |       });
        at /home/tbaltzakis/cloudless.gr/e2e/ui/pages/style.spec.ts:160:20

    attachment #1: screenshot (image/png) ──────────────────────────────────────────────────────────
    test-results/ui-pages-style-Style-Syste-ea148--neon-border-effect-applied-mobile-chrome/test-failed-1.png
    ────────────────────────────────────────────────────────────────────────────────────────────────

    attachment #2: video (video/webm) ──────────────────────────────────────────────────────────────
    test-results/ui-pages-style-Style-Syste-ea148--neon-border-effect-applied-mobile-chrome/video.webm
    ────────────────────────────────────────────────────────────────────────────────────────────────

    Error Context: test-results/ui-pages-style-Style-Syste-ea148--neon-border-effect-applied-mobile-chrome/error-context.md

    Retry #1 ───────────────────────────────────────────────────────────────────────────────────────

    Error: page.goto: net::ERR_CONNECTION_REFUSED at http://localhost:4000/services
    Call log:
      - navigating to "http://localhost:4000/services", waiting until "load"


      158 |     test.describe(`${name} Style`, () => {
      159 |       test.beforeEach(async ({ page }) => {
    > 160 |         await page.goto(path);
          |                    ^
      161 |         // Wait for network idle to ensure styles are applied
      162 |         await page.waitForLoadState("networkidle");
      163 |       });
        at /home/tbaltzakis/cloudless.gr/e2e/ui/pages/style.spec.ts:160:20

    attachment #1: screenshot (image/png) ──────────────────────────────────────────────────────────
    test-results/ui-pages-style-Style-Syste-ea148--neon-border-effect-applied-mobile-chrome-retry1/test-failed-1.png
    ────────────────────────────────────────────────────────────────────────────────────────────────

    attachment #2: video (video/webm) ──────────────────────────────────────────────────────────────
    test-results/ui-pages-style-Style-Syste-ea148--neon-border-effect-applied-mobile-chrome-retry1/video.webm
    ────────────────────────────────────────────────────────────────────────────────────────────────

    Error Context: test-results/ui-pages-style-Style-Syste-ea148--neon-border-effect-applied-mobile-chrome-retry1/error-context.md

    attachment #4: trace (application/zip) ─────────────────────────────────────────────────────────
    test-results/ui-pages-style-Style-Syste-ea148--neon-border-effect-applied-mobile-chrome-retry1/trace.zip
    Usage:

        npx playwright show-trace test-results/ui-pages-style-Style-Syste-ea148--neon-border-effect-applied-mobile-chrome-retry1/trace.zip

    ────────────────────────────────────────────────────────────────────────────────────────────────

  2114) [mobile-chrome] › e2e/ui/pages/style.spec.ts:306:15 › Style System › Services Style › Effects › should have glow-cyan effect applied 

    Error: page.goto: net::ERR_CONNECTION_REFUSED at http://localhost:4000/services
    Call log:
      - navigating to "http://localhost:4000/services", waiting until "load"


      158 |     test.describe(`${name} Style`, () => {
      159 |       test.beforeEach(async ({ page }) => {
    > 160 |         await page.goto(path);
          |                    ^
      161 |         // Wait for network idle to ensure styles are applied
      162 |         await page.waitForLoadState("networkidle");
      163 |       });
        at /home/tbaltzakis/cloudless.gr/e2e/ui/pages/style.spec.ts:160:20

    attachment #1: screenshot (image/png) ──────────────────────────────────────────────────────────
    test-results/ui-pages-style-Style-Syste-7564c-ve-glow-cyan-effect-applied-mobile-chrome/test-failed-1.png
    ────────────────────────────────────────────────────────────────────────────────────────────────

    attachment #2: video (video/webm) ──────────────────────────────────────────────────────────────
    test-results/ui-pages-style-Style-Syste-7564c-ve-glow-cyan-effect-applied-mobile-chrome/video.webm
    ────────────────────────────────────────────────────────────────────────────────────────────────

    Error Context: test-results/ui-pages-style-Style-Syste-7564c-ve-glow-cyan-effect-applied-mobile-chrome/error-context.md

    Retry #1 ───────────────────────────────────────────────────────────────────────────────────────

    Error: page.goto: net::ERR_CONNECTION_REFUSED at http://localhost:4000/services
    Call log:
      - navigating to "http://localhost:4000/services", waiting until "load"


      158 |     test.describe(`${name} Style`, () => {
      159 |       test.beforeEach(async ({ page }) => {
    > 160 |         await page.goto(path);
          |                    ^
      161 |         // Wait for network idle to ensure styles are applied
      162 |         await page.waitForLoadState("networkidle");
      163 |       });
        at /home/tbaltzakis/cloudless.gr/e2e/ui/pages/style.spec.ts:160:20

    attachment #1: screenshot (image/png) ──────────────────────────────────────────────────────────
    test-results/ui-pages-style-Style-Syste-7564c-ve-glow-cyan-effect-applied-mobile-chrome-retry1/test-failed-1.png
    ────────────────────────────────────────────────────────────────────────────────────────────────

    attachment #2: video (video/webm) ──────────────────────────────────────────────────────────────
    test-results/ui-pages-style-Style-Syste-7564c-ve-glow-cyan-effect-applied-mobile-chrome-retry1/video.webm
    ────────────────────────────────────────────────────────────────────────────────────────────────

    Error Context: test-results/ui-pages-style-Style-Syste-7564c-ve-glow-cyan-effect-applied-mobile-chrome-retry1/error-context.md

    attachment #4: trace (application/zip) ─────────────────────────────────────────────────────────
    test-results/ui-pages-style-Style-Syste-7564c-ve-glow-cyan-effect-applied-mobile-chrome-retry1/trace.zip
    Usage:

        npx playwright show-trace test-results/ui-pages-style-Style-Syste-7564c-ve-glow-cyan-effect-applied-mobile-chrome-retry1/trace.zip

    ────────────────────────────────────────────────────────────────────────────────────────────────

  2115) [mobile-chrome] › e2e/ui/pages/style.spec.ts:306:15 › Style System › Services Style › Effects › should have dot-matrix effect applied 

    Error: page.goto: net::ERR_CONNECTION_REFUSED at http://localhost:4000/services
    Call log:
      - navigating to "http://localhost:4000/services", waiting until "load"


      158 |     test.describe(`${name} Style`, () => {
      159 |       test.beforeEach(async ({ page }) => {
    > 160 |         await page.goto(path);
          |                    ^
      161 |         // Wait for network idle to ensure styles are applied
      162 |         await page.waitForLoadState("networkidle");
      163 |       });
        at /home/tbaltzakis/cloudless.gr/e2e/ui/pages/style.spec.ts:160:20

    attachment #1: screenshot (image/png) ──────────────────────────────────────────────────────────
    test-results/ui-pages-style-Style-Syste-ebecd-e-dot-matrix-effect-applied-mobile-chrome/test-failed-1.png
    ────────────────────────────────────────────────────────────────────────────────────────────────

    attachment #2: video (video/webm) ──────────────────────────────────────────────────────────────
    test-results/ui-pages-style-Style-Syste-ebecd-e-dot-matrix-effect-applied-mobile-chrome/video.webm
    ────────────────────────────────────────────────────────────────────────────────────────────────

    Error Context: test-results/ui-pages-style-Style-Syste-ebecd-e-dot-matrix-effect-applied-mobile-chrome/error-context.md

    Retry #1 ───────────────────────────────────────────────────────────────────────────────────────

    Error: page.goto: net::ERR_CONNECTION_REFUSED at http://localhost:4000/services
    Call log:
      - navigating to "http://localhost:4000/services", waiting until "load"


      158 |     test.describe(`${name} Style`, () => {
      159 |       test.beforeEach(async ({ page }) => {
    > 160 |         await page.goto(path);
          |                    ^
      161 |         // Wait for network idle to ensure styles are applied
      162 |         await page.waitForLoadState("networkidle");
      163 |       });
        at /home/tbaltzakis/cloudless.gr/e2e/ui/pages/style.spec.ts:160:20

    attachment #1: screenshot (image/png) ──────────────────────────────────────────────────────────
    test-results/ui-pages-style-Style-Syste-ebecd-e-dot-matrix-effect-applied-mobile-chrome-retry1/test-failed-1.png
    ────────────────────────────────────────────────────────────────────────────────────────────────

    attachment #2: video (video/webm) ──────────────────────────────────────────────────────────────
    test-results/ui-pages-style-Style-Syste-ebecd-e-dot-matrix-effect-applied-mobile-chrome-retry1/video.webm
    ────────────────────────────────────────────────────────────────────────────────────────────────

    Error Context: test-results/ui-pages-style-Style-Syste-ebecd-e-dot-matrix-effect-applied-mobile-chrome-retry1/error-context.md

    attachment #4: trace (application/zip) ─────────────────────────────────────────────────────────
    test-results/ui-pages-style-Style-Syste-ebecd-e-dot-matrix-effect-applied-mobile-chrome-retry1/trace.zip
    Usage:

        npx playwright show-trace test-results/ui-pages-style-Style-Syste-ebecd-e-dot-matrix-effect-applied-mobile-chrome-retry1/trace.zip

    ────────────────────────────────────────────────────────────────────────────────────────────────

  2116) [mobile-chrome] › e2e/ui/pages/style.spec.ts:313:13 › Style System › Services Style › Hover States › should show neon cyan on hover for interactive elements 

    Error: page.goto: net::ERR_CONNECTION_REFUSED at http://localhost:4000/services
    Call log:
      - navigating to "http://localhost:4000/services", waiting until "load"


      158 |     test.describe(`${name} Style`, () => {
      159 |       test.beforeEach(async ({ page }) => {
    > 160 |         await page.goto(path);
          |                    ^
      161 |         // Wait for network idle to ensure styles are applied
      162 |         await page.waitForLoadState("networkidle");
      163 |       });
        at /home/tbaltzakis/cloudless.gr/e2e/ui/pages/style.spec.ts:160:20

    attachment #1: screenshot (image/png) ──────────────────────────────────────────────────────────
    test-results/ui-pages-style-Style-Syste-6e2d7-er-for-interactive-elements-mobile-chrome/test-failed-1.png
    ────────────────────────────────────────────────────────────────────────────────────────────────

    attachment #2: video (video/webm) ──────────────────────────────────────────────────────────────
    test-results/ui-pages-style-Style-Syste-6e2d7-er-for-interactive-elements-mobile-chrome/video.webm
    ────────────────────────────────────────────────────────────────────────────────────────────────

    Error Context: test-results/ui-pages-style-Style-Syste-6e2d7-er-for-interactive-elements-mobile-chrome/error-context.md

    Retry #1 ───────────────────────────────────────────────────────────────────────────────────────

    Error: page.goto: net::ERR_CONNECTION_REFUSED at http://localhost:4000/services
    Call log:
      - navigating to "http://localhost:4000/services", waiting until "load"


      158 |     test.describe(`${name} Style`, () => {
      159 |       test.beforeEach(async ({ page }) => {
    > 160 |         await page.goto(path);
          |                    ^
      161 |         // Wait for network idle to ensure styles are applied
      162 |         await page.waitForLoadState("networkidle");
      163 |       });
        at /home/tbaltzakis/cloudless.gr/e2e/ui/pages/style.spec.ts:160:20

    attachment #1: screenshot (image/png) ──────────────────────────────────────────────────────────
    test-results/ui-pages-style-Style-Syste-6e2d7-er-for-interactive-elements-mobile-chrome-retry1/test-failed-1.png
    ────────────────────────────────────────────────────────────────────────────────────────────────

    attachment #2: video (video/webm) ──────────────────────────────────────────────────────────────
    test-results/ui-pages-style-Style-Syste-6e2d7-er-for-interactive-elements-mobile-chrome-retry1/video.webm
    ────────────────────────────────────────────────────────────────────────────────────────────────

    Error Context: test-results/ui-pages-style-Style-Syste-6e2d7-er-for-interactive-elements-mobile-chrome-retry1/error-context.md

    attachment #4: trace (application/zip) ─────────────────────────────────────────────────────────
    test-results/ui-pages-style-Style-Syste-6e2d7-er-for-interactive-elements-mobile-chrome-retry1/trace.zip
    Usage:

        npx playwright show-trace test-results/ui-pages-style-Style-Syste-6e2d7-er-for-interactive-elements-mobile-chrome-retry1/trace.zip

    ────────────────────────────────────────────────────────────────────────────────────────────────

  2117) [mobile-chrome] › e2e/ui/pages/style.spec.ts:165:11 › Style System › Store Style › should have void background color 

    Error: page.goto: net::ERR_CONNECTION_REFUSED at http://localhost:4000/store
    Call log:
      - navigating to "http://localhost:4000/store", waiting until "load"


      158 |     test.describe(`${name} Style`, () => {
      159 |       test.beforeEach(async ({ page }) => {
    > 160 |         await page.goto(path);
          |                    ^
      161 |         // Wait for network idle to ensure styles are applied
      162 |         await page.waitForLoadState("networkidle");
      163 |       });
        at /home/tbaltzakis/cloudless.gr/e2e/ui/pages/style.spec.ts:160:20

    attachment #1: screenshot (image/png) ──────────────────────────────────────────────────────────
    test-results/ui-pages-style-Style-Syste-d7012--have-void-background-color-mobile-chrome/test-failed-1.png
    ────────────────────────────────────────────────────────────────────────────────────────────────

    attachment #2: video (video/webm) ──────────────────────────────────────────────────────────────
    test-results/ui-pages-style-Style-Syste-d7012--have-void-background-color-mobile-chrome/video.webm
    ────────────────────────────────────────────────────────────────────────────────────────────────

    Error Context: test-results/ui-pages-style-Style-Syste-d7012--have-void-background-color-mobile-chrome/error-context.md

    Retry #1 ───────────────────────────────────────────────────────────────────────────────────────

    Error: page.goto: net::ERR_CONNECTION_REFUSED at http://localhost:4000/store
    Call log:
      - navigating to "http://localhost:4000/store", waiting until "load"


      158 |     test.describe(`${name} Style`, () => {
      159 |       test.beforeEach(async ({ page }) => {
    > 160 |         await page.goto(path);
          |                    ^
      161 |         // Wait for network idle to ensure styles are applied
      162 |         await page.waitForLoadState("networkidle");
      163 |       });
        at /home/tbaltzakis/cloudless.gr/e2e/ui/pages/style.spec.ts:160:20

    attachment #1: screenshot (image/png) ──────────────────────────────────────────────────────────
    test-results/ui-pages-style-Style-Syste-d7012--have-void-background-color-mobile-chrome-retry1/test-failed-1.png
    ────────────────────────────────────────────────────────────────────────────────────────────────

    attachment #2: video (video/webm) ──────────────────────────────────────────────────────────────
    test-results/ui-pages-style-Style-Syste-d7012--have-void-background-color-mobile-chrome-retry1/video.webm
    ────────────────────────────────────────────────────────────────────────────────────────────────

    Error Context: test-results/ui-pages-style-Style-Syste-d7012--have-void-background-color-mobile-chrome-retry1/error-context.md

    attachment #4: trace (application/zip) ─────────────────────────────────────────────────────────
    test-results/ui-pages-style-Style-Syste-d7012--have-void-background-color-mobile-chrome-retry1/trace.zip
    Usage:

        npx playwright show-trace test-results/ui-pages-style-Style-Syste-d7012--have-void-background-color-mobile-chrome-retry1/trace.zip

    ────────────────────────────────────────────────────────────────────────────────────────────────

  2118) [mobile-chrome] › e2e/ui/pages/style.spec.ts:170:11 › Style System › Store Style › should have correct heading font 

    Error: page.goto: net::ERR_CONNECTION_REFUSED at http://localhost:4000/store
    Call log:
      - navigating to "http://localhost:4000/store", waiting until "load"


      158 |     test.describe(`${name} Style`, () => {
      159 |       test.beforeEach(async ({ page }) => {
    > 160 |         await page.goto(path);
          |                    ^
      161 |         // Wait for network idle to ensure styles are applied
      162 |         await page.waitForLoadState("networkidle");
      163 |       });
        at /home/tbaltzakis/cloudless.gr/e2e/ui/pages/style.spec.ts:160:20

    attachment #1: screenshot (image/png) ──────────────────────────────────────────────────────────
    test-results/ui-pages-style-Style-Syste-5d99f-d-have-correct-heading-font-mobile-chrome/test-failed-1.png
    ────────────────────────────────────────────────────────────────────────────────────────────────

    attachment #2: video (video/webm) ──────────────────────────────────────────────────────────────
    test-results/ui-pages-style-Style-Syste-5d99f-d-have-correct-heading-font-mobile-chrome/video.webm
    ────────────────────────────────────────────────────────────────────────────────────────────────

    Error Context: test-results/ui-pages-style-Style-Syste-5d99f-d-have-correct-heading-font-mobile-chrome/error-context.md

    Retry #1 ───────────────────────────────────────────────────────────────────────────────────────

    Error: page.goto: net::ERR_CONNECTION_REFUSED at http://localhost:4000/store
    Call log:
      - navigating to "http://localhost:4000/store", waiting until "load"


      158 |     test.describe(`${name} Style`, () => {
      159 |       test.beforeEach(async ({ page }) => {
    > 160 |         await page.goto(path);
          |                    ^
      161 |         // Wait for network idle to ensure styles are applied
      162 |         await page.waitForLoadState("networkidle");
      163 |       });
        at /home/tbaltzakis/cloudless.gr/e2e/ui/pages/style.spec.ts:160:20

    attachment #1: screenshot (image/png) ──────────────────────────────────────────────────────────
    test-results/ui-pages-style-Style-Syste-5d99f-d-have-correct-heading-font-mobile-chrome-retry1/test-failed-1.png
    ────────────────────────────────────────────────────────────────────────────────────────────────

    attachment #2: video (video/webm) ──────────────────────────────────────────────────────────────
    test-results/ui-pages-style-Style-Syste-5d99f-d-have-correct-heading-font-mobile-chrome-retry1/video.webm
    ────────────────────────────────────────────────────────────────────────────────────────────────

    Error Context: test-results/ui-pages-style-Style-Syste-5d99f-d-have-correct-heading-font-mobile-chrome-retry1/error-context.md

    attachment #4: trace (application/zip) ─────────────────────────────────────────────────────────
    test-results/ui-pages-style-Style-Syste-5d99f-d-have-correct-heading-font-mobile-chrome-retry1/trace.zip
    Usage:

        npx playwright show-trace test-results/ui-pages-style-Style-Syste-5d99f-d-have-correct-heading-font-mobile-chrome-retry1/trace.zip

    ────────────────────────────────────────────────────────────────────────────────────────────────

  2119) [mobile-chrome] › e2e/ui/pages/style.spec.ts:175:11 › Style System › Store Style › should have correct body font 

    Error: page.goto: net::ERR_CONNECTION_REFUSED at http://localhost:4000/store
    Call log:
      - navigating to "http://localhost:4000/store", waiting until "load"


      158 |     test.describe(`${name} Style`, () => {
      159 |       test.beforeEach(async ({ page }) => {
    > 160 |         await page.goto(path);
          |                    ^
      161 |         // Wait for network idle to ensure styles are applied
      162 |         await page.waitForLoadState("networkidle");
      163 |       });
        at /home/tbaltzakis/cloudless.gr/e2e/ui/pages/style.spec.ts:160:20

    attachment #1: screenshot (image/png) ──────────────────────────────────────────────────────────
    test-results/ui-pages-style-Style-Syste-5336b-ould-have-correct-body-font-mobile-chrome/test-failed-1.png
    ────────────────────────────────────────────────────────────────────────────────────────────────

    attachment #2: video (video/webm) ──────────────────────────────────────────────────────────────
    test-results/ui-pages-style-Style-Syste-5336b-ould-have-correct-body-font-mobile-chrome/video.webm
    ────────────────────────────────────────────────────────────────────────────────────────────────

    Error Context: test-results/ui-pages-style-Style-Syste-5336b-ould-have-correct-body-font-mobile-chrome/error-context.md

    Retry #1 ───────────────────────────────────────────────────────────────────────────────────────

    Error: page.goto: net::ERR_CONNECTION_REFUSED at http://localhost:4000/store
    Call log:
      - navigating to "http://localhost:4000/store", waiting until "load"


      158 |     test.describe(`${name} Style`, () => {
      159 |       test.beforeEach(async ({ page }) => {
    > 160 |         await page.goto(path);
          |                    ^
      161 |         // Wait for network idle to ensure styles are applied
      162 |         await page.waitForLoadState("networkidle");
      163 |       });
        at /home/tbaltzakis/cloudless.gr/e2e/ui/pages/style.spec.ts:160:20

    attachment #1: screenshot (image/png) ──────────────────────────────────────────────────────────
    test-results/ui-pages-style-Style-Syste-5336b-ould-have-correct-body-font-mobile-chrome-retry1/test-failed-1.png
    ────────────────────────────────────────────────────────────────────────────────────────────────

    attachment #2: video (video/webm) ──────────────────────────────────────────────────────────────
    test-results/ui-pages-style-Style-Syste-5336b-ould-have-correct-body-font-mobile-chrome-retry1/video.webm
    ────────────────────────────────────────────────────────────────────────────────────────────────

    Error Context: test-results/ui-pages-style-Style-Syste-5336b-ould-have-correct-body-font-mobile-chrome-retry1/error-context.md

    attachment #4: trace (application/zip) ─────────────────────────────────────────────────────────
    test-results/ui-pages-style-Style-Syste-5336b-ould-have-correct-body-font-mobile-chrome-retry1/trace.zip
    Usage:

        npx playwright show-trace test-results/ui-pages-style-Style-Syste-5336b-ould-have-correct-body-font-mobile-chrome-retry1/trace.zip

    ────────────────────────────────────────────────────────────────────────────────────────────────

  2120) [mobile-chrome] › e2e/ui/pages/style.spec.ts:180:11 › Style System › Store Style › should have correct code font 

    Error: page.goto: net::ERR_CONNECTION_REFUSED at http://localhost:4000/store
    Call log:
      - navigating to "http://localhost:4000/store", waiting until "load"


      158 |     test.describe(`${name} Style`, () => {
      159 |       test.beforeEach(async ({ page }) => {
    > 160 |         await page.goto(path);
          |                    ^
      161 |         // Wait for network idle to ensure styles are applied
      162 |         await page.waitForLoadState("networkidle");
      163 |       });
        at /home/tbaltzakis/cloudless.gr/e2e/ui/pages/style.spec.ts:160:20

    attachment #1: screenshot (image/png) ──────────────────────────────────────────────────────────
    test-results/ui-pages-style-Style-Syste-62f71-ould-have-correct-code-font-mobile-chrome/test-failed-1.png
    ────────────────────────────────────────────────────────────────────────────────────────────────

    attachment #2: video (video/webm) ──────────────────────────────────────────────────────────────
    test-results/ui-pages-style-Style-Syste-62f71-ould-have-correct-code-font-mobile-chrome/video.webm
    ────────────────────────────────────────────────────────────────────────────────────────────────

    Error Context: test-results/ui-pages-style-Style-Syste-62f71-ould-have-correct-code-font-mobile-chrome/error-context.md

    Retry #1 ───────────────────────────────────────────────────────────────────────────────────────

    Error: page.goto: net::ERR_CONNECTION_REFUSED at http://localhost:4000/store
    Call log:
      - navigating to "http://localhost:4000/store", waiting until "load"


      158 |     test.describe(`${name} Style`, () => {
      159 |       test.beforeEach(async ({ page }) => {
    > 160 |         await page.goto(path);
          |                    ^
      161 |         // Wait for network idle to ensure styles are applied
      162 |         await page.waitForLoadState("networkidle");
      163 |       });
        at /home/tbaltzakis/cloudless.gr/e2e/ui/pages/style.spec.ts:160:20

    attachment #1: screenshot (image/png) ──────────────────────────────────────────────────────────
    test-results/ui-pages-style-Style-Syste-62f71-ould-have-correct-code-font-mobile-chrome-retry1/test-failed-1.png
    ────────────────────────────────────────────────────────────────────────────────────────────────

    attachment #2: video (video/webm) ──────────────────────────────────────────────────────────────
    test-results/ui-pages-style-Style-Syste-62f71-ould-have-correct-code-font-mobile-chrome-retry1/video.webm
    ────────────────────────────────────────────────────────────────────────────────────────────────

    Error Context: test-results/ui-pages-style-Style-Syste-62f71-ould-have-correct-code-font-mobile-chrome-retry1/error-context.md

    attachment #4: trace (application/zip) ─────────────────────────────────────────────────────────
    test-results/ui-pages-style-Style-Syste-62f71-ould-have-correct-code-font-mobile-chrome-retry1/trace.zip
    Usage:

        npx playwright show-trace test-results/ui-pages-style-Style-Syste-62f71-ould-have-correct-code-font-mobile-chrome-retry1/trace.zip

    ────────────────────────────────────────────────────────────────────────────────────────────────

  2121) [mobile-chrome] › e2e/ui/pages/style.spec.ts:185:11 › Style System › Store Style › should have neon cyan accents 

    Error: page.goto: net::ERR_CONNECTION_REFUSED at http://localhost:4000/store
    Call log:
      - navigating to "http://localhost:4000/store", waiting until "load"


      158 |     test.describe(`${name} Style`, () => {
      159 |       test.beforeEach(async ({ page }) => {
    > 160 |         await page.goto(path);
          |                    ^
      161 |         // Wait for network idle to ensure styles are applied
      162 |         await page.waitForLoadState("networkidle");
      163 |       });
        at /home/tbaltzakis/cloudless.gr/e2e/ui/pages/style.spec.ts:160:20

    attachment #1: screenshot (image/png) ──────────────────────────────────────────────────────────
    test-results/ui-pages-style-Style-Syste-bb9a7-ould-have-neon-cyan-accents-mobile-chrome/test-failed-1.png
    ────────────────────────────────────────────────────────────────────────────────────────────────

    attachment #2: video (video/webm) ──────────────────────────────────────────────────────────────
    test-results/ui-pages-style-Style-Syste-bb9a7-ould-have-neon-cyan-accents-mobile-chrome/video.webm
    ────────────────────────────────────────────────────────────────────────────────────────────────

    Error Context: test-results/ui-pages-style-Style-Syste-bb9a7-ould-have-neon-cyan-accents-mobile-chrome/error-context.md

    Retry #1 ───────────────────────────────────────────────────────────────────────────────────────

    Error: page.goto: net::ERR_CONNECTION_REFUSED at http://localhost:4000/store
    Call log:
      - navigating to "http://localhost:4000/store", waiting until "load"


      158 |     test.describe(`${name} Style`, () => {
      159 |       test.beforeEach(async ({ page }) => {
    > 160 |         await page.goto(path);
          |                    ^
      161 |         // Wait for network idle to ensure styles are applied
      162 |         await page.waitForLoadState("networkidle");
      163 |       });
        at /home/tbaltzakis/cloudless.gr/e2e/ui/pages/style.spec.ts:160:20

    attachment #1: screenshot (image/png) ──────────────────────────────────────────────────────────
    test-results/ui-pages-style-Style-Syste-bb9a7-ould-have-neon-cyan-accents-mobile-chrome-retry1/test-failed-1.png
    ────────────────────────────────────────────────────────────────────────────────────────────────

    attachment #2: video (video/webm) ──────────────────────────────────────────────────────────────
    test-results/ui-pages-style-Style-Syste-bb9a7-ould-have-neon-cyan-accents-mobile-chrome-retry1/video.webm
    ────────────────────────────────────────────────────────────────────────────────────────────────

    Error Context: test-results/ui-pages-style-Style-Syste-bb9a7-ould-have-neon-cyan-accents-mobile-chrome-retry1/error-context.md

    attachment #4: trace (application/zip) ─────────────────────────────────────────────────────────
    test-results/ui-pages-style-Style-Syste-bb9a7-ould-have-neon-cyan-accents-mobile-chrome-retry1/trace.zip
    Usage:

        npx playwright show-trace test-results/ui-pages-style-Style-Syste-bb9a7-ould-have-neon-cyan-accents-mobile-chrome-retry1/trace.zip

    ────────────────────────────────────────────────────────────────────────────────────────────────

  2122) [mobile-chrome] › e2e/ui/pages/style.spec.ts:219:11 › Style System › Store Style › should have neon magenta accents 

    Error: page.goto: net::ERR_CONNECTION_REFUSED at http://localhost:4000/store
    Call log:
      - navigating to "http://localhost:4000/store", waiting until "load"


      158 |     test.describe(`${name} Style`, () => {
      159 |       test.beforeEach(async ({ page }) => {
    > 160 |         await page.goto(path);
          |                    ^
      161 |         // Wait for network idle to ensure styles are applied
      162 |         await page.waitForLoadState("networkidle");
      163 |       });
        at /home/tbaltzakis/cloudless.gr/e2e/ui/pages/style.spec.ts:160:20

    attachment #1: screenshot (image/png) ──────────────────────────────────────────────────────────
    test-results/ui-pages-style-Style-Syste-c39a9-d-have-neon-magenta-accents-mobile-chrome/test-failed-1.png
    ────────────────────────────────────────────────────────────────────────────────────────────────

    attachment #2: video (video/webm) ──────────────────────────────────────────────────────────────
    test-results/ui-pages-style-Style-Syste-c39a9-d-have-neon-magenta-accents-mobile-chrome/video.webm
    ────────────────────────────────────────────────────────────────────────────────────────────────

    Error Context: test-results/ui-pages-style-Style-Syste-c39a9-d-have-neon-magenta-accents-mobile-chrome/error-context.md

    Retry #1 ───────────────────────────────────────────────────────────────────────────────────────

    Error: page.goto: net::ERR_CONNECTION_REFUSED at http://localhost:4000/store
    Call log:
      - navigating to "http://localhost:4000/store", waiting until "load"


      158 |     test.describe(`${name} Style`, () => {
      159 |       test.beforeEach(async ({ page }) => {
    > 160 |         await page.goto(path);
          |                    ^
      161 |         // Wait for network idle to ensure styles are applied
      162 |         await page.waitForLoadState("networkidle");
      163 |       });
        at /home/tbaltzakis/cloudless.gr/e2e/ui/pages/style.spec.ts:160:20

    attachment #1: screenshot (image/png) ──────────────────────────────────────────────────────────
    test-results/ui-pages-style-Style-Syste-c39a9-d-have-neon-magenta-accents-mobile-chrome-retry1/test-failed-1.png
    ────────────────────────────────────────────────────────────────────────────────────────────────

    attachment #2: video (video/webm) ──────────────────────────────────────────────────────────────
    test-results/ui-pages-style-Style-Syste-c39a9-d-have-neon-magenta-accents-mobile-chrome-retry1/video.webm
    ────────────────────────────────────────────────────────────────────────────────────────────────

    Error Context: test-results/ui-pages-style-Style-Syste-c39a9-d-have-neon-magenta-accents-mobile-chrome-retry1/error-context.md

    attachment #4: trace (application/zip) ─────────────────────────────────────────────────────────
    test-results/ui-pages-style-Style-Syste-c39a9-d-have-neon-magenta-accents-mobile-chrome-retry1/trace.zip
    Usage:

        npx playwright show-trace test-results/ui-pages-style-Style-Syste-c39a9-d-have-neon-magenta-accents-mobile-chrome-retry1/trace.zip

    ────────────────────────────────────────────────────────────────────────────────────────────────

  2123) [mobile-chrome] › e2e/ui/pages/style.spec.ts:248:11 › Style System › Store Style › should have neon green accents 

    Error: page.goto: net::ERR_CONNECTION_REFUSED at http://localhost:4000/store
    Call log:
      - navigating to "http://localhost:4000/store", waiting until "load"


      158 |     test.describe(`${name} Style`, () => {
      159 |       test.beforeEach(async ({ page }) => {
    > 160 |         await page.goto(path);
          |                    ^
      161 |         // Wait for network idle to ensure styles are applied
      162 |         await page.waitForLoadState("networkidle");
      163 |       });
        at /home/tbaltzakis/cloudless.gr/e2e/ui/pages/style.spec.ts:160:20

    attachment #1: screenshot (image/png) ──────────────────────────────────────────────────────────
    test-results/ui-pages-style-Style-Syste-b0782-uld-have-neon-green-accents-mobile-chrome/test-failed-1.png
    ────────────────────────────────────────────────────────────────────────────────────────────────

    attachment #2: video (video/webm) ──────────────────────────────────────────────────────────────
    test-results/ui-pages-style-Style-Syste-b0782-uld-have-neon-green-accents-mobile-chrome/video.webm
    ────────────────────────────────────────────────────────────────────────────────────────────────

    Error Context: test-results/ui-pages-style-Style-Syste-b0782-uld-have-neon-green-accents-mobile-chrome/error-context.md

    Retry #1 ───────────────────────────────────────────────────────────────────────────────────────

    Error: page.goto: net::ERR_CONNECTION_REFUSED at http://localhost:4000/store
    Call log:
      - navigating to "http://localhost:4000/store", waiting until "load"


      158 |     test.describe(`${name} Style`, () => {
      159 |       test.beforeEach(async ({ page }) => {
    > 160 |         await page.goto(path);
          |                    ^
      161 |         // Wait for network idle to ensure styles are applied
      162 |         await page.waitForLoadState("networkidle");
      163 |       });
        at /home/tbaltzakis/cloudless.gr/e2e/ui/pages/style.spec.ts:160:20

    attachment #1: screenshot (image/png) ──────────────────────────────────────────────────────────
    test-results/ui-pages-style-Style-Syste-b0782-uld-have-neon-green-accents-mobile-chrome-retry1/test-failed-1.png
    ────────────────────────────────────────────────────────────────────────────────────────────────

    attachment #2: video (video/webm) ──────────────────────────────────────────────────────────────
    test-results/ui-pages-style-Style-Syste-b0782-uld-have-neon-green-accents-mobile-chrome-retry1/video.webm
    ────────────────────────────────────────────────────────────────────────────────────────────────

    Error Context: test-results/ui-pages-style-Style-Syste-b0782-uld-have-neon-green-accents-mobile-chrome-retry1/error-context.md

    attachment #4: trace (application/zip) ─────────────────────────────────────────────────────────
    test-results/ui-pages-style-Style-Syste-b0782-uld-have-neon-green-accents-mobile-chrome-retry1/trace.zip
    Usage:

        npx playwright show-trace test-results/ui-pages-style-Style-Syste-b0782-uld-have-neon-green-accents-mobile-chrome-retry1/trace.zip

    ────────────────────────────────────────────────────────────────────────────────────────────────

  2124) [mobile-chrome] › e2e/ui/pages/style.spec.ts:276:11 › Style System › Store Style › should have neon blue accents 

    Error: page.goto: net::ERR_CONNECTION_REFUSED at http://localhost:4000/store
    Call log:
      - navigating to "http://localhost:4000/store", waiting until "load"


      158 |     test.describe(`${name} Style`, () => {
      159 |       test.beforeEach(async ({ page }) => {
    > 160 |         await page.goto(path);
          |                    ^
      161 |         // Wait for network idle to ensure styles are applied
      162 |         await page.waitForLoadState("networkidle");
      163 |       });
        at /home/tbaltzakis/cloudless.gr/e2e/ui/pages/style.spec.ts:160:20

    attachment #1: screenshot (image/png) ──────────────────────────────────────────────────────────
    test-results/ui-pages-style-Style-Syste-fc576-ould-have-neon-blue-accents-mobile-chrome/test-failed-1.png
    ────────────────────────────────────────────────────────────────────────────────────────────────

    attachment #2: video (video/webm) ──────────────────────────────────────────────────────────────
    test-results/ui-pages-style-Style-Syste-fc576-ould-have-neon-blue-accents-mobile-chrome/video.webm
    ────────────────────────────────────────────────────────────────────────────────────────────────

    Error Context: test-results/ui-pages-style-Style-Syste-fc576-ould-have-neon-blue-accents-mobile-chrome/error-context.md

    Retry #1 ───────────────────────────────────────────────────────────────────────────────────────

    Error: page.goto: net::ERR_CONNECTION_REFUSED at http://localhost:4000/store
    Call log:
      - navigating to "http://localhost:4000/store", waiting until "load"


      158 |     test.describe(`${name} Style`, () => {
      159 |       test.beforeEach(async ({ page }) => {
    > 160 |         await page.goto(path);
          |                    ^
      161 |         // Wait for network idle to ensure styles are applied
      162 |         await page.waitForLoadState("networkidle");
      163 |       });
        at /home/tbaltzakis/cloudless.gr/e2e/ui/pages/style.spec.ts:160:20

    attachment #1: screenshot (image/png) ──────────────────────────────────────────────────────────
    test-results/ui-pages-style-Style-Syste-fc576-ould-have-neon-blue-accents-mobile-chrome-retry1/test-failed-1.png
    ────────────────────────────────────────────────────────────────────────────────────────────────

    attachment #2: video (video/webm) ──────────────────────────────────────────────────────────────
    test-results/ui-pages-style-Style-Syste-fc576-ould-have-neon-blue-accents-mobile-chrome-retry1/video.webm
    ────────────────────────────────────────────────────────────────────────────────────────────────

    Error Context: test-results/ui-pages-style-Style-Syste-fc576-ould-have-neon-blue-accents-mobile-chrome-retry1/error-context.md

    attachment #4: trace (application/zip) ─────────────────────────────────────────────────────────
    test-results/ui-pages-style-Style-Syste-fc576-ould-have-neon-blue-accents-mobile-chrome-retry1/trace.zip
    Usage:

        npx playwright show-trace test-results/ui-pages-style-Style-Syste-fc576-ould-have-neon-blue-accents-mobile-chrome-retry1/trace.zip

    ────────────────────────────────────────────────────────────────────────────────────────────────

  2125) [mobile-chrome] › e2e/ui/pages/style.spec.ts:306:15 › Style System › Store Style › Effects › should have scanlines effect applied 

    Error: page.goto: net::ERR_CONNECTION_REFUSED at http://localhost:4000/store
    Call log:
      - navigating to "http://localhost:4000/store", waiting until "load"


      158 |     test.describe(`${name} Style`, () => {
      159 |       test.beforeEach(async ({ page }) => {
    > 160 |         await page.goto(path);
          |                    ^
      161 |         // Wait for network idle to ensure styles are applied
      162 |         await page.waitForLoadState("networkidle");
      163 |       });
        at /home/tbaltzakis/cloudless.gr/e2e/ui/pages/style.spec.ts:160:20

    attachment #1: screenshot (image/png) ──────────────────────────────────────────────────────────
    test-results/ui-pages-style-Style-Syste-1c88c-ve-scanlines-effect-applied-mobile-chrome/test-failed-1.png
    ────────────────────────────────────────────────────────────────────────────────────────────────

    attachment #2: video (video/webm) ──────────────────────────────────────────────────────────────
    test-results/ui-pages-style-Style-Syste-1c88c-ve-scanlines-effect-applied-mobile-chrome/video.webm
    ────────────────────────────────────────────────────────────────────────────────────────────────

    Error Context: test-results/ui-pages-style-Style-Syste-1c88c-ve-scanlines-effect-applied-mobile-chrome/error-context.md

    Retry #1 ───────────────────────────────────────────────────────────────────────────────────────

    Error: page.goto: net::ERR_CONNECTION_REFUSED at http://localhost:4000/store
    Call log:
      - navigating to "http://localhost:4000/store", waiting until "load"


      158 |     test.describe(`${name} Style`, () => {
      159 |       test.beforeEach(async ({ page }) => {
    > 160 |         await page.goto(path);
          |                    ^
      161 |         // Wait for network idle to ensure styles are applied
      162 |         await page.waitForLoadState("networkidle");
      163 |       });
        at /home/tbaltzakis/cloudless.gr/e2e/ui/pages/style.spec.ts:160:20

    attachment #1: screenshot (image/png) ──────────────────────────────────────────────────────────
    test-results/ui-pages-style-Style-Syste-1c88c-ve-scanlines-effect-applied-mobile-chrome-retry1/test-failed-1.png
    ────────────────────────────────────────────────────────────────────────────────────────────────

    attachment #2: video (video/webm) ──────────────────────────────────────────────────────────────
    test-results/ui-pages-style-Style-Syste-1c88c-ve-scanlines-effect-applied-mobile-chrome-retry1/video.webm
    ────────────────────────────────────────────────────────────────────────────────────────────────

    Error Context: test-results/ui-pages-style-Style-Syste-1c88c-ve-scanlines-effect-applied-mobile-chrome-retry1/error-context.md

    attachment #4: trace (application/zip) ─────────────────────────────────────────────────────────
    test-results/ui-pages-style-Style-Syste-1c88c-ve-scanlines-effect-applied-mobile-chrome-retry1/trace.zip
    Usage:

        npx playwright show-trace test-results/ui-pages-style-Style-Syste-1c88c-ve-scanlines-effect-applied-mobile-chrome-retry1/trace.zip

    ────────────────────────────────────────────────────────────────────────────────────────────────

  2126) [mobile-chrome] › e2e/ui/pages/style.spec.ts:306:15 › Style System › Store Style › Effects › should have cyber-grid effect applied 

    Error: page.goto: net::ERR_CONNECTION_REFUSED at http://localhost:4000/store
    Call log:
      - navigating to "http://localhost:4000/store", waiting until "load"


      158 |     test.describe(`${name} Style`, () => {
      159 |       test.beforeEach(async ({ page }) => {
    > 160 |         await page.goto(path);
          |                    ^
      161 |         // Wait for network idle to ensure styles are applied
      162 |         await page.waitForLoadState("networkidle");
      163 |       });
        at /home/tbaltzakis/cloudless.gr/e2e/ui/pages/style.spec.ts:160:20

    attachment #1: screenshot (image/png) ──────────────────────────────────────────────────────────
    test-results/ui-pages-style-Style-Syste-704e2-e-cyber-grid-effect-applied-mobile-chrome/test-failed-1.png
    ────────────────────────────────────────────────────────────────────────────────────────────────

    attachment #2: video (video/webm) ──────────────────────────────────────────────────────────────
    test-results/ui-pages-style-Style-Syste-704e2-e-cyber-grid-effect-applied-mobile-chrome/video.webm
    ────────────────────────────────────────────────────────────────────────────────────────────────

    Error Context: test-results/ui-pages-style-Style-Syste-704e2-e-cyber-grid-effect-applied-mobile-chrome/error-context.md

    Retry #1 ───────────────────────────────────────────────────────────────────────────────────────

    Error: page.goto: net::ERR_CONNECTION_REFUSED at http://localhost:4000/store
    Call log:
      - navigating to "http://localhost:4000/store", waiting until "load"


      158 |     test.describe(`${name} Style`, () => {
      159 |       test.beforeEach(async ({ page }) => {
    > 160 |         await page.goto(path);
          |                    ^
      161 |         // Wait for network idle to ensure styles are applied
      162 |         await page.waitForLoadState("networkidle");
      163 |       });
        at /home/tbaltzakis/cloudless.gr/e2e/ui/pages/style.spec.ts:160:20

    attachment #1: screenshot (image/png) ──────────────────────────────────────────────────────────
    test-results/ui-pages-style-Style-Syste-704e2-e-cyber-grid-effect-applied-mobile-chrome-retry1/test-failed-1.png
    ────────────────────────────────────────────────────────────────────────────────────────────────

    attachment #2: video (video/webm) ──────────────────────────────────────────────────────────────
    test-results/ui-pages-style-Style-Syste-704e2-e-cyber-grid-effect-applied-mobile-chrome-retry1/video.webm
    ────────────────────────────────────────────────────────────────────────────────────────────────

    Error Context: test-results/ui-pages-style-Style-Syste-704e2-e-cyber-grid-effect-applied-mobile-chrome-retry1/error-context.md

    attachment #4: trace (application/zip) ─────────────────────────────────────────────────────────
    test-results/ui-pages-style-Style-Syste-704e2-e-cyber-grid-effect-applied-mobile-chrome-retry1/trace.zip
    Usage:

        npx playwright show-trace test-results/ui-pages-style-Style-Syste-704e2-e-cyber-grid-effect-applied-mobile-chrome-retry1/trace.zip

    ────────────────────────────────────────────────────────────────────────────────────────────────

  2127) [mobile-chrome] › e2e/ui/pages/style.spec.ts:306:15 › Style System › Store Style › Effects › should have neon-border effect applied 

    Error: page.goto: net::ERR_CONNECTION_REFUSED at http://localhost:4000/store
    Call log:
      - navigating to "http://localhost:4000/store", waiting until "load"


      158 |     test.describe(`${name} Style`, () => {
      159 |       test.beforeEach(async ({ page }) => {
    > 160 |         await page.goto(path);
          |                    ^
      161 |         // Wait for network idle to ensure styles are applied
      162 |         await page.waitForLoadState("networkidle");
      163 |       });
        at /home/tbaltzakis/cloudless.gr/e2e/ui/pages/style.spec.ts:160:20

    attachment #1: screenshot (image/png) ──────────────────────────────────────────────────────────
    test-results/ui-pages-style-Style-Syste-1aad1--neon-border-effect-applied-mobile-chrome/test-failed-1.png
    ────────────────────────────────────────────────────────────────────────────────────────────────

    attachment #2: video (video/webm) ──────────────────────────────────────────────────────────────
    test-results/ui-pages-style-Style-Syste-1aad1--neon-border-effect-applied-mobile-chrome/video.webm
    ────────────────────────────────────────────────────────────────────────────────────────────────

    Error Context: test-results/ui-pages-style-Style-Syste-1aad1--neon-border-effect-applied-mobile-chrome/error-context.md

    Retry #1 ───────────────────────────────────────────────────────────────────────────────────────

    Error: page.goto: net::ERR_CONNECTION_REFUSED at http://localhost:4000/store
    Call log:
      - navigating to "http://localhost:4000/store", waiting until "load"


      158 |     test.describe(`${name} Style`, () => {
      159 |       test.beforeEach(async ({ page }) => {
    > 160 |         await page.goto(path);
          |                    ^
      161 |         // Wait for network idle to ensure styles are applied
      162 |         await page.waitForLoadState("networkidle");
      163 |       });
        at /home/tbaltzakis/cloudless.gr/e2e/ui/pages/style.spec.ts:160:20

    attachment #1: screenshot (image/png) ──────────────────────────────────────────────────────────
    test-results/ui-pages-style-Style-Syste-1aad1--neon-border-effect-applied-mobile-chrome-retry1/test-failed-1.png
    ────────────────────────────────────────────────────────────────────────────────────────────────

    attachment #2: video (video/webm) ──────────────────────────────────────────────────────────────
    test-results/ui-pages-style-Style-Syste-1aad1--neon-border-effect-applied-mobile-chrome-retry1/video.webm
    ────────────────────────────────────────────────────────────────────────────────────────────────

    Error Context: test-results/ui-pages-style-Style-Syste-1aad1--neon-border-effect-applied-mobile-chrome-retry1/error-context.md

    attachment #4: trace (application/zip) ─────────────────────────────────────────────────────────
    test-results/ui-pages-style-Style-Syste-1aad1--neon-border-effect-applied-mobile-chrome-retry1/trace.zip
    Usage:

        npx playwright show-trace test-results/ui-pages-style-Style-Syste-1aad1--neon-border-effect-applied-mobile-chrome-retry1/trace.zip

    ────────────────────────────────────────────────────────────────────────────────────────────────

  2128) [mobile-chrome] › e2e/ui/pages/style.spec.ts:306:15 › Style System › Store Style › Effects › should have glow-cyan effect applied 

    Error: page.goto: net::ERR_CONNECTION_REFUSED at http://localhost:4000/store
    Call log:
      - navigating to "http://localhost:4000/store", waiting until "load"


      158 |     test.describe(`${name} Style`, () => {
      159 |       test.beforeEach(async ({ page }) => {
    > 160 |         await page.goto(path);
          |                    ^
      161 |         // Wait for network idle to ensure styles are applied
      162 |         await page.waitForLoadState("networkidle");
      163 |       });
        at /home/tbaltzakis/cloudless.gr/e2e/ui/pages/style.spec.ts:160:20

    attachment #1: screenshot (image/png) ──────────────────────────────────────────────────────────
    test-results/ui-pages-style-Style-Syste-ea978-ve-glow-cyan-effect-applied-mobile-chrome/test-failed-1.png
    ────────────────────────────────────────────────────────────────────────────────────────────────

    attachment #2: video (video/webm) ──────────────────────────────────────────────────────────────
    test-results/ui-pages-style-Style-Syste-ea978-ve-glow-cyan-effect-applied-mobile-chrome/video.webm
    ────────────────────────────────────────────────────────────────────────────────────────────────

    Error Context: test-results/ui-pages-style-Style-Syste-ea978-ve-glow-cyan-effect-applied-mobile-chrome/error-context.md

    Retry #1 ───────────────────────────────────────────────────────────────────────────────────────

    Error: page.goto: net::ERR_CONNECTION_REFUSED at http://localhost:4000/store
    Call log:
      - navigating to "http://localhost:4000/store", waiting until "load"


      158 |     test.describe(`${name} Style`, () => {
      159 |       test.beforeEach(async ({ page }) => {
    > 160 |         await page.goto(path);
          |                    ^
      161 |         // Wait for network idle to ensure styles are applied
      162 |         await page.waitForLoadState("networkidle");
      163 |       });
        at /home/tbaltzakis/cloudless.gr/e2e/ui/pages/style.spec.ts:160:20

    attachment #1: screenshot (image/png) ──────────────────────────────────────────────────────────
    test-results/ui-pages-style-Style-Syste-ea978-ve-glow-cyan-effect-applied-mobile-chrome-retry1/test-failed-1.png
    ────────────────────────────────────────────────────────────────────────────────────────────────

    attachment #2: video (video/webm) ──────────────────────────────────────────────────────────────
    test-results/ui-pages-style-Style-Syste-ea978-ve-glow-cyan-effect-applied-mobile-chrome-retry1/video.webm
    ────────────────────────────────────────────────────────────────────────────────────────────────

    Error Context: test-results/ui-pages-style-Style-Syste-ea978-ve-glow-cyan-effect-applied-mobile-chrome-retry1/error-context.md

    attachment #4: trace (application/zip) ─────────────────────────────────────────────────────────
    test-results/ui-pages-style-Style-Syste-ea978-ve-glow-cyan-effect-applied-mobile-chrome-retry1/trace.zip
    Usage:

        npx playwright show-trace test-results/ui-pages-style-Style-Syste-ea978-ve-glow-cyan-effect-applied-mobile-chrome-retry1/trace.zip

    ────────────────────────────────────────────────────────────────────────────────────────────────

  2129) [mobile-chrome] › e2e/ui/pages/style.spec.ts:306:15 › Style System › Store Style › Effects › should have dot-matrix effect applied 

    Error: page.goto: net::ERR_CONNECTION_REFUSED at http://localhost:4000/store
    Call log:
      - navigating to "http://localhost:4000/store", waiting until "load"


      158 |     test.describe(`${name} Style`, () => {
      159 |       test.beforeEach(async ({ page }) => {
    > 160 |         await page.goto(path);
          |                    ^
      161 |         // Wait for network idle to ensure styles are applied
      162 |         await page.waitForLoadState("networkidle");
      163 |       });
        at /home/tbaltzakis/cloudless.gr/e2e/ui/pages/style.spec.ts:160:20

    attachment #1: screenshot (image/png) ──────────────────────────────────────────────────────────
    test-results/ui-pages-style-Style-Syste-b2579-e-dot-matrix-effect-applied-mobile-chrome/test-failed-1.png
    ────────────────────────────────────────────────────────────────────────────────────────────────

    attachment #2: video (video/webm) ──────────────────────────────────────────────────────────────
    test-results/ui-pages-style-Style-Syste-b2579-e-dot-matrix-effect-applied-mobile-chrome/video.webm
    ────────────────────────────────────────────────────────────────────────────────────────────────

    Error Context: test-results/ui-pages-style-Style-Syste-b2579-e-dot-matrix-effect-applied-mobile-chrome/error-context.md

    Retry #1 ───────────────────────────────────────────────────────────────────────────────────────

    Error: page.goto: net::ERR_CONNECTION_REFUSED at http://localhost:4000/store
    Call log:
      - navigating to "http://localhost:4000/store", waiting until "load"


      158 |     test.describe(`${name} Style`, () => {
      159 |       test.beforeEach(async ({ page }) => {
    > 160 |         await page.goto(path);
          |                    ^
      161 |         // Wait for network idle to ensure styles are applied
      162 |         await page.waitForLoadState("networkidle");
      163 |       });
        at /home/tbaltzakis/cloudless.gr/e2e/ui/pages/style.spec.ts:160:20

    attachment #1: screenshot (image/png) ──────────────────────────────────────────────────────────
    test-results/ui-pages-style-Style-Syste-b2579-e-dot-matrix-effect-applied-mobile-chrome-retry1/test-failed-1.png
    ────────────────────────────────────────────────────────────────────────────────────────────────

    attachment #2: video (video/webm) ──────────────────────────────────────────────────────────────
    test-results/ui-pages-style-Style-Syste-b2579-e-dot-matrix-effect-applied-mobile-chrome-retry1/video.webm
    ────────────────────────────────────────────────────────────────────────────────────────────────

    Error Context: test-results/ui-pages-style-Style-Syste-b2579-e-dot-matrix-effect-applied-mobile-chrome-retry1/error-context.md

    attachment #4: trace (application/zip) ─────────────────────────────────────────────────────────
    test-results/ui-pages-style-Style-Syste-b2579-e-dot-matrix-effect-applied-mobile-chrome-retry1/trace.zip
    Usage:

        npx playwright show-trace test-results/ui-pages-style-Style-Syste-b2579-e-dot-matrix-effect-applied-mobile-chrome-retry1/trace.zip

    ────────────────────────────────────────────────────────────────────────────────────────────────

  2130) [mobile-chrome] › e2e/ui/pages/style.spec.ts:313:13 › Style System › Store Style › Hover States › should show neon cyan on hover for interactive elements 

    Error: page.goto: net::ERR_CONNECTION_REFUSED at http://localhost:4000/store
    Call log:
      - navigating to "http://localhost:4000/store", waiting until "load"


      158 |     test.describe(`${name} Style`, () => {
      159 |       test.beforeEach(async ({ page }) => {
    > 160 |         await page.goto(path);
          |                    ^
      161 |         // Wait for network idle to ensure styles are applied
      162 |         await page.waitForLoadState("networkidle");
      163 |       });
        at /home/tbaltzakis/cloudless.gr/e2e/ui/pages/style.spec.ts:160:20

    attachment #1: screenshot (image/png) ──────────────────────────────────────────────────────────
    test-results/ui-pages-style-Style-Syste-ccfa2-er-for-interactive-elements-mobile-chrome/test-failed-1.png
    ────────────────────────────────────────────────────────────────────────────────────────────────

    attachment #2: video (video/webm) ──────────────────────────────────────────────────────────────
    test-results/ui-pages-style-Style-Syste-ccfa2-er-for-interactive-elements-mobile-chrome/video.webm
    ────────────────────────────────────────────────────────────────────────────────────────────────

    Error Context: test-results/ui-pages-style-Style-Syste-ccfa2-er-for-interactive-elements-mobile-chrome/error-context.md

    Retry #1 ───────────────────────────────────────────────────────────────────────────────────────

    Error: page.goto: net::ERR_CONNECTION_REFUSED at http://localhost:4000/store
    Call log:
      - navigating to "http://localhost:4000/store", waiting until "load"


      158 |     test.describe(`${name} Style`, () => {
      159 |       test.beforeEach(async ({ page }) => {
    > 160 |         await page.goto(path);
          |                    ^
      161 |         // Wait for network idle to ensure styles are applied
      162 |         await page.waitForLoadState("networkidle");
      163 |       });
        at /home/tbaltzakis/cloudless.gr/e2e/ui/pages/style.spec.ts:160:20

    attachment #1: screenshot (image/png) ──────────────────────────────────────────────────────────
    test-results/ui-pages-style-Style-Syste-ccfa2-er-for-interactive-elements-mobile-chrome-retry1/test-failed-1.png
    ────────────────────────────────────────────────────────────────────────────────────────────────

    attachment #2: video (video/webm) ──────────────────────────────────────────────────────────────
    test-results/ui-pages-style-Style-Syste-ccfa2-er-for-interactive-elements-mobile-chrome-retry1/video.webm
    ────────────────────────────────────────────────────────────────────────────────────────────────

    Error Context: test-results/ui-pages-style-Style-Syste-ccfa2-er-for-interactive-elements-mobile-chrome-retry1/error-context.md

    attachment #4: trace (application/zip) ─────────────────────────────────────────────────────────
    test-results/ui-pages-style-Style-Syste-ccfa2-er-for-interactive-elements-mobile-chrome-retry1/trace.zip
    Usage:

        npx playwright show-trace test-results/ui-pages-style-Style-Syste-ccfa2-er-for-interactive-elements-mobile-chrome-retry1/trace.zip

    ────────────────────────────────────────────────────────────────────────────────────────────────

  2131) [mobile-chrome] › e2e/ui/pages/style.spec.ts:165:11 › Style System › Blog Style › should have void background color 

    Error: page.goto: net::ERR_CONNECTION_REFUSED at http://localhost:4000/blog
    Call log:
      - navigating to "http://localhost:4000/blog", waiting until "load"


      158 |     test.describe(`${name} Style`, () => {
      159 |       test.beforeEach(async ({ page }) => {
    > 160 |         await page.goto(path);
          |                    ^
      161 |         // Wait for network idle to ensure styles are applied
      162 |         await page.waitForLoadState("networkidle");
      163 |       });
        at /home/tbaltzakis/cloudless.gr/e2e/ui/pages/style.spec.ts:160:20

    attachment #1: screenshot (image/png) ──────────────────────────────────────────────────────────
    test-results/ui-pages-style-Style-Syste-b77e3--have-void-background-color-mobile-chrome/test-failed-1.png
    ────────────────────────────────────────────────────────────────────────────────────────────────

    attachment #2: video (video/webm) ──────────────────────────────────────────────────────────────
    test-results/ui-pages-style-Style-Syste-b77e3--have-void-background-color-mobile-chrome/video.webm
    ────────────────────────────────────────────────────────────────────────────────────────────────

    Error Context: test-results/ui-pages-style-Style-Syste-b77e3--have-void-background-color-mobile-chrome/error-context.md

    Retry #1 ───────────────────────────────────────────────────────────────────────────────────────

    Error: page.goto: net::ERR_CONNECTION_REFUSED at http://localhost:4000/blog
    Call log:
      - navigating to "http://localhost:4000/blog", waiting until "load"


      158 |     test.describe(`${name} Style`, () => {
      159 |       test.beforeEach(async ({ page }) => {
    > 160 |         await page.goto(path);
          |                    ^
      161 |         // Wait for network idle to ensure styles are applied
      162 |         await page.waitForLoadState("networkidle");
      163 |       });
        at /home/tbaltzakis/cloudless.gr/e2e/ui/pages/style.spec.ts:160:20

    attachment #1: screenshot (image/png) ──────────────────────────────────────────────────────────
    test-results/ui-pages-style-Style-Syste-b77e3--have-void-background-color-mobile-chrome-retry1/test-failed-1.png
    ────────────────────────────────────────────────────────────────────────────────────────────────

    attachment #2: video (video/webm) ──────────────────────────────────────────────────────────────
    test-results/ui-pages-style-Style-Syste-b77e3--have-void-background-color-mobile-chrome-retry1/video.webm
    ────────────────────────────────────────────────────────────────────────────────────────────────

    Error Context: test-results/ui-pages-style-Style-Syste-b77e3--have-void-background-color-mobile-chrome-retry1/error-context.md

    attachment #4: trace (application/zip) ─────────────────────────────────────────────────────────
    test-results/ui-pages-style-Style-Syste-b77e3--have-void-background-color-mobile-chrome-retry1/trace.zip
    Usage:

        npx playwright show-trace test-results/ui-pages-style-Style-Syste-b77e3--have-void-background-color-mobile-chrome-retry1/trace.zip

    ────────────────────────────────────────────────────────────────────────────────────────────────

  2132) [mobile-chrome] › e2e/ui/pages/style.spec.ts:170:11 › Style System › Blog Style › should have correct heading font 

    Error: page.goto: net::ERR_CONNECTION_REFUSED at http://localhost:4000/blog
    Call log:
      - navigating to "http://localhost:4000/blog", waiting until "load"


      158 |     test.describe(`${name} Style`, () => {
      159 |       test.beforeEach(async ({ page }) => {
    > 160 |         await page.goto(path);
          |                    ^
      161 |         // Wait for network idle to ensure styles are applied
      162 |         await page.waitForLoadState("networkidle");
      163 |       });
        at /home/tbaltzakis/cloudless.gr/e2e/ui/pages/style.spec.ts:160:20

    attachment #1: screenshot (image/png) ──────────────────────────────────────────────────────────
    test-results/ui-pages-style-Style-Syste-93402-d-have-correct-heading-font-mobile-chrome/test-failed-1.png
    ────────────────────────────────────────────────────────────────────────────────────────────────

    attachment #2: video (video/webm) ──────────────────────────────────────────────────────────────
    test-results/ui-pages-style-Style-Syste-93402-d-have-correct-heading-font-mobile-chrome/video.webm
    ────────────────────────────────────────────────────────────────────────────────────────────────

    Error Context: test-results/ui-pages-style-Style-Syste-93402-d-have-correct-heading-font-mobile-chrome/error-context.md

    Retry #1 ───────────────────────────────────────────────────────────────────────────────────────

    Error: page.goto: net::ERR_CONNECTION_REFUSED at http://localhost:4000/blog
    Call log:
      - navigating to "http://localhost:4000/blog", waiting until "load"


      158 |     test.describe(`${name} Style`, () => {
      159 |       test.beforeEach(async ({ page }) => {
    > 160 |         await page.goto(path);
          |                    ^
      161 |         // Wait for network idle to ensure styles are applied
      162 |         await page.waitForLoadState("networkidle");
      163 |       });
        at /home/tbaltzakis/cloudless.gr/e2e/ui/pages/style.spec.ts:160:20

    attachment #1: screenshot (image/png) ──────────────────────────────────────────────────────────
    test-results/ui-pages-style-Style-Syste-93402-d-have-correct-heading-font-mobile-chrome-retry1/test-failed-1.png
    ────────────────────────────────────────────────────────────────────────────────────────────────

    attachment #2: video (video/webm) ──────────────────────────────────────────────────────────────
    test-results/ui-pages-style-Style-Syste-93402-d-have-correct-heading-font-mobile-chrome-retry1/video.webm
    ────────────────────────────────────────────────────────────────────────────────────────────────

    Error Context: test-results/ui-pages-style-Style-Syste-93402-d-have-correct-heading-font-mobile-chrome-retry1/error-context.md

    attachment #4: trace (application/zip) ─────────────────────────────────────────────────────────
    test-results/ui-pages-style-Style-Syste-93402-d-have-correct-heading-font-mobile-chrome-retry1/trace.zip
    Usage:

        npx playwright show-trace test-results/ui-pages-style-Style-Syste-93402-d-have-correct-heading-font-mobile-chrome-retry1/trace.zip

    ────────────────────────────────────────────────────────────────────────────────────────────────

  2133) [mobile-chrome] › e2e/ui/pages/style.spec.ts:175:11 › Style System › Blog Style › should have correct body font 

    Error: page.goto: net::ERR_CONNECTION_REFUSED at http://localhost:4000/blog
    Call log:
      - navigating to "http://localhost:4000/blog", waiting until "load"


      158 |     test.describe(`${name} Style`, () => {
      159 |       test.beforeEach(async ({ page }) => {
    > 160 |         await page.goto(path);
          |                    ^
      161 |         // Wait for network idle to ensure styles are applied
      162 |         await page.waitForLoadState("networkidle");
      163 |       });
        at /home/tbaltzakis/cloudless.gr/e2e/ui/pages/style.spec.ts:160:20

    attachment #1: screenshot (image/png) ──────────────────────────────────────────────────────────
    test-results/ui-pages-style-Style-Syste-01f37-ould-have-correct-body-font-mobile-chrome/test-failed-1.png
    ────────────────────────────────────────────────────────────────────────────────────────────────

    attachment #2: video (video/webm) ──────────────────────────────────────────────────────────────
    test-results/ui-pages-style-Style-Syste-01f37-ould-have-correct-body-font-mobile-chrome/video.webm
    ────────────────────────────────────────────────────────────────────────────────────────────────

    Error Context: test-results/ui-pages-style-Style-Syste-01f37-ould-have-correct-body-font-mobile-chrome/error-context.md

    Retry #1 ───────────────────────────────────────────────────────────────────────────────────────

    Error: page.goto: net::ERR_CONNECTION_REFUSED at http://localhost:4000/blog
    Call log:
      - navigating to "http://localhost:4000/blog", waiting until "load"


      158 |     test.describe(`${name} Style`, () => {
      159 |       test.beforeEach(async ({ page }) => {
    > 160 |         await page.goto(path);
          |                    ^
      161 |         // Wait for network idle to ensure styles are applied
      162 |         await page.waitForLoadState("networkidle");
      163 |       });
        at /home/tbaltzakis/cloudless.gr/e2e/ui/pages/style.spec.ts:160:20

    attachment #1: screenshot (image/png) ──────────────────────────────────────────────────────────
    test-results/ui-pages-style-Style-Syste-01f37-ould-have-correct-body-font-mobile-chrome-retry1/test-failed-1.png
    ────────────────────────────────────────────────────────────────────────────────────────────────

    attachment #2: video (video/webm) ──────────────────────────────────────────────────────────────
    test-results/ui-pages-style-Style-Syste-01f37-ould-have-correct-body-font-mobile-chrome-retry1/video.webm
    ────────────────────────────────────────────────────────────────────────────────────────────────

    Error Context: test-results/ui-pages-style-Style-Syste-01f37-ould-have-correct-body-font-mobile-chrome-retry1/error-context.md

    attachment #4: trace (application/zip) ─────────────────────────────────────────────────────────
    test-results/ui-pages-style-Style-Syste-01f37-ould-have-correct-body-font-mobile-chrome-retry1/trace.zip
    Usage:

        npx playwright show-trace test-results/ui-pages-style-Style-Syste-01f37-ould-have-correct-body-font-mobile-chrome-retry1/trace.zip

    ────────────────────────────────────────────────────────────────────────────────────────────────

  2134) [mobile-chrome] › e2e/ui/pages/style.spec.ts:180:11 › Style System › Blog Style › should have correct code font 

    Error: page.goto: net::ERR_CONNECTION_REFUSED at http://localhost:4000/blog
    Call log:
      - navigating to "http://localhost:4000/blog", waiting until "load"


      158 |     test.describe(`${name} Style`, () => {
      159 |       test.beforeEach(async ({ page }) => {
    > 160 |         await page.goto(path);
          |                    ^
      161 |         // Wait for network idle to ensure styles are applied
      162 |         await page.waitForLoadState("networkidle");
      163 |       });
        at /home/tbaltzakis/cloudless.gr/e2e/ui/pages/style.spec.ts:160:20

    attachment #1: screenshot (image/png) ──────────────────────────────────────────────────────────
    test-results/ui-pages-style-Style-Syste-a8688-ould-have-correct-code-font-mobile-chrome/test-failed-1.png
    ────────────────────────────────────────────────────────────────────────────────────────────────

    attachment #2: video (video/webm) ──────────────────────────────────────────────────────────────
    test-results/ui-pages-style-Style-Syste-a8688-ould-have-correct-code-font-mobile-chrome/video.webm
    ────────────────────────────────────────────────────────────────────────────────────────────────

    Error Context: test-results/ui-pages-style-Style-Syste-a8688-ould-have-correct-code-font-mobile-chrome/error-context.md

    Retry #1 ───────────────────────────────────────────────────────────────────────────────────────

    Error: page.goto: net::ERR_CONNECTION_REFUSED at http://localhost:4000/blog
    Call log:
      - navigating to "http://localhost:4000/blog", waiting until "load"


      158 |     test.describe(`${name} Style`, () => {
      159 |       test.beforeEach(async ({ page }) => {
    > 160 |         await page.goto(path);
          |                    ^
      161 |         // Wait for network idle to ensure styles are applied
      162 |         await page.waitForLoadState("networkidle");
      163 |       });
        at /home/tbaltzakis/cloudless.gr/e2e/ui/pages/style.spec.ts:160:20

    attachment #1: screenshot (image/png) ──────────────────────────────────────────────────────────
    test-results/ui-pages-style-Style-Syste-a8688-ould-have-correct-code-font-mobile-chrome-retry1/test-failed-1.png
    ────────────────────────────────────────────────────────────────────────────────────────────────

    attachment #2: video (video/webm) ──────────────────────────────────────────────────────────────
    test-results/ui-pages-style-Style-Syste-a8688-ould-have-correct-code-font-mobile-chrome-retry1/video.webm
    ────────────────────────────────────────────────────────────────────────────────────────────────

    Error Context: test-results/ui-pages-style-Style-Syste-a8688-ould-have-correct-code-font-mobile-chrome-retry1/error-context.md

    attachment #4: trace (application/zip) ─────────────────────────────────────────────────────────
    test-results/ui-pages-style-Style-Syste-a8688-ould-have-correct-code-font-mobile-chrome-retry1/trace.zip
    Usage:

        npx playwright show-trace test-results/ui-pages-style-Style-Syste-a8688-ould-have-correct-code-font-mobile-chrome-retry1/trace.zip

    ────────────────────────────────────────────────────────────────────────────────────────────────

  2135) [mobile-chrome] › e2e/ui/pages/style.spec.ts:185:11 › Style System › Blog Style › should have neon cyan accents 

    Error: page.goto: net::ERR_CONNECTION_REFUSED at http://localhost:4000/blog
    Call log:
      - navigating to "http://localhost:4000/blog", waiting until "load"


      158 |     test.describe(`${name} Style`, () => {
      159 |       test.beforeEach(async ({ page }) => {
    > 160 |         await page.goto(path);
          |                    ^
      161 |         // Wait for network idle to ensure styles are applied
      162 |         await page.waitForLoadState("networkidle");
      163 |       });
        at /home/tbaltzakis/cloudless.gr/e2e/ui/pages/style.spec.ts:160:20

    attachment #1: screenshot (image/png) ──────────────────────────────────────────────────────────
    test-results/ui-pages-style-Style-Syste-31c66-ould-have-neon-cyan-accents-mobile-chrome/test-failed-1.png
    ────────────────────────────────────────────────────────────────────────────────────────────────

    attachment #2: video (video/webm) ──────────────────────────────────────────────────────────────
    test-results/ui-pages-style-Style-Syste-31c66-ould-have-neon-cyan-accents-mobile-chrome/video.webm
    ────────────────────────────────────────────────────────────────────────────────────────────────

    Error Context: test-results/ui-pages-style-Style-Syste-31c66-ould-have-neon-cyan-accents-mobile-chrome/error-context.md

    Retry #1 ───────────────────────────────────────────────────────────────────────────────────────

    Error: page.goto: net::ERR_CONNECTION_REFUSED at http://localhost:4000/blog
    Call log:
      - navigating to "http://localhost:4000/blog", waiting until "load"


      158 |     test.describe(`${name} Style`, () => {
      159 |       test.beforeEach(async ({ page }) => {
    > 160 |         await page.goto(path);
          |                    ^
      161 |         // Wait for network idle to ensure styles are applied
      162 |         await page.waitForLoadState("networkidle");
      163 |       });
        at /home/tbaltzakis/cloudless.gr/e2e/ui/pages/style.spec.ts:160:20

    attachment #1: screenshot (image/png) ──────────────────────────────────────────────────────────
    test-results/ui-pages-style-Style-Syste-31c66-ould-have-neon-cyan-accents-mobile-chrome-retry1/test-failed-1.png
    ────────────────────────────────────────────────────────────────────────────────────────────────

    attachment #2: video (video/webm) ──────────────────────────────────────────────────────────────
    test-results/ui-pages-style-Style-Syste-31c66-ould-have-neon-cyan-accents-mobile-chrome-retry1/video.webm
    ────────────────────────────────────────────────────────────────────────────────────────────────

    Error Context: test-results/ui-pages-style-Style-Syste-31c66-ould-have-neon-cyan-accents-mobile-chrome-retry1/error-context.md

    attachment #4: trace (application/zip) ─────────────────────────────────────────────────────────
    test-results/ui-pages-style-Style-Syste-31c66-ould-have-neon-cyan-accents-mobile-chrome-retry1/trace.zip
    Usage:

        npx playwright show-trace test-results/ui-pages-style-Style-Syste-31c66-ould-have-neon-cyan-accents-mobile-chrome-retry1/trace.zip

    ────────────────────────────────────────────────────────────────────────────────────────────────

  2136) [mobile-chrome] › e2e/ui/pages/style.spec.ts:219:11 › Style System › Blog Style › should have neon magenta accents 

    Error: page.goto: net::ERR_CONNECTION_REFUSED at http://localhost:4000/blog
    Call log:
      - navigating to "http://localhost:4000/blog", waiting until "load"


      158 |     test.describe(`${name} Style`, () => {
      159 |       test.beforeEach(async ({ page }) => {
    > 160 |         await page.goto(path);
          |                    ^
      161 |         // Wait for network idle to ensure styles are applied
      162 |         await page.waitForLoadState("networkidle");
      163 |       });
        at /home/tbaltzakis/cloudless.gr/e2e/ui/pages/style.spec.ts:160:20

    attachment #1: screenshot (image/png) ──────────────────────────────────────────────────────────
    test-results/ui-pages-style-Style-Syste-dfe73-d-have-neon-magenta-accents-mobile-chrome/test-failed-1.png
    ────────────────────────────────────────────────────────────────────────────────────────────────

    attachment #2: video (video/webm) ──────────────────────────────────────────────────────────────
    test-results/ui-pages-style-Style-Syste-dfe73-d-have-neon-magenta-accents-mobile-chrome/video.webm
    ────────────────────────────────────────────────────────────────────────────────────────────────

    Error Context: test-results/ui-pages-style-Style-Syste-dfe73-d-have-neon-magenta-accents-mobile-chrome/error-context.md

    Retry #1 ───────────────────────────────────────────────────────────────────────────────────────

    Error: page.goto: net::ERR_CONNECTION_REFUSED at http://localhost:4000/blog
    Call log:
      - navigating to "http://localhost:4000/blog", waiting until "load"


      158 |     test.describe(`${name} Style`, () => {
      159 |       test.beforeEach(async ({ page }) => {
    > 160 |         await page.goto(path);
          |                    ^
      161 |         // Wait for network idle to ensure styles are applied
      162 |         await page.waitForLoadState("networkidle");
      163 |       });
        at /home/tbaltzakis/cloudless.gr/e2e/ui/pages/style.spec.ts:160:20

    attachment #1: screenshot (image/png) ──────────────────────────────────────────────────────────
    test-results/ui-pages-style-Style-Syste-dfe73-d-have-neon-magenta-accents-mobile-chrome-retry1/test-failed-1.png
    ────────────────────────────────────────────────────────────────────────────────────────────────

    attachment #2: video (video/webm) ──────────────────────────────────────────────────────────────
    test-results/ui-pages-style-Style-Syste-dfe73-d-have-neon-magenta-accents-mobile-chrome-retry1/video.webm
    ────────────────────────────────────────────────────────────────────────────────────────────────

    Error Context: test-results/ui-pages-style-Style-Syste-dfe73-d-have-neon-magenta-accents-mobile-chrome-retry1/error-context.md

    attachment #4: trace (application/zip) ─────────────────────────────────────────────────────────
    test-results/ui-pages-style-Style-Syste-dfe73-d-have-neon-magenta-accents-mobile-chrome-retry1/trace.zip
    Usage:

        npx playwright show-trace test-results/ui-pages-style-Style-Syste-dfe73-d-have-neon-magenta-accents-mobile-chrome-retry1/trace.zip

    ────────────────────────────────────────────────────────────────────────────────────────────────

  2137) [mobile-chrome] › e2e/ui/pages/style.spec.ts:248:11 › Style System › Blog Style › should have neon green accents 

    Error: page.goto: net::ERR_CONNECTION_REFUSED at http://localhost:4000/blog
    Call log:
      - navigating to "http://localhost:4000/blog", waiting until "load"


      158 |     test.describe(`${name} Style`, () => {
      159 |       test.beforeEach(async ({ page }) => {
    > 160 |         await page.goto(path);
          |                    ^
      161 |         // Wait for network idle to ensure styles are applied
      162 |         await page.waitForLoadState("networkidle");
      163 |       });
        at /home/tbaltzakis/cloudless.gr/e2e/ui/pages/style.spec.ts:160:20

    attachment #1: screenshot (image/png) ──────────────────────────────────────────────────────────
    test-results/ui-pages-style-Style-Syste-c10bb-uld-have-neon-green-accents-mobile-chrome/test-failed-1.png
    ────────────────────────────────────────────────────────────────────────────────────────────────

    attachment #2: video (video/webm) ──────────────────────────────────────────────────────────────
    test-results/ui-pages-style-Style-Syste-c10bb-uld-have-neon-green-accents-mobile-chrome/video.webm
    ────────────────────────────────────────────────────────────────────────────────────────────────

    Error Context: test-results/ui-pages-style-Style-Syste-c10bb-uld-have-neon-green-accents-mobile-chrome/error-context.md

    Retry #1 ───────────────────────────────────────────────────────────────────────────────────────

    Error: page.goto: net::ERR_CONNECTION_REFUSED at http://localhost:4000/blog
    Call log:
      - navigating to "http://localhost:4000/blog", waiting until "load"


      158 |     test.describe(`${name} Style`, () => {
      159 |       test.beforeEach(async ({ page }) => {
    > 160 |         await page.goto(path);
          |                    ^
      161 |         // Wait for network idle to ensure styles are applied
      162 |         await page.waitForLoadState("networkidle");
      163 |       });
        at /home/tbaltzakis/cloudless.gr/e2e/ui/pages/style.spec.ts:160:20

    attachment #1: screenshot (image/png) ──────────────────────────────────────────────────────────
    test-results/ui-pages-style-Style-Syste-c10bb-uld-have-neon-green-accents-mobile-chrome-retry1/test-failed-1.png
    ────────────────────────────────────────────────────────────────────────────────────────────────

    attachment #2: video (video/webm) ──────────────────────────────────────────────────────────────
    test-results/ui-pages-style-Style-Syste-c10bb-uld-have-neon-green-accents-mobile-chrome-retry1/video.webm
    ────────────────────────────────────────────────────────────────────────────────────────────────

    Error Context: test-results/ui-pages-style-Style-Syste-c10bb-uld-have-neon-green-accents-mobile-chrome-retry1/error-context.md

    attachment #4: trace (application/zip) ─────────────────────────────────────────────────────────
    test-results/ui-pages-style-Style-Syste-c10bb-uld-have-neon-green-accents-mobile-chrome-retry1/trace.zip
    Usage:

        npx playwright show-trace test-results/ui-pages-style-Style-Syste-c10bb-uld-have-neon-green-accents-mobile-chrome-retry1/trace.zip

    ────────────────────────────────────────────────────────────────────────────────────────────────

  2138) [mobile-chrome] › e2e/ui/pages/style.spec.ts:276:11 › Style System › Blog Style › should have neon blue accents 

    Error: page.goto: net::ERR_CONNECTION_REFUSED at http://localhost:4000/blog
    Call log:
      - navigating to "http://localhost:4000/blog", waiting until "load"


      158 |     test.describe(`${name} Style`, () => {
      159 |       test.beforeEach(async ({ page }) => {
    > 160 |         await page.goto(path);
          |                    ^
      161 |         // Wait for network idle to ensure styles are applied
      162 |         await page.waitForLoadState("networkidle");
      163 |       });
        at /home/tbaltzakis/cloudless.gr/e2e/ui/pages/style.spec.ts:160:20

    attachment #1: screenshot (image/png) ──────────────────────────────────────────────────────────
    test-results/ui-pages-style-Style-Syste-b3b28-ould-have-neon-blue-accents-mobile-chrome/test-failed-1.png
    ────────────────────────────────────────────────────────────────────────────────────────────────

    attachment #2: video (video/webm) ──────────────────────────────────────────────────────────────
    test-results/ui-pages-style-Style-Syste-b3b28-ould-have-neon-blue-accents-mobile-chrome/video.webm
    ────────────────────────────────────────────────────────────────────────────────────────────────

    Error Context: test-results/ui-pages-style-Style-Syste-b3b28-ould-have-neon-blue-accents-mobile-chrome/error-context.md

    Retry #1 ───────────────────────────────────────────────────────────────────────────────────────

    Error: page.goto: net::ERR_CONNECTION_REFUSED at http://localhost:4000/blog
    Call log:
      - navigating to "http://localhost:4000/blog", waiting until "load"


      158 |     test.describe(`${name} Style`, () => {
      159 |       test.beforeEach(async ({ page }) => {
    > 160 |         await page.goto(path);
          |                    ^
      161 |         // Wait for network idle to ensure styles are applied
      162 |         await page.waitForLoadState("networkidle");
      163 |       });
        at /home/tbaltzakis/cloudless.gr/e2e/ui/pages/style.spec.ts:160:20

    attachment #1: screenshot (image/png) ──────────────────────────────────────────────────────────
    test-results/ui-pages-style-Style-Syste-b3b28-ould-have-neon-blue-accents-mobile-chrome-retry1/test-failed-1.png
    ────────────────────────────────────────────────────────────────────────────────────────────────

    attachment #2: video (video/webm) ──────────────────────────────────────────────────────────────
    test-results/ui-pages-style-Style-Syste-b3b28-ould-have-neon-blue-accents-mobile-chrome-retry1/video.webm
    ────────────────────────────────────────────────────────────────────────────────────────────────

    Error Context: test-results/ui-pages-style-Style-Syste-b3b28-ould-have-neon-blue-accents-mobile-chrome-retry1/error-context.md

    attachment #4: trace (application/zip) ─────────────────────────────────────────────────────────
    test-results/ui-pages-style-Style-Syste-b3b28-ould-have-neon-blue-accents-mobile-chrome-retry1/trace.zip
    Usage:

        npx playwright show-trace test-results/ui-pages-style-Style-Syste-b3b28-ould-have-neon-blue-accents-mobile-chrome-retry1/trace.zip

    ────────────────────────────────────────────────────────────────────────────────────────────────

  2139) [mobile-chrome] › e2e/ui/pages/style.spec.ts:306:15 › Style System › Blog Style › Effects › should have scanlines effect applied 

    Error: page.goto: net::ERR_CONNECTION_REFUSED at http://localhost:4000/blog
    Call log:
      - navigating to "http://localhost:4000/blog", waiting until "load"


      158 |     test.describe(`${name} Style`, () => {
      159 |       test.beforeEach(async ({ page }) => {
    > 160 |         await page.goto(path);
          |                    ^
      161 |         // Wait for network idle to ensure styles are applied
      162 |         await page.waitForLoadState("networkidle");
      163 |       });
        at /home/tbaltzakis/cloudless.gr/e2e/ui/pages/style.spec.ts:160:20

    attachment #1: screenshot (image/png) ──────────────────────────────────────────────────────────
    test-results/ui-pages-style-Style-Syste-95efa-ve-scanlines-effect-applied-mobile-chrome/test-failed-1.png
    ────────────────────────────────────────────────────────────────────────────────────────────────

    attachment #2: video (video/webm) ──────────────────────────────────────────────────────────────
    test-results/ui-pages-style-Style-Syste-95efa-ve-scanlines-effect-applied-mobile-chrome/video.webm
    ────────────────────────────────────────────────────────────────────────────────────────────────

    Error Context: test-results/ui-pages-style-Style-Syste-95efa-ve-scanlines-effect-applied-mobile-chrome/error-context.md

    Retry #1 ───────────────────────────────────────────────────────────────────────────────────────

    Error: page.goto: net::ERR_CONNECTION_REFUSED at http://localhost:4000/blog
    Call log:
      - navigating to "http://localhost:4000/blog", waiting until "load"


      158 |     test.describe(`${name} Style`, () => {
      159 |       test.beforeEach(async ({ page }) => {
    > 160 |         await page.goto(path);
          |                    ^
      161 |         // Wait for network idle to ensure styles are applied
      162 |         await page.waitForLoadState("networkidle");
      163 |       });
        at /home/tbaltzakis/cloudless.gr/e2e/ui/pages/style.spec.ts:160:20

    attachment #1: screenshot (image/png) ──────────────────────────────────────────────────────────
    test-results/ui-pages-style-Style-Syste-95efa-ve-scanlines-effect-applied-mobile-chrome-retry1/test-failed-1.png
    ────────────────────────────────────────────────────────────────────────────────────────────────

    attachment #2: video (video/webm) ──────────────────────────────────────────────────────────────
    test-results/ui-pages-style-Style-Syste-95efa-ve-scanlines-effect-applied-mobile-chrome-retry1/video.webm
    ────────────────────────────────────────────────────────────────────────────────────────────────

    Error Context: test-results/ui-pages-style-Style-Syste-95efa-ve-scanlines-effect-applied-mobile-chrome-retry1/error-context.md

    attachment #4: trace (application/zip) ─────────────────────────────────────────────────────────
    test-results/ui-pages-style-Style-Syste-95efa-ve-scanlines-effect-applied-mobile-chrome-retry1/trace.zip
    Usage:

        npx playwright show-trace test-results/ui-pages-style-Style-Syste-95efa-ve-scanlines-effect-applied-mobile-chrome-retry1/trace.zip

    ────────────────────────────────────────────────────────────────────────────────────────────────

  2140) [mobile-chrome] › e2e/ui/pages/style.spec.ts:306:15 › Style System › Blog Style › Effects › should have cyber-grid effect applied 

    Error: page.goto: net::ERR_CONNECTION_REFUSED at http://localhost:4000/blog
    Call log:
      - navigating to "http://localhost:4000/blog", waiting until "load"


      158 |     test.describe(`${name} Style`, () => {
      159 |       test.beforeEach(async ({ page }) => {
    > 160 |         await page.goto(path);
          |                    ^
      161 |         // Wait for network idle to ensure styles are applied
      162 |         await page.waitForLoadState("networkidle");
      163 |       });
        at /home/tbaltzakis/cloudless.gr/e2e/ui/pages/style.spec.ts:160:20

    attachment #1: screenshot (image/png) ──────────────────────────────────────────────────────────
    test-results/ui-pages-style-Style-Syste-e6a12-e-cyber-grid-effect-applied-mobile-chrome/test-failed-1.png
    ────────────────────────────────────────────────────────────────────────────────────────────────

    attachment #2: video (video/webm) ──────────────────────────────────────────────────────────────
    test-results/ui-pages-style-Style-Syste-e6a12-e-cyber-grid-effect-applied-mobile-chrome/video.webm
    ────────────────────────────────────────────────────────────────────────────────────────────────

    Error Context: test-results/ui-pages-style-Style-Syste-e6a12-e-cyber-grid-effect-applied-mobile-chrome/error-context.md

    Retry #1 ───────────────────────────────────────────────────────────────────────────────────────

    Error: page.goto: net::ERR_CONNECTION_REFUSED at http://localhost:4000/blog
    Call log:
      - navigating to "http://localhost:4000/blog", waiting until "load"


      158 |     test.describe(`${name} Style`, () => {
      159 |       test.beforeEach(async ({ page }) => {
    > 160 |         await page.goto(path);
          |                    ^
      161 |         // Wait for network idle to ensure styles are applied
      162 |         await page.waitForLoadState("networkidle");
      163 |       });
        at /home/tbaltzakis/cloudless.gr/e2e/ui/pages/style.spec.ts:160:20

    attachment #1: screenshot (image/png) ──────────────────────────────────────────────────────────
    test-results/ui-pages-style-Style-Syste-e6a12-e-cyber-grid-effect-applied-mobile-chrome-retry1/test-failed-1.png
    ────────────────────────────────────────────────────────────────────────────────────────────────

    attachment #2: video (video/webm) ──────────────────────────────────────────────────────────────
    test-results/ui-pages-style-Style-Syste-e6a12-e-cyber-grid-effect-applied-mobile-chrome-retry1/video.webm
    ────────────────────────────────────────────────────────────────────────────────────────────────

    Error Context: test-results/ui-pages-style-Style-Syste-e6a12-e-cyber-grid-effect-applied-mobile-chrome-retry1/error-context.md

    attachment #4: trace (application/zip) ─────────────────────────────────────────────────────────
    test-results/ui-pages-style-Style-Syste-e6a12-e-cyber-grid-effect-applied-mobile-chrome-retry1/trace.zip
    Usage:

        npx playwright show-trace test-results/ui-pages-style-Style-Syste-e6a12-e-cyber-grid-effect-applied-mobile-chrome-retry1/trace.zip

    ────────────────────────────────────────────────────────────────────────────────────────────────

  2141) [mobile-chrome] › e2e/ui/pages/style.spec.ts:306:15 › Style System › Blog Style › Effects › should have neon-border effect applied 

    Error: page.goto: net::ERR_CONNECTION_REFUSED at http://localhost:4000/blog
    Call log:
      - navigating to "http://localhost:4000/blog", waiting until "load"


      158 |     test.describe(`${name} Style`, () => {
      159 |       test.beforeEach(async ({ page }) => {
    > 160 |         await page.goto(path);
          |                    ^
      161 |         // Wait for network idle to ensure styles are applied
      162 |         await page.waitForLoadState("networkidle");
      163 |       });
        at /home/tbaltzakis/cloudless.gr/e2e/ui/pages/style.spec.ts:160:20

    attachment #1: screenshot (image/png) ──────────────────────────────────────────────────────────
    test-results/ui-pages-style-Style-Syste-55867--neon-border-effect-applied-mobile-chrome/test-failed-1.png
    ────────────────────────────────────────────────────────────────────────────────────────────────

    attachment #2: video (video/webm) ──────────────────────────────────────────────────────────────
    test-results/ui-pages-style-Style-Syste-55867--neon-border-effect-applied-mobile-chrome/video.webm
    ────────────────────────────────────────────────────────────────────────────────────────────────

    Error Context: test-results/ui-pages-style-Style-Syste-55867--neon-border-effect-applied-mobile-chrome/error-context.md

    Retry #1 ───────────────────────────────────────────────────────────────────────────────────────

    Error: page.goto: net::ERR_CONNECTION_REFUSED at http://localhost:4000/blog
    Call log:
      - navigating to "http://localhost:4000/blog", waiting until "load"


      158 |     test.describe(`${name} Style`, () => {
      159 |       test.beforeEach(async ({ page }) => {
    > 160 |         await page.goto(path);
          |                    ^
      161 |         // Wait for network idle to ensure styles are applied
      162 |         await page.waitForLoadState("networkidle");
      163 |       });
        at /home/tbaltzakis/cloudless.gr/e2e/ui/pages/style.spec.ts:160:20

    attachment #1: screenshot (image/png) ──────────────────────────────────────────────────────────
    test-results/ui-pages-style-Style-Syste-55867--neon-border-effect-applied-mobile-chrome-retry1/test-failed-1.png
    ────────────────────────────────────────────────────────────────────────────────────────────────

    attachment #2: video (video/webm) ──────────────────────────────────────────────────────────────
    test-results/ui-pages-style-Style-Syste-55867--neon-border-effect-applied-mobile-chrome-retry1/video.webm
    ────────────────────────────────────────────────────────────────────────────────────────────────

    Error Context: test-results/ui-pages-style-Style-Syste-55867--neon-border-effect-applied-mobile-chrome-retry1/error-context.md

    attachment #4: trace (application/zip) ─────────────────────────────────────────────────────────
    test-results/ui-pages-style-Style-Syste-55867--neon-border-effect-applied-mobile-chrome-retry1/trace.zip
    Usage:

        npx playwright show-trace test-results/ui-pages-style-Style-Syste-55867--neon-border-effect-applied-mobile-chrome-retry1/trace.zip

    ────────────────────────────────────────────────────────────────────────────────────────────────

  2142) [mobile-chrome] › e2e/ui/pages/style.spec.ts:306:15 › Style System › Blog Style › Effects › should have glow-cyan effect applied 

    Error: page.goto: net::ERR_CONNECTION_REFUSED at http://localhost:4000/blog
    Call log:
      - navigating to "http://localhost:4000/blog", waiting until "load"


      158 |     test.describe(`${name} Style`, () => {
      159 |       test.beforeEach(async ({ page }) => {
    > 160 |         await page.goto(path);
          |                    ^
      161 |         // Wait for network idle to ensure styles are applied
      162 |         await page.waitForLoadState("networkidle");
      163 |       });
        at /home/tbaltzakis/cloudless.gr/e2e/ui/pages/style.spec.ts:160:20

    attachment #1: screenshot (image/png) ──────────────────────────────────────────────────────────
    test-results/ui-pages-style-Style-Syste-af799-ve-glow-cyan-effect-applied-mobile-chrome/test-failed-1.png
    ────────────────────────────────────────────────────────────────────────────────────────────────

    attachment #2: video (video/webm) ──────────────────────────────────────────────────────────────
    test-results/ui-pages-style-Style-Syste-af799-ve-glow-cyan-effect-applied-mobile-chrome/video.webm
    ────────────────────────────────────────────────────────────────────────────────────────────────

    Error Context: test-results/ui-pages-style-Style-Syste-af799-ve-glow-cyan-effect-applied-mobile-chrome/error-context.md

    Retry #1 ───────────────────────────────────────────────────────────────────────────────────────

    Error: page.goto: net::ERR_CONNECTION_REFUSED at http://localhost:4000/blog
    Call log:
      - navigating to "http://localhost:4000/blog", waiting until "load"


      158 |     test.describe(`${name} Style`, () => {
      159 |       test.beforeEach(async ({ page }) => {
    > 160 |         await page.goto(path);
          |                    ^
      161 |         // Wait for network idle to ensure styles are applied
      162 |         await page.waitForLoadState("networkidle");
      163 |       });
        at /home/tbaltzakis/cloudless.gr/e2e/ui/pages/style.spec.ts:160:20

    attachment #1: screenshot (image/png) ──────────────────────────────────────────────────────────
    test-results/ui-pages-style-Style-Syste-af799-ve-glow-cyan-effect-applied-mobile-chrome-retry1/test-failed-1.png
    ────────────────────────────────────────────────────────────────────────────────────────────────

    attachment #2: video (video/webm) ──────────────────────────────────────────────────────────────
    test-results/ui-pages-style-Style-Syste-af799-ve-glow-cyan-effect-applied-mobile-chrome-retry1/video.webm
    ────────────────────────────────────────────────────────────────────────────────────────────────

    Error Context: test-results/ui-pages-style-Style-Syste-af799-ve-glow-cyan-effect-applied-mobile-chrome-retry1/error-context.md

    attachment #4: trace (application/zip) ─────────────────────────────────────────────────────────
    test-results/ui-pages-style-Style-Syste-af799-ve-glow-cyan-effect-applied-mobile-chrome-retry1/trace.zip
    Usage:

        npx playwright show-trace test-results/ui-pages-style-Style-Syste-af799-ve-glow-cyan-effect-applied-mobile-chrome-retry1/trace.zip

    ────────────────────────────────────────────────────────────────────────────────────────────────

  2143) [mobile-chrome] › e2e/ui/pages/style.spec.ts:306:15 › Style System › Blog Style › Effects › should have dot-matrix effect applied 

    Error: page.goto: net::ERR_CONNECTION_REFUSED at http://localhost:4000/blog
    Call log:
      - navigating to "http://localhost:4000/blog", waiting until "load"


      158 |     test.describe(`${name} Style`, () => {
      159 |       test.beforeEach(async ({ page }) => {
    > 160 |         await page.goto(path);
          |                    ^
      161 |         // Wait for network idle to ensure styles are applied
      162 |         await page.waitForLoadState("networkidle");
      163 |       });
        at /home/tbaltzakis/cloudless.gr/e2e/ui/pages/style.spec.ts:160:20

    attachment #1: screenshot (image/png) ──────────────────────────────────────────────────────────
    test-results/ui-pages-style-Style-Syste-67b28-e-dot-matrix-effect-applied-mobile-chrome/test-failed-1.png
    ────────────────────────────────────────────────────────────────────────────────────────────────

    attachment #2: video (video/webm) ──────────────────────────────────────────────────────────────
    test-results/ui-pages-style-Style-Syste-67b28-e-dot-matrix-effect-applied-mobile-chrome/video.webm
    ────────────────────────────────────────────────────────────────────────────────────────────────

    Error Context: test-results/ui-pages-style-Style-Syste-67b28-e-dot-matrix-effect-applied-mobile-chrome/error-context.md

    Retry #1 ───────────────────────────────────────────────────────────────────────────────────────

    Error: page.goto: net::ERR_CONNECTION_REFUSED at http://localhost:4000/blog
    Call log:
      - navigating to "http://localhost:4000/blog", waiting until "load"


      158 |     test.describe(`${name} Style`, () => {
      159 |       test.beforeEach(async ({ page }) => {
    > 160 |         await page.goto(path);
          |                    ^
      161 |         // Wait for network idle to ensure styles are applied
      162 |         await page.waitForLoadState("networkidle");
      163 |       });
        at /home/tbaltzakis/cloudless.gr/e2e/ui/pages/style.spec.ts:160:20

    attachment #1: screenshot (image/png) ──────────────────────────────────────────────────────────
    test-results/ui-pages-style-Style-Syste-67b28-e-dot-matrix-effect-applied-mobile-chrome-retry1/test-failed-1.png
    ────────────────────────────────────────────────────────────────────────────────────────────────

    attachment #2: video (video/webm) ──────────────────────────────────────────────────────────────
    test-results/ui-pages-style-Style-Syste-67b28-e-dot-matrix-effect-applied-mobile-chrome-retry1/video.webm
    ────────────────────────────────────────────────────────────────────────────────────────────────

    Error Context: test-results/ui-pages-style-Style-Syste-67b28-e-dot-matrix-effect-applied-mobile-chrome-retry1/error-context.md

    attachment #4: trace (application/zip) ─────────────────────────────────────────────────────────
    test-results/ui-pages-style-Style-Syste-67b28-e-dot-matrix-effect-applied-mobile-chrome-retry1/trace.zip
    Usage:

        npx playwright show-trace test-results/ui-pages-style-Style-Syste-67b28-e-dot-matrix-effect-applied-mobile-chrome-retry1/trace.zip

    ────────────────────────────────────────────────────────────────────────────────────────────────

  2144) [mobile-chrome] › e2e/ui/pages/style.spec.ts:313:13 › Style System › Blog Style › Hover States › should show neon cyan on hover for interactive elements 

    Error: page.goto: net::ERR_CONNECTION_REFUSED at http://localhost:4000/blog
    Call log:
      - navigating to "http://localhost:4000/blog", waiting until "load"


      158 |     test.describe(`${name} Style`, () => {
      159 |       test.beforeEach(async ({ page }) => {
    > 160 |         await page.goto(path);
          |                    ^
      161 |         // Wait for network idle to ensure styles are applied
      162 |         await page.waitForLoadState("networkidle");
      163 |       });
        at /home/tbaltzakis/cloudless.gr/e2e/ui/pages/style.spec.ts:160:20

    attachment #1: screenshot (image/png) ──────────────────────────────────────────────────────────
    test-results/ui-pages-style-Style-Syste-4e405-er-for-interactive-elements-mobile-chrome/test-failed-1.png
    ────────────────────────────────────────────────────────────────────────────────────────────────

    attachment #2: video (video/webm) ──────────────────────────────────────────────────────────────
    test-results/ui-pages-style-Style-Syste-4e405-er-for-interactive-elements-mobile-chrome/video.webm
    ────────────────────────────────────────────────────────────────────────────────────────────────

    Error Context: test-results/ui-pages-style-Style-Syste-4e405-er-for-interactive-elements-mobile-chrome/error-context.md

    Retry #1 ───────────────────────────────────────────────────────────────────────────────────────

    Error: page.goto: net::ERR_CONNECTION_REFUSED at http://localhost:4000/blog
    Call log:
      - navigating to "http://localhost:4000/blog", waiting until "load"


      158 |     test.describe(`${name} Style`, () => {
      159 |       test.beforeEach(async ({ page }) => {
    > 160 |         await page.goto(path);
          |                    ^
      161 |         // Wait for network idle to ensure styles are applied
      162 |         await page.waitForLoadState("networkidle");
      163 |       });
        at /home/tbaltzakis/cloudless.gr/e2e/ui/pages/style.spec.ts:160:20

    attachment #1: screenshot (image/png) ──────────────────────────────────────────────────────────
    test-results/ui-pages-style-Style-Syste-4e405-er-for-interactive-elements-mobile-chrome-retry1/test-failed-1.png
    ────────────────────────────────────────────────────────────────────────────────────────────────

    attachment #2: video (video/webm) ──────────────────────────────────────────────────────────────
    test-results/ui-pages-style-Style-Syste-4e405-er-for-interactive-elements-mobile-chrome-retry1/video.webm
    ────────────────────────────────────────────────────────────────────────────────────────────────

    Error Context: test-results/ui-pages-style-Style-Syste-4e405-er-for-interactive-elements-mobile-chrome-retry1/error-context.md

    attachment #4: trace (application/zip) ─────────────────────────────────────────────────────────
    test-results/ui-pages-style-Style-Syste-4e405-er-for-interactive-elements-mobile-chrome-retry1/trace.zip
    Usage:

        npx playwright show-trace test-results/ui-pages-style-Style-Syste-4e405-er-for-interactive-elements-mobile-chrome-retry1/trace.zip

    ────────────────────────────────────────────────────────────────────────────────────────────────

  2145) [mobile-chrome] › e2e/ui/pages/style.spec.ts:165:11 › Style System › Contact Style › should have void background color 

    Error: page.goto: net::ERR_CONNECTION_REFUSED at http://localhost:4000/contact
    Call log:
      - navigating to "http://localhost:4000/contact", waiting until "load"


      158 |     test.describe(`${name} Style`, () => {
      159 |       test.beforeEach(async ({ page }) => {
    > 160 |         await page.goto(path);
          |                    ^
      161 |         // Wait for network idle to ensure styles are applied
      162 |         await page.waitForLoadState("networkidle");
      163 |       });
        at /home/tbaltzakis/cloudless.gr/e2e/ui/pages/style.spec.ts:160:20

    attachment #1: screenshot (image/png) ──────────────────────────────────────────────────────────
    test-results/ui-pages-style-Style-Syste-eacb5--have-void-background-color-mobile-chrome/test-failed-1.png
    ────────────────────────────────────────────────────────────────────────────────────────────────

    attachment #2: video (video/webm) ──────────────────────────────────────────────────────────────
    test-results/ui-pages-style-Style-Syste-eacb5--have-void-background-color-mobile-chrome/video.webm
    ────────────────────────────────────────────────────────────────────────────────────────────────

    Error Context: test-results/ui-pages-style-Style-Syste-eacb5--have-void-background-color-mobile-chrome/error-context.md

    Retry #1 ───────────────────────────────────────────────────────────────────────────────────────

    Error: page.goto: net::ERR_CONNECTION_REFUSED at http://localhost:4000/contact
    Call log:
      - navigating to "http://localhost:4000/contact", waiting until "load"


      158 |     test.describe(`${name} Style`, () => {
      159 |       test.beforeEach(async ({ page }) => {
    > 160 |         await page.goto(path);
          |                    ^
      161 |         // Wait for network idle to ensure styles are applied
      162 |         await page.waitForLoadState("networkidle");
      163 |       });
        at /home/tbaltzakis/cloudless.gr/e2e/ui/pages/style.spec.ts:160:20

    attachment #1: screenshot (image/png) ──────────────────────────────────────────────────────────
    test-results/ui-pages-style-Style-Syste-eacb5--have-void-background-color-mobile-chrome-retry1/test-failed-1.png
    ────────────────────────────────────────────────────────────────────────────────────────────────

    attachment #2: video (video/webm) ──────────────────────────────────────────────────────────────
    test-results/ui-pages-style-Style-Syste-eacb5--have-void-background-color-mobile-chrome-retry1/video.webm
    ────────────────────────────────────────────────────────────────────────────────────────────────

    Error Context: test-results/ui-pages-style-Style-Syste-eacb5--have-void-background-color-mobile-chrome-retry1/error-context.md

    attachment #4: trace (application/zip) ─────────────────────────────────────────────────────────
    test-results/ui-pages-style-Style-Syste-eacb5--have-void-background-color-mobile-chrome-retry1/trace.zip
    Usage:

        npx playwright show-trace test-results/ui-pages-style-Style-Syste-eacb5--have-void-background-color-mobile-chrome-retry1/trace.zip

    ────────────────────────────────────────────────────────────────────────────────────────────────

  2146) [mobile-chrome] › e2e/ui/pages/style.spec.ts:170:11 › Style System › Contact Style › should have correct heading font 

    Error: page.goto: net::ERR_CONNECTION_REFUSED at http://localhost:4000/contact
    Call log:
      - navigating to "http://localhost:4000/contact", waiting until "load"


      158 |     test.describe(`${name} Style`, () => {
      159 |       test.beforeEach(async ({ page }) => {
    > 160 |         await page.goto(path);
          |                    ^
      161 |         // Wait for network idle to ensure styles are applied
      162 |         await page.waitForLoadState("networkidle");
      163 |       });
        at /home/tbaltzakis/cloudless.gr/e2e/ui/pages/style.spec.ts:160:20

    attachment #1: screenshot (image/png) ──────────────────────────────────────────────────────────
    test-results/ui-pages-style-Style-Syste-17274-d-have-correct-heading-font-mobile-chrome/test-failed-1.png
    ────────────────────────────────────────────────────────────────────────────────────────────────

    attachment #2: video (video/webm) ──────────────────────────────────────────────────────────────
    test-results/ui-pages-style-Style-Syste-17274-d-have-correct-heading-font-mobile-chrome/video.webm
    ────────────────────────────────────────────────────────────────────────────────────────────────

    Error Context: test-results/ui-pages-style-Style-Syste-17274-d-have-correct-heading-font-mobile-chrome/error-context.md

    Retry #1 ───────────────────────────────────────────────────────────────────────────────────────

    Error: page.goto: net::ERR_CONNECTION_REFUSED at http://localhost:4000/contact
    Call log:
      - navigating to "http://localhost:4000/contact", waiting until "load"


      158 |     test.describe(`${name} Style`, () => {
      159 |       test.beforeEach(async ({ page }) => {
    > 160 |         await page.goto(path);
          |                    ^
      161 |         // Wait for network idle to ensure styles are applied
      162 |         await page.waitForLoadState("networkidle");
      163 |       });
        at /home/tbaltzakis/cloudless.gr/e2e/ui/pages/style.spec.ts:160:20

    attachment #1: screenshot (image/png) ──────────────────────────────────────────────────────────
    test-results/ui-pages-style-Style-Syste-17274-d-have-correct-heading-font-mobile-chrome-retry1/test-failed-1.png
    ────────────────────────────────────────────────────────────────────────────────────────────────

    attachment #2: video (video/webm) ──────────────────────────────────────────────────────────────
    test-results/ui-pages-style-Style-Syste-17274-d-have-correct-heading-font-mobile-chrome-retry1/video.webm
    ────────────────────────────────────────────────────────────────────────────────────────────────

    Error Context: test-results/ui-pages-style-Style-Syste-17274-d-have-correct-heading-font-mobile-chrome-retry1/error-context.md

    attachment #4: trace (application/zip) ─────────────────────────────────────────────────────────
    test-results/ui-pages-style-Style-Syste-17274-d-have-correct-heading-font-mobile-chrome-retry1/trace.zip
    Usage:

        npx playwright show-trace test-results/ui-pages-style-Style-Syste-17274-d-have-correct-heading-font-mobile-chrome-retry1/trace.zip

    ────────────────────────────────────────────────────────────────────────────────────────────────

  2147) [mobile-chrome] › e2e/ui/pages/style.spec.ts:175:11 › Style System › Contact Style › should have correct body font 

    Error: page.goto: net::ERR_CONNECTION_REFUSED at http://localhost:4000/contact
    Call log:
      - navigating to "http://localhost:4000/contact", waiting until "load"


      158 |     test.describe(`${name} Style`, () => {
      159 |       test.beforeEach(async ({ page }) => {
    > 160 |         await page.goto(path);
          |                    ^
      161 |         // Wait for network idle to ensure styles are applied
      162 |         await page.waitForLoadState("networkidle");
      163 |       });
        at /home/tbaltzakis/cloudless.gr/e2e/ui/pages/style.spec.ts:160:20

    attachment #1: screenshot (image/png) ──────────────────────────────────────────────────────────
    test-results/ui-pages-style-Style-Syste-deb07-ould-have-correct-body-font-mobile-chrome/test-failed-1.png
    ────────────────────────────────────────────────────────────────────────────────────────────────

    attachment #2: video (video/webm) ──────────────────────────────────────────────────────────────
    test-results/ui-pages-style-Style-Syste-deb07-ould-have-correct-body-font-mobile-chrome/video.webm
    ────────────────────────────────────────────────────────────────────────────────────────────────

    Error Context: test-results/ui-pages-style-Style-Syste-deb07-ould-have-correct-body-font-mobile-chrome/error-context.md

    Retry #1 ───────────────────────────────────────────────────────────────────────────────────────

    Error: page.goto: net::ERR_CONNECTION_REFUSED at http://localhost:4000/contact
    Call log:
      - navigating to "http://localhost:4000/contact", waiting until "load"


      158 |     test.describe(`${name} Style`, () => {
      159 |       test.beforeEach(async ({ page }) => {
    > 160 |         await page.goto(path);
          |                    ^
      161 |         // Wait for network idle to ensure styles are applied
      162 |         await page.waitForLoadState("networkidle");
      163 |       });
        at /home/tbaltzakis/cloudless.gr/e2e/ui/pages/style.spec.ts:160:20

    attachment #1: screenshot (image/png) ──────────────────────────────────────────────────────────
    test-results/ui-pages-style-Style-Syste-deb07-ould-have-correct-body-font-mobile-chrome-retry1/test-failed-1.png
    ────────────────────────────────────────────────────────────────────────────────────────────────

    attachment #2: video (video/webm) ──────────────────────────────────────────────────────────────
    test-results/ui-pages-style-Style-Syste-deb07-ould-have-correct-body-font-mobile-chrome-retry1/video.webm
    ────────────────────────────────────────────────────────────────────────────────────────────────

    Error Context: test-results/ui-pages-style-Style-Syste-deb07-ould-have-correct-body-font-mobile-chrome-retry1/error-context.md

    attachment #4: trace (application/zip) ─────────────────────────────────────────────────────────
    test-results/ui-pages-style-Style-Syste-deb07-ould-have-correct-body-font-mobile-chrome-retry1/trace.zip
    Usage:

        npx playwright show-trace test-results/ui-pages-style-Style-Syste-deb07-ould-have-correct-body-font-mobile-chrome-retry1/trace.zip

    ────────────────────────────────────────────────────────────────────────────────────────────────

  2148) [mobile-chrome] › e2e/ui/pages/style.spec.ts:180:11 › Style System › Contact Style › should have correct code font 

    Error: page.goto: net::ERR_CONNECTION_REFUSED at http://localhost:4000/contact
    Call log:
      - navigating to "http://localhost:4000/contact", waiting until "load"


      158 |     test.describe(`${name} Style`, () => {
      159 |       test.beforeEach(async ({ page }) => {
    > 160 |         await page.goto(path);
          |                    ^
      161 |         // Wait for network idle to ensure styles are applied
      162 |         await page.waitForLoadState("networkidle");
      163 |       });
        at /home/tbaltzakis/cloudless.gr/e2e/ui/pages/style.spec.ts:160:20

    attachment #1: screenshot (image/png) ──────────────────────────────────────────────────────────
    test-results/ui-pages-style-Style-Syste-9b6b9-ould-have-correct-code-font-mobile-chrome/test-failed-1.png
    ────────────────────────────────────────────────────────────────────────────────────────────────

    attachment #2: video (video/webm) ──────────────────────────────────────────────────────────────
    test-results/ui-pages-style-Style-Syste-9b6b9-ould-have-correct-code-font-mobile-chrome/video.webm
    ────────────────────────────────────────────────────────────────────────────────────────────────

    Error Context: test-results/ui-pages-style-Style-Syste-9b6b9-ould-have-correct-code-font-mobile-chrome/error-context.md

    Retry #1 ───────────────────────────────────────────────────────────────────────────────────────

    Error: page.goto: net::ERR_CONNECTION_REFUSED at http://localhost:4000/contact
    Call log:
      - navigating to "http://localhost:4000/contact", waiting until "load"


      158 |     test.describe(`${name} Style`, () => {
      159 |       test.beforeEach(async ({ page }) => {
    > 160 |         await page.goto(path);
          |                    ^
      161 |         // Wait for network idle to ensure styles are applied
      162 |         await page.waitForLoadState("networkidle");
      163 |       });
        at /home/tbaltzakis/cloudless.gr/e2e/ui/pages/style.spec.ts:160:20

    attachment #1: screenshot (image/png) ──────────────────────────────────────────────────────────
    test-results/ui-pages-style-Style-Syste-9b6b9-ould-have-correct-code-font-mobile-chrome-retry1/test-failed-1.png
    ────────────────────────────────────────────────────────────────────────────────────────────────

    attachment #2: video (video/webm) ──────────────────────────────────────────────────────────────
    test-results/ui-pages-style-Style-Syste-9b6b9-ould-have-correct-code-font-mobile-chrome-retry1/video.webm
    ────────────────────────────────────────────────────────────────────────────────────────────────

    Error Context: test-results/ui-pages-style-Style-Syste-9b6b9-ould-have-correct-code-font-mobile-chrome-retry1/error-context.md

    attachment #4: trace (application/zip) ─────────────────────────────────────────────────────────
    test-results/ui-pages-style-Style-Syste-9b6b9-ould-have-correct-code-font-mobile-chrome-retry1/trace.zip
    Usage:

        npx playwright show-trace test-results/ui-pages-style-Style-Syste-9b6b9-ould-have-correct-code-font-mobile-chrome-retry1/trace.zip

    ────────────────────────────────────────────────────────────────────────────────────────────────

  2149) [mobile-chrome] › e2e/ui/pages/style.spec.ts:185:11 › Style System › Contact Style › should have neon cyan accents 

    Error: page.goto: net::ERR_CONNECTION_REFUSED at http://localhost:4000/contact
    Call log:
      - navigating to "http://localhost:4000/contact", waiting until "load"


      158 |     test.describe(`${name} Style`, () => {
      159 |       test.beforeEach(async ({ page }) => {
    > 160 |         await page.goto(path);
          |                    ^
      161 |         // Wait for network idle to ensure styles are applied
      162 |         await page.waitForLoadState("networkidle");
      163 |       });
        at /home/tbaltzakis/cloudless.gr/e2e/ui/pages/style.spec.ts:160:20

    attachment #1: screenshot (image/png) ──────────────────────────────────────────────────────────
    test-results/ui-pages-style-Style-Syste-1ca0f-ould-have-neon-cyan-accents-mobile-chrome/test-failed-1.png
    ────────────────────────────────────────────────────────────────────────────────────────────────

    attachment #2: video (video/webm) ──────────────────────────────────────────────────────────────
    test-results/ui-pages-style-Style-Syste-1ca0f-ould-have-neon-cyan-accents-mobile-chrome/video.webm
    ────────────────────────────────────────────────────────────────────────────────────────────────

    Error Context: test-results/ui-pages-style-Style-Syste-1ca0f-ould-have-neon-cyan-accents-mobile-chrome/error-context.md

    Retry #1 ───────────────────────────────────────────────────────────────────────────────────────

    Error: page.goto: net::ERR_CONNECTION_REFUSED at http://localhost:4000/contact
    Call log:
      - navigating to "http://localhost:4000/contact", waiting until "load"


      158 |     test.describe(`${name} Style`, () => {
      159 |       test.beforeEach(async ({ page }) => {
    > 160 |         await page.goto(path);
          |                    ^
      161 |         // Wait for network idle to ensure styles are applied
      162 |         await page.waitForLoadState("networkidle");
      163 |       });
        at /home/tbaltzakis/cloudless.gr/e2e/ui/pages/style.spec.ts:160:20

    attachment #1: screenshot (image/png) ──────────────────────────────────────────────────────────
    test-results/ui-pages-style-Style-Syste-1ca0f-ould-have-neon-cyan-accents-mobile-chrome-retry1/test-failed-1.png
    ────────────────────────────────────────────────────────────────────────────────────────────────

    attachment #2: video (video/webm) ──────────────────────────────────────────────────────────────
    test-results/ui-pages-style-Style-Syste-1ca0f-ould-have-neon-cyan-accents-mobile-chrome-retry1/video.webm
    ────────────────────────────────────────────────────────────────────────────────────────────────

    Error Context: test-results/ui-pages-style-Style-Syste-1ca0f-ould-have-neon-cyan-accents-mobile-chrome-retry1/error-context.md

    attachment #4: trace (application/zip) ─────────────────────────────────────────────────────────
    test-results/ui-pages-style-Style-Syste-1ca0f-ould-have-neon-cyan-accents-mobile-chrome-retry1/trace.zip
    Usage:

        npx playwright show-trace test-results/ui-pages-style-Style-Syste-1ca0f-ould-have-neon-cyan-accents-mobile-chrome-retry1/trace.zip

    ────────────────────────────────────────────────────────────────────────────────────────────────

  2150) [mobile-chrome] › e2e/ui/pages/style.spec.ts:219:11 › Style System › Contact Style › should have neon magenta accents 

    Error: page.goto: net::ERR_CONNECTION_REFUSED at http://localhost:4000/contact
    Call log:
      - navigating to "http://localhost:4000/contact", waiting until "load"


      158 |     test.describe(`${name} Style`, () => {
      159 |       test.beforeEach(async ({ page }) => {
    > 160 |         await page.goto(path);
          |                    ^
      161 |         // Wait for network idle to ensure styles are applied
      162 |         await page.waitForLoadState("networkidle");
      163 |       });
        at /home/tbaltzakis/cloudless.gr/e2e/ui/pages/style.spec.ts:160:20

    attachment #1: screenshot (image/png) ──────────────────────────────────────────────────────────
    test-results/ui-pages-style-Style-Syste-f09f1-d-have-neon-magenta-accents-mobile-chrome/test-failed-1.png
    ────────────────────────────────────────────────────────────────────────────────────────────────

    attachment #2: video (video/webm) ──────────────────────────────────────────────────────────────
    test-results/ui-pages-style-Style-Syste-f09f1-d-have-neon-magenta-accents-mobile-chrome/video.webm
    ────────────────────────────────────────────────────────────────────────────────────────────────

    Error Context: test-results/ui-pages-style-Style-Syste-f09f1-d-have-neon-magenta-accents-mobile-chrome/error-context.md

    Retry #1 ───────────────────────────────────────────────────────────────────────────────────────

    Error: page.goto: net::ERR_CONNECTION_REFUSED at http://localhost:4000/contact
    Call log:
      - navigating to "http://localhost:4000/contact", waiting until "load"


      158 |     test.describe(`${name} Style`, () => {
      159 |       test.beforeEach(async ({ page }) => {
    > 160 |         await page.goto(path);
          |                    ^
      161 |         // Wait for network idle to ensure styles are applied
      162 |         await page.waitForLoadState("networkidle");
      163 |       });
        at /home/tbaltzakis/cloudless.gr/e2e/ui/pages/style.spec.ts:160:20

    attachment #1: screenshot (image/png) ──────────────────────────────────────────────────────────
    test-results/ui-pages-style-Style-Syste-f09f1-d-have-neon-magenta-accents-mobile-chrome-retry1/test-failed-1.png
    ────────────────────────────────────────────────────────────────────────────────────────────────

    attachment #2: video (video/webm) ──────────────────────────────────────────────────────────────
    test-results/ui-pages-style-Style-Syste-f09f1-d-have-neon-magenta-accents-mobile-chrome-retry1/video.webm
    ────────────────────────────────────────────────────────────────────────────────────────────────

    Error Context: test-results/ui-pages-style-Style-Syste-f09f1-d-have-neon-magenta-accents-mobile-chrome-retry1/error-context.md

    attachment #4: trace (application/zip) ─────────────────────────────────────────────────────────
    test-results/ui-pages-style-Style-Syste-f09f1-d-have-neon-magenta-accents-mobile-chrome-retry1/trace.zip
    Usage:

        npx playwright show-trace test-results/ui-pages-style-Style-Syste-f09f1-d-have-neon-magenta-accents-mobile-chrome-retry1/trace.zip

    ────────────────────────────────────────────────────────────────────────────────────────────────

  2151) [mobile-chrome] › e2e/ui/pages/style.spec.ts:248:11 › Style System › Contact Style › should have neon green accents 

    Error: page.goto: net::ERR_CONNECTION_REFUSED at http://localhost:4000/contact
    Call log:
      - navigating to "http://localhost:4000/contact", waiting until "load"


      158 |     test.describe(`${name} Style`, () => {
      159 |       test.beforeEach(async ({ page }) => {
    > 160 |         await page.goto(path);
          |                    ^
      161 |         // Wait for network idle to ensure styles are applied
      162 |         await page.waitForLoadState("networkidle");
      163 |       });
        at /home/tbaltzakis/cloudless.gr/e2e/ui/pages/style.spec.ts:160:20

    attachment #1: screenshot (image/png) ──────────────────────────────────────────────────────────
    test-results/ui-pages-style-Style-Syste-4b6f2-uld-have-neon-green-accents-mobile-chrome/test-failed-1.png
    ────────────────────────────────────────────────────────────────────────────────────────────────

    attachment #2: video (video/webm) ──────────────────────────────────────────────────────────────
    test-results/ui-pages-style-Style-Syste-4b6f2-uld-have-neon-green-accents-mobile-chrome/video.webm
    ────────────────────────────────────────────────────────────────────────────────────────────────

    Error Context: test-results/ui-pages-style-Style-Syste-4b6f2-uld-have-neon-green-accents-mobile-chrome/error-context.md

    Retry #1 ───────────────────────────────────────────────────────────────────────────────────────

    Error: page.goto: net::ERR_CONNECTION_REFUSED at http://localhost:4000/contact
    Call log:
      - navigating to "http://localhost:4000/contact", waiting until "load"


      158 |     test.describe(`${name} Style`, () => {
      159 |       test.beforeEach(async ({ page }) => {
    > 160 |         await page.goto(path);
          |                    ^
      161 |         // Wait for network idle to ensure styles are applied
      162 |         await page.waitForLoadState("networkidle");
      163 |       });
        at /home/tbaltzakis/cloudless.gr/e2e/ui/pages/style.spec.ts:160:20

    attachment #1: screenshot (image/png) ──────────────────────────────────────────────────────────
    test-results/ui-pages-style-Style-Syste-4b6f2-uld-have-neon-green-accents-mobile-chrome-retry1/test-failed-1.png
    ────────────────────────────────────────────────────────────────────────────────────────────────

    attachment #2: video (video/webm) ──────────────────────────────────────────────────────────────
    test-results/ui-pages-style-Style-Syste-4b6f2-uld-have-neon-green-accents-mobile-chrome-retry1/video.webm
    ────────────────────────────────────────────────────────────────────────────────────────────────

    Error Context: test-results/ui-pages-style-Style-Syste-4b6f2-uld-have-neon-green-accents-mobile-chrome-retry1/error-context.md

    attachment #4: trace (application/zip) ─────────────────────────────────────────────────────────
    test-results/ui-pages-style-Style-Syste-4b6f2-uld-have-neon-green-accents-mobile-chrome-retry1/trace.zip
    Usage:

        npx playwright show-trace test-results/ui-pages-style-Style-Syste-4b6f2-uld-have-neon-green-accents-mobile-chrome-retry1/trace.zip

    ────────────────────────────────────────────────────────────────────────────────────────────────

  2152) [mobile-chrome] › e2e/ui/pages/style.spec.ts:276:11 › Style System › Contact Style › should have neon blue accents 

    Error: page.goto: net::ERR_CONNECTION_REFUSED at http://localhost:4000/contact
    Call log:
      - navigating to "http://localhost:4000/contact", waiting until "load"


      158 |     test.describe(`${name} Style`, () => {
      159 |       test.beforeEach(async ({ page }) => {
    > 160 |         await page.goto(path);
          |                    ^
      161 |         // Wait for network idle to ensure styles are applied
      162 |         await page.waitForLoadState("networkidle");
      163 |       });
        at /home/tbaltzakis/cloudless.gr/e2e/ui/pages/style.spec.ts:160:20

    attachment #1: screenshot (image/png) ──────────────────────────────────────────────────────────
    test-results/ui-pages-style-Style-Syste-e3d04-ould-have-neon-blue-accents-mobile-chrome/test-failed-1.png
    ────────────────────────────────────────────────────────────────────────────────────────────────

    attachment #2: video (video/webm) ──────────────────────────────────────────────────────────────
    test-results/ui-pages-style-Style-Syste-e3d04-ould-have-neon-blue-accents-mobile-chrome/video.webm
    ────────────────────────────────────────────────────────────────────────────────────────────────

    Error Context: test-results/ui-pages-style-Style-Syste-e3d04-ould-have-neon-blue-accents-mobile-chrome/error-context.md

    Retry #1 ───────────────────────────────────────────────────────────────────────────────────────

    Error: page.goto: net::ERR_CONNECTION_REFUSED at http://localhost:4000/contact
    Call log:
      - navigating to "http://localhost:4000/contact", waiting until "load"


      158 |     test.describe(`${name} Style`, () => {
      159 |       test.beforeEach(async ({ page }) => {
    > 160 |         await page.goto(path);
          |                    ^
      161 |         // Wait for network idle to ensure styles are applied
      162 |         await page.waitForLoadState("networkidle");
      163 |       });
        at /home/tbaltzakis/cloudless.gr/e2e/ui/pages/style.spec.ts:160:20

    attachment #1: screenshot (image/png) ──────────────────────────────────────────────────────────
    test-results/ui-pages-style-Style-Syste-e3d04-ould-have-neon-blue-accents-mobile-chrome-retry1/test-failed-1.png
    ────────────────────────────────────────────────────────────────────────────────────────────────

    attachment #2: video (video/webm) ──────────────────────────────────────────────────────────────
    test-results/ui-pages-style-Style-Syste-e3d04-ould-have-neon-blue-accents-mobile-chrome-retry1/video.webm
    ────────────────────────────────────────────────────────────────────────────────────────────────

    Error Context: test-results/ui-pages-style-Style-Syste-e3d04-ould-have-neon-blue-accents-mobile-chrome-retry1/error-context.md

    attachment #4: trace (application/zip) ─────────────────────────────────────────────────────────
    test-results/ui-pages-style-Style-Syste-e3d04-ould-have-neon-blue-accents-mobile-chrome-retry1/trace.zip
    Usage:

        npx playwright show-trace test-results/ui-pages-style-Style-Syste-e3d04-ould-have-neon-blue-accents-mobile-chrome-retry1/trace.zip

    ────────────────────────────────────────────────────────────────────────────────────────────────

  2153) [mobile-chrome] › e2e/ui/pages/style.spec.ts:306:15 › Style System › Contact Style › Effects › should have scanlines effect applied 

    Error: page.goto: net::ERR_CONNECTION_REFUSED at http://localhost:4000/contact
    Call log:
      - navigating to "http://localhost:4000/contact", waiting until "load"


      158 |     test.describe(`${name} Style`, () => {
      159 |       test.beforeEach(async ({ page }) => {
    > 160 |         await page.goto(path);
          |                    ^
      161 |         // Wait for network idle to ensure styles are applied
      162 |         await page.waitForLoadState("networkidle");
      163 |       });
        at /home/tbaltzakis/cloudless.gr/e2e/ui/pages/style.spec.ts:160:20

    attachment #1: screenshot (image/png) ──────────────────────────────────────────────────────────
    test-results/ui-pages-style-Style-Syste-0c39e-ve-scanlines-effect-applied-mobile-chrome/test-failed-1.png
    ────────────────────────────────────────────────────────────────────────────────────────────────

    attachment #2: video (video/webm) ──────────────────────────────────────────────────────────────
    test-results/ui-pages-style-Style-Syste-0c39e-ve-scanlines-effect-applied-mobile-chrome/video.webm
    ────────────────────────────────────────────────────────────────────────────────────────────────

    Error Context: test-results/ui-pages-style-Style-Syste-0c39e-ve-scanlines-effect-applied-mobile-chrome/error-context.md

    Retry #1 ───────────────────────────────────────────────────────────────────────────────────────

    Error: page.goto: net::ERR_CONNECTION_REFUSED at http://localhost:4000/contact
    Call log:
      - navigating to "http://localhost:4000/contact", waiting until "load"


      158 |     test.describe(`${name} Style`, () => {
      159 |       test.beforeEach(async ({ page }) => {
    > 160 |         await page.goto(path);
          |                    ^
      161 |         // Wait for network idle to ensure styles are applied
      162 |         await page.waitForLoadState("networkidle");
      163 |       });
        at /home/tbaltzakis/cloudless.gr/e2e/ui/pages/style.spec.ts:160:20

    attachment #1: screenshot (image/png) ──────────────────────────────────────────────────────────
    test-results/ui-pages-style-Style-Syste-0c39e-ve-scanlines-effect-applied-mobile-chrome-retry1/test-failed-1.png
    ────────────────────────────────────────────────────────────────────────────────────────────────

    attachment #2: video (video/webm) ──────────────────────────────────────────────────────────────
    test-results/ui-pages-style-Style-Syste-0c39e-ve-scanlines-effect-applied-mobile-chrome-retry1/video.webm
    ────────────────────────────────────────────────────────────────────────────────────────────────

    Error Context: test-results/ui-pages-style-Style-Syste-0c39e-ve-scanlines-effect-applied-mobile-chrome-retry1/error-context.md

    attachment #4: trace (application/zip) ─────────────────────────────────────────────────────────
    test-results/ui-pages-style-Style-Syste-0c39e-ve-scanlines-effect-applied-mobile-chrome-retry1/trace.zip
    Usage:

        npx playwright show-trace test-results/ui-pages-style-Style-Syste-0c39e-ve-scanlines-effect-applied-mobile-chrome-retry1/trace.zip

    ────────────────────────────────────────────────────────────────────────────────────────────────

  2154) [mobile-chrome] › e2e/ui/pages/style.spec.ts:306:15 › Style System › Contact Style › Effects › should have cyber-grid effect applied 

    Error: page.goto: net::ERR_CONNECTION_REFUSED at http://localhost:4000/contact
    Call log:
      - navigating to "http://localhost:4000/contact", waiting until "load"


      158 |     test.describe(`${name} Style`, () => {
      159 |       test.beforeEach(async ({ page }) => {
    > 160 |         await page.goto(path);
          |                    ^
      161 |         // Wait for network idle to ensure styles are applied
      162 |         await page.waitForLoadState("networkidle");
      163 |       });
        at /home/tbaltzakis/cloudless.gr/e2e/ui/pages/style.spec.ts:160:20

    attachment #1: screenshot (image/png) ──────────────────────────────────────────────────────────
    test-results/ui-pages-style-Style-Syste-19e6a-e-cyber-grid-effect-applied-mobile-chrome/test-failed-1.png
    ────────────────────────────────────────────────────────────────────────────────────────────────

    attachment #2: video (video/webm) ──────────────────────────────────────────────────────────────
    test-results/ui-pages-style-Style-Syste-19e6a-e-cyber-grid-effect-applied-mobile-chrome/video.webm
    ────────────────────────────────────────────────────────────────────────────────────────────────

    Error Context: test-results/ui-pages-style-Style-Syste-19e6a-e-cyber-grid-effect-applied-mobile-chrome/error-context.md

    Retry #1 ───────────────────────────────────────────────────────────────────────────────────────

    Error: page.goto: net::ERR_CONNECTION_REFUSED at http://localhost:4000/contact
    Call log:
      - navigating to "http://localhost:4000/contact", waiting until "load"


      158 |     test.describe(`${name} Style`, () => {
      159 |       test.beforeEach(async ({ page }) => {
    > 160 |         await page.goto(path);
          |                    ^
      161 |         // Wait for network idle to ensure styles are applied
      162 |         await page.waitForLoadState("networkidle");
      163 |       });
        at /home/tbaltzakis/cloudless.gr/e2e/ui/pages/style.spec.ts:160:20

    attachment #1: screenshot (image/png) ──────────────────────────────────────────────────────────
    test-results/ui-pages-style-Style-Syste-19e6a-e-cyber-grid-effect-applied-mobile-chrome-retry1/test-failed-1.png
    ────────────────────────────────────────────────────────────────────────────────────────────────

    attachment #2: video (video/webm) ──────────────────────────────────────────────────────────────
    test-results/ui-pages-style-Style-Syste-19e6a-e-cyber-grid-effect-applied-mobile-chrome-retry1/video.webm
    ────────────────────────────────────────────────────────────────────────────────────────────────

    Error Context: test-results/ui-pages-style-Style-Syste-19e6a-e-cyber-grid-effect-applied-mobile-chrome-retry1/error-context.md

    attachment #4: trace (application/zip) ─────────────────────────────────────────────────────────
    test-results/ui-pages-style-Style-Syste-19e6a-e-cyber-grid-effect-applied-mobile-chrome-retry1/trace.zip
    Usage:

        npx playwright show-trace test-results/ui-pages-style-Style-Syste-19e6a-e-cyber-grid-effect-applied-mobile-chrome-retry1/trace.zip

    ────────────────────────────────────────────────────────────────────────────────────────────────

  2155) [mobile-chrome] › e2e/ui/pages/style.spec.ts:306:15 › Style System › Contact Style › Effects › should have neon-border effect applied 

    Error: page.goto: net::ERR_CONNECTION_REFUSED at http://localhost:4000/contact
    Call log:
      - navigating to "http://localhost:4000/contact", waiting until "load"


      158 |     test.describe(`${name} Style`, () => {
      159 |       test.beforeEach(async ({ page }) => {
    > 160 |         await page.goto(path);
          |                    ^
      161 |         // Wait for network idle to ensure styles are applied
      162 |         await page.waitForLoadState("networkidle");
      163 |       });
        at /home/tbaltzakis/cloudless.gr/e2e/ui/pages/style.spec.ts:160:20

    attachment #1: screenshot (image/png) ──────────────────────────────────────────────────────────
    test-results/ui-pages-style-Style-Syste-3b956--neon-border-effect-applied-mobile-chrome/test-failed-1.png
    ────────────────────────────────────────────────────────────────────────────────────────────────

    attachment #2: video (video/webm) ──────────────────────────────────────────────────────────────
    test-results/ui-pages-style-Style-Syste-3b956--neon-border-effect-applied-mobile-chrome/video.webm
    ────────────────────────────────────────────────────────────────────────────────────────────────

    Error Context: test-results/ui-pages-style-Style-Syste-3b956--neon-border-effect-applied-mobile-chrome/error-context.md

    Retry #1 ───────────────────────────────────────────────────────────────────────────────────────

    Error: page.goto: net::ERR_CONNECTION_REFUSED at http://localhost:4000/contact
    Call log:
      - navigating to "http://localhost:4000/contact", waiting until "load"


      158 |     test.describe(`${name} Style`, () => {
      159 |       test.beforeEach(async ({ page }) => {
    > 160 |         await page.goto(path);
          |                    ^
      161 |         // Wait for network idle to ensure styles are applied
      162 |         await page.waitForLoadState("networkidle");
      163 |       });
        at /home/tbaltzakis/cloudless.gr/e2e/ui/pages/style.spec.ts:160:20

    Error: ENOENT: no such file or directory, open '/home/tbaltzakis/cloudless.gr/test-results/.playwright-artifacts-4319/3d6244c5e557b7e7f7b55b39285e0707.zip'

    attachment #1: screenshot (image/png) ──────────────────────────────────────────────────────────
    test-results/ui-pages-style-Style-Syste-3b956--neon-border-effect-applied-mobile-chrome-retry1/test-failed-1.png
    ────────────────────────────────────────────────────────────────────────────────────────────────

    Error Context: test-results/ui-pages-style-Style-Syste-3b956--neon-border-effect-applied-mobile-chrome-retry1/error-context.md

  2156) [mobile-chrome] › e2e/ui/pages/style.spec.ts:306:15 › Style System › Contact Style › Effects › should have glow-cyan effect applied 

    Error: page.goto: net::ERR_CONNECTION_REFUSED at http://localhost:4000/contact
    Call log:
      - navigating to "http://localhost:4000/contact", waiting until "load"


      158 |     test.describe(`${name} Style`, () => {
      159 |       test.beforeEach(async ({ page }) => {
    > 160 |         await page.goto(path);
          |                    ^
      161 |         // Wait for network idle to ensure styles are applied
      162 |         await page.waitForLoadState("networkidle");
      163 |       });
        at /home/tbaltzakis/cloudless.gr/e2e/ui/pages/style.spec.ts:160:20

    attachment #1: screenshot (image/png) ──────────────────────────────────────────────────────────
    test-results/ui-pages-style-Style-Syste-316cc-ve-glow-cyan-effect-applied-mobile-chrome/test-failed-1.png
    ────────────────────────────────────────────────────────────────────────────────────────────────

    attachment #2: video (video/webm) ──────────────────────────────────────────────────────────────
    test-results/ui-pages-style-Style-Syste-316cc-ve-glow-cyan-effect-applied-mobile-chrome/video.webm
    ────────────────────────────────────────────────────────────────────────────────────────────────

    Error Context: test-results/ui-pages-style-Style-Syste-316cc-ve-glow-cyan-effect-applied-mobile-chrome/error-context.md

    Retry #1 ───────────────────────────────────────────────────────────────────────────────────────

    Error: page.goto: net::ERR_CONNECTION_REFUSED at http://localhost:4000/contact
    Call log:
      - navigating to "http://localhost:4000/contact", waiting until "load"


      158 |     test.describe(`${name} Style`, () => {
      159 |       test.beforeEach(async ({ page }) => {
    > 160 |         await page.goto(path);
          |                    ^
      161 |         // Wait for network idle to ensure styles are applied
      162 |         await page.waitForLoadState("networkidle");
      163 |       });
        at /home/tbaltzakis/cloudless.gr/e2e/ui/pages/style.spec.ts:160:20

    attachment #1: screenshot (image/png) ──────────────────────────────────────────────────────────
    test-results/ui-pages-style-Style-Syste-316cc-ve-glow-cyan-effect-applied-mobile-chrome-retry1/test-failed-1.png
    ────────────────────────────────────────────────────────────────────────────────────────────────

    attachment #2: video (video/webm) ──────────────────────────────────────────────────────────────
    test-results/ui-pages-style-Style-Syste-316cc-ve-glow-cyan-effect-applied-mobile-chrome-retry1/video.webm
    ────────────────────────────────────────────────────────────────────────────────────────────────

    Error Context: test-results/ui-pages-style-Style-Syste-316cc-ve-glow-cyan-effect-applied-mobile-chrome-retry1/error-context.md

    attachment #4: trace (application/zip) ─────────────────────────────────────────────────────────
    test-results/ui-pages-style-Style-Syste-316cc-ve-glow-cyan-effect-applied-mobile-chrome-retry1/trace.zip
    Usage:

        npx playwright show-trace test-results/ui-pages-style-Style-Syste-316cc-ve-glow-cyan-effect-applied-mobile-chrome-retry1/trace.zip

    ────────────────────────────────────────────────────────────────────────────────────────────────

  2157) [mobile-chrome] › e2e/ui/pages/style.spec.ts:306:15 › Style System › Contact Style › Effects › should have dot-matrix effect applied 

    Error: page.goto: net::ERR_CONNECTION_REFUSED at http://localhost:4000/contact
    Call log:
      - navigating to "http://localhost:4000/contact", waiting until "load"


      158 |     test.describe(`${name} Style`, () => {
      159 |       test.beforeEach(async ({ page }) => {
    > 160 |         await page.goto(path);
          |                    ^
      161 |         // Wait for network idle to ensure styles are applied
      162 |         await page.waitForLoadState("networkidle");
      163 |       });
        at /home/tbaltzakis/cloudless.gr/e2e/ui/pages/style.spec.ts:160:20

    attachment #1: screenshot (image/png) ──────────────────────────────────────────────────────────
    test-results/ui-pages-style-Style-Syste-bb461-e-dot-matrix-effect-applied-mobile-chrome/test-failed-1.png
    ────────────────────────────────────────────────────────────────────────────────────────────────

    attachment #2: video (video/webm) ──────────────────────────────────────────────────────────────
    test-results/ui-pages-style-Style-Syste-bb461-e-dot-matrix-effect-applied-mobile-chrome/video.webm
    ────────────────────────────────────────────────────────────────────────────────────────────────

    Error Context: test-results/ui-pages-style-Style-Syste-bb461-e-dot-matrix-effect-applied-mobile-chrome/error-context.md

    Retry #1 ───────────────────────────────────────────────────────────────────────────────────────

    Error: expect(received).toBeGreaterThan(expected)

    Expected: > 0
    Received:   0

      143 |       (elements) => elements.length
      144 |     );
    > 145 |     expect(count).toBeGreaterThan(0);
          |                   ^
      146 |   }
      147 |
      148 |   // Test pages
        at checkEffectClass (/home/tbaltzakis/cloudless.gr/e2e/ui/pages/style.spec.ts:145:19)
        at /home/tbaltzakis/cloudless.gr/e2e/ui/pages/style.spec.ts:307:13

    attachment #1: screenshot (image/png) ──────────────────────────────────────────────────────────
    test-results/ui-pages-style-Style-Syste-bb461-e-dot-matrix-effect-applied-mobile-chrome-retry1/test-failed-1.png
    ────────────────────────────────────────────────────────────────────────────────────────────────

    attachment #2: video (video/webm) ──────────────────────────────────────────────────────────────
    test-results/ui-pages-style-Style-Syste-bb461-e-dot-matrix-effect-applied-mobile-chrome-retry1/video.webm
    ────────────────────────────────────────────────────────────────────────────────────────────────

    Error Context: test-results/ui-pages-style-Style-Syste-bb461-e-dot-matrix-effect-applied-mobile-chrome-retry1/error-context.md

    attachment #4: trace (application/zip) ─────────────────────────────────────────────────────────
    test-results/ui-pages-style-Style-Syste-bb461-e-dot-matrix-effect-applied-mobile-chrome-retry1/trace.zip
    Usage:

        npx playwright show-trace test-results/ui-pages-style-Style-Syste-bb461-e-dot-matrix-effect-applied-mobile-chrome-retry1/trace.zip

    ────────────────────────────────────────────────────────────────────────────────────────────────

  2158) [mobile-chrome] › e2e/ui/pages/style.spec.ts:313:13 › Style System › Contact Style › Hover States › should show neon cyan on hover for interactive elements 

    Error: page.goto: net::ERR_CONNECTION_REFUSED at http://localhost:4000/contact
    Call log:
      - navigating to "http://localhost:4000/contact", waiting until "load"


      158 |     test.describe(`${name} Style`, () => {
      159 |       test.beforeEach(async ({ page }) => {
    > 160 |         await page.goto(path);
          |                    ^
      161 |         // Wait for network idle to ensure styles are applied
      162 |         await page.waitForLoadState("networkidle");
      163 |       });
        at /home/tbaltzakis/cloudless.gr/e2e/ui/pages/style.spec.ts:160:20

    attachment #1: screenshot (image/png) ──────────────────────────────────────────────────────────
    test-results/ui-pages-style-Style-Syste-274ea-er-for-interactive-elements-mobile-chrome/test-failed-1.png
    ────────────────────────────────────────────────────────────────────────────────────────────────

    attachment #2: video (video/webm) ──────────────────────────────────────────────────────────────
    test-results/ui-pages-style-Style-Syste-274ea-er-for-interactive-elements-mobile-chrome/video.webm
    ────────────────────────────────────────────────────────────────────────────────────────────────

    Error Context: test-results/ui-pages-style-Style-Syste-274ea-er-for-interactive-elements-mobile-chrome/error-context.md

    Retry #1 ───────────────────────────────────────────────────────────────────────────────────────

    Test timeout of 60000ms exceeded.

    Error: expect(received).toBeTruthy()

    Matcher error: this matcher must not have an expected argument

    Expected has type:  string
    Expected has value: "No interactive element shows neon cyan on hover on Contact"

      341 |             }
      342 |           }
    > 343 |           expect(foundHover).toBeTruthy(
          |                              ^
      344 |             `No interactive element shows neon cyan on hover on ${name}`
      345 |           );
      346 |         });
        at /home/tbaltzakis/cloudless.gr/e2e/ui/pages/style.spec.ts:343:30

    attachment #1: screenshot (image/png) ──────────────────────────────────────────────────────────
    test-results/ui-pages-style-Style-Syste-274ea-er-for-interactive-elements-mobile-chrome-retry1/test-failed-1.png
    ────────────────────────────────────────────────────────────────────────────────────────────────

    attachment #2: video (video/webm) ──────────────────────────────────────────────────────────────
    test-results/ui-pages-style-Style-Syste-274ea-er-for-interactive-elements-mobile-chrome-retry1/video.webm
    ────────────────────────────────────────────────────────────────────────────────────────────────

    Error Context: test-results/ui-pages-style-Style-Syste-274ea-er-for-interactive-elements-mobile-chrome-retry1/error-context.md

    attachment #4: trace (application/zip) ─────────────────────────────────────────────────────────
    test-results/ui-pages-style-Style-Syste-274ea-er-for-interactive-elements-mobile-chrome-retry1/trace.zip
    Usage:

        npx playwright show-trace test-results/ui-pages-style-Style-Syste-274ea-er-for-interactive-elements-mobile-chrome-retry1/trace.zip

    ────────────────────────────────────────────────────────────────────────────────────────────────

  2159) [chromium] › e2e/journeys/admin-journey.spec.ts:124:7 › Admin User Journey › should allow admin to log out 

    Error: page.goto: net::ERR_ABORTED at http://localhost:4000/auth/login
    Call log:
      - navigating to "http://localhost:4000/auth/login", waiting until "load"


      125 |     // We'd need to be logged in first to test logout
      126 |     // For now, verify logout link exists on login page or would be visible after login
    > 127 |     await page.goto("/auth/login");
          |                ^
      128 |     
      129 |     // In a real scenario after login, there would be a logout button/link
      130 |   });
        at /home/tbaltzakis/cloudless.gr/e2e/journeys/admin-journey.spec.ts:127:16

    attachment #1: video (video/webm) ──────────────────────────────────────────────────────────────
    test-results/journeys-admin-journey-Adm-51105-ould-allow-admin-to-log-out-chromium/video.webm
    ────────────────────────────────────────────────────────────────────────────────────────────────

    Error Context: test-results/journeys-admin-journey-Adm-51105-ould-allow-admin-to-log-out-chromium/error-context.md

  2160) [chromium] › e2e/migrated/integrations.spec.ts:47:7 › Store page › /en/store loads with 200 and renders content 

    Error: expect(received).toBeGreaterThan(expected)

    Expected: > 50
    Received:   27

      49 |     expect(r?.status()).toBe(200);
      50 |     const text = await page.locator("body").innerText();
    > 51 |     expect(text.length).toBeGreaterThan(50);
         |                         ^
      52 |   });
      53 | });
      54 |
        at /home/tbaltzakis/cloudless.gr/e2e/migrated/integrations.spec.ts:51:25

    attachment #1: screenshot (image/png) ──────────────────────────────────────────────────────────
    test-results/migrated-integrations-Stor-6f90f-ith-200-and-renders-content-chromium/test-failed-1.png
    ────────────────────────────────────────────────────────────────────────────────────────────────

    attachment #2: video (video/webm) ──────────────────────────────────────────────────────────────
    test-results/migrated-integrations-Stor-6f90f-ith-200-and-renders-content-chromium/video.webm
    ────────────────────────────────────────────────────────────────────────────────────────────────

    Error Context: test-results/migrated-integrations-Stor-6f90f-ith-200-and-renders-content-chromium/error-context.md

  2161) [mobile-chrome] › e2e/coverage.spec.ts:32:9 › Coverage - Full Path Testing › All Public API Endpoints › POST all form endpoints 

    Error: apiRequestContext.post: connect ECONNREFUSED ::1:4000
    Call log:
      - → POST http://localhost:4000/api/contact
        - user-agent: Mozilla/5.0 (Linux; Android 14; Pixel 7) AppleWebKit/537.36 (KHTML, like Gecko) Chrome/151.0.7922.34 Mobile Safari/537.36
        - accept: */*
        - accept-encoding: gzip,deflate,br
        - content-type: application/json
        - content-length: 13

        at apiRequestContext.post: connect ECONNREFUSED ::1:4000
        at /home/tbaltzakis/cloudless.gr/e2e/coverage.spec.ts:42:40

    Error Context: test-results/coverage-Coverage---Full-P-b1d49-nts-POST-all-form-endpoints-mobile-chrome/error-context.md

  2162) [mobile-chrome] › e2e/coverage.spec.ts:61:9 › Coverage - Full Path Testing › All Page Routes › all locale subdirectories 

    Error: page.goto: net::ERR_CONNECTION_REFUSED at http://localhost:4000/en/dashboard
    Call log:
      - navigating to "http://localhost:4000/en/dashboard", waiting until "networkidle"


      75 |
      76 |       for (const route of routes) {
    > 77 |         await page.goto(route, { waitUntil: "networkidle" });
         |                    ^
      78 |         await expect(page.locator("body")).toBeVisible();
      79 |       }
      80 |     });
        at /home/tbaltzakis/cloudless.gr/e2e/coverage.spec.ts:77:20

    attachment #1: screenshot (image/png) ──────────────────────────────────────────────────────────
    test-results/coverage-Coverage---Full-P-89887-s-all-locale-subdirectories-mobile-chrome/test-failed-1.png
    ────────────────────────────────────────────────────────────────────────────────────────────────

    attachment #2: video (video/webm) ──────────────────────────────────────────────────────────────
    test-results/coverage-Coverage---Full-P-89887-s-all-locale-subdirectories-mobile-chrome/video.webm
    ────────────────────────────────────────────────────────────────────────────────────────────────

    Error Context: test-results/coverage-Coverage---Full-P-89887-s-all-locale-subdirectories-mobile-chrome/error-context.md

  2163) [mobile-chrome] › e2e/coverage.spec.ts:111:9 › Coverage - Full Path Testing › Authentication Flow Coverage › auth pages load without credentials 

    Error: page.goto: net::ERR_CONNECTION_RESET at http://localhost:4000/en/auth
    Call log:
      - navigating to "http://localhost:4000/en/auth", waiting until "load"


      110 |   test.describe("Authentication Flow Coverage", () => {
      111 |     test("auth pages load without credentials", async ({ page }) => {
    > 112 |       await page.goto("/en/auth");
          |                  ^
      113 |       await expect(page.locator("body")).toBeVisible();
      114 |     });
      115 |
        at /home/tbaltzakis/cloudless.gr/e2e/coverage.spec.ts:112:18

    attachment #1: screenshot (image/png) ──────────────────────────────────────────────────────────
    test-results/coverage-Coverage---Full-P-210df-es-load-without-credentials-mobile-chrome/test-failed-1.png
    ────────────────────────────────────────────────────────────────────────────────────────────────

    attachment #2: video (video/webm) ──────────────────────────────────────────────────────────────
    test-results/coverage-Coverage---Full-P-210df-es-load-without-credentials-mobile-chrome/video.webm
    ────────────────────────────────────────────────────────────────────────────────────────────────

    Error Context: test-results/coverage-Coverage---Full-P-210df-es-load-without-credentials-mobile-chrome/error-context.md

  2158 failed
    [chromium] › e2e/a11y/comprehensive-a11y.spec.ts:37:6 › Blog Page Accessibility › should pass axe accessibility tests 
    [chromium] › e2e/admin-api-deep.spec.mts:37:5 › Admin APIs unauthenticated › unauth GET /api/admin/notion/analytics — returns 401/403/404 
    [chromium] › e2e/admin-api-deep.spec.mts:37:5 › Admin APIs unauthenticated › unauth GET /api/admin/notion/projects — returns 401/403/404 
    [chromium] › e2e/admin-api-deep.spec.mts:37:5 › Admin APIs unauthenticated › unauth GET /api/admin/notion/status — returns 401/403/404 
    [chromium] › e2e/admin-api-deep.spec.mts:37:5 › Admin APIs unauthenticated › unauth GET /api/admin/notion/submissions — returns 401/403/404 
    [chromium] › e2e/admin-api-deep.spec.mts:37:5 › Admin APIs unauthenticated › unauth GET /api/admin/notion/tasks — returns 401/403/404 
    [chromium] › e2e/admin-appflowy-cms-api.spec.ts:74:9 › Admin AppFlowy CMS APIs — unauthenticated › POST /api/admin/appflowy/case-studies rejects anon 
    [chromium] › e2e/admin-appflowy-cms-api.spec.ts:97:9 › Admin AppFlowy CMS APIs — unauthenticated › DELETE /api/admin/appflowy/case-studies rejects anon 
    [chromium] › e2e/admin-appflowy-cms-api.spec.ts:74:9 › Admin AppFlowy CMS APIs — unauthenticated › POST /api/admin/appflowy/faqs rejects anon 
    [chromium] › e2e/admin-appflowy-cms-api.spec.ts:97:9 › Admin AppFlowy CMS APIs — unauthenticated › DELETE /api/admin/appflowy/faqs rejects anon 
    [chromium] › e2e/admin-appflowy-cms-api.spec.ts:74:9 › Admin AppFlowy CMS APIs — unauthenticated › POST /api/admin/appflowy/services rejects anon 
    [chromium] › e2e/admin-appflowy-cms-api.spec.ts:97:9 › Admin AppFlowy CMS APIs — unauthenticated › DELETE /api/admin/appflowy/services rejects anon 
    [chromium] › e2e/admin-appflowy-cms-api.spec.ts:138:9 › Admin AppFlowy CMS APIs — authenticated › POST /api/admin/appflowy/case-studies rejects invalid JSON (AppFlowy admin contract) 
    [chromium] › e2e/admin-appflowy-cms-api.spec.ts:138:9 › Admin AppFlowy CMS APIs — authenticated › POST /api/admin/appflowy/faqs rejects invalid JSON (AppFlowy admin contract) 
    [chromium] › e2e/admin-appflowy-cms-api.spec.ts:138:9 › Admin AppFlowy CMS APIs — authenticated › POST /api/admin/appflowy/services rejects invalid JSON (AppFlowy admin contract) 
    [chromium] › e2e/api/admin-api-comprehensive.spec.ts:63:9 › Admin API - Comprehensive Testing › AI Analytics Orchestration Endpoint › should return analytics orchestration data 
    [chromium] › e2e/api/admin-api-comprehensive.spec.ts:75:9 › Admin API - Comprehensive Testing › AI Analytics Orchestration Endpoint › should handle PDF generation request 
    [chromium] › e2e/api/admin-api-comprehensive.spec.ts:90:9 › Admin API - Comprehensive Testing › AI Audience Endpoint › should return audience data 
    [chromium] › e2e/api/admin-api-comprehensive.spec.ts:109:9 › Admin API - Comprehensive Testing › AI Campaign Endpoint › should accept campaign creation data 
    [chromium] › e2e/api/admin-api-comprehensive.spec.ts:217:9 › Admin API - Comprehensive Testing › Cache Endpoint › should return cache statistics 
    [chromium] › e2e/api/admin-api-comprehensive.spec.ts:227:9 › Admin API - Comprehensive Testing › Cache Endpoint › should accept cache clear request 
    [chromium] › e2e/api/admin-api-comprehensive.spec.ts:302:11 › Admin API - Comprehensive Testing › Email Endpoints › should return data for /api/admin/email/automations 
    [chromium] › e2e/api/admin-api-comprehensive.spec.ts:302:11 › Admin API - Comprehensive Testing › Email Endpoints › should return data for /api/admin/email/campaigns 
    [chromium] › e2e/api/admin-api-comprehensive.spec.ts:302:11 › Admin API - Comprehensive Testing › Email Endpoints › should return data for /api/admin/email/contacts 
    [chromium] › e2e/api/admin-api-comprehensive.spec.ts:302:11 › Admin API - Comprehensive Testing › Email Endpoints › should return data for /api/admin/email/lists 
    [chromium] › e2e/api/admin-api-comprehensive.spec.ts:313:9 › Admin API - Comprehensive Testing › Email Endpoints › should accept email campaign creation 
    [chromium] › e2e/api/admin-api-comprehensive.spec.ts:346:9 › Admin API - Comprehensive Testing › KPI Endpoint › should return KPI data 
    [chromium] › e2e/api/admin-api-comprehensive.spec.ts:371:11 › Admin API - Comprehensive Testing › Notion Endpoints › should return data for /api/admin/notion/blog 
    [chromium] › e2e/api/admin-api-comprehensive.spec.ts:371:11 › Admin API - Comprehensive Testing › Notion Endpoints › should return data for /api/admin/notion/comments 
    [chromium] › e2e/api/admin-api-comprehensive.spec.ts:371:11 › Admin API - Comprehensive Testing › Notion Endpoints › should return data for /api/admin/notion/docs 
    [chromium] › e2e/api/admin-api-comprehensive.spec.ts:371:11 › Admin API - Comprehensive Testing › Notion Endpoints › should return data for /api/admin/notion/search 
    [chromium] › e2e/api/admin-api-comprehensive.spec.ts:391:11 › Admin API - Comprehensive Testing › Operations Endpoints › should return data for /api/admin/ops/monitor 
    [chromium] › e2e/api/admin-api-comprehensive.spec.ts:402:9 › Admin API - Comprehensive Testing › Operations Endpoints › should accept error reporting 
    [chromium] › e2e/api/admin-api-comprehensive.spec.ts:450:9 › Admin API - Comprehensive Testing › Pipeline Endpoints › should accept pipeline card creation 
    [chromium] › e2e/api/admin-api-comprehensive.spec.ts:488:11 › Admin API - Comprehensive Testing › Reports Endpoints › should return data for /api/admin/reports/generate 
    [chromium] › e2e/api/admin-api-comprehensive.spec.ts:598:11 › Admin API - Comprehensive Testing › Analytics Submodules › should return data for /api/admin/analytics/gsc-archive 
    [chromium] › e2e/api/admin-api-comprehensive.spec.ts:598:11 › Admin API - Comprehensive Testing › Analytics Submodules › should return data for /api/admin/analytics/lake-parquet 
    [chromium] › e2e/api/admin-api-comprehensive.spec.ts:598:11 › Admin API - Comprehensive Testing › Analytics Submodules › should return data for /api/admin/analytics/search-funnel 
    [chromium] › e2e/api/admin-api-comprehensive.spec.ts:630:11 › Admin API - Comprehensive Testing › Appflowy Submodules › should return data for /api/admin/appflowy/analytics 
    [chromium] › e2e/api/admin-api-comprehensive.spec.ts:630:11 › Admin API - Comprehensive Testing › Appflowy Submodules › should return data for /api/admin/appflowy/search 
    [chromium] › e2e/api/admin-api-comprehensive.spec.ts:630:11 › Admin API - Comprehensive Testing › Appflowy Submodules › should return data for /api/admin/appflowy/tasks 
    [chromium] › e2e/api/admin-api-comprehensive.spec.ts:630:11 › Admin API - Comprehensive Testing › Appflowy Submodules › should return data for /api/admin/appflowy/testimonials 
    [chromium] › e2e/api/admin-api-comprehensive.spec.ts:661:11 › Admin API - Comprehensive Testing › Campaigns Submodules › should return data for /api/admin/campaigns/tiktok 
    [chromium] › e2e/api/admin-api-comprehensive.spec.ts:661:11 › Admin API - Comprehensive Testing › Campaigns Submodules › should return data for /api/admin/campaigns/tiktok/insights 
    [chromium] › e2e/api/admin-api-comprehensive.spec.ts:681:11 › Admin API - Comprehensive Testing › Calendar Submodules › should return data for /api/admin/calendar/[id] 
    [chromium] › e2e/api/admin-api-comprehensive.spec.ts:681:11 › Admin API - Comprehensive Testing › Calendar Submodules › should return data for /api/admin/calendar/[id]/publish 
    [chromium] › e2e/api/admin-api-comprehensive.spec.ts:681:11 › Admin API - Comprehensive Testing › Calendar Submodules › should return data for /api/admin/calendar/create 
    [chromium] › e2e/api/admin-api-comprehensive.spec.ts:704:11 › Admin API - Comprehensive Testing › Cluster Submodules › should return data for /api/admin/cluster/watchdogs 
    [chromium] › e2e/api/admin-api-comprehensive.spec.ts:734:11 › Admin API - Comprehensive Testing › ESP32 Submodules › should return data for /api/admin/esp32/notion-sync 
    [chromium] › e2e/api/admin-api-comprehensive.spec.ts:755:11 › Admin API - Comprehensive Testing › Grafana Submodules › should return data for /api/admin/grafana/datasources 
    [chromium] › e2e/api/admin-api-comprehensive.spec.ts:755:11 › Admin API - Comprehensive Testing › Grafana Submodules › should return data for /api/admin/grafana/prometheus 
    [chromium] › e2e/api/admin-api-comprehensive.spec.ts:769:9 › Admin API - Comprehensive Testing › Integrations Submodules › should handle integrations webhook 
    [chromium] › e2e/api/admin-api-comprehensive.spec.ts:793:9 › Admin API - Comprehensive Testing › LinkedIn Cap Endpoint › should return linkedin cap data 
    [chromium] › e2e/api/admin-api-comprehensive.spec.ts:813:11 › Admin API - Comprehensive Testing › N8N Submodules › should return data for /api/admin/n8n/executions 
    [chromium] › e2e/api/admin-api-comprehensive.spec.ts:813:11 › Admin API - Comprehensive Testing › N8N Submodules › should return data for /api/admin/n8n/workflows 
    [chromium] › e2e/api/admin-api-comprehensive.spec.ts:813:11 › Admin API - Comprehensive Testing › N8N Submodules › should return data for /api/admin/n8n/workflows/[id]/trigger 
    [chromium] › e2e/api/admin-api-comprehensive.spec.ts:835:11 › Admin API - Comprehensive Testing › Notifications Submodules › should return data for /api/admin/notifications/test 
    [chromium] › e2e/api/admin-api-comprehensive.spec.ts:866:11 › Admin API - Comprehensive Testing › Notion Submodules (Additional) › should return data for /api/admin/notion/analytics 
    [chromium] › e2e/api/admin-api-comprehensive.spec.ts:866:11 › Admin API - Comprehensive Testing › Notion Submodules (Additional) › should return data for /api/admin/notion/projects 
    [chromium] › e2e/api/admin-api-comprehensive.spec.ts:866:11 › Admin API - Comprehensive Testing › Notion Submodules (Additional) › should return data for /api/admin/notion/status 
    [chromium] › e2e/api/admin-api-comprehensive.spec.ts:866:11 › Admin API - Comprehensive Testing › Notion Submodules (Additional) › should return data for /api/admin/notion/submissions 
    [chromium] › e2e/api/admin-api-comprehensive.spec.ts:866:11 › Admin API - Comprehensive Testing › Notion Submodules (Additional) › should return data for /api/admin/notion/tasks 
    [chromium] › e2e/api/admin-api-comprehensive.spec.ts:893:11 › Admin API - Comprehensive Testing › Oauth Submodules › should return data for /api/admin/oauth/tiktok 
    [chromium] › e2e/api/admin-api-comprehensive.spec.ts:893:11 › Admin API - Comprehensive Testing › Oauth Submodules › should return data for /api/admin/oauth/tiktok/callback 
    [chromium] › e2e/api/admin-api-comprehensive.spec.ts:915:11 › Admin API - Comprehensive Testing › Ops Submodules (Additional) › should return data for /api/admin/ops/errors/[id] 
    [chromium] › e2e/api/admin-api-comprehensive.spec.ts:954:11 › Admin API - Comprehensive Testing › Postiz Submodules › should return data for /api/admin/postiz/health 
    [chromium] › e2e/api/admin-api-comprehensive.spec.ts:954:11 › Admin API - Comprehensive Testing › Postiz Submodules › should return data for /api/admin/postiz/integrations 
    [chromium] › e2e/api/admin-api-comprehensive.spec.ts:954:11 › Admin API - Comprehensive Testing › Postiz Submodules › should return data for /api/admin/postiz/integrations/[id]/connect 
    [chromium] › e2e/api/admin-api-comprehensive.spec.ts:954:11 › Admin API - Comprehensive Testing › Postiz Submodules › should return data for /api/admin/postiz/integrations/[id]/settings 
    [chromium] › e2e/api/admin-api-comprehensive.spec.ts:954:11 › Admin API - Comprehensive Testing › Postiz Submodules › should return data for /api/admin/postiz/integrations/[id]/trigger 
    [chromium] › e2e/api/admin-api-comprehensive.spec.ts:954:11 › Admin API - Comprehensive Testing › Postiz Submodules › should return data for /api/admin/postiz/is-connected 
    [chromium] › e2e/api/admin-api-comprehensive.spec.ts:954:11 › Admin API - Comprehensive Testing › Postiz Submodules › should return data for /api/admin/postiz/posts 
    [chromium] › e2e/api/admin-api-comprehensive.spec.ts:954:11 › Admin API - Comprehensive Testing › Postiz Submodules › should return data for /api/admin/postiz/posts/[id] 
    [chromium] › e2e/api/admin-api-comprehensive.spec.ts:954:11 › Admin API - Comprehensive Testing › Postiz Submodules › should return data for /api/admin/postiz/posts/[id]/release-id 
    [chromium] › e2e/api/admin-api-comprehensive.spec.ts:954:11 › Admin API - Comprehensive Testing › Postiz Submodules › should return data for /api/admin/postiz/posts/[id]/status 
    [chromium] › e2e/api/admin-api-comprehensive.spec.ts:954:11 › Admin API - Comprehensive Testing › Postiz Submodules › should return data for /api/admin/postiz/posts/group/[id] 
    [chromium] › e2e/api/admin-api-comprehensive.spec.ts:954:11 › Admin API - Comprehensive Testing › Postiz Submodules › should return data for /api/admin/postiz/slot 
    [chromium] › e2e/api/admin-api-comprehensive.spec.ts:954:11 › Admin API - Comprehensive Testing › Postiz Submodules › should return data for /api/admin/postiz/upload 
    [chromium] › e2e/api/admin-api-comprehensive.spec.ts:954:11 › Admin API - Comprehensive Testing › Postiz Submodules › should return data for /api/admin/postiz/upload-file 
    [chromium] › e2e/api/admin-api-comprehensive.spec.ts:985:11 › Admin API - Comprehensive Testing › Reports Submodules › should return data for /api/admin/reports/[id] 
    [chromium] › e2e/api/admin-api-comprehensive.spec.ts:985:11 › Admin API - Comprehensive Testing › Reports Submodules › should return data for /api/admin/reports/[id]/pdf 
    [chromium] › e2e/api/admin-api-comprehensive.spec.ts:985:11 › Admin API - Comprehensive Testing › Reports Submodules › should return data for /api/admin/reports/generate 
    [chromium] › e2e/api/admin-api-comprehensive.spec.ts:1013:11 › Admin API - Comprehensive Testing › Search Submodules › should return data for /api/admin/search/reindex 
    [chromium] › e2e/api/public-api-comprehensive.spec.ts:46:9 › Public API - Comprehensive Testing › Blog Endpoints › should return single blog post 
    [chromium] › e2e/api/public-api-comprehensive.spec.ts:74:9 › Public API - Comprehensive Testing › Blog Endpoints › should return blog categories 
    [chromium] › e2e/api/public-api-comprehensive.spec.ts:85:9 › Public API - Comprehensive Testing › Blog Endpoints › should return blog tags 
    [chromium] › e2e/api/public-api-comprehensive.spec.ts:110:9 › Public API - Comprehensive Testing › Calendar Endpoints › should return calendar events 
    [chromium] › e2e/api/public-api-comprehensive.spec.ts:135:9 › Public API - Comprehensive Testing › Case Studies Endpoints › should return single case study 
    [chromium] › e2e/api/public-api-comprehensive.spec.ts:221:9 › Public API - Comprehensive Testing › Documentation Endpoints › should return single documentation page 
    [chromium] › e2e/api/public-api-comprehensive.spec.ts:306:9 › Public API - Comprehensive Testing › Health Endpoint (Detailed) › should return detailed health information 
    [chromium] › e2e/api/public-api-comprehensive.spec.ts:349:9 › Public API - Comprehensive Testing › Services Endpoints › should return single service 
    [chromium] › e2e/api/public-api-comprehensive.spec.ts:377:9 › Public API - Comprehensive Testing › Services Endpoints › should return service categories 
    [chromium] › e2e/api/public-api-comprehensive.spec.ts:402:9 › Public API - Comprehensive Testing › Testimonials Endpoints › should return single testimonial 
    [chromium] › e2e/api/public-api-comprehensive.spec.ts:433:9 › Public API - Comprehensive Testing › Careers Endpoints › should return job listings 
    [chromium] › e2e/api/public-api-comprehensive.spec.ts:444:9 › Public API - Comprehensive Testing › Careers Endpoints › should return single job listing 
    [chromium] › e2e/api/public-api-comprehensive.spec.ts:472:9 › Public API - Comprehensive Testing › Careers Endpoints › should accept job application 
    [chromium] › e2e/api/public-api-comprehensive.spec.ts:508:9 › Public API - Comprehensive Testing › Newsletter Endpoints › should accept newsletter subscription 
    [chromium] › e2e/api/public-api-comprehensive.spec.ts:522:9 › Public API - Comprehensive Testing › Newsletter Endpoints › should validate newsletter subscription data 
    [chromium] › e2e/api/public-api-comprehensive.spec.ts:542:9 › Public API - Comprehensive Testing › Newsletter Endpoints › should allow newsletter unsubscription 
    [chromium] › e2e/api/public-api-comprehensive.spec.ts:583:9 › Public API - Comprehensive Testing › Search Endpoints › should return search suggestions 
    [chromium] › e2e/api/public-api-comprehensive.spec.ts:602:9 › Public API - Comprehensive Testing › Sitemap Endpoint › should return XML sitemap 
    [chromium] › e2e/api/public-api-comprehensive.spec.ts:618:9 › Public API - Comprehensive Testing › Robots.txt Endpoint › should return robots.txt 
    [chromium] › e2e/api/public-api-comprehensive.spec.ts:634:9 › Public API - Comprehensive Testing › Error Handling › should return 404 for non-existent endpoints 
    [chromium] › e2e/api/public-api-comprehensive.spec.ts:653:9 › Public API - Comprehensive Testing › Error Handling › should handle large payloads appropriately 
    [chromium] › e2e/api/public-api-comprehensive.spec.ts:749:9 › Public API - Comprehensive Testing › Auth Endpoints › should handle auth register request 
    [chromium] › e2e/api-routes-extra-gaps.spec.ts:159:9 › Extended admin API coverage (production-safe) › GET /api/admin/postiz/is-connected authenticated 
    [chromium] › e2e/app-fullstack.spec.ts:244:7 › Redirects and Navigation › locale redirect works 
    [chromium] › e2e/appflowy-cms.spec.ts:39:7 › AppFlowy CMS — /blog › renders the blog header and search input 
    [chromium] › e2e/appflowy-cms.spec.ts:47:7 › AppFlowy CMS — /blog › lists at least one post card linking to /blog/[slug] 
    [chromium] › e2e/appflowy-cms.spec.ts:56:7 › AppFlowy CMS — /blog › search query is preserved in the input 
    [chromium] › e2e/appflowy-cms.spec.ts:61:7 › AppFlowy CMS — /blog › nonexistent search yields empty-state message 
    [chromium] › e2e/appflowy-cms.spec.ts:104:7 › AppFlowy CMS — /docs › renders the docs header and search input 
    [chromium] › e2e/appflowy-cms.spec.ts:113:7 › AppFlowy CMS — /docs › renders either category headings or the empty state 
    [chromium] › e2e/appflowy-cms.spec.ts:120:7 › AppFlowy CMS — /docs › filtering with no matches shows the no-results state 
    [chromium] › e2e/appflowy-cms.spec.ts:353:7 › AppFlowy CMS — /api/case-studies contract › slug endpoint returns a case study or 404 when not found 
    [chromium] › e2e/appflowy-cms.spec.ts:367:7 › AppFlowy CMS — /api/case-studies contract › unknown slug returns 404 
    [chromium] › e2e/auth.spec.ts:9:7 › Authentication › login page shows email and password fields 
    [chromium] › e2e/auth.spec.ts:23:7 › Authentication › signup page exposes name, email and password fields 
    [chromium] › e2e/auth.spec.ts:31:7 › Authentication › forgot-password page is reachable from login 
    [chromium] › e2e/chat.spec.ts:43:7 › Workers AI Integration › Workers AI doctor endpoint exists 
    [chromium] › e2e/components.spec.ts:21:9 › UI Components › ScrollReveal Component › elements become visible after scroll 
    [chromium] › e2e/components.spec.ts:33:9 › UI Components › StatCounter Component › stat counters are rendered 
    [chromium] › e2e/contact-integrations.spec.ts:4:7 › Contact & Integrations › contact form renders the documented fields 
    [chromium] › e2e/contact-integrations.spec.ts:16:7 › Contact & Integrations › contact form submit posts to /api/contact and shows success 
    [chromium] › e2e/customer-behavior.spec.ts:113:7 › Store – product listing › shows at least one product with a price 
    [chromium] › e2e/customer-behavior.spec.ts:141:7 › Store – product detail › Cloud Architecture Audit shows name, price, and add-to-cart button 
    [chromium] › e2e/customer-behavior.spec.ts:148:7 › Store – product detail › digital product detail renders correctly 
    [chromium] › e2e/customer-behavior.spec.ts:154:7 › Store – product detail › product breadcrumb has a link back to the Store 
    [chromium] › e2e/customer-behavior.spec.ts:163:7 › Store – product detail › related products section is rendered 
    [chromium] › e2e/customer-behavior.spec.ts:230:7 › Blog › at least one article link is present ─
    [chromium] › e2e/customer-behavior.spec.ts:277:7 › Contact form › renders name, email, and message fields plus Send Message button 
    [chromium] › e2e/customer-behavior.spec.ts:286:7 › Contact form › submitting empty form stays on contact page (HTML5 validation) 
    [chromium] › e2e/customer-behavior.spec.ts:292:7 › Contact form › typing a valid message into all fields is possible 
    [chromium] › e2e/customer-behavior.spec.ts:348:7 › Auth – Login page › renders email, password fields and Sign In button 
    [chromium] › e2e/customer-behavior.spec.ts:356:7 › Auth – Login page › has a Create Account signup link 
    [chromium] › e2e/customer-behavior.spec.ts:381:7 › Auth – Signup page › renders Full Name, email, password fields and Create Account button 
    [chromium] › e2e/customer-behavior.spec.ts:389:7 › Auth – Signup page › has a Sign In link back to login 
    [chromium] › e2e/customer-behavior.spec.ts:399:7 › Auth – Signup page › password mismatch shows an error 
    [chromium] › e2e/customer-behavior.spec.ts:412:7 › Auth – Forgot Password page › renders email input and a submit button 
    [chromium] › e2e/customer-behavior.spec.ts:527:7 › 404 handling › unknown route returns 404 status 
    [chromium] › e2e/customer-behavior.spec.ts:544:7 › End-to-end visitor journeys › visitor reads services then reaches contact page via direct URL 
    [chromium] › e2e/customer-behavior.spec.ts:554:7 › End-to-end visitor journeys › visitor browses store grid and opens a product 
    [chromium] › e2e/customer-behavior.spec.ts:583:7 › End-to-end visitor journeys › visitor fills the contact form and sees the send button 
    [chromium] › e2e/customer-journey.spec.ts:26:7 › Customer Journey › contact page renders the form 
    [chromium] › e2e/dashboard.spec.ts:4:7 › Dashboard › login page is accessible ──────────────────
    [chromium] › e2e/encryption-compression.spec.ts:60:7 › encryption — HTTPS posture and secret-leak protection › HSTS is preload-eligible (max-age + includeSubDomains + preload) 
    [chromium] › e2e/github-agentic-workflows.spec.ts:27:11 › GitHub Agentic Workflows - Infrastructure › Agentic Workflow Files › workflow ci-babysitter-agentic.yml has valid YAML structure 
    [chromium] › e2e/github-agentic-workflows.spec.ts:27:11 › GitHub Agentic Workflows - Infrastructure › Agentic Workflow Files › workflow pr-review-agentic.yml has valid YAML structure 
    [chromium] › e2e/github-agentic-workflows.spec.ts:92:9 › GitHub Agentic Workflows - Infrastructure › Security Architecture › workflows follow read-only token pattern 
    [chromium] › e2e/github-agentic-workflows.spec.ts:106:9 › GitHub Agentic Workflows - Infrastructure › Security Architecture › no hard-coded API keys in workflow files 
    [chromium] › e2e/i18n-not-found.spec.ts:49:9 › 404 page localization › el renders translated 404 strings 
    [chromium] › e2e/i18n-not-found.spec.ts:49:9 › 404 page localization › fr renders translated 404 strings 
    [chromium] › e2e/i18n-not-found.spec.ts:49:9 › 404 page localization › de renders translated 404 strings 
    [chromium] › e2e/integrations-contracts.spec.ts:54:7 › Integrations contracts › Notion webhook requires secret header 
    [chromium] › e2e/journey-admin-tour.spec.ts:45:7 › Admin dashboard tour › admin sidebar has navigation links to other sections 
    [chromium] › e2e/journey-theme-locale.spec.ts:93:7 › Locale switcher › /el shows Greek content (html lang=el) 
    [chromium] › e2e/journeys/admin-journey.spec.ts:15:7 › Admin User Journey › should allow admin to navigate to login page 
    [chromium] › e2e/journeys/admin-journey.spec.ts:25:7 › Admin User Journey › should show admin login form with required fields 
    [chromium] › e2e/journeys/admin-journey.spec.ts:39:7 › Admin User Journey › should allow admin to login with valid credentials (test credentials) 
    [chromium] › e2e/journeys/admin-journey.spec.ts:59:7 › Admin User Journey › should show appropriate error for invalid login credentials 
    [chromium] › e2e/journeys/admin-journey.spec.ts:77:7 › Admin User Journey › should allow admin to access dashboard after login (if credentials work) 
    [chromium] › e2e/journeys/admin-journey.spec.ts:90:7 › Admin User Journey › should show admin dashboard widgets and navigation after login 
    [chromium] › e2e/journeys/admin-journey.spec.ts:104:7 › Admin User Journey › should allow admin to navigate to different admin sections 
    [chromium] › e2e/journeys/auth-journey.spec.ts:21:9 › Authentication Journey › Login Flow › should allow user to login with valid credentials 
    [chromium] › e2e/journeys/auth-journey.spec.ts:58:9 › Authentication Journey › Login Flow › should show error for invalid login credentials 
    [chromium] › e2e/journeys/auth-journey.spec.ts:92:9 › Authentication Journey › Login Flow › should show validation errors for empty login fields 
    [chromium] › e2e/journeys/auth-journey.spec.ts:118:9 › Authentication Journey › Registration Flow › should allow user to register with valid information 
    [chromium] › e2e/journeys/auth-journey.spec.ts:162:9 › Authentication Journey › Registration Flow › should show error for duplicate email registration 
    [chromium] › e2e/journeys/auth-journey.spec.ts:202:9 › Authentication Journey › Registration Flow › should show validation errors for empty registration fields 
    [chromium] › e2e/journeys/auth-journey.spec.ts:230:9 › Authentication Journey › Registration Flow › should show validation error for password mismatch 
    [chromium] › e2e/journeys/auth-journey.spec.ts:272:9 › Authentication Journey › Password Reset Flow › should allow user to request password reset 
    [chromium] › e2e/journeys/auth-journey.spec.ts:310:9 › Authentication Journey › Password Reset Flow › should show error for non-existent email in password reset 
    [chromium] › e2e/journeys/auth-journey.spec.ts:348:9 › Authentication Journey › Logout Flow › should allow user to logout successfully 
    [chromium] › e2e/journeys/auth-journey.spec.ts:378:9 › Authentication Journey › Session Persistence › should maintain session across page reloads 
    [chromium] › e2e/journeys/auth-journey.spec.ts:395:9 › Authentication Journey › Session Persistence › should maintain session across navigation 
    [chromium] › e2e/journeys/auth-journey.spec.ts:424:9 › Authentication Journey › Responsive Design › should work correctly on mobile 
    [chromium] › e2e/journeys/auth-journey.spec.ts:460:9 › Authentication Journey › Responsive Design › should work correctly on tablet 
    [chromium] › e2e/journeys/auth-journey.spec.ts:496:9 › Authentication Journey › Responsive Design › should work correctly on desktop 
    [chromium] › e2e/journeys/auth-journey.spec.ts:534:9 › Authentication Journey › Accessibility › should have accessible login form 
    [chromium] › e2e/journeys/auth-journey.spec.ts:580:9 › Authentication Journey › Accessibility › should have accessible registration form 
    [chromium] › e2e/journeys/auth-journey.spec.ts:648:9 › Authentication Journey › Performance › should load login page within reasonable time 
    [chromium] › e2e/journeys/auth-journey.spec.ts:664:9 › Authentication Journey › Performance › should complete login process within reasonable time 
    [chromium] › e2e/journeys/blog-journey.spec.ts:15:7 › Blog User Journey › should allow user to browse blog posts 
    [chromium] › e2e/journeys/blog-journey.spec.ts:31:7 › Blog User Journey › should allow user to view individual blog post 
    [chromium] › e2e/journeys/blog-journey.spec.ts:53:7 › Blog User Journey › should allow user to search blog posts 
    [chromium] › e2e/journeys/blog-journey.spec.ts:72:7 › Blog User Journey › should allow user to filter blog by category or tag 
    [chromium] › e2e/journeys/blog-journey.spec.ts:89:7 › Blog User Journey › should allow user to subscribe to blog newsletter 
    [chromium] › e2e/journeys/contact-journey.spec.ts:15:7 › Contact User Journey › should allow user to navigate to contact page 
    [chromium] › e2e/journeys/contact-journey.spec.ts:25:7 › Contact User Journey › should display contact form with required fields 
    [chromium] › e2e/journeys/contact-journey.spec.ts:40:7 › Contact User Journey › should allow user to submit contact form with valid data 
    [chromium] › e2e/journeys/contact-journey.spec.ts:60:7 › Contact User Journey › should validate contact form data and show errors for invalid input 
    [chromium] › e2e/journeys/contact-journey.spec.ts:77:7 › Contact User Journey › should validate email format in contact form 
    [chromium] › e2e/journeys/contact-journey.spec.ts:97:7 › Contact User Journey › should allow user to view contact information (phone, address, etc.) 
    [chromium] › e2e/k3s/ecr-images.spec.ts:42:7 › ECR / container image health › Pi origin responds with the app's CSP (not a default nginx/k3s page) 
    [chromium] › e2e/k3s/i18n-routes.spec.ts:30:7 › k3s i18n › / root redirects to a locale-prefixed path 
    [chromium] › e2e/k3s/security-headers.spec.ts:26:7 › k3s security headers › X-Frame-Options DENY 
    [chromium] › e2e/k3s/security-headers.spec.ts:31:7 › k3s security headers › Referrer-Policy strict 
    [chromium] › e2e/k3s/security-headers.spec.ts:36:7 › k3s security headers › Permissions-Policy locks dangerous APIs 
    [chromium] › e2e/k3s/security-headers.spec.ts:44:7 › k3s security headers › CSP (enforced) is set with required directives 
    [chromium] › e2e/k3s/smoke.spec.ts:18:7 › k3s smoke › response carries expected security headers 
    [chromium] › e2e/k3s/smoke.spec.ts:27:7 › k3s smoke › response signature is the cloudless.gr Next.js app 
    [chromium] › e2e/k3s/smoke.spec.ts:35:7 › k3s smoke › homepage loads (i18n redirect to /en|/el|/fr) 
    [chromium] › e2e/migrated/admin-api.spec.ts:37:9 › Admin API — auth-gated mounted routes › GET /api/admin/notion/blog rejects unauthenticated requests with 401/403 
    [chromium] › e2e/migrated/admin-api.spec.ts:37:9 › Admin API — auth-gated mounted routes › GET /api/admin/notion/docs rejects unauthenticated requests with 401/403 
    [chromium] › e2e/migrated/admin-api.spec.ts:37:9 › Admin API — auth-gated mounted routes › GET /api/admin/notion/submissions rejects unauthenticated requests with 401/403 
    [chromium] › e2e/migrated/admin-api.spec.ts:37:9 › Admin API — auth-gated mounted routes › GET /api/admin/notion/tasks rejects unauthenticated requests with 401/403 
    [chromium] › e2e/migrated/i18n-branches.spec.ts:50:7 › Locale negotiation branches › HTML lang attribute matches the served locale 
    [chromium] › e2e/migrated/validation-branches.spec.ts:22:7 › Contact validation branches › rejects oversized message (10KB+) 
    [chromium] › e2e/migrated/validation-branches.spec.ts:36:7 › Contact validation branches › rejects non-string field types 
    [chromium] › e2e/notion-cms.spec.ts:39:7 › AppFlowy CMS — /blog › renders the blog header and search input 
    [chromium] › e2e/notion-cms.spec.ts:47:7 › AppFlowy CMS — /blog › lists at least one post card linking to /blog/[slug] 
    [chromium] › e2e/notion-cms.spec.ts:56:7 › AppFlowy CMS — /blog › search query is preserved in the input 
    [chromium] › e2e/notion-cms.spec.ts:61:7 › AppFlowy CMS — /blog › nonexistent search yields empty-state message 
    [chromium] › e2e/notion-cms.spec.ts:104:7 › AppFlowy CMS — /docs › renders the docs header and search input 
    [chromium] › e2e/notion-cms.spec.ts:113:7 › AppFlowy CMS — /docs › renders either category headings or the empty state 
    [chromium] › e2e/notion-cms.spec.ts:120:7 › AppFlowy CMS — /docs › filtering with no matches shows the no-results state 
    [chromium] › e2e/notion-cms.spec.ts:353:7 › AppFlowy CMS — /api/case-studies contract › slug endpoint returns a case study or 404 when not found 
    [chromium] › e2e/notion-cms.spec.ts:367:7 › AppFlowy CMS — /api/case-studies contract › unknown slug returns 404 
    [chromium] › e2e/performance/core-web-vitals.spec.ts:190:7 › Page Load Times › dashboard page should load within reasonable time 
    [chromium] › e2e/performance/core-web-vitals.spec.ts:212:7 › Page Load Times › admin page should load within reasonable time 
    [chromium] › e2e/performance/core-web-vitals.spec.ts:236:7 › Resource Optimization › should optimize image loading 
    [chromium] › e2e/performance/core-web-vitals.spec.ts:431:7 › Performance Budgets › should keep JavaScript size under budget 
    [chromium] › e2e/performance.spec.ts:25:7 › SEO basics › homepage has exactly one H1 ───────────
    [chromium] › e2e/post-audit-coverage.spec.ts:18:7 › rate-limit cap — /api/contact (3 req/min/container) › 4th rapid same-IP submission is rejected (429 or 4xx) 
    [chromium] › e2e/public-api-deep.spec.ts:30:7 › GET /api/case-studies/:slug — handles unknown slug (404 or empty 200) 
    [chromium] › e2e/public-api-deep.spec.ts:201:5 › GET /api/case-studies/sample — handles slug lookup 
    [chromium] › e2e/public-pages-audit.spec.ts:175:5 › root / redirects to a locale prefix ────────
    [chromium] › e2e/remaining-coverage-deep.spec.mts:105:1 › GET / — root redirect or render ──────
    [chromium] › e2e/security-headers.spec.ts:18:7 › security headers — cloud › HSTS preload-eligible 
    [chromium] › e2e/security-headers.spec.ts:26:7 › security headers — cloud › X-Content-Type-Options nosniff 
    [chromium] › e2e/security-headers.spec.ts:31:7 › security headers — cloud › X-Frame-Options DENY 
    [chromium] › e2e/security-headers.spec.ts:36:7 › security headers — cloud › Referrer-Policy strict 
    [chromium] › e2e/security-headers.spec.ts:48:7 › security headers — cloud › Permissions-Policy hard-blocks 24 features (post-audit hardening) 
    [chromium] › e2e/security-headers.spec.ts:74:7 › security headers — cloud › CSP header is set with all expected directives 
    [chromium] › e2e/security-headers.spec.ts:93:7 › security headers — cloud › CSP allows Google Analytics and GTM hosts 
    [chromium] › e2e/security-headers.spec.ts:103:7 › security headers — cloud › CSP allows LinkedIn Insight Tag hosts 
    [chromium] › e2e/security-headers.spec.ts:110:7 › security headers — cloud › Report-To header advertises the csp-endpoint group 
    [chromium] › e2e/test-mcp-servers.spec.mts:189:3 › OpenNext.js Configuration › open-next.config.ts exists and is valid 
    [chromium] › e2e/theme-switcher.spec.ts:33:7 › ThemeSwitcher (desktop popover) › picking Light writes localStorage and applies data-theme=light 
    [chromium] › e2e/ui/components/button.spec.ts:43:7 › Button Component › should have proper button states 
    [chromium] › e2e/ui/components/button.spec.ts:76:7 › Button Component › should have accessible button labels 
    [chromium] › e2e/ui/components/button.spec.ts:228:9 › Button Component › Responsive Design › should render correctly on mobile 
    [chromium] › e2e/ui/components/button.spec.ts:257:9 › Button Component › Responsive Design › should render correctly on tablet 
    [chromium] › e2e/ui/components/button.spec.ts:328:9 › Button Component › Accessibility › should have accessible names 
    [chromium] › e2e/ui/components/button.spec.ts:360:9 › Button Component › Accessibility › should be keyboard accessible 
    [chromium] › e2e/ui/components/card.spec.ts:21:7 › Card Component › should render card containers 
    [chromium] › e2e/ui/components/card.spec.ts:32:7 › Card Component › should have proper card structure 
    [chromium] › e2e/ui/components/card.spec.ts:66:7 › Card Component › should have accessible card content 
    [chromium] › e2e/ui/components/card.spec.ts:216:9 › Card Component › Layout and Spacing › should have proper card spacing 
    [chromium] › e2e/ui/components/card.spec.ts:280:9 › Card Component › Responsive Design › should render correctly on mobile 
    [chromium] › e2e/ui/components/card.spec.ts:319:9 › Card Component › Responsive Design › should render correctly on tablet 
    [chromium] › e2e/ui/components/card.spec.ts:348:9 › Card Component › Responsive Design › should render correctly on desktop 
    [chromium] › e2e/ui/components/card.spec.ts:389:9 › Card Component › Accessibility › should have accessible card containers 
    [chromium] › e2e/ui/components/card.spec.ts:418:9 › Card Component › Accessibility › should have accessible card headers 
    [chromium] › e2e/ui/components/card.spec.ts:453:9 › Card Component › Accessibility › should have accessible card content 
    [chromium] › e2e/ui/components/card.spec.ts:488:9 › Card Component › Accessibility › should have accessible card actions 
    [chromium] › e2e/ui/components/footer.spec.ts:26:7 › Footer Component › should contain copyright information 
    [chromium] › e2e/ui/components/footer.spec.ts:242:9 › Footer Component › Responsive Design › should render correctly on mobile 
    [chromium] › e2e/ui/components/footer.spec.ts:265:9 › Footer Component › Responsive Design › should render correctly on tablet 
    [chromium] › e2e/ui/components/footer.spec.ts:283:9 › Footer Component › Responsive Design › should render correctly on desktop 
    [chromium] › e2e/ui/components/footer.spec.ts:311:9 › Footer Component › Accessibility › should have proper ARIA landmarks 
    [chromium] › e2e/ui/components/footer.spec.ts:320:9 › Footer Component › Accessibility › should have accessible copyright text 
    [chromium] › e2e/ui/components/footer.spec.ts:332:9 › Footer Component › Accessibility › should have accessible navigation links 
    [chromium] › e2e/ui/components/footer.spec.ts:359:9 › Footer Component › Accessibility › should have accessible social media links 
    [chromium] › e2e/ui/components/footer.spec.ts:387:9 › Footer Component › Accessibility › should have accessible newsletter form 
    [chromium] › e2e/ui/components/footer.spec.ts:424:9 › Footer Component › Performance › should not cause layout shifts 
    [chromium] › e2e/ui/components/header.spec.ts:23:7 › Header Component › should be visible on all pages 
    [chromium] › e2e/ui/components/header.spec.ts:28:7 › Header Component › should contain logo/brand 
    [chromium] › e2e/ui/components/header.spec.ts:41:7 › Header Component › should contain navigation menu 
    [chromium] › e2e/ui/components/header.spec.ts:58:7 › Header Component › should have accessible navigation 
    [chromium] › e2e/ui/components/header.spec.ts:90:9 › Header Component › Navigation Functionality › should navigate to services 
    [chromium] › e2e/ui/components/header.spec.ts:101:9 › Header Component › Navigation Functionality › should navigate to store 
    [chromium] › e2e/ui/components/header.spec.ts:112:9 › Header Component › Navigation Functionality › should navigate to blog 
    [chromium] › e2e/ui/components/header.spec.ts:123:9 › Header Component › Navigation Functionality › should navigate to contact 
    [chromium] › e2e/ui/components/header.spec.ts:134:9 › Header Component › Navigation Functionality › should navigate to homepage via logo 
    [chromium] › e2e/ui/components/header.spec.ts:150:9 › Header Component › Authentication States › should show login/logout buttons when not authenticated 
    [chromium] › e2e/ui/components/header.spec.ts:163:9 › Header Component › Authentication States › should show user menu when authenticated 
    [chromium] › e2e/ui/components/header.spec.ts:189:9 › Header Component › Responsive Design › should render correctly on mobile 
    [chromium] › e2e/ui/components/header.spec.ts:217:9 › Header Component › Responsive Design › should render correctly on tablet 
    [chromium] › e2e/ui/components/header.spec.ts:237:9 › Header Component › Responsive Design › should render correctly on desktop 
    [chromium] › e2e/ui/components/header.spec.ts:260:9 › Header Component › Accessibility › should have proper ARIA attributes 
    [chromium] › e2e/ui/components/header.spec.ts:282:9 › Header Component › Accessibility › should have accessible logo/link 
    [chromium] › e2e/ui/components/header.spec.ts:305:9 › Header Component › Accessibility › should have accessible navigation links 
    [chromium] › e2e/ui/components/header.spec.ts:334:9 › Header Component › Performance › should not cause layout shifts 
    [chromium] › e2e/ui/pages/blog.spec.ts:22:7 › Blog Page › should load successfully ─────────────
    [chromium] › e2e/ui/pages/blog.spec.ts:30:7 › Blog Page › should have blog posts grid or list ──
    [chromium] › e2e/ui/pages/blog.spec.ts:43:7 › Blog Page › should display blog post details ─────
    [chromium] › e2e/ui/pages/blog.spec.ts:70:7 › Blog Page › should have blog categories or tags ──
    [chromium] › e2e/ui/pages/blog.spec.ts:85:7 › Blog Page › should have pagination or load more functionality 
    [chromium] › e2e/ui/pages/blog.spec.ts:95:7 › Blog Page › should have call-to-action for newsletter or subscription 
    [chromium] › e2e/ui/pages/blog.spec.ts:115:9 › Blog Page › Authentication › should show login prompt for commenting when not authenticated 
    [chromium] › e2e/ui/pages/blog.spec.ts:144:9 › Blog Page › Authentication › should allow authenticated users to comment 
    [chromium] › e2e/ui/pages/blog.spec.ts:180:9 › Blog Page › Responsive Design › should render correctly on mobile 
    [chromium] › e2e/ui/pages/blog.spec.ts:193:9 › Blog Page › Responsive Design › should render correctly on tablet 
    [chromium] › e2e/ui/pages/blog.spec.ts:206:9 › Blog Page › Responsive Design › should render correctly on desktop 
    [chromium] › e2e/ui/pages/blog.spec.ts:224:9 › Blog Page › Navigation › should navigate to homepage 
    [chromium] › e2e/ui/pages/blog.spec.ts:232:9 › Blog Page › Navigation › should navigate to services 
    [chromium] › e2e/ui/pages/blog.spec.ts:240:9 › Blog Page › Navigation › should navigate to store 
    [chromium] › e2e/ui/pages/blog.spec.ts:248:9 › Blog Page › Navigation › should navigate to contact 
    [chromium] › e2e/ui/pages/blog.spec.ts:256:9 › Blog Page › Navigation › should navigate to individual blog post 
    [chromium] › e2e/ui/pages/blog.spec.ts:268:9 › Blog Page › Accessibility › should have proper language attribute 
    [chromium] › e2e/ui/pages/blog.spec.ts:274:9 › Blog Page › Accessibility › should have proper heading structure 
    [chromium] › e2e/ui/pages/blog.spec.ts:292:9 › Blog Page › Accessibility › should have accessible post elements 
    [chromium] › e2e/ui/pages/blog.spec.ts:311:9 › Blog Page › Accessibility › should have accessible images with alt text 
    [chromium] › e2e/ui/pages/blog.spec.ts:330:9 › Blog Page › Performance › should load within reasonable time 
    [chromium] › e2e/ui/pages/contact.spec.ts:22:7 › Contact Page › should load successfully ───────
    [chromium] › e2e/ui/pages/contact.spec.ts:30:7 › Contact Page › should have contact form ───────
    [chromium] › e2e/ui/pages/contact.spec.ts:55:7 › Contact Page › should have contact information 
    [chromium] › e2e/ui/pages/contact.spec.ts:76:7 › Contact Page › should have map or location information 
    [chromium] › e2e/ui/pages/contact.spec.ts:87:7 › Contact Page › should have call-to-action for newsletter or consultation 
    [chromium] › e2e/ui/pages/contact.spec.ts:103:9 › Contact Page › Form Validation › should show validation errors for empty required fields 
    [chromium] › e2e/ui/pages/contact.spec.ts:120:9 › Contact Page › Form Validation › should show validation error for invalid email format 
    [chromium] › e2e/ui/pages/contact.spec.ts:142:9 › Contact Page › Form Validation › should submit form successfully with valid data 
    [chromium] › e2e/ui/pages/contact.spec.ts:169:9 › Contact Page › Authentication › should show authenticated user info when logged in 
    [chromium] › e2e/ui/pages/contact.spec.ts:193:9 › Contact Page › Responsive Design › should render correctly on mobile 
    [chromium] › e2e/ui/pages/contact.spec.ts:215:9 › Contact Page › Responsive Design › should render correctly on tablet 
    [chromium] › e2e/ui/pages/contact.spec.ts:228:9 › Contact Page › Responsive Design › should render correctly on desktop 
    [chromium] › e2e/ui/pages/contact.spec.ts:246:9 › Contact Page › Navigation › should navigate to homepage 
    [chromium] › e2e/ui/pages/contact.spec.ts:254:9 › Contact Page › Navigation › should navigate to services 
    [chromium] › e2e/ui/pages/contact.spec.ts:262:9 › Contact Page › Navigation › should navigate to store 
    [chromium] › e2e/ui/pages/contact.spec.ts:270:9 › Contact Page › Navigation › should navigate to blog 
    [chromium] › e2e/ui/pages/contact.spec.ts:280:9 › Contact Page › Accessibility › should have proper language attribute 
    [chromium] › e2e/ui/pages/contact.spec.ts:286:9 › Contact Page › Accessibility › should have accessible form labels 
    [chromium] › e2e/ui/pages/contact.spec.ts:318:9 › Contact Page › Accessibility › should have accessible buttons 
    [chromium] › e2e/ui/pages/contact.spec.ts:338:9 › Contact Page › Accessibility › should have sufficient color contrast for form elements 
    [chromium] › e2e/ui/pages/contact.spec.ts:357:9 › Contact Page › Performance › should load within reasonable time 
    [chromium] › e2e/ui/pages/dashboard.spec.ts:26:7 › Dashboard Page › should load successfully ───
    [chromium] › e2e/ui/pages/dashboard.spec.ts:34:7 › Dashboard Page › should show user information 
    [chromium] › e2e/ui/pages/dashboard.spec.ts:40:7 › Dashboard Page › should have navigation sidebar 
    [chromium] › e2e/ui/pages/dashboard.spec.ts:51:7 › Dashboard Page › should have main content area 
    [chromium] › e2e/ui/pages/dashboard.spec.ts:56:7 › Dashboard Page › should show overview widgets or cards 
    [chromium] › e2e/ui/pages/dashboard.spec.ts:74:7 › Dashboard Page › should show recent activity or orders 
    [chromium] › e2e/ui/pages/dashboard.spec.ts:90:9 › Dashboard Page › Navigation › should navigate to homepage 
    [chromium] › e2e/ui/pages/dashboard.spec.ts:98:9 › Dashboard Page › Navigation › should navigate to services 
    [chromium] › e2e/ui/pages/dashboard.spec.ts:106:9 › Dashboard Page › Navigation › should navigate to store 
    [chromium] › e2e/ui/pages/dashboard.spec.ts:114:9 › Dashboard Page › Navigation › should navigate to blog 
    [chromium] › e2e/ui/pages/dashboard.spec.ts:122:9 › Dashboard Page › Navigation › should navigate to contact 
    [chromium] › e2e/ui/pages/dashboard.spec.ts:130:9 › Dashboard Page › Navigation › should navigate to profile 
    [chromium] › e2e/ui/pages/dashboard.spec.ts:140:9 › Dashboard Page › Navigation › should navigate to settings 
    [chromium] › e2e/ui/pages/dashboard.spec.ts:152:9 › Dashboard Page › Authentication › should redirect to login if not authenticated 
    [chromium] › e2e/ui/pages/dashboard.spec.ts:165:9 › Dashboard Page › Responsive Design › should render correctly on mobile 
    [chromium] › e2e/ui/pages/dashboard.spec.ts:194:9 › Dashboard Page › Responsive Design › should render correctly on tablet 
    [chromium] › e2e/ui/pages/dashboard.spec.ts:211:9 › Dashboard Page › Responsive Design › should render correctly on desktop 
    [chromium] › e2e/ui/pages/dashboard.spec.ts:240:9 › Dashboard Page › Accessibility › should have proper language attribute 
    [chromium] › e2e/ui/pages/dashboard.spec.ts:246:9 › Dashboard Page › Accessibility › should have proper heading structure 
    [chromium] › e2e/ui/pages/dashboard.spec.ts:264:9 › Dashboard Page › Accessibility › should have accessible navigation 
    [chromium] › e2e/ui/pages/dashboard.spec.ts:315:9 › Dashboard Page › Accessibility › should have accessible widgets/cards 
    [chromium] › e2e/ui/pages/dashboard.spec.ts:364:9 › Dashboard Page › Performance › should load within reasonable time 
    [chromium] › e2e/ui/pages/homepage.spec.ts:20:7 › Homepage › should load successfully ──────────
    [chromium] › e2e/ui/pages/homepage.spec.ts:28:7 › Homepage › should have visible navigation ────
    [chromium] › e2e/ui/pages/homepage.spec.ts:37:7 › Homepage › should have hero section with call-to-action 
    [chromium] › e2e/ui/pages/homepage.spec.ts:50:7 › Homepage › should have services section ──────
    [chromium] › e2e/ui/pages/homepage.spec.ts:63:7 › Homepage › should have call-to-action section 
    [chromium] › e2e/ui/pages/homepage.spec.ts:76:7 › Homepage › should have footer with links ─────
    [chromium] › e2e/ui/pages/homepage.spec.ts:93:7 › Homepage › should have accessible navigation ─
    [chromium] › e2e/ui/pages/homepage.spec.ts:110:9 › Homepage › Responsive Design › should render correctly on mobile 
    [chromium] › e2e/ui/pages/homepage.spec.ts:135:9 › Homepage › Responsive Design › should render correctly on tablet 
    [chromium] › e2e/ui/pages/homepage.spec.ts:148:9 › Homepage › Responsive Design › should render correctly on desktop 
    [chromium] › e2e/ui/pages/homepage.spec.ts:170:9 › Homepage › Navigation › should navigate to services page 
    [chromium] › e2e/ui/pages/homepage.spec.ts:178:9 › Homepage › Navigation › should navigate to store page 
    [chromium] › e2e/ui/pages/homepage.spec.ts:186:9 › Homepage › Navigation › should navigate to blog page 
    [chromium] › e2e/ui/pages/homepage.spec.ts:194:9 › Homepage › Navigation › should navigate to contact page 
    [chromium] › e2e/ui/pages/homepage.spec.ts:204:9 › Homepage › Performance › should load within reasonable time 
    [chromium] › e2e/ui/pages/homepage.spec.ts:227:9 › Homepage › Performance › should have reasonable page size 
    [chromium] › e2e/ui/pages/homepage.spec.ts:246:9 › Homepage › Accessibility › should have proper language attribute 
    [chromium] › e2e/ui/pages/homepage.spec.ts:252:9 › Homepage › Accessibility › should have proper character encoding 
    [chromium] › e2e/ui/pages/homepage.spec.ts:260:9 › Homepage › Accessibility › should have viewport meta tag 
    [chromium] › e2e/ui/pages/homepage.spec.ts:269:9 › Homepage › Accessibility › should have sufficient color contrast (basic check) 
    [chromium] › e2e/ui/pages/homepage.spec.ts:292:9 › Homepage › SEO Basics › should have title tag 
    [chromium] › e2e/ui/pages/homepage.spec.ts:299:9 › Homepage › SEO Basics › should have meta description 
    [chromium] › e2e/ui/pages/homepage.spec.ts:309:9 › Homepage › SEO Basics › should have canonical URL 
    [chromium] › e2e/ui/pages/homepage.spec.ts:319:9 › Homepage › SEO Basics › should have open graph tags 
    [chromium] › e2e/ui/pages/services.spec.ts:22:7 › Services Page › should load successfully ─────
    [chromium] › e2e/ui/pages/services.spec.ts:30:7 › Services Page › should have services grid or list 
    [chromium] › e2e/ui/pages/services.spec.ts:43:7 › Services Page › should display service details 
    [chromium] › e2e/ui/pages/services.spec.ts:62:7 › Services Page › should have service categories or tags 
    [chromium] › e2e/ui/pages/services.spec.ts:77:7 › Services Page › should have call-to-action for getting started 
    [chromium] › e2e/ui/pages/services.spec.ts:95:9 › Services Page › Responsive Design › should render correctly on mobile 
    [chromium] › e2e/ui/pages/services.spec.ts:108:9 › Services Page › Responsive Design › should render correctly on tablet 
    [chromium] › e2e/ui/pages/services.spec.ts:121:9 › Services Page › Responsive Design › should render correctly on desktop 
    [chromium] › e2e/ui/pages/services.spec.ts:140:9 › Services Page › Navigation › should navigate to homepage 
    [chromium] › e2e/ui/pages/services.spec.ts:148:9 › Services Page › Navigation › should navigate to store 
    [chromium] › e2e/ui/pages/services.spec.ts:156:9 › Services Page › Navigation › should navigate to blog 
    [chromium] › e2e/ui/pages/services.spec.ts:164:9 › Services Page › Navigation › should navigate to contact 
    [chromium] › e2e/ui/pages/services.spec.ts:174:9 › Services Page › Accessibility › should have proper language attribute 
    [chromium] › e2e/ui/pages/services.spec.ts:180:9 › Services Page › Accessibility › should have proper heading structure 
    [chromium] › e2e/ui/pages/services.spec.ts:198:9 › Services Page › Accessibility › should have accessible buttons and links 
    [chromium] › e2e/ui/pages/services.spec.ts:220:9 › Services Page › Performance › should load within reasonable time 
    [chromium] › e2e/ui/pages/store.spec.ts:22:7 › Store Page › should load successfully ───────────
    [chromium] › e2e/ui/pages/store.spec.ts:30:7 › Store Page › should have products grid or list ──
    [chromium] › e2e/ui/pages/store.spec.ts:61:7 › Store Page › should have product categories or filters 
    [chromium] › e2e/ui/pages/store.spec.ts:71:7 › Store Page › should have shopping cart indicator 
    [chromium] › e2e/ui/pages/store.spec.ts:80:7 › Store Page › should have call-to-action for featured products 
    [chromium] › e2e/ui/pages/store.spec.ts:96:9 › Store Page › Authentication › should show login prompt for cart actions when not authenticated 
    [chromium] › e2e/ui/pages/store.spec.ts:113:9 › Store Page › Authentication › should allow authenticated users to add to cart 
    [chromium] › e2e/ui/pages/store.spec.ts:142:9 › Store Page › Responsive Design › should render correctly on mobile 
    [chromium] › e2e/ui/pages/store.spec.ts:157:9 › Store Page › Responsive Design › should render correctly on tablet 
    [chromium] › e2e/ui/pages/store.spec.ts:172:9 › Store Page › Responsive Design › should render correctly on desktop 
    [chromium] › e2e/ui/pages/store.spec.ts:190:9 › Store Page › Navigation › should navigate to homepage 
    [chromium] › e2e/ui/pages/store.spec.ts:198:9 › Store Page › Navigation › should navigate to services 
    [chromium] › e2e/ui/pages/store.spec.ts:206:9 › Store Page › Navigation › should navigate to blog 
    [chromium] › e2e/ui/pages/store.spec.ts:214:9 › Store Page › Navigation › should navigate to contact 
    [chromium] › e2e/ui/pages/store.spec.ts:222:9 › Store Page › Navigation › should navigate to cart 
    [chromium] › e2e/ui/pages/store.spec.ts:232:9 › Store Page › Accessibility › should have proper language attribute 
    [chromium] › e2e/ui/pages/store.spec.ts:238:9 › Store Page › Accessibility › should have accessible product elements 
    [chromium] › e2e/ui/pages/store.spec.ts:257:9 › Store Page › Accessibility › should have accessible buttons 
    [chromium] › e2e/ui/pages/store.spec.ts:279:9 › Store Page › Performance › should load within reasonable time 
    [chromium] › e2e/ui/pages/style.spec.ts:165:11 › Style System › Homepage Style › should have void background color 
    [chromium] › e2e/ui/pages/style.spec.ts:170:11 › Style System › Homepage Style › should have correct heading font 
    [chromium] › e2e/ui/pages/style.spec.ts:175:11 › Style System › Homepage Style › should have correct body font 
    [chromium] › e2e/ui/pages/style.spec.ts:180:11 › Style System › Homepage Style › should have correct code font 
    [chromium] › e2e/ui/pages/style.spec.ts:185:11 › Style System › Homepage Style › should have neon cyan accents 
    [chromium] › e2e/ui/pages/style.spec.ts:219:11 › Style System › Homepage Style › should have neon magenta accents 
    [chromium] › e2e/ui/pages/style.spec.ts:248:11 › Style System › Homepage Style › should have neon green accents 
    [chromium] › e2e/ui/pages/style.spec.ts:276:11 › Style System › Homepage Style › should have neon blue accents 
    [chromium] › e2e/ui/pages/style.spec.ts:306:15 › Style System › Homepage Style › Effects › should have scanlines effect applied 
    [chromium] › e2e/ui/pages/style.spec.ts:306:15 › Style System › Homepage Style › Effects › should have cyber-grid effect applied 
    [chromium] › e2e/ui/pages/style.spec.ts:306:15 › Style System › Homepage Style › Effects › should have neon-border effect applied 
    [chromium] › e2e/ui/pages/style.spec.ts:306:15 › Style System › Homepage Style › Effects › should have glow-cyan effect applied 
    [chromium] › e2e/ui/pages/style.spec.ts:306:15 › Style System › Homepage Style › Effects › should have dot-matrix effect applied 
    [chromium] › e2e/ui/pages/style.spec.ts:313:13 › Style System › Homepage Style › Hover States › should show neon cyan on hover for interactive elements 
    [chromium] › e2e/ui/pages/style.spec.ts:165:11 › Style System › Services Style › should have void background color 
    [chromium] › e2e/ui/pages/style.spec.ts:170:11 › Style System › Services Style › should have correct heading font 
    [chromium] › e2e/ui/pages/style.spec.ts:175:11 › Style System › Services Style › should have correct body font 
    [chromium] › e2e/ui/pages/style.spec.ts:180:11 › Style System › Services Style › should have correct code font 
    [chromium] › e2e/ui/pages/style.spec.ts:185:11 › Style System › Services Style › should have neon cyan accents 
    [chromium] › e2e/ui/pages/style.spec.ts:219:11 › Style System › Services Style › should have neon magenta accents 
    [chromium] › e2e/ui/pages/style.spec.ts:248:11 › Style System › Services Style › should have neon green accents 
    [chromium] › e2e/ui/pages/style.spec.ts:276:11 › Style System › Services Style › should have neon blue accents 
    [chromium] › e2e/ui/pages/style.spec.ts:306:15 › Style System › Services Style › Effects › should have scanlines effect applied 
    [chromium] › e2e/ui/pages/style.spec.ts:306:15 › Style System › Services Style › Effects › should have cyber-grid effect applied 
    [chromium] › e2e/ui/pages/style.spec.ts:306:15 › Style System › Services Style › Effects › should have neon-border effect applied 
    [chromium] › e2e/ui/pages/style.spec.ts:306:15 › Style System › Services Style › Effects › should have glow-cyan effect applied 
    [chromium] › e2e/ui/pages/style.spec.ts:306:15 › Style System › Services Style › Effects › should have dot-matrix effect applied 
    [chromium] › e2e/ui/pages/style.spec.ts:313:13 › Style System › Services Style › Hover States › should show neon cyan on hover for interactive elements 
    [chromium] › e2e/ui/pages/style.spec.ts:165:11 › Style System › Store Style › should have void background color 
    [chromium] › e2e/ui/pages/style.spec.ts:170:11 › Style System › Store Style › should have correct heading font 
    [chromium] › e2e/ui/pages/style.spec.ts:175:11 › Style System › Store Style › should have correct body font 
    [chromium] › e2e/ui/pages/style.spec.ts:180:11 › Style System › Store Style › should have correct code font 
    [chromium] › e2e/ui/pages/style.spec.ts:185:11 › Style System › Store Style › should have neon cyan accents 
    [chromium] › e2e/ui/pages/style.spec.ts:219:11 › Style System › Store Style › should have neon magenta accents 
    [chromium] › e2e/ui/pages/style.spec.ts:248:11 › Style System › Store Style › should have neon green accents 
    [chromium] › e2e/ui/pages/style.spec.ts:276:11 › Style System › Store Style › should have neon blue accents 
    [chromium] › e2e/ui/pages/style.spec.ts:306:15 › Style System › Store Style › Effects › should have scanlines effect applied 
    [chromium] › e2e/ui/pages/style.spec.ts:306:15 › Style System › Store Style › Effects › should have cyber-grid effect applied 
    [chromium] › e2e/ui/pages/style.spec.ts:306:15 › Style System › Store Style › Effects › should have neon-border effect applied 
    [chromium] › e2e/ui/pages/style.spec.ts:306:15 › Style System › Store Style › Effects › should have glow-cyan effect applied 
    [chromium] › e2e/ui/pages/style.spec.ts:306:15 › Style System › Store Style › Effects › should have dot-matrix effect applied 
    [chromium] › e2e/ui/pages/style.spec.ts:313:13 › Style System › Store Style › Hover States › should show neon cyan on hover for interactive elements 
    [chromium] › e2e/ui/pages/style.spec.ts:165:11 › Style System › Blog Style › should have void background color 
    [chromium] › e2e/ui/pages/style.spec.ts:170:11 › Style System › Blog Style › should have correct heading font 
    [chromium] › e2e/ui/pages/style.spec.ts:175:11 › Style System › Blog Style › should have correct body font 
    [chromium] › e2e/ui/pages/style.spec.ts:180:11 › Style System › Blog Style › should have correct code font 
    [chromium] › e2e/ui/pages/style.spec.ts:185:11 › Style System › Blog Style › should have neon cyan accents 
    [chromium] › e2e/ui/pages/style.spec.ts:219:11 › Style System › Blog Style › should have neon magenta accents 
    [chromium] › e2e/ui/pages/style.spec.ts:248:11 › Style System › Blog Style › should have neon green accents 
    [chromium] › e2e/ui/pages/style.spec.ts:276:11 › Style System › Blog Style › should have neon blue accents 
    [chromium] › e2e/ui/pages/style.spec.ts:306:15 › Style System › Blog Style › Effects › should have scanlines effect applied 
    [chromium] › e2e/ui/pages/style.spec.ts:306:15 › Style System › Blog Style › Effects › should have cyber-grid effect applied 
    [chromium] › e2e/ui/pages/style.spec.ts:306:15 › Style System › Blog Style › Effects › should have neon-border effect applied 
    [chromium] › e2e/ui/pages/style.spec.ts:306:15 › Style System › Blog Style › Effects › should have glow-cyan effect applied 
    [chromium] › e2e/ui/pages/style.spec.ts:306:15 › Style System › Blog Style › Effects › should have dot-matrix effect applied 
    [chromium] › e2e/ui/pages/style.spec.ts:313:13 › Style System › Blog Style › Hover States › should show neon cyan on hover for interactive elements 
    [chromium] › e2e/ui/pages/style.spec.ts:165:11 › Style System › Contact Style › should have void background color 
    [chromium] › e2e/ui/pages/style.spec.ts:170:11 › Style System › Contact Style › should have correct heading font 
    [chromium] › e2e/ui/pages/style.spec.ts:175:11 › Style System › Contact Style › should have correct body font 
    [chromium] › e2e/ui/pages/style.spec.ts:180:11 › Style System › Contact Style › should have correct code font 
    [chromium] › e2e/ui/pages/style.spec.ts:185:11 › Style System › Contact Style › should have neon cyan accents 
    [chromium] › e2e/ui/pages/style.spec.ts:219:11 › Style System › Contact Style › should have neon magenta accents 
    [chromium] › e2e/ui/pages/style.spec.ts:248:11 › Style System › Contact Style › should have neon green accents 
    [chromium] › e2e/ui/pages/style.spec.ts:276:11 › Style System › Contact Style › should have neon blue accents 
    [chromium] › e2e/ui/pages/style.spec.ts:306:15 › Style System › Contact Style › Effects › should have scanlines effect applied 
    [chromium] › e2e/ui/pages/style.spec.ts:306:15 › Style System › Contact Style › Effects › should have cyber-grid effect applied 
    [chromium] › e2e/ui/pages/style.spec.ts:306:15 › Style System › Contact Style › Effects › should have neon-border effect applied 
    [chromium] › e2e/ui/pages/style.spec.ts:306:15 › Style System › Contact Style › Effects › should have glow-cyan effect applied 
    [chromium] › e2e/ui/pages/style.spec.ts:306:15 › Style System › Contact Style › Effects › should have dot-matrix effect applied 
    [chromium] › e2e/ui/pages/style.spec.ts:313:13 › Style System › Contact Style › Hover States › should show neon cyan on hover for interactive elements 
    [chromium] › e2e/webhook-signatures.spec.ts:20:7 › webhook signature gates › /api/webhooks/stripe rejects missing signature header 
    [chromium] › e2e/webhook-signatures.spec.ts:30:7 › webhook signature gates › /api/webhooks/stripe rejects invalid signature 
    [chromium] › e2e/webhook-signatures.spec.ts:46:7 › webhook signature gates › /api/webhooks/notion rejects missing signature 
    [chromium] › e2e/webhook-signatures.spec.ts:55:7 › webhook signature gates › /api/cron/* requires Bearer CRON_SECRET — rejects without auth 
    [chromium] › e2e/webhook-signatures.spec.ts:62:7 › webhook signature gates › /api/cron/* rejects wrong Bearer token (constant-time compare path) 
    [admin] › e2e/ui/pages/admin.spec.ts:24:7 › Admin Panel › should load successfully ─────────────
    [admin] › e2e/ui/pages/admin.spec.ts:32:7 › Admin Panel › should show admin user information ───
    [admin] › e2e/ui/pages/admin.spec.ts:39:7 › Admin Panel › should have admin navigation sidebar ─
    [admin] › e2e/ui/pages/admin.spec.ts:54:7 › Admin Panel › should have main content area ────────
    [admin] › e2e/ui/pages/admin.spec.ts:59:7 › Admin Panel › should show admin overview widgets or cards 
    [admin] › e2e/ui/pages/admin.spec.ts:71:7 › Admin Panel › should show action queue or stats ────
    [admin] › e2e/ui/pages/admin.spec.ts:83:9 › Admin Panel › Navigation › should navigate to homepage 
    [admin] › e2e/ui/pages/admin.spec.ts:93:9 › Admin Panel › Navigation › should navigate to dashboard 
    [admin] › e2e/ui/pages/admin.spec.ts:100:9 › Admin Panel › Navigation › should navigate to users management 
    [admin] › e2e/ui/pages/admin.spec.ts:110:9 › Admin Panel › Navigation › should navigate to orders management 
    [admin] › e2e/ui/pages/admin.spec.ts:120:9 › Admin Panel › Navigation › should navigate to settings 
    [admin] › e2e/ui/pages/admin.spec.ts:130:9 › Admin Panel › Navigation › should navigate to leads 
    [admin] › e2e/ui/pages/admin.spec.ts:142:9 › Admin Panel › Authentication › should redirect to login if not authenticated 
    [admin] › e2e/ui/pages/admin.spec.ts:149:9 › Admin Panel › Authentication › should redirect to dashboard if not admin 
    [admin] › e2e/ui/pages/admin.spec.ts:157:9 › Admin Panel › Responsive Design › should render correctly on mobile 
    [admin] › e2e/ui/pages/admin.spec.ts:187:9 › Admin Panel › Responsive Design › should render correctly on tablet 
    [admin] › e2e/ui/pages/admin.spec.ts:219:9 › Admin Panel › Responsive Design › should render correctly on desktop 
    [admin] › e2e/ui/pages/admin.spec.ts:248:9 › Admin Panel › Accessibility › should have proper language attribute 
    [admin] › e2e/ui/pages/admin.spec.ts:254:9 › Admin Panel › Accessibility › should have proper heading structure 
    [admin] › e2e/ui/pages/admin.spec.ts:272:9 › Admin Panel › Accessibility › should have accessible navigation 
    [admin] › e2e/ui/pages/admin.spec.ts:313:9 › Admin Panel › Accessibility › should have accessible cards/quick actions 
    [admin] › e2e/ui/pages/admin.spec.ts:361:9 › Admin Panel › Accessibility › should have accessible forms 
    [admin] › e2e/ui/pages/admin.spec.ts:370:9 › Admin Panel › Performance › should load within reasonable time 
    [mobile-chrome] › e2e/a11y/comprehensive-a11y.spec.ts:12:7 › Homepage Accessibility › should pass axe accessibility tests 
    [mobile-chrome] › e2e/accessibility-admin-gaps.spec.ts:72:9 › Admin a11y: /en/admin/ai-generator › WCAG 2.1 AA — zero critical/serious violations 
    [mobile-chrome] › e2e/accessibility.spec.ts:47:9 › Accessibility: / › WCAG 2.1 AA — zero critical/serious violations 
    [mobile-chrome] › e2e/admin-api-deep.spec.mts:37:5 › Admin APIs unauthenticated › unauth GET /api/admin/ab-tests — returns 401/403/404 
    [mobile-chrome] › e2e/admin-api-deep.spec.mts:37:5 › Admin APIs unauthenticated › unauth GET /api/admin/ai/analytics-orchestration — returns 401/403/404 
    [mobile-chrome] › e2e/admin-api-deep.spec.mts:37:5 › Admin APIs unauthenticated › unauth GET /api/admin/ai/analytics-orchestration/pdf — returns 401/403/404 
    [mobile-chrome] › e2e/admin-api-deep.spec.mts:37:5 › Admin APIs unauthenticated › unauth GET /api/admin/ai/audience — returns 401/403/404 
    [mobile-chrome] › e2e/admin-api-deep.spec.mts:37:5 › Admin APIs unauthenticated › unauth GET /api/admin/ai/generate — returns 401/403/404 
    [mobile-chrome] › e2e/admin-api-deep.spec.mts:37:5 › Admin APIs unauthenticated › unauth GET /api/admin/ai/campaign — returns 401/403/404 
    [mobile-chrome] › e2e/admin-api-deep.spec.mts:37:5 › Admin APIs unauthenticated › unauth GET /api/admin/ai/copy — returns 401/403/404 
    [mobile-chrome] › e2e/admin-api-deep.spec.mts:37:5 › Admin APIs unauthenticated › unauth GET /api/admin/ai/report-insights — returns 401/403/404 
    [mobile-chrome] › e2e/admin-api-deep.spec.mts:37:5 › Admin APIs unauthenticated › unauth GET /api/admin/analytics/countries — returns 401/403/404 
    [mobile-chrome] › e2e/admin-api-deep.spec.mts:37:5 › Admin APIs unauthenticated › unauth GET /api/admin/analytics/ctr-opportunities — returns 401/403/404 
    [mobile-chrome] › e2e/admin-api-deep.spec.mts:37:5 › Admin APIs unauthenticated › unauth GET /api/admin/analytics/devices — returns 401/403/404 
    [mobile-chrome] › e2e/admin-api-deep.spec.mts:37:5 › Admin APIs unauthenticated › unauth GET /api/admin/analytics/history — returns 401/403/404 
    [mobile-chrome] › e2e/admin-api-deep.spec.mts:37:5 › Admin APIs unauthenticated › unauth GET /api/admin/analytics/keywords — returns 401/403/404 
    [mobile-chrome] › e2e/admin-api-deep.spec.mts:37:5 › Admin APIs unauthenticated › unauth GET /api/admin/analytics/pages — returns 401/403/404 
    [mobile-chrome] › e2e/admin-api-deep.spec.mts:37:5 › Admin APIs unauthenticated › unauth GET /api/admin/analytics/products — returns 401/403/404 
    [mobile-chrome] › e2e/admin-api-deep.spec.mts:37:5 › Admin APIs unauthenticated › unauth GET /api/admin/analytics/query-pages — returns 401/403/404 
    [mobile-chrome] › e2e/admin-api-deep.spec.mts:37:5 › Admin APIs unauthenticated › unauth GET /api/admin/analytics/search-intent — returns 401/403/404 
    [mobile-chrome] › e2e/admin-api-deep.spec.mts:37:5 › Admin APIs unauthenticated › unauth GET /api/admin/analytics/seo — returns 401/403/404 
    [mobile-chrome] › e2e/admin-api-deep.spec.mts:37:5 › Admin APIs unauthenticated › unauth GET /api/admin/analytics/unified — returns 401/403/404 
    [mobile-chrome] › e2e/admin-api-deep.spec.mts:37:5 › Admin APIs unauthenticated › unauth GET /api/admin/analytics/web — returns 401/403/404 
    [mobile-chrome] › e2e/admin-api-deep.spec.mts:37:5 › Admin APIs unauthenticated › unauth GET /api/admin/cache — returns 401/403/404 
    [mobile-chrome] › e2e/admin-api-deep.spec.mts:37:5 › Admin APIs unauthenticated › unauth GET /api/admin/calendar — returns 401/403/404 
    [mobile-chrome] › e2e/admin-api-deep.spec.mts:37:5 › Admin APIs unauthenticated › unauth GET /api/admin/calendar/create — returns 401/403/404 
    [mobile-chrome] › e2e/admin-api-deep.spec.mts:37:5 › Admin APIs unauthenticated › unauth GET /api/admin/campaigns/google — returns 401/403/404 
    [mobile-chrome] › e2e/admin-api-deep.spec.mts:37:5 › Admin APIs unauthenticated › unauth GET /api/admin/campaigns/google/insights — returns 401/403/404 
    [mobile-chrome] › e2e/admin-api-deep.spec.mts:37:5 › Admin APIs unauthenticated › unauth GET /api/admin/campaigns/linkedin — returns 401/403/404 
    [mobile-chrome] › e2e/admin-api-deep.spec.mts:37:5 › Admin APIs unauthenticated › unauth GET /api/admin/campaigns/linkedin/insights — returns 401/403/404 
    [mobile-chrome] › e2e/admin-api-deep.spec.mts:37:5 › Admin APIs unauthenticated › unauth GET /api/admin/campaigns/tiktok — returns 401/403/404 
    [mobile-chrome] › e2e/admin-api-deep.spec.mts:37:5 › Admin APIs unauthenticated › unauth GET /api/admin/campaigns/tiktok/insights — returns 401/403/404 
    [mobile-chrome] › e2e/admin-api-deep.spec.mts:37:5 › Admin APIs unauthenticated › unauth GET /api/admin/campaigns/x — returns 401/403/404 
    [mobile-chrome] › e2e/admin-api-deep.spec.mts:37:5 › Admin APIs unauthenticated › unauth GET /api/admin/campaigns/x/insights — returns 401/403/404 
    [mobile-chrome] › e2e/admin-api-deep.spec.mts:37:5 › Admin APIs unauthenticated › unauth GET /api/admin/client-portals — returns 401/403/404 
    [mobile-chrome] › e2e/admin-api-deep.spec.mts:37:5 › Admin APIs unauthenticated › unauth GET /api/admin/crm/companies — returns 401/403/404 
    [mobile-chrome] › e2e/admin-api-deep.spec.mts:37:5 › Admin APIs unauthenticated › unauth GET /api/admin/crm/contacts — returns 401/403/404 
    [mobile-chrome] › e2e/admin-api-deep.spec.mts:37:5 › Admin APIs unauthenticated › unauth GET /api/admin/crm/deals — returns 401/403/404 
    [mobile-chrome] › e2e/admin-api-deep.spec.mts:37:5 › Admin APIs unauthenticated › unauth GET /api/admin/crm/owners — returns 401/403/404 
    [mobile-chrome] › e2e/admin-api-deep.spec.mts:37:5 › Admin APIs unauthenticated › unauth GET /api/admin/crm/pipelines — returns 401/403/404 
    [mobile-chrome] › e2e/admin-api-deep.spec.mts:37:5 › Admin APIs unauthenticated › unauth GET /api/admin/crm/tickets — returns 401/403/404 
    [mobile-chrome] › e2e/admin-api-deep.spec.mts:37:5 › Admin APIs unauthenticated › unauth GET /api/admin/email/automations — returns 401/403/404 
    [mobile-chrome] › e2e/admin-api-deep.spec.mts:37:5 › Admin APIs unauthenticated › unauth GET /api/admin/email/campaigns — returns 401/403/404 
    [mobile-chrome] › e2e/admin-api-deep.spec.mts:37:5 › Admin APIs unauthenticated › unauth GET /api/admin/email/contacts — returns 401/403/404 
    [mobile-chrome] › e2e/admin-api-deep.spec.mts:37:5 › Admin APIs unauthenticated › unauth GET /api/admin/email/lists — returns 401/403/404 
    [mobile-chrome] › e2e/admin-api-deep.spec.mts:37:5 › Admin APIs unauthenticated › unauth GET /api/admin/email/stats — returns 401/403/404 
    [mobile-chrome] › e2e/admin-api-deep.spec.mts:37:5 › Admin APIs unauthenticated › unauth GET /api/admin/esp32 — returns 401/403/404 
    [mobile-chrome] › e2e/admin-api-deep.spec.mts:37:5 › Admin APIs unauthenticated › unauth GET /api/admin/esp32/notion-sync — returns 401/403/404 
    [mobile-chrome] › e2e/admin-api-deep.spec.mts:37:5 › Admin APIs unauthenticated › unauth GET /api/admin/integrations/status — returns 401/403/404 
    [mobile-chrome] › e2e/admin-api-deep.spec.mts:37:5 › Admin APIs unauthenticated › unauth GET /api/admin/kpi — returns 401/403/404 
    [mobile-chrome] › e2e/admin-api-deep.spec.mts:37:5 › Admin APIs unauthenticated › unauth GET /api/admin/notifications — returns 401/403/404 
    [mobile-chrome] › e2e/admin-api-deep.spec.mts:37:5 › Admin APIs unauthenticated › unauth GET /api/admin/notifications/test — returns 401/403/404 
    [mobile-chrome] › e2e/admin-api-deep.spec.mts:37:5 › Admin APIs unauthenticated › unauth GET /api/admin/notion/analytics — returns 401/403/404 
    [mobile-chrome] › e2e/admin-api-deep.spec.mts:37:5 › Admin APIs unauthenticated › unauth GET /api/admin/notion/blog — returns 401/403/404 
    [mobile-chrome] › e2e/admin-api-deep.spec.mts:37:5 › Admin APIs unauthenticated › unauth GET /api/admin/notion/comments — returns 401/403/404 
    [mobile-chrome] › e2e/admin-api-deep.spec.mts:37:5 › Admin APIs unauthenticated › unauth GET /api/admin/notion/docs — returns 401/403/404 
    [mobile-chrome] › e2e/admin-api-deep.spec.mts:37:5 › Admin APIs unauthenticated › unauth GET /api/admin/notion/projects — returns 401/403/404 
    [mobile-chrome] › e2e/admin-api-deep.spec.mts:37:5 › Admin APIs unauthenticated › unauth GET /api/admin/notion/search — returns 401/403/404 
    [mobile-chrome] › e2e/admin-api-deep.spec.mts:37:5 › Admin APIs unauthenticated › unauth GET /api/admin/notion/status — returns 401/403/404 
    [mobile-chrome] › e2e/admin-api-deep.spec.mts:37:5 › Admin APIs unauthenticated › unauth GET /api/admin/notion/submissions — returns 401/403/404 
    [mobile-chrome] › e2e/admin-api-deep.spec.mts:37:5 › Admin APIs unauthenticated › unauth GET /api/admin/notion/tasks — returns 401/403/404 
    [mobile-chrome] › e2e/admin-api-deep.spec.mts:37:5 › Admin APIs unauthenticated › unauth GET /api/admin/oauth/tiktok — returns 401/403/404 
    [mobile-chrome] › e2e/admin-api-deep.spec.mts:37:5 › Admin APIs unauthenticated › unauth GET /api/admin/oauth/tiktok/callback — returns 401/403/404 
    [mobile-chrome] › e2e/admin-api-deep.spec.mts:37:5 › Admin APIs unauthenticated › unauth GET /api/admin/ops/errors — returns 401/403/404 
    [mobile-chrome] › e2e/admin-api-deep.spec.mts:37:5 › Admin APIs unauthenticated › unauth GET /api/admin/ops/monitor — returns 401/403/404 
    [mobile-chrome] › e2e/admin-api-deep.spec.mts:37:5 › Admin APIs unauthenticated › unauth GET /api/admin/orders — returns 401/403/404 
    [mobile-chrome] › e2e/admin-api-deep.spec.mts:37:5 › Admin APIs unauthenticated › unauth GET /api/admin/pending-clients — returns 401/403/404 
    [mobile-chrome] › e2e/admin-api-deep.spec.mts:37:5 › Admin APIs unauthenticated › unauth GET /api/admin/pipeline/board — returns 401/403/404 
    [mobile-chrome] › e2e/admin-api-deep.spec.mts:37:5 › Admin APIs unauthenticated › unauth GET /api/admin/pipeline/stats — returns 401/403/404 
    [mobile-chrome] › e2e/admin-api-deep.spec.mts:37:5 › Admin APIs unauthenticated › unauth GET /api/admin/reports — returns 401/403/404 
    [mobile-chrome] › e2e/admin-api-deep.spec.mts:37:5 › Admin APIs unauthenticated › unauth GET /api/admin/reports/generate — returns 401/403/404 
    [mobile-chrome] › e2e/admin-api-deep.spec.mts:37:5 › Admin APIs unauthenticated › unauth GET /api/admin/subscriptions — returns 401/403/404 
    [mobile-chrome] › e2e/admin-api-deep.spec.mts:37:5 › Admin APIs unauthenticated › unauth GET /api/admin/users — returns 401/403/404 
    [mobile-chrome] › e2e/admin-api-deep.spec.mts:37:5 › Admin APIs unauthenticated › unauth GET /api/admin/voice-brief — returns 401/403/404 
    [mobile-chrome] › e2e/admin-api-deep.spec.mts:37:5 › Admin APIs unauthenticated › unauth GET /api/admin/workspaces — returns 401/403/404 
    [mobile-chrome] › e2e/admin-api-deep.spec.mts:37:5 › Admin APIs unauthenticated › unauth GET /api/admin/calendar/sample-id — returns 401/403/404 
    [mobile-chrome] › e2e/admin-api-deep.spec.mts:37:5 › Admin APIs unauthenticated › unauth GET /api/admin/email/campaigns/sample-id — returns 401/403/404 
    [mobile-chrome] › e2e/admin-api-deep.spec.mts:37:5 › Admin APIs unauthenticated › unauth GET /api/admin/ops/errors/sample-id — returns 401/403/404 
    [mobile-chrome] › e2e/admin-api-deep.spec.mts:37:5 › Admin APIs unauthenticated › unauth GET /api/admin/pipeline/deals/sample-id/move — returns 401/403/404 
    [mobile-chrome] › e2e/admin-api-deep.spec.mts:37:5 › Admin APIs unauthenticated › unauth GET /api/admin/pipeline/deals/sample-id/notes — returns 401/403/404 
    [mobile-chrome] › e2e/admin-api-deep.spec.mts:37:5 › Admin APIs unauthenticated › unauth GET /api/admin/reports/sample-id — returns 401/403/404 
    [mobile-chrome] › e2e/admin-api-deep.spec.mts:37:5 › Admin APIs unauthenticated › unauth GET /api/admin/reports/sample-id/pdf — returns 401/403/404 
    [mobile-chrome] › e2e/admin-api-deep.spec.mts:44:3 › Admin APIs unauthenticated › unauth GET with garbage Bearer token still rejected 
    [mobile-chrome] › e2e/admin-api-deep.spec.mts:66:5 › Admin APIs authenticated › auth GET /api/admin/ab-tests — non-5xx 
    [mobile-chrome] › e2e/admin-api-deep.spec.mts:66:5 › Admin APIs authenticated › auth GET /api/admin/ai/analytics-orchestration — non-5xx 
    [mobile-chrome] › e2e/admin-api-deep.spec.mts:66:5 › Admin APIs authenticated › auth GET /api/admin/ai/analytics-orchestration/pdf — non-5xx 
    [mobile-chrome] › e2e/admin-api-deep.spec.mts:66:5 › Admin APIs authenticated › auth GET /api/admin/ai/audience — non-5xx 
    [mobile-chrome] › e2e/admin-api-deep.spec.mts:66:5 › Admin APIs authenticated › auth GET /api/admin/ai/generate — non-5xx 
    [mobile-chrome] › e2e/admin-api-deep.spec.mts:66:5 › Admin APIs authenticated › auth GET /api/admin/ai/campaign — non-5xx 
    [mobile-chrome] › e2e/admin-api-deep.spec.mts:66:5 › Admin APIs authenticated › auth GET /api/admin/ai/copy — non-5xx 
    [mobile-chrome] › e2e/admin-api-deep.spec.mts:66:5 › Admin APIs authenticated › auth GET /api/admin/ai/report-insights — non-5xx 
    [mobile-chrome] › e2e/admin-api-deep.spec.mts:66:5 › Admin APIs authenticated › auth GET /api/admin/analytics/countries — non-5xx 
    [mobile-chrome] › e2e/admin-api-deep.spec.mts:66:5 › Admin APIs authenticated › auth GET /api/admin/analytics/ctr-opportunities — non-5xx 
    [mobile-chrome] › e2e/admin-api-deep.spec.mts:66:5 › Admin APIs authenticated › auth GET /api/admin/analytics/devices — non-5xx 
    [mobile-chrome] › e2e/admin-api-deep.spec.mts:66:5 › Admin APIs authenticated › auth GET /api/admin/analytics/history — non-5xx 
    [mobile-chrome] › e2e/admin-api-deep.spec.mts:66:5 › Admin APIs authenticated › auth GET /api/admin/analytics/keywords — non-5xx 
    [mobile-chrome] › e2e/admin-api-deep.spec.mts:66:5 › Admin APIs authenticated › auth GET /api/admin/analytics/pages — non-5xx 
    [mobile-chrome] › e2e/admin-api-deep.spec.mts:66:5 › Admin APIs authenticated › auth GET /api/admin/analytics/products — non-5xx 
    [mobile-chrome] › e2e/admin-api-deep.spec.mts:66:5 › Admin APIs authenticated › auth GET /api/admin/analytics/query-pages — non-5xx 
    [mobile-chrome] › e2e/admin-api-deep.spec.mts:66:5 › Admin APIs authenticated › auth GET /api/admin/analytics/search-intent — non-5xx 
    [mobile-chrome] › e2e/admin-api-deep.spec.mts:66:5 › Admin APIs authenticated › auth GET /api/admin/analytics/seo — non-5xx 
    [mobile-chrome] › e2e/admin-api-deep.spec.mts:66:5 › Admin APIs authenticated › auth GET /api/admin/analytics/unified — non-5xx 
    [mobile-chrome] › e2e/admin-api-deep.spec.mts:66:5 › Admin APIs authenticated › auth GET /api/admin/analytics/web — non-5xx 
    [mobile-chrome] › e2e/admin-api-deep.spec.mts:66:5 › Admin APIs authenticated › auth GET /api/admin/cache — non-5xx 
    [mobile-chrome] › e2e/admin-api-deep.spec.mts:66:5 › Admin APIs authenticated › auth GET /api/admin/calendar — non-5xx 
    [mobile-chrome] › e2e/admin-api-deep.spec.mts:66:5 › Admin APIs authenticated › auth GET /api/admin/calendar/create — non-5xx 
    [mobile-chrome] › e2e/admin-api-deep.spec.mts:66:5 › Admin APIs authenticated › auth GET /api/admin/campaigns/google — non-5xx 
    [mobile-chrome] › e2e/admin-api-deep.spec.mts:66:5 › Admin APIs authenticated › auth GET /api/admin/campaigns/google/insights — non-5xx 
    [mobile-chrome] › e2e/admin-api-deep.spec.mts:66:5 › Admin APIs authenticated › auth GET /api/admin/campaigns/linkedin — non-5xx 
    [mobile-chrome] › e2e/admin-api-deep.spec.mts:66:5 › Admin APIs authenticated › auth GET /api/admin/campaigns/linkedin/insights — non-5xx 
    [mobile-chrome] › e2e/admin-api-deep.spec.mts:66:5 › Admin APIs authenticated › auth GET /api/admin/campaigns/tiktok — non-5xx 
    [mobile-chrome] › e2e/admin-api-deep.spec.mts:66:5 › Admin APIs authenticated › auth GET /api/admin/campaigns/tiktok/insights — non-5xx 
    [mobile-chrome] › e2e/admin-api-deep.spec.mts:66:5 › Admin APIs authenticated › auth GET /api/admin/campaigns/x — non-5xx 
    [mobile-chrome] › e2e/admin-api-deep.spec.mts:66:5 › Admin APIs authenticated › auth GET /api/admin/campaigns/x/insights — non-5xx 
    [mobile-chrome] › e2e/admin-api-deep.spec.mts:66:5 › Admin APIs authenticated › auth GET /api/admin/client-portals — non-5xx 
    [mobile-chrome] › e2e/admin-api-deep.spec.mts:66:5 › Admin APIs authenticated › auth GET /api/admin/crm/companies — non-5xx 
    [mobile-chrome] › e2e/admin-api-deep.spec.mts:66:5 › Admin APIs authenticated › auth GET /api/admin/crm/contacts — non-5xx 
    [mobile-chrome] › e2e/admin-api-deep.spec.mts:66:5 › Admin APIs authenticated › auth GET /api/admin/crm/deals — non-5xx 
    [mobile-chrome] › e2e/admin-api-deep.spec.mts:66:5 › Admin APIs authenticated › auth GET /api/admin/crm/owners — non-5xx 
    [mobile-chrome] › e2e/admin-api-deep.spec.mts:66:5 › Admin APIs authenticated › auth GET /api/admin/crm/pipelines — non-5xx 
    [mobile-chrome] › e2e/admin-api-deep.spec.mts:66:5 › Admin APIs authenticated › auth GET /api/admin/crm/tickets — non-5xx 
    [mobile-chrome] › e2e/admin-api-deep.spec.mts:66:5 › Admin APIs authenticated › auth GET /api/admin/email/automations — non-5xx 
    [mobile-chrome] › e2e/admin-api-deep.spec.mts:66:5 › Admin APIs authenticated › auth GET /api/admin/email/campaigns — non-5xx 
    [mobile-chrome] › e2e/admin-api-deep.spec.mts:66:5 › Admin APIs authenticated › auth GET /api/admin/email/contacts — non-5xx 
    [mobile-chrome] › e2e/admin-api-deep.spec.mts:66:5 › Admin APIs authenticated › auth GET /api/admin/email/lists — non-5xx 
    [mobile-chrome] › e2e/admin-api-deep.spec.mts:66:5 › Admin APIs authenticated › auth GET /api/admin/email/stats — non-5xx 
    [mobile-chrome] › e2e/admin-api-deep.spec.mts:66:5 › Admin APIs authenticated › auth GET /api/admin/esp32 — non-5xx 
    [mobile-chrome] › e2e/admin-api-deep.spec.mts:66:5 › Admin APIs authenticated › auth GET /api/admin/esp32/notion-sync — non-5xx 
    [mobile-chrome] › e2e/admin-api-deep.spec.mts:66:5 › Admin APIs authenticated › auth GET /api/admin/integrations/status — non-5xx 
    [mobile-chrome] › e2e/admin-api-deep.spec.mts:66:5 › Admin APIs authenticated › auth GET /api/admin/kpi — non-5xx 
    [mobile-chrome] › e2e/admin-api-deep.spec.mts:66:5 › Admin APIs authenticated › auth GET /api/admin/notifications — non-5xx 
    [mobile-chrome] › e2e/admin-api-deep.spec.mts:66:5 › Admin APIs authenticated › auth GET /api/admin/notifications/test — non-5xx 
    [mobile-chrome] › e2e/admin-api-deep.spec.mts:66:5 › Admin APIs authenticated › auth GET /api/admin/notion/analytics — non-5xx 
    [mobile-chrome] › e2e/admin-api-deep.spec.mts:66:5 › Admin APIs authenticated › auth GET /api/admin/notion/blog — non-5xx 
    [mobile-chrome] › e2e/admin-api-deep.spec.mts:66:5 › Admin APIs authenticated › auth GET /api/admin/notion/comments — non-5xx 
    [mobile-chrome] › e2e/admin-api-deep.spec.mts:66:5 › Admin APIs authenticated › auth GET /api/admin/notion/docs — non-5xx 
    [mobile-chrome] › e2e/admin-api-deep.spec.mts:66:5 › Admin APIs authenticated › auth GET /api/admin/notion/projects — non-5xx 
    [mobile-chrome] › e2e/admin-api-deep.spec.mts:66:5 › Admin APIs authenticated › auth GET /api/admin/notion/search — non-5xx 
    [mobile-chrome] › e2e/admin-api-deep.spec.mts:66:5 › Admin APIs authenticated › auth GET /api/admin/notion/status — non-5xx 
    [mobile-chrome] › e2e/admin-api-deep.spec.mts:66:5 › Admin APIs authenticated › auth GET /api/admin/notion/submissions — non-5xx 
    [mobile-chrome] › e2e/admin-api-deep.spec.mts:66:5 › Admin APIs authenticated › auth GET /api/admin/notion/tasks — non-5xx 
    [mobile-chrome] › e2e/admin-api-deep.spec.mts:66:5 › Admin APIs authenticated › auth GET /api/admin/oauth/tiktok — non-5xx 
    [mobile-chrome] › e2e/admin-api-deep.spec.mts:66:5 › Admin APIs authenticated › auth GET /api/admin/oauth/tiktok/callback — non-5xx 
    [mobile-chrome] › e2e/admin-api-deep.spec.mts:66:5 › Admin APIs authenticated › auth GET /api/admin/ops/errors — non-5xx 
    [mobile-chrome] › e2e/admin-api-deep.spec.mts:66:5 › Admin APIs authenticated › auth GET /api/admin/ops/monitor — non-5xx 
    [mobile-chrome] › e2e/admin-api-deep.spec.mts:66:5 › Admin APIs authenticated › auth GET /api/admin/orders — non-5xx 
    [mobile-chrome] › e2e/admin-api-deep.spec.mts:66:5 › Admin APIs authenticated › auth GET /api/admin/pending-clients — non-5xx 
    [mobile-chrome] › e2e/admin-api-deep.spec.mts:66:5 › Admin APIs authenticated › auth GET /api/admin/pipeline/board — non-5xx 
    [mobile-chrome] › e2e/admin-api-deep.spec.mts:66:5 › Admin APIs authenticated › auth GET /api/admin/pipeline/stats — non-5xx 
    [mobile-chrome] › e2e/admin-api-deep.spec.mts:66:5 › Admin APIs authenticated › auth GET /api/admin/reports — non-5xx 
    [mobile-chrome] › e2e/admin-api-deep.spec.mts:66:5 › Admin APIs authenticated › auth GET /api/admin/reports/generate — non-5xx 
    [mobile-chrome] › e2e/admin-api-deep.spec.mts:66:5 › Admin APIs authenticated › auth GET /api/admin/subscriptions — non-5xx 
    [mobile-chrome] › e2e/admin-api-deep.spec.mts:66:5 › Admin APIs authenticated › auth GET /api/admin/users — non-5xx 
    [mobile-chrome] › e2e/admin-api-deep.spec.mts:66:5 › Admin APIs authenticated › auth GET /api/admin/voice-brief — non-5xx 
    [mobile-chrome] › e2e/admin-api-deep.spec.mts:66:5 › Admin APIs authenticated › auth GET /api/admin/workspaces — non-5xx 
    [mobile-chrome] › e2e/admin-api-deep.spec.mts:66:5 › Admin APIs authenticated › auth GET /api/admin/calendar/sample-id — non-5xx 
    [mobile-chrome] › e2e/admin-api-deep.spec.mts:66:5 › Admin APIs authenticated › auth GET /api/admin/email/campaigns/sample-id — non-5xx 
    [mobile-chrome] › e2e/admin-api-deep.spec.mts:66:5 › Admin APIs authenticated › auth GET /api/admin/ops/errors/sample-id — non-5xx 
    [mobile-chrome] › e2e/admin-api-deep.spec.mts:66:5 › Admin APIs authenticated › auth GET /api/admin/pipeline/deals/sample-id/move — non-5xx 
    [mobile-chrome] › e2e/admin-api-deep.spec.mts:66:5 › Admin APIs authenticated › auth GET /api/admin/pipeline/deals/sample-id/notes — non-5xx 
    [mobile-chrome] › e2e/admin-api-deep.spec.mts:66:5 › Admin APIs authenticated › auth GET /api/admin/reports/sample-id — non-5xx 
    [mobile-chrome] › e2e/admin-api-deep.spec.mts:66:5 › Admin APIs authenticated › auth GET /api/admin/reports/sample-id/pdf — non-5xx 
    [mobile-chrome] › e2e/admin-api-sweep.spec.ts:13:7 › Admin API route sweep (authenticated) › GET /api/admin/ab-tests 
    [mobile-chrome] › e2e/admin-api-sweep.spec.ts:21:7 › Admin API route sweep (authenticated) › GET /api/admin/ai/analytics-orchestration 
    [mobile-chrome] › e2e/admin-api-sweep.spec.ts:29:7 › Admin API route sweep (authenticated) › GET /api/admin/ai/analytics-orchestration/pdf 
    [mobile-chrome] › e2e/admin-api-sweep.spec.ts:37:7 › Admin API route sweep (authenticated) › GET /api/admin/ai/audience 
    [mobile-chrome] › e2e/admin-api-sweep.spec.ts:45:7 › Admin API route sweep (authenticated) › GET /api/admin/ai/campaign 
    [mobile-chrome] › e2e/admin-api-sweep.spec.ts:53:7 › Admin API route sweep (authenticated) › GET /api/admin/ai/copy 
    [mobile-chrome] › e2e/admin-api-sweep.spec.ts:61:7 › Admin API route sweep (authenticated) › GET /api/admin/ai/report-insights 
    [mobile-chrome] › e2e/admin-api-sweep.spec.ts:69:7 › Admin API route sweep (authenticated) › GET /api/admin/analytics/countries 
    [mobile-chrome] › e2e/admin-api-sweep.spec.ts:77:7 › Admin API route sweep (authenticated) › GET /api/admin/analytics/ctr-opportunities 
    [mobile-chrome] › e2e/admin-api-sweep.spec.ts:85:7 › Admin API route sweep (authenticated) › GET /api/admin/analytics/devices 
    [mobile-chrome] › e2e/admin-api-sweep.spec.ts:93:7 › Admin API route sweep (authenticated) › GET /api/admin/analytics/history 
    [mobile-chrome] › e2e/admin-api-sweep.spec.ts:101:7 › Admin API route sweep (authenticated) › GET /api/admin/analytics/keywords 
    [mobile-chrome] › e2e/admin-api-sweep.spec.ts:109:7 › Admin API route sweep (authenticated) › GET /api/admin/analytics/pages 
    [mobile-chrome] › e2e/admin-api-sweep.spec.ts:117:7 › Admin API route sweep (authenticated) › GET /api/admin/analytics/products 
    [mobile-chrome] › e2e/admin-api-sweep.spec.ts:125:7 › Admin API route sweep (authenticated) › GET /api/admin/analytics/query-pages 
    [mobile-chrome] › e2e/admin-api-sweep.spec.ts:133:7 › Admin API route sweep (authenticated) › GET /api/admin/analytics/search-intent 
    [mobile-chrome] › e2e/admin-api-sweep.spec.ts:141:7 › Admin API route sweep (authenticated) › GET /api/admin/analytics/seo 
    [mobile-chrome] › e2e/admin-api-sweep.spec.ts:149:7 › Admin API route sweep (authenticated) › GET /api/admin/analytics/unified 
    [mobile-chrome] › e2e/admin-api-sweep.spec.ts:157:7 › Admin API route sweep (authenticated) › GET /api/admin/analytics/web 
    [mobile-chrome] › e2e/admin-api-sweep.spec.ts:165:7 › Admin API route sweep (authenticated) › GET /api/admin/cache 
    [mobile-chrome] › e2e/admin-api-sweep.spec.ts:173:7 › Admin API route sweep (authenticated) › GET /api/admin/calendar 
    [mobile-chrome] › e2e/admin-api-sweep.spec.ts:181:7 › Admin API route sweep (authenticated) › GET /api/admin/calendar/create 
    [mobile-chrome] › e2e/admin-api-sweep.spec.ts:189:7 › Admin API route sweep (authenticated) › GET /api/admin/campaigns/google 
    [mobile-chrome] › e2e/admin-api-sweep.spec.ts:197:7 › Admin API route sweep (authenticated) › GET /api/admin/campaigns/google/insights 
    [mobile-chrome] › e2e/admin-api-sweep.spec.ts:205:7 › Admin API route sweep (authenticated) › GET /api/admin/campaigns/linkedin 
    [mobile-chrome] › e2e/admin-api-sweep.spec.ts:213:7 › Admin API route sweep (authenticated) › GET /api/admin/campaigns/linkedin/insights 
    [mobile-chrome] › e2e/admin-api-sweep.spec.ts:221:7 › Admin API route sweep (authenticated) › GET /api/admin/campaigns/tiktok 
    [mobile-chrome] › e2e/admin-api-sweep.spec.ts:229:7 › Admin API route sweep (authenticated) › GET /api/admin/campaigns/tiktok/insights 
    [mobile-chrome] › e2e/admin-api-sweep.spec.ts:237:7 › Admin API route sweep (authenticated) › GET /api/admin/campaigns/x 
    [mobile-chrome] › e2e/admin-api-sweep.spec.ts:245:7 › Admin API route sweep (authenticated) › GET /api/admin/campaigns/x/insights 
    [mobile-chrome] › e2e/admin-api-sweep.spec.ts:253:7 › Admin API route sweep (authenticated) › GET /api/admin/client-portals 
    [mobile-chrome] › e2e/admin-api-sweep.spec.ts:261:7 › Admin API route sweep (authenticated) › GET /api/admin/crm/companies 
    [mobile-chrome] › e2e/admin-api-sweep.spec.ts:269:7 › Admin API route sweep (authenticated) › GET /api/admin/crm/contacts 
    [mobile-chrome] › e2e/admin-api-sweep.spec.ts:277:7 › Admin API route sweep (authenticated) › GET /api/admin/crm/deals 
    [mobile-chrome] › e2e/admin-api-sweep.spec.ts:285:7 › Admin API route sweep (authenticated) › GET /api/admin/crm/owners 
    [mobile-chrome] › e2e/admin-api-sweep.spec.ts:293:7 › Admin API route sweep (authenticated) › GET /api/admin/crm/pipelines 
    [mobile-chrome] › e2e/admin-api-sweep.spec.ts:301:7 › Admin API route sweep (authenticated) › GET /api/admin/crm/tickets 
    [mobile-chrome] › e2e/admin-api-sweep.spec.ts:309:7 › Admin API route sweep (authenticated) › GET /api/admin/email/automations 
    [mobile-chrome] › e2e/admin-api-sweep.spec.ts:317:7 › Admin API route sweep (authenticated) › GET /api/admin/email/campaigns 
    [mobile-chrome] › e2e/admin-api-sweep.spec.ts:325:7 › Admin API route sweep (authenticated) › GET /api/admin/email/contacts 
    [mobile-chrome] › e2e/admin-api-sweep.spec.ts:333:7 › Admin API route sweep (authenticated) › GET /api/admin/email/lists 
    [mobile-chrome] › e2e/admin-api-sweep.spec.ts:341:7 › Admin API route sweep (authenticated) › GET /api/admin/email/stats 
    [mobile-chrome] › e2e/admin-api-sweep.spec.ts:349:7 › Admin API route sweep (authenticated) › GET /api/admin/esp32 
    [mobile-chrome] › e2e/admin-api-sweep.spec.ts:357:7 › Admin API route sweep (authenticated) › GET /api/admin/esp32/notion-sync 
    [mobile-chrome] › e2e/admin-api-sweep.spec.ts:365:7 › Admin API route sweep (authenticated) › GET /api/admin/integrations/status 
    [mobile-chrome] › e2e/admin-api-sweep.spec.ts:373:7 › Admin API route sweep (authenticated) › GET /api/admin/kpi 
    [mobile-chrome] › e2e/admin-api-sweep.spec.ts:381:7 › Admin API route sweep (authenticated) › GET /api/admin/notifications 
    [mobile-chrome] › e2e/admin-api-sweep.spec.ts:389:7 › Admin API route sweep (authenticated) › GET /api/admin/notifications/test 
    [mobile-chrome] › e2e/admin-api-sweep.spec.ts:397:7 › Admin API route sweep (authenticated) › GET /api/admin/notion/analytics 
    [mobile-chrome] › e2e/admin-api-sweep.spec.ts:405:7 › Admin API route sweep (authenticated) › GET /api/admin/notion/blog 
    [mobile-chrome] › e2e/admin-api-sweep.spec.ts:413:7 › Admin API route sweep (authenticated) › GET /api/admin/notion/comments 
    [mobile-chrome] › e2e/admin-api-sweep.spec.ts:421:7 › Admin API route sweep (authenticated) › GET /api/admin/notion/docs 
    [mobile-chrome] › e2e/admin-api-sweep.spec.ts:429:7 › Admin API route sweep (authenticated) › GET /api/admin/notion/projects 
    [mobile-chrome] › e2e/admin-api-sweep.spec.ts:437:7 › Admin API route sweep (authenticated) › GET /api/admin/notion/search 
    [mobile-chrome] › e2e/admin-api-sweep.spec.ts:445:7 › Admin API route sweep (authenticated) › GET /api/admin/notion/status 
    [mobile-chrome] › e2e/admin-api-sweep.spec.ts:453:7 › Admin API route sweep (authenticated) › GET /api/admin/notion/submissions 
    [mobile-chrome] › e2e/admin-api-sweep.spec.ts:461:7 › Admin API route sweep (authenticated) › GET /api/admin/notion/tasks 
    [mobile-chrome] › e2e/admin-api-sweep.spec.ts:469:7 › Admin API route sweep (authenticated) › GET /api/admin/ops/errors 
    [mobile-chrome] › e2e/admin-api-sweep.spec.ts:477:7 › Admin API route sweep (authenticated) › GET /api/admin/ops/monitor 
    [mobile-chrome] › e2e/admin-api-sweep.spec.ts:485:7 › Admin API route sweep (authenticated) › GET /api/admin/orders 
    [mobile-chrome] › e2e/admin-api-sweep.spec.ts:493:7 › Admin API route sweep (authenticated) › GET /api/admin/pending-clients 
    [mobile-chrome] › e2e/admin-api-sweep.spec.ts:501:7 › Admin API route sweep (authenticated) › GET /api/admin/pipeline/board 
    [mobile-chrome] › e2e/admin-api-sweep.spec.ts:509:7 › Admin API route sweep (authenticated) › GET /api/admin/pipeline/stats 
    [mobile-chrome] › e2e/admin-api-sweep.spec.ts:517:7 › Admin API route sweep (authenticated) › GET /api/admin/reports 
    [mobile-chrome] › e2e/admin-api-sweep.spec.ts:525:7 › Admin API route sweep (authenticated) › GET /api/admin/reports/generate 
    [mobile-chrome] › e2e/admin-api-sweep.spec.ts:533:7 › Admin API route sweep (authenticated) › GET /api/admin/subscriptions 
    [mobile-chrome] › e2e/admin-api-sweep.spec.ts:541:7 › Admin API route sweep (authenticated) › GET /api/admin/users 
    [mobile-chrome] › e2e/admin-api-sweep.spec.ts:549:7 › Admin API route sweep (authenticated) › GET /api/admin/voice-brief 
    [mobile-chrome] › e2e/admin-api-sweep.spec.ts:557:7 › Admin API route sweep (authenticated) › GET /api/admin/workspaces 
    [mobile-chrome] › e2e/admin-appflowy-cms-api.spec.ts:69:9 › Admin AppFlowy CMS APIs — unauthenticated › GET /api/admin/appflowy/case-studies rejects anon 
    [mobile-chrome] › e2e/admin-appflowy-cms-api.spec.ts:74:9 › Admin AppFlowy CMS APIs — unauthenticated › POST /api/admin/appflowy/case-studies rejects anon 
    [mobile-chrome] › e2e/admin-appflowy-cms-api.spec.ts:84:9 › Admin AppFlowy CMS APIs — unauthenticated › PATCH /api/admin/appflowy/case-studies rejects anon 
    [mobile-chrome] › e2e/admin-appflowy-cms-api.spec.ts:97:9 › Admin AppFlowy CMS APIs — unauthenticated › DELETE /api/admin/appflowy/case-studies rejects anon 
    [mobile-chrome] › e2e/admin-appflowy-cms-api.spec.ts:69:9 › Admin AppFlowy CMS APIs — unauthenticated › GET /api/admin/appflowy/faqs rejects anon 
    [mobile-chrome] › e2e/admin-appflowy-cms-api.spec.ts:74:9 › Admin AppFlowy CMS APIs — unauthenticated › POST /api/admin/appflowy/faqs rejects anon 
    [mobile-chrome] › e2e/admin-appflowy-cms-api.spec.ts:84:9 › Admin AppFlowy CMS APIs — unauthenticated › PATCH /api/admin/appflowy/faqs rejects anon 
    [mobile-chrome] › e2e/admin-appflowy-cms-api.spec.ts:97:9 › Admin AppFlowy CMS APIs — unauthenticated › DELETE /api/admin/appflowy/faqs rejects anon 
    [mobile-chrome] › e2e/admin-appflowy-cms-api.spec.ts:69:9 › Admin AppFlowy CMS APIs — unauthenticated › GET /api/admin/appflowy/services rejects anon 
    [mobile-chrome] › e2e/admin-appflowy-cms-api.spec.ts:74:9 › Admin AppFlowy CMS APIs — unauthenticated › POST /api/admin/appflowy/services rejects anon 
    [mobile-chrome] › e2e/admin-appflowy-cms-api.spec.ts:84:9 › Admin AppFlowy CMS APIs — unauthenticated › PATCH /api/admin/appflowy/services rejects anon 
    [mobile-chrome] › e2e/admin-appflowy-cms-api.spec.ts:97:9 › Admin AppFlowy CMS APIs — unauthenticated › DELETE /api/admin/appflowy/services rejects anon 
    [mobile-chrome] › e2e/admin-appflowy-cms-api.spec.ts:69:9 › Admin AppFlowy CMS APIs — unauthenticated › GET /api/admin/appflowy/testimonials rejects anon 
    [mobile-chrome] › e2e/admin-appflowy-cms-api.spec.ts:74:9 › Admin AppFlowy CMS APIs — unauthenticated › POST /api/admin/appflowy/testimonials rejects anon 
    [mobile-chrome] › e2e/admin-appflowy-cms-api.spec.ts:84:9 › Admin AppFlowy CMS APIs — unauthenticated › PATCH /api/admin/appflowy/testimonials rejects anon 
    [mobile-chrome] › e2e/admin-appflowy-cms-api.spec.ts:97:9 › Admin AppFlowy CMS APIs — unauthenticated › DELETE /api/admin/appflowy/testimonials rejects anon 
    [mobile-chrome] › e2e/admin-appflowy-cms-api.spec.ts:105:7 › Admin AppFlowy CMS APIs — unauthenticated › Bearer with garbage token still rejected 
    [mobile-chrome] › e2e/admin-appflowy-cms-api.spec.ts:116:9 › Admin AppFlowy CMS APIs — authenticated › GET /api/admin/appflowy/case-studies passes auth gate and matches shape when 200 
    [mobile-chrome] › e2e/admin-appflowy-cms-api.spec.ts:138:9 › Admin AppFlowy CMS APIs — authenticated › POST /api/admin/appflowy/case-studies rejects invalid JSON (AppFlowy admin contract) 
    [mobile-chrome] › e2e/admin-appflowy-cms-api.spec.ts:156:9 › Admin AppFlowy CMS APIs — authenticated › POST /api/admin/appflowy/case-studies rejects body missing required field (AppFlowy contract) 
    [mobile-chrome] › e2e/admin-appflowy-cms-api.spec.ts:166:9 › Admin AppFlowy CMS APIs — authenticated › PATCH /api/admin/appflowy/case-studies handles missing pageId (AppFlowy contract) 
    [mobile-chrome] › e2e/admin-appflowy-cms-api.spec.ts:178:9 › Admin AppFlowy CMS APIs — authenticated › DELETE /api/admin/appflowy/case-studies is routed to AppFlowy UI (501 expected) 
    [mobile-chrome] › e2e/admin-appflowy-cms-api.spec.ts:116:9 › Admin AppFlowy CMS APIs — authenticated › GET /api/admin/appflowy/faqs passes auth gate and matches shape when 200 
    [mobile-chrome] › e2e/admin-appflowy-cms-api.spec.ts:138:9 › Admin AppFlowy CMS APIs — authenticated › POST /api/admin/appflowy/faqs rejects invalid JSON (AppFlowy admin contract) 
    [mobile-chrome] › e2e/admin-appflowy-cms-api.spec.ts:156:9 › Admin AppFlowy CMS APIs — authenticated › POST /api/admin/appflowy/faqs rejects body missing required field (AppFlowy contract) 
    [mobile-chrome] › e2e/admin-appflowy-cms-api.spec.ts:166:9 › Admin AppFlowy CMS APIs — authenticated › PATCH /api/admin/appflowy/faqs handles missing pageId (AppFlowy contract) 
    [mobile-chrome] › e2e/admin-appflowy-cms-api.spec.ts:178:9 › Admin AppFlowy CMS APIs — authenticated › DELETE /api/admin/appflowy/faqs is routed to AppFlowy UI (501 expected) 
    [mobile-chrome] › e2e/admin-appflowy-cms-api.spec.ts:116:9 › Admin AppFlowy CMS APIs — authenticated › GET /api/admin/appflowy/services passes auth gate and matches shape when 200 
    [mobile-chrome] › e2e/admin-appflowy-cms-api.spec.ts:138:9 › Admin AppFlowy CMS APIs — authenticated › POST /api/admin/appflowy/services rejects invalid JSON (AppFlowy admin contract) 
    [mobile-chrome] › e2e/admin-appflowy-cms-api.spec.ts:156:9 › Admin AppFlowy CMS APIs — authenticated › POST /api/admin/appflowy/services rejects body missing required field (AppFlowy contract) 
    [mobile-chrome] › e2e/admin-appflowy-cms-api.spec.ts:166:9 › Admin AppFlowy CMS APIs — authenticated › PATCH /api/admin/appflowy/services handles missing pageId (AppFlowy contract) 
    [mobile-chrome] › e2e/admin-appflowy-cms-api.spec.ts:178:9 › Admin AppFlowy CMS APIs — authenticated › DELETE /api/admin/appflowy/services is routed to AppFlowy UI (501 expected) 
    [mobile-chrome] › e2e/admin-appflowy-cms-api.spec.ts:116:9 › Admin AppFlowy CMS APIs — authenticated › GET /api/admin/appflowy/testimonials passes auth gate and matches shape when 200 
    [mobile-chrome] › e2e/admin-appflowy-cms-api.spec.ts:138:9 › Admin AppFlowy CMS APIs — authenticated › POST /api/admin/appflowy/testimonials rejects invalid JSON (AppFlowy admin contract) 
    [mobile-chrome] › e2e/admin-appflowy-cms-api.spec.ts:156:9 › Admin AppFlowy CMS APIs — authenticated › POST /api/admin/appflowy/testimonials rejects body missing required field (AppFlowy contract) 
    [mobile-chrome] › e2e/admin-appflowy-cms-api.spec.ts:166:9 › Admin AppFlowy CMS APIs — authenticated › PATCH /api/admin/appflowy/testimonials handles missing pageId (AppFlowy contract) 
    [mobile-chrome] › e2e/admin-appflowy-cms-api.spec.ts:178:9 › Admin AppFlowy CMS APIs — authenticated › DELETE /api/admin/appflowy/testimonials is routed to AppFlowy UI (501 expected) 
    [mobile-chrome] › e2e/admin-client-portals.spec.ts:8:7 › Admin client-portals › unauth API GET → 401 
    [mobile-chrome] › e2e/admin-client-portals.spec.ts:13:7 › Admin client-portals › authed API GET → 200 + portals[] with health 
    [mobile-chrome] › e2e/admin-client-portals.spec.ts:23:7 › Admin client-portals › authed API POST without clientEmail → 400 
    [mobile-chrome] › e2e/admin-client-portals.spec.ts:31:7 › Admin client-portals › authed POST creates portal with default 6 steps, GET lists it 
    [mobile-chrome] › e2e/admin-client-portals.spec.ts:63:7 › Admin client-portals › page does not expose admin UI when unauth 
    [mobile-chrome] › e2e/admin-client-portals.spec.ts:75:7 › Admin client-portals › page renders with E2E admin cookie 
    [mobile-chrome] › e2e/admin-crm-api.spec.mts:58:5 › Admin CRM/Client-Portal APIs — unauthenticated › GET /api/admin/crm/contacts rejects anon 
    [mobile-chrome] › e2e/admin-crm-api.spec.mts:58:5 › Admin CRM/Client-Portal APIs — unauthenticated › GET /api/admin/crm/companies rejects anon 
    [mobile-chrome] › e2e/admin-crm-api.spec.mts:58:5 › Admin CRM/Client-Portal APIs — unauthenticated › GET /api/admin/crm/deals rejects anon 
    [mobile-chrome] › e2e/admin-crm-api.spec.mts:58:5 › Admin CRM/Client-Portal APIs — unauthenticated › GET /api/admin/client-portals rejects anon 
    [mobile-chrome] › e2e/admin-crm-api.spec.mts:69:5 › Admin CRM/Client-Portal APIs — unauthenticated POST › POST /api/admin/crm/contacts returns 405 (method not implemented) 
    [mobile-chrome] › e2e/admin-crm-api.spec.mts:69:5 › Admin CRM/Client-Portal APIs — unauthenticated POST › POST /api/admin/crm/companies returns 405 (method not implemented) 
    [mobile-chrome] › e2e/admin-crm-api.spec.mts:69:5 › Admin CRM/Client-Portal APIs — unauthenticated POST › POST /api/admin/crm/deals returns 405 (method not implemented) 
    [mobile-chrome] › e2e/admin-crm-api.spec.mts:69:5 › Admin CRM/Client-Portal APIs — unauthenticated POST › POST /api/admin/client-portals returns 405 (method not implemented) 
    [mobile-chrome] › e2e/admin-crm-api.spec.mts:83:5 › Admin CRM/Client-Portal APIs — authenticated › GET /api/admin/crm/contacts responds non-5xx or 401 (auth checked) 
    [mobile-chrome] › e2e/admin-crm-api.spec.mts:83:5 › Admin CRM/Client-Portal APIs — authenticated › GET /api/admin/crm/companies responds non-5xx or 401 (auth checked) 
    [mobile-chrome] › e2e/admin-crm-api.spec.mts:83:5 › Admin CRM/Client-Portal APIs — authenticated › GET /api/admin/crm/deals responds non-5xx or 401 (auth checked) 
    [mobile-chrome] › e2e/admin-crm-api.spec.mts:83:5 › Admin CRM/Client-Portal APIs — authenticated › GET /api/admin/client-portals responds non-5xx or 401 (auth checked) 
    [mobile-chrome] › e2e/admin-ops-baseline-deep.spec.ts:32:9 › ops-baseline: auth gate consistency (unauthenticated) › GET /api/admin/users returns 401 without admin token 
    [mobile-chrome] › e2e/admin-ops-baseline-deep.spec.ts:32:9 › ops-baseline: auth gate consistency (unauthenticated) › GET /api/admin/integrations/status returns 401 without admin token 
    [mobile-chrome] › e2e/admin-ops-baseline-deep.spec.ts:32:9 › ops-baseline: auth gate consistency (unauthenticated) › GET /api/admin/notifications returns 401 without admin token 
    [mobile-chrome] › e2e/admin-ops-baseline-deep.spec.ts:32:9 › ops-baseline: auth gate consistency (unauthenticated) › GET /api/admin/workspaces returns 401 without admin token 
    [mobile-chrome] › e2e/admin-ops-baseline-deep.spec.ts:38:7 › ops-baseline: auth gate consistency (unauthenticated) › POST /api/admin/cache returns 401 without admin token 
    [mobile-chrome] › e2e/admin-ops-baseline-deep.spec.ts:45:7 › ops-baseline: method gating › GET /api/admin/cache is rejected (POST-only by design) 
    [mobile-chrome] › e2e/admin-ops-baseline-deep.spec.ts:55:7 › ops-baseline: authenticated reads return documented shapes › GET /api/admin/users returns { users, provider, ... } 
    [mobile-chrome] › e2e/admin-ops-baseline-deep.spec.ts:68:7 › ops-baseline: authenticated reads return documented shapes › GET /api/admin/integrations/status returns { integrations, summary, checkedAt } 
    [mobile-chrome] › e2e/admin-ops-baseline-deep.spec.ts:81:7 › ops-baseline: authenticated reads return documented shapes › GET /api/admin/notifications returns { notifications: [] } 
    [mobile-chrome] › e2e/admin-ops-baseline-deep.spec.ts:92:7 › ops-baseline: authenticated reads return documented shapes › GET /api/admin/workspaces returns { workspaces: [] } 
    [mobile-chrome] › e2e/admin-ops-baseline-deep.spec.ts:105:7 › ops-baseline: write-side methods accept admin-token › POST /api/admin/cache without body clears all (auth-only) 
    [mobile-chrome] › e2e/admin-ops-baseline-deep.spec.ts:114:7 › ops-baseline: write-side methods accept admin-token › PATCH /api/admin/notifications accepts admin-token 
    [mobile-chrome] › e2e/admin-ops-baseline-deep.spec.ts:120:7 › ops-baseline: write-side methods accept admin-token › POST /api/admin/workspaces with empty body returns 4xx (validation) 
    [mobile-chrome] › e2e/admin-ops-baseline-deep.spec.ts:127:7 › ops-baseline: write-side methods accept admin-token › POST /api/admin/users with empty body returns 4xx (validation) 
    [mobile-chrome] › e2e/admin-ops-baseline-deep.spec.ts:136:7 › ops-baseline: integration-status ping budget › GET /api/admin/integrations/status resolves in under 30s 
    [mobile-chrome] › e2e/admin-pages-deep.spec.mts:38:5 › Admin unauthenticated › unauth /en/admin — does not expose admin content 
    [mobile-chrome] › e2e/admin-pages-gaps-sweep.spec.ts:50:9 › Admin page gap sweep (cookie-authenticated) › /en/admin/ai-generator loads with h1/h2 and no 5xx 
    [mobile-chrome] › e2e/admin-pages-gaps-sweep.spec.ts:50:9 › Admin page gap sweep (cookie-authenticated) › /en/admin/analytics/seo loads with h1/h2 and no 5xx 
    [mobile-chrome] › e2e/admin-pages-gaps-sweep.spec.ts:50:9 › Admin page gap sweep (cookie-authenticated) › /en/admin/campaigns/meta loads with h1/h2 and no 5xx 
    [mobile-chrome] › e2e/admin-pages-gaps-sweep.spec.ts:50:9 › Admin page gap sweep (cookie-authenticated) › /en/admin/cms/case-studies loads with h1/h2 and no 5xx 
    [mobile-chrome] › e2e/admin-pages-gaps-sweep.spec.ts:50:9 › Admin page gap sweep (cookie-authenticated) › /en/admin/cms/faqs loads with h1/h2 and no 5xx 
    [mobile-chrome] › e2e/admin-pages-gaps-sweep.spec.ts:50:9 › Admin page gap sweep (cookie-authenticated) › /en/admin/cms/services loads with h1/h2 and no 5xx 
    [mobile-chrome] › e2e/admin-pages-gaps-sweep.spec.ts:50:9 › Admin page gap sweep (cookie-authenticated) › /en/admin/cms/testimonials loads with h1/h2 and no 5xx 
    [mobile-chrome] › e2e/admin-pages-gaps-sweep.spec.ts:50:9 › Admin page gap sweep (cookie-authenticated) › /en/admin/email/campaigns loads with h1/h2 and no 5xx 
    [mobile-chrome] › e2e/admin-pages-gaps-sweep.spec.ts:50:9 › Admin page gap sweep (cookie-authenticated) › /en/admin/leads loads with h1/h2 and no 5xx 
    [mobile-chrome] › e2e/admin-pages-gaps-sweep.spec.ts:50:9 › Admin page gap sweep (cookie-authenticated) › /en/admin/reports/sample-report-id loads with h1/h2 and no 5xx 
    [mobile-chrome] › e2e/admin-pages-sweep.spec.ts:10:7 › Admin page sweep (cookie-authenticated) › /en/admin loads with h1/h2 and no console errors 
    [mobile-chrome] › e2e/admin-pages-sweep.spec.ts:20:7 › Admin page sweep (cookie-authenticated) › /en/admin/ab-tests loads with h1/h2 and no console errors 
    [mobile-chrome] › e2e/admin-pages-sweep.spec.ts:30:7 › Admin page sweep (cookie-authenticated) › /en/admin/ai-assistant loads with h1/h2 and no console errors 
    [mobile-chrome] › e2e/admin-pages-sweep.spec.ts:40:7 › Admin page sweep (cookie-authenticated) › /en/admin/analytics loads with h1/h2 and no console errors 
    [mobile-chrome] › e2e/admin-pages-sweep.spec.ts:50:7 › Admin page sweep (cookie-authenticated) › /en/admin/analytics/unified loads with h1/h2 and no console errors 
    [mobile-chrome] › e2e/admin-pages-sweep.spec.ts:60:7 › Admin page sweep (cookie-authenticated) › /en/admin/blog loads with h1/h2 and no console errors 
    [mobile-chrome] › e2e/admin-pages-sweep.spec.ts:70:7 › Admin page sweep (cookie-authenticated) › /en/admin/calendar loads with h1/h2 and no console errors 
    [mobile-chrome] › e2e/admin-pages-sweep.spec.ts:80:7 › Admin page sweep (cookie-authenticated) › /en/admin/campaigns loads with h1/h2 and no console errors 
    [mobile-chrome] › e2e/admin-pages-sweep.spec.ts:90:7 › Admin page sweep (cookie-authenticated) › /en/admin/campaigns/google loads with h1/h2 and no console errors 
    [mobile-chrome] › e2e/admin-pages-sweep.spec.ts:100:7 › Admin page sweep (cookie-authenticated) › /en/admin/campaigns/linkedin loads with h1/h2 and no console errors 
    [mobile-chrome] › e2e/admin-pages-sweep.spec.ts:110:7 › Admin page sweep (cookie-authenticated) › /en/admin/campaigns/tiktok loads with h1/h2 and no console errors 
    [mobile-chrome] › e2e/admin-pages-sweep.spec.ts:120:7 › Admin page sweep (cookie-authenticated) › /en/admin/campaigns/x loads with h1/h2 and no console errors 
    [mobile-chrome] › e2e/admin-pages-sweep.spec.ts:130:7 › Admin page sweep (cookie-authenticated) › /en/admin/client-portals loads with h1/h2 and no console errors 
    [mobile-chrome] › e2e/admin-pages-sweep.spec.ts:140:7 › Admin page sweep (cookie-authenticated) › /en/admin/crm loads with h1/h2 and no console errors 
    [mobile-chrome] › e2e/admin-pages-sweep.spec.ts:150:7 › Admin page sweep (cookie-authenticated) › /en/admin/crm/companies loads with h1/h2 and no console errors 
    [mobile-chrome] › e2e/admin-pages-sweep.spec.ts:160:7 › Admin page sweep (cookie-authenticated) › /en/admin/crm/tickets loads with h1/h2 and no console errors 
    [mobile-chrome] › e2e/admin-pages-sweep.spec.ts:170:7 › Admin page sweep (cookie-authenticated) › /en/admin/docs loads with h1/h2 and no console errors 
    [mobile-chrome] › e2e/admin-pages-sweep.spec.ts:180:7 › Admin page sweep (cookie-authenticated) › /en/admin/email loads with h1/h2 and no console errors 
    [mobile-chrome] › e2e/admin-pages-sweep.spec.ts:190:7 › Admin page sweep (cookie-authenticated) › /en/admin/errors loads with h1/h2 and no console errors 
    [mobile-chrome] › e2e/admin-pages-sweep.spec.ts:200:7 › Admin page sweep (cookie-authenticated) › /en/admin/esp32 loads with h1/h2 and no console errors 
    [mobile-chrome] › e2e/admin-pages-sweep.spec.ts:210:7 › Admin page sweep (cookie-authenticated) › /en/admin/esp32-manager loads with h1/h2 and no console errors 
    [mobile-chrome] › e2e/admin-pages-sweep.spec.ts:220:7 › Admin page sweep (cookie-authenticated) › /en/admin/hubspot loads with h1/h2 and no console errors 
    [mobile-chrome] › e2e/admin-pages-sweep.spec.ts:230:7 › Admin page sweep (cookie-authenticated) › /en/admin/integrations loads with h1/h2 and no console errors 
    [mobile-chrome] › e2e/admin-pages-sweep.spec.ts:240:7 › Admin page sweep (cookie-authenticated) › /en/admin/kpi loads with h1/h2 and no console errors 
    [mobile-chrome] › e2e/admin-pages-sweep.spec.ts:250:7 › Admin page sweep (cookie-authenticated) › /en/admin/monitor loads with h1/h2 and no console errors 
    [mobile-chrome] › e2e/admin-pages-sweep.spec.ts:260:7 › Admin page sweep (cookie-authenticated) › /en/admin/notifications loads with h1/h2 and no console errors 
    [mobile-chrome] › e2e/admin-pages-sweep.spec.ts:270:7 › Admin page sweep (cookie-authenticated) › /en/admin/notion loads with h1/h2 and no console errors 
    [mobile-chrome] › e2e/admin-pages-sweep.spec.ts:280:7 › Admin page sweep (cookie-authenticated) › /en/admin/notion/analytics loads with h1/h2 and no console errors 
    [mobile-chrome] › e2e/admin-pages-sweep.spec.ts:290:7 › Admin page sweep (cookie-authenticated) › /en/admin/notion/projects loads with h1/h2 and no console errors 
    [mobile-chrome] › e2e/admin-pages-sweep.spec.ts:300:7 › Admin page sweep (cookie-authenticated) › /en/admin/notion/status loads with h1/h2 and no console errors 
    [mobile-chrome] › e2e/admin-pages-sweep.spec.ts:310:7 › Admin page sweep (cookie-authenticated) › /en/admin/notion/submissions loads with h1/h2 and no console errors 
    [mobile-chrome] › e2e/admin-pages-sweep.spec.ts:320:7 › Admin page sweep (cookie-authenticated) › /en/admin/notion/tasks loads with h1/h2 and no console errors 
    [mobile-chrome] › e2e/admin-pages-sweep.spec.ts:330:7 › Admin page sweep (cookie-authenticated) › /en/admin/orders loads with h1/h2 and no console errors 
    [mobile-chrome] › e2e/admin-pages-sweep.spec.ts:340:7 › Admin page sweep (cookie-authenticated) › /en/admin/pipeline loads with h1/h2 and no console errors 
    [mobile-chrome] › e2e/admin-pages-sweep.spec.ts:350:7 › Admin page sweep (cookie-authenticated) › /en/admin/projects loads with h1/h2 and no console errors 
    [mobile-chrome] › e2e/admin-pages-sweep.spec.ts:360:7 › Admin page sweep (cookie-authenticated) › /en/admin/reports loads with h1/h2 and no console errors 
    [mobile-chrome] › e2e/admin-pages-sweep.spec.ts:370:7 › Admin page sweep (cookie-authenticated) › /en/admin/settings loads with h1/h2 and no console errors 
    [mobile-chrome] › e2e/admin-pages-sweep.spec.ts:380:7 › Admin page sweep (cookie-authenticated) › /en/admin/subscriptions loads with h1/h2 and no console errors 
    [mobile-chrome] › e2e/admin-pages-sweep.spec.ts:390:7 › Admin page sweep (cookie-authenticated) › /en/admin/users loads with h1/h2 and no console errors 
    [mobile-chrome] › e2e/admin-pages-sweep.spec.ts:400:7 › Admin page sweep (cookie-authenticated) › /en/admin/voice-brief loads with h1/h2 and no console errors 
    [mobile-chrome] › e2e/admin-pages-sweep.spec.ts:410:7 › Admin page sweep (cookie-authenticated) › /en/admin/workspaces loads with h1/h2 and no console errors 
    [mobile-chrome] › e2e/admin-workspaces.spec.ts:8:7 › Admin workspaces › unauth API GET → 401 ───
    [mobile-chrome] › e2e/admin-workspaces.spec.ts:13:7 › Admin workspaces › authed API GET → 200 + workspaces array 
    [mobile-chrome] › e2e/admin-workspaces.spec.ts:20:7 › Admin workspaces › authed API POST without name → 400 
    [mobile-chrome] › e2e/admin-workspaces.spec.ts:28:7 › Admin workspaces › authed API POST creates workspace + GET lists it 
    [mobile-chrome] › e2e/admin-workspaces.spec.ts:47:7 › Admin workspaces › page does not expose admin UI when unauth 
    [mobile-chrome] › e2e/admin-workspaces.spec.ts:55:7 › Admin workspaces › page renders with E2E admin cookie 
    [mobile-chrome] › e2e/api/admin-api-comprehensive.spec.ts:19:9 › Admin API - Comprehensive Testing › Authentication Requirements › should reject unauthenticated requests to admin endpoints 
    [mobile-chrome] › e2e/api/admin-api-comprehensive.spec.ts:32:9 › Admin API - Comprehensive Testing › AB Tests Endpoint › should return AB tests data when authenticated 
    [mobile-chrome] › e2e/api/admin-api-comprehensive.spec.ts:50:9 › Admin API - Comprehensive Testing › AB Tests Endpoint › should handle invalid AB test ID gracefully 
    [mobile-chrome] › e2e/api/admin-api-comprehensive.spec.ts:63:9 › Admin API - Comprehensive Testing › AI Analytics Orchestration Endpoint › should return analytics orchestration data 
    [mobile-chrome] › e2e/api/admin-api-comprehensive.spec.ts:75:9 › Admin API - Comprehensive Testing › AI Analytics Orchestration Endpoint › should handle PDF generation request 
    [mobile-chrome] › e2e/api/admin-api-comprehensive.spec.ts:90:9 › Admin API - Comprehensive Testing › AI Audience Endpoint › should return audience data 
    [mobile-chrome] › e2e/api/admin-api-comprehensive.spec.ts:109:9 › Admin API - Comprehensive Testing › AI Campaign Endpoint › should accept campaign creation data 
    [mobile-chrome] › e2e/api/admin-api-comprehensive.spec.ts:130:9 › Admin API - Comprehensive Testing › AI Copy Endpoint › should return copy generation data 
    [mobile-chrome] › e2e/api/admin-api-comprehensive.spec.ts:149:9 › Admin API - Comprehensive Testing › AI Copy Endpoint › should accept copy generation request 
    [mobile-chrome] › e2e/api/admin-api-comprehensive.spec.ts:183:11 › Admin API - Comprehensive Testing › Analytics Endpoints › should return data for /api/admin/analytics/devices 
    [mobile-chrome] › e2e/api/admin-api-comprehensive.spec.ts:183:11 › Admin API - Comprehensive Testing › Analytics Endpoints › should return data for /api/admin/analytics/products 
    [mobile-chrome] › e2e/api/admin-api-comprehensive.spec.ts:183:11 › Admin API - Comprehensive Testing › Analytics Endpoints › should return data for /api/admin/analytics/pages 
    [mobile-chrome] › e2e/api/admin-api-comprehensive.spec.ts:183:11 › Admin API - Comprehensive Testing › Analytics Endpoints › should return data for /api/admin/analytics/query-pages 
    [mobile-chrome] › e2e/api/admin-api-comprehensive.spec.ts:183:11 › Admin API - Comprehensive Testing › Analytics Endpoints › should return data for /api/admin/analytics/search-intent 
    [mobile-chrome] › e2e/api/admin-api-comprehensive.spec.ts:183:11 › Admin API - Comprehensive Testing › Analytics Endpoints › should return data for /api/admin/analytics/seo 
    [mobile-chrome] › e2e/api/admin-api-comprehensive.spec.ts:183:11 › Admin API - Comprehensive Testing › Analytics Endpoints › should return data for /api/admin/analytics/countries 
    [mobile-chrome] › e2e/api/admin-api-comprehensive.spec.ts:203:11 › Admin API - Comprehensive Testing › Analytics Endpoints › should return data for /api/admin/analytics/history 
    [mobile-chrome] › e2e/api/admin-api-comprehensive.spec.ts:203:11 › Admin API - Comprehensive Testing › Analytics Endpoints › should return data for /api/admin/analytics/keywords 
    [mobile-chrome] › e2e/api/admin-api-comprehensive.spec.ts:203:11 › Admin API - Comprehensive Testing › Analytics Endpoints › should return data for /api/admin/analytics/unified 
    [mobile-chrome] › e2e/api/admin-api-comprehensive.spec.ts:203:11 › Admin API - Comprehensive Testing › Analytics Endpoints › should return data for /api/admin/analytics/web 
    [mobile-chrome] › e2e/api/admin-api-comprehensive.spec.ts:217:9 › Admin API - Comprehensive Testing › Cache Endpoint › should return cache statistics 
    [mobile-chrome] › e2e/api/admin-api-comprehensive.spec.ts:227:9 › Admin API - Comprehensive Testing › Cache Endpoint › should accept cache clear request 
    [mobile-chrome] › e2e/api/admin-api-comprehensive.spec.ts:240:9 › Admin API - Comprehensive Testing › Calendar Endpoint › should return calendar data 
    [mobile-chrome] › e2e/api/admin-api-comprehensive.spec.ts:249:9 › Admin API - Comprehensive Testing › Calendar Endpoint › should accept calendar event creation 
    [mobile-chrome] › e2e/api/admin-api-comprehensive.spec.ts:279:11 › Admin API - Comprehensive Testing › CRM Endpoints › should return data for /api/admin/crm/companies 
    [mobile-chrome] › e2e/api/admin-api-comprehensive.spec.ts:279:11 › Admin API - Comprehensive Testing › CRM Endpoints › should return data for /api/admin/crm/contacts 
    [mobile-chrome] › e2e/api/admin-api-comprehensive.spec.ts:279:11 › Admin API - Comprehensive Testing › CRM Endpoints › should return data for /api/admin/crm/deals 
    [mobile-chrome] › e2e/api/admin-api-comprehensive.spec.ts:279:11 › Admin API - Comprehensive Testing › CRM Endpoints › should return data for /api/admin/crm/owners 
    [mobile-chrome] › e2e/api/admin-api-comprehensive.spec.ts:279:11 › Admin API - Comprehensive Testing › CRM Endpoints › should return data for /api/admin/crm/pipelines 
    [mobile-chrome] › e2e/api/admin-api-comprehensive.spec.ts:279:11 › Admin API - Comprehensive Testing › CRM Endpoints › should return data for /api/admin/crm/tickets 
    [mobile-chrome] › e2e/api/admin-api-comprehensive.spec.ts:302:11 › Admin API - Comprehensive Testing › Email Endpoints › should return data for /api/admin/email/automations 
    [mobile-chrome] › e2e/api/admin-api-comprehensive.spec.ts:302:11 › Admin API - Comprehensive Testing › Email Endpoints › should return data for /api/admin/email/campaigns 
    [mobile-chrome] › e2e/api/admin-api-comprehensive.spec.ts:302:11 › Admin API - Comprehensive Testing › Email Endpoints › should return data for /api/admin/email/contacts 
    [mobile-chrome] › e2e/api/admin-api-comprehensive.spec.ts:302:11 › Admin API - Comprehensive Testing › Email Endpoints › should return data for /api/admin/email/lists 
    [mobile-chrome] › e2e/api/admin-api-comprehensive.spec.ts:302:11 › Admin API - Comprehensive Testing › Email Endpoints › should return data for /api/admin/email/stats 
    [mobile-chrome] › e2e/api/admin-api-comprehensive.spec.ts:313:9 › Admin API - Comprehensive Testing › Email Endpoints › should accept email campaign creation 
    [mobile-chrome] › e2e/api/admin-api-comprehensive.spec.ts:334:9 › Admin API - Comprehensive Testing › Integrations Endpoint › should return integrations status 
    [mobile-chrome] › e2e/api/admin-api-comprehensive.spec.ts:346:9 › Admin API - Comprehensive Testing › KPI Endpoint › should return KPI data 
    [mobile-chrome] › e2e/api/admin-api-comprehensive.spec.ts:371:11 › Admin API - Comprehensive Testing › Notion Endpoints › should return data for /api/admin/notion/analytics 
    [mobile-chrome] › e2e/api/admin-api-comprehensive.spec.ts:371:11 › Admin API - Comprehensive Testing › Notion Endpoints › should return data for /api/admin/notion/blog 
    [mobile-chrome] › e2e/api/admin-api-comprehensive.spec.ts:371:11 › Admin API - Comprehensive Testing › Notion Endpoints › should return data for /api/admin/notion/comments 
    [mobile-chrome] › e2e/api/admin-api-comprehensive.spec.ts:371:11 › Admin API - Comprehensive Testing › Notion Endpoints › should return data for /api/admin/notion/docs 
    [mobile-chrome] › e2e/api/admin-api-comprehensive.spec.ts:371:11 › Admin API - Comprehensive Testing › Notion Endpoints › should return data for /api/admin/notion/projects 
    [mobile-chrome] › e2e/api/admin-api-comprehensive.spec.ts:371:11 › Admin API - Comprehensive Testing › Notion Endpoints › should return data for /api/admin/notion/search 
    [mobile-chrome] › e2e/api/admin-api-comprehensive.spec.ts:371:11 › Admin API - Comprehensive Testing › Notion Endpoints › should return data for /api/admin/notion/status 
    [mobile-chrome] › e2e/api/admin-api-comprehensive.spec.ts:371:11 › Admin API - Comprehensive Testing › Notion Endpoints › should return data for /api/admin/notion/submissions 
    [mobile-chrome] › e2e/api/admin-api-comprehensive.spec.ts:371:11 › Admin API - Comprehensive Testing › Notion Endpoints › should return data for /api/admin/notion/tasks 
    [mobile-chrome] › e2e/api/admin-api-comprehensive.spec.ts:391:11 › Admin API - Comprehensive Testing › Operations Endpoints › should return data for /api/admin/ops/errors 
    [mobile-chrome] › e2e/api/admin-api-comprehensive.spec.ts:391:11 › Admin API - Comprehensive Testing › Operations Endpoints › should return data for /api/admin/ops/monitor 
    [mobile-chrome] › e2e/api/admin-api-comprehensive.spec.ts:402:9 › Admin API - Comprehensive Testing › Operations Endpoints › should accept error reporting 
    [mobile-chrome] › e2e/api/admin-api-comprehensive.spec.ts:422:9 › Admin API - Comprehensive Testing › Orders Endpoint › should return orders data 
    [mobile-chrome] › e2e/api/admin-api-comprehensive.spec.ts:440:11 › Admin API - Comprehensive Testing › Pipeline Endpoints › should return data for /api/admin/pipeline/board 
    [mobile-chrome] › e2e/api/admin-api-comprehensive.spec.ts:440:11 › Admin API - Comprehensive Testing › Pipeline Endpoints › should return data for /api/admin/pipeline/stats 
    [mobile-chrome] › e2e/api/admin-api-comprehensive.spec.ts:450:9 › Admin API - Comprehensive Testing › Pipeline Endpoints › should accept pipeline card creation 
    [mobile-chrome] › e2e/api/admin-api-comprehensive.spec.ts:470:9 › Admin API - Comprehensive Testing › Pending Clients Endpoint › should return pending clients data 
    [mobile-chrome] › e2e/api/admin-api-comprehensive.spec.ts:488:11 › Admin API - Comprehensive Testing › Reports Endpoints › should return data for /api/admin/reports 
    [mobile-chrome] › e2e/api/admin-api-comprehensive.spec.ts:488:11 › Admin API - Comprehensive Testing › Reports Endpoints › should return data for /api/admin/reports/generate 
    [mobile-chrome] › e2e/api/admin-api-comprehensive.spec.ts:498:9 › Admin API - Comprehensive Testing › Reports Endpoints › should accept report generation request 
    [mobile-chrome] › e2e/api/admin-api-comprehensive.spec.ts:520:9 › Admin API - Comprehensive Testing › Subscriptions Endpoint › should return subscriptions data 
    [mobile-chrome] › e2e/api/admin-api-comprehensive.spec.ts:532:9 › Admin API - Comprehensive Testing › Users Endpoint › should return users data 
    [mobile-chrome] › e2e/api/admin-api-comprehensive.spec.ts:541:9 › Admin API - Comprehensive Testing › Users Endpoint › should accept user creation 
    [mobile-chrome] › e2e/api/admin-api-comprehensive.spec.ts:561:9 › Admin API - Comprehensive Testing › Workspaces Endpoint › should return workspaces data 
    [mobile-chrome] › e2e/api/admin-api-comprehensive.spec.ts:573:9 › Admin API - Comprehensive Testing › Voice Brief Endpoint › should return voice brief data 
    [mobile-chrome] › e2e/api/admin-api-comprehensive.spec.ts:598:11 › Admin API - Comprehensive Testing › Analytics Submodules › should return data for /api/admin/analytics/ctr-opportunities 
    [mobile-chrome] › e2e/api/admin-api-comprehensive.spec.ts:598:11 › Admin API - Comprehensive Testing › Analytics Submodules › should return data for /api/admin/analytics/datalake 
    [mobile-chrome] › e2e/api/admin-api-comprehensive.spec.ts:598:11 › Admin API - Comprehensive Testing › Analytics Submodules › should return data for /api/admin/analytics/gsc-archive 
    [mobile-chrome] › e2e/api/admin-api-comprehensive.spec.ts:598:11 › Admin API - Comprehensive Testing › Analytics Submodules › should return data for /api/admin/analytics/lake-catalog 
    [mobile-chrome] › e2e/api/admin-api-comprehensive.spec.ts:598:11 › Admin API - Comprehensive Testing › Analytics Submodules › should return data for /api/admin/analytics/lake-parquet 
    [mobile-chrome] › e2e/api/admin-api-comprehensive.spec.ts:598:11 › Admin API - Comprehensive Testing › Analytics Submodules › should return data for /api/admin/analytics/roi 
    [mobile-chrome] › e2e/api/admin-api-comprehensive.spec.ts:598:11 › Admin API - Comprehensive Testing › Analytics Submodules › should return data for /api/admin/analytics/search-funnel 
    [mobile-chrome] › e2e/api/admin-api-comprehensive.spec.ts:598:11 › Admin API - Comprehensive Testing › Analytics Submodules › should return data for /api/admin/analytics/workspaces 
    [mobile-chrome] › e2e/api/admin-api-comprehensive.spec.ts:598:11 › Admin API - Comprehensive Testing › Analytics Submodules › should return data for /api/admin/analytics/workspaces/[id] 
    [mobile-chrome] › e2e/api/admin-api-comprehensive.spec.ts:630:11 › Admin API - Comprehensive Testing › Appflowy Submodules › should return data for /api/admin/appflowy/analytics 
    [mobile-chrome] › e2e/api/admin-api-comprehensive.spec.ts:630:11 › Admin API - Comprehensive Testing › Appflowy Submodules › should return data for /api/admin/appflowy/blog 
    [mobile-chrome] › e2e/api/admin-api-comprehensive.spec.ts:630:11 › Admin API - Comprehensive Testing › Appflowy Submodules › should return data for /api/admin/appflowy/case-studies 
    [mobile-chrome] › e2e/api/admin-api-comprehensive.spec.ts:630:11 › Admin API - Comprehensive Testing › Appflowy Submodules › should return data for /api/admin/appflowy/docs 
    [mobile-chrome] › e2e/api/admin-api-comprehensive.spec.ts:630:11 › Admin API - Comprehensive Testing › Appflowy Submodules › should return data for /api/admin/appflowy/faqs 
    [mobile-chrome] › e2e/api/admin-api-comprehensive.spec.ts:630:11 › Admin API - Comprehensive Testing › Appflowy Submodules › should return data for /api/admin/appflowy/projects 
    [mobile-chrome] › e2e/api/admin-api-comprehensive.spec.ts:630:11 › Admin API - Comprehensive Testing › Appflowy Submodules › should return data for /api/admin/appflowy/search 
    [mobile-chrome] › e2e/api/admin-api-comprehensive.spec.ts:630:11 › Admin API - Comprehensive Testing › Appflowy Submodules › should return data for /api/admin/appflowy/services 
    [mobile-chrome] › e2e/api/admin-api-comprehensive.spec.ts:630:11 › Admin API - Comprehensive Testing › Appflowy Submodules › should return data for /api/admin/appflowy/status 
    [mobile-chrome] › e2e/api/admin-api-comprehensive.spec.ts:630:11 › Admin API - Comprehensive Testing › Appflowy Submodules › should return data for /api/admin/appflowy/submissions 
    [mobile-chrome] › e2e/api/admin-api-comprehensive.spec.ts:630:11 › Admin API - Comprehensive Testing › Appflowy Submodules › should return data for /api/admin/appflowy/tasks 
    [mobile-chrome] › e2e/api/admin-api-comprehensive.spec.ts:630:11 › Admin API - Comprehensive Testing › Appflowy Submodules › should return data for /api/admin/appflowy/testimonials 
    [mobile-chrome] › e2e/api/admin-api-comprehensive.spec.ts:661:11 › Admin API - Comprehensive Testing › Campaigns Submodules › should return data for /api/admin/campaigns/crm-leads 
    [mobile-chrome] › e2e/api/admin-api-comprehensive.spec.ts:661:11 › Admin API - Comprehensive Testing › Campaigns Submodules › should return data for /api/admin/campaigns/google 
    [mobile-chrome] › e2e/api/admin-api-comprehensive.spec.ts:661:11 › Admin API - Comprehensive Testing › Campaigns Submodules › should return data for /api/admin/campaigns/google/insights 
    [mobile-chrome] › e2e/api/admin-api-comprehensive.spec.ts:661:11 › Admin API - Comprehensive Testing › Campaigns Submodules › should return data for /api/admin/campaigns/linkedin 
    [mobile-chrome] › e2e/api/admin-api-comprehensive.spec.ts:661:11 › Admin API - Comprehensive Testing › Campaigns Submodules › should return data for /api/admin/campaigns/linkedin/insights 
    [mobile-chrome] › e2e/api/admin-api-comprehensive.spec.ts:661:11 › Admin API - Comprehensive Testing › Campaigns Submodules › should return data for /api/admin/campaigns/meta 
    [mobile-chrome] › e2e/api/admin-api-comprehensive.spec.ts:661:11 › Admin API - Comprehensive Testing › Campaigns Submodules › should return data for /api/admin/campaigns/meta/insights 
    [mobile-chrome] › e2e/api/admin-api-comprehensive.spec.ts:661:11 › Admin API - Comprehensive Testing › Campaigns Submodules › should return data for /api/admin/campaigns/tiktok 
    [mobile-chrome] › e2e/api/admin-api-comprehensive.spec.ts:661:11 › Admin API - Comprehensive Testing › Campaigns Submodules › should return data for /api/admin/campaigns/tiktok/insights 
    [mobile-chrome] › e2e/api/admin-api-comprehensive.spec.ts:661:11 › Admin API - Comprehensive Testing › Campaigns Submodules › should return data for /api/admin/campaigns/x 
    [mobile-chrome] › e2e/api/admin-api-comprehensive.spec.ts:661:11 › Admin API - Comprehensive Testing › Campaigns Submodules › should return data for /api/admin/campaigns/x/insights 
    [mobile-chrome] › e2e/api/admin-api-comprehensive.spec.ts:681:11 › Admin API - Comprehensive Testing › Calendar Submodules › should return data for /api/admin/calendar/[id] 
    [mobile-chrome] › e2e/api/admin-api-comprehensive.spec.ts:681:11 › Admin API - Comprehensive Testing › Calendar Submodules › should return data for /api/admin/calendar/[id]/publish 
    [mobile-chrome] › e2e/api/admin-api-comprehensive.spec.ts:681:11 › Admin API - Comprehensive Testing › Calendar Submodules › should return data for /api/admin/calendar/create 
    [mobile-chrome] › e2e/api/admin-api-comprehensive.spec.ts:704:11 › Admin API - Comprehensive Testing › Cluster Submodules › should return data for /api/admin/cluster/kuma-status 
    [mobile-chrome] › e2e/api/admin-api-comprehensive.spec.ts:704:11 › Admin API - Comprehensive Testing › Cluster Submodules › should return data for /api/admin/cluster/mqtt-status 
    [mobile-chrome] › e2e/api/admin-api-comprehensive.spec.ts:704:11 › Admin API - Comprehensive Testing › Cluster Submodules › should return data for /api/admin/cluster/watchdogs 
    [mobile-chrome] › e2e/api/admin-api-comprehensive.spec.ts:717:9 › Admin API - Comprehensive Testing › Cost Endpoint › should return cost data 
    [mobile-chrome] › e2e/api/admin-api-comprehensive.spec.ts:734:11 › Admin API - Comprehensive Testing › ESP32 Submodules › should return data for /api/admin/esp32/notion-sync 
    [mobile-chrome] › e2e/api/admin-api-comprehensive.spec.ts:755:11 › Admin API - Comprehensive Testing › Grafana Submodules › should return data for /api/admin/grafana/dashboards 
    [mobile-chrome] › e2e/api/admin-api-comprehensive.spec.ts:755:11 › Admin API - Comprehensive Testing › Grafana Submodules › should return data for /api/admin/grafana/datasources 
    [mobile-chrome] › e2e/api/admin-api-comprehensive.spec.ts:755:11 › Admin API - Comprehensive Testing › Grafana Submodules › should return data for /api/admin/grafana/health 
    [mobile-chrome] › e2e/api/admin-api-comprehensive.spec.ts:755:11 › Admin API - Comprehensive Testing › Grafana Submodules › should return data for /api/admin/grafana/prometheus 
    [mobile-chrome] › e2e/api/admin-api-comprehensive.spec.ts:769:9 › Admin API - Comprehensive Testing › Integrations Submodules › should handle integrations webhook 
    [mobile-chrome] › e2e/api/admin-api-comprehensive.spec.ts:781:9 › Admin API - Comprehensive Testing › Leads Endpoint › should return leads data 
    [mobile-chrome] › e2e/api/admin-api-comprehensive.spec.ts:793:9 › Admin API - Comprehensive Testing › LinkedIn Cap Endpoint › should return linkedin cap data 
    [mobile-chrome] › e2e/api/admin-api-comprehensive.spec.ts:813:11 › Admin API - Comprehensive Testing › N8N Submodules › should return data for /api/admin/n8n/executions 
    [mobile-chrome] › e2e/api/admin-api-comprehensive.spec.ts:813:11 › Admin API - Comprehensive Testing › N8N Submodules › should return data for /api/admin/n8n/health 
    [mobile-chrome] › e2e/api/admin-api-comprehensive.spec.ts:813:11 › Admin API - Comprehensive Testing › N8N Submodules › should return data for /api/admin/n8n/workflows 
    [mobile-chrome] › e2e/api/admin-api-comprehensive.spec.ts:813:11 › Admin API - Comprehensive Testing › N8N Submodules › should return data for /api/admin/n8n/workflows/[id]/trigger 
    [mobile-chrome] › e2e/api/admin-api-comprehensive.spec.ts:835:11 › Admin API - Comprehensive Testing › Notifications Submodules › should return data for /api/admin/notifications/analytics 
    [mobile-chrome] › e2e/api/admin-api-comprehensive.spec.ts:835:11 › Admin API - Comprehensive Testing › Notifications Submodules › should return data for /api/admin/notifications/test 
    [mobile-chrome] › e2e/api/admin-api-comprehensive.spec.ts:866:11 › Admin API - Comprehensive Testing › Notion Submodules (Additional) › should return data for /api/admin/notion/analytics 
    [mobile-chrome] › e2e/api/admin-api-comprehensive.spec.ts:866:11 › Admin API - Comprehensive Testing › Notion Submodules (Additional) › should return data for /api/admin/notion/blog 
    [mobile-chrome] › e2e/api/admin-api-comprehensive.spec.ts:866:11 › Admin API - Comprehensive Testing › Notion Submodules (Additional) › should return data for /api/admin/notion/case-studies 
    [mobile-chrome] › e2e/api/admin-api-comprehensive.spec.ts:866:11 › Admin API - Comprehensive Testing › Notion Submodules (Additional) › should return data for /api/admin/notion/comments 
    [mobile-chrome] › e2e/api/admin-api-comprehensive.spec.ts:866:11 › Admin API - Comprehensive Testing › Notion Submodules (Additional) › should return data for /api/admin/notion/docs 
    [mobile-chrome] › e2e/api/admin-api-comprehensive.spec.ts:866:11 › Admin API - Comprehensive Testing › Notion Submodules (Additional) › should return data for /api/admin/notion/faqs 
    [mobile-chrome] › e2e/api/admin-api-comprehensive.spec.ts:866:11 › Admin API - Comprehensive Testing › Notion Submodules (Additional) › should return data for /api/admin/notion/projects 
    [mobile-chrome] › e2e/api/admin-api-comprehensive.spec.ts:866:11 › Admin API - Comprehensive Testing › Notion Submodules (Additional) › should return data for /api/admin/notion/search 
    [mobile-chrome] › e2e/api/admin-api-comprehensive.spec.ts:866:11 › Admin API - Comprehensive Testing › Notion Submodules (Additional) › should return data for /api/admin/notion/services 
    [mobile-chrome] › e2e/api/admin-api-comprehensive.spec.ts:866:11 › Admin API - Comprehensive Testing › Notion Submodules (Additional) › should return data for /api/admin/notion/status 
    [mobile-chrome] › e2e/api/admin-api-comprehensive.spec.ts:866:11 › Admin API - Comprehensive Testing › Notion Submodules (Additional) › should return data for /api/admin/notion/submissions 
    [mobile-chrome] › e2e/api/admin-api-comprehensive.spec.ts:866:11 › Admin API - Comprehensive Testing › Notion Submodules (Additional) › should return data for /api/admin/notion/tasks 
    [mobile-chrome] › e2e/api/admin-api-comprehensive.spec.ts:866:11 › Admin API - Comprehensive Testing › Notion Submodules (Additional) › should return data for /api/admin/notion/testimonials 
    [mobile-chrome] › e2e/api/admin-api-comprehensive.spec.ts:893:11 › Admin API - Comprehensive Testing › Oauth Submodules › should return data for /api/admin/oauth/tiktok 
    [mobile-chrome] › e2e/api/admin-api-comprehensive.spec.ts:893:11 › Admin API - Comprehensive Testing › Oauth Submodules › should return data for /api/admin/oauth/tiktok/callback 
    [mobile-chrome] › e2e/api/admin-api-comprehensive.spec.ts:915:11 › Admin API - Comprehensive Testing › Ops Submodules (Additional) › should return data for /api/admin/ops/errors/[id] 
    [mobile-chrome] › e2e/api/admin-api-comprehensive.spec.ts:954:11 › Admin API - Comprehensive Testing › Postiz Submodules › should return data for /api/admin/postiz/analytics/integration/[id] 
    [mobile-chrome] › e2e/api/admin-api-comprehensive.spec.ts:954:11 › Admin API - Comprehensive Testing › Postiz Submodules › should return data for /api/admin/postiz/analytics/post/[id] 
    [mobile-chrome] › e2e/api/admin-api-comprehensive.spec.ts:954:11 › Admin API - Comprehensive Testing › Postiz Submodules › should return data for /api/admin/postiz/groups 
    [mobile-chrome] › e2e/api/admin-api-comprehensive.spec.ts:954:11 › Admin API - Comprehensive Testing › Postiz Submodules › should return data for /api/admin/postiz/health 
    [mobile-chrome] › e2e/api/admin-api-comprehensive.spec.ts:954:11 › Admin API - Comprehensive Testing › Postiz Submodules › should return data for /api/admin/postiz/integrations 
    [mobile-chrome] › e2e/api/admin-api-comprehensive.spec.ts:954:11 › Admin API - Comprehensive Testing › Postiz Submodules › should return data for /api/admin/postiz/integrations/[id]/connect 
    [mobile-chrome] › e2e/api/admin-api-comprehensive.spec.ts:954:11 › Admin API - Comprehensive Testing › Postiz Submodules › should return data for /api/admin/postiz/integrations/[id]/settings 
    [mobile-chrome] › e2e/api/admin-api-comprehensive.spec.ts:954:11 › Admin API - Comprehensive Testing › Postiz Submodules › should return data for /api/admin/postiz/integrations/[id]/trigger 
    [mobile-chrome] › e2e/api/admin-api-comprehensive.spec.ts:954:11 › Admin API - Comprehensive Testing › Postiz Submodules › should return data for /api/admin/postiz/is-connected 
    [mobile-chrome] › e2e/api/admin-api-comprehensive.spec.ts:954:11 › Admin API - Comprehensive Testing › Postiz Submodules › should return data for /api/admin/postiz/notifications 
    [mobile-chrome] › e2e/api/admin-api-comprehensive.spec.ts:954:11 › Admin API - Comprehensive Testing › Postiz Submodules › should return data for /api/admin/postiz/posts 
    [mobile-chrome] › e2e/api/admin-api-comprehensive.spec.ts:954:11 › Admin API - Comprehensive Testing › Postiz Submodules › should return data for /api/admin/postiz/posts/[id] 
    [mobile-chrome] › e2e/api/admin-api-comprehensive.spec.ts:954:11 › Admin API - Comprehensive Testing › Postiz Submodules › should return data for /api/admin/postiz/posts/[id]/missing-content 
    [mobile-chrome] › e2e/api/admin-api-comprehensive.spec.ts:954:11 › Admin API - Comprehensive Testing › Postiz Submodules › should return data for /api/admin/postiz/posts/[id]/release-id 
    [mobile-chrome] › e2e/api/admin-api-comprehensive.spec.ts:954:11 › Admin API - Comprehensive Testing › Postiz Submodules › should return data for /api/admin/postiz/posts/[id]/status 
    [mobile-chrome] › e2e/api/admin-api-comprehensive.spec.ts:954:11 › Admin API - Comprehensive Testing › Postiz Submodules › should return data for /api/admin/postiz/posts/group/[id] 
    [mobile-chrome] › e2e/api/admin-api-comprehensive.spec.ts:954:11 › Admin API - Comprehensive Testing › Postiz Submodules › should return data for /api/admin/postiz/slot 
    [mobile-chrome] › e2e/api/admin-api-comprehensive.spec.ts:954:11 › Admin API - Comprehensive Testing › Postiz Submodules › should return data for /api/admin/postiz/upload 
    [mobile-chrome] › e2e/api/admin-api-comprehensive.spec.ts:954:11 › Admin API - Comprehensive Testing › Postiz Submodules › should return data for /api/admin/postiz/upload-file 
    [mobile-chrome] › e2e/api/admin-api-comprehensive.spec.ts:985:11 › Admin API - Comprehensive Testing › Reports Submodules › should return data for /api/admin/reports 
    [mobile-chrome] › e2e/api/admin-api-comprehensive.spec.ts:985:11 › Admin API - Comprehensive Testing › Reports Submodules › should return data for /api/admin/reports/[id] 
    [mobile-chrome] › e2e/api/admin-api-comprehensive.spec.ts:985:11 › Admin API - Comprehensive Testing › Reports Submodules › should return data for /api/admin/reports/[id]/pdf 
    [mobile-chrome] › e2e/api/admin-api-comprehensive.spec.ts:985:11 › Admin API - Comprehensive Testing › Reports Submodules › should return data for /api/admin/reports/generate 
    [mobile-chrome] › e2e/api/admin-api-comprehensive.spec.ts:1013:11 › Admin API - Comprehensive Testing › Search Submodules › should return data for /api/admin/search/reindex 
    [mobile-chrome] › e2e/api/admin-api-comprehensive.spec.ts:1030:9 › Admin API - Comprehensive Testing › Subscriptions Endpoint (Additional) › should accept subscription creation/update 
    [mobile-chrome] › e2e/api/public-api-comprehensive.spec.ts:18:9 › Public API - Comprehensive Testing › Health Endpoint › should return healthy status 
    [mobile-chrome] › e2e/api/public-api-comprehensive.spec.ts:34:9 › Public API - Comprehensive Testing › Blog Endpoints › should return blog posts list 
    [mobile-chrome] › e2e/api/public-api-comprehensive.spec.ts:46:9 › Public API - Comprehensive Testing › Blog Endpoints › should return single blog post 
    [mobile-chrome] › e2e/api/public-api-comprehensive.spec.ts:74:9 › Public API - Comprehensive Testing › Blog Endpoints › should return blog categories 
    [mobile-chrome] › e2e/api/public-api-comprehensive.spec.ts:85:9 › Public API - Comprehensive Testing › Blog Endpoints › should return blog tags 
    [mobile-chrome] › e2e/api/public-api-comprehensive.spec.ts:99:9 › Public API - Comprehensive Testing › Calendar Endpoints › should return calendar availability 
    [mobile-chrome] › e2e/api/public-api-comprehensive.spec.ts:110:9 › Public API - Comprehensive Testing › Calendar Endpoints › should return calendar events 
    [mobile-chrome] › e2e/api/public-api-comprehensive.spec.ts:124:9 › Public API - Comprehensive Testing › Case Studies Endpoints › should return case studies list 
    [mobile-chrome] › e2e/api/public-api-comprehensive.spec.ts:135:9 › Public API - Comprehensive Testing › Case Studies Endpoints › should return single case study 
    [mobile-chrome] › e2e/api/public-api-comprehensive.spec.ts:166:9 › Public API - Comprehensive Testing › Contact Endpoints › should accept contact form submission 
    [mobile-chrome] › e2e/api/public-api-comprehensive.spec.ts:186:9 › Public API - Comprehensive Testing › Contact Endpoints › should validate contact form data 
    [mobile-chrome] › e2e/api/public-api-comprehensive.spec.ts:210:9 › Public API - Comprehensive Testing › Documentation Endpoints › should return documentation list 
    [mobile-chrome] › e2e/api/public-api-comprehensive.spec.ts:221:9 › Public API - Comprehensive Testing › Documentation Endpoints › should return single documentation page 
    [mobile-chrome] › e2e/api/public-api-comprehensive.spec.ts:252:9 › Public API - Comprehensive Testing › FAQs Endpoints › should return FAQs list 
    [mobile-chrome] › e2e/api/public-api-comprehensive.spec.ts:266:9 › Public API - Comprehensive Testing › FAQs Endpoints › should return single FAQ 
    [mobile-chrome] › e2e/api/public-api-comprehensive.spec.ts:306:9 › Public API - Comprehensive Testing › Health Endpoint (Detailed) › should return detailed health information 
    [mobile-chrome] › e2e/api/public-api-comprehensive.spec.ts:321:9 › Public API - Comprehensive Testing › PWA Manifest Endpoint › should return PWA manifest 
    [mobile-chrome] › e2e/api/public-api-comprehensive.spec.ts:338:9 › Public API - Comprehensive Testing › Services Endpoints › should return services list 
    [mobile-chrome] › e2e/api/public-api-comprehensive.spec.ts:349:9 › Public API - Comprehensive Testing › Services Endpoints › should return single service 
    [mobile-chrome] › e2e/api/public-api-comprehensive.spec.ts:377:9 › Public API - Comprehensive Testing › Services Endpoints › should return service categories 
    [mobile-chrome] › e2e/api/public-api-comprehensive.spec.ts:391:9 › Public API - Comprehensive Testing › Testimonials Endpoints › should return testimonials list 
    [mobile-chrome] › e2e/api/public-api-comprehensive.spec.ts:402:9 › Public API - Comprehensive Testing › Testimonials Endpoints › should return single testimonial 
    [mobile-chrome] › e2e/api/public-api-comprehensive.spec.ts:433:9 › Public API - Comprehensive Testing › Careers Endpoints › should return job listings 
    [mobile-chrome] › e2e/api/public-api-comprehensive.spec.ts:444:9 › Public API - Comprehensive Testing › Careers Endpoints › should return single job listing 
    [mobile-chrome] › e2e/api/public-api-comprehensive.spec.ts:472:9 › Public API - Comprehensive Testing › Careers Endpoints › should accept job application 
    [mobile-chrome] › e2e/api/public-api-comprehensive.spec.ts:508:9 › Public API - Comprehensive Testing › Newsletter Endpoints › should accept newsletter subscription 
    [mobile-chrome] › e2e/api/public-api-comprehensive.spec.ts:522:9 › Public API - Comprehensive Testing › Newsletter Endpoints › should validate newsletter subscription data 
    [mobile-chrome] › e2e/api/public-api-comprehensive.spec.ts:542:9 › Public API - Comprehensive Testing › Newsletter Endpoints › should allow newsletter unsubscription 
    [mobile-chrome] › e2e/api/public-api-comprehensive.spec.ts:566:9 › Public API - Comprehensive Testing › Search Endpoints › should return search results 
    [mobile-chrome] › e2e/api/public-api-comprehensive.spec.ts:583:9 › Public API - Comprehensive Testing › Search Endpoints › should return search suggestions 
    [mobile-chrome] › e2e/api/public-api-comprehensive.spec.ts:602:9 › Public API - Comprehensive Testing › Sitemap Endpoint › should return XML sitemap 
    [mobile-chrome] › e2e/api/public-api-comprehensive.spec.ts:618:9 › Public API - Comprehensive Testing › Robots.txt Endpoint › should return robots.txt 
    [mobile-chrome] › e2e/api/public-api-comprehensive.spec.ts:634:9 › Public API - Comprehensive Testing › Error Handling › should return 404 for non-existent endpoints 
    [mobile-chrome] › e2e/api/public-api-comprehensive.spec.ts:640:9 › Public API - Comprehensive Testing › Error Handling › should return 405 for wrong HTTP method 
    [mobile-chrome] › e2e/api/public-api-comprehensive.spec.ts:653:9 › Public API - Comprehensive Testing › Error Handling › should handle large payloads appropriately 
    [mobile-chrome] › e2e/api/public-api-comprehensive.spec.ts:671:9 › Public API - Comprehensive Testing › CORS Headers › should include CORS headers in responses 
    [mobile-chrome] › e2e/api/public-api-comprehensive.spec.ts:683:9 › Public API - Comprehensive Testing › Rate Limiting › should respect rate limits 
    [mobile-chrome] › e2e/api/public-api-comprehensive.spec.ts:708:9 › Public API - Comprehensive Testing › Checkout Endpoints › should return checkout session or redirect 
    [mobile-chrome] › e2e/api/public-api-comprehensive.spec.ts:717:9 › Public API - Comprehensive Testing › Checkout Endpoints › should handle POST to checkout endpoint 
    [mobile-chrome] › e2e/api/public-api-comprehensive.spec.ts:735:9 › Public API - Comprehensive Testing › Auth Endpoints › should handle auth login request 
    [mobile-chrome] › e2e/api/public-api-comprehensive.spec.ts:749:9 › Public API - Comprehensive Testing › Auth Endpoints › should handle auth register request 
    [mobile-chrome] › e2e/api/public-api-comprehensive.spec.ts:764:9 › Public API - Comprehensive Testing › Auth Endpoints › should handle auth session request 
    [mobile-chrome] › e2e/api/public-api-comprehensive.spec.ts:776:9 › Public API - Comprehensive Testing › User Endpoints › should handle user profile request 
    [mobile-chrome] › e2e/api/public-api-comprehensive.spec.ts:785:9 › Public API - Comprehensive Testing › User Endpoints › should handle user purchases request 
    [mobile-chrome] › e2e/api/public-api-comprehensive.spec.ts:797:9 › Public API - Comprehensive Testing › Portal Endpoints › should handle portal enrollment 
    [mobile-chrome] › e2e/api/public-api-comprehensive.spec.ts:806:9 › Public API - Comprehensive Testing › Portal Endpoints › should handle portal token routes 
    [mobile-chrome] › e2e/api/public-api-comprehensive.spec.ts:821:9 › Public API - Comprehensive Testing › Webhook Endpoints › should handle stripe webhook 
    [mobile-chrome] › e2e/api/public-api-comprehensive.spec.ts:850:9 › Public API - Comprehensive Testing › Webhook Endpoints › should handle notion webhook 
    [mobile-chrome] › e2e/api/public-api-comprehensive.spec.ts:872:9 › Public API - Comprehensive Testing › Cron Endpoints › should handle cron analytics rollup 
    [mobile-chrome] › e2e/api/public-api-comprehensive.spec.ts:881:9 › Public API - Comprehensive Testing › Cron Endpoints › should handle cron voice brief 
    [mobile-chrome] › e2e/api-all-routes.spec.ts:43:9 › API Routes - Complete Coverage › API GET /api/health 
    [mobile-chrome] › e2e/api-all-routes.spec.ts:43:9 › API Routes - Complete Coverage › API GET /api/blog 
    [mobile-chrome] › e2e/api-all-routes.spec.ts:43:9 › API Routes - Complete Coverage › API GET /api/case-studies 
    [mobile-chrome] › e2e/api-all-routes.spec.ts:43:9 › API Routes - Complete Coverage › API GET /api/testimonials 
    [mobile-chrome] › e2e/api-all-routes.spec.ts:43:9 › API Routes - Complete Coverage › API GET /api/services 
    [mobile-chrome] › e2e/api-all-routes.spec.ts:43:9 › API Routes - Complete Coverage › API GET /api/faqs 
    [mobile-chrome] › e2e/api-all-routes.spec.ts:43:9 › API Routes - Complete Coverage › API GET /api/recommendations 
    [mobile-chrome] › e2e/api-all-routes.spec.ts:43:9 › API Routes - Complete Coverage › API GET /api/products 
    [mobile-chrome] › e2e/api-all-routes.spec.ts:43:9 › API Routes - Complete Coverage › API GET /api/search 
    [mobile-chrome] › e2e/api-all-routes.spec.ts:43:9 › API Routes - Complete Coverage › API GET /api/pwa-manifest 
    [mobile-chrome] › e2e/api-all-routes.spec.ts:43:9 › API Routes - Complete Coverage › API POST /api/contact 
    [mobile-chrome] › e2e/api-all-routes.spec.ts:43:9 › API Routes - Complete Coverage › API POST /api/subscribe 
    [mobile-chrome] › e2e/api-all-routes.spec.ts:43:9 › API Routes - Complete Coverage › API POST /api/calendar/book 
    [mobile-chrome] › e2e/api-all-routes.spec.ts:43:9 › API Routes - Complete Coverage › API POST /api/chat 
    [mobile-chrome] › e2e/api-all-routes.spec.ts:43:9 › API Routes - Complete Coverage › API POST /api/chat-ai 
    [mobile-chrome] › e2e/api-all-routes.spec.ts:43:9 › API Routes - Complete Coverage › API GET /api/webhooks/stripe 
    [mobile-chrome] › e2e/api-all-routes.spec.ts:43:9 › API Routes - Complete Coverage › API GET /api/internal 
    [mobile-chrome] › e2e/api-all-routes.spec.ts:43:9 › API Routes - Complete Coverage › API GET /api/workflows 
    [mobile-chrome] › e2e/api-all-routes.spec.ts:62:9 › API Routes - Complete Coverage › Analytics API › analytics endpoint responds 
    [mobile-chrome] › e2e/api-all-routes.spec.ts:69:9 › API Routes - Complete Coverage › User API › user profile endpoint requires auth 
    [mobile-chrome] › e2e/api-all-routes.spec.ts:76:9 › API Routes - Complete Coverage › Newsletter API › newsletter endpoint validates 
    [mobile-chrome] › e2e/api-all-routes.spec.ts:83:9 › API Routes - Complete Coverage › Newsletter API › newsletter slack endpoint 
    [mobile-chrome] › e2e/api-all-routes.spec.ts:90:9 › API Routes - Complete Coverage › Admin API › admin endpoints are protected 
    [mobile-chrome] › e2e/api-all-routes.spec.ts:105:9 › API Routes - Complete Coverage › Docs API › docs API responds 
    [mobile-chrome] › e2e/api-all-routes.spec.ts:112:9 › API Routes - Complete Coverage › Notion Image API › notion-image endpoint 
    [mobile-chrome] › e2e/api-all-routes.spec.ts:119:9 › API Routes - Complete Coverage › Portal API › portal endpoints are protected 
    [mobile-chrome] › e2e/api-all-routes.spec.ts:126:9 › API Routes - Complete Coverage › CSP Report API › CSP report endpoint accepts POST 
    [mobile-chrome] › e2e/api-all-routes.spec.ts:136:9 › API Routes - Complete Coverage › Track API › track endpoint responds 
    [mobile-chrome] › e2e/api-all-routes.spec.ts:143:9 › API Routes - Complete Coverage › Unsubscribe API › unsubscribe endpoint 
    [mobile-chrome] › e2e/api-auth.spec.ts:4:7 › API Authentication › health endpoint returns 200 with status payload 
    [mobile-chrome] › e2e/api-routes-extra-gaps.spec.ts:25:7 › Missing auth APIs (POST endpoints) › POST /api/auth/register with empty body returns 4xx 
    [mobile-chrome] › e2e/api-routes-extra-gaps.spec.ts:33:7 › Missing auth APIs (POST endpoints) › POST /api/auth/resend-verification with empty body returns 2xx (privacy: no email leak) 
    [mobile-chrome] › e2e/api-routes-extra-gaps.spec.ts:44:7 › Missing portal API endpoints › GET /api/portal/[token]/deliverables resolves cleanly 
    [mobile-chrome] › e2e/api-routes-extra-gaps.spec.ts:52:7 › Missing portal API endpoints › POST /api/portal/enroll with empty body returns non-5xx 
    [mobile-chrome] › e2e/api-routes-extra-gaps.spec.ts:63:9 › Missing newsletter-slack APIs › POST /api/newsletter-slack/events without auth returns non-5xx 
    [mobile-chrome] › e2e/api-routes-extra-gaps.spec.ts:63:9 › Missing newsletter-slack APIs › POST /api/newsletter-slack/commands without auth returns non-5xx 
    [mobile-chrome] › e2e/api-routes-extra-gaps.spec.ts:63:9 › Missing newsletter-slack APIs › POST /api/newsletter-slack/interactions without auth returns non-5xx 
    [mobile-chrome] › e2e/api-routes-extra-gaps.spec.ts:74:7 › Missing webhook APIs › POST /api/webhooks/postiz without secret returns 401 
    [mobile-chrome] › e2e/api-routes-extra-gaps.spec.ts:82:7 › Missing webhook APIs › POST /api/webhooks/admin-alert without auth returns non-5xx 
    [mobile-chrome] › e2e/api-routes-extra-gaps.spec.ts:99:9 › Missing cron APIs (unauthenticated) › GET /api/cron/ad-analytics-poll unauthenticated 
    [mobile-chrome] › e2e/api-routes-extra-gaps.spec.ts:99:9 › Missing cron APIs (unauthenticated) › GET /api/cron/client-reports unauthenticated 
    [mobile-chrome] › e2e/api-routes-extra-gaps.spec.ts:99:9 › Missing cron APIs (unauthenticated) › GET /api/cron/gsc-cache-refresh unauthenticated 
    [mobile-chrome] › e2e/api-routes-extra-gaps.spec.ts:99:9 › Missing cron APIs (unauthenticated) › GET /api/cron/owner-digest unauthenticated 
    [mobile-chrome] › e2e/api-routes-extra-gaps.spec.ts:99:9 › Missing cron APIs (unauthenticated) › GET /api/cron/postiz-sync unauthenticated 
    [mobile-chrome] › e2e/api-routes-extra-gaps.spec.ts:99:9 › Missing cron APIs (unauthenticated) › GET /api/cron/postiz-oauth-check unauthenticated 
    [mobile-chrome] › e2e/api-routes-extra-gaps.spec.ts:108:7 › Additional public API endpoints › GET /api/analytics/r2 resolves cleanly 
    [mobile-chrome] › e2e/api-routes-extra-gaps.spec.ts:113:7 › Additional public API endpoints › GET /api/analytics/track resolves cleanly 
    [mobile-chrome] › e2e/api-routes-extra-gaps.spec.ts:118:7 › Additional public API endpoints › POST /api/internal/ai/generate returns 401/403 without auth 
    [mobile-chrome] › e2e/api-routes-extra-gaps.spec.ts:125:7 › Additional public API endpoints › GET /api/workflows/hello resolves cleanly 
    [mobile-chrome] › e2e/api-routes-extra-gaps.spec.ts:132:7 › Dynamic POST routes with dynamic paths › POST /api/admin/postiz/upload with empty body returns non-5xx 
    [mobile-chrome] › e2e/api-routes-extra-gaps.spec.ts:139:7 › Dynamic POST routes with dynamic paths › POST /api/admin/postiz/upload-file with empty body returns non-5xx 
    [mobile-chrome] › e2e/api-routes-extra-gaps.spec.ts:159:9 › Extended admin API coverage (production-safe) › GET /api/admin/analytics/workspaces/sample-e2e-id authenticated 
    [mobile-chrome] › e2e/api-routes-gaps-sweep.spec.ts:123:9 › Admin API gap sweep (authenticated GETs) › GET /api/admin/ai/assistant 
    [mobile-chrome] › e2e/api-routes-gaps-sweep.spec.ts:123:9 › Admin API gap sweep (authenticated GETs) › GET /api/admin/ai/generate 
    [mobile-chrome] › e2e/api-routes-gaps-sweep.spec.ts:123:9 › Admin API gap sweep (authenticated GETs) › GET /api/admin/analytics/gsc-archive 
    [mobile-chrome] › e2e/api-routes-gaps-sweep.spec.ts:123:9 › Admin API gap sweep (authenticated GETs) › GET /api/admin/analytics/roi 
    [mobile-chrome] › e2e/api-routes-gaps-sweep.spec.ts:123:9 › Admin API gap sweep (authenticated GETs) › GET /api/admin/calendar/sample-e2e-id 
    [mobile-chrome] › e2e/api-routes-gaps-sweep.spec.ts:123:9 › Admin API gap sweep (authenticated GETs) › GET /api/admin/campaigns/meta 
    [mobile-chrome] › e2e/api-routes-gaps-sweep.spec.ts:123:9 › Admin API gap sweep (authenticated GETs) › GET /api/admin/campaigns/meta/insights 
    [mobile-chrome] › e2e/api-routes-gaps-sweep.spec.ts:123:9 › Admin API gap sweep (authenticated GETs) › GET /api/admin/email/campaigns/sample-e2e-id 
    [mobile-chrome] › e2e/api-routes-gaps-sweep.spec.ts:123:9 › Admin API gap sweep (authenticated GETs) › GET /api/admin/leads 
    [mobile-chrome] › e2e/api-routes-gaps-sweep.spec.ts:123:9 › Admin API gap sweep (authenticated GETs) › GET /api/admin/notion/case-studies 
    [mobile-chrome] › e2e/api-routes-gaps-sweep.spec.ts:123:9 › Admin API gap sweep (authenticated GETs) › GET /api/admin/notion/faqs 
    [mobile-chrome] › e2e/api-routes-gaps-sweep.spec.ts:123:9 › Admin API gap sweep (authenticated GETs) › GET /api/admin/notion/services 
    [mobile-chrome] › e2e/api-routes-gaps-sweep.spec.ts:123:9 › Admin API gap sweep (authenticated GETs) › GET /api/admin/notion/testimonials 
    [mobile-chrome] › e2e/api-routes-gaps-sweep.spec.ts:123:9 › Admin API gap sweep (authenticated GETs) › GET /api/admin/ops/errors/sample-e2e-id 
    [mobile-chrome] › e2e/api-routes-gaps-sweep.spec.ts:123:9 › Admin API gap sweep (authenticated GETs) › GET /api/admin/postiz 
    [mobile-chrome] › e2e/api-routes-gaps-sweep.spec.ts:123:9 › Admin API gap sweep (authenticated GETs) › GET /api/admin/postiz/integrations 
    [mobile-chrome] › e2e/api-routes-gaps-sweep.spec.ts:123:9 › Admin API gap sweep (authenticated GETs) › GET /api/admin/postiz/posts 
    [mobile-chrome] › e2e/api-routes-gaps-sweep.spec.ts:123:9 › Admin API gap sweep (authenticated GETs) › GET /api/admin/postiz/slot?id=sample-e2e-id 
    [mobile-chrome] › e2e/api-routes-gaps-sweep.spec.ts:123:9 › Admin API gap sweep (authenticated GETs) › GET /api/admin/postiz/health 
    [mobile-chrome] › e2e/api-routes-gaps-sweep.spec.ts:123:9 › Admin API gap sweep (authenticated GETs) › GET /api/admin/postiz/health?format=prom 
    [mobile-chrome] › e2e/api-routes-gaps-sweep.spec.ts:123:9 › Admin API gap sweep (authenticated GETs) › GET /api/admin/postiz/is-connected 
    [mobile-chrome] › e2e/api-routes-gaps-sweep.spec.ts:123:9 › Admin API gap sweep (authenticated GETs) › GET /api/admin/postiz/groups 
    [mobile-chrome] › e2e/api-routes-gaps-sweep.spec.ts:123:9 › Admin API gap sweep (authenticated GETs) › GET /api/admin/postiz/notifications 
    [mobile-chrome] › e2e/api-routes-gaps-sweep.spec.ts:123:9 › Admin API gap sweep (authenticated GETs) › GET /api/admin/analytics/workspaces 
    [mobile-chrome] › e2e/api-routes-gaps-sweep.spec.ts:123:9 › Admin API gap sweep (authenticated GETs) › GET /api/admin/analytics/workspaces/sample-e2e-id 
    [mobile-chrome] › e2e/api-routes-gaps-sweep.spec.ts:123:9 › Admin API gap sweep (authenticated GETs) › GET /api/admin/postiz/integrations/sample-e2e-id/connect 
    [mobile-chrome] › e2e/api-routes-gaps-sweep.spec.ts:123:9 › Admin API gap sweep (authenticated GETs) › GET /api/admin/postiz/integrations/sample-e2e-id/settings 
    [mobile-chrome] › e2e/api-routes-gaps-sweep.spec.ts:123:9 › Admin API gap sweep (authenticated GETs) › GET /api/admin/postiz/posts/sample-e2e-id/missing-content 
    [mobile-chrome] › e2e/api-routes-gaps-sweep.spec.ts:123:9 › Admin API gap sweep (authenticated GETs) › GET /api/admin/postiz/analytics/post/sample-e2e-id 
    [mobile-chrome] › e2e/api-routes-gaps-sweep.spec.ts:123:9 › Admin API gap sweep (authenticated GETs) › GET /api/admin/postiz/analytics/integration/sample-e2e-id 
    [mobile-chrome] › e2e/api-routes-gaps-sweep.spec.ts:123:9 › Admin API gap sweep (authenticated GETs) › GET /api/admin/reports/sample-e2e-id 
    [mobile-chrome] › e2e/api-routes-gaps-sweep.spec.ts:123:9 › Admin API gap sweep (authenticated GETs) › GET /api/admin/reports/sample-e2e-id/pdf 
    [mobile-chrome] › e2e/api-routes-gaps-sweep.spec.ts:146:9 › Admin API gap sweep (authenticated POSTs) › POST /api/admin/calendar/sample-e2e-id/publish (empty body) 
    [mobile-chrome] › e2e/api-routes-gaps-sweep.spec.ts:146:9 › Admin API gap sweep (authenticated POSTs) › POST /api/admin/pipeline/deals/sample-e2e-id/move (empty body) 
    [mobile-chrome] › e2e/api-routes-gaps-sweep.spec.ts:146:9 › Admin API gap sweep (authenticated POSTs) › POST /api/admin/pipeline/deals/sample-e2e-id/notes (empty body) 
    [mobile-chrome] › e2e/api-routes-gaps-sweep.spec.ts:146:9 › Admin API gap sweep (authenticated POSTs) › POST /api/admin/postiz/posts (empty body) 
    [mobile-chrome] › e2e/api-routes-gaps-sweep.spec.ts:146:9 › Admin API gap sweep (authenticated POSTs) › POST /api/admin/postiz/upload (empty body) 
    [mobile-chrome] › e2e/api-routes-gaps-sweep.spec.ts:146:9 › Admin API gap sweep (authenticated POSTs) › POST /api/admin/postiz/upload-file (empty body) 
    [mobile-chrome] › e2e/api-routes-gaps-sweep.spec.ts:146:9 › Admin API gap sweep (authenticated POSTs) › POST /api/admin/postiz/integrations/sample-e2e-id/trigger (empty body) 
    [mobile-chrome] › e2e/api-routes-gaps-sweep.spec.ts:162:7 › Admin API gap sweep (authenticated DELETEs) › DELETE /api/admin/postiz/posts/sample-e2e-id 
    [mobile-chrome] › e2e/api-routes-gaps-sweep.spec.ts:172:7 › Admin API gap sweep (authenticated PUTs) › PUT /api/admin/postiz/posts/sample-e2e-id (empty body) 
    [mobile-chrome] › e2e/api-routes-gaps-sweep.spec.ts:183:9 › Admin API gap sweep (authenticated PUTs) › PUT /api/admin/postiz/posts/sample-e2e-id/status (empty body) 
    [mobile-chrome] › e2e/api-routes-gaps-sweep.spec.ts:183:9 › Admin API gap sweep (authenticated PUTs) › PUT /api/admin/postiz/posts/sample-e2e-id/release-id (empty body) 
    [mobile-chrome] › e2e/api-routes-gaps-sweep.spec.ts:197:9 › Admin API gap sweep — extra DELETEs (Postiz) › DELETE /api/admin/postiz/posts/group/sample-e2e-id 
    [mobile-chrome] › e2e/api-routes-gaps-sweep.spec.ts:197:9 › Admin API gap sweep — extra DELETEs (Postiz) › DELETE /api/admin/postiz/integrations/sample-e2e-id 
    [mobile-chrome] › e2e/api-routes-gaps-sweep.spec.ts:208:9 › Postiz cron endpoints (unauthenticated — reject without 5xx) › GET /api/cron/postiz-sync unauthenticated 
    [mobile-chrome] › e2e/api-routes-gaps-sweep.spec.ts:208:9 › Postiz cron endpoints (unauthenticated — reject without 5xx) › GET /api/cron/postiz-oauth-check unauthenticated 
    [mobile-chrome] › e2e/api-routes-gaps-sweep.spec.ts:217:7 › Postiz webhook receiver › POST /api/webhooks/postiz unsigned → 401 unauthorized 
    [mobile-chrome] › e2e/api-routes-gaps-sweep.spec.ts:229:7 › Admin OAuth entry point › GET /api/admin/oauth/tiktok — does not 5xx unauthenticated 
    [mobile-chrome] › e2e/api-routes-gaps-sweep.spec.ts:248:9 › Cron endpoints (unauthenticated — should reject, never 5xx silently) › GET /api/cron/client-reports unauthenticated 
    [mobile-chrome] › e2e/api-routes-gaps-sweep.spec.ts:248:9 › Cron endpoints (unauthenticated — should reject, never 5xx silently) › GET /api/cron/owner-digest unauthenticated 
    [mobile-chrome] › e2e/api-routes-gaps-sweep.spec.ts:271:9 › Public dynamic API routes (sentinel slugs) › GET /api/blog/sample-e2e-slug resolves cleanly 
    [mobile-chrome] › e2e/api-routes-gaps-sweep.spec.ts:271:9 › Public dynamic API routes (sentinel slugs) › GET /api/case-studies/sample-e2e-slug resolves cleanly 
    [mobile-chrome] › e2e/api-routes-gaps-sweep.spec.ts:271:9 › Public dynamic API routes (sentinel slugs) › GET /api/docs/sample-e2e-slug resolves cleanly 
    [mobile-chrome] › e2e/api-routes-gaps-sweep.spec.ts:271:9 › Public dynamic API routes (sentinel slugs) › GET /api/portal/sample-e2e-token resolves cleanly 
    [mobile-chrome] › e2e/api-routes-gaps-sweep.spec.ts:271:9 › Public dynamic API routes (sentinel slugs) › GET /api/portal/sample-e2e-token/deliverables resolves cleanly 
    [mobile-chrome] › e2e/api-routes-gaps-sweep.spec.ts:281:7 › Public auth POST endpoints › POST /api/auth/register with empty body returns 4xx 
    [mobile-chrome] › e2e/api-routes-gaps-sweep.spec.ts:288:7 › Public auth POST endpoints › POST /api/auth/resend-verification with empty body returns 4xx 
    [mobile-chrome] › e2e/api-routes-gaps-sweep.spec.ts:295:7 › User profile API (unauthenticated) › GET /api/user/profile — unauth returns 401/403/404, never 5xx 
    [mobile-chrome] › e2e/api-routes.spec.ts:33:7 › API: /api/health › GET returns 200 with status payload 
    [mobile-chrome] › e2e/api-routes.spec.ts:46:7 › API: /api/contact › rejects missing required fields with 400 
    [mobile-chrome] › e2e/api-routes.spec.ts:59:7 › API: /api/contact › rejects invalid email with 400 
    [mobile-chrome] › e2e/api-routes.spec.ts:76:7 › API: /api/subscribe › rejects invalid email with 400 
    [mobile-chrome] › e2e/api-routes.spec.ts:89:7 › API: /api/subscribe › rejects missing email with 400 
    [mobile-chrome] › e2e/api-routes.spec.ts:98:7 › API: /api/checkout › rejects empty cart with 400 
    [mobile-chrome] › e2e/api-routes.spec.ts:105:7 › API: /api/checkout › rejects missing items field with 400 
    [mobile-chrome] › e2e/app-fullstack.spec.ts:20:7 › cloudless.gr - Full Application Coverage › health endpoint returns ok 
    [mobile-chrome] › e2e/app-fullstack.spec.ts:29:7 › cloudless.gr - Full Application Coverage › root page redirects to locale 
    [mobile-chrome] › e2e/app-fullstack.spec.ts:35:7 › cloudless.gr - Full Application Coverage › sitemap.xml is accessible 
    [mobile-chrome] › e2e/app-fullstack.spec.ts:48:7 › cloudless.gr - Full Application Coverage › robots.txt is accessible 
    [mobile-chrome] › e2e/app-fullstack.spec.ts:61:11 › Public Pages - All Locales › [en] › homepage loads and displays key sections 
    [mobile-chrome] › e2e/app-fullstack.spec.ts:70:11 › Public Pages - All Locales › [en] › services page loads 
    [mobile-chrome] › e2e/app-fullstack.spec.ts:77:11 › Public Pages - All Locales › [en] › contact page loads with form 
    [mobile-chrome] › e2e/app-fullstack.spec.ts:85:11 › Public Pages - All Locales › [en] › blog page loads 
    [mobile-chrome] › e2e/app-fullstack.spec.ts:90:11 › Public Pages - All Locales › [en] › case studies page loads 
    [mobile-chrome] › e2e/app-fullstack.spec.ts:95:11 › Public Pages - All Locales › [en] › privacy page loads 
    [mobile-chrome] › e2e/app-fullstack.spec.ts:100:11 › Public Pages - All Locales › [en] › terms page loads 
    [mobile-chrome] › e2e/app-fullstack.spec.ts:105:11 › Public Pages - All Locales › [en] › cookies page loads 
    [mobile-chrome] › e2e/app-fullstack.spec.ts:110:11 › Public Pages - All Locales › [en] › accessibility page loads 
    [mobile-chrome] › e2e/app-fullstack.spec.ts:115:11 › Public Pages - All Locales › [en] › work/portfolio page loads 
    [mobile-chrome] › e2e/app-fullstack.spec.ts:120:11 › Public Pages - All Locales › [en] › dashboard page redirects to login or shows auth required 
    [mobile-chrome] › e2e/app-fullstack.spec.ts:137:11 › Public Pages - All Locales › [en] › auth pages load 
    [mobile-chrome] › e2e/app-fullstack.spec.ts:61:11 › Public Pages - All Locales › [el] › homepage loads and displays key sections 
    [mobile-chrome] › e2e/app-fullstack.spec.ts:70:11 › Public Pages - All Locales › [el] › services page loads 
    [mobile-chrome] › e2e/app-fullstack.spec.ts:77:11 › Public Pages - All Locales › [el] › contact page loads with form 
    [mobile-chrome] › e2e/app-fullstack.spec.ts:85:11 › Public Pages - All Locales › [el] › blog page loads 
    [mobile-chrome] › e2e/app-fullstack.spec.ts:90:11 › Public Pages - All Locales › [el] › case studies page loads 
    [mobile-chrome] › e2e/app-fullstack.spec.ts:95:11 › Public Pages - All Locales › [el] › privacy page loads 
    [mobile-chrome] › e2e/app-fullstack.spec.ts:100:11 › Public Pages - All Locales › [el] › terms page loads 
    [mobile-chrome] › e2e/app-fullstack.spec.ts:105:11 › Public Pages - All Locales › [el] › cookies page loads 
    [mobile-chrome] › e2e/app-fullstack.spec.ts:110:11 › Public Pages - All Locales › [el] › accessibility page loads 
    [mobile-chrome] › e2e/app-fullstack.spec.ts:115:11 › Public Pages - All Locales › [el] › work/portfolio page loads 
    [mobile-chrome] › e2e/app-fullstack.spec.ts:120:11 › Public Pages - All Locales › [el] › dashboard page redirects to login or shows auth required 
    [mobile-chrome] › e2e/app-fullstack.spec.ts:137:11 › Public Pages - All Locales › [el] › auth pages load 
    [mobile-chrome] › e2e/app-fullstack.spec.ts:61:11 › Public Pages - All Locales › [fr] › homepage loads and displays key sections 
    [mobile-chrome] › e2e/app-fullstack.spec.ts:70:11 › Public Pages - All Locales › [fr] › services page loads 
    [mobile-chrome] › e2e/app-fullstack.spec.ts:77:11 › Public Pages - All Locales › [fr] › contact page loads with form 
    [mobile-chrome] › e2e/app-fullstack.spec.ts:85:11 › Public Pages - All Locales › [fr] › blog page loads 
    [mobile-chrome] › e2e/app-fullstack.spec.ts:90:11 › Public Pages - All Locales › [fr] › case studies page loads 
    [mobile-chrome] › e2e/app-fullstack.spec.ts:95:11 › Public Pages - All Locales › [fr] › privacy page loads 
    [mobile-chrome] › e2e/app-fullstack.spec.ts:100:11 › Public Pages - All Locales › [fr] › terms page loads 
    [mobile-chrome] › e2e/app-fullstack.spec.ts:105:11 › Public Pages - All Locales › [fr] › cookies page loads 
    [mobile-chrome] › e2e/app-fullstack.spec.ts:110:11 › Public Pages - All Locales › [fr] › accessibility page loads 
    [mobile-chrome] › e2e/app-fullstack.spec.ts:115:11 › Public Pages - All Locales › [fr] › work/portfolio page loads 
    [mobile-chrome] › e2e/app-fullstack.spec.ts:120:11 › Public Pages - All Locales › [fr] › dashboard page redirects to login or shows auth required 
    [mobile-chrome] › e2e/app-fullstack.spec.ts:137:11 › Public Pages - All Locales › [fr] › auth pages load 
    [mobile-chrome] › e2e/app-fullstack.spec.ts:61:11 › Public Pages - All Locales › [de] › homepage loads and displays key sections 
    [mobile-chrome] › e2e/app-fullstack.spec.ts:70:11 › Public Pages - All Locales › [de] › services page loads 
    [mobile-chrome] › e2e/app-fullstack.spec.ts:77:11 › Public Pages - All Locales › [de] › contact page loads with form 
    [mobile-chrome] › e2e/app-fullstack.spec.ts:85:11 › Public Pages - All Locales › [de] › blog page loads 
    [mobile-chrome] › e2e/app-fullstack.spec.ts:90:11 › Public Pages - All Locales › [de] › case studies page loads 
    [mobile-chrome] › e2e/app-fullstack.spec.ts:95:11 › Public Pages - All Locales › [de] › privacy page loads 
    [mobile-chrome] › e2e/app-fullstack.spec.ts:100:11 › Public Pages - All Locales › [de] › terms page loads 
    [mobile-chrome] › e2e/app-fullstack.spec.ts:105:11 › Public Pages - All Locales › [de] › cookies page loads 
    [mobile-chrome] › e2e/app-fullstack.spec.ts:110:11 › Public Pages - All Locales › [de] › accessibility page loads 
    [mobile-chrome] › e2e/app-fullstack.spec.ts:115:11 › Public Pages - All Locales › [de] › work/portfolio page loads 
    [mobile-chrome] › e2e/app-fullstack.spec.ts:120:11 › Public Pages - All Locales › [de] › dashboard page redirects to login or shows auth required 
    [mobile-chrome] › e2e/app-fullstack.spec.ts:137:11 › Public Pages - All Locales › [de] › auth pages load 
    [mobile-chrome] › e2e/app-fullstack.spec.ts:158:9 › API Routes Coverage › API route /api/health responds 
    [mobile-chrome] › e2e/app-fullstack.spec.ts:158:9 › API Routes Coverage › API route /api/blog responds 
    [mobile-chrome] › e2e/app-fullstack.spec.ts:158:9 › API Routes Coverage › API route /api/case-studies responds 
    [mobile-chrome] › e2e/app-fullstack.spec.ts:158:9 › API Routes Coverage › API route /api/testimonials responds 
    [mobile-chrome] › e2e/app-fullstack.spec.ts:158:9 › API Routes Coverage › API route /api/services responds 
    [mobile-chrome] › e2e/app-fullstack.spec.ts:158:9 › API Routes Coverage › API route /api/faqs responds 
    [mobile-chrome] › e2e/app-fullstack.spec.ts:158:9 › API Routes Coverage › API route /api/recommendations responds 
    [mobile-chrome] › e2e/app-fullstack.spec.ts:158:9 › API Routes Coverage › API route /api/track responds 
    [mobile-chrome] › e2e/app-fullstack.spec.ts:181:7 › API Routes Coverage › API route error handling 
    [mobile-chrome] › e2e/app-fullstack.spec.ts:187:7 › API Routes Coverage › API route methods validation 
    [mobile-chrome] › e2e/app-fullstack.spec.ts:195:7 › Authentication Flow › login page is accessible 
    [mobile-chrome] › e2e/app-fullstack.spec.ts:200:7 › Authentication Flow › register page is accessible 
    [mobile-chrome] › e2e/app-fullstack.spec.ts:205:7 › Authentication Flow › sandbox endpoint for auth testing 
    [mobile-chrome] › e2e/app-fullstack.spec.ts:213:7 › Admin Routes › admin routes require authentication 
    [mobile-chrome] › e2e/app-fullstack.spec.ts:233:7 › Contact Form API › contact endpoint validates input 
    [mobile-chrome] › e2e/app-fullstack.spec.ts:244:7 › Redirects and Navigation › locale redirect works 
    [mobile-chrome] › e2e/app-fullstack.spec.ts:249:7 › Redirects and Navigation › navigation between key pages 
    [mobile-chrome] › e2e/app-fullstack.spec.ts:263:7 › Error Handling › 404 for non-existent pages 
    [mobile-chrome] › e2e/app-fullstack.spec.ts:269:7 › Error Handling › not-found page renders ────
    [mobile-chrome] › e2e/app-fullstack.spec.ts:278:7 › Responsive Design › mobile navigation works 
    [mobile-chrome] › e2e/app-fullstack.spec.ts:293:7 › Accessibility › page has proper heading structure 
    [mobile-chrome] › e2e/app-fullstack.spec.ts:302:7 › Accessibility › images have alt text or aria-hidden 
    [mobile-chrome] › e2e/app-fullstack.spec.ts:317:7 › SEO and Metadata › pages have meta description 
    [mobile-chrome] › e2e/app-fullstack.spec.ts:328:7 › SEO and Metadata › pages have Open Graph tags 
    [mobile-chrome] › e2e/app-fullstack.spec.ts:339:7 › Performance › page loads within acceptable time 
    [mobile-chrome] › e2e/app-fullstack.spec.ts:351:7 › Security Headers › security headers are present 
    [mobile-chrome] › e2e/appflowy-cms.spec.ts:39:7 › AppFlowy CMS — /blog › renders the blog header and search input 
    [mobile-chrome] › e2e/appflowy-cms.spec.ts:47:7 › AppFlowy CMS — /blog › lists at least one post card linking to /blog/[slug] 
    [mobile-chrome] › e2e/appflowy-cms.spec.ts:56:7 › AppFlowy CMS — /blog › search query is preserved in the input 
    [mobile-chrome] › e2e/appflowy-cms.spec.ts:61:7 › AppFlowy CMS — /blog › nonexistent search yields empty-state message 
    [mobile-chrome] › e2e/appflowy-cms.spec.ts:70:7 › AppFlowy CMS — /blog/[slug] › static fallback post renders an article heading 
    [mobile-chrome] › e2e/appflowy-cms.spec.ts:76:7 › AppFlowy CMS — /blog/[slug] › nonexistent slug renders the 404 page 
    [mobile-chrome] › e2e/appflowy-cms.spec.ts:85:7 › AppFlowy CMS — /api/blog/posts contract › returns a non-empty array of posts with required fields 
    [mobile-chrome] › e2e/appflowy-cms.spec.ts:104:7 › AppFlowy CMS — /docs › renders the docs header and search input 
    [mobile-chrome] › e2e/appflowy-cms.spec.ts:113:7 › AppFlowy CMS — /docs › renders either category headings or the empty state 
    [mobile-chrome] › e2e/appflowy-cms.spec.ts:120:7 › AppFlowy CMS — /docs › filtering with no matches shows the no-results state 
    [mobile-chrome] › e2e/appflowy-cms.spec.ts:130:7 › AppFlowy CMS — /api/docs contract › returns an array (empty or populated) with required fields 
    [mobile-chrome] › e2e/appflowy-cms.spec.ts:150:7 › AppFlowy CMS — /api/testimonials contract › returns an array with required fields 
    [mobile-chrome] › e2e/appflowy-cms.spec.ts:167:7 › AppFlowy CMS — /api/testimonials contract › featured endpoint returns only featured items 
    [mobile-chrome] › e2e/appflowy-cms.spec.ts:180:7 › AppFlowy CMS — testimonials on homepage › homepage renders at least one testimonial quote 
    [mobile-chrome] › e2e/appflowy-cms.spec.ts:198:7 › AppFlowy CMS — /services page › renders the services heading 
    [mobile-chrome] › e2e/appflowy-cms.spec.ts:206:7 › AppFlowy CMS — /services page › lists service cards on the services page 
    [mobile-chrome] › e2e/appflowy-cms.spec.ts:220:7 › AppFlowy CMS — /api/services contract › returns a non-empty array with required fields 
    [mobile-chrome] › e2e/appflowy-cms.spec.ts:235:7 › AppFlowy CMS — /api/services contract › category filter returns only matching services 
    [mobile-chrome] › e2e/appflowy-cms.spec.ts:252:7 › AppFlowy CMS — /api/faqs contract › returns a non-empty array with required fields 
    [mobile-chrome] › e2e/appflowy-cms.spec.ts:266:7 › AppFlowy CMS — /api/faqs contract › category filter returns only matching faqs 
    [mobile-chrome] › e2e/appflowy-cms.spec.ts:276:7 › AppFlowy CMS — /api/faqs contract › locale filter returns faqs for that locale or global ones 
    [mobile-chrome] › e2e/appflowy-cms.spec.ts:291:7 › AppFlowy CMS — /case-studies page › renders the case studies heading 
    [mobile-chrome] › e2e/appflowy-cms.spec.ts:297:7 › AppFlowy CMS — /case-studies page › lists case studies on the case-studies page 
    [mobile-chrome] › e2e/appflowy-cms.spec.ts:310:7 › AppFlowy CMS — /case-studies/[slug] › static fallback case study renders an article heading 
    [mobile-chrome] › e2e/appflowy-cms.spec.ts:316:7 › AppFlowy CMS — /case-studies/[slug] › nonexistent slug renders the 404 page 
    [mobile-chrome] › e2e/appflowy-cms.spec.ts:325:7 › AppFlowy CMS — /api/case-studies contract › returns an array with required fields 
    [mobile-chrome] › e2e/appflowy-cms.spec.ts:342:7 › AppFlowy CMS — /api/case-studies contract › featured filter returns only featured case studies 
    [mobile-chrome] › e2e/appflowy-cms.spec.ts:353:7 › AppFlowy CMS — /api/case-studies contract › slug endpoint returns a case study or 404 when not found 
    [mobile-chrome] › e2e/appflowy-cms.spec.ts:367:7 › AppFlowy CMS — /api/case-studies contract › unknown slug returns 404 
    [mobile-chrome] › e2e/auth-security.spec.ts:52:9 › Auth Security Features - API Tests › Sandbox Endpoint › sandbox returns 403 in production or 200 in development 
    [mobile-chrome] › e2e/auth-security.spec.ts:60:9 › Auth Security Features - API Tests › Session Management › login endpoint exists and handles requests 
    [mobile-chrome] › e2e/auth-security.spec.ts:72:7 › Password Strength Validation - Unit Tests › validatePasswordStrength rejects weak passwords 
    [mobile-chrome] › e2e/auth-security.spec.ts:82:7 › Password Strength Validation - Unit Tests › validatePasswordStrength requires special characters 
    [mobile-chrome] › e2e/auth.spec.ts:4:7 › Authentication › homepage is accessible without login ─
    [mobile-chrome] › e2e/auth.spec.ts:9:7 › Authentication › login page shows email and password fields 
    [mobile-chrome] › e2e/auth.spec.ts:23:7 › Authentication › signup page exposes name, email and password fields 
    [mobile-chrome] › e2e/auth.spec.ts:31:7 › Authentication › forgot-password page is reachable from login 
    [mobile-chrome] › e2e/blog.spec.ts:4:7 › Blog API › GET /api/blog/posts returns posts array ────
    [mobile-chrome] › e2e/blog.spec.ts:18:7 › Blog pages › blog listing page loads ─────────────────
    [mobile-chrome] › e2e/campaigns-shop-online.spec.ts:4:7 › Shop-online campaign flow › /en/campaigns lists the shop-online campaign 
    [mobile-chrome] › e2e/campaigns-shop-online.spec.ts:17:7 › Shop-online campaign flow › /el/campaigns/shop-online renders all three tiers in Greek 
    [mobile-chrome] › e2e/campaigns-shop-online.spec.ts:33:7 › Shop-online campaign flow › each tier CTA links to /api/checkout with campaign+tier params 
    [mobile-chrome] › e2e/campaigns-shop-online.spec.ts:49:7 › Shop-online campaign flow › checkout GET stub redirects to thanks page (Stripe unwired branch) 
    [mobile-chrome] › e2e/campaigns-shop-online.spec.ts:67:7 › Shop-online campaign flow › thanks page renders with tier + order query params 
    [mobile-chrome] › e2e/campaigns-shop-online.spec.ts:80:7 › Shop-online campaign flow › fit-call thanks branch uses the lead-style copy 
    [mobile-chrome] › e2e/campaigns-shop-online.spec.ts:89:7 › Shop-online campaign flow › /api/campaigns/conversion is wired (204 without CAPI creds, 200 with) 
    [mobile-chrome] › e2e/campaigns-shop-online.spec.ts:108:7 › Shop-online campaign flow › invalid campaign returns 400 from the checkout GET 
    [mobile-chrome] › e2e/campaigns-shop-online.spec.ts:116:7 › Shop-online campaign flow › invalid tier returns 400 from the checkout GET 
    [mobile-chrome] › e2e/chat.spec.ts:12:7 › Chat Widget › chat widget is present on page ─────────
    [mobile-chrome] › e2e/chat.spec.ts:21:7 › Chat Widget › chat API endpoint responds ─────────────
    [mobile-chrome] › e2e/chat.spec.ts:31:7 › Chat Widget › chat-ai API endpoint responds ──────────
    [mobile-chrome] › e2e/chat.spec.ts:43:7 › Workers AI Integration › Workers AI doctor endpoint exists 
    [mobile-chrome] › e2e/components.spec.ts:14:9 › UI Components › ScrollReveal Component › reveal animation is applied to elements 
    [mobile-chrome] › e2e/components.spec.ts:21:9 › UI Components › ScrollReveal Component › elements become visible after scroll 
    [mobile-chrome] › e2e/components.spec.ts:33:9 › UI Components › StatCounter Component › stat counters are rendered 
    [mobile-chrome] › e2e/components.spec.ts:41:9 › UI Components › Social Links Component › social links are present 
    [mobile-chrome] › e2e/components.spec.ts:49:9 › UI Components › Social Links Component › social links have proper attributes 
    [mobile-chrome] › e2e/components.spec.ts:57:9 › UI Components › Navigation › navigation links are present 
    [mobile-chrome] › e2e/components.spec.ts:63:9 › UI Components › Navigation › logo/link to home exists 
    [mobile-chrome] › e2e/components.spec.ts:70:9 › UI Components › Buttons and CTAs › primary buttons are styled 
    [mobile-chrome] › e2e/components.spec.ts:76:9 › UI Components › Buttons and CTAs › button links are accessible 
    [mobile-chrome] › e2e/components.spec.ts:84:9 › UI Components › Form Elements › form inputs have labels or placeholders 
    [mobile-chrome] › e2e/components.spec.ts:92:11 › UI Components › Form Elements › form has submit button 
    [mobile-chrome] › e2e/components.spec.ts:106:9 › UI Components › Typographic Elements › heading hierarchy exists 
    [mobile-chrome] › e2e/components.spec.ts:114:9 › UI Components › Typographic Elements › body text is present 
    [mobile-chrome] › e2e/components.spec.ts:122:9 › UI Components › Cards and Sections › content cards are rendered 
    [mobile-chrome] › e2e/components.spec.ts:128:9 › UI Components › Cards and Sections › sections have proper spacing 
    [mobile-chrome] › e2e/components.spec.ts:139:7 › Responsive Components › mobile layout adapts ──
    [mobile-chrome] › e2e/components.spec.ts:147:7 › Responsive Components › mobile menu button exists when needed 
    [mobile-chrome] › e2e/components.spec.ts:163:7 › Dark Mode / Theme › theme variables are defined 
    [mobile-chrome] › e2e/contact-integrations.spec.ts:4:7 › Contact & Integrations › contact form renders the documented fields 
    [mobile-chrome] › e2e/contact-integrations.spec.ts:16:7 › Contact & Integrations › contact form submit posts to /api/contact and shows success 
    [mobile-chrome] › e2e/contact-integrations.spec.ts:38:7 › Contact & Integrations › legal pages render with a heading 
    [mobile-chrome] › e2e/contact.spec.ts:4:7 › Contact form API › POST /api/contact with missing fields returns 400 
    [mobile-chrome] › e2e/contact.spec.ts:13:7 › Contact form API › POST /api/contact with invalid email returns 400 
    [mobile-chrome] › e2e/cookie-consent-flow.spec.ts:26:7 › Cookie consent banner › banner appears on first visit with no consent cookie 
    [mobile-chrome] › e2e/cookie-consent-flow.spec.ts:46:7 › Cookie consent banner › clicking Accept All persists a cookieConsent cookie 
    [mobile-chrome] › e2e/cookie-consent-flow.spec.ts:69:7 › Cookie consent banner › banner does not reappear on reload after Accept All 
    [mobile-chrome] › e2e/coverage.spec.ts:12:9 › Coverage - Full Path Testing › All Public API Endpoints › GET all data endpoints 
    [mobile-chrome] › e2e/customer-behavior.spec.ts:82:7 › Services page › renders h1 and service section headings 
    [mobile-chrome] › e2e/customer-behavior.spec.ts:89:7 › Services page › has a contact / book a call CTA 
    [mobile-chrome] › e2e/customer-behavior.spec.ts:97:7 › Services page › CTA links to contact or auth 
    [mobile-chrome] › e2e/customer-behavior.spec.ts:108:7 › Store – product listing › renders h1 ───
    [mobile-chrome] › e2e/customer-behavior.spec.ts:113:7 › Store – product listing › shows at least one product with a price 
    [mobile-chrome] › e2e/customer-behavior.spec.ts:119:7 › Store – product listing › clicking a product card navigates to product detail 
    [mobile-chrome] › e2e/customer-behavior.spec.ts:141:7 › Store – product detail › Cloud Architecture Audit shows name, price, and add-to-cart button 
    [mobile-chrome] › e2e/customer-behavior.spec.ts:148:7 › Store – product detail › digital product detail renders correctly 
    [mobile-chrome] › e2e/customer-behavior.spec.ts:163:7 › Store – product detail › related products section is rendered 
    [mobile-chrome] › e2e/customer-behavior.spec.ts:169:7 › Store – product detail › non-existent product ID renders a not-found page 
    [mobile-chrome] › e2e/customer-behavior.spec.ts:184:7 › Store – checkout API › POST /api/checkout without productId returns 4xx 
    [mobile-chrome] › e2e/customer-behavior.spec.ts:190:7 › Store – checkout API › POST /api/checkout with unknown productId returns 4xx 
    [mobile-chrome] › e2e/customer-behavior.spec.ts:201:7 › Order success page › renders a confirmation heading 
    [mobile-chrome] › e2e/customer-behavior.spec.ts:207:7 › Order success page › has a link back to store or home 
    [mobile-chrome] › e2e/customer-behavior.spec.ts:214:7 › Order success page › page body mentions order, confirmation, or thank-you 
    [mobile-chrome] › e2e/customer-behavior.spec.ts:225:7 › Blog › renders h1 and article list ─────
    [mobile-chrome] › e2e/customer-behavior.spec.ts:230:7 › Blog › at least one article link is present 
    [mobile-chrome] › e2e/customer-behavior.spec.ts:246:7 › Blog › clicking a blog post navigates to the article page 
    [mobile-chrome] › e2e/customer-behavior.spec.ts:268:7 › Docs › docs index renders a heading ────
    [mobile-chrome] › e2e/customer-behavior.spec.ts:277:7 › Contact form › renders name, email, and message fields plus Send Message button 
    [mobile-chrome] › e2e/customer-behavior.spec.ts:286:7 › Contact form › submitting empty form stays on contact page (HTML5 validation) 
    [mobile-chrome] › e2e/customer-behavior.spec.ts:292:7 › Contact form › typing a valid message into all fields is possible 
    [mobile-chrome] › e2e/customer-behavior.spec.ts:305:7 › Contact form API › missing name returns 400 
    [mobile-chrome] › e2e/customer-behavior.spec.ts:313:7 › Contact form API › invalid email returns 400 
    [mobile-chrome] › e2e/customer-behavior.spec.ts:321:7 › Contact form API › missing message returns 400 
    [mobile-chrome] › e2e/customer-behavior.spec.ts:329:7 › Contact form API › valid submission passes validation (not 4xx except rate-limit) @mutating 
    [mobile-chrome] › e2e/customer-behavior.spec.ts:348:7 › Auth – Login page › renders email, password fields and Sign In button 
    [mobile-chrome] › e2e/customer-behavior.spec.ts:356:7 › Auth – Login page › has a Create Account signup link 
    [mobile-chrome] › e2e/customer-behavior.spec.ts:362:7 › Auth – Login page › has a Forgot Password link 
    [mobile-chrome] › e2e/customer-behavior.spec.ts:372:7 › Auth – Login page › submitting blank stays on login page 
    [mobile-chrome] › e2e/customer-behavior.spec.ts:381:7 › Auth – Signup page › renders Full Name, email, password fields and Create Account button 
    [mobile-chrome] › e2e/customer-behavior.spec.ts:389:7 › Auth – Signup page › has a Sign In link back to login 
    [mobile-chrome] › e2e/customer-behavior.spec.ts:399:7 › Auth – Signup page › password mismatch shows an error 
    [mobile-chrome] › e2e/customer-behavior.spec.ts:412:7 › Auth – Forgot Password page › renders email input and a submit button 
    [mobile-chrome] › e2e/customer-behavior.spec.ts:423:7 › Newsletter subscribe API › valid email returns non-500 @mutating 
    [mobile-chrome] › e2e/customer-behavior.spec.ts:430:7 › Newsletter subscribe API › invalid email returns 400 
    [mobile-chrome] › e2e/customer-behavior.spec.ts:438:7 › Newsletter subscribe API › missing email returns 400 
    [mobile-chrome] › e2e/customer-behavior.spec.ts:448:7 › Unsubscribe API › missing email returns 400 
    [mobile-chrome] › e2e/customer-behavior.spec.ts:458:7 › Calendar booking API › GET /api/calendar/availability returns JSON (200 or 503) 
    [mobile-chrome] › e2e/customer-behavior.spec.ts:467:7 › Calendar booking API › POST /api/calendar/book without required fields returns 4xx or 503 
    [mobile-chrome] › e2e/customer-behavior.spec.ts:478:7 › Portal – unauthenticated › portal/waiting renders without crashing 
    [mobile-chrome] › e2e/customer-behavior.spec.ts:483:7 › Portal – unauthenticated › portal with fake token does not 500 
    [mobile-chrome] › e2e/customer-behavior.spec.ts:498:9 › Legal pages › Privacy page renders h1 ──
    [mobile-chrome] › e2e/customer-behavior.spec.ts:498:9 › Legal pages › Terms page renders h1 ────
    [mobile-chrome] › e2e/customer-behavior.spec.ts:498:9 › Legal pages › Cookies page renders h1 ──
    [mobile-chrome] › e2e/customer-behavior.spec.ts:498:9 › Legal pages › Refund page renders h1 ───
    [mobile-chrome] › e2e/customer-behavior.spec.ts:508:7 › Internationalisation › Greek locale /el renders without crashing 
    [mobile-chrome] › e2e/customer-behavior.spec.ts:513:7 › Internationalisation › both /en and /el homepages have an h1 
    [mobile-chrome] › e2e/customer-behavior.spec.ts:527:7 › 404 handling › unknown route returns 404 status 
    [mobile-chrome] › e2e/customer-behavior.spec.ts:532:7 › 404 handling › 404 page has a message and a home link 
    [mobile-chrome] › e2e/customer-behavior.spec.ts:544:7 › End-to-end visitor journeys › visitor reads services then reaches contact page via direct URL 
    [mobile-chrome] › e2e/customer-behavior.spec.ts:554:7 › End-to-end visitor journeys › visitor browses store grid and opens a product 
    [mobile-chrome] › e2e/customer-behavior.spec.ts:563:7 › End-to-end visitor journeys › visitor reads a blog post from the blog index 
    [mobile-chrome] › e2e/customer-behavior.spec.ts:583:7 › End-to-end visitor journeys › visitor fills the contact form and sees the send button 
    [mobile-chrome] › e2e/customer-journey.spec.ts:4:7 › Customer Journey › homepage shows hero heading and main landmark 
    [mobile-chrome] › e2e/customer-journey.spec.ts:11:7 › Customer Journey › services page renders an h1 
    [mobile-chrome] › e2e/customer-journey.spec.ts:16:7 › Customer Journey › store page renders an h1 
    [mobile-chrome] › e2e/customer-journey.spec.ts:21:7 › Customer Journey › blog page renders an h1 
    [mobile-chrome] › e2e/customer-journey.spec.ts:26:7 › Customer Journey › contact page renders the form 
    [mobile-chrome] › e2e/dashboard-deep.spec.mts:32:5 › Dashboard unauthenticated › unauth /en/dashboard — redirects to login or shows sign-in CTA 
    [mobile-chrome] › e2e/dashboard-deep.spec.mts:32:5 › Dashboard unauthenticated › unauth /en/dashboard/consultations — redirects to login or shows sign-in CTA 
    [mobile-chrome] › e2e/dashboard-deep.spec.mts:32:5 › Dashboard unauthenticated › unauth /en/dashboard/profile — redirects to login or shows sign-in CTA 
    [mobile-chrome] › e2e/dashboard-deep.spec.mts:32:5 › Dashboard unauthenticated › unauth /en/dashboard/purchases — redirects to login or shows sign-in CTA 
    [mobile-chrome] › e2e/dashboard-deep.spec.mts:32:5 › Dashboard unauthenticated › unauth /en/dashboard/settings — redirects to login or shows sign-in CTA 
    [mobile-chrome] › e2e/dashboard-deep.spec.mts:96:5 › User APIs without auth › unauth GET /api/user/consultations — returns 401/403 
    [mobile-chrome] › e2e/dashboard-deep.spec.mts:96:5 › User APIs without auth › unauth GET /api/user/purchases — returns 401/403 
    [mobile-chrome] › e2e/dashboard-deep.spec.mts:96:5 › User APIs without auth › unauth GET /api/newsletter/send — returns 401/403 
    [mobile-chrome] › e2e/dashboard-gaps-sweep.spec.ts:33:9 › Dashboard sub-pages (unauthenticated) › /en/dashboard/consultations — redirects to login or renders sign-in CTA 
    [mobile-chrome] › e2e/dashboard-gaps-sweep.spec.ts:33:9 › Dashboard sub-pages (unauthenticated) › /en/dashboard/profile — redirects to login or renders sign-in CTA 
    [mobile-chrome] › e2e/dashboard-gaps-sweep.spec.ts:33:9 › Dashboard sub-pages (unauthenticated) › /en/dashboard/purchases — redirects to login or renders sign-in CTA 
    [mobile-chrome] › e2e/dashboard-gaps-sweep.spec.ts:33:9 › Dashboard sub-pages (unauthenticated) › /en/dashboard/settings — redirects to login or renders sign-in CTA 
    [mobile-chrome] › e2e/dashboard-gaps-sweep.spec.ts:66:7 › /auth/post-login bridge route › renders without 5xx for unauthenticated users 
    [mobile-chrome] › e2e/dashboard.spec.ts:4:7 › Dashboard › login page is accessible ─────────────
    [mobile-chrome] › e2e/dashboard.spec.ts:13:7 › Dashboard › /dashboard redirects unauthenticated users to login 
    [mobile-chrome] › e2e/dynamic-detail-pages.spec.ts:49:7 › Dynamic public detail pages › /blog/[slug] — unknown slug returns documented 404 
    [mobile-chrome] › e2e/dynamic-detail-pages.spec.ts:66:7 › Dynamic public detail pages › /case-studies/[slug] — unknown slug 
    [mobile-chrome] › e2e/dynamic-detail-pages.spec.ts:80:7 › Dynamic public detail pages › /docs/[slug] — unknown slug 
    [mobile-chrome] › e2e/dynamic-detail-pages.spec.ts:86:7 › Dynamic public detail pages › /store/[id] — fallback when product list empty 
    [mobile-chrome] › e2e/dynamic-detail-pages.spec.ts:102:7 › Admin detail routes › /admin/reports/[id] — gated on admin auth 
    [mobile-chrome] › e2e/encryption-compression.spec.ts:18:9 › compression — HTTP responses are compressed when client supports it › gzip is offered for /en 
    [mobile-chrome] › e2e/encryption-compression.spec.ts:33:9 › compression — HTTP responses are compressed when client supports it › brotli is offered for /en when client supports it 
    [mobile-chrome] › e2e/encryption-compression.spec.ts:18:9 › compression — HTTP responses are compressed when client supports it › gzip is offered for /api/health 
    [mobile-chrome] › e2e/encryption-compression.spec.ts:33:9 › compression — HTTP responses are compressed when client supports it › brotli is offered for /api/health when client supports it 
    [mobile-chrome] › e2e/encryption-compression.spec.ts:46:7 › compression — HTTP responses are compressed when client supports it › response body for /en is materially compressible (>2KB) 
    [mobile-chrome] › e2e/encryption-compression.spec.ts:60:7 › encryption — HTTPS posture and secret-leak protection › HSTS is preload-eligible (max-age + includeSubDomains + preload) 
    [mobile-chrome] › e2e/encryption-compression.spec.ts:73:7 › encryption — HTTPS posture and secret-leak protection › the app never echoes raw upstream error text in /api/admin/notion/status 
    [mobile-chrome] › e2e/encryption-compression.spec.ts:89:7 › encryption — HTTPS posture and secret-leak protection › CSP report endpoint accepts violations without echoing user input 
    [mobile-chrome] › e2e/encryption-compression.spec.ts:108:7 › encryption — HTTPS posture and secret-leak protection › response body length for /api/health is small + cacheable 
    [mobile-chrome] › e2e/encryption-compression.spec.ts:126:7 › encryption — HTTPS posture and secret-leak protection › X-Powered-By is suppressed across multiple routes (consistent posture) 
    [mobile-chrome] › e2e/form-submission-flows.spec.ts:24:7 › Contact form (/en/contact) › submitting empty form keeps the user on the contact page 
    [mobile-chrome] › e2e/form-submission-flows.spec.ts:40:7 › Contact form (/en/contact) › well-formed submit hits /api/contact and gets a non-5xx 
    [mobile-chrome] › e2e/form-submission-flows.spec.ts:77:7 › Signup form (/en/auth/signup) › empty submit stays on the signup page 
    [mobile-chrome] › e2e/form-submission-flows.spec.ts:93:7 › Signup form (/en/auth/signup) › mismatched passwords do not navigate away 
    [mobile-chrome] › e2e/form-submission-flows.spec.ts:126:7 › Forgot-password form (/en/auth/forgot-password) › empty submit keeps the user on the page 
    [mobile-chrome] › e2e/form-submission-flows.spec.ts:142:7 › Forgot-password form (/en/auth/forgot-password) › well-formed email does not produce a 5xx 
    [mobile-chrome] › e2e/fullstack-frontend-backend.spec.ts:56:9 › Full-stack frontend coverage › public route responds and renders main content: /en 
    [mobile-chrome] › e2e/github-agentic-workflows.spec.ts:27:11 › GitHub Agentic Workflows - Infrastructure › Agentic Workflow Files › workflow ci-babysitter-agentic.yml has valid YAML structure 
    [mobile-chrome] › e2e/github-agentic-workflows.spec.ts:27:11 › GitHub Agentic Workflows - Infrastructure › Agentic Workflow Files › workflow pr-review-agentic.yml has valid YAML structure 
    [mobile-chrome] › e2e/github-agentic-workflows.spec.ts:92:9 › GitHub Agentic Workflows - Infrastructure › Security Architecture › workflows follow read-only token pattern 
    [mobile-chrome] › e2e/github-agentic-workflows.spec.ts:106:9 › GitHub Agentic Workflows - Infrastructure › Security Architecture › no hard-coded API keys in workflow files 
    [mobile-chrome] › e2e/health.spec.ts:10:7 › Health API › GET /api/health returns 200 with status payload 
    [mobile-chrome] › e2e/health.spec.ts:22:7 › Health API › health response is fresh (timestamp within last 10s) 
    [mobile-chrome] › e2e/homepage.spec.ts:4:7 › Homepage › loads with correct title ───────────────
    [mobile-chrome] › e2e/homepage.spec.ts:9:7 › Homepage › has no broken internal links on homepage (4xx) 
    [mobile-chrome] › e2e/homepage.spec.ts:26:7 › Homepage › renders above-the-fold content without JS errors 
    [mobile-chrome] › e2e/homepage.spec.ts:36:7 › Homepage › has meta description and OG tags ──────
    [mobile-chrome] › e2e/homepage.spec.ts:49:7 › Homepage › has cloudless.gr canonical URL (not personal name) 
    [mobile-chrome] › e2e/i18n-not-found.spec.ts:49:9 › 404 page localization › en renders translated 404 strings 
    [mobile-chrome] › e2e/i18n-not-found.spec.ts:49:9 › 404 page localization › el renders translated 404 strings 
    [mobile-chrome] › e2e/i18n-not-found.spec.ts:49:9 › 404 page localization › fr renders translated 404 strings 
    [mobile-chrome] › e2e/i18n-not-found.spec.ts:49:9 › 404 page localization › de renders translated 404 strings 
    [mobile-chrome] › e2e/i18n-not-found.spec.ts:63:7 › 404 page localization › the 'Back to Home' CTA is a real internal link 
    [mobile-chrome] › e2e/i18n.spec.ts:7:9 › Internationalization › page loads in en ───────────────
    [mobile-chrome] › e2e/i18n.spec.ts:7:9 › Internationalization › page loads in el ───────────────
    [mobile-chrome] › e2e/i18n.spec.ts:7:9 › Internationalization › page loads in fr ───────────────
    [mobile-chrome] › e2e/i18n.spec.ts:17:7 › Internationalization › can switch locales ────────────
    [mobile-chrome] › e2e/integrations-contracts.spec.ts:40:7 › Integrations contracts › Notion blog API returns posts with source marker 
    [mobile-chrome] › e2e/journey-admin-tour.spec.ts:16:7 › Admin dashboard tour › admin can land on /admin and see dashboard 
    [mobile-chrome] › e2e/journey-admin-tour.spec.ts:25:7 › Admin dashboard tour › admin can navigate to analytics 
    [mobile-chrome] › e2e/journey-admin-tour.spec.ts:30:7 › Admin dashboard tour › admin can navigate to CRM 
    [mobile-chrome] › e2e/journey-admin-tour.spec.ts:35:7 › Admin dashboard tour › admin can navigate to campaigns 
    [mobile-chrome] › e2e/journey-admin-tour.spec.ts:40:7 › Admin dashboard tour › admin can navigate to calendar 
    [mobile-chrome] › e2e/journey-admin-tour.spec.ts:45:7 › Admin dashboard tour › admin sidebar has navigation links to other sections 
    [mobile-chrome] › e2e/journey-admin-tour.spec.ts:54:7 › Admin dashboard tour › non-admin (no cookie) gets redirected away from /admin 
    [mobile-chrome] › e2e/journey-blog-nav.spec.ts:9:7 › Blog navigation flow › /en/blog renders post list with at least 1 link to a post 
    [mobile-chrome] › e2e/journey-blog-nav.spec.ts:16:7 › Blog navigation flow › clicking the first post opens a detail page with content 
    [mobile-chrome] › e2e/journey-blog-nav.spec.ts:41:7 › Blog navigation flow › /en/blog has SEO basics (title + meta description) 
    [mobile-chrome] › e2e/journey-contact-lead.spec.ts:11:7 › Contact lead flow › visitor lands on home → navigates to contact → submits → sees success 
    [mobile-chrome] › e2e/journey-contact-lead.spec.ts:56:7 › Contact lead flow › contact form rejects empty submit with visible error or no nav 
    [mobile-chrome] › e2e/journey-store-checkout.spec.ts:12:7 › Store checkout flow › /en/store renders product cards 
    [mobile-chrome] › e2e/journey-store-checkout.spec.ts:20:7 › Store checkout flow › /api/checkout returns 4xx for unknown productId 
    [mobile-chrome] › e2e/journey-store-checkout.spec.ts:28:7 › Store checkout flow › /api/checkout rejects empty body with 4xx 
    [mobile-chrome] › e2e/journey-store-checkout.spec.ts:34:7 › Store checkout flow › clicking a product on /store opens a detail page (when products exist) 
    [mobile-chrome] › e2e/journey-store-checkout.spec.ts:49:7 › Store checkout flow › /en/order-success renders confirmation heading 
    [mobile-chrome] › e2e/journey-theme-locale.spec.ts:20:7 › Theme switcher › light theme applies data-theme=light and persists 
    [mobile-chrome] › e2e/journey-theme-locale.spec.ts:44:7 › Theme switcher › dark theme applies data-theme=dark 
    [mobile-chrome] › e2e/journey-theme-locale.spec.ts:64:7 › Locale switcher › switching to Greek navigates to /el 
    [mobile-chrome] › e2e/journey-theme-locale.spec.ts:93:7 › Locale switcher › /el shows Greek content (html lang=el) 
    [mobile-chrome] › e2e/journeys/admin-journey.spec.ts:15:7 › Admin User Journey › should allow admin to navigate to login page 
    [mobile-chrome] › e2e/journeys/admin-journey.spec.ts:25:7 › Admin User Journey › should show admin login form with required fields 
    [mobile-chrome] › e2e/journeys/admin-journey.spec.ts:39:7 › Admin User Journey › should allow admin to login with valid credentials (test credentials) 
    [mobile-chrome] › e2e/journeys/admin-journey.spec.ts:59:7 › Admin User Journey › should show appropriate error for invalid login credentials 
    [mobile-chrome] › e2e/journeys/admin-journey.spec.ts:77:7 › Admin User Journey › should allow admin to access dashboard after login (if credentials work) 
    [mobile-chrome] › e2e/journeys/admin-journey.spec.ts:90:7 › Admin User Journey › should show admin dashboard widgets and navigation after login 
    [mobile-chrome] › e2e/journeys/admin-journey.spec.ts:104:7 › Admin User Journey › should allow admin to navigate to different admin sections 
    [mobile-chrome] › e2e/journeys/admin-journey.spec.ts:124:7 › Admin User Journey › should allow admin to log out 
    [mobile-chrome] › e2e/journeys/auth-journey.spec.ts:21:9 › Authentication Journey › Login Flow › should allow user to login with valid credentials 
    [mobile-chrome] › e2e/journeys/auth-journey.spec.ts:58:9 › Authentication Journey › Login Flow › should show error for invalid login credentials 
    [mobile-chrome] › e2e/journeys/auth-journey.spec.ts:92:9 › Authentication Journey › Login Flow › should show validation errors for empty login fields 
    [mobile-chrome] › e2e/journeys/auth-journey.spec.ts:118:9 › Authentication Journey › Registration Flow › should allow user to register with valid information 
    [mobile-chrome] › e2e/journeys/auth-journey.spec.ts:162:9 › Authentication Journey › Registration Flow › should show error for duplicate email registration 
    [mobile-chrome] › e2e/journeys/auth-journey.spec.ts:202:9 › Authentication Journey › Registration Flow › should show validation errors for empty registration fields 
    [mobile-chrome] › e2e/journeys/auth-journey.spec.ts:230:9 › Authentication Journey › Registration Flow › should show validation error for password mismatch 
    [mobile-chrome] › e2e/journeys/auth-journey.spec.ts:272:9 › Authentication Journey › Password Reset Flow › should allow user to request password reset 
    [mobile-chrome] › e2e/journeys/auth-journey.spec.ts:310:9 › Authentication Journey › Password Reset Flow › should show error for non-existent email in password reset 
    [mobile-chrome] › e2e/journeys/auth-journey.spec.ts:348:9 › Authentication Journey › Logout Flow › should allow user to logout successfully 
    [mobile-chrome] › e2e/journeys/auth-journey.spec.ts:378:9 › Authentication Journey › Session Persistence › should maintain session across page reloads 
    [mobile-chrome] › e2e/journeys/auth-journey.spec.ts:395:9 › Authentication Journey › Session Persistence › should maintain session across navigation 
    [mobile-chrome] › e2e/journeys/auth-journey.spec.ts:424:9 › Authentication Journey › Responsive Design › should work correctly on mobile 
    [mobile-chrome] › e2e/journeys/auth-journey.spec.ts:460:9 › Authentication Journey › Responsive Design › should work correctly on tablet 
    [mobile-chrome] › e2e/journeys/auth-journey.spec.ts:496:9 › Authentication Journey › Responsive Design › should work correctly on desktop 
    [mobile-chrome] › e2e/journeys/auth-journey.spec.ts:534:9 › Authentication Journey › Accessibility › should have accessible login form 
    [mobile-chrome] › e2e/journeys/auth-journey.spec.ts:580:9 › Authentication Journey › Accessibility › should have accessible registration form 
    [mobile-chrome] › e2e/journeys/auth-journey.spec.ts:648:9 › Authentication Journey › Performance › should load login page within reasonable time 
    [mobile-chrome] › e2e/journeys/auth-journey.spec.ts:664:9 › Authentication Journey › Performance › should complete login process within reasonable time 
    [mobile-chrome] › e2e/journeys/blog-journey.spec.ts:15:7 › Blog User Journey › should allow user to browse blog posts 
    [mobile-chrome] › e2e/journeys/blog-journey.spec.ts:31:7 › Blog User Journey › should allow user to view individual blog post 
    [mobile-chrome] › e2e/journeys/blog-journey.spec.ts:53:7 › Blog User Journey › should allow user to search blog posts 
    [mobile-chrome] › e2e/journeys/blog-journey.spec.ts:72:7 › Blog User Journey › should allow user to filter blog by category or tag 
    [mobile-chrome] › e2e/journeys/blog-journey.spec.ts:89:7 › Blog User Journey › should allow user to subscribe to blog newsletter 
    [mobile-chrome] › e2e/journeys/contact-journey.spec.ts:15:7 › Contact User Journey › should allow user to navigate to contact page 
    [mobile-chrome] › e2e/journeys/contact-journey.spec.ts:25:7 › Contact User Journey › should display contact form with required fields 
    [mobile-chrome] › e2e/journeys/contact-journey.spec.ts:40:7 › Contact User Journey › should allow user to submit contact form with valid data 
    [mobile-chrome] › e2e/journeys/contact-journey.spec.ts:60:7 › Contact User Journey › should validate contact form data and show errors for invalid input 
    [mobile-chrome] › e2e/journeys/contact-journey.spec.ts:77:7 › Contact User Journey › should validate email format in contact form 
    [mobile-chrome] › e2e/journeys/contact-journey.spec.ts:97:7 › Contact User Journey › should allow user to view contact information (phone, address, etc.) 
    [mobile-chrome] › e2e/journeys/ecommerce-journey.spec.ts:16:7 › E-commerce User Journey › should allow user to browse products and add to cart 
    [mobile-chrome] › e2e/journeys/ecommerce-journey.spec.ts:59:9 › E-commerce User Journey › should allow user to view cart and proceed to checkout 
    [mobile-chrome] › e2e/journeys/ecommerce-journey.spec.ts:257:7 › E-commerce User Journey › should allow user to complete checkout process 
    [mobile-chrome] › e2e/journeys/ecommerce-journey.spec.ts:480:7 › E-commerce User Journey › should allow user to view order history 
    [mobile-chrome] › e2e/journeys/ecommerce-journey.spec.ts:509:7 › E-commerce User Journey › should allow user to manage profile 
    [mobile-chrome] › e2e/locale-pages-sweep.spec.ts:57:11 › Locale: el — public pages › /el renders without missing-translation 5xx 
    [mobile-chrome] › e2e/migrated/admin-api.spec.ts:37:9 › Admin API — auth-gated mounted routes › GET /api/admin/calendar rejects unauthenticated requests with 401/403 
    [mobile-chrome] › e2e/migrated/admin-api.spec.ts:37:9 › Admin API — auth-gated mounted routes › GET /api/admin/kpi rejects unauthenticated requests with 401/403 
    [mobile-chrome] › e2e/migrated/admin-api.spec.ts:37:9 › Admin API — auth-gated mounted routes › GET /api/admin/notion/blog rejects unauthenticated requests with 401/403 
    [mobile-chrome] › e2e/migrated/admin-api.spec.ts:37:9 › Admin API — auth-gated mounted routes › GET /api/admin/notion/docs rejects unauthenticated requests with 401/403 
    [mobile-chrome] › e2e/migrated/admin-api.spec.ts:37:9 › Admin API — auth-gated mounted routes › GET /api/admin/notion/submissions rejects unauthenticated requests with 401/403 
    [mobile-chrome] › e2e/migrated/admin-api.spec.ts:37:9 › Admin API — auth-gated mounted routes › GET /api/admin/notion/tasks rejects unauthenticated requests with 401/403 
    [mobile-chrome] › e2e/migrated/admin-api.spec.ts:37:9 › Admin API — auth-gated mounted routes › GET /api/admin/ab-tests rejects unauthenticated requests with 401/403 
    [mobile-chrome] › e2e/migrated/admin-api.spec.ts:37:9 › Admin API — auth-gated mounted routes › GET /api/admin/client-portals rejects unauthenticated requests with 401/403 
    [mobile-chrome] › e2e/migrated/admin-api.spec.ts:37:9 › Admin API — auth-gated mounted routes › GET /api/admin/users rejects unauthenticated requests with 401/403 
    [mobile-chrome] › e2e/migrated/admin-api.spec.ts:37:9 › Admin API — auth-gated mounted routes › GET /api/admin/workspaces rejects unauthenticated requests with 401/403 
    [mobile-chrome] › e2e/migrated/admin-api.spec.ts:37:9 › Admin API — auth-gated mounted routes › GET /api/admin/orders rejects unauthenticated requests with 401/403 
    [mobile-chrome] › e2e/migrated/admin-api.spec.ts:37:9 › Admin API — auth-gated mounted routes › GET /api/admin/integrations/status rejects unauthenticated requests with 401/403 
    [mobile-chrome] › e2e/migrated/admin-api.spec.ts:37:9 › Admin API — auth-gated mounted routes › GET /api/admin/notifications rejects unauthenticated requests with 401/403 
    [mobile-chrome] › e2e/migrated/admin-api.spec.ts:37:9 › Admin API — auth-gated mounted routes › GET /api/admin/ops/monitor rejects unauthenticated requests with 401/403 
    [mobile-chrome] › e2e/migrated/admin-api.spec.ts:57:9 › Admin API — unmounted parent paths › GET /api/admin/analytics is the not-found HTML page (no API exposed) 
    [mobile-chrome] › e2e/migrated/admin-api.spec.ts:57:9 › Admin API — unmounted parent paths › GET /api/admin/campaigns is the not-found HTML page (no API exposed) 
    [mobile-chrome] › e2e/migrated/admin-api.spec.ts:57:9 › Admin API — unmounted parent paths › GET /api/admin/crm is the not-found HTML page (no API exposed) 
    [mobile-chrome] › e2e/migrated/admin-api.spec.ts:57:9 › Admin API — unmounted parent paths › GET /api/admin/email is the not-found HTML page (no API exposed) 
    [mobile-chrome] › e2e/migrated/admin-api.spec.ts:57:9 › Admin API — unmounted parent paths › GET /api/admin/pipeline is the not-found HTML page (no API exposed) 
    [mobile-chrome] › e2e/migrated/admin-api.spec.ts:57:9 › Admin API — unmounted parent paths › GET /api/admin/projects is the not-found HTML page (no API exposed) 
    [mobile-chrome] › e2e/migrated/admin-api.spec.ts:68:7 › Admin API — cache control › GET /api/admin/cache returns 401 or 405 
    [mobile-chrome] › e2e/migrated/admin-api.spec.ts:75:7 › Admin API — POST endpoints require auth › POST /api/admin/ai/analytics-orchestration without auth → 401 
    [mobile-chrome] › e2e/migrated/admin-api.spec.ts:80:7 › Admin API — POST endpoints require auth › POST /api/admin/ai/analytics-orchestration/pdf without auth → 401 
    [mobile-chrome] › e2e/migrated/i18n-branches.spec.ts:9:7 › Locale negotiation branches › root / redirects to default locale 
    [mobile-chrome] › e2e/migrated/i18n-branches.spec.ts:18:7 › Locale negotiation branches › Accept-Language: el prefers Greek 
    [mobile-chrome] › e2e/migrated/i18n-branches.spec.ts:30:7 › Locale negotiation branches › known locale /en returns 200 
    [mobile-chrome] › e2e/migrated/i18n-branches.spec.ts:35:7 › Locale negotiation branches › known locale /el returns 200 
    [mobile-chrome] › e2e/migrated/i18n-branches.spec.ts:40:7 › Locale negotiation branches › unknown locale /zz falls back or 404s 
    [mobile-chrome] › e2e/migrated/i18n-branches.spec.ts:45:7 › Locale negotiation branches › invalid locale code with special chars 404s 
    [mobile-chrome] › e2e/migrated/i18n-branches.spec.ts:50:7 › Locale negotiation branches › HTML lang attribute matches the served locale 
    [mobile-chrome] › e2e/migrated/i18n-branches.spec.ts:58:7 › Locale-aware navigation links › internal links carry the active locale prefix 
    [mobile-chrome] › e2e/migrated/integrations.spec.ts:4:7 › Calendar API › GET /api/calendar/availability responds (any 2xx-5xx accepted in CI/dev) 
    [mobile-chrome] › e2e/migrated/integrations.spec.ts:11:7 › Blog (public) › GET /en/blog renders with a heading 
    [mobile-chrome] › e2e/migrated/integrations.spec.ts:20:9 › i18n routing › GET /en returns 200 ──
    [mobile-chrome] › e2e/migrated/integrations.spec.ts:20:9 › i18n routing › GET /el returns 200 ──
    [mobile-chrome] › e2e/migrated/integrations.spec.ts:26:7 › i18n routing › GET /zz unknown locale falls back or 404s 
    [mobile-chrome] › e2e/migrated/integrations.spec.ts:33:7 › A/B flags › GET /api/ab/variant responds without 5xx 
    [mobile-chrome] › e2e/migrated/integrations.spec.ts:40:7 › Search / Notion-backed lookups › GET /api/search responds without 5xx 
    [mobile-chrome] › e2e/migrated/integrations.spec.ts:47:7 › Store page › /en/store loads with 200 and renders content 
    [mobile-chrome] › e2e/migrated/jwt-branches.spec.ts:12:7 › Authorization header parsing branches › no header → 401 
    [mobile-chrome] › e2e/migrated/jwt-branches.spec.ts:17:7 › Authorization header parsing branches › empty Authorization → 401 
    [mobile-chrome] › e2e/migrated/jwt-branches.spec.ts:22:7 › Authorization header parsing branches › Authorization missing 'Bearer ' prefix → 401 
    [mobile-chrome] › e2e/migrated/jwt-branches.spec.ts:27:7 › Authorization header parsing branches › Authorization 'Bearer ' with empty token → 401 
    [mobile-chrome] › e2e/migrated/jwt-branches.spec.ts:32:7 › Authorization header parsing branches › Authorization 'Bearer' (no space) → 401 
    [mobile-chrome] › e2e/migrated/jwt-branches.spec.ts:37:7 › Authorization header parsing branches › Authorization with non-JWT junk → 401 
    [mobile-chrome] › e2e/migrated/jwt-branches.spec.ts:42:7 › Authorization header parsing branches › Authorization with structurally-valid JWT but bad signature → 401 
    [mobile-chrome] › e2e/migrated/jwt-branches.spec.ts:51:7 › Authorization header parsing branches › Authorization with lowercased 'bearer ' → 401 
    [mobile-chrome] › e2e/migrated/public-api.spec.ts:7:7 › Public API — contract › GET /api/health returns 200 with status+timestamp+version 
    [mobile-chrome] › e2e/migrated/public-api.spec.ts:16:7 › Public API — contract › POST /api/contact rejects empty body 
    [mobile-chrome] › e2e/migrated/public-api.spec.ts:21:7 › Public API — contract › POST /api/contact rejects invalid email 
    [mobile-chrome] › e2e/migrated/public-api.spec.ts:28:7 › Public API — contract › POST /api/subscribe rejects missing email 
    [mobile-chrome] › e2e/migrated/public-api.spec.ts:33:7 › Public API — contract › POST /api/subscribe rejects invalid email 
    [mobile-chrome] › e2e/migrated/public-api.spec.ts:38:7 › Public API — contract › GET /api/unsubscribe without token returns 4xx 
    [mobile-chrome] › e2e/migrated/public-api.spec.ts:44:7 › Public API — contract › POST /api/csp-report accepts an empty body 
    [mobile-chrome] › e2e/migrated/public-api.spec.ts:49:7 › Public API — contract › GET /api/pwa-manifest returns JSON manifest 
    [mobile-chrome] › e2e/migrated/validation-branches.spec.ts:15:7 › Contact validation branches › rejects empty name 
    [mobile-chrome] › e2e/migrated/validation-branches.spec.ts:22:7 › Contact validation branches › rejects oversized message (10KB+) 
    [mobile-chrome] › e2e/migrated/validation-branches.spec.ts:29:7 › Contact validation branches › rejects message containing only whitespace 
    [mobile-chrome] › e2e/migrated/validation-branches.spec.ts:36:7 › Contact validation branches › rejects non-string field types 
    [mobile-chrome] › e2e/migrated/validation-branches.spec.ts:45:7 › Subscribe email validation branches › rejects email missing @ 
    [mobile-chrome] › e2e/migrated/validation-branches.spec.ts:50:7 › Subscribe email validation branches › rejects email with leading whitespace 
    [mobile-chrome] › e2e/migrated/validation-branches.spec.ts:55:7 › Subscribe email validation branches › rejects email with two @ 
    [mobile-chrome] › e2e/migrated/validation-branches.spec.ts:60:7 › Subscribe email validation branches › rejects null email 
    [mobile-chrome] › e2e/migrated/validation-branches.spec.ts:67:7 › Webhook signature validation branches › Stripe rejects empty signature header 
    [mobile-chrome] › e2e/migrated/validation-branches.spec.ts:76:7 › Webhook signature validation branches › Stripe rejects malformed signature 
    [mobile-chrome] › e2e/migrated/webhooks.spec.ts:11:7 › Webhook signature gates › POST /api/webhooks/stripe without signature → 400 
    [mobile-chrome] › e2e/migrated/webhooks.spec.ts:16:7 › Webhook signature gates › POST /api/webhooks/stripe with bad signature → 400 
    [mobile-chrome] › e2e/migrated/webhooks.spec.ts:24:7 › Webhook signature gates › POST /api/webhooks/espocrm without secret → 4xx 
    [mobile-chrome] › e2e/migrated/webhooks.spec.ts:32:7 › Webhook signature gates › POST /api/webhooks/notion without signature → 4xx 
    [mobile-chrome] › e2e/migrated/webhooks.spec.ts:47:9 › Cron endpoints — auth gate › GET /api/cron/slack-digest without cron secret → 401/403/404 
    [mobile-chrome] › e2e/migrated/webhooks.spec.ts:47:9 › Cron endpoints — auth gate › GET /api/cron/digest without cron secret → 401/403/404 
    [mobile-chrome] › e2e/migrated/webhooks.spec.ts:47:9 › Cron endpoints — auth gate › GET /api/cron/sync without cron secret → 401/403/404 
    [mobile-chrome] › e2e/migrated/webhooks.spec.ts:47:9 › Cron endpoints — auth gate › GET /api/cron/refresh-cache without cron secret → 401/403/404 
    [mobile-chrome] › e2e/mobile-responsive.spec.ts:4:7 › Mobile & Responsive › homepage main and h1 are visible on the active viewport 
    [mobile-chrome] › e2e/mobile-responsive.spec.ts:10:7 › Mobile & Responsive › homepage exposes at least one navigable link 
    [mobile-chrome] › e2e/mobile-responsive.spec.ts:17:7 › Mobile & Responsive › footer contact link reaches the contact page 
    [mobile-chrome] › e2e/notion-cms.spec.ts:39:7 › AppFlowy CMS — /blog › renders the blog header and search input 
    [mobile-chrome] › e2e/notion-cms.spec.ts:47:7 › AppFlowy CMS — /blog › lists at least one post card linking to /blog/[slug] 
    [mobile-chrome] › e2e/notion-cms.spec.ts:56:7 › AppFlowy CMS — /blog › search query is preserved in the input 
    [mobile-chrome] › e2e/notion-cms.spec.ts:61:7 › AppFlowy CMS — /blog › nonexistent search yields empty-state message 
    [mobile-chrome] › e2e/notion-cms.spec.ts:70:7 › AppFlowy CMS — /blog/[slug] › static fallback post renders an article heading 
    [mobile-chrome] › e2e/notion-cms.spec.ts:76:7 › AppFlowy CMS — /blog/[slug] › nonexistent slug renders the 404 page 
    [mobile-chrome] › e2e/notion-cms.spec.ts:85:7 › AppFlowy CMS — /api/blog/posts contract › returns a non-empty array of posts with required fields 
    [mobile-chrome] › e2e/notion-cms.spec.ts:104:7 › AppFlowy CMS — /docs › renders the docs header and search input 
    [mobile-chrome] › e2e/notion-cms.spec.ts:113:7 › AppFlowy CMS — /docs › renders either category headings or the empty state 
    [mobile-chrome] › e2e/notion-cms.spec.ts:120:7 › AppFlowy CMS — /docs › filtering with no matches shows the no-results state 
    [mobile-chrome] › e2e/notion-cms.spec.ts:130:7 › AppFlowy CMS — /api/docs contract › returns an array (empty or populated) with required fields 
    [mobile-chrome] › e2e/notion-cms.spec.ts:150:7 › AppFlowy CMS — /api/testimonials contract › returns an array with required fields 
    [mobile-chrome] › e2e/notion-cms.spec.ts:167:7 › AppFlowy CMS — /api/testimonials contract › featured endpoint returns only featured items 
    [mobile-chrome] › e2e/notion-cms.spec.ts:180:7 › AppFlowy CMS — testimonials on homepage › homepage renders at least one testimonial quote 
    [mobile-chrome] › e2e/notion-cms.spec.ts:198:7 › AppFlowy CMS — /services page › renders the services heading 
    [mobile-chrome] › e2e/notion-cms.spec.ts:206:7 › AppFlowy CMS — /services page › lists service cards on the services page 
    [mobile-chrome] › e2e/notion-cms.spec.ts:220:7 › AppFlowy CMS — /api/services contract › returns a non-empty array with required fields 
    [mobile-chrome] › e2e/notion-cms.spec.ts:235:7 › AppFlowy CMS — /api/services contract › category filter returns only matching services 
    [mobile-chrome] › e2e/notion-cms.spec.ts:252:7 › AppFlowy CMS — /api/faqs contract › returns a non-empty array with required fields 
    [mobile-chrome] › e2e/notion-cms.spec.ts:266:7 › AppFlowy CMS — /api/faqs contract › category filter returns only matching faqs 
    [mobile-chrome] › e2e/notion-cms.spec.ts:276:7 › AppFlowy CMS — /api/faqs contract › locale filter returns faqs for that locale or global ones 
    [mobile-chrome] › e2e/notion-cms.spec.ts:291:7 › AppFlowy CMS — /case-studies page › renders the case studies heading 
    [mobile-chrome] › e2e/notion-cms.spec.ts:297:7 › AppFlowy CMS — /case-studies page › lists case studies on the case-studies page 
    [mobile-chrome] › e2e/notion-cms.spec.ts:310:7 › AppFlowy CMS — /case-studies/[slug] › static fallback case study renders an article heading 
    [mobile-chrome] › e2e/notion-cms.spec.ts:316:7 › AppFlowy CMS — /case-studies/[slug] › nonexistent slug renders the 404 page 
    [mobile-chrome] › e2e/notion-cms.spec.ts:325:7 › AppFlowy CMS — /api/case-studies contract › returns an array with required fields 
    [mobile-chrome] › e2e/notion-cms.spec.ts:342:7 › AppFlowy CMS — /api/case-studies contract › featured filter returns only featured case studies 
    [mobile-chrome] › e2e/notion-cms.spec.ts:353:7 › AppFlowy CMS — /api/case-studies contract › slug endpoint returns a case study or 404 when not found 
    [mobile-chrome] › e2e/notion-cms.spec.ts:367:7 › AppFlowy CMS — /api/case-studies contract › unknown slug returns 404 
    [mobile-chrome] › e2e/performance/core-web-vitals.spec.ts:9:7 › Core Web Vitals › should measure LCP (Largest Contentful Paint) on homepage 
    [mobile-chrome] › e2e/performance/core-web-vitals.spec.ts:38:7 › Core Web Vitals › should measure FID (First Input Delay) on homepage 
    [mobile-chrome] › e2e/performance/core-web-vitals.spec.ts:67:7 › Core Web Vitals › should measure CLS (Cumulative Layout Shift) on homepage 
    [mobile-chrome] › e2e/performance/core-web-vitals.spec.ts:101:7 › Core Web Vitals › should measure FCP (First Contentful Paint) on homepage 
    [mobile-chrome] › e2e/performance/core-web-vitals.spec.ts:130:7 › Core Web Vitals › should measure TTFB (Time to First Byte) on homepage 
    [mobile-chrome] › e2e/performance/core-web-vitals.spec.ts:145:7 › Page Load Times › homepage should load within reasonable time 
    [mobile-chrome] › e2e/performance/core-web-vitals.spec.ts:154:7 › Page Load Times › services page should load within reasonable time 
    [mobile-chrome] › e2e/performance/core-web-vitals.spec.ts:163:7 › Page Load Times › store page should load within reasonable time 
    [mobile-chrome] › e2e/performance/core-web-vitals.spec.ts:172:7 › Page Load Times › blog page should load within reasonable time 
    [mobile-chrome] › e2e/performance/core-web-vitals.spec.ts:181:7 › Page Load Times › contact page should load within reasonable time 
    [mobile-chrome] › e2e/performance/core-web-vitals.spec.ts:190:7 › Page Load Times › dashboard page should load within reasonable time 
    [mobile-chrome] › e2e/performance/core-web-vitals.spec.ts:212:7 › Page Load Times › admin page should load within reasonable time 
    [mobile-chrome] › e2e/performance/core-web-vitals.spec.ts:236:7 › Resource Optimization › should optimize image loading 
    [mobile-chrome] › e2e/performance/core-web-vitals.spec.ts:280:7 › Resource Optimization › should minimize render-blocking resources 
    [mobile-chrome] › e2e/performance/core-web-vitals.spec.ts:308:7 › Resource Optimization › should use browser caching 
    [mobile-chrome] › e2e/performance/core-web-vitals.spec.ts:322:7 › Mobile Performance › should perform well on mobile devices 
    [mobile-chrome] › e2e/performance/core-web-vitals.spec.ts:346:7 › Mobile Performance › should have appropriate tap targets on mobile 
    [mobile-chrome] › e2e/performance/core-web-vitals.spec.ts:380:7 › Performance Budgets › should keep total page size under budget 
    [mobile-chrome] › e2e/performance/core-web-vitals.spec.ts:398:7 › Performance Budgets › should keep number of requests under budget 
    [mobile-chrome] › e2e/performance/core-web-vitals.spec.ts:410:7 › Performance Budgets › should keep CSS size under budget 
    [mobile-chrome] › e2e/performance/core-web-vitals.spec.ts:431:7 › Performance Budgets › should keep JavaScript size under budget 
    [mobile-chrome] › e2e/performance-budgets.spec.ts:58:9 › Performance: /en/ › meets dev-server budgets 
    [mobile-chrome] › e2e/performance.spec.ts:4:7 › Response time budgets › homepage responds within 10s (dev) / 3s (prod) 
    [mobile-chrome] › e2e/performance.spec.ts:15:7 › Response time budgets › health API responds within 500ms (prod) / 3s (dev) 
    [mobile-chrome] › e2e/performance.spec.ts:25:7 › SEO basics › homepage has exactly one H1 ──────
    [mobile-chrome] › e2e/performance.spec.ts:32:7 › SEO basics › all images have alt text ─────────
    [mobile-chrome] › e2e/post-audit-coverage.spec.ts:18:7 › rate-limit cap — /api/contact (3 req/min/container) › 4th rapid same-IP submission is rejected (429 or 4xx) 
    [mobile-chrome] › e2e/post-audit-coverage.spec.ts:70:7 › image optimizer — AVIF/WebP support › optimizer endpoint is reachable and returns an image 
    [mobile-chrome] › e2e/post-audit-coverage.spec.ts:90:7 › image optimizer — AVIF/WebP support › optimizer responds to width-variant requests (used by srcset) 
    [mobile-chrome] › e2e/post-audit-coverage.spec.ts:111:7 › EspoCRM loader gate (only on real cloudless.gr hosts) › the EspoCRM script tag is NOT in the DOM on localhost 
    [mobile-chrome] › e2e/post-audit-coverage.spec.ts:122:7 › EspoCRM loader gate (only on real cloudless.gr hosts) › no network requests to hs-scripts.com from localhost 
    [mobile-chrome] › e2e/public-api-deep.spec.ts:18:7 › GET /api/health — non-5xx ─────────────────
    [mobile-chrome] › e2e/public-api-deep.spec.ts:18:7 › GET /api/services — non-5xx ───────────────
    [mobile-chrome] › e2e/public-api-deep.spec.ts:18:7 › GET /api/case-studies — non-5xx ───────────
    [mobile-chrome] › e2e/public-api-deep.spec.ts:18:7 › GET /api/blog/posts — non-5xx ─────────────
    [mobile-chrome] › e2e/public-api-deep.spec.ts:18:7 › GET /api/faqs — non-5xx ───────────────────
    [mobile-chrome] › e2e/public-api-deep.spec.ts:18:7 › GET /api/testimonials — non-5xx ───────────
    [mobile-chrome] › e2e/public-api-deep.spec.ts:18:7 › GET /api/docs — non-5xx ───────────────────
    [mobile-chrome] › e2e/public-api-deep.spec.ts:18:7 › GET /api/pwa-manifest — non-5xx ───────────
    [mobile-chrome] › e2e/public-api-deep.spec.ts:18:7 › GET /api/calendar/availability — non-5xx ──
    [mobile-chrome] › e2e/public-api-deep.spec.ts:30:7 › GET /api/blog/:slug — handles unknown slug (404 or empty 200) 
    [mobile-chrome] › e2e/public-api-deep.spec.ts:30:7 › GET /api/case-studies/:slug — handles unknown slug (404 or empty 200) 
    [mobile-chrome] › e2e/public-api-deep.spec.ts:30:7 › GET /api/docs/:slug — handles unknown slug (404 or empty 200) 
    [mobile-chrome] › e2e/public-api-deep.spec.ts:30:7 › GET /api/portal/:token — handles unknown slug (404 or empty 200) 
    [mobile-chrome] › e2e/public-api-deep.spec.ts:39:7 › POST /api/contact — empty body rejected with 4xx 
    [mobile-chrome] › e2e/public-api-deep.spec.ts:45:7 › POST /api/contact — malformed JSON rejected 
    [mobile-chrome] › e2e/public-api-deep.spec.ts:39:7 › POST /api/subscribe — empty body rejected with 4xx 
    [mobile-chrome] › e2e/public-api-deep.spec.ts:45:7 › POST /api/subscribe — malformed JSON rejected 
    [mobile-chrome] › e2e/public-api-deep.spec.ts:39:7 › POST /api/unsubscribe — empty body rejected with 4xx 
    [mobile-chrome] › e2e/public-api-deep.spec.ts:45:7 › POST /api/unsubscribe — malformed JSON rejected 
    [mobile-chrome] › e2e/public-api-deep.spec.ts:39:7 › POST /api/calendar/book — empty body rejected with 4xx 
    [mobile-chrome] › e2e/public-api-deep.spec.ts:45:7 › POST /api/calendar/book — malformed JSON rejected 
    [mobile-chrome] › e2e/public-api-deep.spec.ts:39:7 › POST /api/checkout — empty body rejected with 4xx 
    [mobile-chrome] › e2e/public-api-deep.spec.ts:45:7 › POST /api/checkout — malformed JSON rejected 
    [mobile-chrome] › e2e/public-api-deep.spec.ts:39:7 › POST /api/track — empty body rejected with 4xx 
    [mobile-chrome] › e2e/public-api-deep.spec.ts:45:7 › POST /api/track — malformed JSON rejected ─
    [mobile-chrome] › e2e/public-api-deep.spec.ts:39:7 › POST /api/csp-report — empty body rejected with 4xx 
    [mobile-chrome] › e2e/public-api-deep.spec.ts:45:7 › POST /api/csp-report — malformed JSON rejected 
    [mobile-chrome] › e2e/public-api-deep.spec.ts:39:7 › POST /api/crm/contact — empty body rejected with 4xx 
    [mobile-chrome] › e2e/public-api-deep.spec.ts:45:7 › POST /api/crm/contact — malformed JSON rejected 
    [mobile-chrome] › e2e/public-api-deep.spec.ts:39:7 › POST /api/notion-image — empty body rejected with 4xx 
    [mobile-chrome] › e2e/public-api-deep.spec.ts:45:7 › POST /api/notion-image — malformed JSON rejected 
    [mobile-chrome] › e2e/public-api-deep.spec.ts:39:7 › POST /api/agent/book — empty body rejected with 4xx 
    [mobile-chrome] › e2e/public-api-deep.spec.ts:45:7 › POST /api/agent/book — malformed JSON rejected 
    [mobile-chrome] › e2e/public-api-deep.spec.ts:39:7 › POST /api/chat — empty body rejected with 4xx 
    [mobile-chrome] › e2e/public-api-deep.spec.ts:45:7 › POST /api/chat — malformed JSON rejected ──
    [mobile-chrome] › e2e/public-api-deep.spec.ts:39:7 › POST /api/portal/enroll — empty body rejected with 4xx 
    [mobile-chrome] › e2e/public-api-deep.spec.ts:45:7 › POST /api/portal/enroll — malformed JSON rejected 
    [mobile-chrome] › e2e/public-api-deep.spec.ts:39:7 › POST /api/portal/me — empty body rejected with 4xx 
    [mobile-chrome] › e2e/public-api-deep.spec.ts:45:7 › POST /api/portal/me — malformed JSON rejected 
    [mobile-chrome] › e2e/public-api-deep.spec.ts:55:5 › GET /api/auth/session — returns session shape 
    [mobile-chrome] › e2e/public-api-deep.spec.ts:64:5 › GET /api/auth/csrf — returns csrf token ───
    [mobile-chrome] › e2e/public-api-deep.spec.ts:69:5 › GET /api/auth/providers — lists providers ─
    [mobile-chrome] › e2e/public-api-deep.spec.ts:74:5 › POST /api/contact — happy path with valid payload 
    [mobile-chrome] › e2e/public-api-deep.spec.ts:89:5 › POST /api/subscribe — happy path ──────────
    [mobile-chrome] › e2e/public-api-deep.spec.ts:97:5 › POST /api/track — accepts analytics event ─
    [mobile-chrome] › e2e/public-api-deep.spec.ts:105:5 › POST /api/chat — non-empty message ───────
    [mobile-chrome] › e2e/public-api-deep.spec.ts:116:5 › GET /api/notion-image — without url param returns 4xx 
    [mobile-chrome] › e2e/public-api-deep.spec.ts:122:5 › POST /api/portal/enroll — empty body rejected 
    [mobile-chrome] › e2e/public-api-deep.spec.ts:127:5 › GET /api/portal/me — without auth returns 401 
    [mobile-chrome] › e2e/public-api-deep.spec.ts:132:5 › GET /api/portal/dummy-token — invalid token rejected 
    [mobile-chrome] › e2e/public-api-deep.spec.ts:137:5 › POST /api/agent/book — without payload rejected 
    [mobile-chrome] › e2e/public-api-deep.spec.ts:142:5 › POST /api/newsletter/send — without auth returns 401/403 
    [mobile-chrome] › e2e/public-api-deep.spec.ts:149:5 › GET /api/health — returns ok shape ───────
    [mobile-chrome] › e2e/public-api-deep.spec.ts:162:5 › POST /api/calendar/book — empty body rejected 
    [mobile-chrome] › e2e/public-api-deep.spec.ts:167:5 › POST /api/checkout — empty body rejected ─
    [mobile-chrome] › e2e/public-api-deep.spec.ts:172:5 › POST /api/csp-report — accepts CSP violation report 
    [mobile-chrome] › e2e/public-api-deep.spec.ts:181:5 › POST /api/crm/contact — empty rejected ───
    [mobile-chrome] › e2e/public-api-deep.spec.ts:186:5 › POST /api/unsubscribe — without token rejected 
    [mobile-chrome] › e2e/public-api-deep.spec.ts:196:5 › GET /api/blog/hello-world — handles slug lookup 
    [mobile-chrome] › e2e/public-api-deep.spec.ts:201:5 › GET /api/case-studies/sample — handles slug lookup 
    [mobile-chrome] › e2e/public-api-deep.spec.ts:206:5 › GET /api/docs/getting-started — handles slug lookup 
    [mobile-chrome] › e2e/public-api-deep.spec.ts:213:5 › POST /api/portal/me with missing auth header 
    [mobile-chrome] › e2e/public-api-deep.spec.ts:218:5 › oversized payload rejected on /api/contact (10MB) 
    [mobile-chrome] › e2e/public-api-deep.spec.ts:227:5 › oversized payload rejected on /api/track (5MB) 
    [mobile-chrome] › e2e/public-api-sweep.spec.ts:4:7 › Public API route sweep › GET /api/blog/posts returns 200 
    [mobile-chrome] › e2e/public-api-sweep.spec.ts:8:7 › Public API route sweep › GET /api/calendar/availability responds (200 with creds, 5xx without) 
    [mobile-chrome] › e2e/public-api-sweep.spec.ts:13:7 › Public API route sweep › GET /api/case-studies returns 200 
    [mobile-chrome] › e2e/public-api-sweep.spec.ts:17:7 › Public API route sweep › GET /api/docs returns 200 
    [mobile-chrome] › e2e/public-api-sweep.spec.ts:21:7 › Public API route sweep › GET /api/faqs returns 200 
    [mobile-chrome] › e2e/public-api-sweep.spec.ts:25:7 › Public API route sweep › GET /api/health returns 200 
    [mobile-chrome] › e2e/public-api-sweep.spec.ts:29:7 › Public API route sweep › GET /api/pwa-manifest returns 200 
    [mobile-chrome] › e2e/public-api-sweep.spec.ts:33:7 › Public API route sweep › GET /api/services returns 200 
    [mobile-chrome] › e2e/public-api-sweep.spec.ts:37:7 › Public API route sweep › GET /api/testimonials returns 200 
    [mobile-chrome] › e2e/public-api-sweep.spec.ts:41:7 › Public API route sweep › POST /api/agent/book with empty body returns 4xx 
    [mobile-chrome] › e2e/public-api-sweep.spec.ts:47:7 › Public API route sweep › POST /api/calendar/book with empty body returns 4xx 
    [mobile-chrome] › e2e/public-api-sweep.spec.ts:53:7 › Public API route sweep › POST /api/chat with empty body returns 4xx 
    [mobile-chrome] › e2e/public-api-sweep.spec.ts:59:7 › Public API route sweep › POST /api/checkout with empty body returns 4xx 
    [mobile-chrome] › e2e/public-api-sweep.spec.ts:65:7 › Public API route sweep › POST /api/contact with empty body returns 4xx 
    [mobile-chrome] › e2e/public-api-sweep.spec.ts:71:7 › Public API route sweep › POST /api/crm/contact with empty body returns 4xx 
    [mobile-chrome] › e2e/public-api-sweep.spec.ts:80:7 › Public API route sweep › POST /api/newsletter/send with empty body returns 4xx 
    [mobile-chrome] › e2e/public-api-sweep.spec.ts:86:7 › Public API route sweep › POST /api/subscribe with empty body returns 4xx 
    [mobile-chrome] › e2e/public-api-sweep.spec.ts:92:7 › Public API route sweep › POST /api/track with empty body returns 4xx 
    [mobile-chrome] › e2e/public-api-sweep.spec.ts:98:7 › Public API route sweep › POST /api/csp-report without auth returns 4xx 
    [mobile-chrome] › e2e/public-api-sweep.spec.ts:103:7 › Public API route sweep › POST /api/slack/commands without auth returns 4xx 
    [mobile-chrome] › e2e/public-api-sweep.spec.ts:108:7 › Public API route sweep › POST /api/slack/events without auth returns 4xx 
    [mobile-chrome] › e2e/public-api-sweep.spec.ts:113:7 › Public API route sweep › POST /api/slack/interactions without auth returns 4xx 
    [mobile-chrome] › e2e/public-api-sweep.spec.ts:118:7 › Public API route sweep › POST /api/webhooks/espocrm without secret returns 4xx 
    [mobile-chrome] › e2e/public-api-sweep.spec.ts:124:7 › Public API route sweep › POST /api/webhooks/notion without auth returns 4xx 
    [mobile-chrome] › e2e/public-api-sweep.spec.ts:129:7 › Public API route sweep › POST /api/webhooks/stripe without auth returns 4xx 
    [mobile-chrome] › e2e/public-api-sweep.spec.ts:134:7 › Public API route sweep › GET /api/cron/analytics-rollup without cron secret returns 4xx 
    [mobile-chrome] › e2e/public-api-sweep.spec.ts:140:7 › Public API route sweep › GET /api/cron/calendar-digest without cron secret returns 4xx 
    [mobile-chrome] › e2e/public-api-sweep.spec.ts:146:7 › Public API route sweep › GET /api/cron/report-cleanup without cron secret returns 4xx 
    [mobile-chrome] › e2e/public-api-sweep.spec.ts:152:7 › Public API route sweep › GET /api/cron/slack-digest without cron secret returns 4xx 
    [mobile-chrome] › e2e/public-api-sweep.spec.ts:158:7 › Public API route sweep › GET /api/cron/voice-brief without cron secret returns 4xx 
    [mobile-chrome] › e2e/public-api-sweep.spec.ts:164:7 › Public API route sweep › GET /api/user/consultations without auth returns 4xx 
    [mobile-chrome] › e2e/public-api-sweep.spec.ts:170:7 › Public API route sweep › GET /api/user/purchases without auth returns 4xx 
    [mobile-chrome] › e2e/public-api-sweep.spec.ts:176:7 › Public API route sweep › GET /api/notion-image responds without 5xx 
    [mobile-chrome] › e2e/public-api-sweep.spec.ts:181:7 › Public API route sweep › GET /api/portal/enroll responds without 5xx 
    [mobile-chrome] › e2e/public-api-sweep.spec.ts:186:7 › Public API route sweep › GET /api/portal/me responds without 5xx 
    [mobile-chrome] › e2e/public-api-sweep.spec.ts:191:7 › Public API route sweep › GET /api/unsubscribe responds without 5xx 
    [mobile-chrome] › e2e/public-pages-audit.spec.ts:82:9 › static /en ─────────────────────────────
    [mobile-chrome] › e2e/pwa-manifest.spec.ts:38:7 › PWA manifest › /manifest.webmanifest serves application/manifest+json 
    [mobile-chrome] › e2e/pwa-manifest.spec.ts:48:7 › PWA manifest › /api/pwa-manifest is the actual handler and returns valid JSON 
    [mobile-chrome] › e2e/pwa-manifest.spec.ts:61:7 › PWA manifest › manifest declares 192/512 PNG icons + maskable variant 
    [mobile-chrome] › e2e/pwa-manifest.spec.ts:72:7 › PWA manifest › manifest shortcuts include core nav targets 
    [mobile-chrome] › e2e/pwa-manifest.spec.ts:81:7 › PWA manifest › rewrite path matches the API route output byte-for-byte (key fields) 
    [mobile-chrome] › e2e/pwa-manifest.spec.ts:98:7 › PWA manifest › layout.tsx points to the manifest path 
    [mobile-chrome] › e2e/register-user-flow.spec.ts:36:9 › new-user registration flow › signup page rendering › renders without a plan param 
    [mobile-chrome] › e2e/register-user-flow.spec.ts:43:11 › new-user registration flow › signup page rendering › renders for plan=cloud 
    [mobile-chrome] › e2e/register-user-flow.spec.ts:43:11 › new-user registration flow › signup page rendering › renders for plan=serverless 
    [mobile-chrome] › e2e/register-user-flow.spec.ts:43:11 › new-user registration flow › signup page rendering › renders for plan=analytics 
    [mobile-chrome] › e2e/register-user-flow.spec.ts:43:11 › new-user registration flow › signup page rendering › renders for plan=marketing 
    [mobile-chrome] › e2e/register-user-flow.spec.ts:43:11 › new-user registration flow › signup page rendering › renders for plan=web 
    [mobile-chrome] › e2e/register-user-flow.spec.ts:43:11 › new-user registration flow › signup page rendering › renders for plan=hosting 
    [mobile-chrome] › e2e/register-user-flow.spec.ts:43:11 › new-user registration flow › signup page rendering › renders for plan=bundle 
    [mobile-chrome] › e2e/register-user-flow.spec.ts:49:9 › new-user registration flow › signup page rendering › renders for invalid plan (client-side validator drops it) 
    [mobile-chrome] › e2e/register-user-flow.spec.ts:56:9 › new-user registration flow › waiting room behavior (unauthenticated) › does NOT leak waiting-room content to an unauthenticated visitor 
    [mobile-chrome] › e2e/register-user-flow.spec.ts:74:9 › new-user registration flow › waiting room behavior (unauthenticated) › /en/portal/waiting 308-redirects to /portal/waiting 
    [mobile-chrome] › e2e/register-user-flow.spec.ts:83:9 › new-user registration flow › API contracts — /api/portal/enroll › unauthenticated POST returns 401 
    [mobile-chrome] › e2e/register-user-flow.spec.ts:92:9 › new-user registration flow › API contracts — /api/portal/enroll › authenticated POST with unknown plan returns 400 
    [mobile-chrome] › e2e/register-user-flow.spec.ts:109:9 › new-user registration flow › API contracts — /api/portal/enroll › authenticated POST with each valid plan does not 4xx-validation-fail 
    [mobile-chrome] › e2e/register-user-flow.spec.ts:127:9 › new-user registration flow › API contracts — /api/portal/me › unauthenticated GET returns 401 
    [mobile-chrome] › e2e/register-user-flow.spec.ts:134:9 › new-user registration flow › API contracts — /api/portal/me › authenticated GET returns valid PortalStatus shape 
    [mobile-chrome] › e2e/register-user-flow.spec.ts:149:9 › new-user registration flow › Cognito provider wiring › next-auth signin endpoint is reachable 
    [mobile-chrome] › e2e/register-user-flow.spec.ts:158:9 › new-user registration flow › Cognito provider wiring › /api/auth/csrf returns a token 
    [mobile-chrome] › e2e/register-user-flow.spec.ts:169:9 › new-user registration flow › Inbound funnel — /en/services → signup › services page renders and exposes the get-started CTA 
    [mobile-chrome] › e2e/remaining-coverage-deep.spec.mts:61:5 › Dynamic admin APIs — unauthenticated › unauth GET /api/admin/ai/analytics-orchestration/pdf — rejected 
    [mobile-chrome] › e2e/remaining-coverage-deep.spec.mts:61:5 › Dynamic admin APIs — unauthenticated › unauth GET /api/admin/calendar/[id] — rejected 
    [mobile-chrome] › e2e/remaining-coverage-deep.spec.mts:61:5 › Dynamic admin APIs — unauthenticated › unauth POST /api/admin/calendar/create — rejected 
    [mobile-chrome] › e2e/remaining-coverage-deep.spec.mts:61:5 › Dynamic admin APIs — unauthenticated › unauth GET /api/admin/email/campaigns/[id] — rejected 
    [mobile-chrome] › e2e/remaining-coverage-deep.spec.mts:61:5 › Dynamic admin APIs — unauthenticated › unauth GET /api/admin/oauth/tiktok/callback — rejected 
    [mobile-chrome] › e2e/remaining-coverage-deep.spec.mts:61:5 › Dynamic admin APIs — unauthenticated › unauth GET /api/admin/ops/errors/[id] — rejected 
    [mobile-chrome] › e2e/remaining-coverage-deep.spec.mts:61:5 › Dynamic admin APIs — unauthenticated › unauth POST /api/admin/pipeline/deals/[id]/move — rejected 
    [mobile-chrome] › e2e/remaining-coverage-deep.spec.mts:61:5 › Dynamic admin APIs — unauthenticated › unauth GET /api/admin/pipeline/deals/[id]/notes — rejected 
    [mobile-chrome] › e2e/remaining-coverage-deep.spec.mts:61:5 › Dynamic admin APIs — unauthenticated › unauth GET /api/admin/reports/[id] — rejected 
    [mobile-chrome] › e2e/remaining-coverage-deep.spec.mts:61:5 › Dynamic admin APIs — unauthenticated › unauth GET /api/admin/reports/[id]/pdf — rejected 
    [mobile-chrome] › e2e/remaining-coverage-deep.spec.mts:61:5 › Dynamic admin APIs — unauthenticated › unauth POST /api/admin/reports/generate — rejected 
    [mobile-chrome] › e2e/remaining-coverage-deep.spec.mts:80:5 › Dynamic admin APIs — authenticated › auth GET /api/admin/ai/analytics-orchestration/pdf — non-5xx 
    [mobile-chrome] › e2e/remaining-coverage-deep.spec.mts:80:5 › Dynamic admin APIs — authenticated › auth GET /api/admin/calendar/[id] — non-5xx 
    [mobile-chrome] › e2e/remaining-coverage-deep.spec.mts:80:5 › Dynamic admin APIs — authenticated › auth POST /api/admin/calendar/create — non-5xx 
    [mobile-chrome] › e2e/remaining-coverage-deep.spec.mts:80:5 › Dynamic admin APIs — authenticated › auth GET /api/admin/email/campaigns/[id] — non-5xx 
    [mobile-chrome] › e2e/remaining-coverage-deep.spec.mts:80:5 › Dynamic admin APIs — authenticated › auth GET /api/admin/oauth/tiktok/callback — non-5xx 
    [mobile-chrome] › e2e/remaining-coverage-deep.spec.mts:80:5 › Dynamic admin APIs — authenticated › auth GET /api/admin/ops/errors/[id] — non-5xx 
    [mobile-chrome] › e2e/remaining-coverage-deep.spec.mts:80:5 › Dynamic admin APIs — authenticated › auth POST /api/admin/pipeline/deals/[id]/move — non-5xx 
    [mobile-chrome] › e2e/remaining-coverage-deep.spec.mts:80:5 › Dynamic admin APIs — authenticated › auth GET /api/admin/pipeline/deals/[id]/notes — non-5xx 
    [mobile-chrome] › e2e/remaining-coverage-deep.spec.mts:80:5 › Dynamic admin APIs — authenticated › auth GET /api/admin/reports/[id] — non-5xx 
    [mobile-chrome] › e2e/remaining-coverage-deep.spec.mts:80:5 › Dynamic admin APIs — authenticated › auth GET /api/admin/reports/[id]/pdf — non-5xx 
    [mobile-chrome] › e2e/remaining-coverage-deep.spec.mts:80:5 › Dynamic admin APIs — authenticated › auth POST /api/admin/reports/generate — non-5xx 
    [mobile-chrome] › e2e/remaining-coverage-deep.spec.mts:90:1 › /en/admin/reports/[id] — dynamic page renders with auth 
    [mobile-chrome] › e2e/remaining-coverage-deep.spec.mts:99:1 › /en/admin/reports/[id] — without auth redirects 
    [mobile-chrome] › e2e/remaining-coverage-deep.spec.mts:105:1 › GET / — root redirect or render ─
    [mobile-chrome] › e2e/remaining-coverage-deep.spec.mts:112:1 › GET /icons/[name] — generated icon served 
    [mobile-chrome] › e2e/remaining-coverage-deep.spec.mts:128:1 › HEAD / — server responds at root path 
    [mobile-chrome] › e2e/route-audit.spec.ts:52:7 › audit /en ─────────────────────────────────────
    [mobile-chrome] › e2e/security-headers.spec.ts:18:7 › security headers — cloud › HSTS preload-eligible 
    [mobile-chrome] › e2e/security-headers.spec.ts:26:7 › security headers — cloud › X-Content-Type-Options nosniff 
    [mobile-chrome] › e2e/security-headers.spec.ts:31:7 › security headers — cloud › X-Frame-Options DENY 
    [mobile-chrome] › e2e/security-headers.spec.ts:36:7 › security headers — cloud › Referrer-Policy strict 
    [mobile-chrome] › e2e/security-headers.spec.ts:41:7 › security headers — cloud › X-Powered-By header is suppressed 
    [mobile-chrome] › e2e/security-headers.spec.ts:48:7 › security headers — cloud › Permissions-Policy hard-blocks 24 features (post-audit hardening) 
    [mobile-chrome] › e2e/security-headers.spec.ts:74:7 › security headers — cloud › CSP header is set with all expected directives 
    [mobile-chrome] › e2e/security-headers.spec.ts:93:7 › security headers — cloud › CSP allows Google Analytics and GTM hosts 
    [mobile-chrome] › e2e/security-headers.spec.ts:103:7 › security headers — cloud › CSP allows LinkedIn Insight Tag hosts 
    [mobile-chrome] › e2e/security-headers.spec.ts:110:7 › security headers — cloud › Report-To header advertises the csp-endpoint group 
    [mobile-chrome] › e2e/security-headers.spec.ts:120:7 › security headers — cloud › CSP report endpoint accepts violation reports (204) 
    [mobile-chrome] › e2e/security-headers.spec.ts:135:7 › security headers — cloud › CSP report endpoint accepts modern Reporting-API payload (204) 
    [mobile-chrome] › e2e/security-headers.spec.ts:159:7 › static assets — not locale-prefixed › /_next/static CSS from homepage is 200 text/css (no locale redirect) 
    [mobile-chrome] › e2e/store-checkout-edges.spec.ts:22:7 › /api/checkout malformed bodies › missing productId is rejected with 4xx 
    [mobile-chrome] › e2e/store-checkout-edges.spec.ts:28:7 › /api/checkout malformed bodies › non-string productId is rejected with 4xx 
    [mobile-chrome] › e2e/store-checkout-edges.spec.ts:36:7 › /api/checkout malformed bodies › excessively long productId does not 5xx 
    [mobile-chrome] › e2e/store-checkout-edges.spec.ts:46:7 › /api/checkout malformed bodies › array productId is rejected with 4xx 
    [mobile-chrome] › e2e/store-checkout-edges.spec.ts:56:7 › /api/checkout rapid-fire › 5 rapid requests all resolve with < 500 
    [mobile-chrome] › e2e/store-checkout-edges.spec.ts:72:7 › /store success + 404 pages › /en/store/success?session_id=invalid renders without 5xx 
    [mobile-chrome] › e2e/store-checkout-edges.spec.ts:82:7 › /store success + 404 pages › /en/store/success with no query renders without 5xx 
    [mobile-chrome] › e2e/store-checkout-edges.spec.ts:92:7 › /store success + 404 pages › /en/store/[unknown-id] resolves cleanly (404 or 200 with not-found UI) 
    [mobile-chrome] › e2e/style.spec.ts:60:7 › Navbar style › sticky header renders with neon-cyan accent bar 
    [mobile-chrome] › e2e/style.spec.ts:80:7 › Navbar style › logo link is visible and points to homepage 
    [mobile-chrome] › e2e/style.spec.ts:104:7 › Navbar style › mobile hamburger opens the nav at 390px 
    [mobile-chrome] › e2e/style.spec.ts:120:7 › Background colour (design tokens) › body background resolves to --surface-canvas (not transparent/white) 
    [mobile-chrome] › e2e/style.spec.ts:130:7 › Background colour (design tokens) › default theme uses surface-canvas and color-void tokens 
    [mobile-chrome] › e2e/style.spec.ts:140:7 › Background colour (design tokens) › picking Dark theme sets data-theme=dark and darkens canvas 
    [mobile-chrome] › e2e/style.spec.ts:172:7 › Background colour (design tokens) › picking Light theme sets data-theme=light and brightens canvas 
    [mobile-chrome] › e2e/style.spec.ts:208:7 › Neon accent colours › services page has cyan, magenta, and green accented service cards 
    [mobile-chrome] › e2e/style.spec.ts:225:7 › Neon accent colours › homepage has at least one neon-cyan accented element 
    [mobile-chrome] › e2e/style.spec.ts:234:7 › Neon accent colours › blog page category badges use neon colour classes 
    [mobile-chrome] › e2e/style.spec.ts:243:7 › Neon accent colours › --color-neon-cyan Tailwind token is set 
    [mobile-chrome] › e2e/style.spec.ts:253:7 › Footer style › footer is present with a top border class 
    [mobile-chrome] › e2e/style.spec.ts:261:7 › Footer style › footer logo link is visible ─────────
    [mobile-chrome] › e2e/style.spec.ts:271:7 › Footer style › footer has navigate, services, and legal column headings 
    [mobile-chrome] › e2e/style.spec.ts:284:7 › Typography › h1 uses Instrument Sans (heading font) 
    [mobile-chrome] › e2e/style.spec.ts:294:7 › Typography › body text uses Work Sans or system sans-serif fallback 
    [mobile-chrome] › e2e/style.spec.ts:304:7 › Typography › mono elements use Geist Mono or a monospace fallback 
    [mobile-chrome] › e2e/style.spec.ts:321:7 › CSS / asset loading › no CSS or font requests return 4xx 
    [mobile-chrome] › e2e/style.spec.ts:336:7 › CSS / asset loading › no JS chunk requests return 4xx on homepage 
    [mobile-chrome] › e2e/style.spec.ts:348:7 › CSS / asset loading › no console errors related to CSS or styles 
    [mobile-chrome] › e2e/style.spec.ts:377:9 › Page-level style integrity › /en — h1 is visible and styled 
    [mobile-chrome] › e2e/style.spec.ts:377:9 › Page-level style integrity › /en/services — h1 is visible and styled 
    [mobile-chrome] › e2e/style.spec.ts:377:9 › Page-level style integrity › /en/contact — h1 is visible and styled 
    [mobile-chrome] › e2e/style.spec.ts:377:9 › Page-level style integrity › /en/work — h1 is visible and styled 
    [mobile-chrome] › e2e/style.spec.ts:377:9 › Page-level style integrity › /en/blog — h1 is visible and styled 
    [mobile-chrome] › e2e/style.spec.ts:390:7 › Page-level style integrity › /en/services page renders at least 4 service card numbers 
    [mobile-chrome] › e2e/style.spec.ts:405:7 › Page-level style integrity › /en/contact page renders the contact form 
    [mobile-chrome] › e2e/test-mcp-servers.spec.mts:189:3 › OpenNext.js Configuration › open-next.config.ts exists and is valid 
    [mobile-chrome] › e2e/theme-switcher.spec.ts:102:7 › ThemeSwitcher (mobile inline) › appears as a 3-radio group inside the mobile menu 
    [mobile-chrome] › e2e/ui/components/button.spec.ts:21:7 › Button Component › should render different button variants 
    [mobile-chrome] › e2e/ui/components/button.spec.ts:43:7 › Button Component › should have proper button states 
    [mobile-chrome] › e2e/ui/components/button.spec.ts:76:7 › Button Component › should have accessible button labels 
    [mobile-chrome] › e2e/ui/components/button.spec.ts:108:9 › Button Component › Button Types › should render submit buttons correctly 
    [mobile-chrome] › e2e/ui/components/button.spec.ts:125:9 › Button Component › Button Types › should render button links correctly 
    [mobile-chrome] › e2e/ui/components/button.spec.ts:148:9 › Button Component › Button Types › should render icon buttons correctly 
    [mobile-chrome] › e2e/ui/components/button.spec.ts:171:9 › Button Component › Button States › should show loading state when disabled 
    [mobile-chrome] › e2e/ui/components/button.spec.ts:195:9 › Button Component › Button States › should be disabled when in loading state 
    [mobile-chrome] › e2e/ui/components/button.spec.ts:228:9 › Button Component › Responsive Design › should render correctly on mobile 
    [mobile-chrome] › e2e/ui/components/button.spec.ts:257:9 › Button Component › Responsive Design › should render correctly on tablet 
    [mobile-chrome] › e2e/ui/components/button.spec.ts:276:9 › Button Component › Responsive Design › should render correctly on desktop 
    [mobile-chrome] › e2e/ui/components/button.spec.ts:297:9 › Button Component › Accessibility › should have sufficient color contrast 
    [mobile-chrome] › e2e/ui/components/button.spec.ts:328:9 › Button Component › Accessibility › should have accessible names 
    [mobile-chrome] › e2e/ui/components/button.spec.ts:360:9 › Button Component › Accessibility › should be keyboard accessible 
    [mobile-chrome] › e2e/ui/components/button.spec.ts:396:9 › Button Component › Performance › should not cause layout shifts 
    [mobile-chrome] › e2e/ui/components/button.spec.ts:426:9 › Button Component › Performance › should have reasonable number of DOM nodes 
    [mobile-chrome] › e2e/ui/components/card.spec.ts:21:7 › Card Component › should render card containers 
    [mobile-chrome] › e2e/ui/components/card.spec.ts:32:7 › Card Component › should have proper card structure 
    [mobile-chrome] › e2e/ui/components/card.spec.ts:66:7 › Card Component › should have accessible card content 
    [mobile-chrome] › e2e/ui/components/card.spec.ts:122:9 › Card Component › Card Variants › should render service cards correctly 
    [mobile-chrome] › e2e/ui/components/card.spec.ts:150:9 › Card Component › Card Variants › should render product cards correctly 
    [mobile-chrome] › e2e/ui/components/card.spec.ts:182:9 › Card Component › Card Variants › should render blog post cards correctly 
    [mobile-chrome] › e2e/ui/components/card.spec.ts:216:9 › Card Component › Layout and Spacing › should have proper card spacing 
    [mobile-chrome] › e2e/ui/components/card.spec.ts:251:9 › Card Component › Layout and Spacing › should maintain card aspect ratio for images 
    [mobile-chrome] › e2e/ui/components/card.spec.ts:280:9 › Card Component › Responsive Design › should render correctly on mobile 
    [mobile-chrome] › e2e/ui/components/card.spec.ts:319:9 › Card Component › Responsive Design › should render correctly on tablet 
    [mobile-chrome] › e2e/ui/components/card.spec.ts:348:9 › Card Component › Responsive Design › should render correctly on desktop 
    [mobile-chrome] › e2e/ui/components/card.spec.ts:389:9 › Card Component › Accessibility › should have accessible card containers 
    [mobile-chrome] › e2e/ui/components/card.spec.ts:418:9 › Card Component › Accessibility › should have accessible card headers 
    [mobile-chrome] › e2e/ui/components/card.spec.ts:453:9 › Card Component › Accessibility › should have accessible card content 
    [mobile-chrome] › e2e/ui/components/card.spec.ts:488:9 › Card Component › Accessibility › should have accessible card actions 
    [mobile-chrome] › e2e/ui/components/card.spec.ts:530:9 › Card Component › Performance › should not cause layout shifts 
    [mobile-chrome] › e2e/ui/components/card.spec.ts:560:9 › Card Component › Performance › should have reasonable number of DOM nodes 
    [mobile-chrome] › e2e/ui/components/card.spec.ts:570:9 › Card Component › Performance › should optimize image loading 
    [mobile-chrome] › e2e/ui/components/footer.spec.ts:21:7 › Footer Component › should be visible on all pages 
    [mobile-chrome] › e2e/ui/components/footer.spec.ts:26:7 › Footer Component › should contain copyright information 
    [mobile-chrome] › e2e/ui/components/footer.spec.ts:40:7 › Footer Component › should contain navigation links 
    [mobile-chrome] › e2e/ui/components/footer.spec.ts:71:7 › Footer Component › should contain social media links 
    [mobile-chrome] › e2e/ui/components/footer.spec.ts:86:7 › Footer Component › should contain newsletter signup 
    [mobile-chrome] › e2e/ui/components/footer.spec.ts:110:9 › Footer Component › Navigation Functionality › should navigate to homepage via footer link 
    [mobile-chrome] › e2e/ui/components/footer.spec.ts:124:9 › Footer Component › Navigation Functionality › should navigate to services via footer link 
    [mobile-chrome] › e2e/ui/components/footer.spec.ts:135:9 › Footer Component › Navigation Functionality › should navigate to store via footer link 
    [mobile-chrome] › e2e/ui/components/footer.spec.ts:146:9 › Footer Component › Navigation Functionality › should navigate to blog via footer link 
    [mobile-chrome] › e2e/ui/components/footer.spec.ts:157:9 › Footer Component › Navigation Functionality › should navigate to contact via footer link 
    [mobile-chrome] › e2e/ui/components/footer.spec.ts:170:9 › Footer Component › Newsletter Functionality › should show validation error for empty email 
    [mobile-chrome] › e2e/ui/components/footer.spec.ts:188:9 › Footer Component › Newsletter Functionality › should show validation error for invalid email format 
    [mobile-chrome] › e2e/ui/components/footer.spec.ts:212:9 › Footer Component › Newsletter Functionality › should submit newsletter form successfully 
    [mobile-chrome] › e2e/ui/components/footer.spec.ts:242:9 › Footer Component › Responsive Design › should render correctly on mobile 
    [mobile-chrome] › e2e/ui/components/footer.spec.ts:265:9 › Footer Component › Responsive Design › should render correctly on tablet 
    [mobile-chrome] › e2e/ui/components/footer.spec.ts:283:9 › Footer Component › Responsive Design › should render correctly on desktop 
    [mobile-chrome] › e2e/ui/components/footer.spec.ts:311:9 › Footer Component › Accessibility › should have proper ARIA landmarks 
    [mobile-chrome] › e2e/ui/components/footer.spec.ts:320:9 › Footer Component › Accessibility › should have accessible copyright text 
    [mobile-chrome] › e2e/ui/components/footer.spec.ts:332:9 › Footer Component › Accessibility › should have accessible navigation links 
    [mobile-chrome] › e2e/ui/components/footer.spec.ts:359:9 › Footer Component › Accessibility › should have accessible social media links 
    [mobile-chrome] › e2e/ui/components/footer.spec.ts:387:9 › Footer Component › Accessibility › should have accessible newsletter form 
    [mobile-chrome] › e2e/ui/components/footer.spec.ts:424:9 › Footer Component › Performance › should not cause layout shifts 
    [mobile-chrome] › e2e/ui/components/header.spec.ts:23:7 › Header Component › should be visible on all pages 
    [mobile-chrome] › e2e/ui/components/header.spec.ts:28:7 › Header Component › should contain logo/brand 
    [mobile-chrome] › e2e/ui/components/header.spec.ts:41:7 › Header Component › should contain navigation menu 
    [mobile-chrome] › e2e/ui/components/header.spec.ts:58:7 › Header Component › should have accessible navigation 
    [mobile-chrome] › e2e/ui/components/header.spec.ts:90:9 › Header Component › Navigation Functionality › should navigate to services 
    [mobile-chrome] › e2e/ui/components/header.spec.ts:101:9 › Header Component › Navigation Functionality › should navigate to store 
    [mobile-chrome] › e2e/ui/components/header.spec.ts:112:9 › Header Component › Navigation Functionality › should navigate to blog 
    [mobile-chrome] › e2e/ui/components/header.spec.ts:123:9 › Header Component › Navigation Functionality › should navigate to contact 
    [mobile-chrome] › e2e/ui/components/header.spec.ts:134:9 › Header Component › Navigation Functionality › should navigate to homepage via logo 
    [mobile-chrome] › e2e/ui/components/header.spec.ts:150:9 › Header Component › Authentication States › should show login/logout buttons when not authenticated 
    [mobile-chrome] › e2e/ui/components/header.spec.ts:163:9 › Header Component › Authentication States › should show user menu when authenticated 
    [mobile-chrome] › e2e/ui/components/header.spec.ts:189:9 › Header Component › Responsive Design › should render correctly on mobile 
    [mobile-chrome] › e2e/ui/components/header.spec.ts:217:9 › Header Component › Responsive Design › should render correctly on tablet 
    [mobile-chrome] › e2e/ui/components/header.spec.ts:237:9 › Header Component › Responsive Design › should render correctly on desktop 
    [mobile-chrome] › e2e/ui/components/header.spec.ts:260:9 › Header Component › Accessibility › should have proper ARIA attributes 
    [mobile-chrome] › e2e/ui/components/header.spec.ts:282:9 › Header Component › Accessibility › should have accessible logo/link 
    [mobile-chrome] › e2e/ui/components/header.spec.ts:305:9 › Header Component › Accessibility › should have accessible navigation links 
    [mobile-chrome] › e2e/ui/components/header.spec.ts:334:9 › Header Component › Performance › should not cause layout shifts 
    [mobile-chrome] › e2e/ui/pages/admin.spec.ts:24:7 › Admin Panel › should load successfully ─────
    [mobile-chrome] › e2e/ui/pages/admin.spec.ts:32:7 › Admin Panel › should show admin user information 
    [mobile-chrome] › e2e/ui/pages/admin.spec.ts:39:7 › Admin Panel › should have admin navigation sidebar 
    [mobile-chrome] › e2e/ui/pages/admin.spec.ts:54:7 › Admin Panel › should have main content area 
    [mobile-chrome] › e2e/ui/pages/admin.spec.ts:59:7 › Admin Panel › should show admin overview widgets or cards 
    [mobile-chrome] › e2e/ui/pages/admin.spec.ts:71:7 › Admin Panel › should show action queue or stats 
    [mobile-chrome] › e2e/ui/pages/admin.spec.ts:83:9 › Admin Panel › Navigation › should navigate to homepage 
    [mobile-chrome] › e2e/ui/pages/admin.spec.ts:93:9 › Admin Panel › Navigation › should navigate to dashboard 
    [mobile-chrome] › e2e/ui/pages/admin.spec.ts:100:9 › Admin Panel › Navigation › should navigate to users management 
    [mobile-chrome] › e2e/ui/pages/admin.spec.ts:110:9 › Admin Panel › Navigation › should navigate to orders management 
    [mobile-chrome] › e2e/ui/pages/admin.spec.ts:120:9 › Admin Panel › Navigation › should navigate to settings 
    [mobile-chrome] › e2e/ui/pages/admin.spec.ts:130:9 › Admin Panel › Navigation › should navigate to leads 
    [mobile-chrome] › e2e/ui/pages/admin.spec.ts:142:9 › Admin Panel › Authentication › should redirect to login if not authenticated 
    [mobile-chrome] › e2e/ui/pages/admin.spec.ts:149:9 › Admin Panel › Authentication › should redirect to dashboard if not admin 
    [mobile-chrome] › e2e/ui/pages/admin.spec.ts:157:9 › Admin Panel › Responsive Design › should render correctly on mobile 
    [mobile-chrome] › e2e/ui/pages/admin.spec.ts:187:9 › Admin Panel › Responsive Design › should render correctly on tablet 
    [mobile-chrome] › e2e/ui/pages/admin.spec.ts:219:9 › Admin Panel › Responsive Design › should render correctly on desktop 
    [mobile-chrome] › e2e/ui/pages/admin.spec.ts:248:9 › Admin Panel › Accessibility › should have proper language attribute 
    [mobile-chrome] › e2e/ui/pages/admin.spec.ts:254:9 › Admin Panel › Accessibility › should have proper heading structure 
    [mobile-chrome] › e2e/ui/pages/admin.spec.ts:272:9 › Admin Panel › Accessibility › should have accessible navigation 
    [mobile-chrome] › e2e/ui/pages/admin.spec.ts:313:9 › Admin Panel › Accessibility › should have accessible cards/quick actions 
    [mobile-chrome] › e2e/ui/pages/admin.spec.ts:361:9 › Admin Panel › Accessibility › should have accessible forms 
    [mobile-chrome] › e2e/ui/pages/admin.spec.ts:370:9 › Admin Panel › Performance › should load within reasonable time 
    [mobile-chrome] › e2e/ui/pages/blog.spec.ts:22:7 › Blog Page › should load successfully ────────
    [mobile-chrome] › e2e/ui/pages/blog.spec.ts:30:7 › Blog Page › should have blog posts grid or list 
    [mobile-chrome] › e2e/ui/pages/blog.spec.ts:43:7 › Blog Page › should display blog post details 
    [mobile-chrome] › e2e/ui/pages/blog.spec.ts:70:7 › Blog Page › should have blog categories or tags 
    [mobile-chrome] › e2e/ui/pages/blog.spec.ts:85:7 › Blog Page › should have pagination or load more functionality 
    [mobile-chrome] › e2e/ui/pages/blog.spec.ts:95:7 › Blog Page › should have call-to-action for newsletter or subscription 
    [mobile-chrome] › e2e/ui/pages/blog.spec.ts:115:9 › Blog Page › Authentication › should show login prompt for commenting when not authenticated 
    [mobile-chrome] › e2e/ui/pages/blog.spec.ts:144:9 › Blog Page › Authentication › should allow authenticated users to comment 
    [mobile-chrome] › e2e/ui/pages/blog.spec.ts:180:9 › Blog Page › Responsive Design › should render correctly on mobile 
    [mobile-chrome] › e2e/ui/pages/blog.spec.ts:193:9 › Blog Page › Responsive Design › should render correctly on tablet 
    [mobile-chrome] › e2e/ui/pages/blog.spec.ts:206:9 › Blog Page › Responsive Design › should render correctly on desktop 
    [mobile-chrome] › e2e/ui/pages/blog.spec.ts:224:9 › Blog Page › Navigation › should navigate to homepage 
    [mobile-chrome] › e2e/ui/pages/blog.spec.ts:232:9 › Blog Page › Navigation › should navigate to services 
    [mobile-chrome] › e2e/ui/pages/blog.spec.ts:240:9 › Blog Page › Navigation › should navigate to store 
    [mobile-chrome] › e2e/ui/pages/blog.spec.ts:248:9 › Blog Page › Navigation › should navigate to contact 
    [mobile-chrome] › e2e/ui/pages/blog.spec.ts:256:9 › Blog Page › Navigation › should navigate to individual blog post 
    [mobile-chrome] › e2e/ui/pages/blog.spec.ts:268:9 › Blog Page › Accessibility › should have proper language attribute 
    [mobile-chrome] › e2e/ui/pages/blog.spec.ts:274:9 › Blog Page › Accessibility › should have proper heading structure 
    [mobile-chrome] › e2e/ui/pages/blog.spec.ts:292:9 › Blog Page › Accessibility › should have accessible post elements 
    [mobile-chrome] › e2e/ui/pages/blog.spec.ts:311:9 › Blog Page › Accessibility › should have accessible images with alt text 
    [mobile-chrome] › e2e/ui/pages/blog.spec.ts:330:9 › Blog Page › Performance › should load within reasonable time 
    [mobile-chrome] › e2e/ui/pages/contact.spec.ts:22:7 › Contact Page › should load successfully ──
    [mobile-chrome] › e2e/ui/pages/contact.spec.ts:30:7 › Contact Page › should have contact form ──
    [mobile-chrome] › e2e/ui/pages/contact.spec.ts:55:7 › Contact Page › should have contact information 
    [mobile-chrome] › e2e/ui/pages/contact.spec.ts:76:7 › Contact Page › should have map or location information 
    [mobile-chrome] › e2e/ui/pages/contact.spec.ts:87:7 › Contact Page › should have call-to-action for newsletter or consultation 
    [mobile-chrome] › e2e/ui/pages/contact.spec.ts:103:9 › Contact Page › Form Validation › should show validation errors for empty required fields 
    [mobile-chrome] › e2e/ui/pages/contact.spec.ts:120:9 › Contact Page › Form Validation › should show validation error for invalid email format 
    [mobile-chrome] › e2e/ui/pages/contact.spec.ts:142:9 › Contact Page › Form Validation › should submit form successfully with valid data 
    [mobile-chrome] › e2e/ui/pages/contact.spec.ts:169:9 › Contact Page › Authentication › should show authenticated user info when logged in 
    [mobile-chrome] › e2e/ui/pages/contact.spec.ts:193:9 › Contact Page › Responsive Design › should render correctly on mobile 
    [mobile-chrome] › e2e/ui/pages/contact.spec.ts:215:9 › Contact Page › Responsive Design › should render correctly on tablet 
    [mobile-chrome] › e2e/ui/pages/contact.spec.ts:228:9 › Contact Page › Responsive Design › should render correctly on desktop 
    [mobile-chrome] › e2e/ui/pages/contact.spec.ts:246:9 › Contact Page › Navigation › should navigate to homepage 
    [mobile-chrome] › e2e/ui/pages/contact.spec.ts:254:9 › Contact Page › Navigation › should navigate to services 
    [mobile-chrome] › e2e/ui/pages/contact.spec.ts:262:9 › Contact Page › Navigation › should navigate to store 
    [mobile-chrome] › e2e/ui/pages/contact.spec.ts:270:9 › Contact Page › Navigation › should navigate to blog 
    [mobile-chrome] › e2e/ui/pages/contact.spec.ts:280:9 › Contact Page › Accessibility › should have proper language attribute 
    [mobile-chrome] › e2e/ui/pages/contact.spec.ts:286:9 › Contact Page › Accessibility › should have accessible form labels 
    [mobile-chrome] › e2e/ui/pages/contact.spec.ts:318:9 › Contact Page › Accessibility › should have accessible buttons 
    [mobile-chrome] › e2e/ui/pages/contact.spec.ts:338:9 › Contact Page › Accessibility › should have sufficient color contrast for form elements 
    [mobile-chrome] › e2e/ui/pages/contact.spec.ts:357:9 › Contact Page › Performance › should load within reasonable time 
    [mobile-chrome] › e2e/ui/pages/dashboard.spec.ts:26:7 › Dashboard Page › should load successfully 
    [mobile-chrome] › e2e/ui/pages/dashboard.spec.ts:34:7 › Dashboard Page › should show user information 
    [mobile-chrome] › e2e/ui/pages/dashboard.spec.ts:40:7 › Dashboard Page › should have navigation sidebar 
    [mobile-chrome] › e2e/ui/pages/dashboard.spec.ts:51:7 › Dashboard Page › should have main content area 
    [mobile-chrome] › e2e/ui/pages/dashboard.spec.ts:56:7 › Dashboard Page › should show overview widgets or cards 
    [mobile-chrome] › e2e/ui/pages/dashboard.spec.ts:74:7 › Dashboard Page › should show recent activity or orders 
    [mobile-chrome] › e2e/ui/pages/dashboard.spec.ts:90:9 › Dashboard Page › Navigation › should navigate to homepage 
    [mobile-chrome] › e2e/ui/pages/dashboard.spec.ts:98:9 › Dashboard Page › Navigation › should navigate to services 
    [mobile-chrome] › e2e/ui/pages/dashboard.spec.ts:106:9 › Dashboard Page › Navigation › should navigate to store 
    [mobile-chrome] › e2e/ui/pages/dashboard.spec.ts:114:9 › Dashboard Page › Navigation › should navigate to blog 
    [mobile-chrome] › e2e/ui/pages/dashboard.spec.ts:122:9 › Dashboard Page › Navigation › should navigate to contact 
    [mobile-chrome] › e2e/ui/pages/dashboard.spec.ts:130:9 › Dashboard Page › Navigation › should navigate to profile 
    [mobile-chrome] › e2e/ui/pages/dashboard.spec.ts:140:9 › Dashboard Page › Navigation › should navigate to settings 
    [mobile-chrome] › e2e/ui/pages/dashboard.spec.ts:152:9 › Dashboard Page › Authentication › should redirect to login if not authenticated 
    [mobile-chrome] › e2e/ui/pages/dashboard.spec.ts:165:9 › Dashboard Page › Responsive Design › should render correctly on mobile 
    [mobile-chrome] › e2e/ui/pages/dashboard.spec.ts:194:9 › Dashboard Page › Responsive Design › should render correctly on tablet 
    [mobile-chrome] › e2e/ui/pages/dashboard.spec.ts:211:9 › Dashboard Page › Responsive Design › should render correctly on desktop 
    [mobile-chrome] › e2e/ui/pages/dashboard.spec.ts:240:9 › Dashboard Page › Accessibility › should have proper language attribute 
    [mobile-chrome] › e2e/ui/pages/dashboard.spec.ts:246:9 › Dashboard Page › Accessibility › should have proper heading structure 
    [mobile-chrome] › e2e/ui/pages/dashboard.spec.ts:264:9 › Dashboard Page › Accessibility › should have accessible navigation 
    [mobile-chrome] › e2e/ui/pages/dashboard.spec.ts:315:9 › Dashboard Page › Accessibility › should have accessible widgets/cards 
    [mobile-chrome] › e2e/ui/pages/dashboard.spec.ts:364:9 › Dashboard Page › Performance › should load within reasonable time 
    [mobile-chrome] › e2e/ui/pages/homepage.spec.ts:20:7 › Homepage › should load successfully ─────
    [mobile-chrome] › e2e/ui/pages/homepage.spec.ts:28:7 › Homepage › should have visible navigation 
    [mobile-chrome] › e2e/ui/pages/homepage.spec.ts:37:7 › Homepage › should have hero section with call-to-action 
    [mobile-chrome] › e2e/ui/pages/homepage.spec.ts:50:7 › Homepage › should have services section ─
    [mobile-chrome] › e2e/ui/pages/homepage.spec.ts:63:7 › Homepage › should have call-to-action section 
    [mobile-chrome] › e2e/ui/pages/homepage.spec.ts:76:7 › Homepage › should have footer with links 
    [mobile-chrome] › e2e/ui/pages/homepage.spec.ts:93:7 › Homepage › should have accessible navigation 
    [mobile-chrome] › e2e/ui/pages/homepage.spec.ts:110:9 › Homepage › Responsive Design › should render correctly on mobile 
    [mobile-chrome] › e2e/ui/pages/homepage.spec.ts:135:9 › Homepage › Responsive Design › should render correctly on tablet 
    [mobile-chrome] › e2e/ui/pages/homepage.spec.ts:148:9 › Homepage › Responsive Design › should render correctly on desktop 
    [mobile-chrome] › e2e/ui/pages/homepage.spec.ts:170:9 › Homepage › Navigation › should navigate to services page 
    [mobile-chrome] › e2e/ui/pages/homepage.spec.ts:178:9 › Homepage › Navigation › should navigate to store page 
    [mobile-chrome] › e2e/ui/pages/homepage.spec.ts:186:9 › Homepage › Navigation › should navigate to blog page 
    [mobile-chrome] › e2e/ui/pages/homepage.spec.ts:194:9 › Homepage › Navigation › should navigate to contact page 
    [mobile-chrome] › e2e/ui/pages/homepage.spec.ts:204:9 › Homepage › Performance › should load within reasonable time 
    [mobile-chrome] › e2e/ui/pages/homepage.spec.ts:227:9 › Homepage › Performance › should have reasonable page size 
    [mobile-chrome] › e2e/ui/pages/homepage.spec.ts:246:9 › Homepage › Accessibility › should have proper language attribute 
    [mobile-chrome] › e2e/ui/pages/homepage.spec.ts:252:9 › Homepage › Accessibility › should have proper character encoding 
    [mobile-chrome] › e2e/ui/pages/homepage.spec.ts:260:9 › Homepage › Accessibility › should have viewport meta tag 
    [mobile-chrome] › e2e/ui/pages/homepage.spec.ts:269:9 › Homepage › Accessibility › should have sufficient color contrast (basic check) 
    [mobile-chrome] › e2e/ui/pages/homepage.spec.ts:292:9 › Homepage › SEO Basics › should have title tag 
    [mobile-chrome] › e2e/ui/pages/homepage.spec.ts:299:9 › Homepage › SEO Basics › should have meta description 
    [mobile-chrome] › e2e/ui/pages/homepage.spec.ts:309:9 › Homepage › SEO Basics › should have canonical URL 
    [mobile-chrome] › e2e/ui/pages/homepage.spec.ts:319:9 › Homepage › SEO Basics › should have open graph tags 
    [mobile-chrome] › e2e/ui/pages/services.spec.ts:22:7 › Services Page › should load successfully 
    [mobile-chrome] › e2e/ui/pages/services.spec.ts:30:7 › Services Page › should have services grid or list 
    [mobile-chrome] › e2e/ui/pages/services.spec.ts:43:7 › Services Page › should display service details 
    [mobile-chrome] › e2e/ui/pages/services.spec.ts:62:7 › Services Page › should have service categories or tags 
    [mobile-chrome] › e2e/ui/pages/services.spec.ts:77:7 › Services Page › should have call-to-action for getting started 
    [mobile-chrome] › e2e/ui/pages/services.spec.ts:95:9 › Services Page › Responsive Design › should render correctly on mobile 
    [mobile-chrome] › e2e/ui/pages/services.spec.ts:108:9 › Services Page › Responsive Design › should render correctly on tablet 
    [mobile-chrome] › e2e/ui/pages/services.spec.ts:121:9 › Services Page › Responsive Design › should render correctly on desktop 
    [mobile-chrome] › e2e/ui/pages/services.spec.ts:140:9 › Services Page › Navigation › should navigate to homepage 
    [mobile-chrome] › e2e/ui/pages/services.spec.ts:148:9 › Services Page › Navigation › should navigate to store 
    [mobile-chrome] › e2e/ui/pages/services.spec.ts:156:9 › Services Page › Navigation › should navigate to blog 
    [mobile-chrome] › e2e/ui/pages/services.spec.ts:164:9 › Services Page › Navigation › should navigate to contact 
    [mobile-chrome] › e2e/ui/pages/services.spec.ts:174:9 › Services Page › Accessibility › should have proper language attribute 
    [mobile-chrome] › e2e/ui/pages/services.spec.ts:180:9 › Services Page › Accessibility › should have proper heading structure 
    [mobile-chrome] › e2e/ui/pages/services.spec.ts:198:9 › Services Page › Accessibility › should have accessible buttons and links 
    [mobile-chrome] › e2e/ui/pages/services.spec.ts:220:9 › Services Page › Performance › should load within reasonable time 
    [mobile-chrome] › e2e/ui/pages/store.spec.ts:22:7 › Store Page › should load successfully ──────
    [mobile-chrome] › e2e/ui/pages/store.spec.ts:30:7 › Store Page › should have products grid or list 
    [mobile-chrome] › e2e/ui/pages/store.spec.ts:61:7 › Store Page › should have product categories or filters 
    [mobile-chrome] › e2e/ui/pages/store.spec.ts:71:7 › Store Page › should have shopping cart indicator 
    [mobile-chrome] › e2e/ui/pages/store.spec.ts:80:7 › Store Page › should have call-to-action for featured products 
    [mobile-chrome] › e2e/ui/pages/store.spec.ts:96:9 › Store Page › Authentication › should show login prompt for cart actions when not authenticated 
    [mobile-chrome] › e2e/ui/pages/store.spec.ts:113:9 › Store Page › Authentication › should allow authenticated users to add to cart 
    [mobile-chrome] › e2e/ui/pages/store.spec.ts:142:9 › Store Page › Responsive Design › should render correctly on mobile 
    [mobile-chrome] › e2e/ui/pages/store.spec.ts:157:9 › Store Page › Responsive Design › should render correctly on tablet 
    [mobile-chrome] › e2e/ui/pages/store.spec.ts:172:9 › Store Page › Responsive Design › should render correctly on desktop 
    [mobile-chrome] › e2e/ui/pages/store.spec.ts:190:9 › Store Page › Navigation › should navigate to homepage 
    [mobile-chrome] › e2e/ui/pages/store.spec.ts:198:9 › Store Page › Navigation › should navigate to services 
    [mobile-chrome] › e2e/ui/pages/store.spec.ts:206:9 › Store Page › Navigation › should navigate to blog 
    [mobile-chrome] › e2e/ui/pages/store.spec.ts:214:9 › Store Page › Navigation › should navigate to contact 
    [mobile-chrome] › e2e/ui/pages/store.spec.ts:222:9 › Store Page › Navigation › should navigate to cart 
    [mobile-chrome] › e2e/ui/pages/store.spec.ts:232:9 › Store Page › Accessibility › should have proper language attribute 
    [mobile-chrome] › e2e/ui/pages/store.spec.ts:238:9 › Store Page › Accessibility › should have accessible product elements 
    [mobile-chrome] › e2e/ui/pages/store.spec.ts:257:9 › Store Page › Accessibility › should have accessible buttons 
    [mobile-chrome] › e2e/ui/pages/store.spec.ts:279:9 › Store Page › Performance › should load within reasonable time 
    [mobile-chrome] › e2e/ui/pages/style.spec.ts:165:11 › Style System › Homepage Style › should have void background color 
    [mobile-chrome] › e2e/ui/pages/style.spec.ts:170:11 › Style System › Homepage Style › should have correct heading font 
    [mobile-chrome] › e2e/ui/pages/style.spec.ts:175:11 › Style System › Homepage Style › should have correct body font 
    [mobile-chrome] › e2e/ui/pages/style.spec.ts:180:11 › Style System › Homepage Style › should have correct code font 
    [mobile-chrome] › e2e/ui/pages/style.spec.ts:185:11 › Style System › Homepage Style › should have neon cyan accents 
    [mobile-chrome] › e2e/ui/pages/style.spec.ts:219:11 › Style System › Homepage Style › should have neon magenta accents 
    [mobile-chrome] › e2e/ui/pages/style.spec.ts:248:11 › Style System › Homepage Style › should have neon green accents 
    [mobile-chrome] › e2e/ui/pages/style.spec.ts:276:11 › Style System › Homepage Style › should have neon blue accents 
    [mobile-chrome] › e2e/ui/pages/style.spec.ts:306:15 › Style System › Homepage Style › Effects › should have scanlines effect applied 
    [mobile-chrome] › e2e/ui/pages/style.spec.ts:306:15 › Style System › Homepage Style › Effects › should have cyber-grid effect applied 
    [mobile-chrome] › e2e/ui/pages/style.spec.ts:306:15 › Style System › Homepage Style › Effects › should have neon-border effect applied 
    [mobile-chrome] › e2e/ui/pages/style.spec.ts:306:15 › Style System › Homepage Style › Effects › should have glow-cyan effect applied 
    [mobile-chrome] › e2e/ui/pages/style.spec.ts:306:15 › Style System › Homepage Style › Effects › should have dot-matrix effect applied 
    [mobile-chrome] › e2e/ui/pages/style.spec.ts:313:13 › Style System › Homepage Style › Hover States › should show neon cyan on hover for interactive elements 
    [mobile-chrome] › e2e/ui/pages/style.spec.ts:165:11 › Style System › Services Style › should have void background color 
    [mobile-chrome] › e2e/ui/pages/style.spec.ts:170:11 › Style System › Services Style › should have correct heading font 
    [mobile-chrome] › e2e/ui/pages/style.spec.ts:175:11 › Style System › Services Style › should have correct body font 
    [mobile-chrome] › e2e/ui/pages/style.spec.ts:180:11 › Style System › Services Style › should have correct code font 
    [mobile-chrome] › e2e/ui/pages/style.spec.ts:185:11 › Style System › Services Style › should have neon cyan accents 
    [mobile-chrome] › e2e/ui/pages/style.spec.ts:219:11 › Style System › Services Style › should have neon magenta accents 
    [mobile-chrome] › e2e/ui/pages/style.spec.ts:248:11 › Style System › Services Style › should have neon green accents 
    [mobile-chrome] › e2e/ui/pages/style.spec.ts:276:11 › Style System › Services Style › should have neon blue accents 
    [mobile-chrome] › e2e/ui/pages/style.spec.ts:306:15 › Style System › Services Style › Effects › should have scanlines effect applied 
    [mobile-chrome] › e2e/ui/pages/style.spec.ts:306:15 › Style System › Services Style › Effects › should have cyber-grid effect applied 
    [mobile-chrome] › e2e/ui/pages/style.spec.ts:306:15 › Style System › Services Style › Effects › should have neon-border effect applied 
    [mobile-chrome] › e2e/ui/pages/style.spec.ts:306:15 › Style System › Services Style › Effects › should have glow-cyan effect applied 
    [mobile-chrome] › e2e/ui/pages/style.spec.ts:306:15 › Style System › Services Style › Effects › should have dot-matrix effect applied 
    [mobile-chrome] › e2e/ui/pages/style.spec.ts:313:13 › Style System › Services Style › Hover States › should show neon cyan on hover for interactive elements 
    [mobile-chrome] › e2e/ui/pages/style.spec.ts:165:11 › Style System › Store Style › should have void background color 
    [mobile-chrome] › e2e/ui/pages/style.spec.ts:170:11 › Style System › Store Style › should have correct heading font 
    [mobile-chrome] › e2e/ui/pages/style.spec.ts:175:11 › Style System › Store Style › should have correct body font 
    [mobile-chrome] › e2e/ui/pages/style.spec.ts:180:11 › Style System › Store Style › should have correct code font 
    [mobile-chrome] › e2e/ui/pages/style.spec.ts:185:11 › Style System › Store Style › should have neon cyan accents 
    [mobile-chrome] › e2e/ui/pages/style.spec.ts:219:11 › Style System › Store Style › should have neon magenta accents 
    [mobile-chrome] › e2e/ui/pages/style.spec.ts:248:11 › Style System › Store Style › should have neon green accents 
    [mobile-chrome] › e2e/ui/pages/style.spec.ts:276:11 › Style System › Store Style › should have neon blue accents 
    [mobile-chrome] › e2e/ui/pages/style.spec.ts:306:15 › Style System › Store Style › Effects › should have scanlines effect applied 
    [mobile-chrome] › e2e/ui/pages/style.spec.ts:306:15 › Style System › Store Style › Effects › should have cyber-grid effect applied 
    [mobile-chrome] › e2e/ui/pages/style.spec.ts:306:15 › Style System › Store Style › Effects › should have neon-border effect applied 
    [mobile-chrome] › e2e/ui/pages/style.spec.ts:306:15 › Style System › Store Style › Effects › should have glow-cyan effect applied 
    [mobile-chrome] › e2e/ui/pages/style.spec.ts:306:15 › Style System › Store Style › Effects › should have dot-matrix effect applied 
    [mobile-chrome] › e2e/ui/pages/style.spec.ts:313:13 › Style System › Store Style › Hover States › should show neon cyan on hover for interactive elements 
    [mobile-chrome] › e2e/ui/pages/style.spec.ts:165:11 › Style System › Blog Style › should have void background color 
    [mobile-chrome] › e2e/ui/pages/style.spec.ts:170:11 › Style System › Blog Style › should have correct heading font 
    [mobile-chrome] › e2e/ui/pages/style.spec.ts:175:11 › Style System › Blog Style › should have correct body font 
    [mobile-chrome] › e2e/ui/pages/style.spec.ts:180:11 › Style System › Blog Style › should have correct code font 
    [mobile-chrome] › e2e/ui/pages/style.spec.ts:185:11 › Style System › Blog Style › should have neon cyan accents 
    [mobile-chrome] › e2e/ui/pages/style.spec.ts:219:11 › Style System › Blog Style › should have neon magenta accents 
    [mobile-chrome] › e2e/ui/pages/style.spec.ts:248:11 › Style System › Blog Style › should have neon green accents 
    [mobile-chrome] › e2e/ui/pages/style.spec.ts:276:11 › Style System › Blog Style › should have neon blue accents 
    [mobile-chrome] › e2e/ui/pages/style.spec.ts:306:15 › Style System › Blog Style › Effects › should have scanlines effect applied 
    [mobile-chrome] › e2e/ui/pages/style.spec.ts:306:15 › Style System › Blog Style › Effects › should have cyber-grid effect applied 
    [mobile-chrome] › e2e/ui/pages/style.spec.ts:306:15 › Style System › Blog Style › Effects › should have neon-border effect applied 
    [mobile-chrome] › e2e/ui/pages/style.spec.ts:306:15 › Style System › Blog Style › Effects › should have glow-cyan effect applied 
    [mobile-chrome] › e2e/ui/pages/style.spec.ts:306:15 › Style System › Blog Style › Effects › should have dot-matrix effect applied 
    [mobile-chrome] › e2e/ui/pages/style.spec.ts:313:13 › Style System › Blog Style › Hover States › should show neon cyan on hover for interactive elements 
    [mobile-chrome] › e2e/ui/pages/style.spec.ts:165:11 › Style System › Contact Style › should have void background color 
    [mobile-chrome] › e2e/ui/pages/style.spec.ts:170:11 › Style System › Contact Style › should have correct heading font 
    [mobile-chrome] › e2e/ui/pages/style.spec.ts:175:11 › Style System › Contact Style › should have correct body font 
    [mobile-chrome] › e2e/ui/pages/style.spec.ts:180:11 › Style System › Contact Style › should have correct code font 
    [mobile-chrome] › e2e/ui/pages/style.spec.ts:185:11 › Style System › Contact Style › should have neon cyan accents 
    [mobile-chrome] › e2e/ui/pages/style.spec.ts:219:11 › Style System › Contact Style › should have neon magenta accents 
    [mobile-chrome] › e2e/ui/pages/style.spec.ts:248:11 › Style System › Contact Style › should have neon green accents 
    [mobile-chrome] › e2e/ui/pages/style.spec.ts:276:11 › Style System › Contact Style › should have neon blue accents 
    [mobile-chrome] › e2e/ui/pages/style.spec.ts:306:15 › Style System › Contact Style › Effects › should have scanlines effect applied 
    [mobile-chrome] › e2e/ui/pages/style.spec.ts:306:15 › Style System › Contact Style › Effects › should have cyber-grid effect applied 
    [mobile-chrome] › e2e/ui/pages/style.spec.ts:306:15 › Style System › Contact Style › Effects › should have neon-border effect applied 
    [mobile-chrome] › e2e/ui/pages/style.spec.ts:306:15 › Style System › Contact Style › Effects › should have glow-cyan effect applied 
    [mobile-chrome] › e2e/ui/pages/style.spec.ts:306:15 › Style System › Contact Style › Effects › should have dot-matrix effect applied 
    [mobile-chrome] › e2e/ui/pages/style.spec.ts:313:13 › Style System › Contact Style › Hover States › should show neon cyan on hover for interactive elements 
  5 flaky
    [chromium] › e2e/journeys/admin-journey.spec.ts:124:7 › Admin User Journey › should allow admin to log out 
    [chromium] › e2e/migrated/integrations.spec.ts:47:7 › Store page › /en/store loads with 200 and renders content 
    [mobile-chrome] › e2e/coverage.spec.ts:32:9 › Coverage - Full Path Testing › All Public API Endpoints › POST all form endpoints 
    [mobile-chrome] › e2e/coverage.spec.ts:61:9 › Coverage - Full Path Testing › All Page Routes › all locale subdirectories 
    [mobile-chrome] › e2e/coverage.spec.ts:111:9 › Coverage - Full Path Testing › Authentication Flow Coverage › auth pages load without credentials 
  338 skipped
  381 did not run
  1762 passed (1.2h)
